Torch: 2.12.0+cu130
Using GPU:  NVIDIA L40S
[Bellman] lambda=0 -> baseline (no widening signal)
[Sib] OPTION5 sib_beta=2.0 signal=QR-DQN raw width vs SIBLINGS (boosts exploration toward wider/uncertain children; prior untouched)
[Value] SELF-CONSISTENT: leaf value = QR-DQN max_a mean Z(s,a) (SAC critics bypassed; prior still SAC policy)
/u/ibrahim.eisawy/Neural-Guided-Search/venv/lib/python3.10/site-packages/pymimir_rgnn/model.py:162: UserWarning: index_reduce() is in beta and the API may change at any time. (Triggered internally at /pytorch/aten/src/ATen/native/cuda/Indexing.cu:1541.)
  exps_max.index_reduce_(0, output_indices, output_messages, reduce="amax", include_self=False)
  [sim 500] root visits=500, unique states=998, generated=997, iqn_calls=362
  [sim 1000] root visits=1000, unique states=1659, generated=1658, iqn_calls=606
  [sim 1500] root visits=1500, unique states=2297, generated=2296, iqn_calls=860
  [sim 2000] root visits=2000, unique states=3205, generated=3204, iqn_calls=1166
  [sim 2344] found goal path of length 90
[Final] Expanded: 4072, Generated: 4072
[Cost] IQN forward calls (Bellman signal): 1475
[Widen] nodes widened: 0, mean w: 0.0000
[Sib] child-edges modulated: 6621, mean mult: 1.0001 (1.0 = no change; >1 = boosted toward wide)
[search done] simulations=2344, unique states generated=4072
Found a solution of length 90!
   1: (move f3-5f f2-5f)
   2: (move f2-5f f1-5f)
   3: (move f1-5f f0-5f)
   4: (move f0-5f f0-6f)
   5: (pickup f0-6f key1-1)
   6: (move f0-6f f0-5f)
   7: (move f0-5f f1-5f)
   8: (move f1-5f f2-5f)
   9: (move f2-5f f3-5f)
  10: (move f3-5f f4-5f)
  11: (move f4-5f f5-5f)
  12: (move f5-5f f6-5f)
  13: (move f6-5f f6-4f)
  14: (move f6-4f f7-4f)
  15: (pickup-and-loose f7-4f key0-2 key1-1)
  16: (move f7-4f f8-4f)
  17: (unlock f8-4f f8-5f key0-2 shape0)
  18: (move f8-4f f8-5f)
  19: (move f8-5f f8-6f)
  20: (move f8-6f f9-6f)
  21: (move f9-6f f9-7f)
  22: (move f9-7f f9-8f)
  23: (move f9-8f f8-8f)
  24: (move f8-8f f8-7f)
  25: (putdown f8-7f key0-2)
  26: (move f8-7f f8-6f)
  27: (move f8-6f f9-6f)
  28: (pickup f9-6f key1-0)
  29: (move f9-6f f9-7f)
  30: (move f9-7f f8-7f)
  31: (pickup-and-loose f8-7f key0-2 key1-0)
  32: (move f8-7f f8-8f)
  33: (move f8-8f f9-8f)
  34: (move f9-8f f9-7f)
  35: (move f9-7f f9-6f)
  36: (move f9-6f f8-6f)
  37: (move f8-6f f8-5f)
  38: (move f8-5f f7-5f)
  39: (move f7-5f f7-4f)
  40: (move f7-4f f8-4f)
  41: (move f8-4f f8-3f)
  42: (move f8-3f f8-2f)
  43: (move f8-2f f7-2f)
  44: (move f7-2f f6-2f)
  45: (move f6-2f f6-1f)
  46: (move f6-1f f5-1f)
  47: (move f5-1f f5-2f)
  48: (move f5-2f f5-3f)
  49: (move f5-3f f5-4f)
  50: (move f5-4f f5-5f)
  51: (move f5-5f f6-5f)
  52: (move f6-5f f6-6f)
  53: (move f6-6f f7-6f)
  54: (putdown f7-6f key0-2)
  55: (move f7-6f f7-5f)
  56: (move f7-5f f7-4f)
  57: (pickup f7-4f key1-1)
  58: (move f7-4f f7-5f)
  59: (move f7-5f f7-6f)
  60: (pickup-and-loose f7-6f key0-2 key1-1)
  61: (move f7-6f f6-6f)
  62: (move f6-6f f6-5f)
  63: (move f6-5f f5-5f)
  64: (move f5-5f f5-6f)
  65: (move f5-6f f5-7f)
  66: (unlock f5-7f f4-7f key0-2 shape0)
  67: (move f5-7f f6-7f)
  68: (move f6-7f f6-8f)
  69: (move f6-8f f7-8f)
  70: (move f7-8f f8-8f)
  71: (move f8-8f f9-8f)
  72: (move f9-8f f9-7f)
  73: (move f9-7f f8-7f)
  74: (move f8-7f f8-6f)
  75: (move f8-6f f7-6f)
  76: (move f7-6f f6-6f)
  77: (move f6-6f f6-5f)
  78: (move f6-5f f5-5f)
  79: (move f5-5f f5-6f)
  80: (move f5-6f f4-6f)
  81: (move f4-6f f4-5f)
  82: (move f4-5f f3-5f)
  83: (move f3-5f f3-4f)
  84: (move f3-4f f2-4f)
  85: (move f2-4f f1-4f)
  86: (move f1-4f f1-5f)
  87: (move f1-5f f0-5f)
  88: (move f0-5f f0-6f)
  89: (move f0-6f f0-7f)
  90: (putdown f0-7f key0-2)
