/u/ibrahim.eisawy/Neural-Guided-Search/venv/lib/python3.10/site-packages/pymimir_rgnn/model.py:151: UserWarning: index_reduce() is in beta and the API may change at any time. (Triggered internally at /pytorch/aten/src/ATen/native/cuda/Indexing.cu:1541.)
  max_msg.index_reduce_(0, output_indices, output_messages, reduce='amax', include_self=True)
Torch: 2.12.0+cu130
Using GPU:  NVIDIA L40S
27.141: (navigate rover0 waypoint14 waypoint5)
27.351: (navigate rover0 waypoint14 waypoint10)
27.455: (navigate rover0 waypoint14 waypoint3)
27.668: (calibrate rover0 camera0 objective4 waypoint14)
28.801: (navigate rover0 waypoint14 waypoint1)
25.722: (calibrate rover0 camera3 objective5 waypoint5)
25.782: (calibrate rover0 camera7 objective8 waypoint5)
25.919: (calibrate rover0 camera2 objective7 waypoint10)
25.922: (calibrate rover0 camera1 objective3 waypoint10)
25.949: (calibrate rover0 camera3 objective5 waypoint10)
24.784: (sample_rock rover0 rover0store waypoint5)
24.815: (sample_rock rover0 rover0store waypoint5)
24.965: (sample_rock rover0 rover0store waypoint10)
24.965: (sample_rock rover0 rover0store waypoint10)
25.014: (sample_rock rover0 rover0store waypoint10)
23.615: (drop rover0 rover0store)
23.644: (drop rover0 rover0store)
23.790: (drop rover0 rover0store)
23.791: (drop rover0 rover0store)
23.845: (drop rover0 rover0store)
22.970: (calibrate rover0 camera1 objective3 waypoint10)
22.970: (calibrate rover0 camera2 objective7 waypoint10)
23.013: (take_image rover0 waypoint10 objective7 camera1 colour)
23.013: (take_image rover0 waypoint10 objective7 camera3 colour)
23.013: (take_image rover0 waypoint10 objective7 camera2 colour)
21.764: (take_image rover0 waypoint10 objective3 camera1 colour)
21.776: (take_image rover0 waypoint10 objective3 camera2 colour)
22.033: (calibrate rover0 camera3 objective5 waypoint10)
22.104: (calibrate rover0 camera1 objective3 waypoint10)
22.104: (take_image rover0 waypoint10 objective7 camera2 colour)
20.766: (communicate_image_data rover0 general objective3 colour waypoint10 waypoint11)
20.776: (communicate_image_data rover0 general objective3 colour waypoint10 waypoint11)
20.996: (take_image rover0 waypoint10 objective7 camera1 low_res)
20.996: (take_image rover0 waypoint10 objective7 camera2 low_res)
20.997: (take_image rover0 waypoint10 objective3 camera1 low_res)
20.134: (communicate_rock_data rover0 general waypoint10 waypoint10 waypoint11)
20.136: (communicate_rock_data rover0 general waypoint10 waypoint10 waypoint11)
20.404: (communicate_rock_data rover0 general waypoint10 waypoint10 waypoint11)
20.404: (communicate_rock_data rover0 general waypoint10 waypoint10 waypoint11)
20.467: (navigate rover0 waypoint10 waypoint14)
19.273: (navigate rover0 waypoint14 waypoint5)
19.353: (navigate rover0 waypoint14 waypoint3)
19.478: (navigate rover0 waypoint10 waypoint14)
19.501: (navigate rover0 waypoint10 waypoint14)
19.502: (communicate_rock_data rover0 general waypoint10 waypoint14 waypoint11)
18.007: (navigate rover0 waypoint14 waypoint5)
18.115: (navigate rover0 waypoint14 waypoint3)
18.285: (navigate rover0 waypoint14 waypoint5)
18.297: (sample_rock rover0 rover0store waypoint5)
18.340: (sample_rock rover0 rover0store waypoint3)
17.126: (sample_rock rover0 rover0store waypoint5)
17.162: (sample_rock rover0 rover0store waypoint3)
17.269: (drop rover0 rover0store)
17.316: (drop rover0 rover0store)
17.346: (sample_rock rover0 rover0store waypoint5)
16.049: (drop rover0 rover0store)
16.098: (drop rover0 rover0store)
16.308: (drop rover0 rover0store)
16.804: (navigate rover0 waypoint3 waypoint14)
16.870: (navigate rover0 waypoint3 waypoint14)
14.781: (navigate rover0 waypoint14 waypoint5)
14.924: (navigate rover0 waypoint14 waypoint5)
15.739: (navigate rover0 waypoint3 waypoint14)
15.739: (drop rover0 rover0store)
15.849: (communicate_rock_data rover0 general waypoint10 waypoint14 waypoint11)
13.733: (drop rover0 rover0store)
13.733: (navigate rover0 waypoint14 waypoint5)
13.966: (navigate rover0 waypoint14 waypoint5)
14.041: (sample_rock rover0 rover0store waypoint5)
14.723: (calibrate rover0 camera3 objective5 waypoint5)
12.919: (sample_rock rover0 rover0store waypoint5)
13.036: (drop rover0 rover0store)
13.107: (sample_rock rover0 rover0store waypoint5)
13.664: (drop rover0 rover0store)
13.664: (calibrate rover0 camera3 objective5 waypoint5)
11.894: (drop rover0 rover0store)
12.096: (drop rover0 rover0store)
12.837: (sample_rock rover0 rover0store waypoint5)
12.837: (calibrate rover0 camera3 objective5 waypoint5)
12.849: (calibrate rover0 camera5 objective2 waypoint5)
11.813: (drop rover0 rover0store)
11.813: (calibrate rover0 camera3 objective5 waypoint5)
11.825: (calibrate rover0 camera5 objective2 waypoint5)
11.825: (drop rover0 rover0store)
11.834: (calibrate rover0 camera7 objective8 waypoint5)
11.787: (calibrate rover0 camera3 objective5 waypoint5)
11.788: (calibrate rover0 camera7 objective8 waypoint5)
11.791: (calibrate rover0 camera5 objective2 waypoint5)
11.791: (calibrate rover0 camera7 objective8 waypoint5)
11.793: (calibrate rover0 camera5 objective2 waypoint5)
11.767: (calibrate rover0 camera3 objective5 waypoint5)
11.767: (calibrate rover0 camera5 objective2 waypoint5)
11.767: (calibrate rover0 camera7 objective8 waypoint5)
11.791: (calibrate rover0 camera6 objective5 waypoint5)
11.793: (calibrate rover0 camera6 objective5 waypoint5)
11.772: (calibrate rover0 camera6 objective5 waypoint5)
11.772: (calibrate rover0 camera3 objective5 waypoint5)
11.772: (calibrate rover0 camera5 objective2 waypoint5)
11.785: (take_image rover0 waypoint5 objective5 camera3 colour)
11.787: (take_image rover0 waypoint5 objective8 camera7 colour)
11.770: (take_image rover0 waypoint5 objective8 camera6 high_res)
11.773: (take_image rover0 waypoint5 objective5 camera6 high_res)
11.779: (take_image rover0 waypoint5 objective2 camera6 high_res)
11.781: (calibrate rover0 camera6 objective5 waypoint5)
11.781: (take_image rover0 waypoint5 objective5 camera3 colour)
11.776: (calibrate rover0 camera6 objective5 waypoint5)
11.778: (calibrate rover0 camera6 objective5 waypoint5)
11.780: (take_image rover0 waypoint5 objective5 camera6 high_res)
11.780: (take_image rover0 waypoint5 objective5 camera3 colour)
11.783: (take_image rover0 waypoint5 objective5 camera3 colour)
11.776: (take_image rover0 waypoint5 objective8 camera6 high_res)
11.776: (take_image rover0 waypoint5 objective5 camera3 colour)
11.776: (take_image rover0 waypoint5 objective5 camera6 high_res)
11.776: (calibrate rover0 camera6 objective5 waypoint5)
11.780: (take_image rover0 waypoint5 objective5 camera3 colour)
11.781: (calibrate rover0 camera6 objective5 waypoint5)
11.783: (take_image rover0 waypoint5 objective8 camera6 high_res)
11.783: (take_image rover0 waypoint5 objective5 camera6 high_res)
11.783: (take_image rover0 waypoint5 objective5 camera3 colour)
11.788: (calibrate rover0 camera3 objective5 waypoint5)
11.780: (take_image rover0 waypoint5 objective5 camera3 colour)
11.780: (calibrate rover0 camera6 objective5 waypoint5)
11.780: (take_image rover0 waypoint5 objective8 camera3 high_res)
11.783: (take_image rover0 waypoint5 objective5 camera6 high_res)
11.786: (take_image rover0 waypoint5 objective8 camera6 high_res)
11.790: (take_image rover0 waypoint5 objective8 camera3 colour)
11.791: (calibrate rover0 camera6 objective5 waypoint5)
11.791: (take_image rover0 waypoint5 objective2 camera3 high_res)
11.791: (calibrate rover0 camera3 objective5 waypoint5)
11.791: (take_image rover0 waypoint5 objective8 camera3 colour)
11.786: (calibrate rover0 camera6 objective5 waypoint5)
11.787: (take_image rover0 waypoint5 objective8 camera3 colour)
11.787: (calibrate rover0 camera6 objective5 waypoint5)
11.788: (calibrate rover0 camera6 objective5 waypoint5)
11.792: (take_image rover0 waypoint5 objective2 camera3 high_res)
11.793: (take_image rover0 waypoint5 objective8 camera6 high_res)
11.794: (take_image rover0 waypoint5 objective5 camera6 high_res)
11.794: (take_image rover0 waypoint5 objective2 camera6 high_res)
11.794: (take_image rover0 waypoint5 objective8 camera6 high_res)
11.798: (take_image rover0 waypoint5 objective8 camera7 colour)
11.796: (calibrate rover0 camera3 objective5 waypoint5)
11.800: (take_image rover0 waypoint5 objective8 camera6 high_res)
11.800: (take_image rover0 waypoint5 objective5 camera6 high_res)
11.802: (calibrate rover0 camera3 objective5 waypoint5)
11.810: (take_image rover0 waypoint5 objective8 camera7 colour)
11.796: (take_image rover0 waypoint5 objective8 camera6 high_res)
11.796: (take_image rover0 waypoint5 objective5 camera6 high_res)
11.796: (calibrate rover0 camera3 objective5 waypoint5)
11.796: (calibrate rover0 camera3 objective5 waypoint5)
11.798: (calibrate rover0 camera6 objective5 waypoint5)
11.794: (calibrate rover0 camera7 objective8 waypoint5)
11.794: (calibrate rover0 camera7 objective8 waypoint5)
11.802: (calibrate rover0 camera6 objective5 waypoint5)
11.802: (calibrate rover0 camera3 objective5 waypoint5)
11.810: (take_image rover0 waypoint5 objective5 camera2 colour)
11.798: (calibrate rover0 camera6 objective5 waypoint5)
11.798: (calibrate rover0 camera6 objective5 waypoint5)
11.798: (calibrate rover0 camera7 objective8 waypoint5)
11.801: (take_image rover0 waypoint5 objective2 camera3 high_res)
11.802: (take_image rover0 waypoint5 objective2 camera3 high_res)
11.799: (take_image rover0 waypoint5 objective2 camera3 high_res)
11.799: (calibrate rover0 camera6 objective5 waypoint5)
11.799: (take_image rover0 waypoint5 objective2 camera3 high_res)
11.799: (calibrate rover0 camera6 objective5 waypoint5)
11.800: (take_image rover0 waypoint5 objective5 camera3 low_res)
11.802: (take_image rover0 waypoint5 objective8 camera6 high_res)
11.803: (take_image rover0 waypoint5 objective5 camera6 high_res)
11.809: (take_image rover0 waypoint5 objective5 camera2 low_res)
11.809: (take_image rover0 waypoint5 objective8 camera2 colour)
11.809: (take_image rover0 waypoint5 objective5 camera2 colour)
11.800: (calibrate rover0 camera6 objective5 waypoint5)
11.811: (take_image rover0 waypoint5 objective8 camera6 high_res)
11.811: (take_image rover0 waypoint5 objective5 camera2 low_res)
11.811: (take_image rover0 waypoint5 objective5 camera2 colour)
11.811: (take_image rover0 waypoint5 objective8 camera2 colour)
11.809: (calibrate rover0 camera6 objective5 waypoint5)
11.809: (take_image rover0 waypoint5 objective5 camera2 low_res)
11.809: (take_image rover0 waypoint5 objective8 camera2 colour)
11.809: (take_image rover0 waypoint5 objective5 camera2 colour)
11.811: (take_image rover0 waypoint5 objective8 camera2 low_res)
11.813: (take_image rover0 waypoint5 objective8 camera6 high_res)
11.813: (take_image rover0 waypoint5 objective5 camera6 high_res)
11.820: (take_image rover0 waypoint5 objective2 camera6 high_res)
11.823: (take_image rover0 waypoint5 objective2 camera6 high_res)
11.831: (take_image rover0 waypoint5 objective2 camera5 low_res)
11.819: (calibrate rover0 camera6 objective5 waypoint5)
11.821: (calibrate rover0 camera6 objective5 waypoint5)
11.823: (calibrate rover0 camera5 objective2 waypoint5)
11.828: (calibrate rover0 camera3 objective5 waypoint5)
11.834: (calibrate rover0 camera3 objective5 waypoint5)
11.815: (take_image rover0 waypoint5 objective5 camera7 colour)
11.815: (take_image rover0 waypoint5 objective8 camera7 colour)
11.815: (take_image rover0 waypoint5 objective5 camera7 low_res)
11.815: (take_image rover0 waypoint5 objective8 camera7 low_res)
11.820: (take_image rover0 waypoint5 objective2 camera7 colour)
11.811: (take_image rover0 waypoint5 objective8 camera6 high_res)
11.811: (take_image rover0 waypoint5 objective5 camera6 high_res)
11.811: (take_image rover0 waypoint5 objective2 camera6 high_res)
11.814: (take_image rover0 waypoint5 objective2 camera5 low_res)
11.819: (take_image rover0 waypoint5 objective5 camera5 low_res)
11.820: (calibrate rover0 camera6 objective5 waypoint5)
11.823: (calibrate rover0 camera6 objective5 waypoint5)
11.825: (calibrate rover0 camera7 objective8 waypoint5)
11.825: (calibrate rover0 camera7 objective8 waypoint5)
11.826: (calibrate rover0 camera6 objective5 waypoint5)
11.813: (take_image rover0 waypoint5 objective8 camera7 low_res)
11.813: (take_image rover0 waypoint5 objective8 camera7 low_res)
11.815: (take_image rover0 waypoint5 objective2 camera6 high_res)
11.822: (calibrate rover0 camera5 objective2 waypoint5)
11.826: (take_image rover0 waypoint5 objective2 camera6 high_res)
11.821: (calibrate rover0 camera6 objective5 waypoint5)
11.821: (calibrate rover0 camera6 objective5 waypoint5)
11.823: (calibrate rover0 camera6 objective5 waypoint5)
11.824: (take_image rover0 waypoint5 objective2 camera6 high_res)
11.824: (calibrate rover0 camera5 objective2 waypoint5)
11.832: (calibrate rover0 camera6 objective5 waypoint5)
11.835: (calibrate rover0 camera5 objective2 waypoint5)
11.835: (calibrate rover0 camera5 objective2 waypoint5)
11.835: (calibrate rover0 camera7 objective8 waypoint5)
11.835: (calibrate rover0 camera7 objective8 waypoint5)
11.827: (take_image rover0 waypoint5 objective2 camera6 high_res)
11.827: (take_image rover0 waypoint5 objective8 camera6 high_res)
11.827: (take_image rover0 waypoint5 objective5 camera6 high_res)
11.828: (take_image rover0 waypoint5 objective2 camera6 high_res)
11.828: (take_image rover0 waypoint5 objective5 camera6 high_res)
11.842: (calibrate rover0 camera7 objective8 waypoint5)
11.842: (calibrate rover0 camera7 objective8 waypoint5)
12.728: (take_image rover0 waypoint5 objective8 camera3 colour)
12.728: (take_image rover0 waypoint5 objective8 camera3 high_res)
12.728: (take_image rover0 waypoint5 objective8 camera3 low_res)
11.826: (take_image rover0 waypoint5 objective2 camera3 low_res)
11.826: (take_image rover0 waypoint5 objective2 camera3 high_res)
11.826: (take_image rover0 waypoint5 objective5 camera3 low_res)
11.826: (take_image rover0 waypoint5 objective8 camera3 low_res)
11.826: (take_image rover0 waypoint5 objective5 camera3 high_res)
11.824: (calibrate rover0 camera6 objective5 waypoint5)
11.838: (take_image rover0 waypoint5 objective5 camera5 high_res)
11.838: (take_image rover0 waypoint5 objective2 camera5 high_res)
11.838: (take_image rover0 waypoint5 objective8 camera5 low_res)
11.838: (take_image rover0 waypoint5 objective5 camera5 low_res)
11.828: (calibrate rover0 camera3 objective5 waypoint5)
11.832: (take_image rover0 waypoint5 objective8 camera5 low_res)
11.832: (take_image rover0 waypoint5 objective8 camera5 high_res)
11.832: (take_image rover0 waypoint5 objective5 camera5 low_res)
11.832: (take_image rover0 waypoint5 objective2 camera5 low_res)
12.846: (navigate rover0 waypoint5 waypoint14)
12.871: (navigate rover0 waypoint5 waypoint14)
13.591: (take_image rover0 waypoint5 objective8 camera7 colour)
13.591: (take_image rover0 waypoint5 objective8 camera7 low_res)
13.591: (take_image rover0 waypoint5 objective5 camera7 low_res)
10.797: (navigate rover0 waypoint14 waypoint1)
10.810: (navigate rover0 waypoint14 waypoint1)
11.866: (communicate_rock_data rover0 general waypoint3 waypoint14 waypoint11)
11.888: (communicate_rock_data rover0 general waypoint5 waypoint14 waypoint11)
11.891: (communicate_rock_data rover0 general waypoint3 waypoint14 waypoint11)
9.849: (navigate rover0 waypoint14 waypoint1)
9.862: (navigate rover0 waypoint14 waypoint1)
9.864: (navigate rover0 waypoint14 waypoint1)
10.301: (navigate rover0 waypoint1 waypoint6)
10.320: (navigate rover0 waypoint1 waypoint6)
9.340: (navigate rover0 waypoint1 waypoint6)
9.340: (communicate_rock_data rover0 general waypoint3 waypoint6 waypoint11)
9.359: (navigate rover0 waypoint1 waypoint6)
9.359: (communicate_rock_data rover0 general waypoint3 waypoint6 waypoint11)
9.408: (navigate rover0 waypoint1 waypoint6)
8.433: (communicate_rock_data rover0 general waypoint5 waypoint6 waypoint11)
8.433: (communicate_rock_data rover0 general waypoint3 waypoint6 waypoint11)
8.451: (communicate_rock_data rover0 general waypoint5 waypoint6 waypoint11)
8.681: (sample_rock rover0 rover0store waypoint6)
8.701: (sample_rock rover0 rover0store waypoint6)
7.674: (drop rover0 rover0store)
7.693: (drop rover0 rover0store)
7.820: (sample_rock rover0 rover0store waypoint6)
7.820: (communicate_rock_data rover0 general waypoint5 waypoint6 waypoint11)
7.842: (sample_rock rover0 rover0store waypoint6)
6.812: (communicate_rock_data rover0 general waypoint5 waypoint6 waypoint11)
6.813: (drop rover0 rover0store)
6.831: (drop rover0 rover0store)
6.831: (communicate_rock_data rover0 general waypoint5 waypoint6 waypoint11)
6.863: (communicate_rock_data rover0 general waypoint6 waypoint6 waypoint11)
5.908: (navigate rover0 waypoint6 waypoint1)
5.969: (navigate rover0 waypoint6 waypoint1)
5.981: (navigate rover0 waypoint6 waypoint1)
6.015: (communicate_rock_data rover0 general waypoint5 waypoint6 waypoint11)
6.015: (communicate_rock_data rover0 general waypoint6 waypoint6 waypoint11)
5.041: (navigate rover0 waypoint6 waypoint1)
5.133: (navigate rover0 waypoint1 waypoint12)
5.213: (navigate rover0 waypoint1 waypoint12)
5.233: (navigate rover0 waypoint1 waypoint12)
5.906: (take_image rover0 waypoint1 objective8 camera6 high_res)
4.076: (sample_rock rover0 rover0store waypoint12)
4.104: (sample_rock rover0 rover0store waypoint12)
4.126: (sample_rock rover0 rover0store waypoint12)
4.222: (communicate_rock_data rover0 general waypoint5 waypoint12 waypoint11)
4.222: (navigate rover0 waypoint1 waypoint12)
3.101: (communicate_rock_data rover0 general waypoint12 waypoint12 waypoint11)
3.105: (sample_rock rover0 rover0store waypoint12)
3.105: (communicate_rock_data rover0 general waypoint6 waypoint12 waypoint11)
3.105: (communicate_rock_data rover0 general waypoint5 waypoint12 waypoint11)
3.126: (communicate_rock_data rover0 general waypoint6 waypoint12 waypoint11)
2.190: (communicate_rock_data rover0 general waypoint12 waypoint12 waypoint11)
2.190: (communicate_rock_data rover0 general waypoint5 waypoint12 waypoint11)
2.210: (communicate_rock_data rover0 general waypoint12 waypoint12 waypoint11)
3.033: (take_image rover0 waypoint12 objective1 camera7 colour)
3.037: (take_image rover0 waypoint12 objective1 camera7 low_res)
2.119: (communicate_rock_data rover0 general waypoint12 waypoint12 waypoint11)
2.119: (take_image rover0 waypoint12 objective1 camera7 colour)
2.121: (take_image rover0 waypoint12 objective1 camera7 low_res)
2.122: (communicate_rock_data rover0 general waypoint12 waypoint12 waypoint11)
2.147: (take_image rover0 waypoint12 objective1 camera3 colour)
2.095: (drop rover0 rover0store)
2.099: (drop rover0 rover0store)
2.102: (calibrate rover0 camera2 objective7 waypoint12)
2.104: (calibrate rover0 camera2 objective7 waypoint12)
2.115: (communicate_image_data rover0 general objective2 high_res waypoint12 waypoint11)
2.082: (calibrate rover0 camera2 objective7 waypoint12)
2.082: (drop rover0 rover0store)
2.086: (drop rover0 rover0store)
2.086: (calibrate rover0 camera2 objective7 waypoint12)
2.091: (drop rover0 rover0store)
2.079: (communicate_image_data rover0 general objective5 colour waypoint12 waypoint11)
2.079: (communicate_image_data rover0 general objective1 colour waypoint12 waypoint11)
2.079: (calibrate rover0 camera2 objective7 waypoint12)
2.080: (communicate_image_data rover0 general objective2 high_res waypoint12 waypoint11)
2.080: (communicate_image_data rover0 general objective8 high_res waypoint12 waypoint11)
2.075: (communicate_image_data rover0 general objective1 colour waypoint12 waypoint11)
2.075: (communicate_image_data rover0 general objective5 colour waypoint12 waypoint11)
2.076: (communicate_image_data rover0 general objective5 colour waypoint12 waypoint11)
2.076: (communicate_image_data rover0 general objective2 high_res waypoint12 waypoint11)
2.076: (communicate_image_data rover0 general objective8 high_res waypoint12 waypoint11)
2.072: (communicate_image_data rover0 general objective1 colour waypoint12 waypoint11)
2.072: (communicate_image_data rover0 general objective2 high_res waypoint12 waypoint11)
2.073: (communicate_image_data rover0 general objective1 colour waypoint12 waypoint11)
2.073: (communicate_image_data rover0 general objective8 high_res waypoint12 waypoint11)
2.074: (communicate_image_data rover0 general objective5 high_res waypoint12 waypoint11)
2.072: (communicate_image_data rover0 general objective5 high_res waypoint12 waypoint11)
2.072: (communicate_image_data rover0 general objective8 high_res waypoint12 waypoint11)
2.072: (communicate_image_data rover0 general objective2 high_res waypoint12 waypoint11)
2.072: (communicate_image_data rover0 general objective8 high_res waypoint12 waypoint11)
2.072: (communicate_image_data rover0 general objective2 high_res waypoint12 waypoint11)
2.071: (communicate_image_data rover0 general objective5 high_res waypoint12 waypoint11)
2.071: (communicate_image_data rover0 general objective8 high_res waypoint12 waypoint11)
2.071: (communicate_image_data rover0 general objective2 high_res waypoint12 waypoint11)
2.071: (communicate_image_data rover0 general objective8 colour waypoint12 waypoint11)
2.072: (communicate_image_data rover0 general objective8 colour waypoint12 waypoint11)
2.071: (calibrate rover0 camera1 objective3 waypoint12)
2.071: (communicate_image_data rover0 general objective8 colour waypoint12 waypoint11)
2.071: (communicate_image_data rover0 general objective5 high_res waypoint12 waypoint11)
2.072: (calibrate rover0 camera1 objective3 waypoint12)
2.072: (communicate_image_data rover0 general objective8 high_res waypoint12 waypoint11)
2.050: (take_image rover0 waypoint12 objective1 camera3 high_res)
2.051: (take_image rover0 waypoint12 objective1 camera3 high_res)
2.053: (take_image rover0 waypoint12 objective3 camera3 colour)
2.053: (take_image rover0 waypoint12 objective1 camera3 colour)
2.053: (take_image rover0 waypoint12 objective3 camera3 colour)
2.050: (communicate_image_data rover0 general objective8 colour waypoint12 waypoint11)
2.050: (communicate_image_data rover0 general objective8 high_res waypoint12 waypoint11)
2.051: (communicate_image_data rover0 general objective2 colour waypoint12 waypoint11)
2.052: (communicate_image_data rover0 general objective1 high_res waypoint12 waypoint11)
2.052: (communicate_image_data rover0 general objective2 colour waypoint12 waypoint11)
2.052: (communicate_image_data rover0 general objective8 colour waypoint12 waypoint11)
2.052: (communicate_image_data rover0 general objective1 high_res waypoint12 waypoint11)
2.052: (communicate_image_data rover0 general objective8 colour waypoint12 waypoint11)
2.052: (communicate_image_data rover0 general objective2 colour waypoint12 waypoint11)
2.053: (communicate_image_data rover0 general objective2 colour waypoint12 waypoint11)
2.054: (communicate_image_data rover0 general objective2 colour waypoint12 waypoint11)
2.054: (communicate_image_data rover0 general objective8 colour waypoint12 waypoint11)
2.054: (communicate_image_data rover0 general objective1 high_res waypoint12 waypoint11)
2.054: (communicate_image_data rover0 general objective5 low_res waypoint12 waypoint11)
2.055: (communicate_image_data rover0 general objective5 low_res waypoint12 waypoint11)
2.052: (communicate_image_data rover0 general objective2 low_res waypoint12 waypoint11)
2.053: (communicate_image_data rover0 general objective8 low_res waypoint12 waypoint11)
2.053: (communicate_image_data rover0 general objective8 low_res waypoint12 waypoint11)
2.054: (communicate_image_data rover0 general objective2 low_res waypoint12 waypoint11)
2.056: (communicate_image_data rover0 general objective2 colour waypoint12 waypoint11)
2.050: (communicate_image_data rover0 general objective8 low_res waypoint12 waypoint11)
2.051: (communicate_image_data rover0 general objective2 low_res waypoint12 waypoint11)
2.052: (communicate_image_data rover0 general objective8 low_res waypoint12 waypoint11)
2.052: (communicate_image_data rover0 general objective2 low_res waypoint12 waypoint11)
2.054: (communicate_image_data rover0 general objective1 high_res waypoint12 waypoint11)
2.052: (communicate_image_data rover0 general objective1 high_res waypoint12 waypoint11)
2.052: (communicate_image_data rover0 general objective2 colour waypoint12 waypoint11)
2.052: (communicate_image_data rover0 general objective8 low_res waypoint12 waypoint11)
2.071: (take_image rover0 waypoint12 objective3 camera2 colour)
2.071: (take_image rover0 waypoint12 objective1 camera2 colour)
2.073: (take_image rover0 waypoint12 objective3 camera2 colour)
2.073: (take_image rover0 waypoint12 objective1 camera2 colour)
2.073: (communicate_image_data rover0 general objective1 high_res waypoint12 waypoint11)
2.079: (take_image rover0 waypoint12 objective1 camera2 low_res)
2.086: (take_image rover0 waypoint12 objective3 camera2 low_res)
2.058: (calibrate rover0 camera2 objective7 waypoint12)
2.068: (calibrate rover0 camera2 objective7 waypoint12)
2.075: (communicate_image_data rover0 general objective1 low_res waypoint12 waypoint11)
2.086: (communicate_image_data rover0 general objective3 low_res waypoint12 waypoint11)
2.386: (navigate rover0 waypoint12 waypoint1)
2.056: (calibrate rover0 camera2 objective7 waypoint12)
2.056: (communicate_image_data rover0 general objective1 low_res waypoint12 waypoint11)
2.067: (calibrate rover0 camera2 objective7 waypoint12)
2.067: (communicate_image_data rover0 general objective3 low_res waypoint12 waypoint11)
2.091: (take_image rover0 waypoint12 objective1 camera2 low_res)
2.073: (calibrate rover0 camera2 objective7 waypoint12)
2.090: (take_image rover0 waypoint12 objective1 camera2 low_res)
2.091: (communicate_image_data rover0 general objective3 low_res waypoint12 waypoint11)
2.091: (communicate_image_data rover0 general objective1 low_res waypoint12 waypoint11)
2.091: (take_image rover0 waypoint12 objective3 camera2 low_res)
2.072: (communicate_image_data rover0 general objective3 low_res waypoint12 waypoint11)
2.072: (calibrate rover0 camera2 objective7 waypoint12)
2.074: (communicate_image_data rover0 general objective1 low_res waypoint12 waypoint11)
2.074: (calibrate rover0 camera2 objective7 waypoint12)
2.090: (communicate_image_data rover0 general objective1 low_res waypoint12 waypoint11)
2.073: (communicate_image_data rover0 general objective1 low_res waypoint12 waypoint11)
2.073: (communicate_image_data rover0 general objective3 low_res waypoint12 waypoint11)
2.073: (calibrate rover0 camera2 objective7 waypoint12)
2.114: (take_image rover0 waypoint12 objective3 camera1 low_res)
2.114: (take_image rover0 waypoint12 objective3 camera1 colour)
2.114: (communicate_image_data rover0 general objective1 low_res waypoint12 waypoint11)
2.114: (take_image rover0 waypoint12 objective3 camera1 colour)
2.114: (take_image rover0 waypoint12 objective1 camera1 low_res)
2.114: (take_image rover0 waypoint12 objective3 camera1 low_res)
2.114: (take_image rover0 waypoint12 objective1 camera1 colour)
2.405: (navigate rover0 waypoint12 waypoint1)
3.287: (take_image rover0 waypoint12 objective7 camera2 colour)
3.448: (take_image rover0 waypoint12 objective7 camera2 low_res)
3.962: (take_image rover0 waypoint12 objective3 camera2 low_res)
3.962: (take_image rover0 waypoint12 objective1 camera2 colour)
2.225: (calibrate rover0 camera1 objective3 waypoint12)
2.261: (navigate rover0 waypoint1 waypoint0)
2.263: (calibrate rover0 camera2 objective7 waypoint12)
2.311: (calibrate rover0 camera1 objective3 waypoint12)
2.367: (calibrate rover0 camera2 objective7 waypoint12)
1.451: (communicate_image_data rover0 general objective7 low_res waypoint12 waypoint11)
1.503: (communicate_image_data rover0 general objective7 low_res waypoint12 waypoint11)
1.510: (communicate_image_data rover0 general objective7 colour waypoint12 waypoint11)
1.560: (communicate_image_data rover0 general objective7 colour waypoint12 waypoint11)
1.598: (take_image rover0 waypoint12 objective7 camera1 low_res)
0.657: (take_image rover0 waypoint12 objective7 camera2 colour)
0.657: (take_image rover0 waypoint12 objective7 camera1 colour)
0.657: (communicate_image_data rover0 general objective7 low_res waypoint12 waypoint11)
0.792: (take_image rover0 waypoint12 objective7 camera2 low_res)
0.792: (take_image rover0 waypoint12 objective7 camera1 low_res)
-0.088: (communicate_image_data rover0 general objective7 low_res waypoint12 waypoint11)
[Final] Expanded: 317, Generated: 7452
Found a solution of length 89!
   1: (navigate rover0 waypoint14 waypoint10)
   2: (calibrate rover0 camera2 objective7 waypoint10)
   3: (sample_rock rover0 rover0store waypoint10)
   4: (drop rover0 rover0store)
   5: (calibrate rover0 camera1 objective3 waypoint10)
   6: (take_image rover0 waypoint10 objective3 camera1 colour)
   7: (communicate_image_data rover0 general objective3 colour waypoint10 waypoint11)
   8: (communicate_rock_data rover0 general waypoint10 waypoint10 waypoint11)
   9: (navigate rover0 waypoint10 waypoint14)
  10: (navigate rover0 waypoint14 waypoint3)
  11: (sample_rock rover0 rover0store waypoint3)
  12: (navigate rover0 waypoint3 waypoint14)
  13: (navigate rover0 waypoint14 waypoint5)
  14: (drop rover0 rover0store)
  15: (sample_rock rover0 rover0store waypoint5)
  16: (drop rover0 rover0store)
  17: (calibrate rover0 camera7 objective8 waypoint5)
  18: (calibrate rover0 camera5 objective2 waypoint5)
  19: (calibrate rover0 camera3 objective5 waypoint5)
  20: (calibrate rover0 camera6 objective5 waypoint5)
  21: (take_image rover0 waypoint5 objective5 camera6 high_res)
  22: (calibrate rover0 camera6 objective5 waypoint5)
  23: (take_image rover0 waypoint5 objective5 camera3 colour)
  24: (calibrate rover0 camera3 objective5 waypoint5)
  25: (take_image rover0 waypoint5 objective5 camera6 high_res)
  26: (take_image rover0 waypoint5 objective8 camera3 colour)
  27: (calibrate rover0 camera6 objective5 waypoint5)
  28: (take_image rover0 waypoint5 objective8 camera7 colour)
  29: (calibrate rover0 camera3 objective5 waypoint5)
  30: (take_image rover0 waypoint5 objective5 camera6 high_res)
  31: (calibrate rover0 camera7 objective8 waypoint5)
  32: (calibrate rover0 camera6 objective5 waypoint5)
  33: (take_image rover0 waypoint5 objective5 camera3 low_res)
  34: (take_image rover0 waypoint5 objective5 camera2 low_res)
  35: (take_image rover0 waypoint5 objective8 camera6 high_res)
  36: (calibrate rover0 camera6 objective5 waypoint5)
  37: (take_image rover0 waypoint5 objective2 camera5 low_res)
  38: (calibrate rover0 camera3 objective5 waypoint5)
  39: (take_image rover0 waypoint5 objective2 camera7 colour)
  40: (take_image rover0 waypoint5 objective2 camera6 high_res)
  41: (calibrate rover0 camera7 objective8 waypoint5)
  42: (take_image rover0 waypoint5 objective8 camera7 low_res)
  43: (calibrate rover0 camera6 objective5 waypoint5)
  44: (calibrate rover0 camera5 objective2 waypoint5)
  45: (take_image rover0 waypoint5 objective2 camera6 high_res)
  46: (calibrate rover0 camera7 objective8 waypoint5)
  47: (take_image rover0 waypoint5 objective2 camera3 low_res)
  48: (take_image rover0 waypoint5 objective5 camera5 high_res)
  49: (calibrate rover0 camera3 objective5 waypoint5)
  50: (navigate rover0 waypoint5 waypoint14)
  51: (communicate_rock_data rover0 general waypoint3 waypoint14 waypoint11)
  52: (navigate rover0 waypoint14 waypoint1)
  53: (navigate rover0 waypoint1 waypoint6)
  54: (communicate_rock_data rover0 general waypoint5 waypoint6 waypoint11)
  55: (sample_rock rover0 rover0store waypoint6)
  56: (drop rover0 rover0store)
  57: (navigate rover0 waypoint6 waypoint1)
  58: (navigate rover0 waypoint1 waypoint12)
  59: (sample_rock rover0 rover0store waypoint12)
  60: (communicate_rock_data rover0 general waypoint6 waypoint12 waypoint11)
  61: (take_image rover0 waypoint12 objective1 camera7 colour)
  62: (communicate_rock_data rover0 general waypoint12 waypoint12 waypoint11)
  63: (communicate_image_data rover0 general objective2 high_res waypoint12 waypoint11)
  64: (drop rover0 rover0store)
  65: (calibrate rover0 camera2 objective7 waypoint12)
  66: (communicate_image_data rover0 general objective5 colour waypoint12 waypoint11)
  67: (communicate_image_data rover0 general objective1 colour waypoint12 waypoint11)
  68: (communicate_image_data rover0 general objective8 high_res waypoint12 waypoint11)
  69: (communicate_image_data rover0 general objective5 high_res waypoint12 waypoint11)
  70: (calibrate rover0 camera1 objective3 waypoint12)
  71: (take_image rover0 waypoint12 objective1 camera3 high_res)
  72: (communicate_image_data rover0 general objective2 colour waypoint12 waypoint11)
  73: (communicate_image_data rover0 general objective8 colour waypoint12 waypoint11)
  74: (communicate_image_data rover0 general objective5 low_res waypoint12 waypoint11)
  75: (communicate_image_data rover0 general objective2 low_res waypoint12 waypoint11)
  76: (communicate_image_data rover0 general objective8 low_res waypoint12 waypoint11)
  77: (communicate_image_data rover0 general objective1 high_res waypoint12 waypoint11)
  78: (take_image rover0 waypoint12 objective3 camera2 low_res)
  79: (calibrate rover0 camera2 objective7 waypoint12)
  80: (take_image rover0 waypoint12 objective1 camera2 low_res)
  81: (calibrate rover0 camera2 objective7 waypoint12)
  82: (communicate_image_data rover0 general objective3 low_res waypoint12 waypoint11)
  83: (take_image rover0 waypoint12 objective3 camera1 low_res)
  84: (communicate_image_data rover0 general objective1 low_res waypoint12 waypoint11)
  85: (take_image rover0 waypoint12 objective7 camera2 colour)
  86: (calibrate rover0 camera2 objective7 waypoint12)
  87: (communicate_image_data rover0 general objective7 colour waypoint12 waypoint11)
  88: (take_image rover0 waypoint12 objective7 camera2 low_res)
  89: (communicate_image_data rover0 general objective7 low_res waypoint12 waypoint11)
