/u/ibrahim.eisawy/Neural-Guided-Search/venv/lib/python3.10/site-packages/pymimir_rgnn/model.py:151: UserWarning: index_reduce() is in beta and the API may change at any time. (Triggered internally at /pytorch/aten/src/ATen/native/cuda/Indexing.cu:1541.)
  max_msg.index_reduce_(0, output_indices, output_messages, reduce='amax', include_self=True)
Torch: 2.12.0+cu130
Using GPU:  NVIDIA L40S
37.790: (calibrate rover0 camera0 objective6 waypoint6)
37.804: (calibrate rover0 camera6 objective7 waypoint6)
37.817: (calibrate rover0 camera7 objective0 waypoint6)
37.989: (navigate rover0 waypoint6 waypoint9)
39.015: (calibrate rover0 camera2 objective6 waypoint6)
36.396: (take_image rover0 waypoint6 objective6 camera6 colour)
36.396: (take_image rover0 waypoint6 objective6 camera7 colour)
36.396: (take_image rover0 waypoint6 objective6 camera0 colour)
36.417: (take_image rover0 waypoint6 objective4 camera7 colour)
36.417: (take_image rover0 waypoint6 objective4 camera6 colour)
34.667: (calibrate rover0 camera0 objective6 waypoint6)
34.745: (calibrate rover0 camera7 objective0 waypoint6)
35.254: (calibrate rover0 camera6 objective7 waypoint6)
35.259: (navigate rover0 waypoint6 waypoint4)
35.353: (communicate_image_data rover0 general objective4 colour waypoint6 waypoint9)
33.636: (navigate rover0 waypoint6 waypoint4)
33.668: (navigate rover0 waypoint6 waypoint4)
33.775: (take_image rover0 waypoint6 objective4 camera6 low_res)
33.923: (sample_rock rover0 rover0store waypoint4)
33.973: (navigate rover0 waypoint6 waypoint9)
32.054: (calibrate rover0 camera6 objective7 waypoint6)
32.193: (sample_rock rover0 rover0store waypoint4)
32.235: (sample_rock rover0 rover0store waypoint4)
32.315: (calibrate rover0 camera7 objective0 waypoint6)
32.381: (calibrate rover0 camera0 objective6 waypoint6)
30.594: (communicate_image_data rover0 general objective4 low_res waypoint6 waypoint9)
30.713: (communicate_image_data rover0 general objective4 low_res waypoint6 waypoint9)
30.737: (communicate_image_data rover0 general objective4 low_res waypoint6 waypoint9)
31.102: (navigate rover0 waypoint6 waypoint4)
31.132: (drop rover0 rover0store)
29.552: (navigate rover0 waypoint6 waypoint4)
29.650: (sample_rock rover0 rover0store waypoint4)
29.719: (navigate rover0 waypoint6 waypoint4)
29.719: (communicate_image_data rover0 general objective4 low_res waypoint4 waypoint9)
29.762: (navigate rover0 waypoint6 waypoint4)
28.110: (sample_rock rover0 rover0store waypoint4)
28.277: (sample_rock rover0 rover0store waypoint4)
28.277: (communicate_image_data rover0 general objective4 low_res waypoint4 waypoint9)
28.333: (sample_rock rover0 rover0store waypoint4)
28.617: (drop rover0 rover0store)
27.051: (drop rover0 rover0store)
27.214: (drop rover0 rover0store)
27.215: (communicate_image_data rover0 general objective4 low_res waypoint4 waypoint9)
27.270: (drop rover0 rover0store)
27.444: (communicate_rock_data rover0 general waypoint4 waypoint4 waypoint9)
26.368: (drop rover0 rover0store)
26.368: (communicate_rock_data rover0 general waypoint4 waypoint4 waypoint9)
26.531: (communicate_rock_data rover0 general waypoint4 waypoint4 waypoint9)
26.556: (calibrate rover0 camera6 objective7 waypoint4)
26.556: (calibrate rover0 camera7 objective0 waypoint4)
25.839: (navigate rover0 waypoint4 waypoint6)
25.866: (communicate_rock_data rover0 general waypoint4 waypoint4 waypoint9)
25.866: (calibrate rover0 camera6 objective7 waypoint4)
25.866: (calibrate rover0 camera7 objective0 waypoint4)
25.949: (navigate rover0 waypoint4 waypoint6)
24.677: (navigate rover0 waypoint6 waypoint9)
24.837: (navigate rover0 waypoint6 waypoint9)
24.852: (navigate rover0 waypoint6 waypoint0)
24.958: (navigate rover0 waypoint6 waypoint0)
25.204: (navigate rover0 waypoint6 waypoint1)
23.506: (sample_rock rover0 rover0store waypoint0)
23.616: (sample_rock rover0 rover0store waypoint0)
23.916: (navigate rover0 waypoint9 waypoint8)
24.009: (calibrate rover0 camera3 objective8 waypoint9)
24.026: (calibrate rover0 camera4 objective1 waypoint9)
22.481: (drop rover0 rover0store)
22.571: (sample_rock rover0 rover0store waypoint8)
22.593: (drop rover0 rover0store)
22.757: (take_image rover0 waypoint0 objective5 camera7 colour)
22.757: (take_image rover0 waypoint0 objective5 camera6 colour)
21.528: (drop rover0 rover0store)
21.606: (communicate_image_data rover0 general objective5 colour waypoint0 waypoint9)
21.672: (take_image rover0 waypoint0 objective5 camera6 colour)
21.672: (take_image rover0 waypoint0 objective5 camera7 colour)
21.672: (drop rover0 rover0store)
20.565: (drop rover0 rover0store)
20.565: (communicate_image_data rover0 general objective5 colour waypoint0 waypoint9)
20.628: (calibrate rover0 camera7 objective0 waypoint0)
20.694: (calibrate rover0 camera7 objective0 waypoint0)
20.918: (communicate_rock_data rover0 general waypoint8 waypoint8 waypoint9)
19.604: (communicate_image_data rover0 general objective5 colour waypoint0 waypoint9)
19.604: (calibrate rover0 camera7 objective0 waypoint0)
19.604: (drop rover0 rover0store)
19.917: (communicate_rock_data rover0 general waypoint0 waypoint0 waypoint9)
20.035: (communicate_rock_data rover0 general waypoint0 waypoint0 waypoint9)
19.005: (communicate_rock_data rover0 general waypoint0 waypoint0 waypoint9)
19.005: (calibrate rover0 camera7 objective0 waypoint0)
19.005: (communicate_image_data rover0 general objective5 colour waypoint0 waypoint9)
19.133: (take_image rover0 waypoint0 objective0 camera7 colour)
19.281: (take_image rover0 waypoint0 objective4 camera7 colour)
18.157: (communicate_image_data rover0 general objective0 colour waypoint0 waypoint9)
18.276: (navigate rover0 waypoint0 waypoint5)
18.480: (communicate_rock_data rover0 general waypoint0 waypoint0 waypoint9)
18.480: (take_image rover0 waypoint0 objective0 camera7 colour)
18.552: (communicate_image_data rover0 general objective4 colour waypoint0 waypoint9)
17.077: (sample_rock rover0 rover0store waypoint5)
17.316: (communicate_rock_data rover0 general waypoint0 waypoint5 waypoint9)
17.422: (navigate rover0 waypoint0 waypoint5)
17.422: (communicate_image_data rover0 general objective4 colour waypoint5 waypoint9)
17.491: (communicate_image_data rover0 general objective0 colour waypoint0 waypoint9)
15.936: (drop rover0 rover0store)
16.111: (communicate_rock_data rover0 general waypoint0 waypoint5 waypoint9)
16.111: (sample_rock rover0 rover0store waypoint5)
16.307: (sample_rock rover0 rover0store waypoint5)
16.307: (communicate_image_data rover0 general objective4 colour waypoint5 waypoint9)
14.967: (communicate_rock_data rover0 general waypoint0 waypoint5 waypoint9)
14.967: (drop rover0 rover0store)
15.222: (communicate_rock_data rover0 general waypoint5 waypoint5 waypoint9)
15.286: (drop rover0 rover0store)
15.286: (communicate_image_data rover0 general objective4 colour waypoint5 waypoint9)
14.272: (communicate_image_data rover0 general objective4 colour waypoint5 waypoint9)
14.272: (communicate_rock_data rover0 general waypoint0 waypoint5 waypoint9)
14.277: (calibrate rover0 camera1 objective3 waypoint5)
14.280: (calibrate rover0 camera4 objective1 waypoint5)
14.385: (calibrate rover0 camera1 objective3 waypoint5)
13.279: (take_image rover0 waypoint5 objective0 camera1 high_res)
13.279: (take_image rover0 waypoint5 objective0 camera4 high_res)
13.377: (communicate_image_data rover0 general objective4 colour waypoint5 waypoint9)
13.377: (calibrate rover0 camera1 objective3 waypoint5)
13.377: (communicate_rock_data rover0 general waypoint0 waypoint5 waypoint9)
12.666: (communicate_rock_data rover0 general waypoint5 waypoint5 waypoint9)
12.732: (communicate_rock_data rover0 general waypoint5 waypoint5 waypoint9)
13.191: (calibrate rover0 camera7 objective0 waypoint5)
13.200: (calibrate rover0 camera0 objective6 waypoint5)
13.238: (calibrate rover0 camera1 objective3 waypoint5)
12.436: (communicate_image_data rover0 general objective4 colour waypoint5 waypoint9)
12.535: (calibrate rover0 camera7 objective0 waypoint5)
12.535: (communicate_rock_data rover0 general waypoint5 waypoint5 waypoint9)
12.544: (communicate_rock_data rover0 general waypoint5 waypoint5 waypoint9)
12.544: (calibrate rover0 camera0 objective6 waypoint5)
11.755: (communicate_rock_data rover0 general waypoint5 waypoint5 waypoint9)
12.432: (calibrate rover0 camera4 objective1 waypoint5)
12.447: (take_image rover0 waypoint5 objective6 camera1 high_res)
12.452: (calibrate rover0 camera7 objective0 waypoint5)
12.471: (calibrate rover0 camera2 objective6 waypoint5)
11.747: (communicate_rock_data rover0 general waypoint5 waypoint5 waypoint9)
11.747: (calibrate rover0 camera4 objective1 waypoint5)
11.774: (calibrate rover0 camera7 objective0 waypoint5)
11.774: (communicate_rock_data rover0 general waypoint5 waypoint5 waypoint9)
11.780: (take_image rover0 waypoint5 objective6 camera1 high_res)
11.732: (calibrate rover0 camera7 objective0 waypoint5)
11.732: (take_image rover0 waypoint5 objective6 camera1 high_res)
11.734: (take_image rover0 waypoint5 objective10 camera1 high_res)
11.734: (take_image rover0 waypoint5 objective10 camera4 high_res)
11.735: (take_image rover0 waypoint5 objective10 camera1 colour)
10.901: (communicate_image_data rover0 general objective6 high_res waypoint5 waypoint9)
11.669: (communicate_image_data rover0 general objective6 colour waypoint5 waypoint9)
11.681: (communicate_image_data rover0 general objective0 high_res waypoint5 waypoint9)
11.727: (calibrate rover0 camera4 objective1 waypoint5)
11.727: (calibrate rover0 camera1 objective3 waypoint5)
10.130: (take_image rover0 waypoint5 objective0 camera7 colour)
10.897: (communicate_image_data rover0 general objective0 high_res waypoint5 waypoint9)
10.897: (communicate_image_data rover0 general objective6 high_res waypoint5 waypoint9)
10.899: (calibrate rover0 camera2 objective6 waypoint5)
10.899: (communicate_image_data rover0 general objective6 high_res waypoint5 waypoint9)
9.417: (communicate_image_data rover0 general objective0 colour waypoint5 waypoint9)
10.110: (calibrate rover0 camera4 objective1 waypoint5)
10.110: (calibrate rover0 camera1 objective3 waypoint5)
10.111: (communicate_image_data rover0 general objective6 colour waypoint5 waypoint9)
10.112: (take_image rover0 waypoint5 objective0 camera7 colour)
9.396: (calibrate rover0 camera1 objective3 waypoint5)
9.396: (communicate_image_data rover0 general objective0 colour waypoint5 waypoint9)
9.397: (communicate_image_data rover0 general objective0 colour waypoint5 waypoint9)
9.398: (calibrate rover0 camera4 objective1 waypoint5)
9.409: (calibrate rover0 camera0 objective6 waypoint5)
9.384: (calibrate rover0 camera4 objective1 waypoint5)
9.384: (calibrate rover0 camera1 objective3 waypoint5)
9.393: (calibrate rover0 camera2 objective6 waypoint5)
9.394: (calibrate rover0 camera1 objective3 waypoint5)
9.394: (calibrate rover0 camera0 objective6 waypoint5)
9.381: (calibrate rover0 camera4 objective1 waypoint5)
9.381: (calibrate rover0 camera4 objective1 waypoint5)
9.381: (calibrate rover0 camera2 objective6 waypoint5)
9.382: (calibrate rover0 camera0 objective6 waypoint5)
9.382: (calibrate rover0 camera7 objective0 waypoint5)
9.376: (calibrate rover0 camera2 objective6 waypoint5)
9.376: (calibrate rover0 camera0 objective6 waypoint5)
9.379: (take_image rover0 waypoint5 objective0 camera2 low_res)
9.379: (take_image rover0 waypoint5 objective6 camera2 low_res)
9.379: (calibrate rover0 camera2 objective6 waypoint5)
9.376: (calibrate rover0 camera7 objective0 waypoint5)
9.376: (calibrate rover0 camera0 objective6 waypoint5)
9.376: (communicate_image_data rover0 general objective0 high_res waypoint5 waypoint9)
9.376: (communicate_image_data rover0 general objective6 colour waypoint5 waypoint9)
9.377: (take_image rover0 waypoint5 objective0 camera2 low_res)
9.372: (calibrate rover0 camera2 objective6 waypoint5)
9.374: (take_image rover0 waypoint5 objective10 camera7 colour)
9.376: (take_image rover0 waypoint5 objective6 camera2 low_res)
9.376: (communicate_image_data rover0 general objective6 colour waypoint5 waypoint9)
9.376: (communicate_image_data rover0 general objective6 colour waypoint5 waypoint9)
9.368: (communicate_image_data rover0 general objective10 colour waypoint5 waypoint9)
9.372: (communicate_image_data rover0 general objective0 low_res waypoint5 waypoint9)
9.372: (communicate_image_data rover0 general objective0 high_res waypoint5 waypoint9)
9.372: (communicate_image_data rover0 general objective6 colour waypoint5 waypoint9)
9.372: (calibrate rover0 camera7 objective0 waypoint5)
9.368: (calibrate rover0 camera7 objective0 waypoint5)
9.368: (communicate_image_data rover0 general objective6 colour waypoint5 waypoint9)
9.368: (communicate_image_data rover0 general objective0 high_res waypoint5 waypoint9)
9.370: (take_image rover0 waypoint5 objective0 camera2 low_res)
9.370: (take_image rover0 waypoint5 objective6 camera2 low_res)
9.365: (calibrate rover0 camera2 objective6 waypoint5)
9.366: (calibrate rover0 camera2 objective6 waypoint5)
9.368: (communicate_image_data rover0 general objective6 colour waypoint5 waypoint9)
9.368: (calibrate rover0 camera7 objective0 waypoint5)
9.368: (communicate_image_data rover0 general objective0 high_res waypoint5 waypoint9)
9.364: (communicate_image_data rover0 general objective0 low_res waypoint5 waypoint9)
9.364: (communicate_image_data rover0 general objective0 high_res waypoint5 waypoint9)
9.364: (calibrate rover0 camera2 objective6 waypoint5)
9.364: (communicate_image_data rover0 general objective6 colour waypoint5 waypoint9)
9.364: (communicate_image_data rover0 general objective0 high_res waypoint5 waypoint9)
9.364: (communicate_image_data rover0 general objective6 low_res waypoint5 waypoint9)
9.364: (calibrate rover0 camera7 objective0 waypoint5)
9.364: (communicate_image_data rover0 general objective6 colour waypoint5 waypoint9)
9.364: (calibrate rover0 camera7 objective0 waypoint5)
9.364: (communicate_image_data rover0 general objective6 colour waypoint5 waypoint9)
9.363: (communicate_image_data rover0 general objective0 low_res waypoint5 waypoint9)
9.364: (communicate_image_data rover0 general objective6 low_res waypoint5 waypoint9)
9.364: (calibrate rover0 camera7 objective0 waypoint5)
9.364: (communicate_image_data rover0 general objective6 colour waypoint5 waypoint9)
9.364: (take_image rover0 waypoint5 objective5 camera7 colour)
9.364: (communicate_image_data rover0 general objective0 high_res waypoint5 waypoint9)
9.365: (take_image rover0 waypoint5 objective0 camera7 colour)
9.365: (communicate_image_data rover0 general objective0 high_res waypoint5 waypoint9)
9.365: (take_image rover0 waypoint5 objective6 camera7 colour)
9.365: (take_image rover0 waypoint5 objective10 camera7 colour)
9.364: (take_image rover0 waypoint5 objective10 camera7 colour)
9.364: (take_image rover0 waypoint5 objective6 camera7 colour)
9.364: (take_image rover0 waypoint5 objective5 camera7 colour)
9.364: (take_image rover0 waypoint5 objective0 camera7 colour)
9.365: (communicate_image_data rover0 general objective0 high_res waypoint5 waypoint9)
9.369: (take_image rover0 waypoint5 objective0 camera2 low_res)
9.369: (take_image rover0 waypoint5 objective6 camera2 low_res)
9.369: (take_image rover0 waypoint5 objective6 camera2 low_res)
9.369: (take_image rover0 waypoint5 objective0 camera2 low_res)
9.370: (take_image rover0 waypoint5 objective10 camera0 colour)
9.364: (calibrate rover0 camera2 objective6 waypoint5)
9.364: (calibrate rover0 camera2 objective6 waypoint5)
9.368: (calibrate rover0 camera7 objective0 waypoint5)
9.368: (calibrate rover0 camera7 objective0 waypoint5)
9.368: (calibrate rover0 camera7 objective0 waypoint5)
9.364: (calibrate rover0 camera2 objective6 waypoint5)
9.364: (calibrate rover0 camera2 objective6 waypoint5)
9.364: (communicate_image_data rover0 general objective0 low_res waypoint5 waypoint9)
9.364: (calibrate rover0 camera7 objective0 waypoint5)
9.364: (communicate_image_data rover0 general objective6 low_res waypoint5 waypoint9)
9.364: (communicate_image_data rover0 general objective0 low_res waypoint5 waypoint9)
9.365: (communicate_image_data rover0 general objective6 low_res waypoint5 waypoint9)
9.365: (calibrate rover0 camera7 objective0 waypoint5)
9.368: (take_image rover0 waypoint5 objective3 camera7 colour)
9.368: (take_image rover0 waypoint5 objective0 camera0 colour)
9.368: (communicate_image_data rover0 general objective0 low_res waypoint5 waypoint9)
9.368: (take_image rover0 waypoint5 objective0 camera0 colour)
9.368: (take_image rover0 waypoint5 objective10 camera0 colour)
9.368: (take_image rover0 waypoint5 objective5 camera0 colour)
9.368: (take_image rover0 waypoint5 objective6 camera0 colour)
9.370: (take_image rover0 waypoint5 objective6 camera2 low_res)
9.370: (take_image rover0 waypoint5 objective0 camera2 low_res)
9.370: (take_image rover0 waypoint5 objective5 camera7 colour)
9.370: (take_image rover0 waypoint5 objective0 camera7 colour)
9.370: (take_image rover0 waypoint5 objective6 camera7 colour)
9.368: (calibrate rover0 camera0 objective6 waypoint5)
9.372: (take_image rover0 waypoint5 objective0 camera2 low_res)
9.372: (take_image rover0 waypoint5 objective6 camera2 low_res)
9.372: (take_image rover0 waypoint5 objective0 camera7 colour)
9.372: (take_image rover0 waypoint5 objective5 camera7 colour)
9.369: (take_image rover0 waypoint5 objective0 camera7 colour)
9.369: (take_image rover0 waypoint5 objective5 camera7 colour)
9.370: (take_image rover0 waypoint5 objective10 camera7 colour)
9.370: (take_image rover0 waypoint5 objective6 camera7 colour)
9.370: (calibrate rover0 camera0 objective6 waypoint5)
9.376: (take_image rover0 waypoint5 objective3 camera0 colour)
9.377: (take_image rover0 waypoint5 objective1 camera0 colour)
9.382: (take_image rover0 waypoint5 objective6 camera4 high_res)
9.382: (take_image rover0 waypoint5 objective6 camera4 colour)
9.382: (take_image rover0 waypoint5 objective0 camera4 high_res)
9.374: (calibrate rover0 camera0 objective6 waypoint5)
9.374: (calibrate rover0 camera7 objective0 waypoint5)
9.374: (calibrate rover0 camera2 objective6 waypoint5)
9.375: (calibrate rover0 camera0 objective6 waypoint5)
9.376: (calibrate rover0 camera7 objective0 waypoint5)
9.368: (calibrate rover0 camera0 objective6 waypoint5)
9.368: (calibrate rover0 camera2 objective6 waypoint5)
9.370: (calibrate rover0 camera2 objective6 waypoint5)
9.372: (calibrate rover0 camera2 objective6 waypoint5)
9.372: (calibrate rover0 camera0 objective6 waypoint5)
9.368: (calibrate rover0 camera2 objective6 waypoint5)
9.368: (calibrate rover0 camera7 objective0 waypoint5)
9.368: (calibrate rover0 camera0 objective6 waypoint5)
9.370: (calibrate rover0 camera7 objective0 waypoint5)
9.371: (communicate_image_data rover0 general objective3 colour waypoint5 waypoint9)
9.371: (communicate_image_data rover0 general objective3 colour waypoint5 waypoint9)
9.371: (calibrate rover0 camera7 objective0 waypoint5)
9.371: (communicate_image_data rover0 general objective1 colour waypoint5 waypoint9)
9.373: (take_image rover0 waypoint5 objective3 camera2 low_res)
9.373: (take_image rover0 waypoint5 objective10 camera2 low_res)
9.369: (calibrate rover0 camera2 objective6 waypoint5)
9.370: (calibrate rover0 camera2 objective6 waypoint5)
9.371: (take_image rover0 waypoint5 objective0 camera7 colour)
9.371: (take_image rover0 waypoint5 objective1 camera7 colour)
9.371: (take_image rover0 waypoint5 objective6 camera7 colour)
9.369: (take_image rover0 waypoint5 objective6 camera7 colour)
9.369: (take_image rover0 waypoint5 objective10 camera7 colour)
9.369: (take_image rover0 waypoint5 objective0 camera7 colour)
9.369: (take_image rover0 waypoint5 objective3 camera7 colour)
9.369: (take_image rover0 waypoint5 objective5 camera7 colour)
9.371: (communicate_image_data rover0 general objective3 colour waypoint5 waypoint9)
9.371: (communicate_image_data rover0 general objective3 low_res waypoint5 waypoint9)
9.374: (take_image rover0 waypoint5 objective6 camera2 low_res)
9.374: (take_image rover0 waypoint5 objective0 camera2 low_res)
9.374: (take_image rover0 waypoint5 objective3 camera2 low_res)
9.371: (calibrate rover0 camera7 objective0 waypoint5)
9.371: (calibrate rover0 camera7 objective0 waypoint5)
9.371: (communicate_image_data rover0 general objective3 colour waypoint5 waypoint9)
9.371: (communicate_image_data rover0 general objective3 low_res waypoint5 waypoint9)
9.376: (take_image rover0 waypoint5 objective5 camera0 colour)
9.371: (communicate_image_data rover0 general objective3 low_res waypoint5 waypoint9)
9.371: (calibrate rover0 camera7 objective0 waypoint5)
9.371: (communicate_image_data rover0 general objective3 colour waypoint5 waypoint9)
9.373: (calibrate rover0 camera7 objective0 waypoint5)
9.375: (take_image rover0 waypoint5 objective0 camera2 low_res)
9.373: (calibrate rover0 camera2 objective6 waypoint5)
9.374: (communicate_image_data rover0 general objective3 colour waypoint5 waypoint9)
9.375: (take_image rover0 waypoint5 objective6 camera2 low_res)
9.375: (take_image rover0 waypoint5 objective3 camera2 low_res)
9.375: (take_image rover0 waypoint5 objective0 camera2 low_res)
9.375: (take_image rover0 waypoint5 objective0 camera7 colour)
9.375: (take_image rover0 waypoint5 objective5 camera7 colour)
9.375: (take_image rover0 waypoint5 objective3 camera7 colour)
9.375: (take_image rover0 waypoint5 objective10 camera2 low_res)
9.375: (take_image rover0 waypoint5 objective10 camera7 colour)
9.373: (calibrate rover0 camera0 objective6 waypoint5)
9.373: (calibrate rover0 camera2 objective6 waypoint5)
9.375: (communicate_image_data rover0 general objective10 low_res waypoint5 waypoint9)
9.377: (take_image rover0 waypoint5 objective10 camera7 colour)
9.377: (take_image rover0 waypoint5 objective6 camera7 colour)
9.370: (calibrate rover0 camera0 objective6 waypoint5)
9.370: (calibrate rover0 camera2 objective6 waypoint5)
9.373: (calibrate rover0 camera0 objective6 waypoint5)
9.373: (communicate_image_data rover0 general objective10 low_res waypoint5 waypoint9)
9.373: (communicate_image_data rover0 general objective10 low_res waypoint5 waypoint9)
9.370: (communicate_image_data rover0 general objective10 low_res waypoint5 waypoint9)
9.370: (calibrate rover0 camera2 objective6 waypoint5)
9.370: (calibrate rover0 camera0 objective6 waypoint5)
9.370: (take_image rover0 waypoint5 objective6 camera7 colour)
9.370: (take_image rover0 waypoint5 objective10 camera7 colour)
9.370: (communicate_image_data rover0 general objective10 low_res waypoint5 waypoint9)
9.370: (take_image rover0 waypoint5 objective10 camera7 colour)
9.370: (take_image rover0 waypoint5 objective6 camera7 colour)
9.370: (take_image rover0 waypoint5 objective0 camera7 colour)
9.370: (take_image rover0 waypoint5 objective3 camera7 colour)
9.372: (communicate_image_data rover0 general objective3 colour waypoint5 waypoint9)
9.372: (communicate_image_data rover0 general objective3 low_res waypoint5 waypoint9)
9.375: (take_image rover0 waypoint5 objective10 camera2 low_res)
9.375: (take_image rover0 waypoint5 objective6 camera2 low_res)
9.375: (take_image rover0 waypoint5 objective0 camera2 low_res)
9.372: (calibrate rover0 camera7 objective0 waypoint5)
9.372: (calibrate rover0 camera7 objective0 waypoint5)
9.372: (communicate_image_data rover0 general objective3 low_res waypoint5 waypoint9)
9.372: (communicate_image_data rover0 general objective3 colour waypoint5 waypoint9)
9.377: (take_image rover0 waypoint5 objective10 camera2 low_res)
9.372: (communicate_image_data rover0 general objective3 low_res waypoint5 waypoint9)
9.372: (calibrate rover0 camera7 objective0 waypoint5)
9.372: (communicate_image_data rover0 general objective3 colour waypoint5 waypoint9)
9.375: (calibrate rover0 camera7 objective0 waypoint5)
9.375: (take_image rover0 waypoint5 objective10 camera2 low_res)
9.375: (communicate_image_data rover0 general objective3 low_res waypoint5 waypoint9)
9.376: (take_image rover0 waypoint5 objective10 camera2 low_res)
9.376: (take_image rover0 waypoint5 objective6 camera2 low_res)
9.376: (take_image rover0 waypoint5 objective0 camera2 low_res)
9.376: (take_image rover0 waypoint5 objective3 camera2 low_res)
9.377: (take_image rover0 waypoint5 objective5 camera7 colour)
9.377: (take_image rover0 waypoint5 objective0 camera7 colour)
9.377: (take_image rover0 waypoint5 objective3 camera7 colour)
9.377: (take_image rover0 waypoint5 objective0 camera0 colour)
9.377: (take_image rover0 waypoint5 objective10 camera0 colour)
9.376: (calibrate rover0 camera2 objective6 waypoint5)
9.379: (take_image rover0 waypoint5 objective0 camera0 colour)
9.379: (take_image rover0 waypoint5 objective5 camera0 colour)
9.379: (take_image rover0 waypoint5 objective3 camera0 colour)
9.379: (take_image rover0 waypoint5 objective10 camera7 colour)
9.378: (take_image rover0 waypoint5 objective3 camera7 colour)
9.378: (take_image rover0 waypoint5 objective5 camera7 colour)
9.378: (take_image rover0 waypoint5 objective0 camera7 colour)
9.378: (calibrate rover0 camera2 objective6 waypoint5)
9.378: (take_image rover0 waypoint5 objective6 camera7 colour)
9.383: (take_image rover0 waypoint5 objective5 camera2 low_res)
9.385: (take_image rover0 waypoint5 objective1 camera2 low_res)
9.390: (take_image rover0 waypoint5 objective0 camera4 colour)
9.390: (take_image rover0 waypoint5 objective3 camera4 colour)
9.390: (take_image rover0 waypoint5 objective5 camera4 colour)
9.381: (calibrate rover0 camera0 objective6 waypoint5)
9.381: (calibrate rover0 camera7 objective0 waypoint5)
9.382: (calibrate rover0 camera2 objective6 waypoint5)
9.382: (communicate_image_data rover0 general objective5 low_res waypoint5 waypoint9)
9.383: (calibrate rover0 camera0 objective6 waypoint5)
9.376: (calibrate rover0 camera0 objective6 waypoint5)
9.376: (calibrate rover0 camera2 objective6 waypoint5)
9.378: (calibrate rover0 camera2 objective6 waypoint5)
9.379: (calibrate rover0 camera0 objective6 waypoint5)
9.379: (calibrate rover0 camera7 objective0 waypoint5)
9.375: (communicate_image_data rover0 general objective5 low_res waypoint5 waypoint9)
9.376: (calibrate rover0 camera7 objective0 waypoint5)
9.376: (calibrate rover0 camera2 objective6 waypoint5)
9.378: (calibrate rover0 camera7 objective0 waypoint5)
9.378: (communicate_image_data rover0 general objective5 low_res waypoint5 waypoint9)
9.375: (communicate_image_data rover0 general objective5 low_res waypoint5 waypoint9)
9.375: (calibrate rover0 camera2 objective6 waypoint5)
9.375: (calibrate rover0 camera7 objective0 waypoint5)
9.379: (take_image rover0 waypoint5 objective1 camera7 colour)
9.380: (communicate_image_data rover0 general objective1 low_res waypoint5 waypoint9)
9.378: (calibrate rover0 camera7 objective0 waypoint5)
9.379: (take_image rover0 waypoint5 objective10 camera0 colour)
9.379: (take_image rover0 waypoint5 objective6 camera0 colour)
9.379: (take_image rover0 waypoint5 objective5 camera0 colour)
9.379: (take_image rover0 waypoint5 objective3 camera0 colour)
9.380: (take_image rover0 waypoint5 objective10 camera2 low_res)
9.380: (take_image rover0 waypoint5 objective6 camera2 low_res)
9.380: (take_image rover0 waypoint5 objective3 camera2 low_res)
9.380: (take_image rover0 waypoint5 objective5 camera2 low_res)
9.380: (take_image rover0 waypoint5 objective0 camera2 low_res)
9.389: (take_image rover0 waypoint5 objective1 camera7 colour)
9.392: (take_image rover0 waypoint5 objective5 camera4 colour)
9.392: (take_image rover0 waypoint5 objective0 camera4 colour)
9.392: (take_image rover0 waypoint5 objective3 camera4 colour)
9.392: (take_image rover0 waypoint5 objective6 camera4 colour)
9.386: (calibrate rover0 camera0 objective6 waypoint5)
9.387: (calibrate rover0 camera7 objective0 waypoint5)
9.387: (calibrate rover0 camera2 objective6 waypoint5)
9.390: (communicate_image_data rover0 general objective1 colour waypoint5 waypoint9)
9.390: (calibrate rover0 camera0 objective6 waypoint5)
9.382: (calibrate rover0 camera0 objective6 waypoint5)
9.382: (calibrate rover0 camera2 objective6 waypoint5)
9.385: (calibrate rover0 camera7 objective0 waypoint5)
9.385: (calibrate rover0 camera0 objective6 waypoint5)
9.385: (calibrate rover0 camera2 objective6 waypoint5)
9.381: (calibrate rover0 camera2 objective6 waypoint5)
9.381: (calibrate rover0 camera7 objective0 waypoint5)
9.382: (calibrate rover0 camera0 objective6 waypoint5)
9.384: (communicate_image_data rover0 general objective1 colour waypoint5 waypoint9)
9.386: (take_image rover0 waypoint5 objective1 camera2 low_res)
9.381: (calibrate rover0 camera2 objective6 waypoint5)
9.383: (calibrate rover0 camera7 objective0 waypoint5)
9.383: (communicate_image_data rover0 general objective1 colour waypoint5 waypoint9)
9.385: (calibrate rover0 camera7 objective0 waypoint5)
9.385: (take_image rover0 waypoint5 objective1 camera2 low_res)
9.381: (calibrate rover0 camera7 objective0 waypoint5)
9.382: (calibrate rover0 camera2 objective6 waypoint5)
9.384: (communicate_image_data rover0 general objective1 colour waypoint5 waypoint9)
9.384: (communicate_image_data rover0 general objective1 low_res waypoint5 waypoint9)
9.387: (take_image rover0 waypoint5 objective1 camera2 low_res)
9.383: (calibrate rover0 camera7 objective0 waypoint5)
9.383: (calibrate rover0 camera2 objective6 waypoint5)
9.383: (communicate_image_data rover0 general objective1 colour waypoint5 waypoint9)
9.383: (communicate_image_data rover0 general objective1 low_res waypoint5 waypoint9)
9.383: (communicate_image_data rover0 general objective1 low_res waypoint5 waypoint9)
9.383: (communicate_image_data rover0 general objective1 low_res waypoint5 waypoint9)
9.384: (communicate_image_data rover0 general objective1 colour waypoint5 waypoint9)
9.384: (calibrate rover0 camera7 objective0 waypoint5)
9.387: (take_image rover0 waypoint5 objective10 camera2 low_res)
9.387: (take_image rover0 waypoint5 objective6 camera2 low_res)
9.386: (take_image rover0 waypoint5 objective10 camera2 low_res)
9.386: (take_image rover0 waypoint5 objective6 camera2 low_res)
9.386: (take_image rover0 waypoint5 objective5 camera2 low_res)
9.386: (take_image rover0 waypoint5 objective3 camera2 low_res)
9.386: (take_image rover0 waypoint5 objective1 camera2 low_res)
9.388: (take_image rover0 waypoint5 objective5 camera7 colour)
9.388: (take_image rover0 waypoint5 objective10 camera7 colour)
9.388: (take_image rover0 waypoint5 objective6 camera7 colour)
9.388: (take_image rover0 waypoint5 objective0 camera7 colour)
9.388: (take_image rover0 waypoint5 objective1 camera7 colour)
9.390: (take_image rover0 waypoint5 objective1 camera0 colour)
9.390: (take_image rover0 waypoint5 objective0 camera0 colour)
9.390: (take_image rover0 waypoint5 objective3 camera0 colour)
9.390: (take_image rover0 waypoint5 objective5 camera0 colour)
9.390: (take_image rover0 waypoint5 objective10 camera0 colour)
9.388: (calibrate rover0 camera7 objective0 waypoint5)
9.389: (calibrate rover0 camera2 objective6 waypoint5)
9.400: (take_image rover0 waypoint5 objective6 camera4 colour)
9.400: (take_image rover0 waypoint5 objective0 camera4 high_res)
9.400: (take_image rover0 waypoint5 objective10 camera4 colour)
9.387: (calibrate rover0 camera7 objective0 waypoint5)
9.387: (calibrate rover0 camera2 objective6 waypoint5)
9.397: (calibrate rover0 camera0 objective6 waypoint5)
9.397: (calibrate rover0 camera7 objective0 waypoint5)
9.397: (take_image rover0 waypoint5 objective5 camera4 colour)
9.392: (calibrate rover0 camera2 objective6 waypoint5)
9.396: (calibrate rover0 camera7 objective0 waypoint5)
9.396: (calibrate rover0 camera0 objective6 waypoint5)
9.396: (take_image rover0 waypoint5 objective5 camera4 colour)
9.396: (take_image rover0 waypoint5 objective0 camera4 colour)
9.390: (calibrate rover0 camera2 objective6 waypoint5)
9.390: (calibrate rover0 camera7 objective0 waypoint5)
9.391: (calibrate rover0 camera0 objective6 waypoint5)
9.398: (take_image rover0 waypoint5 objective6 camera7 colour)
9.398: (take_image rover0 waypoint5 objective10 camera7 colour)
9.405: (take_image rover0 waypoint5 objective0 camera1 high_res)
9.405: (take_image rover0 waypoint5 objective6 camera1 colour)
9.405: (take_image rover0 waypoint5 objective3 camera1 colour)
9.405: (take_image rover0 waypoint5 objective10 camera1 colour)
9.405: (take_image rover0 waypoint5 objective5 camera1 colour)
9.394: (calibrate rover0 camera4 objective1 waypoint5)
9.407: (take_image rover0 waypoint5 objective6 camera7 colour)
9.407: (take_image rover0 waypoint5 objective10 camera7 colour)
9.407: (take_image rover0 waypoint5 objective5 camera7 colour)
9.407: (take_image rover0 waypoint5 objective0 camera7 colour)
9.395: (take_image rover0 waypoint5 objective0 camera7 colour)
9.395: (take_image rover0 waypoint5 objective1 camera7 colour)
9.395: (take_image rover0 waypoint5 objective3 camera7 colour)
9.395: (take_image rover0 waypoint5 objective5 camera7 colour)
9.395: (take_image rover0 waypoint5 objective10 camera7 colour)
9.400: (take_image rover0 waypoint5 objective3 camera2 low_res)
9.400: (take_image rover0 waypoint5 objective5 camera2 low_res)
9.400: (take_image rover0 waypoint5 objective1 camera2 low_res)
9.400: (take_image rover0 waypoint5 objective0 camera2 low_res)
9.400: (take_image rover0 waypoint5 objective6 camera2 low_res)
9.399: (calibrate rover0 camera7 objective0 waypoint5)
9.403: (take_image rover0 waypoint5 objective1 camera0 colour)
9.403: (take_image rover0 waypoint5 objective3 camera0 colour)
9.403: (take_image rover0 waypoint5 objective0 camera0 colour)
9.403: (take_image rover0 waypoint5 objective5 camera0 colour)
9.400: (take_image rover0 waypoint5 objective0 camera0 colour)
9.400: (calibrate rover0 camera7 objective0 waypoint5)
9.400: (take_image rover0 waypoint5 objective10 camera0 colour)
9.400: (take_image rover0 waypoint5 objective6 camera0 colour)
9.400: (take_image rover0 waypoint5 objective5 camera0 colour)
9.399: (calibrate rover0 camera2 objective6 waypoint5)
9.413: (take_image rover0 waypoint5 objective6 camera4 high_res)
9.413: (take_image rover0 waypoint5 objective10 camera4 colour)
9.413: (take_image rover0 waypoint5 objective5 camera4 colour)
9.413: (take_image rover0 waypoint5 objective0 camera4 high_res)
9.401: (take_image rover0 waypoint5 objective6 camera7 colour)
9.401: (take_image rover0 waypoint5 objective10 camera7 colour)
9.401: (take_image rover0 waypoint5 objective1 camera7 colour)
9.401: (take_image rover0 waypoint5 objective3 camera7 colour)
9.401: (take_image rover0 waypoint5 objective5 camera7 colour)
9.415: (take_image rover0 waypoint5 objective0 camera4 colour)
9.415: (take_image rover0 waypoint5 objective1 camera4 colour)
9.415: (take_image rover0 waypoint5 objective3 camera4 colour)
9.415: (take_image rover0 waypoint5 objective6 camera4 colour)
9.415: (take_image rover0 waypoint5 objective5 camera4 colour)
9.411: (calibrate rover0 camera7 objective0 waypoint5)
9.421: (take_image rover0 waypoint5 objective10 camera2 low_res)
9.421: (take_image rover0 waypoint5 objective6 camera2 low_res)
9.421: (take_image rover0 waypoint5 objective3 camera2 low_res)
9.421: (take_image rover0 waypoint5 objective5 camera2 low_res)
9.413: (calibrate rover0 camera0 objective6 waypoint5)
9.491: (navigate rover0 waypoint5 waypoint0)
9.500: (navigate rover0 waypoint5 waypoint0)
inf: (communicate_image_data rover0 general objective5 colour waypoint5 waypoint9)
inf: (communicate_image_data rover0 general objective1 colour waypoint5 waypoint9)
9.411: (calibrate rover0 camera7 objective0 waypoint5)
9.493: (navigate rover0 waypoint5 waypoint0)
9.494: (take_image rover0 waypoint0 objective2 camera2 low_res)
9.495: (take_image rover0 waypoint0 objective2 camera7 colour)
9.496: (calibrate rover0 camera7 objective0 waypoint0)
9.417: (navigate rover0 waypoint0 waypoint5)
9.419: (navigate rover0 waypoint0 waypoint5)
9.490: (calibrate rover0 camera7 objective0 waypoint0)
9.490: (calibrate rover0 camera7 objective0 waypoint0)
9.490: (navigate rover0 waypoint5 waypoint0)
9.402: (calibrate rover0 camera1 objective3 waypoint5)
9.403: (calibrate rover0 camera1 objective3 waypoint5)
9.405: (calibrate rover0 camera4 objective1 waypoint5)
9.406: (calibrate rover0 camera4 objective1 waypoint5)
9.412: (calibrate rover0 camera0 objective6 waypoint5)
9.392: (calibrate rover0 camera1 objective3 waypoint5)
9.392: (calibrate rover0 camera4 objective1 waypoint5)
9.394: (calibrate rover0 camera1 objective3 waypoint5)
9.394: (calibrate rover0 camera4 objective1 waypoint5)
9.397: (calibrate rover0 camera1 objective3 waypoint5)
9.388: (calibrate rover0 camera0 objective6 waypoint5)
9.388: (calibrate rover0 camera4 objective1 waypoint5)
9.390: (calibrate rover0 camera0 objective6 waypoint5)
9.391: (communicate_image_data rover0 general objective2 low_res waypoint5 waypoint9)
9.391: (calibrate rover0 camera2 objective6 waypoint5)
9.387: (communicate_image_data rover0 general objective2 colour waypoint5 waypoint9)
9.387: (calibrate rover0 camera2 objective6 waypoint5)
9.388: (calibrate rover0 camera0 objective6 waypoint5)
9.388: (calibrate rover0 camera7 objective0 waypoint5)
9.389: (calibrate rover0 camera0 objective6 waypoint5)
9.386: (communicate_image_data rover0 general objective2 low_res waypoint5 waypoint9)
9.387: (calibrate rover0 camera2 objective6 waypoint5)
9.387: (communicate_image_data rover0 general objective2 colour waypoint5 waypoint9)
9.387: (calibrate rover0 camera7 objective0 waypoint5)
9.388: (take_image rover0 waypoint5 objective0 camera7 colour)
9.387: (take_image rover0 waypoint5 objective6 camera7 colour)
9.387: (take_image rover0 waypoint5 objective10 camera7 colour)
9.387: (take_image rover0 waypoint5 objective3 camera7 colour)
9.387: (take_image rover0 waypoint5 objective0 camera7 colour)
9.387: (take_image rover0 waypoint5 objective5 camera7 colour)
9.391: (take_image rover0 waypoint5 objective0 camera2 low_res)
9.391: (take_image rover0 waypoint5 objective3 camera2 low_res)
9.391: (take_image rover0 waypoint5 objective1 camera2 low_res)
9.391: (take_image rover0 waypoint5 objective5 camera2 low_res)
9.391: (take_image rover0 waypoint5 objective6 camera2 low_res)
9.393: (take_image rover0 waypoint5 objective10 camera0 colour)
9.393: (take_image rover0 waypoint5 objective6 camera0 colour)
9.393: (take_image rover0 waypoint5 objective0 camera0 colour)
9.393: (take_image rover0 waypoint5 objective5 camera0 colour)
9.393: (take_image rover0 waypoint5 objective1 camera0 colour)
9.393: (calibrate rover0 camera2 objective6 waypoint5)
9.403: (take_image rover0 waypoint5 objective6 camera4 colour)
9.403: (take_image rover0 waypoint5 objective10 camera4 colour)
9.403: (take_image rover0 waypoint5 objective6 camera4 high_res)
9.403: (take_image rover0 waypoint5 objective0 camera4 high_res)
9.391: (calibrate rover0 camera7 objective0 waypoint5)
9.401: (calibrate rover0 camera7 objective0 waypoint5)
9.401: (calibrate rover0 camera0 objective6 waypoint5)
9.402: (take_image rover0 waypoint5 objective0 camera4 high_res)
9.402: (take_image rover0 waypoint5 objective10 camera4 colour)
9.395: (calibrate rover0 camera0 objective6 waypoint5)
9.396: (calibrate rover0 camera2 objective6 waypoint5)
9.399: (calibrate rover0 camera7 objective0 waypoint5)
9.399: (calibrate rover0 camera0 objective6 waypoint5)
9.399: (calibrate rover0 camera2 objective6 waypoint5)
9.393: (calibrate rover0 camera0 objective6 waypoint5)
9.394: (calibrate rover0 camera7 objective0 waypoint5)
9.394: (calibrate rover0 camera2 objective6 waypoint5)
9.411: (take_image rover0 waypoint5 objective0 camera1 high_res)
9.411: (take_image rover0 waypoint5 objective0 camera1 colour)
9.399: (calibrate rover0 camera4 objective1 waypoint5)
9.409: (take_image rover0 waypoint5 objective1 camera1 colour)
9.409: (take_image rover0 waypoint5 objective0 camera1 colour)
9.409: (take_image rover0 waypoint5 objective3 camera1 colour)
9.409: (take_image rover0 waypoint5 objective10 camera1 colour)
9.397: (calibrate rover0 camera7 objective0 waypoint5)
9.397: (calibrate rover0 camera4 objective1 waypoint5)
9.404: (take_image rover0 waypoint5 objective1 camera2 low_res)
9.404: (take_image rover0 waypoint5 objective3 camera2 low_res)
9.404: (take_image rover0 waypoint5 objective5 camera2 low_res)
9.402: (take_image rover0 waypoint5 objective10 camera2 low_res)
9.402: (take_image rover0 waypoint5 objective6 camera2 low_res)
9.402: (take_image rover0 waypoint5 objective5 camera2 low_res)
9.402: (calibrate rover0 camera7 objective0 waypoint5)
9.402: (take_image rover0 waypoint5 objective1 camera2 low_res)
9.404: (take_image rover0 waypoint5 objective0 camera0 colour)
9.404: (take_image rover0 waypoint5 objective1 camera0 colour)
9.404: (take_image rover0 waypoint5 objective3 camera0 colour)
9.404: (take_image rover0 waypoint5 objective5 camera0 colour)
9.404: (take_image rover0 waypoint5 objective6 camera0 colour)
9.403: (calibrate rover0 camera2 objective6 waypoint5)
9.406: (take_image rover0 waypoint5 objective10 camera7 colour)
9.406: (take_image rover0 waypoint5 objective6 camera7 colour)
9.406: (take_image rover0 waypoint5 objective0 camera7 colour)
9.406: (take_image rover0 waypoint5 objective1 camera7 colour)
9.405: (calibrate rover0 camera2 objective6 waypoint5)
9.405: (take_image rover0 waypoint5 objective10 camera7 colour)
9.405: (take_image rover0 waypoint5 objective6 camera7 colour)
9.405: (take_image rover0 waypoint5 objective5 camera7 colour)
9.405: (take_image rover0 waypoint5 objective3 camera7 colour)
9.418: (take_image rover0 waypoint5 objective6 camera4 high_res)
9.418: (take_image rover0 waypoint5 objective1 camera4 colour)
9.418: (take_image rover0 waypoint5 objective0 camera4 high_res)
9.418: (take_image rover0 waypoint5 objective0 camera4 colour)
9.418: (take_image rover0 waypoint5 objective10 camera4 colour)
9.415: (calibrate rover0 camera7 objective0 waypoint5)
9.423: (take_image rover0 waypoint5 objective10 camera2 low_res)
9.423: (take_image rover0 waypoint5 objective1 camera2 low_res)
9.423: (take_image rover0 waypoint5 objective6 camera2 low_res)
9.423: (take_image rover0 waypoint5 objective5 camera2 low_res)
9.416: (take_image rover0 waypoint5 objective3 camera2 low_res)
9.416: (calibrate rover0 camera7 objective0 waypoint5)
9.416: (take_image rover0 waypoint5 objective6 camera2 low_res)
9.416: (take_image rover0 waypoint5 objective5 camera2 low_res)
9.416: (take_image rover0 waypoint5 objective1 camera2 low_res)
9.414: (calibrate rover0 camera0 objective6 waypoint5)
9.492: (navigate rover0 waypoint5 waypoint0)
inf: (communicate_image_data rover0 general objective3 colour waypoint5 waypoint9)
inf: (take_image rover0 waypoint5 objective6 camera7 colour)
inf: (take_image rover0 waypoint5 objective10 camera7 colour)
9.416: (take_image rover0 waypoint5 objective3 camera7 colour)
9.416: (take_image rover0 waypoint5 objective1 camera7 colour)
9.416: (take_image rover0 waypoint5 objective5 camera7 colour)
9.416: (take_image rover0 waypoint5 objective0 camera7 colour)
9.416: (take_image rover0 waypoint5 objective10 camera7 colour)
9.489: (navigate rover0 waypoint5 waypoint0)
inf: (communicate_image_data rover0 general objective6 low_res waypoint5 waypoint9)
inf: (take_image rover0 waypoint5 objective5 camera0 colour)
inf: (take_image rover0 waypoint5 objective6 camera0 colour)
inf: (take_image rover0 waypoint5 objective10 camera0 colour)
9.486: (calibrate rover0 camera7 objective0 waypoint0)
9.497: (take_image rover0 waypoint0 objective0 camera0 colour)
9.497: (take_image rover0 waypoint0 objective5 camera0 colour)
9.497: (take_image rover0 waypoint0 objective4 camera0 colour)
9.497: (take_image rover0 waypoint0 objective10 camera0 colour)
9.489: (take_image rover0 waypoint0 objective2 camera7 colour)
9.492: (take_image rover0 waypoint0 objective2 camera0 colour)
9.619: (navigate rover0 waypoint0 waypoint6)
9.640: (navigate rover0 waypoint0 waypoint6)
inf: (communicate_rock_data rover0 general waypoint5 waypoint0 waypoint9)
8.139: (navigate rover0 waypoint6 waypoint1)
8.171: (navigate rover0 waypoint6 waypoint1)
8.420: (navigate rover0 waypoint6 waypoint9)
8.433: (navigate rover0 waypoint6 waypoint9)
9.376: (navigate rover0 waypoint6 waypoint4)
6.660: (navigate rover0 waypoint1 waypoint7)
6.665: (navigate rover0 waypoint1 waypoint7)
7.106: (navigate rover0 waypoint9 waypoint8)
7.112: (navigate rover0 waypoint9 waypoint8)
8.138: (calibrate rover0 camera2 objective6 waypoint1)
5.738: (sample_rock rover0 rover0store waypoint7)
5.744: (sample_rock rover0 rover0store waypoint7)
5.983: (sample_rock rover0 rover0store waypoint8)
5.991: (sample_rock rover0 rover0store waypoint8)
6.652: (calibrate rover0 camera4 objective1 waypoint7)
4.733: (drop rover0 rover0store)
4.745: (drop rover0 rover0store)
4.994: (drop rover0 rover0store)
5.004: (drop rover0 rover0store)
5.182: (communicate_rock_data rover0 general waypoint8 waypoint8 waypoint9)
4.167: (drop rover0 rover0store)
4.168: (communicate_rock_data rover0 general waypoint8 waypoint8 waypoint9)
4.177: (communicate_rock_data rover0 general waypoint8 waypoint8 waypoint9)
4.721: (calibrate rover0 camera4 objective1 waypoint7)
4.725: (calibrate rover0 camera4 objective1 waypoint7)
4.162: (calibrate rover0 camera6 objective7 waypoint8)
4.167: (calibrate rover0 camera6 objective7 waypoint8)
4.169: (take_image rover0 waypoint8 objective10 camera7 colour)
4.169: (take_image rover0 waypoint8 objective2 camera7 colour)
4.172: (take_image rover0 waypoint8 objective10 camera0 colour)
4.163: (take_image rover0 waypoint8 objective10 camera7 colour)
4.164: (take_image rover0 waypoint8 objective2 camera7 colour)
4.164: (calibrate rover0 camera6 objective7 waypoint8)
4.164: (calibrate rover0 camera6 objective7 waypoint8)
4.166: (take_image rover0 waypoint8 objective10 camera0 colour)
4.164: (communicate_image_data rover0 general objective2 colour waypoint8 waypoint9)
4.167: (take_image rover0 waypoint8 objective2 camera0 colour)
4.167: (take_image rover0 waypoint8 objective2 camera0 colour)
4.167: (take_image rover0 waypoint8 objective10 camera0 colour)
4.167: (take_image rover0 waypoint8 objective2 camera7 colour)
4.167: (take_image rover0 waypoint8 objective2 camera0 colour)
4.167: (take_image rover0 waypoint8 objective10 camera0 colour)
4.167: (communicate_image_data rover0 general objective2 colour waypoint8 waypoint9)
4.169: (take_image rover0 waypoint8 objective10 camera6 low_res)
4.169: (take_image rover0 waypoint8 objective10 camera6 colour)
4.177: (take_image rover0 waypoint8 objective10 camera6 colour)
4.177: (take_image rover0 waypoint8 objective2 camera6 low_res)
4.177: (take_image rover0 waypoint8 objective2 camera6 colour)
4.177: (take_image rover0 waypoint8 objective10 camera0 colour)
4.177: (take_image rover0 waypoint8 objective2 camera0 colour)
4.636: (navigate rover0 waypoint8 waypoint9)
inf: (communicate_image_data rover0 general objective5 colour waypoint8 waypoint9)
inf: (communicate_image_data rover0 general objective2 colour waypoint8 waypoint9)
inf: (communicate_image_data rover0 general objective10 low_res waypoint8 waypoint9)
inf: (communicate_image_data rover0 general objective6 low_res waypoint8 waypoint9)
4.184: (navigate rover0 waypoint9 waypoint6)
4.614: (calibrate rover0 camera4 objective1 waypoint9)
4.614: (calibrate rover0 camera6 objective7 waypoint9)
4.623: (calibrate rover0 camera7 objective0 waypoint9)
4.626: (calibrate rover0 camera3 objective8 waypoint9)
3.066: (navigate rover0 waypoint6 waypoint1)
4.153: (navigate rover0 waypoint6 waypoint0)
4.161: (navigate rover0 waypoint9 waypoint8)
4.167: (navigate rover0 waypoint9 waypoint6)
4.167: (calibrate rover0 camera6 objective7 waypoint6)
2.240: (navigate rover0 waypoint1 waypoint7)
3.053: (calibrate rover0 camera7 objective0 waypoint1)
3.054: (navigate rover0 waypoint6 waypoint1)
3.055: (calibrate rover0 camera0 objective6 waypoint1)
3.058: (calibrate rover0 camera2 objective6 waypoint1)
0.963: (sample_rock rover0 rover0store waypoint7)
2.239: (calibrate rover0 camera4 objective1 waypoint7)
2.241: (navigate rover0 waypoint1 waypoint7)
2.241: (calibrate rover0 camera6 objective7 waypoint7)
2.248: (navigate rover0 waypoint1 waypoint7)
0.780: (navigate rover0 waypoint7 waypoint1)
0.929: (drop rover0 rover0store)
0.975: (calibrate rover0 camera6 objective7 waypoint7)
0.975: (sample_rock rover0 rover0store waypoint7)
0.975: (calibrate rover0 camera4 objective1 waypoint7)
-0.200: (communicate_rock_data rover0 general waypoint7 waypoint1 waypoint9)
[Final] Expanded: 466, Generated: 17722
Found a solution of length 155!
   1: (calibrate rover0 camera6 objective7 waypoint6)
   2: (take_image rover0 waypoint6 objective6 camera6 colour)
   3: (calibrate rover0 camera6 objective7 waypoint6)
   4: (take_image rover0 waypoint6 objective4 camera6 low_res)
   5: (calibrate rover0 camera6 objective7 waypoint6)
   6: (communicate_image_data rover0 general objective4 low_res waypoint6 waypoint9)
   7: (navigate rover0 waypoint6 waypoint4)
   8: (sample_rock rover0 rover0store waypoint4)
   9: (drop rover0 rover0store)
  10: (communicate_rock_data rover0 general waypoint4 waypoint4 waypoint9)
  11: (navigate rover0 waypoint4 waypoint6)
  12: (navigate rover0 waypoint6 waypoint0)
  13: (sample_rock rover0 rover0store waypoint0)
  14: (drop rover0 rover0store)
  15: (take_image rover0 waypoint0 objective5 camera6 colour)
  16: (calibrate rover0 camera7 objective0 waypoint0)
  17: (communicate_image_data rover0 general objective5 colour waypoint0 waypoint9)
  18: (take_image rover0 waypoint0 objective4 camera7 colour)
  19: (navigate rover0 waypoint0 waypoint5)
  20: (sample_rock rover0 rover0store waypoint5)
  21: (drop rover0 rover0store)
  22: (communicate_rock_data rover0 general waypoint0 waypoint5 waypoint9)
  23: (calibrate rover0 camera1 objective3 waypoint5)
  24: (take_image rover0 waypoint5 objective0 camera1 high_res)
  25: (calibrate rover0 camera1 objective3 waypoint5)
  26: (communicate_image_data rover0 general objective4 colour waypoint5 waypoint9)
  27: (communicate_rock_data rover0 general waypoint5 waypoint5 waypoint9)
  28: (take_image rover0 waypoint5 objective6 camera1 high_res)
  29: (calibrate rover0 camera7 objective0 waypoint5)
  30: (communicate_image_data rover0 general objective6 high_res waypoint5 waypoint9)
  31: (take_image rover0 waypoint5 objective0 camera7 colour)
  32: (communicate_image_data rover0 general objective0 colour waypoint5 waypoint9)
  33: (calibrate rover0 camera0 objective6 waypoint5)
  34: (calibrate rover0 camera1 objective3 waypoint5)
  35: (calibrate rover0 camera4 objective1 waypoint5)
  36: (calibrate rover0 camera2 objective6 waypoint5)
  37: (calibrate rover0 camera7 objective0 waypoint5)
  38: (take_image rover0 waypoint5 objective10 camera7 colour)
  39: (communicate_image_data rover0 general objective10 colour waypoint5 waypoint9)
  40: (take_image rover0 waypoint5 objective6 camera2 low_res)
  41: (calibrate rover0 camera7 objective0 waypoint5)
  42: (calibrate rover0 camera2 objective6 waypoint5)
  43: (communicate_image_data rover0 general objective6 colour waypoint5 waypoint9)
  44: (communicate_image_data rover0 general objective6 low_res waypoint5 waypoint9)
  45: (take_image rover0 waypoint5 objective0 camera7 colour)
  46: (communicate_image_data rover0 general objective0 high_res waypoint5 waypoint9)
  47: (take_image rover0 waypoint5 objective0 camera2 low_res)
  48: (calibrate rover0 camera7 objective0 waypoint5)
  49: (calibrate rover0 camera2 objective6 waypoint5)
  50: (take_image rover0 waypoint5 objective0 camera0 colour)
  51: (communicate_image_data rover0 general objective0 low_res waypoint5 waypoint9)
  52: (take_image rover0 waypoint5 objective6 camera2 low_res)
  53: (calibrate rover0 camera0 objective6 waypoint5)
  54: (take_image rover0 waypoint5 objective0 camera7 colour)
  55: (take_image rover0 waypoint5 objective3 camera0 colour)
  56: (calibrate rover0 camera7 objective0 waypoint5)
  57: (calibrate rover0 camera0 objective6 waypoint5)
  58: (calibrate rover0 camera2 objective6 waypoint5)
  59: (take_image rover0 waypoint5 objective3 camera2 low_res)
  60: (calibrate rover0 camera2 objective6 waypoint5)
  61: (take_image rover0 waypoint5 objective6 camera7 colour)
  62: (take_image rover0 waypoint5 objective6 camera2 low_res)
  63: (take_image rover0 waypoint5 objective5 camera0 colour)
  64: (calibrate rover0 camera7 objective0 waypoint5)
  65: (calibrate rover0 camera2 objective6 waypoint5)
  66: (take_image rover0 waypoint5 objective10 camera2 low_res)
  67: (calibrate rover0 camera2 objective6 waypoint5)
  68: (calibrate rover0 camera0 objective6 waypoint5)
  69: (take_image rover0 waypoint5 objective6 camera7 colour)
  70: (communicate_image_data rover0 general objective10 low_res waypoint5 waypoint9)
  71: (communicate_image_data rover0 general objective3 colour waypoint5 waypoint9)
  72: (calibrate rover0 camera7 objective0 waypoint5)
  73: (take_image rover0 waypoint5 objective10 camera2 low_res)
  74: (communicate_image_data rover0 general objective3 low_res waypoint5 waypoint9)
  75: (take_image rover0 waypoint5 objective0 camera0 colour)
  76: (calibrate rover0 camera2 objective6 waypoint5)
  77: (take_image rover0 waypoint5 objective3 camera7 colour)
  78: (take_image rover0 waypoint5 objective5 camera2 low_res)
  79: (calibrate rover0 camera2 objective6 waypoint5)
  80: (calibrate rover0 camera0 objective6 waypoint5)
  81: (calibrate rover0 camera7 objective0 waypoint5)
  82: (communicate_image_data rover0 general objective5 low_res waypoint5 waypoint9)
  83: (take_image rover0 waypoint5 objective10 camera0 colour)
  84: (take_image rover0 waypoint5 objective10 camera2 low_res)
  85: (take_image rover0 waypoint5 objective1 camera7 colour)
  86: (calibrate rover0 camera2 objective6 waypoint5)
  87: (calibrate rover0 camera0 objective6 waypoint5)
  88: (take_image rover0 waypoint5 objective1 camera2 low_res)
  89: (calibrate rover0 camera2 objective6 waypoint5)
  90: (communicate_image_data rover0 general objective1 colour waypoint5 waypoint9)
  91: (calibrate rover0 camera7 objective0 waypoint5)
  92: (communicate_image_data rover0 general objective1 low_res waypoint5 waypoint9)
  93: (take_image rover0 waypoint5 objective10 camera2 low_res)
  94: (take_image rover0 waypoint5 objective5 camera7 colour)
  95: (take_image rover0 waypoint5 objective1 camera0 colour)
  96: (take_image rover0 waypoint5 objective6 camera4 colour)
  97: (calibrate rover0 camera0 objective6 waypoint5)
  98: (calibrate rover0 camera7 objective0 waypoint5)
  99: (calibrate rover0 camera2 objective6 waypoint5)
 100: (take_image rover0 waypoint5 objective0 camera1 high_res)
 101: (calibrate rover0 camera4 objective1 waypoint5)
 102: (take_image rover0 waypoint5 objective0 camera7 colour)
 103: (take_image rover0 waypoint5 objective3 camera2 low_res)
 104: (calibrate rover0 camera7 objective0 waypoint5)
 105: (take_image rover0 waypoint5 objective0 camera0 colour)
 106: (calibrate rover0 camera2 objective6 waypoint5)
 107: (take_image rover0 waypoint5 objective6 camera7 colour)
 108: (take_image rover0 waypoint5 objective0 camera4 colour)
 109: (calibrate rover0 camera7 objective0 waypoint5)
 110: (navigate rover0 waypoint5 waypoint0)
 111: (take_image rover0 waypoint0 objective2 camera2 low_res)
 112: (navigate rover0 waypoint0 waypoint5)
 113: (calibrate rover0 camera4 objective1 waypoint5)
 114: (calibrate rover0 camera1 objective3 waypoint5)
 115: (calibrate rover0 camera0 objective6 waypoint5)
 116: (calibrate rover0 camera2 objective6 waypoint5)
 117: (communicate_image_data rover0 general objective2 low_res waypoint5 waypoint9)
 118: (take_image rover0 waypoint5 objective6 camera7 colour)
 119: (take_image rover0 waypoint5 objective0 camera2 low_res)
 120: (take_image rover0 waypoint5 objective10 camera0 colour)
 121: (calibrate rover0 camera2 objective6 waypoint5)
 122: (take_image rover0 waypoint5 objective0 camera4 high_res)
 123: (calibrate rover0 camera0 objective6 waypoint5)
 124: (take_image rover0 waypoint5 objective0 camera1 high_res)
 125: (calibrate rover0 camera4 objective1 waypoint5)
 126: (calibrate rover0 camera7 objective0 waypoint5)
 127: (take_image rover0 waypoint5 objective10 camera2 low_res)
 128: (take_image rover0 waypoint5 objective0 camera0 colour)
 129: (take_image rover0 waypoint5 objective10 camera7 colour)
 130: (calibrate rover0 camera2 objective6 waypoint5)
 131: (take_image rover0 waypoint5 objective6 camera4 high_res)
 132: (calibrate rover0 camera7 objective0 waypoint5)
 133: (take_image rover0 waypoint5 objective3 camera2 low_res)
 134: (calibrate rover0 camera0 objective6 waypoint5)
 135: (take_image rover0 waypoint5 objective3 camera7 colour)
 136: (navigate rover0 waypoint5 waypoint0)
 137: (calibrate rover0 camera7 objective0 waypoint0)
 138: (navigate rover0 waypoint0 waypoint6)
 139: (navigate rover0 waypoint6 waypoint9)
 140: (navigate rover0 waypoint9 waypoint8)
 141: (sample_rock rover0 rover0store waypoint8)
 142: (communicate_rock_data rover0 general waypoint8 waypoint8 waypoint9)
 143: (drop rover0 rover0store)
 144: (calibrate rover0 camera6 objective7 waypoint8)
 145: (take_image rover0 waypoint8 objective2 camera7 colour)
 146: (communicate_image_data rover0 general objective2 colour waypoint8 waypoint9)
 147: (take_image rover0 waypoint8 objective2 camera0 colour)
 148: (take_image rover0 waypoint8 objective10 camera6 colour)
 149: (navigate rover0 waypoint8 waypoint9)
 150: (navigate rover0 waypoint9 waypoint6)
 151: (navigate rover0 waypoint6 waypoint1)
 152: (navigate rover0 waypoint1 waypoint7)
 153: (sample_rock rover0 rover0store waypoint7)
 154: (navigate rover0 waypoint7 waypoint1)
 155: (communicate_rock_data rover0 general waypoint7 waypoint1 waypoint9)
