/u/ibrahim.eisawy/Neural-Guided-Search/venv/lib/python3.10/site-packages/pymimir_rgnn/model.py:151: UserWarning: index_reduce() is in beta and the API may change at any time. (Triggered internally at /pytorch/aten/src/ATen/native/cuda/Indexing.cu:1541.)
  max_msg.index_reduce_(0, output_indices, output_messages, reduce='amax', include_self=True)
Torch: 2.12.0+cu130
Using GPU:  NVIDIA L40S
8.226: (fly-airplane a0 l1-0 l0-0)
8.565: (drive-truck t0 l0-0 l0-1 c0)
10.008: (drive-truck t1 l1-0 l1-1 c1)
inf: (drive-truck t0 l0-0 l0-0 c0)
inf: (drive-truck t1 l1-0 l1-0 c1)
inf: (fly-airplane a0 l1-0 l1-0)
7.736: (load-truck p0 t0 l0-1)
7.747: (drive-truck t0 l0-0 l0-1 c0)
7.747: (fly-airplane a0 l1-0 l0-0)
7.952: (load-truck p2 t0 l0-1)
9.091: (drive-truck t1 l1-0 l1-1 c1)
9.091: (fly-airplane a0 l1-0 l0-0)
9.455: (drive-truck t0 l0-0 l0-1 c0)
9.455: (drive-truck t1 l1-0 l1-1 c1)
10.429: (load-truck p1 t1 l1-1)
inf: (drive-truck t1 l1-0 l1-0 c1)
inf: (fly-airplane a0 l0-0 l1-0)
inf: (fly-airplane a0 l1-0 l1-0)
inf: (drive-truck t0 l0-0 l0-0 c0)
inf: (fly-airplane a0 l0-0 l0-0)
inf: (drive-truck t0 l0-1 l0-0 c0)
inf: (drive-truck t0 l0-1 l0-1 c0)
inf: (drive-truck t0 l0-0 l0-0 c0)
inf: (drive-truck t1 l1-0 l1-0 c1)
inf: (fly-airplane a0 l1-0 l1-0)
inf: (drive-truck t1 l1-1 l1-0 c1)
inf: (drive-truck t1 l1-1 l1-1 c1)
3.821: (load-truck p0 t0 l0-1)
3.821: (load-truck p2 t0 l0-1)
6.798: (load-truck p0 t0 l0-1)
6.798: (fly-airplane a0 l1-0 l0-0)
6.978: (drive-truck t0 l0-1 l0-0 c0)
7.680: (drive-truck t0 l0-1 l0-0 c0)
7.966: (fly-airplane a0 l1-0 l0-0)
7.966: (load-truck p2 t0 l0-1)
8.504: (drive-truck t1 l1-0 l1-1 c1)
8.504: (load-truck p0 t0 l0-1)
8.614: (drive-truck t1 l1-0 l1-1 c1)
8.614: (fly-airplane a0 l1-0 l0-0)
8.614: (drive-truck t0 l0-0 l0-1 c0)
8.629: (drive-truck t1 l1-1 l1-0 c1)
8.838: (drive-truck t1 l1-0 l1-1 c1)
8.838: (load-truck p2 t0 l0-1)
9.462: (fly-airplane a0 l1-0 l0-0)
9.462: (load-truck p1 t1 l1-1)
9.852: (drive-truck t0 l0-0 l0-1 c0)
9.852: (load-truck p1 t1 l1-1)
inf: (unload-truck p1 t1 l1-1)
inf: (fly-airplane a0 l1-0 l1-0)
inf: (drive-truck t1 l1-0 l1-0 c1)
inf: (drive-truck t0 l0-1 l0-0 c0)
inf: (drive-truck t0 l0-1 l0-1 c0)
inf: (drive-truck t1 l1-1 l1-1 c1)
inf: (fly-airplane a0 l1-0 l1-0)
inf: (drive-truck t1 l1-1 l1-0 c1)
inf: (drive-truck t1 l1-1 l1-1 c1)
inf: (drive-truck t0 l0-0 l0-0 c0)
inf: (drive-truck t1 l1-0 l1-0 c1)
inf: (fly-airplane a0 l1-0 l1-0)
inf: (drive-truck t0 l0-1 l0-1 c0)
inf: (unload-truck p0 t0 l0-1)
inf: (drive-truck t1 l1-0 l1-0 c1)
inf: (fly-airplane a0 l0-0 l0-0)
inf: (fly-airplane a0 l0-0 l1-0)
inf: (drive-truck t0 l0-1 l0-0 c0)
inf: (drive-truck t0 l0-1 l0-1 c0)
inf: (drive-truck t1 l1-1 l1-1 c1)
3.823: (load-truck p0 t0 l0-1)
3.823: (load-truck p2 t0 l0-1)
3.823: (fly-airplane a0 l1-0 l0-0)
4.593: (drive-truck t1 l1-0 l1-1 c1)
4.593: (load-truck p2 t0 l0-1)
4.593: (load-truck p0 t0 l0-1)
5.137: (drive-truck t0 l0-1 l0-0 c0)
6.184: (load-truck p1 t1 l1-1)
6.184: (load-truck p0 t0 l0-1)
6.556: (drive-truck t0 l0-1 l0-0 c0)
6.556: (fly-airplane a0 l1-0 l0-0)
6.701: (drive-truck t0 l0-1 l0-0 c0)
6.701: (fly-airplane a0 l1-0 l0-0)
6.720: (unload-truck p0 t0 l0-0)
7.528: (fly-airplane a0 l1-0 l0-0)
7.528: (drive-truck t1 l1-0 l1-1 c1)
7.528: (load-truck p0 t0 l0-1)
7.858: (drive-truck t0 l0-1 l0-0 c0)
7.858: (drive-truck t1 l1-0 l1-1 c1)
7.932: (drive-truck t1 l1-1 l1-0 c1)
7.932: (fly-airplane a0 l1-0 l0-0)
7.983: (unload-truck p2 t0 l0-0)
8.078: (drive-truck t1 l1-1 l1-0 c1)
8.078: (drive-truck t0 l0-0 l0-1 c0)
8.452: (drive-truck t0 l0-1 l0-0 c0)
8.452: (drive-truck t1 l1-0 l1-1 c1)
8.828: (load-truck p2 t0 l0-1)
8.828: (drive-truck t1 l1-0 l1-1 c1)
8.828: (fly-airplane a0 l1-0 l0-0)
8.960: (load-truck p1 t1 l1-1)
8.960: (drive-truck t0 l0-0 l0-1 c0)
8.960: (fly-airplane a0 l1-0 l0-0)
9.244: (load-truck p1 t1 l1-1)
9.244: (load-truck p2 t0 l0-1)
9.607: (unload-truck p1 t1 l1-0)
inf: (fly-airplane a0 l1-0 l1-0)
inf: (drive-truck t1 l1-0 l1-1 c1)
inf: (drive-truck t1 l1-0 l1-0 c1)
inf: (fly-airplane a0 l1-0 l1-0)
inf: (drive-truck t0 l0-1 l0-0 c0)
2.944: (load-truck p0 t0 l0-1)
2.944: (load-truck p1 t1 l1-1)
2.944: (load-truck p2 t0 l0-1)
4.550: (load-truck p0 t0 l0-1)
4.550: (drive-truck t1 l1-0 l1-1 c1)
4.550: (load-truck p2 t0 l0-1)
4.550: (fly-airplane a0 l1-0 l0-0)
4.958: (drive-truck t0 l0-1 l0-0 c0)
4.958: (fly-airplane a0 l1-0 l0-0)
5.235: (load-truck p0 t0 l0-1)
5.235: (load-truck p1 t1 l1-1)
5.235: (fly-airplane a0 l1-0 l0-0)
5.817: (fly-airplane a0 l1-0 l0-0)
5.817: (unload-truck p0 t0 l0-0)
5.909: (drive-truck t1 l1-0 l1-1 c1)
5.909: (drive-truck t0 l0-1 l0-0 c0)
6.086: (unload-truck p2 t0 l0-0)
6.094: (unload-truck p0 t0 l0-0)
6.127: (drive-truck t0 l0-1 l0-0 c0)
6.127: (load-truck p1 t1 l1-1)
6.703: (drive-truck t0 l0-0 l0-1 c0)
7.361: (drive-truck t1 l1-1 l1-0 c1)
7.361: (load-truck p0 t0 l0-1)
7.410: (drive-truck t0 l0-1 l0-0 c0)
7.410: (fly-airplane a0 l1-0 l0-0)
7.410: (drive-truck t1 l1-0 l1-1 c1)
7.429: (fly-airplane a0 l1-0 l0-0)
7.429: (drive-truck t1 l1-0 l1-1 c1)
7.429: (drive-truck t0 l0-1 l0-0 c0)
7.450: (drive-truck t0 l0-0 l0-1 c0)
7.450: (fly-airplane a0 l1-0 l0-0)
7.450: (drive-truck t1 l1-1 l1-0 c1)
7.469: (load-truck p2 t0 l0-1)
7.469: (drive-truck t1 l1-1 l1-0 c1)
7.482: (fly-airplane a0 l1-0 l0-0)
7.482: (unload-truck p2 t0 l0-0)
7.606: (drive-truck t1 l1-0 l1-1 c1)
7.606: (unload-truck p0 t0 l0-0)
8.269: (drive-truck t0 l0-1 l0-0 c0)
8.269: (load-truck p1 t1 l1-1)
2.944: (fly-airplane a0 l1-0 l0-0)
2.944: (load-truck p2 t0 l0-1)
2.944: (load-truck p1 t1 l1-1)
3.983: (drive-truck t0 l0-1 l0-0 c0)
3.983: (load-truck p1 t1 l1-1)
4.000: (load-truck p2 t0 l0-1)
4.000: (load-truck p0 t0 l0-1)
4.000: (drive-truck t1 l1-1 l1-0 c1)
4.987: (load-truck p2 t0 l0-1)
4.987: (drive-truck t0 l0-0 l0-1 c0)
5.019: (load-airplane p0 a0 l0-0)
5.148: (drive-truck t0 l0-1 l0-0 c0)
5.148: (load-truck p1 t1 l1-1)
5.148: (fly-airplane a0 l1-0 l0-0)
5.686: (drive-truck t1 l1-0 l1-1 c1)
5.686: (fly-airplane a0 l1-0 l0-0)
5.686: (drive-truck t0 l0-1 l0-0 c0)
5.769: (drive-truck t0 l0-0 l0-1 c0)
5.769: (fly-airplane a0 l1-0 l0-0)
5.976: (fly-airplane a0 l1-0 l0-0)
5.976: (unload-truck p2 t0 l0-0)
5.984: (fly-airplane a0 l1-0 l0-0)
5.984: (unload-truck p0 t0 l0-0)
6.611: (load-truck p0 t0 l0-1)
6.611: (fly-airplane a0 l1-0 l0-0)
6.611: (drive-truck t1 l1-1 l1-0 c1)
6.679: (drive-truck t1 l1-0 l1-1 c1)
6.679: (unload-truck p0 t0 l0-0)
6.679: (fly-airplane a0 l1-0 l0-0)
6.856: (drive-truck t1 l1-0 l1-1 c1)
6.856: (unload-truck p2 t0 l0-0)
6.983: (unload-truck p0 t0 l0-0)
6.983: (drive-truck t1 l1-0 l1-1 c1)
6.996: (drive-truck t1 l1-1 l1-0 c1)
6.996: (drive-truck t0 l0-1 l0-0 c0)
7.024: (drive-truck t0 l0-0 l0-1 c0)
7.150: (drive-truck t0 l0-1 l0-0 c0)
7.150: (drive-truck t1 l1-1 l1-0 c1)
7.226: (unload-truck p0 t0 l0-0)
7.226: (unload-truck p2 t0 l0-0)
3.955: (fly-airplane a0 l0-0 l1-0)
3.977: (drive-truck t0 l0-1 l0-0 c0)
3.977: (fly-airplane a0 l1-0 l0-0)
3.977: (load-truck p1 t1 l1-1)
3.996: (drive-truck t1 l1-1 l1-0 c1)
3.996: (fly-airplane a0 l1-0 l0-0)
3.996: (load-truck p2 t0 l0-1)
4.940: (drive-truck t1 l1-1 l1-0 c1)
4.940: (drive-truck t0 l0-1 l0-0 c0)
4.965: (unload-truck p1 t1 l1-0)
4.986: (load-truck p2 t0 l0-1)
4.986: (drive-truck t0 l0-0 l0-1 c0)
4.986: (fly-airplane a0 l1-0 l0-0)
5.023: (load-airplane p0 a0 l0-0)
5.023: (drive-truck t0 l0-0 l0-1 c0)
5.055: (load-truck p1 t1 l1-1)
5.055: (unload-truck p2 t0 l0-0)
5.734: (drive-truck t1 l1-0 l1-1 c1)
5.734: (drive-truck t0 l0-0 l0-1 c0)
5.856: (drive-truck t1 l1-0 l1-1 c1)
5.856: (load-airplane p0 a0 l0-0)
6.186: (load-airplane p2 a0 l0-0)
6.223: (unload-truck p0 t0 l0-0)
6.313: (load-airplane p0 a0 l0-0)
6.614: (fly-airplane a0 l1-0 l0-0)
6.614: (drive-truck t1 l1-1 l1-0 c1)
6.614: (drive-truck t0 l0-1 l0-0 c0)
6.630: (drive-truck t0 l0-0 l0-1 c0)
6.630: (drive-truck t1 l1-0 l1-1 c1)
6.703: (fly-airplane a0 l1-0 l0-0)
6.703: (drive-truck t1 l1-0 l1-1 c1)
6.703: (unload-truck p2 t0 l0-0)
6.844: (drive-truck t1 l1-0 l1-1 c1)
6.844: (fly-airplane a0 l1-0 l0-0)
6.845: (unload-truck p0 t0 l0-0)
6.921: (fly-airplane a0 l1-0 l0-0)
7.000: (drive-truck t0 l0-0 l0-1 c0)
7.000: (fly-airplane a0 l1-0 l0-0)
7.051: (unload-truck p0 t0 l0-0)
7.051: (load-truck p1 t1 l1-1)
2.961: (unload-airplane p0 a0 l1-0)
3.952: (drive-truck t0 l0-0 l0-1 c0)
3.952: (fly-airplane a0 l0-0 l1-0)
4.943: (drive-truck t0 l0-1 l0-0 c0)
4.943: (drive-truck t1 l1-1 l1-0 c1)
4.943: (fly-airplane a0 l1-0 l0-0)
4.957: (fly-airplane a0 l1-0 l0-0)
4.957: (unload-truck p1 t1 l1-0)
4.963: (drive-truck t1 l1-0 l1-1 c1)
4.963: (fly-airplane a0 l0-0 l1-0)
4.987: (fly-airplane a0 l1-0 l0-0)
4.987: (unload-truck p2 t0 l0-0)
4.987: (load-truck p1 t1 l1-1)
5.715: (fly-airplane a0 l1-0 l0-0)
5.715: (unload-truck p0 t0 l0-0)
5.715: (drive-truck t1 l1-1 l1-0 c1)
5.715: (fly-airplane a0 l1-0 l0-0)
5.715: (drive-truck t0 l0-0 l0-1 c0)
5.715: (load-truck p2 t0 l0-1)
5.715: (drive-truck t1 l1-0 l1-1 c1)
5.860: (drive-truck t0 l0-0 l0-1 c0)
5.860: (drive-truck t1 l1-0 l1-1 c1)
5.860: (load-airplane p0 a0 l0-0)
5.921: (drive-truck t0 l0-1 l0-0 c0)
5.921: (unload-truck p1 t1 l1-0)
5.922: (fly-airplane a0 l0-0 l1-0)
5.922: (fly-airplane a0 l0-0 l1-0)
5.956: (load-airplane p1 a0 l1-0)
5.974: (drive-truck t0 l0-0 l0-1 c0)
5.974: (load-truck p2 t0 l0-1)
5.974: (load-airplane p0 a0 l0-0)
6.005: (drive-truck t0 l0-0 l0-1 c0)
6.007: (drive-truck t1 l1-0 l1-1 c1)
6.008: (unload-truck p0 t0 l0-0)
6.031: (unload-truck p2 t0 l0-0)
6.031: (drive-truck t1 l1-1 l1-0 c1)
6.213: (drive-truck t0 l0-0 l0-1 c0)
6.320: (load-truck p1 t1 l1-1)
6.710: (load-truck p1 t1 l1-1)
6.711: (load-airplane p0 a0 l0-0)
1.956: (load-truck p0 t1 l1-0)
2.949: (fly-airplane a0 l1-0 l0-0)
2.960: (drive-truck t0 l0-0 l0-1 c0)
2.960: (unload-airplane p0 a0 l1-0)
3.986: (drive-truck t1 l1-0 l1-1 c1)
3.986: (unload-airplane p0 a0 l1-0)
4.944: (load-truck p2 t0 l0-1)
4.944: (drive-truck t0 l0-0 l0-1 c0)
4.944: (fly-airplane a0 l0-0 l1-0)
4.948: (unload-airplane p0 a0 l1-0)
4.949: (unload-airplane p2 a0 l1-0)
4.962: (drive-truck t0 l0-0 l0-1 c0)
4.962: (drive-truck t1 l1-0 l1-1 c1)
4.962: (fly-airplane a0 l0-0 l1-0)
5.772: (drive-truck t1 l1-1 l1-0 c1)
5.772: (load-airplane p0 a0 l0-0)
5.856: (drive-truck t0 l0-0 l0-1 c0)
5.856: (fly-airplane a0 l1-0 l0-0)
5.930: (fly-airplane a0 l1-0 l0-0)
5.930: (unload-truck p1 t1 l1-0)
5.930: (drive-truck t0 l0-1 l0-0 c0)
5.931: (load-truck p2 t0 l0-1)
5.931: (drive-truck t0 l0-0 l0-1 c0)
5.931: (drive-truck t1 l1-1 l1-0 c1)
5.934: (fly-airplane a0 l0-0 l1-0)
5.934: (load-truck p1 t1 l1-1)
5.948: (unload-truck p0 t0 l0-0)
5.948: (fly-airplane a0 l1-0 l0-0)
5.973: (drive-truck t1 l1-1 l1-0 c1)
5.973: (unload-truck p2 t0 l0-0)
5.973: (fly-airplane a0 l1-0 l0-0)
5.975: (load-airplane p2 a0 l0-0)
6.004: (drive-truck t1 l1-0 l1-1 c1)
6.004: (fly-airplane a0 l1-0 l0-0)
6.007: (drive-truck t0 l0-0 l0-1 c0)
6.007: (fly-airplane a0 l1-0 l0-0)
6.264: (fly-airplane a0 l1-0 l0-0)
6.264: (load-truck p1 t1 l1-1)
6.381: (unload-truck p1 t1 l1-0)
6.714: (load-truck p1 t1 l1-1)
0.964: (drive-truck t1 l1-0 l1-1 c1)
1.953: (fly-airplane a0 l1-0 l0-0)
1.953: (load-truck p0 t1 l1-0)
1.956: (load-truck p0 t1 l1-0)
1.956: (drive-truck t0 l0-0 l0-1 c0)
2.947: (drive-truck t0 l0-0 l0-1 c0)
2.947: (fly-airplane a0 l1-0 l0-0)
3.944: (load-truck p2 t0 l0-1)
3.945: (drive-truck t0 l0-0 l0-1 c0)
3.945: (unload-airplane p0 a0 l1-0)
3.947: (load-truck p0 t1 l1-0)
3.948: (load-truck p2 t1 l1-0)
3.968: (drive-truck t1 l1-0 l1-1 c1)
3.968: (fly-airplane a0 l1-0 l0-0)
3.984: (drive-truck t1 l1-0 l1-1 c1)
3.984: (drive-truck t0 l0-0 l0-1 c0)
3.984: (unload-airplane p0 a0 l1-0)
4.951: (fly-airplane a0 l1-0 l0-0)
4.954: (fly-airplane a0 l1-0 l0-0)
4.968: (unload-airplane p0 a0 l1-0)
4.968: (load-truck p1 t1 l1-1)
4.990: (fly-airplane a0 l0-0 l1-0)
4.990: (drive-truck t1 l1-1 l1-0 c1)
5.773: (drive-truck t0 l0-0 l0-1 c0)
5.773: (load-airplane p0 a0 l0-0)
5.773: (drive-truck t1 l1-1 l1-0 c1)
5.933: (fly-airplane a0 l0-0 l1-0)
5.933: (drive-truck t0 l0-0 l0-1 c0)
5.933: (load-truck p1 t1 l1-1)
5.943: (unload-truck p2 t0 l0-0)
5.943: (unload-truck p0 t0 l0-0)
5.947: (drive-truck t1 l1-0 l1-1 c1)
5.947: (load-truck p2 t0 l0-1)
5.967: (drive-truck t1 l1-0 l1-1 c1)
5.968: (drive-truck t1 l1-0 l1-1 c1)
5.998: (drive-truck t0 l0-0 l0-1 c0)
5.998: (fly-airplane a0 l1-0 l0-0)
5.998: (load-truck p2 t0 l0-1)
5.998: (drive-truck t1 l1-1 l1-0 c1)
6.336: (unload-truck p1 t1 l1-0)
-0.043: (unload-truck p0 t1 l1-1)
[Final] Expanded: 158, Generated: 1319
Found a solution of length 11!
   1: (drive-truck t0 l0-0 l0-1 c0)
   2: (load-truck p0 t0 l0-1)
   3: (drive-truck t0 l0-1 l0-0 c0)
   4: (unload-truck p0 t0 l0-0)
   5: (fly-airplane a0 l1-0 l0-0)
   6: (load-airplane p0 a0 l0-0)
   7: (fly-airplane a0 l0-0 l1-0)
   8: (unload-airplane p0 a0 l1-0)
   9: (load-truck p0 t1 l1-0)
  10: (drive-truck t1 l1-0 l1-1 c1)
  11: (unload-truck p0 t1 l1-1)
