Torch: 2.12.0+cu130
Using GPU:  NVIDIA L40S
[Bellman] lambda=0 -> baseline (no widening signal)
[Binc] OPTION6 binc_beta=0.5 binc_eps=1.0 signal=BELLMAN INCONSISTENCY (1-step min-W1 parent-vs-child, B_good within eps) vs SIBLINGS (boosts exploration toward inconsistent children; prior untouched) [SHUFFLE CONTROL: signal-blind placement]
[Value] SELF-CONSISTENT: leaf value = QR-DQN max_a mean Z(s,a) (SAC critics bypassed; prior still SAC policy)
/u/ibrahim.eisawy/Neural-Guided-Search/venv/lib/python3.10/site-packages/pymimir_rgnn/model.py:162: UserWarning: index_reduce() is in beta and the API may change at any time. (Triggered internally at /pytorch/aten/src/ATen/native/cuda/Indexing.cu:1541.)
  exps_max.index_reduce_(0, output_indices, output_messages, reduce="amax", include_self=False)
  [sim 10] found goal path of length 9
[Final] Expanded: 41, Generated: 41
[Cost] IQN forward calls (Bellman signal): 62
[Widen] nodes widened: 0, mean w: 0.0000
[Binc] child-edges modulated: 53, mean mult: 1.0000 (1.0 = no change; >1 = boosted toward inconsistent)
[search done] simulations=10, unique states generated=41
Found a solution of length 9!
   1: (unlock f2-2f f2-1f key0-2 shape0)
   2: (move f2-2f f3-2f)
   3: (move f3-2f f3-1f)
   4: (move f3-1f f4-1f)
   5: (move f4-1f f4-2f)
   6: (move f4-2f f4-3f)
   7: (move f4-3f f4-4f)
   8: (move f4-4f f4-5f)
   9: (putdown f4-5f key0-2)
