Torch: 2.12.0+cu130
Using GPU:  NVIDIA L40S
[Bellman] lambda=0 -> baseline (no widening signal)
[Binc] OPTION6 binc_beta=0.5 binc_eps=1.0 signal=BELLMAN INCONSISTENCY (1-step min-W1 parent-vs-child, B_good within eps) vs SIBLINGS (boosts exploration toward inconsistent children; prior untouched) [SHUFFLE CONTROL: signal-blind placement]
[Value] SELF-CONSISTENT: leaf value = QR-DQN max_a mean Z(s,a) (SAC critics bypassed; prior still SAC policy)
/u/ibrahim.eisawy/Neural-Guided-Search/venv/lib/python3.10/site-packages/pymimir_rgnn/model.py:162: UserWarning: index_reduce() is in beta and the API may change at any time. (Triggered internally at /pytorch/aten/src/ATen/native/cuda/Indexing.cu:1541.)
  exps_max.index_reduce_(0, output_indices, output_messages, reduce="amax", include_self=False)
  [sim 257] found goal path of length 57
[Final] Expanded: 671, Generated: 671
[Cost] IQN forward calls (Bellman signal): 1334
[Widen] nodes widened: 0, mean w: 0.0000
[Binc] child-edges modulated: 1085, mean mult: 1.0000 (1.0 = no change; >1 = boosted toward inconsistent)
[search done] simulations=257, unique states generated=671
Found a solution of length 57!
   1: (move f5-5f f5-4f)
   2: (move f5-4f f6-4f)
   3: (move f6-4f f7-4f)
   4: (pickup f7-4f key0-2)
   5: (move f7-4f f8-4f)
   6: (unlock f8-4f f8-5f key0-2 shape0)
   7: (move f8-4f f7-4f)
   8: (move f7-4f f7-5f)
   9: (move f7-5f f8-5f)
  10: (move f8-5f f8-6f)
  11: (move f8-6f f9-6f)
  12: (move f9-6f f9-7f)
  13: (move f9-7f f9-8f)
  14: (move f9-8f f8-8f)
  15: (move f8-8f f8-7f)
  16: (putdown f8-7f key0-2)
  17: (move f8-7f f8-6f)
  18: (move f8-6f f9-6f)
  19: (pickup f9-6f key1-0)
  20: (move f9-6f f8-6f)
  21: (move f8-6f f8-7f)
  22: (pickup-and-loose f8-7f key0-2 key1-0)
  23: (move f8-7f f8-8f)
  24: (move f8-8f f9-8f)
  25: (move f9-8f f9-7f)
  26: (move f9-7f f9-6f)
  27: (move f9-6f f8-6f)
  28: (move f8-6f f8-5f)
  29: (move f8-5f f7-5f)
  30: (move f7-5f f7-4f)
  31: (move f7-4f f8-4f)
  32: (move f8-4f f8-3f)
  33: (move f8-3f f8-2f)
  34: (move f8-2f f7-2f)
  35: (move f7-2f f6-2f)
  36: (move f6-2f f5-2f)
  37: (move f5-2f f5-1f)
  38: (move f5-1f f6-1f)
  39: (move f6-1f f6-0f)
  40: (move f6-0f f5-0f)
  41: (move f5-0f f4-0f)
  42: (move f4-0f f4-1f)
  43: (move f4-1f f4-2f)
  44: (move f4-2f f3-2f)
  45: (move f3-2f f3-1f)
  46: (move f3-1f f3-0f)
  47: (move f3-0f f2-0f)
  48: (move f2-0f f2-1f)
  49: (move f2-1f f1-1f)
  50: (move f1-1f f0-1f)
  51: (move f0-1f f0-2f)
  52: (move f0-2f f0-3f)
  53: (move f0-3f f0-4f)
  54: (move f0-4f f0-5f)
  55: (move f0-5f f0-6f)
  56: (move f0-6f f0-7f)
  57: (putdown f0-7f key0-2)
