Torch: 2.11.0
Using CPU.
/Users/ibrahim/Documents/Bachelor Thesis/relational-neural-network-python/venv/lib/python3.12/site-packages/pymimir_rgnn/model.py:162: UserWarning: index_reduce() is in beta and the API may change at any time. (Triggered internally at /Users/runner/work/pytorch/pytorch/pytorch/aten/src/ATen/native/TensorAdvancedIndexing.cpp:1514.)
  exps_max.index_reduce_(0, output_indices, output_messages, reduce="amax", include_self=False)
-8.719: (pickup f1-3f key0-0)
  distribution: [-10.133, -9.756, -9.499, -9.229, -9.365, -9.619, -9.209, -9.258, -8.975, -8.990, -8.763, -8.956, -8.926, -8.703, -8.523, -8.933, -8.472, -8.614, -8.794, -8.254, -8.656, -8.419, -8.516, -8.293, -8.426, -8.371, -8.315, -7.892, -8.163, -7.986, -7.801, -7.195]
-8.715: (unlock f1-3f f2-3f key0-0 shape0)
  distribution: [-10.494, -9.889, -9.855, -9.428, -9.338, -9.550, -9.198, -9.373, -8.923, -8.968, -8.946, -8.955, -8.892, -8.767, -8.546, -8.809, -8.496, -8.640, -8.775, -8.169, -8.563, -8.371, -8.439, -8.200, -8.383, -8.177, -8.156, -7.856, -8.156, -7.753, -7.743, -7.068]
-8.507: (move f1-3f f2-3f)
  distribution: [-9.906, -9.478, -9.342, -8.991, -9.063, -9.186, -8.877, -9.051, -8.568, -8.734, -8.668, -8.727, -8.592, -8.675, -8.378, -8.668, -8.257, -8.467, -8.582, -8.016, -8.344, -8.289, -8.302, -8.100, -8.223, -8.092, -8.111, -7.803, -8.210, -7.730, -7.653, -7.127]
-6.995: (move f2-3f f2-2f)
  distribution: [-8.289, -7.914, -7.617, -7.372, -7.501, -7.443, -7.313, -7.394, -7.081, -7.198, -7.101, -7.211, -7.073, -7.165, -6.864, -6.946, -6.797, -6.943, -7.042, -6.690, -6.779, -6.766, -6.778, -6.670, -6.706, -6.722, -6.656, -6.442, -6.784, -6.356, -6.305, -5.924]
-6.160: (move f2-2f f2-1f)
  distribution: [-7.328, -6.965, -6.723, -6.425, -6.484, -6.365, -6.392, -6.510, -6.279, -6.294, -6.238, -6.298, -6.196, -6.420, -6.061, -6.184, -6.035, -6.090, -6.231, -5.979, -5.933, -5.964, -6.067, -5.784, -5.915, -5.957, -5.836, -5.633, -6.072, -5.586, -5.575, -5.291]
-5.124: (move f2-1f f1-1f)
  distribution: [-6.414, -5.954, -5.765, -5.479, -5.552, -5.459, -5.386, -5.444, -5.331, -5.320, -5.268, -5.258, -5.165, -5.301, -5.056, -5.142, -5.047, -4.982, -4.980, -4.891, -4.810, -4.939, -5.110, -4.696, -4.796, -4.737, -4.722, -4.638, -4.861, -4.571, -4.471, -4.406]
-4.175: (pickup-and-loose f1-1f key1-1 key0-0)
  distribution: [-5.330, -4.897, -4.558, -4.613, -4.417, -4.470, -4.383, -4.390, -4.392, -4.334, -4.317, -4.240, -4.358, -4.146, -3.966, -4.172, -3.991, -4.148, -4.227, -4.016, -4.056, -3.950, -4.095, -3.898, -3.920, -3.958, -3.851, -3.798, -3.903, -3.670, -3.539, -3.592]
-3.052: (move f1-1f f1-0f)
  distribution: [-3.439, -3.317, -3.126, -3.281, -3.340, -3.342, -3.297, -3.194, -3.032, -3.089, -3.070, -3.111, -3.281, -3.233, -2.956, -2.975, -2.885, -2.990, -3.114, -2.934, -2.859, -3.072, -2.970, -2.957, -2.941, -3.000, -2.836, -2.720, -2.963, -2.732, -2.816, -2.791]
-2.174: (move f1-0f f2-0f)
  distribution: [-2.425, -2.344, -2.157, -2.216, -2.341, -2.406, -2.097, -2.455, -2.185, -2.169, -2.314, -2.183, -2.236, -2.144, -2.195, -2.159, -2.138, -2.075, -2.187, -2.045, -2.226, -2.179, -2.344, -2.110, -2.076, -2.161, -2.070, -1.963, -2.081, -1.978, -1.983, -1.919]
-1.146: (putdown f2-0f key1-1)
  distribution: [-1.242, -1.260, -1.341, -1.054, -1.255, -1.471, -1.254, -1.157, -1.102, -1.169, -1.094, -1.041, -1.267, -1.067, -1.156, -1.089, -1.272, -0.958, -1.163, -1.246, -1.351, -1.023, -1.007, -1.429, -0.878, -1.213, -1.077, -1.119, -0.775, -1.097, -1.186, -0.871]
Found a solution of length 10!
   1: (pickup f1-3f key0-0)
   2: (unlock f1-3f f2-3f key0-0 shape0)
   3: (move f1-3f f2-3f)
   4: (move f2-3f f2-2f)
   5: (move f2-2f f2-1f)
   6: (move f2-1f f1-1f)
   7: (pickup-and-loose f1-1f key1-1 key0-0)
   8: (move f1-1f f1-0f)
   9: (move f1-0f f2-0f)
  10: (putdown f2-0f key1-1)
