Torch: 2.11.0
Using CPU.
/Users/ibrahim/Documents/Bachelor Thesis/relational-neural-network-python/venv/lib/python3.12/site-packages/pymimir_rgnn/model.py:162: UserWarning: index_reduce() is in beta and the API may change at any time. (Triggered internally at /Users/runner/work/pytorch/pytorch/pytorch/aten/src/ATen/native/TensorAdvancedIndexing.cpp:1514.)
  exps_max.index_reduce_(0, output_indices, output_messages, reduce="amax", include_self=False)
-11.421: (move f4-3f f3-3f)
  distribution: [-14.153, -13.500, -13.006, -12.734, -12.403, -12.436, -12.470, -12.257, -12.044, -12.029, -11.686, -11.771, -11.643, -11.688, -11.330, -11.540, -10.980, -11.216, -11.346, -10.927, -11.034, -10.854, -10.885, -10.675, -10.469, -10.582, -10.544, -10.132, -10.395, -9.883, -9.592, -9.274]
-9.215: (move f3-3f f2-3f)
  distribution: [-11.662, -11.079, -10.558, -10.334, -10.202, -10.229, -10.259, -9.966, -9.804, -9.702, -9.475, -9.570, -9.438, -9.457, -9.055, -9.171, -8.746, -8.944, -9.120, -8.783, -8.754, -8.807, -8.802, -8.551, -8.292, -8.548, -8.461, -8.055, -8.171, -7.831, -7.813, -7.233]
-11.210: (move f2-3f f1-3f)
  distribution: [-14.609, -13.578, -13.233, -12.963, -12.699, -12.609, -12.642, -12.093, -12.264, -11.944, -11.495, -11.696, -11.550, -11.461, -10.973, -11.284, -10.784, -11.056, -11.118, -10.585, -10.784, -10.573, -10.648, -10.055, -10.085, -10.094, -10.095, -9.439, -9.713, -9.218, -8.958, -8.425]
-13.138: (move f1-3f f0-3f)
  distribution: [-16.538, -15.570, -15.093, -14.944, -14.449, -14.354, -14.694, -14.199, -14.251, -14.034, -13.401, -13.654, -13.408, -13.437, -12.877, -13.294, -12.521, -12.970, -13.073, -12.517, -12.629, -12.357, -12.556, -12.014, -11.949, -12.111, -11.964, -11.373, -11.733, -11.230, -10.919, -10.302]
-9.007: (move f0-3f f0-4f)
  distribution: [-10.953, -10.411, -10.255, -9.841, -9.656, -9.773, -9.746, -9.710, -9.435, -9.390, -9.191, -9.304, -9.116, -9.147, -8.912, -9.109, -8.687, -8.838, -9.008, -8.413, -8.712, -8.656, -8.708, -8.453, -8.422, -8.436, -8.352, -8.070, -8.356, -7.925, -7.922, -7.312]
-6.680: (pickup f0-4f key0-0)
  distribution: [-7.955, -7.605, -7.305, -7.082, -7.176, -7.167, -7.026, -7.036, -6.935, -7.008, -6.726, -6.934, -6.809, -6.762, -6.479, -6.642, -6.472, -6.678, -6.676, -6.425, -6.544, -6.428, -6.543, -6.345, -6.308, -6.432, -6.361, -6.116, -6.373, -6.015, -5.897, -5.497]
-7.291: (move f0-4f f0-3f)
  distribution: [-9.225, -8.701, -8.245, -8.035, -8.009, -7.890, -7.877, -7.807, -7.512, -7.565, -7.485, -7.545, -7.420, -7.469, -7.118, -7.154, -6.966, -7.139, -7.292, -6.957, -6.947, -6.946, -6.976, -6.839, -6.750, -6.830, -6.722, -6.490, -6.732, -6.387, -6.310, -5.963]
-7.625: (move f0-3f f1-3f)
  distribution: [-10.306, -9.539, -9.035, -8.786, -8.655, -8.611, -8.480, -8.270, -8.111, -7.993, -7.902, -7.910, -7.856, -7.798, -7.362, -7.491, -7.232, -7.364, -7.499, -7.156, -7.319, -7.127, -7.243, -6.984, -6.735, -6.956, -6.779, -6.516, -6.657, -6.311, -6.092, -5.931]
-9.835: (move f1-3f f1-4f)
  distribution: [-12.481, -11.814, -11.315, -11.094, -10.782, -10.922, -10.862, -10.689, -10.524, -10.465, -10.122, -10.074, -10.107, -10.093, -9.598, -9.776, -9.243, -9.630, -9.752, -9.312, -9.446, -9.391, -9.438, -9.064, -8.978, -9.066, -8.972, -8.546, -8.816, -8.408, -8.232, -7.700]
-8.065: (move f1-4f f2-4f)
  distribution: [-10.172, -9.569, -9.242, -8.898, -8.700, -8.746, -8.702, -8.731, -8.298, -8.365, -8.293, -8.302, -8.168, -8.270, -7.912, -8.090, -7.785, -7.901, -8.066, -7.550, -7.767, -7.683, -7.706, -7.516, -7.518, -7.519, -7.400, -7.171, -7.499, -7.038, -6.926, -6.576]
-8.238: (move f2-4f f2-3f)
  distribution: [-10.752, -10.081, -9.520, -9.304, -9.157, -9.147, -9.086, -8.950, -8.696, -8.629, -8.513, -8.526, -8.442, -8.436, -8.065, -8.212, -7.844, -7.962, -8.198, -7.753, -7.764, -7.798, -7.837, -7.598, -7.464, -7.535, -7.460, -7.145, -7.305, -7.046, -6.914, -6.466]
-9.887: (move f2-3f f3-3f)
  distribution: [-12.212, -11.602, -11.262, -10.898, -10.783, -10.974, -10.651, -10.645, -10.215, -10.316, -10.197, -10.068, -10.121, -10.074, -9.716, -9.923, -9.440, -9.753, -9.819, -9.436, -9.704, -9.476, -9.539, -9.245, -9.229, -9.147, -9.098, -8.768, -9.104, -8.647, -8.326, -7.993]
-8.549: (move f3-3f f3-4f)
  distribution: [-10.608, -10.097, -9.627, -9.417, -9.246, -9.413, -9.129, -9.214, -8.767, -8.895, -8.830, -8.792, -8.709, -8.687, -8.406, -8.504, -8.099, -8.412, -8.550, -8.100, -8.299, -8.181, -8.240, -8.073, -7.990, -7.956, -7.900, -7.657, -7.924, -7.592, -7.266, -7.000]
-9.703: (move f3-4f f4-4f)
  distribution: [-11.875, -11.402, -10.874, -10.684, -10.460, -10.706, -10.376, -10.452, -9.912, -10.181, -10.062, -9.925, -9.868, -9.864, -9.506, -9.575, -9.110, -9.646, -9.672, -9.310, -9.507, -9.334, -9.389, -9.180, -9.084, -9.016, -9.009, -8.695, -9.026, -8.655, -8.191, -7.959]
-9.514: (move f4-4f f4-3f)
  distribution: [-11.908, -11.330, -10.831, -10.520, -10.376, -10.465, -10.307, -10.271, -9.918, -9.960, -9.810, -9.704, -9.716, -9.705, -9.340, -9.533, -9.035, -9.355, -9.459, -9.056, -9.202, -9.058, -9.123, -8.912, -8.871, -8.715, -8.729, -8.441, -8.706, -8.336, -8.051, -7.706]
-10.690: (move f4-3f f4-2f)
  distribution: [-13.219, -12.506, -12.164, -11.751, -11.648, -11.746, -11.452, -11.478, -11.181, -11.201, -10.976, -10.837, -10.955, -10.870, -10.514, -10.904, -10.393, -10.583, -10.619, -10.140, -10.490, -10.189, -10.256, -9.936, -9.983, -9.882, -9.969, -9.517, -9.824, -9.271, -9.028, -8.610]
-9.401: (move f4-2f f3-2f)
  distribution: [-11.723, -11.124, -10.643, -10.336, -10.394, -10.557, -10.120, -10.111, -9.709, -9.911, -9.730, -9.516, -9.669, -9.513, -9.155, -9.359, -8.920, -9.304, -9.264, -8.954, -9.232, -8.946, -9.135, -8.770, -8.865, -8.606, -8.647, -8.270, -8.654, -8.266, -7.881, -7.532]
-8.566: (unlock f3-2f f3-1f key0-0 shape0)
  distribution: [-10.666, -10.059, -9.853, -9.530, -9.306, -9.433, -9.287, -9.254, -8.941, -9.003, -8.835, -8.858, -8.697, -8.709, -8.383, -8.481, -8.174, -8.472, -8.523, -8.022, -8.287, -8.178, -8.278, -8.028, -7.882, -7.943, -7.905, -7.633, -7.860, -7.409, -7.384, -6.843]
-8.384: (move f3-2f f3-1f)
  distribution: [-10.970, -10.263, -9.708, -9.465, -9.365, -9.354, -9.135, -9.098, -8.846, -8.686, -8.642, -8.695, -8.592, -8.563, -8.275, -8.428, -8.068, -8.139, -8.271, -7.870, -8.112, -7.875, -7.931, -7.726, -7.611, -7.683, -7.491, -7.319, -7.553, -7.109, -6.793, -6.649]
-7.801: (pickup-and-loose f3-1f key0-1 key0-0)
  distribution: [-10.227, -9.654, -8.822, -8.839, -8.708, -8.750, -8.544, -8.465, -8.307, -8.169, -8.035, -8.110, -8.039, -7.925, -7.588, -7.643, -7.390, -7.640, -7.820, -7.371, -7.526, -7.318, -7.407, -7.165, -7.136, -7.242, -6.984, -6.748, -6.946, -6.705, -6.285, -6.112]
-9.886: (move f3-1f f3-2f)
  distribution: [-12.831, -12.000, -11.488, -11.227, -11.056, -11.075, -11.032, -10.734, -10.632, -10.494, -10.148, -10.188, -10.230, -10.175, -9.635, -9.965, -9.436, -9.613, -9.767, -9.327, -9.466, -9.384, -9.431, -8.919, -8.986, -9.016, -8.962, -8.422, -8.705, -8.310, -8.132, -7.569]
-8.931: (move f3-2f f3-3f)
  distribution: [-11.575, -10.881, -10.257, -10.145, -9.868, -10.003, -9.840, -9.676, -9.503, -9.409, -9.220, -9.210, -9.280, -9.102, -8.739, -8.811, -8.359, -8.696, -8.867, -8.493, -8.649, -8.420, -8.521, -8.234, -8.081, -8.220, -8.042, -7.744, -7.918, -7.660, -7.346, -7.027]
-6.989: (move f3-3f f2-3f)
  distribution: [-9.105, -8.539, -8.002, -7.916, -7.807, -7.818, -7.716, -7.507, -7.301, -7.287, -7.224, -7.286, -7.270, -7.049, -6.811, -6.712, -6.573, -6.748, -6.892, -6.609, -6.725, -6.548, -6.709, -6.518, -6.293, -6.525, -6.308, -6.035, -6.246, -6.029, -5.868, -5.669]
-8.839: (putdown f2-3f key0-1)
  distribution: [-11.509, -10.751, -10.339, -10.060, -9.899, -10.084, -9.677, -9.619, -9.424, -9.128, -9.134, -9.140, -9.157, -8.950, -8.748, -8.758, -8.430, -8.624, -8.810, -8.403, -8.649, -8.321, -8.356, -8.154, -8.005, -8.165, -7.884, -7.602, -7.780, -7.344, -7.102, -6.856]
-6.001: (move f2-3f f1-3f)
  distribution: [-7.797, -7.240, -6.917, -6.645, -6.646, -6.578, -6.477, -6.421, -6.289, -6.217, -6.122, -6.270, -6.127, -6.202, -5.864, -5.980, -5.829, -5.756, -5.917, -5.685, -5.722, -5.698, -5.929, -5.518, -5.381, -5.561, -5.458, -5.250, -5.468, -5.194, -5.006, -4.861]
-5.239: (pickup f1-3f key2-0)
  distribution: [-7.384, -6.683, -6.296, -5.809, -5.879, -5.720, -5.637, -5.753, -5.559, -5.505, -5.401, -5.374, -5.274, -5.482, -5.055, -5.293, -5.178, -5.046, -5.098, -4.859, -4.714, -4.942, -5.104, -4.607, -4.778, -4.659, -4.681, -4.521, -4.690, -4.401, -4.243, -4.035]
-9.305: (move f1-3f f1-4f)
  distribution: [-12.420, -11.710, -10.989, -10.771, -10.468, -10.312, -10.439, -10.138, -10.104, -9.973, -9.694, -9.706, -9.433, -9.712, -9.145, -9.171, -8.616, -8.988, -9.044, -8.931, -8.718, -8.784, -8.831, -8.505, -8.362, -8.270, -8.163, -7.929, -8.336, -7.730, -7.250, -7.130]
-7.229: (move f1-4f f0-4f)
  distribution: [-9.553, -9.053, -8.442, -8.207, -8.001, -7.847, -7.862, -7.779, -7.617, -7.603, -7.544, -7.551, -7.268, -7.450, -7.108, -6.962, -6.706, -7.027, -7.005, -6.961, -6.931, -6.818, -6.898, -6.836, -6.494, -6.616, -6.402, -6.412, -6.689, -6.162, -5.722, -5.811]
-6.392: (move f0-4f f0-3f)
  distribution: [-8.394, -7.917, -7.426, -7.131, -7.048, -6.874, -6.897, -6.839, -6.695, -6.682, -6.655, -6.656, -6.450, -6.610, -6.236, -6.201, -6.011, -6.172, -6.234, -6.215, -6.121, -6.079, -6.224, -6.022, -5.742, -5.901, -5.712, -5.652, -5.930, -5.485, -5.183, -5.160]
-8.056: (move f0-3f f0-2f)
  distribution: [-10.680, -10.012, -9.447, -9.166, -8.949, -8.879, -8.879, -8.754, -8.562, -8.488, -8.375, -8.339, -8.168, -8.339, -7.905, -7.946, -7.582, -7.786, -7.920, -7.663, -7.630, -7.590, -7.632, -7.461, -7.272, -7.331, -7.147, -7.005, -7.261, -6.786, -6.490, -6.335]
-8.822: (move f0-2f f0-1f)
  distribution: [-11.628, -10.894, -10.339, -10.069, -9.802, -9.756, -9.810, -9.609, -9.390, -9.260, -9.152, -9.139, -9.020, -9.101, -8.722, -8.740, -8.322, -8.532, -8.716, -8.343, -8.379, -8.312, -8.333, -8.103, -7.977, -8.019, -7.826, -7.597, -7.888, -7.440, -7.190, -6.906]
-9.381: (move f0-1f f1-1f)
  distribution: [-12.157, -11.419, -10.832, -10.649, -10.384, -10.527, -10.403, -10.198, -9.926, -9.950, -9.716, -9.650, -9.704, -9.655, -9.165, -9.296, -8.754, -9.170, -9.321, -8.851, -9.012, -8.880, -8.955, -8.594, -8.499, -8.590, -8.528, -8.046, -8.332, -7.960, -7.757, -7.309]
-9.744: (move f1-1f f2-1f)
  distribution: [-13.174, -12.306, -11.496, -11.413, -11.139, -11.099, -11.045, -10.620, -10.414, -10.353, -10.138, -10.271, -10.047, -10.091, -9.529, -9.535, -9.042, -9.460, -9.609, -9.284, -9.242, -9.144, -9.137, -8.812, -8.582, -8.763, -8.628, -8.144, -8.415, -7.950, -7.602, -7.328]
-9.403: (putdown f2-1f key2-0)
  distribution: [-13.223, -12.111, -11.652, -11.128, -10.896, -10.718, -10.744, -10.454, -10.290, -10.031, -9.800, -9.657, -9.653, -9.731, -9.055, -9.567, -9.028, -9.045, -9.207, -8.762, -8.730, -8.779, -8.808, -8.298, -8.320, -8.128, -8.159, -7.711, -7.902, -7.379, -7.220, -6.718]
-5.056: (pickup f2-1f key1-1)
  distribution: [-6.781, -6.204, -5.879, -5.555, -5.564, -5.452, -5.380, -5.457, -5.363, -5.309, -5.189, -5.185, -5.112, -5.224, -4.880, -5.060, -4.962, -4.929, -4.957, -4.751, -4.664, -4.814, -4.951, -4.534, -4.679, -4.586, -4.622, -4.481, -4.603, -4.380, -4.233, -4.037]
-10.029: (move f2-1f f1-1f)
  distribution: [-13.023, -12.202, -11.617, -11.462, -11.138, -11.262, -11.099, -10.954, -10.605, -10.640, -10.364, -10.262, -10.315, -10.447, -9.761, -9.986, -9.402, -9.849, -9.954, -9.480, -9.672, -9.561, -9.537, -9.100, -9.152, -9.168, -9.045, -8.547, -9.011, -8.422, -8.133, -7.745]
-9.943: (move f1-1f f0-1f)
  distribution: [-13.067, -12.200, -11.745, -11.387, -11.064, -11.067, -11.051, -10.887, -10.644, -10.568, -10.279, -10.240, -10.142, -10.331, -9.749, -10.018, -9.468, -9.705, -9.785, -9.296, -9.484, -9.437, -9.449, -8.980, -9.038, -8.943, -8.891, -8.471, -8.936, -8.262, -7.966, -7.615]
-9.641: (move f0-1f f0-2f)
  distribution: [-12.396, -11.639, -11.288, -10.856, -10.631, -10.662, -10.579, -10.500, -10.254, -10.187, -9.950, -9.862, -9.809, -9.959, -9.487, -9.740, -9.196, -9.431, -9.481, -9.056, -9.276, -9.180, -9.222, -8.827, -8.871, -8.747, -8.683, -8.360, -8.800, -8.166, -7.864, -7.540]
-9.279: (move f0-2f f0-3f)
  distribution: [-12.197, -11.512, -10.898, -10.632, -10.336, -10.304, -10.266, -10.106, -9.962, -9.904, -9.663, -9.573, -9.422, -9.616, -9.102, -9.180, -8.625, -9.025, -9.037, -8.860, -8.855, -8.781, -8.866, -8.550, -8.387, -8.340, -8.219, -8.009, -8.397, -7.797, -7.301, -7.208]
-8.040: (move f0-3f f0-4f)
  distribution: [-10.534, -9.993, -9.363, -9.142, -8.872, -8.809, -8.783, -8.696, -8.534, -8.505, -8.405, -8.361, -8.084, -8.282, -7.914, -7.790, -7.460, -7.822, -7.825, -7.735, -7.703, -7.596, -7.663, -7.569, -7.245, -7.320, -7.136, -7.112, -7.388, -6.871, -6.360, -6.392]
-6.608: (move f0-4f f1-4f)
  distribution: [-8.777, -8.294, -7.713, -7.467, -7.383, -7.192, -7.212, -7.064, -6.989, -6.996, -6.876, -6.891, -6.703, -6.814, -6.425, -6.360, -6.130, -6.375, -6.414, -6.411, -6.285, -6.255, -6.395, -6.246, -5.854, -6.070, -5.866, -5.817, -6.016, -5.597, -5.276, -5.283]
-8.270: (putdown f1-4f key1-1)
  distribution: [-11.141, -10.368, -9.854, -9.545, -9.384, -9.196, -9.403, -9.037, -9.037, -8.835, -8.512, -8.611, -8.393, -8.542, -7.962, -8.265, -7.868, -7.946, -8.108, -7.754, -7.606, -7.848, -7.811, -7.500, -7.323, -7.431, -7.399, -7.057, -7.095, -6.853, -6.828, -6.118]
-7.159: (move f1-4f f0-4f)
  distribution: [-8.799, -8.352, -8.045, -7.811, -7.659, -7.712, -7.679, -7.649, -7.436, -7.545, -7.232, -7.451, -7.214, -7.342, -6.974, -7.141, -6.923, -7.055, -7.142, -6.758, -6.890, -6.885, -6.962, -6.742, -6.637, -6.798, -6.684, -6.431, -6.727, -6.295, -6.218, -5.899]
-7.785: (move f0-4f f0-3f)
  distribution: [-9.078, -8.713, -8.622, -8.283, -8.118, -8.253, -8.207, -8.265, -7.978, -8.041, -7.852, -8.109, -7.788, -7.928, -7.715, -7.842, -7.592, -7.719, -7.831, -7.353, -7.592, -7.520, -7.562, -7.473, -7.374, -7.478, -7.400, -7.203, -7.534, -7.036, -7.030, -6.623]
-6.893: (move f0-3f f1-3f)
  distribution: [-8.260, -7.877, -7.611, -7.341, -7.415, -7.289, -7.330, -7.254, -7.101, -7.134, -6.937, -7.180, -6.983, -7.064, -6.761, -6.890, -6.698, -6.787, -6.911, -6.606, -6.635, -6.626, -6.681, -6.571, -6.456, -6.608, -6.515, -6.325, -6.569, -6.165, -6.188, -5.814]
-8.089: (move f1-3f f2-3f)
  distribution: [-9.640, -9.194, -9.065, -8.689, -8.545, -8.677, -8.606, -8.644, -8.328, -8.382, -8.187, -8.380, -8.140, -8.226, -7.999, -8.241, -7.896, -7.967, -8.097, -7.555, -7.886, -7.763, -7.840, -7.698, -7.617, -7.672, -7.600, -7.388, -7.714, -7.237, -7.189, -6.787]
-6.770: (move f2-3f f2-4f)
  distribution: [-8.446, -7.904, -7.668, -7.331, -7.321, -7.213, -7.259, -7.211, -7.038, -7.033, -6.878, -6.986, -6.919, -6.934, -6.598, -6.779, -6.614, -6.604, -6.722, -6.420, -6.566, -6.458, -6.603, -6.282, -6.341, -6.376, -6.261, -6.034, -6.389, -5.976, -5.892, -5.588]
-6.480: (pickup f2-4f key2-1)
  distribution: [-7.934, -7.521, -7.219, -6.934, -6.893, -6.921, -6.837, -6.932, -6.772, -6.680, -6.520, -6.666, -6.559, -6.605, -6.331, -6.540, -6.402, -6.350, -6.520, -6.252, -6.282, -6.210, -6.318, -6.094, -6.115, -6.195, -6.070, -5.824, -6.083, -5.771, -5.657, -5.361]
-5.723: (move f2-4f f1-4f)
  distribution: [-7.123, -6.677, -6.399, -6.160, -6.157, -6.140, -6.076, -6.102, -5.948, -5.897, -5.832, -5.963, -5.781, -5.922, -5.628, -5.672, -5.597, -5.591, -5.715, -5.519, -5.442, -5.469, -5.688, -5.270, -5.305, -5.400, -5.284, -5.125, -5.363, -5.107, -4.978, -4.806]
-4.871: (pickup-and-loose f1-4f key1-1 key2-1)
  distribution: [-6.427, -5.886, -5.492, -5.364, -5.290, -5.364, -5.113, -5.188, -5.104, -5.083, -5.029, -4.967, -5.016, -4.946, -4.650, -4.771, -4.717, -4.811, -4.835, -4.625, -4.691, -4.601, -4.814, -4.429, -4.501, -4.513, -4.509, -4.362, -4.440, -4.285, -4.014, -4.045]
-7.564: (move f1-4f f0-4f)
  distribution: [-9.949, -9.407, -8.833, -8.577, -8.356, -8.244, -8.235, -8.151, -7.978, -7.962, -7.890, -7.884, -7.602, -7.793, -7.443, -7.337, -7.054, -7.352, -7.341, -7.265, -7.263, -7.143, -7.216, -7.124, -6.804, -6.903, -6.712, -6.710, -6.984, -6.459, -6.009, -6.051]
-6.448: (move f0-4f f0-3f)
  distribution: [-8.447, -7.972, -7.489, -7.188, -7.116, -6.924, -6.966, -6.893, -6.771, -6.739, -6.703, -6.723, -6.509, -6.658, -6.299, -6.263, -6.075, -6.223, -6.283, -6.265, -6.176, -6.128, -6.270, -6.083, -5.793, -5.953, -5.761, -5.712, -5.981, -5.529, -5.230, -5.211]
-7.997: (move f0-3f f0-2f)
  distribution: [-10.608, -9.942, -9.369, -9.096, -8.883, -8.814, -8.799, -8.687, -8.497, -8.426, -8.313, -8.275, -8.112, -8.276, -7.840, -7.882, -7.529, -7.732, -7.861, -7.605, -7.583, -7.535, -7.583, -7.405, -7.227, -7.282, -7.096, -6.956, -7.218, -6.742, -6.434, -6.296]
-8.815: (move f0-2f f0-1f)
  distribution: [-11.648, -10.912, -10.317, -10.097, -9.808, -9.819, -9.790, -9.594, -9.382, -9.272, -9.152, -9.121, -9.051, -9.083, -8.682, -8.710, -8.264, -8.532, -8.702, -8.360, -8.429, -8.286, -8.343, -8.108, -7.926, -8.018, -7.818, -7.583, -7.849, -7.426, -7.107, -6.895]
-9.341: (move f0-1f f1-1f)
  distribution: [-12.122, -11.387, -10.792, -10.604, -10.345, -10.481, -10.357, -10.159, -9.888, -9.902, -9.677, -9.612, -9.655, -9.612, -9.128, -9.257, -8.724, -9.125, -9.282, -8.814, -8.961, -8.839, -8.910, -8.558, -8.465, -8.546, -8.486, -8.008, -8.292, -7.921, -7.717, -7.273]
-9.942: (move f1-1f f2-1f)
  distribution: [-13.392, -12.518, -11.702, -11.645, -11.342, -11.337, -11.248, -10.827, -10.635, -10.578, -10.327, -10.465, -10.258, -10.295, -9.712, -9.746, -9.234, -9.677, -9.827, -9.461, -9.452, -9.328, -9.333, -9.004, -8.756, -8.959, -8.838, -8.311, -8.593, -8.128, -7.738, -7.478]
-9.468: (putdown f2-1f key1-1)
  distribution: [-13.349, -12.240, -11.712, -11.233, -10.993, -10.805, -10.820, -10.516, -10.361, -10.111, -9.882, -9.740, -9.724, -9.808, -9.111, -9.590, -9.040, -9.103, -9.269, -8.858, -8.778, -8.841, -8.867, -8.347, -8.374, -8.184, -8.187, -7.747, -7.960, -7.446, -7.221, -6.764]
-5.144: (pickup f2-1f key2-0)
  distribution: [-6.967, -6.370, -6.015, -5.660, -5.681, -5.571, -5.484, -5.582, -5.451, -5.403, -5.278, -5.280, -5.194, -5.335, -4.964, -5.163, -5.057, -5.012, -5.038, -4.821, -4.720, -4.884, -5.038, -4.590, -4.744, -4.645, -4.686, -4.527, -4.667, -4.432, -4.274, -4.072]
-9.750: (move f2-1f f1-1f)
  distribution: [-12.604, -11.848, -11.234, -11.116, -10.819, -10.979, -10.776, -10.647, -10.250, -10.340, -10.081, -9.954, -10.020, -10.171, -9.480, -9.697, -9.083, -9.575, -9.697, -9.234, -9.403, -9.315, -9.290, -8.904, -8.876, -8.948, -8.822, -8.339, -8.765, -8.228, -7.944, -7.579]
-9.851: (move f1-1f f0-1f)
  distribution: [-12.910, -12.055, -11.633, -11.231, -10.950, -10.923, -10.938, -10.788, -10.538, -10.444, -10.181, -10.143, -10.033, -10.223, -9.681, -9.933, -9.417, -9.611, -9.685, -9.206, -9.383, -9.364, -9.358, -8.897, -9.005, -8.874, -8.810, -8.409, -8.885, -8.206, -7.959, -7.561]
-9.669: (move f0-1f f0-2f)
  distribution: [-12.440, -11.678, -11.322, -10.894, -10.666, -10.695, -10.612, -10.531, -10.286, -10.217, -9.980, -9.889, -9.840, -9.993, -9.515, -9.770, -9.224, -9.460, -9.509, -9.085, -9.304, -9.207, -9.247, -8.850, -8.896, -8.770, -8.707, -8.383, -8.825, -8.186, -7.881, -7.559]
-9.306: (move f0-2f f0-3f)
  distribution: [-12.276, -11.572, -10.965, -10.644, -10.362, -10.261, -10.300, -10.155, -9.985, -9.900, -9.684, -9.614, -9.405, -9.668, -9.165, -9.258, -8.717, -9.040, -9.072, -8.846, -8.814, -8.809, -8.851, -8.548, -8.451, -8.334, -8.227, -8.029, -8.449, -7.814, -7.347, -7.226]
-6.914: (move f0-3f f0-4f)
  distribution: [-9.158, -8.669, -8.061, -7.823, -7.684, -7.497, -7.524, -7.423, -7.292, -7.280, -7.203, -7.209, -6.972, -7.130, -6.773, -6.657, -6.443, -6.701, -6.725, -6.657, -6.583, -6.532, -6.644, -6.523, -6.218, -6.337, -6.127, -6.096, -6.366, -5.891, -5.501, -5.561]
-6.720: (move f0-4f f1-4f)
  distribution: [-9.089, -8.569, -7.868, -7.684, -7.547, -7.337, -7.381, -7.220, -7.117, -7.121, -7.000, -7.036, -6.812, -6.962, -6.529, -6.451, -6.207, -6.474, -6.540, -6.473, -6.364, -6.337, -6.452, -6.285, -5.931, -6.163, -5.926, -5.849, -6.072, -5.650, -5.281, -5.326]
-7.921: (putdown f1-4f key2-0)
  distribution: [-10.830, -10.057, -9.478, -9.170, -9.019, -8.798, -8.976, -8.661, -8.638, -8.455, -8.163, -8.250, -8.011, -8.206, -7.599, -7.917, -7.541, -7.604, -7.758, -7.417, -7.275, -7.488, -7.458, -7.168, -6.981, -7.094, -7.061, -6.748, -6.786, -6.548, -6.457, -5.860]
-5.149: (pickup f1-4f key2-1)
  distribution: [-6.539, -6.057, -5.793, -5.557, -5.481, -5.427, -5.400, -5.488, -5.296, -5.273, -5.327, -5.235, -5.200, -5.339, -5.064, -5.084, -5.028, -5.045, -5.100, -5.067, -4.825, -4.949, -5.055, -4.740, -4.860, -4.742, -4.774, -4.682, -4.835, -4.635, -4.502, -4.373]
-6.487: (move f1-4f f0-4f)
  distribution: [-7.990, -7.608, -7.255, -7.025, -6.885, -6.941, -6.868, -6.952, -6.695, -6.840, -6.597, -6.716, -6.476, -6.730, -6.335, -6.471, -6.283, -6.400, -6.494, -6.171, -6.172, -6.255, -6.408, -6.087, -5.992, -6.141, -6.063, -5.818, -6.176, -5.743, -5.609, -5.370]
-6.059: (putdown f0-4f key2-1)
  distribution: [-7.142, -6.753, -6.571, -6.323, -6.394, -6.348, -6.306, -6.347, -6.226, -6.236, -6.060, -6.227, -6.166, -6.284, -5.943, -6.199, -5.951, -5.987, -6.108, -5.850, -5.940, -5.849, -6.011, -5.728, -5.724, -5.853, -5.803, -5.594, -5.859, -5.526, -5.455, -5.123]
-5.247: (move f0-4f f1-4f)
  distribution: [-6.604, -6.120, -5.930, -5.673, -5.705, -5.651, -5.531, -5.585, -5.439, -5.443, -5.398, -5.440, -5.283, -5.455, -5.146, -5.239, -5.136, -5.111, -5.158, -5.006, -4.887, -5.065, -5.206, -4.791, -4.896, -4.893, -4.859, -4.714, -4.907, -4.666, -4.540, -4.424]
-4.169: (pickup f1-4f key2-0)
  distribution: [-5.561, -5.030, -4.698, -4.635, -4.553, -4.423, -4.421, -4.380, -4.440, -4.341, -4.306, -4.231, -4.331, -4.180, -3.966, -4.181, -3.989, -4.028, -4.154, -4.036, -3.914, -3.952, -4.046, -3.849, -3.917, -3.894, -3.755, -3.746, -3.851, -3.625, -3.555, -3.430]
-7.647: (move f1-4f f0-4f)
  distribution: [-10.315, -9.749, -8.988, -8.793, -8.528, -8.331, -8.432, -8.304, -8.152, -8.079, -7.998, -8.010, -7.648, -7.949, -7.540, -7.378, -7.090, -7.394, -7.414, -7.359, -7.227, -7.198, -7.211, -7.143, -6.824, -6.923, -6.681, -6.688, -6.978, -6.423, -5.939, -6.028]
-6.450: (move f0-4f f0-3f)
  distribution: [-8.493, -7.982, -7.512, -7.192, -7.134, -6.936, -6.973, -6.906, -6.752, -6.738, -6.698, -6.716, -6.513, -6.679, -6.294, -6.315, -6.110, -6.218, -6.287, -6.228, -6.161, -6.131, -6.270, -6.044, -5.801, -5.938, -5.766, -5.690, -5.972, -5.526, -5.234, -5.188]
-8.079: (move f0-3f f0-2f)
  distribution: [-10.710, -10.037, -9.478, -9.190, -8.979, -8.904, -8.909, -8.782, -8.588, -8.511, -8.397, -8.362, -8.190, -8.366, -7.931, -7.981, -7.611, -7.804, -7.943, -7.680, -7.645, -7.612, -7.654, -7.476, -7.297, -7.348, -7.166, -7.020, -7.281, -6.803, -6.515, -6.347]
-8.830: (move f0-2f f0-1f)
  distribution: [-11.636, -10.902, -10.348, -10.077, -9.810, -9.765, -9.819, -9.616, -9.399, -9.267, -9.159, -9.146, -9.028, -9.109, -8.730, -8.749, -8.329, -8.539, -8.722, -8.350, -8.387, -8.320, -8.341, -8.109, -7.985, -8.025, -7.833, -7.603, -7.895, -7.446, -7.196, -6.912]
-9.392: (move f0-1f f1-1f)
  distribution: [-12.171, -11.432, -10.846, -10.663, -10.396, -10.538, -10.416, -10.209, -9.939, -9.962, -9.727, -9.662, -9.716, -9.667, -9.175, -9.308, -8.765, -9.180, -9.331, -8.861, -9.023, -8.890, -8.965, -8.603, -8.508, -8.600, -8.538, -8.054, -8.341, -7.968, -7.766, -7.317]
-9.755: (move f1-1f f2-1f)
  distribution: [-13.195, -12.323, -11.510, -11.429, -11.153, -11.112, -11.058, -10.632, -10.427, -10.366, -10.150, -10.282, -10.058, -10.103, -9.539, -9.545, -9.052, -9.470, -9.621, -9.293, -9.251, -9.154, -9.146, -8.818, -8.591, -8.770, -8.636, -8.150, -8.423, -7.957, -7.605, -7.333]
-9.321: (putdown f2-1f key2-0)
  distribution: [-13.159, -12.046, -11.575, -11.044, -10.819, -10.631, -10.649, -10.374, -10.197, -9.946, -9.723, -9.564, -9.559, -9.652, -8.969, -9.488, -8.942, -8.961, -9.115, -8.680, -8.638, -8.697, -8.724, -8.220, -8.245, -8.043, -8.069, -7.631, -7.828, -7.297, -7.129, -6.645]
-5.057: (pickup f2-1f key1-1)
  distribution: [-6.765, -6.191, -5.873, -5.553, -5.560, -5.453, -5.382, -5.453, -5.361, -5.308, -5.189, -5.190, -5.117, -5.223, -4.884, -5.065, -4.963, -4.933, -4.960, -4.755, -4.675, -4.814, -4.955, -4.540, -4.681, -4.591, -4.628, -4.487, -4.607, -4.390, -4.240, -4.045]
-10.060: (move f2-1f f1-1f)
  distribution: [-13.061, -12.236, -11.655, -11.497, -11.174, -11.296, -11.131, -10.987, -10.644, -10.672, -10.393, -10.294, -10.348, -10.480, -9.793, -10.024, -9.439, -9.880, -9.984, -9.510, -9.706, -9.591, -9.566, -9.127, -9.184, -9.196, -9.072, -8.575, -9.042, -8.447, -8.155, -7.769]
-10.052: (move f1-1f f0-1f)
  distribution: [-13.218, -12.336, -11.872, -11.523, -11.190, -11.183, -11.175, -10.999, -10.776, -10.684, -10.389, -10.359, -10.259, -10.445, -9.860, -10.125, -9.577, -9.810, -9.900, -9.405, -9.590, -9.535, -9.546, -9.069, -9.136, -9.038, -8.982, -8.558, -9.031, -8.353, -8.037, -7.692]
-9.696: (move f0-1f f0-2f)
  distribution: [-12.468, -11.705, -11.351, -10.923, -10.696, -10.723, -10.640, -10.556, -10.321, -10.245, -10.006, -9.915, -9.871, -10.017, -9.541, -9.797, -9.253, -9.485, -9.531, -9.114, -9.335, -9.231, -9.274, -8.874, -8.923, -8.792, -8.731, -8.408, -8.852, -8.210, -7.902, -7.583]
-9.431: (move f0-2f f0-3f)
  distribution: [-12.432, -11.715, -11.092, -10.826, -10.530, -10.470, -10.447, -10.268, -10.158, -10.061, -9.811, -9.738, -9.586, -9.788, -9.252, -9.359, -8.773, -9.166, -9.174, -9.009, -8.995, -8.916, -8.994, -8.662, -8.529, -8.446, -8.341, -8.125, -8.523, -7.898, -7.398, -7.308]
-8.550: (move f0-3f f0-4f)
  distribution: [-11.409, -10.795, -10.047, -9.818, -9.550, -9.386, -9.480, -9.309, -9.193, -9.089, -8.937, -8.909, -8.589, -8.888, -8.442, -8.344, -7.914, -8.259, -8.309, -8.245, -8.056, -8.074, -8.090, -7.929, -7.692, -7.689, -7.486, -7.427, -7.756, -7.190, -6.656, -6.656]
-6.648: (move f0-4f f1-4f)
  distribution: [-8.881, -8.369, -7.792, -7.536, -7.470, -7.261, -7.289, -7.106, -7.034, -7.038, -6.910, -6.941, -6.753, -6.861, -6.465, -6.430, -6.184, -6.396, -6.443, -6.420, -6.289, -6.284, -6.417, -6.255, -5.880, -6.081, -5.889, -5.831, -6.010, -5.621, -5.297, -5.286]
-8.313: (putdown f1-4f key1-1)
  distribution: [-11.198, -10.419, -9.909, -9.593, -9.432, -9.246, -9.447, -9.092, -9.082, -8.882, -8.560, -8.647, -8.435, -8.588, -8.003, -8.316, -7.912, -7.990, -8.152, -7.791, -7.644, -7.894, -7.855, -7.532, -7.373, -7.466, -7.440, -7.090, -7.136, -6.884, -6.862, -6.145]
-7.102: (move f1-4f f0-4f)
  distribution: [-8.779, -8.308, -7.993, -7.754, -7.619, -7.634, -7.638, -7.606, -7.371, -7.468, -7.174, -7.397, -7.154, -7.310, -6.925, -7.098, -6.893, -6.985, -7.090, -6.681, -6.814, -6.832, -6.894, -6.647, -6.594, -6.743, -6.612, -6.345, -6.678, -6.226, -6.166, -5.834]
-6.555: (pickup f0-4f key2-1)
  distribution: [-7.942, -7.552, -7.250, -7.008, -7.010, -7.004, -6.939, -6.969, -6.877, -6.794, -6.587, -6.761, -6.665, -6.653, -6.378, -6.571, -6.435, -6.445, -6.586, -6.349, -6.363, -6.297, -6.398, -6.199, -6.172, -6.288, -6.169, -5.924, -6.134, -5.855, -5.773, -5.429]
-7.741: (move f0-4f f0-3f)
  distribution: [-8.959, -8.621, -8.501, -8.211, -8.051, -8.190, -8.139, -8.202, -7.903, -7.986, -7.791, -8.067, -7.741, -7.900, -7.669, -7.781, -7.536, -7.693, -7.814, -7.332, -7.548, -7.494, -7.516, -7.450, -7.347, -7.471, -7.394, -7.188, -7.515, -7.034, -7.037, -6.621]
-6.839: (move f0-3f f1-3f)
  distribution: [-8.220, -7.825, -7.539, -7.289, -7.343, -7.205, -7.246, -7.210, -7.044, -7.074, -6.894, -7.089, -6.927, -7.032, -6.680, -6.822, -6.635, -6.741, -6.877, -6.578, -6.599, -6.589, -6.630, -6.497, -6.419, -6.575, -6.458, -6.259, -6.530, -6.109, -6.130, -5.778]
-6.706: (putdown f1-3f key2-1)
  distribution: [-7.988, -7.581, -7.303, -7.107, -7.164, -7.112, -7.051, -7.063, -6.922, -6.973, -6.711, -6.955, -6.829, -6.899, -6.505, -6.803, -6.540, -6.645, -6.763, -6.391, -6.539, -6.469, -6.524, -6.368, -6.305, -6.463, -6.428, -6.156, -6.386, -6.025, -6.014, -5.610]
-5.746: (move f1-3f f1-4f)
  distribution: [-7.270, -6.780, -6.524, -6.236, -6.291, -6.233, -6.144, -6.123, -5.984, -5.931, -5.836, -6.018, -5.821, -5.956, -5.635, -5.734, -5.625, -5.563, -5.712, -5.483, -5.456, -5.476, -5.690, -5.267, -5.265, -5.389, -5.275, -5.093, -5.313, -5.063, -4.931, -4.759]
-4.984: (pickup f1-4f key1-1)
  distribution: [-6.784, -6.186, -5.861, -5.501, -5.508, -5.385, -5.314, -5.390, -5.272, -5.219, -5.131, -5.105, -5.037, -5.155, -4.808, -4.997, -4.889, -4.833, -4.874, -4.672, -4.575, -4.737, -4.866, -4.460, -4.605, -4.500, -4.526, -4.406, -4.513, -4.285, -4.144, -3.952]
-7.440: (move f1-4f f0-4f)
  distribution: [-9.777, -9.270, -8.675, -8.429, -8.210, -8.078, -8.082, -8.010, -7.833, -7.816, -7.764, -7.768, -7.463, -7.660, -7.330, -7.184, -6.921, -7.241, -7.217, -7.170, -7.157, -7.023, -7.092, -7.040, -6.700, -6.808, -6.600, -6.621, -6.900, -6.354, -5.900, -5.983]
-6.390: (move f0-4f f0-3f)
  distribution: [-8.367, -7.888, -7.428, -7.110, -7.049, -6.865, -6.894, -6.829, -6.708, -6.675, -6.643, -6.650, -6.452, -6.599, -6.240, -6.216, -6.029, -6.166, -6.222, -6.213, -6.122, -6.074, -6.226, -6.026, -5.750, -5.894, -5.708, -5.658, -5.933, -5.483, -5.193, -5.164]
-7.978: (move f0-3f f0-2f)
  distribution: [-10.574, -9.904, -9.349, -9.063, -8.857, -8.783, -8.772, -8.665, -8.473, -8.397, -8.287, -8.256, -8.093, -8.256, -7.826, -7.880, -7.532, -7.713, -7.842, -7.576, -7.566, -7.518, -7.565, -7.384, -7.222, -7.266, -7.081, -6.945, -7.210, -6.732, -6.432, -6.287]
-8.826: (move f0-2f f0-1f)
  distribution: [-11.661, -10.924, -10.330, -10.110, -9.820, -9.832, -9.802, -9.606, -9.396, -9.286, -9.163, -9.131, -9.063, -9.094, -8.692, -8.721, -8.273, -8.543, -8.712, -8.371, -8.440, -8.297, -8.355, -8.117, -7.937, -8.027, -7.827, -7.591, -7.859, -7.435, -7.115, -6.903]
-9.338: (move f0-1f f1-1f)
  distribution: [-12.118, -11.383, -10.789, -10.599, -10.341, -10.477, -10.352, -10.157, -9.884, -9.898, -9.674, -9.608, -9.651, -9.609, -9.125, -9.255, -8.722, -9.122, -9.280, -8.810, -8.958, -8.837, -8.908, -8.555, -8.464, -8.543, -8.483, -8.005, -8.290, -7.919, -7.715, -7.271]
-9.923: (move f1-1f f2-1f)
  distribution: [-13.367, -12.495, -11.680, -11.622, -11.322, -11.316, -11.227, -10.806, -10.614, -10.557, -10.308, -10.445, -10.239, -10.275, -9.694, -9.727, -9.216, -9.657, -9.807, -9.444, -9.434, -9.310, -9.315, -8.988, -8.739, -8.942, -8.820, -8.297, -8.575, -8.112, -7.726, -7.465]
-9.455: (putdown f2-1f key1-1)
  distribution: [-13.328, -12.221, -11.694, -11.216, -10.974, -10.790, -10.804, -10.502, -10.342, -10.096, -9.870, -9.725, -9.710, -9.795, -9.099, -9.574, -9.025, -9.089, -9.255, -8.845, -8.767, -8.829, -8.855, -8.339, -8.361, -8.176, -8.178, -7.739, -7.950, -7.435, -7.215, -6.757]
-5.100: (pickup f2-1f key2-0)
  distribution: [-6.876, -6.289, -5.949, -5.608, -5.621, -5.515, -5.431, -5.521, -5.402, -5.357, -5.236, -5.232, -5.154, -5.280, -4.922, -5.114, -5.009, -4.973, -4.997, -4.785, -4.697, -4.848, -4.997, -4.563, -4.711, -4.616, -4.656, -4.504, -4.637, -4.408, -4.252, -4.055]
-9.755: (move f2-1f f1-1f)
  distribution: [-12.611, -11.854, -11.240, -11.122, -10.823, -10.982, -10.781, -10.652, -10.257, -10.345, -10.085, -9.958, -10.025, -10.176, -9.484, -9.703, -9.089, -9.579, -9.701, -9.238, -9.406, -9.319, -9.294, -8.907, -8.880, -8.952, -8.827, -8.343, -8.769, -8.231, -7.948, -7.582]
-9.861: (move f1-1f f0-1f)
  distribution: [-12.930, -12.072, -11.646, -11.246, -10.962, -10.934, -10.949, -10.800, -10.549, -10.454, -10.193, -10.153, -10.043, -10.235, -9.691, -9.942, -9.426, -9.621, -9.695, -9.216, -9.393, -9.372, -9.365, -8.904, -9.014, -8.881, -8.816, -8.415, -8.894, -8.212, -7.962, -7.567]
-9.720: (move f0-1f f0-2f)
  distribution: [-12.515, -11.743, -11.383, -10.957, -10.726, -10.751, -10.669, -10.585, -10.342, -10.268, -10.031, -9.939, -9.895, -10.048, -9.563, -9.823, -9.276, -9.508, -9.556, -9.135, -9.355, -9.252, -9.290, -8.890, -8.941, -8.809, -8.750, -8.423, -8.869, -8.223, -7.914, -7.596]
-9.186: (move f0-2f f0-3f)
  distribution: [-12.102, -11.405, -10.828, -10.485, -10.220, -10.127, -10.157, -10.023, -9.841, -9.763, -9.557, -9.475, -9.281, -9.537, -9.052, -9.148, -8.624, -8.923, -8.955, -8.722, -8.704, -8.692, -8.742, -8.448, -8.355, -8.229, -8.120, -7.936, -8.352, -7.726, -7.271, -7.141]
-7.340: (move f0-3f f0-4f)
  distribution: [-9.678, -9.174, -8.552, -8.319, -8.112, -7.967, -7.982, -7.914, -7.728, -7.717, -7.652, -7.665, -7.366, -7.572, -7.225, -7.098, -6.836, -7.138, -7.137, -7.047, -7.012, -6.932, -6.994, -6.932, -6.613, -6.719, -6.518, -6.505, -6.788, -6.260, -5.834, -5.899]
-6.610: (move f0-4f f1-4f)
  distribution: [-8.851, -8.347, -7.724, -7.502, -7.423, -7.251, -7.226, -7.090, -6.964, -7.018, -6.891, -6.876, -6.709, -6.839, -6.404, -6.364, -6.118, -6.377, -6.432, -6.387, -6.250, -6.263, -6.392, -6.218, -5.846, -6.072, -5.872, -5.773, -5.979, -5.571, -5.250, -5.253]
-7.852: (putdown f1-4f key2-0)
  distribution: [-10.836, -10.047, -9.441, -9.132, -8.966, -8.728, -8.914, -8.602, -8.550, -8.363, -8.111, -8.189, -7.922, -8.160, -7.536, -7.839, -7.465, -7.523, -7.694, -7.360, -7.183, -7.418, -7.366, -7.091, -6.883, -7.018, -6.971, -6.666, -6.694, -6.449, -6.344, -5.787]
-6.353: (move f1-4f f0-4f)
  distribution: [-7.745, -7.374, -7.070, -6.823, -6.708, -6.760, -6.711, -6.792, -6.556, -6.657, -6.434, -6.590, -6.345, -6.599, -6.233, -6.354, -6.192, -6.258, -6.364, -6.059, -6.059, -6.128, -6.288, -5.938, -5.922, -6.041, -5.943, -5.726, -6.103, -5.677, -5.569, -5.284]
-7.303: (move f0-4f f0-3f)
  distribution: [-8.441, -8.115, -8.045, -7.680, -7.602, -7.651, -7.663, -7.703, -7.495, -7.544, -7.310, -7.615, -7.295, -7.473, -7.235, -7.380, -7.164, -7.247, -7.342, -6.905, -7.134, -7.058, -7.111, -7.028, -6.936, -7.060, -6.980, -6.797, -7.164, -6.619, -6.630, -6.283]
-6.188: (move f0-3f f1-3f)
  distribution: [-7.378, -7.018, -6.804, -6.478, -6.583, -6.450, -6.479, -6.509, -6.349, -6.357, -6.243, -6.395, -6.247, -6.397, -6.081, -6.249, -6.084, -6.096, -6.214, -5.963, -5.972, -5.955, -6.115, -5.833, -5.856, -5.948, -5.853, -5.654, -6.028, -5.594, -5.556, -5.264]
-6.178: (pickup f1-3f key2-1)
  distribution: [-7.437, -7.073, -6.808, -6.537, -6.567, -6.577, -6.477, -6.567, -6.454, -6.360, -6.203, -6.342, -6.265, -6.314, -6.059, -6.233, -6.097, -6.068, -6.215, -6.013, -5.989, -5.933, -6.087, -5.824, -5.848, -5.934, -5.824, -5.596, -5.850, -5.558, -5.447, -5.142]
-7.266: (move f1-3f f0-3f)
  distribution: [-8.316, -8.026, -7.893, -7.614, -7.541, -7.599, -7.576, -7.640, -7.400, -7.492, -7.261, -7.578, -7.258, -7.473, -7.189, -7.317, -7.089, -7.237, -7.350, -6.897, -7.092, -7.042, -7.066, -7.022, -6.920, -7.076, -6.994, -6.796, -7.166, -6.641, -6.640, -6.300]
-6.694: (putdown f0-3f key2-1)
  distribution: [-7.666, -7.341, -7.154, -6.973, -7.050, -7.080, -6.963, -6.980, -6.805, -6.967, -6.714, -6.939, -6.842, -6.806, -6.507, -6.706, -6.484, -6.714, -6.750, -6.406, -6.635, -6.515, -6.556, -6.371, -6.411, -6.508, -6.544, -6.242, -6.516, -6.227, -6.193, -5.638]
-5.960: (move f0-3f f0-4f)
  distribution: [-7.046, -6.699, -6.496, -6.184, -6.271, -6.193, -6.207, -6.264, -6.083, -6.088, -6.025, -6.151, -6.003, -6.169, -5.878, -6.007, -5.861, -5.880, -6.001, -5.790, -5.760, -5.741, -5.927, -5.590, -5.680, -5.742, -5.654, -5.492, -5.841, -5.476, -5.408, -5.110]
-5.314: (move f0-4f f1-4f)
  distribution: [-6.638, -6.188, -5.964, -5.739, -5.739, -5.694, -5.602, -5.660, -5.484, -5.517, -5.477, -5.512, -5.333, -5.531, -5.209, -5.273, -5.185, -5.202, -5.260, -5.101, -4.926, -5.132, -5.277, -4.869, -4.967, -4.984, -4.939, -4.781, -4.985, -4.748, -4.623, -4.495]
-4.188: (pickup f1-4f key2-0)
  distribution: [-5.598, -5.061, -4.726, -4.658, -4.577, -4.440, -4.437, -4.402, -4.459, -4.360, -4.327, -4.251, -4.347, -4.204, -3.988, -4.198, -4.013, -4.042, -4.173, -4.050, -3.921, -3.970, -4.061, -3.861, -3.937, -3.910, -3.773, -3.762, -3.864, -3.641, -3.572, -3.442]
-7.056: (move f1-4f f0-4f)
  distribution: [-9.354, -8.851, -8.258, -8.002, -7.835, -7.654, -7.671, -7.577, -7.437, -7.413, -7.365, -7.359, -7.108, -7.264, -6.928, -6.789, -6.560, -6.844, -6.831, -6.800, -6.764, -6.645, -6.757, -6.667, -6.342, -6.447, -6.229, -6.244, -6.526, -6.011, -5.578, -5.673]
-6.681: (move f0-4f f0-3f)
  distribution: [-8.935, -8.408, -7.835, -7.534, -7.429, -7.165, -7.292, -7.183, -7.044, -6.979, -6.929, -7.004, -6.727, -6.929, -6.543, -6.509, -6.305, -6.435, -6.509, -6.427, -6.361, -6.309, -6.414, -6.236, -5.987, -6.126, -5.907, -5.863, -6.150, -5.659, -5.330, -5.339]
-8.027: (move f0-3f f0-2f)
  distribution: [-10.633, -9.946, -9.417, -9.117, -8.917, -8.839, -8.835, -8.720, -8.521, -8.442, -8.333, -8.310, -8.149, -8.308, -7.884, -7.956, -7.594, -7.754, -7.893, -7.603, -7.605, -7.567, -7.607, -7.414, -7.269, -7.304, -7.128, -6.982, -7.247, -6.775, -6.494, -6.314]
-8.846: (move f0-2f f0-1f)
  distribution: [-11.662, -10.926, -10.369, -10.098, -9.831, -9.785, -9.841, -9.635, -9.422, -9.290, -9.178, -9.162, -9.046, -9.128, -8.745, -8.764, -8.342, -8.555, -8.737, -8.367, -8.401, -8.336, -8.358, -8.121, -7.998, -8.039, -7.846, -7.613, -7.908, -7.456, -7.206, -6.920]
-9.429: (move f0-1f f1-1f)
  distribution: [-12.219, -11.476, -10.889, -10.707, -10.438, -10.578, -10.459, -10.249, -9.983, -10.002, -9.764, -9.702, -9.755, -9.707, -9.212, -9.347, -8.804, -9.217, -9.367, -8.896, -9.060, -8.925, -8.999, -8.634, -8.542, -8.636, -8.572, -8.086, -8.375, -7.997, -7.795, -7.344]
-9.758: (move f1-1f f2-1f)
  distribution: [-13.199, -12.327, -11.514, -11.433, -11.156, -11.115, -11.062, -10.635, -10.431, -10.369, -10.153, -10.286, -10.062, -10.107, -9.543, -9.549, -9.055, -9.473, -9.624, -9.296, -9.254, -9.156, -9.148, -8.821, -8.594, -8.773, -8.638, -8.152, -8.426, -7.959, -7.608, -7.335]
-9.322: (putdown f2-1f key2-0)
  distribution: [-13.161, -12.047, -11.577, -11.045, -10.820, -10.632, -10.651, -10.376, -10.198, -9.947, -9.724, -9.566, -9.561, -9.653, -8.971, -9.489, -8.943, -8.962, -9.116, -8.681, -8.639, -8.698, -8.725, -8.221, -8.246, -8.044, -8.070, -7.632, -7.829, -7.298, -7.130, -6.646]
-5.056: (pickup f2-1f key1-1)
  distribution: [-6.762, -6.188, -5.871, -5.551, -5.558, -5.451, -5.380, -5.451, -5.359, -5.306, -5.187, -5.188, -5.116, -5.222, -4.882, -5.063, -4.961, -4.931, -4.959, -4.754, -4.674, -4.813, -4.954, -4.539, -4.680, -4.590, -4.627, -4.486, -4.605, -4.389, -4.239, -4.045]
-10.059: (move f2-1f f1-1f)
  distribution: [-13.059, -12.234, -11.653, -11.495, -11.173, -11.295, -11.130, -10.986, -10.642, -10.670, -10.392, -10.292, -10.347, -10.479, -9.791, -10.023, -9.438, -9.879, -9.982, -9.509, -9.705, -9.589, -9.565, -9.126, -9.183, -9.194, -9.071, -8.573, -9.041, -8.446, -8.154, -7.768]
-10.054: (move f1-1f f0-1f)
  distribution: [-13.222, -12.339, -11.876, -11.525, -11.193, -11.185, -11.177, -11.002, -10.779, -10.686, -10.391, -10.361, -10.262, -10.448, -9.863, -10.130, -9.581, -9.813, -9.902, -9.406, -9.592, -9.537, -9.548, -9.071, -9.139, -9.040, -8.984, -8.561, -9.034, -8.355, -8.039, -7.694]
-9.793: (move f0-1f f0-2f)
  distribution: [-12.630, -11.845, -11.472, -11.054, -10.820, -10.833, -10.755, -10.663, -10.442, -10.349, -10.104, -10.018, -9.979, -10.126, -9.632, -9.901, -9.354, -9.578, -9.623, -9.207, -9.425, -9.315, -9.353, -8.944, -9.008, -8.861, -8.809, -8.478, -8.928, -8.273, -7.957, -7.642]
-9.490: (move f0-2f f0-3f)
  distribution: [-12.541, -11.808, -11.162, -10.909, -10.589, -10.517, -10.528, -10.351, -10.253, -10.128, -9.860, -9.830, -9.641, -9.857, -9.320, -9.414, -8.849, -9.227, -9.242, -9.041, -9.043, -8.977, -9.027, -8.679, -8.590, -8.513, -8.380, -8.149, -8.581, -7.927, -7.424, -7.332]
-8.099: (move f0-3f f0-4f)
  distribution: [-10.613, -10.036, -9.455, -9.195, -8.953, -8.875, -8.854, -8.761, -8.608, -8.561, -8.450, -8.412, -8.156, -8.348, -7.978, -7.916, -7.559, -7.863, -7.884, -7.756, -7.740, -7.653, -7.725, -7.588, -7.321, -7.356, -7.190, -7.149, -7.429, -6.922, -6.432, -6.417]
-6.617: (move f0-4f f1-4f)
  distribution: [-8.838, -8.348, -7.745, -7.507, -7.420, -7.214, -7.247, -7.077, -7.004, -7.004, -6.888, -6.912, -6.715, -6.829, -6.438, -6.360, -6.126, -6.372, -6.419, -6.419, -6.275, -6.256, -6.390, -6.249, -5.848, -6.066, -5.855, -5.809, -5.997, -5.592, -5.260, -5.277]
-8.347: (putdown f1-4f key1-1)
  distribution: [-11.232, -10.456, -9.940, -9.636, -9.473, -9.297, -9.496, -9.127, -9.119, -8.924, -8.596, -8.686, -8.478, -8.615, -8.033, -8.337, -7.931, -8.023, -8.188, -7.827, -7.677, -7.930, -7.893, -7.565, -7.393, -7.505, -7.476, -7.113, -7.153, -6.913, -6.894, -6.163]
-7.205: (move f1-4f f0-4f)
  distribution: [-8.871, -8.417, -8.107, -7.870, -7.712, -7.767, -7.730, -7.708, -7.481, -7.589, -7.278, -7.493, -7.259, -7.390, -7.020, -7.192, -6.968, -7.099, -7.190, -6.797, -6.931, -6.925, -6.997, -6.782, -6.683, -6.835, -6.721, -6.470, -6.766, -6.329, -6.250, -5.933]
-7.798: (move f0-4f f0-3f)
  distribution: [-9.146, -8.756, -8.666, -8.319, -8.159, -8.274, -8.257, -8.290, -8.015, -8.047, -7.863, -8.129, -7.816, -7.926, -7.735, -7.858, -7.624, -7.718, -7.835, -7.338, -7.611, -7.518, -7.561, -7.449, -7.380, -7.482, -7.382, -7.183, -7.530, -7.026, -7.030, -6.610]
-6.969: (move f0-3f f1-3f)
  distribution: [-8.423, -8.017, -7.707, -7.466, -7.491, -7.385, -7.425, -7.358, -7.208, -7.229, -7.017, -7.247, -7.074, -7.133, -6.820, -6.954, -6.761, -6.858, -6.986, -6.674, -6.733, -6.691, -6.747, -6.605, -6.509, -6.677, -6.557, -6.366, -6.606, -6.216, -6.219, -5.846]
-8.152: (move f1-3f f2-3f)
  distribution: [-9.709, -9.265, -9.136, -8.761, -8.616, -8.749, -8.685, -8.711, -8.402, -8.448, -8.254, -8.448, -8.208, -8.285, -8.063, -8.300, -7.949, -8.025, -8.163, -7.615, -7.940, -7.829, -7.904, -7.759, -7.673, -7.728, -7.661, -7.442, -7.759, -7.295, -7.257, -6.831]
-6.780: (move f2-3f f2-4f)
  distribution: [-8.417, -7.918, -7.621, -7.349, -7.338, -7.238, -7.289, -7.210, -7.037, -7.062, -6.896, -7.004, -6.941, -6.933, -6.602, -6.735, -6.572, -6.623, -6.745, -6.481, -6.538, -6.480, -6.610, -6.331, -6.327, -6.404, -6.292, -6.060, -6.352, -6.007, -5.943, -5.596]
-8.046: (move f2-4f f3-4f)
  distribution: [-9.666, -9.247, -8.979, -8.733, -8.628, -8.773, -8.643, -8.599, -8.378, -8.429, -8.208, -8.351, -8.148, -8.135, -7.921, -8.020, -7.739, -7.915, -8.015, -7.542, -7.773, -7.737, -7.843, -7.659, -7.490, -7.607, -7.538, -7.286, -7.539, -7.164, -7.106, -6.675]
-8.673: (move f3-4f f3-3f)
  distribution: [-10.318, -9.911, -9.557, -9.422, -9.236, -9.498, -9.206, -9.261, -8.787, -9.027, -8.925, -8.981, -8.826, -8.783, -8.541, -8.581, -8.164, -8.568, -8.731, -8.238, -8.485, -8.402, -8.468, -8.264, -8.153, -8.255, -8.189, -7.858, -8.160, -7.875, -7.645, -7.208]
-7.894: (move f3-3f f3-2f)
  distribution: [-9.779, -9.251, -8.876, -8.650, -8.478, -8.615, -8.476, -8.463, -8.103, -8.176, -8.089, -8.146, -8.077, -8.030, -7.759, -7.846, -7.571, -7.748, -7.894, -7.472, -7.673, -7.495, -7.585, -7.454, -7.406, -7.396, -7.283, -7.084, -7.363, -7.019, -6.819, -6.529]
-6.413: (move f3-2f f3-1f)
  distribution: [-7.877, -7.406, -7.146, -6.855, -6.934, -6.799, -6.849, -6.782, -6.614, -6.615, -6.504, -6.637, -6.582, -6.583, -6.247, -6.416, -6.273, -6.272, -6.400, -6.141, -6.188, -6.117, -6.290, -5.997, -6.015, -6.088, -5.988, -5.755, -6.085, -5.730, -5.666, -5.360]
-5.251: (move f3-1f f2-1f)
  distribution: [-6.755, -6.274, -5.967, -5.678, -5.776, -5.720, -5.555, -5.603, -5.462, -5.514, -5.379, -5.421, -5.303, -5.449, -5.141, -5.282, -5.111, -5.096, -5.102, -4.982, -4.884, -5.042, -5.239, -4.795, -4.828, -4.824, -4.800, -4.679, -4.900, -4.624, -4.434, -4.409]
-5.380: (pickup f2-1f key2-0)
  distribution: [-7.695, -6.975, -6.553, -6.033, -6.071, -5.877, -5.848, -5.939, -5.711, -5.646, -5.556, -5.561, -5.383, -5.653, -5.203, -5.420, -5.334, -5.153, -5.208, -4.992, -4.768, -5.041, -5.222, -4.725, -4.848, -4.729, -4.747, -4.604, -4.773, -4.476, -4.306, -4.090]
-8.646: (move f2-1f f3-1f)
  distribution: [-11.412, -10.762, -10.107, -9.857, -9.708, -9.590, -9.607, -9.366, -9.325, -9.167, -8.968, -8.967, -8.795, -8.986, -8.505, -8.555, -8.056, -8.340, -8.415, -8.344, -8.193, -8.168, -8.217, -7.993, -7.805, -7.789, -7.608, -7.477, -7.771, -7.257, -6.838, -6.726]
-7.084: (unlock f3-1f f4-1f key2-0 shape2)
  distribution: [-9.701, -8.926, -8.405, -8.118, -8.051, -7.693, -7.784, -7.613, -7.813, -7.594, -7.303, -7.405, -7.173, -7.394, -6.727, -7.062, -6.767, -6.851, -6.946, -6.609, -6.546, -6.674, -6.805, -6.381, -6.353, -6.385, -6.335, -6.097, -6.293, -5.895, -5.665, -5.333]
-7.576: (move f3-1f f3-2f)
  distribution: [-10.112, -9.535, -8.796, -8.696, -8.546, -8.399, -8.470, -8.133, -8.142, -8.027, -7.884, -7.917, -7.748, -7.807, -7.396, -7.297, -6.970, -7.268, -7.360, -7.398, -7.181, -7.115, -7.185, -7.084, -6.665, -6.891, -6.673, -6.611, -6.691, -6.399, -6.059, -5.981]
-8.103: (move f3-2f f3-3f)
  distribution: [-10.843, -10.197, -9.384, -9.374, -9.176, -9.192, -9.082, -8.757, -8.612, -8.583, -8.452, -8.412, -8.399, -8.313, -7.850, -7.827, -7.395, -7.796, -7.934, -7.897, -7.768, -7.604, -7.684, -7.517, -7.070, -7.413, -7.171, -6.979, -7.013, -6.814, -6.461, -6.324]
-7.757: (move f3-3f f3-4f)
  distribution: [-10.219, -9.638, -8.934, -8.834, -8.794, -8.807, -8.635, -8.405, -8.237, -8.075, -8.048, -8.118, -8.018, -7.816, -7.619, -7.497, -7.317, -7.433, -7.647, -7.412, -7.379, -7.259, -7.312, -7.220, -6.954, -7.179, -6.894, -6.635, -6.782, -6.561, -6.400, -6.145]
-7.083: (putdown f3-4f key2-0)
  distribution: [-9.126, -8.533, -8.205, -7.940, -7.926, -8.229, -7.691, -7.684, -7.262, -7.291, -7.283, -7.354, -7.278, -7.094, -6.956, -6.993, -6.861, -6.965, -7.102, -6.537, -6.950, -6.698, -6.819, -6.618, -6.426, -6.680, -6.500, -6.047, -6.335, -5.986, -5.755, -5.522]
-7.069: (move f3-4f f2-4f)
  distribution: [-8.619, -8.183, -7.864, -7.635, -7.605, -7.564, -7.563, -7.498, -7.326, -7.378, -7.137, -7.346, -7.187, -7.218, -6.898, -7.060, -6.839, -6.952, -7.073, -6.739, -6.814, -6.787, -6.854, -6.672, -6.560, -6.735, -6.644, -6.422, -6.626, -6.280, -6.265, -5.875]
-6.231: (move f2-4f f1-4f)
  distribution: [-7.898, -7.398, -7.096, -6.848, -6.833, -6.731, -6.732, -6.654, -6.498, -6.452, -6.362, -6.527, -6.323, -6.432, -6.067, -6.151, -6.042, -6.045, -6.234, -5.956, -5.914, -5.970, -6.123, -5.768, -5.679, -5.886, -5.773, -5.483, -5.721, -5.438, -5.325, -5.043]
-5.230: (pickup f1-4f key1-1)
  distribution: [-6.895, -6.335, -6.027, -5.722, -5.725, -5.649, -5.575, -5.639, -5.521, -5.477, -5.350, -5.400, -5.297, -5.411, -5.060, -5.248, -5.146, -5.129, -5.149, -4.940, -4.837, -4.971, -5.146, -4.704, -4.839, -4.767, -4.815, -4.635, -4.766, -4.575, -4.425, -4.189]
-5.095: (move f1-4f f2-4f)
  distribution: [-6.394, -5.984, -5.826, -5.467, -5.508, -5.527, -5.290, -5.429, -5.224, -5.292, -5.327, -5.190, -5.107, -5.278, -4.979, -4.937, -4.860, -4.971, -4.890, -5.013, -4.888, -4.910, -5.116, -4.779, -4.735, -4.737, -4.639, -4.635, -4.900, -4.532, -4.369, -4.294]
-4.644: (move f2-4f f3-4f)
  distribution: [-5.788, -5.387, -5.195, -5.035, -5.011, -5.055, -4.829, -4.895, -4.771, -4.845, -4.880, -4.670, -4.736, -4.781, -4.473, -4.483, -4.407, -4.492, -4.525, -4.540, -4.456, -4.530, -4.629, -4.361, -4.371, -4.426, -4.247, -4.226, -4.415, -4.122, -4.043, -3.982]
-3.828: (move f3-4f f4-4f)
  distribution: [-4.458, -4.222, -4.146, -4.082, -4.040, -4.204, -4.046, -4.034, -3.912, -3.964, -4.030, -3.826, -4.028, -3.952, -3.667, -3.821, -3.659, -3.637, -3.792, -3.743, -3.690, -3.734, -3.851, -3.684, -3.690, -3.764, -3.492, -3.463, -3.657, -3.397, -3.461, -3.340]
-3.032: (move f4-4f f4-3f)
  distribution: [-3.367, -3.300, -3.106, -3.242, -3.251, -3.241, -3.261, -3.175, -3.001, -3.025, -3.045, -3.093, -3.232, -3.208, -2.945, -2.960, -2.875, -3.010, -3.134, -2.930, -2.904, -3.047, -2.928, -2.953, -2.940, -2.988, -2.842, -2.731, -2.963, -2.719, -2.815, -2.797]
-2.188: (move f4-3f f4-2f)
  distribution: [-2.439, -2.357, -2.169, -2.227, -2.354, -2.418, -2.102, -2.465, -2.200, -2.185, -2.322, -2.195, -2.249, -2.161, -2.210, -2.182, -2.155, -2.088, -2.205, -2.058, -2.244, -2.193, -2.355, -2.120, -2.094, -2.181, -2.085, -1.978, -2.094, -1.989, -1.996, -1.936]
-1.140: (putdown f4-2f key1-1)
  distribution: [-1.251, -1.253, -1.330, -1.046, -1.251, -1.455, -1.240, -1.146, -1.084, -1.165, -1.091, -1.040, -1.266, -1.077, -1.165, -1.080, -1.265, -0.954, -1.167, -1.231, -1.342, -1.011, -1.000, -1.412, -0.879, -1.191, -1.067, -1.112, -0.782, -1.083, -1.179, -0.862]
Found a solution of length 157!
   1: (move f4-3f f3-3f)
   2: (move f3-3f f2-3f)
   3: (move f2-3f f1-3f)
   4: (move f1-3f f0-3f)
   5: (move f0-3f f0-4f)
   6: (pickup f0-4f key0-0)
   7: (move f0-4f f0-3f)
   8: (move f0-3f f1-3f)
   9: (move f1-3f f1-4f)
  10: (move f1-4f f2-4f)
  11: (move f2-4f f2-3f)
  12: (move f2-3f f3-3f)
  13: (move f3-3f f3-4f)
  14: (move f3-4f f4-4f)
  15: (move f4-4f f4-3f)
  16: (move f4-3f f4-2f)
  17: (move f4-2f f3-2f)
  18: (unlock f3-2f f3-1f key0-0 shape0)
  19: (move f3-2f f3-1f)
  20: (pickup-and-loose f3-1f key0-1 key0-0)
  21: (move f3-1f f3-2f)
  22: (move f3-2f f3-3f)
  23: (move f3-3f f2-3f)
  24: (putdown f2-3f key0-1)
  25: (move f2-3f f1-3f)
  26: (pickup f1-3f key2-0)
  27: (move f1-3f f1-4f)
  28: (move f1-4f f0-4f)
  29: (move f0-4f f0-3f)
  30: (move f0-3f f0-2f)
  31: (move f0-2f f0-1f)
  32: (move f0-1f f1-1f)
  33: (move f1-1f f2-1f)
  34: (putdown f2-1f key2-0)
  35: (pickup f2-1f key1-1)
  36: (move f2-1f f1-1f)
  37: (move f1-1f f0-1f)
  38: (move f0-1f f0-2f)
  39: (move f0-2f f0-3f)
  40: (move f0-3f f0-4f)
  41: (move f0-4f f1-4f)
  42: (putdown f1-4f key1-1)
  43: (move f1-4f f0-4f)
  44: (move f0-4f f0-3f)
  45: (move f0-3f f1-3f)
  46: (move f1-3f f2-3f)
  47: (move f2-3f f2-4f)
  48: (pickup f2-4f key2-1)
  49: (move f2-4f f1-4f)
  50: (pickup-and-loose f1-4f key1-1 key2-1)
  51: (move f1-4f f0-4f)
  52: (move f0-4f f0-3f)
  53: (move f0-3f f0-2f)
  54: (move f0-2f f0-1f)
  55: (move f0-1f f1-1f)
  56: (move f1-1f f2-1f)
  57: (putdown f2-1f key1-1)
  58: (pickup f2-1f key2-0)
  59: (move f2-1f f1-1f)
  60: (move f1-1f f0-1f)
  61: (move f0-1f f0-2f)
  62: (move f0-2f f0-3f)
  63: (move f0-3f f0-4f)
  64: (move f0-4f f1-4f)
  65: (putdown f1-4f key2-0)
  66: (pickup f1-4f key2-1)
  67: (move f1-4f f0-4f)
  68: (putdown f0-4f key2-1)
  69: (move f0-4f f1-4f)
  70: (pickup f1-4f key2-0)
  71: (move f1-4f f0-4f)
  72: (move f0-4f f0-3f)
  73: (move f0-3f f0-2f)
  74: (move f0-2f f0-1f)
  75: (move f0-1f f1-1f)
  76: (move f1-1f f2-1f)
  77: (putdown f2-1f key2-0)
  78: (pickup f2-1f key1-1)
  79: (move f2-1f f1-1f)
  80: (move f1-1f f0-1f)
  81: (move f0-1f f0-2f)
  82: (move f0-2f f0-3f)
  83: (move f0-3f f0-4f)
  84: (move f0-4f f1-4f)
  85: (putdown f1-4f key1-1)
  86: (move f1-4f f0-4f)
  87: (pickup f0-4f key2-1)
  88: (move f0-4f f0-3f)
  89: (move f0-3f f1-3f)
  90: (putdown f1-3f key2-1)
  91: (move f1-3f f1-4f)
  92: (pickup f1-4f key1-1)
  93: (move f1-4f f0-4f)
  94: (move f0-4f f0-3f)
  95: (move f0-3f f0-2f)
  96: (move f0-2f f0-1f)
  97: (move f0-1f f1-1f)
  98: (move f1-1f f2-1f)
  99: (putdown f2-1f key1-1)
 100: (pickup f2-1f key2-0)
 101: (move f2-1f f1-1f)
 102: (move f1-1f f0-1f)
 103: (move f0-1f f0-2f)
 104: (move f0-2f f0-3f)
 105: (move f0-3f f0-4f)
 106: (move f0-4f f1-4f)
 107: (putdown f1-4f key2-0)
 108: (move f1-4f f0-4f)
 109: (move f0-4f f0-3f)
 110: (move f0-3f f1-3f)
 111: (pickup f1-3f key2-1)
 112: (move f1-3f f0-3f)
 113: (putdown f0-3f key2-1)
 114: (move f0-3f f0-4f)
 115: (move f0-4f f1-4f)
 116: (pickup f1-4f key2-0)
 117: (move f1-4f f0-4f)
 118: (move f0-4f f0-3f)
 119: (move f0-3f f0-2f)
 120: (move f0-2f f0-1f)
 121: (move f0-1f f1-1f)
 122: (move f1-1f f2-1f)
 123: (putdown f2-1f key2-0)
 124: (pickup f2-1f key1-1)
 125: (move f2-1f f1-1f)
 126: (move f1-1f f0-1f)
 127: (move f0-1f f0-2f)
 128: (move f0-2f f0-3f)
 129: (move f0-3f f0-4f)
 130: (move f0-4f f1-4f)
 131: (putdown f1-4f key1-1)
 132: (move f1-4f f0-4f)
 133: (move f0-4f f0-3f)
 134: (move f0-3f f1-3f)
 135: (move f1-3f f2-3f)
 136: (move f2-3f f2-4f)
 137: (move f2-4f f3-4f)
 138: (move f3-4f f3-3f)
 139: (move f3-3f f3-2f)
 140: (move f3-2f f3-1f)
 141: (move f3-1f f2-1f)
 142: (pickup f2-1f key2-0)
 143: (move f2-1f f3-1f)
 144: (unlock f3-1f f4-1f key2-0 shape2)
 145: (move f3-1f f3-2f)
 146: (move f3-2f f3-3f)
 147: (move f3-3f f3-4f)
 148: (putdown f3-4f key2-0)
 149: (move f3-4f f2-4f)
 150: (move f2-4f f1-4f)
 151: (pickup f1-4f key1-1)
 152: (move f1-4f f2-4f)
 153: (move f2-4f f3-4f)
 154: (move f3-4f f4-4f)
 155: (move f4-4f f4-3f)
 156: (move f4-3f f4-2f)
 157: (putdown f4-2f key1-1)
