Torch: 2.12.0+cu130
Using GPU:  NVIDIA L40S
[oracle] IQN loaded: models/grid_iqn.pth (metric=w1, mix_alpha=0.02)
/u/ibrahim.eisawy/Neural-Guided-Search/venv/lib/python3.10/site-packages/pymimir_rgnn/model.py:162: UserWarning: index_reduce() is in beta and the API may change at any time. (Triggered internally at /pytorch/aten/src/ATen/native/cuda/Indexing.cu:1541.)
  exps_max.index_reduce_(0, output_indices, output_messages, reduce="amax", include_self=False)
  [sim 500] root visits=500, unique states=499, generated=498
  [sim 1000] root visits=1000, unique states=773, generated=772
  [sim 1500] root visits=1500, unique states=1684, generated=1683
  [sim 2000] root visits=2000, unique states=2583, generated=2582
  [sim 2500] root visits=2500, unique states=2583, generated=2582
  [sim 3000] root visits=3000, unique states=2640, generated=2639
  [sim 3500] root visits=3500, unique states=2832, generated=2831
  [sim 4000] root visits=4000, unique states=2898, generated=2897
  [sim 4500] root visits=4500, unique states=2969, generated=2968
  [sim 5000] root visits=5000, unique states=3038, generated=3037
  [sim 5500] root visits=5500, unique states=3337, generated=3336
  [sim 6000] root visits=6000, unique states=4746, generated=4745
  [sim 6500] root visits=6500, unique states=6200, generated=6199
  [sim 7000] root visits=7000, unique states=7616, generated=7615
  [sim 7500] root visits=7500, unique states=8979, generated=8978
  [sim 8000] root visits=8000, unique states=10373, generated=10372
  [sim 8500] root visits=8500, unique states=11787, generated=11786
  [sim 9000] root visits=9000, unique states=13001, generated=13000
[Final] Expanded: 13439, Generated: 13439
[search done] simulations=9169, unique states generated=13439
Failed to find a solution!
