/u/ibrahim.eisawy/Neural-Guided-Search/venv/lib/python3.10/site-packages/pymimir_rgnn/model.py:151: UserWarning: index_reduce() is in beta and the API may change at any time. (Triggered internally at /pytorch/aten/src/ATen/native/cuda/Indexing.cu:1541.)
  max_msg.index_reduce_(0, output_indices, output_messages, reduce='amax', include_self=True)
Torch: 2.12.0+cu130
Using GPU:  NVIDIA L40S
63.856: (move f4-6f f5-6f)
63.850: (move f5-6f f5-5f)
63.207: (move f5-5f f6-5f)
64.115: (move f6-5f f6-6f)
66.279: (move f6-6f f6-7f)
65.348: (move f6-7f f5-7f)
65.244: (pickup f5-7f key0-3)
63.749: (move f5-7f f5-6f)
63.712: (move f5-6f f5-5f)
62.435: (unlock f5-5f f5-4f key0-3 shape0)
59.928: (move f5-5f f5-4f)
58.784: (unlock f5-4f f6-4f key0-3 shape0)
58.784: (pickup-and-loose f5-4f key0-2 key0-3)
58.799: (putdown f5-4f key0-2)
59.245: (move f5-4f f5-3f)
55.595: (pickup f5-3f key3-0)
54.388: (move f5-3f f6-3f)
55.842: (move f6-3f f6-4f)
54.541: (move f6-4f f5-4f)
57.385: (move f5-4f f4-4f)
57.607: (move f4-4f f4-3f)
56.287: (unlock f4-3f f4-2f key3-0 shape3)
54.626: (move f4-3f f5-3f)
53.433: (move f5-3f f6-3f)
54.656: (move f6-3f f6-4f)
53.577: (move f6-4f f5-4f)
56.037: (move f5-4f f4-4f)
57.598: (move f4-4f f4-5f)
56.142: (move f4-5f f5-5f)
55.821: (move f5-5f f6-5f)
57.141: (move f6-5f f7-5f)
57.474: (move f7-5f f7-4f)
58.095: (putdown f7-4f key3-0)
56.784: (move f7-4f f6-4f)
55.753: (move f6-4f f6-3f)
56.440: (move f6-3f f5-3f)
54.738: (pickup f5-3f key2-0)
54.608: (move f5-3f f6-3f)
53.907: (move f6-3f f6-4f)
54.255: (move f6-4f f7-4f)
54.100: (move f7-4f f7-5f)
54.495: (move f7-5f f6-5f)
54.114: (move f6-5f f5-5f)
54.635: (move f5-5f f5-4f)
55.324: (move f5-4f f4-4f)
55.322: (move f4-4f f4-5f)
56.327: (move f4-5f f3-5f)
56.324: (unlock f3-5f f3-6f key2-0 shape2)
55.313: (move f3-5f f4-5f)
54.115: (move f4-5f f5-5f)
54.495: (move f5-5f f6-5f)
53.907: (move f6-5f f6-4f)
54.255: (move f6-4f f7-4f)
54.100: (move f7-4f f7-5f)
56.690: (move f7-5f f7-6f)
55.603: (move f7-6f f6-6f)
55.322: (move f6-6f f5-6f)
56.341: (move f5-6f f4-6f)
56.325: (unlock f4-6f f4-7f key2-0 shape2)
55.306: (move f4-6f f5-6f)
54.115: (move f5-6f f5-5f)
54.498: (move f5-5f f6-5f)
53.909: (move f6-5f f6-4f)
54.253: (move f6-4f f7-4f)
54.102: (move f7-4f f7-5f)
56.690: (move f7-5f f7-6f)
55.598: (move f7-6f f6-6f)
57.102: (move f6-6f f6-7f)
56.193: (move f6-7f f5-7f)
57.046: (move f5-7f f4-7f)
57.387: (move f4-7f f3-7f)
57.113: (move f3-7f f3-6f)
56.330: (move f3-6f f3-5f)
55.310: (move f3-5f f4-5f)
55.320: (move f4-5f f4-4f)
54.636: (move f4-4f f5-4f)
54.738: (move f5-4f f5-3f)
54.607: (move f5-3f f6-3f)
54.656: (unlock f6-3f f7-3f key2-0 shape2)
54.132: (move f6-3f f6-4f)
54.449: (pickup-and-loose f6-4f key1-3 key2-0)
52.865: (move f6-4f f6-3f)
51.629: (move f6-3f f6-2f)
50.163: (unlock f6-2f f7-2f key1-3 shape1)
51.268: (move f6-2f f6-3f)
51.888: (move f6-3f f7-3f)
53.033: (move f7-3f f7-2f)
51.809: (move f7-2f f7-1f)
51.775: (move f7-1f f6-1f)
49.908: (pickup-and-loose f6-1f key3-2 key1-3)
48.093: (move f6-1f f6-2f)
49.279: (move f6-2f f6-3f)
49.864: (move f6-3f f7-3f)
50.733: (move f7-3f f7-2f)
49.773: (move f7-2f f7-1f)
50.780: (move f7-1f f7-0f)
51.292: (move f7-0f f6-0f)
52.619: (move f6-0f f5-0f)
51.999: (unlock f5-0f f4-0f key3-2 shape3)
50.197: (move f5-0f f6-0f)
49.693: (move f6-0f f6-1f)
47.035: (move f6-1f f6-2f)
48.213: (move f6-2f f6-3f)
48.825: (move f6-3f f7-3f)
50.451: (move f7-3f f7-2f)
48.807: (move f7-2f f7-1f)
50.638: (move f7-1f f7-0f)
55.985: (putdown f7-0f key3-2)
52.952: (move f7-0f f7-1f)
54.583: (move f7-1f f6-1f)
51.043: (pickup f6-1f key1-3)
50.679: (move f6-1f f6-2f)
51.763: (move f6-2f f6-3f)
51.287: (move f6-3f f7-3f)
52.894: (move f7-3f f7-2f)
51.367: (move f7-2f f7-1f)
53.603: (move f7-1f f7-0f)
51.597: (pickup-and-loose f7-0f key3-2 key1-3)
48.969: (move f7-0f f7-1f)
48.922: (move f7-1f f6-1f)
48.525: (move f6-1f f6-2f)
49.597: (move f6-2f f6-3f)
48.849: (move f6-3f f7-3f)
50.402: (move f7-3f f7-2f)
52.778: (pickup-and-loose f7-2f key1-0 key3-2)
50.668: (move f7-2f f6-2f)
50.994: (move f6-2f f6-1f)
50.991: (unlock f6-1f f5-1f key1-0 shape1)
50.680: (move f6-1f f6-2f)
51.660: (move f6-2f f6-3f)
51.461: (move f6-3f f6-4f)
50.619: (pickup-and-loose f6-4f key2-0 key1-0)
50.956: (move f6-4f f6-5f)
50.475: (move f6-5f f7-5f)
51.482: (move f7-5f f7-4f)
49.785: (move f7-4f f7-3f)
51.339: (move f7-3f f7-2f)
49.760: (move f7-2f f7-1f)
50.787: (move f7-1f f6-1f)
50.621: (move f6-1f f6-2f)
51.487: (move f6-2f f6-3f)
51.446: (move f6-3f f5-3f)
51.178: (move f5-3f f5-4f)
51.436: (move f5-4f f5-5f)
51.716: (move f5-5f f5-6f)
52.091: (move f5-6f f6-6f)
53.281: (move f6-6f f7-6f)
54.221: (move f7-6f f7-7f)
53.731: (move f7-7f f6-7f)
52.684: (move f6-7f f5-7f)
53.392: (move f5-7f f4-7f)
52.786: (move f4-7f f4-6f)
51.779: (move f4-6f f4-5f)
51.811: (move f4-5f f4-4f)
51.814: (move f4-4f f4-3f)
50.990: (move f4-3f f4-2f)
49.962: (putdown f4-2f key2-0)
50.135: (move f4-2f f3-2f)
49.968: (move f3-2f f2-2f)
50.965: (move f2-2f f1-2f)
49.605: (move f1-2f f1-3f)
50.291: (move f1-3f f1-4f)
51.298: (move f1-4f f2-4f)
51.881: (move f2-4f f2-5f)
51.224: (move f2-5f f3-5f)
50.205: (move f3-5f f4-5f)
50.165: (pickup f4-5f key2-1)
50.308: (move f4-5f f4-4f)
48.976: (move f4-4f f5-4f)
48.537: (move f5-4f f5-3f)
48.559: (putdown f5-3f key2-1)
48.579: (pickup f5-3f key0-1)
49.025: (move f5-3f f5-4f)
49.025: (pickup-and-loose f5-4f key0-2 key0-1)
48.579: (move f5-4f f5-3f)
48.537: (pickup-and-loose f5-3f key2-1 key0-2)
48.559: (putdown f5-3f key2-1)
49.117: (move f5-3f f6-3f)
47.889: (move f6-3f f6-2f)
48.398: (move f6-2f f6-1f)
49.027: (move f6-1f f7-1f)
50.408: (move f7-1f f7-2f)
43.634: (pickup f7-2f key3-2)
43.595: (move f7-2f f6-2f)
43.628: (move f6-2f f6-1f)
43.700: (move f6-1f f5-1f)
44.968: (move f5-1f f5-0f)
44.955: (move f5-0f f6-0f)
46.798: (move f6-0f f7-0f)
45.056: (move f7-0f f7-1f)
50.279: (putdown f7-1f key3-2)
47.821: (move f7-1f f6-1f)
48.078: (move f6-1f f6-2f)
48.172: (move f6-2f f7-2f)
48.606: (move f7-2f f7-3f)
49.650: (move f7-3f f6-3f)
48.029: (move f6-3f f5-3f)
48.001: (pickup f5-3f key2-1)
48.049: (pickup-and-loose f5-3f key0-2 key2-1)
48.256: (move f5-3f f5-4f)
48.256: (pickup-and-loose f5-4f key0-3 key0-2)
48.049: (move f5-4f f5-3f)
48.001: (pickup-and-loose f5-3f key2-1 key0-3)
48.029: (putdown f5-3f key2-1)
48.252: (move f5-3f f5-4f)
48.232: (pickup f5-4f key0-2)
48.039: (move f5-4f f5-3f)
47.995: (pickup-and-loose f5-3f key2-1 key0-2)
48.024: (putdown f5-3f key2-1)
48.039: (pickup f5-3f key0-3)
48.232: (move f5-3f f5-4f)
48.232: (pickup-and-loose f5-4f key0-1 key0-3)
48.039: (move f5-4f f5-3f)
47.995: (pickup-and-loose f5-3f key2-1 key0-1)
48.024: (putdown f5-3f key2-1)
48.039: (pickup f5-3f key0-2)
48.232: (move f5-3f f5-4f)
48.232: (pickup-and-loose f5-4f key0-3 key0-2)
48.039: (move f5-4f f5-3f)
47.995: (pickup-and-loose f5-3f key2-1 key0-3)
48.024: (putdown f5-3f key2-1)
48.039: (pickup f5-3f key0-1)
48.232: (move f5-3f f5-4f)
48.501: (move f5-4f f6-4f)
48.531: (putdown f6-4f key0-1)
48.342: (move f6-4f f5-4f)
48.103: (move f5-4f f5-3f)
48.074: (pickup f5-3f key2-1)
48.100: (pickup-and-loose f5-3f key0-3 key2-1)
48.306: (move f5-3f f5-4f)
48.306: (pickup-and-loose f5-4f key0-2 key0-3)
48.100: (move f5-4f f5-3f)
48.074: (pickup-and-loose f5-3f key2-1 key0-2)
48.103: (putdown f5-3f key2-1)
48.342: (move f5-3f f5-4f)
48.245: (pickup f5-4f key0-3)
48.109: (move f5-4f f5-3f)
48.086: (pickup-and-loose f5-3f key2-1 key0-3)
48.109: (pickup-and-loose f5-3f key0-2 key2-1)
48.114: (putdown f5-3f key0-2)
48.224: (move f5-3f f5-4f)
48.508: (move f5-4f f6-4f)
48.483: (pickup f6-4f key0-1)
48.175: (move f6-4f f5-4f)
48.063: (move f5-4f f5-3f)
48.020: (pickup-and-loose f5-3f key2-1 key0-1)
48.048: (putdown f5-3f key2-1)
48.063: (pickup f5-3f key0-2)
48.063: (pickup-and-loose f5-3f key0-3 key0-2)
48.174: (move f5-3f f5-4f)
48.227: (putdown f5-4f key0-3)
48.477: (move f5-4f f6-4f)
48.657: (move f6-4f f6-5f)
48.386: (move f6-5f f7-5f)
50.328: (move f7-5f f7-4f)
48.071: (pickup f7-4f key3-0)
46.234: (move f7-4f f6-4f)
45.954: (move f6-4f f6-5f)
46.948: (move f6-5f f6-6f)
47.169: (move f6-6f f5-6f)
48.105: (move f5-6f f5-7f)
49.017: (move f5-7f f4-7f)
48.212: (move f4-7f f4-6f)
47.248: (move f4-6f f4-5f)
46.894: (move f4-5f f4-4f)
46.436: (move f4-4f f5-4f)
45.548: (move f5-4f f5-3f)
46.535: (move f5-3f f6-3f)
45.613: (move f6-3f f6-2f)
45.751: (move f6-2f f6-1f)
46.141: (move f6-1f f5-1f)
48.483: (move f5-1f f4-1f)
48.191: (move f4-1f f4-2f)
47.319: (move f4-2f f3-2f)
47.265: (unlock f3-2f f3-1f key3-0 shape3)
47.474: (putdown f3-2f key3-0)
48.001: (move f3-2f f2-2f)
50.000: (move f2-2f f2-1f)
49.747: (move f2-1f f3-1f)
49.480: (move f3-1f f4-1f)
48.468: (move f4-1f f4-2f)
48.548: (pickup f4-2f key2-0)
47.516: (move f4-2f f3-2f)
47.473: (move f3-2f f2-2f)
50.010: (move f2-2f f2-1f)
49.138: (move f2-1f f3-1f)
49.002: (move f3-1f f4-1f)
48.919: (move f4-1f f5-1f)
48.442: (move f5-1f f6-1f)
48.996: (move f6-1f f6-2f)
50.198: (move f6-2f f7-2f)
50.054: (move f7-2f f7-3f)
51.101: (move f7-3f f6-3f)
48.987: (move f6-3f f5-3f)
48.891: (move f5-3f f4-3f)
49.192: (move f4-3f f3-3f)
50.769: (move f3-3f f3-4f)
49.619: (move f3-4f f4-4f)
49.455: (move f4-4f f4-5f)
49.967: (move f4-5f f5-5f)
49.279: (pickup-and-loose f5-5f key3-1 key2-0)
48.166: (move f5-5f f5-4f)
46.694: (move f5-4f f5-3f)
49.173: (move f5-3f f6-3f)
46.742: (move f6-3f f6-2f)
46.550: (move f6-2f f6-1f)
46.850: (move f6-1f f5-1f)
49.194: (move f5-1f f4-1f)
48.143: (move f4-1f f3-1f)
46.619: (move f3-1f f3-2f)
46.320: (putdown f3-2f key3-1)
45.841: (move f3-2f f2-2f)
48.001: (move f2-2f f2-1f)
47.518: (move f2-1f f3-1f)
48.500: (move f3-1f f4-1f)
45.442: (move f4-1f f5-1f)
45.774: (move f5-1f f6-1f)
45.181: (move f6-1f f6-2f)
47.691: (move f6-2f f7-2f)
48.385: (move f7-2f f7-3f)
48.129: (move f7-3f f6-3f)
45.203: (move f6-3f f5-3f)
45.129: (pickup f5-3f key2-1)
45.156: (pickup-and-loose f5-3f key0-1 key2-1)
45.156: (pickup-and-loose f5-3f key0-2 key0-1)
47.641: (move f5-3f f5-4f)
47.361: (move f5-4f f4-4f)
47.188: (move f4-4f f4-5f)
47.690: (putdown f4-5f key0-2)
47.355: (move f4-5f f4-4f)
47.690: (move f4-4f f5-4f)
45.150: (move f5-4f f5-3f)
45.142: (pickup f5-3f key2-1)
45.188: (pickup-and-loose f5-3f key0-1 key2-1)
47.463: (move f5-3f f5-4f)
47.383: (move f5-4f f4-4f)
47.444: (putdown f4-4f key0-1)
47.794: (move f4-4f f5-4f)
45.170: (move f5-4f f5-3f)
45.060: (pickup f5-3f key2-1)
46.969: (move f5-3f f5-4f)
47.095: (pickup-and-loose f5-4f key0-3 key2-1)
45.116: (move f5-4f f5-3f)
45.168: (putdown f5-3f key0-3)
47.696: (move f5-3f f6-3f)
45.220: (move f6-3f f6-2f)
45.782: (move f6-2f f6-1f)
45.349: (move f6-1f f5-1f)
48.334: (move f5-1f f5-2f)
44.700: (pickup f5-2f key3-3)
43.055: (move f5-2f f5-3f)
43.652: (move f5-3f f5-4f)
42.866: (move f5-4f f6-4f)
43.169: (move f6-4f f6-5f)
42.890: (move f6-5f f6-6f)
42.342: (move f6-6f f5-6f)
43.429: (move f5-6f f4-6f)
43.296: (move f4-6f f4-5f)
43.045: (move f4-5f f4-4f)
43.888: (move f4-4f f3-4f)
42.886: (move f3-4f f3-3f)
43.152: (move f3-3f f3-2f)
41.781: (move f3-2f f2-2f)
43.831: (move f2-2f f2-1f)
42.725: (move f2-1f f3-1f)
44.528: (putdown f3-1f key3-3)
43.969: (move f3-1f f2-1f)
43.974: (move f2-1f f2-2f)
44.754: (move f2-2f f3-2f)
45.452: (pickup f3-2f key3-1)
45.023: (move f3-2f f2-2f)
46.173: (move f2-2f f2-1f)
46.105: (move f2-1f f3-1f)
46.105: (pickup-and-loose f3-1f key3-3 key3-1)
45.452: (move f3-1f f3-2f)
44.754: (putdown f3-2f key3-3)
43.974: (move f3-2f f2-2f)
43.969: (move f2-2f f2-1f)
44.528: (move f2-1f f3-1f)
42.725: (pickup f3-1f key3-1)
43.152: (move f3-1f f3-2f)
41.781: (move f3-2f f2-2f)
43.831: (move f2-2f f2-1f)
44.024: (move f2-1f f1-1f)
44.507: (putdown f1-1f key3-1)
44.203: (move f1-1f f2-1f)
43.428: (move f2-1f f2-2f)
44.034: (move f2-2f f3-2f)
44.498: (pickup f3-2f key3-3)
44.158: (move f3-2f f2-2f)
45.981: (move f2-2f f2-1f)
45.265: (move f2-1f f3-1f)
46.594: (putdown f3-1f key3-3)
47.177: (move f3-1f f2-1f)
47.340: (move f2-1f f2-2f)
47.635: (move f2-2f f3-2f)
48.811: (move f3-2f f3-3f)
48.810: (move f3-3f f3-4f)
47.970: (move f3-4f f4-4f)
47.444: (move f4-4f f4-5f)
46.668: (move f4-5f f5-5f)
45.588: (pickup f5-5f key2-0)
45.603: (move f5-5f f5-6f)
45.571: (move f5-6f f6-6f)
45.979: (move f6-6f f6-7f)
45.619: (move f6-7f f5-7f)
45.486: (move f5-7f f4-7f)
45.646: (move f4-7f f4-6f)
45.617: (move f4-6f f3-6f)
45.650: (move f3-6f f3-5f)
45.446: (move f3-5f f3-4f)
44.332: (move f3-4f f3-3f)
43.330: (move f3-3f f3-2f)
42.840: (move f3-2f f4-2f)
42.945: (putdown f4-2f key2-0)
41.560: (move f4-2f f3-2f)
41.921: (move f3-2f f2-2f)
41.222: (move f2-2f f2-1f)
42.484: (move f2-1f f3-1f)
39.665: (pickup f3-1f key3-3)
38.478: (move f3-1f f3-2f)
37.712: (putdown f3-2f key3-3)
37.965: (pickup f3-2f key3-0)
38.216: (move f3-2f f2-2f)
37.755: (move f2-2f f2-1f)
38.274: (move f2-1f f3-1f)
38.536: (move f3-1f f4-1f)
36.528: (move f4-1f f5-1f)
35.531: (move f5-1f f6-1f)
35.751: (move f6-1f f6-2f)
36.405: (move f6-2f f6-3f)
36.660: (move f6-3f f6-4f)
36.151: (move f6-4f f6-5f)
36.920: (move f6-5f f5-5f)
37.278: (move f5-5f f5-4f)
36.986: (move f5-4f f5-3f)
37.727: (move f5-3f f4-3f)
37.294: (move f4-3f f4-4f)
37.623: (move f4-4f f3-4f)
36.762: (move f3-4f f2-4f)
36.765: (move f2-4f f1-4f)
36.827: (move f1-4f f1-5f)
37.576: (move f1-5f f2-5f)
37.648: (move f2-5f f3-5f)
37.613: (move f3-5f f3-6f)
37.632: (move f3-6f f4-6f)
37.561: (move f4-6f f5-6f)
36.967: (move f5-6f f6-6f)
40.216: (move f6-6f f6-7f)
38.502: (move f6-7f f5-7f)
38.140: (move f5-7f f4-7f)
39.712: (move f4-7f f3-7f)
41.294: (putdown f3-7f key3-0)
38.910: (move f3-7f f3-6f)
40.166: (move f3-6f f4-6f)
40.167: (move f4-6f f4-7f)
41.091: (move f4-7f f5-7f)
41.163: (move f5-7f f5-6f)
41.118: (move f5-6f f5-5f)
41.304: (move f5-5f f6-5f)
40.416: (move f6-5f f6-4f)
40.410: (pickup f6-4f key1-0)
40.856: (move f6-4f f6-5f)
39.937: (move f6-5f f5-5f)
39.619: (move f5-5f f5-6f)
39.362: (move f5-6f f4-6f)
38.272: (move f4-6f f3-6f)
37.777: (move f3-6f f2-6f)
36.970: (unlock f2-6f f2-7f key1-0 shape1)
37.890: (move f2-6f f2-5f)
38.051: (move f2-5f f1-5f)
38.118: (move f1-5f f1-6f)
39.050: (move f1-6f f1-7f)
37.984: (move f1-7f f2-7f)
39.804: (putdown f2-7f key1-0)
37.209: (move f2-7f f2-6f)
37.335: (move f2-6f f3-6f)
36.916: (move f3-6f f3-5f)
37.656: (move f3-5f f3-4f)
37.461: (move f3-4f f2-4f)
37.579: (move f2-4f f1-4f)
37.415: (move f1-4f f1-5f)
37.825: (move f1-5f f2-5f)
36.916: (move f2-5f f3-5f)
Failed to find a solution!
