/u/ibrahim.eisawy/Neural-Guided-Search/venv/lib/python3.10/site-packages/pymimir_rgnn/model.py:151: UserWarning: index_reduce() is in beta and the API may change at any time. (Triggered internally at /pytorch/aten/src/ATen/native/cuda/Indexing.cu:1541.)
  max_msg.index_reduce_(0, output_indices, output_messages, reduce='amax', include_self=True)
Torch: 2.12.0+cu130
Loading model... (models/rovers_supervised.pth)
Using GPU:  NVIDIA L40S
[f=19.703] Expanded: 0, Generated: 0
[Final] Expanded: 101, Generated: 1329
Found a solution of length 15!
   1: (calibrate rover0 camera2 objective1 waypoint16)
   2: (take_image rover0 waypoint16 objective1 camera2 colour)
   3: (navigate rover0 waypoint16 waypoint24)
   4: (calibrate rover0 camera1 objective5 waypoint24)
   5: (calibrate rover0 camera0 objective2 waypoint24)
   6: (take_image rover0 waypoint24 objective5 camera0 colour)
   7: (communicate_image_data rover0 general objective5 colour waypoint24 waypoint23)
   8: (communicate_image_data rover0 general objective1 colour waypoint24 waypoint23)
   9: (navigate rover0 waypoint24 waypoint3)
  10: (calibrate rover0 camera4 objective3 waypoint3)
  11: (take_image rover0 waypoint3 objective1 camera1 high_res)
  12: (take_image rover0 waypoint3 objective1 camera4 low_res)
  13: (navigate rover0 waypoint3 waypoint24)
  14: (communicate_image_data rover0 general objective1 high_res waypoint24 waypoint23)
  15: (communicate_image_data rover0 general objective1 low_res waypoint24 waypoint23)
