/u/ibrahim.eisawy/Neural-Guided-Search/venv/lib/python3.10/site-packages/pymimir_rgnn/model.py:151: UserWarning: index_reduce() is in beta and the API may change at any time. (Triggered internally at /pytorch/aten/src/ATen/native/cuda/Indexing.cu:1541.)
  max_msg.index_reduce_(0, output_indices, output_messages, reduce='amax', include_self=True)
Torch: 2.12.0+cu130
Loading model... (models/rovers_supervised.pth)
Using GPU:  NVIDIA L40S
[f=81.027] Expanded: 0, Generated: 0
[Final] Expanded: 281, Generated: 7358
Found a solution of length 54!
   1: (calibrate rover0 camera7 objective4 waypoint9)
   2: (calibrate rover0 camera8 objective1 waypoint9)
   3: (take_image rover0 waypoint9 objective4 camera8 low_res)
   4: (calibrate rover0 camera2 objective1 waypoint9)
   5: (calibrate rover0 camera8 objective1 waypoint9)
   6: (take_image rover0 waypoint9 objective4 camera8 colour)
   7: (communicate_image_data rover0 general objective4 colour waypoint9 waypoint14)
   8: (calibrate rover0 camera8 objective1 waypoint9)
   9: (navigate rover0 waypoint9 waypoint23)
  10: (take_image rover0 waypoint23 objective6 camera7 high_res)
  11: (take_image rover0 waypoint23 objective3 camera2 low_res)
  12: (sample_soil rover0 rover0store waypoint23)
  13: (navigate rover0 waypoint23 waypoint9)
  14: (communicate_soil_data rover0 general waypoint23 waypoint9 waypoint14)
  15: (drop rover0 rover0store)
  16: (communicate_image_data rover0 general objective3 low_res waypoint9 waypoint14)
  17: (navigate rover0 waypoint9 waypoint8)
  18: (navigate rover0 waypoint8 waypoint3)
  19: (sample_soil rover0 rover0store waypoint3)
  20: (drop rover0 rover0store)
  21: (navigate rover0 waypoint3 waypoint8)
  22: (communicate_soil_data rover0 general waypoint3 waypoint8 waypoint14)
  23: (navigate rover0 waypoint8 waypoint9)
  24: (calibrate rover0 camera7 objective4 waypoint9)
  25: (navigate rover0 waypoint9 waypoint13)
  26: (sample_soil rover0 rover0store waypoint13)
  27: (drop rover0 rover0store)
  28: (communicate_soil_data rover0 general waypoint13 waypoint13 waypoint14)
  29: (navigate rover0 waypoint13 waypoint9)
  30: (take_image rover0 waypoint9 objective4 camera7 high_res)
  31: (navigate rover0 waypoint9 waypoint7)
  32: (take_image rover0 waypoint7 objective6 camera8 low_res)
  33: (communicate_image_data rover0 general objective6 low_res waypoint7 waypoint14)
  34: (communicate_image_data rover0 general objective6 high_res waypoint7 waypoint14)
  35: (communicate_image_data rover0 general objective4 high_res waypoint7 waypoint14)
  36: (sample_rock rover0 rover0store waypoint7)
  37: (drop rover0 rover0store)
  38: (communicate_rock_data rover0 general waypoint7 waypoint7 waypoint14)
  39: (navigate rover0 waypoint7 waypoint9)
  40: (navigate rover0 waypoint9 waypoint14)
  41: (navigate rover0 waypoint14 waypoint12)
  42: (sample_rock rover0 rover0store waypoint12)
  43: (communicate_rock_data rover0 general waypoint12 waypoint12 waypoint14)
  44: (drop rover0 rover0store)
  45: (sample_soil rover0 rover0store waypoint12)
  46: (drop rover0 rover0store)
  47: (communicate_soil_data rover0 general waypoint12 waypoint12 waypoint14)
  48: (navigate rover0 waypoint12 waypoint14)
  49: (navigate rover0 waypoint14 waypoint9)
  50: (navigate rover0 waypoint9 waypoint8)
  51: (navigate rover0 waypoint8 waypoint2)
  52: (sample_soil rover0 rover0store waypoint2)
  53: (navigate rover0 waypoint2 waypoint8)
  54: (communicate_soil_data rover0 general waypoint2 waypoint8 waypoint14)
