Torch: 2.12.0+cu130
Using CPU.
[Bellman] lambda=0 -> baseline (no widening signal)
[Value] SELF-CONSISTENT: leaf value = QR-DQN max_a mean Z(s,a) (SAC critics bypassed; prior still SAC policy)
[Add] OPTION8 add_beta=0.1 src=binc cap=2.0 (ADDITIVE bonus, NOT gated by P(a); prior untouched)
/u/ibrahim.eisawy/Neural-Guided-Search/venv/lib/python3.10/site-packages/pymimir_rgnn/model.py:162: UserWarning: index_reduce() is in beta and the API may change at any time. (Triggered internally at /pytorch/aten/src/ATen/native/TensorAdvancedIndexing.cpp:1514.)
  exps_max.index_reduce_(0, output_indices, output_messages, reduce="amax", include_self=False)
  [sim 77] found goal path of length 17
[Final] Expanded: 37, Generated: 37
[Cost] IQN forward calls (Bellman signal): 91
[Widen] nodes widened: 0, mean w: 0.0000
[Add] child-edges given an additive bonus: 454, mean (rel-1): 0.2716
[search done] simulations=77, unique states generated=37
Found a solution of length 17!
   1: (move f6-0f f7-0f)
   2: (move f7-0f f8-0f)
   3: (move f8-0f f9-0f)
   4: (move f9-0f f9-1f)
   5: (move f9-1f f9-2f)
   6: (move f9-2f f9-3f)
   7: (move f9-3f f9-4f)
   8: (move f9-4f f9-5f)
   9: (move f9-5f f9-6f)
  10: (move f9-6f f8-6f)
  11: (move f8-6f f7-6f)
  12: (move f7-6f f7-7f)
  13: (move f7-7f f6-7f)
  14: (move f6-7f f6-8f)
  15: (detonate-bomb f6-8f f6-9f)
  16: (move f6-8f f6-9f)
  17: (pick-gold f6-9f)
