Torch: 2.12.0+cu130
Using GPU:  NVIDIA L40S
[Bellman] lambda=0 -> baseline (no widening signal)
[Binc] OPTION6 binc_beta=12.0 signal=BELLMAN INCONSISTENCY (1-step min-W1 parent-vs-child) vs SIBLINGS (boosts exploration toward inconsistent children; prior untouched)
[Value] SELF-CONSISTENT: leaf value = QR-DQN max_a mean Z(s,a) (SAC critics bypassed; prior still SAC policy)
/u/ibrahim.eisawy/Neural-Guided-Search/venv/lib/python3.10/site-packages/pymimir_rgnn/model.py:162: UserWarning: index_reduce() is in beta and the API may change at any time. (Triggered internally at /pytorch/aten/src/ATen/native/cuda/Indexing.cu:1541.)
  exps_max.index_reduce_(0, output_indices, output_messages, reduce="amax", include_self=False)
  [sim 500] root visits=500, unique states=122, generated=121, iqn_calls=265
  [sim 1000] root visits=1000, unique states=229, generated=228, iqn_calls=513
  [sim 1500] root visits=1500, unique states=334, generated=333, iqn_calls=768
  [sim 2000] root visits=2000, unique states=437, generated=436, iqn_calls=1004
  [sim 2500] root visits=2500, unique states=523, generated=522, iqn_calls=1242
  [sim 3000] root visits=3000, unique states=622, generated=621, iqn_calls=1497
  [sim 3500] root visits=3500, unique states=695, generated=694, iqn_calls=1680
  [sim 4000] root visits=4000, unique states=793, generated=792, iqn_calls=1906
  [sim 4500] root visits=4500, unique states=885, generated=884, iqn_calls=2137
  [sim 5000] root visits=5000, unique states=965, generated=964, iqn_calls=2344
  [sim 5500] root visits=5500, unique states=1052, generated=1051, iqn_calls=2566
  [sim 6000] root visits=6000, unique states=1157, generated=1156, iqn_calls=2810
  [sim 6500] root visits=6500, unique states=1237, generated=1236, iqn_calls=3024
  [sim 7000] root visits=7000, unique states=1322, generated=1321, iqn_calls=3251
  [sim 7500] root visits=7500, unique states=1401, generated=1400, iqn_calls=3457
  [sim 8000] root visits=8000, unique states=2644, generated=2643, iqn_calls=6765
[Final] Expanded: 2863, Generated: 2863
[Cost] IQN forward calls (Bellman signal): 7339
[Widen] nodes widened: 0, mean w: 0.0000
[Binc] child-edges modulated: 6416, mean mult: 3.6781 (1.0 = no change; >1 = boosted toward inconsistent)
[search done] simulations=8097, unique states generated=2863
Failed to find a solution!
