Torch: 2.12.0+cu130
Using GPU:  NVIDIA L40S
[Bellman] lambda=0 -> baseline (no widening signal)
[Binc] OPTION6 binc_beta=12.0 signal=BELLMAN INCONSISTENCY (1-step min-W1 parent-vs-child) vs SIBLINGS (boosts exploration toward inconsistent children; prior untouched)
[Value] SELF-CONSISTENT: leaf value = QR-DQN max_a mean Z(s,a) (SAC critics bypassed; prior still SAC policy)
/u/ibrahim.eisawy/Neural-Guided-Search/venv/lib/python3.10/site-packages/pymimir_rgnn/model.py:162: UserWarning: index_reduce() is in beta and the API may change at any time. (Triggered internally at /pytorch/aten/src/ATen/native/cuda/Indexing.cu:1541.)
  exps_max.index_reduce_(0, output_indices, output_messages, reduce="amax", include_self=False)
  [sim 500] root visits=500, unique states=1062, generated=1061, iqn_calls=2935
  [sim 1000] root visits=1000, unique states=1504, generated=1503, iqn_calls=4285
  [sim 1500] root visits=1500, unique states=1787, generated=1786, iqn_calls=5091
  [sim 2000] root visits=2000, unique states=2017, generated=2016, iqn_calls=5755
  [sim 2500] root visits=2500, unique states=2232, generated=2231, iqn_calls=6426
  [sim 3000] root visits=3000, unique states=2413, generated=2412, iqn_calls=6944
  [sim 3500] root visits=3500, unique states=2622, generated=2621, iqn_calls=7511
  [sim 4000] root visits=4000, unique states=2760, generated=2759, iqn_calls=7945
  [sim 4500] root visits=4500, unique states=2917, generated=2916, iqn_calls=8364
  [sim 5000] root visits=5000, unique states=3039, generated=3038, iqn_calls=8742
  [sim 5500] root visits=5500, unique states=3166, generated=3165, iqn_calls=9118
[Final] Expanded: 3229, Generated: 3229
[Cost] IQN forward calls (Bellman signal): 9316
[Widen] nodes widened: 0, mean w: 0.0000
[Binc] child-edges modulated: 7910, mean mult: 3.2844 (1.0 = no change; >1 = boosted toward inconsistent)
[search done] simulations=5749, unique states generated=3229
Failed to find a solution!
