Torch: 2.12.0+cu130
Using GPU:  NVIDIA L40S
[Bellman] lambda=0 -> baseline (no widening signal)
[Binc] OPTION6 binc_beta=8.0 binc_eps=1.0 signal=BELLMAN INCONSISTENCY (1-step min-W1 parent-vs-child, B_good within eps) vs SIBLINGS (boosts exploration toward inconsistent children; prior untouched) [SHUFFLE CONTROL: signal-blind placement]
[Value] SELF-CONSISTENT: leaf value = QR-DQN max_a mean Z(s,a) (SAC critics bypassed; prior still SAC policy)
/u/ibrahim.eisawy/Neural-Guided-Search/venv/lib/python3.10/site-packages/pymimir_rgnn/model.py:162: UserWarning: index_reduce() is in beta and the API may change at any time. (Triggered internally at /pytorch/aten/src/ATen/native/cuda/Indexing.cu:1541.)
  exps_max.index_reduce_(0, output_indices, output_messages, reduce="amax", include_self=False)
  [sim 48] found goal path of length 41
[Final] Expanded: 142, Generated: 142
[Cost] IQN forward calls (Bellman signal): 263
[Widen] nodes widened: 0, mean w: 0.0000
[Binc] child-edges modulated: 216, mean mult: 2.0910 (1.0 = no change; >1 = boosted toward inconsistent)
[search done] simulations=48, unique states generated=142
Found a solution of length 41!
   1: (move f5-4f f6-4f)
   2: (move f6-4f f7-4f)
   3: (pickup f7-4f key0-3)
   4: (move f7-4f f6-4f)
   5: (unlock f6-4f f6-5f key0-3 shape0)
   6: (move f6-4f f6-5f)
   7: (move f6-5f f6-6f)
   8: (move f6-6f f5-6f)
   9: (move f5-6f f5-5f)
  10: (move f5-5f f4-5f)
  11: (move f4-5f f3-5f)
  12: (unlock f3-5f f2-5f key0-3 shape0)
  13: (move f3-5f f4-5f)
  14: (move f4-5f f5-5f)
  15: (move f5-5f f5-6f)
  16: (move f5-6f f6-6f)
  17: (move f6-6f f7-6f)
  18: (move f7-6f f7-7f)
  19: (move f7-7f f6-7f)
  20: (move f6-7f f5-7f)
  21: (putdown f5-7f key0-3)
  22: (move f5-7f f5-6f)
  23: (move f5-6f f6-6f)
  24: (move f6-6f f6-7f)
  25: (move f6-7f f7-7f)
  26: (move f7-7f f7-6f)
  27: (move f7-6f f7-5f)
  28: (move f7-5f f6-5f)
  29: (move f6-5f f5-5f)
  30: (move f5-5f f5-4f)
  31: (move f5-4f f5-3f)
  32: (move f5-3f f4-3f)
  33: (move f4-3f f3-3f)
  34: (pickup f3-3f key1-3)
  35: (move f3-3f f3-2f)
  36: (move f3-2f f2-2f)
  37: (move f2-2f f1-2f)
  38: (move f1-2f f1-1f)
  39: (pickup-and-loose f1-1f key3-0 key1-3)
  40: (move f1-1f f0-1f)
  41: (putdown f0-1f key3-0)
