Torch: 2.12.0+cu130
Using GPU:  NVIDIA L40S
[Bellman] lambda=0 -> baseline (no widening signal)
[Binc] OPTION6 binc_beta=8.0 binc_eps=1.0 signal=BELLMAN INCONSISTENCY (1-step min-W1 parent-vs-child, B_good within eps) vs SIBLINGS (boosts exploration toward inconsistent children; prior untouched) [SHUFFLE CONTROL: signal-blind placement]
[Value] SELF-CONSISTENT: leaf value = QR-DQN max_a mean Z(s,a) (SAC critics bypassed; prior still SAC policy)
/u/ibrahim.eisawy/Neural-Guided-Search/venv/lib/python3.10/site-packages/pymimir_rgnn/model.py:162: UserWarning: index_reduce() is in beta and the API may change at any time. (Triggered internally at /pytorch/aten/src/ATen/native/cuda/Indexing.cu:1541.)
  exps_max.index_reduce_(0, output_indices, output_messages, reduce="amax", include_self=False)
  [sim 42] found goal path of length 27
[Final] Expanded: 127, Generated: 127
[Cost] IQN forward calls (Bellman signal): 243
[Widen] nodes widened: 0, mean w: 0.0000
[Binc] child-edges modulated: 202, mean mult: 2.1233 (1.0 = no change; >1 = boosted toward inconsistent)
[search done] simulations=42, unique states generated=127
Found a solution of length 27!
   1: (move f6-6f f6-5f)
   2: (unlock f6-5f f6-4f key0-2 shape0)
   3: (move f6-5f f7-5f)
   4: (move f7-5f f7-4f)
   5: (unlock f7-4f f7-3f key0-2 shape0)
   6: (move f7-4f f8-4f)
   7: (move f8-4f f9-4f)
   8: (move f9-4f f9-5f)
   9: (move f9-5f f9-6f)
  10: (move f9-6f f9-7f)
  11: (move f9-7f f8-7f)
  12: (move f8-7f f8-6f)
  13: (move f8-6f f8-5f)
  14: (move f8-5f f7-5f)
  15: (move f7-5f f7-6f)
  16: (move f7-6f f6-6f)
  17: (move f6-6f f6-5f)
  18: (move f6-5f f6-4f)
  19: (move f6-4f f6-3f)
  20: (move f6-3f f6-2f)
  21: (move f6-2f f5-2f)
  22: (move f5-2f f4-2f)
  23: (move f4-2f f4-1f)
  24: (move f4-1f f3-1f)
  25: (move f3-1f f2-1f)
  26: (move f2-1f f1-1f)
  27: (putdown f1-1f key0-2)
