Torch: 2.12.0+cu130
Using GPU:  NVIDIA L40S
[Bellman] lambda=0 -> baseline (no widening signal)
[Sib] OPTION5 sib_beta=4.0 signal=QR-DQN raw width vs SIBLINGS (boosts exploration toward wider/uncertain children; prior untouched)
[Value] SELF-CONSISTENT: leaf value = QR-DQN max_a mean Z(s,a) (SAC critics bypassed; prior still SAC policy)
/u/ibrahim.eisawy/Neural-Guided-Search/venv/lib/python3.10/site-packages/pymimir_rgnn/model.py:162: UserWarning: index_reduce() is in beta and the API may change at any time. (Triggered internally at /pytorch/aten/src/ATen/native/cuda/Indexing.cu:1541.)
  exps_max.index_reduce_(0, output_indices, output_messages, reduce="amax", include_self=False)
  [sim 500] root visits=500, unique states=1275, generated=1274, iqn_calls=453
  [sim 1000] root visits=1000, unique states=2518, generated=2517, iqn_calls=901
  [sim 1004] found goal path of length 23
[Final] Expanded: 2529, Generated: 2529
[Cost] IQN forward calls (Bellman signal): 905
[Widen] nodes widened: 0, mean w: 0.0000
[Sib] child-edges modulated: 4262, mean mult: 1.0116 (1.0 = no change; >1 = boosted toward wide)
[search done] simulations=1004, unique states generated=2529
Found a solution of length 23!
   1: (move f5-5f f5-4f)
   2: (move f5-4f f6-4f)
   3: (unlock f6-4f f6-3f key3-3 shape3)
   4: (move f6-4f f5-4f)
   5: (move f5-4f f5-5f)
   6: (move f5-5f f6-5f)
   7: (unlock f6-5f f6-6f key3-3 shape3)
   8: (move f6-5f f5-5f)
   9: (move f5-5f f5-4f)
  10: (move f5-4f f6-4f)
  11: (move f6-4f f7-4f)
  12: (move f7-4f f8-4f)
  13: (move f8-4f f8-5f)
  14: (move f8-5f f7-5f)
  15: (move f7-5f f7-6f)
  16: (move f7-6f f8-6f)
  17: (move f8-6f f8-7f)
  18: (move f8-7f f9-7f)
  19: (move f9-7f f9-8f)
  20: (move f9-8f f9-9f)
  21: (move f9-9f f10-9f)
  22: (move f10-9f f10-10f)
  23: (pickup-and-loose f10-10f key3-2 key3-3)
