/u/ibrahim.eisawy/Neural-Guided-Search/venv/lib/python3.10/site-packages/pymimir_rgnn/model.py:151: UserWarning: index_reduce() is in beta and the API may change at any time. (Triggered internally at /pytorch/aten/src/ATen/native/cuda/Indexing.cu:1541.)
  max_msg.index_reduce_(0, output_indices, output_messages, reduce='amax', include_self=True)
Torch: 2.12.0+cu130
Using GPU:  NVIDIA L40S
11.345: (move f2-1f f1-1f)
12.943: (move f2-1f f2-0f)
9.723: (move f1-1f f0-1f)
10.669: (pickup f1-1f key0-1)
11.423: (move f1-1f f1-0f)
11.423: (move f2-0f f1-0f)
12.241: (move f1-1f f1-2f)
inf: (move f1-1f f2-1f)
inf: (move f2-0f f2-1f)
8.919: (pickup f0-1f key0-0)
9.420: (move f1-1f f1-2f)
9.697: (move f1-1f f2-1f)
9.982: (move f1-1f f0-1f)
11.145: (move f0-1f f0-0f)
11.145: (move f1-0f f0-0f)
11.816: (move f1-1f f1-0f)
inf: (move f0-1f f1-1f)
inf: (putdown f1-1f key0-1)
inf: (move f1-0f f2-0f)
inf: (move f1-0f f1-1f)
inf: (move f1-2f f1-1f)
8.026: (move f0-1f f1-1f)
8.355: (unlock f1-2f f2-2f key0-1 shape0)
8.701: (unlock f2-1f f2-2f key0-1 shape0)
8.922: (unlock f0-1f f0-2f key0-0 shape0)
9.405: (unlock f1-2f f0-2f key0-1 shape0)
9.653: (move f0-1f f0-0f)
9.694: (putdown f1-2f key0-1)
9.996: (pickup-and-loose f0-1f key0-0 key0-1)
9.999: (unlock f0-1f f0-2f key0-1 shape0)
10.936: (putdown f0-1f key0-1)
11.005: (putdown f2-1f key0-1)
11.017: (move f1-0f f0-0f)
11.017: (move f0-1f f0-0f)
11.759: (putdown f1-0f key0-1)
12.401: (move f1-0f f2-0f)
12.401: (move f2-1f f2-0f)
inf: (move f2-1f f1-1f)
inf: (move f0-1f f1-1f)
inf: (move f1-2f f1-1f)
inf: (putdown f0-1f key0-0)
inf: (move f0-0f f1-0f)
inf: (move f0-0f f0-1f)
inf: (move f1-0f f1-1f)
7.104: (move f1-1f f1-2f)
7.925: (move f0-1f f0-2f)
8.047: (move f0-1f f1-1f)
8.322: (move f1-2f f2-2f)
8.322: (move f2-1f f2-2f)
8.344: (unlock f1-2f f2-2f key0-1 shape0)
8.344: (unlock f1-2f f0-2f key0-1 shape0)
8.690: (putdown f1-2f key0-1)
8.924: (move f1-1f f1-0f)
8.924: (move f0-0f f1-0f)
9.014: (pickup-and-loose f1-1f key0-1 key0-0)
9.075: (putdown f1-1f key0-0)
9.148: (move f1-1f f2-1f)
9.254: (move f0-1f f1-1f)
9.466: (move f1-2f f1-1f)
9.622: (putdown f0-1f key0-0)
9.675: (putdown f1-2f key0-1)
9.711: (move f1-2f f1-1f)
9.711: (move f2-1f f1-1f)
9.712: (move f0-1f f0-0f)
9.997: (unlock f0-1f f0-2f key0-0 shape0)
9.997: (pickup-and-loose f0-1f key0-0 key0-1)
10.053: (putdown f2-1f key0-1)
10.689: (move f1-2f f1-1f)
10.689: (move f0-1f f1-1f)
10.718: (move f1-2f f0-2f)
10.718: (move f0-1f f0-2f)
10.926: (putdown f0-1f key0-1)
11.056: (move f0-1f f0-0f)
11.071: (move f0-1f f0-0f)
11.098: (move f2-1f f1-1f)
11.212: (putdown f0-0f key0-0)
11.372: (move f2-1f f2-0f)
11.883: (move f1-0f f0-0f)
12.233: (putdown f0-0f key0-1)
12.234: (move f1-0f f1-1f)
12.278: (move f0-1f f0-0f)
12.528: (move f2-1f f2-0f)
12.598: (move f0-1f f1-1f)
12.938: (putdown f2-0f key0-1)
13.449: (move f1-0f f2-0f)
inf: (pickup f0-1f key0-1)
inf: (pickup f0-1f key0-0)
inf: (pickup-and-loose f0-1f key0-1 key0-0)
inf: (pickup f2-1f key0-1)
inf: (move f0-0f f1-0f)
inf: (move f0-0f f0-1f)
inf: (putdown f0-1f key0-0)
inf: (pickup f1-2f key0-1)
inf: (move f0-0f f0-1f)
inf: (pickup f1-0f key0-1)
inf: (move f2-0f f1-0f)
inf: (move f2-0f f2-1f)
inf: (move f1-1f f0-1f)
6.082: (putdown f1-2f key0-0)
6.106: (unlock f1-2f f2-2f key0-0 shape0)
7.077: (move f1-1f f1-2f)
7.077: (move f0-2f f1-2f)
7.077: (unlock f1-2f f0-2f key0-0 shape0)
7.121: (putdown f2-2f key0-1)
7.954: (move f1-1f f2-1f)
8.037: (move f1-1f f1-2f)
8.093: (unlock f2-1f f2-2f key0-0 shape0)
8.322: (move f1-2f f2-2f)
8.491: (move f1-2f f1-1f)
8.611: (move f1-1f f1-2f)
8.662: (putdown f1-2f key0-1)
8.728: (move f1-1f f0-1f)
8.935: (move f0-0f f1-0f)
8.935: (move f1-1f f1-0f)
8.993: (move f1-1f f0-1f)
9.037: (pickup-and-loose f1-1f key0-1 key0-0)
9.084: (putdown f1-1f key0-0)
9.148: (move f1-1f f2-1f)
9.226: (move f0-1f f1-1f)
9.280: (move f0-1f f0-2f)
9.364: (putdown f0-2f key0-0)
9.380: (move f1-2f f0-2f)
9.407: (move f1-2f f1-1f)
9.637: (move f1-1f f1-0f)
9.668: (move f1-1f f0-1f)
9.688: (putdown f1-0f key0-0)
9.707: (move f1-1f f2-1f)
9.732: (move f1-2f f1-1f)
9.776: (move f1-1f f1-0f)
9.778: (move f1-2f f0-2f)
9.809: (move f1-1f f0-1f)
9.864: (move f1-0f f2-0f)
9.864: (move f2-1f f2-0f)
9.993: (move f1-1f f2-1f)
10.046: (move f1-2f f2-2f)
10.061: (move f2-1f f1-1f)
10.096: (putdown f2-1f key0-0)
10.103: (move f1-1f f1-2f)
10.306: (move f1-1f f1-0f)
10.309: (putdown f1-1f key0-1)
10.517: (move f1-1f f2-1f)
10.699: (move f1-1f f1-0f)
10.699: (move f0-0f f1-0f)
10.732: (move f1-1f f0-1f)
10.781: (move f0-1f f0-0f)
10.838: (move f1-1f f1-0f)
10.838: (move f2-0f f1-0f)
10.903: (putdown f1-1f key0-0)
10.909: (move f0-1f f0-2f)
11.081: (move f0-1f f0-0f)
11.247: (putdown f0-0f key0-0)
11.348: (putdown f1-1f key0-1)
11.348: (move f0-1f f1-1f)
11.375: (putdown f0-2f key0-1)
11.445: (move f0-0f f1-0f)
11.470: (move f2-1f f2-0f)
11.486: (move f1-1f f2-1f)
11.512: (move f0-0f f0-1f)
11.695: (move f0-0f f0-1f)
11.695: (move f1-1f f0-1f)
11.850: (move f2-1f f2-2f)
11.868: (move f0-0f f1-0f)
11.868: (move f1-1f f1-0f)
11.885: (putdown f2-0f key0-1)
11.897: (move f1-1f f1-0f)
11.897: (move f2-0f f1-0f)
12.125: (move f1-1f f1-2f)
12.257: (putdown f0-0f key0-0)
12.286: (putdown f0-0f key0-1)
12.310: (move f0-0f f0-1f)
12.315: (move f0-1f f0-0f)
12.522: (move f2-0f f1-0f)
12.555: (move f0-1f f1-1f)
12.641: (move f0-1f f0-2f)
12.736: (move f2-0f f2-1f)
12.977: (move f0-0f f1-0f)
13.084: (move f1-1f f1-0f)
13.084: (move f0-0f f1-0f)
13.426: (move f1-1f f1-2f)
13.491: (move f1-1f f2-1f)
13.505: (move f1-1f f1-2f)
13.662: (move f1-1f f2-1f)
13.662: (move f2-0f f2-1f)
inf: (move f1-1f f0-1f)
inf: (move f0-0f f0-1f)
inf: (move f2-0f f2-1f)
inf: (move f1-1f f0-1f)
inf: (pickup f2-0f key0-1)
inf: (move f2-0f f1-0f)
inf: (pickup f1-1f key0-0)
inf: (move f1-1f f1-0f)
inf: (pickup f0-0f key0-1)
inf: (pickup f1-1f key0-1)
inf: (putdown f1-1f key0-1)
inf: (pickup-and-loose f1-1f key0-0 key0-1)
inf: (move f0-0f f1-0f)
inf: (move f1-1f f1-2f)
inf: (move f2-0f f2-1f)
inf: (pickup f0-1f key0-0)
inf: (pickup f0-1f key0-1)
inf: (pickup-and-loose f0-1f key0-1 key0-0)
inf: (pickup f2-1f key0-1)
inf: (move f2-2f f2-1f)
inf: (move f1-1f f0-1f)
inf: (move f0-2f f0-1f)
inf: (move f1-1f f1-2f)
inf: (putdown f0-1f key0-0)
inf: (move f0-2f f0-1f)
inf: (move f0-2f f1-2f)
inf: (move f2-2f f1-2f)
inf: (move f2-1f f1-1f)
inf: (pickup f0-1f key0-0)
inf: (pickup f0-0f key0-0)
inf: (move f0-0f f0-1f)
inf: (move f0-0f f0-1f)
inf: (pickup f1-2f key0-1)
inf: (move f1-2f f1-1f)
inf: (move f0-0f f0-1f)
inf: (move f1-1f f1-2f)
inf: (move f1-1f f2-1f)
inf: (move f1-0f f0-0f)
inf: (move f1-1f f2-1f)
inf: (pickup f1-2f key0-1)
inf: (move f1-0f f1-1f)
inf: (move f1-1f f0-1f)
5.084: (move f1-2f f1-1f)
5.091: (putdown f1-2f key0-0)
5.883: (pickup f0-1f key0-0)
6.035: (move f2-2f f2-1f)
6.075: (unlock f1-2f f2-2f key0-0 shape0)
6.075: (unlock f1-2f f0-2f key0-0 shape0)
6.084: (putdown f1-2f key0-0)
6.121: (move f2-2f f1-2f)
6.991: (unlock f2-1f f2-2f key0-1 shape0)
7.008: (move f2-1f f2-2f)
7.008: (move f1-2f f2-2f)
7.013: (unlock f1-2f f2-2f key0-1 shape0)
7.032: (move f2-1f f1-1f)
7.032: (move f1-2f f1-1f)
7.135: (putdown f2-2f key0-1)
7.141: (putdown f1-2f key0-1)
7.584: (unlock f1-2f f2-2f key0-0 shape0)
7.784: (move f1-1f f0-1f)
7.963: (move f1-1f f2-1f)
8.031: (unlock f1-2f f0-2f key0-1 shape0)
8.031: (move f1-1f f1-2f)
8.086: (unlock f2-1f f2-2f key0-0 shape0)
8.087: (putdown f1-2f key0-0)
8.399: (move f1-2f f0-2f)
8.427: (move f1-2f f1-1f)
8.559: (unlock f1-2f f0-2f key0-0 shape0)
8.559: (move f0-2f f1-2f)
8.559: (move f1-1f f1-2f)
8.711: (move f2-1f f2-0f)
8.724: (move f1-1f f0-1f)
8.724: (move f0-2f f0-1f)
8.732: (move f2-2f f2-1f)
8.732: (move f1-1f f2-1f)
8.732: (unlock f2-1f f2-2f key0-1 shape0)
8.740: (move f1-1f f0-1f)
9.001: (unlock f0-1f f0-2f key0-1 shape0)
9.001: (move f1-1f f0-1f)
9.001: (move f0-2f f0-1f)
9.007: (putdown f2-1f key0-1)
9.022: (pickup-and-loose f0-1f key0-0 key0-1)
9.096: (putdown f2-1f key0-0)
9.365: (move f1-1f f1-0f)
9.412: (move f0-2f f0-1f)
9.546: (move f2-2f f2-1f)
9.547: (move f1-1f f2-1f)
9.627: (move f0-2f f0-1f)
9.642: (move f1-1f f0-1f)
9.655: (move f1-1f f1-0f)
9.720: (putdown f1-0f key0-0)
9.784: (unlock f0-1f f0-2f key0-1 shape0)
9.784: (move f1-1f f0-1f)
9.808: (move f1-1f f1-0f)
9.852: (move f1-1f f0-1f)
9.868: (putdown f0-1f key0-1)
9.896: (putdown f1-0f key0-1)
9.915: (move f1-1f f0-1f)
9.915: (putdown f0-1f key0-1)
9.938: (move f2-1f f2-0f)
9.938: (move f1-0f f2-0f)
9.966: (move f0-1f f0-0f)
9.966: (move f1-0f f0-0f)
10.020: (move f2-1f f1-1f)
10.022: (move f1-1f f2-1f)
10.026: (move f0-2f f1-2f)
10.036: (pickup f0-1f key0-0)
10.096: (move f1-2f f2-2f)
10.097: (move f1-1f f1-2f)
10.110: (move f1-0f f2-0f)
10.110: (move f2-1f f2-0f)
10.119: (putdown f2-1f key0-0)
10.176: (move f0-1f f0-0f)
10.176: (move f1-0f f0-0f)
10.191: (move f2-1f f2-0f)
10.295: (move f1-1f f1-0f)
10.311: (putdown f0-2f key0-1)
10.314: (putdown f1-1f key0-1)
10.404: (move f1-1f f1-0f)
10.423: (unlock f2-1f f2-2f key0-0 shape0)
10.500: (move f1-1f f2-1f)
10.608: (putdown f2-0f key0-0)
10.647: (move f0-0f f1-0f)
10.647: (move f1-1f f1-0f)
10.695: (putdown f1-0f key0-1)
10.711: (pickup f0-1f key0-0)
10.743: (move f1-1f f2-1f)
10.754: (move f1-0f f2-0f)
10.754: (move f2-1f f2-0f)
10.805: (move f0-1f f0-0f)
10.805: (move f1-0f f0-0f)
10.836: (move f0-1f f0-0f)
10.836: (move f1-0f f0-0f)
10.872: (putdown f1-1f key0-0)
10.873: (move f1-1f f1-0f)
10.921: (putdown f0-2f key0-0)
10.991: (move f2-0f f1-0f)
10.991: (move f1-1f f1-0f)
11.022: (putdown f2-1f key0-1)
11.081: (move f1-0f f2-0f)
11.101: (move f1-0f f0-0f)
11.225: (move f1-1f f1-2f)
11.225: (move f2-2f f1-2f)
11.231: (move f1-1f f1-2f)
11.260: (pickup f0-1f key0-0)
11.377: (move f1-1f f2-1f)
11.417: (move f0-0f f1-0f)
11.417: (move f1-1f f1-0f)
11.418: (putdown f2-1f key0-0)
11.425: (move f2-0f f1-0f)
11.427: (move f1-0f f1-1f)
11.450: (move f1-1f f1-0f)
11.496: (move f0-0f f1-0f)
11.500: (move f0-0f f0-1f)
11.668: (move f1-1f f2-1f)
11.676: (move f1-1f f2-1f)
11.746: (putdown f1-0f key0-0)
11.768: (move f2-0f f2-1f)
11.792: (putdown f1-0f key0-1)
12.060: (move f1-1f f1-2f)
12.072: (move f0-2f f1-2f)
12.095: (move f1-1f f1-2f)
12.095: (move f0-2f f1-2f)
12.113: (move f1-0f f0-0f)
12.114: (move f0-1f f0-0f)
12.230: (move f1-0f f2-0f)
12.230: (move f2-1f f2-0f)
12.307: (putdown f0-0f key0-0)
12.323: (move f0-0f f0-1f)
12.325: (move f0-0f f0-1f)
12.339: (move f0-1f f1-1f)
12.339: (move f1-0f f1-1f)
12.442: (move f2-1f f2-0f)
12.442: (move f1-0f f2-0f)
12.593: (move f1-0f f2-0f)
12.780: (move f1-0f f1-1f)
12.780: (move f2-1f f1-1f)
12.951: (move f1-0f f0-0f)
12.960: (move f0-0f f1-0f)
13.040: (move f0-0f f1-0f)
13.080: (move f1-0f f2-0f)
13.080: (move f2-1f f2-0f)
13.143: (move f0-0f f1-0f)
13.143: (move f1-1f f1-0f)
13.403: (move f0-2f f1-2f)
13.403: (move f1-1f f1-2f)
13.421: (move f1-0f f1-1f)
13.421: (move f0-1f f1-1f)
13.504: (move f1-1f f2-1f)
14.359: (move f1-0f f2-0f)
14.359: (move f2-1f f2-0f)
14.829: (move f1-0f f2-0f)
inf: (move f2-1f f1-1f)
inf: (move f2-1f f1-1f)
inf: (move f1-0f f2-0f)
inf: (move f0-1f f0-0f)
inf: (move f0-0f f0-1f)
inf: (move f0-1f f0-0f)
inf: (move f1-2f f1-1f)
inf: (move f2-1f f2-0f)
inf: (pickup f0-0f key0-1)
inf: (move f1-2f f1-1f)
inf: (move f1-0f f1-1f)
inf: (move f2-1f f2-0f)
inf: (move f1-0f f2-0f)
inf: (pickup f2-0f key0-1)
inf: (move f0-2f f0-1f)
inf: (move f1-0f f1-1f)
inf: (move f1-0f f0-0f)
inf: (move f1-2f f1-1f)
inf: (move f1-1f f0-1f)
inf: (move f2-1f f1-1f)
inf: (move f1-0f f0-0f)
inf: (move f1-0f f0-0f)
inf: (pickup f0-0f key0-0)
inf: (move f2-2f f2-1f)
inf: (move f1-0f f1-1f)
inf: (move f0-1f f1-1f)
inf: (move f0-1f f0-0f)
inf: (move f0-1f f1-1f)
inf: (move f2-1f f1-1f)
inf: (pickup f1-0f key0-0)
inf: (move f0-1f f1-1f)
inf: (move f1-0f f1-1f)
inf: (move f1-1f f1-2f)
inf: (move f0-2f f1-2f)
inf: (pickup f0-2f key0-0)
inf: (move f0-2f f0-1f)
inf: (move f1-1f f0-1f)
inf: (move f2-1f f1-1f)
inf: (pickup f1-1f key0-0)
inf: (pickup f1-1f key0-1)
inf: (pickup-and-loose f1-1f key0-0 key0-1)
inf: (putdown f1-1f key0-1)
inf: (move f1-1f f1-2f)
inf: (move f1-0f f1-1f)
inf: (move f1-0f f0-0f)
inf: (move f0-1f f1-1f)
inf: (pickup f1-2f key0-1)
inf: (move f1-2f f1-1f)
inf: (move f1-1f f1-2f)
inf: (move f2-2f f1-2f)
3.974: (pickup f1-1f key0-1)
4.094: (move f1-2f f1-1f)
4.885: (pickup f0-1f key0-0)
5.047: (move f0-1f f1-1f)
5.060: (move f1-2f f1-1f)
5.060: (move f2-1f f1-1f)
5.078: (move f1-2f f1-1f)
5.092: (putdown f1-2f key0-0)
5.823: (unlock f0-1f f0-2f key0-0 shape0)
5.823: (pickup f0-1f key0-0)
6.036: (move f2-2f f2-1f)
6.054: (move f1-2f f2-2f)
6.066: (move f2-2f f1-2f)
6.067: (move f1-1f f1-0f)
6.079: (move f1-1f f2-1f)
6.087: (move f1-2f f1-1f)
6.091: (move f1-1f f0-1f)
6.126: (move f2-1f f2-2f)
6.126: (move f1-2f f2-2f)
6.127: (move f0-1f f0-0f)
6.138: (putdown f1-2f key0-1)
6.855: (move f1-2f f0-2f)
6.928: (move f2-1f f2-0f)
6.978: (move f2-1f f2-2f)
6.978: (move f1-2f f2-2f)
7.005: (unlock f1-2f f2-2f key0-1 shape0)
7.005: (unlock f1-2f f0-2f key0-1 shape0)
7.010: (unlock f2-1f f2-2f key0-1 shape0)
7.026: (move f1-2f f0-2f)
7.059: (move f1-2f f1-1f)
7.059: (move f2-1f f1-1f)
7.109: (putdown f1-2f key0-0)
7.151: (putdown f1-2f key0-1)
7.152: (move f1-2f f1-1f)
7.529: (unlock f1-2f f2-2f key0-0 shape0)
7.529: (unlock f1-2f f0-2f key0-0 shape0)
7.783: (move f0-2f f0-1f)
7.783: (move f1-1f f0-1f)
7.874: (move f0-1f f1-1f)
7.881: (move f1-1f f0-1f)
7.881: (pickup f0-1f key0-0)
7.899: (move f2-0f f1-0f)
7.899: (move f1-1f f1-0f)
8.022: (move f2-1f f1-1f)
8.022: (move f1-2f f1-1f)
8.022: (pickup-and-loose f1-1f key0-1 key0-0)
8.054: (putdown f2-1f key0-1)
8.056: (putdown f1-2f key0-0)
8.062: (putdown f2-2f key0-0)
8.063: (putdown f1-1f key0-0)
8.195: (move f1-2f f1-1f)
8.195: (move f0-1f f1-1f)
8.195: (move f2-1f f1-1f)
8.642: (move f1-1f f0-1f)
8.662: (move f0-2f f0-1f)
8.791: (move f2-1f f2-0f)
8.876: (pickup f0-1f key0-0)
8.980: (pickup f1-1f key0-1)
8.996: (move f2-1f f1-1f)
9.014: (pickup-and-loose f0-1f key0-0 key0-1)
9.014: (unlock f0-1f f0-2f key0-0 shape0)
9.037: (putdown f2-1f key0-1)
9.055: (move f2-1f f1-1f)
9.081: (move f2-1f f2-0f)
9.110: (pickup f0-1f key0-0)
9.119: (putdown f2-1f key0-0)
9.135: (move f2-1f f2-0f)
9.185: (move f1-0f f0-0f)
9.185: (move f0-1f f0-0f)
9.230: (move f0-1f f1-1f)
9.261: (move f1-2f f2-2f)
9.261: (move f2-1f f2-2f)
9.368: (move f1-1f f1-0f)
9.532: (move f1-1f f2-1f)
9.532: (move f2-2f f2-1f)
9.542: (putdown f2-0f key0-0)
9.773: (move f1-2f f0-2f)
9.773: (move f0-1f f0-2f)
9.794: (putdown f0-1f key0-1)
9.794: (move f1-1f f0-1f)
9.798: (move f0-2f f0-1f)
9.895: (putdown f0-1f key0-1)
9.904: (putdown f1-0f key0-1)
9.936: (move f1-1f f1-0f)
9.936: (move f2-0f f1-0f)
9.995: (move f0-1f f0-0f)
9.995: (move f1-0f f0-0f)
10.015: (unlock f0-1f f0-2f key0-0 shape0)
10.057: (move f2-1f f1-1f)
10.067: (move f1-1f f0-1f)
10.075: (putdown f2-1f key0-1)
10.120: (move f0-1f f0-0f)
10.127: (move f2-1f f2-0f)
10.127: (move f1-0f f2-0f)
10.146: (move f2-1f f2-0f)
10.153: (move f2-1f f2-2f)
10.162: (move f0-1f f0-0f)
10.162: (move f1-0f f0-0f)
10.179: (move f0-1f f0-0f)
10.179: (move f1-0f f0-0f)
10.208: (move f2-1f f2-0f)
10.306: (unlock f2-1f f2-2f key0-0 shape0)
10.346: (move f0-1f f1-1f)
10.396: (move f1-1f f1-0f)
10.400: (move f1-2f f1-1f)
10.400: (move f0-1f f1-1f)
10.560: (move f0-1f f0-0f)
10.627: (putdown f2-0f key0-0)
10.637: (pickup f1-1f key0-1)
10.658: (putdown f2-1f key0-0)
10.673: (unlock f0-1f f0-2f key0-0 shape0)
10.728: (putdown f1-0f key0-1)
10.743: (move f1-1f f2-1f)
10.745: (move f1-0f f0-0f)
10.754: (move f1-0f f2-0f)
10.754: (move f2-1f f2-0f)
10.772: (move f2-0f f1-0f)
10.778: (move f0-1f f0-0f)
10.807: (putdown f2-0f key0-1)
10.815: (move f0-1f f1-1f)
10.815: (move f1-2f f1-1f)
10.827: (move f0-1f f0-0f)
10.827: (move f1-0f f0-0f)
10.828: (move f1-0f f0-0f)
10.828: (move f0-1f f0-0f)
10.895: (move f0-1f f0-2f)
10.895: (move f1-2f f0-2f)
10.978: (move f1-0f f1-1f)
11.046: (move f2-0f f2-1f)
11.050: (move f2-1f f1-1f)
11.061: (move f0-2f f1-2f)
11.069: (move f0-1f f0-0f)
11.070: (move f2-1f f1-1f)
11.072: (move f1-1f f1-2f)
11.098: (move f1-0f f1-1f)
11.101: (move f1-0f f2-0f)
11.123: (move f1-0f f0-0f)
11.123: (move f0-1f f0-0f)
11.123: (move f1-0f f0-0f)
11.129: (move f1-1f f1-2f)
11.141: (move f0-1f f0-0f)
11.165: (putdown f0-0f key0-1)
11.211: (move f0-1f f0-0f)
11.216: (move f1-0f f2-0f)
11.216: (move f2-1f f2-0f)
11.230: (move f1-0f f2-0f)
11.245: (pickup f0-1f key0-0)
11.245: (unlock f0-1f f0-2f key0-0 shape0)
11.403: (move f1-0f f0-0f)
11.407: (move f2-1f f2-0f)
11.408: (move f1-0f f2-0f)
11.430: (move f1-1f f1-0f)
11.434: (putdown f2-1f key0-0)
11.439: (move f1-0f f0-0f)
11.439: (move f0-1f f0-0f)
11.451: (move f0-1f f1-1f)
11.455: (move f1-1f f0-1f)
11.455: (move f0-0f f0-1f)
11.475: (move f1-0f f1-1f)
11.651: (putdown f0-0f key0-1)
11.662: (move f1-1f f2-1f)
11.701: (move f1-0f f1-1f)
11.701: (move f2-1f f1-1f)
11.718: (move f2-0f f2-1f)
11.718: (move f1-1f f2-1f)
11.775: (move f0-1f f0-0f)
11.779: (putdown f1-0f key0-0)
11.783: (move f0-2f f1-2f)
11.789: (move f1-1f f1-2f)
11.852: (move f2-1f f2-0f)
11.852: (move f1-0f f2-0f)
11.856: (move f1-0f f0-0f)
11.872: (pickup f0-1f key0-1)
11.881: (move f1-0f f0-0f)
11.918: (move f1-0f f0-0f)
12.089: (move f2-1f f2-0f)
12.167: (pickup f1-1f key0-1)
12.203: (move f1-0f f1-1f)
12.230: (move f1-0f f1-1f)
12.238: (move f1-0f f2-0f)
12.238: (move f2-1f f2-0f)
12.249: (move f1-1f f1-2f)
12.344: (move f0-0f f0-1f)
12.355: (move f1-0f f2-0f)
12.383: (move f1-0f f1-1f)
12.383: (move f0-1f f1-1f)
12.502: (move f2-1f f2-2f)
12.502: (move f1-2f f2-2f)
12.529: (move f2-1f f2-0f)
12.558: (move f2-1f f2-0f)
12.614: (move f1-0f f2-0f)
12.814: (move f2-1f f2-0f)
12.814: (move f1-0f f2-0f)
12.821: (move f0-0f f0-1f)
12.821: (move f1-1f f0-1f)
12.958: (putdown f2-0f key0-1)
12.972: (putdown f2-0f key0-0)
13.024: (move f0-0f f1-0f)
13.038: (move f1-0f f2-0f)
13.038: (move f2-1f f2-0f)
2.967: (pickup f1-1f key0-1)
3.000: (move f1-1f f2-1f)
3.038: (move f1-1f f1-2f)
3.966: (pickup f1-1f key0-1)
4.011: (move f0-1f f1-1f)
4.062: (move f1-1f f1-2f)
4.086: (move f1-2f f1-1f)
4.122: (move f1-1f f0-1f)
4.786: (move f1-1f f1-0f)
4.825: (unlock f0-1f f0-2f key0-0 shape0)
4.825: (pickup f0-1f key0-0)
4.841: (move f1-1f f0-1f)
5.007: (move f0-1f f0-2f)
5.024: (move f0-1f f1-1f)
5.049: (move f1-2f f1-1f)
5.049: (move f2-1f f1-1f)
5.067: (move f1-1f f1-0f)
5.076: (move f0-1f f0-0f)
5.078: (move f1-1f f2-1f)
5.078: (move f1-2f f1-1f)
5.078: (move f2-2f f2-1f)
5.085: (move f1-2f f0-2f)
5.086: (putdown f2-2f key0-1)
5.105: (move f1-1f f0-1f)
5.897: (move f0-0f f1-0f)
5.897: (move f1-1f f1-0f)
5.927: (move f1-1f f0-1f)
6.021: (move f1-1f f1-0f)
6.021: (move f2-0f f1-0f)
6.035: (move f1-1f f2-1f)
6.050: (move f1-2f f0-2f)
6.055: (move f0-2f f0-1f)
6.055: (move f1-1f f0-1f)
6.064: (move f1-2f f2-2f)
6.069: (move f1-1f f1-0f)
6.082: (move f0-1f f0-0f)
6.086: (move f1-1f f2-1f)
6.099: (move f1-2f f1-1f)
6.146: (putdown f1-2f key0-1)
6.164: (move f2-1f f2-2f)
6.164: (move f1-2f f2-2f)
6.179: (move f1-2f f1-1f)
6.909: (move f0-1f f1-1f)
6.944: (move f2-1f f2-0f)
6.981: (move f1-2f f2-2f)
7.029: (move f2-1f f2-0f)
7.029: (move f1-0f f2-0f)
7.036: (move f1-1f f1-2f)
7.048: (move f2-2f f2-1f)
7.071: (move f1-1f f0-1f)
7.075: (move f2-2f f1-2f)
7.077: (move f1-1f f1-0f)
7.084: (putdown f1-2f key0-0)
7.101: (move f1-2f f0-2f)
7.120: (move f1-2f f1-1f)
7.120: (move f1-1f f2-1f)
7.283: (move f1-0f f0-0f)
7.283: (move f0-1f f0-0f)
7.633: (move f1-1f f1-0f)
7.862: (pickup f0-1f key0-0)
7.893: (move f1-1f f0-1f)
7.893: (unlock f0-1f f0-2f key0-0 shape0)
7.893: (move f0-2f f0-1f)
7.893: (pickup f0-1f key0-0)
7.898: (move f0-1f f1-1f)
7.911: (move f1-1f f1-0f)
7.911: (move f2-0f f1-0f)
7.959: (move f0-1f f1-1f)
7.982: (move f1-1f f1-2f)
7.995: (pickup f1-1f key0-1)
8.036: (pickup-and-loose f1-1f key0-1 key0-0)
8.036: (move f2-1f f1-1f)
8.036: (move f1-2f f1-1f)
8.046: (move f1-1f f2-1f)
8.052: (move f1-1f f2-1f)
8.055: (move f2-1f f1-1f)
8.064: (putdown f2-2f key0-0)
8.065: (move f0-1f f0-2f)
8.081: (putdown f2-1f key0-1)
8.082: (putdown f1-1f key0-0)
8.183: (move f1-2f f1-1f)
8.183: (move f0-1f f1-1f)
8.183: (move f2-1f f1-1f)
8.195: (move f1-2f f0-2f)
8.225: (move f1-2f f0-2f)
8.225: (move f0-1f f0-2f)
8.280: (move f1-2f f2-2f)
8.325: (putdown f0-2f key0-0)
8.586: (move f1-1f f1-2f)
8.600: (move f1-1f f1-0f)
8.617: (move f1-0f f0-0f)
8.617: (move f0-1f f0-0f)
8.628: (move f1-1f f0-1f)
8.711: (putdown f1-0f key0-0)
8.724: (move f1-2f f0-2f)
8.832: (move f1-1f f1-0f)
8.832: (move f2-0f f1-0f)
8.865: (move f1-1f f0-1f)
8.934: (move f0-1f f0-2f)
8.992: (move f2-1f f1-1f)
9.014: (pickup f1-1f key0-1)
9.061: (move f1-1f f2-1f)
9.067: (move f1-1f f1-0f)
9.067: (move f2-0f f1-0f)
9.077: (move f2-1f f2-0f)
9.080: (move f1-1f f2-1f)
9.088: (move f2-1f f1-1f)
9.091: (unlock f0-1f f0-2f key0-0 shape0)
9.093: (move f2-1f f2-0f)
9.132: (move f2-1f f2-2f)
9.136: (move f1-1f f1-2f)
9.154: (move f2-1f f2-0f)
9.193: (move f0-1f f0-0f)
9.193: (move f1-0f f0-0f)
9.202: (move f1-1f f0-1f)
9.252: (move f0-1f f1-1f)
9.276: (move f1-2f f2-2f)
9.276: (move f2-1f f2-2f)
9.425: (move f1-1f f1-2f)
9.434: (putdown f0-0f key0-0)
9.571: (putdown f2-0f key0-0)
9.585: (putdown f2-2f key0-0)
9.599: (move f1-1f f1-0f)
9.623: (move f1-1f f0-1f)
9.647: (move f0-1f f0-0f)
9.652: (move f1-1f f2-1f)
9.733: (move f1-2f f1-1f)
9.733: (move f0-1f f1-1f)
9.734: (putdown f2-0f key0-1)
9.740: (putdown f1-1f key0-0)
9.745: (pickup f0-1f key0-1)
9.753: (move f0-1f f0-2f)
9.753: (move f2-0f f1-0f)
9.753: (move f1-2f f0-2f)
9.775: (pickup f1-1f key0-1)
9.786: (move f2-0f f1-0f)
9.787: (move f1-1f f1-0f)
9.787: (move f0-0f f1-0f)
9.788: (move f0-1f f0-0f)
9.788: (move f1-0f f0-0f)
9.797: (move f0-1f f0-0f)
9.872: (move f2-0f f1-0f)
9.872: (move f1-1f f1-0f)
9.926: (move f1-1f f1-0f)
9.926: (move f0-0f f1-0f)
9.956: (move f1-1f f1-0f)
9.968: (move f1-1f f1-0f)
9.968: (move f2-0f f1-0f)
9.982: (move f1-1f f0-1f)
9.990: (move f0-0f f1-0f)
9.990: (move f1-1f f1-0f)
10.021: (move f2-1f f1-1f)
10.044: (move f1-1f f0-1f)
10.070: (move f2-1f f1-1f)
10.095: (move f2-0f f2-1f)
10.127: (move f1-1f f1-2f)
10.127: (move f0-1f f0-0f)
10.153: (move f2-1f f2-0f)
10.164: (move f1-1f f1-2f)
10.164: (move f1-1f f1-2f)
10.164: (move f2-2f f1-2f)
10.174: (move f2-1f f2-2f)
10.369: (move f0-1f f1-1f)
10.386: (move f0-1f f0-2f)
10.505: (move f0-1f f0-2f)
10.521: (putdown f0-2f key0-1)
10.572: (move f0-1f f0-0f)
10.572: (pickup-and-loose f0-0f key0-1 key0-0)
10.584: (move f0-1f f0-0f)
10.633: (move f1-1f f0-1f)
10.633: (move f0-0f f0-1f)
10.657: (putdown f2-1f key0-0)
10.707: (move f0-1f f0-0f)
10.722: (pickup f1-1f key0-1)
10.730: (move f1-1f f1-0f)
10.731: (move f0-0f f1-0f)
10.759: (putdown f0-1f key0-0)
10.759: (move f1-1f f0-1f)
10.768: (move f1-1f f0-1f)
10.777: (move f1-0f f0-0f)
10.798: (move f1-1f f2-1f)
10.809: (putdown f2-0f key0-1)
10.823: (move f2-0f f1-0f)
10.823: (move f2-0f f1-0f)
10.977: (move f1-0f f1-1f)
11.034: (move f2-1f f1-1f)
11.047: (move f0-1f f1-1f)
11.047: (move f1-2f f1-1f)
11.049: (move f0-1f f0-0f)
11.049: (move f1-0f f0-0f)
11.061: (move f0-1f f0-0f)
11.061: (move f2-0f f2-1f)
11.068: (move f1-0f f1-1f)
11.078: (move f0-1f f0-0f)
11.084: (move f2-0f f2-1f)
11.111: (move f1-1f f1-2f)
11.143: (move f1-2f f0-2f)
11.143: (move f0-1f f0-2f)
11.168: (putdown f0-0f key0-0)
11.171: (move f0-1f f0-0f)
2.004: (move f1-1f f2-1f)
2.004: (unlock f2-1f f2-2f key0-1 shape0)
2.029: (move f1-1f f1-2f)
2.029: (unlock f1-2f f2-2f key0-1 shape0)
2.963: (pickup f1-1f key0-1)
2.996: (move f1-1f f2-1f)
3.020: (move f1-1f f1-2f)
3.020: (unlock f1-2f f0-2f key0-1 shape0)
3.042: (pickup f0-1f key0-0)
3.068: (move f1-1f f1-2f)
3.068: (unlock f1-2f f2-2f key0-0 shape0)
3.947: (move f1-1f f1-0f)
3.966: (move f0-1f f0-2f)
3.987: (move f1-1f f0-1f)
3.987: (move f2-1f f2-0f)
3.987: (move f1-0f f2-0f)
3.988: (move f0-1f f1-1f)
4.056: (putdown f2-1f key0-1)
4.057: (move f2-2f f2-1f)
4.064: (unlock f1-2f f0-2f key0-0 shape0)
4.064: (move f0-2f f1-2f)
4.064: (move f1-1f f1-2f)
4.076: (putdown f1-2f key0-1)
4.076: (putdown f1-2f key0-0)
4.077: (move f2-2f f1-2f)
4.096: (move f0-2f f0-1f)
4.096: (move f1-1f f0-1f)
4.806: (move f1-1f f1-0f)
4.853: (move f1-1f f0-1f)
4.853: (unlock f0-1f f0-2f key0-1 shape0)
4.893: (move f0-0f f1-0f)
4.893: (move f1-1f f1-0f)
4.909: (move f0-1f f0-0f)
4.909: (move f1-0f f0-0f)
4.948: (move f1-1f f0-1f)
4.989: (move f1-1f f2-1f)
4.989: (unlock f2-1f f2-2f key0-0 shape0)
5.033: (move f0-1f f0-0f)
5.059: (move f1-1f f0-1f)
5.059: (move f0-2f f0-1f)
5.067: (move f1-1f f1-0f)
5.079: (move f0-1f f0-0f)
5.079: (move f1-0f f0-0f)
5.085: (putdown f2-2f key0-1)
5.086: (move f2-2f f2-1f)
5.086: (move f1-1f f2-1f)
5.090: (move f1-2f f1-1f)
5.870: (move f0-0f f1-0f)
5.870: (move f1-1f f1-0f)
5.919: (move f0-2f f0-1f)
5.919: (move f1-1f f0-1f)
5.922: (putdown f1-0f key0-1)
5.991: (move f2-1f f1-1f)
5.991: (move f1-2f f1-1f)
6.028: (move f1-1f f1-0f)
6.028: (move f2-0f f1-0f)
6.030: (move f1-1f f2-1f)
6.036: (move f2-1f f2-0f)
6.036: (move f1-0f f2-0f)
6.062: (move f1-1f f0-1f)
6.066: (move f1-1f f1-0f)
6.069: (putdown f0-2f key0-0)
6.072: (move f1-1f f2-1f)
6.072: (move f2-2f f2-1f)
6.092: (unlock f1-2f f2-2f key0-0 shape0)
6.092: (move f1-1f f1-2f)
6.126: (putdown f1-2f key0-0)
6.147: (move f1-2f f0-2f)
6.151: (move f1-2f f1-1f)
6.236: (move f0-1f f0-0f)
6.236: (move f1-0f f0-0f)
6.247: (move f2-1f f2-0f)
6.247: (move f1-0f f2-0f)
6.637: (move f1-1f f1-0f)
6.872: (move f0-1f f1-1f)
6.949: (move f0-1f f1-1f)
6.975: (unlock f1-2f f2-2f key0-1 shape0)
6.975: (move f1-1f f1-2f)
7.014: (move f0-1f f0-0f)
7.014: (move f1-0f f0-0f)
7.016: (move f1-1f f1-2f)
7.016: (move f0-2f f1-2f)
7.022: (move f1-2f f2-2f)
7.023: (move f1-1f f2-1f)
7.023: (unlock f2-1f f2-2f key0-1 shape0)
7.038: (move f1-1f f1-2f)
7.038: (unlock f1-2f f0-2f key0-0 shape0)
7.038: (move f0-2f f1-2f)
7.039: (move f2-2f f2-1f)
7.042: (move f1-0f f2-0f)
7.042: (move f2-1f f2-0f)
7.055: (move f2-2f f1-2f)
7.057: (move f1-1f f0-1f)
7.057: (move f0-2f f0-1f)
7.061: (putdown f2-1f key0-0)
7.069: (move f2-2f f2-1f)
7.069: (move f1-1f f2-1f)
7.079: (move f0-1f f0-2f)
7.084: (move f1-1f f1-0f)
7.132: (move f1-1f f2-1f)
7.210: (move f1-2f f0-2f)
7.265: (move f0-1f f0-0f)
7.265: (move f1-0f f0-0f)
7.557: (unlock f1-2f f2-2f key0-0 shape0)
7.604: (move f1-1f f1-0f)
7.971: (unlock f1-2f f0-2f key0-1 shape0)
7.971: (move f1-1f f1-2f)
7.978: (move f1-1f f1-2f)
7.980: (move f0-1f f0-2f)
8.029: (pickup f1-1f key0-1)
8.045: (putdown f1-2f key0-0)
8.047: (move f1-1f f2-1f)
8.053: (move f1-1f f2-1f)
8.055: (move f2-1f f1-1f)
8.076: (move f1-1f f2-1f)
8.076: (unlock f2-1f f2-2f key0-0 shape0)
8.076: (move f2-1f f2-0f)
8.234: (move f1-0f f0-0f)
8.234: (move f0-1f f0-0f)
8.285: (move f1-2f f2-2f)
8.296: (move f2-1f f2-0f)
8.296: (move f1-0f f2-0f)
8.362: (unlock f1-2f f2-2f key0-1 shape0)
8.381: (move f0-2f f0-1f)
8.443: (putdown f0-0f key0-0)
8.575: (move f0-2f f1-2f)
8.575: (move f1-1f f1-2f)
8.575: (unlock f1-2f f0-2f key0-0 shape0)
8.606: (move f1-1f f0-1f)
8.615: (move f1-1f f1-0f)
8.636: (move f0-1f f0-0f)
8.683: (unlock f2-1f f2-2f key0-1 shape0)
8.690: (move f1-1f f1-0f)
8.692: (move f1-0f f0-0f)
8.692: (move f0-1f f0-0f)
8.709: (move f1-1f f0-1f)
8.742: (putdown f1-0f key0-0)
8.751: (putdown f1-0f key0-1)
8.767: (putdown f0-1f key0-1)
8.767: (move f1-1f f0-1f)
8.776: (putdown f1-0f key0-0)
8.831: (move f1-1f f0-1f)
8.831: (move f0-2f f0-1f)
8.831: (unlock f0-1f f0-2f key0-1 shape0)
8.847: (move f1-1f f1-0f)
8.847: (move f2-0f f1-0f)
8.860: (move f2-1f f2-0f)
8.860: (move f1-0f f2-0f)
8.982: (move f0-1f f0-2f)
8.982: (pickup-and-loose f0-2f key0-1 key0-0)
8.996: (putdown f1-2f key0-1)
9.020: (move f1-1f f1-0f)
9.020: (move f2-0f f1-0f)
9.032: (move f1-1f f1-0f)
9.032: (move f0-0f f1-0f)
9.034: (putdown f2-1f key0-0)
9.034: (putdown f2-1f key0-1)
9.052: (move f1-1f f2-1f)
9.054: (move f0-2f f1-2f)
9.069: (move f1-1f f2-1f)
9.083: (move f2-1f f2-0f)
9.101: (move f1-1f f1-0f)
9.101: (move f2-0f f1-0f)
9.102: (move f2-1f f2-0f)
9.102: (move f1-0f f2-0f)
9.104: (move f1-1f f2-1f)
9.120: (move f1-1f f1-2f)
9.121: (putdown f0-2f key0-0)
9.130: (putdown f1-2f key0-0)
9.133: (move f1-1f f0-1f)
9.153: (move f1-1f f1-2f)
9.153: (move f2-2f f1-2f)
9.155: (move f2-2f f1-2f)
9.158: (move f2-1f f2-2f)
9.168: (unlock f1-2f f2-2f key0-0 shape0)
9.187: (move f0-0f f1-0f)
9.188: (move f1-1f f1-0f)
9.192: (move f1-1f f0-1f)
9.295: (putdown f1-1f key0-0)
9.361: (move f2-2f f2-1f)
9.403: (move f1-1f f1-2f)
9.403: (unlock f1-2f f0-2f key0-1 shape0)
9.404: (move f0-1f f0-0f)
9.404: (move f1-0f f0-0f)
9.412: (putdown f0-0f key0-0)
9.414: (move f0-2f f0-1f)
9.446: (putdown f0-2f key0-1)
9.573: (putdown f2-2f key0-0)
9.596: (unlock f0-1f f0-2f key0-1 shape0)
9.596: (move f1-1f f0-1f)
9.617: (move f1-1f f1-0f)
9.653: (move f2-1f f2-0f)
9.653: (move f1-0f f2-0f)
9.682: (move f1-1f f2-1f)
9.702: (move f2-0f f1-0f)
9.709: (putdown f1-2f key0-1)
9.715: (putdown f1-1f key0-0)
9.725: (move f1-1f f2-1f)
9.733: (move f1-1f f1-0f)
9.733: (move f0-0f f1-0f)
1.050: (move f2-1f f2-2f)
1.051: (move f1-2f f2-2f)
2.005: (move f1-1f f2-1f)
2.005: (unlock f2-1f f2-2f key0-1 shape0)
2.008: (move f0-1f f1-1f)
2.017: (move f1-1f f1-2f)
2.017: (unlock f1-2f f0-2f key0-1 shape0)
2.017: (unlock f1-2f f2-2f key0-1 shape0)
3.002: (pickup f0-1f key0-0)
3.002: (unlock f0-1f f0-2f key0-0 shape0)
3.021: (move f2-1f f2-0f)
3.021: (move f1-0f f2-0f)
3.062: (move f1-2f f1-1f)
3.062: (move f2-1f f1-1f)
3.064: (move f1-1f f1-2f)
3.064: (unlock f1-2f f2-2f key0-0 shape0)
3.064: (unlock f1-2f f0-2f key0-0 shape0)
3.064: (move f0-2f f1-2f)
3.070: (putdown f2-1f key0-1)
3.075: (putdown f1-2f key0-1)
3.075: (putdown f1-2f key0-0)
3.951: (move f1-1f f1-0f)
3.982: (unlock f0-1f f0-2f key0-1 shape0)
3.982: (move f1-1f f0-1f)
3.992: (move f2-1f f2-0f)
3.992: (move f1-0f f2-0f)
3.996: (move f0-1f f0-0f)
4.004: (move f1-0f f0-0f)
4.004: (move f0-1f f0-0f)
4.033: (move f0-1f f0-2f)
4.033: (move f1-2f f0-2f)
4.040: (move f1-2f f2-2f)
4.040: (move f2-1f f2-2f)
4.047: (move f2-2f f1-2f)
4.058: (putdown f1-2f key0-0)
4.058: (putdown f1-2f key0-1)
4.058: (move f2-2f f2-1f)
4.064: (putdown f2-1f key0-1)
4.860: (move f0-0f f1-0f)
4.860: (move f1-1f f1-0f)
4.916: (move f1-0f f0-0f)
4.916: (move f0-1f f0-0f)
4.932: (putdown f1-0f key0-1)
4.933: (move f1-1f f0-1f)
4.933: (move f0-2f f0-1f)
4.969: (pickup f1-1f key0-1)
4.974: (move f1-1f f2-1f)
4.974: (unlock f2-1f f2-2f key0-0 shape0)
5.033: (move f1-2f f1-1f)
5.034: (move f2-1f f2-0f)
5.046: (move f1-2f f1-1f)
5.046: (move f2-1f f1-1f)
5.058: (putdown f1-2f key0-0)
5.060: (putdown f0-2f key0-0)
5.065: (move f0-1f f0-0f)
5.065: (move f1-0f f0-0f)
5.093: (putdown f2-0f key0-1)
5.118: (move f2-1f f2-0f)
5.187: (move f2-1f f2-0f)
5.187: (move f1-0f f2-0f)
5.886: (putdown f0-0f key0-1)
5.920: (putdown f1-0f key0-1)
5.998: (move f2-1f f1-1f)
5.998: (move f1-2f f1-1f)
6.017: (move f0-1f f0-0f)
6.017: (move f1-0f f0-0f)
6.018: (move f0-2f f1-2f)
6.018: (move f1-1f f1-2f)
6.018: (unlock f1-2f f2-2f key0-0 shape0)
6.044: (move f1-0f f2-0f)
6.044: (move f2-1f f2-0f)
6.048: (move f1-1f f0-1f)
6.048: (move f0-2f f0-1f)
6.060: (move f1-2f f2-2f)
6.060: (move f2-1f f2-2f)
6.066: (putdown f1-2f key0-0)
6.068: (putdown f2-1f key0-0)
6.075: (move f1-1f f1-0f)
6.086: (move f1-1f f2-1f)
6.086: (move f2-2f f2-1f)
6.090: (move f0-2f f1-2f)
6.090: (unlock f1-2f f0-2f key0-0 shape0)
6.090: (move f1-1f f1-2f)
6.090: (unlock f1-2f f2-2f key0-0 shape0)
6.122: (putdown f1-2f key0-0)
6.205: (move f2-1f f2-0f)
6.205: (move f1-0f f2-0f)
6.219: (move f1-0f f0-0f)
6.219: (move f0-1f f0-0f)
6.612: (move f1-1f f1-0f)
6.955: (unlock f1-2f f2-2f key0-1 shape0)
6.965: (unlock f1-2f f0-2f key0-1 shape0)
6.965: (move f1-1f f1-2f)
6.965: (unlock f1-2f f2-2f key0-1 shape0)
6.982: (move f0-1f f0-0f)
6.982: (move f1-0f f0-0f)
7.003: (move f1-0f f0-0f)
7.007: (move f0-2f f0-1f)
7.015: (move f1-2f f2-2f)
7.015: (move f2-1f f2-2f)
7.053: (unlock f2-1f f2-2f key0-1 shape0)
7.053: (move f1-1f f2-1f)
7.062: (putdown f2-1f key0-0)
7.063: (move f1-1f f2-1f)
7.063: (move f2-2f f2-1f)
7.065: (move f1-1f f1-0f)
7.065: (move f2-0f f1-0f)
7.075: (putdown f1-2f key0-0)
7.088: (move f1-0f f2-0f)
7.100: (move f1-1f f0-1f)
7.102: (putdown f1-2f key0-1)
7.102: (move f0-2f f1-2f)
7.115: (move f1-0f f1-1f)
7.115: (move f1-2f f1-1f)
7.258: (move f1-0f f0-0f)
7.258: (move f0-1f f0-0f)
7.296: (move f1-0f f2-0f)
7.296: (move f2-1f f2-0f)
7.547: (unlock f1-2f f2-2f key0-0 shape0)
7.547: (unlock f1-2f f0-2f key0-0 shape0)
7.692: (move f1-2f f1-1f)
7.835: (putdown f1-0f key0-0)
7.881: (move f1-0f f2-0f)
7.881: (move f2-1f f2-0f)
7.974: (unlock f2-1f f2-2f key0-1 shape0)
7.999: (pickup-and-loose f0-2f key0-1 key0-0)
8.039: (putdown f1-2f key0-0)
8.046: (putdown f1-2f key0-1)
8.058: (unlock f2-1f f2-2f key0-0 shape0)
8.059: (move f1-1f f2-1f)
8.081: (move f1-2f f1-1f)
8.081: (move f2-1f f1-1f)
8.087: (move f2-1f f2-0f)
8.098: (putdown f0-2f key0-0)
8.102: (putdown f2-1f key0-1)
8.102: (putdown f2-1f key0-0)
8.117: (move f2-1f f2-0f)
8.134: (move f0-0f f1-0f)
8.134: (move f1-1f f1-0f)
8.137: (move f1-0f f2-0f)
8.137: (move f2-1f f2-0f)
8.156: (putdown f1-2f key0-0)
8.171: (move f1-2f f1-1f)
8.224: (move f0-1f f0-0f)
8.225: (move f1-0f f0-0f)
8.247: (move f1-2f f0-2f)
8.256: (putdown f1-1f key0-0)
8.292: (move f1-0f f2-0f)
8.292: (move f2-1f f2-0f)
8.309: (move f2-1f f2-2f)
8.309: (move f1-2f f2-2f)
8.336: (unlock f1-2f f2-2f key0-1 shape0)
8.336: (unlock f1-2f f0-2f key0-1 shape0)
8.381: (move f0-2f f0-1f)
8.420: (putdown f0-0f key0-0)
8.578: (move f0-1f f0-0f)
8.578: (move f1-0f f0-0f)
8.625: (move f1-2f f1-1f)
8.625: (move f2-1f f1-1f)
8.648: (move f1-1f f0-1f)
8.648: (putdown f0-1f key0-1)
8.685: (unlock f0-1f f0-2f key0-1 shape0)
8.685: (move f1-1f f0-1f)
8.707: (putdown f1-2f key0-1)
8.710: (move f1-1f f1-0f)
8.718: (unlock f2-1f f2-2f key0-1 shape0)
8.750: (putdown f1-0f key0-0)
8.762: (putdown f1-0f key0-1)
8.783: (unlock f2-1f f2-2f key0-0 shape0)
8.783: (move f1-1f f2-1f)
8.838: (putdown f2-0f key0-0)
8.842: (move f1-0f f2-0f)
8.842: (move f2-1f f2-0f)
8.869: (move f1-0f f2-0f)
8.869: (move f2-1f f2-0f)
9.002: (move f1-1f f1-0f)
9.005: (putdown f1-2f key0-1)
9.038: (move f1-1f f1-0f)
9.038: (move f2-0f f1-0f)
9.047: (move f0-2f f1-2f)
9.063: (move f2-1f f2-0f)
9.063: (move f1-0f f2-0f)
9.064: (putdown f2-1f key0-0)
9.064: (putdown f2-1f key0-1)
9.072: (move f2-2f f1-2f)
9.113: (move f1-1f f0-1f)
9.121: (putdown f0-2f key0-0)
9.136: (move f1-1f f1-2f)
9.136: (move f2-2f f1-2f)
9.166: (unlock f1-2f f0-2f key0-0 shape0)
9.248: (move f1-2f f2-2f)
9.293: (move f1-2f f1-1f)
9.358: (move f1-2f f1-1f)
9.358: (move f0-1f f1-1f)
9.369: (move f2-2f f2-1f)
9.402: (move f0-1f f0-0f)
9.402: (move f1-0f f0-0f)
9.476: (move f1-2f f1-1f)
9.476: (move f1-0f f1-1f)
9.500: (putdown f1-0f key0-1)
0.038: (putdown f2-2f key0-1)
[Final] Expanded: 829, Generated: 2770
Found a solution of length 12!
   1: (move f2-1f f1-1f)
   2: (move f1-1f f0-1f)
   3: (pickup f0-1f key0-0)
   4: (move f0-1f f1-1f)
   5: (move f1-1f f1-2f)
   6: (unlock f1-2f f2-2f key0-0 shape0)
   7: (putdown f1-2f key0-0)
   8: (move f1-2f f1-1f)
   9: (pickup f1-1f key0-1)
  10: (move f1-1f f2-1f)
  11: (move f2-1f f2-2f)
  12: (putdown f2-2f key0-1)
