Torch: 2.12.0+cu130
Using GPU:  NVIDIA L40S
[Bellman] lambda=0 -> baseline (no widening signal)
[Value] SELF-CONSISTENT: leaf value = QR-DQN max_a mean Z(s,a) (SAC critics bypassed; prior still SAC policy)
[Add] OPTION8 add_beta=0.25 src=binc cap=2.0 (ADDITIVE bonus, NOT gated by P(a); prior untouched)
/u/ibrahim.eisawy/Neural-Guided-Search/venv/lib/python3.10/site-packages/pymimir_rgnn/model.py:162: UserWarning: index_reduce() is in beta and the API may change at any time. (Triggered internally at /pytorch/aten/src/ATen/native/cuda/Indexing.cu:1541.)
  exps_max.index_reduce_(0, output_indices, output_messages, reduce="amax", include_self=False)
  [sim 10] found goal path of length 9
[Final] Expanded: 35, Generated: 35
[Cost] IQN forward calls (Bellman signal): 59
[Widen] nodes widened: 0, mean w: 0.0000
[Add] child-edges given an additive bonus: 50, mean (rel-1): 0.5240
[search done] simulations=10, unique states generated=35
Found a solution of length 9!
   1: (move f7-3f f7-2f)
   2: (move f7-2f f6-2f)
   3: (move f6-2f f5-2f)
   4: (move f5-2f f5-3f)
   5: (move f5-3f f4-3f)
   6: (move f4-3f f4-4f)
   7: (move f4-4f f4-5f)
   8: (move f4-5f f4-6f)
   9: (putdown f4-6f key0-1)
