Torch: 2.12.0+cu130
Using GPU:  NVIDIA L40S
[Bellman] lambda=0 -> baseline (no widening signal)
[Sib] OPTION5 sib_beta=2.0 signal=QR-DQN raw width vs SIBLINGS (boosts exploration toward wider/uncertain children; prior untouched)
[Value] SELF-CONSISTENT: leaf value = QR-DQN max_a mean Z(s,a) (SAC critics bypassed; prior still SAC policy)
/u/ibrahim.eisawy/Neural-Guided-Search/venv/lib/python3.10/site-packages/pymimir_rgnn/model.py:162: UserWarning: index_reduce() is in beta and the API may change at any time. (Triggered internally at /pytorch/aten/src/ATen/native/cuda/Indexing.cu:1541.)
  exps_max.index_reduce_(0, output_indices, output_messages, reduce="amax", include_self=False)
  [sim 500] root visits=500, unique states=627, generated=626, iqn_calls=188
  [sim 1000] root visits=1000, unique states=1031, generated=1030, iqn_calls=313
  [sim 1500] root visits=1500, unique states=1218, generated=1217, iqn_calls=373
  [sim 2000] root visits=2000, unique states=1468, generated=1467, iqn_calls=448
  [sim 2500] root visits=2500, unique states=1705, generated=1704, iqn_calls=529
  [sim 3000] root visits=3000, unique states=1985, generated=1984, iqn_calls=615
  [sim 3500] root visits=3500, unique states=2248, generated=2247, iqn_calls=704
  [sim 4000] root visits=4000, unique states=2518, generated=2517, iqn_calls=796
  [sim 4500] root visits=4500, unique states=2745, generated=2744, iqn_calls=879
  [sim 5000] root visits=5000, unique states=3036, generated=3035, iqn_calls=975
  [sim 5500] root visits=5500, unique states=3292, generated=3291, iqn_calls=1065
  [sim 6000] root visits=6000, unique states=3541, generated=3540, iqn_calls=1144
  [sim 6500] root visits=6500, unique states=3754, generated=3753, iqn_calls=1228
  [sim 7000] root visits=7000, unique states=3923, generated=3922, iqn_calls=1301
  [sim 7500] root visits=7500, unique states=4126, generated=4125, iqn_calls=1370
  [sim 8000] root visits=8000, unique states=4330, generated=4329, iqn_calls=1444
  [sim 8500] root visits=8500, unique states=4496, generated=4495, iqn_calls=1511
  [sim 9000] root visits=9000, unique states=4678, generated=4677, iqn_calls=1575
  [sim 9500] root visits=9500, unique states=4830, generated=4829, iqn_calls=1632
  [sim 10000] root visits=10000, unique states=4944, generated=4943, iqn_calls=1682
  [sim 10500] root visits=10500, unique states=5100, generated=5099, iqn_calls=1741
  [sim 11000] root visits=11000, unique states=5240, generated=5239, iqn_calls=1796
  [sim 11500] root visits=11500, unique states=5369, generated=5368, iqn_calls=1849
[Final] Expanded: 5393, Generated: 5393
[Cost] IQN forward calls (Bellman signal): 1859
[Widen] nodes widened: 0, mean w: 0.0000
[Sib] child-edges modulated: 10621, mean mult: 1.0000 (1.0 = no change; >1 = boosted toward wide)
[search done] simulations=11612, unique states generated=5393
Failed to find a solution!
