Torch: 2.12.0+cu130
Using GPU:  NVIDIA L40S
[Bellman] lambda=0 -> baseline (no widening signal)
[Binc] OPTION6 binc_beta=4.0 signal=BELLMAN INCONSISTENCY (1-step min-W1 parent-vs-child) vs SIBLINGS (boosts exploration toward inconsistent children; prior untouched) [SHUFFLE CONTROL: signal-blind placement]
[Value] SELF-CONSISTENT: leaf value = QR-DQN max_a mean Z(s,a) (SAC critics bypassed; prior still SAC policy)
/u/ibrahim.eisawy/Neural-Guided-Search/venv/lib/python3.10/site-packages/pymimir_rgnn/model.py:162: UserWarning: index_reduce() is in beta and the API may change at any time. (Triggered internally at /pytorch/aten/src/ATen/native/cuda/Indexing.cu:1541.)
  exps_max.index_reduce_(0, output_indices, output_messages, reduce="amax", include_self=False)
  [sim 278] found goal path of length 179
[Final] Expanded: 747, Generated: 747
[Cost] IQN forward calls (Bellman signal): 1495
[Widen] nodes widened: 0, mean w: 0.0000
[Binc] child-edges modulated: 1218, mean mult: 2.1536 (1.0 = no change; >1 = boosted toward inconsistent)
[search done] simulations=278, unique states generated=747
Found a solution of length 179!
   1: (move f5-1f f6-1f)
   2: (move f6-1f f7-1f)
   3: (move f7-1f f8-1f)
   4: (move f8-1f f8-0f)
   5: (move f8-0f f9-0f)
   6: (pickup f9-0f key2-1)
   7: (move f9-0f f9-1f)
   8: (move f9-1f f9-2f)
   9: (move f9-2f f10-2f)
  10: (move f10-2f f10-3f)
  11: (move f10-3f f9-3f)
  12: (move f9-3f f8-3f)
  13: (move f8-3f f7-3f)
  14: (move f7-3f f7-4f)
  15: (move f7-4f f8-4f)
  16: (move f8-4f f9-4f)
  17: (move f9-4f f10-4f)
  18: (move f10-4f f10-5f)
  19: (move f10-5f f9-5f)
  20: (move f9-5f f8-5f)
  21: (move f8-5f f8-6f)
  22: (move f8-6f f7-6f)
  23: (move f7-6f f7-7f)
  24: (move f7-7f f8-7f)
  25: (move f8-7f f8-8f)
  26: (move f8-8f f8-9f)
  27: (move f8-9f f9-9f)
  28: (move f9-9f f9-10f)
  29: (move f9-10f f9-11f)
  30: (move f9-11f f10-11f)
  31: (move f10-11f f10-10f)
  32: (move f10-10f f10-9f)
  33: (move f10-9f f11-9f)
  34: (move f11-9f f11-10f)
  35: (move f11-10f f11-11f)
  36: (putdown f11-11f key2-1)
  37: (move f11-11f f11-10f)
  38: (move f11-10f f10-10f)
  39: (move f10-10f f10-11f)
  40: (move f10-11f f9-11f)
  41: (move f9-11f f9-10f)
  42: (move f9-10f f9-9f)
  43: (pickup f9-9f key2-3)
  44: (move f9-9f f10-9f)
  45: (move f10-9f f11-9f)
  46: (move f11-9f f11-10f)
  47: (move f11-10f f11-11f)
  48: (pickup-and-loose f11-11f key2-1 key2-3)
  49: (move f11-11f f11-10f)
  50: (move f11-10f f10-10f)
  51: (move f10-10f f10-11f)
  52: (move f10-11f f9-11f)
  53: (move f9-11f f8-11f)
  54: (move f8-11f f7-11f)
  55: (unlock f7-11f f7-10f key2-1 shape2)
  56: (move f7-11f f8-11f)
  57: (move f8-11f f9-11f)
  58: (move f9-11f f10-11f)
  59: (move f10-11f f11-11f)
  60: (move f11-11f f11-10f)
  61: (move f11-10f f10-10f)
  62: (move f10-10f f9-10f)
  63: (move f9-10f f9-9f)
  64: (move f9-9f f10-9f)
  65: (move f10-9f f11-9f)
  66: (move f11-9f f11-8f)
  67: (move f11-8f f10-8f)
  68: (putdown f10-8f key2-1)
  69: (move f10-8f f11-8f)
  70: (move f11-8f f11-9f)
  71: (move f11-9f f10-9f)
  72: (move f10-9f f10-10f)
  73: (move f10-10f f10-11f)
  74: (move f10-11f f9-11f)
  75: (pickup f9-11f key1-2)
  76: (move f9-11f f9-10f)
  77: (move f9-10f f10-10f)
  78: (move f10-10f f10-9f)
  79: (move f10-9f f10-8f)
  80: (pickup-and-loose f10-8f key2-1 key1-2)
  81: (move f10-8f f10-9f)
  82: (move f10-9f f10-10f)
  83: (move f10-10f f9-10f)
  84: (move f9-10f f9-9f)
  85: (move f9-9f f8-9f)
  86: (move f8-9f f8-8f)
  87: (move f8-8f f7-8f)
  88: (move f7-8f f7-7f)
  89: (move f7-7f f7-6f)
  90: (move f7-6f f8-6f)
  91: (move f8-6f f8-5f)
  92: (move f8-5f f9-5f)
  93: (move f9-5f f9-4f)
  94: (move f9-4f f8-4f)
  95: (move f8-4f f8-3f)
  96: (move f8-3f f8-2f)
  97: (move f8-2f f8-1f)
  98: (move f8-1f f9-1f)
  99: (move f9-1f f9-0f)
 100: (move f9-0f f10-0f)
 101: (move f10-0f f11-0f)
 102: (move f11-0f f11-1f)
 103: (move f11-1f f11-2f)
 104: (move f11-2f f10-2f)
 105: (move f10-2f f9-2f)
 106: (move f9-2f f9-3f)
 107: (move f9-3f f10-3f)
 108: (move f10-3f f10-4f)
 109: (move f10-4f f10-5f)
 110: (move f10-5f f10-6f)
 111: (move f10-6f f11-6f)
 112: (move f11-6f f11-7f)
 113: (move f11-7f f11-8f)
 114: (move f11-8f f11-9f)
 115: (move f11-9f f11-10f)
 116: (move f11-10f f11-11f)
 117: (move f11-11f f10-11f)
 118: (move f10-11f f9-11f)
 119: (move f9-11f f8-11f)
 120: (move f8-11f f7-11f)
 121: (move f7-11f f7-10f)
 122: (move f7-10f f6-10f)
 123: (move f6-10f f6-9f)
 124: (move f6-9f f5-9f)
 125: (move f5-9f f5-8f)
 126: (unlock f5-8f f4-8f key2-1 shape2)
 127: (move f5-8f f5-9f)
 128: (move f5-9f f6-9f)
 129: (move f6-9f f6-10f)
 130: (move f6-10f f6-11f)
 131: (move f6-11f f5-11f)
 132: (move f5-11f f4-11f)
 133: (move f4-11f f3-11f)
 134: (move f3-11f f2-11f)
 135: (move f2-11f f2-10f)
 136: (move f2-10f f2-9f)
 137: (unlock f2-9f f3-9f key2-1 shape2)
 138: (move f2-9f f1-9f)
 139: (move f1-9f f1-8f)
 140: (putdown f1-8f key2-1)
 141: (move f1-8f f1-9f)
 142: (move f1-9f f0-9f)
 143: (move f0-9f f0-10f)
 144: (pickup f0-10f key3-4)
 145: (move f0-10f f1-10f)
 146: (move f1-10f f1-9f)
 147: (move f1-9f f1-8f)
 148: (pickup-and-loose f1-8f key2-1 key3-4)
 149: (move f1-8f f1-9f)
 150: (move f1-9f f2-9f)
 151: (move f2-9f f3-9f)
 152: (move f3-9f f3-8f)
 153: (move f3-8f f3-7f)
 154: (move f3-7f f3-6f)
 155: (move f3-6f f4-6f)
 156: (move f4-6f f5-6f)
 157: (move f5-6f f5-5f)
 158: (move f5-5f f6-5f)
 159: (move f6-5f f7-5f)
 160: (move f7-5f f8-5f)
 161: (move f8-5f f8-4f)
 162: (move f8-4f f9-4f)
 163: (move f9-4f f9-5f)
 164: (move f9-5f f10-5f)
 165: (move f10-5f f10-4f)
 166: (move f10-4f f10-3f)
 167: (move f10-3f f9-3f)
 168: (move f9-3f f8-3f)
 169: (move f8-3f f7-3f)
 170: (move f7-3f f7-4f)
 171: (move f7-4f f6-4f)
 172: (move f6-4f f6-3f)
 173: (move f6-3f f6-2f)
 174: (move f6-2f f5-2f)
 175: (move f5-2f f4-2f)
 176: (unlock f4-2f f3-2f key2-1 shape2)
 177: (move f4-2f f3-2f)
 178: (move f3-2f f2-2f)
 179: (putdown f2-2f key2-1)
