/u/ibrahim.eisawy/Neural-Guided-Search/venv/lib/python3.10/site-packages/pymimir_rgnn/model.py:151: UserWarning: index_reduce() is in beta and the API may change at any time. (Triggered internally at /pytorch/aten/src/ATen/native/cuda/Indexing.cu:1541.)
  max_msg.index_reduce_(0, output_indices, output_messages, reduce='amax', include_self=True)
Torch: 2.12.0+cu130
Using GPU:  NVIDIA L40S
46.537: (pickup f3-1f key3-1)
45.467: (move f3-1f f2-1f)
43.573: (move f2-1f f1-1f)
43.473: (move f1-1f f0-1f)
43.116: (pickup-and-loose f0-1f key1-0 key3-1)
43.305: (move f0-1f f1-1f)
44.001: (move f1-1f f1-0f)
43.955: (pickup-and-loose f1-0f key2-2 key1-0)
43.804: (move f1-0f f1-1f)
44.008: (move f1-1f f0-1f)
44.452: (putdown f0-1f key2-2)
44.482: (pickup f0-1f key3-1)
43.595: (move f0-1f f1-1f)
43.729: (move f1-1f f1-0f)
43.346: (pickup-and-loose f1-0f key1-0 key3-1)
43.320: (move f1-0f f1-1f)
44.018: (move f1-1f f0-1f)
43.890: (pickup-and-loose f0-1f key2-2 key1-0)
43.802: (move f0-1f f1-1f)
44.070: (move f1-1f f1-0f)
44.512: (pickup-and-loose f1-0f key3-1 key2-2)
44.567: (putdown f1-0f key3-1)
45.004: (move f1-0f f1-1f)
45.410: (move f1-1f f0-1f)
45.246: (pickup f0-1f key1-0)
43.520: (move f0-1f f1-1f)
42.509: (move f1-1f f1-0f)
42.815: (pickup-and-loose f1-0f key3-1 key1-0)
43.833: (move f1-0f f1-1f)
45.592: (move f1-1f f2-1f)
43.956: (move f2-1f f2-0f)
46.036: (putdown f2-0f key3-1)
46.585: (move f2-0f f1-0f)
43.969: (pickup f1-0f key1-0)
43.623: (move f1-0f f2-0f)
44.084: (pickup-and-loose f2-0f key3-1 key1-0)
44.404: (move f2-0f f1-0f)
45.352: (move f1-0f f1-1f)
45.334: (move f1-1f f2-1f)
46.857: (move f2-1f f3-1f)
47.859: (move f3-1f f4-1f)
47.868: (move f4-1f f5-1f)
47.830: (unlock f5-1f f5-2f key3-1 shape3)
47.835: (unlock f5-1f f5-0f key3-1 shape3)
47.835: (move f5-1f f5-0f)
47.873: (move f5-0f f6-0f)
47.851: (move f6-0f f6-1f)
50.207: (putdown f6-1f key3-1)
50.770: (move f6-1f f6-0f)
51.372: (move f6-0f f5-0f)
50.788: (move f5-0f f5-1f)
51.383: (move f5-1f f4-1f)
51.716: (move f4-1f f3-1f)
50.589: (move f3-1f f2-1f)
49.802: (move f2-1f f2-0f)
47.653: (pickup f2-0f key1-0)
47.393: (move f2-0f f1-0f)
47.549: (move f1-0f f1-1f)
48.240: (move f1-1f f2-1f)
48.163: (move f2-1f f3-1f)
46.803: (move f3-1f f4-1f)
46.193: (move f4-1f f5-1f)
45.034: (move f5-1f f6-1f)
45.027: (unlock f6-1f f6-2f key1-0 shape1)
45.412: (pickup-and-loose f6-1f key3-1 key1-0)
46.611: (move f6-1f f6-2f)
47.017: (move f6-2f f6-3f)
47.037: (move f6-3f f6-4f)
47.598: (move f6-4f f5-4f)
46.135: (putdown f5-4f key3-1)
46.310: (move f5-4f f5-5f)
46.444: (move f5-5f f5-6f)
46.908: (move f5-6f f4-6f)
47.825: (move f4-6f f4-5f)
47.927: (move f4-5f f3-5f)
46.886: (move f3-5f f3-4f)
45.978: (move f3-4f f2-4f)
46.961: (move f2-4f f2-3f)
47.979: (move f2-3f f3-3f)
48.283: (move f3-3f f4-3f)
46.777: (move f4-3f f5-3f)
47.132: (move f5-3f f6-3f)
46.350: (move f6-3f f6-4f)
45.824: (pickup f6-4f key0-1)
45.784: (move f6-4f f5-4f)
44.717: (unlock f5-4f f4-4f key0-1 shape0)
43.519: (pickup-and-loose f5-4f key3-1 key0-1)
42.834: (move f5-4f f4-4f)
40.261: (move f4-4f f3-4f)
39.875: (move f3-4f f3-5f)
39.042: (unlock f3-5f f2-5f key3-1 shape3)
37.574: (putdown f3-5f key3-1)
37.125: (move f3-5f f3-4f)
38.810: (move f3-4f f2-4f)
35.707: (pickup f2-4f key0-0)
35.643: (move f2-4f f3-4f)
33.627: (move f3-4f f3-5f)
34.130: (move f3-5f f4-5f)
33.703: (putdown f4-5f key0-0)
33.097: (move f4-5f f3-5f)
33.858: (move f3-5f f3-4f)
34.213: (move f3-4f f2-4f)
34.968: (move f2-4f f2-3f)
35.341: (move f2-3f f3-3f)
35.146: (move f3-3f f4-3f)
34.612: (move f4-3f f5-3f)
34.163: (move f5-3f f5-4f)
33.709: (pickup f5-4f key0-1)
33.386: (move f5-4f f5-5f)
33.364: (move f5-5f f4-5f)
32.874: (move f4-5f f3-5f)
33.139: (putdown f3-5f key0-1)
33.787: (move f3-5f f4-5f)
33.717: (move f4-5f f5-5f)
34.107: (move f5-5f f5-4f)
34.643: (move f5-4f f5-3f)
34.605: (move f5-3f f5-2f)
34.291: (move f5-2f f5-1f)
35.166: (move f5-1f f4-1f)
36.906: (move f4-1f f3-1f)
36.625: (move f3-1f f2-1f)
35.165: (move f2-1f f1-1f)
37.434: (move f1-1f f1-0f)
36.526: (pickup f1-0f key2-2)
34.325: (move f1-0f f1-1f)
34.459: (move f1-1f f2-1f)
34.923: (move f2-1f f3-1f)
33.079: (move f3-1f f4-1f)
32.262: (move f4-1f f5-1f)
32.897: (move f5-1f f5-2f)
32.927: (move f5-2f f5-3f)
32.084: (move f5-3f f5-4f)
31.902: (move f5-4f f5-5f)
31.834: (move f5-5f f4-5f)
31.187: (move f4-5f f3-5f)
31.830: (pickup-and-loose f3-5f key0-1 key2-2)
32.008: (putdown f3-5f key0-1)
33.461: (move f3-5f f3-4f)
34.198: (move f3-4f f2-4f)
34.965: (move f2-4f f2-3f)
35.333: (move f2-3f f3-3f)
35.013: (move f3-3f f4-3f)
34.648: (move f4-3f f5-3f)
34.063: (move f5-3f f5-4f)
33.736: (move f5-4f f5-5f)
33.501: (move f5-5f f4-5f)
33.490: (pickup f4-5f key0-0)
32.308: (move f4-5f f3-5f)
34.752: (move f3-5f f3-4f)
35.618: (move f3-4f f2-4f)
35.634: (unlock f2-4f f1-4f key0-0 shape0)
34.785: (move f2-4f f3-4f)
32.337: (move f3-4f f3-5f)
33.436: (move f3-5f f4-5f)
33.436: (putdown f4-5f key0-0)
31.971: (move f4-5f f3-5f)
31.190: (pickup f3-5f key2-2)
31.601: (move f3-5f f3-4f)
31.809: (move f3-4f f2-4f)
32.575: (putdown f2-4f key2-2)
33.466: (move f2-4f f3-4f)
32.980: (move f3-4f f3-5f)
32.910: (pickup f3-5f key0-1)
33.005: (move f3-5f f3-4f)
32.573: (move f3-4f f2-4f)
31.911: (pickup-and-loose f2-4f key2-2 key0-1)
31.678: (move f2-4f f3-4f)
31.199: (move f3-4f f3-5f)
31.630: (move f3-5f f4-5f)
31.717: (move f4-5f f5-5f)
31.894: (move f5-5f f5-4f)
32.671: (move f5-4f f6-4f)
33.499: (move f6-4f f6-3f)
32.939: (move f6-3f f5-3f)
32.849: (move f5-3f f4-3f)
33.676: (move f4-3f f3-3f)
33.358: (move f3-3f f2-3f)
34.232: (putdown f2-3f key2-2)
33.409: (move f2-3f f2-4f)
33.168: (pickup f2-4f key0-1)
33.206: (move f2-4f f3-4f)
32.923: (move f3-4f f3-5f)
32.951: (putdown f3-5f key0-1)
33.435: (move f3-5f f3-4f)
33.185: (move f3-4f f2-4f)
34.014: (move f2-4f f2-3f)
33.360: (pickup f2-3f key2-2)
33.716: (move f2-3f f3-3f)
32.979: (move f3-3f f4-3f)
32.956: (move f4-3f f5-3f)
32.050: (move f5-3f f5-4f)
31.874: (move f5-4f f5-5f)
31.770: (move f5-5f f4-5f)
32.504: (putdown f4-5f key2-2)
32.385: (move f4-5f f3-5f)
32.108: (pickup f3-5f key0-1)
32.120: (move f3-5f f4-5f)
31.620: (pickup-and-loose f4-5f key2-2 key0-1)
31.267: (move f4-5f f3-5f)
31.620: (move f3-5f f3-4f)
31.827: (move f3-4f f2-4f)
32.591: (putdown f2-4f key2-2)
33.479: (move f2-4f f3-4f)
33.113: (move f3-4f f3-5f)
33.505: (move f3-5f f4-5f)
33.273: (pickup f4-5f key0-1)
33.281: (move f4-5f f5-5f)
33.538: (move f5-5f f5-4f)
33.973: (putdown f5-4f key0-1)
33.642: (move f5-4f f5-5f)
33.568: (move f5-5f f4-5f)
32.974: (move f4-5f f3-5f)
33.424: (move f3-5f f3-4f)
32.597: (move f3-4f f2-4f)
31.827: (pickup f2-4f key2-2)
31.595: (move f2-4f f3-4f)
31.210: (move f3-4f f3-5f)
31.685: (move f3-5f f4-5f)
31.932: (move f4-5f f5-5f)
32.083: (move f5-5f f5-4f)
32.628: (pickup-and-loose f5-4f key0-1 key2-2)
32.863: (putdown f5-4f key0-1)
33.255: (move f5-4f f5-5f)
33.631: (move f5-5f f4-5f)
33.180: (move f4-5f f3-5f)
33.644: (move f3-5f f3-4f)
33.483: (move f3-4f f2-4f)
34.940: (move f2-4f f2-3f)
35.326: (move f2-3f f3-3f)
35.129: (move f3-3f f4-3f)
33.710: (move f4-3f f5-3f)
34.500: (move f5-3f f5-2f)
34.290: (move f5-2f f5-1f)
35.144: (move f5-1f f4-1f)
36.879: (move f4-1f f3-1f)
36.529: (move f3-1f f2-1f)
35.989: (move f2-1f f1-1f)
37.528: (move f1-1f f1-2f)
36.020: (move f1-2f f1-3f)
35.035: (move f1-3f f1-4f)
35.906: (move f1-4f f1-5f)
36.314: (move f1-5f f2-5f)
33.123: (pickup f2-5f key2-0)
31.479: (move f2-5f f3-5f)
30.909: (move f3-5f f4-5f)
30.211: (move f4-5f f5-5f)
29.859: (move f5-5f f5-4f)
30.880: (move f5-4f f6-4f)
31.852: (move f6-4f f6-3f)
31.114: (move f6-3f f5-3f)
31.204: (move f5-3f f5-2f)
30.517: (move f5-2f f5-1f)
31.256: (move f5-1f f4-1f)
33.017: (move f4-1f f3-1f)
32.525: (unlock f3-1f f3-0f key2-0 shape2)
31.293: (move f3-1f f4-1f)
30.660: (move f4-1f f5-1f)
31.211: (move f5-1f f5-2f)
31.139: (move f5-2f f5-3f)
30.166: (move f5-3f f5-4f)
30.522: (move f5-4f f5-5f)
30.583: (putdown f5-5f key2-0)
29.621: (move f5-5f f5-4f)
28.868: (pickup f5-4f key2-2)
29.156: (move f5-4f f5-5f)
29.517: (move f5-5f f4-5f)
29.871: (move f4-5f f4-6f)
30.996: (move f4-6f f3-6f)
29.962: (move f3-6f f3-5f)
29.671: (move f3-5f f3-4f)
29.879: (move f3-4f f4-4f)
28.988: (pickup-and-loose f4-4f key0-2 key2-2)
29.863: (move f4-4f f3-4f)
29.041: (move f3-4f f3-5f)
28.315: (move f3-5f f2-5f)
27.490: (move f2-5f f1-5f)
27.343: (unlock f1-5f f0-5f key0-2 shape0)
28.023: (putdown f1-5f key0-2)
26.218: (move f1-5f f1-4f)
26.265: (move f1-4f f2-4f)
26.598: (move f2-4f f2-3f)
26.310: (move f2-3f f1-3f)
28.038: (move f1-3f f1-2f)
26.184: (move f1-2f f1-1f)
26.819: (move f1-1f f2-1f)
26.459: (move f2-1f f3-1f)
25.358: (move f3-1f f4-1f)
24.786: (move f4-1f f5-1f)
25.414: (move f5-1f f5-2f)
25.595: (move f5-2f f5-3f)
26.737: (move f5-3f f6-3f)
26.441: (move f6-3f f6-2f)
27.409: (move f6-2f f6-1f)
22.439: (pickup f6-1f key1-0)
20.337: (move f6-1f f5-1f)
21.285: (move f5-1f f4-1f)
21.062: (unlock f4-1f f4-2f key1-0 shape1)
20.521: (move f4-1f f5-1f)
21.341: (move f5-1f f5-2f)
20.075: (move f5-2f f5-3f)
20.895: (move f5-3f f5-4f)
19.695: (move f5-4f f4-4f)
21.049: (move f4-4f f4-3f)
21.541: (move f4-3f f3-3f)
21.231: (move f3-3f f3-4f)
20.723: (move f3-4f f2-4f)
20.829: (move f2-4f f1-4f)
20.576: (move f1-4f f1-3f)
21.258: (move f1-3f f2-3f)
21.111: (unlock f2-3f f2-2f key1-0 shape1)
20.830: (move f2-3f f1-3f)
21.156: (move f1-3f f1-4f)
21.003: (move f1-4f f2-4f)
21.636: (move f2-4f f3-4f)
20.070: (move f3-4f f4-4f)
21.263: (move f4-4f f5-4f)
20.449: (move f5-4f f5-3f)
21.430: (move f5-3f f4-3f)
21.851: (move f4-3f f3-3f)
27.171: (putdown f3-3f key1-0)
25.000: (move f3-3f f2-3f)
24.870: (move f2-3f f1-3f)
26.236: (move f1-3f f1-4f)
25.034: (move f1-4f f2-4f)
25.540: (move f2-4f f3-4f)
23.822: (move f3-4f f4-4f)
22.521: (pickup f4-4f key2-2)
23.389: (move f4-4f f4-3f)
22.454: (move f4-3f f5-3f)
24.163: (putdown f5-3f key2-2)
25.393: (move f5-3f f4-3f)
24.390: (move f4-3f f4-4f)
25.505: (move f4-4f f3-4f)
24.935: (move f3-4f f2-4f)
24.989: (move f2-4f f2-3f)
24.870: (move f2-3f f1-3f)
26.245: (move f1-3f f1-4f)
28.625: (move f1-4f f1-5f)
26.985: (move f1-5f f2-5f)
26.003: (move f2-5f f3-5f)
24.845: (pickup f3-5f key3-1)
26.584: (move f3-5f f3-4f)
26.424: (move f3-4f f4-4f)
27.672: (move f4-4f f4-3f)
27.096: (move f4-3f f5-3f)
29.441: (pickup-and-loose f5-3f key2-2 key3-1)
26.636: (move f5-3f f4-3f)
27.389: (putdown f4-3f key2-2)
28.773: (move f4-3f f4-4f)
29.704: (move f4-4f f5-4f)
29.406: (pickup f5-4f key0-1)
28.825: (move f5-4f f4-4f)
27.380: (move f4-4f f4-3f)
26.607: (pickup-and-loose f4-3f key2-2 key0-1)
27.401: (putdown f4-3f key2-2)
28.843: (move f4-3f f4-4f)
29.591: (move f4-4f f5-4f)
30.441: (move f5-4f f5-5f)
30.080: (pickup f5-5f key2-0)
29.297: (move f5-5f f5-4f)
28.971: (move f5-4f f4-4f)
29.095: (move f4-4f f4-3f)
30.818: (move f4-3f f4-2f)
30.671: (unlock f4-2f f3-2f key2-0 shape2)
29.366: (move f4-2f f4-3f)
29.085: (move f4-3f f4-4f)
29.824: (move f4-4f f5-4f)
30.572: (move f5-4f f5-5f)
30.797: (putdown f5-5f key2-0)
30.001: (move f5-5f f5-4f)
28.932: (move f5-4f f4-4f)
27.598: (move f4-4f f4-3f)
26.623: (pickup f4-3f key2-2)
27.432: (pickup-and-loose f4-3f key0-1 key2-2)
28.914: (move f4-3f f4-4f)
29.065: (putdown f4-4f key0-1)
27.742: (move f4-4f f4-3f)
26.598: (pickup f4-3f key2-2)
27.559: (move f4-3f f4-4f)
28.202: (move f4-4f f5-4f)
29.082: (move f5-4f f6-4f)
29.814: (move f6-4f f6-3f)
29.569: (move f6-3f f5-3f)
27.222: (pickup-and-loose f5-3f key3-1 key2-2)
28.237: (move f5-3f f4-3f)
26.579: (move f4-3f f4-4f)
27.036: (move f4-4f f3-4f)
25.204: (move f3-4f f3-5f)
26.185: (putdown f3-5f key3-1)
25.868: (move f3-5f f3-4f)
24.970: (move f3-4f f4-4f)
24.382: (pickup f4-4f key0-1)
25.419: (move f4-4f f4-3f)
24.041: (move f4-3f f5-3f)
23.261: (pickup-and-loose f5-3f key2-2 key0-1)
23.714: (move f5-3f f4-3f)
22.519: (move f4-3f f4-4f)
23.554: (move f4-4f f3-4f)
22.980: (move f3-4f f2-4f)
22.956: (move f2-4f f2-3f)
22.921: (move f2-3f f1-3f)
24.341: (move f1-3f f1-4f)
26.046: (putdown f1-4f key2-2)
25.047: (move f1-4f f1-3f)
24.994: (move f1-3f f2-3f)
25.102: (move f2-3f f2-2f)
24.665: (pickup f2-2f key1-1)
24.492: (move f2-2f f2-3f)
24.783: (move f2-3f f1-3f)
25.755: (putdown f1-3f key1-1)
24.953: (move f1-3f f2-3f)
24.688: (move f2-3f f2-2f)
24.880: (move f2-2f f3-2f)
24.772: (move f3-2f f3-1f)
26.022: (move f3-1f f2-1f)
26.781: (move f2-1f f1-1f)
27.659: (move f1-1f f1-2f)
28.541: (move f1-2f f0-2f)
29.609: (move f0-2f f0-3f)
29.142: (move f0-3f f0-4f)
26.454: (move f0-4f f1-4f)
24.858: (pickup f1-4f key2-2)
22.944: (move f1-4f f2-4f)
22.939: (move f2-4f f2-3f)
22.808: (move f2-3f f2-2f)
23.000: (move f2-2f f3-2f)
22.935: (move f3-2f f3-1f)
24.101: (move f3-1f f2-1f)
24.679: (move f2-1f f1-1f)
25.794: (move f1-1f f1-2f)
23.534: (move f1-2f f1-3f)
24.159: (pickup-and-loose f1-3f key1-1 key2-2)
24.534: (putdown f1-3f key1-1)
24.967: (move f1-3f f2-3f)
24.656: (move f2-3f f2-2f)
24.756: (move f2-2f f3-2f)
24.727: (move f3-2f f3-1f)
26.030: (move f3-1f f2-1f)
26.712: (move f2-1f f1-1f)
27.715: (move f1-1f f1-2f)
28.453: (move f1-2f f0-2f)
29.646: (move f0-2f f0-3f)
29.116: (move f0-3f f0-4f)
26.863: (move f0-4f f1-4f)
25.072: (move f1-4f f2-4f)
25.523: (move f2-4f f3-4f)
24.465: (move f3-4f f4-4f)
25.664: (move f4-4f f4-3f)
25.186: (move f4-3f f4-2f)
24.696: (pickup f4-2f key3-0)
24.309: (move f4-2f f3-2f)
24.646: (move f3-2f f2-2f)
24.837: (move f2-2f f2-3f)
24.409: (move f2-3f f1-3f)
23.657: (pickup-and-loose f1-3f key2-2 key3-0)
23.100: (move f1-3f f2-3f)
22.801: (move f2-3f f2-2f)
22.586: (move f2-2f f3-2f)
22.799: (move f3-2f f4-2f)
23.360: (move f4-2f f4-3f)
22.545: (move f4-3f f4-4f)
23.475: (move f4-4f f3-4f)
22.973: (move f3-4f f2-4f)
24.640: (putdown f2-4f key2-2)
25.122: (move f2-4f f2-3f)
24.649: (move f2-3f f2-2f)
24.479: (move f2-2f f3-2f)
24.708: (move f3-2f f4-2f)
25.442: (move f4-2f f4-3f)
24.453: (move f4-3f f4-4f)
25.505: (move f4-4f f3-4f)
26.086: (move f3-4f f3-5f)
25.098: (pickup f3-5f key3-1)
26.883: (move f3-5f f3-4f)
25.835: (move f3-4f f2-4f)
27.634: (move f2-4f f2-3f)
28.386: (move f2-3f f2-2f)
27.015: (move f2-2f f3-2f)
28.441: (move f3-2f f4-2f)
27.869: (move f4-2f f4-3f)
26.572: (move f4-3f f4-4f)
28.358: (move f4-4f f4-5f)
29.183: (move f4-5f f5-5f)
28.103: (pickup-and-loose f5-5f key2-0 key3-1)
27.676: (move f5-5f f5-4f)
26.501: (move f5-4f f4-4f)
26.009: (move f4-4f f4-3f)
26.919: (move f4-3f f5-3f)
28.236: (move f5-3f f5-2f)
27.128: (move f5-2f f4-2f)
25.812: (move f4-2f f3-2f)
27.094: (move f3-2f f2-2f)
25.821: (move f2-2f f2-3f)
26.610: (move f2-3f f2-4f)
26.736: (move f2-4f f3-4f)
26.517: (move f3-4f f3-5f)
28.215: (putdown f3-5f key2-0)
27.708: (move f3-5f f3-4f)
26.593: (move f3-4f f2-4f)
25.761: (pickup f2-4f key2-2)
25.207: (move f2-4f f2-3f)
26.455: (move f2-3f f1-3f)
27.098: (move f1-3f f1-4f)
27.648: (move f1-4f f1-5f)
26.836: (move f1-5f f2-5f)
26.185: (move f2-5f f3-5f)
25.539: (move f3-5f f3-4f)
25.483: (move f3-4f f4-4f)
25.311: (move f4-4f f4-3f)
26.245: (move f4-3f f5-3f)
26.832: (move f5-3f f5-4f)
26.601: (move f5-4f f5-5f)
27.035: (move f5-5f f4-5f)
27.863: (move f4-5f f4-6f)
28.531: (move f4-6f f3-6f)
28.013: (move f3-6f f2-6f)
29.183: (move f2-6f f1-6f)
30.547: (putdown f1-6f key2-2)
29.833: (move f1-6f f1-5f)
28.979: (move f1-5f f2-5f)
27.721: (move f2-5f f2-4f)
27.266: (move f2-4f f2-3f)
28.420: (move f2-3f f1-3f)
28.435: (pickup f1-3f key3-0)
27.162: (move f1-3f f2-3f)
27.713: (move f2-3f f2-4f)
27.591: (move f2-4f f3-4f)
27.412: (move f3-4f f4-4f)
27.335: (move f4-4f f4-3f)
28.192: (move f4-3f f5-3f)
28.170: (putdown f5-3f key3-0)
27.669: (move f5-3f f4-3f)
27.414: (move f4-3f f4-4f)
27.660: (move f4-4f f3-4f)
27.733: (move f3-4f f2-4f)
27.182: (move f2-4f f2-3f)
28.444: (move f2-3f f2-2f)
27.094: (move f2-2f f3-2f)
28.412: (move f3-2f f4-2f)
29.247: (move f4-2f f5-2f)
29.183: (move f5-2f f5-1f)
29.253: (move f5-1f f4-1f)
28.462: (move f4-1f f3-1f)
29.103: (move f3-1f f2-1f)
29.146: (move f2-1f f1-1f)
29.752: (move f1-1f f1-2f)
28.457: (move f1-2f f1-3f)
28.437: (pickup f1-3f key1-1)
27.184: (move f1-3f f2-3f)
27.605: (putdown f2-3f key1-1)
27.705: (move f2-3f f2-4f)
27.691: (move f2-4f f3-4f)
27.396: (move f3-4f f4-4f)
27.714: (move f4-4f f4-3f)
28.175: (move f4-3f f5-3f)
28.183: (pickup f5-3f key0-1)
27.401: (move f5-3f f4-3f)
27.370: (move f4-3f f4-4f)
27.395: (putdown f4-4f key0-1)
27.792: (move f4-4f f4-3f)
28.175: (move f4-3f f5-3f)
28.095: (pickup f5-3f key3-0)
27.281: (move f5-3f f4-3f)
27.365: (move f4-3f f4-4f)
27.356: (pickup-and-loose f4-4f key0-1 key3-0)
27.285: (move f4-4f f4-3f)
28.079: (move f4-3f f5-3f)
28.172: (putdown f5-3f key0-1)
27.793: (move f5-3f f4-3f)
27.403: (move f4-3f f4-4f)
27.393: (pickup f4-4f key3-0)
27.376: (move f4-4f f4-3f)
28.194: (move f4-3f f5-3f)
28.936: (move f5-3f f5-4f)
28.377: (move f5-4f f5-5f)
28.361: (putdown f5-5f key3-0)
29.306: (move f5-5f f5-4f)
27.493: (move f5-4f f4-4f)
27.664: (move f4-4f f4-3f)
28.275: (move f4-3f f5-3f)
28.179: (pickup f5-3f key0-1)
27.284: (move f5-3f f4-3f)
27.430: (move f4-3f f4-4f)
27.465: (putdown f4-4f key0-1)
27.553: (move f4-4f f4-3f)
28.187: (move f4-3f f5-3f)
29.258: (move f5-3f f5-4f)
28.393: (move f5-4f f5-5f)
28.397: (pickup f5-5f key3-0)
28.900: (move f5-5f f5-4f)
29.509: (putdown f5-4f key3-0)
27.380: (move f5-4f f4-4f)
27.334: (pickup f4-4f key0-1)
27.231: (move f4-4f f4-3f)
28.038: (move f4-3f f5-3f)
28.178: (putdown f5-3f key0-1)
27.602: (move f5-3f f4-3f)
27.368: (move f4-3f f4-4f)
27.856: (move f4-4f f3-4f)
27.695: (move f3-4f f2-4f)
27.840: (move f2-4f f2-3f)
27.168: (pickup f2-3f key1-1)
27.732: (move f2-3f f2-4f)
27.443: (move f2-4f f3-4f)
27.367: (move f3-4f f4-4f)
27.365: (putdown f4-4f key1-1)
27.822: (move f4-4f f4-3f)
28.133: (move f4-3f f5-3f)
27.993: (pickup f5-3f key0-1)
27.348: (move f5-3f f4-3f)
27.346: (move f4-3f f4-4f)
27.349: (putdown f4-4f key0-1)
27.378: (pickup f4-4f key1-1)
27.304: (move f4-4f f4-3f)
28.006: (move f4-3f f5-3f)
28.109: (putdown f5-3f key1-1)
27.819: (move f5-3f f4-3f)
27.374: (move f4-3f f4-4f)
27.339: (pickup f4-4f key0-1)
27.430: (move f4-4f f4-3f)
28.118: (move f4-3f f5-3f)
28.152: (pickup-and-loose f5-3f key1-1 key0-1)
27.369: (move f5-3f f4-3f)
28.394: (putdown f4-3f key1-1)
27.323: (move f4-3f f4-4f)
27.893: (move f4-4f f3-4f)
27.726: (move f3-4f f2-4f)
27.172: (move f2-4f f2-3f)
28.407: (move f2-3f f2-2f)
27.100: (move f2-2f f3-2f)
28.370: (move f3-2f f4-2f)
29.257: (move f4-2f f4-1f)
28.460: (move f4-1f f3-1f)
29.136: (move f3-1f f2-1f)
29.138: (move f2-1f f1-1f)
29.552: (move f1-1f f1-2f)
28.440: (move f1-2f f1-3f)
28.903: (move f1-3f f1-4f)
29.965: (move f1-4f f1-5f)
29.137: (pickup f1-5f key0-2)
30.344: (move f1-5f f2-5f)
30.635: (move f2-5f f2-4f)
30.836: (move f2-4f f1-4f)
31.404: (move f1-4f f1-3f)
31.251: (move f1-3f f2-3f)
32.450: (move f2-3f f2-2f)
31.150: (move f2-2f f3-2f)
32.413: (move f3-2f f4-2f)
31.887: (move f4-2f f4-3f)
31.383: (move f4-3f f4-4f)
31.262: (move f4-4f f3-4f)
31.398: (move f3-4f f3-5f)
30.050: (pickup-and-loose f3-5f key2-0 key0-2)
29.937: (move f3-5f f3-4f)
30.098: (move f3-4f f4-4f)
30.127: (move f4-4f f4-3f)
30.755: (move f4-3f f3-3f)
29.975: (move f3-3f f3-2f)
31.219: (move f3-2f f4-2f)
32.138: (move f4-2f f4-1f)
31.339: (move f4-1f f3-1f)
32.144: (move f3-1f f2-1f)
31.172: (move f2-1f f1-1f)
31.314: (move f1-1f f1-0f)
31.210: (move f1-0f f2-0f)
32.147: (move f2-0f f3-0f)
32.108: (move f3-0f f4-0f)
32.156: (move f4-0f f5-0f)
32.080: (move f5-0f f5-1f)
32.136: (move f5-1f f6-1f)
32.092: (move f6-1f f6-2f)
32.153: (move f6-2f f5-2f)
30.954: (move f5-2f f5-3f)
30.848: (move f5-3f f5-4f)
30.180: (move f5-4f f5-5f)
30.543: (move f5-5f f4-5f)
31.049: (pickup-and-loose f4-5f key0-0 key2-0)
29.024: (move f4-5f f4-4f)
30.289: (move f4-4f f3-4f)
30.672: (move f3-4f f2-4f)
30.136: (move f2-4f f2-3f)
31.234: (move f2-3f f1-3f)
32.269: (move f1-3f f1-2f)
31.264: (move f1-2f f2-2f)
30.025: (move f2-2f f3-2f)
31.254: (move f3-2f f4-2f)
30.543: (move f4-2f f4-3f)
31.043: (move f4-3f f5-3f)
31.128: (move f5-3f f5-4f)
32.057: (move f5-4f f5-5f)
33.342: (move f5-5f f5-6f)
32.640: (move f5-6f f4-6f)
33.297: (move f4-6f f3-6f)
31.689: (move f3-6f f3-5f)
31.810: (move f3-5f f2-5f)
31.666: (move f2-5f f1-5f)
32.378: (move f1-5f f1-4f)
33.309: (move f1-4f f0-4f)
33.911: (move f0-4f f0-3f)
32.761: (move f0-3f f0-2f)
34.566: (move f0-2f f0-1f)
32.027: (move f0-1f f1-1f)
32.043: (move f1-1f f2-1f)
31.314: (move f2-1f f3-1f)
32.178: (move f3-1f f4-1f)
32.151: (move f4-1f f5-1f)
32.208: (move f5-1f f5-2f)
32.481: (move f5-2f f6-2f)
32.803: (move f6-2f f6-1f)
34.419: (move f6-1f f6-0f)
32.784: (move f6-0f f5-0f)
32.408: (move f5-0f f4-0f)
32.241: (move f4-0f f3-0f)
32.500: (move f3-0f f2-0f)
34.039: (move f2-0f f1-0f)
35.186: (move f1-0f f0-0f)
37.274: (putdown f0-0f key0-0)
36.562: (move f0-0f f1-0f)
34.289: (move f1-0f f1-1f)
34.585: (move f1-1f f2-1f)
33.725: (move f2-1f f2-2f)
32.484: (move f2-2f f3-2f)
33.695: (move f3-2f f4-2f)
33.027: (move f4-2f f4-3f)
31.913: (move f4-3f f4-4f)
32.287: (move f4-4f f3-4f)
33.016: (move f3-4f f2-4f)
32.586: (move f2-4f f2-3f)
33.693: (move f2-3f f1-3f)
34.811: (move f1-3f f1-2f)
35.269: (move f1-2f f0-2f)
36.749: (move f0-2f f0-3f)
35.997: (move f0-3f f0-4f)
35.078: (move f0-4f f1-4f)
34.366: (move f1-4f f1-5f)
34.168: (move f1-5f f2-5f)
33.707: (move f2-5f f3-5f)
33.210: (move f3-5f f4-5f)
31.492: (pickup f4-5f key2-0)
29.371: (move f4-5f f4-4f)
29.453: (move f4-4f f4-3f)
30.157: (move f4-3f f5-3f)
30.402: (move f5-3f f5-4f)
31.149: (move f5-4f f6-4f)
31.752: (move f6-4f f6-5f)
31.795: (unlock f6-5f f6-6f key2-0 shape2)
31.940: (move f6-5f f6-4f)
30.401: (move f6-4f f5-4f)
30.216: (move f5-4f f4-4f)
29.780: (move f4-4f f3-4f)
29.671: (move f3-4f f2-4f)
29.724: (move f2-4f f2-3f)
30.360: (move f2-3f f1-3f)
32.624: (move f1-3f f1-2f)
30.469: (move f1-2f f2-2f)
29.545: (move f2-2f f3-2f)
30.380: (move f3-2f f4-2f)
30.745: (move f4-2f f4-3f)
30.997: (move f4-3f f5-3f)
31.486: (move f5-3f f5-2f)
31.401: (move f5-2f f5-1f)
31.470: (move f5-1f f4-1f)
30.448: (move f4-1f f3-1f)
31.417: (move f3-1f f2-1f)
31.347: (move f2-1f f1-1f)
33.682: (move f1-1f f1-0f)
32.689: (move f1-0f f2-0f)
33.099: (move f2-0f f3-0f)
32.988: (move f3-0f f4-0f)
33.258: (move f4-0f f5-0f)
34.842: (move f5-0f f6-0f)
33.231: (move f6-0f f6-1f)
32.927: (move f6-1f f6-2f)
33.633: (move f6-2f f6-3f)
39.505: (putdown f6-3f key2-0)
36.108: (move f6-3f f5-3f)
34.920: (pickup f5-3f key0-1)
35.021: (move f5-3f f5-4f)
35.014: (pickup-and-loose f5-4f key3-0 key0-1)
35.029: (putdown f5-4f key3-0)
35.304: (move f5-4f f5-3f)
35.567: (move f5-3f f4-3f)
34.735: (pickup f4-3f key1-1)
34.780: (move f4-3f f5-3f)
35.031: (move f5-3f f5-4f)
34.997: (pickup-and-loose f5-4f key3-0 key1-1)
34.980: (move f5-4f f5-3f)
34.779: (move f5-3f f4-3f)
35.634: (putdown f4-3f key3-0)
35.281: (move f4-3f f5-3f)
35.019: (move f5-3f f5-4f)
35.011: (pickup f5-4f key0-1)
34.895: (move f5-4f f5-3f)
35.278: (move f5-3f f4-3f)
35.332: (pickup-and-loose f4-3f key3-0 key0-1)
35.064: (move f4-3f f5-3f)
35.005: (move f5-3f f5-4f)
35.028: (putdown f5-4f key3-0)
35.036: (pickup f5-4f key1-1)
34.843: (move f5-4f f5-3f)
35.198: (move f5-3f f4-3f)
35.208: (pickup-and-loose f4-3f key0-1 key1-1)
35.442: (putdown f4-3f key0-1)
35.277: (move f4-3f f5-3f)
35.007: (move f5-3f f5-4f)
35.020: (pickup f5-4f key3-0)
35.263: (move f5-4f f5-3f)
35.241: (move f5-3f f4-3f)
35.177: (pickup-and-loose f4-3f key1-1 key3-0)
35.016: (move f4-3f f5-3f)
35.028: (move f5-3f f5-4f)
34.994: (putdown f5-4f key1-1)
35.253: (move f5-4f f5-3f)
35.510: (move f5-3f f4-3f)
36.254: (move f4-3f f4-4f)
36.240: (move f4-4f f3-4f)
36.490: (move f3-4f f2-4f)
36.114: (move f2-4f f2-3f)
37.150: (move f2-3f f1-3f)
38.718: (move f1-3f f1-2f)
37.238: (move f1-2f f2-2f)
36.038: (move f2-2f f3-2f)
36.868: (move f3-2f f4-2f)
36.664: (move f4-2f f5-2f)
37.854: (move f5-2f f6-2f)
38.191: (move f6-2f f6-1f)
37.944: (move f6-1f f5-1f)
38.268: (move f5-1f f4-1f)
37.245: (move f4-1f f3-1f)
38.226: (move f3-1f f2-1f)
37.921: (move f2-1f f1-1f)
40.474: (move f1-1f f1-0f)
38.860: (move f1-0f f2-0f)
39.199: (move f2-0f f3-0f)
39.192: (move f3-0f f4-0f)
39.511: (move f4-0f f5-0f)
40.859: (move f5-0f f6-0f)
38.191: (move f6-0f f6-1f)
37.854: (move f6-1f f6-2f)
39.295: (move f6-2f f6-3f)
33.203: (pickup f6-3f key2-0)
30.214: (move f6-3f f5-3f)
30.015: (move f5-3f f5-4f)
30.455: (move f5-4f f4-4f)
29.885: (move f4-4f f3-4f)
29.661: (move f3-4f f2-4f)
29.823: (move f2-4f f2-3f)
30.351: (move f2-3f f1-3f)
32.587: (move f1-3f f1-2f)
30.456: (move f1-2f f2-2f)
29.650: (move f2-2f f3-2f)
30.394: (move f3-2f f4-2f)
30.607: (move f4-2f f4-3f)
31.853: (move f4-3f f3-3f)
33.514: (pickup-and-loose f3-3f key1-0 key2-0)
30.669: (move f3-3f f3-4f)
30.752: (move f3-4f f2-4f)
31.196: (move f2-4f f2-3f)
31.198: (move f2-3f f2-2f)
31.038: (move f2-2f f3-2f)
31.240: (move f3-2f f3-1f)
32.167: (move f3-1f f4-1f)
31.784: (move f4-1f f4-2f)
32.027: (move f4-2f f4-3f)
32.050: (move f4-3f f5-3f)
31.113: (move f5-3f f5-4f)
32.494: (move f5-4f f4-4f)
33.108: (move f4-4f f4-5f)
32.355: (move f4-5f f3-5f)
32.336: (move f3-5f f2-5f)
33.840: (move f2-5f f1-5f)
34.011: (move f1-5f f1-4f)
31.426: (move f1-4f f1-3f)
33.766: (move f1-3f f1-2f)
32.264: (move f1-2f f1-1f)
32.278: (move f1-1f f2-1f)
33.753: (move f2-1f f2-0f)
34.110: (move f2-0f f3-0f)
34.147: (move f3-0f f4-0f)
34.438: (move f4-0f f5-0f)
32.494: (move f5-0f f5-1f)
32.335: (move f5-1f f5-2f)
34.338: (move f5-2f f6-2f)
34.527: (move f6-2f f6-1f)
36.100: (move f6-1f f6-0f)
39.532: (putdown f6-0f key1-0)
38.187: (move f6-0f f5-0f)
36.534: (move f5-0f f5-1f)
37.859: (move f5-1f f4-1f)
37.164: (move f4-1f f4-2f)
35.959: (move f4-2f f3-2f)
37.162: (move f3-2f f2-2f)
36.026: (move f2-2f f2-3f)
36.432: (move f2-3f f2-4f)
36.148: (move f2-4f f3-4f)
36.841: (move f3-4f f4-4f)
36.481: (move f4-4f f5-4f)
36.536: (pickup f5-4f key1-1)
36.538: (move f5-4f f4-4f)
36.187: (move f4-4f f3-4f)
36.128: (putdown f3-4f key1-1)
36.328: (move f3-4f f2-4f)
35.974: (move f2-4f f2-3f)
37.035: (move f2-3f f1-3f)
38.404: (move f1-3f f1-2f)
37.118: (move f1-2f f2-2f)
35.962: (move f2-2f f3-2f)
37.131: (move f3-2f f3-1f)
37.773: (move f3-1f f4-1f)
36.445: (move f4-1f f5-1f)
37.793: (move f5-1f f5-2f)
36.695: (move f5-2f f5-3f)
36.382: (move f5-3f f5-4f)
36.728: (move f5-4f f4-4f)
36.727: (move f4-4f f4-3f)
36.484: (pickup f4-3f key0-1)
36.455: (move f4-3f f4-4f)
36.050: (move f4-4f f3-4f)
36.090: (putdown f3-4f key0-1)
36.107: (pickup f3-4f key1-1)
36.217: (move f3-4f f4-4f)
36.401: (move f4-4f f5-4f)
36.342: (putdown f5-4f key1-1)
36.521: (move f5-4f f5-3f)
36.799: (move f5-3f f4-3f)
36.129: (pickup f4-3f key3-0)
36.161: (move f4-3f f4-4f)
36.115: (move f4-4f f3-4f)
36.134: (pickup-and-loose f3-4f key0-1 key3-0)
36.137: (move f3-4f f4-4f)
36.126: (move f4-4f f4-3f)
36.536: (move f4-3f f5-3f)
36.343: (move f5-3f f5-4f)
36.373: (pickup-and-loose f5-4f key1-1 key0-1)
35.947: (move f5-4f f4-4f)
36.079: (move f4-4f f3-4f)
36.117: (pickup-and-loose f3-4f key3-0 key1-1)
36.159: (move f3-4f f4-4f)
36.129: (move f4-4f f4-3f)
36.552: (move f4-3f f5-3f)
36.338: (move f5-3f f5-4f)
36.349: (pickup-and-loose f5-4f key0-1 key3-0)
36.134: (move f5-4f f4-4f)
36.083: (move f4-4f f3-4f)
36.079: (pickup-and-loose f3-4f key1-1 key0-1)
35.945: (move f3-4f f4-4f)
36.156: (move f4-4f f4-3f)
36.558: (move f4-3f f5-3f)
36.370: (move f5-3f f5-4f)
36.338: (pickup-and-loose f5-4f key3-0 key1-1)
36.434: (putdown f5-4f key3-0)
36.438: (move f5-4f f4-4f)
36.189: (move f4-4f f4-3f)
36.557: (move f4-3f f5-3f)
37.809: (move f5-3f f5-2f)
36.373: (move f5-2f f5-1f)
37.764: (move f5-1f f4-1f)
37.098: (move f4-1f f3-1f)
35.926: (move f3-1f f3-2f)
37.089: (move f3-2f f2-2f)
36.133: (move f2-2f f2-3f)
36.277: (move f2-3f f2-4f)
36.395: (move f2-4f f3-4f)
36.122: (pickup f3-4f key0-1)
36.397: (move f3-4f f4-4f)
36.174: (move f4-4f f4-3f)
36.604: (move f4-3f f5-3f)
36.493: (move f5-3f f5-4f)
36.484: (pickup-and-loose f5-4f key3-0 key0-1)
36.424: (move f5-4f f4-4f)
36.133: (move f4-4f f3-4f)
36.413: (move f3-4f f2-4f)
35.977: (move f2-4f f2-3f)
36.872: (putdown f2-3f key3-0)
36.479: (move f2-3f f2-4f)
36.211: (move f2-4f f3-4f)
36.488: (move f3-4f f4-4f)
36.228: (move f4-4f f4-3f)
36.611: (move f4-3f f5-3f)
36.531: (move f5-3f f5-4f)
36.524: (pickup f5-4f key0-1)
36.181: (move f5-4f f4-4f)
36.140: (move f4-4f f3-4f)
36.223: (putdown f3-4f key0-1)
36.241: (move f3-4f f4-4f)
36.157: (move f4-4f f4-3f)
36.551: (move f4-3f f5-3f)
36.382: (move f5-3f f5-4f)
36.428: (pickup f5-4f key1-1)
36.002: (move f5-4f f4-4f)
36.098: (move f4-4f f3-4f)
36.048: (pickup-and-loose f3-4f key0-1 key1-1)
36.117: (putdown f3-4f key0-1)
36.338: (move f3-4f f2-4f)
36.768: (move f2-4f f2-3f)
35.957: (pickup f2-3f key3-0)
36.292: (move f2-3f f2-4f)
36.053: (move f2-4f f3-4f)
36.057: (pickup-and-loose f3-4f key0-1 key3-0)
36.090: (pickup-and-loose f3-4f key1-1 key0-1)
[Final] Expanded: 1000, Generated: 4739
Failed to find a solution!
