/u/ibrahim.eisawy/Neural-Guided-Search/venv/lib/python3.10/site-packages/pymimir_rgnn/model.py:151: UserWarning: index_reduce() is in beta and the API may change at any time. (Triggered internally at /pytorch/aten/src/ATen/native/cuda/Indexing.cu:1541.)
  max_msg.index_reduce_(0, output_indices, output_messages, reduce='amax', include_self=True)
Torch: 2.12.0+cu130
Using GPU:  NVIDIA L40S
48.996: (move f4-6f f5-6f)
47.920: (move f5-6f f5-5f)
49.682: (move f5-5f f5-4f)
48.205: (move f5-4f f4-4f)
48.057: (pickup f4-4f key2-1)
48.421: (move f4-4f f4-3f)
48.544: (pickup-and-loose f4-3f key2-3 key2-1)
48.001: (move f4-3f f4-2f)
47.137: (pickup-and-loose f4-2f key0-0 key2-3)
46.075: (move f4-2f f3-2f)
45.045: (pickup-and-loose f3-2f key3-2 key0-0)
44.975: (move f3-2f f4-2f)
43.173: (pickup-and-loose f4-2f key2-3 key3-2)
42.974: (move f4-2f f4-1f)
43.014: (putdown f4-1f key2-3)
40.592: (move f4-1f f4-2f)
40.387: (move f4-2f f4-3f)
38.348: (move f4-3f f4-4f)
39.343: (move f4-4f f5-4f)
36.524: (move f5-4f f5-5f)
37.691: (move f5-5f f5-6f)
38.954: (move f5-6f f4-6f)
40.057: (move f4-6f f4-5f)
35.691: (pickup f4-5f key1-3)
34.703: (move f4-5f f5-5f)
35.719: (move f5-5f f5-6f)
36.159: (move f5-6f f6-6f)
35.798: (unlock f6-6f f6-7f key1-3 shape1)
35.693: (move f6-6f f5-6f)
34.911: (move f5-6f f5-5f)
35.918: (move f5-5f f4-5f)
35.055: (unlock f4-5f f3-5f key1-3 shape1)
34.907: (move f4-5f f5-5f)
35.852: (move f5-5f f5-6f)
35.957: (move f5-6f f6-6f)
37.020: (move f6-6f f6-5f)
36.880: (pickup-and-loose f6-5f key1-1 key1-3)
34.853: (move f6-5f f5-5f)
34.985: (move f5-5f f4-5f)
36.126: (move f4-5f f4-4f)
36.783: (move f4-4f f3-4f)
36.577: (move f3-4f f3-5f)
35.014: (move f3-5f f2-5f)
35.525: (move f2-5f f1-5f)
36.028: (move f1-5f f0-5f)
35.982: (move f0-5f f0-6f)
36.464: (move f0-6f f1-6f)
35.954: (move f1-6f f1-7f)
35.977: (move f1-7f f2-7f)
35.960: (move f2-7f f2-6f)
40.068: (putdown f2-6f key1-1)
36.809: (move f2-6f f2-5f)
37.001: (move f2-5f f1-5f)
38.287: (move f1-5f f0-5f)
38.171: (move f0-5f f0-6f)
39.613: (move f0-6f f1-6f)
35.224: (pickup f1-6f key1-0)
35.769: (move f1-6f f1-5f)
35.838: (move f1-5f f2-5f)
35.470: (move f2-5f f3-5f)
34.929: (move f3-5f f4-5f)
35.366: (move f4-5f f5-5f)
36.161: (move f5-5f f5-6f)
36.408: (move f5-6f f6-6f)
37.285: (move f6-6f f6-5f)
37.340: (move f6-5f f7-5f)
37.111: (move f7-5f f7-4f)
37.060: (move f7-4f f7-3f)
36.624: (unlock f7-3f f7-2f key1-0 shape1)
37.132: (move f7-3f f7-4f)
37.589: (move f7-4f f7-5f)
37.451: (move f7-5f f6-5f)
35.602: (move f6-5f f5-5f)
35.189: (move f5-5f f4-5f)
35.714: (move f4-5f f3-5f)
36.073: (move f3-5f f2-5f)
36.002: (move f2-5f f1-5f)
35.458: (move f1-5f f1-6f)
36.927: (move f1-6f f1-7f)
36.444: (move f1-7f f2-7f)
37.185: (move f2-7f f2-6f)
37.326: (pickup-and-loose f2-6f key1-1 key1-0)
35.547: (move f2-6f f1-6f)
36.085: (move f1-6f f1-5f)
36.171: (move f1-5f f2-5f)
35.799: (move f2-5f f3-5f)
35.277: (move f3-5f f4-5f)
35.683: (move f4-5f f5-5f)
36.475: (move f5-5f f5-6f)
36.724: (move f5-6f f6-6f)
37.618: (move f6-6f f6-5f)
37.615: (pickup-and-loose f6-5f key2-2 key1-1)
36.647: (unlock f6-5f f6-4f key2-2 shape2)
35.482: (move f6-5f f6-4f)
36.286: (putdown f6-4f key2-2)
37.047: (move f6-4f f6-5f)
36.760: (pickup f6-5f key1-1)
35.069: (move f6-5f f6-4f)
36.617: (move f6-4f f6-3f)
35.648: (move f6-3f f6-2f)
36.719: (move f6-2f f6-1f)
36.358: (move f6-1f f6-0f)
36.417: (putdown f6-0f key1-1)
35.122: (move f6-0f f6-1f)
32.812: (move f6-1f f6-2f)
32.499: (move f6-2f f6-3f)
29.970: (pickup f6-3f key1-2)
29.876: (move f6-3f f6-4f)
30.138: (move f6-4f f5-4f)
29.708: (move f5-4f f5-5f)
29.920: (move f5-5f f4-5f)
30.411: (move f4-5f f4-4f)
31.223: (move f4-4f f4-3f)
31.521: (move f4-3f f4-2f)
31.724: (move f4-2f f5-2f)
30.994: (move f5-2f f6-2f)
32.573: (move f6-2f f7-2f)
31.243: (move f7-2f f7-3f)
31.624: (move f7-3f f7-4f)
31.953: (move f7-4f f7-5f)
30.839: (move f7-5f f6-5f)
30.269: (pickup-and-loose f6-5f key1-3 key1-2)
30.183: (move f6-5f f5-5f)
29.658: (move f5-5f f4-5f)
30.545: (move f4-5f f3-5f)
30.629: (move f3-5f f2-5f)
30.492: (move f2-5f f2-6f)
29.670: (move f2-6f f1-6f)
30.215: (move f1-6f f1-7f)
30.288: (move f1-7f f2-7f)
31.697: (move f2-7f f3-7f)
32.771: (move f3-7f f4-7f)
32.566: (move f4-7f f4-6f)
30.815: (move f4-6f f5-6f)
30.803: (move f5-6f f6-6f)
31.370: (move f6-6f f7-6f)
31.372: (move f7-6f f7-5f)
31.363: (move f7-5f f7-4f)
30.690: (move f7-4f f6-4f)
31.638: (move f6-4f f6-3f)
31.743: (move f6-3f f6-2f)
32.093: (move f6-2f f7-2f)
32.045: (move f7-2f f7-3f)
33.270: (putdown f7-3f key1-3)
33.092: (move f7-3f f7-4f)
31.610: (move f7-4f f6-4f)
30.634: (pickup f6-4f key2-2)
32.773: (move f6-4f f7-4f)
32.856: (putdown f7-4f key2-2)
31.242: (move f7-4f f6-4f)
33.056: (move f6-4f f6-3f)
32.874: (move f6-3f f6-2f)
34.008: (move f6-2f f7-2f)
33.464: (move f7-2f f7-3f)
32.436: (pickup f7-3f key1-3)
31.137: (move f7-3f f7-4f)
30.181: (move f7-4f f6-4f)
30.224: (move f6-4f f6-5f)
30.252: (move f6-5f f5-5f)
29.807: (move f5-5f f4-5f)
30.663: (move f4-5f f3-5f)
30.750: (move f3-5f f2-5f)
30.613: (move f2-5f f2-6f)
29.795: (move f2-6f f1-6f)
30.339: (move f1-6f f1-7f)
30.408: (move f1-7f f2-7f)
31.818: (move f2-7f f3-7f)
32.890: (move f3-7f f4-7f)
32.694: (move f4-7f f4-6f)
31.017: (move f4-6f f5-6f)
30.928: (move f5-6f f6-6f)
31.603: (move f6-6f f7-6f)
31.632: (move f7-6f f7-5f)
33.618: (putdown f7-5f key1-3)
33.029: (move f7-5f f6-5f)
30.542: (pickup f6-5f key1-2)
29.237: (move f6-5f f5-5f)
30.631: (move f5-5f f4-5f)
30.590: (move f4-5f f4-4f)
30.637: (move f4-4f f5-4f)
29.440: (move f5-4f f6-4f)
30.427: (move f6-4f f6-3f)
30.416: (move f6-3f f7-3f)
31.592: (move f7-3f f7-4f)
31.033: (move f7-4f f7-5f)
30.400: (pickup-and-loose f7-5f key1-3 key1-2)
30.077: (move f7-5f f6-5f)
29.922: (move f6-5f f5-5f)
30.295: (move f5-5f f4-5f)
30.825: (move f4-5f f3-5f)
30.438: (move f3-5f f2-5f)
30.318: (move f2-5f f2-6f)
29.499: (move f2-6f f1-6f)
30.043: (move f1-6f f1-7f)
30.115: (move f1-7f f2-7f)
31.524: (move f2-7f f3-7f)
32.575: (move f3-7f f4-7f)
32.970: (move f4-7f f4-6f)
31.440: (move f4-6f f5-6f)
30.321: (move f5-6f f6-6f)
31.251: (move f6-6f f7-6f)
32.034: (move f7-6f f7-7f)
32.740: (move f7-7f f6-7f)
34.365: (putdown f6-7f key1-3)
33.115: (move f6-7f f6-6f)
32.696: (move f6-6f f6-5f)
32.628: (move f6-5f f5-5f)
33.508: (move f5-5f f5-6f)
35.782: (move f5-6f f4-6f)
34.045: (move f4-6f f4-5f)
34.033: (move f4-5f f3-5f)
33.990: (move f3-5f f2-5f)
34.024: (move f2-5f f1-5f)
33.282: (move f1-5f f1-6f)
32.819: (pickup f1-6f key3-1)
33.504: (move f1-6f f1-5f)
33.693: (move f1-5f f2-5f)
33.873: (move f2-5f f3-5f)
33.377: (unlock f3-5f f3-6f key3-1 shape3)
33.735: (move f3-5f f2-5f)
33.720: (move f2-5f f1-5f)
32.830: (move f1-5f f1-6f)
33.458: (putdown f1-6f key3-1)
34.033: (move f1-6f f2-6f)
30.926: (pickup f2-6f key1-0)
29.974: (move f2-6f f1-6f)
30.952: (move f1-6f f1-7f)
30.280: (move f1-7f f0-7f)
30.715: (putdown f0-7f key1-0)
30.941: (pickup f0-7f key3-0)
31.633: (move f0-7f f1-7f)
30.651: (move f1-7f f1-6f)
31.598: (move f1-6f f2-6f)
31.306: (move f2-6f f2-7f)
32.102: (move f2-7f f3-7f)
31.494: (move f3-7f f3-6f)
31.174: (move f3-6f f4-6f)
30.432: (move f4-6f f5-6f)
29.525: (move f5-6f f6-6f)
29.192: (move f6-6f f6-5f)
29.659: (move f6-5f f5-5f)
30.799: (move f5-5f f4-5f)
31.264: (move f4-5f f3-5f)
31.293: (move f3-5f f3-4f)
31.581: (move f3-4f f4-4f)
32.646: (move f4-4f f5-4f)
30.191: (move f5-4f f6-4f)
31.249: (move f6-4f f7-4f)
30.550: (move f7-4f f7-5f)
30.229: (move f7-5f f7-6f)
31.039: (move f7-6f f7-7f)
30.745: (move f7-7f f6-7f)
30.285: (pickup-and-loose f6-7f key1-3 key3-0)
28.928: (move f6-7f f6-6f)
28.661: (move f6-6f f6-5f)
29.304: (move f6-5f f5-5f)
30.029: (move f5-5f f5-6f)
30.683: (move f5-6f f4-6f)
30.412: (move f4-6f f4-5f)
30.881: (move f4-5f f3-5f)
30.882: (move f3-5f f3-4f)
31.209: (move f3-4f f4-4f)
32.251: (move f4-4f f5-4f)
29.738: (move f5-4f f6-4f)
30.836: (move f6-4f f7-4f)
30.149: (move f7-4f f7-5f)
29.708: (move f7-5f f7-6f)
30.446: (move f7-6f f7-7f)
32.503: (putdown f7-7f key1-3)
31.242: (move f7-7f f7-6f)
30.868: (move f7-6f f6-6f)
31.505: (move f6-6f f6-5f)
31.519: (move f6-5f f5-5f)
32.204: (move f5-5f f5-6f)
33.754: (move f5-6f f4-6f)
33.165: (move f4-6f f4-5f)
33.599: (move f4-5f f4-4f)
33.669: (move f4-4f f3-4f)
33.705: (move f3-4f f3-5f)
33.616: (move f3-5f f2-5f)
34.094: (move f2-5f f2-6f)
33.189: (move f2-6f f1-6f)
32.700: (pickup f1-6f key3-1)
33.369: (move f1-6f f2-6f)
33.410: (move f2-6f f2-5f)
33.514: (move f2-5f f3-5f)
32.944: (move f3-5f f4-5f)
31.372: (move f4-5f f5-5f)
31.275: (move f5-5f f6-5f)
30.956: (move f6-5f f6-6f)
30.897: (putdown f6-6f key3-1)
31.294: (move f6-6f f7-6f)
32.405: (move f7-6f f7-7f)
30.391: (pickup f7-7f key1-3)
29.756: (move f7-7f f7-6f)
28.939: (move f7-6f f6-6f)
28.725: (move f6-6f f6-5f)
29.320: (move f6-5f f5-5f)
30.240: (move f5-5f f5-6f)
30.696: (move f5-6f f4-6f)
30.357: (move f4-6f f4-5f)
30.790: (move f4-5f f3-5f)
30.792: (move f3-5f f3-4f)
31.132: (move f3-4f f4-4f)
32.177: (move f4-4f f5-4f)
29.735: (move f5-4f f6-4f)
30.755: (move f6-4f f7-4f)
30.037: (move f7-4f f7-5f)
30.301: (putdown f7-5f key1-3)
29.440: (move f7-5f f6-5f)
29.740: (move f6-5f f6-6f)
29.816: (pickup f6-6f key3-1)
29.454: (move f6-6f f6-5f)
29.643: (putdown f6-5f key3-1)
29.916: (move f6-5f f6-6f)
30.420: (move f6-6f f7-6f)
30.493: (move f7-6f f7-5f)
30.233: (pickup f7-5f key1-3)
28.931: (move f7-5f f6-5f)
29.124: (move f6-5f f6-6f)
29.692: (move f6-6f f7-6f)
30.346: (move f7-6f f7-7f)
30.233: (move f7-7f f6-7f)
30.440: (putdown f6-7f key1-3)
29.885: (move f6-7f f6-6f)
29.594: (move f6-6f f6-5f)
29.407: (pickup f6-5f key3-1)
29.753: (move f6-5f f6-6f)
29.673: (putdown f6-6f key3-1)
29.359: (move f6-6f f6-5f)
30.107: (move f6-5f f5-5f)
30.846: (move f5-5f f5-6f)
31.299: (move f5-6f f4-6f)
30.890: (move f4-6f f4-5f)
31.314: (move f4-5f f3-5f)
31.349: (move f3-5f f3-4f)
31.686: (move f3-4f f4-4f)
32.754: (move f4-4f f5-4f)
30.341: (move f5-4f f6-4f)
31.329: (move f6-4f f7-4f)
30.626: (move f7-4f f7-5f)
29.189: (pickup f7-5f key1-2)
26.840: (move f7-5f f6-5f)
26.502: (move f6-5f f5-5f)
27.217: (move f5-5f f5-4f)
26.831: (move f5-4f f6-4f)
26.948: (move f6-4f f6-3f)
27.522: (move f6-3f f6-2f)
28.017: (move f6-2f f5-2f)
27.711: (move f5-2f f5-1f)
28.395: (putdown f5-1f key1-2)
29.678: (move f5-1f f6-1f)
28.963: (move f6-1f f6-2f)
30.105: (move f6-2f f5-2f)
29.302: (move f5-2f f4-2f)
29.357: (pickup f4-2f key3-2)
31.594: (move f4-2f f5-2f)
31.299: (move f5-2f f5-1f)
31.684: (putdown f5-1f key3-2)
31.735: (pickup f5-1f key1-2)
32.705: (move f5-1f f5-2f)
31.987: (move f5-2f f6-2f)
32.828: (move f6-2f f6-3f)
32.613: (move f6-3f f6-4f)
32.551: (move f6-4f f6-5f)
32.288: (move f6-5f f5-5f)
33.096: (move f5-5f f5-4f)
32.898: (move f5-4f f4-4f)
33.321: (move f4-4f f3-4f)
33.464: (move f3-4f f3-3f)
34.017: (move f3-3f f4-3f)
32.260: (move f4-3f f4-2f)
32.522: (putdown f4-2f key1-2)
34.220: (move f4-2f f5-2f)
32.129: (move f5-2f f5-1f)
30.561: (pickup f5-1f key3-2)
30.839: (move f5-1f f5-2f)
28.573: (move f5-2f f4-2f)
27.715: (pickup-and-loose f4-2f key1-2 key3-2)
27.524: (move f4-2f f4-3f)
26.862: (move f4-3f f4-4f)
27.673: (move f4-4f f4-5f)
27.958: (move f4-5f f4-6f)
27.589: (move f4-6f f5-6f)
27.354: (move f5-6f f6-6f)
27.173: (move f6-6f f6-7f)
26.652: (pickup-and-loose f6-7f key1-3 key1-2)
26.860: (putdown f6-7f key1-3)
27.103: (pickup f6-7f key3-0)
27.646: (move f6-7f f6-6f)
27.055: (move f6-6f f6-5f)
27.878: (move f6-5f f5-5f)
27.754: (move f5-5f f4-5f)
27.836: (move f4-5f f4-6f)
27.783: (move f4-6f f5-6f)
30.221: (putdown f5-6f key3-0)
29.441: (move f5-6f f6-6f)
29.125: (move f6-6f f6-5f)
30.566: (move f6-5f f5-5f)
29.970: (move f5-5f f4-5f)
30.591: (move f4-5f f4-6f)
30.267: (move f4-6f f3-6f)
30.791: (move f3-6f f2-6f)
30.548: (move f2-6f f1-6f)
31.407: (move f1-6f f1-7f)
30.908: (move f1-7f f0-7f)
29.231: (pickup f0-7f key1-0)
28.444: (move f0-7f f1-7f)
27.549: (move f1-7f f1-6f)
27.039: (move f1-6f f2-6f)
26.315: (move f2-6f f3-6f)
26.654: (move f3-6f f4-6f)
26.052: (move f4-6f f4-5f)
26.621: (move f4-5f f5-5f)
25.067: (move f5-5f f6-5f)
25.320: (move f6-5f f6-6f)
26.118: (move f6-6f f5-6f)
26.621: (putdown f5-6f key1-0)
26.323: (move f5-6f f6-6f)
25.983: (move f6-6f f6-5f)
27.462: (move f6-5f f5-5f)
26.849: (move f5-5f f4-5f)
27.491: (move f4-5f f4-6f)
27.110: (move f4-6f f3-6f)
27.834: (move f3-6f f3-5f)
28.205: (move f3-5f f2-5f)
27.871: (move f2-5f f2-6f)
28.406: (move f2-6f f1-6f)
28.781: (move f1-6f f1-5f)
29.367: (move f1-5f f0-5f)
29.354: (move f0-5f f0-6f)
30.088: (move f0-6f f0-7f)
29.301: (move f0-7f f1-7f)
29.176: (move f1-7f f2-7f)
28.868: (move f2-7f f3-7f)
29.492: (move f3-7f f4-7f)
27.491: (move f4-7f f4-6f)
26.621: (move f4-6f f5-6f)
26.928: (pickup f5-6f key3-0)
26.182: (move f5-6f f6-6f)
25.829: (move f6-6f f6-5f)
27.279: (move f6-5f f5-5f)
26.728: (move f5-5f f4-5f)
27.364: (move f4-5f f4-6f)
27.009: (move f4-6f f3-6f)
27.688: (move f3-6f f3-5f)
28.044: (move f3-5f f2-5f)
27.729: (move f2-5f f2-6f)
28.241: (move f2-6f f1-6f)
28.608: (move f1-6f f1-5f)
29.193: (move f1-5f f0-5f)
29.181: (move f0-5f f0-6f)
29.916: (move f0-6f f0-7f)
29.130: (move f0-7f f1-7f)
29.014: (move f1-7f f2-7f)
28.724: (move f2-7f f3-7f)
29.360: (move f3-7f f4-7f)
30.260: (putdown f4-7f key3-0)
28.990: (move f4-7f f4-6f)
28.566: (move f4-6f f4-5f)
30.198: (move f4-5f f5-5f)
29.151: (move f5-5f f6-5f)
29.413: (move f6-5f f6-6f)
29.499: (pickup f6-6f key3-1)
29.101: (move f6-6f f6-5f)
29.226: (putdown f6-5f key3-1)
29.682: (move f6-5f f6-6f)
29.436: (move f6-6f f5-6f)
25.830: (pickup f5-6f key1-0)
26.487: (move f5-6f f4-6f)
26.213: (move f4-6f f4-5f)
27.163: (move f4-5f f3-5f)
26.500: (move f3-5f f3-6f)
27.158: (move f3-6f f2-6f)
27.290: (move f2-6f f2-7f)
27.526: (move f2-7f f3-7f)
27.167: (move f3-7f f4-7f)
27.586: (putdown f4-7f key1-0)
27.392: (move f4-7f f4-6f)
26.770: (move f4-6f f5-6f)
27.966: (move f5-6f f6-6f)
27.521: (move f6-6f f6-5f)
27.349: (pickup f6-5f key3-1)
27.720: (move f6-5f f6-6f)
26.800: (move f6-6f f5-6f)
26.594: (putdown f5-6f key3-1)
27.560: (move f5-6f f4-6f)
27.007: (move f4-6f f4-5f)
27.913: (move f4-5f f3-5f)
27.340: (move f3-5f f3-6f)
27.966: (move f3-6f f2-6f)
28.081: (move f2-6f f2-7f)
28.326: (move f2-7f f3-7f)
27.552: (move f3-7f f4-7f)
27.137: (pickup f4-7f key1-0)
26.669: (move f4-7f f4-6f)
25.665: (move f4-6f f5-6f)
26.811: (move f5-6f f6-6f)
26.359: (move f6-6f f6-5f)
27.246: (move f6-5f f5-5f)
26.204: (move f5-5f f4-5f)
27.090: (move f4-5f f3-5f)
26.534: (move f3-5f f3-6f)
27.116: (move f3-6f f2-6f)
27.238: (move f2-6f f2-7f)
27.469: (move f2-7f f3-7f)
29.741: (putdown f3-7f key1-0)
29.073: (move f3-7f f3-6f)
29.188: (move f3-6f f4-6f)
29.158: (move f4-6f f5-6f)
29.153: (pickup f5-6f key3-1)
29.054: (move f5-6f f4-6f)
29.092: (move f4-6f f3-6f)
29.261: (putdown f3-6f key3-1)
29.154: (move f3-6f f4-6f)
29.248: (move f4-6f f5-6f)
30.245: (move f5-6f f6-6f)
29.641: (move f6-6f f6-5f)
30.533: (move f6-5f f5-5f)
29.508: (move f5-5f f4-5f)
30.033: (move f4-5f f3-5f)
30.768: (move f3-5f f3-4f)
30.950: (move f3-4f f4-4f)
32.237: (move f4-4f f5-4f)
30.885: (move f5-4f f6-4f)
31.708: (move f6-4f f7-4f)
31.268: (pickup f7-4f key2-2)
30.389: (move f7-4f f6-4f)
29.446: (move f6-4f f6-5f)
29.820: (putdown f6-5f key2-2)
30.522: (move f6-5f f6-6f)
29.233: (move f6-6f f5-6f)
29.180: (move f5-6f f4-6f)
29.267: (move f4-6f f3-6f)
29.098: (pickup f3-6f key3-1)
29.080: (move f3-6f f4-6f)
29.093: (move f4-6f f5-6f)
29.177: (putdown f5-6f key3-1)
29.212: (move f5-6f f4-6f)
29.072: (move f4-6f f3-6f)
29.706: (move f3-6f f3-5f)
29.603: (move f3-5f f4-5f)
31.005: (move f4-5f f4-4f)
30.750: (move f4-4f f3-4f)
31.978: (move f3-4f f2-4f)
30.800: (move f2-4f f2-5f)
29.741: (move f2-5f f2-6f)
30.099: (move f2-6f f2-7f)
29.737: (move f2-7f f3-7f)
27.467: (pickup f3-7f key1-0)
26.534: (move f3-7f f3-6f)
26.693: (move f3-6f f4-6f)
25.684: (move f4-6f f5-6f)
27.005: (move f5-6f f6-6f)
26.540: (move f6-6f f6-5f)
27.447: (move f6-5f f5-5f)
26.252: (move f5-5f f4-5f)
27.098: (move f4-5f f3-5f)
27.444: (move f3-5f f2-5f)
27.113: (move f2-5f f2-6f)
27.234: (move f2-6f f2-7f)
28.204: (move f2-7f f1-7f)
27.607: (move f1-7f f1-6f)
27.982: (move f1-6f f1-5f)
28.528: (move f1-5f f0-5f)
28.540: (move f0-5f f0-6f)
29.299: (move f0-6f f0-7f)
30.953: (putdown f0-7f key1-0)
31.169: (move f0-7f f1-7f)
30.162: (move f1-7f f2-7f)
30.864: (move f2-7f f2-6f)
30.486: (move f2-6f f3-6f)
30.669: (move f3-6f f4-6f)
29.747: (move f4-6f f5-6f)
29.972: (pickup f5-6f key3-1)
30.561: (move f5-6f f4-6f)
30.187: (move f4-6f f4-5f)
30.404: (putdown f4-5f key3-1)
30.789: (move f4-5f f4-6f)
29.958: (move f4-6f f5-6f)
31.059: (move f5-6f f6-6f)
30.593: (move f6-6f f6-5f)
30.248: (pickup f6-5f key2-2)
30.639: (move f6-5f f6-6f)
29.731: (move f6-6f f5-6f)
29.319: (unlock f5-6f f5-7f key2-2 shape2)
29.458: (putdown f5-6f key2-2)
30.334: (move f5-6f f5-7f)
30.002: (move f5-7f f6-7f)
29.654: (pickup f6-7f key1-3)
29.550: (move f6-7f f5-7f)
28.722: (move f5-7f f5-6f)
30.229: (move f5-6f f6-6f)
29.866: (move f6-6f f6-5f)
30.672: (move f6-5f f6-4f)
31.516: (move f6-4f f7-4f)
31.589: (move f7-4f f7-5f)
31.090: (move f7-5f f7-6f)
31.537: (move f7-6f f7-7f)
33.338: (putdown f7-7f key1-3)
32.454: (move f7-7f f6-7f)
30.584: (pickup f6-7f key1-2)
30.633: (move f6-7f f5-7f)
30.093: (move f5-7f f5-6f)
30.333: (move f5-6f f5-5f)
30.125: (move f5-5f f4-5f)
30.293: (move f4-5f f4-4f)
30.493: (move f4-4f f5-4f)
30.096: (move f5-4f f6-4f)
30.298: (move f6-4f f6-3f)
30.823: (move f6-3f f6-2f)
31.314: (move f6-2f f5-2f)
31.041: (move f5-2f f5-1f)
31.777: (putdown f5-1f key1-2)
33.044: (move f5-1f f6-1f)
32.284: (move f6-1f f6-2f)
33.467: (move f6-2f f5-2f)
32.670: (move f5-2f f4-2f)
32.720: (pickup f4-2f key3-2)
34.959: (move f4-2f f5-2f)
34.681: (move f5-2f f5-1f)
35.062: (pickup-and-loose f5-1f key1-2 key3-2)
35.065: (putdown f5-1f key1-2)
36.355: (move f5-1f f6-1f)
36.138: (move f6-1f f6-2f)
37.409: (move f6-2f f5-2f)
36.100: (move f5-2f f4-2f)
37.660: (move f4-2f f4-1f)
37.752: (move f4-1f f3-1f)
38.268: (move f3-1f f3-2f)
37.843: (move f3-2f f3-3f)
36.414: (move f3-3f f3-4f)
36.799: (move f3-4f f3-5f)
35.650: (move f3-5f f4-5f)
35.253: (pickup f4-5f key3-1)
36.027: (move f4-5f f4-6f)
35.366: (move f4-6f f5-6f)
35.294: (putdown f5-6f key3-1)
35.342: (pickup f5-6f key2-2)
35.689: (move f5-6f f5-7f)
35.404: (move f5-7f f4-7f)
30.592: (pickup-and-loose f4-7f key3-0 key2-2)
30.096: (move f4-7f f5-7f)
29.664: (move f5-7f f5-6f)
29.147: (move f5-6f f6-6f)
29.266: (move f6-6f f6-5f)
29.671: (move f6-5f f7-5f)
29.723: (move f7-5f f7-6f)
29.290: (move f7-6f f7-7f)
29.745: (move f7-7f f6-7f)
34.520: (putdown f6-7f key3-0)
34.485: (move f6-7f f6-6f)
34.765: (move f6-6f f6-5f)
35.722: (move f6-5f f6-4f)
36.722: (move f6-4f f7-4f)
35.811: (move f7-4f f7-5f)
35.113: (move f7-5f f7-6f)
35.227: (move f7-6f f7-7f)
33.533: (pickup f7-7f key1-3)
31.741: (move f7-7f f6-7f)
29.163: (pickup-and-loose f6-7f key3-0 key1-3)
29.544: (move f6-7f f6-6f)
28.830: (move f6-6f f6-5f)
29.840: (move f6-5f f6-4f)
30.500: (move f6-4f f7-4f)
30.605: (move f7-4f f7-5f)
30.078: (move f7-5f f7-6f)
30.798: (move f7-6f f7-7f)
34.938: (putdown f7-7f key3-0)
34.825: (move f7-7f f6-7f)
32.703: (pickup f6-7f key1-3)
31.913: (move f6-7f f7-7f)
32.304: (putdown f7-7f key1-3)
33.365: (move f7-7f f7-6f)
32.855: (move f7-6f f6-6f)
32.960: (move f6-6f f6-5f)
33.345: (move f6-5f f7-5f)
33.831: (move f7-5f f7-4f)
33.560: (move f7-4f f6-4f)
34.800: (move f6-4f f6-3f)
32.842: (move f6-3f f6-2f)
33.055: (move f6-2f f6-1f)
31.758: (move f6-1f f5-1f)
31.376: (pickup f5-1f key3-2)
31.653: (move f5-1f f5-2f)
29.419: (move f5-2f f4-2f)
29.364: (putdown f4-2f key3-2)
30.128: (move f4-2f f3-2f)
29.848: (pickup f3-2f key0-0)
28.799: (move f3-2f f4-2f)
28.882: (putdown f4-2f key0-0)
29.748: (pickup f4-2f key3-2)
32.014: (move f4-2f f5-2f)
31.637: (move f5-2f f5-1f)
31.787: (pickup-and-loose f5-1f key1-2 key3-2)
31.852: (putdown f5-1f key1-2)
33.359: (move f5-1f f6-1f)
33.041: (move f6-1f f6-2f)
34.194: (move f6-2f f5-2f)
33.209: (move f5-2f f4-2f)
32.598: (pickup f4-2f key0-0)
34.012: (move f4-2f f5-2f)
31.701: (move f5-2f f5-1f)
31.329: (pickup-and-loose f5-1f key3-2 key0-0)
31.683: (putdown f5-1f key3-2)
31.692: (pickup f5-1f key1-2)
32.775: (move f5-1f f5-2f)
31.945: (move f5-2f f6-2f)
32.636: (move f6-2f f6-3f)
32.288: (move f6-3f f6-4f)
32.720: (move f6-4f f5-4f)
32.599: (move f5-4f f5-5f)
32.907: (move f5-5f f6-5f)
32.913: (move f6-5f f6-6f)
33.234: (move f6-6f f5-6f)
33.862: (move f5-6f f5-7f)
33.512: (move f5-7f f6-7f)
32.403: (move f6-7f f7-7f)
29.288: (pickup-and-loose f7-7f key3-0 key1-2)
30.149: (move f7-7f f7-6f)
29.608: (move f7-6f f6-6f)
29.822: (move f6-6f f6-5f)
30.123: (move f6-5f f7-5f)
30.693: (move f7-5f f7-4f)
30.283: (move f7-4f f6-4f)
31.569: (move f6-4f f5-4f)
30.670: (move f5-4f f5-5f)
29.928: (move f5-5f f4-5f)
30.058: (move f4-5f f3-5f)
29.895: (move f3-5f f3-4f)
30.767: (move f3-4f f4-4f)
32.799: (move f4-4f f4-3f)
30.447: (move f4-3f f4-2f)
31.271: (move f4-2f f5-2f)
29.057: (move f5-2f f5-1f)
27.810: (pickup-and-loose f5-1f key3-2 key3-0)
27.592: (move f5-1f f5-2f)
24.804: (move f5-2f f4-2f)
25.086: (putdown f4-2f key3-2)
24.746: (move f4-2f f3-2f)
25.206: (move f3-2f f3-3f)
24.330: (move f3-3f f3-4f)
24.406: (move f3-4f f3-5f)
24.199: (move f3-5f f4-5f)
24.765: (move f4-5f f4-4f)
25.920: (move f4-4f f5-4f)
24.584: (move f5-4f f6-4f)
24.078: (move f6-4f f6-5f)
24.027: (move f6-5f f6-6f)
24.471: (move f6-6f f5-6f)
24.177: (pickup f5-6f key3-1)
23.723: (move f5-6f f6-6f)
23.821: (putdown f6-6f key3-1)
24.506: (move f6-6f f6-5f)
24.460: (move f6-5f f7-5f)
24.747: (move f7-5f f7-6f)
23.725: (move f7-6f f7-7f)
23.412: (pickup f7-7f key1-3)
24.051: (move f7-7f f7-6f)
23.128: (move f7-6f f6-6f)
23.800: (move f6-6f f6-5f)
23.724: (move f6-5f f7-5f)
24.210: (move f7-5f f7-4f)
23.913: (move f7-4f f6-4f)
25.062: (move f6-4f f6-3f)
24.468: (move f6-3f f6-2f)
24.614: (move f6-2f f7-2f)
24.728: (move f7-2f f7-3f)
25.830: (putdown f7-3f key1-3)
26.202: (move f7-3f f7-4f)
25.194: (move f7-4f f6-4f)
26.575: (move f6-4f f6-3f)
25.641: (move f6-3f f6-2f)
26.526: (move f6-2f f7-2f)
27.925: (move f7-2f f7-1f)
27.513: (move f7-1f f6-1f)
27.193: (pickup f6-1f key2-0)
25.350: (move f6-1f f6-2f)
25.348: (putdown f6-2f key2-0)
26.829: (move f6-2f f6-3f)
25.289: (move f6-3f f6-4f)
26.231: (move f6-4f f7-4f)
25.927: (move f7-4f f7-3f)
24.756: (pickup f7-3f key1-3)
24.209: (move f7-3f f7-4f)
23.734: (move f7-4f f7-5f)
23.794: (move f7-5f f6-5f)
23.125: (move f6-5f f6-6f)
23.879: (move f6-6f f5-6f)
23.870: (move f5-6f f5-5f)
23.553: (move f5-5f f4-5f)
23.755: (move f4-5f f3-5f)
23.701: (move f3-5f f3-4f)
24.082: (move f3-4f f4-4f)
25.248: (move f4-4f f5-4f)
23.922: (move f5-4f f6-4f)
25.372: (move f6-4f f6-3f)
24.239: (move f6-3f f6-2f)
24.871: (move f6-2f f6-1f)
24.648: (move f6-1f f5-1f)
24.115: (move f5-1f f4-1f)
23.469: (move f4-1f f3-1f)
22.570: (move f3-1f f2-1f)
22.701: (putdown f2-1f key1-3)
21.771: (move f2-1f f3-1f)
20.867: (move f3-1f f3-2f)
21.184: (move f3-2f f4-2f)
21.064: (pickup f4-2f key3-2)
23.275: (move f4-2f f3-2f)
23.994: (move f3-2f f3-3f)
23.798: (move f3-3f f4-3f)
23.135: (move f4-3f f4-4f)
23.894: (move f4-4f f4-5f)
24.191: (move f4-5f f3-5f)
23.968: (move f3-5f f3-4f)
25.338: (move f3-4f f2-4f)
24.264: (move f2-4f f2-5f)
24.084: (move f2-5f f2-6f)
23.480: (move f2-6f f1-6f)
24.358: (move f1-6f f1-7f)
23.843: (move f1-7f f0-7f)
23.225: (pickup-and-loose f0-7f key1-0 key3-2)
23.676: (putdown f0-7f key1-0)
24.584: (move f0-7f f1-7f)
23.711: (move f1-7f f1-6f)
24.299: (move f1-6f f2-6f)
24.464: (move f2-6f f2-7f)
25.551: (move f2-7f f3-7f)
24.530: (move f3-7f f3-6f)
24.404: (move f3-6f f3-5f)
24.192: (move f3-5f f3-4f)
25.099: (move f3-4f f4-4f)
24.200: (move f4-4f f4-5f)
24.554: (move f4-5f f5-5f)
24.492: (move f5-5f f6-5f)
23.824: (move f6-5f f6-6f)
23.684: (pickup f6-6f key3-1)
24.069: (move f6-6f f6-5f)
24.418: (putdown f6-5f key3-1)
23.994: (move f6-5f f6-6f)
24.168: (move f6-6f f5-6f)
24.832: (move f5-6f f5-7f)
24.538: (move f5-7f f6-7f)
24.123: (move f6-7f f7-7f)
23.185: (pickup f7-7f key1-2)
22.373: (move f7-7f f7-6f)
21.881: (move f7-6f f6-6f)
20.885: (move f6-6f f5-6f)
20.155: (move f5-6f f5-5f)
20.284: (move f5-5f f5-4f)
20.299: (move f5-4f f6-4f)
20.604: (move f6-4f f6-3f)
20.619: (move f6-3f f6-2f)
21.583: (move f6-2f f5-2f)
20.855: (move f5-2f f5-1f)
21.990: (pickup-and-loose f5-1f key3-0 key1-2)
22.939: (pickup-and-loose f5-1f key0-0 key3-0)
23.198: (putdown f5-1f key0-0)
23.658: (move f5-1f f6-1f)
23.104: (move f6-1f f6-2f)
22.939: (pickup f6-2f key2-0)
23.169: (move f6-2f f6-1f)
23.034: (move f6-1f f5-1f)
20.809: (pickup-and-loose f5-1f key1-2 key2-0)
21.320: (move f5-1f f5-2f)
20.386: (move f5-2f f6-2f)
20.179: (move f6-2f f6-3f)
20.227: (move f6-3f f6-4f)
20.282: (move f6-4f f5-4f)
20.130: (move f5-4f f5-5f)
20.716: (move f5-5f f4-5f)
20.336: (move f4-5f f4-4f)
20.753: (move f4-4f f3-4f)
21.076: (move f3-4f f3-3f)
21.396: (move f3-3f f4-3f)
21.077: (move f4-3f f4-2f)
21.578: (putdown f4-2f key1-2)
23.026: (move f4-2f f3-2f)
22.607: (move f3-2f f3-1f)
23.815: (move f3-1f f4-1f)
22.283: (move f4-1f f5-1f)
22.181: (pickup f5-1f key0-0)
22.291: (pickup-and-loose f5-1f key2-0 key0-0)
22.961: (pickup-and-loose f5-1f key3-0 key2-0)
24.940: (move f5-1f f5-2f)
24.713: (move f5-2f f4-2f)
24.843: (putdown f4-2f key3-0)
24.956: (pickup f4-2f key1-2)
25.440: (move f4-2f f4-3f)
24.990: (move f4-3f f4-4f)
26.238: (move f4-4f f5-4f)
26.025: (move f5-4f f5-5f)
26.643: (move f5-5f f4-5f)
27.022: (move f4-5f f3-5f)
26.816: (move f3-5f f3-4f)
25.542: (move f3-4f f3-3f)
26.786: (move f3-3f f3-2f)
26.578: (putdown f3-2f key1-2)
25.594: (move f3-2f f4-2f)
25.647: (pickup f4-2f key3-0)
26.230: (move f4-2f f5-2f)
25.533: (move f5-2f f5-1f)
24.877: (pickup-and-loose f5-1f key0-0 key3-0)
24.218: (move f5-1f f5-2f)
22.322: (move f5-2f f4-2f)
22.734: (putdown f4-2f key0-0)
23.481: (move f4-2f f3-2f)
23.051: (move f3-2f f3-3f)
23.065: (move f3-3f f3-4f)
24.513: (move f3-4f f4-4f)
24.481: (move f4-4f f4-5f)
24.550: (move f4-5f f3-5f)
24.735: (move f3-5f f2-5f)
24.529: (move f2-5f f2-6f)
23.939: (move f2-6f f1-6f)
24.852: (move f1-6f f1-7f)
23.667: (move f1-7f f0-7f)
21.080: (pickup f0-7f key3-2)
21.775: (move f0-7f f1-7f)
20.897: (move f1-7f f1-6f)
21.495: (move f1-6f f2-6f)
21.657: (move f2-6f f2-7f)
22.725: (move f2-7f f3-7f)
21.735: (move f3-7f f3-6f)
21.608: (move f3-6f f3-5f)
20.772: (move f3-5f f3-4f)
20.697: (move f3-4f f3-3f)
20.643: (move f3-3f f4-3f)
18.454: (move f4-3f f4-2f)
20.377: (pickup-and-loose f4-2f key0-0 key3-2)
19.725: (move f4-2f f3-2f)
17.864: (pickup-and-loose f3-2f key1-2 key0-0)
17.026: (move f3-2f f4-2f)
16.661: (move f4-2f f5-2f)
16.220: (move f5-2f f6-2f)
16.208: (move f6-2f f6-3f)
16.272: (move f6-3f f6-4f)
16.300: (move f6-4f f5-4f)
16.094: (move f5-4f f4-4f)
16.713: (move f4-4f f4-3f)
17.190: (move f4-3f f3-3f)
17.086: (move f3-3f f3-4f)
17.377: (move f3-4f f3-5f)
16.863: (move f3-5f f4-5f)
16.176: (move f4-5f f5-5f)
16.944: (move f5-5f f5-6f)
17.825: (move f5-6f f4-6f)
17.504: (move f4-6f f3-6f)
17.228: (move f3-6f f2-6f)
16.599: (move f2-6f f1-6f)
17.300: (move f1-6f f1-7f)
16.119: (move f1-7f f0-7f)
15.351: (pickup-and-loose f0-7f key1-0 key1-2)
16.473: (move f0-7f f1-7f)
15.617: (move f1-7f f1-6f)
16.227: (move f1-6f f2-6f)
16.394: (move f2-6f f2-7f)
17.470: (move f2-7f f3-7f)
16.518: (move f3-7f f3-6f)
16.426: (move f3-6f f3-5f)
16.194: (move f3-5f f4-5f)
16.713: (move f4-5f f4-4f)
16.406: (move f4-4f f3-4f)
17.575: (move f3-4f f2-4f)
16.504: (move f2-4f f2-5f)
16.803: (move f2-5f f1-5f)
16.566: (move f1-5f f0-5f)
16.493: (move f0-5f f0-6f)
18.943: (putdown f0-6f key1-0)
18.327: (move f0-6f f1-6f)
18.931: (move f1-6f f2-6f)
19.880: (move f2-6f f2-7f)
19.084: (move f2-7f f1-7f)
19.221: (move f1-7f f0-7f)
17.817: (pickup f0-7f key1-2)
16.199: (move f0-7f f0-6f)
15.428: (pickup-and-loose f0-6f key1-0 key1-2)
15.992: (move f0-6f f1-6f)
15.752: (move f1-6f f2-6f)
16.483: (move f2-6f f3-6f)
16.711: (move f3-6f f3-5f)
16.446: (move f3-5f f4-5f)
16.953: (move f4-5f f4-4f)
16.649: (move f4-4f f3-4f)
17.869: (move f3-4f f2-4f)
16.522: (move f2-4f f2-5f)
16.130: (move f2-5f f1-5f)
16.644: (move f1-5f f0-5f)
17.756: (move f0-5f f0-4f)
17.591: (move f0-4f f1-4f)
20.182: (pickup-and-loose f1-4f key0-2 key1-0)
19.135: (move f1-4f f1-5f)
18.978: (move f1-5f f1-6f)
19.379: (putdown f1-6f key0-2)
19.426: (move f1-6f f1-5f)
19.566: (move f1-5f f2-5f)
20.112: (move f2-5f f2-6f)
20.957: (move f2-6f f3-6f)
20.738: (move f3-6f f3-5f)
19.725: (move f3-5f f3-4f)
[Final] Expanded: 1000, Generated: 4547
Failed to find a solution!
