/u/ibrahim.eisawy/Neural-Guided-Search/venv/lib/python3.10/site-packages/pymimir_rgnn/model.py:151: UserWarning: index_reduce() is in beta and the API may change at any time. (Triggered internally at /pytorch/aten/src/ATen/native/cuda/Indexing.cu:1541.)
  max_msg.index_reduce_(0, output_indices, output_messages, reduce='amax', include_self=True)
Torch: 2.12.0+cu130
Using GPU:  NVIDIA L40S
47.166: (move f2-7f f2-6f)
46.812: (move f2-6f f1-6f)
47.323: (move f1-6f f0-6f)
48.569: (move f0-6f f0-5f)
47.524: (move f0-5f f1-5f)
46.812: (move f1-5f f1-6f)
48.730: (move f1-6f f1-7f)
45.597: (pickup f1-7f key1-3)
43.742: (move f1-7f f1-6f)
43.500: (move f1-6f f2-6f)
44.185: (move f2-6f f2-7f)
44.224: (move f2-7f f3-7f)
44.310: (move f3-7f f3-6f)
45.042: (putdown f3-6f key1-3)
45.062: (pickup f3-6f key2-2)
44.461: (move f3-6f f2-6f)
44.729: (move f2-6f f1-6f)
44.813: (move f1-6f f0-6f)
44.623: (move f0-6f f0-5f)
44.878: (move f0-5f f0-4f)
41.968: (pickup-and-loose f0-4f key0-2 key2-2)
42.179: (move f0-4f f0-5f)
42.451: (move f0-5f f0-6f)
42.387: (move f0-6f f1-6f)
42.103: (move f1-6f f2-6f)
41.882: (move f2-6f f3-6f)
41.769: (unlock f3-6f f4-6f key0-2 shape0)
41.574: (move f3-6f f4-6f)
41.568: (move f4-6f f5-6f)
41.579: (unlock f5-6f f5-7f key0-2 shape0)
41.586: (move f5-6f f4-6f)
41.740: (move f4-6f f3-6f)
42.105: (move f3-6f f2-6f)
41.945: (unlock f2-6f f2-5f key0-2 shape0)
41.970: (move f2-6f f3-6f)
41.597: (move f3-6f f4-6f)
41.592: (move f4-6f f5-6f)
41.751: (move f5-6f f6-6f)
41.787: (move f6-6f f7-6f)
43.800: (move f7-6f f7-7f)
42.410: (move f7-7f f6-7f)
43.677: (putdown f6-7f key0-2)
43.369: (move f6-7f f6-6f)
43.320: (move f6-6f f5-6f)
44.554: (move f5-6f f4-6f)
45.186: (move f4-6f f3-6f)
39.436: (pickup f3-6f key1-3)
39.276: (move f3-6f f4-6f)
37.077: (move f4-6f f5-6f)
35.471: (move f5-6f f6-6f)
36.404: (move f6-6f f6-7f)
36.274: (pickup-and-loose f6-7f key0-2 key1-3)
35.019: (move f6-7f f6-6f)
35.535: (move f6-6f f7-6f)
37.083: (move f7-6f f7-7f)
41.064: (putdown f7-7f key0-2)
41.026: (move f7-7f f7-6f)
39.335: (move f7-6f f6-6f)
41.104: (move f6-6f f6-7f)
36.445: (pickup f6-7f key1-3)
36.723: (move f6-7f f6-6f)
38.710: (move f6-6f f7-6f)
39.784: (move f7-6f f7-7f)
40.059: (pickup-and-loose f7-7f key0-2 key1-3)
38.333: (move f7-7f f6-7f)
37.781: (move f6-7f f6-6f)
38.637: (move f6-6f f7-6f)
41.313: (putdown f7-6f key0-2)
41.838: (pickup f7-6f key2-0)
40.014: (move f7-6f f6-6f)
40.029: (move f6-6f f5-6f)
42.304: (move f5-6f f4-6f)
42.477: (move f4-6f f4-5f)
41.898: (unlock f4-5f f3-5f key2-0 shape2)
42.292: (move f4-5f f3-5f)
43.448: (move f3-5f f3-6f)
42.295: (move f3-6f f4-6f)
40.044: (move f4-6f f5-6f)
40.317: (move f5-6f f6-6f)
40.746: (move f6-6f f6-5f)
42.741: (move f6-5f f6-4f)
41.779: (move f6-4f f5-4f)
42.454: (move f5-4f f4-4f)
43.522: (move f4-4f f4-3f)
42.871: (move f4-3f f5-3f)
42.406: (unlock f5-3f f6-3f key2-0 shape2)
41.947: (move f5-3f f5-4f)
42.322: (move f5-4f f6-4f)
40.899: (move f6-4f f6-5f)
40.593: (move f6-5f f6-6f)
40.298: (move f6-6f f5-6f)
42.529: (move f5-6f f4-6f)
42.190: (move f4-6f f4-5f)
42.277: (move f4-5f f3-5f)
43.432: (move f3-5f f3-6f)
44.066: (move f3-6f f2-6f)
43.347: (move f2-6f f1-6f)
43.211: (move f1-6f f1-5f)
43.757: (move f1-5f f2-5f)
45.764: (pickup-and-loose f2-5f key1-1 key2-0)
42.637: (move f2-5f f1-5f)
42.456: (unlock f1-5f f1-4f key1-1 shape1)
43.011: (move f1-5f f1-4f)
42.978: (unlock f1-4f f2-4f key1-1 shape1)
42.476: (move f1-4f f1-5f)
43.619: (putdown f1-5f key1-1)
44.605: (move f1-5f f1-4f)
44.646: (move f1-4f f2-4f)
43.905: (pickup f2-4f key3-2)
43.941: (move f2-4f f1-4f)
43.332: (move f1-4f f1-5f)
42.848: (pickup-and-loose f1-5f key1-1 key3-2)
42.960: (move f1-5f f1-4f)
42.320: (move f1-4f f2-4f)
42.259: (move f2-4f f2-3f)
43.575: (putdown f2-3f key1-1)
43.588: (pickup f2-3f key0-1)
43.671: (move f2-3f f2-4f)
43.932: (move f2-4f f1-4f)
43.931: (move f1-4f f1-5f)
43.998: (pickup-and-loose f1-5f key3-2 key0-1)
44.041: (move f1-5f f1-4f)
43.715: (move f1-4f f2-4f)
43.630: (move f2-4f f2-3f)
42.271: (pickup-and-loose f2-3f key1-1 key3-2)
42.326: (move f2-3f f2-4f)
42.918: (move f2-4f f1-4f)
42.693: (move f1-4f f1-5f)
43.167: (pickup-and-loose f1-5f key0-1 key1-1)
43.598: (putdown f1-5f key0-1)
44.391: (move f1-5f f1-4f)
43.962: (move f1-4f f2-4f)
45.040: (move f2-4f f2-3f)
45.209: (pickup f2-3f key3-2)
43.906: (move f2-3f f2-4f)
44.184: (move f2-4f f1-4f)
43.352: (move f1-4f f1-5f)
42.855: (pickup-and-loose f1-5f key1-1 key3-2)
43.187: (move f1-5f f1-4f)
42.179: (move f1-4f f2-4f)
42.255: (move f2-4f f2-3f)
43.599: (putdown f2-3f key1-1)
43.878: (move f2-3f f2-4f)
44.529: (move f2-4f f1-4f)
44.408: (move f1-4f f1-5f)
45.778: (move f1-5f f1-6f)
45.544: (move f1-6f f2-6f)
46.051: (move f2-6f f3-6f)
45.435: (move f3-6f f3-5f)
45.625: (move f3-5f f3-4f)
47.286: (move f3-4f f3-3f)
47.675: (move f3-3f f4-3f)
47.500: (move f4-3f f4-4f)
46.394: (move f4-4f f4-5f)
47.421: (move f4-5f f4-6f)
46.573: (move f4-6f f5-6f)
44.562: (move f5-6f f6-6f)
45.885: (move f6-6f f6-7f)
47.579: (move f6-7f f7-7f)
44.352: (pickup f7-7f key1-3)
41.881: (move f7-7f f6-7f)
41.891: (move f6-7f f6-6f)
43.390: (move f6-6f f5-6f)
44.944: (move f5-6f f4-6f)
43.932: (move f4-6f f3-6f)
43.309: (move f3-6f f3-5f)
43.519: (move f3-5f f3-4f)
41.776: (move f3-4f f2-4f)
41.431: (move f2-4f f2-3f)
44.277: (move f2-3f f2-2f)
43.369: (move f2-2f f1-2f)
44.668: (move f1-2f f1-1f)
44.168: (unlock f1-1f f2-1f key1-3 shape1)
42.178: (move f1-1f f1-2f)
42.194: (putdown f1-2f key1-3)
42.385: (move f1-2f f1-3f)
40.172: (move f1-3f f2-3f)
39.772: (pickup f2-3f key1-1)
41.126: (move f2-3f f2-4f)
40.923: (move f2-4f f1-4f)
41.711: (putdown f1-4f key1-1)
41.691: (move f1-4f f2-4f)
39.864: (move f2-4f f2-3f)
42.269: (move f2-3f f1-3f)
42.224: (move f1-3f f1-2f)
42.180: (pickup f1-2f key1-3)
43.522: (move f1-2f f2-2f)
40.180: (move f2-2f f2-3f)
40.986: (move f2-3f f2-4f)
41.691: (move f2-4f f3-4f)
42.044: (move f3-4f f3-5f)
42.292: (move f3-5f f3-6f)
42.837: (move f3-6f f2-6f)
42.879: (move f2-6f f1-6f)
42.118: (move f1-6f f1-5f)
42.655: (move f1-5f f1-4f)
43.738: (move f1-4f f0-4f)
43.430: (move f0-4f f0-5f)
43.774: (move f0-5f f0-6f)
45.698: (move f0-6f f0-7f)
45.313: (move f0-7f f1-7f)
44.218: (move f1-7f f2-7f)
45.635: (move f2-7f f3-7f)
47.298: (putdown f3-7f key1-3)
44.447: (move f3-7f f3-6f)
43.827: (move f3-6f f3-5f)
45.047: (move f3-5f f3-4f)
44.241: (move f3-4f f2-4f)
44.210: (move f2-4f f2-3f)
46.897: (move f2-3f f2-2f)
46.012: (move f2-2f f1-2f)
47.193: (move f1-2f f1-3f)
45.789: (move f1-3f f1-4f)
45.158: (pickup f1-4f key1-1)
43.736: (move f1-4f f2-4f)
44.104: (move f2-4f f2-3f)
44.272: (putdown f2-3f key1-1)
44.299: (move f2-3f f2-4f)
44.984: (move f2-4f f3-4f)
43.811: (move f3-4f f3-5f)
44.398: (move f3-5f f3-6f)
44.542: (move f3-6f f2-6f)
45.592: (move f2-6f f1-6f)
45.026: (move f1-6f f1-5f)
44.575: (pickup f1-5f key0-1)
44.602: (move f1-5f f1-4f)
43.755: (move f1-4f f2-4f)
44.265: (move f2-4f f2-3f)
44.167: (pickup-and-loose f2-3f key1-1 key0-1)
44.024: (move f2-3f f2-4f)
44.854: (move f2-4f f3-4f)
43.458: (move f3-4f f3-5f)
44.127: (move f3-5f f3-6f)
44.176: (move f3-6f f2-6f)
45.020: (putdown f2-6f key1-1)
44.788: (move f2-6f f3-6f)
43.800: (move f3-6f f3-5f)
44.977: (move f3-5f f3-4f)
44.263: (move f3-4f f2-4f)
44.283: (move f2-4f f2-3f)
44.199: (pickup f2-3f key0-1)
43.412: (move f2-3f f2-4f)
44.591: (putdown f2-4f key0-1)
44.187: (move f2-4f f2-3f)
46.882: (move f2-3f f1-3f)
45.373: (move f1-3f f1-4f)
45.099: (move f1-4f f1-5f)
44.276: (pickup f1-5f key3-2)
44.791: (move f1-5f f1-4f)
44.332: (move f1-4f f2-4f)
44.216: (move f2-4f f2-3f)
44.588: (putdown f2-3f key3-2)
44.920: (move f2-3f f2-4f)
43.787: (pickup f2-4f key0-1)
44.231: (move f2-4f f1-4f)
43.936: (move f1-4f f1-5f)
44.887: (putdown f1-5f key0-1)
44.928: (move f1-5f f1-4f)
44.303: (move f1-4f f2-4f)
44.290: (move f2-4f f2-3f)
44.235: (pickup f2-3f key3-2)
43.663: (move f2-3f f2-4f)
44.731: (putdown f2-4f key3-2)
44.194: (move f2-4f f2-3f)
46.882: (move f2-3f f1-3f)
45.373: (move f1-3f f1-4f)
44.957: (move f1-4f f1-5f)
44.026: (pickup f1-5f key0-1)
44.637: (move f1-5f f1-4f)
44.232: (move f1-4f f2-4f)
44.161: (move f2-4f f2-3f)
44.531: (putdown f2-3f key0-1)
45.030: (move f2-3f f2-4f)
43.985: (pickup f2-4f key3-2)
44.307: (move f2-4f f2-3f)
44.259: (putdown f2-3f key3-2)
44.286: (pickup f2-3f key0-1)
46.901: (move f2-3f f2-2f)
46.102: (move f2-2f f1-2f)
46.120: (putdown f1-2f key0-1)
47.662: (move f1-2f f2-2f)
44.272: (move f2-2f f2-3f)
44.193: (pickup f2-3f key3-2)
44.115: (move f2-3f f2-4f)
44.710: (move f2-4f f1-4f)
44.690: (move f1-4f f1-5f)
45.539: (putdown f1-5f key3-2)
45.290: (move f1-5f f1-4f)
44.391: (move f1-4f f2-4f)
44.176: (move f2-4f f2-3f)
47.212: (move f2-3f f1-3f)
46.252: (move f1-3f f1-2f)
46.146: (pickup f1-2f key0-1)
46.475: (move f1-2f f1-3f)
44.624: (move f1-3f f1-4f)
44.614: (move f1-4f f1-5f)
44.719: (pickup-and-loose f1-5f key3-2 key0-1)
44.778: (move f1-5f f1-4f)
45.582: (putdown f1-4f key3-2)
44.248: (move f1-4f f2-4f)
44.211: (move f2-4f f2-3f)
46.925: (move f2-3f f2-2f)
46.050: (move f2-2f f1-2f)
47.146: (move f1-2f f1-3f)
44.211: (move f1-3f f2-3f)
47.008: (move f2-3f f3-3f)
45.039: (move f3-3f f3-4f)
43.818: (move f3-4f f3-5f)
44.832: (move f3-5f f3-6f)
45.059: (move f3-6f f2-6f)
44.217: (pickup f2-6f key1-1)
44.171: (move f2-6f f3-6f)
43.486: (move f3-6f f3-5f)
44.509: (putdown f3-5f key1-1)
44.893: (move f3-5f f3-6f)
44.521: (move f3-6f f2-6f)
45.326: (move f2-6f f1-6f)
45.274: (move f1-6f f1-5f)
44.274: (pickup f1-5f key0-1)
44.845: (move f1-5f f1-4f)
43.734: (move f1-4f f2-4f)
44.192: (move f2-4f f2-3f)
44.265: (putdown f2-3f key0-1)
44.561: (move f2-3f f2-4f)
45.124: (move f2-4f f1-4f)
44.392: (pickup f1-4f key3-2)
44.004: (move f1-4f f2-4f)
44.303: (move f2-4f f2-3f)
44.254: (putdown f2-3f key3-2)
44.283: (pickup f2-3f key0-1)
43.805: (move f2-3f f2-4f)
44.239: (move f2-4f f1-4f)
43.904: (move f1-4f f1-5f)
44.895: (putdown f1-5f key0-1)
44.935: (move f1-5f f1-4f)
44.302: (move f1-4f f2-4f)
44.289: (move f2-4f f2-3f)
44.233: (pickup f2-3f key3-2)
43.642: (move f2-3f f2-4f)
44.678: (putdown f2-4f key3-2)
44.190: (move f2-4f f2-3f)
46.871: (move f2-3f f1-3f)
45.388: (move f1-3f f1-4f)
44.990: (move f1-4f f1-5f)
44.018: (pickup f1-5f key0-1)
44.654: (move f1-5f f1-4f)
44.195: (move f1-4f f2-4f)
44.155: (move f2-4f f2-3f)
44.560: (putdown f2-3f key0-1)
45.011: (move f2-3f f2-4f)
45.000: (move f2-4f f1-4f)
44.450: (move f1-4f f1-5f)
45.162: (move f1-5f f1-6f)
44.493: (move f1-6f f2-6f)
44.895: (move f2-6f f3-6f)
44.475: (move f3-6f f3-5f)
43.469: (pickup f3-5f key1-1)
44.166: (move f3-5f f3-6f)
44.167: (move f3-6f f2-6f)
45.035: (move f2-6f f1-6f)
44.178: (move f1-6f f1-5f)
44.949: (move f1-5f f1-4f)
44.850: (move f1-4f f2-4f)
44.448: (move f2-4f f2-3f)
44.264: (pickup-and-loose f2-3f key0-1 key1-1)
44.580: (move f2-3f f2-4f)
44.622: (move f2-4f f1-4f)
43.912: (move f1-4f f1-5f)
44.911: (putdown f1-5f key0-1)
45.358: (move f1-5f f1-6f)
44.523: (move f1-6f f2-6f)
44.417: (move f2-6f f3-6f)
43.811: (move f3-6f f3-5f)
45.037: (move f3-5f f3-4f)
45.037: (move f3-4f f2-4f)
43.998: (pickup f2-4f key3-2)
44.298: (move f2-4f f2-3f)
44.174: (pickup-and-loose f2-3f key1-1 key3-2)
44.066: (move f2-3f f2-4f)
44.854: (move f2-4f f3-4f)
43.461: (move f3-4f f3-5f)
44.130: (move f3-5f f3-6f)
44.182: (move f3-6f f2-6f)
45.024: (putdown f2-6f key1-1)
44.790: (move f2-6f f3-6f)
43.806: (move f3-6f f3-5f)
44.976: (move f3-5f f3-4f)
47.340: (move f3-4f f4-4f)
46.362: (move f4-4f f4-5f)
45.246: (move f4-5f f4-6f)
46.386: (move f4-6f f5-6f)
46.435: (move f5-6f f6-6f)
46.724: (move f6-6f f7-6f)
43.919: (pickup f7-6f key0-2)
43.142: (move f7-6f f6-6f)
42.795: (move f6-6f f5-6f)
40.065: (move f5-6f f4-6f)
39.453: (move f4-6f f3-6f)
38.389: (move f3-6f f3-5f)
39.368: (move f3-5f f3-4f)
38.847: (move f3-4f f2-4f)
38.703: (move f2-4f f2-3f)
41.886: (move f2-3f f2-2f)
40.569: (move f2-2f f1-2f)
41.361: (putdown f1-2f key0-2)
41.568: (move f1-2f f1-3f)
40.199: (move f1-3f f2-3f)
40.119: (pickup f2-3f key3-2)
40.876: (move f2-3f f1-3f)
40.343: (move f1-3f f1-4f)
41.021: (move f1-4f f2-4f)
41.780: (move f2-4f f3-4f)
40.382: (move f3-4f f3-5f)
41.395: (putdown f3-5f key3-2)
41.883: (move f3-5f f3-4f)
41.277: (move f3-4f f2-4f)
40.096: (move f2-4f f2-3f)
41.001: (move f2-3f f1-3f)
40.522: (move f1-3f f1-4f)
41.871: (move f1-4f f1-5f)
40.931: (pickup f1-5f key0-1)
39.800: (move f1-5f f1-4f)
40.765: (move f1-4f f2-4f)
40.085: (move f2-4f f2-3f)
40.183: (putdown f2-3f key0-1)
41.454: (move f2-3f f1-3f)
40.142: (move f1-3f f1-4f)
41.416: (move f1-4f f1-5f)
42.152: (move f1-5f f1-6f)
41.843: (move f1-6f f2-6f)
40.949: (pickup f2-6f key1-1)
41.416: (move f2-6f f3-6f)
41.064: (move f3-6f f3-5f)
41.056: (pickup-and-loose f3-5f key3-2 key1-1)
41.438: (putdown f3-5f key3-2)
41.891: (move f3-5f f3-6f)
41.327: (move f3-6f f2-6f)
41.926: (move f2-6f f1-6f)
41.413: (move f1-6f f1-5f)
40.148: (move f1-5f f1-4f)
41.431: (move f1-4f f1-3f)
40.182: (move f1-3f f2-3f)
40.085: (pickup f2-3f key0-1)
40.784: (move f2-3f f2-4f)
39.804: (move f2-4f f1-4f)
40.803: (putdown f1-4f key0-1)
41.306: (move f1-4f f1-3f)
40.082: (move f1-3f f2-3f)
41.564: (move f2-3f f2-4f)
42.209: (move f2-4f f3-4f)
41.415: (move f3-4f f3-5f)
41.031: (pickup f3-5f key3-2)
41.035: (pickup-and-loose f3-5f key1-1 key3-2)
41.404: (move f3-5f f3-6f)
40.938: (move f3-6f f2-6f)
41.753: (move f2-6f f1-6f)
41.358: (move f1-6f f1-5f)
40.737: (move f1-5f f1-4f)
40.528: (pickup-and-loose f1-4f key0-1 key1-1)
40.935: (putdown f1-4f key0-1)
41.520: (move f1-4f f1-3f)
40.055: (move f1-3f f2-3f)
41.648: (move f2-3f f2-4f)
42.037: (move f2-4f f3-4f)
41.288: (move f3-4f f3-5f)
40.367: (pickup f3-5f key3-2)
41.060: (move f3-5f f3-6f)
40.933: (move f3-6f f2-6f)
41.875: (putdown f2-6f key3-2)
41.615: (move f2-6f f3-6f)
40.473: (move f3-6f f3-5f)
41.782: (move f3-5f f3-4f)
41.650: (move f3-4f f2-4f)
40.061: (move f2-4f f2-3f)
41.539: (move f2-3f f1-3f)
40.927: (move f1-3f f1-4f)
40.522: (pickup f1-4f key0-1)
40.729: (pickup-and-loose f1-4f key1-1 key0-1)
41.230: (move f1-4f f1-3f)
39.969: (move f1-3f f2-3f)
40.158: (putdown f2-3f key1-1)
41.733: (move f2-3f f1-3f)
40.709: (move f1-3f f1-4f)
39.791: (pickup f1-4f key0-1)
40.903: (move f1-4f f1-5f)
41.856: (putdown f1-5f key0-1)
40.511: (move f1-5f f1-4f)
41.553: (move f1-4f f1-3f)
40.179: (move f1-3f f2-3f)
39.981: (pickup f2-3f key1-1)
40.898: (move f2-3f f1-3f)
40.480: (move f1-3f f1-4f)
41.060: (move f1-4f f2-4f)
41.621: (move f2-4f f3-4f)
40.309: (move f3-4f f3-5f)
41.315: (move f3-5f f3-6f)
41.622: (move f3-6f f2-6f)
41.627: (pickup-and-loose f2-6f key3-2 key1-1)
41.450: (move f2-6f f3-6f)
42.219: (putdown f3-6f key3-2)
40.955: (move f3-6f f3-5f)
41.801: (move f3-5f f3-4f)
41.212: (move f3-4f f2-4f)
40.131: (move f2-4f f2-3f)
41.033: (move f2-3f f1-3f)
40.546: (move f1-3f f1-4f)
41.830: (move f1-4f f1-5f)
40.861: (pickup f1-5f key0-1)
39.820: (move f1-5f f1-4f)
40.676: (move f1-4f f2-4f)
40.117: (move f2-4f f2-3f)
40.214: (putdown f2-3f key0-1)
41.484: (move f2-3f f1-3f)
40.159: (move f1-3f f1-4f)
41.353: (move f1-4f f1-5f)
42.182: (move f1-5f f1-6f)
42.183: (move f1-6f f2-6f)
41.198: (pickup f2-6f key1-1)
41.528: (move f2-6f f3-6f)
40.532: (move f3-6f f3-5f)
41.601: (move f3-5f f3-4f)
41.277: (move f3-4f f2-4f)
40.070: (move f2-4f f2-3f)
40.159: (putdown f2-3f key1-1)
40.181: (pickup f2-3f key0-1)
41.024: (move f2-3f f2-4f)
39.778: (move f2-4f f1-4f)
40.713: (putdown f1-4f key0-1)
41.541: (move f1-4f f1-5f)
41.874: (move f1-5f f1-6f)
41.479: (move f1-6f f2-6f)
41.821: (move f2-6f f3-6f)
40.821: (move f3-6f f3-5f)
41.771: (move f3-5f f3-4f)
41.761: (move f3-4f f2-4f)
40.168: (move f2-4f f2-3f)
39.980: (pickup f2-3f key1-1)
41.208: (move f2-3f f2-4f)
40.730: (move f2-4f f1-4f)
40.519: (pickup-and-loose f1-4f key0-1 key1-1)
40.929: (putdown f1-4f key0-1)
41.554: (move f1-4f f2-4f)
40.073: (move f2-4f f2-3f)
41.566: (move f2-3f f1-3f)
41.363: (move f1-3f f1-2f)
40.438: (pickup f1-2f key0-2)
41.586: (move f1-2f f2-2f)
38.592: (move f2-2f f2-3f)
38.749: (move f2-3f f2-4f)
39.402: (move f2-4f f3-4f)
38.544: (move f3-4f f3-5f)
39.692: (move f3-5f f3-6f)
39.223: (move f3-6f f2-6f)
39.504: (move f2-6f f1-6f)
39.305: (move f1-6f f1-5f)
39.891: (move f1-5f f1-4f)
41.774: (move f1-4f f0-4f)
41.052: (move f0-4f f0-5f)
41.618: (move f0-5f f0-6f)
43.379: (move f0-6f f0-7f)
41.765: (move f0-7f f1-7f)
41.104: (move f1-7f f2-7f)
41.693: (move f2-7f f3-7f)
44.211: (pickup-and-loose f3-7f key1-3 key0-2)
42.397: (move f3-7f f3-6f)
41.433: (move f3-6f f3-5f)
42.079: (move f3-5f f3-4f)
41.756: (move f3-4f f2-4f)
41.001: (move f2-4f f2-3f)
44.323: (move f2-3f f2-2f)
43.169: (move f2-2f f1-2f)
43.070: (putdown f1-2f key1-3)
43.092: (move f1-2f f1-3f)
40.976: (move f1-3f f2-3f)
42.368: (move f2-3f f2-4f)
41.826: (move f2-4f f1-4f)
41.419: (pickup f1-4f key0-1)
41.605: (pickup-and-loose f1-4f key1-1 key0-1)
41.962: (move f1-4f f1-5f)
42.274: (move f1-5f f1-6f)
41.828: (move f1-6f f2-6f)
42.118: (move f2-6f f3-6f)
41.149: (move f3-6f f3-5f)
42.217: (move f3-5f f3-4f)
41.977: (move f3-4f f2-4f)
40.894: (move f2-4f f2-3f)
41.046: (putdown f2-3f key1-1)
42.562: (move f2-3f f2-4f)
41.627: (move f2-4f f1-4f)
40.738: (pickup f1-4f key0-1)
41.523: (move f1-4f f1-5f)
42.420: (move f1-5f f1-6f)
41.733: (move f1-6f f2-6f)
42.176: (move f2-6f f3-6f)
41.058: (move f3-6f f3-5f)
42.274: (putdown f3-5f key0-1)
42.720: (move f3-5f f3-4f)
42.364: (move f3-4f f2-4f)
41.077: (move f2-4f f2-3f)
40.913: (pickup f2-3f key1-1)
41.736: (move f2-3f f2-4f)
41.029: (move f2-4f f1-4f)
41.740: (move f1-4f f1-5f)
42.293: (move f1-5f f1-6f)
41.860: (move f1-6f f2-6f)
42.575: (move f2-6f f3-6f)
41.918: (move f3-6f f3-5f)
41.866: (pickup-and-loose f3-5f key0-1 key1-1)
42.318: (putdown f3-5f key0-1)
42.841: (move f3-5f f3-4f)
42.034: (move f3-4f f2-4f)
41.028: (move f2-4f f2-3f)
42.481: (move f2-3f f1-3f)
41.119: (move f1-3f f1-4f)
42.098: (move f1-4f f1-5f)
42.434: (move f1-5f f1-6f)
42.285: (move f1-6f f2-6f)
43.108: (move f2-6f f3-6f)
42.312: (pickup f3-6f key3-2)
41.738: (move f3-6f f3-5f)
41.670: (pickup-and-loose f3-5f key0-1 key3-2)
41.718: (pickup-and-loose f3-5f key1-1 key0-1)
42.119: (putdown f3-5f key1-1)
42.649: (move f3-5f f3-6f)
42.094: (move f3-6f f2-6f)
42.469: (move f2-6f f1-6f)
42.219: (move f1-6f f1-5f)
41.133: (move f1-5f f1-4f)
42.169: (move f1-4f f2-4f)
41.020: (move f2-4f f2-3f)
42.483: (move f2-3f f1-3f)
43.056: (move f1-3f f1-2f)
42.896: (pickup f1-2f key1-3)
44.271: (move f1-2f f2-2f)
40.956: (move f2-2f f2-3f)
41.586: (move f2-3f f2-4f)
42.288: (move f2-4f f1-4f)
42.096: (move f1-4f f1-5f)
42.201: (move f1-5f f1-6f)
42.029: (move f1-6f f2-6f)
42.551: (move f2-6f f3-6f)
42.116: (move f3-6f f3-5f)
42.968: (move f3-5f f3-4f)
43.825: (move f3-4f f4-4f)
44.103: (move f4-4f f4-3f)
44.257: (move f4-3f f5-3f)
44.585: (move f5-3f f6-3f)
44.107: (move f6-3f f6-4f)
45.346: (move f6-4f f6-5f)
42.987: (move f6-5f f6-6f)
42.328: (move f6-6f f6-7f)
42.864: (putdown f6-7f key1-3)
41.573: (move f6-7f f6-6f)
42.523: (move f6-6f f5-6f)
39.483: (move f5-6f f4-6f)
39.527: (move f4-6f f3-6f)
38.968: (move f3-6f f2-6f)
39.114: (move f2-6f f1-6f)
38.950: (move f1-6f f1-5f)
38.985: (move f1-5f f1-4f)
38.367: (move f1-4f f2-4f)
37.740: (move f2-4f f2-3f)
41.067: (move f2-3f f2-2f)
39.313: (move f2-2f f1-2f)
41.078: (move f1-2f f1-3f)
37.740: (move f1-3f f2-3f)
41.527: (move f2-3f f3-3f)
39.862: (move f3-3f f3-4f)
39.046: (move f3-4f f3-5f)
38.576: (pickup f3-5f key0-1)
38.648: (pickup-and-loose f3-5f key1-1 key0-1)
38.659: (pickup-and-loose f3-5f key3-2 key1-1)
39.183: (move f3-5f f3-6f)
38.653: (move f3-6f f2-6f)
38.917: (move f2-6f f1-6f)
38.660: (move f1-6f f1-5f)
38.793: (move f1-5f f1-4f)
38.069: (move f1-4f f2-4f)
37.543: (move f2-4f f2-3f)
38.448: (putdown f2-3f key3-2)
38.719: (move f2-3f f2-4f)
38.958: (move f2-4f f1-4f)
38.839: (move f1-4f f1-5f)
39.133: (move f1-5f f1-6f)
38.874: (move f1-6f f2-6f)
39.336: (move f2-6f f3-6f)
38.912: (move f3-6f f3-5f)
38.441: (pickup f3-5f key0-1)
38.514: (pickup-and-loose f3-5f key1-1 key0-1)
38.839: (move f3-5f f3-6f)
38.491: (move f3-6f f2-6f)
38.885: (move f2-6f f1-6f)
38.533: (move f1-6f f1-5f)
38.900: (move f1-5f f1-4f)
38.461: (move f1-4f f2-4f)
38.326: (move f2-4f f2-3f)
38.212: (pickup-and-loose f2-3f key3-2 key1-1)
38.408: (move f2-3f f2-4f)
38.771: (move f2-4f f1-4f)
38.545: (move f1-4f f1-5f)
38.933: (move f1-5f f1-6f)
38.555: (move f1-6f f2-6f)
38.988: (move f2-6f f3-6f)
38.561: (move f3-6f f3-5f)
38.477: (pickup-and-loose f3-5f key0-1 key3-2)
38.793: (move f3-5f f3-6f)
38.359: (move f3-6f f2-6f)
38.782: (move f2-6f f1-6f)
38.308: (move f1-6f f1-5f)
38.616: (move f1-5f f1-4f)
38.175: (move f1-4f f2-4f)
38.069: (move f2-4f f2-3f)
38.264: (pickup-and-loose f2-3f key1-1 key0-1)
38.429: (move f2-3f f2-4f)
38.905: (move f2-4f f1-4f)
38.530: (move f1-4f f1-5f)
38.883: (move f1-5f f1-6f)
38.486: (move f1-6f f2-6f)
38.846: (move f2-6f f3-6f)
38.626: (move f3-6f f3-5f)
38.638: (pickup-and-loose f3-5f key3-2 key1-1)
39.000: (move f3-5f f3-6f)
38.554: (move f3-6f f2-6f)
38.934: (move f2-6f f1-6f)
38.546: (move f1-6f f1-5f)
38.770: (move f1-5f f1-4f)
38.388: (move f1-4f f2-4f)
38.190: (move f2-4f f2-3f)
38.109: (pickup-and-loose f2-3f key0-1 key3-2)
38.188: (move f2-3f f2-4f)
38.610: (move f2-4f f1-4f)
38.312: (move f1-4f f1-5f)
38.786: (move f1-5f f1-6f)
38.363: (move f1-6f f2-6f)
38.798: (move f2-6f f3-6f)
39.209: (move f3-6f f4-6f)
39.670: (putdown f4-6f key0-1)
39.447: (move f4-6f f3-6f)
38.837: (move f3-6f f3-5f)
37.765: (pickup f3-5f key1-1)
38.569: (move f3-5f f3-4f)
38.391: (move f3-4f f2-4f)
38.352: (move f2-4f f2-3f)
38.243: (pickup-and-loose f2-3f key3-2 key1-1)
38.337: (move f2-3f f2-4f)
38.581: (move f2-4f f3-4f)
37.801: (move f3-4f f3-5f)
38.826: (move f3-5f f3-6f)
38.589: (move f3-6f f2-6f)
38.962: (move f2-6f f1-6f)
38.498: (move f1-6f f1-5f)
38.805: (move f1-5f f1-4f)
39.537: (putdown f1-4f key3-2)
38.895: (move f1-4f f2-4f)
38.438: (move f2-4f f2-3f)
37.690: (pickup f2-3f key1-1)
38.331: (move f2-3f f2-4f)
38.625: (move f2-4f f3-4f)
37.776: (move f3-4f f3-5f)
38.713: (move f3-5f f3-6f)
38.559: (move f3-6f f2-6f)
38.944: (move f2-6f f1-6f)
38.837: (move f1-6f f1-5f)
39.506: (move f1-5f f1-4f)
39.363: (pickup-and-loose f1-4f key3-2 key1-1)
38.279: (move f1-4f f2-4f)
37.606: (move f2-4f f2-3f)
38.481: (putdown f2-3f key3-2)
38.896: (move f2-3f f2-4f)
38.895: (move f2-4f f3-4f)
38.061: (move f3-4f f3-5f)
38.992: (move f3-5f f3-6f)
38.823: (move f3-6f f2-6f)
39.200: (move f2-6f f1-6f)
39.045: (move f1-6f f1-5f)
39.504: (move f1-5f f1-4f)
38.930: (pickup f1-4f key1-1)
38.485: (move f1-4f f1-5f)
38.912: (move f1-5f f1-6f)
38.526: (move f1-6f f2-6f)
38.679: (move f2-6f f3-6f)
39.388: (move f3-6f f4-6f)
39.478: (pickup-and-loose f4-6f key0-1 key1-1)
38.666: (move f4-6f f3-6f)
37.633: (move f3-6f f3-5f)
38.426: (move f3-5f f3-4f)
38.114: (move f3-4f f2-4f)
38.132: (move f2-4f f2-3f)
38.211: (pickup-and-loose f2-3f key3-2 key0-1)
38.312: (move f2-3f f2-4f)
38.581: (move f2-4f f3-4f)
37.803: (move f3-4f f3-5f)
38.839: (move f3-5f f3-6f)
38.589: (move f3-6f f2-6f)
38.962: (move f2-6f f1-6f)
38.498: (move f1-6f f1-5f)
38.803: (move f1-5f f1-4f)
39.536: (putdown f1-4f key3-2)
38.873: (move f1-4f f2-4f)
38.404: (move f2-4f f2-3f)
37.444: (pickup f2-3f key0-1)
38.058: (move f2-3f f2-4f)
38.464: (move f2-4f f3-4f)
37.643: (move f3-4f f3-5f)
38.698: (move f3-5f f3-6f)
38.415: (move f3-6f f2-6f)
38.823: (move f2-6f f1-6f)
38.610: (move f1-6f f1-5f)
39.232: (move f1-5f f1-4f)
39.315: (pickup-and-loose f1-4f key3-2 key0-1)
38.252: (move f1-4f f2-4f)
37.605: (move f2-4f f2-3f)
38.481: (putdown f2-3f key3-2)
38.867: (move f2-3f f2-4f)
38.896: (move f2-4f f3-4f)
38.059: (move f3-4f f3-5f)
39.001: (move f3-5f f3-6f)
38.821: (move f3-6f f2-6f)
39.202: (move f2-6f f1-6f)
39.010: (move f1-6f f1-5f)
39.456: (move f1-5f f1-4f)
38.633: (pickup f1-4f key0-1)
38.259: (move f1-4f f1-5f)
38.805: (move f1-5f f1-6f)
38.385: (move f1-6f f2-6f)
39.412: (putdown f2-6f key0-1)
39.354: (move f2-6f f3-6f)
38.143: (move f3-6f f3-5f)
38.803: (move f3-5f f3-4f)
38.638: (move f3-4f f2-4f)
38.464: (move f2-4f f2-3f)
37.572: (pickup f2-3f key3-2)
38.005: (move f2-3f f2-4f)
38.533: (move f2-4f f3-4f)
37.879: (move f3-4f f3-5f)
38.887: (putdown f3-5f key3-2)
39.477: (move f3-5f f3-4f)
38.299: (move f3-4f f2-4f)
37.789: (move f2-4f f2-3f)
41.169: (move f2-3f f1-3f)
39.039: (move f1-3f f1-4f)
38.905: (move f1-4f f1-5f)
39.758: (move f1-5f f1-6f)
39.445: (move f1-6f f2-6f)
38.463: (pickup f2-6f key0-1)
38.818: (move f2-6f f1-6f)
38.373: (move f1-6f f1-5f)
38.693: (move f1-5f f1-4f)
37.783: (move f1-4f f2-4f)
37.453: (move f2-4f f2-3f)
38.431: (putdown f2-3f key0-1)
38.625: (move f2-3f f2-4f)
39.012: (move f2-4f f1-4f)
38.780: (move f1-4f f1-5f)
39.174: (move f1-5f f1-6f)
38.880: (move f1-6f f2-6f)
39.454: (move f2-6f f3-6f)
38.873: (move f3-6f f3-5f)
39.556: (move f3-5f f3-4f)
40.177: (move f3-4f f4-4f)
41.218: (move f4-4f f4-3f)
41.355: (move f4-3f f5-3f)
41.561: (move f5-3f f6-3f)
41.213: (move f6-3f f6-4f)
42.510: (move f6-4f f5-4f)
40.177: (move f5-4f f4-4f)
41.570: (move f4-4f f4-5f)
39.700: (move f4-5f f4-6f)
39.110: (pickup f4-6f key1-1)
41.006: (move f4-6f f4-5f)
39.862: (move f4-5f f4-4f)
39.319: (move f4-4f f3-4f)
40.296: (putdown f3-4f key1-1)
38.838: (move f3-4f f2-4f)
38.389: (move f2-4f f2-3f)
37.445: (pickup f2-3f key0-1)
38.019: (move f2-3f f2-4f)
38.659: (move f2-4f f1-4f)
38.373: (move f1-4f f1-5f)
38.816: (move f1-5f f1-6f)
38.387: (move f1-6f f2-6f)
38.791: (move f2-6f f3-6f)
38.763: (move f3-6f f3-5f)
38.848: (pickup-and-loose f3-5f key3-2 key0-1)
38.988: (move f3-5f f3-6f)
38.584: (move f3-6f f2-6f)
38.967: (move f2-6f f1-6f)
38.610: (move f1-6f f1-5f)
38.814: (move f1-5f f1-4f)
38.254: (move f1-4f f2-4f)
37.589: (move f2-4f f2-3f)
38.451: (putdown f2-3f key3-2)
38.871: (move f2-3f f2-4f)
39.029: (move f2-4f f1-4f)
38.826: (move f1-4f f1-5f)
39.220: (move f1-5f f1-6f)
38.840: (move f1-6f f2-6f)
39.171: (move f2-6f f3-6f)
39.121: (move f3-6f f3-5f)
37.944: (pickup f3-5f key0-1)
38.418: (move f3-5f f3-6f)
38.385: (move f3-6f f2-6f)
38.840: (move f2-6f f1-6f)
38.314: (move f1-6f f1-5f)
38.661: (move f1-5f f1-4f)
38.393: (move f1-4f f2-4f)
38.096: (move f2-4f f2-3f)
38.182: (pickup-and-loose f2-3f key3-2 key0-1)
38.529: (putdown f2-3f key3-2)
38.996: (move f2-3f f2-4f)
39.090: (move f2-4f f1-4f)
38.715: (move f1-4f f1-5f)
39.161: (move f1-5f f1-6f)
38.742: (move f1-6f f2-6f)
38.679: (move f2-6f f3-6f)
38.312: (move f3-6f f3-5f)
39.701: (move f3-5f f3-4f)
38.633: (pickup f3-4f key1-1)
37.718: (move f3-4f f3-5f)
38.335: (move f3-5f f3-6f)
38.387: (move f3-6f f2-6f)
38.838: (move f2-6f f1-6f)
38.419: (move f1-6f f1-5f)
38.956: (move f1-5f f1-4f)
38.526: (move f1-4f f2-4f)
38.405: (move f2-4f f2-3f)
38.207: (pickup-and-loose f2-3f key0-1 key1-1)
38.265: (move f2-3f f2-4f)
38.478: (move f2-4f f3-4f)
37.573: (move f3-4f f3-5f)
38.317: (move f3-5f f3-6f)
38.251: (move f3-6f f2-6f)
38.724: (move f2-6f f1-6f)
38.187: (move f1-6f f1-5f)
38.655: (move f1-5f f1-4f)
39.486: (putdown f1-4f key0-1)
38.942: (move f1-4f f1-5f)
39.128: (move f1-5f f1-6f)
38.681: (move f1-6f f2-6f)
38.646: (move f2-6f f3-6f)
38.010: (move f3-6f f3-5f)
38.962: (move f3-5f f3-4f)
39.025: (move f3-4f f2-4f)
38.566: (move f2-4f f2-3f)
38.217: (pickup f2-3f key3-2)
38.342: (pickup-and-loose f2-3f key1-1 key3-2)
38.680: (move f2-3f f2-4f)
38.697: (move f2-4f f3-4f)
37.786: (move f3-4f f3-5f)
38.406: (move f3-5f f3-6f)
38.463: (move f3-6f f2-6f)
38.935: (move f2-6f f1-6f)
38.781: (move f1-6f f1-5f)
39.345: (move f1-5f f1-4f)
39.110: (pickup-and-loose f1-4f key0-1 key1-1)
38.427: (move f1-4f f2-4f)
38.098: (move f2-4f f2-3f)
38.186: (pickup-and-loose f2-3f key3-2 key0-1)
38.536: (putdown f2-3f key3-2)
39.031: (move f2-3f f2-4f)
38.960: (move f2-4f f3-4f)
38.013: (move f3-4f f3-5f)
38.648: (move f3-5f f3-6f)
38.684: (move f3-6f f2-6f)
39.127: (move f2-6f f1-6f)
38.976: (move f1-6f f1-5f)
39.529: (move f1-5f f1-4f)
40.941: (move f1-4f f0-4f)
39.658: (pickup f0-4f key2-2)
35.747: (move f0-4f f1-4f)
36.707: (move f1-4f f1-3f)
32.564: (move f1-3f f1-2f)
32.787: (putdown f1-2f key2-2)
33.523: (move f1-2f f2-2f)
32.421: (move f2-2f f2-3f)
32.451: (pickup f2-3f key0-1)
32.504: (pickup-and-loose f2-3f key3-2 key0-1)
33.529: (move f2-3f f2-2f)
32.783: (move f2-2f f2-1f)
31.735: (pickup-and-loose f2-1f key3-3 key3-2)
31.807: (move f2-1f f3-1f)
29.559: (move f3-1f f4-1f)
29.430: (move f4-1f f5-1f)
29.634: (move f5-1f f6-1f)
29.709: (move f6-1f f6-0f)
31.546: (move f6-0f f7-0f)
31.066: (putdown f7-0f key3-3)
30.442: (move f7-0f f7-1f)
30.433: (pickup f7-1f key1-0)
30.416: (move f7-1f f6-1f)
30.437: (putdown f6-1f key1-0)
30.478: (move f6-1f f7-1f)
30.967: (move f7-1f f7-0f)
31.121: (move f7-0f f6-0f)
30.437: (move f6-0f f6-1f)
31.817: (move f6-1f f6-2f)
31.441: (move f6-2f f6-3f)
31.346: (move f6-3f f6-4f)
32.626: (move f6-4f f5-4f)
30.702: (move f5-4f f4-4f)
[Final] Expanded: 1000, Generated: 4681
Failed to find a solution!
