Torch: 2.12.0+cu130
/u/ibrahim.eisawy/Neural-Guided-Search/venv/lib/python3.10/site-packages/pymimir_rgnn/model.py:162: UserWarning: index_reduce() is in beta and the API may change at any time. (Triggered internally at /pytorch/aten/src/ATen/native/cuda/Indexing.cu:1541.)
  exps_max.index_reduce_(0, output_indices, output_messages, reduce="amax", include_self=False)
Using GPU:  NVIDIA L40S
  [sim 500] root visits=500, unique states=6665, generated=6664
  [sim 1000] root visits=1000, unique states=12203, generated=12202
  [sim 1500] root visits=1500, unique states=18937, generated=18936
  [sim 2000] root visits=2000, unique states=25964, generated=25963
  [sim 2500] root visits=2500, unique states=32674, generated=32673
  [sim 3000] root visits=3000, unique states=39339, generated=39338
  [sim 3500] root visits=3500, unique states=46995, generated=46994
  [sim 4000] root visits=4000, unique states=54788, generated=54787
  [sim 4500] root visits=4500, unique states=62829, generated=62828
  [sim 5000] root visits=5000, unique states=71181, generated=71180
  [sim 5500] root visits=5500, unique states=79785, generated=79784
  [sim 6000] root visits=6000, unique states=87659, generated=87658
  [sim 6500] root visits=6500, unique states=95823, generated=95822
  [sim 7000] root visits=7000, unique states=104704, generated=104703
  [sim 7500] root visits=7500, unique states=112963, generated=112962
  [sim 8000] root visits=8000, unique states=120883, generated=120882
[Final] Expanded: 128406, Generated: 128406
[search done] simulations=8498, unique states generated=128406
Failed to find a solution!
