Torch: 2.12.0+cu130
Using GPU:  NVIDIA L40S
[Bellman] lambda=0 -> baseline (no widening signal)
[Value] SELF-CONSISTENT: leaf value = QR-DQN max_a mean Z(s,a) (SAC critics bypassed; prior still SAC policy)
/u/ibrahim.eisawy/Neural-Guided-Search/venv/lib/python3.10/site-packages/pymimir_rgnn/model.py:162: UserWarning: index_reduce() is in beta and the API may change at any time. (Triggered internally at /pytorch/aten/src/ATen/native/cuda/Indexing.cu:1541.)
  exps_max.index_reduce_(0, output_indices, output_messages, reduce="amax", include_self=False)
  [sim 500] root visits=500, unique states=10356, generated=10355, iqn_calls=0
  [sim 1000] root visits=1000, unique states=19652, generated=19651, iqn_calls=0
  [sim 1500] root visits=1500, unique states=28506, generated=28505, iqn_calls=0
  [sim 2000] root visits=2000, unique states=36882, generated=36881, iqn_calls=0
  [sim 2500] root visits=2500, unique states=44921, generated=44920, iqn_calls=0
  [sim 3000] root visits=3000, unique states=52649, generated=52648, iqn_calls=0
  [sim 3500] root visits=3500, unique states=60220, generated=60219, iqn_calls=0
  [sim 4000] root visits=4000, unique states=67864, generated=67863, iqn_calls=0
  [sim 4500] root visits=4500, unique states=75247, generated=75246, iqn_calls=0
  [sim 5000] root visits=5000, unique states=82591, generated=82590, iqn_calls=0
  [sim 5500] root visits=5500, unique states=89602, generated=89601, iqn_calls=0
  [sim 6000] root visits=6000, unique states=96624, generated=96623, iqn_calls=0
  [sim 6500] root visits=6500, unique states=103800, generated=103799, iqn_calls=0
  [sim 7000] root visits=7000, unique states=110998, generated=110997, iqn_calls=0
  [sim 7500] root visits=7500, unique states=117919, generated=117918, iqn_calls=0
  [sim 8000] root visits=8000, unique states=124688, generated=124687, iqn_calls=0
  [sim 8500] root visits=8500, unique states=131489, generated=131488, iqn_calls=0
  [sim 9000] root visits=9000, unique states=138338, generated=138337, iqn_calls=0
  [sim 9500] root visits=9500, unique states=145161, generated=145160, iqn_calls=0
  [sim 10000] root visits=10000, unique states=151989, generated=151988, iqn_calls=0
  [sim 10500] root visits=10500, unique states=158839, generated=158838, iqn_calls=0
  [sim 11000] root visits=11000, unique states=165578, generated=165577, iqn_calls=0
[Final] Expanded: 165863, Generated: 165863
[Cost] IQN forward calls (Bellman signal): 0
[Widen] nodes widened: 0, mean w: 0.0000
[search done] simulations=11022, unique states generated=165863
Failed to find a solution!
