Torch: 2.12.0+cu130
Using GPU:  NVIDIA L40S
[Bellman] lambda=0 -> baseline (no widening signal)
[Value] SELF-CONSISTENT: leaf value = QR-DQN max_a mean Z(s,a) (SAC critics bypassed; prior still SAC policy)
/u/ibrahim.eisawy/Neural-Guided-Search/venv/lib/python3.10/site-packages/pymimir_rgnn/model.py:162: UserWarning: index_reduce() is in beta and the API may change at any time. (Triggered internally at /pytorch/aten/src/ATen/native/cuda/Indexing.cu:1541.)
  exps_max.index_reduce_(0, output_indices, output_messages, reduce="amax", include_self=False)
  [sim 500] root visits=500, unique states=11028, generated=11027, iqn_calls=0
  [sim 1000] root visits=1000, unique states=21469, generated=21468, iqn_calls=0
  [sim 1500] root visits=1500, unique states=31802, generated=31801, iqn_calls=0
  [sim 2000] root visits=2000, unique states=41924, generated=41923, iqn_calls=0
  [sim 2500] root visits=2500, unique states=52439, generated=52438, iqn_calls=0
  [sim 3000] root visits=3000, unique states=62545, generated=62544, iqn_calls=0
  [sim 3500] root visits=3500, unique states=72744, generated=72743, iqn_calls=0
  [sim 4000] root visits=4000, unique states=82954, generated=82953, iqn_calls=0
  [sim 4500] root visits=4500, unique states=93106, generated=93105, iqn_calls=0
  [sim 5000] root visits=5000, unique states=103073, generated=103072, iqn_calls=0
  [sim 5500] root visits=5500, unique states=113039, generated=113038, iqn_calls=0
  [sim 6000] root visits=6000, unique states=123026, generated=123025, iqn_calls=0
  [sim 6500] root visits=6500, unique states=133112, generated=133111, iqn_calls=0
  [sim 7000] root visits=7000, unique states=143086, generated=143085, iqn_calls=0
  [sim 7500] root visits=7500, unique states=152903, generated=152902, iqn_calls=0
  [sim 8000] root visits=8000, unique states=162832, generated=162831, iqn_calls=0
  [sim 8500] root visits=8500, unique states=172717, generated=172716, iqn_calls=0
  [sim 9000] root visits=9000, unique states=182501, generated=182500, iqn_calls=0
  [sim 9500] root visits=9500, unique states=192375, generated=192374, iqn_calls=0
  [sim 10000] root visits=10000, unique states=202176, generated=202175, iqn_calls=0
  [sim 10500] root visits=10500, unique states=211939, generated=211938, iqn_calls=0
  [sim 11000] root visits=11000, unique states=221788, generated=221787, iqn_calls=0
  [sim 11500] root visits=11500, unique states=231657, generated=231656, iqn_calls=0
  [sim 12000] root visits=12000, unique states=241313, generated=241312, iqn_calls=0
[Final] Expanded: 246206, Generated: 246206
[Cost] IQN forward calls (Bellman signal): 0
[Widen] nodes widened: 0, mean w: 0.0000
[search done] simulations=12253, unique states generated=246206
Failed to find a solution!
