Torch: 2.12.0+cu130
Using GPU:  NVIDIA L40S
[Bellman] lambda=0 -> baseline (no widening signal)
[Value] SELF-CONSISTENT: leaf value = QR-DQN max_a mean Z(s,a) (SAC critics bypassed; prior still SAC policy)
/u/ibrahim.eisawy/Neural-Guided-Search/venv/lib/python3.10/site-packages/pymimir_rgnn/model.py:162: UserWarning: index_reduce() is in beta and the API may change at any time. (Triggered internally at /pytorch/aten/src/ATen/native/cuda/Indexing.cu:1541.)
  exps_max.index_reduce_(0, output_indices, output_messages, reduce="amax", include_self=False)
  [sim 500] root visits=500, unique states=11627, generated=11626, iqn_calls=0
  [sim 1000] root visits=1000, unique states=22902, generated=22901, iqn_calls=0
  [sim 1500] root visits=1500, unique states=34237, generated=34236, iqn_calls=0
  [sim 2000] root visits=2000, unique states=45300, generated=45299, iqn_calls=0
  [sim 2500] root visits=2500, unique states=56438, generated=56437, iqn_calls=0
  [sim 3000] root visits=3000, unique states=67444, generated=67443, iqn_calls=0
  [sim 3500] root visits=3500, unique states=78223, generated=78222, iqn_calls=0
  [sim 4000] root visits=4000, unique states=88858, generated=88857, iqn_calls=0
  [sim 4500] root visits=4500, unique states=99370, generated=99369, iqn_calls=0
  [sim 5000] root visits=5000, unique states=109753, generated=109752, iqn_calls=0
  [sim 5500] root visits=5500, unique states=120189, generated=120188, iqn_calls=0
  [sim 6000] root visits=6000, unique states=130590, generated=130589, iqn_calls=0
  [sim 6500] root visits=6500, unique states=141027, generated=141026, iqn_calls=0
  [sim 7000] root visits=7000, unique states=151409, generated=151408, iqn_calls=0
  [sim 7500] root visits=7500, unique states=161730, generated=161729, iqn_calls=0
  [sim 8000] root visits=8000, unique states=172002, generated=172001, iqn_calls=0
  [sim 8500] root visits=8500, unique states=182246, generated=182245, iqn_calls=0
  [sim 9000] root visits=9000, unique states=192541, generated=192540, iqn_calls=0
  [sim 9500] root visits=9500, unique states=202895, generated=202894, iqn_calls=0
  [sim 10000] root visits=10000, unique states=213219, generated=213218, iqn_calls=0
  [sim 10500] root visits=10500, unique states=223471, generated=223470, iqn_calls=0
  [sim 11000] root visits=11000, unique states=233594, generated=233593, iqn_calls=0
  [sim 11500] root visits=11500, unique states=243741, generated=243740, iqn_calls=0
  [sim 12000] root visits=12000, unique states=253857, generated=253856, iqn_calls=0
[Final] Expanded: 261630, Generated: 261630
[Cost] IQN forward calls (Bellman signal): 0
[Widen] nodes widened: 0, mean w: 0.0000
[search done] simulations=12386, unique states generated=261630
Failed to find a solution!
