Torch: 2.12.0+cu130
Using GPU:  NVIDIA L40S
[Bellman] lambda=0 -> baseline (no widening signal)
[Value] SELF-CONSISTENT: leaf value = QR-DQN max_a mean Z(s,a) (SAC critics bypassed; prior still SAC policy)
/u/ibrahim.eisawy/Neural-Guided-Search/venv/lib/python3.10/site-packages/pymimir_rgnn/model.py:162: UserWarning: index_reduce() is in beta and the API may change at any time. (Triggered internally at /pytorch/aten/src/ATen/native/cuda/Indexing.cu:1541.)
  exps_max.index_reduce_(0, output_indices, output_messages, reduce="amax", include_self=False)
  [sim 500] root visits=500, unique states=13252, generated=13251, iqn_calls=0
  [sim 1000] root visits=1000, unique states=26092, generated=26091, iqn_calls=0
  [sim 1500] root visits=1500, unique states=38603, generated=38602, iqn_calls=0
  [sim 2000] root visits=2000, unique states=50885, generated=50884, iqn_calls=0
  [sim 2500] root visits=2500, unique states=63000, generated=62999, iqn_calls=0
  [sim 3000] root visits=3000, unique states=75010, generated=75009, iqn_calls=0
  [sim 3500] root visits=3500, unique states=87084, generated=87083, iqn_calls=0
  [sim 4000] root visits=4000, unique states=99209, generated=99208, iqn_calls=0
  [sim 4500] root visits=4500, unique states=111176, generated=111175, iqn_calls=0
  [sim 5000] root visits=5000, unique states=122099, generated=122098, iqn_calls=0
  [sim 5500] root visits=5500, unique states=131715, generated=131714, iqn_calls=0
  [sim 6000] root visits=6000, unique states=141371, generated=141370, iqn_calls=0
  [sim 6500] root visits=6500, unique states=151152, generated=151151, iqn_calls=0
  [sim 7000] root visits=7000, unique states=160919, generated=160918, iqn_calls=0
  [sim 7500] root visits=7500, unique states=170051, generated=170050, iqn_calls=0
[Final] Expanded: 177097, Generated: 177097
[Cost] IQN forward calls (Bellman signal): 0
[Widen] nodes widened: 0, mean w: 0.0000
[search done] simulations=7878, unique states generated=177097
Failed to find a solution!
