Torch: 2.12.0+cu130
Using GPU:  NVIDIA L40S
[Bellman] lambda=0 -> baseline (no widening signal)
[Value] SELF-CONSISTENT: leaf value = QR-DQN max_a mean Z(s,a) (SAC critics bypassed; prior still SAC policy)
/u/ibrahim.eisawy/Neural-Guided-Search/venv/lib/python3.10/site-packages/pymimir_rgnn/model.py:162: UserWarning: index_reduce() is in beta and the API may change at any time. (Triggered internally at /pytorch/aten/src/ATen/native/cuda/Indexing.cu:1541.)
  exps_max.index_reduce_(0, output_indices, output_messages, reduce="amax", include_self=False)
  [sim 500] root visits=500, unique states=15592, generated=15591, iqn_calls=0
  [sim 1000] root visits=1000, unique states=29079, generated=29078, iqn_calls=0
  [sim 1500] root visits=1500, unique states=42039, generated=42038, iqn_calls=0
  [sim 2000] root visits=2000, unique states=54229, generated=54228, iqn_calls=0
  [sim 2500] root visits=2500, unique states=66372, generated=66371, iqn_calls=0
  [sim 3000] root visits=3000, unique states=78598, generated=78597, iqn_calls=0
  [sim 3500] root visits=3500, unique states=90558, generated=90557, iqn_calls=0
  [sim 4000] root visits=4000, unique states=103245, generated=103244, iqn_calls=0
  [sim 4500] root visits=4500, unique states=115291, generated=115290, iqn_calls=0
  [sim 5000] root visits=5000, unique states=127153, generated=127152, iqn_calls=0
  [sim 5500] root visits=5500, unique states=139147, generated=139146, iqn_calls=0
  [sim 6000] root visits=6000, unique states=151045, generated=151044, iqn_calls=0
  [sim 6500] root visits=6500, unique states=162888, generated=162887, iqn_calls=0
  [sim 7000] root visits=7000, unique states=174584, generated=174583, iqn_calls=0
  [sim 7500] root visits=7500, unique states=186258, generated=186257, iqn_calls=0
  [sim 8000] root visits=8000, unique states=197877, generated=197876, iqn_calls=0
  [sim 8500] root visits=8500, unique states=209543, generated=209542, iqn_calls=0
  [sim 9000] root visits=9000, unique states=221323, generated=221322, iqn_calls=0
  [sim 9500] root visits=9500, unique states=233080, generated=233079, iqn_calls=0
  [sim 10000] root visits=10000, unique states=244999, generated=244998, iqn_calls=0
  [sim 10500] root visits=10500, unique states=256896, generated=256895, iqn_calls=0
  [sim 11000] root visits=11000, unique states=268760, generated=268759, iqn_calls=0
  [sim 11500] root visits=11500, unique states=280601, generated=280600, iqn_calls=0
[Final] Expanded: 287542, Generated: 287542
[Cost] IQN forward calls (Bellman signal): 0
[Widen] nodes widened: 0, mean w: 0.0000
[search done] simulations=11798, unique states generated=287542
Failed to find a solution!
