Torch: 2.12.0+cu130
Using GPU:  NVIDIA L40S
[Bellman] lambda=0 -> baseline (no widening signal)
[Value] SELF-CONSISTENT: leaf value = QR-DQN max_a mean Z(s,a) (SAC critics bypassed; prior still SAC policy)
/u/ibrahim.eisawy/Neural-Guided-Search/venv/lib/python3.10/site-packages/pymimir_rgnn/model.py:162: UserWarning: index_reduce() is in beta and the API may change at any time. (Triggered internally at /pytorch/aten/src/ATen/native/cuda/Indexing.cu:1541.)
  exps_max.index_reduce_(0, output_indices, output_messages, reduce="amax", include_self=False)
  [sim 500] root visits=500, unique states=11539, generated=11538, iqn_calls=0
  [sim 1000] root visits=1000, unique states=23169, generated=23168, iqn_calls=0
  [sim 1500] root visits=1500, unique states=34538, generated=34537, iqn_calls=0
  [sim 2000] root visits=2000, unique states=45936, generated=45935, iqn_calls=0
  [sim 2500] root visits=2500, unique states=57121, generated=57120, iqn_calls=0
  [sim 3000] root visits=3000, unique states=68292, generated=68291, iqn_calls=0
  [sim 3500] root visits=3500, unique states=79356, generated=79355, iqn_calls=0
  [sim 4000] root visits=4000, unique states=90238, generated=90237, iqn_calls=0
  [sim 4500] root visits=4500, unique states=101029, generated=101028, iqn_calls=0
  [sim 5000] root visits=5000, unique states=112018, generated=112017, iqn_calls=0
  [sim 5500] root visits=5500, unique states=122800, generated=122799, iqn_calls=0
  [sim 6000] root visits=6000, unique states=133485, generated=133484, iqn_calls=0
  [sim 6500] root visits=6500, unique states=144136, generated=144135, iqn_calls=0
  [sim 7000] root visits=7000, unique states=154730, generated=154729, iqn_calls=0
  [sim 7500] root visits=7500, unique states=165187, generated=165186, iqn_calls=0
  [sim 8000] root visits=8000, unique states=175899, generated=175898, iqn_calls=0
  [sim 8500] root visits=8500, unique states=186521, generated=186520, iqn_calls=0
  [sim 9000] root visits=9000, unique states=197114, generated=197113, iqn_calls=0
  [sim 9500] root visits=9500, unique states=207645, generated=207644, iqn_calls=0
  [sim 10000] root visits=10000, unique states=218308, generated=218307, iqn_calls=0
  [sim 10500] root visits=10500, unique states=229016, generated=229015, iqn_calls=0
  [sim 11000] root visits=11000, unique states=239579, generated=239578, iqn_calls=0
  [sim 11500] root visits=11500, unique states=250217, generated=250216, iqn_calls=0
  [sim 12000] root visits=12000, unique states=260708, generated=260707, iqn_calls=0
[Final] Expanded: 265604, Generated: 265604
[Cost] IQN forward calls (Bellman signal): 0
[Widen] nodes widened: 0, mean w: 0.0000
[search done] simulations=12231, unique states generated=265604
Failed to find a solution!
