Torch: 2.12.0+cu130
Using GPU:  NVIDIA L40S
[Bellman] lambda=0 -> baseline (no widening signal)
[Value] SELF-CONSISTENT: leaf value = QR-DQN max_a mean Z(s,a) (SAC critics bypassed; prior still SAC policy)
/u/ibrahim.eisawy/Neural-Guided-Search/venv/lib/python3.10/site-packages/pymimir_rgnn/model.py:162: UserWarning: index_reduce() is in beta and the API may change at any time. (Triggered internally at /pytorch/aten/src/ATen/native/cuda/Indexing.cu:1541.)
  exps_max.index_reduce_(0, output_indices, output_messages, reduce="amax", include_self=False)
  [sim 500] root visits=500, unique states=17779, generated=17778, iqn_calls=0
  [sim 1000] root visits=1000, unique states=34481, generated=34480, iqn_calls=0
  [sim 1500] root visits=1500, unique states=51082, generated=51081, iqn_calls=0
  [sim 2000] root visits=2000, unique states=67683, generated=67682, iqn_calls=0
  [sim 2500] root visits=2500, unique states=83932, generated=83931, iqn_calls=0
  [sim 3000] root visits=3000, unique states=100261, generated=100260, iqn_calls=0
  [sim 3500] root visits=3500, unique states=116542, generated=116541, iqn_calls=0
  [sim 4000] root visits=4000, unique states=132733, generated=132732, iqn_calls=0
  [sim 4500] root visits=4500, unique states=148847, generated=148846, iqn_calls=0
  [sim 5000] root visits=5000, unique states=164953, generated=164952, iqn_calls=0
  [sim 5500] root visits=5500, unique states=181119, generated=181118, iqn_calls=0
  [sim 6000] root visits=6000, unique states=197185, generated=197184, iqn_calls=0
  [sim 6500] root visits=6500, unique states=213248, generated=213247, iqn_calls=0
  [sim 7000] root visits=7000, unique states=229319, generated=229318, iqn_calls=0
  [sim 7500] root visits=7500, unique states=245379, generated=245378, iqn_calls=0
  [sim 8000] root visits=8000, unique states=261454, generated=261453, iqn_calls=0
  [sim 8500] root visits=8500, unique states=277648, generated=277647, iqn_calls=0
  [sim 9000] root visits=9000, unique states=293672, generated=293671, iqn_calls=0
  [sim 9500] root visits=9500, unique states=310169, generated=310168, iqn_calls=0
  [sim 10000] root visits=10000, unique states=326853, generated=326852, iqn_calls=0
  [sim 10500] root visits=10500, unique states=343153, generated=343152, iqn_calls=0
  [sim 11000] root visits=11000, unique states=359481, generated=359480, iqn_calls=0
  [sim 11500] root visits=11500, unique states=375626, generated=375625, iqn_calls=0
[Final] Expanded: 384535, Generated: 384535
[Cost] IQN forward calls (Bellman signal): 0
[Widen] nodes widened: 0, mean w: 0.0000
[search done] simulations=11781, unique states generated=384535
Failed to find a solution!
