/u/ibrahim.eisawy/Neural-Guided-Search/venv/lib/python3.10/site-packages/pymimir_rgnn/model.py:151: UserWarning: index_reduce() is in beta and the API may change at any time. (Triggered internally at /pytorch/aten/src/ATen/native/cuda/Indexing.cu:1541.)
  max_msg.index_reduce_(0, output_indices, output_messages, reduce='amax', include_self=True)
Torch: 2.12.0+cu130
Using GPU:  NVIDIA L40S
70.852: (load-airplane p6 a1 l3-0)
69.824: (load-airplane p22 a1 l3-0)
68.919: (load-airplane p25 a0 l4-0)
67.868: (load-airplane p5 a0 l4-0)
67.082: (load-truck p21 t1 l1-4)
66.816: (drive-truck t3 l3-4 l3-1 c3)
66.560: (drive-truck t4 l4-1 l4-2 c4)
66.307: (drive-truck t0 l0-1 l0-4 c0)
66.143: (drive-truck t1 l1-4 l1-3 c1)
66.088: (fly-airplane a0 l4-0 l3-0)
66.040: (drive-truck t2 l2-2 l2-1 c2)
65.067: (load-truck p14 t2 l2-1)
64.344: (drive-truck t2 l2-1 l2-3 c2)
62.640: (load-truck p19 t2 l2-3)
62.389: (drive-truck t1 l1-3 l1-0 c1)
62.357: (fly-airplane a2 l4-0 l3-0)
62.390: (fly-airplane a2 l3-0 l0-0)
61.480: (load-airplane p17 a2 l0-0)
61.408: (fly-airplane a2 l0-0 l3-0)
61.443: (drive-truck t2 l2-3 l2-2 c2)
61.513: (fly-airplane a1 l3-0 l0-0)
61.478: (drive-truck t2 l2-2 l2-3 c2)
61.481: (fly-airplane a0 l3-0 l0-0)
61.478: (fly-airplane a1 l0-0 l3-0)
61.483: (fly-airplane a2 l3-0 l0-0)
61.518: (drive-truck t2 l2-3 l2-2 c2)
61.513: (fly-airplane a2 l0-0 l3-0)
61.516: (fly-airplane a1 l3-0 l0-0)
61.593: (fly-airplane a0 l0-0 l4-0)
61.525: (fly-airplane a1 l0-0 l3-0)
61.489: (drive-truck t2 l2-2 l2-3 c2)
61.492: (fly-airplane a1 l3-0 l4-0)
61.488: (fly-airplane a0 l4-0 l3-0)
61.494: (fly-airplane a2 l3-0 l4-0)
61.491: (fly-airplane a1 l4-0 l3-0)
61.494: (fly-airplane a0 l3-0 l4-0)
61.530: (drive-truck t2 l2-3 l2-2 c2)
61.526: (fly-airplane a0 l4-0 l3-0)
61.515: (fly-airplane a2 l4-0 l0-0)
61.518: (fly-airplane a1 l3-0 l0-0)
61.483: (drive-truck t2 l2-2 l2-3 c2)
61.560: (fly-airplane a1 l0-0 l4-0)
61.595: (drive-truck t2 l2-3 l2-2 c2)
61.524: (fly-airplane a2 l0-0 l3-0)
61.527: (fly-airplane a0 l3-0 l4-0)
61.593: (fly-airplane a0 l4-0 l0-0)
61.558: (drive-truck t2 l2-2 l2-3 c2)
61.625: (fly-airplane a1 l4-0 l2-0)
60.577: (load-airplane p11 a1 l2-0)
59.533: (load-airplane p13 a1 l2-0)
58.494: (load-airplane p4 a1 l2-0)
57.459: (load-airplane p24 a1 l2-0)
56.462: (load-airplane p7 a1 l2-0)
56.323: (fly-airplane a1 l2-0 l3-0)
56.247: (fly-airplane a0 l0-0 l3-0)
56.283: (drive-truck t2 l2-3 l2-2 c2)
56.300: (drive-truck t2 l2-2 l2-0 c2)
56.359: (drive-truck t2 l2-0 l2-4 c2)
55.256: (load-truck p27 t2 l2-4)
53.778: (load-truck p10 t2 l2-4)
53.213: (drive-truck t2 l2-4 l2-3 c2)
53.256: (drive-truck t2 l2-3 l2-2 c2)
53.333: (fly-airplane a0 l3-0 l0-0)
53.293: (drive-truck t2 l2-2 l2-3 c2)
53.297: (fly-airplane a2 l3-0 l0-0)
53.297: (fly-airplane a0 l0-0 l3-0)
53.308: (fly-airplane a2 l0-0 l4-0)
53.308: (fly-airplane a0 l3-0 l4-0)
53.304: (fly-airplane a2 l4-0 l3-0)
53.324: (fly-airplane a1 l3-0 l4-0)
52.372: (unload-airplane p4 a1 l4-0)
52.344: (fly-airplane a1 l4-0 l3-0)
52.252: (fly-airplane a0 l4-0 l3-0)
52.296: (drive-truck t2 l2-3 l2-2 c2)
52.372: (fly-airplane a0 l3-0 l0-0)
52.332: (drive-truck t2 l2-2 l2-3 c2)
52.336: (fly-airplane a2 l3-0 l0-0)
52.336: (fly-airplane a0 l0-0 l3-0)
52.343: (fly-airplane a2 l0-0 l4-0)
52.358: (fly-airplane a0 l3-0 l4-0)
52.401: (drive-truck t2 l2-3 l2-2 c2)
52.386: (fly-airplane a0 l4-0 l3-0)
52.380: (fly-airplane a2 l4-0 l0-0)
52.377: (fly-airplane a0 l3-0 l0-0)
52.464: (fly-airplane a2 l0-0 l4-0)
52.423: (drive-truck t2 l2-2 l2-3 c2)
52.455: (fly-airplane a2 l4-0 l2-0)
52.394: (fly-airplane a0 l0-0 l3-0)
52.410: (fly-airplane a0 l3-0 l2-0)
51.410: (unload-airplane p25 a0 l2-0)
51.396: (fly-airplane a0 l2-0 l3-0)
51.293: (fly-airplane a2 l2-0 l3-0)
51.335: (drive-truck t2 l2-3 l2-2 c2)
51.413: (fly-airplane a0 l3-0 l0-0)
51.375: (drive-truck t2 l2-2 l2-3 c2)
51.379: (fly-airplane a2 l3-0 l0-0)
51.376: (fly-airplane a0 l0-0 l3-0)
51.383: (fly-airplane a2 l0-0 l4-0)
51.397: (fly-airplane a0 l3-0 l4-0)
51.382: (fly-airplane a2 l4-0 l3-0)
51.396: (fly-airplane a0 l4-0 l2-0)
51.424: (fly-airplane a1 l3-0 l2-0)
51.410: (fly-airplane a0 l2-0 l3-0)
51.392: (fly-airplane a1 l2-0 l0-0)
50.438: (unload-airplane p24 a1 l0-0)
50.333: (fly-airplane a1 l0-0 l3-0)
50.376: (drive-truck t2 l2-3 l2-2 c2)
50.465: (fly-airplane a0 l3-0 l4-0)
50.423: (drive-truck t2 l2-2 l2-3 c2)
50.426: (fly-airplane a0 l4-0 l0-0)
50.437: (fly-airplane a0 l0-0 l2-0)
50.451: (fly-airplane a2 l3-0 l2-0)
50.437: (fly-airplane a0 l2-0 l3-0)
50.423: (fly-airplane a2 l2-0 l4-0)
50.426: (fly-airplane a2 l4-0 l0-0)
50.440: (fly-airplane a0 l3-0 l0-0)
50.482: (drive-truck t2 l2-3 l2-2 c2)
50.468: (fly-airplane a2 l0-0 l3-0)
50.472: (fly-airplane a0 l0-0 l2-0)
50.485: (fly-airplane a2 l3-0 l2-0)
50.473: (fly-airplane a0 l2-0 l3-0)
50.466: (fly-airplane a2 l2-0 l4-0)
50.469: (fly-airplane a2 l4-0 l0-0)
50.492: (fly-airplane a1 l3-0 l0-0)
50.450: (drive-truck t2 l2-2 l2-3 c2)
50.527: (fly-airplane a1 l0-0 l4-0)
50.435: (fly-airplane a2 l0-0 l3-0)
50.447: (fly-airplane a2 l3-0 l4-0)
50.490: (drive-truck t2 l2-3 l2-2 c2)
50.478: (fly-airplane a2 l4-0 l3-0)
50.480: (fly-airplane a1 l4-0 l0-0)
50.485: (fly-airplane a1 l0-0 l2-0)
50.449: (drive-truck t2 l2-2 l2-3 c2)
50.461: (fly-airplane a2 l3-0 l2-0)
50.496: (drive-truck t2 l2-3 l2-2 c2)
50.573: (fly-airplane a1 l2-0 l4-0)
50.537: (drive-truck t2 l2-2 l2-3 c2)
50.538: (fly-airplane a1 l4-0 l0-0)
50.527: (fly-airplane a2 l2-0 l4-0)
50.537: (fly-airplane a1 l0-0 l2-0)
50.538: (fly-airplane a2 l4-0 l0-0)
50.574: (drive-truck t2 l2-3 l2-2 c2)
50.569: (fly-airplane a1 l2-0 l4-0)
50.712: (drive-truck t4 l4-2 l4-0 c4)
50.620: (fly-airplane a2 l0-0 l3-0)
50.578: (drive-truck t2 l2-2 l2-3 c2)
50.540: (fly-airplane a1 l4-0 l3-0)
50.533: (drive-truck t4 l4-0 l4-4 c4)
48.920: (load-truck p28 t4 l4-4)
48.264: (drive-truck t4 l4-4 l4-3 c4)
48.295: (drive-truck t2 l2-3 l2-2 c2)
48.359: (drive-truck t2 l2-2 l2-0 c2)
48.456: (fly-airplane a0 l3-0 l4-0)
48.356: (drive-truck t2 l2-0 l2-3 c2)
48.366: (fly-airplane a0 l4-0 l2-0)
48.379: (fly-airplane a2 l3-0 l2-0)
48.368: (fly-airplane a0 l2-0 l3-0)
48.359: (fly-airplane a2 l2-0 l4-0)
48.370: (fly-airplane a0 l3-0 l4-0)
48.402: (drive-truck t2 l2-3 l2-2 c2)
48.389: (fly-airplane a2 l4-0 l3-0)
48.391: (fly-airplane a0 l4-0 l2-0)
48.406: (fly-airplane a2 l3-0 l2-0)
48.393: (fly-airplane a0 l2-0 l3-0)
48.390: (fly-airplane a2 l2-0 l4-0)
48.414: (fly-airplane a1 l3-0 l4-0)
48.383: (drive-truck t2 l2-2 l2-3 c2)
48.371: (fly-airplane a2 l4-0 l3-0)
48.380: (fly-airplane a1 l4-0 l2-0)
48.391: (fly-airplane a0 l3-0 l2-0)
48.417: (drive-truck t2 l2-3 l2-2 c2)
48.406: (fly-airplane a0 l2-0 l3-0)
48.402: (fly-airplane a1 l2-0 l4-0)
48.415: (fly-airplane a0 l3-0 l4-0)
48.382: (drive-truck t2 l2-2 l2-3 c2)
48.473: (fly-airplane a0 l4-0 l2-0)
48.498: (drive-truck t2 l2-3 l2-2 c2)
48.678: (drive-truck t3 l3-1 l3-0 c3)
48.582: (fly-airplane a1 l4-0 l3-0)
48.488: (fly-airplane a0 l2-0 l3-0)
48.457: (drive-truck t2 l2-2 l2-3 c2)
48.498: (drive-truck t3 l3-0 l3-3 c3)
47.117: (load-truck p15 t3 l3-3)
46.147: (load-truck p12 t3 l3-3)
45.772: (drive-truck t3 l3-3 l3-4 c3)
45.241: (unload-truck p15 t3 l3-4)
44.685: (drive-truck t3 l3-4 l3-3 c3)
44.702: (drive-truck t3 l3-3 l3-2 c3)
43.335: (load-truck p8 t3 l3-2)
42.359: (load-truck p0 t3 l3-2)
41.336: (load-truck p2 t3 l3-2)
41.298: (drive-truck t3 l3-2 l3-3 c3)
41.309: (drive-truck t4 l4-3 l4-1 c4)
41.336: (drive-truck t3 l3-3 l3-2 c3)
41.377: (drive-truck t2 l2-3 l2-2 c2)
41.349: (drive-truck t3 l3-2 l3-3 c3)
41.329: (drive-truck t4 l4-1 l4-3 c4)
41.368: (drive-truck t3 l3-3 l3-2 c3)
41.436: (drive-truck t2 l2-2 l2-0 c2)
41.396: (drive-truck t3 l3-2 l3-3 c3)
41.481: (fly-airplane a0 l3-0 l4-0)
41.377: (drive-truck t2 l2-0 l2-3 c2)
41.385: (drive-truck t4 l4-3 l4-1 c4)
41.399: (fly-airplane a2 l3-0 l4-0)
41.388: (fly-airplane a0 l4-0 l3-0)
41.380: (drive-truck t4 l4-1 l4-3 c4)
41.391: (fly-airplane a0 l3-0 l4-0)
41.423: (drive-truck t2 l2-3 l2-2 c2)
41.409: (fly-airplane a2 l4-0 l3-0)
41.425: (fly-airplane a0 l4-0 l2-0)
41.399: (drive-truck t2 l2-2 l2-3 c2)
41.411: (drive-truck t4 l4-3 l4-1 c4)
41.425: (fly-airplane a2 l3-0 l2-0)
41.412: (fly-airplane a0 l2-0 l3-0)
41.402: (drive-truck t4 l4-1 l4-3 c4)
41.413: (fly-airplane a0 l3-0 l2-0)
41.439: (drive-truck t2 l2-3 l2-2 c2)
41.427: (fly-airplane a0 l2-0 l3-0)
41.411: (fly-airplane a2 l2-0 l4-0)
41.428: (drive-truck t4 l4-3 l4-1 c4)
41.441: (fly-airplane a0 l3-0 l4-0)
41.427: (fly-airplane a2 l4-0 l3-0)
41.445: (fly-airplane a0 l4-0 l2-0)
41.459: (fly-airplane a2 l3-0 l2-0)
41.447: (fly-airplane a0 l2-0 l3-0)
41.469: (fly-airplane a1 l3-0 l2-0)
41.435: (drive-truck t2 l2-2 l2-3 c2)
41.423: (fly-airplane a2 l2-0 l3-0)
41.398: (fly-airplane a1 l2-0 l4-0)
41.390: (drive-truck t4 l4-1 l4-3 c4)
41.401: (fly-airplane a0 l3-0 l4-0)
41.409: (drive-truck t4 l4-3 l4-1 c4)
41.439: (drive-truck t3 l3-3 l3-2 c3)
41.414: (fly-airplane a1 l4-0 l3-0)
41.417: (drive-truck t4 l4-1 l4-3 c4)
41.430: (fly-airplane a2 l3-0 l4-0)
41.420: (fly-airplane a0 l4-0 l3-0)
41.417: (drive-truck t4 l4-3 l4-1 c4)
41.428: (fly-airplane a0 l3-0 l4-0)
41.469: (drive-truck t2 l2-3 l2-2 c2)
41.456: (fly-airplane a2 l4-0 l3-0)
41.449: (drive-truck t4 l4-1 l4-3 c4)
41.463: (fly-airplane a2 l3-0 l4-0)
41.450: (fly-airplane a0 l4-0 l3-0)
41.457: (drive-truck t4 l4-3 l4-1 c4)
41.474: (fly-airplane a2 l4-0 l2-0)
41.440: (drive-truck t2 l2-2 l2-3 c2)
41.440: (drive-truck t4 l4-1 l4-3 c4)
41.452: (fly-airplane a0 l3-0 l2-0)
41.438: (fly-airplane a2 l2-0 l3-0)
41.439: (drive-truck t4 l4-3 l4-1 c4)
41.452: (fly-airplane a2 l3-0 l2-0)
41.486: (drive-truck t2 l2-3 l2-2 c2)
41.472: (fly-airplane a2 l2-0 l3-0)
41.464: (drive-truck t4 l4-1 l4-3 c4)
41.477: (fly-airplane a2 l3-0 l2-0)
41.466: (fly-airplane a0 l2-0 l3-0)
41.489: (fly-airplane a1 l3-0 l2-0)
41.450: (drive-truck t3 l3-2 l3-3 c3)
41.425: (drive-truck t2 l2-2 l2-3 c2)
41.413: (fly-airplane a2 l2-0 l3-0)
41.424: (fly-airplane a0 l3-0 l2-0)
41.435: (drive-truck t4 l4-3 l4-1 c4)
41.464: (drive-truck t3 l3-3 l3-2 c3)
41.452: (fly-airplane a0 l2-0 l3-0)
41.428: (fly-airplane a1 l2-0 l4-0)
41.431: (drive-truck t4 l4-1 l4-3 c4)
41.442: (fly-airplane a0 l3-0 l4-0)
41.474: (drive-truck t2 l2-3 l2-2 c2)
41.433: (drive-truck t3 l3-2 l3-3 c3)
41.421: (fly-airplane a0 l4-0 l3-0)
41.433: (fly-airplane a2 l3-0 l4-0)
41.402: (drive-truck t2 l2-2 l2-3 c2)
41.410: (drive-truck t4 l4-3 l4-1 c4)
41.440: (drive-truck t3 l3-3 l3-2 c3)
41.443: (drive-truck t4 l4-1 l4-3 c4)
41.474: (drive-truck t2 l2-3 l2-2 c2)
41.462: (fly-airplane a2 l4-0 l3-0)
41.468: (drive-truck t4 l4-3 l4-1 c4)
41.438: (drive-truck t3 l3-2 l3-3 c3)
41.450: (fly-airplane a2 l3-0 l4-0)
41.480: (drive-truck t3 l3-3 l3-2 c3)
41.564: (fly-airplane a2 l4-0 l2-0)
41.498: (fly-airplane a1 l4-0 l2-0)
41.463: (drive-truck t2 l2-2 l2-3 c2)
41.464: (drive-truck t4 l4-1 l4-3 c4)
41.452: (fly-airplane a2 l2-0 l3-0)
41.463: (fly-airplane a0 l3-0 l2-0)
41.489: (drive-truck t2 l2-3 l2-2 c2)
41.451: (drive-truck t3 l3-2 l3-3 c3)
41.438: (fly-airplane a0 l2-0 l3-0)
41.457: (drive-truck t4 l4-3 l4-1 c4)
41.469: (fly-airplane a0 l3-0 l2-0)
41.498: (drive-truck t3 l3-3 l3-2 c3)
41.486: (fly-airplane a0 l2-0 l3-0)
41.477: (drive-truck t4 l4-1 l4-3 c4)
41.558: (fly-airplane a2 l3-0 l4-0)
41.517: (drive-truck t3 l3-2 l3-3 c3)
41.492: (drive-truck t2 l2-2 l2-3 c2)
41.501: (drive-truck t4 l4-3 l4-1 c4)
41.531: (drive-truck t3 l3-3 l3-2 c3)
41.533: (drive-truck t4 l4-1 l4-3 c4)
41.718: (drive-truck t0 l0-4 l0-3 c0)
41.607: (fly-airplane a1 l2-0 l3-0)
38.949: (load-truck p20 t0 l0-3)
38.865: (fly-airplane a2 l4-0 l3-0)
38.827: (drive-truck t3 l3-2 l3-3 c3)
38.838: (drive-truck t4 l4-3 l4-1 c4)
38.865: (drive-truck t3 l3-3 l3-2 c3)
38.905: (drive-truck t2 l2-3 l2-2 c2)
38.877: (drive-truck t3 l3-2 l3-3 c3)
38.857: (drive-truck t4 l4-1 l4-3 c4)
38.854: (drive-truck t2 l2-2 l2-0 c2)
38.894: (drive-truck t3 l3-3 l3-2 c3)
38.896: (drive-truck t2 l2-0 l2-2 c2)
38.977: (fly-airplane a0 l3-0 l4-0)
38.937: (drive-truck t3 l3-2 l3-3 c3)
38.906: (drive-truck t2 l2-2 l2-3 c2)
38.914: (drive-truck t4 l4-3 l4-1 c4)
38.928: (fly-airplane a2 l3-0 l4-0)
38.917: (fly-airplane a0 l4-0 l3-0)
38.909: (drive-truck t4 l4-1 l4-3 c4)
38.920: (fly-airplane a0 l3-0 l4-0)
38.951: (drive-truck t2 l2-3 l2-0 c2)
38.937: (fly-airplane a2 l4-0 l3-0)
38.966: (fly-airplane a1 l3-0 l4-0)
38.930: (drive-truck t2 l2-0 l2-3 c2)
38.919: (fly-airplane a0 l4-0 l3-0)
38.927: (drive-truck t4 l4-3 l4-1 c4)
38.938: (fly-airplane a0 l3-0 l4-0)
38.968: (drive-truck t3 l3-3 l3-2 c3)
38.943: (fly-airplane a1 l4-0 l3-0)
38.946: (drive-truck t4 l4-1 l4-3 c4)
38.960: (fly-airplane a2 l3-0 l4-0)
38.957: (drive-truck t4 l4-3 l4-1 c4)
38.946: (fly-airplane a0 l4-0 l3-0)
38.969: (fly-airplane a1 l3-0 l4-0)
38.939: (drive-truck t3 l3-2 l3-3 c3)
38.931: (drive-truck t4 l4-1 l4-3 c4)
38.960: (drive-truck t2 l2-3 l2-2 c2)
38.939: (fly-airplane a1 l4-0 l3-0)
38.938: (drive-truck t2 l2-2 l2-0 c2)
38.965: (fly-airplane a1 l3-0 l4-0)
38.953: (fly-airplane a2 l4-0 l3-0)
38.949: (drive-truck t2 l2-0 l2-2 c2)
38.961: (fly-airplane a0 l3-0 l4-0)
38.979: (drive-truck t4 l4-3 l4-1 c4)
38.955: (fly-airplane a1 l4-0 l3-0)
38.969: (fly-airplane a2 l3-0 l4-0)
38.951: (drive-truck t4 l4-1 l4-3 c4)
38.991: (drive-truck t3 l3-3 l3-2 c3)
38.978: (fly-airplane a0 l4-0 l3-0)
38.979: (drive-truck t2 l2-2 l2-0 c2)
38.992: (fly-airplane a0 l3-0 l4-0)
38.978: (fly-airplane a2 l4-0 l3-0)
39.007: (fly-airplane a1 l3-0 l4-0)
38.971: (drive-truck t2 l2-0 l2-3 c2)
38.960: (fly-airplane a0 l4-0 l3-0)
38.957: (drive-truck t4 l4-3 l4-1 c4)
38.996: (drive-truck t2 l2-3 l2-2 c2)
38.966: (drive-truck t3 l3-2 l3-3 c3)
38.978: (fly-airplane a2 l3-0 l4-0)
38.956: (fly-airplane a1 l4-0 l3-0)
38.985: (drive-truck t3 l3-3 l3-2 c3)
38.998: (fly-airplane a0 l3-0 l4-0)
38.984: (fly-airplane a2 l4-0 l3-0)
39.009: (fly-airplane a1 l3-0 l4-0)
39.002: (drive-truck t4 l4-1 l4-3 c4)
38.990: (fly-airplane a0 l4-0 l3-0)
38.994: (drive-truck t2 l2-2 l2-0 c2)
39.006: (fly-airplane a2 l3-0 l4-0)
38.972: (drive-truck t2 l2-0 l2-3 c2)
39.002: (drive-truck t2 l2-3 l2-2 c2)
39.008: (drive-truck t4 l4-3 l4-1 c4)
39.255: (drive-truck t1 l1-0 l1-3 c1)
39.210: (drive-truck t2 l2-2 l2-3 c2)
39.183: (drive-truck t3 l3-2 l3-3 c3)
39.162: (fly-airplane a1 l4-0 l3-0)
39.084: (fly-airplane a2 l4-0 l3-0)
37.255: (load-truck p18 t1 l1-3)
36.995: (drive-truck t1 l1-3 l1-0 c1)
36.984: (drive-truck t4 l4-1 l4-3 c4)
37.013: (drive-truck t2 l2-3 l2-0 c2)
37.015: (drive-truck t2 l2-0 l2-2 c2)
37.034: (drive-truck t4 l4-3 l4-1 c4)
37.066: (drive-truck t3 l3-3 l3-2 c3)
37.025: (drive-truck t2 l2-2 l2-3 c2)
37.025: (drive-truck t4 l4-1 l4-3 c4)
37.054: (drive-truck t2 l2-3 l2-0 c2)
37.056: (drive-truck t2 l2-0 l2-2 c2)
37.317: (drive-truck t1 l1-0 l1-2 c1)
35.552: (load-truck p1 t1 l1-2)
35.305: (drive-truck t1 l1-2 l1-0 c1)
35.275: (drive-truck t2 l2-2 l2-3 c2)
35.285: (drive-truck t4 l4-3 l4-1 c4)
35.325: (drive-truck t2 l2-3 l2-2 c2)
35.565: (drive-truck t1 l1-0 l1-3 c1)
35.520: (drive-truck t2 l2-2 l2-3 c2)
35.516: (drive-truck t4 l4-1 l4-3 c4)
35.514: (drive-truck t1 l1-3 l1-1 c1)
33.745: (load-truck p3 t1 l1-1)
33.526: (drive-truck t1 l1-1 l1-0 c1)
33.537: (drive-truck t4 l4-3 l4-1 c4)
33.577: (drive-truck t2 l2-3 l2-2 c2)
33.556: (drive-truck t4 l4-1 l4-3 c4)
33.546: (drive-truck t2 l2-2 l2-0 c2)
33.879: (drive-truck t2 l2-0 l2-1 c2)
33.879: (drive-truck t2 l2-1 l2-4 c2)
34.090: (drive-truck t4 l4-3 l4-1 c4)
33.915: (drive-truck t2 l2-4 l2-0 c2)
34.090: (drive-truck t2 l2-0 l2-1 c2)
34.437: (drive-truck t0 l0-3 l0-2 c0)
33.111: (load-truck p16 t0 l0-2)
32.616: (drive-truck t2 l2-1 l2-3 c2)
32.206: (drive-truck t0 l0-2 l0-1 c0)
32.194: (drive-truck t4 l4-1 l4-3 c4)
32.200: (drive-truck t0 l0-1 l0-3 c0)
32.212: (drive-truck t4 l4-3 l4-1 c4)
32.254: (drive-truck t2 l2-3 l2-2 c2)
32.234: (drive-truck t4 l4-1 l4-3 c4)
32.228: (drive-truck t0 l0-3 l0-1 c0)
32.248: (drive-truck t4 l4-3 l4-1 c4)
32.399: (unload-truck p16 t0 l0-1)
30.745: (drive-truck t0 l0-1 l0-3 c0)
30.702: (drive-truck t2 l2-2 l2-3 c2)
30.690: (drive-truck t4 l4-1 l4-3 c4)
30.724: (drive-truck t2 l2-3 l2-2 c2)
30.828: (drive-truck t2 l2-2 l2-0 c2)
31.049: (drive-truck t2 l2-0 l2-4 c2)
31.049: (drive-truck t2 l2-4 l2-1 c2)
31.260: (drive-truck t4 l4-3 l4-1 c4)
31.203: (drive-truck t2 l2-1 l2-0 c2)
31.260: (drive-truck t2 l2-0 l2-4 c2)
31.634: (drive-truck t0 l0-3 l0-2 c0)
31.139: (drive-truck t2 l2-4 l2-3 c2)
31.128: (drive-truck t4 l4-1 l4-3 c4)
31.092: (drive-truck t2 l2-3 l2-0 c2)
31.158: (drive-truck t2 l2-0 l2-2 c2)
31.179: (drive-truck t4 l4-3 l4-1 c4)
31.224: (drive-truck t0 l0-2 l0-0 c0)
31.181: (drive-truck t2 l2-2 l2-3 c2)
31.170: (drive-truck t4 l4-1 l4-3 c4)
31.179: (drive-truck t2 l2-3 l2-0 c2)
31.204: (drive-truck t2 l2-0 l2-2 c2)
31.417: (drive-truck t1 l1-0 l1-3 c1)
30.948: (drive-truck t0 l0-0 l0-3 c0)
30.908: (drive-truck t2 l2-2 l2-3 c2)
30.906: (drive-truck t1 l1-3 l1-2 c1)
30.910: (drive-truck t1 l1-2 l1-1 c1)
30.921: (drive-truck t4 l4-3 l4-1 c4)
30.914: (drive-truck t1 l1-1 l1-3 c1)
30.917: (drive-truck t1 l1-3 l1-2 c1)
30.965: (drive-truck t2 l2-3 l2-2 c2)
30.945: (drive-truck t4 l4-1 l4-3 c4)
30.949: (drive-truck t1 l1-2 l1-1 c1)
30.968: (drive-truck t4 l4-3 l4-1 c4)
30.961: (drive-truck t1 l1-1 l1-3 c1)
31.349: (drive-truck t3 l3-2 l3-3 c3)
31.120: (drive-truck t1 l1-3 l1-0 c1)
31.078: (drive-truck t2 l2-2 l2-3 c2)
31.067: (drive-truck t4 l4-1 l4-3 c4)
31.101: (drive-truck t2 l2-3 l2-2 c2)
31.208: (drive-truck t2 l2-2 l2-0 c2)
31.428: (drive-truck t2 l2-0 l2-1 c2)
31.428: (drive-truck t2 l2-1 l2-4 c2)
31.637: (drive-truck t4 l4-3 l4-1 c4)
31.582: (drive-truck t2 l2-4 l2-0 c2)
31.637: (drive-truck t2 l2-0 l2-1 c2)
31.985: (drive-truck t3 l3-3 l3-1 c3)
31.424: (drive-truck t2 l2-1 l2-3 c2)
31.468: (drive-truck t2 l2-3 l2-2 c2)
31.621: (drive-truck t1 l1-0 l1-3 c1)
31.572: (drive-truck t2 l2-2 l2-3 c2)
31.301: (drive-truck t3 l3-1 l3-3 c3)
31.289: (drive-truck t4 l4-1 l4-3 c4)
31.286: (drive-truck t1 l1-3 l1-2 c1)
31.290: (drive-truck t1 l1-2 l1-1 c1)
31.301: (drive-truck t4 l4-3 l4-1 c4)
31.297: (drive-truck t1 l1-1 l1-2 c1)
31.345: (drive-truck t2 l2-3 l2-2 c2)
31.325: (drive-truck t4 l4-1 l4-3 c4)
31.328: (drive-truck t1 l1-2 l1-3 c1)
31.329: (drive-truck t1 l1-3 l1-1 c1)
31.349: (drive-truck t4 l4-3 l4-1 c4)
31.696: (drive-truck t3 l3-3 l3-1 c3)
31.648: (drive-truck t2 l2-2 l2-3 c2)
31.644: (drive-truck t1 l1-1 l1-2 c1)
31.693: (drive-truck t2 l2-3 l2-2 c2)
31.908: (drive-truck t4 l4-1 l4-3 c4)
31.684: (drive-truck t1 l1-2 l1-0 c1)
31.650: (drive-truck t2 l2-2 l2-3 c2)
31.793: (drive-truck t2 l2-3 l2-0 c2)
31.928: (drive-truck t4 l4-3 l4-1 c4)
31.985: (drive-truck t2 l2-0 l2-4 c2)
32.012: (drive-truck t4 l4-1 l4-3 c4)
32.012: (drive-truck t2 l2-4 l2-1 c2)
32.380: (drive-truck t0 l0-3 l0-2 c0)
31.414: (drive-truck t3 l3-1 l3-2 c3)
31.414: (drive-truck t2 l2-1 l2-4 c2)
31.532: (drive-truck t0 l0-2 l0-0 c0)
31.532: (drive-truck t2 l2-4 l2-1 c2)
31.742: (drive-truck t4 l4-3 l4-1 c4)
31.558: (drive-truck t2 l2-1 l2-0 c2)
31.461: (drive-truck t0 l0-0 l0-2 c0)
31.633: (drive-truck t2 l2-0 l2-1 c2)
32.013: (drive-truck t3 l3-2 l3-3 c3)
31.519: (drive-truck t2 l2-1 l2-3 c2)
31.508: (drive-truck t4 l4-1 l4-3 c4)
31.476: (drive-truck t2 l2-3 l2-0 c2)
31.538: (drive-truck t2 l2-0 l2-2 c2)
31.558: (drive-truck t4 l4-3 l4-1 c4)
31.603: (drive-truck t0 l0-2 l0-0 c0)
31.560: (drive-truck t2 l2-2 l2-3 c2)
31.550: (drive-truck t4 l4-1 l4-3 c4)
31.562: (drive-truck t2 l2-3 l2-0 c2)
31.584: (drive-truck t2 l2-0 l2-2 c2)
31.799: (drive-truck t1 l1-0 l1-3 c1)
31.754: (drive-truck t0 l0-0 l0-2 c0)
31.371: (drive-truck t3 l3-3 l3-2 c3)
31.333: (drive-truck t2 l2-2 l2-3 c2)
31.334: (drive-truck t1 l1-3 l1-2 c1)
31.338: (drive-truck t1 l1-2 l1-1 c1)
31.348: (drive-truck t4 l4-3 l4-1 c4)
31.339: (drive-truck t1 l1-1 l1-3 c1)
31.345: (drive-truck t1 l1-3 l1-2 c1)
31.389: (drive-truck t0 l0-2 l0-0 c0)
31.378: (drive-truck t4 l4-1 l4-3 c4)
31.377: (drive-truck t1 l1-2 l1-3 c1)
31.382: (drive-truck t1 l1-3 l1-1 c1)
31.393: (drive-truck t4 l4-3 l4-1 c4)
31.382: (drive-truck t1 l1-1 l1-3 c1)
31.430: (drive-truck t2 l2-3 l2-2 c2)
31.385: (drive-truck t0 l0-0 l0-2 c0)
31.390: (drive-truck t1 l1-3 l1-2 c1)
31.371: (drive-truck t4 l4-1 l4-3 c4)
31.375: (drive-truck t1 l1-2 l1-1 c1)
31.394: (drive-truck t4 l4-3 l4-1 c4)
31.441: (drive-truck t0 l0-2 l0-0 c0)
31.422: (drive-truck t4 l4-1 l4-3 c4)
31.418: (drive-truck t1 l1-1 l1-2 c1)
31.437: (drive-truck t4 l4-3 l4-1 c4)
31.721: (drive-truck t4 l4-1 l4-4 c4)
31.462: (drive-truck t0 l0-0 l0-3 c0)
31.231: (drive-truck t1 l1-2 l1-0 c1)
31.173: (drive-truck t4 l4-4 l4-0 c4)
31.128: (drive-truck t2 l2-2 l2-3 c2)
31.187: (drive-truck t4 l4-0 l4-4 c4)
31.413: (drive-truck t1 l1-0 l1-2 c1)
31.333: (drive-truck t4 l4-4 l4-0 c4)
31.335: (drive-truck t1 l1-2 l1-3 c1)
31.336: (drive-truck t1 l1-3 l1-1 c1)
31.386: (drive-truck t2 l2-3 l2-2 c2)
31.382: (drive-truck t1 l1-1 l1-2 c1)
31.385: (drive-truck t1 l1-2 l1-3 c1)
31.466: (drive-truck t4 l4-0 l4-4 c4)
31.416: (drive-truck t2 l2-2 l2-3 c2)
31.417: (drive-truck t1 l1-3 l1-1 c1)
31.466: (drive-truck t2 l2-3 l2-2 c2)
31.724: (drive-truck t0 l0-3 l0-0 c0)
31.495: (drive-truck t1 l1-1 l1-0 c1)
31.451: (drive-truck t2 l2-2 l2-3 c2)
31.517: (drive-truck t4 l4-4 l4-0 c4)
31.562: (drive-truck t2 l2-3 l2-2 c2)
31.605: (drive-truck t0 l0-0 l0-2 c0)
31.563: (drive-truck t2 l2-2 l2-3 c2)
31.623: (drive-truck t4 l4-0 l4-4 c4)
31.665: (drive-truck t2 l2-3 l2-2 c2)
31.888: (drive-truck t1 l1-0 l1-2 c1)
31.806: (drive-truck t4 l4-4 l4-0 c4)
31.759: (drive-truck t2 l2-2 l2-3 c2)
31.715: (drive-truck t0 l0-2 l0-0 c0)
31.671: (drive-truck t4 l4-0 l4-4 c4)
31.670: (drive-truck t1 l1-2 l1-3 c1)
31.674: (drive-truck t1 l1-3 l1-1 c1)
31.719: (drive-truck t4 l4-4 l4-0 c4)
31.714: (drive-truck t1 l1-1 l1-3 c1)
31.759: (drive-truck t0 l0-0 l0-2 c0)
31.762: (drive-truck t1 l1-3 l1-1 c1)
31.810: (drive-truck t2 l2-3 l2-2 c2)
31.769: (drive-truck t0 l0-2 l0-0 c0)
31.764: (drive-truck t1 l1-1 l1-3 c1)
31.720: (drive-truck t4 l4-0 l4-4 c4)
31.888: (drive-truck t0 l0-0 l0-2 c0)
31.806: (drive-truck t4 l4-4 l4-0 c4)
32.190: (drive-truck t3 l3-2 l3-3 c3)
31.767: (drive-truck t0 l0-2 l0-3 c0)
31.550: (drive-truck t1 l1-3 l1-0 c1)
31.506: (drive-truck t2 l2-2 l2-3 c2)
31.566: (drive-truck t4 l4-0 l4-4 c4)
31.610: (drive-truck t2 l2-3 l2-2 c2)
31.845: (drive-truck t1 l1-0 l1-2 c1)
31.764: (drive-truck t4 l4-4 l4-0 c4)
31.715: (drive-truck t2 l2-2 l2-3 c2)
31.717: (drive-truck t1 l1-2 l1-3 c1)
31.718: (drive-truck t1 l1-3 l1-1 c1)
31.768: (drive-truck t2 l2-3 l2-2 c2)
31.849: (drive-truck t4 l4-0 l4-4 c4)
31.800: (drive-truck t2 l2-2 l2-3 c2)
31.796: (drive-truck t1 l1-1 l1-2 c1)
31.800: (drive-truck t1 l1-2 l1-3 c1)
31.849: (drive-truck t2 l2-3 l2-2 c2)
32.104: (drive-truck t0 l0-3 l0-0 c0)
31.819: (drive-truck t4 l4-4 l4-1 c4)
31.771: (drive-truck t2 l2-2 l2-3 c2)
31.728: (drive-truck t0 l0-0 l0-2 c0)
31.716: (drive-truck t4 l4-1 l4-3 c4)
31.716: (drive-truck t1 l1-3 l1-2 c1)
31.720: (drive-truck t1 l1-2 l1-1 c1)
31.731: (drive-truck t4 l4-3 l4-1 c4)
31.727: (drive-truck t1 l1-1 l1-2 c1)
31.771: (drive-truck t0 l0-2 l0-0 c0)
31.760: (drive-truck t4 l4-1 l4-3 c4)
31.759: (drive-truck t1 l1-2 l1-3 c1)
31.764: (drive-truck t1 l1-3 l1-1 c1)
31.775: (drive-truck t4 l4-3 l4-1 c4)
31.823: (drive-truck t2 l2-3 l2-2 c2)
31.776: (drive-truck t0 l0-0 l0-2 c0)
31.757: (drive-truck t4 l4-1 l4-3 c4)
31.753: (drive-truck t1 l1-1 l1-2 c1)
31.772: (drive-truck t4 l4-3 l4-1 c4)
31.773: (drive-truck t1 l1-2 l1-3 c1)
32.048: (drive-truck t3 l3-3 l3-1 c3)
31.906: (drive-truck t1 l1-3 l1-0 c1)
31.865: (drive-truck t2 l2-2 l2-3 c2)
31.908: (drive-truck t0 l0-2 l0-0 c0)
31.952: (drive-truck t2 l2-3 l2-2 c2)
32.094: (drive-truck t1 l1-0 l1-3 c1)
32.045: (drive-truck t2 l2-2 l2-3 c2)
32.001: (drive-truck t0 l0-0 l0-2 c0)
32.073: (drive-truck t1 l1-3 l1-2 c1)
32.077: (drive-truck t1 l1-2 l1-1 c1)
32.123: (drive-truck t0 l0-2 l0-0 c0)
32.119: (drive-truck t1 l1-1 l1-2 c1)
32.168: (drive-truck t2 l2-3 l2-2 c2)
31.819: (drive-truck t3 l3-1 l3-3 c3)
31.800: (drive-truck t4 l4-1 l4-3 c4)
31.803: (drive-truck t1 l1-2 l1-1 c1)
32.107: (drive-truck t4 l4-3 l4-4 c4)
31.877: (drive-truck t1 l1-1 l1-0 c1)
31.832: (drive-truck t2 l2-2 l2-3 c2)
31.898: (drive-truck t4 l4-4 l4-0 c4)
31.942: (drive-truck t2 l2-3 l2-2 c2)
31.986: (drive-truck t0 l0-0 l0-2 c0)
31.944: (drive-truck t2 l2-2 l2-3 c2)
32.004: (drive-truck t4 l4-0 l4-4 c4)
32.046: (drive-truck t2 l2-3 l2-2 c2)
32.270: (drive-truck t1 l1-0 l1-2 c1)
32.103: (drive-truck t0 l0-2 l0-0 c0)
32.054: (drive-truck t2 l2-2 l2-3 c2)
32.054: (drive-truck t1 l1-2 l1-3 c1)
32.057: (drive-truck t1 l1-3 l1-1 c1)
32.102: (drive-truck t4 l4-4 l4-0 c4)
32.098: (drive-truck t1 l1-1 l1-3 c1)
32.098: (drive-truck t1 l1-3 l1-2 c1)
32.142: (drive-truck t0 l0-0 l0-2 c0)
32.143: (drive-truck t1 l1-2 l1-3 c1)
32.145: (drive-truck t1 l1-3 l1-1 c1)
32.193: (drive-truck t2 l2-3 l2-2 c2)
32.152: (drive-truck t0 l0-2 l0-0 c0)
32.148: (drive-truck t1 l1-1 l1-3 c1)
32.148: (drive-truck t1 l1-3 l1-2 c1)
31.765: (drive-truck t3 l3-3 l3-2 c3)
32.027: (drive-truck t4 l4-0 l4-2 c4)
31.812: (drive-truck t1 l1-2 l1-0 c1)
31.768: (drive-truck t2 l2-2 l2-3 c2)
31.956: (drive-truck t0 l0-0 l0-3 c0)
31.999: (drive-truck t2 l2-3 l2-2 c2)
32.219: (drive-truck t1 l1-0 l1-2 c1)
32.171: (drive-truck t2 l2-2 l2-3 c2)
31.978: (drive-truck t0 l0-3 l0-0 c0)
31.976: (drive-truck t1 l1-2 l1-3 c1)
31.981: (drive-truck t1 l1-3 l1-1 c1)
32.030: (drive-truck t2 l2-3 l2-2 c2)
32.025: (drive-truck t1 l1-1 l1-3 c1)
32.222: (drive-truck t0 l0-0 l0-3 c0)
32.173: (drive-truck t2 l2-2 l2-3 c2)
32.175: (drive-truck t1 l1-3 l1-1 c1)
32.223: (drive-truck t2 l2-3 l2-2 c2)
32.604: (drive-truck t3 l3-2 l3-3 c3)
32.377: (drive-truck t1 l1-1 l1-0 c1)
32.193: (drive-truck t0 l0-3 l0-0 c0)
32.150: (drive-truck t2 l2-2 l2-3 c2)
32.334: (drive-truck t0 l0-0 l0-3 c0)
32.553: (drive-truck t1 l1-0 l1-2 c1)
32.361: (drive-truck t0 l0-3 l0-0 c0)
32.360: (drive-truck t1 l1-2 l1-3 c1)
32.364: (drive-truck t1 l1-3 l1-1 c1)
32.413: (drive-truck t2 l2-3 l2-2 c2)
32.409: (drive-truck t1 l1-1 l1-3 c1)
32.409: (drive-truck t1 l1-3 l1-2 c1)
32.601: (drive-truck t0 l0-0 l0-3 c0)
32.604: (drive-truck t1 l1-2 l1-3 c1)
32.556: (drive-truck t2 l2-2 l2-3 c2)
32.556: (drive-truck t1 l1-3 l1-1 c1)
32.991: (drive-truck t0 l0-3 l0-2 c0)
32.227: (drive-truck t4 l4-2 l4-4 c4)
31.844: (drive-truck t3 l3-3 l3-2 c3)
31.840: (drive-truck t1 l1-1 l1-2 c1)
31.841: (drive-truck t1 l1-2 l1-3 c1)
32.225: (drive-truck t3 l3-2 l3-3 c3)
32.223: (drive-truck t1 l1-3 l1-2 c1)
32.804: (drive-truck t3 l3-3 l3-1 c3)
32.298: (drive-truck t4 l4-4 l4-3 c4)
31.868: (drive-truck t0 l0-2 l0-3 c0)
31.801: (drive-truck t1 l1-2 l1-3 c1)
31.839: (drive-truck t2 l2-3 l2-2 c2)
31.911: (drive-truck t1 l1-3 l1-1 c1)
31.872: (drive-truck t2 l2-2 l2-3 c2)
32.299: (drive-truck t3 l3-1 l3-4 c3)
32.029: (drive-truck t4 l4-3 l4-1 c4)
31.802: (drive-truck t1 l1-1 l1-0 c1)
31.846: (drive-truck t2 l2-3 l2-2 c2)
32.074: (drive-truck t1 l1-0 l1-2 c1)
32.025: (drive-truck t2 l2-2 l2-3 c2)
32.156: (drive-truck t1 l1-2 l1-3 c1)
32.205: (drive-truck t2 l2-3 l2-2 c2)
32.078: (drive-truck t1 l1-3 l1-1 c1)
32.338: (drive-truck t4 l4-1 l4-3 c4)
32.107: (drive-truck t1 l1-1 l1-0 c1)
32.073: (drive-truck t2 l2-2 l2-3 c2)
32.139: (load-truck p15 t3 l3-4)
32.149: (drive-truck t3 l3-4 l3-2 c3)
32.162: (drive-truck t4 l4-3 l4-1 c4)
32.150: (drive-truck t3 l3-2 l3-4 c3)
32.193: (drive-truck t2 l2-3 l2-2 c2)
32.173: (drive-truck t4 l4-1 l4-3 c4)
32.183: (drive-truck t3 l3-4 l3-2 c3)
32.204: (drive-truck t4 l4-3 l4-1 c4)
32.425: (drive-truck t1 l1-0 l1-2 c1)
32.377: (drive-truck t2 l2-2 l2-3 c2)
32.365: (drive-truck t4 l4-1 l4-3 c4)
32.361: (drive-truck t3 l3-2 l3-4 c3)
32.295: (unload-truck p15 t3 l3-4)
32.247: (drive-truck t1 l1-2 l1-3 c1)
32.286: (drive-truck t2 l2-3 l2-2 c2)
32.334: (drive-truck t1 l1-3 l1-2 c1)
32.400: (load-truck p15 t3 l3-4)
32.399: (drive-truck t1 l1-2 l1-3 c1)
32.360: (drive-truck t2 l2-2 l2-3 c2)
32.365: (drive-truck t1 l1-3 l1-1 c1)
32.369: (drive-truck t3 l3-4 l3-2 c3)
32.368: (drive-truck t1 l1-1 l1-3 c1)
32.380: (drive-truck t4 l4-3 l4-1 c4)
32.367: (drive-truck t3 l3-2 l3-4 c3)
32.373: (drive-truck t1 l1-3 l1-2 c1)
32.377: (drive-truck t1 l1-2 l1-1 c1)
32.381: (drive-truck t3 l3-4 l3-2 c3)
32.428: (drive-truck t2 l2-3 l2-2 c2)
32.408: (drive-truck t4 l4-1 l4-3 c4)
32.404: (drive-truck t3 l3-2 l3-4 c3)
32.424: (drive-truck t4 l4-3 l4-1 c4)
32.415: (drive-truck t1 l1-1 l1-3 c1)
32.421: (drive-truck t1 l1-3 l1-2 c1)
32.783: (drive-truck t3 l3-4 l3-3 c3)
32.557: (drive-truck t1 l1-2 l1-0 c1)
32.515: (drive-truck t2 l2-2 l2-3 c2)
32.504: (drive-truck t4 l4-1 l4-3 c4)
32.538: (drive-truck t2 l2-3 l2-2 c2)
32.645: (drive-truck t2 l2-2 l2-0 c2)
32.281: (drive-truck t3 l3-3 l3-4 c3)
32.214: (unload-truck p15 t3 l3-4)
32.307: (drive-truck t4 l4-3 l4-1 c4)
32.364: (drive-truck t2 l2-0 l2-4 c2)
32.364: (drive-truck t2 l2-4 l2-1 c2)
32.434: (drive-truck t4 l4-1 l4-3 c4)
32.434: (drive-truck t2 l2-1 l2-4 c2)
32.499: (load-truck p15 t3 l3-4)
32.499: (drive-truck t2 l2-4 l2-1 c2)
32.508: (drive-truck t3 l3-4 l3-2 c3)
32.287: (drive-truck t2 l2-1 l2-0 c2)
32.508: (drive-truck t2 l2-0 l2-4 c2)
32.720: (drive-truck t4 l4-3 l4-1 c4)
32.663: (drive-truck t2 l2-4 l2-0 c2)
32.655: (drive-truck t3 l3-2 l3-4 c3)
32.710: (drive-truck t2 l2-0 l2-4 c2)
32.710: (drive-truck t2 l2-4 l2-1 c2)
32.720: (drive-truck t3 l3-4 l3-2 c3)
33.074: (drive-truck t3 l3-2 l3-3 c3)
32.865: (drive-truck t4 l4-1 l4-3 c4)
32.865: (drive-truck t2 l2-1 l2-4 c2)
33.074: (drive-truck t4 l4-3 l4-1 c4)
33.019: (drive-truck t2 l2-4 l2-0 c2)
33.280: (drive-truck t0 l0-3 l0-2 c0)
32.912: (drive-truck t4 l4-1 l4-3 c4)
32.548: (drive-truck t3 l3-3 l3-4 c3)
32.482: (unload-truck p15 t3 l3-4)
32.060: (drive-truck t3 l3-4 l3-1 c3)
32.091: (drive-truck t2 l2-0 l2-3 c2)
32.121: (drive-truck t2 l2-3 l2-2 c2)
32.167: (drive-truck t0 l0-2 l0-0 c0)
32.133: (drive-truck t2 l2-2 l2-3 c2)
32.145: (drive-truck t2 l2-3 l2-0 c2)
32.287: (drive-truck t4 l4-3 l4-1 c4)
31.940: (drive-truck t3 l3-1 l3-3 c3)
31.843: (drive-truck t0 l0-0 l0-2 c0)
32.013: (drive-truck t2 l2-0 l2-4 c2)
31.796: (drive-truck t4 l4-1 l4-3 c4)
31.796: (drive-truck t2 l2-4 l2-1 c2)
31.913: (drive-truck t0 l0-2 l0-0 c0)
31.914: (drive-truck t2 l2-1 l2-4 c2)
32.122: (drive-truck t4 l4-3 l4-1 c4)
31.742: (drive-truck t3 l3-3 l3-2 c3)
32.007: (drive-truck t4 l4-1 l4-4 c4)
31.740: (drive-truck t0 l0-0 l0-3 c0)
31.679: (drive-truck t2 l2-4 l2-0 c2)
31.627: (drive-truck t4 l4-4 l4-0 c4)
31.689: (drive-truck t2 l2-0 l2-4 c2)
31.689: (drive-truck t2 l2-4 l2-1 c2)
31.741: (drive-truck t4 l4-0 l4-4 c4)
32.007: (drive-truck t0 l0-3 l0-0 c0)
31.813: (drive-truck t2 l2-1 l2-0 c2)
31.884: (drive-truck t4 l4-4 l4-0 c4)
31.883: (drive-truck t0 l0-0 l0-2 c0)
31.936: (drive-truck t4 l4-0 l4-4 c4)
32.111: (drive-truck t2 l2-0 l2-1 c2)
32.059: (drive-truck t4 l4-4 l4-0 c4)
32.059: (drive-truck t2 l2-1 l2-4 c2)
32.081: (drive-truck t0 l0-2 l0-0 c0)
32.081: (drive-truck t2 l2-4 l2-1 c2)
32.314: (drive-truck t4 l4-0 l4-2 c4)
32.138: (drive-truck t2 l2-1 l2-0 c2)
32.314: (drive-truck t2 l2-0 l2-4 c2)
32.498: (drive-truck t0 l0-0 l0-3 c0)
32.447: (drive-truck t2 l2-4 l2-0 c2)
32.498: (drive-truck t2 l2-0 l2-1 c2)
32.875: (drive-truck t3 l3-2 l3-3 c3)
32.069: (drive-truck t4 l4-2 l4-0 c4)
32.007: (drive-truck t2 l2-1 l2-0 c2)
32.061: (drive-truck t4 l4-0 l4-4 c4)
32.121: (drive-truck t2 l2-0 l2-1 c2)
32.121: (drive-truck t2 l2-1 l2-4 c2)
32.069: (drive-truck t4 l4-4 l4-0 c4)
32.442: (drive-truck t0 l0-3 l0-2 c0)
32.267: (drive-truck t2 l2-4 l2-0 c2)
32.267: (drive-truck t0 l0-2 l0-0 c0)
32.196: (drive-truck t4 l4-0 l4-4 c4)
32.320: (drive-truck t0 l0-0 l0-2 c0)
32.494: (drive-truck t2 l2-0 l2-4 c2)
32.111: (drive-truck t3 l3-3 l3-2 c3)
32.844: (drive-truck t1 l1-0 l1-2 c1)
32.153: (drive-truck t4 l4-4 l4-3 c4)
31.784: (drive-truck t0 l0-2 l0-3 c0)
31.785: (drive-truck t2 l2-4 l2-1 c2)
31.788: (drive-truck t1 l1-2 l1-1 c1)
31.788: (drive-truck t2 l2-1 l2-4 c2)
31.790: (drive-truck t1 l1-1 l1-3 c1)
31.790: (drive-truck t2 l2-4 l2-1 c2)
31.993: (drive-truck t4 l4-3 l4-1 c4)
31.993: (drive-truck t2 l2-1 l2-4 c2)
31.994: (drive-truck t1 l1-3 l1-2 c1)
31.993: (drive-truck t2 l2-4 l2-1 c2)
31.997: (drive-truck t1 l1-2 l1-1 c1)
31.997: (drive-truck t2 l2-1 l2-4 c2)
32.354: (drive-truck t0 l0-3 l0-2 c0)
32.157: (drive-truck t4 l4-1 l4-3 c4)
32.156: (drive-truck t1 l1-1 l1-3 c1)
32.156: (drive-truck t2 l2-4 l2-1 c2)
32.153: (drive-truck t1 l1-3 l1-2 c1)
32.157: (drive-truck t1 l1-2 l1-1 c1)
32.262: (drive-truck t0 l0-2 l0-0 c0)
32.258: (drive-truck t1 l1-1 l1-2 c1)
32.259: (drive-truck t2 l2-1 l2-4 c2)
32.260: (drive-truck t1 l1-2 l1-3 c1)
32.260: (drive-truck t2 l2-4 l2-1 c2)
32.462: (drive-truck t4 l4-3 l4-1 c4)
32.348: (drive-truck t0 l0-0 l0-2 c0)
32.348: (drive-truck t2 l2-1 l2-4 c2)
32.351: (drive-truck t1 l1-3 l1-2 c1)
32.351: (drive-truck t2 l2-4 l2-1 c2)
32.354: (drive-truck t1 l1-2 l1-1 c1)
32.469: (drive-truck t0 l0-2 l0-0 c0)
32.466: (drive-truck t1 l1-1 l1-2 c1)
32.466: (drive-truck t2 l2-1 l2-4 c2)
32.462: (drive-truck t1 l1-2 l1-3 c1)
32.470: (drive-truck t1 l1-3 l1-1 c1)
32.262: (drive-truck t4 l4-1 l4-3 c4)
32.645: (drive-truck t3 l3-2 l3-3 c3)
32.169: (drive-truck t0 l0-0 l0-3 c0)
32.165: (drive-truck t1 l1-1 l1-2 c1)
32.166: (drive-truck t2 l2-4 l2-1 c2)
32.169: (drive-truck t1 l1-2 l1-1 c1)
32.172: (drive-truck t1 l1-1 l1-3 c1)
32.172: (drive-truck t2 l2-1 l2-4 c2)
32.381: (drive-truck t4 l4-3 l4-1 c4)
32.374: (drive-truck t1 l1-3 l1-2 c1)
32.374: (drive-truck t2 l2-4 l2-1 c2)
32.378: (drive-truck t1 l1-2 l1-1 c1)
32.378: (drive-truck t2 l2-1 l2-4 c2)
32.726: (drive-truck t3 l3-3 l3-1 c3)
32.656: (drive-truck t1 l1-1 l1-3 c1)
32.656: (drive-truck t2 l2-4 l2-1 c2)
32.381: (drive-truck t3 l3-1 l3-3 c3)
32.737: (drive-truck t0 l0-3 l0-2 c0)
32.540: (drive-truck t4 l4-1 l4-3 c4)
32.536: (drive-truck t1 l1-3 l1-2 c1)
32.536: (drive-truck t2 l2-1 l2-4 c2)
32.539: (drive-truck t1 l1-2 l1-3 c1)
32.540: (drive-truck t1 l1-3 l1-1 c1)
32.540: (drive-truck t2 l2-4 l2-1 c2)
32.645: (drive-truck t0 l0-2 l0-0 c0)
32.641: (drive-truck t1 l1-1 l1-2 c1)
32.642: (drive-truck t2 l2-1 l2-4 c2)
32.644: (drive-truck t1 l1-2 l1-3 c1)
32.644: (drive-truck t2 l2-4 l2-1 c2)
32.851: (drive-truck t4 l4-3 l4-1 c4)
32.122: (drive-truck t1 l1-3 l1-0 c1)
32.389: (drive-truck t4 l4-1 l4-4 c4)
32.389: (drive-truck t2 l2-1 l2-4 c2)
32.463: (drive-truck t4 l4-4 l4-0 c4)
32.463: (drive-truck t2 l2-4 l2-1 c2)
32.442: (drive-truck t0 l0-0 l0-2 c0)
32.494: (drive-truck t4 l4-0 l4-4 c4)
33.086: (drive-truck t3 l3-3 l3-1 c3)
32.361: (drive-truck t4 l4-4 l4-1 c4)
32.190: (drive-truck t2 l2-1 l2-0 c2)
32.361: (drive-truck t2 l2-0 l2-4 c2)
32.380: (drive-truck t4 l4-1 l4-3 c4)
32.497: (drive-truck t0 l0-2 l0-0 c0)
32.470: (drive-truck t4 l4-3 l4-1 c4)
32.470: (drive-truck t2 l2-4 l2-1 c2)
32.497: (drive-truck t4 l4-1 l4-3 c4)
32.919: (drive-truck t3 l3-1 l3-4 c3)
32.556: (drive-truck t2 l2-1 l2-3 c2)
32.286: (drive-truck t4 l4-3 l4-1 c4)
32.243: (drive-truck t0 l0-0 l0-2 c0)
32.284: (drive-truck t2 l2-3 l2-2 c2)
32.330: (drive-truck t0 l0-2 l0-0 c0)
32.550: (drive-truck t1 l1-0 l1-2 c1)
32.501: (drive-truck t2 l2-2 l2-3 c2)
32.454: (drive-truck t0 l0-0 l0-2 c0)
32.458: (drive-truck t1 l1-2 l1-1 c1)
32.504: (drive-truck t0 l0-2 l0-0 c0)
32.554: (drive-truck t2 l2-3 l2-2 c2)
32.172: (drive-truck t3 l3-4 l3-1 c3)
32.124: (drive-truck t0 l0-0 l0-2 c0)
32.120: (drive-truck t1 l1-1 l1-2 c1)
32.336: (drive-truck t4 l4-1 l4-3 c4)
32.267: (drive-truck t1 l1-2 l1-3 c1)
32.230: (drive-truck t2 l2-2 l2-3 c2)
32.273: (drive-truck t0 l0-2 l0-0 c0)
32.312: (drive-truck t2 l2-3 l2-2 c2)
32.382: (drive-truck t1 l1-3 l1-2 c1)
32.343: (drive-truck t2 l2-2 l2-3 c2)
32.346: (drive-truck t1 l1-2 l1-1 c1)
32.302: (drive-truck t0 l0-0 l0-2 c0)
32.339: (drive-truck t2 l2-3 l2-2 c2)
32.386: (drive-truck t0 l0-2 l0-0 c0)
32.687: (drive-truck t4 l4-3 l4-4 c4)
32.429: (drive-truck t0 l0-0 l0-3 c0)
32.188: (drive-truck t1 l1-1 l1-0 c1)
32.134: (drive-truck t4 l4-4 l4-0 c4)
32.091: (drive-truck t2 l2-2 l2-3 c2)
32.145: (drive-truck t4 l4-0 l4-4 c4)
32.308: (drive-truck t1 l1-0 l1-3 c1)
32.233: (drive-truck t4 l4-4 l4-0 c4)
32.282: (drive-truck t2 l2-3 l2-2 c2)
32.349: (drive-truck t1 l1-3 l1-2 c1)
32.300: (drive-truck t2 l2-2 l2-3 c2)
32.304: (drive-truck t1 l1-2 l1-1 c1)
32.353: (drive-truck t2 l2-3 l2-2 c2)
32.737: (drive-truck t0 l0-3 l0-0 c0)
32.527: (drive-truck t1 l1-1 l1-0 c1)
32.455: (drive-truck t4 l4-0 l4-4 c4)
32.411: (drive-truck t2 l2-2 l2-3 c2)
32.483: (drive-truck t4 l4-4 l4-0 c4)
32.529: (drive-truck t0 l0-0 l0-2 c0)
32.569: (drive-truck t2 l2-3 l2-2 c2)
32.624: (drive-truck t4 l4-0 l4-4 c4)
32.584: (drive-truck t2 l2-2 l2-3 c2)
32.735: (drive-truck t1 l1-0 l1-3 c1)
32.565: (drive-truck t0 l0-2 l0-0 c0)
32.613: (drive-truck t2 l2-3 l2-2 c2)
32.357: (drive-truck t0 l0-0 l0-3 c0)
32.425: (drive-truck t1 l1-3 l1-2 c1)
32.376: (drive-truck t2 l2-2 l2-3 c2)
32.380: (drive-truck t1 l1-2 l1-1 c1)
32.638: (drive-truck t0 l0-3 l0-0 c0)
32.634: (drive-truck t1 l1-1 l1-2 c1)
32.683: (drive-truck t2 l2-3 l2-2 c2)
32.734: (drive-truck t4 l4-4 l4-0 c4)
32.664: (drive-truck t1 l1-2 l1-3 c1)
32.614: (drive-truck t2 l2-2 l2-3 c2)
32.660: (drive-truck t0 l0-0 l0-2 c0)
32.707: (drive-truck t2 l2-3 l2-2 c2)
32.774: (drive-truck t1 l1-3 l1-2 c1)
32.189: (drive-truck t3 l3-1 l3-3 c3)
33.033: (drive-truck t4 l4-0 l4-2 c4)
32.651: (drive-truck t3 l3-3 l3-2 c3)
32.440: (drive-truck t1 l1-2 l1-0 c1)
32.400: (drive-truck t2 l2-2 l2-3 c2)
32.604: (drive-truck t1 l1-0 l1-3 c1)
32.604: (drive-truck t1 l1-3 l1-2 c1)
32.608: (drive-truck t1 l1-2 l1-1 c1)
32.654: (drive-truck t2 l2-3 l2-2 c2)
31.891: (drive-truck t4 l4-2 l4-4 c4)
32.274: (drive-truck t3 l3-2 l3-3 c3)
32.272: (drive-truck t1 l1-1 l1-3 c1)
32.781: (drive-truck t3 l3-3 l3-1 c3)
32.850: (drive-truck t1 l1-3 l1-2 c1)
32.854: (drive-truck t1 l1-2 l1-1 c1)
Failed to find a solution!
