/u/ibrahim.eisawy/Neural-Guided-Search/venv/lib/python3.10/site-packages/pymimir_rgnn/model.py:162: UserWarning: index_reduce() is in beta and the API may change at any time. (Triggered internally at /pytorch/aten/src/ATen/native/cuda/Indexing.cu:1541.)
  exps_max.index_reduce_(0, output_indices, output_messages, reduce="amax", include_self=False)
Torch: 2.12.0+cu130
Using GPU:  NVIDIA L40S
292.339: (switch_on instrument1 satellite0)
304.597: (calibrate satellite0 instrument1 star0)
233.644: (turn_to satellite0 phenomenon51 star0)
309.655: (take_image satellite0 phenomenon51 instrument1 infrared4)
230.827: (turn_to satellite0 star69 phenomenon51)
305.733: (take_image satellite0 star69 instrument1 thermograph0)
225.421: (turn_to satellite0 phenomenon55 star69)
302.442: (take_image satellite0 phenomenon55 instrument1 infrared4)
302.508: (take_image satellite0 phenomenon55 instrument1 thermograph0)
286.332: (turn_to satellite0 groundstation27 phenomenon55)
226.621: (turn_to satellite0 star58 groundstation27)
302.441: (take_image satellite0 star58 instrument1 infrared4)
302.511: (take_image satellite0 star58 instrument1 thermograph0)
286.336: (turn_to satellite0 groundstation27 star58)
226.703: (turn_to satellite0 phenomenon55 groundstation27)
285.625: (turn_to satellite4 groundstation27 star67)
284.237: (turn_to satellite0 groundstation27 phenomenon55)
225.019: (turn_to satellite0 star58 groundstation27)
284.062: (switch_on instrument9 satellite4)
295.689: (calibrate satellite4 instrument9 groundstation27)
221.245: (turn_to satellite4 phenomenon55 groundstation27)
302.253: (take_image satellite4 phenomenon55 instrument9 infrared2)
286.067: (turn_to satellite4 groundstation27 phenomenon55)
221.190: (turn_to satellite4 star59 groundstation27)
302.245: (take_image satellite4 star59 instrument9 infrared2)
286.081: (turn_to satellite4 groundstation27 star59)
221.268: (turn_to satellite4 phenomenon55 groundstation27)
285.768: (turn_to satellite0 groundstation27 star58)
224.338: (turn_to satellite0 star59 groundstation27)
302.265: (take_image satellite0 star59 instrument1 infrared4)
302.262: (take_image satellite0 star59 instrument1 thermograph0)
286.080: (turn_to satellite4 groundstation27 phenomenon55)
221.262: (turn_to satellite4 star58 groundstation27)
302.303: (take_image satellite4 star58 instrument9 infrared2)
286.081: (turn_to satellite4 groundstation27 star58)
221.261: (turn_to satellite4 phenomenon55 groundstation27)
285.767: (turn_to satellite0 groundstation27 star59)
224.333: (turn_to satellite0 star58 groundstation27)
286.081: (turn_to satellite4 groundstation27 phenomenon55)
221.261: (turn_to satellite4 star59 groundstation27)
285.767: (turn_to satellite0 groundstation27 star58)
224.333: (turn_to satellite0 phenomenon55 groundstation27)
286.081: (turn_to satellite4 groundstation27 star59)
221.261: (turn_to satellite4 star58 groundstation27)
285.767: (turn_to satellite0 groundstation27 phenomenon55)
224.268: (turn_to satellite0 star61 groundstation27)
302.247: (take_image satellite0 star61 instrument1 infrared4)
302.271: (take_image satellite0 star61 instrument1 thermograph0)
286.085: (turn_to satellite4 groundstation27 star58)
221.277: (turn_to satellite4 phenomenon55 groundstation27)
285.768: (turn_to satellite0 groundstation27 star61)
224.353: (turn_to satellite0 star58 groundstation27)
286.087: (turn_to satellite4 groundstation27 phenomenon55)
221.278: (turn_to satellite4 star59 groundstation27)
285.773: (turn_to satellite0 groundstation27 star58)
224.353: (turn_to satellite0 phenomenon55 groundstation27)
286.087: (turn_to satellite4 groundstation27 star59)
221.278: (turn_to satellite4 star58 groundstation27)
285.773: (turn_to satellite0 groundstation27 phenomenon55)
224.353: (turn_to satellite0 star59 groundstation27)
286.087: (turn_to satellite4 groundstation27 star58)
221.278: (turn_to satellite4 phenomenon55 groundstation27)
284.820: (turn_to satellite2 groundstation47 groundstation27)
278.693: (turn_to satellite4 groundstation47 phenomenon55)
223.020: (turn_to satellite4 star58 groundstation47)
278.422: (turn_to satellite0 groundstation47 star59)
224.779: (turn_to satellite0 phenomenon55 groundstation47)
278.693: (turn_to satellite4 groundstation47 star58)
223.020: (turn_to satellite4 star59 groundstation47)
278.422: (turn_to satellite0 groundstation47 phenomenon55)
224.779: (turn_to satellite0 star58 groundstation47)
278.693: (turn_to satellite4 groundstation47 star59)
223.020: (turn_to satellite4 phenomenon55 groundstation47)
278.422: (turn_to satellite0 groundstation47 star58)
224.777: (turn_to satellite0 star61 groundstation47)
278.691: (turn_to satellite4 groundstation47 phenomenon55)
223.018: (turn_to satellite4 star58 groundstation47)
277.337: (turn_to satellite2 star37 groundstation47)
282.234: (turn_to satellite4 star37 star58)
226.007: (turn_to satellite4 phenomenon55 star37)
281.792: (turn_to satellite0 star37 star61)
224.905: (turn_to satellite0 star58 star37)
282.236: (turn_to satellite4 star37 phenomenon55)
226.009: (turn_to satellite4 star59 star37)
281.797: (turn_to satellite0 star37 star58)
224.905: (turn_to satellite0 phenomenon55 star37)
282.236: (turn_to satellite4 star37 star59)
226.009: (turn_to satellite4 star58 star37)
281.797: (turn_to satellite0 star37 phenomenon55)
224.905: (turn_to satellite0 star59 star37)
282.236: (turn_to satellite4 star37 star58)
226.009: (turn_to satellite4 phenomenon55 star37)
280.551: (switch_on instrument6 satellite2)
292.281: (turn_to satellite2 star12 star37)
298.033: (calibrate satellite2 instrument6 star12)
221.904: (turn_to satellite2 star58 star12)
301.031: (take_image satellite2 star58 instrument6 image3)
219.406: (turn_to satellite2 star61 star58)
296.030: (take_image satellite2 star61 instrument6 infrared1)
296.121: (take_image satellite2 star61 instrument6 image3)
214.101: (turn_to satellite2 planet54 star61)
292.633: (take_image satellite2 planet54 instrument6 infrared1)
208.741: (turn_to satellite2 star50 planet54)
288.665: (take_image satellite2 star50 instrument6 image3)
288.699: (take_image satellite2 star50 instrument6 infrared4)
288.691: (take_image satellite2 star50 instrument6 infrared1)
271.009: (turn_to satellite4 star29 phenomenon55)
204.831: (turn_to satellite4 star52 star29)
289.329: (take_image satellite4 star52 instrument9 infrared2)
201.563: (turn_to satellite4 phenomenon55 star52)
267.495: (turn_to satellite4 groundstation17 phenomenon55)
199.861: (turn_to satellite4 phenomenon53 groundstation17)
285.343: (take_image satellite4 phenomenon53 instrument9 infrared2)
267.503: (turn_to satellite4 groundstation17 phenomenon53)
199.948: (turn_to satellite4 phenomenon55 groundstation17)
267.504: (turn_to satellite4 star29 phenomenon55)
199.819: (turn_to satellite4 phenomenon57 star29)
285.354: (take_image satellite4 phenomenon57 instrument9 infrared2)
267.513: (turn_to satellite4 groundstation17 phenomenon57)
199.976: (turn_to satellite4 phenomenon55 groundstation17)
267.514: (turn_to satellite4 star29 phenomenon55)
199.900: (turn_to satellite4 phenomenon53 star29)
267.512: (turn_to satellite4 star37 phenomenon53)
203.792: (turn_to satellite4 planet60 star37)
285.364: (take_image satellite4 planet60 instrument9 infrared2)
267.523: (turn_to satellite4 groundstation17 planet60)
200.004: (turn_to satellite4 phenomenon55 groundstation17)
267.524: (turn_to satellite4 star29 phenomenon55)
199.928: (turn_to satellite4 phenomenon53 star29)
267.523: (turn_to satellite4 star37 phenomenon53)
203.910: (turn_to satellite4 phenomenon57 star37)
267.516: (turn_to satellite4 groundstation47 phenomenon57)
200.912: (turn_to satellite4 star68 groundstation47)
285.374: (take_image satellite4 star68 instrument9 infrared2)
267.533: (turn_to satellite4 groundstation17 star68)
200.032: (turn_to satellite4 phenomenon55 groundstation17)
267.534: (turn_to satellite4 star29 phenomenon55)
199.956: (turn_to satellite4 phenomenon53 star29)
267.533: (turn_to satellite4 star37 phenomenon53)
203.937: (turn_to satellite4 phenomenon57 star37)
267.526: (turn_to satellite4 groundstation47 phenomenon57)
200.992: (turn_to satellite4 planet60 groundstation47)
267.526: (turn_to satellite4 star0 planet60)
200.618: (turn_to satellite4 phenomenon78 star0)
285.384: (take_image satellite4 phenomenon78 instrument9 infrared2)
267.544: (turn_to satellite4 groundstation17 phenomenon78)
200.060: (turn_to satellite4 phenomenon55 groundstation17)
267.544: (turn_to satellite4 star29 phenomenon55)
199.984: (turn_to satellite4 phenomenon53 star29)
267.543: (turn_to satellite4 star37 phenomenon53)
203.964: (turn_to satellite4 phenomenon57 star37)
267.537: (turn_to satellite4 groundstation47 phenomenon57)
201.016: (turn_to satellite4 planet60 groundstation47)
267.536: (turn_to satellite4 star0 planet60)
200.698: (turn_to satellite4 star68 star0)
267.533: (turn_to satellite4 star21 star68)
199.641: (turn_to satellite4 phenomenon79 star21)
285.394: (take_image satellite4 phenomenon79 instrument9 infrared2)
267.554: (turn_to satellite4 groundstation17 phenomenon79)
200.088: (turn_to satellite4 phenomenon55 groundstation17)
267.554: (turn_to satellite4 star29 phenomenon55)
200.012: (turn_to satellite4 phenomenon53 star29)
267.553: (turn_to satellite4 star37 phenomenon53)
203.991: (turn_to satellite4 phenomenon57 star37)
267.547: (turn_to satellite4 groundstation47 phenomenon57)
201.041: (turn_to satellite4 planet60 groundstation47)
267.546: (turn_to satellite4 star0 planet60)
200.723: (turn_to satellite4 star68 star0)
267.543: (turn_to satellite4 star21 star68)
199.722: (turn_to satellite4 phenomenon78 star21)
267.543: (turn_to satellite4 star43 phenomenon78)
199.669: (turn_to satellite4 planet80 star43)
285.405: (take_image satellite4 planet80 instrument9 infrared2)
267.564: (turn_to satellite4 groundstation17 planet80)
200.115: (turn_to satellite4 phenomenon55 groundstation17)
267.564: (turn_to satellite4 star29 phenomenon55)
200.039: (turn_to satellite4 phenomenon53 star29)
267.563: (turn_to satellite4 star37 phenomenon53)
204.018: (turn_to satellite4 phenomenon57 star37)
267.557: (turn_to satellite4 groundstation47 phenomenon57)
201.066: (turn_to satellite4 planet60 groundstation47)
267.556: (turn_to satellite4 star0 planet60)
200.750: (turn_to satellite4 star68 star0)
267.553: (turn_to satellite4 star21 star68)
199.749: (turn_to satellite4 phenomenon78 star21)
267.553: (turn_to satellite4 star43 phenomenon78)
199.749: (turn_to satellite4 phenomenon79 star43)
267.553: (turn_to satellite4 star12 phenomenon79)
200.343: (turn_to satellite4 phenomenon63 star12)
285.412: (take_image satellite4 phenomenon63 instrument9 infrared2)
267.572: (turn_to satellite4 groundstation17 phenomenon63)
200.143: (turn_to satellite4 phenomenon55 groundstation17)
267.574: (turn_to satellite4 star29 phenomenon55)
200.067: (turn_to satellite4 star68 star29)
267.573: (turn_to satellite4 star37 star68)
204.045: (turn_to satellite4 phenomenon53 star37)
267.567: (turn_to satellite4 groundstation47 phenomenon53)
201.091: (turn_to satellite4 phenomenon57 groundstation47)
267.567: (turn_to satellite4 star0 phenomenon57)
200.776: (turn_to satellite4 planet60 star0)
267.564: (turn_to satellite4 star21 planet60)
199.777: (turn_to satellite4 phenomenon78 star21)
267.564: (turn_to satellite4 star43 phenomenon78)
199.777: (turn_to satellite4 phenomenon79 star43)
267.564: (turn_to satellite4 star12 phenomenon79)
200.426: (turn_to satellite4 planet80 star12)
267.562: (turn_to satellite4 groundstation39 planet80)
201.740: (turn_to satellite4 planet64 groundstation39)
285.422: (take_image satellite4 planet64 instrument9 infrared2)
267.582: (turn_to satellite4 groundstation17 planet64)
200.170: (turn_to satellite4 phenomenon55 groundstation17)
267.584: (turn_to satellite4 star29 phenomenon55)
200.094: (turn_to satellite4 phenomenon53 star29)
267.583: (turn_to satellite4 star37 phenomenon53)
204.072: (turn_to satellite4 phenomenon57 star37)
267.577: (turn_to satellite4 groundstation47 phenomenon57)
201.115: (turn_to satellite4 planet60 groundstation47)
267.577: (turn_to satellite4 star0 planet60)
200.804: (turn_to satellite4 star68 star0)
267.574: (turn_to satellite4 star21 star68)
199.804: (turn_to satellite4 phenomenon78 star21)
267.574: (turn_to satellite4 star43 phenomenon78)
199.804: (turn_to satellite4 phenomenon79 star43)
267.574: (turn_to satellite4 star12 phenomenon79)
200.454: (turn_to satellite4 planet80 star12)
267.572: (turn_to satellite4 groundstation39 planet80)
201.821: (turn_to satellite4 phenomenon63 groundstation39)
267.568: (turn_to satellite4 groundstation31 phenomenon63)
200.756: (turn_to satellite4 phenomenon65 groundstation31)
285.432: (take_image satellite4 phenomenon65 instrument9 infrared2)
267.592: (turn_to satellite4 groundstation17 phenomenon65)
200.198: (turn_to satellite4 phenomenon55 groundstation17)
267.594: (turn_to satellite4 star29 phenomenon55)
200.122: (turn_to satellite4 phenomenon53 star29)
267.593: (turn_to satellite4 star37 phenomenon53)
204.099: (turn_to satellite4 phenomenon57 star37)
267.587: (turn_to satellite4 groundstation47 phenomenon57)
201.140: (turn_to satellite4 planet60 groundstation47)
267.587: (turn_to satellite4 star0 planet60)
200.831: (turn_to satellite4 star68 star0)
267.584: (turn_to satellite4 star21 star68)
199.832: (turn_to satellite4 phenomenon78 star21)
267.584: (turn_to satellite4 star43 phenomenon78)
199.832: (turn_to satellite4 phenomenon79 star43)
267.583: (turn_to satellite4 star12 phenomenon79)
200.481: (turn_to satellite4 planet80 star12)
267.582: (turn_to satellite4 groundstation39 planet80)
201.847: (turn_to satellite4 phenomenon63 groundstation39)
267.578: (turn_to satellite4 groundstation31 phenomenon63)
200.837: (turn_to satellite4 planet64 groundstation31)
267.578: (turn_to satellite4 groundstation34 planet64)
200.705: (turn_to satellite4 star71 groundstation34)
285.442: (take_image satellite4 star71 instrument9 infrared2)
267.602: (turn_to satellite4 groundstation17 star71)
200.225: (turn_to satellite4 phenomenon55 groundstation17)
267.604: (turn_to satellite4 star29 phenomenon55)
200.149: (turn_to satellite4 star68 star29)
267.603: (turn_to satellite4 star37 star68)
204.126: (turn_to satellite4 phenomenon53 star37)
267.597: (turn_to satellite4 groundstation47 phenomenon53)
201.164: (turn_to satellite4 phenomenon57 groundstation47)
267.597: (turn_to satellite4 star0 phenomenon57)
200.859: (turn_to satellite4 planet60 star0)
267.594: (turn_to satellite4 star21 planet60)
199.859: (turn_to satellite4 phenomenon78 star21)
267.594: (turn_to satellite4 star43 phenomenon78)
199.859: (turn_to satellite4 phenomenon79 star43)
267.593: (turn_to satellite4 star12 phenomenon79)
200.509: (turn_to satellite4 planet80 star12)
267.592: (turn_to satellite4 groundstation39 planet80)
201.874: (turn_to satellite4 phenomenon63 groundstation39)
267.588: (turn_to satellite4 groundstation31 phenomenon63)
200.864: (turn_to satellite4 planet64 groundstation31)
267.588: (turn_to satellite4 star25 planet64)
200.821: (turn_to satellite4 phenomenon65 star25)
267.588: (turn_to satellite4 groundstation34 phenomenon65)
200.729: (turn_to satellite4 planet72 groundstation34)
285.452: (take_image satellite4 planet72 instrument9 infrared2)
267.612: (turn_to satellite4 groundstation17 planet72)
200.252: (turn_to satellite4 phenomenon55 groundstation17)
267.614: (turn_to satellite4 star29 phenomenon55)
200.176: (turn_to satellite4 phenomenon53 star29)
267.613: (turn_to satellite4 star37 phenomenon53)
204.153: (turn_to satellite4 phenomenon57 star37)
267.607: (turn_to satellite4 groundstation47 phenomenon57)
201.189: (turn_to satellite4 planet60 groundstation47)
267.607: (turn_to satellite4 star0 planet60)
200.887: (turn_to satellite4 star68 star0)
267.604: (turn_to satellite4 star21 star68)
199.886: (turn_to satellite4 phenomenon78 star21)
267.604: (turn_to satellite4 star43 phenomenon78)
199.886: (turn_to satellite4 phenomenon79 star43)
267.603: (turn_to satellite4 star12 phenomenon79)
200.536: (turn_to satellite4 planet80 star12)
267.602: (turn_to satellite4 groundstation39 planet80)
201.901: (turn_to satellite4 phenomenon63 groundstation39)
267.598: (turn_to satellite4 groundstation31 phenomenon63)
200.891: (turn_to satellite4 planet64 groundstation31)
267.598: (turn_to satellite4 star25 planet64)
200.847: (turn_to satellite4 phenomenon65 star25)
267.598: (turn_to satellite4 groundstation34 phenomenon65)
200.809: (turn_to satellite4 star71 groundstation34)
267.597: (turn_to satellite4 star24 star71)
200.566: (turn_to satellite4 star77 star24)
285.462: (take_image satellite4 star77 instrument9 infrared2)
267.622: (turn_to satellite4 groundstation17 star77)
200.279: (turn_to satellite4 phenomenon55 groundstation17)
267.624: (turn_to satellite4 star37 phenomenon55)
204.180: (turn_to satellite4 phenomenon53 star37)
267.622: (turn_to satellite4 star29 phenomenon53)
200.203: (turn_to satellite4 phenomenon57 star29)
267.617: (turn_to satellite4 groundstation47 phenomenon57)
201.213: (turn_to satellite4 planet60 groundstation47)
267.617: (turn_to satellite4 star0 planet60)
200.914: (turn_to satellite4 star68 star0)
267.613: (turn_to satellite4 star21 star68)
199.914: (turn_to satellite4 phenomenon78 star21)
267.613: (turn_to satellite4 star43 phenomenon78)
199.914: (turn_to satellite4 phenomenon79 star43)
267.613: (turn_to satellite4 star12 phenomenon79)
200.564: (turn_to satellite4 planet80 star12)
267.612: (turn_to satellite4 groundstation39 planet80)
201.928: (turn_to satellite4 phenomenon63 groundstation39)
267.608: (turn_to satellite4 groundstation31 phenomenon63)
200.918: (turn_to satellite4 planet64 groundstation31)
267.608: (turn_to satellite4 groundstation34 planet64)
200.833: (turn_to satellite4 phenomenon65 groundstation34)
267.608: (turn_to satellite4 star25 phenomenon65)
200.874: (turn_to satellite4 star71 star25)
267.607: (turn_to satellite4 star24 star71)
200.648: (turn_to satellite4 planet72 star24)
267.607: (turn_to satellite4 groundstation20 planet72)
200.593: (turn_to satellite4 planet84 groundstation20)
285.472: (take_image satellite4 planet84 instrument9 infrared2)
267.632: (turn_to satellite4 groundstation17 planet84)
200.307: (turn_to satellite4 phenomenon55 groundstation17)
267.634: (turn_to satellite4 star37 phenomenon55)
204.207: (turn_to satellite4 phenomenon53 star37)
267.632: (turn_to satellite4 star29 phenomenon53)
200.230: (turn_to satellite4 phenomenon57 star29)
267.626: (turn_to satellite4 groundstation47 phenomenon57)
201.237: (turn_to satellite4 planet60 groundstation47)
267.626: (turn_to satellite4 star0 planet60)
200.942: (turn_to satellite4 star68 star0)
267.623: (turn_to satellite4 star12 star68)
200.591: (turn_to satellite4 phenomenon78 star12)
267.623: (turn_to satellite4 star21 phenomenon78)
199.941: (turn_to satellite4 phenomenon79 star21)
267.623: (turn_to satellite4 star43 phenomenon79)
199.941: (turn_to satellite4 planet80 star43)
267.622: (turn_to satellite4 groundstation39 planet80)
201.956: (turn_to satellite4 phenomenon63 groundstation39)
267.618: (turn_to satellite4 groundstation31 phenomenon63)
200.946: (turn_to satellite4 planet64 groundstation31)
267.618: (turn_to satellite4 groundstation34 planet64)
200.858: (turn_to satellite4 phenomenon65 groundstation34)
267.618: (turn_to satellite4 star25 phenomenon65)
200.901: (turn_to satellite4 star71 star25)
267.616: (turn_to satellite4 star24 star71)
200.675: (turn_to satellite4 planet72 star24)
267.616: (turn_to satellite4 groundstation20 planet72)
200.675: (turn_to satellite4 star77 groundstation20)
267.615: (turn_to satellite4 star5 star77)
199.897: (turn_to satellite4 star56 star5)
285.483: (take_image satellite4 star56 instrument9 infrared2)
196.919: (turn_to satellite4 phenomenon55 star56)
263.773: (turn_to satellite4 star37 phenomenon55)
199.065: (turn_to satellite4 phenomenon53 star37)
263.768: (turn_to satellite4 groundstation17 phenomenon53)
195.271: (turn_to satellite4 phenomenon57 groundstation17)
263.766: (turn_to satellite4 star29 phenomenon57)
195.199: (turn_to satellite4 planet60 star29)
263.761: (turn_to satellite4 star0 planet60)
195.847: (turn_to satellite4 star68 star0)
263.761: (turn_to satellite4 groundstation47 star68)
196.118: (turn_to satellite4 phenomenon78 groundstation47)
263.757: (turn_to satellite4 star12 phenomenon78)
195.496: (turn_to satellite4 phenomenon79 star12)
263.757: (turn_to satellite4 star21 phenomenon79)
194.910: (turn_to satellite4 planet80 star21)
263.757: (turn_to satellite4 star43 planet80)
194.909: (turn_to satellite4 phenomenon63 star43)
263.756: (turn_to satellite4 groundstation39 phenomenon63)
196.857: (turn_to satellite4 planet64 groundstation39)
263.753: (turn_to satellite4 groundstation31 planet64)
195.852: (turn_to satellite4 phenomenon65 groundstation31)
263.753: (turn_to satellite4 groundstation34 phenomenon65)
195.759: (turn_to satellite4 star71 groundstation34)
263.753: (turn_to satellite4 star25 star71)
195.807: (turn_to satellite4 planet72 star25)
263.751: (turn_to satellite4 star24 planet72)
195.581: (turn_to satellite4 star77 star24)
263.751: (turn_to satellite4 groundstation20 star77)
195.581: (turn_to satellite4 planet84 groundstation20)
263.750: (turn_to satellite4 star5 planet84)
194.866: (turn_to satellite4 star67 star5)
281.617: (take_image satellite4 star67 instrument9 infrared2)
263.770: (turn_to satellite4 star37 star67)
199.107: (turn_to satellite4 phenomenon55 star37)
263.780: (turn_to satellite4 groundstation17 phenomenon55)
195.298: (turn_to satellite4 phenomenon53 groundstation17)
263.775: (turn_to satellite4 star29 phenomenon53)
195.227: (turn_to satellite4 phenomenon57 star29)
263.770: (turn_to satellite4 star0 phenomenon57)
195.874: (turn_to satellite4 planet60 star0)
263.770: (turn_to satellite4 groundstation47 planet60)
196.145: (turn_to satellite4 star68 groundstation47)
263.767: (turn_to satellite4 star12 star68)
195.523: (turn_to satellite4 phenomenon78 star12)
263.766: (turn_to satellite4 star21 phenomenon78)
194.937: (turn_to satellite4 phenomenon79 star21)
263.766: (turn_to satellite4 star43 phenomenon79)
194.937: (turn_to satellite4 planet80 star43)
263.766: (turn_to satellite4 groundstation39 planet80)
196.884: (turn_to satellite4 phenomenon63 groundstation39)
263.762: (turn_to satellite4 groundstation31 phenomenon63)
195.879: (turn_to satellite4 planet64 groundstation31)
263.762: (turn_to satellite4 star25 planet64)
195.834: (turn_to satellite4 phenomenon65 star25)
263.762: (turn_to satellite4 groundstation34 phenomenon65)
195.786: (turn_to satellite4 star71 groundstation34)
263.760: (turn_to satellite4 star24 star71)
195.608: (turn_to satellite4 planet72 star24)
263.760: (turn_to satellite4 groundstation20 planet72)
195.608: (turn_to satellite4 star77 groundstation20)
263.759: (turn_to satellite4 star5 star77)
194.947: (turn_to satellite4 planet84 star5)
263.759: (turn_to satellite4 star6 planet84)
194.893: (turn_to satellite4 phenomenon70 star6)
281.626: (take_image satellite4 phenomenon70 instrument9 infrared2)
263.780: (turn_to satellite4 star37 phenomenon70)
199.133: (turn_to satellite4 phenomenon55 star37)
263.790: (turn_to satellite4 groundstation17 phenomenon55)
195.325: (turn_to satellite4 phenomenon53 groundstation17)
263.784: (turn_to satellite4 star29 phenomenon53)
195.254: (turn_to satellite4 phenomenon57 star29)
263.779: (turn_to satellite4 star0 phenomenon57)
195.901: (turn_to satellite4 planet60 star0)
263.779: (turn_to satellite4 groundstation47 planet60)
196.172: (turn_to satellite4 star68 groundstation47)
263.776: (turn_to satellite4 star12 star68)
195.550: (turn_to satellite4 phenomenon78 star12)
263.776: (turn_to satellite4 star21 phenomenon78)
194.964: (turn_to satellite4 phenomenon79 star21)
263.776: (turn_to satellite4 star43 phenomenon79)
194.964: (turn_to satellite4 planet80 star43)
263.775: (turn_to satellite4 groundstation39 planet80)
196.911: (turn_to satellite4 phenomenon63 groundstation39)
263.771: (turn_to satellite4 groundstation31 phenomenon63)
195.906: (turn_to satellite4 planet64 groundstation31)
263.771: (turn_to satellite4 groundstation34 planet64)
195.813: (turn_to satellite4 phenomenon65 groundstation34)
263.771: (turn_to satellite4 star25 phenomenon65)
195.861: (turn_to satellite4 star71 star25)
263.770: (turn_to satellite4 star24 star71)
195.635: (turn_to satellite4 planet72 star24)
263.770: (turn_to satellite4 groundstation20 planet72)
195.635: (turn_to satellite4 star77 groundstation20)
263.768: (turn_to satellite4 star5 star77)
194.974: (turn_to satellite4 planet84 star5)
263.768: (turn_to satellite4 star6 planet84)
194.973: (turn_to satellite4 star67 star6)
263.761: (turn_to satellite4 star1 star67)
195.835: (turn_to satellite4 star76 star1)
281.636: (take_image satellite4 star76 instrument9 infrared2)
263.789: (turn_to satellite4 star37 star76)
199.159: (turn_to satellite4 phenomenon55 star37)
263.799: (turn_to satellite4 groundstation17 phenomenon55)
195.352: (turn_to satellite4 phenomenon53 groundstation17)
263.793: (turn_to satellite4 star29 phenomenon53)
195.280: (turn_to satellite4 phenomenon57 star29)
263.788: (turn_to satellite4 star0 phenomenon57)
195.928: (turn_to satellite4 planet60 star0)
263.788: (turn_to satellite4 groundstation47 planet60)
196.199: (turn_to satellite4 star68 groundstation47)
263.785: (turn_to satellite4 star12 star68)
195.577: (turn_to satellite4 phenomenon78 star12)
263.785: (turn_to satellite4 star21 phenomenon78)
194.991: (turn_to satellite4 phenomenon79 star21)
263.785: (turn_to satellite4 star43 phenomenon79)
194.991: (turn_to satellite4 planet80 star43)
263.784: (turn_to satellite4 groundstation39 planet80)
196.937: (turn_to satellite4 phenomenon63 groundstation39)
263.780: (turn_to satellite4 groundstation31 phenomenon63)
195.933: (turn_to satellite4 planet64 groundstation31)
263.780: (turn_to satellite4 groundstation34 planet64)
195.840: (turn_to satellite4 phenomenon65 groundstation34)
263.780: (turn_to satellite4 star25 phenomenon65)
195.888: (turn_to satellite4 star71 star25)
263.779: (turn_to satellite4 star24 star71)
195.662: (turn_to satellite4 planet72 star24)
263.779: (turn_to satellite4 groundstation20 planet72)
195.662: (turn_to satellite4 star77 groundstation20)
263.778: (turn_to satellite4 star5 star77)
195.001: (turn_to satellite4 planet84 star5)
263.778: (turn_to satellite4 star6 planet84)
195.000: (turn_to satellite4 star67 star6)
263.770: (turn_to satellite4 star1 star67)
195.918: (turn_to satellite4 phenomenon70 star1)
263.770: (turn_to satellite4 star40 phenomenon70)
195.861: (turn_to satellite4 phenomenon62 star40)
281.641: (take_image satellite4 phenomenon62 instrument9 infrared2)
191.946: (turn_to satellite4 phenomenon55 phenomenon62)
259.943: (turn_to satellite4 star37 phenomenon55)
194.041: (turn_to satellite4 phenomenon53 star37)
259.935: (turn_to satellite4 groundstation17 phenomenon53)
190.322: (turn_to satellite4 phenomenon57 groundstation17)
259.933: (turn_to satellite4 star29 phenomenon57)
190.250: (turn_to satellite4 planet60 star29)
259.932: (turn_to satellite2 star29 star50)
192.226: (turn_to satellite2 phenomenon55 star29)
277.875: (take_image satellite2 phenomenon55 instrument6 image3)
188.593: (turn_to satellite2 star50 phenomenon55)
256.099: (turn_to satellite4 star37 planet60)
188.904: (turn_to satellite4 phenomenon53 star37)
256.093: (turn_to satellite4 groundstation17 phenomenon53)
185.217: (turn_to satellite4 phenomenon57 groundstation17)
256.091: (turn_to satellite4 star29 phenomenon57)
185.145: (turn_to satellite4 star68 star29)
256.087: (turn_to satellite2 star29 star50)
187.033: (turn_to satellite2 phenomenon53 star29)
274.040: (take_image satellite2 phenomenon53 instrument6 infrared4)
183.452: (turn_to satellite2 star50 phenomenon53)
252.281: (turn_to satellite4 star37 star68)
183.792: (turn_to satellite4 star67 star37)
252.282: (turn_to satellite4 groundstation17 star67)
180.128: (turn_to satellite4 phenomenon63 groundstation17)
252.280: (turn_to satellite4 star29 phenomenon63)
180.055: (turn_to satellite4 planet64 star29)
252.275: (turn_to satellite4 groundstation47 planet64)
180.882: (turn_to satellite4 phenomenon65 groundstation47)
252.275: (turn_to satellite4 star0 phenomenon65)
180.609: (turn_to satellite4 phenomenon70 star0)
252.271: (turn_to satellite4 star12 phenomenon70)
180.263: (turn_to satellite4 star76 star12)
252.271: (turn_to satellite4 star21 star76)
179.765: (turn_to satellite4 star71 star21)
252.272: (turn_to satellite4 star43 star71)
179.765: (turn_to satellite4 planet72 star43)
252.271: (turn_to satellite4 groundstation39 planet72)
181.607: (turn_to satellite4 star77 groundstation39)
252.268: (turn_to satellite4 groundstation31 star77)
180.616: (turn_to satellite4 planet84 groundstation31)
252.268: (turn_to satellite4 groundstation34 planet84)
180.528: (turn_to satellite4 phenomenon57 groundstation34)
252.263: (turn_to satellite4 star25 phenomenon57)
180.572: (turn_to satellite4 planet60 star25)
252.262: (turn_to satellite4 star24 planet60)
180.341: (turn_to satellite4 phenomenon78 star24)
252.262: (turn_to satellite4 groundstation20 phenomenon78)
180.341: (turn_to satellite4 phenomenon79 groundstation20)
252.261: (turn_to satellite4 star5 phenomenon79)
179.776: (turn_to satellite4 planet80 star5)
252.261: (turn_to satellite4 star6 planet80)
179.721: (turn_to satellite4 planet83 star6)
270.123: (take_image satellite4 planet83 instrument9 infrared2)
252.280: (turn_to satellite4 star37 planet83)
183.821: (turn_to satellite4 star67 star37)
252.290: (turn_to satellite4 groundstation17 star67)
180.154: (turn_to satellite4 phenomenon63 groundstation17)
252.288: (turn_to satellite4 star29 phenomenon63)
180.082: (turn_to satellite4 phenomenon70 star29)
252.283: (turn_to satellite4 groundstation47 phenomenon70)
180.909: (turn_to satellite4 star76 groundstation47)
252.283: (turn_to satellite4 star0 star76)
180.636: (turn_to satellite4 planet64 star0)
252.280: (turn_to satellite4 star12 planet64)
180.290: (turn_to satellite4 phenomenon65 star12)
252.280: (turn_to satellite4 star21 phenomenon65)
179.792: (turn_to satellite4 star71 star21)
252.280: (turn_to satellite4 star43 star71)
179.792: (turn_to satellite4 planet72 star43)
252.280: (turn_to satellite4 groundstation39 planet72)
181.634: (turn_to satellite4 star77 groundstation39)
252.277: (turn_to satellite4 groundstation31 star77)
180.643: (turn_to satellite4 planet84 groundstation31)
252.276: (turn_to satellite4 groundstation34 planet84)
180.556: (turn_to satellite4 phenomenon57 groundstation34)
252.271: (turn_to satellite4 star25 phenomenon57)
180.600: (turn_to satellite4 planet60 star25)
252.270: (turn_to satellite4 star24 planet60)
180.368: (turn_to satellite4 star68 star24)
252.270: (turn_to satellite4 groundstation20 star68)
180.368: (turn_to satellite4 phenomenon78 groundstation20)
252.269: (turn_to satellite4 star5 phenomenon78)
179.803: (turn_to satellite4 phenomenon79 star5)
252.269: (turn_to satellite4 star6 phenomenon79)
179.803: (turn_to satellite4 planet80 star6)
252.268: (turn_to satellite4 star1 planet80)
180.570: (turn_to satellite4 star66 star1)
270.134: (take_image satellite4 star66 instrument9 infrared2)
176.708: (turn_to satellite4 phenomenon63 star66)
248.444: (turn_to satellite4 star37 phenomenon63)
178.738: (turn_to satellite4 star67 star37)
248.437: (turn_to satellite4 groundstation17 star67)
175.134: (turn_to satellite4 phenomenon70 groundstation17)
248.435: (turn_to satellite4 star29 phenomenon70)
175.061: (turn_to satellite4 star76 star29)
248.430: (turn_to satellite4 star0 star76)
175.566: (turn_to satellite4 planet64 star0)
248.431: (turn_to satellite4 groundstation47 planet64)
175.839: (turn_to satellite4 phenomenon65 groundstation47)
248.429: (turn_to satellite2 star29 star50)
176.725: (turn_to satellite2 star67 star29)
266.388: (take_image satellite2 star67 instrument6 image3)
266.381: (take_image satellite2 star67 instrument6 infrared4)
266.369: (take_image satellite2 star67 instrument6 infrared1)
248.503: (turn_to satellite4 star37 phenomenon65)
178.746: (turn_to satellite4 star50 star37)
266.384: (take_image satellite4 star50 instrument9 infrared2)
171.610: (turn_to satellite4 phenomenon70 star50)
244.681: (turn_to satellite4 star37 phenomenon70)
173.608: (turn_to satellite4 star76 star37)
244.672: (turn_to satellite4 groundstation17 star76)
170.077: (turn_to satellite4 phenomenon63 groundstation17)
244.668: (turn_to satellite4 star29 phenomenon63)
170.004: (turn_to satellite4 planet64 star29)
244.664: (turn_to satellite4 star0 planet64)
170.450: (turn_to satellite4 phenomenon65 star0)
244.663: (turn_to satellite4 groundstation47 phenomenon65)
170.728: (turn_to satellite4 star71 groundstation47)
244.660: (turn_to satellite4 groundstation39 star71)
171.445: (turn_to satellite4 planet72 groundstation39)
244.660: (turn_to satellite4 star12 planet72)
170.101: (turn_to satellite4 star77 star12)
244.660: (turn_to satellite4 star21 star77)
169.709: (turn_to satellite4 planet84 star21)
244.660: (turn_to satellite4 star43 planet84)
169.709: (turn_to satellite4 phenomenon57 star43)
244.652: (turn_to satellite4 groundstation31 phenomenon57)
170.457: (turn_to satellite4 planet60 groundstation31)
244.652: (turn_to satellite4 groundstation34 planet60)
170.371: (turn_to satellite4 star68 groundstation34)
244.652: (turn_to satellite4 star25 star68)
170.415: (turn_to satellite4 phenomenon78 star25)
244.652: (turn_to satellite2 star29 star67)
171.519: (turn_to satellite2 phenomenon70 star29)
262.559: (take_image satellite2 phenomenon70 instrument6 image3)
262.552: (take_image satellite2 phenomenon70 instrument6 infrared4)
262.539: (take_image satellite2 phenomenon70 instrument6 infrared1)
244.669: (turn_to satellite4 star37 phenomenon78)
173.620: (turn_to satellite4 star67 star37)
244.672: (turn_to satellite4 groundstation17 star67)
170.068: (turn_to satellite4 star76 groundstation17)
244.665: (turn_to satellite4 star29 star76)
169.995: (turn_to satellite4 phenomenon63 star29)
244.659: (turn_to satellite4 star0 phenomenon63)
170.442: (turn_to satellite4 planet64 star0)
244.659: (turn_to satellite4 groundstation47 planet64)
170.719: (turn_to satellite4 phenomenon65 groundstation47)
244.655: (turn_to satellite4 groundstation39 phenomenon65)
171.436: (turn_to satellite4 star71 groundstation39)
244.655: (turn_to satellite4 star12 star71)
170.093: (turn_to satellite4 planet72 star12)
244.655: (turn_to satellite4 star21 planet72)
169.701: (turn_to satellite4 star77 star21)
244.655: (turn_to satellite4 star43 star77)
169.701: (turn_to satellite4 planet84 star43)
244.652: (turn_to satellite4 groundstation31 planet84)
170.449: (turn_to satellite4 phenomenon57 groundstation31)
244.647: (turn_to satellite4 groundstation34 phenomenon57)
170.362: (turn_to satellite4 planet60 groundstation34)
244.647: (turn_to satellite4 star25 planet60)
170.406: (turn_to satellite4 star68 star25)
244.646: (turn_to satellite2 star29 phenomenon70)
171.516: (turn_to satellite2 star67 star29)
244.669: (turn_to satellite4 star37 star68)
173.620: (turn_to satellite4 phenomenon70 star37)
244.672: (turn_to satellite4 groundstation17 phenomenon70)
170.068: (turn_to satellite4 star76 groundstation17)
244.665: (turn_to satellite4 star29 star76)
169.995: (turn_to satellite4 phenomenon63 star29)
244.659: (turn_to satellite4 star0 phenomenon63)
170.442: (turn_to satellite4 planet64 star0)
244.659: (turn_to satellite4 groundstation47 planet64)
170.719: (turn_to satellite4 phenomenon65 groundstation47)
244.655: (turn_to satellite4 groundstation39 phenomenon65)
171.436: (turn_to satellite4 star71 groundstation39)
244.655: (turn_to satellite4 star12 star71)
170.093: (turn_to satellite4 planet72 star12)
244.655: (turn_to satellite4 star21 planet72)
169.701: (turn_to satellite4 star77 star21)
244.655: (turn_to satellite4 star43 star77)
169.701: (turn_to satellite4 planet84 star43)
244.652: (turn_to satellite4 groundstation31 planet84)
170.449: (turn_to satellite4 phenomenon78 groundstation31)
244.647: (turn_to satellite4 groundstation34 phenomenon78)
170.362: (turn_to satellite4 phenomenon57 groundstation34)
244.647: (turn_to satellite4 star25 phenomenon57)
170.406: (turn_to satellite4 planet60 star25)
244.646: (turn_to satellite2 star29 star67)
171.509: (turn_to satellite2 star76 star29)
262.550: (take_image satellite2 star76 instrument6 image3)
262.543: (take_image satellite2 star76 instrument6 infrared4)
262.530: (take_image satellite2 star76 instrument6 infrared1)
244.661: (turn_to satellite4 star37 planet60)
173.610: (turn_to satellite4 star67 star37)
244.666: (turn_to satellite4 groundstation17 star67)
170.065: (turn_to satellite4 phenomenon70 groundstation17)
244.663: (turn_to satellite4 star29 phenomenon70)
169.985: (turn_to satellite4 phenomenon63 star29)
244.650: (turn_to satellite4 star0 phenomenon63)
170.431: (turn_to satellite4 planet64 star0)
244.650: (turn_to satellite4 groundstation47 planet64)
170.709: (turn_to satellite4 phenomenon65 groundstation47)
244.647: (turn_to satellite4 groundstation39 phenomenon65)
171.426: (turn_to satellite4 star71 groundstation39)
244.646: (turn_to satellite4 star12 star71)
170.083: (turn_to satellite4 planet72 star12)
244.646: (turn_to satellite4 star21 planet72)
169.690: (turn_to satellite4 star77 star21)
244.646: (turn_to satellite4 star43 star77)
169.690: (turn_to satellite4 planet84 star43)
244.643: (turn_to satellite4 groundstation31 planet84)
170.438: (turn_to satellite4 phenomenon57 groundstation31)
244.639: (turn_to satellite4 groundstation34 phenomenon57)
170.352: (turn_to satellite4 star68 groundstation34)
244.639: (turn_to satellite4 star25 star68)
170.396: (turn_to satellite4 phenomenon78 star25)
244.638: (turn_to satellite4 star24 phenomenon78)
170.160: (turn_to satellite4 phenomenon79 star24)
244.638: (turn_to satellite4 groundstation20 phenomenon79)
170.160: (turn_to satellite4 planet80 groundstation20)
244.637: (turn_to satellite2 star29 star76)
171.506: (turn_to satellite2 star67 star29)
244.661: (turn_to satellite4 star37 planet80)
173.610: (turn_to satellite4 star76 star37)
244.666: (turn_to satellite4 groundstation17 star76)
170.065: (turn_to satellite4 phenomenon70 groundstation17)
244.663: (turn_to satellite4 star29 phenomenon70)
169.985: (turn_to satellite4 phenomenon63 star29)
244.650: (turn_to satellite4 star0 phenomenon63)
170.431: (turn_to satellite4 planet64 star0)
244.650: (turn_to satellite4 groundstation47 planet64)
170.709: (turn_to satellite4 phenomenon65 groundstation47)
244.647: (turn_to satellite4 groundstation39 phenomenon65)
171.426: (turn_to satellite4 star71 groundstation39)
244.646: (turn_to satellite4 star12 star71)
170.083: (turn_to satellite4 planet72 star12)
244.646: (turn_to satellite4 star21 planet72)
169.690: (turn_to satellite4 star77 star21)
244.646: (turn_to satellite4 star43 star77)
169.690: (turn_to satellite4 planet84 star43)
244.643: (turn_to satellite4 groundstation31 planet84)
170.438: (turn_to satellite4 phenomenon57 groundstation31)
244.639: (turn_to satellite4 groundstation34 phenomenon57)
170.352: (turn_to satellite4 planet60 groundstation34)
244.639: (turn_to satellite4 star25 planet60)
170.396: (turn_to satellite4 star68 star25)
244.638: (turn_to satellite4 star24 star68)
170.160: (turn_to satellite4 phenomenon78 star24)
244.638: (turn_to satellite4 groundstation20 phenomenon78)
170.160: (turn_to satellite4 phenomenon79 groundstation20)
244.637: (turn_to satellite2 star29 star67)
171.506: (turn_to satellite2 phenomenon70 star29)
244.661: (turn_to satellite4 star37 phenomenon79)
173.610: (turn_to satellite4 star67 star37)
244.666: (turn_to satellite4 groundstation17 star67)
170.065: (turn_to satellite4 star76 groundstation17)
244.663: (turn_to satellite4 star29 star76)
169.985: (turn_to satellite4 phenomenon63 star29)
244.650: (turn_to satellite4 star0 phenomenon63)
170.431: (turn_to satellite4 planet64 star0)
244.650: (turn_to satellite4 groundstation47 planet64)
170.709: (turn_to satellite4 phenomenon65 groundstation47)
244.647: (turn_to satellite4 groundstation39 phenomenon65)
171.426: (turn_to satellite4 star71 groundstation39)
244.646: (turn_to satellite4 star12 star71)
170.083: (turn_to satellite4 planet72 star12)
244.646: (turn_to satellite4 star21 planet72)
169.690: (turn_to satellite4 star77 star21)
244.646: (turn_to satellite4 star43 star77)
169.690: (turn_to satellite4 planet84 star43)
244.643: (turn_to satellite4 groundstation31 planet84)
170.438: (turn_to satellite4 phenomenon57 groundstation31)
244.639: (turn_to satellite4 groundstation34 phenomenon57)
170.352: (turn_to satellite4 planet60 groundstation34)
244.639: (turn_to satellite4 star25 planet60)
170.396: (turn_to satellite4 star68 star25)
244.638: (turn_to satellite4 star24 star68)
170.160: (turn_to satellite4 phenomenon78 star24)
244.638: (turn_to satellite4 groundstation20 phenomenon78)
170.160: (turn_to satellite4 planet80 groundstation20)
244.636: (turn_to satellite4 star5 planet80)
169.700: (turn_to satellite4 planet83 star5)
244.628: (turn_to satellite4 star6 planet83)
169.644: (turn_to satellite4 planet73 star6)
262.488: (take_image satellite4 planet73 instrument9 infrared2)
166.539: (turn_to satellite4 star67 planet73)
240.343: (turn_to satellite4 star37 star67)
168.512: (turn_to satellite4 star76 star37)
240.334: (turn_to satellite4 groundstation17 star76)
165.041: (turn_to satellite4 phenomenon63 groundstation17)
240.323: (turn_to satellite4 star29 phenomenon63)
164.968: (turn_to satellite4 planet64 star29)
240.319: (turn_to satellite4 star0 planet64)
165.349: (turn_to satellite4 phenomenon65 star0)
240.318: (turn_to satellite4 groundstation47 phenomenon65)
165.627: (turn_to satellite4 star71 groundstation47)
240.317: (turn_to satellite2 star29 phenomenon70)
166.330: (turn_to satellite2 star67 star29)
240.336: (turn_to satellite4 star37 star71)
168.512: (turn_to satellite4 phenomenon70 star37)
240.334: (turn_to satellite4 groundstation17 phenomenon70)
165.048: (turn_to satellite4 star76 groundstation17)
240.331: (turn_to satellite4 star29 star76)
164.968: (turn_to satellite4 phenomenon63 star29)
240.319: (turn_to satellite4 star0 phenomenon63)
165.349: (turn_to satellite4 planet64 star0)
240.319: (turn_to satellite4 groundstation47 planet64)
165.627: (turn_to satellite4 phenomenon65 groundstation47)
240.317: (turn_to satellite2 star29 star67)
166.330: (turn_to satellite2 star76 star29)
240.336: (turn_to satellite4 star37 phenomenon65)
168.512: (turn_to satellite4 star67 star37)
240.334: (turn_to satellite4 groundstation17 star67)
165.048: (turn_to satellite4 phenomenon70 groundstation17)
240.331: (turn_to satellite4 star29 phenomenon70)
164.968: (turn_to satellite4 phenomenon63 star29)
240.319: (turn_to satellite4 star0 phenomenon63)
165.349: (turn_to satellite4 planet64 star0)
240.319: (turn_to satellite4 groundstation47 planet64)
165.627: (turn_to satellite4 star71 groundstation47)
240.315: (turn_to satellite4 groundstation39 star71)
166.338: (turn_to satellite4 planet72 groundstation39)
240.317: (turn_to satellite2 star29 star76)
166.330: (turn_to satellite2 star67 star29)
240.315: (turn_to satellite2 groundstation17 star67)
166.456: (turn_to satellite2 phenomenon70 groundstation17)
240.315: (turn_to satellite4 groundstation39 planet72)
166.338: (turn_to satellite4 star77 groundstation39)
240.317: (turn_to satellite2 star29 phenomenon70)
166.330: (turn_to satellite2 star67 star29)
240.315: (turn_to satellite2 groundstation17 star67)
166.456: (turn_to satellite2 star76 groundstation17)
240.315: (turn_to satellite4 star12 star77)
165.001: (turn_to satellite4 planet84 star12)
240.317: (turn_to satellite2 star29 star76)
166.330: (turn_to satellite2 star67 star29)
240.315: (turn_to satellite4 groundstation39 planet84)
166.338: (turn_to satellite4 phenomenon57 groundstation39)
240.311: (turn_to satellite2 star29 star67)
166.329: (turn_to satellite2 phenomenon70 star29)
240.309: (turn_to satellite4 star12 phenomenon57)
165.001: (turn_to satellite4 planet84 star12)
240.315: (turn_to satellite2 groundstation17 phenomenon70)
166.449: (turn_to satellite2 phenomenon57 groundstation17)
258.208: (take_image satellite2 phenomenon57 instrument6 image3)
258.199: (take_image satellite2 phenomenon57 instrument6 infrared4)
162.859: (turn_to satellite2 star67 phenomenon57)
235.932: (turn_to satellite4 star37 planet84)
163.364: (turn_to satellite4 phenomenon70 star37)
235.930: (turn_to satellite4 groundstation17 phenomenon70)
159.931: (turn_to satellite4 star76 groundstation17)
235.927: (turn_to satellite4 star29 star76)
159.850: (turn_to satellite4 phenomenon63 star29)
235.914: (turn_to satellite4 star0 phenomenon63)
160.212: (turn_to satellite4 planet64 star0)
235.914: (turn_to satellite4 groundstation47 planet64)
160.490: (turn_to satellite4 phenomenon65 groundstation47)
235.911: (turn_to satellite2 star29 star67)
161.123: (turn_to satellite2 phenomenon70 star29)
235.932: (turn_to satellite4 star37 phenomenon65)
163.364: (turn_to satellite4 star67 star37)
235.930: (turn_to satellite4 groundstation17 star67)
159.931: (turn_to satellite4 star76 groundstation17)
235.927: (turn_to satellite4 star29 star76)
159.850: (turn_to satellite4 phenomenon63 star29)
235.914: (turn_to satellite4 star0 phenomenon63)
160.212: (turn_to satellite4 planet64 star0)
235.914: (turn_to satellite4 groundstation47 planet64)
160.490: (turn_to satellite4 star71 groundstation47)
235.912: (turn_to satellite2 star29 phenomenon70)
161.123: (turn_to satellite2 star67 star29)
235.911: (turn_to satellite4 groundstation39 star71)
161.201: (turn_to satellite4 planet72 groundstation39)
235.911: (turn_to satellite2 star29 star67)
161.124: (turn_to satellite2 phenomenon70 star29)
235.911: (turn_to satellite4 groundstation39 planet72)
161.201: (turn_to satellite4 star77 groundstation39)
235.912: (turn_to satellite2 star29 phenomenon70)
161.124: (turn_to satellite2 star67 star29)
235.910: (turn_to satellite4 star12 star77)
159.863: (turn_to satellite4 planet60 star12)
235.893: (turn_to satellite4 star21 planet60)
159.555: (turn_to satellite4 star68 star21)
235.893: (turn_to satellite4 star43 star68)
159.555: (turn_to satellite4 phenomenon78 star43)
235.892: (turn_to satellite2 star29 star67)
161.122: (turn_to satellite2 phenomenon70 star29)
235.893: (turn_to satellite4 star12 phenomenon78)
159.864: (turn_to satellite4 planet84 star12)
235.911: (turn_to satellite2 star29 phenomenon70)
161.124: (turn_to satellite2 star76 star29)
235.932: (turn_to satellite4 star37 planet84)
163.364: (turn_to satellite4 star67 star37)
235.930: (turn_to satellite4 groundstation17 star67)
159.931: (turn_to satellite4 phenomenon70 groundstation17)
235.927: (turn_to satellite4 star29 phenomenon70)
159.850: (turn_to satellite4 phenomenon63 star29)
235.914: (turn_to satellite4 star0 phenomenon63)
160.212: (turn_to satellite4 planet64 star0)
235.914: (turn_to satellite4 groundstation47 planet64)
160.490: (turn_to satellite4 phenomenon65 groundstation47)
235.911: (turn_to satellite4 groundstation39 phenomenon65)
161.201: (turn_to satellite4 star71 groundstation39)
235.910: (turn_to satellite4 star12 star71)
159.864: (turn_to satellite4 planet72 star12)
235.910: (turn_to satellite4 star21 planet72)
159.556: (turn_to satellite4 star77 star21)
235.910: (turn_to satellite4 star43 star77)
159.555: (turn_to satellite4 planet60 star43)
235.892: (turn_to satellite2 star29 star76)
161.122: (turn_to satellite2 phenomenon70 star29)
235.893: (turn_to satellite4 star21 planet60)
159.555: (turn_to satellite4 star68 star21)
235.893: (turn_to satellite4 star43 star68)
159.555: (turn_to satellite4 phenomenon79 star43)
235.892: (turn_to satellite2 star29 phenomenon70)
161.122: (turn_to satellite2 star67 star29)
235.890: (turn_to satellite4 groundstation31 phenomenon79)
160.219: (turn_to satellite4 planet80 groundstation31)
235.892: (turn_to satellite2 star29 star67)
161.122: (turn_to satellite2 phenomenon70 star29)
235.890: (turn_to satellite4 groundstation31 planet80)
160.219: (turn_to satellite4 planet83 groundstation31)
235.894: (turn_to satellite2 star29 phenomenon70)
161.121: (turn_to satellite2 star67 star29)
235.893: (turn_to satellite4 groundstation34 planet83)
160.074: (turn_to satellite4 planet81 groundstation34)
253.736: (take_image satellite4 planet81 instrument9 infrared2)
156.391: (turn_to satellite4 phenomenon70 planet81)
231.030: (turn_to satellite4 star37 phenomenon70)
158.280: (turn_to satellite4 star76 star37)
231.018: (turn_to satellite4 groundstation17 star76)
154.945: (turn_to satellite4 phenomenon63 groundstation17)
231.008: (turn_to satellite2 star29 star67)
155.954: (turn_to satellite2 phenomenon70 star29)
231.024: (turn_to satellite4 star37 phenomenon63)
158.280: (turn_to satellite4 star67 star37)
231.018: (turn_to satellite4 groundstation17 star67)
154.952: (turn_to satellite4 star76 groundstation17)
231.014: (turn_to satellite4 star29 star76)
154.871: (turn_to satellite4 planet64 star29)
231.008: (turn_to satellite2 star29 phenomenon70)
155.954: (turn_to satellite2 star67 star29)
231.006: (turn_to satellite4 star29 planet64)
154.871: (turn_to satellite4 phenomenon65 star29)
231.008: (turn_to satellite2 star29 star67)
155.954: (turn_to satellite2 phenomenon70 star29)
231.006: (turn_to satellite2 groundstation17 phenomenon70)
156.080: (turn_to satellite2 star76 groundstation17)
231.024: (turn_to satellite4 star37 phenomenon65)
158.280: (turn_to satellite4 star67 star37)
231.018: (turn_to satellite4 groundstation17 star67)
154.952: (turn_to satellite4 phenomenon70 groundstation17)
231.014: (turn_to satellite4 star29 phenomenon70)
154.871: (turn_to satellite4 phenomenon63 star29)
231.006: (turn_to satellite2 groundstation17 star76)
156.072: (turn_to satellite2 planet64 groundstation17)
248.911: (take_image satellite2 planet64 instrument6 image3)
152.467: (turn_to satellite2 star67 planet64)
225.921: (turn_to satellite4 star37 phenomenon63)
153.070: (turn_to satellite4 star76 star37)
225.922: (turn_to satellite4 groundstation17 star76)
149.834: (turn_to satellite4 phenomenon70 groundstation17)
225.919: (turn_to satellite4 star29 phenomenon70)
149.752: (turn_to satellite4 phenomenon65 star29)
225.901: (turn_to satellite4 star0 phenomenon65)
150.004: (turn_to satellite4 star71 star0)
225.901: (turn_to satellite4 groundstation47 star71)
150.282: (turn_to satellite4 planet72 groundstation47)
225.897: (turn_to satellite4 groundstation39 planet72)
150.984: (turn_to satellite4 star77 groundstation39)
225.897: (turn_to satellite4 star12 star77)
149.656: (turn_to satellite4 planet84 star12)
225.896: (turn_to satellite0 star29 star59)
150.803: (turn_to satellite0 phenomenon70 star29)
243.824: (take_image satellite0 phenomenon70 instrument1 thermograph0)
147.206: (turn_to satellite0 star76 phenomenon70)
238.614: (take_image satellite0 star76 instrument1 thermograph0)
141.819: (turn_to satellite0 star59 star76)
215.498: (turn_to satellite4 star37 planet84)
142.583: (turn_to satellite4 phenomenon63 star37)
215.494: (turn_to satellite2 star29 star67)
140.841: (turn_to satellite2 phenomenon65 star29)
233.549: (take_image satellite2 phenomenon65 instrument6 image3)
137.577: (turn_to satellite2 star67 phenomenon65)
210.407: (turn_to satellite4 star37 phenomenon63)
138.411: (turn_to satellite4 planet60 star37)
210.385: (turn_to satellite4 groundstation17 planet60)
136.676: (turn_to satellite4 star68 groundstation17)
210.385: (turn_to satellite2 star29 star67)
136.633: (turn_to satellite2 planet60 star29)
228.419: (take_image satellite2 planet60 instrument6 image3)
228.411: (take_image satellite2 planet60 instrument6 infrared4)
133.408: (turn_to satellite2 star67 planet60)
205.270: (turn_to satellite4 star37 star68)
134.259: (turn_to satellite4 phenomenon63 star37)
205.281: (turn_to satellite4 groundstation17 phenomenon63)
Failed to find a solution!
