Torch: 2.12.0+cu130
Using GPU:  NVIDIA L40S
[Bellman] lambda=0 -> baseline (no widening signal)
[W1raw] OPTION7 w1raw_beta=2.0 signal=RAW edge-W1 (parent-best vs child-best, no reward/discount) vs SIBLINGS (boosts exploration toward larger-shift children; prior untouched)
/u/ibrahim.eisawy/Neural-Guided-Search/venv/lib/python3.10/site-packages/pymimir_rgnn/model.py:162: UserWarning: index_reduce() is in beta and the API may change at any time. (Triggered internally at /pytorch/aten/src/ATen/native/cuda/Indexing.cu:1541.)
  exps_max.index_reduce_(0, output_indices, output_messages, reduce="amax", include_self=False)
  [sim 65] found goal path of length 53
[Final] Expanded: 191, Generated: 191
[Cost] IQN forward calls (Bellman signal): 362
[Widen] nodes widened: 0, mean w: 0.0000
[W1raw] child-edges modulated: 297, mean mult: 1.1068 (1.0 = no change; >1 = boosted toward larger shift)
[search done] simulations=65, unique states generated=191
Found a solution of length 53!
   1: (move f3-5f f3-4f)
   2: (move f3-4f f2-4f)
   3: (move f2-4f f2-3f)
   4: (move f2-3f f2-2f)
   5: (putdown f2-2f key2-0)
   6: (move f2-2f f1-2f)
   7: (move f1-2f f0-2f)
   8: (move f0-2f f0-3f)
   9: (move f0-3f f1-3f)
  10: (move f1-3f f2-3f)
  11: (move f2-3f f3-3f)
  12: (move f3-3f f4-3f)
  13: (move f4-3f f5-3f)
  14: (move f5-3f f5-4f)
  15: (move f5-4f f5-5f)
  16: (move f5-5f f5-6f)
  17: (move f5-6f f6-6f)
  18: (pickup f6-6f key1-1)
  19: (unlock f6-6f f7-6f key1-1 shape1)
  20: (move f6-6f f5-6f)
  21: (move f5-6f f4-6f)
  22: (move f4-6f f4-5f)
  23: (move f4-5f f3-5f)
  24: (move f3-5f f3-6f)
  25: (move f3-6f f3-7f)
  26: (move f3-7f f4-7f)
  27: (pickup-and-loose f4-7f key2-3 key1-1)
  28: (move f4-7f f4-6f)
  29: (move f4-6f f4-5f)
  30: (move f4-5f f3-5f)
  31: (move f3-5f f3-6f)
  32: (move f3-6f f3-7f)
  33: (move f3-7f f2-7f)
  34: (move f2-7f f2-6f)
  35: (move f2-6f f2-5f)
  36: (move f2-5f f2-4f)
  37: (move f2-4f f3-4f)
  38: (move f3-4f f4-4f)
  39: (move f4-4f f4-3f)
  40: (move f4-3f f4-2f)
  41: (move f4-2f f4-1f)
  42: (move f4-1f f5-1f)
  43: (move f5-1f f6-1f)
  44: (move f6-1f f7-1f)
  45: (move f7-1f f7-0f)
  46: (pickup-and-loose f7-0f key1-0 key2-3)
  47: (move f7-0f f6-0f)
  48: (move f6-0f f5-0f)
  49: (move f5-0f f4-0f)
  50: (move f4-0f f4-1f)
  51: (move f4-1f f4-2f)
  52: (move f4-2f f3-2f)
  53: (putdown f3-2f key1-0)
