Torch: 2.12.0+cu130
Using GPU:  NVIDIA L40S
[Bellman] lambda=0 -> baseline (no widening signal)
[W1raw] OPTION7 w1raw_beta=2.0 signal=RAW edge-W1 (parent-best vs child-best, no reward/discount) vs SIBLINGS (boosts exploration toward larger-shift children; prior untouched)
[Value] SELF-CONSISTENT: leaf value = QR-DQN max_a mean Z(s,a) (SAC critics bypassed; prior still SAC policy)
/u/ibrahim.eisawy/Neural-Guided-Search/venv/lib/python3.10/site-packages/pymimir_rgnn/model.py:162: UserWarning: index_reduce() is in beta and the API may change at any time. (Triggered internally at /pytorch/aten/src/ATen/native/cuda/Indexing.cu:1541.)
  exps_max.index_reduce_(0, output_indices, output_messages, reduce="amax", include_self=False)
  [sim 500] root visits=500, unique states=388, generated=387, iqn_calls=967
  [sim 1000] root visits=1000, unique states=591, generated=590, iqn_calls=1404
  [sim 1228] found goal path of length 17
[Final] Expanded: 681, Generated: 681
[Cost] IQN forward calls (Bellman signal): 1600
[Widen] nodes widened: 0, mean w: 0.0000
[W1raw] child-edges modulated: 1299, mean mult: 1.1720 (1.0 = no change; >1 = boosted toward larger shift)
[search done] simulations=1228, unique states generated=681
Found a solution of length 17!
   1: (pickup f1-8f key1-3)
   2: (move f1-8f f2-8f)
   3: (move f2-8f f2-7f)
   4: (move f2-7f f3-7f)
   5: (move f3-7f f4-7f)
   6: (move f4-7f f4-6f)
   7: (move f4-6f f4-5f)
   8: (move f4-5f f3-5f)
   9: (move f3-5f f2-5f)
  10: (move f2-5f f1-5f)
  11: (move f1-5f f1-4f)
  12: (move f1-4f f1-3f)
  13: (move f1-3f f1-2f)
  14: (move f1-2f f1-1f)
  15: (move f1-1f f1-0f)
  16: (move f1-0f f0-0f)
  17: (putdown f0-0f key1-3)
