/u/ibrahim.eisawy/Neural-Guided-Search/venv/lib/python3.10/site-packages/pymimir_rgnn/model.py:151: UserWarning: index_reduce() is in beta and the API may change at any time. (Triggered internally at /pytorch/aten/src/ATen/native/cuda/Indexing.cu:1541.)
  max_msg.index_reduce_(0, output_indices, output_messages, reduce='amax', include_self=True)
Torch: 2.12.0+cu130
Using GPU:  NVIDIA L40S
17.949: (grasp left shot14)
17.949: (grasp right shot14)
18.032: (grasp left shot3)
18.032: (grasp right shot3)
18.046: (grasp left shot7)
18.046: (grasp left shot9)
18.046: (grasp left shot1)
18.046: (grasp right shot1)
18.046: (grasp right shot9)
18.046: (grasp right shot7)
18.068: (grasp left shot5)
18.068: (grasp right shot5)
18.131: (grasp right shaker1)
18.131: (grasp left shaker1)
18.855: (grasp left shot6)
18.855: (grasp left shot8)
18.855: (grasp left shot10)
18.855: (grasp left shot12)
18.855: (grasp left shot11)
18.855: (grasp left shot4)
18.855: (grasp left shot2)
18.855: (grasp right shot2)
18.855: (grasp right shot4)
18.855: (grasp left shot13)
18.855: (grasp right shot12)
18.855: (grasp right shot8)
18.855: (grasp right shot6)
18.855: (grasp right shot13)
18.855: (grasp right shot10)
18.855: (grasp right shot11)
14.929: (fill-shot shot14 ingredient3 right left dispenser3)
14.929: (fill-shot shot14 ingredient3 left right dispenser3)
15.676: (fill-shot shot14 ingredient6 right left dispenser6)
15.676: (fill-shot shot14 ingredient6 left right dispenser6)
15.714: (fill-shot shot3 ingredient6 left right dispenser6)
15.714: (fill-shot shot3 ingredient6 right left dispenser6)
16.229: (fill-shot shot3 ingredient3 left right dispenser3)
16.229: (fill-shot shot3 ingredient3 right left dispenser3)
16.378: (fill-shot shot5 ingredient1 right left dispenser1)
16.379: (fill-shot shot5 ingredient1 left right dispenser1)
16.940: (fill-shot shot6 ingredient7 left right dispenser7)
16.940: (fill-shot shot8 ingredient2 left right dispenser2)
16.940: (fill-shot shot12 ingredient4 left right dispenser4)
16.940: (fill-shot shot10 ingredient4 left right dispenser4)
16.944: (fill-shot shot11 ingredient7 left right dispenser7)
16.945: (fill-shot shot11 ingredient7 right left dispenser7)
16.945: (fill-shot shot2 ingredient2 right left dispenser2)
16.945: (fill-shot shot6 ingredient7 right left dispenser7)
16.945: (fill-shot shot13 ingredient9 right left dispenser9)
16.945: (fill-shot shot10 ingredient4 right left dispenser4)
16.945: (fill-shot shot2 ingredient2 left right dispenser2)
16.945: (fill-shot shot4 ingredient9 left right dispenser9)
16.946: (fill-shot shot4 ingredient9 right left dispenser9)
16.946: (fill-shot shot13 ingredient9 left right dispenser9)
16.947: (fill-shot shot12 ingredient4 right left dispenser4)
16.948: (fill-shot shot8 ingredient2 right left dispenser2)
17.715: (fill-shot shot14 ingredient8 right left dispenser8)
17.715: (fill-shot shot14 ingredient5 right left dispenser5)
17.716: (fill-shot shot14 ingredient5 left right dispenser5)
17.716: (fill-shot shot14 ingredient8 left right dispenser8)
17.789: (fill-shot shot14 ingredient1 right left dispenser1)
17.789: (fill-shot shot14 ingredient1 left right dispenser1)
17.804: (fill-shot shot14 ingredient9 right left dispenser9)
17.804: (fill-shot shot14 ingredient2 right left dispenser2)
17.804: (fill-shot shot14 ingredient4 right left dispenser4)
17.804: (fill-shot shot14 ingredient7 right left dispenser7)
17.804: (fill-shot shot14 ingredient2 left right dispenser2)
17.804: (fill-shot shot14 ingredient4 left right dispenser4)
17.804: (fill-shot shot14 ingredient9 left right dispenser9)
17.804: (fill-shot shot14 ingredient7 left right dispenser7)
15.175: (leave right shot3)
15.175: (leave left shot3)
15.435: (pour-shot-to-clean-shaker shot14 ingredient3 shaker1 right l0 l1)
15.435: (pour-shot-to-clean-shaker shot14 ingredient3 shaker1 left l0 l1)
15.474: (leave left shot3)
15.474: (leave right shot3)
15.491: (leave left shot5)
15.491: (leave right shot5)
15.724: (grasp left shot5)
15.724: (grasp right shot5)
15.741: (grasp right shot9)
15.741: (grasp left shot7)
15.741: (grasp left shot9)
15.741: (grasp right shot1)
15.741: (grasp left shot1)
15.741: (grasp right shot7)
15.769: (grasp right shaker1)
15.769: (grasp left shaker1)
15.907: (grasp left shot3)
15.907: (grasp right shot3)
16.078: (leave left shot6)
16.078: (leave right shot10)
16.078: (leave left shot8)
16.078: (leave right shot11)
16.078: (leave right shot2)
16.078: (leave left shot10)
16.078: (leave right shot6)
16.078: (leave left shot11)
16.078: (leave right shot13)
16.078: (leave left shot12)
16.080: (leave left shot2)
16.080: (leave left shot4)
16.080: (leave right shot4)
16.080: (leave right shot12)
16.080: (leave left shot13)
16.083: (leave right shot8)
16.428: (grasp left shot14)
16.428: (grasp right shot14)
16.458: (grasp right shot7)
16.458: (grasp left shot1)
14.144: (leave right shot14)
14.144: (leave left shot14)
14.927: (refill-shot shot14 ingredient3 right left dispenser3)
14.928: (refill-shot shot14 ingredient3 left right dispenser3)
15.383: (clean-shot shot14 ingredient3 left right)
15.383: (clean-shot shot14 ingredient3 right left)
15.887: (grasp left shot14)
15.887: (grasp right shot14)
15.889: (leave right shot3)
15.889: (leave left shot3)
15.924: (grasp left shot7)
15.924: (grasp left shot9)
15.924: (grasp left shot1)
15.924: (grasp right shot1)
15.924: (grasp right shot9)
15.925: (grasp right shot7)
15.926: (leave right shot3)
15.926: (leave left shot3)
15.984: (pour-shot-to-clean-shaker shot14 ingredient3 shaker1 left l0 l1)
15.985: (grasp right shot1)
15.985: (grasp right shot9)
15.985: (grasp right shot7)
15.985: (pour-shot-to-clean-shaker shot14 ingredient3 shaker1 right l0 l1)
15.985: (grasp left shot7)
15.985: (grasp left shot9)
15.985: (pour-shot-to-clean-shaker shot14 ingredient3 shaker1 right l0 l1)
15.985: (grasp left shot1)
15.985: (pour-shot-to-clean-shaker shot14 ingredient3 shaker1 left l0 l1)
15.985: (pour-shot-to-clean-shaker shot14 ingredient3 shaker1 left l0 l1)
15.985: (pour-shot-to-clean-shaker shot14 ingredient3 shaker1 right l0 l1)
16.015: (grasp right shaker1)
16.015: (grasp left shaker1)
16.081: (grasp left shot5)
16.081: (grasp right shot5)
16.112: (grasp left shot14)
16.112: (grasp right shot14)
16.137: (grasp right shot14)
16.137: (grasp left shot14)
16.250: (grasp left shot5)
16.251: (grasp right shot5)
13.437: (fill-shot shot14 ingredient6 right left dispenser6)
13.437: (fill-shot shot14 ingredient6 left right dispenser6)
13.444: (fill-shot shot14 ingredient3 left right dispenser3)
13.444: (fill-shot shot14 ingredient3 right left dispenser3)
13.551: (fill-shot shot14 ingredient3 right left dispenser3)
13.552: (fill-shot shot14 ingredient3 left right dispenser3)
13.690: (fill-shot shot14 ingredient6 left right dispenser6)
13.691: (fill-shot shot14 ingredient6 right left dispenser6)
14.046: (leave right shot14)
14.046: (leave left shot14)
14.320: (fill-shot shot14 ingredient6 right left dispenser6)
14.321: (fill-shot shot14 ingredient6 left right dispenser6)
14.330: (leave left shot14)
14.330: (leave right shot14)
14.387: (fill-shot shot14 ingredient6 left right dispenser6)
14.388: (fill-shot shot14 ingredient6 right left dispenser6)
14.693: (leave left shot14)
14.693: (leave left shot14)
14.693: (grasp left shot9)
14.693: (grasp left shot1)
14.693: (grasp left shot7)
14.693: (grasp right shot1)
14.693: (grasp right shot9)
14.693: (grasp right shot7)
14.693: (leave left shot14)
14.694: (leave right shot14)
14.694: (leave right shot14)
14.694: (leave right shot14)
14.934: (fill-shot shot5 ingredient1 right left dispenser1)
14.934: (fill-shot shot5 ingredient1 left right dispenser1)
14.943: (fill-shot shot5 ingredient1 right left dispenser1)
14.943: (fill-shot shot5 ingredient1 left right dispenser1)
14.951: (fill-shot shot14 ingredient5 left right dispenser5)
14.951: (fill-shot shot14 ingredient8 left right dispenser8)
14.951: (fill-shot shot14 ingredient5 right left dispenser5)
14.951: (fill-shot shot14 ingredient8 right left dispenser8)
14.975: (fill-shot shot14 ingredient1 left right dispenser1)
14.975: (fill-shot shot14 ingredient1 right left dispenser1)
14.999: (fill-shot shot14 ingredient9 left right dispenser9)
14.999: (fill-shot shot14 ingredient7 left right dispenser7)
-17.939: (pour-shot-to-used-shaker shot14 ingredient6 shaker1 left l1 l2)
-17.939: (pour-shot-to-used-shaker shot14 ingredient6 shaker1 right l1 l2)
13.644: (pour-shot-to-clean-shaker shot14 ingredient3 shaker1 right l0 l1)
13.645: (pour-shot-to-clean-shaker shot14 ingredient3 shaker1 left l0 l1)
13.740: (pour-shot-to-clean-shaker shot14 ingredient3 shaker1 right l0 l1)
13.741: (pour-shot-to-clean-shaker shot14 ingredient3 shaker1 left l0 l1)
13.859: (leave right shot14)
13.860: (leave left shot14)
13.966: (leave right shot14)
13.966: (leave left shot14)
13.966: (leave left shot14)
13.967: (leave right shot14)
13.972: (grasp left shot7)
13.972: (grasp left shot9)
13.972: (grasp left shot1)
13.972: (grasp right shot7)
13.972: (grasp right shot9)
13.972: (grasp right shot1)
13.996: (leave left shot14)
13.996: (leave right shot14)
14.002: (leave left shot14)
14.003: (leave left shot14)
14.039: (grasp left shot9)
14.039: (grasp left shot7)
14.039: (grasp left shot1)
14.039: (grasp right shot7)
14.039: (grasp right shot9)
14.039: (grasp right shot1)
14.052: (leave right shot5)
14.053: (leave left shot5)
14.071: (leave right shot5)
14.071: (leave left shot5)
14.236: (grasp left shot3)
14.236: (grasp right shot3)
14.270: (grasp right shot1)
14.270: (grasp right shot7)
14.270: (grasp left shot9)
14.270: (grasp left shot7)
14.270: (grasp left shot1)
14.270: (grasp right shot9)
-19.578: (grasp right shot3)
-19.578: (grasp left shot3)
-19.206: (grasp left shaker1)
-19.206: (grasp right shaker1)
-19.084: (leave left shot14)
-19.084: (leave right shot14)
-18.251: (refill-shot shot14 ingredient6 left right dispenser6)
-18.250: (refill-shot shot14 ingredient6 right left dispenser6)
-16.226: (grasp left shot7)
-16.226: (grasp right shot9)
-16.226: (grasp left shot1)
-16.226: (grasp right shot7)
-16.226: (grasp left shot9)
-16.226: (grasp right shot1)
-16.214: (pour-shot-to-used-shaker shot14 ingredient6 shaker1 right l1 l2)
-16.214: (pour-shot-to-used-shaker shot14 ingredient6 shaker1 left l1 l2)
-16.214: (pour-shot-to-used-shaker shot14 ingredient6 shaker1 left l1 l2)
-16.214: (pour-shot-to-used-shaker shot14 ingredient6 shaker1 right l1 l2)
-16.214: (pour-shot-to-used-shaker shot14 ingredient6 shaker1 right l1 l2)
-16.214: (pour-shot-to-used-shaker shot14 ingredient6 shaker1 left l1 l2)
-15.605: (clean-shot shot14 ingredient6 left right)
-15.605: (clean-shot shot14 ingredient6 right left)
-15.127: (grasp right shot5)
-15.126: (grasp left shot5)
-14.408: (grasp right shot4)
-14.408: (grasp right shot2)
-14.408: (grasp left shot13)
-14.408: (grasp left shot12)
-14.408: (grasp right shot10)
-14.408: (grasp left shot6)
-14.408: (grasp left shot8)
-14.408: (grasp left shot11)
-14.408: (grasp left shot10)
-14.408: (grasp left shot2)
-14.408: (grasp left shot4)
-14.408: (grasp right shot6)
-14.408: (grasp right shot12)
-14.408: (grasp right shot8)
-14.408: (grasp right shot13)
-14.408: (grasp right shot11)
-20.681: (grasp left shot3)
-20.680: (leave right shot14)
-20.680: (leave left shot14)
-20.680: (grasp right shot3)
-20.346: (leave right shot14)
-20.346: (leave left shot14)
-20.346: (grasp left shaker1)
-20.346: (grasp right shaker1)
-19.891: (grasp left shot3)
-19.891: (grasp right shot3)
-19.415: (grasp left shaker1)
-19.415: (grasp right shaker1)
-19.195: (leave right shot14)
-19.194: (leave left shot14)
-18.534: (leave left shot14)
-18.533: (leave right shot14)
-17.950: (grasp left shaker1)
-17.950: (grasp right shaker1)
-17.854: (grasp right shot3)
-17.854: (grasp left shot3)
-17.579: (fill-shot shot14 ingredient9 left right dispenser9)
-17.578: (fill-shot shot14 ingredient7 left right dispenser7)
-17.578: (fill-shot shot14 ingredient4 left right dispenser4)
-17.578: (fill-shot shot14 ingredient2 left right dispenser2)
-17.577: (fill-shot shot14 ingredient2 right left dispenser2)
-17.577: (fill-shot shot14 ingredient4 right left dispenser4)
-17.577: (fill-shot shot14 ingredient7 right left dispenser7)
-17.577: (fill-shot shot14 ingredient9 right left dispenser9)
-17.332: (grasp left shot7)
-17.332: (grasp left shot1)
-17.332: (grasp right shot1)
-17.331: (grasp left shot9)
-17.331: (leave right shot14)
-17.331: (grasp right shot7)
-17.331: (leave left shot14)
-17.331: (leave left shot14)
-17.331: (leave right shot14)
-17.331: (grasp right shot9)
-17.330: (leave right shot14)
-17.330: (leave left shot14)
-22.474: (grasp left shot3)
-22.473: (grasp left shaker1)
-22.472: (grasp right shaker1)
-22.471: (grasp right shot3)
-20.697: (grasp right shot3)
-20.697: (grasp left shot3)
-20.695: (leave right shot14)
-20.695: (leave left shot14)
-20.301: (grasp left shaker1)
-20.301: (grasp right shaker1)
-20.299: (leave left shot14)
-20.299: (leave right shot14)
-19.986: (grasp right shot3)
-19.985: (grasp left shot3)
-19.980: (leave left shot14)
-19.980: (leave right shot14)
-19.831: (grasp left shaker1)
-19.827: (grasp right shaker1)
-19.827: (leave left shot14)
-19.827: (leave right shot14)
-19.154: (leave right shot14)
-19.154: (leave right shot14)
-19.141: (leave left shot14)
-19.141: (leave left shot14)
-19.140: (leave left shot14)
-19.140: (leave right shot14)
-19.140: (leave right shot14)
-19.139: (leave left shot14)
-19.110: (grasp left shot3)
-19.098: (grasp left shot3)
-19.097: (grasp left shot3)
-19.097: (grasp left shot3)
-19.097: (grasp right shot3)
-19.097: (grasp right shot3)
-19.092: (grasp right shot3)
-19.092: (grasp right shot3)
-18.835: (grasp left shaker1)
-18.826: (grasp right shaker1)
-18.826: (grasp right shaker1)
-18.825: (grasp left shaker1)
-22.313: (grasp left shot3)
-22.312: (grasp left shaker1)
-22.311: (grasp right shaker1)
-22.311: (grasp right shot3)
-21.653: (grasp right shaker1)
-21.651: (grasp left shaker1)
-21.648: (grasp left shot3)
-21.647: (grasp right shot3)
-20.562: (leave right shot14)
-20.562: (leave right shot14)
-20.562: (leave right shot14)
-20.562: (leave right shot14)
-20.562: (grasp right shot3)
-20.561: (leave left shot14)
-20.561: (leave left shot14)
-20.561: (leave left shot14)
-20.561: (leave left shot14)
-20.556: (grasp left shot3)
-20.548: (grasp left shot3)
-20.548: (grasp right shot3)
-20.547: (grasp right shot3)
-20.547: (grasp left shot3)
-20.544: (grasp right shot3)
-20.542: (grasp left shot3)
-20.288: (leave left shot14)
-20.288: (leave right shot14)
-20.287: (grasp right shaker1)
-20.286: (leave left shot14)
-20.286: (leave right shot14)
-20.275: (grasp left shaker1)
-20.275: (grasp right shaker1)
-20.275: (grasp left shaker1)
-20.274: (grasp right shaker1)
-20.274: (grasp left shaker1)
-20.271: (grasp left shaker1)
-20.271: (grasp right shaker1)
-18.783: (grasp right shot9)
-18.782: (grasp left shot1)
-18.781: (grasp left shot7)
-18.781: (grasp left shot9)
-22.121: (grasp left shot3)
-22.112: (grasp left shot3)
-22.112: (grasp right shot3)
-22.111: (grasp right shot3)
-22.111: (grasp right shot3)
-22.105: (grasp right shaker1)
-22.103: (grasp right shaker1)
-22.102: (grasp left shaker1)
-22.102: (grasp right shaker1)
-22.102: (grasp right shaker1)
-22.097: (grasp left shaker1)
-22.097: (grasp left shaker1)
-22.096: (grasp right shot3)
-22.096: (grasp left shot3)
-22.094: (grasp left shot3)
-22.092: (grasp left shaker1)
-18.837: (grasp right shot14)
-18.836: (grasp right shot14)
-18.835: (grasp left shot14)
-18.835: (grasp left shot14)
-18.762: (grasp left shot7)
-18.762: (grasp left shot9)
-18.757: (grasp right shot9)
-18.757: (grasp right shot7)
-18.757: (grasp left shot1)
-18.757: (grasp right shot9)
-18.757: (grasp right shot7)
-18.757: (grasp left shot9)
-18.757: (grasp left shot1)
-18.757: (grasp left shot7)
-18.757: (grasp right shot9)
-18.757: (grasp right shot7)
-18.757: (grasp right shot1)
-18.757: (grasp right shot1)
-18.750: (grasp right shot1)
-18.746: (grasp left shot7)
-18.746: (grasp left shot9)
-18.746: (grasp left shot7)
-18.746: (grasp left shot9)
-18.746: (grasp right shot9)
-18.355: (empty-shot right shot14 ingredient4)
-18.354: (empty-shot right shot14 ingredient7)
-18.354: (empty-shot left shot14 ingredient9)
-18.354: (empty-shot left shot14 ingredient7)
-17.384: (leave left shaker1)
-17.384: (leave left shaker1)
-17.384: (leave left shaker1)
-17.383: (leave left shaker1)
-17.383: (leave right shaker1)
-17.383: (leave right shaker1)
-17.383: (leave right shaker1)
-17.383: (leave right shaker1)
-17.383: (leave right shaker1)
-17.383: (leave left shaker1)
-17.383: (leave right shaker1)
-17.383: (leave left shaker1)
-17.383: (leave left shaker1)
-17.383: (leave left shaker1)
-17.383: (leave left shaker1)
-17.383: (leave left shaker1)
-17.383: (leave right shaker1)
-17.383: (leave right shaker1)
-17.383: (leave right shaker1)
-17.383: (leave right shaker1)
inf: (leave right shot1)
inf: (leave right shot7)
inf: (leave left shot9)
inf: (leave right shot7)
inf: (leave right shot9)
inf: (leave left shot7)
inf: (leave left shot9)
inf: (leave right shot1)
inf: (leave left shot7)
inf: (leave right shot1)
inf: (leave left shot1)
inf: (leave left shot9)
inf: (leave left shot7)
inf: (leave right shot7)
inf: (leave right shot9)
inf: (leave left shaker1)
-20.194: (leave left shot14)
-20.194: (leave right shot14)
-20.194: (leave left shot14)
-20.194: (leave right shot14)
-18.663: (grasp left shot3)
-18.658: (grasp left shot3)
-18.657: (grasp left shot3)
-18.651: (grasp left shot3)
-18.650: (grasp left shot3)
-18.649: (grasp right shot3)
-18.648: (grasp left shot3)
-18.648: (grasp right shot3)
-18.648: (grasp right shot3)
-18.648: (grasp right shot3)
-18.648: (grasp right shot3)
-18.648: (grasp right shot3)
-18.648: (grasp left shot3)
-18.647: (grasp left shot3)
-18.647: (grasp left shot3)
-18.639: (grasp right shot3)
-18.639: (grasp left shot3)
-18.638: (grasp right shot3)
-18.637: (grasp right shot3)
-18.636: (grasp right shot3)
-17.269: (grasp left shot9)
-17.269: (grasp left shot7)
-17.269: (grasp left shot7)
-17.269: (grasp left shot1)
-17.264: (grasp left shot9)
-17.263: (grasp left shot7)
-17.257: (grasp left shot9)
-17.256: (grasp left shot9)
-17.256: (grasp left shot7)
-17.256: (grasp right shot1)
-17.256: (grasp left shot1)
-17.255: (grasp right shot7)
-17.255: (grasp right shot9)
-17.255: (grasp right shot9)
-17.255: (grasp left shot9)
-17.255: (grasp right shot1)
-21.979: (grasp right shot3)
-21.978: (grasp left shot3)
-21.978: (grasp left shot3)
-21.977: (grasp right shot3)
-19.008: (leave right shaker1)
-19.007: (leave left shaker1)
-19.006: (leave right shaker1)
-19.006: (leave left shaker1)
-18.673: (grasp left shot9)
-18.672: (grasp left shot7)
-18.672: (grasp right shot9)
-18.672: (grasp right shot1)
-18.672: (grasp right shot7)
-18.672: (grasp left shot1)
-18.672: (grasp left shot1)
-18.672: (grasp left shot7)
-18.672: (grasp left shot9)
-18.672: (grasp right shot9)
-18.671: (grasp right shot1)
-18.671: (grasp right shot7)
-17.384: (leave right shot9)
-17.383: (leave left shot9)
-17.383: (leave right shot7)
-17.218: (grasp right shot5)
-17.218: (grasp left shot5)
-17.218: (grasp right shot5)
-17.217: (grasp left shot5)
-16.731: (grasp left shot13)
-16.731: (grasp left shot4)
-16.731: (grasp left shot11)
-16.731: (grasp right shot6)
-16.731: (grasp right shot10)
-16.731: (grasp right shot12)
-16.730: (grasp right shot11)
-16.730: (grasp left shot6)
-16.326: (grasp right shot6)
-16.326: (grasp right shot2)
-16.326: (grasp left shot12)
-16.326: (grasp right shot4)
-16.326: (grasp left shot11)
-20.463: (grasp left shot3)
-20.463: (grasp left shot3)
-20.462: (grasp right shot3)
-20.461: (grasp left shot3)
-20.461: (leave left shaker1)
-20.461: (leave right shaker1)
-20.461: (leave left shaker1)
-20.461: (grasp right shot3)
-20.461: (leave right shaker1)
-20.459: (grasp right shot3)
-20.195: (grasp right shaker1)
-20.193: (grasp left shaker1)
-18.755: (grasp right shaker1)
-18.752: (grasp left shaker1)
-18.648: (grasp right shot3)
-18.645: (grasp left shot3)
-17.270: (leave left shaker1)
-17.270: (leave right shaker1)
-17.270: (leave right shaker1)
-17.270: (leave left shaker1)
-17.270: (leave left shaker1)
-17.270: (leave right shaker1)
-17.270: (leave right shaker1)
-17.270: (leave right shaker1)
-17.269: (leave right shaker1)
-17.269: (grasp left shot7)
-17.269: (grasp left shot1)
-17.269: (grasp right shot1)
-17.269: (grasp left shot7)
-17.269: (grasp right shot7)
-17.268: (leave left shaker1)
-17.268: (leave left shaker1)
-17.268: (leave left shaker1)
-17.268: (grasp left shot9)
-17.268: (grasp right shot9)
-17.268: (grasp left shot1)
-17.268: (grasp left shot9)
-17.268: (grasp right shot9)
-17.268: (grasp right shot7)
-17.268: (grasp left shot9)
-21.978: (grasp right shaker1)
-21.977: (grasp left shaker1)
-21.972: (grasp left shot3)
-21.967: (grasp right shot3)
-18.683: (grasp left shaker1)
-18.683: (grasp left shaker1)
-18.679: (grasp right shaker1)
-18.671: (grasp right shot1)
-18.671: (grasp left shot9)
-18.670: (grasp left shot7)
-18.669: (grasp left shot1)
-18.667: (grasp right shaker1)
-18.660: (grasp right shot7)
-18.660: (grasp right shot9)
-18.616: (grasp left shot14)
-18.615: (grasp right shot14)
-18.614: (grasp right shot14)
-18.613: (grasp right shot14)
-18.612: (grasp left shot14)
-18.609: (grasp left shot14)
-18.575: (grasp left shot3)
-18.574: (grasp left shot3)
-18.573: (grasp right shot3)
-18.570: (grasp right shot3)
-18.569: (grasp right shot3)
-18.568: (grasp left shot3)
-18.568: (grasp left shot3)
-18.567: (grasp left shot3)
-18.565: (grasp right shot3)
-18.561: (grasp left shot1)
-18.561: (grasp left shot3)
-18.561: (grasp right shot1)
-18.561: (grasp right shot9)
-18.560: (grasp right shot7)
-18.560: (grasp left shot3)
-18.560: (grasp left shot1)
-18.560: (grasp left shot7)
-18.560: (grasp left shot9)
-18.560: (grasp right shot7)
-18.560: (grasp right shot1)
-17.269: (leave left shaker1)
-17.269: (leave right shaker1)
-17.267: (leave right shot3)
-17.103: (leave right shot3)
-17.102: (leave left shot3)
-17.102: (leave right shot3)
-17.102: (leave left shot3)
-17.102: (leave left shot3)
-17.102: (leave right shot3)
inf: (leave left shot3)
inf: (leave left shot3)
inf: (leave right shot9)
inf: (leave left shot3)
inf: (leave left shot1)
inf: (leave right shot3)
inf: (leave left shot7)
inf: (leave right shot3)
inf: (leave left shot9)
inf: (leave right shot7)
inf: (leave left shot3)
inf: (leave right shot1)
inf: (leave right shot3)
inf: (leave left shot9)
inf: (leave right shot3)
inf: (leave left shot1)
inf: (leave left shot3)
inf: (leave right shot1)
inf: (leave left shot3)
inf: (leave right shot7)
inf: (leave left shot7)
inf: (leave right shot3)
inf: (leave left shot9)
inf: (leave right shaker1)
inf: (leave right shaker1)
inf: (leave right shot3)
inf: (leave left shaker1)
inf: (leave right shot7)
inf: (leave left shaker1)
inf: (leave right shot9)
inf: (leave left shaker1)
-18.560: (grasp left shot3)
-18.357: (grasp right shaker1)
-18.356: (grasp left shaker1)
-17.153: (grasp left shot7)
-17.153: (grasp left shot9)
-17.152: (grasp right shot1)
-17.152: (grasp right shot9)
-15.429: (grasp left shot1)
-15.429: (grasp left shot9)
-15.428: (grasp left shot7)
-15.428: (grasp left shot1)
-15.428: (grasp right shot1)
-15.428: (grasp left shot14)
-15.428: (grasp right shot9)
-15.427: (grasp left shot7)
-15.427: (grasp left shot9)
-15.427: (grasp right shot1)
-15.427: (grasp right shot7)
-15.427: (grasp right shot7)
-15.427: (grasp right shot9)
-15.427: (grasp right shot14)
-15.427: (grasp left shot9)
-15.427: (grasp left shot7)
-15.426: (grasp right shot1)
-15.426: (grasp left shot1)
-15.426: (grasp right shot7)
-15.426: (grasp right shot9)
-14.389: (grasp left shot5)
-14.389: (grasp right shot5)
-14.302: (grasp left shot5)
-14.302: (grasp right shot5)
-14.301: (grasp left shot5)
-14.300: (grasp right shot5)
-14.299: (grasp left shot5)
-14.297: (grasp right shot5)
-14.105: (grasp left shot13)
-14.105: (grasp left shot4)
-14.104: (grasp right shot10)
-14.103: (grasp right shot12)
-13.998: (grasp left shot10)
-16.139: (leave left shot14)
-16.139: (leave left shot14)
-16.139: (leave right shot14)
-16.139: (leave right shot14)
-16.139: (leave right shot1)
-16.139: (leave left shot7)
-16.139: (leave right shot14)
-16.138: (leave left shot14)
-15.983: (leave right shot1)
-15.983: (leave left shot7)
-15.983: (leave right shot14)
-15.983: (leave left shot7)
-15.981: (leave right shot1)
inf: (leave left shot14)
inf: (leave right shot5)
inf: (leave left shot7)
inf: (leave right shot9)
inf: (leave left shot14)
inf: (leave right shot7)
inf: (leave right shot14)
inf: (leave left shot1)
inf: (leave left shot9)
inf: (leave right shot14)
inf: (leave right shot1)
inf: (leave left shot14)
inf: (leave left shot5)
inf: (leave right shot5)
inf: (leave left shot5)
inf: (leave right shot14)
inf: (leave left shot5)
inf: (leave right shot5)
inf: (leave left shot5)
inf: (leave right shot5)
inf: (leave left shot13)
inf: (leave left shot4)
inf: (leave right shot10)
inf: (leave right shot12)
inf: (leave left shot10)
inf: (leave right shot1)
inf: (leave right shot14)
-17.852: (grasp right shot3)
-17.850: (grasp right shot3)
-17.850: (grasp left shot3)
-17.849: (grasp left shot3)
-17.848: (grasp right shot3)
-17.847: (grasp left shot3)
-17.221: (grasp right shaker1)
-17.218: (grasp left shaker1)
-17.201: (grasp right shot3)
-17.201: (grasp left shot3)
-17.200: (grasp right shot3)
-17.199: (grasp right shot3)
-17.195: (grasp left shot3)
-16.728: (grasp right shaker1)
-14.615: (grasp right shot13)
-14.613: (grasp left shot12)
-14.612: (grasp right shot12)
-14.611: (grasp left shot10)
-14.609: (grasp right shot4)
-14.391: (grasp right shot7)
-14.391: (grasp right shot9)
-14.390: (grasp right shot7)
-14.389: (grasp left shot7)
-14.389: (grasp left shot9)
-14.389: (grasp left shot1)
-14.389: (grasp left shot1)
-14.389: (grasp right shot1)
-14.389: (grasp right shot9)
-14.389: (grasp left shot1)
-14.389: (grasp left shot7)
-14.389: (grasp left shot9)
-14.389: (grasp right shot9)
-14.389: (grasp right shot7)
-14.389: (grasp right shot1)
-14.388: (grasp left shot9)
-14.104: (grasp right shot7)
-14.104: (grasp right shot9)
-14.098: (grasp right shot7)
-14.098: (grasp right shot1)
-14.098: (grasp left shot9)
-15.981: (leave right shot10)
-15.981: (leave left shot4)
-15.981: (leave left shot13)
inf: (leave right shot5)
inf: (leave left shot9)
inf: (leave left shot7)
inf: (leave right shot5)
inf: (leave left shot1)
inf: (leave left shot5)
inf: (leave right shot9)
inf: (leave left shot5)
inf: (leave right shot1)
inf: (leave right shot5)
inf: (leave left shot1)
inf: (leave right shot5)
inf: (leave left shot1)
inf: (leave right shot5)
inf: (leave left shot9)
inf: (leave right shot5)
inf: (leave left shot7)
inf: (leave left shot5)
inf: (leave right shot7)
inf: (leave right shot12)
inf: (leave left shot9)
inf: (leave left shot10)
inf: (leave right shot1)
inf: (leave left shot10)
inf: (leave right shot7)
inf: (leave left shot13)
inf: (leave right shot9)
inf: (leave left shot13)
inf: (leave left shot5)
inf: (leave right shot5)
inf: (leave left shot9)
inf: (leave left shot5)
inf: (leave right shot1)
inf: (leave left shot5)
inf: (leave right shot7)
inf: (leave left shot5)
inf: (leave right shot9)
-17.205: (grasp right shot3)
-17.205: (grasp left shot3)
-17.204: (grasp left shot3)
-16.731: (grasp right shaker1)
-16.731: (grasp left shaker1)
-16.730: (grasp left shaker1)
-14.105: (grasp right shot7)
-14.104: (grasp left shot1)
-14.104: (grasp right shot9)
-14.104: (grasp right shot1)
-14.104: (grasp left shot7)
-14.103: (grasp left shot9)
-14.103: (grasp left shot9)
-14.103: (grasp left shot1)
-14.103: (grasp left shot7)
-13.997: (grasp left shot14)
-13.995: (grasp right shot14)
-13.995: (grasp left shot14)
-12.931: (grasp left shot5)
-12.930: (grasp right shot5)
-12.930: (grasp left shot5)
-12.471: (grasp left shot10)
-12.470: (grasp left shot12)
-12.470: (grasp left shot11)
-12.470: (grasp right shot2)
-12.470: (grasp right shot4)
-12.470: (grasp right shot11)
-12.470: (grasp right shot6)
-12.470: (grasp right shot8)
-12.470: (grasp left shot6)
-12.470: (grasp right shot13)
-12.470: (grasp left shot2)
-12.470: (grasp left shot2)
-12.470: (grasp left shot8)
-12.470: (grasp left shot6)
-12.470: (grasp left shot8)
-12.469: (grasp left shot12)
-12.469: (grasp left shot11)
-12.469: (grasp left shot10)
-11.023: (fill-shot shot4 ingredient9 right left dispenser9)
-15.589: (leave right shot4)
-15.589: (leave right shot4)
-15.589: (leave right shot4)
-15.589: (leave right shot13)
-15.589: (leave right shot4)
-15.589: (leave right shot13)
-15.589: (leave right shot13)
-15.589: (leave left shot12)
-15.589: (leave left shot12)
-15.589: (leave right shot4)
-15.589: (leave left shot12)
-15.589: (leave right shot13)
-15.588: (leave left shot12)
-15.588: (leave left shot12)
-15.588: (leave left shot12)
-15.588: (leave right shot4)
-15.588: (leave right shot13)
-15.588: (leave right shot13)
-12.478: (leave right shot4)
-12.143: (grasp left shot3)
-11.931: (grasp left shaker1)
-9.166: (grasp left shot7)
-9.166: (grasp left shot9)
-9.165: (grasp left shot1)
-9.078: (grasp left shot14)
-7.928: (grasp left shot5)
-7.538: (grasp left shot12)
-7.537: (grasp left shot2)
-7.537: (grasp left shot6)
-7.537: (grasp left shot10)
-7.537: (grasp left shot11)
-7.537: (grasp left shot8)
-6.207: (grasp left shot13)
-4.911: (empty-shot right shot4 ingredient9)
inf: (leave left shot1)
inf: (leave left shot9)
inf: (leave left shot8)
inf: (leave right shot13)
inf: (leave left shot6)
inf: (leave left shot7)
-16.821: (grasp left shot3)
-16.812: (grasp right shot3)
-16.811: (grasp right shot3)
-16.811: (grasp right shot3)
-16.810: (grasp right shot3)
-16.809: (grasp right shot3)
-16.808: (grasp left shot3)
-16.808: (grasp left shot3)
-16.808: (grasp right shot3)
-16.806: (grasp left shot3)
-16.805: (grasp left shot3)
-16.800: (grasp left shot3)
-16.327: (grasp right shaker1)
-16.326: (grasp right shaker1)
-16.326: (grasp right shaker1)
-16.326: (grasp right shaker1)
-16.324: (grasp left shaker1)
-16.322: (grasp left shaker1)
-16.318: (grasp left shaker1)
-14.538: (grasp left shot13)
-14.536: (grasp right shot2)
-14.535: (grasp right shot10)
-14.535: (grasp right shot11)
-14.533: (grasp right shot12)
-14.533: (grasp right shot6)
-14.532: (grasp right shot8)
-14.529: (grasp left shot8)
-14.527: (grasp left shot6)
-14.525: (grasp left shot2)
-14.525: (grasp left shot11)
-14.525: (grasp left shot4)
-13.710: (grasp left shot7)
-13.710: (grasp left shot1)
-13.710: (grasp left shot9)
-13.708: (grasp right shot9)
-13.708: (grasp right shot7)
-13.707: (grasp right shot1)
-13.707: (grasp right shot7)
-13.707: (grasp right shot7)
-13.707: (grasp right shot1)
-15.590: (leave left shot8)
-15.590: (leave left shot12)
-15.589: (leave left shot6)
-15.589: (leave right shot4)
-15.589: (leave left shot10)
-15.589: (leave right shot8)
-15.589: (leave right shot6)
-15.589: (leave right shot13)
-15.589: (leave right shot11)
-15.589: (leave right shot2)
-15.588: (leave left shot11)
-15.588: (leave left shot2)
inf: (leave right shot12)
inf: (leave right shot6)
inf: (leave right shot8)
inf: (leave left shot8)
inf: (leave left shot6)
inf: (leave left shot2)
inf: (leave right shot11)
inf: (leave right shot10)
inf: (leave left shot11)
inf: (leave left shot4)
inf: (leave right shot7)
inf: (leave left shot3)
inf: (leave right shot1)
inf: (leave left shot10)
inf: (leave right shot7)
inf: (leave left shot11)
inf: (leave right shot7)
inf: (leave left shot11)
inf: (leave right shot1)
inf: (leave left shot6)
inf: (leave left shot2)
inf: (leave left shot6)
inf: (leave right shot9)
inf: (leave right shot4)
inf: (leave left shot9)
inf: (leave right shot4)
inf: (leave left shot1)
inf: (leave right shot4)
-16.821: (grasp left shot3)
-16.812: (grasp right shot3)
-16.811: (grasp left shot3)
-16.811: (grasp left shot3)
-16.810: (grasp left shot3)
-16.808: (grasp left shot3)
-16.808: (grasp left shot3)
-16.808: (grasp right shot3)
-16.808: (grasp right shot3)
-16.806: (grasp right shot3)
-16.805: (grasp right shot3)
-16.800: (grasp right shot3)
-16.334: (grasp left shaker1)
-16.327: (grasp left shaker1)
-16.326: (grasp left shaker1)
-16.326: (grasp left shaker1)
-16.326: (grasp right shaker1)
-16.326: (grasp right shaker1)
-16.324: (grasp left shaker1)
-16.324: (grasp right shaker1)
-16.323: (grasp right shaker1)
-16.323: (grasp right shaker1)
-16.322: (grasp left shaker1)
-16.318: (grasp right shaker1)
-13.710: (grasp left shot1)
-13.710: (grasp left shot7)
-13.710: (grasp left shot9)
-13.708: (grasp left shot9)
-13.708: (grasp left shot7)
-13.707: (grasp left shot1)
-13.707: (grasp left shot7)
-13.707: (grasp left shot7)
-13.707: (grasp left shot9)
-13.707: (grasp left shot1)
-13.707: (grasp right shot9)
-13.707: (grasp right shot1)
-13.707: (grasp right shot7)
-13.706: (grasp left shot9)
-13.706: (grasp left shot1)
-13.706: (grasp right shot1)
-20.462: (leave left shot11)
-20.462: (leave left shot4)
-20.461: (leave left shot13)
-20.461: (leave right shot2)
-20.461: (leave right shot11)
-20.461: (leave left shot2)
-20.461: (leave right shot8)
-20.461: (leave right shot6)
-20.461: (leave right shot12)
-20.461: (leave right shot10)
-20.461: (leave left shot8)
-20.461: (leave left shot6)
-20.194: (leave left shot6)
-20.194: (leave left shot11)
-20.194: (leave right shot8)
-20.194: (leave right shot12)
-20.193: (leave right shot6)
-20.193: (leave right shot2)
-20.193: (leave left shot4)
-20.193: (leave right shot10)
-20.193: (leave right shot11)
-20.193: (leave left shot2)
-20.193: (leave left shot8)
-20.193: (leave left shot13)
-17.268: (leave left shot2)
-17.268: (leave right shot2)
-17.268: (leave left shot2)
-17.268: (leave right shot10)
-17.268: (leave right shot12)
-17.268: (leave right shot2)
-17.268: (leave right shot10)
-17.268: (leave right shot10)
-17.268: (leave right shot2)
-17.268: (leave right shot8)
-17.268: (leave right shot8)
-17.268: (leave right shot12)
-17.268: (leave right shot12)
-17.268: (leave right shot8)
-17.267: (leave left shot2)
-17.267: (leave left shot13)
Failed to find a solution!
