/u/ibrahim.eisawy/Neural-Guided-Search/venv/lib/python3.10/site-packages/pymimir_rgnn/model.py:151: UserWarning: index_reduce() is in beta and the API may change at any time. (Triggered internally at /pytorch/aten/src/ATen/native/cuda/Indexing.cu:1541.)
  max_msg.index_reduce_(0, output_indices, output_messages, reduce='amax', include_self=True)
Torch: 2.12.0+cu130
Using GPU:  NVIDIA L40S
19.358: (grasp right shot10)
19.358: (grasp right shot11)
19.358: (grasp left shot10)
19.358: (grasp left shot7)
19.358: (grasp left shot11)
19.358: (grasp left shot6)
19.358: (grasp right shot6)
19.358: (grasp right shot7)
19.358: (grasp left shot1)
19.358: (grasp right shot1)
20.062: (grasp right shot12)
20.062: (grasp left shot12)
20.258: (grasp left shaker1)
20.258: (grasp right shaker1)
20.391: (grasp right shot9)
20.391: (grasp right shot8)
20.391: (grasp left shot9)
20.391: (grasp left shot8)
20.391: (grasp left shot5)
20.391: (grasp right shot5)
20.391: (grasp left shot2)
20.391: (grasp right shot2)
20.391: (grasp left shot3)
20.391: (grasp left shot4)
20.391: (grasp right shot3)
20.391: (grasp right shot4)
15.712: (fill-shot shot12 ingredient10 right left dispenser10)
15.713: (fill-shot shot12 ingredient10 left right dispenser10)
15.897: (fill-shot shot12 ingredient5 right left dispenser5)
15.898: (fill-shot shot12 ingredient5 left right dispenser5)
16.919: (fill-shot shot1 ingredient10 right left dispenser10)
16.919: (fill-shot shot1 ingredient10 left right dispenser10)
16.919: (fill-shot shot10 ingredient10 left right dispenser10)
16.919: (fill-shot shot7 ingredient10 right left dispenser10)
16.919: (fill-shot shot6 ingredient10 right left dispenser10)
16.919: (fill-shot shot11 ingredient10 right left dispenser10)
16.920: (fill-shot shot7 ingredient10 left right dispenser10)
16.920: (fill-shot shot10 ingredient10 right left dispenser10)
16.920: (fill-shot shot11 ingredient10 left right dispenser10)
16.920: (fill-shot shot6 ingredient10 left right dispenser10)
17.006: (fill-shot shot1 ingredient5 left right dispenser5)
17.006: (fill-shot shot1 ingredient5 right left dispenser5)
17.006: (fill-shot shot7 ingredient5 right left dispenser5)
17.007: (fill-shot shot10 ingredient5 left right dispenser5)
17.007: (fill-shot shot6 ingredient5 right left dispenser5)
17.007: (fill-shot shot7 ingredient5 left right dispenser5)
17.007: (fill-shot shot10 ingredient5 right left dispenser5)
17.007: (fill-shot shot11 ingredient5 right left dispenser5)
17.007: (fill-shot shot6 ingredient5 left right dispenser5)
17.007: (fill-shot shot11 ingredient5 left right dispenser5)
19.476: (fill-shot shot4 ingredient3 right left dispenser3)
19.477: (fill-shot shot2 ingredient8 right left dispenser8)
19.477: (fill-shot shot4 ingredient3 left right dispenser3)
19.477: (fill-shot shot3 ingredient11 left right dispenser11)
19.477: (fill-shot shot3 ingredient11 right left dispenser11)
19.477: (fill-shot shot5 ingredient6 right left dispenser6)
19.477: (fill-shot shot2 ingredient8 left right dispenser8)
19.477: (fill-shot shot9 ingredient7 right left dispenser7)
19.477: (fill-shot shot5 ingredient6 left right dispenser6)
19.478: (fill-shot shot9 ingredient7 left right dispenser7)
19.478: (fill-shot shot8 ingredient1 left right dispenser1)
19.478: (fill-shot shot8 ingredient1 right left dispenser1)
20.164: (grasp right shot12)
20.164: (grasp left shot12)
20.164: (grasp left shot12)
20.164: (grasp right shot12)
13.855: (pour-shot-to-clean-shaker shot12 ingredient10 shaker1 right l0 l1)
13.855: (pour-shot-to-clean-shaker shot12 ingredient10 shaker1 left l0 l1)
15.248: (pour-shot-to-clean-shaker shot12 ingredient5 shaker1 left l0 l1)
15.248: (pour-shot-to-clean-shaker shot12 ingredient5 shaker1 right l0 l1)
15.676: (leave left shot10)
15.676: (leave left shot1)
15.676: (leave right shot1)
15.676: (leave right shot10)
15.676: (leave right shot11)
15.676: (leave left shot6)
15.676: (leave right shot7)
15.676: (leave left shot7)
15.676: (leave right shot6)
15.677: (leave left shot11)
15.699: (leave right shot1)
15.699: (leave left shot10)
15.699: (leave right shot6)
15.699: (leave left shot1)
15.699: (leave right shot7)
15.699: (leave left shot11)
15.699: (leave left shot6)
15.699: (leave right shot10)
15.699: (leave left shot7)
15.699: (leave right shot11)
16.263: (grasp right shot1)
16.263: (grasp left shot10)
16.263: (grasp left shot6)
16.263: (grasp left shot7)
16.263: (grasp left shot11)
16.263: (grasp right shot7)
16.263: (grasp right shot6)
16.263: (grasp left shot1)
16.263: (grasp right shot11)
16.263: (grasp right shot10)
16.447: (grasp right shot6)
16.447: (grasp left shot10)
16.447: (grasp right shot7)
16.447: (grasp right shot10)
16.447: (grasp right shot1)
16.447: (grasp right shot11)
15.055: (grasp right shaker1)
15.055: (grasp left shaker1)
15.124: (grasp right shot4)
15.124: (grasp right shot3)
15.124: (grasp right shot2)
15.124: (grasp right shot5)
15.124: (grasp left shot9)
15.124: (grasp left shot2)
15.124: (grasp left shot8)
15.124: (grasp left shot3)
15.124: (grasp left shot5)
15.124: (grasp left shot4)
15.124: (grasp right shot8)
15.124: (grasp right shot9)
15.636: (pour-shot-to-clean-shaker shot12 ingredient10 shaker1 left l0 l1)
15.636: (pour-shot-to-clean-shaker shot12 ingredient10 shaker1 left l0 l1)
15.636: (pour-shot-to-clean-shaker shot12 ingredient10 shaker1 left l0 l1)
15.636: (pour-shot-to-clean-shaker shot12 ingredient10 shaker1 left l0 l1)
15.636: (pour-shot-to-clean-shaker shot12 ingredient10 shaker1 right l0 l1)
15.636: (pour-shot-to-clean-shaker shot12 ingredient10 shaker1 right l0 l1)
15.636: (grasp right shot6)
15.636: (grasp right shot1)
15.636: (grasp left shot11)
15.636: (grasp left shot7)
15.636: (grasp left shot6)
15.636: (grasp right shot7)
15.636: (grasp left shot10)
15.636: (grasp left shot1)
15.636: (grasp right shot10)
15.636: (grasp right shot11)
15.637: (pour-shot-to-clean-shaker shot12 ingredient10 shaker1 right l0 l1)
15.637: (pour-shot-to-clean-shaker shot12 ingredient10 shaker1 right l0 l1)
15.637: (pour-shot-to-clean-shaker shot12 ingredient10 shaker1 right l0 l1)
15.637: (pour-shot-to-clean-shaker shot12 ingredient10 shaker1 left l0 l1)
15.988: (pour-shot-to-clean-shaker shot12 ingredient5 shaker1 right l0 l1)
15.988: (pour-shot-to-clean-shaker shot12 ingredient5 shaker1 left l0 l1)
15.988: (pour-shot-to-clean-shaker shot12 ingredient5 shaker1 left l0 l1)
15.988: (pour-shot-to-clean-shaker shot12 ingredient5 shaker1 left l0 l1)
15.988: (pour-shot-to-clean-shaker shot12 ingredient5 shaker1 left l0 l1)
15.988: (pour-shot-to-clean-shaker shot12 ingredient5 shaker1 left l0 l1)
16.048: (leave left shot12)
16.048: (leave right shot12)
16.048: (leave left shot12)
16.048: (leave left shot12)
16.048: (leave left shot12)
16.048: (leave right shot12)
16.048: (leave right shot12)
16.048: (leave right shot12)
16.048: (leave left shot12)
16.048: (leave right shot12)
16.568: (leave left shot12)
16.568: (leave left shot12)
16.568: (leave left shot12)
16.568: (leave left shot12)
16.568: (leave right shot12)
16.568: (leave left shot12)
19.951: (leave right shot12)
19.951: (leave right shot12)
19.951: (leave right shot12)
19.951: (leave right shot12)
19.951: (leave right shot12)
19.951: (leave left shot12)
19.951: (leave left shot12)
19.951: (leave left shot12)
19.951: (leave right shot12)
19.951: (leave left shot12)
19.951: (leave left shot12)
19.951: (leave left shot12)
19.951: (leave left shot12)
19.951: (leave right shot12)
inf: (leave left shot10)
inf: (leave right shot10)
inf: (leave right shot1)
inf: (leave left shot6)
inf: (leave left shot10)
inf: (leave right shot6)
inf: (leave right shot7)
inf: (leave left shot7)
inf: (leave right shot11)
inf: (leave right shot10)
14.092: (fill-shot shot1 ingredient10 right left dispenser10)
14.092: (fill-shot shot11 ingredient10 right left dispenser10)
14.093: (fill-shot shot10 ingredient10 left right dispenser10)
14.093: (fill-shot shot10 ingredient10 right left dispenser10)
14.093: (fill-shot shot7 ingredient10 right left dispenser10)
14.093: (fill-shot shot6 ingredient10 right left dispenser10)
14.139: (fill-shot shot7 ingredient5 right left dispenser5)
14.139: (fill-shot shot6 ingredient5 right left dispenser5)
14.139: (fill-shot shot11 ingredient5 right left dispenser5)
14.139: (fill-shot shot10 ingredient5 right left dispenser5)
14.139: (fill-shot shot7 ingredient5 left right dispenser5)
14.139: (fill-shot shot11 ingredient5 left right dispenser5)
14.139: (fill-shot shot6 ingredient5 left right dispenser5)
14.140: (fill-shot shot1 ingredient5 right left dispenser5)
14.140: (fill-shot shot1 ingredient5 left right dispenser5)
14.140: (fill-shot shot10 ingredient5 left right dispenser5)
17.174: (grasp right shot7)
17.174: (grasp right shot6)
17.174: (grasp right shot1)
17.174: (grasp left shot11)
17.174: (grasp left shot10)
17.174: (grasp left shot7)
17.174: (grasp left shot6)
17.174: (grasp left shot1)
17.174: (grasp right shot10)
17.174: (grasp right shot11)
17.174: (grasp left shaker1)
17.174: (grasp right shaker1)
17.174: (grasp left shaker1)
17.174: (grasp left shaker1)
17.174: (grasp left shaker1)
17.174: (grasp right shaker1)
17.174: (grasp right shaker1)
17.174: (grasp right shaker1)
17.174: (grasp right shaker1)
17.174: (grasp left shaker1)
17.208: (fill-shot shot6 ingredient10 right left dispenser10)
17.208: (fill-shot shot7 ingredient10 right left dispenser10)
17.208: (fill-shot shot10 ingredient10 right left dispenser10)
17.209: (fill-shot shot11 ingredient10 right left dispenser10)
-26.580: (pour-shot-to-used-shaker shot6 ingredient10 shaker1 right l1 l2)
-26.579: (pour-shot-to-used-shaker shot1 ingredient10 shaker1 right l1 l2)
-26.579: (pour-shot-to-used-shaker shot7 ingredient10 shaker1 right l1 l2)
-26.579: (pour-shot-to-used-shaker shot11 ingredient10 shaker1 right l1 l2)
-26.578: (pour-shot-to-used-shaker shot10 ingredient10 shaker1 right l1 l2)
-26.578: (pour-shot-to-used-shaker shot10 ingredient10 shaker1 left l1 l2)
-26.385: (pour-shot-to-used-shaker shot6 ingredient5 shaker1 right l1 l2)
-26.385: (pour-shot-to-used-shaker shot7 ingredient5 shaker1 right l1 l2)
-26.373: (pour-shot-to-used-shaker shot11 ingredient5 shaker1 right l1 l2)
-26.372: (pour-shot-to-used-shaker shot7 ingredient5 shaker1 left l1 l2)
-26.372: (pour-shot-to-used-shaker shot10 ingredient5 shaker1 right l1 l2)
-26.369: (pour-shot-to-used-shaker shot11 ingredient5 shaker1 left l1 l2)
-26.367: (pour-shot-to-used-shaker shot10 ingredient5 shaker1 left l1 l2)
-26.366: (pour-shot-to-used-shaker shot1 ingredient5 shaker1 right l1 l2)
-26.366: (pour-shot-to-used-shaker shot1 ingredient5 shaker1 left l1 l2)
-26.366: (pour-shot-to-used-shaker shot6 ingredient5 shaker1 left l1 l2)
12.967: (leave right shot6)
12.967: (leave right shot7)
12.967: (leave left shot11)
12.967: (leave left shot7)
12.967: (leave right shot11)
12.967: (leave right shot10)
12.968: (leave left shot6)
12.968: (leave right shot1)
12.968: (leave left shot1)
12.968: (leave left shot10)
13.097: (leave right shot7)
13.097: (leave right shot6)
13.097: (leave right shot1)
13.097: (leave right shot10)
13.097: (leave right shot11)
13.097: (leave left shot10)
14.901: (grasp right shot11)
14.901: (grasp right shot1)
14.901: (grasp left shot6)
14.901: (grasp left shot10)
14.901: (grasp left shot11)
14.901: (grasp left shot1)
14.901: (grasp left shot10)
14.901: (grasp right shot6)
-33.578: (clean-shot shot7 ingredient5 right left)
-33.576: (clean-shot shot11 ingredient5 right left)
-33.575: (clean-shot shot6 ingredient5 right left)
-33.575: (clean-shot shot7 ingredient5 left right)
-33.574: (clean-shot shot10 ingredient5 right left)
-33.563: (clean-shot shot11 ingredient5 left right)
-33.562: (clean-shot shot1 ingredient5 right left)
-33.562: (clean-shot shot10 ingredient5 left right)
-33.561: (clean-shot shot1 ingredient5 left right)
-33.560: (clean-shot shot6 ingredient5 left right)
-33.514: (clean-shot shot10 ingredient10 right left)
-33.513: (clean-shot shot6 ingredient10 right left)
-33.513: (clean-shot shot11 ingredient10 right left)
-33.512: (clean-shot shot1 ingredient10 right left)
-33.512: (clean-shot shot10 ingredient10 left right)
-33.511: (clean-shot shot7 ingredient10 right left)
-26.374: (pour-shot-to-used-shaker shot10 ingredient10 shaker1 left l1 l2)
-26.374: (pour-shot-to-used-shaker shot11 ingredient10 shaker1 right l1 l2)
-26.374: (pour-shot-to-used-shaker shot11 ingredient10 shaker1 right l1 l2)
-26.373: (pour-shot-to-used-shaker shot1 ingredient10 shaker1 right l1 l2)
-26.373: (pour-shot-to-used-shaker shot11 ingredient10 shaker1 right l1 l2)
-26.373: (pour-shot-to-used-shaker shot1 ingredient10 shaker1 right l1 l2)
-26.372: (pour-shot-to-used-shaker shot10 ingredient10 shaker1 left l1 l2)
-26.372: (pour-shot-to-used-shaker shot10 ingredient10 shaker1 left l1 l2)
-26.359: (grasp left shot11)
-26.359: (grasp left shot1)
-26.359: (grasp left shot7)
-26.359: (grasp left shot1)
-26.359: (grasp left shot10)
-26.359: (grasp left shot11)
-26.359: (grasp left shot10)
-26.359: (grasp left shot6)
-26.359: (grasp left shot7)
-26.359: (grasp left shot10)
-26.359: (grasp left shot11)
-26.358: (grasp left shot1)
-26.358: (grasp right shot1)
-26.358: (grasp left shot11)
-26.358: (grasp left shot7)
-26.358: (grasp right shot11)
-35.748: (grasp left shaker1)
-35.747: (grasp left shaker1)
-35.747: (grasp right shaker1)
-35.747: (grasp left shaker1)
-35.745: (grasp right shaker1)
-35.744: (grasp left shaker1)
-35.744: (grasp left shaker1)
-35.743: (grasp left shaker1)
-35.743: (grasp right shaker1)
-35.742: (grasp left shaker1)
-35.742: (grasp right shaker1)
-35.741: (grasp left shaker1)
-35.739: (grasp left shaker1)
-35.735: (grasp left shaker1)
-35.734: (grasp right shaker1)
-35.732: (grasp right shaker1)
-35.595: (leave right shot10)
-35.593: (leave right shot7)
-35.593: (leave left shot11)
-35.593: (leave left shot7)
-35.592: (leave right shot11)
-35.592: (leave right shot6)
-35.590: (leave left shot10)
-35.590: (leave right shot1)
-35.583: (leave left shot6)
-35.582: (leave left shot1)
-35.487: (leave right shot7)
-35.479: (leave left shot10)
-35.479: (leave right shot11)
-35.479: (leave right shot1)
-35.464: (leave right shot10)
-35.463: (leave right shot6)
-33.521: (grasp left shot11)
-33.521: (grasp left shot7)
-33.521: (grasp left shot6)
-33.520: (grasp right shot1)
-33.520: (grasp right shot6)
-33.520: (grasp right shot10)
-33.520: (grasp right shot7)
-33.519: (grasp left shot1)
-37.254: (leave left shot6)
-37.254: (leave right shot10)
-37.254: (leave right shot1)
-37.254: (leave left shot11)
-37.254: (leave right shot11)
-37.254: (leave right shot7)
-37.254: (leave right shot6)
-37.254: (leave left shot7)
-37.253: (leave left shot10)
-37.253: (leave left shot1)
-37.253: (grasp left shaker1)
-37.252: (grasp right shaker1)
-37.165: (leave right shot10)
-37.164: (leave left shot10)
-37.164: (leave right shot11)
-37.164: (leave right shot7)
-37.164: (leave right shot6)
-37.164: (leave right shot1)
-37.161: (grasp right shaker1)
-37.161: (grasp left shaker1)
-34.611: (grasp left shot12)
-34.608: (grasp right shot12)
-34.561: (grasp right shot12)
-34.559: (grasp left shot12)
-33.512: (grasp left shot1)
-33.512: (grasp left shot6)
-33.512: (grasp left shot7)
-33.512: (grasp left shot11)
-32.905: (grasp left shot2)
-32.905: (grasp left shot3)
-32.905: (grasp left shot4)
-32.905: (grasp left shot5)
-32.904: (grasp left shot8)
-32.904: (grasp left shot9)
-32.904: (grasp right shot2)
-32.904: (grasp right shot4)
-32.904: (grasp right shot3)
-32.904: (grasp right shot5)
-32.904: (grasp right shot9)
-32.904: (grasp right shot8)
-36.591: (grasp right shot12)
-36.590: (grasp left shot12)
-36.590: (grasp right shaker1)
-36.589: (grasp left shaker1)
-36.363: (grasp right shaker1)
-36.362: (grasp right shot12)
-36.361: (grasp left shaker1)
-36.360: (grasp left shot12)
-35.740: (grasp right shaker1)
-35.740: (grasp left shot1)
-35.739: (grasp left shot6)
-35.739: (grasp left shot11)
-35.738: (grasp left shot7)
-35.738: (grasp right shaker1)
-35.738: (grasp right shaker1)
-35.732: (grasp right shaker1)
-34.823: (grasp right shaker1)
-34.820: (grasp left shaker1)
-34.820: (grasp right shaker1)
-34.820: (grasp left shaker1)
-34.820: (grasp right shaker1)
-34.820: (grasp left shot8)
-34.820: (grasp left shot5)
-34.820: (grasp left shot4)
-34.820: (grasp left shot9)
-34.820: (grasp right shot8)
-34.820: (grasp left shot3)
-34.820: (grasp left shot2)
-34.820: (grasp right shot3)
-34.820: (grasp right shot2)
-34.820: (grasp right shot4)
-34.820: (grasp right shot5)
-34.819: (grasp right shot9)
-34.817: (grasp left shaker1)
-34.816: (grasp left shaker1)
-34.816: (grasp left shaker1)
-34.816: (grasp left shaker1)
-34.810: (grasp right shaker1)
-34.808: (grasp right shaker1)
-34.808: (grasp right shaker1)
-37.254: (leave left shot4)
-37.254: (leave right shot12)
-37.254: (leave left shot12)
-37.254: (leave left shot5)
-37.254: (leave right shot8)
-37.254: (leave left shot8)
-37.254: (leave left shot3)
-37.253: (leave left shot2)
-37.253: (leave right shot3)
-37.253: (leave right shot4)
-37.253: (leave right shot2)
-37.253: (leave left shot9)
-37.253: (leave right shot5)
-37.252: (leave right shot9)
-37.164: (leave left shot11)
-37.164: (leave left shot12)
-37.164: (leave left shot6)
-37.164: (leave right shot12)
-37.164: (leave left shot1)
-37.164: (leave left shot7)
-34.611: (leave left shaker1)
-34.611: (leave right shaker1)
-34.562: (leave left shaker1)
-34.562: (leave right shaker1)
-33.513: (leave right shaker1)
-33.513: (leave right shaker1)
-33.512: (leave right shaker1)
-33.512: (leave right shaker1)
-32.906: (leave right shaker1)
-32.905: (leave right shaker1)
-32.905: (leave left shaker1)
-32.905: (leave right shaker1)
-32.905: (leave left shaker1)
-32.905: (leave right shaker1)
-32.905: (leave left shaker1)
-32.905: (leave left shaker1)
-32.905: (leave right shaker1)
-32.905: (leave right shaker1)
-32.905: (leave left shaker1)
-32.904: (leave left shaker1)
Failed to find a solution!
