/u/ibrahim.eisawy/Neural-Guided-Search/venv/lib/python3.10/site-packages/pymimir_rgnn/model.py:151: UserWarning: index_reduce() is in beta and the API may change at any time. (Triggered internally at /pytorch/aten/src/ATen/native/cuda/Indexing.cu:1541.)
  max_msg.index_reduce_(0, output_indices, output_messages, reduce='amax', include_self=True)
Torch: 2.12.0+cu130
Using GPU:  NVIDIA L40S
40.149: (grasp right shot8)
40.149: (grasp left shot8)
40.249: (grasp right shot5)
40.249: (grasp left shot5)
40.531: (grasp right shot10)
40.531: (grasp left shot10)
41.568: (grasp right shot2)
41.568: (grasp left shot2)
41.613: (grasp right shot6)
41.614: (grasp right shot1)
41.614: (grasp left shot6)
41.614: (grasp left shot1)
41.618: (grasp right shot7)
41.618: (grasp right shot3)
41.618: (grasp left shot7)
41.618: (grasp left shot3)
41.722: (grasp right shot9)
41.722: (grasp right shot4)
41.722: (grasp left shot9)
41.722: (grasp left shot4)
41.864: (grasp right shaker1)
41.864: (grasp left shaker1)
38.150: (fill-shot shot5 ingredient6 right left dispenser6)
38.150: (fill-shot shot5 ingredient6 left right dispenser6)
38.173: (fill-shot shot8 ingredient6 right left dispenser6)
38.173: (fill-shot shot8 ingredient6 left right dispenser6)
38.904: (fill-shot shot8 ingredient5 left right dispenser5)
38.904: (fill-shot shot8 ingredient5 right left dispenser5)
39.016: (fill-shot shot10 ingredient6 right left dispenser6)
39.016: (fill-shot shot10 ingredient6 left right dispenser6)
39.385: (fill-shot shot5 ingredient3 right left dispenser3)
39.385: (fill-shot shot5 ingredient3 left right dispenser3)
39.615: (fill-shot shot3 ingredient6 right left dispenser6)
39.615: (fill-shot shot3 ingredient6 left right dispenser6)
39.615: (fill-shot shot7 ingredient6 left right dispenser6)
39.615: (fill-shot shot7 ingredient6 right left dispenser6)
39.876: (fill-shot shot2 ingredient6 left right dispenser6)
39.876: (fill-shot shot2 ingredient6 right left dispenser6)
39.907: (fill-shot shot6 ingredient6 right left dispenser6)
39.907: (fill-shot shot1 ingredient6 right left dispenser6)
39.907: (fill-shot shot6 ingredient6 left right dispenser6)
39.907: (fill-shot shot1 ingredient6 left right dispenser6)
39.912: (fill-shot shot8 ingredient3 right left dispenser3)
39.912: (fill-shot shot8 ingredient3 left right dispenser3)
40.041: (fill-shot shot5 ingredient5 right left dispenser5)
40.042: (fill-shot shot5 ingredient5 left right dispenser5)
40.330: (fill-shot shot10 ingredient5 right left dispenser5)
40.330: (fill-shot shot10 ingredient5 left right dispenser5)
40.489: (fill-shot shot10 ingredient3 left right dispenser3)
40.489: (fill-shot shot10 ingredient3 right left dispenser3)
40.834: (grasp left shot2)
40.834: (grasp right shot2)
40.834: (grasp right shot8)
40.834: (grasp left shot8)
40.875: (grasp right shot2)
40.875: (grasp left shot2)
40.875: (grasp left shot5)
40.875: (grasp right shot5)
40.885: (grasp right shot6)
40.885: (grasp left shot6)
40.885: (grasp right shot1)
40.885: (grasp left shot1)
37.658: (pour-shot-to-clean-shaker shot8 ingredient6 shaker1 right l0 l1)
37.658: (pour-shot-to-clean-shaker shot8 ingredient6 shaker1 left l0 l1)
37.690: (pour-shot-to-clean-shaker shot5 ingredient6 shaker1 left l0 l1)
37.690: (pour-shot-to-clean-shaker shot5 ingredient6 shaker1 right l0 l1)
38.234: (pour-shot-to-clean-shaker shot10 ingredient6 shaker1 left l0 l1)
38.234: (pour-shot-to-clean-shaker shot10 ingredient6 shaker1 right l0 l1)
38.572: (grasp right shot8)
38.572: (grasp left shot8)
38.648: (grasp left shot5)
38.648: (grasp right shot5)
38.699: (pour-shot-to-clean-shaker shot10 ingredient5 shaker1 right l0 l1)
38.699: (pour-shot-to-clean-shaker shot10 ingredient5 shaker1 left l0 l1)
38.847: (pour-shot-to-clean-shaker shot5 ingredient3 shaker1 right l0 l1)
38.847: (pour-shot-to-clean-shaker shot5 ingredient3 shaker1 left l0 l1)
38.891: (grasp right shot2)
38.891: (grasp left shot2)
38.921: (grasp right shot6)
38.921: (grasp right shot1)
38.921: (grasp left shot1)
38.921: (grasp left shot6)
38.957: (grasp left shot7)
38.957: (grasp right shot3)
38.957: (grasp right shot7)
38.958: (grasp left shot3)
38.958: (grasp left shot2)
38.958: (grasp right shot2)
38.961: (grasp right shot10)
38.961: (grasp left shot10)
38.964: (grasp left shot1)
38.964: (grasp left shot6)
38.964: (grasp right shot1)
38.964: (grasp right shot6)
38.972: (grasp right shot3)
38.972: (grasp left shot7)
38.972: (grasp left shot3)
38.972: (grasp right shot7)
38.981: (grasp right shot10)
38.981: (grasp left shot10)
38.983: (leave right shot8)
38.983: (leave left shot8)
36.556: (clean-shot shot8 ingredient6 left right)
36.556: (clean-shot shot8 ingredient6 right left)
36.630: (clean-shot shot5 ingredient6 right left)
36.630: (clean-shot shot5 ingredient6 left right)
37.570: (grasp right shot8)
37.570: (pour-shot-to-clean-shaker shot10 ingredient6 shaker1 left l0 l1)
37.570: (pour-shot-to-clean-shaker shot10 ingredient6 shaker1 right l0 l1)
37.570: (grasp left shot8)
37.576: (leave right shot10)
37.576: (leave left shot10)
37.637: (grasp right shot5)
37.637: (grasp left shot5)
37.637: (pour-shot-to-clean-shaker shot10 ingredient6 shaker1 right l0 l1)
37.637: (pour-shot-to-clean-shaker shot10 ingredient6 shaker1 left l0 l1)
37.662: (clean-shot shot10 ingredient6 right left)
37.662: (clean-shot shot10 ingredient6 left right)
37.687: (refill-shot shot5 ingredient3 right left dispenser3)
37.687: (refill-shot shot5 ingredient3 left right dispenser3)
37.697: (clean-shot shot10 ingredient5 right left)
37.697: (clean-shot shot10 ingredient5 left right)
38.021: (clean-shot shot5 ingredient3 left right)
38.021: (clean-shot shot5 ingredient3 right left)
38.190: (leave right shot10)
38.190: (leave left shot10)
38.447: (leave right shot8)
38.447: (leave left shot8)
38.468: (leave right shot5)
38.468: (leave left shot5)
38.496: (refill-shot shot10 ingredient6 right left dispenser6)
38.496: (refill-shot shot10 ingredient6 left right dispenser6)
38.579: (pour-shot-to-clean-shaker shot8 ingredient6 shaker1 left l0 l1)
38.579: (pour-shot-to-clean-shaker shot8 ingredient6 shaker1 right l0 l1)
38.579: (pour-shot-to-clean-shaker shot8 ingredient6 shaker1 right l0 l1)
38.579: (pour-shot-to-clean-shaker shot8 ingredient6 shaker1 left l0 l1)
38.579: (grasp right shot6)
38.579: (grasp right shot1)
38.579: (grasp left shot6)
38.579: (grasp left shot1)
38.584: (pour-shot-to-clean-shaker shot8 ingredient6 shaker1 right l0 l1)
38.584: (pour-shot-to-clean-shaker shot8 ingredient6 shaker1 right l0 l1)
35.281: (fill-shot shot5 ingredient3 left right dispenser3)
35.281: (fill-shot shot5 ingredient3 right left dispenser3)
35.313: (fill-shot shot8 ingredient5 left right dispenser5)
35.313: (fill-shot shot8 ingredient5 right left dispenser5)
36.140: (fill-shot shot8 ingredient3 left right dispenser3)
36.140: (fill-shot shot8 ingredient3 right left dispenser3)
36.540: (fill-shot shot5 ingredient6 right left dispenser6)
36.541: (fill-shot shot5 ingredient6 left right dispenser6)
36.649: (fill-shot shot5 ingredient5 right left dispenser5)
36.649: (fill-shot shot5 ingredient5 left right dispenser5)
36.743: (leave right shot5)
36.743: (leave left shot5)
36.913: (grasp right shot8)
36.913: (grasp left shot8)
36.913: (leave right shot10)
36.913: (leave left shot10)
37.002: (leave left shot10)
37.002: (grasp right shot5)
37.002: (leave right shot10)
37.002: (grasp left shot5)
37.068: (fill-shot shot10 ingredient3 right left dispenser3)
37.068: (fill-shot shot10 ingredient3 left right dispenser3)
37.123: (leave left shot5)
37.123: (leave left shot8)
37.123: (leave right shot8)
37.123: (leave right shot10)
37.123: (leave right shot5)
37.124: (leave left shot10)
37.139: (grasp right shot2)
37.139: (grasp left shot2)
37.178: (fill-shot shot10 ingredient6 right left dispenser6)
37.178: (fill-shot shot10 ingredient6 left right dispenser6)
37.202: (fill-shot shot10 ingredient5 left right dispenser5)
37.202: (fill-shot shot10 ingredient5 right left dispenser5)
37.210: (fill-shot shot10 ingredient3 right left dispenser3)
37.210: (fill-shot shot10 ingredient3 left right dispenser3)
37.359: (grasp right shot10)
37.359: (grasp left shot10)
37.429: (grasp left shot1)
37.429: (grasp right shot1)
33.993: (pour-shot-to-used-shaker shot10 ingredient3 shaker1 left l1 l2)
33.993: (pour-shot-to-used-shaker shot10 ingredient3 shaker1 right l1 l2)
34.035: (pour-shot-to-used-shaker shot10 ingredient6 shaker1 right l1 l2)
34.035: (pour-shot-to-used-shaker shot10 ingredient6 shaker1 left l1 l2)
34.447: (pour-shot-to-used-shaker shot5 ingredient3 shaker1 left l1 l2)
34.447: (pour-shot-to-used-shaker shot5 ingredient3 shaker1 right l1 l2)
34.581: (pour-shot-to-used-shaker shot10 ingredient5 shaker1 right l1 l2)
34.581: (pour-shot-to-used-shaker shot10 ingredient5 shaker1 left l1 l2)
34.724: (pour-shot-to-used-shaker shot8 ingredient3 shaker1 right l1 l2)
34.724: (pour-shot-to-used-shaker shot8 ingredient3 shaker1 left l1 l2)
34.910: (pour-shot-to-used-shaker shot5 ingredient5 shaker1 right l1 l2)
34.910: (pour-shot-to-used-shaker shot5 ingredient5 shaker1 left l1 l2)
35.117: (pour-shot-to-used-shaker shot5 ingredient6 shaker1 right l1 l2)
35.117: (pour-shot-to-used-shaker shot5 ingredient6 shaker1 left l1 l2)
35.564: (fill-shot shot8 ingredient5 right left dispenser5)
35.565: (fill-shot shot8 ingredient5 left right dispenser5)
35.583: (pour-shot-to-used-shaker shot8 ingredient5 shaker1 right l1 l2)
35.583: (pour-shot-to-used-shaker shot8 ingredient5 shaker1 left l1 l2)
35.599: (leave left shot8)
35.599: (leave right shot8)
35.684: (fill-shot shot5 ingredient3 right left dispenser3)
35.684: (fill-shot shot5 ingredient3 left right dispenser3)
35.910: (leave right shot5)
35.910: (leave left shot5)
36.182: (grasp left shot2)
36.182: (grasp right shot2)
36.183: (leave right shot5)
36.183: (leave left shot5)
36.216: (grasp left shot1)
36.216: (grasp left shot6)
36.216: (grasp right shot6)
36.216: (grasp right shot1)
36.220: (grasp left shot10)
36.220: (grasp right shot10)
36.220: (grasp right shot6)
36.220: (grasp right shot1)
36.220: (grasp left shot1)
36.220: (grasp left shot6)
36.228: (grasp left shot3)
36.228: (grasp left shot7)
31.251: (refill-shot shot5 ingredient3 right left dispenser3)
31.251: (refill-shot shot5 ingredient3 left right dispenser3)
32.104: (refill-shot shot8 ingredient5 right left dispenser5)
32.104: (refill-shot shot8 ingredient5 left right dispenser5)
32.978: (leave right shot10)
32.978: (leave left shot10)
33.000: (leave left shot5)
33.000: (leave right shot5)
33.165: (leave left shot5)
33.165: (leave right shot5)
33.218: (leave right shot8)
33.218: (leave left shot8)
33.411: (leave left shot10)
33.411: (leave right shot10)
33.627: (leave right shot8)
33.627: (leave left shot8)
33.687: (leave left shot10)
33.687: (leave right shot10)
33.711: (refill-shot shot10 ingredient3 left right dispenser3)
33.711: (refill-shot shot10 ingredient3 right left dispenser3)
33.715: (leave right shot5)
33.716: (leave left shot5)
33.728: (refill-shot shot10 ingredient6 right left dispenser6)
33.728: (refill-shot shot10 ingredient6 left right dispenser6)
33.837: (clean-shot shot10 ingredient3 left right)
33.837: (clean-shot shot10 ingredient3 right left)
34.131: (refill-shot shot10 ingredient5 right left dispenser5)
34.131: (refill-shot shot10 ingredient5 left right dispenser5)
34.289: (clean-shot shot5 ingredient6 left right)
34.289: (clean-shot shot5 ingredient6 right left)
34.290: (clean-shot shot5 ingredient3 left right)
34.290: (clean-shot shot5 ingredient3 right left)
34.365: (clean-shot shot8 ingredient3 left right)
34.365: (clean-shot shot8 ingredient3 right left)
34.522: (clean-shot shot10 ingredient5 left right)
34.522: (clean-shot shot10 ingredient5 right left)
34.523: (clean-shot shot10 ingredient6 left right)
34.523: (clean-shot shot10 ingredient6 right left)
34.669: (clean-shot shot5 ingredient5 right left)
34.669: (clean-shot shot5 ingredient5 left right)
30.138: (leave left shot5)
30.138: (leave right shot5)
31.097: (leave right shot8)
31.097: (leave left shot8)
31.900: (grasp left shaker1)
31.900: (grasp right shaker1)
32.335: (grasp right shot6)
32.335: (grasp right shot1)
32.335: (grasp left shot1)
32.335: (grasp left shot6)
32.371: (grasp right shot2)
32.371: (grasp left shot2)
32.469: (grasp left shot10)
32.469: (grasp right shot10)
32.470: (grasp right shot7)
32.470: (grasp left shot7)
32.470: (grasp right shot3)
32.470: (grasp left shot3)
32.533: (leave left shot10)
32.534: (leave right shot8)
32.534: (leave left shot8)
32.534: (leave left shot5)
32.534: (leave right shot5)
32.535: (leave right shot10)
32.551: (grasp right shot4)
32.551: (grasp left shot9)
32.551: (grasp right shot9)
32.551: (grasp left shot4)
32.584: (grasp right shaker1)
32.584: (grasp left shaker1)
32.759: (leave left shot10)
32.759: (leave right shot10)
32.837: (grasp left shot8)
32.837: (grasp right shot8)
32.965: (grasp right shot2)
32.965: (grasp left shot2)
33.023: (fill-shot shot10 ingredient5 right left dispenser5)
33.023: (fill-shot shot10 ingredient5 left right dispenser5)
33.044: (grasp left shot4)
33.044: (grasp left shot9)
31.066: (leave right shot5)
31.066: (leave left shot5)
31.066: (grasp left shaker1)
31.066: (grasp right shaker1)
31.213: (leave right shot5)
31.213: (leave left shot5)
31.213: (leave right shot5)
31.213: (leave left shot5)
31.213: (grasp right shot6)
31.213: (grasp right shot1)
31.213: (grasp left shot6)
31.213: (grasp left shot1)
31.241: (leave right shot5)
31.241: (leave left shot5)
31.241: (grasp left shot10)
31.241: (grasp right shot10)
31.247: (leave left shot5)
31.247: (leave right shot5)
31.247: (grasp left shot2)
31.247: (grasp right shot2)
31.323: (leave right shot5)
31.323: (leave right shot5)
31.323: (leave left shot5)
31.323: (leave left shot5)
31.323: (grasp left shot3)
31.323: (grasp right shot3)
31.323: (grasp left shot7)
31.324: (grasp right shot7)
31.353: (leave left shot5)
31.353: (leave right shot5)
31.353: (leave left shot5)
31.353: (leave right shot5)
31.353: (grasp left shot4)
31.353: (grasp right shot4)
31.353: (grasp left shot9)
31.353: (grasp right shot9)
31.560: (leave right shot8)
31.560: (leave left shot8)
31.560: (grasp left shaker1)
31.560: (grasp right shaker1)
30.359: (fill-shot shot10 ingredient5 left right dispenser5)
30.359: (fill-shot shot10 ingredient5 right left dispenser5)
30.787: (fill-shot shot9 ingredient1 left right dispenser1)
30.787: (fill-shot shot9 ingredient1 right left dispenser1)
30.787: (fill-shot shot4 ingredient2 right left dispenser2)
30.788: (fill-shot shot4 ingredient2 left right dispenser2)
31.010: (shake cocktail3 ingredient6 ingredient5 shaker1 left right)
31.010: (shake cocktail3 ingredient6 ingredient5 shaker1 right left)
31.389: (shake cocktail2 ingredient6 ingredient3 shaker1 right left)
31.389: (shake cocktail2 ingredient6 ingredient3 shaker1 left right)
31.406: (fill-shot shot10 ingredient3 left right dispenser3)
31.406: (fill-shot shot10 ingredient3 right left dispenser3)
31.513: (fill-shot shot10 ingredient6 left right dispenser6)
31.513: (fill-shot shot10 ingredient6 right left dispenser6)
31.552: (fill-shot shot10 ingredient4 left right dispenser4)
31.552: (fill-shot shot10 ingredient4 right left dispenser4)
31.572: (fill-shot shot10 ingredient2 right left dispenser2)
31.572: (fill-shot shot10 ingredient1 right left dispenser1)
31.572: (fill-shot shot10 ingredient1 left right dispenser1)
31.572: (fill-shot shot10 ingredient2 left right dispenser2)
32.015: (grasp right shot10)
32.015: (grasp left shot10)
32.015: (grasp left shaker1)
32.015: (grasp right shaker1)
32.122: (grasp left shaker1)
32.122: (grasp right shaker1)
32.122: (grasp left shot6)
32.122: (grasp right shot6)
32.122: (grasp right shot1)
32.122: (grasp left shot1)
32.122: (grasp left shaker1)
32.122: (grasp right shaker1)
32.137: (grasp right shaker1)
32.137: (grasp right shaker1)
32.137: (grasp left shaker1)
32.137: (grasp left shaker1)
32.137: (grasp left shot3)
32.138: (grasp right shot7)
32.138: (grasp right shot3)
32.138: (grasp left shot7)
29.618: (pour-shaker-to-shot cocktail3 shot7 left shaker1 l2 l1)
29.618: (pour-shaker-to-shot cocktail3 shot3 left shaker1 l2 l1)
29.618: (pour-shaker-to-shot cocktail3 shot7 right shaker1 l2 l1)
29.618: (pour-shaker-to-shot cocktail3 shot3 right shaker1 l2 l1)
29.873: (leave right shot4)
29.873: (leave right shot9)
29.873: (leave left shot4)
29.873: (leave left shot9)
30.072: (pour-shaker-to-shot cocktail2 shot2 left shaker1 l2 l1)
30.072: (pour-shaker-to-shot cocktail2 shot2 right shaker1 l2 l1)
30.376: (leave left shot10)
30.376: (leave right shot10)
30.439: (leave left shot10)
30.439: (leave right shot10)
30.460: (leave right shot10)
30.460: (leave left shot10)
30.499: (leave right shot10)
30.499: (leave left shot10)
30.499: (leave left shot10)
30.499: (leave right shot10)
30.512: (leave left shot10)
30.512: (leave right shot10)
31.126: (grasp right shaker1)
31.126: (grasp left shaker1)
31.264: (grasp left shaker1)
31.264: (grasp right shaker1)
31.265: (grasp right shaker1)
31.265: (grasp left shaker1)
31.319: (empty-shot left shot10 ingredient5)
31.319: (empty-shot right shot10 ingredient5)
31.362: (grasp left shot2)
31.362: (grasp right shot2)
31.443: (grasp right shot1)
31.443: (grasp right shot6)
31.443: (grasp left shot6)
31.443: (grasp left shot1)
31.460: (grasp right shot9)
31.460: (grasp left shot4)
31.460: (grasp left shot9)
31.460: (grasp right shot4)
28.365: (pour-shaker-to-shot cocktail3 shot7 left shaker1 l1 l0)
28.365: (pour-shaker-to-shot cocktail3 shot3 left shaker1 l1 l0)
28.365: (pour-shaker-to-shot cocktail3 shot7 right shaker1 l1 l0)
28.365: (pour-shaker-to-shot cocktail3 shot3 right shaker1 l1 l0)
29.146: (empty-shaker left shaker1 cocktail2 l1 l0)
29.146: (empty-shaker right shaker1 cocktail2 l1 l0)
30.327: (grasp left shaker1)
30.328: (grasp right shaker1)
30.328: (grasp left shaker1)
30.328: (grasp right shaker1)
30.328: (leave left shot9)
30.328: (leave left shot4)
30.328: (leave right shot4)
30.328: (leave right shot9)
30.414: (leave left shot10)
30.414: (leave right shot10)
30.468: (pour-shaker-to-shot cocktail2 shot10 right shaker1 l1 l0)
30.469: (pour-shaker-to-shot cocktail2 shot10 left shaker1 l1 l0)
30.527: (grasp right shot8)
30.527: (grasp left shot8)
30.527: (grasp right shot8)
30.527: (grasp left shot8)
30.540: (grasp left shot2)
30.540: (grasp right shot2)
30.540: (grasp left shot2)
30.540: (grasp right shot2)
30.563: (leave right shaker1)
30.563: (leave right shaker1)
30.563: (leave left shaker1)
30.563: (leave left shaker1)
30.575: (grasp right shot1)
30.575: (grasp right shot6)
30.575: (grasp left shot1)
30.575: (grasp right shot1)
30.575: (grasp left shot6)
30.575: (grasp right shot6)
30.575: (grasp left shot1)
30.575: (grasp left shot6)
30.578: (grasp left shot7)
30.578: (grasp right shot7)
27.173: (empty-shaker left shaker1 cocktail3 l0 l0)
27.173: (empty-shaker right shaker1 cocktail3 l0 l0)
28.225: (clean-shaker right left shaker1)
28.225: (clean-shaker left right shaker1)
29.169: (grasp left shot2)
29.169: (grasp right shot2)
29.169: (pour-shaker-to-shot cocktail3 shot7 right shaker1 l1 l0)
29.169: (pour-shaker-to-shot cocktail3 shot7 left shaker1 l1 l0)
29.170: (pour-shaker-to-shot cocktail3 shot3 right shaker1 l1 l0)
29.170: (pour-shaker-to-shot cocktail3 shot3 left shaker1 l1 l0)
29.198: (leave right shaker1)
29.198: (leave left shaker1)
29.224: (grasp left shot8)
29.224: (pour-shaker-to-shot cocktail3 shot3 left shaker1 l1 l0)
29.224: (grasp right shot8)
29.225: (pour-shaker-to-shot cocktail3 shot3 right shaker1 l1 l0)
29.225: (pour-shaker-to-shot cocktail3 shot7 left shaker1 l1 l0)
29.225: (pour-shaker-to-shot cocktail3 shot7 right shaker1 l1 l0)
29.230: (grasp left shot10)
29.230: (grasp right shot10)
29.230: (pour-shaker-to-shot cocktail3 shot7 right shaker1 l1 l0)
29.230: (grasp left shot6)
29.230: (grasp left shot1)
29.230: (grasp right shot1)
29.230: (grasp right shot6)
29.231: (pour-shaker-to-shot cocktail3 shot3 right shaker1 l1 l0)
29.231: (pour-shaker-to-shot cocktail3 shot3 left shaker1 l1 l0)
29.231: (pour-shaker-to-shot cocktail3 shot3 right shaker1 l1 l0)
29.231: (pour-shaker-to-shot cocktail3 shot3 left shaker1 l1 l0)
29.231: (pour-shaker-to-shot cocktail3 shot7 left shaker1 l1 l0)
29.231: (pour-shaker-to-shot cocktail3 shot7 left shaker1 l1 l0)
29.231: (pour-shaker-to-shot cocktail3 shot7 right shaker1 l1 l0)
29.248: (pour-shaker-to-shot cocktail3 shot7 right shaker1 l1 l0)
29.248: (pour-shaker-to-shot cocktail3 shot7 left shaker1 l1 l0)
29.249: (grasp left shot3)
29.250: (grasp left shot7)
29.250: (grasp right shot7)
29.250: (grasp right shot3)
29.320: (empty-shaker right shaker1 cocktail2 l0 l0)
29.321: (empty-shaker left shaker1 cocktail2 l0 l0)
26.373: (clean-shaker left right shaker1)
26.373: (clean-shaker right left shaker1)
27.223: (leave left shaker1)
27.223: (leave right shaker1)
27.897: (grasp right shot10)
27.897: (grasp left shot10)
27.914: (grasp left shot2)
27.914: (empty-shaker right shaker1 cocktail3 l0 l0)
27.914: (empty-shaker left shaker1 cocktail3 l0 l0)
27.914: (grasp right shot2)
27.957: (grasp right shot8)
27.957: (grasp left shot8)
27.957: (empty-shaker right shaker1 cocktail3 l0 l0)
27.957: (empty-shaker left shaker1 cocktail3 l0 l0)
27.967: (empty-shaker right shaker1 cocktail3 l0 l0)
27.967: (empty-shaker right shaker1 cocktail3 l0 l0)
27.967: (empty-shaker left shaker1 cocktail3 l0 l0)
27.967: (empty-shaker left shaker1 cocktail3 l0 l0)
27.967: (grasp left shot1)
27.967: (grasp left shot6)
27.967: (grasp right shot1)
27.967: (grasp right shot6)
27.996: (grasp right shot5)
27.996: (grasp left shot5)
28.060: (grasp left shot7)
28.060: (grasp right shot3)
28.060: (grasp right shot7)
28.060: (grasp left shot3)
28.060: (empty-shaker right shaker1 cocktail3 l0 l0)
28.060: (empty-shaker right shaker1 cocktail3 l0 l0)
28.060: (empty-shaker left shaker1 cocktail3 l0 l0)
28.060: (empty-shaker left shaker1 cocktail3 l0 l0)
28.071: (grasp right shot8)
28.071: (grasp left shot8)
28.093: (empty-shaker right shaker1 cocktail3 l0 l0)
28.093: (empty-shaker left shaker1 cocktail3 l0 l0)
28.093: (grasp right shot10)
28.093: (grasp left shot10)
28.223: (leave left shaker1)
28.224: (leave right shaker1)
25.366: (leave left shaker1)
25.366: (leave right shaker1)
26.036: (grasp right shot10)
26.036: (grasp left shot10)
26.254: (grasp left shot8)
26.254: (grasp right shot8)
26.277: (grasp left shot5)
26.277: (grasp right shot5)
26.892: (leave right shaker1)
26.892: (leave left shaker1)
26.892: (grasp right shot10)
26.892: (grasp left shot10)
26.992: (grasp right shot5)
26.992: (grasp left shot5)
26.992: (leave right shaker1)
26.992: (leave left shaker1)
27.022: (grasp left shot9)
27.022: (grasp left shot4)
27.022: (grasp right shot9)
27.022: (grasp right shot4)
27.050: (leave right shaker1)
27.050: (leave left shaker1)
27.050: (grasp left shot8)
27.050: (grasp right shot8)
27.265: (grasp left shot2)
27.265: (grasp right shot2)
27.306: (grasp left shot7)
27.306: (grasp right shot7)
27.306: (grasp right shot3)
27.306: (grasp left shot3)
27.317: (grasp left shot6)
27.317: (grasp left shot1)
27.317: (grasp right shot1)
27.317: (grasp right shot6)
27.703: (pour-shot-to-clean-shaker shot5 ingredient3 shaker1 right l0 l1)
27.703: (pour-shot-to-clean-shaker shot5 ingredient3 shaker1 left l0 l1)
27.858: (grasp right shot9)
27.858: (grasp left shot4)
27.858: (grasp right shot4)
27.858: (grasp left shot9)
25.031: (grasp right shot10)
25.031: (grasp left shot10)
25.031: (leave left shaker1)
25.031: (leave right shaker1)
25.250: (grasp right shot8)
25.250: (grasp left shot8)
25.250: (leave left shaker1)
25.250: (leave right shaker1)
25.257: (leave right shaker1)
25.257: (leave left shaker1)
25.257: (grasp right shot5)
25.257: (grasp left shot5)
25.325: (fill-shot shot8 ingredient6 right left dispenser6)
25.325: (fill-shot shot8 ingredient6 left right dispenser6)
25.346: (fill-shot shot8 ingredient5 left right dispenser5)
25.346: (fill-shot shot8 ingredient5 right left dispenser5)
25.565: (fill-shot shot10 ingredient6 right left dispenser6)
25.565: (fill-shot shot10 ingredient6 left right dispenser6)
25.673: (fill-shot shot8 ingredient3 right left dispenser3)
25.674: (fill-shot shot8 ingredient3 left right dispenser3)
25.883: (fill-shot shot10 ingredient3 right left dispenser3)
25.883: (fill-shot shot10 ingredient3 left right dispenser3)
25.981: (pour-shot-to-clean-shaker shot8 ingredient5 shaker1 right l0 l1)
25.981: (pour-shot-to-clean-shaker shot8 ingredient5 shaker1 left l0 l1)
26.020: (leave right shaker1)
26.020: (leave right shaker1)
26.020: (leave left shaker1)
26.020: (leave left shaker1)
26.020: (grasp right shot9)
26.020: (grasp right shot4)
26.020: (grasp left shot4)
26.020: (grasp left shot9)
26.252: (leave left shaker1)
26.252: (leave right shaker1)
26.252: (grasp right shot2)
26.252: (grasp left shot2)
26.298: (grasp right shot7)
26.298: (grasp left shot7)
26.298: (grasp right shot3)
26.298: (grasp left shot3)
24.062: (fill-shot shot10 ingredient6 left right dispenser6)
24.062: (fill-shot shot10 ingredient6 right left dispenser6)
24.071: (fill-shot shot5 ingredient6 right left dispenser6)
24.071: (fill-shot shot5 ingredient6 left right dispenser6)
24.088: (fill-shot shot5 ingredient5 right left dispenser5)
24.088: (fill-shot shot5 ingredient5 left right dispenser5)
24.336: (fill-shot shot5 ingredient3 right left dispenser3)
24.336: (fill-shot shot5 ingredient3 left right dispenser3)
24.405: (fill-shot shot10 ingredient5 left right dispenser5)
24.405: (fill-shot shot10 ingredient5 right left dispenser5)
24.753: (pour-shot-to-clean-shaker shot8 ingredient6 shaker1 left l0 l1)
24.753: (pour-shot-to-clean-shaker shot8 ingredient6 shaker1 right l0 l1)
24.877: (pour-shot-to-clean-shaker shot10 ingredient6 shaker1 right l0 l1)
24.877: (pour-shot-to-clean-shaker shot10 ingredient6 shaker1 left l0 l1)
24.987: (pour-shot-to-clean-shaker shot8 ingredient5 shaker1 left l0 l1)
24.987: (pour-shot-to-clean-shaker shot8 ingredient5 shaker1 right l0 l1)
24.987: (leave right shaker1)
24.987: (leave left shaker1)
24.995: (fill-shot shot10 ingredient3 right left dispenser3)
24.995: (fill-shot shot10 ingredient3 left right dispenser3)
25.165: (pour-shot-to-clean-shaker shot8 ingredient3 shaker1 left l0 l1)
25.165: (pour-shot-to-clean-shaker shot8 ingredient3 shaker1 right l0 l1)
25.343: (pour-shot-to-clean-shaker shot10 ingredient3 shaker1 right l0 l1)
25.343: (pour-shot-to-clean-shaker shot10 ingredient3 shaker1 left l0 l1)
25.398: (grasp left shot5)
25.398: (grasp right shot5)
25.487: (leave right shot8)
25.487: (leave left shot8)
25.539: (grasp right shot8)
25.539: (grasp left shot8)
25.539: (grasp left shot10)
25.539: (grasp right shot10)
25.571: (fill-shot shot2 ingredient5 left right dispenser5)
25.571: (fill-shot shot2 ingredient5 right left dispenser5)
25.598: (grasp left shot8)
25.598: (grasp right shot8)
25.818: (fill-shot shot2 ingredient6 right left dispenser6)
25.819: (fill-shot shot2 ingredient6 left right dispenser6)
25.831: (grasp right shot2)
25.831: (grasp left shot2)
23.375: (pour-shot-to-clean-shaker shot5 ingredient6 shaker1 right l0 l1)
23.375: (pour-shot-to-clean-shaker shot5 ingredient6 shaker1 left l0 l1)
23.421: (pour-shot-to-clean-shaker shot10 ingredient3 shaker1 left l0 l1)
23.421: (pour-shot-to-clean-shaker shot10 ingredient3 shaker1 right l0 l1)
23.484: (pour-shot-to-clean-shaker shot10 ingredient6 shaker1 left l0 l1)
23.484: (pour-shot-to-clean-shaker shot10 ingredient6 shaker1 right l0 l1)
23.495: (clean-shot shot8 ingredient6 right left)
23.495: (clean-shot shot8 ingredient6 left right)
23.555: (pour-shot-to-clean-shaker shot10 ingredient5 shaker1 left l0 l1)
23.555: (pour-shot-to-clean-shaker shot10 ingredient5 shaker1 right l0 l1)
23.584: (pour-shot-to-clean-shaker shot5 ingredient5 shaker1 right l0 l1)
23.584: (pour-shot-to-clean-shaker shot5 ingredient5 shaker1 left l0 l1)
23.590: (refill-shot shot8 ingredient5 left right dispenser5)
23.590: (refill-shot shot8 ingredient5 right left dispenser5)
23.752: (pour-shot-to-clean-shaker shot5 ingredient3 shaker1 left l0 l1)
23.752: (pour-shot-to-clean-shaker shot5 ingredient3 shaker1 right l0 l1)
23.960: (leave left shot10)
23.960: (leave right shot10)
24.021: (grasp right shot8)
24.021: (grasp left shot8)
24.044: (clean-shot shot8 ingredient3 right left)
24.044: (clean-shot shot8 ingredient3 left right)
24.286: (leave left shot5)
24.286: (leave right shot5)
24.297: (clean-shot shot10 ingredient6 right left)
24.297: (clean-shot shot10 ingredient6 left right)
24.327: (grasp left shot5)
24.327: (grasp right shot5)
24.338: (grasp right shot8)
24.338: (grasp left shot8)
24.339: (pour-shot-to-clean-shaker shot10 ingredient6 shaker1 left l0 l1)
24.339: (pour-shot-to-clean-shaker shot10 ingredient6 shaker1 right l0 l1)
24.340: (leave right shot10)
24.340: (leave left shot10)
24.487: (leave right shot5)
24.487: (leave left shot5)
24.513: (grasp right shot8)
24.513: (grasp left shot8)
24.637: (grasp left shot5)
24.637: (grasp right shot5)
22.118: (clean-shot shot5 ingredient6 left right)
22.118: (clean-shot shot5 ingredient6 right left)
22.264: (refill-shot shot5 ingredient3 right left dispenser3)
22.264: (refill-shot shot5 ingredient3 left right dispenser3)
22.380: (fill-shot shot8 ingredient3 left right dispenser3)
22.380: (fill-shot shot8 ingredient3 right left dispenser3)
22.418: (clean-shot shot5 ingredient5 left right)
22.418: (clean-shot shot5 ingredient5 right left)
22.536: (fill-shot shot8 ingredient6 right left dispenser6)
22.536: (fill-shot shot8 ingredient6 left right dispenser6)
22.549: (leave right shot10)
22.549: (leave left shot10)
22.578: (fill-shot shot8 ingredient5 left right dispenser5)
22.578: (fill-shot shot8 ingredient5 right left dispenser5)
22.617: (leave left shot8)
22.618: (leave right shot8)
22.632: (leave right shot10)
22.632: (leave left shot10)
22.650: (leave left shot10)
22.650: (leave right shot10)
22.735: (clean-shot shot10 ingredient3 right left)
22.736: (clean-shot shot10 ingredient3 left right)
22.760: (clean-shot shot10 ingredient6 right left)
22.760: (clean-shot shot10 ingredient6 left right)
22.777: (fill-shot shot8 ingredient5 left right dispenser5)
22.777: (fill-shot shot8 ingredient5 right left dispenser5)
22.926: (clean-shot shot5 ingredient3 right left)
22.926: (clean-shot shot5 ingredient3 left right)
23.018: (clean-shot shot10 ingredient5 left right)
23.018: (clean-shot shot10 ingredient5 right left)
23.119: (grasp right shot5)
23.119: (grasp left shot5)
23.119: (pour-shot-to-clean-shaker shot10 ingredient6 shaker1 right l0 l1)
23.120: (pour-shot-to-clean-shaker shot10 ingredient6 shaker1 left l0 l1)
23.168: (leave left shot5)
23.168: (leave right shot5)
23.249: (fill-shot shot10 ingredient3 left right dispenser3)
23.249: (fill-shot shot10 ingredient3 right left dispenser3)
23.399: (pour-shot-to-clean-shaker shot10 ingredient5 shaker1 left l0 l1)
23.399: (pour-shot-to-clean-shaker shot10 ingredient5 shaker1 right l0 l1)
21.073: (fill-shot shot10 ingredient5 right left dispenser5)
21.074: (fill-shot shot10 ingredient5 left right dispenser5)
21.130: (fill-shot shot5 ingredient5 right left dispenser5)
21.130: (fill-shot shot5 ingredient5 left right dispenser5)
21.202: (fill-shot shot5 ingredient6 right left dispenser6)
21.203: (fill-shot shot5 ingredient6 left right dispenser6)
21.336: (fill-shot shot5 ingredient3 left right dispenser3)
21.336: (fill-shot shot5 ingredient3 right left dispenser3)
21.345: (leave left shot5)
21.345: (leave right shot5)
21.403: (fill-shot shot10 ingredient6 right left dispenser6)
21.404: (fill-shot shot10 ingredient6 left right dispenser6)
21.885: (fill-shot shot5 ingredient3 left right dispenser3)
21.885: (fill-shot shot5 ingredient3 right left dispenser3)
22.047: (fill-shot shot10 ingredient5 right left dispenser5)
22.047: (fill-shot shot10 ingredient5 left right dispenser5)
22.094: (fill-shot shot10 ingredient6 right left dispenser6)
22.094: (fill-shot shot10 ingredient6 left right dispenser6)
22.211: (fill-shot shot5 ingredient5 right left dispenser5)
22.211: (fill-shot shot5 ingredient5 left right dispenser5)
22.226: (leave right shot10)
22.226: (grasp right shot5)
22.226: (leave left shot10)
22.226: (grasp left shot5)
22.226: (leave left shot10)
22.226: (leave right shot10)
22.226: (leave right shot5)
22.226: (leave left shot5)
22.283: (fill-shot shot10 ingredient3 left right dispenser3)
22.283: (fill-shot shot10 ingredient3 right left dispenser3)
22.292: (fill-shot shot5 ingredient6 right left dispenser6)
22.292: (fill-shot shot5 ingredient6 left right dispenser6)
22.441: (grasp right shot5)
22.441: (grasp left shot5)
22.441: (leave right shot10)
22.441: (leave left shot10)
22.469: (leave right shot10)
22.469: (leave left shot10)
22.469: (leave right shot5)
22.469: (leave left shot5)
21.099: (fill-shot shot5 ingredient5 right left dispenser5)
21.099: (fill-shot shot5 ingredient5 left right dispenser5)
21.138: (fill-shot shot5 ingredient6 right left dispenser6)
21.138: (fill-shot shot5 ingredient6 left right dispenser6)
21.267: (leave left shot5)
21.267: (leave right shot5)
21.407: (leave left shot5)
21.407: (leave right shot5)
21.409: (leave right shot5)
21.409: (leave left shot5)
21.465: (leave left shot5)
21.465: (leave right shot5)
21.539: (grasp left shot5)
21.539: (grasp right shot5)
21.638: (fill-shot shot5 ingredient3 right left dispenser3)
21.638: (fill-shot shot5 ingredient3 left right dispenser3)
21.649: (grasp left shot5)
21.649: (grasp right shot5)
21.883: (grasp left shot5)
21.883: (grasp right shot5)
21.937: (grasp right shot6)
21.937: (grasp left shot6)
21.937: (grasp left shot1)
21.937: (grasp right shot1)
21.990: (grasp right shot8)
21.990: (grasp left shot8)
22.001: (grasp right shot2)
22.001: (grasp left shot2)
22.017: (grasp right shot7)
22.017: (grasp right shot3)
22.017: (grasp left shot7)
22.017: (grasp left shot3)
22.029: (grasp right shot6)
22.029: (grasp left shot1)
22.029: (grasp right shot1)
22.029: (grasp left shot6)
22.031: (grasp right shot5)
22.031: (grasp left shot5)
22.070: (grasp right shot5)
22.070: (grasp left shot5)
21.255: (fill-shot shot1 ingredient6 left right dispenser6)
21.255: (fill-shot shot6 ingredient6 left right dispenser6)
21.255: (fill-shot shot1 ingredient6 right left dispenser6)
21.255: (fill-shot shot6 ingredient6 right left dispenser6)
21.346: (grasp right shot8)
21.346: (grasp left shot8)
21.395: (leave left shot5)
21.395: (leave right shot5)
21.437: (leave left shot5)
21.437: (leave right shot5)
21.444: (grasp left shot10)
21.444: (grasp right shot10)
21.479: (grasp right shot2)
21.480: (grasp left shot2)
21.633: (grasp left shot1)
21.633: (grasp left shot6)
21.633: (grasp right shot6)
21.633: (grasp right shot1)
21.717: (leave right shot5)
21.717: (leave left shot5)
21.754: (grasp left shot10)
21.754: (grasp right shot10)
21.756: (grasp left shot10)
21.756: (grasp right shot10)
21.760: (fill-shot shot1 ingredient5 left right dispenser5)
21.760: (fill-shot shot1 ingredient5 right left dispenser5)
21.760: (fill-shot shot6 ingredient5 left right dispenser5)
21.760: (fill-shot shot6 ingredient5 right left dispenser5)
21.874: (grasp left shot1)
21.874: (grasp left shot6)
21.874: (grasp right shot6)
21.874: (grasp right shot1)
21.916: (grasp right shot4)
21.916: (grasp left shot9)
21.916: (grasp right shot9)
21.916: (grasp left shot4)
21.951: (fill-shot shot2 ingredient5 right left dispenser5)
21.951: (fill-shot shot2 ingredient5 left right dispenser5)
21.973: (grasp right shot10)
21.973: (grasp left shot10)
20.016: (fill-shot shot10 ingredient5 right left dispenser5)
20.016: (fill-shot shot10 ingredient5 left right dispenser5)
20.046: (fill-shot shot10 ingredient3 right left dispenser3)
20.046: (fill-shot shot10 ingredient3 left right dispenser3)
20.116: (fill-shot shot10 ingredient6 left right dispenser6)
20.116: (fill-shot shot10 ingredient6 right left dispenser6)
20.238: (fill-shot shot10 ingredient3 left right dispenser3)
20.238: (fill-shot shot10 ingredient3 right left dispenser3)
21.070: (pour-shot-to-used-shaker shot6 ingredient6 shaker1 left l1 l2)
21.070: (pour-shot-to-used-shaker shot6 ingredient6 shaker1 right l1 l2)
21.070: (pour-shot-to-used-shaker shot1 ingredient6 shaker1 right l1 l2)
21.070: (pour-shot-to-used-shaker shot1 ingredient6 shaker1 left l1 l2)
21.207: (fill-shot shot10 ingredient3 left right dispenser3)
21.208: (fill-shot shot10 ingredient3 right left dispenser3)
21.219: (fill-shot shot10 ingredient3 left right dispenser3)
21.219: (fill-shot shot10 ingredient3 right left dispenser3)
21.516: (fill-shot shot1 ingredient3 left right dispenser3)
21.516: (fill-shot shot6 ingredient3 left right dispenser3)
21.516: (fill-shot shot6 ingredient3 right left dispenser3)
21.516: (fill-shot shot1 ingredient3 right left dispenser3)
21.547: (fill-shot shot1 ingredient5 right left dispenser5)
21.547: (fill-shot shot6 ingredient5 right left dispenser5)
21.547: (fill-shot shot6 ingredient5 left right dispenser5)
21.547: (fill-shot shot1 ingredient5 left right dispenser5)
21.657: (leave left shot6)
21.657: (leave right shot6)
21.657: (leave left shot1)
21.657: (leave right shot1)
21.716: (grasp left shot8)
21.716: (grasp right shot8)
21.806: (grasp left shot2)
21.806: (grasp right shot2)
21.825: (fill-shot shot2 ingredient3 left right dispenser3)
21.825: (fill-shot shot2 ingredient3 right left dispenser3)
21.888: (fill-shot shot4 ingredient2 left right dispenser2)
21.888: (fill-shot shot9 ingredient1 right left dispenser1)
21.888: (fill-shot shot9 ingredient1 left right dispenser1)
21.888: (fill-shot shot4 ingredient2 right left dispenser2)
22.010: (leave right shot1)
22.010: (leave left shot1)
19.742: (leave right shot6)
19.742: (leave left shot6)
19.742: (leave left shot1)
19.742: (leave right shot1)
20.382: (clean-shot shot1 ingredient6 left right)
20.382: (clean-shot shot6 ingredient6 right left)
20.382: (clean-shot shot6 ingredient6 left right)
20.382: (clean-shot shot1 ingredient6 right left)
20.503: (pour-shot-to-used-shaker shot1 ingredient3 shaker1 left l1 l2)
20.503: (pour-shot-to-used-shaker shot6 ingredient3 shaker1 left l1 l2)
20.503: (pour-shot-to-used-shaker shot6 ingredient3 shaker1 right l1 l2)
20.503: (pour-shot-to-used-shaker shot1 ingredient3 shaker1 right l1 l2)
20.570: (pour-shot-to-used-shaker shot10 ingredient3 shaker1 left l1 l2)
20.570: (pour-shot-to-used-shaker shot10 ingredient3 shaker1 right l1 l2)
20.639: (grasp right shot5)
20.639: (grasp left shot5)
20.662: (grasp left shot5)
20.662: (grasp right shot5)
20.687: (grasp right shot8)
20.688: (grasp left shot8)
20.769: (grasp left shot6)
20.769: (grasp right shot1)
20.769: (grasp right shot6)
20.769: (grasp left shot1)
20.775: (grasp left shot2)
20.775: (grasp right shot2)
20.778: (grasp right shot8)
20.779: (grasp left shot8)
20.791: (grasp right shot1)
20.791: (grasp left shot1)
20.791: (grasp right shot6)
20.791: (grasp left shot6)
20.826: (grasp left shot5)
20.826: (grasp right shot5)
20.871: (grasp left shaker1)
20.871: (grasp left shaker1)
20.871: (grasp right shaker1)
20.871: (grasp right shaker1)
20.885: (grasp left shot5)
20.885: (grasp right shot5)
19.096: (leave right shot1)
19.097: (leave right shot6)
19.097: (leave left shot6)
19.097: (leave left shot1)
19.268: (leave right shot6)
19.268: (leave left shot1)
19.269: (leave left shot6)
19.269: (leave right shot1)
19.311: (fill-shot shot1 ingredient5 left right dispenser5)
19.311: (fill-shot shot6 ingredient5 left right dispenser5)
19.311: (fill-shot shot6 ingredient5 right left dispenser5)
19.311: (fill-shot shot1 ingredient5 right left dispenser5)
19.429: (grasp right shaker1)
19.429: (grasp left shaker1)
19.429: (grasp right shaker1)
19.429: (grasp left shaker1)
19.429: (leave right shot1)
19.429: (leave right shot6)
19.429: (leave left shot1)
19.429: (leave left shot6)
19.474: (leave left shot10)
19.475: (leave right shot10)
19.476: (fill-shot shot1 ingredient3 left right dispenser3)
19.476: (fill-shot shot6 ingredient3 right left dispenser3)
19.476: (fill-shot shot6 ingredient3 left right dispenser3)
19.477: (refill-shot shot6 ingredient3 right left dispenser3)
19.477: (refill-shot shot6 ingredient3 left right dispenser3)
19.477: (refill-shot shot1 ingredient3 right left dispenser3)
19.477: (fill-shot shot1 ingredient3 right left dispenser3)
19.477: (refill-shot shot1 ingredient3 left right dispenser3)
20.186: (clean-shot shot10 ingredient3 right left)
20.186: (clean-shot shot10 ingredient3 left right)
20.225: (grasp left shaker1)
20.225: (grasp right shaker1)
20.225: (grasp left shaker1)
20.225: (grasp right shaker1)
20.364: (grasp right shaker1)
20.364: (grasp left shaker1)
20.385: (grasp left shaker1)
20.385: (grasp left shaker1)
17.536: (leave right shot1)
17.536: (leave right shot6)
17.536: (leave left shot6)
17.536: (leave left shot1)
17.770: (shake cocktail2 ingredient6 ingredient3 shaker1 left right)
17.770: (shake cocktail2 ingredient6 ingredient3 shaker1 right left)
17.770: (shake cocktail2 ingredient6 ingredient3 shaker1 left right)
17.771: (shake cocktail2 ingredient6 ingredient3 shaker1 right left)
18.262: (fill-shot shot10 ingredient5 left right dispenser5)
18.262: (fill-shot shot10 ingredient5 right left dispenser5)
18.353: (leave left shot6)
18.353: (leave right shot6)
18.353: (leave left shot1)
18.353: (leave right shot1)
18.930: (leave right shot1)
18.930: (leave right shot6)
18.930: (grasp right shaker1)
18.930: (grasp right shaker1)
18.930: (grasp left shaker1)
18.931: (grasp left shaker1)
19.078: (leave left shot1)
19.078: (leave right shot1)
19.078: (leave right shot6)
19.078: (grasp right shaker1)
19.078: (grasp left shaker1)
19.078: (leave left shot6)
19.152: (grasp left shaker1)
19.152: (grasp right shaker1)
19.152: (grasp left shaker1)
19.152: (grasp right shaker1)
19.312: (leave left shot10)
19.312: (leave right shot10)
19.313: (grasp right shaker1)
19.313: (grasp left shaker1)
19.355: (grasp right shaker1)
19.355: (grasp left shaker1)
19.355: (grasp right shaker1)
19.355: (grasp left shaker1)
20.016: (grasp right shaker1)
20.016: (grasp left shaker1)
16.000: (shake cocktail2 ingredient6 ingredient3 shaker1 right left)
16.000: (shake cocktail2 ingredient6 ingredient3 shaker1 left right)
16.255: (shake cocktail2 ingredient6 ingredient3 shaker1 left right)
16.255: (shake cocktail2 ingredient6 ingredient3 shaker1 right left)
16.741: (shake cocktail2 ingredient6 ingredient3 shaker1 left right)
16.741: (shake cocktail2 ingredient6 ingredient3 shaker1 left right)
16.741: (shake cocktail2 ingredient6 ingredient3 shaker1 right left)
16.741: (shake cocktail2 ingredient6 ingredient3 shaker1 right left)
16.793: (pour-shaker-to-shot cocktail2 shot2 right shaker1 l2 l1)
16.793: (pour-shaker-to-shot cocktail2 shot2 left shaker1 l2 l1)
16.793: (pour-shaker-to-shot cocktail2 shot2 left shaker1 l2 l1)
16.793: (pour-shaker-to-shot cocktail2 shot2 right shaker1 l2 l1)
17.647: (grasp right shaker1)
17.647: (grasp left shaker1)
17.647: (grasp right shaker1)
17.647: (grasp left shaker1)
17.647: (leave right shot1)
17.647: (leave left shot1)
17.647: (leave left shot6)
17.647: (leave right shot6)
17.804: (pour-shaker-to-shot cocktail2 shot10 right shaker1 l2 l1)
17.804: (pour-shaker-to-shot cocktail2 shot10 right shaker1 l2 l1)
17.804: (pour-shaker-to-shot cocktail2 shot10 left shaker1 l2 l1)
17.804: (pour-shaker-to-shot cocktail2 shot10 left shaker1 l2 l1)
18.088: (grasp left shaker1)
18.088: (grasp right shaker1)
18.186: (leave right shot6)
18.186: (leave left shot6)
18.186: (leave right shot1)
18.186: (leave left shot1)
18.186: (grasp left shaker1)
18.186: (grasp right shaker1)
18.186: (grasp left shaker1)
18.186: (grasp right shaker1)
18.261: (grasp right shot1)
18.261: (grasp left shot6)
18.261: (grasp right shot6)
18.261: (grasp left shot1)
18.271: (grasp right shot6)
18.271: (grasp left shot6)
15.035: (pour-shaker-to-shot cocktail2 shot2 left shaker1 l2 l1)
15.035: (pour-shaker-to-shot cocktail2 shot2 right shaker1 l2 l1)
15.190: (pour-shaker-to-shot cocktail2 shot2 right shaker1 l2 l1)
15.190: (pour-shaker-to-shot cocktail2 shot2 left shaker1 l2 l1)
15.562: (empty-shaker left shaker1 cocktail2 l1 l0)
15.562: (empty-shaker right shaker1 cocktail2 l1 l0)
15.562: (empty-shaker right shaker1 cocktail2 l1 l0)
15.562: (empty-shaker left shaker1 cocktail2 l1 l0)
15.700: (shake cocktail2 ingredient6 ingredient3 shaker1 right left)
15.700: (shake cocktail2 ingredient6 ingredient3 shaker1 left right)
15.700: (shake cocktail2 ingredient6 ingredient3 shaker1 left right)
15.700: (shake cocktail2 ingredient6 ingredient3 shaker1 right left)
15.722: (shake cocktail2 ingredient6 ingredient3 shaker1 right left)
15.722: (shake cocktail2 ingredient6 ingredient3 shaker1 left right)
15.722: (shake cocktail2 ingredient6 ingredient3 shaker1 right left)
15.723: (shake cocktail2 ingredient6 ingredient3 shaker1 left right)
15.817: (pour-shaker-to-shot cocktail2 shot2 left shaker1 l2 l1)
15.817: (pour-shaker-to-shot cocktail2 shot2 right shaker1 l2 l1)
15.817: (pour-shaker-to-shot cocktail2 shot2 right shaker1 l2 l1)
15.817: (pour-shaker-to-shot cocktail2 shot2 left shaker1 l2 l1)
16.426: (pour-shaker-to-shot cocktail2 shot10 left shaker1 l2 l1)
16.427: (pour-shaker-to-shot cocktail2 shot10 right shaker1 l2 l1)
16.917: (grasp left shot10)
16.917: (grasp right shot10)
16.943: (pour-shaker-to-shot cocktail2 shot2 right shaker1 l1 l0)
16.943: (pour-shaker-to-shot cocktail2 shot10 right shaker1 l1 l0)
16.943: (pour-shaker-to-shot cocktail2 shot10 right shaker1 l1 l0)
16.943: (pour-shaker-to-shot cocktail2 shot10 left shaker1 l1 l0)
16.943: (pour-shaker-to-shot cocktail2 shot10 left shaker1 l1 l0)
16.943: (pour-shaker-to-shot cocktail2 shot2 right shaker1 l1 l0)
16.943: (pour-shaker-to-shot cocktail2 shot2 left shaker1 l1 l0)
16.943: (pour-shaker-to-shot cocktail2 shot2 left shaker1 l1 l0)
16.952: (pour-shaker-to-shot cocktail2 shot10 left shaker1 l2 l1)
16.952: (pour-shaker-to-shot cocktail2 shot10 left shaker1 l2 l1)
16.952: (pour-shaker-to-shot cocktail2 shot10 right shaker1 l2 l1)
16.952: (pour-shaker-to-shot cocktail2 shot10 right shaker1 l2 l1)
16.980: (grasp right shot6)
16.980: (grasp right shot1)
16.980: (grasp left shot1)
16.980: (grasp left shot6)
13.915: (empty-shaker left shaker1 cocktail2 l1 l0)
13.915: (empty-shaker right shaker1 cocktail2 l1 l0)
14.180: (empty-shaker left shaker1 cocktail2 l1 l0)
14.180: (empty-shaker right shaker1 cocktail2 l1 l0)
14.456: (empty-shaker left shaker1 cocktail2 l1 l0)
14.456: (empty-shaker right shaker1 cocktail2 l1 l0)
14.456: (empty-shaker left shaker1 cocktail2 l1 l0)
14.456: (empty-shaker right shaker1 cocktail2 l1 l0)
14.625: (clean-shaker left right shaker1)
14.625: (clean-shaker right left shaker1)
14.625: (clean-shaker right left shaker1)
14.626: (clean-shaker left right shaker1)
14.777: (pour-shaker-to-shot cocktail2 shot2 left shaker1 l2 l1)
14.777: (pour-shaker-to-shot cocktail2 shot2 right shaker1 l2 l1)
14.777: (pour-shaker-to-shot cocktail2 shot2 right shaker1 l2 l1)
14.777: (pour-shaker-to-shot cocktail2 shot2 left shaker1 l2 l1)
14.792: (pour-shaker-to-shot cocktail2 shot2 right shaker1 l2 l1)
14.792: (pour-shaker-to-shot cocktail2 shot2 right shaker1 l2 l1)
14.792: (pour-shaker-to-shot cocktail2 shot2 left shaker1 l2 l1)
14.792: (pour-shaker-to-shot cocktail2 shot2 left shaker1 l2 l1)
15.155: (pour-shaker-to-shot cocktail2 shot10 right shaker1 l1 l0)
15.155: (pour-shaker-to-shot cocktail2 shot10 left shaker1 l1 l0)
15.155: (pour-shaker-to-shot cocktail2 shot2 right shaker1 l1 l0)
15.155: (pour-shaker-to-shot cocktail2 shot2 left shaker1 l1 l0)
15.438: (pour-shaker-to-shot cocktail2 shot10 left shaker1 l1 l0)
15.438: (pour-shaker-to-shot cocktail2 shot10 right shaker1 l1 l0)
15.438: (pour-shaker-to-shot cocktail2 shot10 left shaker1 l1 l0)
15.438: (pour-shaker-to-shot cocktail2 shot10 right shaker1 l1 l0)
15.439: (pour-shaker-to-shot cocktail2 shot2 right shaker1 l1 l0)
15.439: (pour-shaker-to-shot cocktail2 shot2 right shaker1 l1 l0)
15.439: (pour-shaker-to-shot cocktail2 shot2 left shaker1 l1 l0)
15.439: (pour-shaker-to-shot cocktail2 shot2 left shaker1 l1 l0)
15.544: (empty-shaker right shaker1 cocktail2 l0 l0)
15.544: (empty-shaker right shaker1 cocktail2 l0 l0)
15.544: (empty-shaker left shaker1 cocktail2 l0 l0)
15.544: (empty-shaker left shaker1 cocktail2 l0 l0)
15.852: (pour-shaker-to-shot cocktail2 shot10 right shaker1 l2 l1)
15.853: (pour-shaker-to-shot cocktail2 shot10 left shaker1 l2 l1)
15.853: (pour-shaker-to-shot cocktail2 shot10 left shaker1 l2 l1)
15.853: (pour-shaker-to-shot cocktail2 shot10 right shaker1 l2 l1)
12.472: (clean-shaker right left shaker1)
12.472: (clean-shaker left right shaker1)
12.483: (clean-shaker left right shaker1)
12.483: (clean-shaker right left shaker1)
13.332: (empty-shaker right shaker1 cocktail2 l1 l0)
13.332: (empty-shaker left shaker1 cocktail2 l1 l0)
13.332: (empty-shaker right shaker1 cocktail2 l1 l0)
13.332: (empty-shaker left shaker1 cocktail2 l1 l0)
13.397: (empty-shaker right shaker1 cocktail2 l1 l0)
13.397: (empty-shaker right shaker1 cocktail2 l1 l0)
13.397: (empty-shaker left shaker1 cocktail2 l1 l0)
13.397: (empty-shaker left shaker1 cocktail2 l1 l0)
13.631: (leave left shaker1)
13.631: (leave right shaker1)
13.631: (leave right shaker1)
13.631: (leave left shaker1)
13.699: (clean-shaker right left shaker1)
13.699: (clean-shaker left right shaker1)
13.699: (clean-shaker left right shaker1)
13.699: (clean-shaker right left shaker1)
14.186: (empty-shaker left shaker1 cocktail2 l0 l0)
14.187: (empty-shaker right shaker1 cocktail2 l0 l0)
14.312: (pour-shaker-to-shot cocktail2 shot10 right shaker1 l1 l0)
14.312: (pour-shaker-to-shot cocktail2 shot10 left shaker1 l1 l0)
14.312: (pour-shaker-to-shot cocktail2 shot10 left shaker1 l1 l0)
14.312: (pour-shaker-to-shot cocktail2 shot10 right shaker1 l1 l0)
14.418: (pour-shaker-to-shot cocktail2 shot10 right shaker1 l1 l0)
14.418: (pour-shaker-to-shot cocktail2 shot10 left shaker1 l1 l0)
14.418: (pour-shaker-to-shot cocktail2 shot10 left shaker1 l1 l0)
14.418: (pour-shaker-to-shot cocktail2 shot10 right shaker1 l1 l0)
14.418: (pour-shaker-to-shot cocktail2 shot2 left shaker1 l1 l0)
14.418: (pour-shaker-to-shot cocktail2 shot2 right shaker1 l1 l0)
14.418: (pour-shaker-to-shot cocktail2 shot2 left shaker1 l1 l0)
14.418: (pour-shaker-to-shot cocktail2 shot2 right shaker1 l1 l0)
14.432: (empty-shaker right shaker1 cocktail2 l0 l0)
14.432: (empty-shaker left shaker1 cocktail2 l0 l0)
14.432: (empty-shaker left shaker1 cocktail2 l0 l0)
14.432: (empty-shaker right shaker1 cocktail2 l0 l0)
14.467: (grasp left shot6)
14.467: (grasp right shot1)
11.477: (leave right shaker1)
11.477: (leave left shaker1)
11.488: (leave right shaker1)
11.488: (leave left shaker1)
12.598: (clean-shaker left right shaker1)
12.598: (clean-shaker right left shaker1)
12.666: (clean-shaker right left shaker1)
12.666: (clean-shaker left right shaker1)
12.666: (clean-shaker left right shaker1)
12.666: (clean-shaker right left shaker1)
12.698: (leave right shaker1)
12.698: (leave right shaker1)
12.698: (leave left shaker1)
12.698: (leave left shaker1)
12.706: (grasp left shot10)
12.706: (grasp right shot10)
12.706: (grasp right shot8)
12.706: (grasp left shot8)
12.712: (grasp left shot10)
12.712: (grasp right shot10)
12.713: (clean-shaker left right shaker1)
12.713: (clean-shaker right left shaker1)
12.713: (clean-shaker right left shaker1)
12.713: (clean-shaker left right shaker1)
12.729: (grasp right shot5)
12.729: (grasp left shot5)
12.732: (grasp right shot5)
12.732: (grasp left shot5)
12.738: (grasp left shot8)
12.738: (grasp right shot8)
12.861: (grasp right shot6)
12.861: (grasp right shot1)
12.861: (grasp left shot1)
12.861: (grasp left shot6)
12.872: (grasp right shot1)
12.872: (grasp right shot6)
12.872: (grasp left shot1)
12.872: (grasp left shot6)
13.118: (grasp left shot9)
13.118: (grasp left shot4)
11.602: (leave left shaker1)
11.602: (leave right shaker1)
11.655: (leave right shaker1)
11.655: (leave right shaker1)
11.655: (leave left shaker1)
11.655: (leave left shaker1)
11.695: (leave right shaker1)
11.695: (leave left shaker1)
11.695: (grasp left shot10)
11.695: (grasp right shot10)
11.695: (leave left shaker1)
11.695: (leave right shaker1)
11.695: (grasp left shot8)
11.695: (grasp right shot8)
11.701: (leave left shaker1)
11.701: (leave right shaker1)
11.701: (grasp left shot10)
11.701: (grasp right shot10)
11.704: (leave left shaker1)
11.704: (leave right shaker1)
11.704: (leave left shaker1)
11.704: (leave right shaker1)
11.719: (grasp left shot5)
11.719: (grasp right shot5)
11.719: (leave left shaker1)
11.719: (leave right shaker1)
11.720: (leave left shaker1)
11.720: (leave right shaker1)
11.720: (grasp left shot5)
11.720: (grasp right shot5)
11.725: (leave right shaker1)
11.725: (leave left shaker1)
11.725: (grasp left shot8)
11.725: (grasp right shot8)
11.866: (leave right shaker1)
11.866: (leave right shaker1)
11.867: (leave left shaker1)
11.867: (leave left shaker1)
11.867: (grasp right shot6)
11.867: (grasp right shot1)
9.790: (fill-shot shot10 ingredient5 left right dispenser5)
9.790: (fill-shot shot10 ingredient5 right left dispenser5)
9.851: (refill-shot shot10 ingredient3 left right dispenser3)
9.851: (refill-shot shot10 ingredient3 right left dispenser3)
9.852: (fill-shot shot10 ingredient3 left right dispenser3)
9.852: (fill-shot shot10 ingredient3 right left dispenser3)
11.379: (grasp right shot10)
11.380: (grasp left shot10)
11.380: (grasp right shot10)
11.380: (grasp left shot10)
11.470: (grasp right shot10)
11.470: (grasp left shot10)
11.470: (grasp right shot10)
11.470: (grasp left shot10)
11.479: (pour-shot-to-clean-shaker shot5 ingredient3 shaker1 right l0 l1)
11.479: (pour-shot-to-clean-shaker shot5 ingredient3 shaker1 left l0 l1)
11.499: (grasp left shot5)
11.499: (grasp left shot5)
11.499: (grasp right shot5)
11.499: (grasp right shot5)
11.530: (fill-shot shot6 ingredient5 left right dispenser5)
11.530: (grasp right shot6)
11.530: (grasp left shot1)
11.530: (grasp left shot6)
11.530: (grasp right shot1)
11.530: (fill-shot shot1 ingredient5 left right dispenser5)
11.530: (fill-shot shot1 ingredient5 right left dispenser5)
11.530: (fill-shot shot6 ingredient5 right left dispenser5)
11.532: (pour-shot-to-clean-shaker shot5 ingredient3 shaker1 right l0 l1)
11.532: (pour-shot-to-clean-shaker shot5 ingredient3 shaker1 left l0 l1)
11.532: (grasp right shot8)
11.532: (grasp left shot8)
11.532: (grasp right shot8)
11.532: (grasp left shot8)
11.561: (grasp left shot1)
11.561: (grasp right shot1)
11.561: (grasp left shot6)
11.561: (grasp right shot6)
11.561: (fill-shot shot6 ingredient3 left right dispenser3)
11.561: (fill-shot shot1 ingredient3 left right dispenser3)
8.896: (pour-shot-to-clean-shaker shot10 ingredient5 shaker1 right l0 l1)
8.896: (pour-shot-to-clean-shaker shot10 ingredient5 shaker1 left l0 l1)
9.082: (pour-shot-to-clean-shaker shot10 ingredient3 shaker1 right l0 l1)
9.082: (pour-shot-to-clean-shaker shot10 ingredient3 shaker1 left l0 l1)
10.091: (refill-shot shot5 ingredient3 left right dispenser3)
10.091: (refill-shot shot5 ingredient3 right left dispenser3)
10.180: (refill-shot shot5 ingredient3 left right dispenser3)
10.180: (refill-shot shot5 ingredient3 right left dispenser3)
10.369: (grasp left shot5)
10.369: (grasp right shot5)
10.396: (grasp right shot1)
10.396: (grasp right shot6)
10.396: (grasp left shot1)
10.396: (grasp left shot6)
10.465: (pour-shot-to-clean-shaker shot6 ingredient5 shaker1 right l0 l1)
10.465: (pour-shot-to-clean-shaker shot6 ingredient5 shaker1 left l0 l1)
10.465: (pour-shot-to-clean-shaker shot1 ingredient5 shaker1 left l0 l1)
10.465: (pour-shot-to-clean-shaker shot1 ingredient5 shaker1 right l0 l1)
10.561: (grasp right shot8)
10.561: (grasp left shot8)
10.631: (pour-shot-to-clean-shaker shot1 ingredient3 shaker1 left l0 l1)
10.631: (pour-shot-to-clean-shaker shot1 ingredient3 shaker1 right l0 l1)
10.631: (pour-shot-to-clean-shaker shot6 ingredient3 shaker1 left l0 l1)
10.631: (pour-shot-to-clean-shaker shot6 ingredient3 shaker1 right l0 l1)
10.661: (grasp right shot1)
10.661: (grasp left shot6)
10.661: (grasp left shot1)
10.661: (grasp right shot6)
10.681: (grasp left shot8)
10.682: (grasp right shot8)
10.711: (grasp left shot4)
10.711: (grasp left shot9)
10.711: (grasp right shot9)
10.711: (grasp right shot4)
10.740: (grasp right shot2)
10.740: (grasp left shot2)
10.741: (grasp right shot3)
10.741: (grasp right shot7)
10.741: (grasp left shot3)
10.741: (grasp left shot7)
8.858: (grasp left shot5)
8.858: (grasp right shot5)
8.858: (pour-shot-to-clean-shaker shot10 ingredient5 shaker1 right l0 l1)
8.858: (pour-shot-to-clean-shaker shot10 ingredient5 shaker1 left l0 l1)
8.923: (clean-shot shot1 ingredient3 left right)
8.923: (clean-shot shot6 ingredient3 left right)
8.923: (clean-shot shot1 ingredient3 right left)
8.923: (clean-shot shot6 ingredient3 right left)
8.979: (leave left shot10)
8.979: (leave right shot10)
9.001: (grasp right shot8)
9.001: (grasp left shot8)
9.001: (pour-shot-to-clean-shaker shot10 ingredient3 shaker1 left l0 l1)
9.001: (pour-shot-to-clean-shaker shot10 ingredient3 shaker1 right l0 l1)
9.119: (clean-shot shot1 ingredient5 left right)
9.119: (clean-shot shot1 ingredient5 right left)
9.119: (clean-shot shot6 ingredient5 left right)
9.119: (clean-shot shot6 ingredient5 right left)
9.140: (leave right shot5)
9.140: (leave left shot5)
9.196: (leave left shot10)
9.196: (leave left shot5)
9.196: (leave right shot10)
9.196: (leave right shot5)
9.443: (clean-shot shot10 ingredient5 right left)
9.443: (clean-shot shot10 ingredient5 left right)
9.511: (clean-shot shot10 ingredient3 left right)
9.511: (clean-shot shot10 ingredient3 right left)
9.535: (refill-shot shot10 ingredient5 right left dispenser5)
9.535: (refill-shot shot10 ingredient5 left right dispenser5)
9.550: (pour-shot-to-clean-shaker shot10 ingredient5 shaker1 left l0 l1)
9.550: (pour-shot-to-clean-shaker shot10 ingredient5 shaker1 right l0 l1)
9.550: (pour-shot-to-clean-shaker shot10 ingredient5 shaker1 left l0 l1)
9.550: (pour-shot-to-clean-shaker shot10 ingredient5 shaker1 right l0 l1)
9.551: (grasp left shot4)
9.551: (grasp right shot4)
9.551: (grasp left shot9)
9.551: (grasp right shot9)
9.727: (grasp right shot9)
9.727: (grasp left shot9)
7.065: (fill-shot shot10 ingredient5 right left dispenser5)
7.065: (fill-shot shot10 ingredient5 left right dispenser5)
7.227: (fill-shot shot10 ingredient3 right left dispenser3)
7.227: (fill-shot shot10 ingredient3 left right dispenser3)
8.268: (pour-shot-to-used-shaker shot5 ingredient3 shaker1 right l1 l2)
8.268: (pour-shot-to-used-shaker shot5 ingredient3 shaker1 left l1 l2)
8.398: (pour-shot-to-used-shaker shot8 ingredient5 shaker1 right l1 l2)
8.398: (pour-shot-to-used-shaker shot8 ingredient5 shaker1 left l1 l2)
8.487: (fill-shot shot6 ingredient5 right left dispenser5)
8.487: (fill-shot shot1 ingredient5 left right dispenser5)
8.487: (fill-shot shot1 ingredient5 right left dispenser5)
8.487: (fill-shot shot6 ingredient5 left right dispenser5)
8.591: (fill-shot shot1 ingredient3 right left dispenser3)
8.591: (fill-shot shot1 ingredient3 left right dispenser3)
8.591: (fill-shot shot6 ingredient3 left right dispenser3)
8.591: (fill-shot shot6 ingredient3 right left dispenser3)
8.875: (leave right shot1)
8.875: (leave left shot1)
8.875: (leave left shot6)
8.875: (leave right shot10)
8.875: (leave right shot6)
8.876: (leave left shot10)
8.891: (grasp right shot6)
8.891: (grasp left shot1)
8.891: (grasp right shot1)
8.891: (grasp left shot6)
8.980: (leave left shot10)
8.980: (leave right shot10)
9.067: (grasp right shot6)
9.067: (grasp left shot6)
9.067: (grasp right shot1)
9.067: (grasp left shot1)
9.355: (grasp left shot5)
9.355: (leave left shot10)
9.355: (leave right shot10)
9.355: (grasp right shot5)
9.407: (leave right shot10)
9.407: (leave left shot10)
9.407: (grasp right shot8)
9.407: (grasp left shot8)
5.958: (pour-shot-to-used-shaker shot10 ingredient5 shaker1 right l1 l2)
5.958: (pour-shot-to-used-shaker shot10 ingredient5 shaker1 left l1 l2)
5.960: (pour-shot-to-used-shaker shot10 ingredient3 shaker1 right l1 l2)
5.960: (pour-shot-to-used-shaker shot10 ingredient3 shaker1 left l1 l2)
6.947: (leave right shot10)
6.947: (leave left shot10)
6.947: (pour-shot-to-used-shaker shot5 ingredient3 shaker1 right l1 l2)
6.947: (pour-shot-to-used-shaker shot5 ingredient3 shaker1 left l1 l2)
7.122: (pour-shot-to-used-shaker shot8 ingredient5 shaker1 right l1 l2)
7.122: (pour-shot-to-used-shaker shot8 ingredient5 shaker1 left l1 l2)
7.122: (leave right shot10)
7.122: (leave left shot10)
7.578: (pour-shot-to-used-shaker shot6 ingredient5 shaker1 right l1 l2)
7.578: (pour-shot-to-used-shaker shot1 ingredient5 shaker1 right l1 l2)
7.578: (pour-shot-to-used-shaker shot6 ingredient5 shaker1 left l1 l2)
7.578: (pour-shot-to-used-shaker shot1 ingredient5 shaker1 left l1 l2)
7.580: (pour-shot-to-used-shaker shot1 ingredient3 shaker1 right l1 l2)
7.580: (pour-shot-to-used-shaker shot6 ingredient3 shaker1 left l1 l2)
7.580: (pour-shot-to-used-shaker shot1 ingredient3 shaker1 left l1 l2)
7.581: (pour-shot-to-used-shaker shot6 ingredient3 shaker1 right l1 l2)
7.606: (grasp right shot1)
7.606: (grasp right shot6)
7.606: (grasp left shot1)
7.606: (grasp left shot6)
7.711: (leave left shot10)
7.711: (leave right shot10)
7.772: (grasp left shot8)
7.772: (grasp right shot8)
7.931: (grasp right shot4)
7.931: (grasp right shot9)
7.931: (grasp left shot9)
7.931: (grasp left shot4)
7.964: (grasp right shaker1)
7.964: (grasp left shaker1)
8.016: (grasp left shot5)
8.016: (grasp right shot5)
8.022: (leave left shot10)
8.022: (leave right shot10)
8.043: (grasp right shot2)
8.043: (grasp left shot2)
4.917: (leave right shot10)
4.917: (leave left shot10)
4.932: (leave left shot10)
4.932: (leave right shot10)
5.012: (grasp left shaker1)
5.012: (grasp right shaker1)
5.012: (pour-shot-to-used-shaker shot10 ingredient5 shaker1 left l1 l2)
5.012: (pour-shot-to-used-shaker shot10 ingredient5 shaker1 right l1 l2)
5.037: (grasp left shaker1)
5.037: (grasp right shaker1)
5.932: (clean-shot shot10 ingredient5 left right)
5.932: (clean-shot shot10 ingredient5 right left)
5.932: (clean-shot shot10 ingredient3 right left)
5.932: (clean-shot shot10 ingredient3 left right)
5.938: (refill-shot shot5 ingredient3 left right dispenser3)
5.938: (refill-shot shot5 ingredient3 right left dispenser3)
5.956: (refill-shot shot10 ingredient3 left right dispenser3)
5.956: (refill-shot shot10 ingredient3 right left dispenser3)
5.956: (refill-shot shot8 ingredient5 left right dispenser5)
5.956: (refill-shot shot8 ingredient5 right left dispenser5)
5.965: (refill-shot shot10 ingredient5 left right dispenser5)
5.965: (refill-shot shot10 ingredient5 right left dispenser5)
5.991: (clean-shot shot6 ingredient3 right left)
5.991: (clean-shot shot1 ingredient3 right left)
5.991: (clean-shot shot1 ingredient5 left right)
5.991: (clean-shot shot6 ingredient3 left right)
5.991: (clean-shot shot1 ingredient3 left right)
5.991: (clean-shot shot6 ingredient5 left right)
5.991: (clean-shot shot1 ingredient5 right left)
5.991: (clean-shot shot6 ingredient5 right left)
6.817: (pour-shot-to-used-shaker shot10 ingredient5 shaker1 left l1 l2)
6.818: (pour-shot-to-used-shaker shot10 ingredient5 shaker1 right l1 l2)
6.818: (pour-shot-to-used-shaker shot10 ingredient5 shaker1 right l1 l2)
6.818: (pour-shot-to-used-shaker shot10 ingredient5 shaker1 left l1 l2)
6.818: (grasp right shot9)
6.818: (grasp right shot4)
6.818: (grasp left shot4)
6.818: (grasp left shot9)
6.821: (grasp right shot9)
6.821: (grasp right shot4)
3.922: (leave right shot10)
3.922: (grasp left shaker1)
3.922: (leave left shot10)
3.922: (grasp right shaker1)
3.953: (leave right shot10)
3.953: (grasp left shaker1)
3.953: (grasp right shaker1)
3.953: (leave left shot10)
4.936: (leave right shot10)
4.936: (leave left shot10)
4.942: (grasp left shaker1)
4.943: (grasp right shaker1)
4.944: (leave left shot6)
4.944: (leave right shot6)
4.944: (leave left shot1)
4.944: (leave right shot1)
4.944: (leave right shot10)
4.945: (leave left shot10)
4.948: (leave left shot10)
4.948: (leave right shot10)
4.970: (grasp left shaker1)
4.970: (grasp right shaker1)
4.983: (grasp left shaker1)
4.984: (grasp right shaker1)
4.984: (grasp left shaker1)
4.984: (grasp right shaker1)
4.990: (grasp left shaker1)
4.990: (grasp right shaker1)
5.027: (grasp right shaker1)
5.028: (grasp left shaker1)
5.743: (grasp right shaker1)
5.743: (grasp left shaker1)
5.780: (grasp right shot9)
5.781: (grasp right shot4)
5.781: (grasp left shot9)
5.781: (grasp left shot4)
5.782: (leave left shot10)
5.782: (leave left shot10)
5.791: (grasp left shot9)
5.791: (grasp left shot4)
1.848: (shake cocktail1 ingredient5 ingredient3 shaker1 left right)
1.848: (shake cocktail1 ingredient5 ingredient3 shaker1 right left)
1.861: (shake cocktail1 ingredient5 ingredient3 shaker1 right left)
1.861: (shake cocktail1 ingredient5 ingredient3 shaker1 left right)
3.942: (leave left shot10)
3.942: (leave right shot10)
3.942: (leave right shot6)
3.942: (leave left shot6)
3.942: (leave right shot1)
3.942: (leave left shot1)
3.942: (grasp right shaker1)
3.942: (grasp left shaker1)
3.951: (leave left shot10)
3.951: (grasp left shaker1)
3.952: (leave right shot10)
3.952: (grasp right shaker1)
3.989: (grasp right shaker1)
3.989: (grasp left shaker1)
3.989: (leave left shot10)
3.989: (leave right shot10)
4.909: (grasp right shaker1)
4.909: (grasp left shot9)
4.909: (grasp left shot4)
4.909: (grasp right shot9)
4.909: (grasp right shot4)
4.910: (grasp right shaker1)
4.910: (grasp left shaker1)
4.910: (grasp left shaker1)
4.922: (grasp left shot7)
4.922: (grasp left shot3)
4.922: (grasp right shot7)
4.922: (grasp right shot3)
4.938: (grasp left shot5)
4.938: (grasp right shot5)
4.938: (grasp right shot2)
4.938: (grasp left shot2)
4.949: (grasp right shot4)
4.949: (grasp left shot4)
4.949: (grasp right shot9)
4.949: (grasp left shot9)
1.828: (shake cocktail1 ingredient5 ingredient3 shaker1 right left)
1.828: (shake cocktail1 ingredient5 ingredient3 shaker1 left right)
1.831: (shake cocktail1 ingredient5 ingredient3 shaker1 right left)
1.831: (shake cocktail1 ingredient5 ingredient3 shaker1 left right)
1.939: (pour-shaker-to-shot cocktail1 shot1 left shaker1 l2 l1)
1.939: (pour-shaker-to-shot cocktail1 shot6 left shaker1 l2 l1)
1.939: (pour-shaker-to-shot cocktail1 shot6 right shaker1 l2 l1)
1.939: (pour-shaker-to-shot cocktail1 shot1 right shaker1 l2 l1)
1.939: (pour-shaker-to-shot cocktail1 shot6 right shaker1 l2 l1)
1.939: (pour-shaker-to-shot cocktail1 shot1 right shaker1 l2 l1)
1.939: (pour-shaker-to-shot cocktail1 shot1 left shaker1 l2 l1)
1.939: (pour-shaker-to-shot cocktail1 shot6 left shaker1 l2 l1)
2.018: (shake cocktail1 ingredient5 ingredient3 shaker1 left right)
2.018: (shake cocktail1 ingredient5 ingredient3 shaker1 right left)
2.639: (grasp right shot9)
2.639: (grasp left shot4)
2.639: (grasp left shot9)
2.639: (grasp right shot4)
2.647: (grasp left shot4)
2.647: (grasp right shot9)
2.647: (grasp left shot9)
2.647: (grasp right shot4)
2.657: (grasp right shot10)
2.657: (grasp left shot10)
2.660: (grasp right shot6)
2.660: (grasp left shot1)
2.660: (grasp right shot1)
2.660: (grasp left shot6)
2.669: (grasp right shot6)
2.669: (grasp right shot1)
2.669: (grasp left shot1)
2.669: (grasp left shot6)
2.678: (grasp left shot10)
2.678: (grasp right shot10)
2.681: (grasp right shot8)
2.681: (grasp left shot8)
2.689: (grasp right shot8)
2.689: (grasp left shot8)
2.736: (grasp left shot5)
2.736: (grasp right shot5)
0.636: (pour-shaker-to-shot cocktail1 shot6 right shaker1 l1 l0)
0.637: (pour-shaker-to-shot cocktail1 shot1 right shaker1 l1 l0)
0.637: (pour-shaker-to-shot cocktail1 shot1 left shaker1 l1 l0)
0.637: (pour-shaker-to-shot cocktail1 shot6 left shaker1 l1 l0)
0.811: (pour-shaker-to-shot cocktail1 shot6 right shaker1 l1 l0)
0.811: (pour-shaker-to-shot cocktail1 shot1 right shaker1 l1 l0)
0.811: (pour-shaker-to-shot cocktail1 shot6 left shaker1 l1 l0)
0.811: (pour-shaker-to-shot cocktail1 shot1 left shaker1 l1 l0)
1.862: (pour-shaker-to-shot cocktail1 shot6 right shaker1 l2 l1)
1.862: (pour-shaker-to-shot cocktail1 shot1 left shaker1 l2 l1)
1.862: (pour-shaker-to-shot cocktail1 shot6 left shaker1 l2 l1)
1.862: (pour-shaker-to-shot cocktail1 shot1 right shaker1 l2 l1)
1.880: (pour-shaker-to-shot cocktail1 shot1 right shaker1 l2 l1)
1.880: (pour-shaker-to-shot cocktail1 shot6 right shaker1 l2 l1)
1.880: (pour-shaker-to-shot cocktail1 shot1 left shaker1 l2 l1)
1.880: (pour-shaker-to-shot cocktail1 shot6 left shaker1 l2 l1)
2.144: (pour-shaker-to-shot cocktail1 shot6 right shaker1 l2 l1)
2.144: (pour-shaker-to-shot cocktail1 shot1 right shaker1 l2 l1)
2.145: (pour-shaker-to-shot cocktail1 shot1 left shaker1 l2 l1)
2.145: (pour-shaker-to-shot cocktail1 shot6 left shaker1 l2 l1)
2.228: (pour-shaker-to-shot cocktail1 shot1 left shaker1 l2 l1)
2.228: (pour-shaker-to-shot cocktail1 shot6 left shaker1 l2 l1)
2.228: (pour-shaker-to-shot cocktail1 shot6 right shaker1 l2 l1)
2.228: (pour-shaker-to-shot cocktail1 shot1 right shaker1 l2 l1)
2.228: (pour-shaker-to-shot cocktail1 shot1 right shaker1 l2 l1)
2.228: (pour-shaker-to-shot cocktail1 shot6 right shaker1 l2 l1)
2.228: (pour-shaker-to-shot cocktail1 shot6 left shaker1 l2 l1)
2.228: (pour-shaker-to-shot cocktail1 shot1 left shaker1 l2 l1)
2.228: (grasp right shot9)
2.228: (grasp right shot4)
2.228: (grasp left shot4)
2.229: (grasp left shot9)
2.229: (grasp left shot4)
2.229: (grasp left shot9)
2.229: (grasp right shot9)
2.229: (grasp right shot4)
2.240: (grasp right shot9)
2.240: (pour-shaker-to-shot cocktail1 shot6 left shaker1 l2 l1)
2.240: (pour-shaker-to-shot cocktail1 shot1 right shaker1 l2 l1)
2.240: (pour-shaker-to-shot cocktail1 shot1 left shaker1 l2 l1)
0.368: (empty-shaker right shaker1 cocktail1 l0 l0)
0.368: (empty-shaker left shaker1 cocktail1 l0 l0)
0.370: (empty-shaker left shaker1 cocktail1 l0 l0)
0.370: (empty-shaker right shaker1 cocktail1 l0 l0)
0.401: (pour-shaker-to-shot cocktail1 shot1 left shaker1 l1 l0)
0.401: (pour-shaker-to-shot cocktail1 shot6 left shaker1 l1 l0)
0.401: (pour-shaker-to-shot cocktail1 shot1 right shaker1 l1 l0)
0.401: (pour-shaker-to-shot cocktail1 shot6 right shaker1 l1 l0)
0.555: (pour-shaker-to-shot cocktail1 shot6 right shaker1 l1 l0)
0.555: (pour-shaker-to-shot cocktail1 shot1 left shaker1 l1 l0)
0.555: (pour-shaker-to-shot cocktail1 shot1 right shaker1 l1 l0)
0.555: (pour-shaker-to-shot cocktail1 shot6 left shaker1 l1 l0)
0.604: (leave left shaker1)
0.604: (leave right shaker1)
0.614: (pour-shaker-to-shot cocktail1 shot1 right shaker1 l1 l0)
0.614: (pour-shaker-to-shot cocktail1 shot6 right shaker1 l1 l0)
0.614: (pour-shaker-to-shot cocktail1 shot1 left shaker1 l1 l0)
0.614: (pour-shaker-to-shot cocktail1 shot6 left shaker1 l1 l0)
0.740: (leave right shaker1)
0.740: (leave left shaker1)
0.904: (grasp right shot9)
0.904: (grasp right shot4)
0.904: (grasp left shot9)
0.904: (grasp left shot4)
0.904: (pour-shaker-to-shot cocktail1 shot1 left shaker1 l1 l0)
0.904: (pour-shaker-to-shot cocktail1 shot1 right shaker1 l1 l0)
0.904: (pour-shaker-to-shot cocktail1 shot6 left shaker1 l1 l0)
0.904: (pour-shaker-to-shot cocktail1 shot1 left shaker1 l1 l0)
0.904: (pour-shaker-to-shot cocktail1 shot6 left shaker1 l1 l0)
0.904: (pour-shaker-to-shot cocktail1 shot6 right shaker1 l1 l0)
0.904: (pour-shaker-to-shot cocktail1 shot6 right shaker1 l1 l0)
0.904: (pour-shaker-to-shot cocktail1 shot1 right shaker1 l1 l0)
0.943: (grasp right shot2)
0.943: (grasp left shot2)
0.954: (grasp right shot7)
0.954: (grasp right shot3)
0.954: (grasp left shot7)
0.954: (grasp left shot3)
0.985: (grasp left shot1)
0.985: (grasp right shot1)
0.247: (grasp left shot4)
0.247: (grasp left shot9)
0.247: (grasp right shot4)
0.247: (grasp right shot9)
0.251: (clean-shaker right left shaker1)
0.251: (clean-shaker left right shaker1)
0.251: (grasp left shot9)
0.251: (grasp left shot4)
0.252: (clean-shaker left right shaker1)
0.252: (grasp right shot9)
0.252: (clean-shaker right left shaker1)
0.252: (grasp right shot4)
0.252: (empty-shaker right shaker1 cocktail1 l0 l0)
0.252: (empty-shaker right shaker1 cocktail1 l0 l0)
0.252: (empty-shaker left shaker1 cocktail1 l0 l0)
0.252: (empty-shaker left shaker1 cocktail1 l0 l0)
0.345: (empty-shaker right shaker1 cocktail1 l0 l0)
0.345: (empty-shaker left shaker1 cocktail1 l0 l0)
0.345: (empty-shaker left shaker1 cocktail1 l0 l0)
0.346: (empty-shaker right shaker1 cocktail1 l0 l0)
0.352: (leave left shaker1)
0.352: (leave right shaker1)
0.360: (empty-shaker left shaker1 cocktail1 l0 l0)
0.361: (empty-shaker right shaker1 cocktail1 l0 l0)
0.369: (grasp right shot2)
0.369: (grasp left shot2)
0.372: (grasp left shot2)
0.372: (empty-shaker right shaker1 cocktail1 l0 l0)
0.372: (empty-shaker left shaker1 cocktail1 l0 l0)
0.372: (grasp right shot2)
0.373: (grasp right shot3)
0.373: (grasp left shot3)
0.373: (grasp right shot7)
0.373: (grasp left shot7)
0.375: (grasp left shot7)
0.375: (grasp left shot3)
0.375: (grasp right shot3)
0.375: (grasp right shot7)
0.375: (empty-shaker right shaker1 cocktail1 l0 l0)
0.375: (empty-shaker left shaker1 cocktail1 l0 l0)
0.215: (grasp right shot9)
0.215: (grasp left shot4)
0.215: (grasp right shot4)
0.215: (grasp left shot9)
0.216: (grasp right shot4)
0.216: (grasp right shot9)
0.216: (grasp left shot9)
0.216: (grasp left shot4)
0.223: (clean-shaker left right shaker1)
0.223: (clean-shaker right left shaker1)
0.225: (clean-shaker right left shaker1)
0.225: (clean-shaker left right shaker1)
0.228: (grasp left shot4)
0.228: (grasp left shot9)
0.228: (grasp right shot4)
0.228: (grasp right shot9)
0.232: (grasp right shot9)
0.232: (grasp left shot4)
0.232: (grasp right shot4)
0.232: (grasp left shot9)
0.238: (clean-shaker right left shaker1)
0.238: (clean-shaker left right shaker1)
0.246: (grasp right shot9)
0.247: (grasp left shot9)
0.247: (grasp right shot4)
0.247: (grasp left shot4)
0.248: (grasp right shot4)
0.248: (grasp left shot4)
0.248: (grasp right shot9)
0.248: (grasp left shot9)
0.253: (leave left shaker1)
0.253: (leave right shaker1)
0.254: (leave left shaker1)
0.254: (leave right shaker1)
0.255: (grasp right shot2)
0.255: (grasp left shot2)
0.256: (grasp right shot2)
0.256: (grasp left shot2)
0.262: (grasp left shot7)
0.262: (grasp left shot3)
0.088: (fill-shot shot9 ingredient1 left right dispenser1)
0.089: (fill-shot shot9 ingredient1 right left dispenser1)
0.089: (fill-shot shot4 ingredient2 left right dispenser2)
0.089: (fill-shot shot4 ingredient2 right left dispenser2)
0.187: (grasp right shot4)
0.187: (grasp left shot9)
0.187: (grasp right shot9)
0.187: (grasp left shot4)
0.189: (grasp right shot9)
0.189: (grasp right shot4)
0.189: (grasp left shot4)
0.189: (grasp left shot9)
0.202: (grasp left shot4)
0.202: (grasp left shot9)
0.202: (grasp right shot4)
0.202: (grasp right shot9)
0.217: (leave left shaker1)
0.217: (leave right shaker1)
0.217: (leave right shaker1)
0.217: (leave left shaker1)
0.218: (grasp left shot4)
0.218: (grasp left shot9)
0.218: (grasp right shot9)
0.218: (grasp right shot4)
0.218: (leave left shaker1)
0.218: (leave left shaker1)
0.218: (leave right shaker1)
0.218: (leave right shaker1)
0.219: (grasp right shot9)
0.219: (grasp left shot9)
0.219: (grasp left shot4)
0.219: (grasp right shot4)
0.225: (leave right shaker1)
0.225: (grasp left shot10)
0.225: (grasp right shot10)
0.225: (leave left shaker1)
0.226: (grasp left shot2)
0.226: (grasp right shot2)
0.227: (leave right shaker1)
0.227: (leave left shaker1)
0.004: (fill-shot shot4 ingredient2 left right dispenser2)
0.004: (fill-shot shot9 ingredient1 left right dispenser1)
0.004: (fill-shot shot4 ingredient2 right left dispenser2)
0.004: (fill-shot shot9 ingredient1 right left dispenser1)
0.006: (fill-shot shot4 ingredient2 right left dispenser2)
0.006: (fill-shot shot9 ingredient1 right left dispenser1)
0.006: (fill-shot shot4 ingredient2 left right dispenser2)
0.006: (fill-shot shot9 ingredient1 left right dispenser1)
0.066: (grasp right shot9)
0.066: (grasp left shot4)
0.066: (grasp right shot4)
0.066: (grasp left shot9)
0.106: (grasp right shot7)
0.106: (grasp left shot3)
0.106: (grasp right shot3)
0.107: (grasp left shot7)
0.107: (grasp right shot7)
0.107: (grasp right shot3)
0.107: (grasp left shot7)
0.107: (grasp left shot3)
0.125: (leave right shot4)
0.125: (leave right shot9)
0.125: (leave left shot4)
0.125: (leave left shot9)
0.133: (grasp right shot8)
0.133: (grasp left shot8)
0.133: (grasp right shot8)
0.133: (grasp left shot8)
0.135: (grasp right shaker1)
0.136: (grasp left shaker1)
0.136: (grasp left shaker1)
0.136: (grasp right shaker1)
0.137: (grasp right shot5)
0.137: (grasp left shot5)
0.137: (grasp right shot5)
0.137: (grasp left shot5)
0.152: (grasp right shot6)
0.152: (grasp left shot1)
0.152: (grasp right shot1)
0.152: (grasp left shot6)
-0.031: (grasp left shot9)
-0.031: (grasp right shot9)
-0.031: (grasp right shot4)
-0.031: (grasp left shot4)
-0.030: (grasp left shot4)
-0.030: (grasp left shot9)
-0.030: (grasp right shot9)
-0.030: (grasp right shot4)
-0.002: (leave right shot9)
-0.002: (leave right shot4)
-0.002: (leave left shot4)
-0.002: (leave left shot9)
-0.001: (leave right shot9)
-0.001: (leave right shot4)
-0.001: (leave left shot4)
-0.001: (leave left shot9)
0.002: (grasp left shaker1)
0.002: (grasp right shaker1)
0.002: (grasp left shaker1)
0.002: (grasp right shaker1)
0.003: (grasp left shaker1)
0.003: (grasp right shaker1)
0.003: (grasp left shaker1)
0.003: (grasp right shaker1)
0.008: (grasp left shot2)
0.008: (grasp right shot2)
0.008: (grasp right shot2)
0.008: (grasp left shot2)
0.010: (grasp right shot2)
0.010: (grasp left shot2)
0.010: (grasp left shot2)
0.010: (grasp right shot2)
0.016: (grasp right shot3)
0.016: (grasp right shot7)
0.016: (grasp right shot7)
0.016: (grasp right shot3)
0.016: (grasp left shot7)
0.016: (grasp left shot3)
0.016: (grasp left shot3)
0.016: (grasp left shot7)
-0.038: (grasp right shot4)
-0.037: (grasp left shot4)
-0.037: (grasp left shot9)
-0.037: (grasp right shot9)
-0.037: (leave right shot9)
-0.037: (leave right shot4)
-0.037: (leave left shot9)
-0.037: (leave left shot4)
-0.037: (grasp left shot4)
-0.037: (leave left shot9)
-0.037: (leave left shot4)
-0.036: (leave right shot9)
-0.036: (leave right shot4)
-0.036: (grasp right shot9)
-0.036: (grasp left shot9)
-0.036: (grasp right shot4)
-0.004: (leave left shot4)
-0.004: (grasp right shaker1)
-0.004: (grasp left shaker1)
-0.004: (leave right shot4)
-0.004: (leave right shot9)
-0.004: (leave left shot9)
-0.004: (grasp left shaker1)
-0.004: (grasp right shaker1)
-0.003: (grasp left shaker1)
-0.003: (grasp right shaker1)
-0.003: (leave left shot4)
-0.003: (leave right shot4)
-0.003: (leave left shot9)
-0.003: (grasp right shaker1)
-0.003: (grasp left shaker1)
-0.003: (leave right shot9)
0.002: (grasp right shot2)
0.002: (grasp left shot2)
0.002: (grasp right shot2)
0.002: (leave right shot4)
0.002: (leave left shot9)
0.002: (grasp left shot2)
0.003: (leave left shot4)
0.003: (leave right shot9)
-0.250: (fill-shot shot9 ingredient1 right left dispenser1)
[Final] Expanded: 1523, Generated: 16404
Found a solution of length 50!
   1: (grasp left shot8)
   2: (fill-shot shot8 ingredient6 left right dispenser6)
   3: (pour-shot-to-clean-shaker shot8 ingredient6 shaker1 left l0 l1)
   4: (clean-shot shot8 ingredient6 left right)
   5: (fill-shot shot8 ingredient5 left right dispenser5)
   6: (pour-shot-to-used-shaker shot8 ingredient5 shaker1 left l1 l2)
   7: (refill-shot shot8 ingredient5 left right dispenser5)
   8: (grasp right shaker1)
   9: (leave left shot8)
  10: (shake cocktail3 ingredient6 ingredient5 shaker1 right left)
  11: (pour-shaker-to-shot cocktail3 shot3 right shaker1 l2 l1)
  12: (pour-shaker-to-shot cocktail3 shot7 right shaker1 l1 l0)
  13: (empty-shaker right shaker1 cocktail3 l0 l0)
  14: (clean-shaker right left shaker1)
  15: (grasp left shot5)
  16: (leave right shaker1)
  17: (fill-shot shot5 ingredient6 left right dispenser6)
  18: (pour-shot-to-clean-shaker shot5 ingredient6 shaker1 left l0 l1)
  19: (clean-shot shot5 ingredient6 left right)
  20: (fill-shot shot5 ingredient3 left right dispenser3)
  21: (leave left shot5)
  22: (grasp right shot10)
  23: (fill-shot shot10 ingredient3 right left dispenser3)
  24: (pour-shot-to-used-shaker shot10 ingredient3 shaker1 right l1 l2)
  25: (grasp left shaker1)
  26: (leave right shot10)
  27: (shake cocktail2 ingredient6 ingredient3 shaker1 left right)
  28: (pour-shaker-to-shot cocktail2 shot2 left shaker1 l2 l1)
  29: (empty-shaker left shaker1 cocktail2 l1 l0)
  30: (clean-shaker left right shaker1)
  31: (grasp right shot10)
  32: (leave left shaker1)
  33: (refill-shot shot10 ingredient3 right left dispenser3)
  34: (pour-shot-to-clean-shaker shot10 ingredient3 shaker1 right l0 l1)
  35: (clean-shot shot10 ingredient3 right left)
  36: (fill-shot shot10 ingredient5 right left dispenser5)
  37: (pour-shot-to-used-shaker shot10 ingredient5 shaker1 right l1 l2)
  38: (grasp left shaker1)
  39: (leave right shot10)
  40: (shake cocktail1 ingredient5 ingredient3 shaker1 left right)
  41: (pour-shaker-to-shot cocktail1 shot1 left shaker1 l2 l1)
  42: (pour-shaker-to-shot cocktail1 shot6 left shaker1 l1 l0)
  43: (empty-shaker left shaker1 cocktail1 l0 l0)
  44: (clean-shaker left right shaker1)
  45: (grasp right shot4)
  46: (leave left shaker1)
  47: (fill-shot shot4 ingredient2 right left dispenser2)
  48: (leave right shot4)
  49: (grasp right shot9)
  50: (fill-shot shot9 ingredient1 right left dispenser1)
