Torch: 2.12.0+cu130
Using GPU:  NVIDIA L40S
[Bellman] lambda=0 -> baseline (no widening signal)
[Sib] OPTION5 sib_beta=1.0 signal=QR-DQN raw width vs SIBLINGS (boosts exploration toward wider/uncertain children; prior untouched)
/u/ibrahim.eisawy/Neural-Guided-Search/venv/lib/python3.10/site-packages/pymimir_rgnn/model.py:162: UserWarning: index_reduce() is in beta and the API may change at any time. (Triggered internally at /pytorch/aten/src/ATen/native/cuda/Indexing.cu:1541.)
  exps_max.index_reduce_(0, output_indices, output_messages, reduce="amax", include_self=False)
  [sim 500] root visits=500, unique states=1591, generated=1590, iqn_calls=500
  [sim 1000] root visits=1000, unique states=3017, generated=3016, iqn_calls=1000
  [sim 1500] root visits=1500, unique states=4498, generated=4497, iqn_calls=1500
  [sim 2000] root visits=2000, unique states=5930, generated=5929, iqn_calls=2000
  [sim 2460] found goal path of length 624
[Final] Expanded: 7211, Generated: 7211
[Cost] IQN forward calls (Bellman signal): 2460
[Widen] nodes widened: 0, mean w: 0.0000
[Sib] child-edges modulated: 11516, mean mult: 1.0000 (1.0 = no change; >1 = boosted toward wide)
[search done] simulations=2460, unique states generated=7211
Found a solution of length 624!
   1: (move f2-6f f3-6f)
   2: (move f3-6f f4-6f)
   3: (move f4-6f f4-5f)
   4: (pickup f4-5f key0-0)
   5: (move f4-5f f4-4f)
   6: (move f4-4f f4-3f)
   7: (putdown f4-3f key0-0)
   8: (move f4-3f f4-2f)
   9: (pickup f4-2f key0-2)
  10: (move f4-2f f4-3f)
  11: (move f4-3f f4-4f)
  12: (move f4-4f f5-4f)
  13: (move f5-4f f6-4f)
  14: (move f6-4f f6-5f)
  15: (move f6-5f f5-5f)
  16: (move f5-5f f4-5f)
  17: (move f4-5f f4-6f)
  18: (move f4-6f f5-6f)
  19: (unlock f5-6f f5-7f key0-2 shape0)
  20: (move f5-6f f6-6f)
  21: (move f6-6f f6-5f)
  22: (move f6-5f f5-5f)
  23: (move f5-5f f5-4f)
  24: (move f5-4f f4-4f)
  25: (move f4-4f f4-5f)
  26: (move f4-5f f4-6f)
  27: (move f4-6f f4-7f)
  28: (move f4-7f f3-7f)
  29: (move f3-7f f2-7f)
  30: (move f2-7f f2-6f)
  31: (move f2-6f f2-5f)
  32: (move f2-5f f3-5f)
  33: (move f3-5f f3-4f)
  34: (move f3-4f f3-3f)
  35: (move f3-3f f2-3f)
  36: (move f2-3f f1-3f)
  37: (unlock f1-3f f1-4f key0-2 shape0)
  38: (unlock f1-3f f1-2f key0-2 shape0)
  39: (move f1-3f f2-3f)
  40: (move f2-3f f3-3f)
  41: (move f3-3f f4-3f)
  42: (move f4-3f f4-4f)
  43: (move f4-4f f5-4f)
  44: (move f5-4f f6-4f)
  45: (move f6-4f f6-5f)
  46: (move f6-5f f5-5f)
  47: (move f5-5f f4-5f)
  48: (move f4-5f f4-6f)
  49: (move f4-6f f5-6f)
  50: (move f5-6f f6-6f)
  51: (move f6-6f f6-7f)
  52: (move f6-7f f5-7f)
  53: (move f5-7f f4-7f)
  54: (move f4-7f f3-7f)
  55: (move f3-7f f2-7f)
  56: (move f2-7f f2-6f)
  57: (move f2-6f f2-5f)
  58: (move f2-5f f3-5f)
  59: (move f3-5f f3-4f)
  60: (putdown f3-4f key0-2)
  61: (move f3-4f f3-3f)
  62: (move f3-3f f2-3f)
  63: (pickup f2-3f key3-0)
  64: (move f2-3f f3-3f)
  65: (move f3-3f f3-4f)
  66: (move f3-4f f4-4f)
  67: (move f4-4f f5-4f)
  68: (move f5-4f f5-5f)
  69: (move f5-5f f6-5f)
  70: (move f6-5f f7-5f)
  71: (putdown f7-5f key3-0)
  72: (move f7-5f f6-5f)
  73: (pickup f6-5f key0-3)
  74: (move f6-5f f6-6f)
  75: (move f6-6f f5-6f)
  76: (putdown f5-6f key0-3)
  77: (move f5-6f f5-5f)
  78: (move f5-5f f5-4f)
  79: (pickup f5-4f key1-3)
  80: (move f5-4f f4-4f)
  81: (move f4-4f f3-4f)
  82: (move f3-4f f3-5f)
  83: (move f3-5f f4-5f)
  84: (move f4-5f f4-6f)
  85: (move f4-6f f3-6f)
  86: (move f3-6f f2-6f)
  87: (move f2-6f f2-5f)
  88: (unlock f2-5f f1-5f key1-3 shape1)
  89: (move f2-5f f3-5f)
  90: (move f3-5f f3-4f)
  91: (move f3-4f f4-4f)
  92: (move f4-4f f4-5f)
  93: (move f4-5f f4-6f)
  94: (move f4-6f f3-6f)
  95: (move f3-6f f2-6f)
  96: (move f2-6f f2-7f)
  97: (unlock f2-7f f1-7f key1-3 shape1)
  98: (move f2-7f f1-7f)
  99: (pickup-and-loose f1-7f key2-0 key1-3)
 100: (unlock f1-7f f1-6f key2-0 shape2)
 101: (move f1-7f f1-6f)
 102: (move f1-6f f1-5f)
 103: (move f1-5f f1-4f)
 104: (unlock f1-4f f2-4f key2-0 shape2)
 105: (move f1-4f f2-4f)
 106: (move f2-4f f3-4f)
 107: (move f3-4f f4-4f)
 108: (move f4-4f f4-3f)
 109: (move f4-3f f3-3f)
 110: (move f3-3f f3-2f)
 111: (move f3-2f f2-2f)
 112: (putdown f2-2f key2-0)
 113: (move f2-2f f1-2f)
 114: (move f1-2f f0-2f)
 115: (pickup f0-2f key3-1)
 116: (move f0-2f f0-3f)
 117: (move f0-3f f1-3f)
 118: (move f1-3f f1-4f)
 119: (move f1-4f f2-4f)
 120: (move f2-4f f3-4f)
 121: (move f3-4f f4-4f)
 122: (move f4-4f f4-3f)
 123: (move f4-3f f3-3f)
 124: (move f3-3f f2-3f)
 125: (move f2-3f f2-2f)
 126: (move f2-2f f3-2f)
 127: (move f3-2f f3-1f)
 128: (move f3-1f f3-0f)
 129: (move f3-0f f4-0f)
 130: (putdown f4-0f key3-1)
 131: (move f4-0f f3-0f)
 132: (pickup f3-0f key3-2)
 133: (move f3-0f f4-0f)
 134: (move f4-0f f5-0f)
 135: (move f5-0f f6-0f)
 136: (move f6-0f f7-0f)
 137: (pickup-and-loose f7-0f key1-0 key3-2)
 138: (move f7-0f f7-1f)
 139: (move f7-1f f6-1f)
 140: (move f6-1f f5-1f)
 141: (move f5-1f f5-2f)
 142: (move f5-2f f4-2f)
 143: (move f4-2f f3-2f)
 144: (putdown f3-2f key1-0)
 145: (move f3-2f f3-3f)
 146: (move f3-3f f3-4f)
 147: (pickup f3-4f key0-2)
 148: (move f3-4f f4-4f)
 149: (move f4-4f f4-5f)
 150: (move f4-5f f4-6f)
 151: (move f4-6f f5-6f)
 152: (move f5-6f f5-5f)
 153: (move f5-5f f5-4f)
 154: (move f5-4f f6-4f)
 155: (move f6-4f f6-3f)
 156: (move f6-3f f5-3f)
 157: (move f5-3f f4-3f)
 158: (move f4-3f f4-2f)
 159: (move f4-2f f5-2f)
 160: (move f5-2f f5-1f)
 161: (move f5-1f f6-1f)
 162: (move f6-1f f7-1f)
 163: (move f7-1f f7-2f)
 164: (putdown f7-2f key0-2)
 165: (move f7-2f f7-1f)
 166: (move f7-1f f7-0f)
 167: (pickup f7-0f key3-2)
 168: (move f7-0f f7-1f)
 169: (move f7-1f f7-2f)
 170: (pickup-and-loose f7-2f key0-2 key3-2)
 171: (move f7-2f f7-1f)
 172: (move f7-1f f6-1f)
 173: (move f6-1f f5-1f)
 174: (move f5-1f f5-2f)
 175: (move f5-2f f5-3f)
 176: (move f5-3f f6-3f)
 177: (move f6-3f f6-4f)
 178: (move f6-4f f5-4f)
 179: (move f5-4f f4-4f)
 180: (move f4-4f f4-5f)
 181: (move f4-5f f4-6f)
 182: (move f4-6f f5-6f)
 183: (move f5-6f f5-5f)
 184: (move f5-5f f6-5f)
 185: (move f6-5f f6-6f)
 186: (move f6-6f f6-7f)
 187: (move f6-7f f5-7f)
 188: (move f5-7f f4-7f)
 189: (move f4-7f f3-7f)
 190: (move f3-7f f2-7f)
 191: (move f2-7f f1-7f)
 192: (unlock f1-7f f0-7f key0-2 shape0)
 193: (move f1-7f f1-6f)
 194: (move f1-6f f1-5f)
 195: (move f1-5f f1-4f)
 196: (move f1-4f f2-4f)
 197: (move f2-4f f3-4f)
 198: (move f3-4f f4-4f)
 199: (move f4-4f f4-5f)
 200: (move f4-5f f4-6f)
 201: (move f4-6f f5-6f)
 202: (move f5-6f f5-5f)
 203: (move f5-5f f5-4f)
 204: (move f5-4f f6-4f)
 205: (move f6-4f f6-3f)
 206: (move f6-3f f5-3f)
 207: (move f5-3f f5-2f)
 208: (move f5-2f f4-2f)
 209: (move f4-2f f4-3f)
 210: (move f4-3f f3-3f)
 211: (move f3-3f f2-3f)
 212: (move f2-3f f1-3f)
 213: (move f1-3f f0-3f)
 214: (move f0-3f f0-2f)
 215: (move f0-2f f1-2f)
 216: (move f1-2f f2-2f)
 217: (move f2-2f f3-2f)
 218: (move f3-2f f3-1f)
 219: (move f3-1f f4-1f)
 220: (move f4-1f f5-1f)
 221: (move f5-1f f6-1f)
 222: (move f6-1f f7-1f)
 223: (move f7-1f f7-2f)
 224: (putdown f7-2f key0-2)
 225: (move f7-2f f7-1f)
 226: (move f7-1f f6-1f)
 227: (move f6-1f f5-1f)
 228: (move f5-1f f4-1f)
 229: (move f4-1f f4-2f)
 230: (move f4-2f f4-3f)
 231: (move f4-3f f4-4f)
 232: (pickup f4-4f key1-2)
 233: (move f4-4f f3-4f)
 234: (move f3-4f f2-4f)
 235: (move f2-4f f2-3f)
 236: (move f2-3f f2-2f)
 237: (putdown f2-2f key1-2)
 238: (move f2-2f f3-2f)
 239: (pickup f3-2f key1-0)
 240: (move f3-2f f2-2f)
 241: (move f2-2f f2-3f)
 242: (move f2-3f f3-3f)
 243: (move f3-3f f3-4f)
 244: (move f3-4f f2-4f)
 245: (move f2-4f f1-4f)
 246: (unlock f1-4f f0-4f key1-0 shape1)
 247: (move f1-4f f1-5f)
 248: (move f1-5f f1-6f)
 249: (move f1-6f f1-7f)
 250: (move f1-7f f2-7f)
 251: (move f2-7f f3-7f)
 252: (move f3-7f f4-7f)
 253: (move f4-7f f4-6f)
 254: (move f4-6f f4-5f)
 255: (move f4-5f f3-5f)
 256: (move f3-5f f3-4f)
 257: (move f3-4f f3-3f)
 258: (move f3-3f f3-2f)
 259: (putdown f3-2f key1-0)
 260: (move f3-2f f2-2f)
 261: (pickup f2-2f key1-2)
 262: (pickup-and-loose f2-2f key2-0 key1-2)
 263: (move f2-2f f3-2f)
 264: (move f3-2f f3-1f)
 265: (move f3-1f f2-1f)
 266: (move f2-1f f1-1f)
 267: (move f1-1f f1-2f)
 268: (move f1-2f f1-3f)
 269: (move f1-3f f2-3f)
 270: (move f2-3f f2-4f)
 271: (move f2-4f f1-4f)
 272: (move f1-4f f1-5f)
 273: (move f1-5f f1-6f)
 274: (move f1-6f f1-7f)
 275: (move f1-7f f2-7f)
 276: (move f2-7f f3-7f)
 277: (move f3-7f f4-7f)
 278: (move f4-7f f4-6f)
 279: (move f4-6f f4-5f)
 280: (move f4-5f f3-5f)
 281: (move f3-5f f2-5f)
 282: (move f2-5f f2-6f)
 283: (move f2-6f f3-6f)
 284: (putdown f3-6f key2-0)
 285: (move f3-6f f3-5f)
 286: (move f3-5f f4-5f)
 287: (pickup f4-5f key2-3)
 288: (move f4-5f f4-6f)
 289: (move f4-6f f3-6f)
 290: (pickup-and-loose f3-6f key2-0 key2-3)
 291: (move f3-6f f3-7f)
 292: (move f3-7f f2-7f)
 293: (move f2-7f f1-7f)
 294: (move f1-7f f1-6f)
 295: (move f1-6f f1-5f)
 296: (move f1-5f f1-4f)
 297: (move f1-4f f1-3f)
 298: (move f1-3f f2-3f)
 299: (move f2-3f f2-2f)
 300: (putdown f2-2f key2-0)
 301: (move f2-2f f3-2f)
 302: (pickup f3-2f key1-0)
 303: (move f3-2f f2-2f)
 304: (move f2-2f f2-3f)
 305: (move f2-3f f3-3f)
 306: (move f3-3f f4-3f)
 307: (move f4-3f f4-2f)
 308: (move f4-2f f5-2f)
 309: (move f5-2f f5-1f)
 310: (move f5-1f f4-1f)
 311: (move f4-1f f3-1f)
 312: (move f3-1f f3-0f)
 313: (move f3-0f f4-0f)
 314: (move f4-0f f5-0f)
 315: (move f5-0f f6-0f)
 316: (move f6-0f f7-0f)
 317: (move f7-0f f7-1f)
 318: (move f7-1f f7-2f)
 319: (putdown f7-2f key1-0)
 320: (pickup f7-2f key0-2)
 321: (move f7-2f f7-1f)
 322: (move f7-1f f6-1f)
 323: (move f6-1f f5-1f)
 324: (move f5-1f f5-2f)
 325: (move f5-2f f5-3f)
 326: (move f5-3f f6-3f)
 327: (move f6-3f f6-4f)
 328: (move f6-4f f6-5f)
 329: (move f6-5f f6-6f)
 330: (move f6-6f f5-6f)
 331: (move f5-6f f4-6f)
 332: (move f4-6f f3-6f)
 333: (move f3-6f f3-7f)
 334: (move f3-7f f2-7f)
 335: (move f2-7f f1-7f)
 336: (move f1-7f f1-6f)
 337: (move f1-6f f1-5f)
 338: (move f1-5f f1-4f)
 339: (move f1-4f f2-4f)
 340: (move f2-4f f2-5f)
 341: (move f2-5f f2-6f)
 342: (putdown f2-6f key0-2)
 343: (move f2-6f f2-5f)
 344: (move f2-5f f2-4f)
 345: (move f2-4f f1-4f)
 346: (pickup f1-4f key0-1)
 347: (move f1-4f f2-4f)
 348: (move f2-4f f2-5f)
 349: (move f2-5f f2-6f)
 350: (move f2-6f f2-7f)
 351: (move f2-7f f1-7f)
 352: (move f1-7f f1-6f)
 353: (move f1-6f f0-6f)
 354: (move f0-6f f0-7f)
 355: (putdown f0-7f key0-1)
 356: (move f0-7f f0-6f)
 357: (move f0-6f f1-6f)
 358: (move f1-6f f2-6f)
 359: (pickup f2-6f key0-2)
 360: (move f2-6f f2-7f)
 361: (move f2-7f f1-7f)
 362: (move f1-7f f0-7f)
 363: (move f0-7f f0-6f)
 364: (move f0-6f f1-6f)
 365: (move f1-6f f1-5f)
 366: (move f1-5f f2-5f)
 367: (move f2-5f f3-5f)
 368: (move f3-5f f3-6f)
 369: (move f3-6f f3-7f)
 370: (move f3-7f f4-7f)
 371: (move f4-7f f4-6f)
 372: (move f4-6f f5-6f)
 373: (move f5-6f f6-6f)
 374: (move f6-6f f6-5f)
 375: (move f6-5f f6-4f)
 376: (move f6-4f f6-3f)
 377: (move f6-3f f5-3f)
 378: (move f5-3f f5-2f)
 379: (move f5-2f f5-1f)
 380: (move f5-1f f6-1f)
 381: (move f6-1f f7-1f)
 382: (move f7-1f f7-2f)
 383: (putdown f7-2f key0-2)
 384: (pickup f7-2f key1-0)
 385: (move f7-2f f7-1f)
 386: (move f7-1f f6-1f)
 387: (move f6-1f f5-1f)
 388: (move f5-1f f5-2f)
 389: (move f5-2f f4-2f)
 390: (move f4-2f f3-2f)
 391: (putdown f3-2f key1-0)
 392: (move f3-2f f2-2f)
 393: (pickup f2-2f key1-2)
 394: (pickup-and-loose f2-2f key2-0 key1-2)
 395: (move f2-2f f3-2f)
 396: (move f3-2f f3-1f)
 397: (move f3-1f f2-1f)
 398: (move f2-1f f1-1f)
 399: (move f1-1f f1-2f)
 400: (move f1-2f f1-3f)
 401: (move f1-3f f2-3f)
 402: (move f2-3f f3-3f)
 403: (move f3-3f f4-3f)
 404: (move f4-3f f4-2f)
 405: (move f4-2f f5-2f)
 406: (unlock f5-2f f6-2f key2-0 shape2)
 407: (move f5-2f f6-2f)
 408: (move f6-2f f7-2f)
 409: (move f7-2f f7-1f)
 410: (move f7-1f f6-1f)
 411: (move f6-1f f5-1f)
 412: (move f5-1f f4-1f)
 413: (move f4-1f f4-2f)
 414: (move f4-2f f3-2f)
 415: (move f3-2f f2-2f)
 416: (putdown f2-2f key2-0)
 417: (move f2-2f f3-2f)
 418: (pickup f3-2f key1-0)
 419: (move f3-2f f2-2f)
 420: (move f2-2f f2-1f)
 421: (move f2-1f f3-1f)
 422: (move f3-1f f3-0f)
 423: (move f3-0f f4-0f)
 424: (move f4-0f f4-1f)
 425: (move f4-1f f4-2f)
 426: (move f4-2f f4-3f)
 427: (move f4-3f f3-3f)
 428: (move f3-3f f2-3f)
 429: (move f2-3f f2-4f)
 430: (move f2-4f f3-4f)
 431: (move f3-4f f3-5f)
 432: (move f3-5f f3-6f)
 433: (move f3-6f f3-7f)
 434: (move f3-7f f2-7f)
 435: (move f2-7f f1-7f)
 436: (move f1-7f f0-7f)
 437: (move f0-7f f0-6f)
 438: (move f0-6f f1-6f)
 439: (move f1-6f f1-5f)
 440: (move f1-5f f1-4f)
 441: (move f1-4f f1-3f)
 442: (move f1-3f f1-2f)
 443: (move f1-2f f0-2f)
 444: (move f0-2f f0-3f)
 445: (move f0-3f f0-4f)
 446: (putdown f0-4f key1-0)
 447: (move f0-4f f0-3f)
 448: (move f0-3f f0-2f)
 449: (pickup f0-2f key2-1)
 450: (move f0-2f f0-3f)
 451: (move f0-3f f0-4f)
 452: (pickup-and-loose f0-4f key1-0 key2-1)
 453: (move f0-4f f1-4f)
 454: (move f1-4f f1-5f)
 455: (move f1-5f f1-6f)
 456: (move f1-6f f1-7f)
 457: (move f1-7f f0-7f)
 458: (move f0-7f f0-6f)
 459: (putdown f0-6f key1-0)
 460: (move f0-6f f1-6f)
 461: (move f1-6f f1-7f)
 462: (pickup f1-7f key1-3)
 463: (move f1-7f f0-7f)
 464: (move f0-7f f0-6f)
 465: (putdown f0-6f key1-3)
 466: (pickup f0-6f key1-0)
 467: (move f0-6f f0-7f)
 468: (move f0-7f f1-7f)
 469: (move f1-7f f2-7f)
 470: (move f2-7f f3-7f)
 471: (move f3-7f f3-6f)
 472: (move f3-6f f3-5f)
 473: (move f3-5f f3-4f)
 474: (move f3-4f f3-3f)
 475: (move f3-3f f3-2f)
 476: (putdown f3-2f key1-0)
 477: (move f3-2f f2-2f)
 478: (pickup f2-2f key2-0)
 479: (pickup-and-loose f2-2f key1-2 key2-0)
 480: (move f2-2f f3-2f)
 481: (move f3-2f f3-1f)
 482: (move f3-1f f2-1f)
 483: (move f2-1f f2-0f)
 484: (move f2-0f f1-0f)
 485: (move f1-0f f1-1f)
 486: (move f1-1f f1-2f)
 487: (move f1-2f f0-2f)
 488: (move f0-2f f0-3f)
 489: (move f0-3f f1-3f)
 490: (move f1-3f f2-3f)
 491: (move f2-3f f3-3f)
 492: (move f3-3f f4-3f)
 493: (move f4-3f f4-2f)
 494: (move f4-2f f5-2f)
 495: (move f5-2f f6-2f)
 496: (move f6-2f f7-2f)
 497: (move f7-2f f7-1f)
 498: (move f7-1f f6-1f)
 499: (move f6-1f f5-1f)
 500: (move f5-1f f4-1f)
 501: (move f4-1f f4-0f)
 502: (move f4-0f f3-0f)
 503: (putdown f3-0f key1-2)
 504: (move f3-0f f2-0f)
 505: (move f2-0f f2-1f)
 506: (move f2-1f f3-1f)
 507: (move f3-1f f3-2f)
 508: (move f3-2f f2-2f)
 509: (pickup f2-2f key2-0)
 510: (move f2-2f f3-2f)
 511: (move f3-2f f3-1f)
 512: (move f3-1f f2-1f)
 513: (move f2-1f f2-0f)
 514: (move f2-0f f3-0f)
 515: (move f3-0f f4-0f)
 516: (move f4-0f f4-1f)
 517: (move f4-1f f4-2f)
 518: (move f4-2f f5-2f)
 519: (move f5-2f f6-2f)
 520: (move f6-2f f7-2f)
 521: (move f7-2f f7-1f)
 522: (move f7-1f f7-0f)
 523: (move f7-0f f6-0f)
 524: (move f6-0f f6-1f)
 525: (move f6-1f f5-1f)
 526: (move f5-1f f5-0f)
 527: (putdown f5-0f key2-0)
 528: (move f5-0f f4-0f)
 529: (move f4-0f f3-0f)
 530: (pickup f3-0f key1-2)
 531: (move f3-0f f4-0f)
 532: (move f4-0f f5-0f)
 533: (move f5-0f f5-1f)
 534: (move f5-1f f4-1f)
 535: (move f4-1f f3-1f)
 536: (move f3-1f f3-2f)
 537: (move f3-2f f2-2f)
 538: (putdown f2-2f key1-2)
 539: (move f2-2f f3-2f)
 540: (move f3-2f f4-2f)
 541: (move f4-2f f4-1f)
 542: (move f4-1f f4-0f)
 543: (move f4-0f f5-0f)
 544: (pickup f5-0f key2-0)
 545: (move f5-0f f6-0f)
 546: (move f6-0f f7-0f)
 547: (move f7-0f f7-1f)
 548: (move f7-1f f7-2f)
 549: (move f7-2f f6-2f)
 550: (move f6-2f f5-2f)
 551: (move f5-2f f4-2f)
 552: (move f4-2f f3-2f)
 553: (move f3-2f f3-1f)
 554: (move f3-1f f2-1f)
 555: (move f2-1f f2-0f)
 556: (move f2-0f f1-0f)
 557: (move f1-0f f1-1f)
 558: (move f1-1f f1-2f)
 559: (move f1-2f f0-2f)
 560: (move f0-2f f0-3f)
 561: (move f0-3f f1-3f)
 562: (move f1-3f f2-3f)
 563: (move f2-3f f3-3f)
 564: (move f3-3f f4-3f)
 565: (move f4-3f f5-3f)
 566: (move f5-3f f6-3f)
 567: (move f6-3f f6-4f)
 568: (move f6-4f f6-5f)
 569: (move f6-5f f6-6f)
 570: (move f6-6f f5-6f)
 571: (move f5-6f f4-6f)
 572: (move f4-6f f3-6f)
 573: (move f3-6f f3-7f)
 574: (move f3-7f f2-7f)
 575: (move f2-7f f1-7f)
 576: (move f1-7f f0-7f)
 577: (move f0-7f f0-6f)
 578: (unlock f0-6f f0-5f key2-0 shape2)
 579: (move f0-6f f0-7f)
 580: (move f0-7f f1-7f)
 581: (move f1-7f f2-7f)
 582: (move f2-7f f3-7f)
 583: (move f3-7f f3-6f)
 584: (move f3-6f f2-6f)
 585: (move f2-6f f1-6f)
 586: (move f1-6f f1-5f)
 587: (move f1-5f f0-5f)
 588: (move f0-5f f0-4f)
 589: (move f0-4f f0-3f)
 590: (move f0-3f f1-3f)
 591: (move f1-3f f2-3f)
 592: (move f2-3f f2-2f)
 593: (putdown f2-2f key2-0)
 594: (move f2-2f f3-2f)
 595: (move f3-2f f4-2f)
 596: (move f4-2f f4-3f)
 597: (move f4-3f f3-3f)
 598: (move f3-3f f2-3f)
 599: (move f2-3f f1-3f)
 600: (move f1-3f f0-3f)
 601: (move f0-3f f0-4f)
 602: (pickup f0-4f key2-1)
 603: (move f0-4f f0-5f)
 604: (move f0-5f f0-6f)
 605: (move f0-6f f0-7f)
 606: (pickup-and-loose f0-7f key0-1 key2-1)
 607: (move f0-7f f0-6f)
 608: (move f0-6f f1-6f)
 609: (move f1-6f f2-6f)
 610: (move f2-6f f3-6f)
 611: (move f3-6f f3-5f)
 612: (move f3-5f f4-5f)
 613: (move f4-5f f4-6f)
 614: (move f4-6f f5-6f)
 615: (move f5-6f f6-6f)
 616: (move f6-6f f6-5f)
 617: (move f6-5f f6-4f)
 618: (move f6-4f f6-3f)
 619: (move f6-3f f6-2f)
 620: (putdown f6-2f key0-1)
 621: (move f6-2f f7-2f)
 622: (pickup f7-2f key0-2)
 623: (move f7-2f f6-2f)
 624: (putdown f6-2f key0-2)
