Torch: 2.12.0+cu130
Using GPU:  NVIDIA L40S
[Bellman] lambda=0 -> baseline (no widening signal)
[Sib] OPTION5 sib_beta=0.5 signal=QR-DQN raw width vs SIBLINGS (boosts exploration toward wider/uncertain children; prior untouched)
[Value] SELF-CONSISTENT: leaf value = QR-DQN max_a mean Z(s,a) (SAC critics bypassed; prior still SAC policy)
/u/ibrahim.eisawy/Neural-Guided-Search/venv/lib/python3.10/site-packages/pymimir_rgnn/model.py:162: UserWarning: index_reduce() is in beta and the API may change at any time. (Triggered internally at /pytorch/aten/src/ATen/native/cuda/Indexing.cu:1541.)
  exps_max.index_reduce_(0, output_indices, output_messages, reduce="amax", include_self=False)
  [sim 200] found goal path of length 78
[Final] Expanded: 602, Generated: 602
[Cost] IQN forward calls (Bellman signal): 200
[Widen] nodes widened: 0, mean w: 0.0000
[Sib] child-edges modulated: 983, mean mult: 1.0000 (1.0 = no change; >1 = boosted toward wide)
[search done] simulations=200, unique states generated=602
Found a solution of length 78!
   1: (move f6-4f f7-4f)
   2: (move f7-4f f7-3f)
   3: (move f7-3f f8-3f)
   4: (move f8-3f f8-2f)
   5: (move f8-2f f7-2f)
   6: (move f7-2f f6-2f)
   7: (move f6-2f f6-1f)
   8: (move f6-1f f7-1f)
   9: (move f7-1f f8-1f)
  10: (move f8-1f f8-0f)
  11: (move f8-0f f7-0f)
  12: (move f7-0f f6-0f)
  13: (move f6-0f f5-0f)
  14: (move f5-0f f5-1f)
  15: (move f5-1f f5-2f)
  16: (move f5-2f f4-2f)
  17: (move f4-2f f4-3f)
  18: (move f4-3f f5-3f)
  19: (move f5-3f f6-3f)
  20: (putdown f6-3f key0-3)
  21: (move f6-3f f6-2f)
  22: (move f6-2f f7-2f)
  23: (move f7-2f f7-3f)
  24: (move f7-3f f8-3f)
  25: (pickup f8-3f key2-3)
  26: (unlock f8-3f f9-3f key2-3 shape2)
  27: (move f8-3f f7-3f)
  28: (move f7-3f f6-3f)
  29: (pickup-and-loose f6-3f key0-3 key2-3)
  30: (move f6-3f f6-2f)
  31: (move f6-2f f7-2f)
  32: (move f7-2f f7-1f)
  33: (move f7-1f f8-1f)
  34: (move f8-1f f8-2f)
  35: (move f8-2f f8-3f)
  36: (move f8-3f f7-3f)
  37: (move f7-3f f7-4f)
  38: (move f7-4f f6-4f)
  39: (move f6-4f f6-5f)
  40: (move f6-5f f5-5f)
  41: (move f5-5f f5-4f)
  42: (move f5-4f f5-3f)
  43: (move f5-3f f4-3f)
  44: (move f4-3f f4-2f)
  45: (move f4-2f f4-1f)
  46: (unlock f4-1f f3-1f key0-3 shape0)
  47: (move f4-1f f4-2f)
  48: (move f4-2f f4-3f)
  49: (move f4-3f f5-3f)
  50: (move f5-3f f6-3f)
  51: (move f6-3f f6-2f)
  52: (move f6-2f f7-2f)
  53: (move f7-2f f7-1f)
  54: (move f7-1f f8-1f)
  55: (move f8-1f f8-2f)
  56: (move f8-2f f8-3f)
  57: (move f8-3f f7-3f)
  58: (move f7-3f f7-4f)
  59: (move f7-4f f6-4f)
  60: (move f6-4f f6-5f)
  61: (move f6-5f f5-5f)
  62: (move f5-5f f5-4f)
  63: (move f5-4f f4-4f)
  64: (move f4-4f f3-4f)
  65: (move f3-4f f3-5f)
  66: (move f3-5f f4-5f)
  67: (move f4-5f f4-6f)
  68: (move f4-6f f5-6f)
  69: (move f5-6f f6-6f)
  70: (move f6-6f f6-7f)
  71: (move f6-7f f5-7f)
  72: (move f5-7f f4-7f)
  73: (move f4-7f f3-7f)
  74: (move f3-7f f3-8f)
  75: (move f3-8f f2-8f)
  76: (move f2-8f f1-8f)
  77: (move f1-8f f1-9f)
  78: (putdown f1-9f key0-3)
