Torch: 2.12.0+cu130
Using GPU:  NVIDIA L40S
[Bellman] lambda=0 -> baseline (no widening signal)
[Binc] OPTION6 binc_beta=2.0 binc_eps=0.0 signal=BELLMAN INCONSISTENCY (1-step min-W1 parent-vs-child, B_good within eps) vs SIBLINGS (boosts exploration toward inconsistent children; prior untouched)
[Value] SELF-CONSISTENT: leaf value = QR-DQN max_a mean Z(s,a) (SAC critics bypassed; prior still SAC policy)
/u/ibrahim.eisawy/Neural-Guided-Search/venv/lib/python3.10/site-packages/pymimir_rgnn/model.py:162: UserWarning: index_reduce() is in beta and the API may change at any time. (Triggered internally at /pytorch/aten/src/ATen/native/cuda/Indexing.cu:1541.)
  exps_max.index_reduce_(0, output_indices, output_messages, reduce="amax", include_self=False)
  [sim 277] found goal path of length 210
[Final] Expanded: 3739, Generated: 3739
[Cost] IQN forward calls (Bellman signal): 6759
[Widen] nodes widened: 0, mean w: 0.0000
[Binc] child-edges modulated: 6483, mean mult: 1.1360 (1.0 = no change; >1 = boosted toward inconsistent)
[search done] simulations=277, unique states generated=3739
Found a solution of length 210!
   1: (unload-truck p5 t0 l0-2)
   2: (unload-truck p8 t0 l0-2)
   3: (unload-truck p12 t0 l0-2)
   4: (unload-truck p25 t0 l0-2)
   5: (unload-truck p4 t0 l0-2)
   6: (drive-truck t0 l0-2 l0-1 c0)
   7: (fly-airplane a1 l1-0 l0-0)
   8: (drive-truck t0 l0-1 l0-0 c0)
   9: (fly-airplane a1 l0-0 l1-0)
  10: (fly-airplane a0 l1-0 l0-0)
  11: (fly-airplane a1 l1-0 l0-0)
  12: (drive-truck t1 l1-3 l1-0 c1)
  13: (fly-airplane a1 l0-0 l1-0)
  14: (drive-truck t0 l0-0 l0-1 c0)
  15: (fly-airplane a1 l1-0 l0-0)
  16: (fly-airplane a0 l0-0 l1-0)
  17: (fly-airplane a1 l0-0 l1-0)
  18: (drive-truck t1 l1-0 l1-2 c1)
  19: (fly-airplane a1 l1-0 l0-0)
  20: (drive-truck t0 l0-1 l0-0 c0)
  21: (fly-airplane a1 l0-0 l1-0)
  22: (fly-airplane a0 l1-0 l0-0)
  23: (fly-airplane a1 l1-0 l0-0)
  24: (drive-truck t1 l1-2 l1-1 c1)
  25: (fly-airplane a1 l0-0 l1-0)
  26: (drive-truck t0 l0-0 l0-1 c0)
  27: (fly-airplane a1 l1-0 l0-0)
  28: (fly-airplane a0 l0-0 l1-0)
  29: (fly-airplane a1 l0-0 l1-0)
  30: (drive-truck t0 l0-1 l0-3 c0)
  31: (drive-truck t0 l0-3 l0-2 c0)
  32: (load-truck p4 t0 l0-2)
  33: (drive-truck t0 l0-2 l0-1 c0)
  34: (unload-truck p4 t0 l0-1)
  35: (drive-truck t0 l0-1 l0-3 c0)
  36: (drive-truck t0 l0-3 l0-2 c0)
  37: (drive-truck t0 l0-2 l0-0 c0)
  38: (fly-airplane a0 l1-0 l0-0)
  39: (fly-airplane a1 l1-0 l0-0)
  40: (fly-airplane a0 l0-0 l1-0)
  41: (drive-truck t1 l1-1 l1-3 c1)
  42: (fly-airplane a1 l0-0 l1-0)
  43: (fly-airplane a0 l1-0 l0-0)
  44: (fly-airplane a1 l1-0 l0-0)
  45: (drive-truck t1 l1-3 l1-0 c1)
  46: (fly-airplane a0 l0-0 l1-0)
  47: (fly-airplane a1 l0-0 l1-0)
  48: (fly-airplane a0 l1-0 l0-0)
  49: (drive-truck t1 l1-0 l1-2 c1)
  50: (fly-airplane a0 l0-0 l1-0)
  51: (fly-airplane a1 l1-0 l0-0)
  52: (fly-airplane a0 l1-0 l0-0)
  53: (drive-truck t0 l0-0 l0-1 c0)
  54: (drive-truck t0 l0-1 l0-3 c0)
  55: (drive-truck t0 l0-3 l0-2 c0)
  56: (load-truck p8 t0 l0-2)
  57: (drive-truck t0 l0-2 l0-3 c0)
  58: (unload-truck p8 t0 l0-3)
  59: (drive-truck t0 l0-3 l0-2 c0)
  60: (fly-airplane a0 l0-0 l1-0)
  61: (fly-airplane a1 l0-0 l1-0)
  62: (fly-airplane a0 l1-0 l0-0)
  63: (drive-truck t0 l0-2 l0-0 c0)
  64: (fly-airplane a0 l0-0 l1-0)
  65: (fly-airplane a1 l1-0 l0-0)
  66: (fly-airplane a0 l1-0 l0-0)
  67: (drive-truck t1 l1-2 l1-0 c1)
  68: (fly-airplane a0 l0-0 l1-0)
  69: (fly-airplane a1 l0-0 l1-0)
  70: (fly-airplane a0 l1-0 l0-0)
  71: (drive-truck t0 l0-0 l0-2 c0)
  72: (fly-airplane a1 l1-0 l0-0)
  73: (fly-airplane a0 l0-0 l1-0)
  74: (fly-airplane a1 l0-0 l1-0)
  75: (drive-truck t1 l1-0 l1-3 c1)
  76: (fly-airplane a0 l1-0 l0-0)
  77: (fly-airplane a1 l1-0 l0-0)
  78: (fly-airplane a0 l0-0 l1-0)
  79: (drive-truck t0 l0-2 l0-0 c0)
  80: (fly-airplane a1 l0-0 l1-0)
  81: (fly-airplane a0 l1-0 l0-0)
  82: (fly-airplane a1 l1-0 l0-0)
  83: (drive-truck t1 l1-3 l1-1 c1)
  84: (fly-airplane a0 l0-0 l1-0)
  85: (fly-airplane a1 l0-0 l1-0)
  86: (fly-airplane a0 l1-0 l0-0)
  87: (drive-truck t0 l0-0 l0-2 c0)
  88: (fly-airplane a1 l1-0 l0-0)
  89: (fly-airplane a0 l0-0 l1-0)
  90: (fly-airplane a1 l0-0 l1-0)
  91: (drive-truck t0 l0-2 l0-3 c0)
  92: (drive-truck t0 l0-3 l0-1 c0)
  93: (load-truck p4 t0 l0-1)
  94: (drive-truck t0 l0-1 l0-2 c0)
  95: (unload-truck p4 t0 l0-2)
  96: (drive-truck t0 l0-2 l0-1 c0)
  97: (fly-airplane a0 l1-0 l0-0)
  98: (fly-airplane a1 l1-0 l0-0)
  99: (fly-airplane a0 l0-0 l1-0)
 100: (drive-truck t0 l0-1 l0-0 c0)
 101: (fly-airplane a1 l0-0 l1-0)
 102: (fly-airplane a0 l1-0 l0-0)
 103: (fly-airplane a1 l1-0 l0-0)
 104: (drive-truck t1 l1-1 l1-0 c1)
 105: (fly-airplane a0 l0-0 l1-0)
 106: (fly-airplane a1 l0-0 l1-0)
 107: (fly-airplane a0 l1-0 l0-0)
 108: (drive-truck t0 l0-0 l0-1 c0)
 109: (fly-airplane a1 l1-0 l0-0)
 110: (fly-airplane a0 l0-0 l1-0)
 111: (fly-airplane a1 l0-0 l1-0)
 112: (drive-truck t1 l1-0 l1-2 c1)
 113: (fly-airplane a0 l1-0 l0-0)
 114: (fly-airplane a1 l1-0 l0-0)
 115: (fly-airplane a0 l0-0 l1-0)
 116: (drive-truck t0 l0-1 l0-0 c0)
 117: (fly-airplane a1 l0-0 l1-0)
 118: (fly-airplane a0 l1-0 l0-0)
 119: (fly-airplane a1 l1-0 l0-0)
 120: (drive-truck t1 l1-2 l1-3 c1)
 121: (fly-airplane a0 l0-0 l1-0)
 122: (fly-airplane a1 l0-0 l1-0)
 123: (fly-airplane a0 l1-0 l0-0)
 124: (drive-truck t0 l0-0 l0-1 c0)
 125: (fly-airplane a1 l1-0 l0-0)
 126: (fly-airplane a0 l0-0 l1-0)
 127: (fly-airplane a1 l0-0 l1-0)
 128: (drive-truck t0 l0-1 l0-3 c0)
 129: (drive-truck t0 l0-3 l0-2 c0)
 130: (load-truck p4 t0 l0-2)
 131: (drive-truck t0 l0-2 l0-1 c0)
 132: (unload-truck p4 t0 l0-1)
 133: (drive-truck t0 l0-1 l0-3 c0)
 134: (load-truck p20 t0 l0-3)
 135: (drive-truck t0 l0-3 l0-2 c0)
 136: (unload-truck p20 t0 l0-2)
 137: (fly-airplane a0 l1-0 l0-0)
 138: (fly-airplane a1 l1-0 l0-0)
 139: (fly-airplane a0 l0-0 l1-0)
 140: (drive-truck t1 l1-3 l1-0 c1)
 141: (fly-airplane a0 l1-0 l0-0)
 142: (fly-airplane a1 l0-0 l1-0)
 143: (fly-airplane a0 l0-0 l1-0)
 144: (drive-truck t0 l0-2 l0-1 c0)
 145: (drive-truck t0 l0-1 l0-3 c0)
 146: (load-truck p21 t0 l0-3)
 147: (drive-truck t0 l0-3 l0-1 c0)
 148: (unload-truck p21 t0 l0-1)
 149: (fly-airplane a0 l1-0 l0-0)
 150: (fly-airplane a1 l1-0 l0-0)
 151: (fly-airplane a0 l0-0 l1-0)
 152: (drive-truck t0 l0-1 l0-3 c0)
 153: (fly-airplane a0 l1-0 l0-0)
 154: (fly-airplane a1 l0-0 l1-0)
 155: (fly-airplane a0 l0-0 l1-0)
 156: (drive-truck t0 l0-3 l0-0 c0)
 157: (fly-airplane a0 l1-0 l0-0)
 158: (fly-airplane a1 l1-0 l0-0)
 159: (fly-airplane a0 l0-0 l1-0)
 160: (drive-truck t1 l1-0 l1-1 c1)
 161: (fly-airplane a1 l0-0 l1-0)
 162: (fly-airplane a0 l1-0 l0-0)
 163: (fly-airplane a1 l1-0 l0-0)
 164: (drive-truck t0 l0-0 l0-3 c0)
 165: (fly-airplane a0 l0-0 l1-0)
 166: (fly-airplane a1 l0-0 l1-0)
 167: (fly-airplane a0 l1-0 l0-0)
 168: (drive-truck t0 l0-3 l0-2 c0)
 169: (fly-airplane a1 l1-0 l0-0)
 170: (fly-airplane a0 l0-0 l1-0)
 171: (fly-airplane a1 l0-0 l1-0)
 172: (drive-truck t1 l1-1 l1-2 c1)
 173: (fly-airplane a0 l1-0 l0-0)
 174: (fly-airplane a1 l1-0 l0-0)
 175: (fly-airplane a0 l0-0 l1-0)
 176: (drive-truck t0 l0-2 l0-3 c0)
 177: (fly-airplane a0 l1-0 l0-0)
 178: (fly-airplane a1 l0-0 l1-0)
 179: (fly-airplane a0 l0-0 l1-0)
 180: (drive-truck t0 l0-3 l0-0 c0)
 181: (fly-airplane a0 l1-0 l0-0)
 182: (fly-airplane a1 l1-0 l0-0)
 183: (fly-airplane a0 l0-0 l1-0)
 184: (drive-truck t1 l1-2 l1-3 c1)
 185: (fly-airplane a1 l0-0 l1-0)
 186: (fly-airplane a0 l1-0 l0-0)
 187: (fly-airplane a1 l1-0 l0-0)
 188: (drive-truck t0 l0-0 l0-3 c0)
 189: (fly-airplane a0 l0-0 l1-0)
 190: (fly-airplane a1 l0-0 l1-0)
 191: (fly-airplane a0 l1-0 l0-0)
 192: (drive-truck t0 l0-3 l0-2 c0)
 193: (fly-airplane a1 l1-0 l0-0)
 194: (fly-airplane a0 l0-0 l1-0)
 195: (fly-airplane a1 l0-0 l1-0)
 196: (drive-truck t0 l0-2 l0-1 c0)
 197: (fly-airplane a0 l1-0 l0-0)
 198: (fly-airplane a1 l1-0 l0-0)
 199: (fly-airplane a0 l0-0 l1-0)
 200: (drive-truck t1 l1-3 l1-1 c1)
 201: (fly-airplane a1 l0-0 l1-0)
 202: (fly-airplane a0 l1-0 l0-0)
 203: (fly-airplane a1 l1-0 l0-0)
 204: (drive-truck t1 l1-1 l1-2 c1)
 205: (fly-airplane a0 l0-0 l1-0)
 206: (fly-airplane a1 l0-0 l1-0)
 207: (fly-airplane a0 l1-0 l0-0)
 208: (load-truck p4 t0 l0-1)
 209: (drive-truck t0 l0-1 l0-3 c0)
 210: (unload-truck p4 t0 l0-3)
