Torch: 2.12.0+cu130
Using GPU:  NVIDIA L40S
[Bellman] lambda=0 -> baseline (no widening signal)
[W1raw] OPTION7 w1raw_beta=2.0 signal=RAW edge-W1 (parent-best vs child-best, no reward/discount) vs SIBLINGS (boosts exploration toward larger-shift children; prior untouched) [SHUFFLE CONTROL: signal-blind placement]
[Value] SELF-CONSISTENT: leaf value = QR-DQN max_a mean Z(s,a) (SAC critics bypassed; prior still SAC policy)
/u/ibrahim.eisawy/Neural-Guided-Search/venv/lib/python3.10/site-packages/pymimir_rgnn/model.py:162: UserWarning: index_reduce() is in beta and the API may change at any time. (Triggered internally at /pytorch/aten/src/ATen/native/cuda/Indexing.cu:1541.)
  exps_max.index_reduce_(0, output_indices, output_messages, reduce="amax", include_self=False)
  [sim 500] root visits=500, unique states=1353, generated=1352, iqn_calls=2808
  [sim 591] found goal path of length 203
[Final] Expanded: 1571, Generated: 1571
[Cost] IQN forward calls (Bellman signal): 3248
[Widen] nodes widened: 0, mean w: 0.0000
[W1raw] child-edges modulated: 2671, mean mult: 1.2151 (1.0 = no change; >1 = boosted toward larger shift)
[search done] simulations=591, unique states generated=1571
Found a solution of length 203!
   1: (move f2-0f f1-0f)
   2: (move f1-0f f1-1f)
   3: (pickup f1-1f key2-0)
   4: (move f1-1f f1-2f)
   5: (move f1-2f f0-2f)
   6: (move f0-2f f0-1f)
   7: (move f0-1f f0-0f)
   8: (move f0-0f f1-0f)
   9: (move f1-0f f2-0f)
  10: (move f2-0f f3-0f)
  11: (move f3-0f f3-1f)
  12: (move f3-1f f3-2f)
  13: (move f3-2f f3-3f)
  14: (move f3-3f f4-3f)
  15: (unlock f4-3f f4-4f key2-0 shape2)
  16: (move f4-3f f3-3f)
  17: (move f3-3f f3-2f)
  18: (move f3-2f f2-2f)
  19: (move f2-2f f1-2f)
  20: (move f1-2f f0-2f)
  21: (move f0-2f f0-1f)
  22: (move f0-1f f1-1f)
  23: (move f1-1f f1-0f)
  24: (move f1-0f f2-0f)
  25: (move f2-0f f3-0f)
  26: (move f3-0f f3-1f)
  27: (move f3-1f f4-1f)
  28: (move f4-1f f4-0f)
  29: (move f4-0f f5-0f)
  30: (move f5-0f f5-1f)
  31: (move f5-1f f5-2f)
  32: (move f5-2f f4-2f)
  33: (putdown f4-2f key2-0)
  34: (move f4-2f f4-1f)
  35: (move f4-1f f5-1f)
  36: (pickup f5-1f key1-4)
  37: (move f5-1f f5-0f)
  38: (move f5-0f f4-0f)
  39: (move f4-0f f3-0f)
  40: (move f3-0f f3-1f)
  41: (unlock f3-1f f2-1f key1-4 shape1)
  42: (move f3-1f f2-1f)
  43: (move f2-1f f1-1f)
  44: (move f1-1f f1-2f)
  45: (move f1-2f f0-2f)
  46: (move f0-2f f0-1f)
  47: (move f0-1f f0-0f)
  48: (move f0-0f f1-0f)
  49: (move f1-0f f2-0f)
  50: (move f2-0f f3-0f)
  51: (move f3-0f f4-0f)
  52: (move f4-0f f4-1f)
  53: (move f4-1f f4-2f)
  54: (move f4-2f f3-2f)
  55: (move f3-2f f2-2f)
  56: (move f2-2f f2-3f)
  57: (move f2-3f f2-4f)
  58: (move f2-4f f1-4f)
  59: (unlock f1-4f f1-5f key1-4 shape1)
  60: (move f1-4f f1-3f)
  61: (move f1-3f f1-2f)
  62: (move f1-2f f0-2f)
  63: (move f0-2f f0-1f)
  64: (move f0-1f f0-0f)
  65: (move f0-0f f1-0f)
  66: (move f1-0f f1-1f)
  67: (move f1-1f f2-1f)
  68: (move f2-1f f2-2f)
  69: (move f2-2f f3-2f)
  70: (move f3-2f f3-3f)
  71: (move f3-3f f2-3f)
  72: (move f2-3f f2-4f)
  73: (move f2-4f f3-4f)
  74: (move f3-4f f4-4f)
  75: (unlock f4-4f f4-5f key1-4 shape1)
  76: (move f4-4f f4-5f)
  77: (move f4-5f f5-5f)
  78: (move f5-5f f5-6f)
  79: (move f5-6f f4-6f)
  80: (move f4-6f f3-6f)
  81: (move f3-6f f2-6f)
  82: (move f2-6f f1-6f)
  83: (move f1-6f f1-5f)
  84: (move f1-5f f1-4f)
  85: (move f1-4f f1-3f)
  86: (move f1-3f f2-3f)
  87: (move f2-3f f3-3f)
  88: (move f3-3f f3-2f)
  89: (move f3-2f f2-2f)
  90: (move f2-2f f1-2f)
  91: (move f1-2f f0-2f)
  92: (move f0-2f f0-1f)
  93: (move f0-1f f1-1f)
  94: (move f1-1f f2-1f)
  95: (move f2-1f f3-1f)
  96: (move f3-1f f3-0f)
  97: (move f3-0f f2-0f)
  98: (move f2-0f f1-0f)
  99: (move f1-0f f0-0f)
 100: (putdown f0-0f key1-4)
 101: (move f0-0f f0-1f)
 102: (move f0-1f f0-2f)
 103: (pickup f0-2f key2-4)
 104: (move f0-2f f0-1f)
 105: (move f0-1f f1-1f)
 106: (move f1-1f f2-1f)
 107: (move f2-1f f2-0f)
 108: (move f2-0f f3-0f)
 109: (move f3-0f f4-0f)
 110: (move f4-0f f4-1f)
 111: (move f4-1f f4-2f)
 112: (move f4-2f f3-2f)
 113: (move f3-2f f3-3f)
 114: (move f3-3f f2-3f)
 115: (move f2-3f f2-4f)
 116: (move f2-4f f2-5f)
 117: (move f2-5f f3-5f)
 118: (move f3-5f f4-5f)
 119: (move f4-5f f4-4f)
 120: (move f4-4f f3-4f)
 121: (putdown f3-4f key2-4)
 122: (move f3-4f f3-5f)
 123: (move f3-5f f3-6f)
 124: (move f3-6f f4-6f)
 125: (move f4-6f f4-5f)
 126: (move f4-5f f4-4f)
 127: (move f4-4f f4-3f)
 128: (move f4-3f f3-3f)
 129: (move f3-3f f3-2f)
 130: (move f3-2f f3-1f)
 131: (move f3-1f f2-1f)
 132: (move f2-1f f1-1f)
 133: (move f1-1f f1-0f)
 134: (move f1-0f f2-0f)
 135: (move f2-0f f3-0f)
 136: (move f3-0f f4-0f)
 137: (move f4-0f f4-1f)
 138: (move f4-1f f4-2f)
 139: (pickup f4-2f key2-0)
 140: (move f4-2f f4-1f)
 141: (move f4-1f f4-0f)
 142: (move f4-0f f3-0f)
 143: (move f3-0f f3-1f)
 144: (move f3-1f f3-2f)
 145: (move f3-2f f3-3f)
 146: (move f3-3f f3-4f)
 147: (move f3-4f f2-4f)
 148: (move f2-4f f1-4f)
 149: (move f1-4f f1-5f)
 150: (move f1-5f f2-5f)
 151: (move f2-5f f3-5f)
 152: (move f3-5f f3-6f)
 153: (unlock f3-6f f3-7f key2-0 shape2)
 154: (move f3-6f f2-6f)
 155: (move f2-6f f2-5f)
 156: (move f2-5f f2-4f)
 157: (move f2-4f f1-4f)
 158: (move f1-4f f1-3f)
 159: (move f1-3f f1-2f)
 160: (move f1-2f f1-1f)
 161: (move f1-1f f2-1f)
 162: (move f2-1f f2-2f)
 163: (move f2-2f f3-2f)
 164: (move f3-2f f3-3f)
 165: (move f3-3f f2-3f)
 166: (putdown f2-3f key2-0)
 167: (move f2-3f f2-4f)
 168: (move f2-4f f3-4f)
 169: (move f3-4f f3-5f)
 170: (move f3-5f f3-6f)
 171: (move f3-6f f4-6f)
 172: (move f4-6f f4-5f)
 173: (move f4-5f f4-4f)
 174: (move f4-4f f4-3f)
 175: (move f4-3f f3-3f)
 176: (move f3-3f f3-2f)
 177: (move f3-2f f3-1f)
 178: (move f3-1f f2-1f)
 179: (move f2-1f f1-1f)
 180: (move f1-1f f1-0f)
 181: (move f1-0f f2-0f)
 182: (move f2-0f f3-0f)
 183: (move f3-0f f4-0f)
 184: (move f4-0f f5-0f)
 185: (move f5-0f f6-0f)
 186: (move f6-0f f7-0f)
 187: (move f7-0f f7-1f)
 188: (move f7-1f f7-2f)
 189: (move f7-2f f7-3f)
 190: (move f7-3f f8-3f)
 191: (move f8-3f f8-4f)
 192: (move f8-4f f7-4f)
 193: (move f7-4f f7-5f)
 194: (move f7-5f f7-6f)
 195: (move f7-6f f7-7f)
 196: (move f7-7f f7-8f)
 197: (move f7-8f f8-8f)
 198: (move f8-8f f9-8f)
 199: (move f9-8f f9-9f)
 200: (pickup f9-9f key0-4)
 201: (move f9-9f f8-9f)
 202: (move f8-9f f8-8f)
 203: (putdown f8-8f key0-4)
