/u/ibrahim.eisawy/Neural-Guided-Search/venv/lib/python3.10/site-packages/pymimir_rgnn/model.py:151: UserWarning: index_reduce() is in beta and the API may change at any time. (Triggered internally at /pytorch/aten/src/ATen/native/cuda/Indexing.cu:1541.)
  max_msg.index_reduce_(0, output_indices, output_messages, reduce='amax', include_self=True)
Torch: 2.12.0+cu130
Using GPU:  NVIDIA L40S
31.106: (load-airplane p3 a2 l1-0)
31.106: (load-airplane p1 a2 l1-0)
31.106: (load-airplane p6 a2 l1-0)
31.106: (load-airplane p10 a2 l1-0)
31.106: (load-airplane p8 a2 l1-0)
31.309: (load-airplane p7 a0 l0-0)
31.309: (load-airplane p0 a0 l0-0)
31.309: (load-airplane p2 a0 l0-0)
31.309: (load-airplane p9 a0 l0-0)
31.309: (load-airplane p23 a0 l0-0)
31.309: (load-airplane p22 a0 l0-0)
31.309: (load-airplane p13 a0 l0-0)
31.309: (load-airplane p20 a0 l0-0)
31.309: (load-airplane p15 a0 l0-0)
31.309: (load-airplane p17 a0 l0-0)
31.309: (load-airplane p0 a1 l0-0)
31.309: (load-airplane p2 a1 l0-0)
31.310: (load-airplane p23 a1 l0-0)
31.310: (load-airplane p9 a1 l0-0)
31.310: (load-airplane p17 a1 l0-0)
31.310: (load-airplane p15 a1 l0-0)
31.310: (load-airplane p13 a1 l0-0)
31.310: (load-airplane p20 a1 l0-0)
31.310: (load-airplane p7 a1 l0-0)
31.310: (load-airplane p22 a1 l0-0)
31.923: (fly-airplane a0 l0-0 l1-0)
31.923: (fly-airplane a1 l0-0 l1-0)
31.940: (fly-airplane a2 l1-0 l0-0)
32.910: (load-airplane p12 a1 l0-0)
32.910: (load-airplane p24 a1 l0-0)
32.910: (load-airplane p4 a1 l0-0)
32.910: (load-airplane p24 a0 l0-0)
32.910: (load-airplane p21 a0 l0-0)
32.910: (load-airplane p21 a1 l0-0)
32.910: (load-airplane p12 a0 l0-0)
32.910: (load-airplane p4 a0 l0-0)
32.922: (load-truck p10 t1 l1-0)
32.922: (load-truck p8 t1 l1-0)
32.922: (load-truck p6 t1 l1-0)
32.922: (load-truck p3 t1 l1-0)
32.922: (load-truck p1 t1 l1-0)
32.926: (load-truck p2 t0 l0-0)
32.926: (load-truck p9 t0 l0-0)
32.926: (load-truck p7 t0 l0-0)
32.926: (load-truck p13 t0 l0-0)
32.926: (load-truck p0 t0 l0-0)
32.926: (load-truck p17 t0 l0-0)
32.926: (load-truck p20 t0 l0-0)
32.926: (load-truck p15 t0 l0-0)
32.926: (load-truck p23 t0 l0-0)
32.926: (load-truck p22 t0 l0-0)
32.942: (load-airplane p16 a2 l1-0)
32.942: (load-airplane p11 a2 l1-0)
32.942: (load-airplane p14 a2 l1-0)
32.942: (load-airplane p18 a2 l1-0)
32.942: (load-airplane p19 a2 l1-0)
32.942: (load-airplane p5 a2 l1-0)
32.968: (load-truck p24 t0 l0-0)
32.968: (load-truck p21 t0 l0-0)
32.968: (load-truck p12 t0 l0-0)
32.968: (load-truck p4 t0 l0-0)
32.971: (load-truck p5 t1 l1-0)
32.971: (load-truck p11 t1 l1-0)
32.971: (load-truck p18 t1 l1-0)
32.971: (load-truck p19 t1 l1-0)
32.971: (load-truck p16 t1 l1-0)
32.971: (load-truck p14 t1 l1-0)
inf: (drive-truck t0 l0-0 l0-0 c0)
inf: (drive-truck t1 l1-0 l1-0 c1)
inf: (fly-airplane a0 l0-0 l0-0)
inf: (fly-airplane a1 l0-0 l0-0)
inf: (fly-airplane a2 l1-0 l1-0)
29.905: (load-airplane p22 a1 l0-0)
29.905: (load-airplane p7 a1 l0-0)
29.905: (load-airplane p13 a1 l0-0)
29.905: (load-airplane p20 a0 l0-0)
29.905: (load-airplane p22 a0 l0-0)
29.905: (load-airplane p13 a0 l0-0)
29.905: (load-airplane p20 a1 l0-0)
29.905: (load-airplane p23 a1 l0-0)
29.905: (load-airplane p15 a0 l0-0)
29.905: (load-airplane p9 a1 l0-0)
29.905: (load-airplane p17 a0 l0-0)
29.905: (load-airplane p0 a1 l0-0)
29.905: (load-airplane p17 a1 l0-0)
29.905: (load-airplane p15 a1 l0-0)
29.905: (load-airplane p2 a1 l0-0)
29.905: (load-airplane p23 a0 l0-0)
29.906: (load-airplane p7 a0 l0-0)
29.906: (load-airplane p0 a0 l0-0)
29.906: (load-airplane p2 a0 l0-0)
29.906: (load-airplane p9 a0 l0-0)
29.906: (load-airplane p10 a2 l1-0)
29.906: (load-airplane p8 a2 l1-0)
29.906: (load-airplane p6 a2 l1-0)
29.906: (load-airplane p3 a2 l1-0)
29.906: (load-airplane p1 a2 l1-0)
29.906: (load-airplane p9 a0 l0-0)
29.906: (load-airplane p13 a0 l0-0)
29.906: (load-airplane p15 a0 l0-0)
29.906: (load-airplane p17 a0 l0-0)
29.906: (load-airplane p20 a0 l0-0)
29.906: (load-airplane p7 a1 l0-0)
29.906: (load-airplane p22 a0 l0-0)
29.906: (load-airplane p9 a1 l0-0)
29.906: (load-airplane p23 a0 l0-0)
29.906: (load-airplane p2 a1 l0-0)
29.906: (load-airplane p0 a1 l0-0)
29.906: (load-airplane p20 a1 l0-0)
29.906: (load-airplane p13 a1 l0-0)
29.906: (load-airplane p15 a1 l0-0)
29.906: (load-airplane p22 a1 l0-0)
29.906: (load-airplane p17 a1 l0-0)
29.906: (load-airplane p23 a1 l0-0)
29.906: (load-airplane p7 a0 l0-0)
29.906: (load-airplane p2 a0 l0-0)
29.906: (load-airplane p0 a0 l0-0)
29.909: (load-airplane p1 a2 l1-0)
29.909: (load-airplane p3 a2 l1-0)
29.909: (load-airplane p10 a2 l1-0)
29.909: (load-airplane p1 a2 l1-0)
29.909: (load-airplane p3 a2 l1-0)
29.909: (load-airplane p6 a2 l1-0)
29.909: (load-airplane p8 a2 l1-0)
29.909: (load-airplane p9 a0 l0-0)
29.909: (load-airplane p20 a0 l0-0)
29.909: (load-airplane p17 a0 l0-0)
29.909: (load-airplane p22 a0 l0-0)
29.909: (load-airplane p15 a0 l0-0)
29.909: (load-airplane p20 a1 l0-0)
29.909: (load-airplane p23 a0 l0-0)
29.909: (load-airplane p13 a0 l0-0)
29.909: (load-airplane p9 a1 l0-0)
29.909: (load-airplane p15 a1 l0-0)
29.909: (load-airplane p13 a1 l0-0)
29.909: (load-airplane p7 a1 l0-0)
29.909: (load-airplane p0 a1 l0-0)
29.909: (load-airplane p2 a1 l0-0)
29.909: (load-airplane p17 a1 l0-0)
29.909: (load-airplane p6 a2 l1-0)
29.909: (load-airplane p8 a2 l1-0)
29.909: (load-airplane p10 a2 l1-0)
29.909: (load-airplane p22 a1 l0-0)
29.909: (load-airplane p23 a1 l0-0)
29.909: (load-airplane p7 a0 l0-0)
29.909: (load-airplane p2 a0 l0-0)
29.909: (load-airplane p0 a0 l0-0)
29.909: (load-airplane p1 a2 l1-0)
29.909: (load-airplane p10 a2 l1-0)
29.909: (load-airplane p8 a2 l1-0)
29.909: (load-airplane p6 a2 l1-0)
29.909: (load-airplane p3 a2 l1-0)
28.878: (load-airplane p7 a1 l0-0)
28.878: (load-airplane p23 a1 l0-0)
28.878: (load-airplane p22 a1 l0-0)
28.878: (load-airplane p0 a1 l0-0)
28.878: (load-airplane p17 a1 l0-0)
28.878: (load-airplane p2 a1 l0-0)
28.878: (load-airplane p9 a0 l0-0)
28.878: (load-airplane p13 a0 l0-0)
28.878: (load-airplane p17 a0 l0-0)
28.878: (load-airplane p20 a0 l0-0)
28.878: (load-airplane p22 a0 l0-0)
28.878: (load-airplane p23 a0 l0-0)
28.878: (load-airplane p15 a1 l0-0)
28.878: (load-airplane p13 a1 l0-0)
28.878: (load-airplane p9 a1 l0-0)
28.880: (load-airplane p6 a2 l1-0)
28.880: (load-airplane p8 a2 l1-0)
28.880: (load-airplane p10 a2 l1-0)
28.880: (load-airplane p10 a2 l1-0)
28.880: (load-airplane p1 a2 l1-0)
28.880: (load-airplane p6 a2 l1-0)
28.880: (load-airplane p1 a2 l1-0)
28.880: (load-airplane p8 a2 l1-0)
28.881: (load-airplane p0 a0 l0-0)
28.881: (load-airplane p7 a0 l0-0)
28.881: (load-airplane p2 a0 l0-0)
28.881: (load-airplane p23 a0 l0-0)
28.881: (load-airplane p22 a0 l0-0)
28.881: (load-airplane p20 a0 l0-0)
28.881: (load-airplane p17 a0 l0-0)
28.881: (load-airplane p15 a0 l0-0)
28.881: (load-airplane p9 a0 l0-0)
28.881: (load-airplane p0 a0 l0-0)
28.881: (load-airplane p22 a0 l0-0)
28.881: (load-airplane p20 a0 l0-0)
28.881: (load-airplane p17 a0 l0-0)
28.881: (load-airplane p15 a0 l0-0)
28.881: (load-airplane p13 a0 l0-0)
28.881: (load-airplane p9 a0 l0-0)
28.881: (load-airplane p7 a0 l0-0)
28.881: (load-airplane p2 a0 l0-0)
28.881: (load-airplane p7 a1 l0-0)
28.881: (load-airplane p0 a1 l0-0)
28.881: (load-airplane p9 a1 l0-0)
28.881: (load-airplane p13 a1 l0-0)
28.881: (load-airplane p15 a1 l0-0)
28.881: (load-airplane p23 a1 l0-0)
28.881: (load-airplane p17 a1 l0-0)
28.881: (load-airplane p20 a1 l0-0)
28.881: (load-airplane p22 a1 l0-0)
28.881: (load-airplane p13 a1 l0-0)
28.881: (load-airplane p7 a1 l0-0)
28.881: (load-airplane p13 a1 l0-0)
28.881: (load-airplane p2 a1 l0-0)
28.881: (load-airplane p0 a1 l0-0)
28.881: (load-airplane p9 a1 l0-0)
28.881: (load-airplane p23 a1 l0-0)
28.881: (load-airplane p20 a1 l0-0)
28.881: (load-airplane p17 a1 l0-0)
28.881: (load-airplane p15 a1 l0-0)
28.881: (load-airplane p0 a1 l0-0)
28.881: (load-airplane p2 a1 l0-0)
28.881: (load-airplane p7 a1 l0-0)
28.881: (load-airplane p9 a1 l0-0)
28.881: (load-airplane p15 a1 l0-0)
28.881: (load-airplane p17 a1 l0-0)
28.881: (load-airplane p20 a1 l0-0)
28.881: (load-airplane p22 a1 l0-0)
28.881: (load-airplane p7 a0 l0-0)
28.881: (load-airplane p15 a1 l0-0)
28.881: (load-airplane p0 a0 l0-0)
28.881: (load-airplane p22 a0 l0-0)
28.881: (load-airplane p23 a0 l0-0)
28.881: (load-airplane p7 a0 l0-0)
28.881: (load-airplane p9 a0 l0-0)
28.881: (load-airplane p13 a0 l0-0)
28.881: (load-airplane p2 a0 l0-0)
28.881: (load-airplane p15 a0 l0-0)
28.881: (load-airplane p17 a0 l0-0)
28.881: (load-airplane p20 a0 l0-0)
27.883: (load-airplane p13 a1 l0-0)
27.883: (load-airplane p17 a1 l0-0)
27.883: (load-airplane p20 a1 l0-0)
27.883: (load-airplane p23 a1 l0-0)
27.883: (load-airplane p9 a1 l0-0)
27.883: (load-airplane p7 a1 l0-0)
27.883: (load-airplane p2 a1 l0-0)
27.883: (load-airplane p0 a1 l0-0)
27.883: (load-airplane p23 a1 l0-0)
27.883: (load-airplane p20 a1 l0-0)
27.883: (load-airplane p15 a1 l0-0)
27.883: (load-airplane p13 a1 l0-0)
27.883: (load-airplane p9 a1 l0-0)
27.883: (load-airplane p7 a1 l0-0)
27.883: (load-airplane p2 a1 l0-0)
27.883: (load-airplane p0 a1 l0-0)
27.884: (load-airplane p17 a0 l0-0)
27.884: (load-airplane p15 a0 l0-0)
27.884: (load-airplane p13 a0 l0-0)
27.884: (load-airplane p9 a0 l0-0)
27.884: (load-airplane p0 a0 l0-0)
27.884: (load-airplane p7 a0 l0-0)
27.884: (load-airplane p8 a2 l1-0)
27.884: (load-airplane p6 a2 l1-0)
27.884: (load-airplane p10 a2 l1-0)
27.884: (load-airplane p1 a2 l1-0)
27.884: (load-airplane p15 a1 l0-0)
27.884: (load-airplane p7 a1 l0-0)
27.884: (load-airplane p2 a1 l0-0)
27.884: (load-airplane p17 a1 l0-0)
27.884: (load-airplane p0 a1 l0-0)
27.884: (load-airplane p20 a1 l0-0)
27.884: (load-airplane p13 a1 l0-0)
27.884: (load-airplane p0 a1 l0-0)
27.884: (load-airplane p13 a1 l0-0)
27.884: (load-airplane p2 a1 l0-0)
27.884: (load-airplane p9 a1 l0-0)
27.884: (load-airplane p7 a1 l0-0)
27.884: (load-airplane p9 a1 l0-0)
27.884: (load-airplane p9 a1 l0-0)
27.884: (load-airplane p13 a1 l0-0)
27.884: (load-airplane p13 a1 l0-0)
27.884: (load-airplane p2 a1 l0-0)
27.884: (load-airplane p0 a1 l0-0)
27.884: (load-airplane p2 a1 l0-0)
27.884: (load-airplane p7 a1 l0-0)
27.884: (load-airplane p2 a1 l0-0)
27.884: (load-airplane p20 a1 l0-0)
27.884: (load-airplane p17 a1 l0-0)
27.884: (load-airplane p20 a1 l0-0)
27.884: (load-airplane p22 a1 l0-0)
27.884: (load-airplane p22 a1 l0-0)
27.884: (load-airplane p15 a1 l0-0)
27.884: (load-airplane p13 a1 l0-0)
27.884: (load-airplane p9 a1 l0-0)
27.884: (load-airplane p7 a1 l0-0)
27.884: (load-airplane p17 a1 l0-0)
27.884: (load-airplane p0 a1 l0-0)
27.884: (load-airplane p22 a1 l0-0)
27.884: (load-airplane p20 a1 l0-0)
27.884: (load-airplane p17 a1 l0-0)
27.884: (load-airplane p22 a1 l0-0)
27.884: (load-airplane p20 a1 l0-0)
27.884: (load-airplane p15 a1 l0-0)
27.884: (load-airplane p22 a1 l0-0)
27.884: (load-airplane p15 a1 l0-0)
27.884: (load-airplane p23 a0 l0-0)
27.884: (load-airplane p2 a0 l0-0)
27.884: (load-airplane p22 a0 l0-0)
27.884: (load-airplane p20 a0 l0-0)
27.884: (load-airplane p17 a0 l0-0)
27.884: (load-airplane p15 a0 l0-0)
27.884: (load-airplane p13 a0 l0-0)
27.884: (load-airplane p9 a0 l0-0)
27.885: (load-airplane p10 a2 l1-0)
27.885: (load-airplane p8 a2 l1-0)
27.885: (load-airplane p6 a2 l1-0)
27.885: (load-airplane p1 a2 l1-0)
27.885: (load-airplane p22 a0 l0-0)
27.885: (load-airplane p23 a0 l0-0)
26.887: (load-airplane p13 a0 l0-0)
26.887: (load-airplane p23 a0 l0-0)
26.887: (load-airplane p20 a0 l0-0)
26.887: (load-airplane p17 a0 l0-0)
26.887: (load-airplane p15 a0 l0-0)
26.887: (load-airplane p13 a0 l0-0)
26.887: (load-airplane p9 a0 l0-0)
26.887: (load-airplane p2 a0 l0-0)
26.887: (load-airplane p23 a0 l0-0)
26.887: (load-airplane p22 a0 l0-0)
26.887: (load-airplane p20 a0 l0-0)
26.887: (load-airplane p17 a0 l0-0)
26.887: (load-airplane p15 a0 l0-0)
26.887: (load-airplane p9 a0 l0-0)
26.887: (load-airplane p20 a0 l0-0)
26.887: (load-airplane p22 a0 l0-0)
26.887: (load-airplane p23 a0 l0-0)
26.887: (load-airplane p17 a0 l0-0)
26.887: (load-airplane p15 a0 l0-0)
26.887: (load-airplane p9 a0 l0-0)
26.887: (load-airplane p2 a0 l0-0)
26.888: (load-airplane p17 a0 l0-0)
26.888: (load-airplane p23 a0 l0-0)
26.888: (load-airplane p0 a0 l0-0)
26.888: (load-airplane p7 a0 l0-0)
26.888: (load-airplane p9 a0 l0-0)
26.888: (load-airplane p13 a0 l0-0)
26.888: (load-airplane p15 a0 l0-0)
26.888: (load-airplane p2 a0 l0-0)
26.888: (load-airplane p15 a0 l0-0)
26.888: (load-airplane p17 a0 l0-0)
26.888: (load-airplane p20 a0 l0-0)
26.888: (load-airplane p13 a0 l0-0)
26.888: (load-airplane p22 a0 l0-0)
26.888: (load-airplane p23 a0 l0-0)
26.888: (load-airplane p15 a0 l0-0)
26.888: (load-airplane p22 a0 l0-0)
26.888: (load-airplane p13 a0 l0-0)
26.888: (load-airplane p9 a0 l0-0)
26.888: (load-airplane p7 a0 l0-0)
26.888: (load-airplane p0 a0 l0-0)
26.888: (load-airplane p17 a0 l0-0)
26.888: (load-airplane p9 a0 l0-0)
26.888: (load-airplane p15 a0 l0-0)
26.888: (load-airplane p17 a0 l0-0)
26.888: (load-airplane p22 a0 l0-0)
26.888: (load-airplane p23 a0 l0-0)
26.888: (load-airplane p23 a0 l0-0)
26.888: (load-airplane p22 a0 l0-0)
26.888: (load-airplane p17 a0 l0-0)
26.888: (load-airplane p13 a0 l0-0)
26.888: (load-airplane p20 a0 l0-0)
26.888: (load-airplane p2 a0 l0-0)
26.888: (load-airplane p2 a0 l0-0)
26.888: (load-airplane p9 a0 l0-0)
26.888: (load-airplane p13 a0 l0-0)
26.888: (load-airplane p15 a0 l0-0)
26.888: (load-airplane p20 a0 l0-0)
26.888: (load-airplane p22 a0 l0-0)
26.888: (load-airplane p23 a0 l0-0)
26.888: (load-airplane p9 a0 l0-0)
26.888: (load-airplane p13 a0 l0-0)
26.888: (load-airplane p2 a0 l0-0)
26.888: (load-airplane p6 a2 l1-0)
26.888: (load-airplane p1 a2 l1-0)
26.888: (load-airplane p8 a2 l1-0)
26.888: (load-airplane p10 a2 l1-0)
26.889: (load-airplane p10 a2 l1-0)
26.889: (load-airplane p8 a2 l1-0)
26.889: (load-airplane p6 a2 l1-0)
26.889: (load-airplane p10 a2 l1-0)
26.889: (load-airplane p6 a2 l1-0)
26.889: (load-airplane p1 a2 l1-0)
26.889: (load-airplane p1 a2 l1-0)
26.889: (load-airplane p8 a2 l1-0)
26.890: (load-airplane p1 a2 l1-0)
26.890: (load-airplane p10 a2 l1-0)
26.890: (load-airplane p8 a2 l1-0)
26.890: (load-airplane p6 a2 l1-0)
26.890: (load-airplane p10 a2 l1-0)
25.892: (load-airplane p9 a0 l0-0)
25.892: (load-airplane p2 a0 l0-0)
25.892: (load-airplane p23 a0 l0-0)
25.892: (load-airplane p17 a0 l0-0)
25.892: (load-airplane p13 a0 l0-0)
25.892: (load-airplane p22 a0 l0-0)
25.892: (load-airplane p20 a0 l0-0)
25.892: (load-airplane p6 a2 l1-0)
25.892: (load-airplane p1 a2 l1-0)
25.892: (load-airplane p8 a2 l1-0)
25.892: (load-airplane p23 a0 l0-0)
25.892: (load-airplane p15 a0 l0-0)
25.892: (load-airplane p22 a0 l0-0)
25.892: (load-airplane p9 a0 l0-0)
25.892: (load-airplane p20 a0 l0-0)
25.892: (load-airplane p2 a0 l0-0)
25.892: (load-airplane p17 a0 l0-0)
25.893: (load-airplane p17 a0 l0-0)
25.893: (load-airplane p20 a0 l0-0)
25.893: (load-airplane p22 a0 l0-0)
25.893: (load-airplane p23 a0 l0-0)
25.893: (load-airplane p2 a0 l0-0)
25.893: (load-airplane p9 a0 l0-0)
25.893: (load-airplane p13 a0 l0-0)
25.893: (load-airplane p10 a2 l1-0)
25.893: (load-airplane p1 a2 l1-0)
25.893: (load-airplane p8 a2 l1-0)
25.894: (load-airplane p8 a2 l1-0)
25.894: (load-airplane p6 a2 l1-0)
25.894: (load-airplane p1 a2 l1-0)
25.895: (load-airplane p1 a2 l1-0)
25.895: (load-airplane p10 a2 l1-0)
25.895: (load-airplane p6 a2 l1-0)
25.912: (load-airplane p9 a1 l0-0)
25.912: (load-airplane p2 a1 l0-0)
25.912: (load-airplane p15 a1 l0-0)
25.912: (load-airplane p17 a1 l0-0)
25.912: (load-airplane p23 a1 l0-0)
25.912: (load-airplane p22 a1 l0-0)
25.912: (load-airplane p20 a1 l0-0)
25.914: (load-airplane p22 a1 l0-0)
25.914: (load-airplane p9 a1 l0-0)
25.914: (load-airplane p23 a1 l0-0)
25.914: (load-airplane p17 a1 l0-0)
25.914: (load-airplane p13 a1 l0-0)
25.914: (load-airplane p2 a1 l0-0)
25.914: (load-airplane p20 a1 l0-0)
25.915: (load-airplane p20 a1 l0-0)
25.915: (load-airplane p2 a1 l0-0)
25.915: (load-airplane p22 a1 l0-0)
25.915: (load-airplane p13 a1 l0-0)
25.915: (load-airplane p23 a1 l0-0)
25.915: (load-airplane p9 a1 l0-0)
25.915: (load-airplane p17 a1 l0-0)
25.920: (load-airplane p23 a1 l0-0)
25.920: (load-airplane p9 a1 l0-0)
25.920: (load-airplane p22 a1 l0-0)
25.920: (load-airplane p2 a1 l0-0)
25.920: (load-airplane p17 a1 l0-0)
25.920: (load-airplane p15 a1 l0-0)
25.921: (load-airplane p23 a1 l0-0)
25.921: (load-airplane p22 a1 l0-0)
25.921: (load-airplane p9 a1 l0-0)
25.921: (load-airplane p13 a1 l0-0)
25.921: (load-airplane p17 a1 l0-0)
25.921: (load-airplane p15 a1 l0-0)
25.921: (load-airplane p17 a1 l0-0)
25.921: (load-airplane p15 a1 l0-0)
25.921: (load-airplane p20 a1 l0-0)
25.921: (load-airplane p13 a1 l0-0)
25.921: (load-airplane p9 a1 l0-0)
25.921: (load-airplane p22 a1 l0-0)
25.921: (load-airplane p17 a1 l0-0)
25.921: (load-airplane p9 a1 l0-0)
25.921: (load-airplane p13 a1 l0-0)
25.921: (load-airplane p23 a1 l0-0)
25.921: (load-airplane p20 a1 l0-0)
25.921: (load-airplane p22 a1 l0-0)
25.921: (load-airplane p13 a1 l0-0)
25.921: (load-airplane p23 a1 l0-0)
24.897: (load-airplane p22 a1 l0-0)
24.897: (load-airplane p10 a2 l1-0)
24.897: (load-airplane p8 a2 l1-0)
24.897: (load-airplane p6 a2 l1-0)
24.897: (load-airplane p1 a2 l1-0)
24.897: (load-airplane p23 a1 l0-0)
24.897: (load-airplane p17 a1 l0-0)
24.897: (load-airplane p15 a1 l0-0)
24.897: (load-airplane p13 a1 l0-0)
24.897: (load-airplane p23 a0 l0-0)
24.897: (load-airplane p22 a0 l0-0)
24.897: (load-airplane p17 a0 l0-0)
24.897: (load-airplane p15 a0 l0-0)
24.897: (load-airplane p13 a0 l0-0)
24.898: (load-airplane p15 a0 l0-0)
24.898: (load-airplane p17 a0 l0-0)
24.898: (load-airplane p9 a0 l0-0)
24.898: (load-airplane p23 a0 l0-0)
24.898: (load-airplane p22 a0 l0-0)
24.900: (load-airplane p9 a1 l0-0)
24.906: (load-airplane p2 a1 l0-0)
24.906: (load-airplane p22 a1 l0-0)
24.906: (load-airplane p23 a0 l0-0)
24.906: (load-airplane p22 a0 l0-0)
24.906: (load-airplane p15 a0 l0-0)
24.906: (load-airplane p9 a0 l0-0)
24.906: (load-airplane p2 a0 l0-0)
24.906: (load-airplane p10 a2 l1-0)
24.906: (load-airplane p23 a1 l0-0)
24.906: (load-airplane p17 a1 l0-0)
24.906: (load-airplane p9 a1 l0-0)
24.906: (load-airplane p2 a1 l0-0)
24.906: (load-airplane p23 a0 l0-0)
24.906: (load-airplane p22 a0 l0-0)
24.906: (load-airplane p17 a0 l0-0)
24.906: (load-airplane p9 a0 l0-0)
24.906: (load-airplane p2 a0 l0-0)
24.906: (load-airplane p10 a2 l1-0)
24.906: (load-airplane p8 a2 l1-0)
24.906: (load-airplane p6 a2 l1-0)
24.906: (load-airplane p1 a2 l1-0)
24.906: (load-airplane p23 a1 l0-0)
24.906: (load-airplane p22 a1 l0-0)
24.906: (load-airplane p15 a1 l0-0)
24.906: (load-airplane p1 a2 l1-0)
24.906: (load-airplane p6 a2 l1-0)
24.906: (load-airplane p8 a2 l1-0)
24.906: (load-airplane p9 a1 l0-0)
24.906: (load-airplane p9 a0 l0-0)
24.906: (load-airplane p22 a1 l0-0)
24.906: (load-airplane p13 a0 l0-0)
24.906: (load-airplane p10 a2 l1-0)
24.906: (load-airplane p17 a0 l0-0)
24.906: (load-airplane p22 a0 l0-0)
24.906: (load-airplane p9 a1 l0-0)
24.906: (load-airplane p6 a2 l1-0)
24.906: (load-airplane p8 a2 l1-0)
24.906: (load-airplane p13 a1 l0-0)
24.906: (load-airplane p15 a1 l0-0)
24.906: (load-airplane p17 a1 l0-0)
24.906: (load-airplane p1 a2 l1-0)
24.906: (load-airplane p15 a0 l0-0)
24.906: (load-airplane p15 a1 l0-0)
24.906: (load-airplane p17 a1 l0-0)
24.906: (load-airplane p13 a0 l0-0)
24.906: (load-airplane p13 a1 l0-0)
24.906: (load-airplane p23 a1 l0-0)
24.906: (load-airplane p9 a1 l0-0)
24.906: (load-airplane p1 a2 l1-0)
24.906: (load-airplane p23 a0 l0-0)
24.906: (load-airplane p6 a2 l1-0)
24.906: (load-airplane p8 a2 l1-0)
24.906: (load-airplane p17 a0 l0-0)
24.906: (load-airplane p10 a2 l1-0)
24.906: (load-airplane p15 a0 l0-0)
24.906: (load-airplane p9 a0 l0-0)
24.907: (load-airplane p20 a0 l0-0)
24.907: (load-airplane p22 a0 l0-0)
24.907: (load-airplane p17 a0 l0-0)
24.907: (load-airplane p13 a0 l0-0)
23.898: (load-airplane p1 a2 l1-0)
23.898: (load-airplane p9 a0 l0-0)
23.898: (load-airplane p13 a0 l0-0)
23.898: (load-airplane p15 a0 l0-0)
23.898: (load-airplane p23 a0 l0-0)
23.898: (load-airplane p9 a1 l0-0)
23.898: (load-airplane p13 a1 l0-0)
23.898: (load-airplane p15 a1 l0-0)
23.898: (load-airplane p23 a1 l0-0)
23.898: (load-airplane p10 a2 l1-0)
23.898: (load-airplane p6 a2 l1-0)
23.898: (load-airplane p23 a1 l0-0)
23.898: (load-airplane p17 a1 l0-0)
23.898: (load-airplane p15 a1 l0-0)
23.898: (load-airplane p13 a1 l0-0)
23.898: (load-airplane p9 a1 l0-0)
23.898: (load-airplane p23 a0 l0-0)
23.898: (load-airplane p17 a0 l0-0)
23.898: (load-airplane p15 a0 l0-0)
23.898: (load-airplane p13 a0 l0-0)
23.898: (load-airplane p9 a0 l0-0)
23.898: (load-airplane p17 a0 l0-0)
23.898: (load-airplane p1 a2 l1-0)
23.898: (load-airplane p6 a2 l1-0)
23.898: (load-airplane p8 a2 l1-0)
23.898: (load-airplane p10 a2 l1-0)
23.898: (load-airplane p17 a1 l0-0)
23.898: (load-airplane p9 a0 l0-0)
23.898: (load-airplane p15 a1 l0-0)
23.898: (load-airplane p13 a0 l0-0)
23.898: (load-airplane p13 a1 l0-0)
23.898: (load-airplane p15 a0 l0-0)
23.898: (load-airplane p9 a1 l0-0)
23.898: (load-airplane p23 a0 l0-0)
23.903: (load-airplane p10 a2 l1-0)
23.903: (load-airplane p10 a2 l1-0)
23.903: (load-airplane p8 a2 l1-0)
23.903: (load-airplane p1 a2 l1-0)
23.903: (load-airplane p13 a0 l0-0)
23.903: (load-airplane p15 a1 l0-0)
23.903: (load-airplane p17 a1 l0-0)
23.903: (load-airplane p13 a1 l0-0)
23.903: (load-airplane p15 a0 l0-0)
23.903: (load-airplane p23 a1 l0-0)
23.903: (load-airplane p17 a1 l0-0)
23.903: (load-airplane p15 a1 l0-0)
23.903: (load-airplane p13 a1 l0-0)
23.903: (load-airplane p1 a2 l1-0)
23.903: (load-airplane p9 a1 l0-0)
23.903: (load-airplane p23 a0 l0-0)
23.903: (load-airplane p8 a2 l1-0)
23.903: (load-airplane p9 a0 l0-0)
23.903: (load-airplane p17 a0 l0-0)
23.903: (load-airplane p6 a2 l1-0)
23.905: (load-airplane p23 a1 l0-0)
23.905: (load-airplane p17 a0 l0-0)
23.905: (load-airplane p15 a0 l0-0)
23.905: (load-airplane p9 a0 l0-0)
23.905: (load-airplane p17 a0 l0-0)
23.905: (load-airplane p13 a0 l0-0)
23.905: (load-airplane p17 a0 l0-0)
23.905: (load-airplane p23 a0 l0-0)
23.905: (load-airplane p8 a2 l1-0)
23.905: (load-airplane p10 a2 l1-0)
23.905: (load-airplane p15 a0 l0-0)
23.905: (load-airplane p1 a2 l1-0)
23.905: (load-airplane p9 a0 l0-0)
23.905: (load-airplane p15 a0 l0-0)
23.905: (load-airplane p13 a0 l0-0)
23.905: (load-airplane p9 a1 l0-0)
23.905: (load-airplane p9 a0 l0-0)
23.905: (load-airplane p10 a2 l1-0)
23.905: (load-airplane p15 a1 l0-0)
23.905: (load-airplane p17 a1 l0-0)
23.905: (load-airplane p8 a2 l1-0)
23.905: (load-airplane p6 a2 l1-0)
23.905: (load-airplane p23 a1 l0-0)
23.905: (load-airplane p17 a1 l0-0)
23.905: (load-airplane p15 a1 l0-0)
23.905: (load-airplane p9 a1 l0-0)
22.905: (load-airplane p13 a1 l0-0)
22.905: (load-airplane p15 a1 l0-0)
22.905: (load-airplane p17 a1 l0-0)
22.905: (load-airplane p17 a0 l0-0)
22.905: (load-airplane p15 a0 l0-0)
22.905: (load-airplane p13 a0 l0-0)
22.905: (load-airplane p1 a2 l1-0)
22.905: (load-airplane p6 a2 l1-0)
22.905: (load-airplane p10 a2 l1-0)
22.905: (load-airplane p8 a2 l1-0)
22.914: (load-airplane p23 a0 l0-0)
22.914: (load-airplane p8 a2 l1-0)
22.914: (load-airplane p23 a1 l0-0)
22.914: (load-airplane p9 a1 l0-0)
22.914: (load-airplane p13 a1 l0-0)
22.914: (load-airplane p15 a1 l0-0)
22.914: (load-airplane p17 a1 l0-0)
22.914: (load-airplane p6 a2 l1-0)
22.914: (load-airplane p6 a2 l1-0)
22.914: (load-airplane p15 a0 l0-0)
22.914: (load-airplane p9 a1 l0-0)
22.914: (load-airplane p15 a1 l0-0)
22.914: (load-airplane p23 a1 l0-0)
22.914: (load-airplane p17 a0 l0-0)
22.914: (load-airplane p10 a2 l1-0)
22.914: (load-airplane p8 a2 l1-0)
22.914: (load-airplane p17 a1 l0-0)
22.914: (load-airplane p15 a1 l0-0)
22.914: (load-airplane p13 a1 l0-0)
22.914: (load-airplane p9 a1 l0-0)
22.914: (load-airplane p1 a2 l1-0)
22.914: (load-airplane p6 a2 l1-0)
22.914: (load-airplane p8 a2 l1-0)
22.914: (load-airplane p10 a2 l1-0)
22.914: (load-airplane p13 a0 l0-0)
22.914: (load-airplane p9 a0 l0-0)
22.914: (load-airplane p10 a2 l1-0)
22.914: (load-airplane p9 a1 l0-0)
22.914: (load-airplane p23 a0 l0-0)
22.914: (load-airplane p17 a1 l0-0)
22.914: (load-airplane p23 a1 l0-0)
22.914: (load-airplane p17 a0 l0-0)
22.914: (load-airplane p1 a2 l1-0)
22.914: (load-airplane p6 a2 l1-0)
22.914: (load-airplane p8 a2 l1-0)
22.914: (load-airplane p9 a0 l0-0)
22.914: (load-airplane p10 a2 l1-0)
22.914: (load-airplane p9 a0 l0-0)
22.914: (load-airplane p15 a0 l0-0)
22.914: (load-airplane p23 a0 l0-0)
22.914: (load-airplane p8 a2 l1-0)
22.914: (load-airplane p8 a2 l1-0)
22.914: (load-airplane p23 a1 l0-0)
22.914: (load-airplane p6 a2 l1-0)
22.914: (load-airplane p17 a1 l0-0)
22.914: (load-airplane p13 a1 l0-0)
22.914: (load-airplane p10 a2 l1-0)
22.914: (load-airplane p9 a1 l0-0)
22.914: (load-airplane p23 a0 l0-0)
22.914: (load-airplane p17 a0 l0-0)
22.914: (load-airplane p13 a0 l0-0)
22.914: (load-airplane p9 a0 l0-0)
22.914: (load-airplane p6 a2 l1-0)
22.914: (load-airplane p23 a0 l0-0)
22.914: (load-airplane p15 a0 l0-0)
22.914: (load-airplane p13 a0 l0-0)
22.914: (load-airplane p9 a0 l0-0)
22.914: (load-airplane p15 a1 l0-0)
22.914: (load-airplane p23 a1 l0-0)
22.914: (load-airplane p13 a1 l0-0)
22.914: (load-airplane p9 a1 l0-0)
22.926: (load-airplane p13 a1 l0-0)
22.926: (load-airplane p15 a1 l0-0)
22.926: (load-airplane p9 a1 l0-0)
22.926: (load-airplane p15 a0 l0-0)
22.926: (load-airplane p13 a0 l0-0)
22.926: (load-airplane p9 a0 l0-0)
22.926: (load-airplane p1 a2 l1-0)
22.927: (load-airplane p13 a0 l0-0)
22.927: (load-airplane p15 a0 l0-0)
21.834: (load-airplane p6 a2 l1-0)
21.843: (load-airplane p8 a2 l1-0)
21.906: (load-airplane p15 a0 l0-0)
21.906: (load-airplane p6 a2 l1-0)
21.906: (load-airplane p9 a0 l0-0)
21.906: (load-airplane p13 a0 l0-0)
21.906: (load-airplane p15 a0 l0-0)
21.906: (load-airplane p8 a2 l1-0)
21.906: (load-airplane p15 a1 l0-0)
21.906: (load-airplane p1 a2 l1-0)
21.906: (load-airplane p6 a2 l1-0)
21.906: (load-airplane p1 a2 l1-0)
21.906: (load-airplane p15 a1 l0-0)
21.906: (load-airplane p10 a2 l1-0)
21.906: (load-airplane p17 a0 l0-0)
21.906: (load-airplane p9 a1 l0-0)
21.906: (load-airplane p23 a0 l0-0)
21.906: (load-airplane p6 a2 l1-0)
21.906: (load-airplane p17 a1 l0-0)
21.906: (load-airplane p1 a2 l1-0)
21.906: (load-airplane p13 a1 l0-0)
21.906: (load-airplane p23 a1 l0-0)
21.906: (load-airplane p17 a1 l0-0)
21.906: (load-airplane p23 a1 l0-0)
21.906: (load-airplane p13 a1 l0-0)
21.906: (load-airplane p9 a0 l0-0)
21.906: (load-airplane p13 a0 l0-0)
21.906: (load-airplane p9 a1 l0-0)
21.906: (load-airplane p17 a0 l0-0)
21.906: (load-airplane p23 a0 l0-0)
21.907: (load-airplane p10 a2 l1-0)
21.907: (load-airplane p8 a2 l1-0)
21.907: (load-airplane p6 a2 l1-0)
21.907: (load-airplane p9 a0 l0-0)
21.907: (load-airplane p1 a2 l1-0)
21.907: (load-airplane p15 a1 l0-0)
21.907: (load-airplane p9 a1 l0-0)
21.907: (load-airplane p15 a0 l0-0)
21.915: (load-airplane p15 a0 l0-0)
21.915: (load-airplane p13 a0 l0-0)
21.915: (load-airplane p6 a2 l1-0)
21.915: (load-airplane p23 a0 l0-0)
21.915: (load-airplane p8 a2 l1-0)
21.915: (load-airplane p10 a2 l1-0)
21.915: (load-airplane p23 a1 l0-0)
21.915: (load-airplane p13 a1 l0-0)
21.915: (load-airplane p15 a1 l0-0)
21.916: (load-airplane p8 a2 l1-0)
21.916: (load-airplane p6 a2 l1-0)
21.916: (load-airplane p10 a2 l1-0)
21.916: (load-airplane p6 a2 l1-0)
21.916: (load-airplane p15 a1 l0-0)
21.916: (load-airplane p1 a2 l1-0)
21.916: (load-airplane p6 a2 l1-0)
21.916: (load-airplane p10 a2 l1-0)
21.916: (load-airplane p8 a2 l1-0)
21.916: (load-airplane p8 a2 l1-0)
21.916: (load-airplane p23 a1 l0-0)
21.916: (load-airplane p13 a1 l0-0)
21.916: (load-airplane p15 a1 l0-0)
21.916: (load-airplane p1 a2 l1-0)
21.916: (load-airplane p10 a2 l1-0)
21.916: (load-airplane p13 a1 l0-0)
21.916: (load-airplane p15 a1 l0-0)
21.916: (load-airplane p1 a2 l1-0)
21.916: (load-airplane p10 a2 l1-0)
21.916: (load-airplane p1 a2 l1-0)
21.916: (load-airplane p6 a2 l1-0)
21.916: (load-airplane p8 a2 l1-0)
21.916: (load-airplane p10 a2 l1-0)
21.916: (load-airplane p8 a2 l1-0)
21.916: (load-airplane p6 a2 l1-0)
21.916: (load-airplane p9 a1 l0-0)
21.916: (load-airplane p9 a1 l0-0)
21.916: (load-airplane p13 a1 l0-0)
21.916: (load-airplane p9 a0 l0-0)
21.916: (load-airplane p13 a1 l0-0)
21.916: (load-airplane p9 a1 l0-0)
21.916: (load-airplane p13 a0 l0-0)
21.916: (load-airplane p13 a0 l0-0)
20.836: (load-airplane p6 a2 l1-0)
20.836: (load-airplane p1 a2 l1-0)
20.837: (load-airplane p17 a0 l0-0)
20.837: (load-airplane p15 a0 l0-0)
20.837: (load-airplane p13 a0 l0-0)
20.837: (load-airplane p23 a0 l0-0)
20.837: (load-airplane p9 a0 l0-0)
20.837: (load-airplane p9 a1 l0-0)
20.837: (load-airplane p23 a1 l0-0)
20.837: (load-airplane p15 a1 l0-0)
20.837: (load-airplane p13 a1 l0-0)
20.837: (load-airplane p17 a1 l0-0)
20.844: (load-airplane p1 a2 l1-0)
20.845: (load-airplane p6 a2 l1-0)
20.904: (load-airplane p23 a1 l0-0)
20.904: (load-airplane p15 a1 l0-0)
20.904: (load-airplane p10 a2 l1-0)
20.904: (load-airplane p8 a2 l1-0)
20.904: (load-airplane p10 a2 l1-0)
20.904: (load-airplane p8 a2 l1-0)
20.904: (load-airplane p6 a2 l1-0)
20.904: (load-airplane p1 a2 l1-0)
20.904: (load-airplane p15 a1 l0-0)
20.904: (load-airplane p23 a0 l0-0)
20.904: (load-airplane p6 a2 l1-0)
20.904: (load-airplane p15 a0 l0-0)
20.904: (load-airplane p23 a1 l0-0)
20.904: (load-airplane p23 a0 l0-0)
20.904: (load-airplane p15 a0 l0-0)
20.904: (load-airplane p10 a2 l1-0)
20.904: (load-airplane p8 a2 l1-0)
20.904: (load-airplane p6 a2 l1-0)
20.904: (load-airplane p10 a2 l1-0)
20.904: (load-airplane p8 a2 l1-0)
20.904: (load-airplane p6 a2 l1-0)
20.904: (load-airplane p1 a2 l1-0)
20.913: (load-airplane p9 a0 l0-0)
20.913: (load-airplane p13 a0 l0-0)
20.913: (load-airplane p1 a2 l1-0)
20.913: (load-airplane p8 a2 l1-0)
20.913: (load-airplane p13 a1 l0-0)
20.913: (load-airplane p1 a2 l1-0)
20.913: (load-airplane p6 a2 l1-0)
20.913: (load-airplane p10 a2 l1-0)
20.913: (load-airplane p8 a2 l1-0)
20.913: (load-airplane p10 a2 l1-0)
20.913: (load-airplane p6 a2 l1-0)
20.913: (load-airplane p1 a2 l1-0)
20.913: (load-airplane p13 a1 l0-0)
20.913: (load-airplane p9 a1 l0-0)
20.913: (load-airplane p9 a1 l0-0)
20.913: (load-airplane p13 a0 l0-0)
20.913: (load-airplane p9 a0 l0-0)
20.913: (load-airplane p1 a2 l1-0)
20.913: (load-airplane p8 a2 l1-0)
20.913: (load-airplane p6 a2 l1-0)
20.913: (load-airplane p13 a0 l0-0)
20.913: (load-airplane p9 a0 l0-0)
20.913: (load-airplane p13 a1 l0-0)
20.913: (load-airplane p9 a1 l0-0)
20.913: (load-airplane p10 a2 l1-0)
20.913: (load-airplane p6 a2 l1-0)
20.913: (load-airplane p1 a2 l1-0)
20.913: (load-airplane p15 a1 l0-0)
20.913: (load-airplane p15 a1 l0-0)
20.913: (load-airplane p9 a1 l0-0)
20.913: (load-airplane p15 a0 l0-0)
20.913: (load-airplane p9 a0 l0-0)
20.913: (load-airplane p9 a1 l0-0)
20.914: (load-airplane p9 a0 l0-0)
20.914: (load-airplane p8 a2 l1-0)
20.914: (load-airplane p13 a0 l0-0)
20.914: (load-airplane p10 a2 l1-0)
20.914: (load-airplane p9 a1 l0-0)
20.914: (load-airplane p13 a1 l0-0)
20.914: (load-airplane p6 a2 l1-0)
20.914: (load-airplane p9 a0 l0-0)
20.914: (load-airplane p15 a0 l0-0)
20.914: (load-airplane p1 a2 l1-0)
20.914: (load-airplane p15 a1 l0-0)
19.885: (load-airplane p15 a0 l0-0)
19.885: (load-airplane p13 a0 l0-0)
19.885: (load-airplane p9 a0 l0-0)
19.885: (load-airplane p23 a1 l0-0)
19.885: (load-airplane p15 a1 l0-0)
19.885: (load-airplane p13 a1 l0-0)
19.885: (load-airplane p9 a1 l0-0)
19.885: (load-airplane p23 a0 l0-0)
19.885: (load-airplane p23 a0 l0-0)
19.885: (load-airplane p9 a0 l0-0)
19.885: (load-airplane p13 a0 l0-0)
19.885: (load-airplane p17 a0 l0-0)
19.885: (load-airplane p17 a1 l0-0)
19.885: (load-airplane p23 a1 l0-0)
19.885: (load-airplane p13 a1 l0-0)
19.885: (load-airplane p9 a1 l0-0)
19.885: (load-airplane p15 a0 l0-0)
19.885: (load-airplane p17 a0 l0-0)
19.885: (load-airplane p23 a0 l0-0)
19.885: (load-airplane p9 a1 l0-0)
19.885: (load-airplane p15 a1 l0-0)
19.885: (load-airplane p17 a1 l0-0)
19.885: (load-airplane p23 a1 l0-0)
19.885: (load-airplane p13 a1 l0-0)
19.885: (load-airplane p17 a1 l0-0)
19.885: (load-airplane p15 a1 l0-0)
19.885: (load-airplane p15 a0 l0-0)
19.885: (load-airplane p23 a1 l0-0)
19.885: (load-airplane p17 a1 l0-0)
19.885: (load-airplane p15 a1 l0-0)
19.885: (load-airplane p9 a1 l0-0)
19.885: (load-airplane p17 a0 l0-0)
19.885: (load-airplane p9 a0 l0-0)
19.885: (load-airplane p23 a0 l0-0)
19.885: (load-airplane p9 a1 l0-0)
19.885: (load-airplane p15 a0 l0-0)
19.885: (load-airplane p17 a0 l0-0)
19.885: (load-airplane p13 a0 l0-0)
19.885: (load-airplane p9 a0 l0-0)
19.885: (load-airplane p9 a0 l0-0)
19.885: (load-airplane p13 a1 l0-0)
19.885: (load-airplane p15 a1 l0-0)
19.885: (load-airplane p17 a1 l0-0)
19.885: (load-airplane p9 a0 l0-0)
19.885: (load-airplane p23 a1 l0-0)
19.885: (load-airplane p9 a1 l0-0)
19.885: (load-airplane p13 a1 l0-0)
19.885: (load-airplane p15 a1 l0-0)
19.885: (load-airplane p17 a1 l0-0)
19.885: (load-airplane p13 a0 l0-0)
19.885: (load-airplane p15 a0 l0-0)
19.885: (load-airplane p17 a0 l0-0)
19.885: (load-airplane p23 a0 l0-0)
19.885: (load-airplane p17 a0 l0-0)
19.885: (load-airplane p13 a0 l0-0)
19.885: (load-airplane p15 a0 l0-0)
19.886: (load-airplane p13 a0 l0-0)
19.886: (load-airplane p23 a0 l0-0)
19.886: (load-airplane p15 a0 l0-0)
19.886: (load-airplane p17 a0 l0-0)
19.886: (load-airplane p15 a1 l0-0)
19.886: (load-airplane p13 a1 l0-0)
19.886: (load-airplane p17 a1 l0-0)
19.886: (load-airplane p23 a1 l0-0)
19.886: (load-airplane p9 a0 l0-0)
19.886: (load-airplane p13 a0 l0-0)
19.886: (load-airplane p23 a0 l0-0)
19.886: (load-airplane p17 a0 l0-0)
19.886: (load-airplane p9 a1 l0-0)
19.886: (load-airplane p13 a1 l0-0)
19.886: (load-airplane p17 a1 l0-0)
19.886: (load-airplane p23 a1 l0-0)
19.886: (load-airplane p9 a0 l0-0)
19.886: (load-airplane p13 a0 l0-0)
19.886: (load-airplane p9 a1 l0-0)
19.886: (load-airplane p15 a0 l0-0)
19.886: (load-airplane p23 a0 l0-0)
19.886: (load-airplane p13 a1 l0-0)
19.886: (load-airplane p15 a1 l0-0)
19.886: (load-airplane p23 a1 l0-0)
18.985: (load-airplane p9 a0 l0-0)
18.985: (load-airplane p17 a0 l0-0)
18.985: (load-airplane p17 a1 l0-0)
18.985: (load-airplane p9 a1 l0-0)
18.985: (load-airplane p23 a0 l0-0)
18.985: (load-airplane p23 a1 l0-0)
18.985: (load-airplane p23 a0 l0-0)
18.985: (load-airplane p13 a1 l0-0)
18.985: (load-airplane p17 a0 l0-0)
18.985: (load-airplane p17 a1 l0-0)
18.985: (load-airplane p13 a0 l0-0)
18.985: (load-airplane p23 a1 l0-0)
18.986: (load-airplane p9 a1 l0-0)
18.986: (load-airplane p17 a1 l0-0)
18.986: (load-airplane p13 a1 l0-0)
18.986: (load-airplane p13 a0 l0-0)
18.986: (load-airplane p17 a0 l0-0)
18.986: (load-airplane p9 a0 l0-0)
18.986: (load-airplane p13 a0 l0-0)
18.986: (load-airplane p23 a0 l0-0)
18.986: (load-airplane p13 a1 l0-0)
18.986: (load-airplane p23 a1 l0-0)
18.986: (load-airplane p9 a1 l0-0)
18.986: (load-airplane p23 a0 l0-0)
18.986: (load-airplane p9 a1 l0-0)
18.986: (load-airplane p23 a1 l0-0)
18.986: (load-airplane p17 a1 l0-0)
18.986: (load-airplane p9 a0 l0-0)
18.986: (load-airplane p9 a0 l0-0)
18.986: (load-airplane p17 a0 l0-0)
18.986: (load-airplane p13 a0 l0-0)
18.986: (load-airplane p15 a0 l0-0)
18.986: (load-airplane p9 a1 l0-0)
18.986: (load-airplane p13 a1 l0-0)
18.986: (load-airplane p15 a1 l0-0)
18.986: (load-airplane p23 a0 l0-0)
18.986: (load-airplane p17 a1 l0-0)
18.986: (load-airplane p9 a1 l0-0)
18.986: (load-airplane p23 a1 l0-0)
18.986: (load-airplane p17 a0 l0-0)
18.986: (load-airplane p9 a0 l0-0)
18.986: (load-airplane p9 a0 l0-0)
18.986: (load-airplane p13 a1 l0-0)
18.986: (load-airplane p17 a1 l0-0)
18.986: (load-airplane p23 a1 l0-0)
18.987: (load-airplane p15 a0 l0-0)
18.987: (load-airplane p9 a1 l0-0)
18.987: (load-airplane p15 a1 l0-0)
18.987: (load-airplane p23 a1 l0-0)
18.987: (load-airplane p23 a0 l0-0)
18.987: (load-airplane p13 a0 l0-0)
18.987: (load-airplane p17 a0 l0-0)
18.987: (load-airplane p23 a0 l0-0)
18.987: (load-airplane p23 a1 l0-0)
18.987: (load-airplane p9 a1 l0-0)
18.987: (load-airplane p15 a1 l0-0)
18.987: (load-airplane p13 a1 l0-0)
18.987: (load-airplane p13 a1 l0-0)
18.987: (load-airplane p15 a1 l0-0)
18.987: (load-airplane p13 a0 l0-0)
18.987: (load-airplane p17 a1 l0-0)
18.987: (load-airplane p13 a1 l0-0)
18.987: (load-airplane p9 a1 l0-0)
18.987: (load-airplane p15 a0 l0-0)
18.987: (load-airplane p13 a0 l0-0)
18.987: (load-airplane p9 a0 l0-0)
18.987: (load-airplane p9 a0 l0-0)
18.987: (load-airplane p17 a0 l0-0)
18.987: (load-airplane p13 a1 l0-0)
18.987: (load-airplane p15 a1 l0-0)
18.987: (load-airplane p23 a1 l0-0)
18.987: (load-airplane p23 a0 l0-0)
18.987: (load-airplane p15 a0 l0-0)
18.987: (load-airplane p13 a0 l0-0)
18.987: (load-airplane p23 a0 l0-0)
18.987: (load-airplane p13 a0 l0-0)
18.987: (load-airplane p15 a0 l0-0)
18.987: (load-airplane p9 a0 l0-0)
18.987: (load-airplane p13 a0 l0-0)
18.987: (load-airplane p23 a0 l0-0)
18.124: (load-airplane p13 a1 l0-0)
18.124: (load-airplane p9 a1 l0-0)
18.124: (load-airplane p13 a0 l0-0)
18.124: (load-airplane p9 a0 l0-0)
18.125: (load-airplane p9 a0 l0-0)
18.125: (load-airplane p17 a0 l0-0)
18.125: (load-airplane p9 a1 l0-0)
18.125: (load-airplane p17 a1 l0-0)
18.125: (load-airplane p17 a0 l0-0)
18.125: (load-airplane p9 a1 l0-0)
18.125: (load-airplane p17 a1 l0-0)
18.125: (load-airplane p9 a0 l0-0)
18.125: (load-airplane p9 a0 l0-0)
18.125: (load-airplane p13 a0 l0-0)
18.125: (load-airplane p9 a1 l0-0)
18.125: (load-airplane p13 a1 l0-0)
18.125: (load-airplane p17 a1 l0-0)
18.125: (load-airplane p13 a1 l0-0)
18.125: (load-airplane p17 a0 l0-0)
18.125: (load-airplane p13 a0 l0-0)
18.125: (load-airplane p17 a1 l0-0)
18.125: (load-airplane p9 a1 l0-0)
18.126: (load-airplane p13 a1 l0-0)
18.126: (load-airplane p17 a1 l0-0)
18.126: (load-airplane p13 a0 l0-0)
18.126: (load-airplane p17 a0 l0-0)
18.126: (load-airplane p23 a0 l0-0)
18.126: (load-airplane p17 a1 l0-0)
18.126: (load-airplane p23 a1 l0-0)
18.126: (load-airplane p17 a0 l0-0)
18.126: (load-airplane p17 a0 l0-0)
18.126: (load-airplane p23 a0 l0-0)
18.126: (load-airplane p17 a1 l0-0)
18.126: (load-airplane p23 a1 l0-0)
18.126: (load-airplane p23 a0 l0-0)
18.126: (load-airplane p9 a0 l0-0)
18.126: (load-airplane p23 a1 l0-0)
18.126: (load-airplane p23 a0 l0-0)
18.126: (load-airplane p17 a1 l0-0)
18.126: (load-airplane p17 a0 l0-0)
18.126: (load-airplane p23 a1 l0-0)
18.126: (load-airplane p17 a0 l0-0)
18.126: (load-airplane p9 a0 l0-0)
18.126: (load-airplane p9 a1 l0-0)
18.126: (load-airplane p13 a1 l0-0)
18.126: (load-airplane p23 a1 l0-0)
18.126: (load-airplane p9 a0 l0-0)
18.126: (load-airplane p17 a0 l0-0)
18.126: (load-airplane p9 a1 l0-0)
18.126: (load-airplane p17 a1 l0-0)
18.126: (load-airplane p23 a0 l0-0)
18.126: (load-airplane p13 a0 l0-0)
18.126: (load-airplane p13 a0 l0-0)
18.126: (load-airplane p23 a0 l0-0)
18.126: (load-airplane p13 a1 l0-0)
18.126: (load-airplane p23 a1 l0-0)
18.127: (load-airplane p17 a0 l0-0)
18.127: (load-airplane p23 a0 l0-0)
18.127: (load-airplane p23 a1 l0-0)
18.127: (load-airplane p17 a1 l0-0)
18.127: (load-airplane p23 a0 l0-0)
18.127: (load-airplane p9 a0 l0-0)
18.127: (load-airplane p9 a1 l0-0)
18.127: (load-airplane p23 a1 l0-0)
18.131: (load-airplane p9 a1 l0-0)
18.131: (load-airplane p13 a1 l0-0)
18.131: (load-airplane p9 a1 l0-0)
18.131: (load-airplane p23 a1 l0-0)
18.131: (load-airplane p23 a0 l0-0)
18.131: (load-airplane p9 a0 l0-0)
18.131: (load-airplane p13 a0 l0-0)
18.131: (load-airplane p9 a0 l0-0)
18.131: (load-airplane p17 a1 l0-0)
18.131: (load-airplane p13 a1 l0-0)
18.131: (load-airplane p13 a0 l0-0)
18.131: (load-airplane p17 a0 l0-0)
18.131: (load-airplane p23 a1 l0-0)
18.131: (load-airplane p9 a0 l0-0)
18.131: (load-airplane p9 a1 l0-0)
18.131: (load-airplane p23 a0 l0-0)
15.442: (load-airplane p17 a0 l0-0)
15.442: (load-airplane p9 a0 l0-0)
15.442: (load-airplane p17 a1 l0-0)
15.442: (load-airplane p9 a1 l0-0)
15.442: (load-airplane p9 a0 l0-0)
15.442: (load-airplane p23 a1 l0-0)
15.442: (load-airplane p9 a1 l0-0)
15.442: (load-airplane p23 a1 l0-0)
15.442: (load-airplane p9 a0 l0-0)
15.442: (load-airplane p23 a0 l0-0)
15.442: (load-airplane p23 a0 l0-0)
15.442: (load-airplane p17 a1 l0-0)
15.442: (load-airplane p17 a0 l0-0)
15.442: (load-airplane p23 a1 l0-0)
15.442: (load-airplane p9 a1 l0-0)
15.442: (load-airplane p9 a0 l0-0)
15.442: (load-airplane p23 a1 l0-0)
15.442: (load-airplane p23 a0 l0-0)
15.442: (load-airplane p17 a1 l0-0)
15.442: (load-airplane p17 a0 l0-0)
15.442: (load-airplane p9 a1 l0-0)
15.442: (load-airplane p9 a0 l0-0)
15.442: (load-airplane p23 a1 l0-0)
15.442: (load-airplane p23 a1 l0-0)
15.442: (load-airplane p23 a0 l0-0)
15.442: (load-airplane p23 a0 l0-0)
15.442: (load-airplane p9 a1 l0-0)
15.443: (load-airplane p9 a0 l0-0)
15.443: (load-airplane p13 a0 l0-0)
15.443: (load-airplane p13 a1 l0-0)
15.443: (load-airplane p9 a1 l0-0)
15.444: (load-airplane p13 a1 l0-0)
15.444: (load-airplane p13 a0 l0-0)
15.444: (load-airplane p9 a1 l0-0)
15.444: (load-airplane p9 a0 l0-0)
15.444: (load-airplane p17 a0 l0-0)
15.444: (load-airplane p17 a1 l0-0)
15.445: (load-airplane p9 a1 l0-0)
15.445: (load-airplane p9 a0 l0-0)
15.445: (load-airplane p17 a0 l0-0)
15.445: (load-airplane p17 a1 l0-0)
15.445: (load-airplane p17 a1 l0-0)
15.445: (load-airplane p17 a0 l0-0)
15.445: (load-airplane p9 a0 l0-0)
15.445: (load-airplane p9 a1 l0-0)
15.446: (load-airplane p23 a0 l0-0)
15.446: (load-airplane p23 a1 l0-0)
15.446: (load-airplane p23 a0 l0-0)
15.446: (load-airplane p13 a0 l0-0)
15.446: (load-airplane p13 a1 l0-0)
15.446: (load-airplane p23 a0 l0-0)
15.446: (load-airplane p23 a1 l0-0)
15.449: (load-airplane p17 a0 l0-0)
15.449: (load-airplane p17 a1 l0-0)
15.451: (load-airplane p17 a0 l0-0)
15.452: (load-airplane p17 a1 l0-0)
15.452: (load-airplane p13 a1 l0-0)
15.452: (load-airplane p23 a1 l0-0)
15.452: (load-airplane p23 a0 l0-0)
15.452: (load-airplane p13 a0 l0-0)
15.452: (load-airplane p23 a0 l0-0)
15.452: (load-airplane p23 a1 l0-0)
15.452: (load-airplane p17 a0 l0-0)
15.452: (load-airplane p17 a1 l0-0)
15.452: (load-airplane p9 a0 l0-0)
15.452: (load-airplane p13 a0 l0-0)
15.452: (load-airplane p9 a1 l0-0)
15.452: (load-airplane p13 a1 l0-0)
15.452: (load-airplane p13 a0 l0-0)
15.452: (load-airplane p13 a1 l0-0)
15.452: (load-airplane p17 a0 l0-0)
15.452: (load-airplane p17 a1 l0-0)
15.452: (load-airplane p13 a0 l0-0)
15.452: (load-airplane p13 a1 l0-0)
17.907: (fly-airplane a0 l0-0 l1-0)
17.907: (fly-airplane a0 l0-0 l1-0)
17.912: (fly-airplane a0 l0-0 l1-0)
17.919: (fly-airplane a0 l0-0 l1-0)
17.920: (fly-airplane a0 l0-0 l1-0)
17.920: (fly-airplane a0 l0-0 l1-0)
15.442: (load-airplane p13 a1 l0-0)
15.442: (fly-airplane a1 l0-0 l1-0)
15.442: (fly-airplane a0 l0-0 l1-0)
15.442: (load-airplane p9 a1 l0-0)
15.442: (fly-airplane a0 l0-0 l1-0)
15.442: (fly-airplane a1 l0-0 l1-0)
15.442: (load-airplane p17 a1 l0-0)
15.442: (fly-airplane a1 l0-0 l1-0)
15.442: (fly-airplane a0 l0-0 l1-0)
15.443: (load-airplane p23 a1 l0-0)
15.443: (load-airplane p23 a1 l0-0)
15.443: (load-airplane p13 a1 l0-0)
15.443: (fly-airplane a1 l0-0 l1-0)
15.443: (fly-airplane a0 l0-0 l1-0)
15.444: (fly-airplane a0 l0-0 l1-0)
15.444: (fly-airplane a1 l0-0 l1-0)
15.444: (fly-airplane a0 l0-0 l1-0)
15.444: (fly-airplane a1 l0-0 l1-0)
15.444: (fly-airplane a0 l0-0 l1-0)
15.444: (fly-airplane a1 l0-0 l1-0)
15.445: (fly-airplane a0 l0-0 l1-0)
15.445: (fly-airplane a1 l0-0 l1-0)
15.445: (fly-airplane a1 l0-0 l1-0)
15.445: (fly-airplane a0 l0-0 l1-0)
15.445: (fly-airplane a0 l0-0 l1-0)
15.445: (fly-airplane a1 l0-0 l1-0)
15.446: (fly-airplane a0 l0-0 l1-0)
15.446: (fly-airplane a0 l0-0 l1-0)
15.446: (fly-airplane a1 l0-0 l1-0)
15.446: (fly-airplane a0 l0-0 l1-0)
15.446: (fly-airplane a1 l0-0 l1-0)
15.449: (fly-airplane a1 l0-0 l1-0)
15.451: (fly-airplane a1 l0-0 l1-0)
15.451: (fly-airplane a0 l0-0 l1-0)
15.452: (fly-airplane a0 l0-0 l1-0)
15.452: (fly-airplane a1 l0-0 l1-0)
15.452: (fly-airplane a1 l0-0 l1-0)
15.452: (fly-airplane a0 l0-0 l1-0)
15.452: (fly-airplane a1 l0-0 l1-0)
15.452: (fly-airplane a0 l0-0 l1-0)
15.452: (fly-airplane a0 l0-0 l1-0)
15.452: (fly-airplane a1 l0-0 l1-0)
15.452: (fly-airplane a1 l0-0 l1-0)
15.452: (fly-airplane a0 l0-0 l1-0)
15.453: (fly-airplane a0 l0-0 l1-0)
15.453: (fly-airplane a1 l0-0 l1-0)
15.453: (fly-airplane a1 l0-0 l1-0)
15.453: (fly-airplane a0 l0-0 l1-0)
15.453: (fly-airplane a1 l0-0 l1-0)
15.453: (fly-airplane a0 l0-0 l1-0)
16.365: (load-truck p16 t1 l1-0)
16.365: (load-truck p19 t1 l1-0)
16.365: (load-truck p18 t1 l1-0)
16.365: (load-truck p16 t1 l1-0)
16.365: (load-truck p14 t1 l1-0)
16.365: (load-truck p5 t1 l1-0)
16.365: (load-truck p11 t1 l1-0)
16.365: (load-truck p18 t1 l1-0)
16.365: (load-truck p19 t1 l1-0)
16.368: (load-truck p11 t1 l1-0)
16.368: (load-truck p5 t1 l1-0)
16.368: (load-truck p18 t1 l1-0)
16.368: (load-truck p19 t1 l1-0)
16.368: (load-truck p16 t1 l1-0)
16.368: (load-truck p14 t1 l1-0)
16.368: (load-truck p16 t1 l1-0)
16.368: (load-truck p18 t1 l1-0)
16.368: (load-truck p19 t1 l1-0)
16.368: (load-truck p19 t1 l1-0)
16.368: (load-truck p5 t1 l1-0)
16.368: (load-truck p11 t1 l1-0)
16.368: (load-truck p18 t1 l1-0)
16.368: (load-truck p16 t1 l1-0)
16.368: (load-truck p14 t1 l1-0)
16.368: (load-truck p16 t1 l1-0)
16.368: (load-truck p18 t1 l1-0)
16.368: (load-truck p19 t1 l1-0)
16.368: (load-truck p11 t1 l1-0)
16.368: (load-truck p5 t1 l1-0)
16.368: (load-truck p14 t1 l1-0)
14.265: (unload-airplane p13 a0 l1-0)
14.265: (unload-airplane p23 a0 l1-0)
14.265: (unload-airplane p20 a0 l1-0)
14.265: (unload-airplane p17 a0 l1-0)
14.265: (unload-airplane p7 a0 l1-0)
14.265: (unload-airplane p2 a0 l1-0)
14.265: (unload-airplane p0 a0 l1-0)
14.265: (unload-airplane p23 a1 l1-0)
14.265: (unload-airplane p15 a1 l1-0)
14.265: (unload-airplane p22 a1 l1-0)
14.265: (unload-airplane p9 a1 l1-0)
14.265: (unload-airplane p22 a1 l1-0)
14.265: (unload-airplane p15 a1 l1-0)
14.265: (unload-airplane p9 a1 l1-0)
14.266: (unload-airplane p17 a0 l1-0)
14.266: (unload-airplane p7 a0 l1-0)
14.266: (unload-airplane p2 a0 l1-0)
14.266: (unload-airplane p0 a0 l1-0)
14.266: (unload-airplane p20 a0 l1-0)
14.266: (unload-airplane p9 a1 l1-0)
14.266: (unload-airplane p13 a1 l1-0)
14.266: (unload-airplane p22 a1 l1-0)
14.266: (unload-airplane p15 a1 l1-0)
14.266: (unload-airplane p23 a1 l1-0)
14.266: (unload-airplane p20 a0 l1-0)
14.266: (unload-airplane p9 a0 l1-0)
14.266: (unload-airplane p7 a0 l1-0)
14.266: (unload-airplane p0 a0 l1-0)
14.266: (unload-airplane p2 a0 l1-0)
14.266: (unload-airplane p13 a1 l1-0)
14.266: (unload-airplane p22 a1 l1-0)
14.266: (unload-airplane p15 a1 l1-0)
14.266: (unload-airplane p17 a1 l1-0)
14.266: (unload-airplane p23 a1 l1-0)
14.266: (unload-airplane p22 a1 l1-0)
14.266: (unload-airplane p23 a1 l1-0)
14.266: (unload-airplane p13 a1 l1-0)
14.266: (unload-airplane p15 a1 l1-0)
14.266: (unload-airplane p7 a0 l1-0)
14.266: (unload-airplane p2 a0 l1-0)
14.266: (unload-airplane p0 a0 l1-0)
14.267: (unload-airplane p20 a0 l1-0)
14.267: (unload-airplane p17 a1 l1-0)
14.267: (unload-airplane p23 a1 l1-0)
14.267: (unload-airplane p15 a1 l1-0)
14.267: (unload-airplane p22 a1 l1-0)
14.267: (unload-airplane p23 a1 l1-0)
14.267: (unload-airplane p22 a1 l1-0)
14.267: (unload-airplane p23 a1 l1-0)
14.267: (unload-airplane p13 a1 l1-0)
14.267: (unload-airplane p9 a1 l1-0)
14.267: (unload-airplane p9 a1 l1-0)
14.267: (unload-airplane p13 a1 l1-0)
14.267: (unload-airplane p22 a1 l1-0)
14.267: (unload-airplane p15 a1 l1-0)
14.267: (unload-airplane p17 a1 l1-0)
14.267: (unload-airplane p15 a0 l1-0)
14.267: (unload-airplane p20 a0 l1-0)
14.268: (unload-airplane p17 a1 l1-0)
14.268: (unload-airplane p22 a1 l1-0)
14.268: (unload-airplane p13 a1 l1-0)
14.268: (unload-airplane p9 a1 l1-0)
14.268: (unload-airplane p0 a0 l1-0)
14.268: (unload-airplane p2 a0 l1-0)
14.268: (unload-airplane p17 a0 l1-0)
14.268: (unload-airplane p7 a0 l1-0)
14.268: (unload-airplane p20 a0 l1-0)
14.268: (unload-airplane p23 a0 l1-0)
14.268: (unload-airplane p15 a0 l1-0)
14.268: (unload-airplane p20 a0 l1-0)
14.268: (unload-airplane p7 a0 l1-0)
14.268: (unload-airplane p0 a0 l1-0)
14.268: (unload-airplane p7 a0 l1-0)
14.268: (unload-airplane p15 a1 l1-0)
14.268: (unload-airplane p22 a1 l1-0)
14.268: (unload-airplane p13 a1 l1-0)
14.268: (unload-airplane p2 a0 l1-0)
14.268: (unload-airplane p9 a1 l1-0)
14.268: (unload-airplane p17 a0 l1-0)
14.268: (unload-airplane p23 a0 l1-0)
13.059: (unload-airplane p0 a0 l1-0)
13.059: (unload-airplane p2 a0 l1-0)
13.059: (unload-airplane p7 a0 l1-0)
13.059: (unload-airplane p20 a0 l1-0)
13.059: (unload-airplane p23 a0 l1-0)
13.060: (unload-airplane p13 a1 l1-0)
13.060: (unload-airplane p22 a1 l1-0)
13.060: (unload-airplane p15 a1 l1-0)
13.062: (unload-airplane p0 a0 l1-0)
13.062: (unload-airplane p20 a0 l1-0)
13.062: (unload-airplane p17 a0 l1-0)
13.062: (unload-airplane p7 a0 l1-0)
13.062: (unload-airplane p2 a0 l1-0)
13.081: (unload-airplane p23 a1 l1-0)
13.081: (unload-airplane p22 a1 l1-0)
13.081: (unload-airplane p13 a1 l1-0)
13.081: (unload-airplane p23 a1 l1-0)
13.081: (unload-airplane p22 a1 l1-0)
13.081: (unload-airplane p15 a1 l1-0)
13.082: (unload-airplane p23 a1 l1-0)
13.082: (unload-airplane p15 a1 l1-0)
13.082: (unload-airplane p13 a1 l1-0)
13.082: (unload-airplane p13 a1 l1-0)
13.082: (unload-airplane p22 a1 l1-0)
13.082: (unload-airplane p15 a1 l1-0)
13.082: (unload-airplane p17 a1 l1-0)
13.082: (unload-airplane p15 a1 l1-0)
13.082: (unload-airplane p22 a1 l1-0)
13.082: (unload-airplane p13 a1 l1-0)
13.083: (unload-airplane p20 a0 l1-0)
13.083: (unload-airplane p9 a0 l1-0)
13.083: (unload-airplane p7 a0 l1-0)
13.083: (unload-airplane p23 a1 l1-0)
13.083: (unload-airplane p15 a1 l1-0)
13.083: (unload-airplane p22 a1 l1-0)
13.083: (unload-airplane p23 a1 l1-0)
13.083: (unload-airplane p17 a1 l1-0)
13.083: (unload-airplane p17 a1 l1-0)
13.083: (unload-airplane p13 a1 l1-0)
13.083: (unload-airplane p15 a1 l1-0)
13.083: (unload-airplane p2 a0 l1-0)
13.083: (unload-airplane p0 a0 l1-0)
13.083: (unload-airplane p7 a0 l1-0)
13.083: (unload-airplane p2 a0 l1-0)
13.083: (unload-airplane p0 a0 l1-0)
13.083: (unload-airplane p15 a1 l1-0)
13.083: (unload-airplane p22 a1 l1-0)
13.083: (unload-airplane p7 a0 l1-0)
13.083: (unload-airplane p9 a0 l1-0)
13.083: (unload-airplane p15 a1 l1-0)
13.083: (unload-airplane p22 a1 l1-0)
13.083: (unload-airplane p13 a1 l1-0)
13.083: (unload-airplane p23 a1 l1-0)
13.083: (unload-airplane p0 a0 l1-0)
13.083: (unload-airplane p2 a0 l1-0)
13.083: (unload-airplane p20 a0 l1-0)
13.083: (unload-airplane p7 a0 l1-0)
13.083: (unload-airplane p23 a1 l1-0)
13.083: (unload-airplane p17 a1 l1-0)
13.083: (unload-airplane p22 a1 l1-0)
13.083: (unload-airplane p13 a1 l1-0)
13.083: (unload-airplane p0 a0 l1-0)
13.083: (unload-airplane p2 a0 l1-0)
13.083: (unload-airplane p20 a0 l1-0)
13.083: (unload-airplane p9 a0 l1-0)
13.083: (unload-airplane p13 a1 l1-0)
13.083: (unload-airplane p20 a0 l1-0)
13.083: (unload-airplane p9 a0 l1-0)
13.084: (unload-airplane p23 a1 l1-0)
13.084: (unload-airplane p9 a1 l1-0)
13.084: (unload-airplane p22 a1 l1-0)
13.084: (unload-airplane p9 a1 l1-0)
13.084: (unload-airplane p13 a1 l1-0)
13.084: (unload-airplane p15 a1 l1-0)
13.084: (unload-airplane p13 a1 l1-0)
13.084: (unload-airplane p9 a1 l1-0)
13.084: (unload-airplane p23 a1 l1-0)
13.085: (unload-airplane p0 a0 l1-0)
13.085: (unload-airplane p2 a0 l1-0)
13.085: (unload-airplane p7 a0 l1-0)
11.977: (unload-airplane p13 a1 l1-0)
11.977: (unload-airplane p22 a1 l1-0)
11.977: (unload-airplane p23 a1 l1-0)
11.977: (unload-airplane p20 a0 l1-0)
11.977: (unload-airplane p7 a0 l1-0)
11.977: (unload-airplane p2 a0 l1-0)
11.978: (unload-airplane p0 a0 l1-0)
11.978: (unload-airplane p7 a0 l1-0)
11.978: (unload-airplane p2 a0 l1-0)
11.978: (unload-airplane p0 a0 l1-0)
11.978: (unload-airplane p2 a0 l1-0)
11.978: (unload-airplane p9 a0 l1-0)
11.979: (unload-airplane p0 a0 l1-0)
11.979: (unload-airplane p7 a0 l1-0)
11.979: (unload-airplane p20 a0 l1-0)
11.979: (unload-airplane p15 a1 l1-0)
11.979: (unload-airplane p9 a1 l1-0)
11.979: (unload-airplane p13 a1 l1-0)
11.979: (unload-airplane p0 a0 l1-0)
11.979: (unload-airplane p9 a0 l1-0)
11.979: (unload-airplane p20 a0 l1-0)
11.979: (unload-airplane p23 a1 l1-0)
11.979: (unload-airplane p17 a1 l1-0)
11.979: (unload-airplane p13 a1 l1-0)
11.979: (unload-airplane p15 a1 l1-0)
11.979: (unload-airplane p23 a1 l1-0)
11.979: (unload-airplane p15 a1 l1-0)
11.979: (unload-airplane p22 a1 l1-0)
11.979: (unload-airplane p23 a1 l1-0)
11.979: (unload-airplane p17 a1 l1-0)
11.980: (unload-airplane p0 a0 l1-0)
11.980: (unload-airplane p7 a0 l1-0)
11.980: (unload-airplane p9 a0 l1-0)
11.980: (unload-airplane p15 a1 l1-0)
11.980: (unload-airplane p23 a1 l1-0)
11.980: (unload-airplane p13 a1 l1-0)
11.980: (unload-airplane p22 a1 l1-0)
11.980: (unload-airplane p17 a1 l1-0)
11.980: (unload-airplane p23 a1 l1-0)
11.980: (unload-airplane p7 a0 l1-0)
11.980: (unload-airplane p9 a0 l1-0)
11.980: (unload-airplane p20 a0 l1-0)
11.980: (unload-airplane p2 a0 l1-0)
11.980: (unload-airplane p9 a0 l1-0)
11.980: (unload-airplane p20 a0 l1-0)
11.980: (unload-airplane p13 a1 l1-0)
11.980: (unload-airplane p22 a1 l1-0)
11.980: (unload-airplane p9 a1 l1-0)
11.980: (unload-airplane p2 a0 l1-0)
11.980: (unload-airplane p7 a0 l1-0)
11.980: (unload-airplane p9 a0 l1-0)
11.980: (unload-airplane p0 a0 l1-0)
11.980: (unload-airplane p20 a0 l1-0)
11.980: (unload-airplane p7 a0 l1-0)
11.980: (unload-airplane p2 a0 l1-0)
11.980: (unload-airplane p23 a0 l1-0)
11.980: (unload-airplane p20 a0 l1-0)
11.980: (unload-airplane p2 a0 l1-0)
11.980: (unload-airplane p0 a0 l1-0)
11.980: (unload-airplane p0 a0 l1-0)
11.980: (unload-airplane p2 a0 l1-0)
11.980: (unload-airplane p7 a0 l1-0)
11.980: (unload-airplane p23 a0 l1-0)
11.982: (unload-airplane p7 a0 l1-0)
11.982: (unload-airplane p0 a0 l1-0)
11.982: (unload-airplane p20 a0 l1-0)
11.982: (unload-airplane p23 a0 l1-0)
11.982: (unload-airplane p13 a1 l1-0)
11.982: (unload-airplane p22 a1 l1-0)
11.982: (unload-airplane p13 a1 l1-0)
11.982: (unload-airplane p15 a1 l1-0)
11.982: (unload-airplane p15 a1 l1-0)
11.982: (unload-airplane p22 a1 l1-0)
11.982: (unload-airplane p2 a0 l1-0)
11.982: (unload-airplane p17 a0 l1-0)
11.982: (unload-airplane p20 a0 l1-0)
11.982: (unload-airplane p7 a0 l1-0)
11.982: (unload-airplane p17 a1 l1-0)
11.982: (unload-airplane p13 a1 l1-0)
11.982: (unload-airplane p15 a1 l1-0)
10.990: (unload-airplane p17 a0 l1-0)
10.990: (unload-airplane p20 a0 l1-0)
10.990: (unload-airplane p7 a0 l1-0)
10.990: (unload-airplane p2 a0 l1-0)
10.990: (unload-airplane p7 a0 l1-0)
10.990: (unload-airplane p17 a0 l1-0)
10.990: (unload-airplane p2 a0 l1-0)
10.990: (unload-airplane p17 a0 l1-0)
10.991: (unload-airplane p23 a0 l1-0)
10.991: (unload-airplane p20 a0 l1-0)
10.991: (unload-airplane p7 a0 l1-0)
10.991: (unload-airplane p0 a0 l1-0)
10.991: (unload-airplane p23 a0 l1-0)
10.991: (unload-airplane p7 a0 l1-0)
10.992: (unload-airplane p22 a1 l1-0)
10.992: (unload-airplane p9 a1 l1-0)
10.992: (unload-airplane p2 a0 l1-0)
10.992: (unload-airplane p13 a1 l1-0)
10.992: (unload-airplane p22 a1 l1-0)
10.992: (unload-airplane p7 a0 l1-0)
10.992: (unload-airplane p20 a0 l1-0)
10.992: (unload-airplane p2 a0 l1-0)
10.992: (unload-airplane p0 a0 l1-0)
10.992: (unload-airplane p7 a0 l1-0)
10.992: (unload-airplane p0 a0 l1-0)
10.992: (unload-airplane p2 a0 l1-0)
10.992: (unload-airplane p20 a0 l1-0)
10.992: (unload-airplane p0 a0 l1-0)
10.992: (unload-airplane p20 a0 l1-0)
10.992: (unload-airplane p7 a0 l1-0)
10.992: (unload-airplane p23 a0 l1-0)
10.992: (unload-airplane p0 a0 l1-0)
10.992: (unload-airplane p23 a0 l1-0)
10.992: (unload-airplane p20 a0 l1-0)
10.992: (unload-airplane p0 a0 l1-0)
10.992: (unload-airplane p2 a0 l1-0)
10.992: (unload-airplane p23 a0 l1-0)
10.992: (unload-airplane p20 a0 l1-0)
10.992: (unload-airplane p2 a0 l1-0)
10.992: (unload-airplane p2 a0 l1-0)
10.992: (unload-airplane p7 a0 l1-0)
10.992: (unload-airplane p23 a0 l1-0)
10.993: (unload-airplane p20 a0 l1-0)
10.993: (unload-airplane p20 a0 l1-0)
10.993: (unload-airplane p2 a0 l1-0)
10.993: (unload-airplane p13 a1 l1-0)
10.993: (unload-airplane p22 a1 l1-0)
10.993: (unload-airplane p7 a0 l1-0)
10.993: (unload-airplane p2 a0 l1-0)
10.994: (unload-airplane p13 a1 l1-0)
10.994: (unload-airplane p15 a1 l1-0)
10.994: (unload-airplane p9 a0 l1-0)
10.994: (unload-airplane p7 a0 l1-0)
10.994: (unload-airplane p22 a1 l1-0)
10.994: (unload-airplane p7 a0 l1-0)
10.994: (unload-airplane p0 a0 l1-0)
10.994: (unload-airplane p2 a0 l1-0)
10.994: (unload-airplane p0 a0 l1-0)
10.994: (unload-airplane p17 a1 l1-0)
10.995: (unload-airplane p23 a1 l1-0)
10.995: (unload-airplane p13 a1 l1-0)
10.995: (unload-airplane p9 a0 l1-0)
10.995: (unload-airplane p2 a0 l1-0)
10.995: (unload-airplane p20 a0 l1-0)
10.995: (unload-airplane p7 a0 l1-0)
10.995: (unload-airplane p0 a0 l1-0)
10.995: (unload-airplane p9 a0 l1-0)
10.995: (unload-airplane p23 a1 l1-0)
10.995: (unload-airplane p22 a1 l1-0)
11.000: (unload-airplane p20 a0 l1-0)
11.000: (unload-airplane p0 a0 l1-0)
11.002: (unload-airplane p9 a0 l1-0)
11.002: (unload-airplane p20 a0 l1-0)
11.002: (unload-airplane p13 a1 l1-0)
11.002: (unload-airplane p17 a1 l1-0)
11.003: (unload-airplane p9 a1 l1-0)
11.003: (unload-airplane p15 a1 l1-0)
11.003: (unload-airplane p15 a1 l1-0)
11.003: (unload-airplane p13 a1 l1-0)
11.003: (unload-airplane p13 a1 l1-0)
9.999: (unload-airplane p2 a0 l1-0)
9.999: (unload-airplane p7 a0 l1-0)
9.999: (unload-airplane p17 a0 l1-0)
9.999: (unload-airplane p20 a0 l1-0)
9.999: (unload-airplane p17 a0 l1-0)
9.999: (unload-airplane p2 a0 l1-0)
10.000: (unload-airplane p7 a0 l1-0)
10.000: (unload-airplane p23 a0 l1-0)
10.001: (unload-airplane p20 a0 l1-0)
10.001: (unload-airplane p23 a0 l1-0)
10.001: (unload-airplane p0 a0 l1-0)
10.001: (unload-airplane p23 a0 l1-0)
10.001: (unload-airplane p17 a0 l1-0)
10.001: (unload-airplane p7 a0 l1-0)
10.001: (unload-airplane p0 a0 l1-0)
10.001: (unload-airplane p7 a0 l1-0)
10.001: (unload-airplane p20 a0 l1-0)
10.001: (unload-airplane p2 a0 l1-0)
10.001: (unload-airplane p20 a0 l1-0)
10.001: (unload-airplane p7 a0 l1-0)
10.009: (unload-airplane p20 a0 l1-0)
10.009: (unload-airplane p0 a0 l1-0)
10.009: (unload-airplane p2 a0 l1-0)
10.009: (unload-airplane p0 a0 l1-0)
10.009: (unload-airplane p23 a0 l1-0)
10.009: (unload-airplane p2 a0 l1-0)
10.991: (fly-airplane a2 l1-0 l0-0)
10.991: (fly-airplane a1 l1-0 l0-0)
10.991: (fly-airplane a1 l1-0 l0-0)
10.991: (fly-airplane a2 l1-0 l0-0)
10.993: (fly-airplane a0 l1-0 l0-0)
10.993: (fly-airplane a2 l1-0 l0-0)
10.993: (fly-airplane a2 l1-0 l0-0)
10.993: (fly-airplane a0 l1-0 l0-0)
10.993: (fly-airplane a0 l1-0 l0-0)
10.994: (fly-airplane a2 l1-0 l0-0)
10.994: (fly-airplane a0 l1-0 l0-0)
10.994: (fly-airplane a1 l1-0 l0-0)
10.994: (fly-airplane a2 l1-0 l0-0)
10.994: (fly-airplane a2 l1-0 l0-0)
10.994: (fly-airplane a1 l1-0 l0-0)
10.994: (fly-airplane a0 l1-0 l0-0)
10.994: (fly-airplane a2 l1-0 l0-0)
10.994: (fly-airplane a2 l1-0 l0-0)
10.994: (fly-airplane a2 l1-0 l0-0)
10.995: (fly-airplane a2 l1-0 l0-0)
10.995: (fly-airplane a0 l1-0 l0-0)
10.995: (fly-airplane a2 l1-0 l0-0)
10.995: (fly-airplane a0 l1-0 l0-0)
10.995: (fly-airplane a0 l1-0 l0-0)
10.995: (fly-airplane a2 l1-0 l0-0)
10.995: (fly-airplane a0 l1-0 l0-0)
10.995: (fly-airplane a2 l1-0 l0-0)
10.995: (fly-airplane a2 l1-0 l0-0)
10.995: (fly-airplane a0 l1-0 l0-0)
10.995: (fly-airplane a0 l1-0 l0-0)
10.995: (fly-airplane a0 l1-0 l0-0)
10.995: (fly-airplane a2 l1-0 l0-0)
10.995: (fly-airplane a2 l1-0 l0-0)
11.000: (fly-airplane a1 l1-0 l0-0)
11.000: (fly-airplane a2 l1-0 l0-0)
11.001: (fly-airplane a2 l1-0 l0-0)
11.001: (fly-airplane a1 l1-0 l0-0)
11.003: (fly-airplane a0 l1-0 l0-0)
11.003: (fly-airplane a2 l1-0 l0-0)
11.003: (fly-airplane a0 l1-0 l0-0)
11.003: (fly-airplane a2 l1-0 l0-0)
11.003: (fly-airplane a1 l1-0 l0-0)
11.003: (fly-airplane a0 l1-0 l0-0)
11.003: (fly-airplane a2 l1-0 l0-0)
11.003: (fly-airplane a1 l1-0 l0-0)
11.003: (fly-airplane a2 l1-0 l0-0)
11.003: (fly-airplane a2 l1-0 l0-0)
11.003: (fly-airplane a1 l1-0 l0-0)
11.003: (fly-airplane a0 l1-0 l0-0)
11.003: (fly-airplane a2 l1-0 l0-0)
11.003: (fly-airplane a2 l1-0 l0-0)
11.003: (fly-airplane a0 l1-0 l0-0)
11.003: (fly-airplane a2 l1-0 l0-0)
11.003: (fly-airplane a0 l1-0 l0-0)
9.996: (unload-airplane p3 a2 l0-0)
9.996: (unload-airplane p10 a2 l0-0)
9.996: (unload-airplane p6 a2 l0-0)
9.996: (unload-airplane p1 a2 l0-0)
9.996: (unload-airplane p10 a2 l0-0)
9.996: (unload-airplane p1 a2 l0-0)
9.996: (unload-airplane p8 a2 l0-0)
9.996: (unload-airplane p8 a2 l0-0)
9.996: (unload-airplane p6 a2 l0-0)
9.996: (unload-airplane p3 a2 l0-0)
9.996: (unload-airplane p1 a2 l0-0)
9.996: (unload-airplane p7 a0 l1-0)
9.996: (unload-airplane p3 a2 l0-0)
9.996: (unload-airplane p10 a2 l0-0)
9.996: (unload-airplane p23 a0 l1-0)
9.996: (unload-airplane p0 a0 l1-0)
9.996: (unload-airplane p8 a2 l0-0)
9.996: (unload-airplane p6 a2 l0-0)
9.996: (unload-airplane p3 a2 l0-0)
9.996: (unload-airplane p1 a2 l0-0)
9.996: (unload-airplane p0 a0 l1-0)
9.996: (unload-airplane p6 a2 l0-0)
9.996: (unload-airplane p8 a2 l0-0)
9.996: (unload-airplane p10 a2 l0-0)
9.996: (unload-airplane p20 a0 l1-0)
9.996: (unload-airplane p0 a0 l1-0)
9.996: (unload-airplane p1 a2 l0-0)
9.996: (unload-airplane p3 a2 l0-0)
9.996: (unload-airplane p6 a2 l0-0)
9.996: (unload-airplane p8 a2 l0-0)
9.996: (unload-airplane p10 a2 l0-0)
9.996: (unload-airplane p10 a2 l0-0)
9.996: (unload-airplane p1 a2 l0-0)
9.996: (unload-airplane p8 a2 l0-0)
9.996: (unload-airplane p6 a2 l0-0)
9.996: (unload-airplane p10 a2 l0-0)
9.996: (unload-airplane p1 a2 l0-0)
9.996: (unload-airplane p8 a2 l0-0)
9.996: (unload-airplane p6 a2 l0-0)
9.996: (unload-airplane p3 a2 l0-0)
9.996: (unload-airplane p3 a2 l0-0)
9.996: (unload-airplane p20 a0 l1-0)
9.996: (unload-airplane p2 a0 l1-0)
9.997: (unload-airplane p7 a0 l1-0)
9.997: (unload-airplane p17 a0 l1-0)
9.997: (unload-airplane p1 a2 l0-0)
9.997: (unload-airplane p3 a2 l0-0)
9.997: (unload-airplane p6 a2 l0-0)
9.997: (unload-airplane p2 a0 l1-0)
9.997: (unload-airplane p0 a0 l1-0)
9.997: (unload-airplane p1 a2 l0-0)
9.997: (unload-airplane p3 a2 l0-0)
9.997: (unload-airplane p6 a2 l0-0)
9.997: (unload-airplane p8 a2 l0-0)
9.997: (unload-airplane p10 a2 l0-0)
9.997: (unload-airplane p8 a2 l0-0)
9.997: (unload-airplane p10 a2 l0-0)
9.999: (fly-airplane a0 l1-0 l0-0)
9.999: (fly-airplane a2 l1-0 l0-0)
9.999: (fly-airplane a2 l1-0 l0-0)
9.999: (fly-airplane a0 l1-0 l0-0)
9.999: (fly-airplane a2 l1-0 l0-0)
10.000: (unload-airplane p3 a2 l0-0)
10.000: (unload-airplane p20 a0 l1-0)
10.000: (unload-airplane p7 a0 l1-0)
10.000: (unload-airplane p1 a2 l0-0)
10.000: (unload-airplane p10 a2 l0-0)
10.000: (unload-airplane p8 a2 l0-0)
10.000: (unload-airplane p6 a2 l0-0)
10.000: (unload-airplane p3 a2 l0-0)
10.000: (unload-airplane p17 a0 l1-0)
10.000: (unload-airplane p20 a0 l1-0)
10.000: (unload-airplane p6 a2 l0-0)
10.000: (unload-airplane p10 a2 l0-0)
10.000: (unload-airplane p8 a2 l0-0)
10.000: (unload-airplane p1 a2 l0-0)
10.000: (unload-airplane p10 a2 l0-0)
10.000: (unload-airplane p3 a2 l0-0)
10.000: (unload-airplane p8 a2 l0-0)
10.000: (unload-airplane p1 a2 l0-0)
8.995: (unload-airplane p1 a2 l0-0)
8.995: (unload-airplane p6 a2 l0-0)
8.995: (unload-airplane p8 a2 l0-0)
8.995: (unload-airplane p10 a2 l0-0)
8.995: (unload-airplane p10 a2 l0-0)
8.995: (unload-airplane p1 a2 l0-0)
8.995: (unload-airplane p3 a2 l0-0)
8.995: (unload-airplane p8 a2 l0-0)
8.995: (unload-airplane p1 a2 l0-0)
8.995: (unload-airplane p6 a2 l0-0)
8.995: (unload-airplane p8 a2 l0-0)
8.995: (unload-airplane p10 a2 l0-0)
8.995: (unload-airplane p6 a2 l0-0)
8.995: (unload-airplane p2 a0 l1-0)
8.995: (unload-airplane p20 a0 l1-0)
8.995: (unload-airplane p3 a2 l0-0)
8.995: (unload-airplane p10 a2 l0-0)
8.995: (unload-airplane p8 a2 l0-0)
8.995: (unload-airplane p1 a2 l0-0)
8.995: (unload-airplane p20 a0 l1-0)
8.995: (unload-airplane p1 a2 l0-0)
8.995: (unload-airplane p2 a0 l1-0)
8.995: (unload-airplane p3 a2 l0-0)
8.995: (unload-airplane p6 a2 l0-0)
8.995: (unload-airplane p8 a2 l0-0)
8.995: (unload-airplane p20 a0 l1-0)
8.995: (unload-airplane p2 a0 l1-0)
8.995: (unload-airplane p3 a2 l0-0)
8.995: (unload-airplane p1 a2 l0-0)
8.995: (unload-airplane p20 a0 l1-0)
8.995: (unload-airplane p2 a0 l1-0)
8.995: (unload-airplane p10 a2 l0-0)
8.995: (unload-airplane p6 a2 l0-0)
8.995: (unload-airplane p10 a2 l0-0)
8.995: (unload-airplane p1 a2 l0-0)
8.995: (unload-airplane p3 a2 l0-0)
8.995: (unload-airplane p8 a2 l0-0)
8.995: (unload-airplane p8 a2 l0-0)
8.995: (unload-airplane p1 a2 l0-0)
8.995: (unload-airplane p3 a2 l0-0)
8.995: (unload-airplane p6 a2 l0-0)
8.995: (unload-airplane p8 a2 l0-0)
8.995: (unload-airplane p17 a0 l1-0)
8.995: (unload-airplane p7 a0 l1-0)
8.995: (unload-airplane p10 a2 l0-0)
8.995: (unload-airplane p10 a2 l0-0)
8.995: (unload-airplane p6 a2 l0-0)
8.995: (unload-airplane p3 a2 l0-0)
8.995: (unload-airplane p17 a0 l1-0)
8.995: (unload-airplane p7 a0 l1-0)
8.996: (unload-airplane p1 a2 l0-0)
8.996: (unload-airplane p3 a2 l0-0)
8.996: (unload-airplane p6 a2 l0-0)
8.996: (unload-airplane p6 a2 l0-0)
8.996: (unload-airplane p8 a2 l0-0)
8.996: (unload-airplane p10 a2 l0-0)
8.996: (unload-airplane p10 a2 l0-0)
8.996: (unload-airplane p3 a2 l0-0)
8.996: (unload-airplane p10 a2 l0-0)
8.996: (unload-airplane p8 a2 l0-0)
8.996: (unload-airplane p6 a2 l0-0)
8.996: (unload-airplane p1 a2 l0-0)
8.996: (unload-airplane p10 a2 l0-0)
8.996: (unload-airplane p17 a0 l1-0)
8.996: (unload-airplane p8 a2 l0-0)
8.996: (unload-airplane p3 a2 l0-0)
8.996: (unload-airplane p1 a2 l0-0)
8.996: (unload-airplane p7 a0 l1-0)
8.996: (unload-airplane p3 a2 l0-0)
8.996: (unload-airplane p10 a2 l0-0)
8.996: (unload-airplane p8 a2 l0-0)
8.996: (unload-airplane p6 a2 l0-0)
8.996: (unload-airplane p2 a0 l1-0)
8.996: (unload-airplane p0 a0 l1-0)
8.996: (unload-airplane p0 a0 l1-0)
8.996: (unload-airplane p2 a0 l1-0)
8.996: (unload-airplane p1 a2 l0-0)
8.996: (unload-airplane p6 a2 l0-0)
8.996: (unload-airplane p2 a0 l1-0)
8.996: (unload-airplane p0 a0 l1-0)
7.993: (unload-airplane p10 a2 l0-0)
7.993: (unload-airplane p8 a2 l0-0)
7.993: (unload-airplane p6 a2 l0-0)
7.993: (unload-airplane p3 a2 l0-0)
7.993: (unload-airplane p10 a2 l0-0)
7.993: (unload-airplane p6 a2 l0-0)
7.993: (unload-airplane p3 a2 l0-0)
7.993: (unload-airplane p3 a2 l0-0)
7.993: (unload-airplane p6 a2 l0-0)
7.993: (unload-airplane p8 a2 l0-0)
7.993: (unload-airplane p7 a0 l1-0)
7.993: (unload-airplane p10 a2 l0-0)
7.993: (unload-airplane p8 a2 l0-0)
7.993: (unload-airplane p6 a2 l0-0)
7.993: (unload-airplane p17 a0 l1-0)
7.994: (unload-airplane p1 a2 l0-0)
7.994: (unload-airplane p3 a2 l0-0)
7.994: (unload-airplane p6 a2 l0-0)
7.994: (unload-airplane p17 a0 l1-0)
7.994: (unload-airplane p7 a0 l1-0)
7.994: (unload-airplane p10 a2 l0-0)
7.994: (unload-airplane p1 a2 l0-0)
7.994: (unload-airplane p17 a0 l1-0)
7.994: (unload-airplane p7 a0 l1-0)
7.994: (unload-airplane p8 a2 l0-0)
7.994: (unload-airplane p3 a2 l0-0)
7.994: (unload-airplane p1 a2 l0-0)
7.994: (unload-airplane p10 a2 l0-0)
7.994: (unload-airplane p3 a2 l0-0)
7.994: (unload-airplane p17 a0 l1-0)
7.994: (unload-airplane p7 a0 l1-0)
7.994: (unload-airplane p8 a2 l0-0)
7.994: (unload-airplane p3 a2 l0-0)
7.994: (unload-airplane p1 a2 l0-0)
7.994: (unload-airplane p6 a2 l0-0)
7.994: (unload-airplane p8 a2 l0-0)
7.994: (unload-airplane p1 a2 l0-0)
7.994: (unload-airplane p7 a0 l1-0)
7.994: (unload-airplane p17 a0 l1-0)
7.994: (unload-airplane p7 a0 l1-0)
7.994: (unload-airplane p17 a0 l1-0)
7.994: (unload-airplane p10 a2 l0-0)
7.994: (unload-airplane p8 a2 l0-0)
7.994: (unload-airplane p1 a2 l0-0)
7.994: (unload-airplane p1 a2 l0-0)
7.994: (unload-airplane p6 a2 l0-0)
7.994: (unload-airplane p10 a2 l0-0)
7.994: (unload-airplane p3 a2 l0-0)
7.994: (unload-airplane p8 a2 l0-0)
7.994: (unload-airplane p1 a2 l0-0)
7.994: (unload-airplane p10 a2 l0-0)
7.994: (unload-airplane p10 a2 l0-0)
7.994: (unload-airplane p8 a2 l0-0)
7.994: (unload-airplane p1 a2 l0-0)
7.994: (unload-airplane p0 a0 l1-0)
7.994: (unload-airplane p2 a0 l1-0)
7.994: (unload-airplane p6 a2 l0-0)
7.994: (unload-airplane p0 a0 l1-0)
7.994: (unload-airplane p2 a0 l1-0)
7.994: (unload-airplane p6 a2 l0-0)
7.994: (unload-airplane p8 a2 l0-0)
7.994: (unload-airplane p0 a0 l1-0)
7.994: (unload-airplane p2 a0 l1-0)
7.994: (unload-airplane p10 a2 l0-0)
7.994: (unload-airplane p0 a0 l1-0)
7.994: (unload-airplane p3 a2 l0-0)
7.994: (unload-airplane p2 a0 l1-0)
7.994: (unload-airplane p8 a2 l0-0)
7.994: (unload-airplane p10 a2 l0-0)
7.994: (unload-airplane p6 a2 l0-0)
7.994: (unload-airplane p3 a2 l0-0)
7.994: (unload-airplane p3 a2 l0-0)
7.994: (unload-airplane p2 a0 l1-0)
7.994: (unload-airplane p0 a0 l1-0)
7.995: (unload-airplane p10 a2 l0-0)
7.995: (unload-airplane p8 a2 l0-0)
7.995: (unload-airplane p6 a2 l0-0)
7.995: (unload-airplane p8 a2 l0-0)
7.995: (unload-airplane p10 a2 l0-0)
7.995: (unload-airplane p1 a2 l0-0)
6.988: (unload-airplane p1 a2 l0-0)
6.988: (unload-airplane p6 a2 l0-0)
6.988: (unload-airplane p8 a2 l0-0)
6.991: (unload-airplane p6 a2 l0-0)
6.991: (unload-airplane p10 a2 l0-0)
6.991: (unload-airplane p8 a2 l0-0)
6.991: (unload-airplane p6 a2 l0-0)
6.991: (unload-airplane p10 a2 l0-0)
6.991: (unload-airplane p10 a2 l0-0)
6.991: (unload-airplane p0 a0 l1-0)
6.991: (unload-airplane p10 a2 l0-0)
6.991: (unload-airplane p2 a0 l1-0)
6.991: (unload-airplane p6 a2 l0-0)
6.991: (unload-airplane p6 a2 l0-0)
6.991: (unload-airplane p3 a2 l0-0)
6.991: (unload-airplane p8 a2 l0-0)
6.991: (unload-airplane p3 a2 l0-0)
6.991: (unload-airplane p6 a2 l0-0)
6.991: (unload-airplane p10 a2 l0-0)
6.992: (unload-airplane p8 a2 l0-0)
6.992: (unload-airplane p8 a2 l0-0)
6.992: (unload-airplane p3 a2 l0-0)
6.992: (unload-airplane p6 a2 l0-0)
6.992: (unload-airplane p2 a0 l1-0)
6.992: (unload-airplane p0 a0 l1-0)
6.992: (unload-airplane p6 a2 l0-0)
6.992: (unload-airplane p8 a2 l0-0)
6.992: (unload-airplane p6 a2 l0-0)
6.992: (unload-airplane p3 a2 l0-0)
6.992: (unload-airplane p2 a0 l1-0)
6.992: (unload-airplane p0 a0 l1-0)
6.992: (unload-airplane p6 a2 l0-0)
6.992: (unload-airplane p3 a2 l0-0)
6.992: (unload-airplane p2 a0 l1-0)
6.992: (unload-airplane p0 a0 l1-0)
6.992: (unload-airplane p3 a2 l0-0)
6.992: (unload-airplane p10 a2 l0-0)
6.992: (unload-airplane p8 a2 l0-0)
6.992: (unload-airplane p10 a2 l0-0)
6.992: (unload-airplane p3 a2 l0-0)
6.992: (unload-airplane p10 a2 l0-0)
6.992: (unload-airplane p6 a2 l0-0)
6.992: (unload-airplane p1 a2 l0-0)
6.994: (unload-airplane p0 a0 l1-0)
6.994: (unload-airplane p8 a2 l0-0)
6.994: (unload-airplane p2 a0 l1-0)
6.994: (unload-airplane p10 a2 l0-0)
6.994: (unload-airplane p1 a2 l0-0)
6.994: (unload-airplane p2 a0 l1-0)
6.994: (unload-airplane p0 a0 l1-0)
6.994: (unload-airplane p1 a2 l0-0)
6.995: (unload-airplane p0 a0 l1-0)
6.995: (unload-airplane p2 a0 l1-0)
6.995: (unload-airplane p8 a2 l0-0)
6.995: (unload-airplane p10 a2 l0-0)
6.995: (unload-airplane p8 a2 l0-0)
6.995: (unload-airplane p3 a2 l0-0)
6.995: (unload-airplane p1 a2 l0-0)
6.995: (unload-airplane p0 a0 l1-0)
6.995: (unload-airplane p2 a0 l1-0)
6.995: (unload-airplane p8 a2 l0-0)
6.995: (unload-airplane p3 a2 l0-0)
6.995: (unload-airplane p1 a2 l0-0)
6.995: (unload-airplane p8 a2 l0-0)
6.995: (unload-airplane p10 a2 l0-0)
6.995: (unload-airplane p8 a2 l0-0)
6.995: (unload-airplane p10 a2 l0-0)
6.995: (unload-airplane p8 a2 l0-0)
6.995: (unload-airplane p10 a2 l0-0)
6.995: (unload-airplane p1 a2 l0-0)
6.995: (unload-airplane p1 a2 l0-0)
6.995: (unload-airplane p3 a2 l0-0)
6.995: (unload-airplane p8 a2 l0-0)
6.995: (unload-airplane p10 a2 l0-0)
6.995: (unload-airplane p3 a2 l0-0)
6.995: (unload-airplane p1 a2 l0-0)
6.995: (unload-airplane p3 a2 l0-0)
6.995: (unload-airplane p10 a2 l0-0)
6.995: (unload-airplane p1 a2 l0-0)
6.995: (unload-airplane p8 a2 l0-0)
5.994: (unload-airplane p10 a2 l0-0)
5.994: (unload-airplane p6 a2 l0-0)
5.994: (unload-airplane p8 a2 l0-0)
5.994: (unload-airplane p6 a2 l0-0)
5.994: (unload-airplane p10 a2 l0-0)
5.994: (unload-airplane p8 a2 l0-0)
5.994: (unload-airplane p0 a0 l1-0)
5.994: (unload-airplane p2 a0 l1-0)
5.995: (unload-airplane p6 a2 l0-0)
5.995: (unload-airplane p0 a0 l1-0)
5.995: (unload-airplane p2 a0 l1-0)
5.995: (unload-airplane p3 a2 l0-0)
5.995: (unload-airplane p10 a2 l0-0)
5.995: (unload-airplane p6 a2 l0-0)
5.995: (unload-airplane p10 a2 l0-0)
5.995: (unload-airplane p3 a2 l0-0)
5.995: (unload-airplane p0 a0 l1-0)
5.995: (unload-airplane p2 a0 l1-0)
5.995: (unload-airplane p3 a2 l0-0)
5.995: (unload-airplane p10 a2 l0-0)
5.996: (unload-airplane p3 a2 l0-0)
5.996: (unload-airplane p6 a2 l0-0)
5.996: (unload-airplane p8 a2 l0-0)
5.996: (unload-airplane p8 a2 l0-0)
5.996: (unload-airplane p3 a2 l0-0)
5.996: (unload-airplane p6 a2 l0-0)
5.996: (unload-airplane p10 a2 l0-0)
5.996: (unload-airplane p8 a2 l0-0)
5.996: (unload-airplane p6 a2 l0-0)
5.996: (unload-airplane p1 a2 l0-0)
5.996: (unload-airplane p8 a2 l0-0)
5.996: (unload-airplane p1 a2 l0-0)
6.002: (unload-airplane p8 a2 l0-0)
6.002: (unload-airplane p1 a2 l0-0)
6.002: (unload-airplane p1 a2 l0-0)
6.002: (unload-airplane p3 a2 l0-0)
6.002: (unload-airplane p8 a2 l0-0)
6.002: (unload-airplane p10 a2 l0-0)
6.002: (unload-airplane p2 a0 l1-0)
6.002: (unload-airplane p0 a0 l1-0)
6.002: (unload-airplane p1 a2 l0-0)
6.002: (unload-airplane p10 a2 l0-0)
6.003: (unload-airplane p2 a0 l1-0)
6.003: (unload-airplane p0 a0 l1-0)
6.003: (unload-airplane p1 a2 l0-0)
6.003: (unload-airplane p10 a2 l0-0)
6.003: (unload-airplane p3 a2 l0-0)
6.003: (unload-airplane p8 a2 l0-0)
6.004: (unload-airplane p1 a2 l0-0)
6.004: (unload-airplane p10 a2 l0-0)
6.004: (unload-airplane p8 a2 l0-0)
6.004: (unload-airplane p3 a2 l0-0)
6.004: (unload-airplane p1 a2 l0-0)
6.004: (unload-airplane p3 a2 l0-0)
6.004: (unload-airplane p1 a2 l0-0)
6.004: (unload-airplane p8 a2 l0-0)
6.946: (unload-airplane p1 a2 l0-0)
6.946: (unload-airplane p8 a2 l0-0)
6.947: (unload-airplane p3 a2 l0-0)
6.947: (unload-airplane p6 a2 l0-0)
6.949: (unload-airplane p10 a2 l0-0)
6.995: (fly-airplane a1 l0-0 l1-0)
6.995: (fly-airplane a2 l0-0 l1-0)
6.996: (fly-airplane a1 l0-0 l1-0)
6.996: (fly-airplane a2 l0-0 l1-0)
6.996: (fly-airplane a2 l0-0 l1-0)
6.996: (fly-airplane a1 l0-0 l1-0)
6.996: (fly-airplane a1 l0-0 l1-0)
6.996: (fly-airplane a2 l0-0 l1-0)
6.997: (fly-airplane a1 l0-0 l1-0)
6.997: (fly-airplane a1 l0-0 l1-0)
6.997: (fly-airplane a2 l0-0 l1-0)
6.997: (fly-airplane a1 l0-0 l1-0)
6.997: (fly-airplane a2 l0-0 l1-0)
6.997: (fly-airplane a2 l0-0 l1-0)
6.997: (fly-airplane a2 l0-0 l1-0)
6.997: (fly-airplane a2 l0-0 l1-0)
6.997: (fly-airplane a1 l0-0 l1-0)
6.997: (fly-airplane a1 l0-0 l1-0)
6.997: (fly-airplane a2 l0-0 l1-0)
5.924: (unload-airplane p3 a2 l0-0)
5.925: (unload-airplane p3 a2 l0-0)
5.925: (unload-airplane p6 a2 l0-0)
5.925: (unload-airplane p10 a2 l0-0)
5.925: (unload-airplane p10 a2 l0-0)
5.925: (unload-airplane p8 a2 l0-0)
5.925: (unload-airplane p8 a2 l0-0)
5.925: (unload-airplane p6 a2 l0-0)
5.927: (unload-airplane p1 a2 l0-0)
5.927: (unload-airplane p1 a2 l0-0)
5.927: (unload-airplane p1 a2 l0-0)
5.927: (unload-airplane p3 a2 l0-0)
5.927: (unload-airplane p8 a2 l0-0)
5.927: (unload-airplane p10 a2 l0-0)
5.927: (unload-airplane p2 a0 l1-0)
5.927: (unload-airplane p0 a0 l1-0)
5.993: (unload-airplane p3 a2 l0-0)
5.993: (unload-airplane p10 a2 l0-0)
5.993: (unload-airplane p2 a0 l1-0)
5.993: (unload-airplane p0 a0 l1-0)
5.993: (unload-airplane p9 a1 l1-0)
5.993: (unload-airplane p13 a1 l1-0)
5.993: (unload-airplane p22 a1 l1-0)
5.993: (unload-airplane p15 a1 l1-0)
5.993: (unload-airplane p8 a2 l0-0)
5.993: (unload-airplane p6 a2 l0-0)
5.993: (unload-airplane p9 a1 l1-0)
5.993: (unload-airplane p15 a1 l1-0)
5.993: (unload-airplane p13 a1 l1-0)
5.993: (unload-airplane p22 a1 l1-0)
5.994: (fly-airplane a1 l0-0 l1-0)
5.994: (fly-airplane a1 l0-0 l1-0)
5.994: (fly-airplane a2 l0-0 l1-0)
5.994: (fly-airplane a2 l0-0 l1-0)
5.994: (fly-airplane a1 l0-0 l1-0)
5.994: (fly-airplane a2 l0-0 l1-0)
5.994: (fly-airplane a1 l0-0 l1-0)
5.994: (fly-airplane a2 l0-0 l1-0)
5.994: (fly-airplane a1 l0-0 l1-0)
5.995: (fly-airplane a2 l0-0 l1-0)
5.995: (fly-airplane a1 l0-0 l1-0)
5.995: (fly-airplane a2 l0-0 l1-0)
5.995: (fly-airplane a1 l0-0 l1-0)
5.995: (fly-airplane a2 l0-0 l1-0)
5.995: (unload-airplane p13 a1 l1-0)
5.995: (unload-airplane p9 a1 l1-0)
5.995: (unload-airplane p15 a1 l1-0)
5.995: (unload-airplane p22 a1 l1-0)
5.995: (unload-airplane p6 a2 l0-0)
5.995: (unload-airplane p10 a2 l0-0)
5.996: (fly-airplane a2 l0-0 l1-0)
5.996: (fly-airplane a1 l0-0 l1-0)
5.996: (fly-airplane a1 l0-0 l1-0)
5.996: (fly-airplane a2 l0-0 l1-0)
5.996: (fly-airplane a1 l0-0 l1-0)
5.996: (fly-airplane a2 l0-0 l1-0)
5.996: (fly-airplane a2 l0-0 l1-0)
5.996: (fly-airplane a1 l0-0 l1-0)
5.996: (fly-airplane a1 l0-0 l1-0)
5.996: (fly-airplane a2 l0-0 l1-0)
5.996: (fly-airplane a1 l0-0 l1-0)
5.996: (fly-airplane a2 l0-0 l1-0)
5.996: (fly-airplane a1 l0-0 l1-0)
5.996: (fly-airplane a2 l0-0 l1-0)
5.998: (unload-airplane p2 a0 l1-0)
6.002: (unload-airplane p0 a0 l1-0)
6.002: (unload-airplane p10 a2 l0-0)
6.002: (unload-airplane p6 a2 l0-0)
6.002: (unload-airplane p9 a1 l1-0)
6.002: (unload-airplane p15 a1 l1-0)
6.002: (unload-airplane p22 a1 l1-0)
6.002: (unload-airplane p2 a0 l1-0)
6.002: (unload-airplane p13 a1 l1-0)
6.002: (unload-airplane p15 a1 l1-0)
6.002: (unload-airplane p22 a1 l1-0)
6.002: (unload-airplane p13 a1 l1-0)
6.002: (unload-airplane p9 a1 l1-0)
6.002: (unload-airplane p0 a0 l1-0)
6.002: (unload-airplane p2 a0 l1-0)
6.002: (unload-airplane p0 a0 l1-0)
4.987: (unload-airplane p13 a1 l1-0)
4.987: (unload-airplane p2 a0 l1-0)
4.987: (unload-airplane p9 a1 l1-0)
4.987: (unload-airplane p0 a0 l1-0)
4.987: (unload-airplane p0 a0 l1-0)
4.987: (unload-airplane p13 a1 l1-0)
4.987: (unload-airplane p22 a1 l1-0)
4.987: (unload-airplane p0 a0 l1-0)
4.987: (unload-airplane p2 a0 l1-0)
4.987: (unload-airplane p15 a1 l1-0)
4.987: (unload-airplane p22 a1 l1-0)
4.987: (unload-airplane p2 a0 l1-0)
4.988: (unload-airplane p15 a1 l1-0)
4.988: (unload-airplane p9 a1 l1-0)
4.988: (unload-airplane p6 a2 l0-0)
4.988: (unload-airplane p15 a1 l1-0)
4.988: (unload-airplane p6 a2 l0-0)
4.988: (unload-airplane p22 a1 l1-0)
4.988: (unload-airplane p6 a2 l0-0)
4.988: (unload-airplane p10 a2 l0-0)
4.988: (unload-airplane p10 a2 l0-0)
4.988: (unload-airplane p22 a1 l1-0)
4.988: (unload-airplane p13 a1 l1-0)
4.988: (unload-airplane p10 a2 l0-0)
4.988: (unload-airplane p13 a1 l1-0)
4.988: (unload-airplane p15 a1 l1-0)
4.988: (unload-airplane p13 a1 l1-0)
4.988: (unload-airplane p0 a0 l1-0)
4.988: (unload-airplane p2 a0 l1-0)
4.988: (unload-airplane p9 a1 l1-0)
4.988: (unload-airplane p9 a1 l1-0)
4.988: (unload-airplane p9 a1 l1-0)
4.988: (unload-airplane p15 a1 l1-0)
4.988: (unload-airplane p10 a2 l0-0)
4.988: (unload-airplane p6 a2 l0-0)
4.988: (unload-airplane p22 a1 l1-0)
4.988: (unload-airplane p13 a1 l1-0)
4.988: (unload-airplane p9 a1 l1-0)
4.988: (unload-airplane p15 a1 l1-0)
4.988: (unload-airplane p22 a1 l1-0)
4.991: (unload-airplane p13 a1 l1-0)
4.991: (unload-airplane p22 a1 l1-0)
4.991: (unload-airplane p9 a1 l1-0)
4.991: (unload-airplane p13 a1 l1-0)
4.991: (unload-airplane p22 a1 l1-0)
4.991: (unload-airplane p15 a1 l1-0)
4.991: (unload-airplane p13 a1 l1-0)
4.991: (unload-airplane p9 a1 l1-0)
4.991: (unload-airplane p22 a1 l1-0)
4.991: (unload-airplane p9 a1 l1-0)
4.991: (unload-airplane p15 a1 l1-0)
4.991: (unload-airplane p15 a1 l1-0)
4.991: (unload-airplane p15 a1 l1-0)
4.991: (unload-airplane p22 a1 l1-0)
4.991: (unload-airplane p13 a1 l1-0)
4.991: (unload-airplane p9 a1 l1-0)
4.991: (unload-airplane p9 a1 l1-0)
4.991: (unload-airplane p13 a1 l1-0)
4.991: (unload-airplane p22 a1 l1-0)
4.991: (unload-airplane p15 a1 l1-0)
4.992: (unload-airplane p9 a1 l1-0)
4.992: (unload-airplane p15 a1 l1-0)
4.992: (unload-airplane p13 a1 l1-0)
4.992: (unload-airplane p22 a1 l1-0)
4.992: (unload-airplane p13 a1 l1-0)
4.992: (unload-airplane p22 a1 l1-0)
4.992: (unload-airplane p15 a1 l1-0)
4.992: (unload-airplane p10 a2 l0-0)
4.992: (unload-airplane p3 a2 l0-0)
4.993: (unload-airplane p10 a2 l0-0)
4.993: (unload-airplane p3 a2 l0-0)
4.993: (unload-airplane p10 a2 l0-0)
4.993: (unload-airplane p3 a2 l0-0)
4.993: (unload-airplane p22 a1 l1-0)
4.993: (unload-airplane p9 a1 l1-0)
4.993: (unload-airplane p15 a1 l1-0)
4.993: (unload-airplane p9 a1 l1-0)
4.993: (unload-airplane p13 a1 l1-0)
4.993: (unload-airplane p15 a1 l1-0)
4.994: (unload-airplane p15 a1 l1-0)
3.984: (unload-airplane p22 a1 l1-0)
3.984: (unload-airplane p13 a1 l1-0)
3.984: (unload-airplane p15 a1 l1-0)
3.984: (unload-airplane p15 a1 l1-0)
3.984: (unload-airplane p13 a1 l1-0)
3.984: (unload-airplane p9 a1 l1-0)
3.984: (unload-airplane p15 a1 l1-0)
3.984: (unload-airplane p22 a1 l1-0)
3.984: (unload-airplane p9 a1 l1-0)
3.984: (unload-airplane p22 a1 l1-0)
3.984: (unload-airplane p13 a1 l1-0)
3.984: (unload-airplane p9 a1 l1-0)
3.985: (unload-airplane p9 a1 l1-0)
3.985: (unload-airplane p15 a1 l1-0)
3.985: (unload-airplane p22 a1 l1-0)
3.985: (unload-airplane p9 a1 l1-0)
3.985: (unload-airplane p13 a1 l1-0)
3.985: (unload-airplane p15 a1 l1-0)
3.985: (unload-airplane p15 a1 l1-0)
3.985: (unload-airplane p22 a1 l1-0)
3.985: (unload-airplane p13 a1 l1-0)
3.985: (unload-airplane p13 a1 l1-0)
3.985: (unload-airplane p22 a1 l1-0)
3.985: (unload-airplane p9 a1 l1-0)
3.985: (unload-airplane p22 a1 l1-0)
3.985: (unload-airplane p15 a1 l1-0)
3.985: (unload-airplane p3 a2 l0-0)
3.985: (unload-airplane p10 a2 l0-0)
3.985: (unload-airplane p8 a2 l0-0)
3.985: (unload-airplane p6 a2 l0-0)
3.985: (unload-airplane p22 a1 l1-0)
3.985: (unload-airplane p9 a1 l1-0)
3.985: (unload-airplane p10 a2 l0-0)
3.985: (unload-airplane p15 a1 l1-0)
3.985: (unload-airplane p9 a1 l1-0)
3.985: (unload-airplane p3 a2 l0-0)
3.985: (unload-airplane p10 a2 l0-0)
3.985: (unload-airplane p9 a1 l1-0)
3.985: (unload-airplane p22 a1 l1-0)
3.985: (unload-airplane p3 a2 l0-0)
3.985: (unload-airplane p10 a2 l0-0)
3.985: (unload-airplane p22 a1 l1-0)
3.985: (unload-airplane p3 a2 l0-0)
3.985: (unload-airplane p10 a2 l0-0)
3.985: (unload-airplane p13 a1 l1-0)
3.985: (unload-airplane p15 a1 l1-0)
3.985: (unload-airplane p3 a2 l0-0)
3.985: (unload-airplane p10 a2 l0-0)
3.985: (unload-airplane p13 a1 l1-0)
3.985: (unload-airplane p3 a2 l0-0)
3.985: (unload-airplane p13 a1 l1-0)
3.985: (unload-airplane p9 a1 l1-0)
3.987: (unload-airplane p15 a1 l1-0)
3.987: (unload-airplane p9 a1 l1-0)
3.987: (unload-airplane p13 a1 l1-0)
3.987: (unload-airplane p22 a1 l1-0)
3.987: (unload-airplane p15 a1 l1-0)
3.987: (unload-airplane p9 a1 l1-0)
3.987: (unload-airplane p22 a1 l1-0)
3.987: (unload-airplane p15 a1 l1-0)
3.987: (unload-airplane p13 a1 l1-0)
3.990: (unload-airplane p22 a1 l1-0)
3.990: (unload-airplane p9 a1 l1-0)
3.990: (unload-airplane p2 a0 l1-0)
3.990: (unload-airplane p0 a0 l1-0)
3.990: (unload-airplane p0 a0 l1-0)
3.990: (unload-airplane p2 a0 l1-0)
3.990: (unload-airplane p9 a1 l1-0)
3.990: (unload-airplane p13 a1 l1-0)
3.990: (unload-airplane p15 a1 l1-0)
3.990: (unload-airplane p22 a1 l1-0)
3.990: (unload-airplane p13 a1 l1-0)
3.990: (unload-airplane p13 a1 l1-0)
3.990: (unload-airplane p22 a1 l1-0)
3.990: (unload-airplane p15 a1 l1-0)
3.991: (unload-airplane p0 a0 l1-0)
3.991: (unload-airplane p13 a1 l1-0)
3.991: (unload-airplane p2 a0 l1-0)
3.991: (unload-airplane p15 a1 l1-0)
3.992: (unload-airplane p13 a1 l1-0)
2.988: (unload-airplane p13 a1 l1-0)
2.988: (unload-airplane p15 a1 l1-0)
2.988: (unload-airplane p9 a1 l1-0)
2.988: (unload-airplane p22 a1 l1-0)
2.988: (unload-airplane p22 a1 l1-0)
2.988: (unload-airplane p9 a1 l1-0)
2.988: (unload-airplane p15 a1 l1-0)
2.988: (unload-airplane p9 a1 l1-0)
2.989: (unload-airplane p22 a1 l1-0)
2.989: (unload-airplane p15 a1 l1-0)
2.989: (unload-airplane p9 a1 l1-0)
2.989: (unload-airplane p13 a1 l1-0)
2.990: (unload-airplane p13 a1 l1-0)
2.990: (unload-airplane p13 a1 l1-0)
2.990: (unload-airplane p9 a1 l1-0)
2.990: (unload-airplane p15 a1 l1-0)
2.990: (unload-airplane p15 a1 l1-0)
2.990: (unload-airplane p13 a1 l1-0)
2.990: (unload-airplane p9 a1 l1-0)
2.990: (unload-airplane p9 a1 l1-0)
2.990: (unload-airplane p13 a1 l1-0)
2.990: (unload-airplane p22 a1 l1-0)
2.991: (unload-airplane p3 a2 l0-0)
2.991: (unload-airplane p10 a2 l0-0)
2.991: (unload-airplane p6 a2 l0-0)
2.991: (unload-airplane p8 a2 l0-0)
2.991: (unload-airplane p3 a2 l0-0)
2.991: (unload-airplane p10 a2 l0-0)
2.991: (unload-airplane p9 a1 l1-0)
2.991: (unload-airplane p15 a1 l1-0)
2.991: (unload-airplane p3 a2 l0-0)
2.991: (unload-airplane p10 a2 l0-0)
2.991: (unload-airplane p9 a1 l1-0)
2.991: (unload-airplane p22 a1 l1-0)
2.991: (unload-airplane p9 a1 l1-0)
2.991: (unload-airplane p22 a1 l1-0)
2.991: (unload-airplane p13 a1 l1-0)
2.991: (unload-airplane p22 a1 l1-0)
2.991: (unload-airplane p22 a1 l1-0)
2.991: (unload-airplane p15 a1 l1-0)
2.991: (unload-airplane p6 a2 l0-0)
2.991: (unload-airplane p8 a2 l0-0)
2.993: (unload-airplane p15 a1 l1-0)
2.993: (unload-airplane p2 a0 l1-0)
2.993: (unload-airplane p2 a0 l1-0)
2.993: (unload-airplane p22 a1 l1-0)
2.993: (unload-airplane p2 a0 l1-0)
2.993: (unload-airplane p2 a0 l1-0)
2.993: (unload-airplane p9 a1 l1-0)
2.993: (unload-airplane p0 a0 l1-0)
2.993: (unload-airplane p0 a0 l1-0)
2.993: (unload-airplane p0 a0 l1-0)
2.993: (unload-airplane p2 a0 l1-0)
2.993: (unload-airplane p2 a0 l1-0)
2.993: (unload-airplane p15 a1 l1-0)
2.993: (unload-airplane p2 a0 l1-0)
2.993: (unload-airplane p15 a1 l1-0)
2.993: (unload-airplane p13 a1 l1-0)
2.993: (unload-airplane p22 a1 l1-0)
2.993: (unload-airplane p0 a0 l1-0)
2.993: (unload-airplane p22 a1 l1-0)
2.993: (unload-airplane p13 a1 l1-0)
2.994: (unload-airplane p17 a0 l1-0)
2.994: (unload-airplane p2 a0 l1-0)
2.994: (unload-airplane p2 a0 l1-0)
2.994: (unload-airplane p2 a0 l1-0)
2.994: (unload-airplane p17 a0 l1-0)
2.994: (unload-airplane p17 a0 l1-0)
2.994: (unload-airplane p17 a0 l1-0)
2.995: (unload-airplane p17 a0 l1-0)
2.995: (unload-airplane p17 a0 l1-0)
2.995: (unload-airplane p9 a1 l1-0)
2.995: (unload-airplane p2 a0 l1-0)
2.995: (unload-airplane p22 a1 l1-0)
2.995: (unload-airplane p0 a0 l1-0)
2.995: (unload-airplane p2 a0 l1-0)
2.996: (unload-airplane p0 a0 l1-0)
2.996: (unload-airplane p0 a0 l1-0)
2.996: (unload-airplane p15 a1 l1-0)
2.996: (unload-airplane p0 a0 l1-0)
1.997: (unload-airplane p10 a2 l0-0)
1.997: (unload-airplane p3 a2 l0-0)
1.997: (unload-airplane p3 a2 l0-0)
1.997: (unload-airplane p3 a2 l0-0)
1.997: (unload-airplane p3 a2 l0-0)
1.997: (unload-airplane p3 a2 l0-0)
1.997: (unload-airplane p8 a2 l0-0)
1.997: (unload-airplane p10 a2 l0-0)
1.997: (unload-airplane p3 a2 l0-0)
1.997: (unload-airplane p6 a2 l0-0)
1.997: (unload-airplane p10 a2 l0-0)
1.997: (unload-airplane p3 a2 l0-0)
1.998: (unload-airplane p10 a2 l0-0)
1.998: (unload-airplane p3 a2 l0-0)
1.998: (unload-airplane p6 a2 l0-0)
1.998: (unload-airplane p8 a2 l0-0)
1.998: (unload-airplane p9 a1 l1-0)
1.999: (unload-airplane p10 a2 l0-0)
1.999: (unload-airplane p10 a2 l0-0)
1.999: (unload-airplane p10 a2 l0-0)
1.999: (unload-airplane p3 a2 l0-0)
1.999: (unload-airplane p3 a2 l0-0)
1.999: (unload-airplane p3 a2 l0-0)
2.000: (unload-airplane p3 a2 l0-0)
2.000: (unload-airplane p3 a2 l0-0)
2.000: (unload-airplane p22 a1 l1-0)
2.000: (unload-airplane p9 a1 l1-0)
2.000: (unload-airplane p0 a0 l1-0)
2.001: (unload-airplane p15 a1 l1-0)
2.001: (unload-airplane p22 a1 l1-0)
2.001: (unload-airplane p8 a2 l0-0)
2.002: (unload-airplane p6 a2 l0-0)
2.002: (unload-airplane p10 a2 l0-0)
2.002: (unload-airplane p10 a2 l0-0)
2.002: (unload-airplane p10 a2 l0-0)
2.002: (unload-airplane p3 a2 l0-0)
2.002: (unload-airplane p10 a2 l0-0)
2.002: (unload-airplane p10 a2 l0-0)
2.002: (unload-airplane p10 a2 l0-0)
2.003: (unload-airplane p2 a0 l1-0)
2.071: (unload-airplane p3 a2 l0-0)
2.071: (unload-airplane p10 a2 l0-0)
2.071: (unload-airplane p9 a1 l1-0)
2.071: (unload-airplane p0 a0 l1-0)
2.072: (unload-airplane p22 a1 l1-0)
2.072: (unload-airplane p0 a0 l1-0)
2.072: (unload-airplane p15 a1 l1-0)
2.072: (unload-airplane p2 a0 l1-0)
2.072: (unload-airplane p9 a1 l1-0)
2.072: (unload-airplane p0 a0 l1-0)
2.072: (unload-airplane p17 a0 l1-0)
2.072: (unload-airplane p13 a1 l1-0)
2.072: (unload-airplane p0 a0 l1-0)
2.072: (unload-airplane p22 a1 l1-0)
2.072: (unload-airplane p22 a1 l1-0)
2.072: (unload-airplane p2 a0 l1-0)
2.072: (unload-airplane p9 a1 l1-0)
2.072: (unload-airplane p17 a0 l1-0)
2.073: (unload-airplane p9 a1 l1-0)
2.073: (unload-airplane p2 a0 l1-0)
2.073: (unload-airplane p13 a1 l1-0)
2.073: (unload-airplane p2 a0 l1-0)
2.073: (unload-airplane p15 a1 l1-0)
2.073: (unload-airplane p17 a0 l1-0)
2.073: (unload-airplane p2 a0 l1-0)
2.073: (unload-airplane p15 a1 l1-0)
2.073: (unload-airplane p22 a1 l1-0)
2.073: (unload-airplane p17 a0 l1-0)
2.073: (unload-airplane p2 a0 l1-0)
2.073: (unload-airplane p22 a1 l1-0)
2.073: (unload-airplane p2 a0 l1-0)
2.073: (unload-airplane p13 a1 l1-0)
2.073: (unload-airplane p2 a0 l1-0)
2.073: (unload-airplane p9 a1 l1-0)
2.073: (unload-airplane p10 a2 l0-0)
2.073: (unload-airplane p3 a2 l0-0)
2.074: (unload-airplane p10 a2 l0-0)
2.074: (unload-airplane p3 a2 l0-0)
2.074: (unload-airplane p13 a1 l1-0)
2.074: (unload-airplane p22 a1 l1-0)
0.990: (unload-airplane p22 a1 l1-0)
0.990: (unload-airplane p22 a1 l1-0)
0.990: (unload-airplane p13 a1 l1-0)
0.990: (unload-airplane p17 a0 l1-0)
0.990: (unload-airplane p9 a1 l1-0)
0.990: (unload-airplane p13 a1 l1-0)
0.990: (unload-airplane p0 a0 l1-0)
0.990: (unload-airplane p9 a1 l1-0)
0.990: (unload-airplane p2 a0 l1-0)
0.990: (unload-airplane p9 a1 l1-0)
0.990: (unload-airplane p22 a1 l1-0)
0.990: (unload-airplane p9 a1 l1-0)
0.990: (unload-airplane p2 a0 l1-0)
0.991: (unload-airplane p0 a0 l1-0)
0.991: (unload-airplane p15 a1 l1-0)
0.991: (unload-airplane p6 a2 l0-0)
0.991: (unload-airplane p8 a2 l0-0)
0.992: (unload-airplane p22 a1 l1-0)
0.992: (unload-airplane p15 a1 l1-0)
0.993: (unload-airplane p10 a2 l0-0)
0.993: (unload-airplane p3 a2 l0-0)
1.014: (unload-airplane p22 a1 l1-0)
1.014: (unload-airplane p9 a1 l1-0)
1.014: (unload-airplane p9 a1 l1-0)
1.014: (unload-airplane p13 a1 l1-0)
1.014: (unload-airplane p22 a1 l1-0)
1.014: (unload-airplane p15 a1 l1-0)
1.014: (unload-airplane p0 a0 l1-0)
1.014: (unload-airplane p15 a1 l1-0)
1.014: (unload-airplane p13 a1 l1-0)
1.014: (unload-airplane p15 a1 l1-0)
1.014: (unload-airplane p9 a1 l1-0)
1.014: (unload-airplane p15 a1 l1-0)
1.014: (unload-airplane p22 a1 l1-0)
1.014: (unload-airplane p17 a0 l1-0)
1.014: (unload-airplane p0 a0 l1-0)
1.014: (unload-airplane p13 a1 l1-0)
1.014: (unload-airplane p6 a2 l0-0)
1.014: (unload-airplane p10 a2 l0-0)
1.014: (unload-airplane p17 a0 l1-0)
1.014: (unload-airplane p9 a1 l1-0)
1.014: (unload-airplane p0 a0 l1-0)
1.014: (unload-airplane p22 a1 l1-0)
1.014: (unload-airplane p13 a1 l1-0)
1.014: (unload-airplane p2 a0 l1-0)
1.015: (unload-airplane p3 a2 l0-0)
1.015: (unload-airplane p3 a2 l0-0)
1.015: (unload-airplane p6 a2 l0-0)
1.015: (unload-airplane p2 a0 l1-0)
1.015: (unload-airplane p15 a1 l1-0)
1.015: (unload-airplane p0 a0 l1-0)
1.015: (unload-airplane p9 a1 l1-0)
1.015: (unload-airplane p8 a2 l0-0)
1.015: (unload-airplane p3 a2 l0-0)
1.015: (unload-airplane p6 a2 l0-0)
1.015: (unload-airplane p8 a2 l0-0)
1.015: (unload-airplane p2 a0 l1-0)
1.015: (unload-airplane p9 a1 l1-0)
1.015: (unload-airplane p13 a1 l1-0)
1.015: (unload-airplane p22 a1 l1-0)
1.015: (unload-airplane p13 a1 l1-0)
1.015: (unload-airplane p17 a0 l1-0)
1.015: (unload-airplane p2 a0 l1-0)
1.015: (unload-airplane p0 a0 l1-0)
1.015: (unload-airplane p22 a1 l1-0)
1.015: (unload-airplane p15 a1 l1-0)
1.015: (unload-airplane p2 a0 l1-0)
1.015: (unload-airplane p17 a0 l1-0)
1.015: (unload-airplane p8 a2 l0-0)
1.015: (unload-airplane p10 a2 l0-0)
1.015: (unload-airplane p10 a2 l0-0)
1.015: (unload-airplane p3 a2 l0-0)
1.015: (unload-airplane p10 a2 l0-0)
1.015: (unload-airplane p3 a2 l0-0)
1.016: (unload-airplane p10 a2 l0-0)
1.016: (unload-airplane p3 a2 l0-0)
1.994: (fly-airplane a2 l0-0 l1-0)
1.994: (fly-airplane a2 l0-0 l1-0)
1.994: (fly-airplane a2 l0-0 l1-0)
1.994: (fly-airplane a2 l0-0 l1-0)
0.011: (unload-airplane p17 a0 l1-0)
[Final] Expanded: 1707, Generated: 100103
Found a solution of length 33!
   1: (load-airplane p3 a2 l1-0)
   2: (load-airplane p0 a0 l0-0)
   3: (load-airplane p7 a0 l0-0)
   4: (load-airplane p2 a0 l0-0)
   5: (load-airplane p20 a0 l0-0)
   6: (load-airplane p22 a1 l0-0)
   7: (load-airplane p1 a2 l1-0)
   8: (load-airplane p10 a2 l1-0)
   9: (load-airplane p8 a2 l1-0)
  10: (load-airplane p6 a2 l1-0)
  11: (load-airplane p15 a1 l0-0)
  12: (load-airplane p17 a0 l0-0)
  13: (load-airplane p23 a0 l0-0)
  14: (load-airplane p13 a1 l0-0)
  15: (load-airplane p9 a1 l0-0)
  16: (fly-airplane a0 l0-0 l1-0)
  17: (unload-airplane p23 a0 l1-0)
  18: (unload-airplane p0 a0 l1-0)
  19: (unload-airplane p2 a0 l1-0)
  20: (unload-airplane p20 a0 l1-0)
  21: (fly-airplane a2 l1-0 l0-0)
  22: (unload-airplane p6 a2 l0-0)
  23: (unload-airplane p10 a2 l0-0)
  24: (unload-airplane p7 a0 l1-0)
  25: (unload-airplane p8 a2 l0-0)
  26: (unload-airplane p1 a2 l0-0)
  27: (fly-airplane a1 l0-0 l1-0)
  28: (unload-airplane p13 a1 l1-0)
  29: (unload-airplane p15 a1 l1-0)
  30: (unload-airplane p9 a1 l1-0)
  31: (unload-airplane p3 a2 l0-0)
  32: (unload-airplane p22 a1 l1-0)
  33: (unload-airplane p17 a0 l1-0)
