Torch: 2.12.0+cu130
Using GPU:  NVIDIA L40S
[Bellman] signal=bellman lambda=2.0 k=4 err_scale=3.0 w_max=0.95
/u/ibrahim.eisawy/Neural-Guided-Search/venv/lib/python3.10/site-packages/pymimir_rgnn/model.py:162: UserWarning: index_reduce() is in beta and the API may change at any time. (Triggered internally at /pytorch/aten/src/ATen/native/cuda/Indexing.cu:1541.)
  exps_max.index_reduce_(0, output_indices, output_messages, reduce="amax", include_self=False)
  [sim 500] root visits=500, unique states=1035, generated=1034, iqn_calls=1966
  [sim 1000] root visits=1000, unique states=1983, generated=1982, iqn_calls=3791
  [sim 1500] root visits=1500, unique states=2884, generated=2883, iqn_calls=5730
  [sim 2000] root visits=2000, unique states=3726, generated=3725, iqn_calls=7329
  [sim 2500] root visits=2500, unique states=4484, generated=4483, iqn_calls=8807
  [sim 3000] root visits=3000, unique states=5534, generated=5533, iqn_calls=10769
  [sim 3500] root visits=3500, unique states=6203, generated=6202, iqn_calls=12074
  [sim 4000] root visits=4000, unique states=6923, generated=6922, iqn_calls=13414
  [sim 4500] root visits=4500, unique states=7748, generated=7747, iqn_calls=14925
  [sim 5000] root visits=5000, unique states=8425, generated=8424, iqn_calls=16185
  [sim 5500] root visits=5500, unique states=9163, generated=9162, iqn_calls=17532
  [sim 6000] root visits=6000, unique states=9881, generated=9880, iqn_calls=18901
  [sim 6500] root visits=6500, unique states=10543, generated=10542, iqn_calls=20166
  [sim 7000] root visits=7000, unique states=11254, generated=11253, iqn_calls=21467
  [sim 7500] root visits=7500, unique states=11920, generated=11919, iqn_calls=22782
  [sim 8000] root visits=8000, unique states=12598, generated=12597, iqn_calls=24098
  [sim 8500] root visits=8500, unique states=13275, generated=13274, iqn_calls=25424
  [sim 9000] root visits=9000, unique states=13966, generated=13965, iqn_calls=26816
  [sim 9500] root visits=9500, unique states=14692, generated=14691, iqn_calls=28174
  [sim 10000] root visits=10000, unique states=15391, generated=15390, iqn_calls=29491
  [sim 10500] root visits=10500, unique states=16048, generated=16047, iqn_calls=30758
  [sim 11000] root visits=11000, unique states=16790, generated=16789, iqn_calls=32152
  [sim 11500] root visits=11500, unique states=17489, generated=17488, iqn_calls=33456
  [sim 12000] root visits=12000, unique states=18169, generated=18168, iqn_calls=34719
  [sim 12500] root visits=12500, unique states=18982, generated=18981, iqn_calls=36215
  [sim 13000] root visits=13000, unique states=19729, generated=19728, iqn_calls=37668
  [sim 13500] root visits=13500, unique states=20558, generated=20557, iqn_calls=39179
  [sim 14000] root visits=14000, unique states=21382, generated=21381, iqn_calls=40817
  [sim 14500] root visits=14500, unique states=22180, generated=22179, iqn_calls=42324
  [sim 15000] root visits=15000, unique states=22901, generated=22900, iqn_calls=43681
  [sim 15500] root visits=15500, unique states=23665, generated=23664, iqn_calls=45114
  [sim 16000] root visits=16000, unique states=24375, generated=24374, iqn_calls=46484
  [sim 16500] root visits=16500, unique states=25052, generated=25051, iqn_calls=47823
  [sim 17000] root visits=17000, unique states=25762, generated=25761, iqn_calls=49237
[Final] Expanded: 25852, Generated: 25852
[Cost] IQN forward calls (Bellman signal): 49407
[Widen] nodes widened: 10543, mean w: 0.8835
[search done] simulations=17065, unique states generated=25852
Failed to find a solution!
