/u/ibrahim.eisawy/Neural-Guided-Search/venv/lib/python3.10/site-packages/pymimir_rgnn/model.py:151: UserWarning: index_reduce() is in beta and the API may change at any time. (Triggered internally at /pytorch/aten/src/ATen/native/cuda/Indexing.cu:1541.)
  max_msg.index_reduce_(0, output_indices, output_messages, reduce='amax', include_self=True)
Torch: 2.12.0+cu130
Using GPU:  NVIDIA L40S
848.308: (move f1-0f f2-0f)
898.049: (move f1-0f f0-0f)
930.037: (move f2-0f f3-0f)
inf: (move f2-0f f1-0f)
inf: (move f0-0f f1-0f)
848.849: (move f3-0f f4-0f)
927.988: (pickup-laser f3-0f)
930.036: (pickup-bomb f3-0f)
inf: (move f3-0f f2-0f)
836.560: (move f3-0f f2-0f)
837.051: (move f3-0f f4-0f)
848.307: (move f3-0f f2-0f)
848.850: (move f3-0f f4-0f)
865.255: (move f4-0f f5-0f)
936.815: (fire-laser f3-0f f3-1f)
inf: (move f4-0f f3-0f)
inf: (putdown-laser f3-0f)
inf: (fire-laser f3-0f f2-0f)
inf: (fire-laser f3-0f f4-0f)
833.961: (fire-laser f2-0f f2-1f)
834.278: (fire-laser f4-0f f4-1f)
841.364: (putdown-laser f2-0f)
841.872: (putdown-laser f4-0f)
851.901: (move f3-0f f4-0f)
852.098: (move f3-0f f3-1f)
852.337: (move f3-0f f2-0f)
856.439: (move f2-0f f1-0f)
858.396: (move f4-0f f5-0f)
863.197: (move f2-0f f1-0f)
865.246: (move f4-0f f5-0f)
895.020: (move f5-0f f6-0f)
938.944: (putdown-laser f3-0f)
inf: (fire-laser f4-0f f3-0f)
inf: (fire-laser f4-0f f5-0f)
inf: (move f4-0f f3-0f)
inf: (move f2-0f f3-0f)
inf: (move f4-0f f3-0f)
inf: (move f5-0f f4-0f)
inf: (fire-laser f2-0f f3-0f)
838.469: (putdown-laser f2-0f)
838.552: (putdown-laser f4-0f)
848.875: (fire-laser f4-0f f4-1f)
849.607: (fire-laser f2-0f f2-1f)
850.501: (fire-laser f3-1f f4-1f)
850.611: (move f2-0f f2-1f)
850.682: (fire-laser f3-1f f2-1f)
851.008: (move f4-0f f4-1f)
855.457: (move f2-0f f1-0f)
855.677: (putdown-laser f4-0f)
855.941: (fire-laser f1-0f f1-1f)
856.088: (putdown-laser f2-0f)
856.659: (fire-laser f3-1f f3-2f)
857.076: (move f4-0f f5-0f)
857.315: (putdown-laser f3-1f)
859.424: (fire-laser f5-0f f5-1f)
859.510: (move f3-0f f3-1f)
859.852: (move f3-0f f4-0f)
860.188: (move f3-0f f2-0f)
861.615: (move f2-0f f1-0f)
833.864: (move f1-0f f2-0f)
835.457: (move f5-0f f4-0f)
849.184: (fire-laser f2-1f f1-1f)
849.785: (fire-laser f3-1f f2-1f)
849.793: (fire-laser f3-1f f4-1f)
849.986: (fire-laser f4-1f f5-1f)
851.669: (fire-laser f2-1f f2-2f)
852.047: (putdown-laser f4-0f)
852.845: (putdown-laser f2-0f)
853.667: (fire-laser f4-1f f4-2f)
853.789: (fire-laser f3-1f f3-2f)
853.794: (fire-laser f3-1f f2-1f)
853.846: (fire-laser f3-1f f4-1f)
853.861: (fire-laser f3-1f f3-2f)
854.764: (fire-laser f1-0f f1-1f)
855.126: (putdown-laser f3-1f)
855.328: (putdown-laser f3-1f)
855.532: (move f2-0f f2-1f)
855.811: (move f4-0f f4-1f)
857.509: (fire-laser f5-0f f5-1f)
830.753: (fire-laser f2-0f f2-1f)
830.755: (move f2-1f f2-0f)
830.762: (move f1-0f f2-0f)
832.210: (move f5-0f f4-0f)
832.233: (move f4-1f f4-0f)
832.235: (fire-laser f4-0f f4-1f)
833.298: (move f2-1f f2-0f)
834.087: (move f4-1f f4-0f)
838.965: (putdown-laser f2-0f)
840.511: (putdown-laser f4-0f)
848.944: (fire-laser f2-1f f2-2f)
848.949: (fire-laser f2-1f f1-1f)
850.866: (fire-laser f4-1f f4-2f)
850.885: (fire-laser f4-1f f5-1f)
852.415: (fire-laser f3-1f f3-2f)
852.415: (fire-laser f3-1f f2-1f)
852.424: (fire-laser f3-1f f4-1f)
853.751: (putdown-laser f3-1f)
857.811: (putdown-laser f3-1f)
857.900: (putdown-laser f2-1f)
829.822: (move f2-1f f2-0f)
830.752: (move f4-1f f4-0f)
832.508: (move f2-1f f2-0f)
835.567: (putdown-laser f2-0f)
836.786: (putdown-laser f4-0f)
838.174: (putdown-laser f2-0f)
838.860: (putdown-laser f4-0f)
855.143: (move f2-0f f1-0f)
856.356: (putdown-laser f3-1f)
857.086: (putdown-laser f2-1f)
857.206: (move f4-0f f5-0f)
859.067: (putdown-laser f4-1f)
860.943: (move f2-0f f1-0f)
864.408: (move f4-0f f5-0f)
878.936: (fire-laser f2-1f f3-1f)
880.726: (fire-laser f4-1f f3-1f)
882.771: (move f3-1f f2-1f)
882.935: (move f3-1f f4-1f)
887.636: (move f2-1f f1-1f)
888.372: (move f3-1f f2-1f)
832.381: (move f2-1f f2-0f)
833.210: (move f4-1f f4-0f)
834.237: (putdown-laser f2-0f)
835.122: (putdown-laser f4-0f)
847.855: (move f2-1f f3-1f)
849.018: (move f4-1f f3-1f)
850.438: (move f2-1f f2-0f)
851.258: (move f4-1f f4-0f)
852.513: (move f1-1f f1-0f)
852.525: (move f2-0f f1-0f)
852.531: (fire-laser f1-0f f1-1f)
853.542: (move f2-0f f2-1f)
854.081: (move f4-0f f4-1f)
854.589: (move f4-0f f5-0f)
854.595: (fire-laser f5-0f f5-1f)
856.027: (move f2-0f f1-0f)
856.227: (move f4-1f f4-0f)
856.507: (move f2-0f f2-1f)
856.738: (move f2-1f f2-0f)
858.463: (move f4-0f f4-1f)
846.274: (fire-laser f3-1f f4-1f)
847.470: (fire-laser f3-1f f2-1f)
851.855: (putdown-laser f3-1f)
851.939: (fire-laser f3-1f f3-2f)
852.951: (fire-laser f3-1f f3-2f)
853.010: (putdown-laser f2-0f)
853.071: (putdown-laser f3-1f)
853.256: (move f2-0f f2-1f)
853.600: (move f2-0f f1-0f)
853.738: (putdown-laser f4-0f)
855.091: (move f4-0f f4-1f)
855.630: (move f4-0f f5-0f)
857.585: (move f2-0f f1-0f)
859.229: (putdown-laser f4-0f)
859.410: (move f4-0f f5-0f)
859.843: (putdown-laser f2-0f)
861.034: (putdown-laser f1-0f)
862.739: (putdown-laser f5-0f)
886.536: (move f2-1f f1-1f)
887.685: (move f4-1f f5-1f)
833.883: (move f1-0f f2-0f)
834.845: (move f5-0f f4-0f)
848.819: (fire-laser f3-1f f4-1f)
848.823: (fire-laser f3-1f f3-2f)
849.698: (putdown-laser f3-1f)
849.892: (fire-laser f3-1f f2-1f)
849.894: (fire-laser f3-1f f3-2f)
850.950: (putdown-laser f3-1f)
855.430: (putdown-laser f3-1f)
856.417: (putdown-laser f3-1f)
860.146: (move f1-1f f1-0f)
862.627: (move f5-1f f5-0f)
880.987: (move f3-1f f2-1f)
881.983: (move f3-1f f2-1f)
882.754: (move f2-0f f2-1f)
882.781: (move f3-1f f4-1f)
883.966: (move f3-1f f4-1f)
884.289: (move f3-1f f4-1f)
884.413: (move f4-0f f4-1f)
885.214: (move f3-1f f2-1f)
850.306: (move f2-0f f2-1f)
851.901: (putdown-laser f3-1f)
852.282: (move f4-0f f4-1f)
852.726: (move f2-1f f2-0f)
853.043: (putdown-laser f3-1f)
853.127: (move f2-1f f3-1f)
853.676: (move f4-1f f4-0f)
853.992: (move f4-1f f4-0f)
854.266: (move f4-1f f3-1f)
854.864: (move f2-1f f2-0f)
855.173: (move f2-1f f2-0f)
856.208: (move f4-1f f4-0f)
882.301: (move f3-1f f2-1f)
883.712: (fire-laser f4-1f f5-1f)
884.079: (move f3-1f f4-1f)
884.398: (fire-laser f2-1f f1-1f)
886.249: (move f3-1f f4-1f)
887.215: (fire-laser f2-1f f2-2f)
887.389: (move f3-1f f2-1f)
887.812: (move f3-1f f2-1f)
849.100: (move f4-1f f3-1f)
849.848: (move f2-1f f3-1f)
851.171: (move f2-1f f3-1f)
855.223: (putdown-laser f2-0f)
856.100: (putdown-laser f4-0f)
856.115: (move f4-1f f4-0f)
856.415: (move f2-1f f2-0f)
856.750: (putdown-laser f4-0f)
857.425: (putdown-laser f2-0f)
857.555: (move f2-1f f2-0f)
857.656: (putdown-laser f2-0f)
858.373: (move f2-1f f2-0f)
858.399: (move f4-1f f4-0f)
858.403: (putdown-laser f4-0f)
858.908: (move f4-1f f4-0f)
859.844: (move f2-1f f2-0f)
861.456: (move f2-1f f2-0f)
885.502: (fire-laser f2-1f f1-1f)
885.528: (fire-laser f2-1f f2-2f)
885.824: (fire-laser f4-1f f5-1f)
850.701: (move f2-1f f3-1f)
851.613: (move f4-1f f3-1f)
851.626: (fire-laser f3-1f f3-2f)
852.262: (putdown-laser f3-1f)
852.320: (fire-laser f3-1f f3-2f)
853.177: (putdown-laser f3-1f)
853.751: (fire-laser f3-1f f3-2f)
854.414: (putdown-laser f3-1f)
855.883: (move f2-1f f2-0f)
858.775: (putdown-laser f4-0f)
859.145: (putdown-laser f2-0f)
859.833: (putdown-laser f2-0f)
860.560: (putdown-laser f4-0f)
860.986: (putdown-laser f2-0f)
861.112: (move f4-1f f4-0f)
861.507: (putdown-laser f4-0f)
862.540: (putdown-laser f2-0f)
884.559: (move f3-1f f2-1f)
884.959: (move f3-1f f4-1f)
885.464: (move f3-1f f4-1f)
853.293: (fire-laser f3-1f f3-2f)
853.879: (putdown-laser f3-1f)
854.467: (putdown-laser f3-1f)
854.569: (move f2-1f f2-0f)
854.604: (move f4-1f f4-0f)
855.267: (putdown-laser f3-1f)
856.666: (putdown-laser f3-1f)
856.764: (move f4-1f f4-0f)
858.317: (putdown-laser f2-0f)
863.617: (putdown-laser f4-0f)
885.939: (move f3-1f f2-1f)
886.055: (move f3-1f f4-1f)
886.585: (move f3-1f f4-1f)
886.671: (move f3-1f f2-1f)
886.758: (move f3-1f f4-1f)
888.729: (move f2-0f f2-1f)
888.784: (move f3-1f f2-1f)
888.948: (move f4-0f f4-1f)
889.839: (move f2-0f f2-1f)
890.364: (move f4-0f f4-1f)
854.263: (move f2-1f f3-1f)
855.271: (move f4-1f f3-1f)
855.344: (move f4-1f f3-1f)
856.072: (putdown-laser f3-1f)
856.130: (move f2-1f f3-1f)
856.289: (move f4-1f f4-0f)
856.964: (putdown-laser f4-0f)
856.983: (putdown-laser f2-0f)
859.186: (putdown-laser f4-0f)
859.365: (move f2-1f f2-0f)
859.491: (move f4-1f f4-0f)
861.430: (move f2-1f f2-0f)
861.550: (move f4-1f f4-0f)
863.562: (move f2-1f f2-0f)
887.062: (fire-laser f2-1f f1-1f)
887.072: (fire-laser f2-1f f2-2f)
887.085: (move f3-1f f2-1f)
887.576: (move f3-1f f4-1f)
890.891: (move f2-0f f2-1f)
892.045: (move f4-0f f4-1f)
856.074: (move f2-1f f3-1f)
857.835: (move f4-1f f3-1f)
858.615: (putdown-laser f4-0f)
860.888: (move f2-1f f2-0f)
861.177: (move f4-1f f4-0f)
861.559: (putdown-laser f2-0f)
861.599: (putdown-laser f4-0f)
863.729: (putdown-laser f4-0f)
864.066: (putdown-laser f2-0f)
866.032: (putdown-laser f2-0f)
883.865: (move f3-1f f4-1f)
884.215: (move f3-1f f2-1f)
884.943: (move f3-1f f4-1f)
884.944: (move f3-1f f2-1f)
889.901: (move f2-0f f2-1f)
890.208: (move f4-0f f4-1f)
890.745: (move f4-0f f4-1f)
894.576: (move f3-1f f2-1f)
895.052: (move f3-1f f4-1f)
895.700: (putdown-laser f2-1f)
854.449: (move f2-1f f3-1f)
855.283: (move f4-1f f3-1f)
856.622: (move f4-1f f3-1f)
857.885: (move f2-1f f3-1f)
861.433: (move f4-1f f4-0f)
861.524: (move f2-1f f2-0f)
863.063: (putdown-laser f2-0f)
863.272: (putdown-laser f4-0f)
865.806: (move f2-1f f2-0f)
866.201: (move f4-1f f4-0f)
867.087: (move f2-1f f2-0f)
867.331: (move f2-1f f2-0f)
867.360: (move f4-1f f4-0f)
884.304: (move f3-1f f4-1f)
885.172: (move f3-1f f2-1f)
891.392: (move f4-0f f4-1f)
892.287: (move f2-0f f2-1f)
892.870: (move f4-0f f4-1f)
892.987: (move f4-0f f4-1f)
893.143: (move f2-0f f2-1f)
856.063: (move f4-1f f3-1f)
857.018: (move f2-1f f3-1f)
857.729: (move f4-1f f3-1f)
858.497: (move f2-1f f3-1f)
859.182: (move f4-1f f3-1f)
862.832: (move f4-1f f4-0f)
866.340: (move f2-1f f2-0f)
881.906: (move f3-1f f4-1f)
882.684: (move f3-1f f2-1f)
885.307: (move f3-1f f2-1f)
892.714: (move f3-1f f4-1f)
893.476: (move f2-0f f2-1f)
893.924: (move f4-0f f4-1f)
894.465: (move f2-0f f1-0f)
896.538: (move f4-0f f5-0f)
898.242: (move f4-1f f4-2f)
898.247: (move f4-1f f4-2f)
898.315: (move f4-1f f5-1f)
898.576: (move f4-1f f5-1f)
900.269: (move f2-0f f1-0f)
858.596: (move f4-1f f3-1f)
858.608: (move f2-1f f3-1f)
862.705: (move f4-1f f4-0f)
863.046: (move f2-1f f2-0f)
865.080: (move f2-1f f2-0f)
866.195: (move f4-1f f4-0f)
883.669: (move f3-1f f4-1f)
883.829: (move f3-1f f2-1f)
884.479: (move f3-1f f2-1f)
885.773: (move f3-1f f4-1f)
886.461: (move f3-1f f2-1f)
894.736: (move f4-1f f5-1f)
895.048: (move f2-1f f1-1f)
895.570: (move f2-1f f2-2f)
897.110: (move f4-0f f5-0f)
897.135: (move f5-1f f5-0f)
897.691: (move f1-0f f1-1f)
898.333: (move f5-0f f5-1f)
900.051: (move f5-1f f5-0f)
901.052: (move f2-0f f1-0f)
862.532: (move f2-1f f2-0f)
866.275: (move f4-1f f4-0f)
868.445: (move f4-1f f4-0f)
868.695: (move f2-1f f2-0f)
870.877: (move f2-1f f2-0f)
884.961: (move f3-1f f2-1f)
885.429: (move f3-1f f4-1f)
893.375: (move f2-0f f1-0f)
893.376: (move f1-1f f1-0f)
894.628: (move f5-1f f5-0f)
894.634: (move f4-0f f5-0f)
895.919: (move f2-0f f1-0f)
897.881: (move f2-1f f2-2f)
897.992: (move f2-1f f1-1f)
900.117: (move f2-1f f2-2f)
901.117: (move f4-1f f5-1f)
901.583: (move f2-1f f1-1f)
902.227: (move f4-1f f4-2f)
902.800: (move f3-1f f3-2f)
902.852: (move f3-1f f3-2f)
867.403: (move f2-1f f2-0f)
867.685: (move f4-1f f4-0f)
895.299: (move f1-1f f1-0f)
895.302: (move f2-0f f1-0f)
900.711: (move f1-1f f1-0f)
900.720: (move f2-0f f1-0f)
901.605: (move f5-1f f5-0f)
901.619: (move f4-0f f5-0f)
902.267: (move f3-2f f2-2f)
902.329: (move f5-0f f6-0f)
902.589: (move f3-2f f4-2f)
902.643: (move f2-1f f2-2f)
902.649: (move f3-2f f2-2f)
902.906: (move f2-2f f3-2f)
903.025: (move f4-1f f4-2f)
903.041: (move f3-2f f4-2f)
903.144: (move f2-0f f1-0f)
903.334: (move f4-0f f5-0f)
904.622: (move f2-1f f1-1f)
904.852: (move f1-0f f0-0f)
901.930: (move f3-2f f4-2f)
902.774: (move f1-1f f1-0f)
902.777: (move f2-0f f1-0f)
904.504: (move f5-0f f5-1f)
904.534: (move f4-0f f5-0f)
906.499: (move f6-0f f7-0f)
907.782: (move f1-0f f0-0f)
908.236: (move f5-0f f6-0f)
909.719: (move f5-0f f6-0f)
911.032: (move f1-0f f0-0f)
911.985: (move f1-0f f0-0f)
969.746: (move f4-0f f3-0f)
969.988: (move f2-0f f3-0f)
inf: (move f3-2f f3-1f)
inf: (move f0-0f f1-0f)
inf: (move f1-1f f2-1f)
inf: (move f2-0f f2-1f)
inf: (move f4-0f f4-1f)
inf: (move f1-0f f2-0f)
inf: (move f5-0f f4-0f)
904.953: (move f5-0f f5-1f)
910.922: (move f5-0f f6-0f)
912.390: (move f6-0f f7-0f)
913.647: (move f6-0f f7-0f)
914.180: (move f1-0f f0-0f)
969.740: (pickup-bomb f3-0f)
969.979: (pickup-bomb f3-0f)
inf: (move f3-0f f3-1f)
inf: (move f4-2f f4-1f)
inf: (move f3-0f f4-0f)
inf: (move f3-0f f2-0f)
inf: (move f3-0f f3-1f)
inf: (move f3-0f f4-0f)
inf: (move f3-0f f2-0f)
inf: (move f0-0f f1-0f)
inf: (move f0-0f f1-0f)
inf: (move f6-0f f5-0f)
inf: (move f6-0f f5-0f)
inf: (move f0-0f f1-0f)
inf: (move f7-0f f6-0f)
858.599: (move f3-0f f3-1f)
858.615: (move f3-0f f3-1f)
863.066: (move f3-0f f2-0f)
863.281: (move f3-0f f4-0f)
867.411: (move f3-0f f2-0f)
867.690: (move f3-0f f4-0f)
914.847: (move f6-0f f7-0f)
inf: (move f5-1f f4-1f)
inf: (move f5-1f f5-0f)
inf: (move f6-0f f5-0f)
inf: (move f7-0f f6-0f)
inf: (move f7-0f f6-0f)
inf: (move f0-0f f1-0f)
884.956: (move f2-0f f2-1f)
884.961: (move f3-1f f2-1f)
885.425: (move f4-0f f4-1f)
885.428: (move f3-1f f4-1f)
893.481: (move f2-0f f2-1f)
893.481: (move f3-1f f2-1f)
893.934: (move f4-0f f4-1f)
893.935: (move f3-1f f4-1f)
902.769: (move f2-0f f1-0f)
902.799: (move f3-1f f3-2f)
902.852: (move f3-1f f3-2f)
904.525: (move f4-0f f5-0f)
905.294: (move f2-0f f1-0f)
906.937: (move f4-0f f5-0f)
inf: (move f2-0f f3-0f)
inf: (move f4-0f f3-0f)
inf: (move f3-1f f3-0f)
inf: (move f2-0f f3-0f)
inf: (move f4-0f f3-0f)
inf: (move f3-1f f3-0f)
902.250: (move f2-1f f2-2f)
902.252: (move f3-2f f2-2f)
902.577: (move f3-2f f4-2f)
902.578: (move f4-1f f4-2f)
902.643: (move f3-2f f2-2f)
902.645: (move f2-1f f2-2f)
903.027: (move f3-2f f4-2f)
903.029: (move f4-1f f4-2f)
904.555: (move f1-0f f1-1f)
904.562: (move f2-1f f1-1f)
904.624: (move f1-0f f1-1f)
904.624: (move f2-1f f1-1f)
904.842: (detonate-bomb f3-2f f3-3f)
904.894: (move f4-1f f5-1f)
904.900: (detonate-bomb f3-2f f3-3f)
904.904: (move f5-0f f5-1f)
904.945: (move f5-0f f5-1f)
904.949: (move f4-1f f5-1f)
910.922: (move f5-0f f6-0f)
910.928: (move f5-0f f6-0f)
859.162: (move f3-2f f3-1f)
859.165: (move f3-2f f3-1f)
905.114: (move f3-2f f2-2f)
905.307: (move f3-2f f2-2f)
905.402: (detonate-bomb f1-1f f0-1f)
905.444: (detonate-bomb f1-1f f0-1f)
905.481: (move f3-2f f4-2f)
905.492: (detonate-bomb f2-2f f2-3f)
905.600: (move f3-2f f4-2f)
905.850: (detonate-bomb f4-2f f4-3f)
905.874: (detonate-bomb f2-2f f2-3f)
906.280: (detonate-bomb f4-2f f4-3f)
910.173: (move f3-2f f3-3f)
910.231: (move f3-2f f3-3f)
914.807: (move f6-0f f7-0f)
914.846: (move f6-0f f7-0f)
inf: (move f2-2f f2-1f)
inf: (move f2-2f f2-1f)
inf: (move f6-0f f5-0f)
inf: (move f6-0f f5-0f)
885.781: (move f2-2f f2-1f)
885.782: (move f3-1f f2-1f)
886.221: (move f4-2f f4-1f)
886.224: (move f3-1f f4-1f)
887.551: (move f1-1f f2-1f)
889.630: (move f2-2f f2-1f)
890.209: (move f4-2f f4-1f)
894.657: (move f3-1f f2-1f)
894.659: (move f2-2f f2-1f)
895.084: (move f4-2f f4-1f)
895.090: (move f3-1f f4-1f)
895.969: (move f1-1f f2-1f)
898.145: (move f2-2f f2-1f)
898.744: (move f4-2f f4-1f)
907.190: (move f1-1f f1-0f)
909.240: (move f2-2f f3-2f)
909.277: (move f2-2f f3-2f)
909.358: (move f4-2f f3-2f)
909.416: (move f4-2f f3-2f)
909.613: (move f1-1f f1-0f)
861.319: (move f2-1f f3-1f)
861.325: (move f2-1f f3-1f)
863.059: (move f3-2f f3-1f)
863.075: (move f4-1f f3-1f)
863.160: (move f4-1f f3-1f)
863.179: (move f3-2f f3-1f)
863.398: (move f2-1f f3-1f)
863.399: (move f3-2f f3-1f)
863.408: (move f3-2f f3-1f)
863.412: (move f2-1f f3-1f)
863.676: (move f2-1f f2-0f)
863.874: (move f4-1f f4-0f)
865.306: (move f2-1f f2-0f)
865.321: (move f1-0f f2-0f)
868.041: (move f2-1f f2-0f)
868.053: (move f4-1f f4-0f)
868.115: (move f2-1f f2-0f)
868.364: (move f4-1f f4-0f)
869.746: (move f1-0f f2-0f)
869.759: (move f2-1f f2-0f)
861.604: (pickup-laser f2-0f)
861.851: (pickup-laser f4-0f)
863.231: (pickup-laser f2-0f)
865.856: (pickup-laser f2-0f)
865.923: (pickup-laser f4-0f)
887.834: (move f3-1f f4-1f)
889.591: (move f3-1f f2-1f)
889.923: (move f3-1f f4-1f)
896.260: (move f3-1f f4-1f)
898.173: (move f3-1f f2-1f)
898.416: (move f3-1f f4-1f)
903.080: (move f2-0f f1-0f)
904.799: (move f4-0f f5-0f)
905.186: (move f3-1f f3-2f)
905.284: (move f3-1f f3-2f)
905.555: (move f2-0f f1-0f)
907.130: (move f4-0f f5-0f)
909.959: (move f2-0f f1-0f)
911.589: (move f4-0f f5-0f)
967.495: (move f4-0f f3-0f)
865.501: (move f4-1f f4-0f)
867.715: (move f2-1f f2-0f)
867.756: (move f4-1f f4-0f)
869.943: (move f4-1f f4-0f)
872.061: (move f2-1f f2-0f)
872.164: (move f4-1f f4-0f)
887.679: (move f2-0f f2-1f)
888.166: (move f4-0f f4-1f)
889.640: (move f2-0f f2-1f)
891.745: (move f2-0f f2-1f)
892.385: (move f4-0f f4-1f)
903.193: (move f2-0f f1-0f)
904.688: (move f3-2f f2-2f)
904.797: (move f4-0f f5-0f)
904.970: (move f3-2f f4-2f)
904.984: (move f4-1f f4-2f)
905.039: (move f3-2f f2-2f)
905.217: (move f1-0f f1-1f)
905.494: (move f4-1f f4-2f)
905.498: (move f1-0f f1-1f)
853.831: (move f2-1f f3-1f)
853.836: (move f4-1f f3-1f)
855.997: (move f2-1f f3-1f)
857.785: (move f4-1f f3-1f)
858.075: (move f2-1f f3-1f)
863.394: (pickup-laser f4-0f)
865.578: (pickup-laser f2-0f)
865.639: (pickup-laser f4-0f)
896.263: (putdown-laser f2-1f)
896.776: (putdown-laser f4-1f)
898.274: (putdown-laser f2-1f)
900.367: (putdown-laser f2-1f)
901.044: (putdown-laser f4-1f)
905.651: (move f2-1f f2-2f)
905.837: (move f2-1f f2-2f)
906.094: (move f2-1f f1-1f)
906.097: (move f2-1f f1-1f)
906.113: (move f1-0f f1-1f)
906.217: (move f4-1f f4-2f)
906.509: (move f4-1f f5-1f)
856.379: (putdown-laser f3-1f)
858.318: (move f4-1f f3-1f)
858.452: (move f2-1f f3-1f)
858.791: (putdown-laser f3-1f)
860.513: (move f2-1f f3-1f)
860.574: (putdown-laser f3-1f)
860.871: (putdown-laser f3-1f)
862.359: (move f4-1f f3-1f)
862.608: (move f2-1f f3-1f)
866.400: (move f2-1f f2-0f)
866.552: (move f4-1f f4-0f)
868.116: (move f2-1f f2-0f)
870.697: (move f2-1f f2-0f)
870.842: (move f4-1f f4-0f)
889.921: (move f3-1f f4-1f)
889.932: (move f4-0f f4-1f)
891.793: (move f3-1f f2-1f)
891.816: (move f2-0f f2-1f)
892.072: (move f3-1f f4-1f)
892.082: (move f4-0f f4-1f)
892.424: (move f3-1f f2-1f)
892.981: (move f3-1f f4-1f)
894.795: (move f3-1f f2-1f)
895.111: (move f3-1f f4-1f)
895.264: (move f3-1f f4-1f)
896.937: (move f3-1f f2-1f)
897.142: (move f3-1f f2-1f)
897.176: (move f3-1f f4-1f)
897.400: (move f3-1f f4-1f)
898.584: (putdown-laser f4-1f)
899.244: (move f3-1f f2-1f)
899.255: (move f3-1f f2-1f)
899.546: (move f3-1f f4-1f)
899.868: (move f3-1f f4-1f)
900.434: (putdown-laser f2-1f)
900.715: (putdown-laser f4-1f)
904.517: (move f2-0f f1-0f)
906.019: (move f4-1f f4-2f)
906.360: (move f4-0f f5-0f)
908.026: (move f4-1f f5-1f)
860.450: (move f4-1f f3-1f)
862.477: (move f2-1f f3-1f)
862.534: (move f4-1f f3-1f)
866.558: (move f2-1f f2-0f)
866.901: (move f4-1f f4-0f)
867.454: (move f2-1f f2-0f)
867.719: (move f4-1f f4-0f)
868.204: (move f4-1f f4-0f)
868.500: (move f4-1f f4-0f)
869.429: (move f2-1f f2-0f)
869.603: (move f4-1f f4-0f)
870.456: (move f4-1f f4-0f)
870.485: (move f2-1f f2-0f)
870.627: (move f2-1f f2-0f)
870.709: (move f4-1f f4-0f)
871.838: (move f2-1f f2-0f)
871.842: (move f4-1f f4-0f)
872.067: (move f2-1f f2-0f)
872.070: (move f4-1f f4-0f)
905.690: (move f2-1f f2-2f)
894.679: (move f3-1f f2-1f)
896.790: (move f3-1f f2-1f)
897.521: (move f3-1f f4-1f)
901.933: (move f2-0f f1-0f)
903.739: (move f4-0f f5-0f)
907.110: (move f2-0f f1-0f)
907.434: (move f4-0f f5-0f)
907.716: (move f2-0f f1-0f)
907.978: (move f2-0f f1-0f)
908.155: (move f2-0f f1-0f)
908.210: (move f4-0f f5-0f)
908.830: (move f4-0f f5-0f)
909.004: (move f2-0f f1-0f)
909.757: (move f4-0f f5-0f)
909.792: (move f4-0f f5-0f)
910.524: (move f4-0f f5-0f)
910.845: (move f3-1f f3-2f)
911.372: (move f2-2f f3-2f)
911.451: (move f4-0f f5-0f)
912.203: (move f2-0f f1-0f)
868.190: (move f2-1f f2-0f)
870.826: (move f2-1f f2-0f)
870.973: (move f4-1f f4-0f)
906.076: (move f3-2f f4-2f)
906.369: (move f1-0f f1-1f)
906.541: (move f1-0f f1-1f)
906.805: (move f5-0f f5-1f)
908.502: (move f5-0f f5-1f)
909.045: (move f3-2f f4-2f)
909.719: (move f3-2f f2-2f)
909.728: (move f2-1f f2-2f)
910.182: (move f1-0f f1-1f)
910.188: (move f2-1f f1-1f)
910.537: (move f1-0f f1-1f)
910.643: (move f2-1f f2-2f)
910.645: (move f1-0f f1-1f)
910.675: (move f5-0f f5-1f)
910.804: (move f5-0f f5-1f)
910.979: (move f5-0f f5-1f)
911.005: (move f4-1f f4-2f)
911.644: (move f1-1f f1-0f)
911.652: (move f2-0f f1-0f)
911.990: (move f2-0f f1-0f)
913.810: (move f4-0f f5-0f)
914.778: (move f1-1f f0-1f)
914.786: (move f2-2f f3-2f)
914.969: (move f4-2f f3-2f)
918.435: (move f1-1f f0-1f)
921.333: (move f2-2f f2-3f)
921.721: (move f4-2f f4-3f)
972.756: (move f2-0f f3-0f)
974.973: (move f2-0f f3-0f)
975.573: (move f4-0f f3-0f)
inf: (move f5-1f f5-0f)
inf: (move f1-1f f1-0f)
inf: (move f1-1f f2-1f)
inf: (move f2-2f f2-1f)
inf: (move f2-0f f2-1f)
inf: (move f1-1f f1-0f)
inf: (move f1-1f f2-1f)
911.369: (move f3-2f f4-2f)
911.385: (move f3-2f f2-2f)
914.147: (move f1-0f f1-1f)
914.558: (move f5-0f f5-1f)
916.186: (move f0-1f f0-0f)
920.040: (move f0-1f f0-0f)
920.044: (move f1-0f f0-0f)
920.728: (move f5-0f f6-0f)
923.694: (move f1-0f f0-0f)
972.754: (pickup-bomb f3-0f)
974.960: (pickup-bomb f3-0f)
975.571: (pickup-bomb f3-0f)
inf: (move f3-0f f3-1f)
inf: (move f3-0f f4-0f)
inf: (move f3-0f f3-1f)
inf: (move f3-0f f2-0f)
inf: (move f3-0f f4-0f)
inf: (move f3-2f f4-2f)
inf: (move f3-0f f2-0f)
inf: (move f3-0f f4-0f)
860.445: (move f3-0f f3-1f)
862.464: (move f3-0f f3-1f)
862.540: (move f3-0f f3-1f)
868.185: (move f3-0f f2-0f)
868.222: (move f3-0f f4-0f)
870.453: (move f3-0f f2-0f)
870.477: (move f3-0f f4-0f)
870.829: (move f3-0f f2-0f)
870.966: (move f3-0f f4-0f)
924.818: (move f6-0f f7-0f)
inf: (move f6-0f f5-0f)
inf: (move f0-0f f1-0f)
inf: (move f4-2f f4-1f)
inf: (move f0-0f f0-1f)
inf: (move f0-0f f1-0f)
inf: (move f0-0f f0-1f)
inf: (move f0-0f f1-0f)
inf: (move f5-1f f5-0f)
inf: (move f5-1f f4-1f)
inf: (move f1-1f f2-1f)
894.675: (move f2-0f f2-1f)
894.678: (move f3-1f f2-1f)
896.775: (move f2-0f f2-1f)
896.790: (move f3-1f f2-1f)
897.514: (move f4-0f f4-1f)
897.520: (move f3-1f f4-1f)
898.579: (move f4-0f f4-1f)
898.589: (move f3-1f f4-1f)
900.389: (move f2-0f f2-1f)
900.398: (move f3-1f f2-1f)
900.720: (move f4-0f f4-1f)
900.720: (move f3-1f f4-1f)
908.201: (move f4-0f f5-0f)
908.997: (move f2-0f f1-0f)
910.517: (move f4-0f f5-0f)
910.845: (move f3-1f f3-2f)
911.649: (move f2-0f f1-0f)
911.988: (move f2-0f f1-0f)
913.801: (move f4-0f f5-0f)
914.779: (move f3-1f f3-2f)
909.032: (move f3-2f f4-2f)
909.039: (move f4-1f f4-2f)
909.728: (move f2-1f f2-2f)
909.734: (move f3-2f f2-2f)
910.180: (move f1-0f f1-1f)
910.188: (move f2-1f f1-1f)
910.634: (move f3-2f f2-2f)
910.643: (move f2-1f f2-2f)
911.005: (move f4-1f f4-2f)
911.352: (move f3-2f f4-2f)
911.361: (move f4-1f f4-2f)
911.387: (move f2-1f f2-2f)
911.525: (move f5-0f f5-1f)
911.527: (move f4-1f f5-1f)
912.750: (detonate-bomb f3-2f f3-3f)
913.731: (move f2-1f f1-1f)
913.741: (move f1-0f f1-1f)
913.806: (move f4-1f f5-1f)
913.809: (move f5-0f f5-1f)
914.147: (move f2-1f f1-1f)
861.031: (move f3-2f f3-1f)
912.067: (move f3-2f f4-2f)
912.372: (detonate-bomb f4-2f f4-3f)
912.533: (move f3-2f f2-2f)
912.783: (detonate-bomb f2-2f f2-3f)
914.581: (detonate-bomb f2-2f f2-3f)
914.583: (detonate-bomb f4-2f f4-3f)
914.599: (detonate-bomb f1-1f f0-1f)
914.678: (detonate-bomb f1-1f f0-1f)
914.958: (move f2-2f f3-2f)
914.965: (move f4-2f f3-2f)
917.689: (move f3-2f f3-3f)
918.428: (move f1-1f f0-1f)
921.331: (move f2-2f f2-3f)
921.715: (move f4-2f f4-3f)
inf: (move f5-1f f5-0f)
inf: (move f4-2f f4-1f)
inf: (move f1-1f f2-1f)
inf: (move f1-1f f1-0f)
inf: (move f5-1f f5-0f)
894.955: (move f3-1f f2-1f)
894.960: (move f2-2f f2-1f)
899.127: (move f4-2f f4-1f)
899.128: (move f3-1f f4-1f)
899.442: (move f2-2f f2-1f)
899.443: (move f1-1f f2-1f)
902.969: (move f1-1f f2-1f)
903.399: (move f4-2f f4-1f)
904.764: (move f2-2f f2-1f)
905.222: (move f4-2f f4-1f)
913.428: (move f1-1f f1-0f)
916.155: (detonate-bomb f3-2f f3-3f)
916.421: (move f1-1f f1-0f)
917.213: (move f2-2f f3-2f)
917.410: (move f4-2f f3-2f)
919.143: (move f4-2f f3-2f)
919.148: (move f2-2f f3-2f)
919.859: (detonate-bomb f0-1f f0-2f)
920.037: (move f0-1f f0-0f)
920.698: (detonate-bomb f2-3f f3-3f)
862.992: (move f3-2f f3-1f)
865.021: (move f2-1f f3-1f)
865.044: (move f3-2f f3-1f)
865.044: (move f3-2f f3-1f)
865.044: (move f4-1f f3-1f)
865.114: (move f2-1f f3-1f)
866.878: (move f4-1f f3-1f)
866.886: (move f3-2f f3-1f)
866.906: (move f2-1f f3-1f)
866.938: (move f3-2f f3-1f)
868.800: (move f4-1f f4-0f)
868.900: (move f2-1f f2-0f)
872.742: (move f1-0f f2-0f)
872.756: (move f2-1f f2-0f)
872.881: (move f2-1f f2-0f)
872.887: (move f1-0f f2-0f)
873.059: (move f4-1f f4-0f)
874.847: (move f4-1f f4-0f)
874.909: (move f2-1f f2-0f)
890.515: (pickup-laser f4-1f)
856.522: (move f4-1f f3-1f)
864.100: (move f4-1f f4-0f)
897.758: (move f3-1f f4-1f)
899.494: (move f3-1f f2-1f)
899.923: (move f3-1f f4-1f)
901.029: (move f3-1f f2-1f)
901.284: (move f3-1f f2-1f)
901.682: (move f3-1f f4-1f)
903.226: (move f3-1f f4-1f)
908.585: (move f4-1f f4-2f)
908.679: (move f4-0f f5-0f)
908.845: (move f4-1f f5-1f)
911.432: (move f2-0f f1-0f)
912.913: (move f4-0f f5-0f)
912.999: (move f2-0f f1-0f)
914.572: (move f4-0f f5-0f)
917.424: (move f3-1f f3-2f)
970.388: (move f2-0f f3-0f)
970.389: (move f4-0f f3-0f)
972.974: (move f3-1f f3-0f)
859.089: (putdown-laser f3-1f)
866.114: (putdown-laser f4-0f)
870.987: (move f2-1f f2-0f)
871.008: (move f3-0f f2-0f)
871.563: (move f4-1f f4-0f)
871.590: (move f3-0f f4-0f)
872.841: (move f4-1f f4-0f)
872.978: (move f2-1f f2-0f)
873.270: (move f4-1f f4-0f)
875.014: (move f4-1f f4-0f)
875.169: (move f2-1f f2-0f)
890.232: (move f3-1f f2-1f)
892.428: (pickup-laser f2-1f)
894.590: (pickup-laser f4-1f)
907.178: (move f5-1f f5-0f)
907.203: (move f4-0f f5-0f)
909.863: (move f3-1f f3-2f)
909.867: (move f4-2f f3-2f)
910.630: (fire-laser f5-1f f6-1f)
910.954: (move f1-0f f1-1f)
858.270: (move f2-1f f3-1f)
860.486: (move f4-1f f3-1f)
863.952: (move f2-1f f2-0f)
866.208: (move f2-1f f2-0f)
868.035: (move f4-1f f4-0f)
893.500: (move f5-1f f4-1f)
897.352: (move f3-1f f2-1f)
897.420: (move f4-0f f4-1f)
897.604: (move f3-1f f4-1f)
898.806: (putdown-laser f2-1f)
906.898: (move f2-1f f1-1f)
908.200: (move f3-2f f2-2f)
908.216: (move f2-1f f2-2f)
909.399: (move f2-0f f1-0f)
909.493: (move f4-0f f5-0f)
910.158: (move f5-1f f5-0f)
910.691: (move f2-1f f2-2f)
910.814: (move f4-1f f4-2f)
910.839: (move f2-1f f1-1f)
911.904: (fire-laser f5-1f f5-2f)
859.534: (move f4-1f f3-1f)
860.821: (putdown-laser f3-1f)
861.096: (move f2-1f f3-1f)
861.865: (move f4-1f f3-1f)
863.290: (putdown-laser f3-1f)
865.920: (putdown-laser f2-0f)
866.835: (move f5-0f f4-0f)
866.845: (move f4-1f f4-0f)
868.250: (putdown-laser f2-0f)
868.670: (move f2-1f f2-0f)
869.798: (move f2-1f f2-0f)
869.959: (move f4-1f f4-0f)
870.110: (putdown-laser f4-0f)
892.945: (move f3-1f f4-1f)
894.414: (move f3-1f f2-1f)
895.663: (move f5-1f f4-1f)
902.085: (putdown-laser f4-1f)
907.141: (move f2-1f f1-1f)
907.521: (move f1-1f f1-0f)
907.523: (move f2-0f f1-0f)
861.948: (move f4-1f f3-1f)
862.107: (putdown-laser f3-1f)
864.073: (move f4-1f f3-1f)
866.507: (move f4-1f f4-0f)
867.936: (move f2-1f f2-0f)
868.779: (putdown-laser f4-0f)
869.474: (move f4-1f f4-0f)
871.565: (move f4-1f f4-0f)
888.359: (move f3-1f f2-1f)
893.133: (move f3-1f f2-1f)
895.389: (move f3-1f f4-1f)
897.135: (move f2-0f f2-1f)
899.395: (move f2-0f f2-1f)
899.522: (move f3-1f f2-1f)
900.059: (move f3-1f f4-1f)
900.914: (move f4-0f f4-1f)
901.591: (putdown-laser f4-1f)
901.913: (move f3-1f f2-1f)
902.072: (move f3-1f f4-1f)
903.016: (putdown-laser f2-1f)
861.892: (move f2-1f f3-1f)
862.886: (move f4-1f f3-1f)
863.722: (move f2-1f f3-1f)
864.617: (putdown-laser f3-1f)
865.059: (move f2-1f f3-1f)
865.875: (move f4-1f f3-1f)
866.784: (move f2-1f f2-0f)
868.536: (putdown-laser f4-0f)
869.174: (move f4-1f f4-0f)
870.001: (putdown-laser f2-0f)
870.441: (move f2-1f f2-0f)
871.297: (move f4-1f f4-0f)
871.529: (putdown-laser f4-0f)
872.093: (move f2-1f f2-0f)
872.319: (move f4-1f f4-0f)
872.844: (move f2-1f f2-0f)
874.062: (move f2-1f f2-0f)
874.324: (move f4-1f f4-0f)
894.808: (move f3-1f f2-1f)
898.036: (move f3-1f f2-1f)
868.327: (move f2-1f f2-0f)
868.739: (putdown-laser f2-0f)
871.907: (move f2-1f f2-0f)
888.629: (move f3-1f f4-1f)
890.977: (move f3-1f f4-1f)
892.309: (move f3-1f f2-1f)
897.271: (move f3-1f f2-1f)
899.849: (move f3-1f f4-1f)
899.895: (move f4-0f f4-1f)
900.740: (move f2-0f f2-1f)
901.947: (move f3-1f f2-1f)
902.554: (move f4-0f f4-1f)
902.770: (move f3-1f f4-1f)
903.389: (putdown-laser f2-1f)
906.741: (move f2-0f f1-0f)
907.336: (move f3-1f f3-2f)
907.466: (move f2-0f f1-0f)
908.395: (move f4-0f f5-0f)
910.376: (move f2-0f f1-0f)
910.760: (move f3-1f f3-2f)
863.554: (move f4-1f f3-1f)
865.782: (move f2-1f f3-1f)
866.477: (move f2-1f f3-1f)
867.422: (move f4-1f f3-1f)
870.334: (putdown-laser f2-0f)
870.622: (move f4-1f f4-0f)
871.253: (move f2-1f f2-0f)
873.005: (move f4-1f f4-0f)
873.063: (move f2-1f f2-0f)
873.227: (move f4-1f f4-0f)
874.236: (move f2-1f f2-0f)
874.454: (move f2-1f f2-0f)
875.376: (move f4-1f f4-0f)
900.037: (move f2-0f f2-1f)
906.280: (move f1-0f f1-1f)
907.516: (move f3-2f f2-2f)
907.720: (move f2-1f f2-2f)
907.901: (move f4-1f f4-2f)
908.018: (move f4-1f f4-2f)
908.029: (move f3-2f f4-2f)
864.875: (move f2-1f f3-1f)
890.456: (move f3-1f f2-1f)
892.406: (move f3-1f f4-1f)
893.049: (move f3-1f f2-1f)
900.527: (move f3-1f f4-1f)
901.697: (move f2-0f f2-1f)
907.232: (move f4-0f f5-0f)
908.972: (move f2-1f f1-1f)
909.463: (move f4-0f f5-0f)
910.455: (move f2-1f f2-2f)
910.691: (move f3-1f f3-2f)
910.706: (move f4-2f f3-2f)
910.885: (move f2-0f f1-0f)
911.113: (move f4-0f f5-0f)
911.779: (move f3-1f f3-2f)
911.781: (move f2-2f f3-2f)
911.855: (move f2-0f f1-0f)
911.963: (move f2-0f f1-0f)
912.037: (move f3-1f f3-2f)
913.456: (move f2-0f f1-0f)
867.337: (move f2-1f f3-1f)
872.719: (move f2-1f f2-0f)
874.562: (move f4-1f f4-0f)
874.590: (move f4-1f f4-0f)
874.944: (move f2-1f f2-0f)
891.649: (move f3-1f f4-1f)
908.264: (move f5-0f f5-1f)
909.964: (move f1-0f f1-1f)
910.146: (move f3-2f f2-2f)
910.152: (move f2-1f f2-2f)
910.243: (move f2-1f f1-1f)
910.270: (move f2-2f f3-2f)
910.279: (move f3-1f f3-2f)
910.285: (move f3-2f f4-2f)
910.297: (move f4-1f f4-2f)
910.477: (move f5-0f f5-1f)
910.706: (move f2-1f f1-1f)
911.000: (move f2-1f f1-1f)
911.717: (move f3-2f f4-2f)
911.754: (move f1-0f f1-1f)
873.376: (move f4-1f f4-0f)
893.788: (move f3-1f f4-1f)
907.790: (move f2-0f f1-0f)
907.790: (move f1-1f f1-0f)
910.058: (move f4-1f f5-1f)
910.778: (move f3-2f f4-2f)
910.788: (move f4-1f f4-2f)
911.750: (move f4-0f f5-0f)
912.000: (move f3-1f f3-2f)
912.161: (move f1-1f f1-0f)
912.180: (move f2-0f f1-0f)
914.482: (move f1-1f f1-0f)
915.538: (move f3-2f f3-3f)
916.256: (move f4-0f f5-0f)
918.117: (move f1-1f f0-1f)
918.401: (move f1-1f f0-1f)
918.528: (move f1-1f f0-1f)
919.453: (move f1-1f f0-1f)
921.500: (move f4-2f f5-2f)
973.231: (move f2-0f f3-0f)
876.000: (move f4-1f f4-0f)
910.207: (move f4-0f f5-0f)
910.207: (move f5-1f f5-0f)
911.081: (move f5-2f f5-1f)
911.274: (move f4-1f f5-1f)
911.857: (move f4-1f f4-2f)
911.866: (move f3-2f f4-2f)
912.133: (move f3-2f f2-2f)
912.152: (move f5-0f f5-1f)
916.079: (move f5-0f f5-1f)
917.637: (move f3-2f f3-3f)
918.146: (move f5-0f f6-0f)
919.190: (move f1-0f f0-0f)
919.393: (move f5-1f f6-1f)
920.124: (move f0-1f f0-0f)
920.132: (move f0-1f f0-0f)
920.145: (move f1-0f f0-0f)
920.147: (move f1-0f f0-0f)
920.176: (move f0-1f f0-0f)
920.779: (move f0-1f f0-0f)
912.243: (move f4-0f f5-0f)
912.245: (move f5-1f f5-0f)
914.499: (move f5-1f f5-0f)
915.686: (move f6-1f f6-0f)
915.699: (move f5-0f f6-0f)
921.595: (move f4-2f f5-2f)
921.601: (move f5-1f f5-2f)
922.066: (move f6-0f f7-0f)
924.129: (move f5-1f f6-1f)
924.399: (move f5-1f f6-1f)
926.708: (move f5-1f f5-2f)
929.522: (move f5-1f f6-1f)
977.101: (move f4-0f f3-0f)
inf: (move f0-0f f1-0f)
inf: (move f0-0f f0-1f)
inf: (move f0-0f f0-1f)
inf: (move f0-0f f1-0f)
inf: (move f0-0f f0-1f)
inf: (move f0-0f f1-0f)
inf: (move f0-0f f0-1f)
916.830: (move f5-2f f4-2f)
918.537: (move f5-0f f6-0f)
918.539: (move f6-1f f6-0f)
918.651: (move f5-0f f6-0f)
918.655: (move f6-1f f6-0f)
923.478: (move f6-0f f7-0f)
923.574: (move f6-1f f6-0f)
977.101: (pickup-bomb f3-0f)
inf: (move f3-0f f3-1f)
inf: (move f5-0f f4-0f)
inf: (move f3-0f f4-0f)
inf: (move f3-0f f2-0f)
inf: (move f6-1f f5-1f)
inf: (move f5-2f f5-1f)
inf: (move f6-1f f5-1f)
inf: (move f6-1f f5-1f)
inf: (move f7-0f f6-0f)
inf: (move f5-2f f5-1f)
inf: (move f5-2f f4-2f)
inf: (move f6-0f f6-1f)
867.336: (move f3-0f f3-1f)
870.333: (move f3-0f f2-0f)
876.001: (move f3-0f f4-0f)
917.545: (move f4-2f f3-2f)
924.887: (move f6-0f f7-0f)
925.047: (move f6-0f f7-0f)
930.072: (move f6-0f f7-0f)
inf: (move f4-2f f4-1f)
inf: (move f4-2f f5-2f)
inf: (move f6-0f f5-0f)
inf: (move f6-0f f6-1f)
inf: (move f6-0f f5-0f)
inf: (move f6-0f f6-1f)
inf: (move f7-0f f6-0f)
inf: (move f6-0f f5-0f)
inf: (move f6-0f f6-1f)
893.785: (move f4-0f f4-1f)
893.788: (move f3-1f f4-1f)
901.690: (move f2-0f f2-1f)
901.693: (move f3-1f f2-1f)
912.000: (move f3-1f f3-2f)
912.242: (move f4-0f f5-0f)
914.484: (move f2-0f f1-0f)
916.393: (move f3-2f f2-2f)
922.754: (move f3-2f f3-3f)
inf: (move f2-0f f3-0f)
inf: (move f4-0f f3-0f)
inf: (move f3-1f f3-0f)
inf: (move f3-2f f3-1f)
inf: (move f3-2f f4-2f)
inf: (move f7-0f f6-0f)
inf: (move f7-0f f6-0f)
inf: (move f7-0f f6-0f)
910.703: (move f2-1f f1-1f)
910.706: (move f1-0f f1-1f)
911.273: (move f5-0f f5-1f)
911.274: (move f4-1f f5-1f)
911.856: (move f3-2f f4-2f)
911.858: (move f4-1f f4-2f)
912.132: (move f2-1f f2-2f)
912.132: (move f3-2f f2-2f)
917.638: (move f3-2f f3-3f)
918.653: (move f5-0f f6-0f)
920.144: (move f1-0f f0-0f)
inf: (move f2-1f f2-0f)
inf: (move f2-1f f3-1f)
inf: (move f3-2f f3-1f)
inf: (move f4-1f f4-0f)
inf: (move f5-0f f4-0f)
inf: (move f4-1f f3-1f)
inf: (move f1-0f f2-0f)
inf: (move f2-2f f2-1f)
inf: (move f2-2f f3-2f)
912.284: (detonate-bomb f4-2f f4-3f)
914.268: (detonate-bomb f2-2f f2-3f)
917.991: (detonate-bomb f3-3f f4-3f)
918.411: (move f1-1f f0-1f)
918.411: (move f0-0f f0-1f)
920.692: (detonate-bomb f3-3f f2-3f)
921.592: (move f5-1f f5-2f)
921.593: (move f4-2f f5-2f)
924.400: (move f5-1f f6-1f)
924.410: (move f6-0f f6-1f)
925.046: (move f6-0f f7-0f)
inf: (move f2-2f f2-1f)
inf: (move f0-0f f1-0f)
inf: (move f6-0f f5-0f)
inf: (move f3-3f f3-2f)
inf: (move f2-2f f3-2f)
inf: (move f1-1f f1-0f)
inf: (move f4-2f f3-2f)
inf: (move f4-2f f4-1f)
inf: (move f5-1f f5-0f)
895.271: (move f4-2f f4-1f)
906.404: (move f2-2f f2-1f)
914.576: (move f4-2f f3-2f)
914.577: (move f3-3f f3-2f)
917.757: (move f3-3f f3-2f)
917.759: (move f2-2f f3-2f)
919.811: (detonate-bomb f0-1f f0-2f)
922.390: (move f3-3f f4-3f)
922.390: (move f4-2f f4-3f)
922.684: (move f3-3f f2-3f)
922.684: (move f2-2f f2-3f)
923.992: (detonate-bomb f5-2f f6-2f)
925.318: (detonate-bomb f7-0f f7-1f)
925.545: (detonate-bomb f6-1f f7-1f)
925.727: (detonate-bomb f5-2f f5-3f)
926.387: (move f4-2f f5-2f)
926.937: (detonate-bomb f6-1f f6-2f)
inf: (move f0-1f f1-1f)
inf: (move f5-2f f4-2f)
inf: (move f5-2f f5-1f)
868.273: (move f4-1f f3-1f)
868.273: (move f3-2f f3-1f)
871.755: (move f2-1f f3-1f)
871.755: (move f3-2f f3-1f)
874.941: (move f2-1f f2-0f)
877.153: (move f4-1f f4-0f)
911.800: (move f0-1f f1-1f)
913.273: (move f6-1f f5-1f)
913.400: (move f5-2f f5-1f)
913.415: (move f4-1f f5-1f)
913.753: (move f3-2f f2-2f)
914.903: (move f5-2f f5-1f)
914.906: (move f6-1f f5-1f)
915.122: (move f2-1f f1-1f)
915.413: (move f5-2f f4-2f)
915.786: (move f5-2f f5-1f)
916.258: (move f5-2f f4-2f)
916.606: (move f3-2f f4-2f)
917.116: (move f0-1f f0-2f)
920.721: (move f6-1f f6-0f)
872.975: (pickup-laser f2-0f)
895.341: (move f5-1f f4-1f)
897.456: (move f4-2f f4-1f)
897.460: (move f5-1f f4-1f)
898.119: (move f4-2f f4-1f)
898.125: (move f5-1f f4-1f)
898.368: (move f4-2f f4-1f)
898.378: (move f3-1f f4-1f)
902.981: (move f2-2f f2-1f)
902.987: (move f3-1f f2-1f)
904.188: (move f1-1f f2-1f)
913.125: (move f5-1f f5-0f)
913.136: (move f4-0f f5-0f)
914.724: (move f6-0f f5-0f)
914.755: (move f5-1f f5-0f)
915.538: (move f4-2f f3-2f)
916.289: (move f5-1f f5-0f)
916.615: (move f4-2f f3-2f)
916.744: (move f5-1f f5-0f)
917.140: (move f1-1f f1-0f)
869.052: (move f4-1f f3-1f)
869.500: (move f2-1f f3-1f)
870.781: (move f3-2f f3-1f)
870.794: (move f4-1f f3-1f)
871.446: (move f3-2f f3-1f)
871.478: (move f4-1f f3-1f)
871.546: (move f2-1f f2-0f)
872.496: (move f1-0f f2-0f)
872.515: (move f2-1f f2-0f)
877.567: (move f5-0f f4-0f)
877.567: (move f4-1f f4-0f)
879.476: (move f5-0f f4-0f)
879.478: (move f4-1f f4-0f)
880.164: (move f5-0f f4-0f)
880.181: (move f4-1f f4-0f)
880.552: (move f4-1f f4-0f)
899.515: (move f2-0f f2-1f)
911.633: (move f2-1f f1-1f)
913.954: (move f4-1f f4-2f)
914.443: (move f2-1f f2-2f)
866.420: (move f2-1f f3-1f)
869.598: (pickup-laser f2-0f)
870.501: (pickup-laser f2-0f)
896.002: (move f3-1f f4-1f)
903.791: (move f3-1f f2-1f)
905.270: (move f3-1f f2-1f)
905.762: (move f3-1f f2-1f)
908.112: (putdown-laser f2-1f)
914.072: (move f4-2f f3-2f)
914.079: (move f3-1f f3-2f)
914.240: (move f2-2f f3-2f)
914.255: (move f3-1f f3-2f)
914.977: (move f2-1f f2-2f)
915.547: (move f1-1f f1-0f)
915.572: (move f2-0f f1-0f)
915.978: (move f2-1f f1-1f)
916.931: (move f4-0f f5-0f)
919.473: (move f1-1f f0-1f)
923.650: (move f4-2f f5-2f)
978.139: (move f2-0f f3-0f)
869.083: (putdown-laser f3-1f)
871.053: (move f2-1f f3-1f)
872.070: (move f2-1f f2-0f)
873.667: (move f2-1f f2-0f)
874.333: (move f2-1f f2-0f)
877.746: (move f2-1f f2-0f)
877.996: (move f4-1f f4-0f)
896.132: (move f2-0f f2-1f)
897.269: (move f2-0f f2-1f)
900.342: (move f3-1f f4-1f)
912.776: (move f2-1f f1-1f)
913.201: (move f2-0f f1-0f)
913.541: (move f4-1f f5-1f)
914.089: (move f3-2f f4-2f)
914.126: (move f4-1f f4-2f)
914.198: (move f3-2f f2-2f)
914.206: (move f2-1f f2-2f)
914.247: (move f2-1f f1-1f)
914.383: (fire-laser f2-2f f1-2f)
914.625: (fire-laser f1-1f f1-2f)
862.894: (move f2-1f f3-1f)
864.156: (move f2-1f f3-1f)
870.121: (pickup-laser f2-0f)
871.714: (pickup-laser f2-0f)
872.381: (pickup-laser f2-0f)
874.033: (move f4-1f f4-0f)
898.246: (move f2-2f f2-1f)
898.254: (move f1-1f f2-1f)
904.677: (putdown-laser f2-1f)
905.276: (move f3-1f f4-1f)
905.899: (putdown-laser f2-1f)
906.650: (move f3-1f f2-1f)
907.464: (move f3-1f f4-1f)
908.994: (putdown-laser f4-1f)
912.479: (move f2-1f f1-1f)
912.482: (move f1-0f f1-1f)
912.711: (move f2-1f f1-1f)
914.439: (move f2-1f f2-2f)
914.521: (move f5-1f f5-0f)
914.528: (move f4-0f f5-0f)
865.269: (move f2-1f f3-1f)
865.495: (putdown-laser f3-1f)
866.852: (putdown-laser f3-1f)
867.417: (move f2-1f f3-1f)
868.744: (move f2-1f f3-1f)
870.973: (move f4-1f f3-1f)
872.016: (move f2-1f f2-0f)
874.302: (move f2-1f f2-0f)
875.266: (move f2-1f f2-0f)
876.058: (putdown-laser f4-0f)
878.572: (move f4-1f f4-0f)
878.778: (move f2-1f f2-0f)
879.179: (move f4-1f f4-0f)
879.967: (move f4-1f f4-0f)
896.944: (move f2-0f f2-1f)
897.158: (move f3-1f f4-1f)
898.031: (move f3-1f f4-1f)
898.411: (move f2-0f f2-1f)
898.889: (move f2-0f f2-1f)
907.102: (putdown-laser f2-1f)
863.658: (move f2-1f f3-1f)
865.413: (move f2-1f f3-1f)
866.087: (move f2-1f f3-1f)
868.010: (putdown-laser f3-1f)
869.742: (move f2-1f f3-1f)
870.623: (move f4-1f f4-0f)
871.500: (move f4-1f f4-0f)
874.129: (putdown-laser f2-0f)
876.690: (move f2-1f f2-0f)
898.506: (move f3-1f f4-1f)
902.018: (move f3-1f f4-1f)
902.956: (move f3-1f f4-1f)
903.154: (move f3-1f f2-1f)
904.295: (move f3-1f f4-1f)
904.429: (move f3-1f f2-1f)
904.432: (move f3-1f f2-1f)
905.110: (move f3-1f f4-1f)
905.497: (putdown-laser f2-1f)
905.951: (putdown-laser f4-1f)
906.709: (putdown-laser f4-1f)
866.322: (putdown-laser f3-1f)
867.362: (move f4-1f f3-1f)
868.117: (putdown-laser f3-1f)
868.219: (move f2-1f f3-1f)
868.641: (move f4-1f f3-1f)
868.837: (putdown-laser f3-1f)
872.097: (move f4-1f f4-0f)
872.728: (putdown-laser f4-0f)
873.521: (putdown-laser f4-0f)
874.829: (move f2-1f f2-0f)
875.266: (move f4-1f f4-0f)
875.467: (move f2-1f f2-0f)
875.746: (move f4-1f f4-0f)
876.060: (move f4-1f f4-0f)
876.346: (move f2-1f f2-0f)
876.482: (move f4-1f f4-0f)
876.633: (move f4-1f f4-0f)
877.411: (move f4-1f f4-0f)
878.146: (move f2-1f f2-0f)
897.227: (move f3-1f f4-1f)
871.056: (move f4-1f f4-0f)
874.154: (putdown-laser f4-0f)
901.129: (move f3-1f f2-1f)
902.102: (move f3-1f f4-1f)
902.196: (move f3-1f f2-1f)
904.035: (move f3-1f f2-1f)
904.114: (move f4-0f f4-1f)
904.338: (move f3-1f f4-1f)
904.914: (move f4-0f f4-1f)
905.523: (move f3-1f f2-1f)
905.906: (putdown-laser f4-1f)
906.022: (move f3-1f f2-1f)
906.513: (move f3-1f f4-1f)
907.199: (move f3-1f f4-1f)
912.136: (move f4-0f f5-0f)
912.346: (move f2-0f f1-0f)
913.368: (move f2-0f f1-0f)
913.390: (move f4-0f f5-0f)
913.972: (move f4-1f f5-1f)
914.615: (move f4-1f f4-2f)
868.100: (move f4-1f f3-1f)
868.251: (move f4-1f f3-1f)
869.631: (move f4-1f f3-1f)
873.139: (putdown-laser f4-0f)
874.853: (move f2-1f f2-0f)
875.586: (move f4-1f f4-0f)
875.648: (move f2-1f f2-0f)
875.992: (move f2-1f f2-0f)
876.162: (move f4-1f f4-0f)
876.957: (move f4-1f f4-0f)
877.583: (move f2-1f f2-0f)
878.229: (move f2-1f f2-0f)
878.828: (move f4-1f f4-0f)
879.547: (move f4-1f f4-0f)
905.371: (move f4-0f f4-1f)
912.172: (move f4-1f f4-2f)
912.856: (move f1-0f f1-1f)
913.010: (move f1-0f f1-1f)
913.210: (move f4-1f f5-1f)
913.380: (move f4-1f f5-1f)
870.746: (move f4-1f f3-1f)
894.288: (move f3-1f f2-1f)
895.448: (move f3-1f f2-1f)
901.807: (move f3-1f f2-1f)
904.151: (move f4-0f f4-1f)
912.956: (move f2-0f f1-0f)
913.612: (move f4-0f f5-0f)
913.613: (move f4-1f f5-1f)
914.376: (move f3-1f f3-2f)
914.440: (move f2-0f f1-0f)
914.587: (move f3-1f f3-2f)
914.589: (move f4-2f f3-2f)
914.850: (move f4-1f f4-2f)
915.121: (move f4-0f f5-0f)
915.186: (move f2-0f f1-0f)
915.298: (move f5-1f f5-0f)
915.551: (move f4-0f f5-0f)
916.299: (move f4-0f f5-0f)
916.803: (move f5-1f f5-0f)
917.122: (move f4-0f f5-0f)
869.151: (move f4-1f f3-1f)
875.253: (move f2-1f f2-0f)
876.200: (move f2-1f f2-0f)
877.061: (move f2-1f f2-0f)
896.483: (move f3-1f f2-1f)
912.091: (move f2-1f f1-1f)
912.105: (move f2-1f f1-1f)
913.038: (move f5-0f f5-1f)
913.043: (move f4-1f f5-1f)
913.747: (move f4-1f f4-2f)
913.823: (move f1-0f f1-1f)
914.014: (move f3-2f f4-2f)
914.073: (move f3-2f f2-2f)
914.084: (move f2-1f f2-2f)
914.220: (move f5-0f f5-1f)
914.793: (move f3-2f f2-2f)
914.795: (move f2-1f f2-2f)
915.310: (move f1-0f f1-1f)
915.826: (move f5-0f f5-1f)
916.043: (move f1-0f f1-1f)
878.628: (move f2-1f f2-0f)
895.044: (move f3-1f f2-1f)
913.349: (move f1-1f f1-0f)
913.351: (move f2-0f f1-0f)
913.925: (move f2-1f f2-2f)
914.044: (move f4-2f f3-2f)
914.054: (move f3-1f f3-2f)
914.216: (move f2-1f f1-1f)
914.713: (move f2-0f f1-0f)
914.717: (move f1-1f f1-0f)
918.165: (move f2-0f f1-0f)
919.753: (move f1-1f f0-1f)
919.944: (move f1-1f f0-1f)
921.522: (move f1-1f f0-1f)
922.998: (move f1-1f f0-1f)
923.517: (move f4-2f f5-2f)
923.523: (move f5-1f f5-2f)
923.754: (move f1-1f f0-1f)
923.774: (move f4-2f f5-2f)
924.607: (move f5-1f f5-2f)
876.661: (move f2-1f f2-0f)
912.970: (move f2-1f f1-1f)
914.406: (move f3-2f f2-2f)
914.407: (move f2-1f f2-2f)
914.853: (move f5-2f f4-2f)
914.960: (move f1-1f f1-0f)
914.965: (move f2-0f f1-0f)
916.147: (move f2-2f f3-2f)
917.101: (move f0-1f f0-2f)
917.746: (move f1-0f f1-1f)
919.690: (move f3-2f f3-3f)
920.868: (move f1-0f f0-0f)
920.868: (move f0-1f f0-0f)
921.314: (move f0-1f f0-0f)
921.323: (move f1-0f f0-0f)
922.836: (move f0-1f f0-0f)
923.805: (move f2-2f f2-3f)
924.330: (move f0-1f f0-0f)
924.782: (move f1-1f f0-1f)
925.066: (move f0-1f f0-0f)
914.154: (move f1-1f f1-0f)
914.154: (move f2-0f f1-0f)
920.135: (move f4-2f f3-2f)
920.281: (move f2-3f f3-3f)
920.292: (move f3-2f f3-3f)
920.504: (move f1-1f f0-1f)
924.341: (move f0-1f f0-0f)
924.347: (move f1-0f f0-0f)
925.672: (move f1-1f f0-1f)
979.100: (move f2-0f f3-0f)
inf: (move f0-0f f0-1f)
inf: (move f0-0f f1-0f)
inf: (move f0-1f f1-1f)
inf: (move f0-0f f1-0f)
inf: (move f2-3f f2-2f)
inf: (move f0-0f f0-1f)
inf: (move f0-0f f1-0f)
inf: (move f0-0f f0-1f)
inf: (move f0-0f f1-0f)
inf: (move f0-0f f0-1f)
915.231: (move f3-2f f2-2f)
920.908: (move f3-2f f3-3f)
922.120: (move f0-1f f0-0f)
922.122: (move f1-0f f0-0f)
927.237: (move f0-1f f0-0f)
979.097: (pickup-bomb f3-0f)
inf: (move f3-0f f3-1f)
inf: (move f3-0f f4-0f)
inf: (move f3-0f f2-0f)
inf: (move f0-1f f1-1f)
inf: (move f0-0f f0-1f)
inf: (move f0-0f f1-0f)
inf: (move f0-1f f1-1f)
inf: (move f3-3f f2-3f)
inf: (move f3-3f f3-2f)
inf: (move f3-2f f4-2f)
inf: (move f3-2f f3-1f)
inf: (move f1-0f f1-1f)
inf: (move f1-0f f2-0f)
869.143: (move f3-0f f3-1f)
873.139: (move f3-0f f4-0f)
876.659: (move f3-0f f2-0f)
inf: (move f2-2f f2-1f)
inf: (move f2-2f f3-2f)
inf: (move f3-3f f3-2f)
inf: (move f0-0f f1-0f)
inf: (move f0-0f f0-1f)
inf: (move f0-0f f1-0f)
inf: (move f0-0f f0-1f)
895.044: (move f2-0f f2-1f)
895.045: (move f3-1f f2-1f)
904.152: (move f3-1f f4-1f)
904.153: (move f4-0f f4-1f)
914.054: (move f3-1f f3-2f)
914.153: (move f2-0f f1-0f)
917.121: (move f4-0f f5-0f)
inf: (move f3-1f f3-0f)
inf: (move f4-0f f3-0f)
inf: (move f2-0f f3-0f)
912.969: (move f1-0f f1-1f)
912.971: (move f2-1f f1-1f)
913.042: (move f5-0f f5-1f)
913.042: (move f4-1f f5-1f)
913.747: (move f3-2f f4-2f)
913.748: (move f4-1f f4-2f)
914.407: (move f3-2f f2-2f)
914.410: (move f2-1f f2-2f)
919.687: (move f3-2f f3-3f)
920.634: (move f5-0f f6-0f)
922.120: (move f1-0f f0-0f)
inf: (move f2-1f f3-1f)
inf: (move f4-1f f4-0f)
inf: (move f4-1f f3-1f)
inf: (move f3-2f f3-1f)
inf: (move f1-0f f2-0f)
inf: (move f5-0f f4-0f)
inf: (move f2-1f f2-0f)
914.197: (detonate-bomb f4-2f f4-3f)
916.539: (detonate-bomb f2-2f f2-3f)
920.098: (detonate-bomb f3-3f f4-3f)
920.502: (move f0-0f f0-1f)
920.506: (move f1-1f f0-1f)
922.616: (detonate-bomb f3-3f f2-3f)
923.519: (move f4-2f f5-2f)
923.519: (move f5-1f f5-2f)
925.158: (move f6-0f f7-0f)
925.232: (move f5-1f f6-1f)
925.234: (move f6-0f f6-1f)
inf: (move f2-2f f2-1f)
inf: (move f0-0f f1-0f)
inf: (move f6-0f f5-0f)
inf: (move f3-3f f3-2f)
inf: (move f2-2f f3-2f)
inf: (move f1-1f f1-0f)
inf: (move f4-2f f3-2f)
inf: (move f4-2f f4-1f)
inf: (move f5-1f f5-0f)
899.717: (move f2-2f f2-1f)
905.694: (move f4-2f f4-1f)
916.593: (move f4-2f f3-2f)
916.596: (move f3-3f f3-2f)
919.834: (move f3-3f f3-2f)
919.835: (move f2-2f f3-2f)
921.920: (detonate-bomb f0-1f f0-2f)
922.305: (move f6-1f f7-1f)
922.311: (move f7-0f f7-1f)
924.357: (move f4-2f f4-3f)
924.358: (move f3-3f f4-3f)
924.626: (move f2-2f f2-3f)
924.633: (move f3-3f f2-3f)
924.862: (detonate-bomb f5-2f f6-2f)
926.068: (detonate-bomb f6-1f f6-2f)
927.503: (detonate-bomb f5-2f f5-3f)
928.279: (move f4-2f f5-2f)
inf: (move f0-1f f1-1f)
inf: (move f5-2f f4-2f)
inf: (move f5-2f f5-1f)
869.956: (move f3-2f f3-1f)
869.958: (move f4-1f f3-1f)
873.692: (move f3-2f f3-1f)
873.693: (move f2-1f f3-1f)
874.318: (move f4-1f f4-0f)
881.270: (move f2-1f f2-0f)
914.074: (move f0-1f f1-1f)
914.461: (move f6-1f f5-1f)
914.467: (move f5-2f f5-1f)
915.163: (move f5-2f f5-1f)
915.181: (move f4-1f f5-1f)
916.051: (move f3-2f f2-2f)
916.252: (move f5-2f f4-2f)
917.381: (move f2-1f f1-1f)
917.603: (move f5-2f f5-1f)
918.134: (move f5-2f f4-2f)
918.408: (move f3-2f f4-2f)
919.084: (move f0-1f f0-2f)
921.971: (move f6-1f f6-0f)
922.842: (move f0-1f f0-0f)
872.208: (pickup-laser f4-0f)
896.273: (move f2-2f f2-1f)
896.275: (move f3-1f f2-1f)
897.445: (move f1-1f f2-1f)
906.868: (move f4-2f f4-1f)
906.873: (move f5-1f f4-1f)
908.564: (move f5-1f f4-1f)
908.568: (move f4-2f f4-1f)
908.815: (move f4-2f f4-1f)
908.834: (move f3-1f f4-1f)
916.565: (move f4-2f f3-2f)
916.665: (move f0-0f f1-0f)
916.687: (move f1-1f f1-0f)
917.949: (move f4-0f f5-0f)
917.953: (move f5-1f f5-0f)
918.619: (move f4-2f f3-2f)
918.820: (move f2-0f f1-0f)
918.823: (move f1-1f f1-0f)
919.811: (move f6-0f f5-0f)
919.828: (move f5-1f f5-0f)
871.335: (move f2-1f f3-1f)
871.588: (move f3-2f f3-1f)
871.591: (move f4-1f f3-1f)
873.254: (move f3-2f f3-1f)
873.260: (move f4-1f f3-1f)
875.661: (move f5-0f f4-0f)
875.679: (move f4-1f f4-0f)
877.330: (move f4-1f f4-0f)
877.664: (move f4-1f f4-0f)
877.913: (move f2-1f f2-0f)
878.771: (move f1-0f f2-0f)
878.782: (move f2-1f f2-0f)
898.721: (move f4-0f f4-1f)
914.060: (move f2-1f f1-1f)
915.608: (move f4-0f f5-0f)
916.767: (move f2-1f f2-2f)
916.981: (move f3-2f f2-2f)
917.688: (move f4-1f f5-1f)
918.686: (move f3-2f f2-2f)
921.803: (move f5-0f f6-0f)
864.598: (move f4-1f f3-1f)
873.568: (pickup-laser f4-0f)
875.236: (pickup-laser f4-0f)
875.610: (pickup-laser f4-0f)
897.500: (move f2-2f f2-1f)
897.531: (move f3-1f f2-1f)
899.017: (move f2-2f f2-1f)
899.021: (move f3-1f f2-1f)
906.494: (move f3-1f f4-1f)
907.545: (putdown-laser f4-1f)
915.057: (move f4-1f f4-2f)
915.313: (move f1-1f f1-0f)
915.317: (move f2-0f f1-0f)
916.029: (move f4-1f f5-1f)
916.036: (move f5-0f f5-1f)
916.387: (move f2-2f f3-2f)
916.391: (move f3-1f f3-2f)
921.469: (putdown-laser f5-0f)
921.710: (move f4-0f f5-0f)
921.720: (move f1-1f f0-1f)
867.189: (putdown-laser f3-1f)
869.040: (move f4-1f f3-1f)
875.135: (move f4-1f f4-0f)
875.909: (move f5-0f f4-0f)
876.825: (move f4-1f f4-0f)
879.002: (move f2-1f f2-0f)
880.619: (move f2-1f f2-0f)
898.255: (move f3-1f f2-1f)
899.928: (move f4-0f f4-1f)
901.618: (move f4-0f f4-1f)
901.896: (move f4-0f f4-1f)
915.322: (move f4-1f f5-1f)
915.526: (move f2-1f f1-1f)
916.007: (move f3-2f f4-2f)
916.033: (move f4-1f f4-2f)
917.249: (move f2-1f f1-1f)
917.491: (move f4-0f f5-0f)
918.584: (move f4-1f f4-2f)
919.254: (move f4-2f f3-2f)
919.263: (move f3-1f f3-2f)
866.144: (move f4-1f f3-1f)
867.804: (move f4-1f f3-1f)
868.129: (move f4-1f f3-1f)
871.344: (move f2-1f f2-0f)
873.079: (pickup-laser f4-0f)
900.509: (move f4-0f f4-1f)
903.193: (move f3-1f f2-1f)
905.231: (move f3-1f f2-1f)
905.859: (move f3-1f f4-1f)
906.806: (putdown-laser f2-1f)
908.610: (putdown-laser f4-1f)
910.356: (putdown-laser f4-1f)
910.582: (putdown-laser f4-1f)
914.616: (move f2-1f f1-1f)
915.397: (move f4-1f f5-1f)
915.426: (move f5-0f f5-1f)
916.568: (move f3-2f f2-2f)
916.569: (move f2-1f f2-2f)
916.703: (move f1-1f f1-0f)
916.716: (move f2-0f f1-0f)
867.572: (move f4-1f f3-1f)
868.823: (putdown-laser f3-1f)
869.114: (move f2-1f f3-1f)
870.513: (putdown-laser f3-1f)
870.660: (move f4-1f f3-1f)
870.797: (putdown-laser f3-1f)
872.280: (move f4-1f f3-1f)
872.662: (move f4-1f f3-1f)
873.278: (putdown-laser f2-0f)
876.018: (move f2-1f f2-0f)
876.572: (move f2-1f f2-0f)
877.218: (move f2-1f f2-0f)
878.046: (move f4-1f f4-0f)
878.154: (move f4-1f f4-0f)
879.803: (move f4-1f f4-0f)
880.156: (move f4-1f f4-0f)
899.518: (move f3-1f f2-1f)
899.586: (move f4-0f f4-1f)
900.984: (move f3-1f f2-1f)
901.643: (move f3-1f f2-1f)
865.881: (move f4-1f f3-1f)
872.468: (move f2-1f f2-0f)
874.083: (move f2-1f f2-0f)
874.730: (move f2-1f f2-0f)
903.590: (move f3-1f f4-1f)
904.417: (move f3-1f f2-1f)
904.477: (move f3-1f f2-1f)
905.071: (move f2-0f f2-1f)
905.906: (move f3-1f f2-1f)
906.493: (move f3-1f f2-1f)
906.603: (move f3-1f f2-1f)
907.062: (move f3-1f f4-1f)
908.084: (move f3-1f f2-1f)
908.087: (putdown-laser f2-1f)
908.286: (putdown-laser f4-1f)
908.738: (move f3-1f f2-1f)
908.778: (move f3-1f f4-1f)
909.031: (move f3-1f f4-1f)
909.591: (putdown-laser f2-1f)
910.227: (putdown-laser f2-1f)
868.561: (putdown-laser f3-1f)
869.953: (move f2-1f f3-1f)
870.310: (move f4-1f f3-1f)
870.687: (move f2-1f f3-1f)
872.328: (move f2-1f f3-1f)
872.757: (move f2-1f f3-1f)
874.445: (putdown-laser f2-0f)
876.047: (putdown-laser f2-0f)
876.683: (putdown-laser f2-0f)
876.726: (move f2-1f f2-0f)
877.198: (move f2-1f f2-0f)
877.322: (move f4-1f f4-0f)
877.616: (move f4-1f f4-0f)
877.687: (move f2-1f f2-0f)
878.348: (move f2-1f f2-0f)
878.827: (move f2-1f f2-0f)
879.259: (move f2-1f f2-0f)
879.422: (move f4-1f f4-0f)
879.508: (move f2-1f f2-0f)
879.861: (move f2-1f f2-0f)
896.826: (move f3-1f f4-1f)
904.275: (move f3-1f f2-1f)
904.801: (move f3-1f f4-1f)
906.367: (move f2-0f f2-1f)
906.502: (move f3-1f f4-1f)
906.522: (move f3-1f f2-1f)
906.681: (move f3-1f f4-1f)
906.846: (move f3-1f f4-1f)
907.824: (move f2-0f f2-1f)
908.488: (move f2-0f f2-1f)
915.470: (move f2-0f f1-0f)
916.269: (move f4-0f f5-0f)
916.650: (move f3-1f f3-2f)
918.176: (move f2-0f f1-0f)
918.659: (move f4-0f f5-0f)
919.144: (move f2-0f f1-0f)
919.794: (move f4-0f f5-0f)
919.887: (move f2-0f f1-0f)
920.174: (move f2-0f f1-0f)
920.844: (move f2-0f f1-0f)
871.518: (move f2-1f f3-1f)
873.157: (move f2-1f f3-1f)
873.472: (move f2-1f f3-1f)
877.390: (move f2-1f f2-0f)
878.104: (move f2-1f f2-0f)
878.657: (move f4-1f f4-0f)
878.715: (move f4-1f f4-0f)
878.983: (move f4-1f f4-0f)
880.331: (move f4-1f f4-0f)
880.774: (move f4-1f f4-0f)
914.367: (move f3-2f f4-2f)
914.385: (move f4-1f f4-2f)
914.932: (move f2-1f f1-1f)
915.276: (move f1-0f f1-1f)
915.310: (move f2-1f f1-1f)
915.423: (move f4-1f f5-1f)
915.619: (move f5-0f f5-1f)
915.815: (move f3-2f f2-2f)
916.328: (move f2-1f f2-2f)
916.374: (move f1-0f f1-1f)
897.995: (move f3-1f f4-1f)
899.691: (move f3-1f f4-1f)
899.934: (move f3-1f f4-1f)
915.436: (move f1-1f f1-0f)
915.442: (move f2-0f f1-0f)
915.654: (move f4-0f f5-0f)
915.659: (move f5-1f f5-0f)
915.943: (move f4-0f f5-0f)
916.642: (move f3-1f f3-2f)
918.681: (move f3-1f f3-2f)
919.817: (move f2-2f f3-2f)
919.836: (move f3-1f f3-2f)
920.785: (move f2-0f f1-0f)
921.549: (move f4-0f f5-0f)
922.925: (move f1-1f f0-1f)
922.989: (move f1-1f f0-1f)
923.413: (move f4-0f f5-0f)
923.525: (move f4-0f f5-0f)
924.084: (move f1-1f f0-1f)
924.465: (move f4-2f f4-3f)
880.059: (move f4-1f f4-0f)
881.730: (move f4-1f f4-0f)
882.116: (move f4-1f f4-0f)
914.704: (move f4-1f f5-1f)
916.456: (move f4-1f f4-2f)
916.459: (move f3-2f f4-2f)
916.533: (move f5-0f f5-1f)
916.742: (move f3-2f f2-2f)
917.834: (move f4-1f f5-1f)
918.035: (move f4-1f f5-1f)
918.339: (move f3-2f f4-2f)
918.348: (move f4-1f f4-2f)
918.473: (move f3-2f f2-2f)
918.694: (move f3-2f f4-2f)
918.696: (move f4-1f f4-2f)
918.897: (move f1-0f f1-1f)
919.583: (move f5-0f f5-1f)
920.035: (move f4-3f f3-3f)
920.099: (move f0-1f f0-2f)
921.819: (move f5-0f f6-0f)
917.433: (move f4-0f f5-0f)
917.435: (move f5-1f f5-0f)
919.301: (move f5-1f f5-0f)
919.303: (move f4-0f f5-0f)
919.440: (move f5-1f f5-0f)
919.444: (move f4-0f f5-0f)
925.023: (move f4-2f f5-2f)
925.023: (move f5-1f f5-2f)
926.365: (move f6-0f f7-0f)
926.367: (move f5-1f f6-1f)
926.509: (move f6-0f f6-1f)
926.892: (move f5-1f f5-2f)
927.093: (move f1-1f f0-1f)
927.645: (move f4-2f f5-2f)
927.662: (move f5-1f f5-2f)
928.418: (move f4-2f f5-2f)
928.419: (move f5-1f f5-2f)
928.760: (move f5-1f f6-1f)
929.778: (move f5-1f f6-1f)
930.197: (move f5-1f f5-2f)
917.158: (move f5-2f f4-2f)
921.533: (move f5-2f f4-2f)
922.064: (move f5-0f f6-0f)
922.070: (move f6-1f f6-0f)
923.469: (move f7-0f f7-1f)
923.469: (move f6-1f f7-1f)
923.745: (move f6-1f f6-0f)
923.905: (move f5-2f f6-2f)
923.906: (move f6-1f f6-2f)
924.329: (move f0-1f f0-2f)
924.868: (move f5-2f f5-3f)
924.993: (move f6-1f f6-0f)
925.004: (move f5-0f f6-0f)
925.435: (move f5-0f f6-0f)
925.601: (move f6-1f f7-1f)
926.118: (move f6-1f f7-1f)
926.688: (move f6-1f f7-1f)
928.010: (move f0-1f f0-0f)
929.008: (move f5-2f f6-2f)
inf: (move f5-2f f4-2f)
922.284: (move f4-2f f3-2f)
922.523: (move f4-2f f3-2f)
928.510: (move f7-1f f7-0f)
928.518: (move f6-0f f7-0f)
928.988: (move f7-1f f7-0f)
928.995: (move f6-0f f7-0f)
929.603: (move f7-1f f7-0f)
929.609: (move f6-0f f7-0f)
930.027: (move f6-0f f7-0f)
930.280: (move f6-0f f6-1f)
931.518: (move f6-2f f6-1f)
inf: (move f6-0f f6-1f)
inf: (move f4-2f f4-1f)
inf: (move f6-2f f5-2f)
inf: (move f0-0f f0-1f)
inf: (move f0-0f f1-0f)
inf: (move f4-2f f5-2f)
inf: (move f7-1f f6-1f)
inf: (move f4-2f f4-1f)
inf: (move f7-1f f6-1f)
917.591: (move f3-2f f2-2f)
921.111: (move f3-2f f2-2f)
923.222: (move f3-2f f3-3f)
927.058: (move f6-1f f6-0f)
927.103: (move f7-0f f7-1f)
927.103: (move f6-1f f7-1f)
927.472: (move f3-2f f3-3f)
931.240: (move f6-1f f7-1f)
inf: (move f7-0f f7-1f)
inf: (move f6-1f f6-2f)
inf: (move f6-1f f5-1f)
inf: (move f6-1f f6-0f)
inf: (move f6-1f f5-1f)
inf: (move f7-0f f6-0f)
inf: (move f7-0f f7-1f)
inf: (move f7-0f f6-0f)
inf: (move f7-0f f6-0f)
inf: (move f7-0f f7-1f)
inf: (move f7-0f f6-0f)
inf: (move f3-2f f4-2f)
934.090: (move f6-0f f7-0f)
934.094: (move f7-1f f7-0f)
inf: (move f2-2f f2-1f)
inf: (move f2-2f f3-2f)
inf: (move f2-2f f2-1f)
inf: (move f2-2f f3-2f)
inf: (move f3-3f f3-2f)
inf: (move f6-0f f5-0f)
inf: (move f6-0f f6-1f)
inf: (move f7-1f f6-1f)
inf: (move f7-1f f7-0f)
inf: (move f3-3f f3-2f)
inf: (move f7-1f f6-1f)
927.054: (move f7-0f f6-0f)
931.239: (move f7-0f f7-1f)
Failed to find a solution!
