Torch: 2.12.0+cu130
Using GPU:  NVIDIA L40S
[Bellman] CONTROL signal=constant const_w=0.8 (no IQN, no Bellman check)
/u/ibrahim.eisawy/Neural-Guided-Search/venv/lib/python3.10/site-packages/pymimir_rgnn/model.py:162: UserWarning: index_reduce() is in beta and the API may change at any time. (Triggered internally at /pytorch/aten/src/ATen/native/cuda/Indexing.cu:1541.)
  exps_max.index_reduce_(0, output_indices, output_messages, reduce="amax", include_self=False)
  [sim 500] root visits=500, unique states=498, generated=497, iqn_calls=0
  [sim 1000] root visits=1000, unique states=534, generated=533, iqn_calls=0
  [sim 1500] root visits=1500, unique states=666, generated=665, iqn_calls=0
  [sim 2000] root visits=2000, unique states=832, generated=831, iqn_calls=0
  [sim 2500] root visits=2500, unique states=936, generated=935, iqn_calls=0
  [sim 3000] root visits=3000, unique states=1084, generated=1083, iqn_calls=0
  [sim 3500] root visits=3500, unique states=1174, generated=1173, iqn_calls=0
  [sim 4000] root visits=4000, unique states=1633, generated=1632, iqn_calls=0
  [sim 4500] root visits=4500, unique states=1876, generated=1875, iqn_calls=0
  [sim 5000] root visits=5000, unique states=1995, generated=1994, iqn_calls=0
  [sim 5500] root visits=5500, unique states=2136, generated=2135, iqn_calls=0
  [sim 6000] root visits=6000, unique states=2167, generated=2166, iqn_calls=0
  [sim 6500] root visits=6500, unique states=2229, generated=2228, iqn_calls=0
  [sim 7000] root visits=7000, unique states=2339, generated=2338, iqn_calls=0
  [sim 7500] root visits=7500, unique states=2432, generated=2431, iqn_calls=0
  [sim 8000] root visits=8000, unique states=2571, generated=2570, iqn_calls=0
  [sim 8500] root visits=8500, unique states=2620, generated=2619, iqn_calls=0
  [sim 9000] root visits=9000, unique states=2668, generated=2667, iqn_calls=0
  [sim 9500] root visits=9500, unique states=2707, generated=2706, iqn_calls=0
  [sim 10000] root visits=10000, unique states=2758, generated=2757, iqn_calls=0
  [sim 10500] root visits=10500, unique states=2796, generated=2795, iqn_calls=0
  [sim 11000] root visits=11000, unique states=2863, generated=2862, iqn_calls=0
  [sim 11500] root visits=11500, unique states=2938, generated=2937, iqn_calls=0
  [sim 11698] found goal path of length 43
[Final] Expanded: 3050, Generated: 3050
[Cost] IQN forward calls (Bellman signal): 0
[Widen] nodes widened: 1640, mean w: 0.8000
[search done] simulations=11698, unique states generated=3050
Found a solution of length 43!
   1: (move f1-0f f2-0f)
   2: (move f2-0f f3-0f)
   3: (move f3-0f f4-0f)
   4: (move f4-0f f5-0f)
   5: (move f5-0f f6-0f)
   6: (pickup-laser f6-0f)
   7: (move f6-0f f7-0f)
   8: (putdown-laser f7-0f)
   9: (move f7-0f f6-0f)
  10: (pickup-bomb f6-0f)
  11: (move f6-0f f7-0f)
  12: (detonate-bomb f7-0f f7-1f)
  13: (pickup-laser f7-0f)
  14: (move f7-0f f7-1f)
  15: (fire-laser f7-1f f7-2f)
  16: (move f7-1f f7-2f)
  17: (fire-laser f7-2f f7-3f)
  18: (move f7-2f f7-3f)
  19: (fire-laser f7-3f f7-4f)
  20: (move f7-3f f7-4f)
  21: (fire-laser f7-4f f7-5f)
  22: (move f7-4f f7-5f)
  23: (fire-laser f7-5f f7-6f)
  24: (move f7-5f f7-6f)
  25: (putdown-laser f7-6f)
  26: (move f7-6f f7-5f)
  27: (move f7-5f f7-4f)
  28: (move f7-4f f7-3f)
  29: (move f7-3f f7-2f)
  30: (move f7-2f f7-1f)
  31: (move f7-1f f7-0f)
  32: (move f7-0f f6-0f)
  33: (pickup-bomb f6-0f)
  34: (move f6-0f f7-0f)
  35: (move f7-0f f7-1f)
  36: (move f7-1f f7-2f)
  37: (move f7-2f f7-3f)
  38: (move f7-3f f7-4f)
  39: (move f7-4f f7-5f)
  40: (move f7-5f f7-6f)
  41: (detonate-bomb f7-6f f7-7f)
  42: (move f7-6f f7-7f)
  43: (pick-gold f7-7f)
