Torch: 2.12.0+cu130
Using GPU:  NVIDIA L40S
[Bellman] CONTROL signal=constant const_w=0.8 (no IQN, no Bellman check)
/u/ibrahim.eisawy/Neural-Guided-Search/venv/lib/python3.10/site-packages/pymimir_rgnn/model.py:162: UserWarning: index_reduce() is in beta and the API may change at any time. (Triggered internally at /pytorch/aten/src/ATen/native/cuda/Indexing.cu:1541.)
  exps_max.index_reduce_(0, output_indices, output_messages, reduce="amax", include_self=False)
  [sim 500] root visits=500, unique states=574, generated=573, iqn_calls=0
  [sim 1000] root visits=1000, unique states=973, generated=972, iqn_calls=0
  [sim 1500] root visits=1500, unique states=1180, generated=1179, iqn_calls=0
  [sim 2000] root visits=2000, unique states=1313, generated=1312, iqn_calls=0
  [sim 2500] root visits=2500, unique states=1385, generated=1384, iqn_calls=0
  [sim 3000] root visits=3000, unique states=1454, generated=1453, iqn_calls=0
  [sim 3500] root visits=3500, unique states=1538, generated=1537, iqn_calls=0
  [sim 4000] root visits=4000, unique states=1578, generated=1577, iqn_calls=0
  [sim 4500] root visits=4500, unique states=1634, generated=1633, iqn_calls=0
  [sim 5000] root visits=5000, unique states=1685, generated=1684, iqn_calls=0
  [sim 5500] root visits=5500, unique states=1748, generated=1747, iqn_calls=0
  [sim 6000] root visits=6000, unique states=1839, generated=1838, iqn_calls=0
  [sim 6500] root visits=6500, unique states=1950, generated=1949, iqn_calls=0
  [sim 7000] root visits=7000, unique states=2053, generated=2052, iqn_calls=0
  [sim 7500] root visits=7500, unique states=2143, generated=2142, iqn_calls=0
  [sim 8000] root visits=8000, unique states=2409, generated=2408, iqn_calls=0
  [sim 8500] root visits=8500, unique states=2624, generated=2623, iqn_calls=0
  [sim 9000] root visits=9000, unique states=2644, generated=2643, iqn_calls=0
  [sim 9500] root visits=9500, unique states=2670, generated=2669, iqn_calls=0
  [sim 10000] root visits=10000, unique states=2843, generated=2842, iqn_calls=0
  [sim 10500] root visits=10500, unique states=2977, generated=2976, iqn_calls=0
  [sim 11000] root visits=11000, unique states=3055, generated=3054, iqn_calls=0
  [sim 11500] root visits=11500, unique states=3055, generated=3054, iqn_calls=0
  [sim 12000] root visits=12000, unique states=3056, generated=3055, iqn_calls=0
  [sim 12500] root visits=12500, unique states=3057, generated=3056, iqn_calls=0
  [sim 13000] root visits=13000, unique states=3057, generated=3056, iqn_calls=0
  [sim 13500] root visits=13500, unique states=3057, generated=3056, iqn_calls=0
  [sim 14000] root visits=14000, unique states=3058, generated=3057, iqn_calls=0
  [sim 14500] root visits=14500, unique states=3059, generated=3058, iqn_calls=0
  [sim 15000] root visits=15000, unique states=3059, generated=3058, iqn_calls=0
  [sim 15500] root visits=15500, unique states=3060, generated=3059, iqn_calls=0
  [sim 16000] root visits=16000, unique states=3060, generated=3059, iqn_calls=0
  [sim 16500] root visits=16500, unique states=3094, generated=3093, iqn_calls=0
  [sim 17000] root visits=17000, unique states=3139, generated=3138, iqn_calls=0
  [sim 17500] root visits=17500, unique states=3195, generated=3194, iqn_calls=0
  [sim 18000] root visits=18000, unique states=3245, generated=3244, iqn_calls=0
  [sim 18500] root visits=18500, unique states=3277, generated=3276, iqn_calls=0
  [sim 19000] root visits=19000, unique states=3289, generated=3288, iqn_calls=0
  [sim 19500] root visits=19500, unique states=3314, generated=3313, iqn_calls=0
  [sim 20000] root visits=20000, unique states=3314, generated=3313, iqn_calls=0
  [sim 20500] root visits=20500, unique states=3314, generated=3313, iqn_calls=0
  [sim 21000] root visits=21000, unique states=3314, generated=3313, iqn_calls=0
  [sim 21500] root visits=21500, unique states=3314, generated=3313, iqn_calls=0
  [sim 22000] root visits=22000, unique states=3314, generated=3313, iqn_calls=0
  [sim 22500] root visits=22500, unique states=3314, generated=3313, iqn_calls=0
  [sim 23000] root visits=23000, unique states=3314, generated=3313, iqn_calls=0
  [sim 23500] root visits=23500, unique states=3314, generated=3313, iqn_calls=0
  [sim 24000] root visits=24000, unique states=3314, generated=3313, iqn_calls=0
  [sim 24500] root visits=24500, unique states=3314, generated=3313, iqn_calls=0
  [sim 25000] root visits=25000, unique states=3314, generated=3313, iqn_calls=0
  [sim 25500] root visits=25500, unique states=3314, generated=3313, iqn_calls=0
  [sim 26000] root visits=26000, unique states=3314, generated=3313, iqn_calls=0
  [sim 26500] root visits=26500, unique states=3314, generated=3313, iqn_calls=0
  [sim 27000] root visits=27000, unique states=3314, generated=3313, iqn_calls=0
  [sim 27500] root visits=27500, unique states=3314, generated=3313, iqn_calls=0
  [sim 28000] root visits=28000, unique states=3314, generated=3313, iqn_calls=0
  [sim 28500] root visits=28500, unique states=3314, generated=3313, iqn_calls=0
  [sim 29000] root visits=29000, unique states=3314, generated=3313, iqn_calls=0
  [sim 29500] root visits=29500, unique states=3314, generated=3313, iqn_calls=0
  [sim 30000] root visits=30000, unique states=3314, generated=3313, iqn_calls=0
  [sim 30500] root visits=30500, unique states=3314, generated=3313, iqn_calls=0
  [sim 31000] root visits=31000, unique states=3314, generated=3313, iqn_calls=0
  [sim 31500] root visits=31500, unique states=3314, generated=3313, iqn_calls=0
  [sim 32000] root visits=32000, unique states=3314, generated=3313, iqn_calls=0
  [sim 32500] root visits=32500, unique states=3315, generated=3314, iqn_calls=0
  [sim 33000] root visits=33000, unique states=3319, generated=3318, iqn_calls=0
  [sim 33500] root visits=33500, unique states=3329, generated=3328, iqn_calls=0
  [sim 34000] root visits=34000, unique states=3339, generated=3338, iqn_calls=0
  [sim 34500] root visits=34500, unique states=3349, generated=3348, iqn_calls=0
  [sim 35000] root visits=35000, unique states=3370, generated=3369, iqn_calls=0
  [sim 35500] root visits=35500, unique states=3396, generated=3395, iqn_calls=0
  [sim 36000] root visits=36000, unique states=3440, generated=3439, iqn_calls=0
  [sim 36500] root visits=36500, unique states=3471, generated=3470, iqn_calls=0
  [sim 37000] root visits=37000, unique states=3486, generated=3485, iqn_calls=0
  [sim 37500] root visits=37500, unique states=3494, generated=3493, iqn_calls=0
  [sim 38000] root visits=38000, unique states=3508, generated=3507, iqn_calls=0
  [sim 38500] root visits=38500, unique states=3526, generated=3525, iqn_calls=0
  [sim 39000] root visits=39000, unique states=3534, generated=3533, iqn_calls=0
  [sim 39500] root visits=39500, unique states=3547, generated=3546, iqn_calls=0
  [sim 40000] root visits=40000, unique states=3555, generated=3554, iqn_calls=0
  [sim 40500] root visits=40500, unique states=3572, generated=3571, iqn_calls=0
  [sim 41000] root visits=41000, unique states=3589, generated=3588, iqn_calls=0
  [sim 41500] root visits=41500, unique states=3604, generated=3603, iqn_calls=0
  [sim 42000] root visits=42000, unique states=3616, generated=3615, iqn_calls=0
  [sim 42500] root visits=42500, unique states=3621, generated=3620, iqn_calls=0
  [sim 43000] root visits=43000, unique states=3626, generated=3625, iqn_calls=0
  [sim 43500] root visits=43500, unique states=3656, generated=3655, iqn_calls=0
  [sim 44000] root visits=44000, unique states=3684, generated=3683, iqn_calls=0
  [sim 44500] root visits=44500, unique states=3732, generated=3731, iqn_calls=0
  [sim 45000] root visits=45000, unique states=3784, generated=3783, iqn_calls=0
  [sim 45500] root visits=45500, unique states=3802, generated=3801, iqn_calls=0
[Final] Expanded: 3818, Generated: 3818
[Cost] IQN forward calls (Bellman signal): 0
[Widen] nodes widened: 1870, mean w: 0.8000
[search done] simulations=45928, unique states generated=3818
Failed to find a solution!
