Torch: 2.12.0+cu130
Using GPU:  NVIDIA L40S
[Bellman] CONTROL signal=constant const_w=0.8 (no IQN, no Bellman check)
/u/ibrahim.eisawy/Neural-Guided-Search/venv/lib/python3.10/site-packages/pymimir_rgnn/model.py:162: UserWarning: index_reduce() is in beta and the API may change at any time. (Triggered internally at /pytorch/aten/src/ATen/native/cuda/Indexing.cu:1541.)
  exps_max.index_reduce_(0, output_indices, output_messages, reduce="amax", include_self=False)
  [sim 500] root visits=500, unique states=383, generated=382, iqn_calls=0
  [sim 1000] root visits=1000, unique states=501, generated=500, iqn_calls=0
  [sim 1500] root visits=1500, unique states=543, generated=542, iqn_calls=0
  [sim 2000] root visits=2000, unique states=557, generated=556, iqn_calls=0
  [sim 2500] root visits=2500, unique states=693, generated=692, iqn_calls=0
  [sim 3000] root visits=3000, unique states=754, generated=753, iqn_calls=0
  [sim 3500] root visits=3500, unique states=778, generated=777, iqn_calls=0
  [sim 4000] root visits=4000, unique states=879, generated=878, iqn_calls=0
  [sim 4500] root visits=4500, unique states=1060, generated=1059, iqn_calls=0
  [sim 5000] root visits=5000, unique states=1393, generated=1392, iqn_calls=0
  [sim 5500] root visits=5500, unique states=1587, generated=1586, iqn_calls=0
  [sim 6000] root visits=6000, unique states=1795, generated=1794, iqn_calls=0
  [sim 6500] root visits=6500, unique states=2043, generated=2042, iqn_calls=0
  [sim 7000] root visits=7000, unique states=2391, generated=2390, iqn_calls=0
  [sim 7500] root visits=7500, unique states=2630, generated=2629, iqn_calls=0
  [sim 8000] root visits=8000, unique states=2630, generated=2629, iqn_calls=0
  [sim 8500] root visits=8500, unique states=2630, generated=2629, iqn_calls=0
  [sim 9000] root visits=9000, unique states=2630, generated=2629, iqn_calls=0
  [sim 9500] root visits=9500, unique states=2631, generated=2630, iqn_calls=0
  [sim 10000] root visits=10000, unique states=2631, generated=2630, iqn_calls=0
  [sim 10500] root visits=10500, unique states=2690, generated=2689, iqn_calls=0
  [sim 11000] root visits=11000, unique states=2832, generated=2831, iqn_calls=0
  [sim 11500] root visits=11500, unique states=2955, generated=2954, iqn_calls=0
  [sim 12000] root visits=12000, unique states=3080, generated=3079, iqn_calls=0
  [sim 12500] root visits=12500, unique states=3177, generated=3176, iqn_calls=0
  [sim 13000] root visits=13000, unique states=3264, generated=3263, iqn_calls=0
  [sim 13500] root visits=13500, unique states=3358, generated=3357, iqn_calls=0
  [sim 14000] root visits=14000, unique states=3441, generated=3440, iqn_calls=0
  [sim 14500] root visits=14500, unique states=3552, generated=3551, iqn_calls=0
  [sim 15000] root visits=15000, unique states=3628, generated=3627, iqn_calls=0
  [sim 15500] root visits=15500, unique states=3714, generated=3713, iqn_calls=0
  [sim 16000] root visits=16000, unique states=3786, generated=3785, iqn_calls=0
  [sim 16500] root visits=16500, unique states=3873, generated=3872, iqn_calls=0
  [sim 17000] root visits=17000, unique states=4004, generated=4003, iqn_calls=0
  [sim 17500] root visits=17500, unique states=4093, generated=4092, iqn_calls=0
  [sim 18000] root visits=18000, unique states=4183, generated=4182, iqn_calls=0
  [sim 18500] root visits=18500, unique states=4264, generated=4263, iqn_calls=0
  [sim 19000] root visits=19000, unique states=4378, generated=4377, iqn_calls=0
  [sim 19500] root visits=19500, unique states=4479, generated=4478, iqn_calls=0
  [sim 20000] root visits=20000, unique states=4576, generated=4575, iqn_calls=0
  [sim 20500] root visits=20500, unique states=4673, generated=4672, iqn_calls=0
  [sim 21000] root visits=21000, unique states=4771, generated=4770, iqn_calls=0
  [sim 21500] root visits=21500, unique states=4841, generated=4840, iqn_calls=0
  [sim 22000] root visits=22000, unique states=4916, generated=4915, iqn_calls=0
  [sim 22500] root visits=22500, unique states=5013, generated=5012, iqn_calls=0
  [sim 23000] root visits=23000, unique states=5050, generated=5049, iqn_calls=0
  [sim 23500] root visits=23500, unique states=5061, generated=5060, iqn_calls=0
  [sim 24000] root visits=24000, unique states=5114, generated=5113, iqn_calls=0
  [sim 24500] root visits=24500, unique states=5121, generated=5120, iqn_calls=0
  [sim 25000] root visits=25000, unique states=5146, generated=5145, iqn_calls=0
  [sim 25500] root visits=25500, unique states=5266, generated=5265, iqn_calls=0
  [sim 26000] root visits=26000, unique states=5375, generated=5374, iqn_calls=0
  [sim 26500] root visits=26500, unique states=5412, generated=5411, iqn_calls=0
  [sim 27000] root visits=27000, unique states=5426, generated=5425, iqn_calls=0
  [sim 27500] root visits=27500, unique states=5426, generated=5425, iqn_calls=0
  [sim 28000] root visits=28000, unique states=5430, generated=5429, iqn_calls=0
  [sim 28500] root visits=28500, unique states=5435, generated=5434, iqn_calls=0
  [sim 29000] root visits=29000, unique states=5438, generated=5437, iqn_calls=0
  [sim 29500] root visits=29500, unique states=5445, generated=5444, iqn_calls=0
  [sim 30000] root visits=30000, unique states=5448, generated=5447, iqn_calls=0
  [sim 30500] root visits=30500, unique states=5453, generated=5452, iqn_calls=0
  [sim 31000] root visits=31000, unique states=5459, generated=5458, iqn_calls=0
  [sim 31500] root visits=31500, unique states=5464, generated=5463, iqn_calls=0
  [sim 32000] root visits=32000, unique states=5468, generated=5467, iqn_calls=0
  [sim 32500] root visits=32500, unique states=5473, generated=5472, iqn_calls=0
  [sim 33000] root visits=33000, unique states=5482, generated=5481, iqn_calls=0
  [sim 33500] root visits=33500, unique states=5488, generated=5487, iqn_calls=0
  [sim 34000] root visits=34000, unique states=5501, generated=5500, iqn_calls=0
  [sim 34500] root visits=34500, unique states=5610, generated=5609, iqn_calls=0
  [sim 35000] root visits=35000, unique states=5832, generated=5831, iqn_calls=0
  [sim 35500] root visits=35500, unique states=6057, generated=6056, iqn_calls=0
  [sim 36000] root visits=36000, unique states=6173, generated=6172, iqn_calls=0
  [sim 36500] root visits=36500, unique states=6282, generated=6281, iqn_calls=0
  [sim 37000] root visits=37000, unique states=6396, generated=6395, iqn_calls=0
  [sim 37500] root visits=37500, unique states=6547, generated=6546, iqn_calls=0
  [sim 38000] root visits=38000, unique states=6650, generated=6649, iqn_calls=0
  [sim 38500] root visits=38500, unique states=6734, generated=6733, iqn_calls=0
  [sim 39000] root visits=39000, unique states=6792, generated=6791, iqn_calls=0
  [sim 39500] root visits=39500, unique states=6842, generated=6841, iqn_calls=0
  [sim 40000] root visits=40000, unique states=6882, generated=6881, iqn_calls=0
  [sim 40500] root visits=40500, unique states=6901, generated=6900, iqn_calls=0
  [sim 41000] root visits=41000, unique states=6915, generated=6914, iqn_calls=0
  [sim 41500] root visits=41500, unique states=6915, generated=6914, iqn_calls=0
  [sim 42000] root visits=42000, unique states=6915, generated=6914, iqn_calls=0
  [sim 42500] root visits=42500, unique states=6915, generated=6914, iqn_calls=0
  [sim 43000] root visits=43000, unique states=6915, generated=6914, iqn_calls=0
[Final] Expanded: 6914, Generated: 6914
[Cost] IQN forward calls (Bellman signal): 0
[Widen] nodes widened: 3363, mean w: 0.8000
[search done] simulations=43323, unique states generated=6914
Failed to find a solution!
