Torch: 2.12.0+cu130
Using GPU:  NVIDIA L40S
[Bellman] CONTROL signal=constant const_w=0.8 (no IQN, no Bellman check)
/u/ibrahim.eisawy/Neural-Guided-Search/venv/lib/python3.10/site-packages/pymimir_rgnn/model.py:162: UserWarning: index_reduce() is in beta and the API may change at any time. (Triggered internally at /pytorch/aten/src/ATen/native/cuda/Indexing.cu:1541.)
  exps_max.index_reduce_(0, output_indices, output_messages, reduce="amax", include_self=False)
  [sim 500] root visits=500, unique states=491, generated=490, iqn_calls=0
  [sim 1000] root visits=1000, unique states=857, generated=856, iqn_calls=0
  [sim 1500] root visits=1500, unique states=1112, generated=1111, iqn_calls=0
  [sim 2000] root visits=2000, unique states=1353, generated=1352, iqn_calls=0
  [sim 2500] root visits=2500, unique states=1594, generated=1593, iqn_calls=0
  [sim 3000] root visits=3000, unique states=1805, generated=1804, iqn_calls=0
  [sim 3500] root visits=3500, unique states=1967, generated=1966, iqn_calls=0
  [sim 4000] root visits=4000, unique states=2101, generated=2100, iqn_calls=0
  [sim 4500] root visits=4500, unique states=2227, generated=2226, iqn_calls=0
  [sim 5000] root visits=5000, unique states=2334, generated=2333, iqn_calls=0
  [sim 5500] root visits=5500, unique states=2470, generated=2469, iqn_calls=0
  [sim 6000] root visits=6000, unique states=2723, generated=2722, iqn_calls=0
  [sim 6500] root visits=6500, unique states=3026, generated=3025, iqn_calls=0
  [sim 7000] root visits=7000, unique states=3037, generated=3036, iqn_calls=0
  [sim 7500] root visits=7500, unique states=3106, generated=3105, iqn_calls=0
  [sim 8000] root visits=8000, unique states=3187, generated=3186, iqn_calls=0
  [sim 8500] root visits=8500, unique states=3254, generated=3253, iqn_calls=0
  [sim 9000] root visits=9000, unique states=3342, generated=3341, iqn_calls=0
  [sim 9500] root visits=9500, unique states=3403, generated=3402, iqn_calls=0
  [sim 10000] root visits=10000, unique states=3447, generated=3446, iqn_calls=0
  [sim 10500] root visits=10500, unique states=3471, generated=3470, iqn_calls=0
  [sim 11000] root visits=11000, unique states=3471, generated=3470, iqn_calls=0
  [sim 11500] root visits=11500, unique states=3494, generated=3493, iqn_calls=0
  [sim 12000] root visits=12000, unique states=3830, generated=3829, iqn_calls=0
  [sim 12500] root visits=12500, unique states=4276, generated=4275, iqn_calls=0
  [sim 13000] root visits=13000, unique states=4922, generated=4921, iqn_calls=0
  [sim 13500] root visits=13500, unique states=5265, generated=5264, iqn_calls=0
  [sim 14000] root visits=14000, unique states=5426, generated=5425, iqn_calls=0
  [sim 14500] root visits=14500, unique states=5635, generated=5634, iqn_calls=0
  [sim 15000] root visits=15000, unique states=5827, generated=5826, iqn_calls=0
  [sim 15500] root visits=15500, unique states=6015, generated=6014, iqn_calls=0
  [sim 16000] root visits=16000, unique states=6169, generated=6168, iqn_calls=0
  [sim 16500] root visits=16500, unique states=6286, generated=6285, iqn_calls=0
  [sim 17000] root visits=17000, unique states=6398, generated=6397, iqn_calls=0
  [sim 17500] root visits=17500, unique states=6486, generated=6485, iqn_calls=0
  [sim 18000] root visits=18000, unique states=6586, generated=6585, iqn_calls=0
  [sim 18500] root visits=18500, unique states=6671, generated=6670, iqn_calls=0
  [sim 19000] root visits=19000, unique states=6821, generated=6820, iqn_calls=0
  [sim 19500] root visits=19500, unique states=6946, generated=6945, iqn_calls=0
  [sim 20000] root visits=20000, unique states=7067, generated=7066, iqn_calls=0
  [sim 20500] root visits=20500, unique states=7175, generated=7174, iqn_calls=0
  [sim 21000] root visits=21000, unique states=7288, generated=7287, iqn_calls=0
  [sim 21500] root visits=21500, unique states=7374, generated=7373, iqn_calls=0
  [sim 22000] root visits=22000, unique states=7453, generated=7452, iqn_calls=0
  [sim 22500] root visits=22500, unique states=7553, generated=7552, iqn_calls=0
  [sim 23000] root visits=23000, unique states=7633, generated=7632, iqn_calls=0
  [sim 23500] root visits=23500, unique states=7716, generated=7715, iqn_calls=0
  [sim 24000] root visits=24000, unique states=7861, generated=7860, iqn_calls=0
  [sim 24500] root visits=24500, unique states=7977, generated=7976, iqn_calls=0
  [sim 25000] root visits=25000, unique states=8101, generated=8100, iqn_calls=0
  [sim 25500] root visits=25500, unique states=8222, generated=8221, iqn_calls=0
  [sim 26000] root visits=26000, unique states=8364, generated=8363, iqn_calls=0
  [sim 26500] root visits=26500, unique states=8546, generated=8545, iqn_calls=0
  [sim 27000] root visits=27000, unique states=8775, generated=8774, iqn_calls=0
  [sim 27500] root visits=27500, unique states=8891, generated=8890, iqn_calls=0
  [sim 28000] root visits=28000, unique states=9036, generated=9035, iqn_calls=0
  [sim 28500] root visits=28500, unique states=9732, generated=9731, iqn_calls=0
  [sim 29000] root visits=29000, unique states=10122, generated=10121, iqn_calls=0
  [sim 29500] root visits=29500, unique states=10421, generated=10420, iqn_calls=0
  [sim 30000] root visits=30000, unique states=10848, generated=10847, iqn_calls=0
  [sim 30500] root visits=30500, unique states=11075, generated=11074, iqn_calls=0
  [sim 31000] root visits=31000, unique states=11238, generated=11237, iqn_calls=0
  [sim 31500] root visits=31500, unique states=11409, generated=11408, iqn_calls=0
  [sim 32000] root visits=32000, unique states=11519, generated=11518, iqn_calls=0
  [sim 32500] root visits=32500, unique states=11653, generated=11652, iqn_calls=0
  [sim 33000] root visits=33000, unique states=11793, generated=11792, iqn_calls=0
  [sim 33500] root visits=33500, unique states=11922, generated=11921, iqn_calls=0
  [sim 34000] root visits=34000, unique states=12033, generated=12032, iqn_calls=0
  [sim 34500] root visits=34500, unique states=12253, generated=12252, iqn_calls=0
  [sim 35000] root visits=35000, unique states=12457, generated=12456, iqn_calls=0
  [sim 35500] root visits=35500, unique states=12551, generated=12550, iqn_calls=0
  [sim 36000] root visits=36000, unique states=12676, generated=12675, iqn_calls=0
  [sim 36500] root visits=36500, unique states=12751, generated=12750, iqn_calls=0
  [sim 37000] root visits=37000, unique states=12802, generated=12801, iqn_calls=0
  [sim 37500] root visits=37500, unique states=13270, generated=13269, iqn_calls=0
  [sim 38000] root visits=38000, unique states=13515, generated=13514, iqn_calls=0
  [sim 38500] root visits=38500, unique states=13770, generated=13769, iqn_calls=0
  [sim 39000] root visits=39000, unique states=13921, generated=13920, iqn_calls=0
  [sim 39500] root visits=39500, unique states=14090, generated=14089, iqn_calls=0
  [sim 40000] root visits=40000, unique states=14230, generated=14229, iqn_calls=0
  [sim 40500] root visits=40500, unique states=14341, generated=14340, iqn_calls=0
  [sim 41000] root visits=41000, unique states=14454, generated=14453, iqn_calls=0
  [sim 41500] root visits=41500, unique states=14557, generated=14556, iqn_calls=0
[Final] Expanded: 14564, Generated: 14564
[Cost] IQN forward calls (Bellman signal): 0
[Widen] nodes widened: 6882, mean w: 0.8000
[search done] simulations=41533, unique states generated=14564
Failed to find a solution!
