/u/ibrahim.eisawy/Neural-Guided-Search/venv/lib/python3.10/site-packages/pymimir_rgnn/model.py:151: UserWarning: index_reduce() is in beta and the API may change at any time. (Triggered internally at /pytorch/aten/src/ATen/native/cuda/Indexing.cu:1541.)
  max_msg.index_reduce_(0, output_indices, output_messages, reduce='amax', include_self=True)
Torch: 2.12.0+cu130
Using GPU:  NVIDIA L40S
11.559: (switch_on instrument15 satellite4)
11.598: (switch_on instrument8 satellite3)
11.835: (switch_on instrument11 satellite4)
12.043: (switch_on instrument14 satellite4)
12.376: (switch_on instrument9 satellite3)
12.483: (switch_on instrument12 satellite4)
12.575: (switch_on instrument10 satellite3)
12.839: (turn_to satellite0 groundstation2 star14)
12.842: (switch_on instrument7 satellite2)
12.866: (turn_to satellite2 phenomenon16 groundstation10)
12.881: (turn_to satellite0 groundstation1 star14)
12.881: (turn_to satellite0 groundstation3 star14)
12.886: (turn_to satellite2 star17 groundstation10)
12.886: (turn_to satellite2 phenomenon15 groundstation10)
12.896: (turn_to satellite2 groundstation2 groundstation10)
12.915: (turn_to satellite2 star14 groundstation10)
12.932: (turn_to satellite3 phenomenon16 star5)
12.935: (turn_to satellite0 star0 star14)
12.955: (turn_to satellite2 groundstation3 groundstation10)
12.955: (turn_to satellite2 groundstation1 groundstation10)
12.961: (turn_to satellite0 groundstation12 star14)
12.963: (turn_to satellite0 groundstation9 star14)
12.963: (switch_on instrument2 satellite0)
12.971: (turn_to satellite0 groundstation7 star14)
12.972: (turn_to satellite0 groundstation10 star14)
12.972: (turn_to satellite0 star5 star14)
12.978: (turn_to satellite0 star8 star14)
12.990: (turn_to satellite0 star6 star14)
12.992: (turn_to satellite2 star5 groundstation10)
13.007: (turn_to satellite2 star0 groundstation10)
13.025: (turn_to satellite3 groundstation2 star5)
13.033: (turn_to satellite2 groundstation12 groundstation10)
13.039: (turn_to satellite2 groundstation9 groundstation10)
13.046: (turn_to satellite2 groundstation7 groundstation10)
13.052: (turn_to satellite2 star8 groundstation10)
13.063: (turn_to satellite2 star6 groundstation10)
13.080: (switch_on instrument4 satellite2)
13.082: (turn_to satellite3 groundstation1 star5)
13.085: (turn_to satellite0 star13 star14)
13.087: (turn_to satellite3 groundstation3 star5)
13.105: (turn_to satellite3 phenomenon15 star5)
13.105: (turn_to satellite3 star17 star5)
13.105: (turn_to satellite3 star14 star5)
13.130: (turn_to satellite0 star11 star14)
13.139: (turn_to satellite3 star0 star5)
13.156: (turn_to satellite1 groundstation2 groundstation7)
13.157: (turn_to satellite3 groundstation7 star5)
13.159: (turn_to satellite2 star13 groundstation10)
13.166: (turn_to satellite3 groundstation12 star5)
13.180: (turn_to satellite3 groundstation9 star5)
13.186: (turn_to satellite0 phenomenon16 star14)
13.189: (turn_to satellite3 groundstation10 star5)
13.189: (turn_to satellite3 star8 star5)
13.192: (turn_to satellite0 star4 star14)
13.203: (turn_to satellite3 star6 star5)
13.234: (switch_on instrument0 satellite0)
13.246: (turn_to satellite4 groundstation2 groundstation9)
13.249: (switch_on instrument13 satellite4)
13.252: (turn_to satellite1 star0 groundstation7)
13.252: (turn_to satellite0 star17 star14)
13.252: (turn_to satellite0 phenomenon15 star14)
13.260: (turn_to satellite4 groundstation1 groundstation9)
13.260: (turn_to satellite2 star11 groundstation10)
13.291: (turn_to satellite3 star13 star5)
13.292: (switch_on instrument3 satellite1)
13.305: (turn_to satellite2 star4 groundstation10)
13.322: (turn_to satellite3 star11 star5)
13.350: (switch_on instrument1 satellite0)
13.354: (turn_to satellite4 groundstation3 groundstation9)
13.356: (turn_to satellite4 star0 groundstation9)
13.368: (turn_to satellite4 groundstation12 groundstation9)
13.372: (turn_to satellite4 star13 groundstation9)
13.406: (turn_to satellite4 star4 groundstation9)
13.429: (switch_on instrument6 satellite2)
13.463: (turn_to satellite4 star6 groundstation9)
13.464: (turn_to satellite4 groundstation7 groundstation9)
13.481: (turn_to satellite4 groundstation10 groundstation9)
13.485: (turn_to satellite3 star4 star5)
13.485: (turn_to satellite4 star8 groundstation9)
13.531: (switch_on instrument5 satellite2)
13.537: (turn_to satellite1 groundstation1 groundstation7)
13.538: (turn_to satellite1 groundstation3 groundstation7)
13.596: (turn_to satellite1 phenomenon15 groundstation7)
13.596: (turn_to satellite1 star5 groundstation7)
13.596: (turn_to satellite1 star17 groundstation7)
13.612: (turn_to satellite4 star11 groundstation9)
13.616: (turn_to satellite1 groundstation12 groundstation7)
13.624: (turn_to satellite1 star14 groundstation7)
13.626: (turn_to satellite1 groundstation9 groundstation7)
13.631: (turn_to satellite1 groundstation10 groundstation7)
13.635: (turn_to satellite1 star8 groundstation7)
13.647: (turn_to satellite1 star6 groundstation7)
13.702: (turn_to satellite1 phenomenon16 groundstation7)
13.713: (turn_to satellite1 star13 groundstation7)
13.753: (turn_to satellite1 star11 groundstation7)
13.786: (turn_to satellite1 star4 groundstation7)
13.839: (turn_to satellite4 star5 groundstation9)
14.583: (turn_to satellite4 phenomenon16 groundstation9)
14.739: (turn_to satellite4 star17 groundstation9)
14.739: (turn_to satellite4 phenomenon15 groundstation9)
14.760: (turn_to satellite4 star14 groundstation9)
inf: (turn_to satellite1 groundstation7 groundstation7)
inf: (turn_to satellite3 star5 star5)
inf: (turn_to satellite4 groundstation9 groundstation9)
inf: (turn_to satellite2 groundstation10 groundstation10)
inf: (turn_to satellite0 star14 star14)
8.636: (calibrate satellite4 instrument14 groundstation9)
8.775: (calibrate satellite4 instrument15 groundstation9)
10.608: (turn_to satellite3 phenomenon16 star5)
10.657: (switch_on instrument15 satellite4)
10.859: (switch_on instrument15 satellite4)
10.865: (turn_to satellite2 phenomenon16 groundstation10)
10.875: (switch_on instrument11 satellite4)
10.923: (turn_to satellite3 phenomenon16 star5)
10.951: (switch_on instrument15 satellite4)
10.960: (switch_on instrument8 satellite3)
10.976: (switch_on instrument8 satellite3)
11.057: (turn_to satellite3 groundstation9 star5)
11.120: (switch_on instrument11 satellite4)
11.122: (switch_on instrument8 satellite3)
11.138: (switch_on instrument15 satellite4)
11.141: (switch_on instrument15 satellite4)
11.143: (switch_on instrument9 satellite3)
11.145: (turn_to satellite3 phenomenon16 star5)
11.148: (turn_to satellite4 star4 groundstation9)
11.149: (turn_to satellite2 star17 groundstation10)
11.150: (turn_to satellite2 phenomenon15 groundstation10)
11.154: (turn_to satellite2 star14 groundstation10)
11.156: (switch_on instrument15 satellite4)
11.156: (switch_on instrument15 satellite4)
11.160: (switch_on instrument8 satellite3)
11.162: (switch_on instrument14 satellite4)
11.165: (switch_on instrument4 satellite2)
11.165: (turn_to satellite3 groundstation3 star5)
11.171: (switch_on instrument14 satellite4)
11.171: (switch_on instrument10 satellite3)
11.172: (switch_on instrument8 satellite3)
11.178: (turn_to satellite3 star13 star5)
11.181: (switch_on instrument11 satellite4)
11.183: (turn_to satellite2 phenomenon16 groundstation10)
11.197: (switch_on instrument15 satellite4)
11.203: (turn_to satellite0 phenomenon16 star14)
11.211: (switch_on instrument8 satellite3)
11.212: (switch_on instrument10 satellite3)
11.219: (switch_on instrument8 satellite3)
11.221: (switch_on instrument13 satellite4)
11.224: (switch_on instrument8 satellite3)
11.225: (turn_to satellite2 phenomenon15 groundstation10)
11.225: (turn_to satellite2 star17 groundstation10)
11.226: (switch_on instrument8 satellite3)
11.232: (turn_to satellite3 star6 star5)
11.233: (turn_to satellite2 star14 groundstation10)
11.256: (switch_on instrument8 satellite3)
11.258: (switch_on instrument8 satellite3)
11.265: (switch_on instrument15 satellite4)
11.266: (turn_to satellite3 star4 star5)
11.272: (switch_on instrument8 satellite3)
11.298: (switch_on instrument8 satellite3)
11.302: (switch_on instrument10 satellite3)
11.308: (turn_to satellite2 phenomenon16 groundstation10)
11.311: (switch_on instrument8 satellite3)
11.313: (switch_on instrument12 satellite4)
11.316: (switch_on instrument8 satellite3)
11.318: (switch_on instrument5 satellite2)
11.319: (switch_on instrument8 satellite3)
11.320: (switch_on instrument15 satellite4)
11.322: (turn_to satellite2 star5 groundstation10)
11.324: (switch_on instrument15 satellite4)
11.327: (switch_on instrument15 satellite4)
11.333: (switch_on instrument8 satellite3)
11.337: (switch_on instrument8 satellite3)
11.350: (turn_to satellite2 groundstation7 groundstation10)
11.351: (switch_on instrument15 satellite4)
11.355: (turn_to satellite3 star14 star5)
11.370: (switch_on instrument15 satellite4)
11.374: (turn_to satellite3 star17 star5)
11.374: (turn_to satellite3 phenomenon15 star5)
11.378: (switch_on instrument8 satellite3)
11.378: (switch_on instrument8 satellite3)
11.381: (switch_on instrument8 satellite3)
11.383: (switch_on instrument8 satellite3)
11.385: (switch_on instrument15 satellite4)
11.387: (switch_on instrument15 satellite4)
11.387: (turn_to satellite2 groundstation3 groundstation10)
11.390: (switch_on instrument8 satellite3)
11.390: (turn_to satellite2 groundstation2 groundstation10)
11.391: (switch_on instrument8 satellite3)
11.393: (switch_on instrument15 satellite4)
11.393: (switch_on instrument8 satellite3)
11.397: (turn_to satellite2 groundstation2 groundstation10)
11.398: (turn_to satellite2 groundstation9 groundstation10)
11.401: (turn_to satellite2 groundstation12 groundstation10)
11.404: (switch_on instrument8 satellite3)
11.407: (switch_on instrument14 satellite4)
11.409: (switch_on instrument15 satellite4)
11.409: (switch_on instrument8 satellite3)
11.412: (switch_on instrument15 satellite4)
11.413: (turn_to satellite2 groundstation1 groundstation10)
11.416: (turn_to satellite2 groundstation9 groundstation10)
11.423: (switch_on instrument11 satellite4)
11.430: (switch_on instrument8 satellite3)
11.430: (turn_to satellite2 phenomenon16 groundstation10)
11.431: (turn_to satellite2 groundstation1 groundstation10)
11.431: (switch_on instrument11 satellite4)
11.437: (switch_on instrument9 satellite3)
11.438: (switch_on instrument15 satellite4)
11.441: (turn_to satellite3 groundstation7 star5)
11.441: (turn_to satellite2 star6 groundstation10)
11.441: (turn_to satellite2 groundstation7 groundstation10)
11.442: (switch_on instrument8 satellite3)
11.443: (switch_on instrument8 satellite3)
11.443: (turn_to satellite4 groundstation7 groundstation9)
11.449: (switch_on instrument8 satellite3)
11.449: (switch_on instrument8 satellite3)
11.450: (switch_on instrument11 satellite4)
11.451: (turn_to satellite2 star8 groundstation10)
11.451: (turn_to satellite2 star5 groundstation10)
11.454: (switch_on instrument11 satellite4)
11.455: (switch_on instrument5 satellite2)
11.455: (switch_on instrument15 satellite4)
11.456: (turn_to satellite1 phenomenon15 groundstation7)
11.456: (turn_to satellite1 star17 groundstation7)
11.457: (switch_on instrument8 satellite3)
11.457: (switch_on instrument15 satellite4)
11.459: (turn_to satellite2 star13 groundstation10)
11.462: (turn_to satellite0 groundstation9 star14)
7.422: (calibrate satellite3 instrument8 groundstation9)
7.510: (calibrate satellite3 instrument8 star13)
7.522: (calibrate satellite4 instrument14 groundstation9)
7.523: (turn_to satellite3 phenomenon16 star5)
7.534: (calibrate satellite3 instrument8 star4)
7.615: (turn_to satellite4 phenomenon16 groundstation9)
7.646: (calibrate satellite3 instrument10 groundstation3)
7.657: (calibrate satellite3 instrument10 star6)
7.669: (calibrate satellite4 instrument15 groundstation9)
7.671: (turn_to satellite3 phenomenon16 star5)
7.678: (turn_to satellite4 star17 groundstation9)
7.678: (turn_to satellite4 phenomenon15 groundstation9)
7.689: (turn_to satellite4 star14 groundstation9)
7.730: (turn_to satellite4 phenomenon16 groundstation9)
7.796: (calibrate satellite4 instrument14 groundstation9)
7.798: (turn_to satellite4 star17 groundstation9)
7.798: (turn_to satellite4 phenomenon15 groundstation9)
7.810: (turn_to satellite4 star14 groundstation9)
7.871: (turn_to satellite1 phenomenon16 groundstation7)
7.918: (turn_to satellite2 phenomenon16 groundstation10)
7.947: (turn_to satellite1 phenomenon16 groundstation7)
7.998: (calibrate satellite4 instrument15 groundstation9)
8.001: (turn_to satellite2 phenomenon16 groundstation10)
8.077: (calibrate satellite4 instrument15 groundstation9)
8.088: (turn_to satellite0 phenomenon16 star14)
8.241: (turn_to satellite0 phenomenon16 star14)
8.241: (calibrate satellite4 instrument15 groundstation9)
8.276: (calibrate satellite4 instrument14 groundstation9)
8.323: (switch_on instrument8 satellite3)
8.327: (switch_on instrument9 satellite3)
8.340: (switch_on instrument10 satellite3)
8.384: (turn_to satellite1 star5 groundstation7)
8.401: (turn_to satellite1 phenomenon15 groundstation7)
8.401: (turn_to satellite1 star17 groundstation7)
8.405: (turn_to satellite2 star17 groundstation10)
8.406: (turn_to satellite2 phenomenon15 groundstation10)
8.414: (turn_to satellite1 star14 groundstation7)
8.418: (turn_to satellite2 star14 groundstation10)
8.422: (turn_to satellite3 phenomenon15 star5)
8.423: (turn_to satellite3 star17 star5)
8.428: (turn_to satellite3 star14 star5)
8.431: (turn_to satellite4 groundstation2 groundstation9)
8.442: (turn_to satellite1 groundstation2 groundstation7)
8.444: (turn_to satellite1 groundstation10 groundstation7)
8.445: (calibrate satellite4 instrument15 groundstation9)
8.449: (turn_to satellite2 star5 groundstation10)
8.451: (calibrate satellite4 instrument15 groundstation9)
8.452: (turn_to satellite2 groundstation7 groundstation10)
8.456: (turn_to satellite2 groundstation2 groundstation10)
8.459: (calibrate satellite4 instrument15 groundstation9)
8.459: (calibrate satellite4 instrument15 groundstation9)
8.459: (switch_on instrument8 satellite3)
8.462: (turn_to satellite1 star5 groundstation7)
8.463: (turn_to satellite1 groundstation9 groundstation7)
8.463: (calibrate satellite4 instrument15 groundstation9)
8.467: (turn_to satellite4 groundstation12 groundstation9)
8.469: (turn_to satellite2 groundstation9 groundstation10)
8.470: (turn_to satellite1 groundstation12 groundstation7)
8.471: (calibrate satellite4 instrument15 groundstation9)
8.473: (calibrate satellite4 instrument15 groundstation9)
8.474: (turn_to satellite0 groundstation7 star14)
8.474: (turn_to satellite0 groundstation10 star14)
8.475: (turn_to satellite2 groundstation12 groundstation10)
8.478: (turn_to satellite1 star17 groundstation7)
8.478: (turn_to satellite1 phenomenon15 groundstation7)
8.481: (turn_to satellite1 groundstation3 groundstation7)
8.482: (turn_to satellite0 star5 star14)
8.482: (switch_on instrument9 satellite3)
8.490: (turn_to satellite1 star14 groundstation7)
8.491: (turn_to satellite0 groundstation9 star14)
8.492: (turn_to satellite4 star13 groundstation9)
8.495: (turn_to satellite1 star13 groundstation7)
8.496: (turn_to satellite2 groundstation3 groundstation10)
8.497: (turn_to satellite2 phenomenon15 groundstation10)
8.497: (turn_to satellite2 star17 groundstation10)
8.497: (switch_on instrument10 satellite3)
8.498: (turn_to satellite0 groundstation12 star14)
8.502: (turn_to satellite2 star13 groundstation10)
8.503: (turn_to satellite0 groundstation2 star14)
8.508: (turn_to satellite2 star14 groundstation10)
8.512: (turn_to satellite4 groundstation2 groundstation9)
8.513: (turn_to satellite3 groundstation10 star5)
8.513: (turn_to satellite1 groundstation1 groundstation7)
8.514: (turn_to satellite3 groundstation2 star5)
8.516: (turn_to satellite1 groundstation2 groundstation7)
8.516: (turn_to satellite3 groundstation7 star5)
8.516: (turn_to satellite1 star8 groundstation7)
8.519: (turn_to satellite0 groundstation3 star14)
8.519: (calibrate satellite4 instrument15 groundstation9)
8.523: (turn_to satellite1 groundstation10 groundstation7)
8.524: (turn_to satellite2 groundstation1 groundstation10)
8.524: (turn_to satellite0 star13 star14)
8.525: (turn_to satellite4 groundstation3 groundstation9)
8.532: (turn_to satellite2 star8 groundstation10)
8.532: (turn_to satellite1 star6 groundstation7)
8.535: (turn_to satellite1 star4 groundstation7)
8.536: (turn_to satellite3 groundstation12 star5)
8.537: (switch_on instrument0 satellite0)
8.538: (turn_to satellite2 star6 groundstation10)
8.540: (turn_to satellite1 groundstation9 groundstation7)
8.540: (turn_to satellite4 groundstation12 groundstation9)
8.543: (calibrate satellite4 instrument15 groundstation9)
8.546: (turn_to satellite2 star4 groundstation10)
8.546: (turn_to satellite2 star5 groundstation10)
8.546: (turn_to satellite0 groundstation1 star14)
8.549: (turn_to satellite1 groundstation12 groundstation7)
8.552: (turn_to satellite4 groundstation10 groundstation9)
8.553: (turn_to satellite3 star13 star5)
8.553: (turn_to satellite0 star8 star14)
8.557: (turn_to satellite1 star0 groundstation7)
8.559: (turn_to satellite1 groundstation1 groundstation7)
8.561: (switch_on instrument1 satellite0)
8.562: (turn_to satellite0 star6 star14)
8.562: (turn_to satellite1 groundstation3 groundstation7)
8.565: (turn_to satellite3 groundstation3 star5)
8.567: (turn_to satellite4 star13 groundstation9)
8.570: (turn_to satellite0 star4 star14)
8.573: (turn_to satellite4 star6 groundstation9)
8.573: (turn_to satellite3 phenomenon15 star5)
8.574: (turn_to satellite1 star13 groundstation7)
6.492: (turn_to satellite4 phenomenon15 groundstation9)
6.492: (turn_to satellite4 star17 groundstation9)
6.510: (turn_to satellite4 star14 groundstation9)
6.517: (turn_to satellite3 phenomenon16 star5)
6.517: (turn_to satellite3 phenomenon16 star5)
6.546: (turn_to satellite3 phenomenon16 star5)
6.580: (turn_to satellite3 phenomenon16 star5)
6.581: (turn_to satellite4 phenomenon16 groundstation9)
6.584: (take_image satellite4 phenomenon16 instrument15 thermograph1)
6.604: (turn_to satellite3 phenomenon16 star5)
6.616: (turn_to satellite3 phenomenon16 star5)
6.630: (turn_to satellite3 star17 star13)
6.630: (turn_to satellite3 phenomenon15 star13)
6.631: (turn_to satellite4 phenomenon15 groundstation9)
6.631: (turn_to satellite4 star17 groundstation9)
6.634: (turn_to satellite3 phenomenon15 groundstation9)
6.635: (turn_to satellite3 star17 groundstation9)
6.637: (turn_to satellite3 phenomenon15 star4)
6.637: (turn_to satellite3 star17 star4)
6.642: (turn_to satellite4 star14 groundstation9)
6.644: (turn_to satellite3 star14 star13)
6.651: (turn_to satellite3 phenomenon16 star5)
6.654: (turn_to satellite3 star14 groundstation9)
6.663: (turn_to satellite3 star14 star4)
6.668: (turn_to satellite4 star4 groundstation9)
6.677: (take_image satellite4 phenomenon16 instrument14 thermograph1)
6.705: (turn_to satellite4 phenomenon16 groundstation9)
6.718: (turn_to satellite3 phenomenon16 star5)
6.744: (turn_to satellite4 star4 groundstation9)
6.745: (turn_to satellite4 star4 groundstation9)
6.796: (turn_to satellite3 phenomenon16 star4)
6.803: (turn_to satellite3 phenomenon16 groundstation9)
6.804: (turn_to satellite3 phenomenon16 star13)
6.837: (turn_to satellite4 star4 groundstation9)
6.853: (turn_to satellite4 star4 groundstation9)
6.886: (turn_to satellite2 phenomenon16 groundstation10)
6.887: (turn_to satellite2 phenomenon16 groundstation10)
6.897: (turn_to satellite3 phenomenon15 star6)
6.897: (turn_to satellite3 star17 star6)
6.908: (turn_to satellite3 phenomenon15 groundstation3)
6.908: (turn_to satellite3 star17 groundstation3)
6.918: (turn_to satellite3 star14 star6)
6.922: (turn_to satellite2 phenomenon16 groundstation10)
6.923: (turn_to satellite3 star14 groundstation3)
6.935: (turn_to satellite4 star14 groundstation9)
6.945: (turn_to satellite4 star17 groundstation9)
6.945: (turn_to satellite4 phenomenon15 groundstation9)
6.946: (turn_to satellite1 phenomenon16 groundstation7)
6.955: (turn_to satellite1 phenomenon16 groundstation7)
6.961: (turn_to satellite1 phenomenon16 groundstation7)
6.984: (turn_to satellite4 phenomenon15 groundstation9)
6.984: (turn_to satellite4 star17 groundstation9)
6.985: (turn_to satellite4 star14 groundstation9)
7.024: (turn_to satellite4 phenomenon15 groundstation9)
7.024: (turn_to satellite4 star17 groundstation9)
7.029: (turn_to satellite1 phenomenon16 groundstation7)
7.036: (turn_to satellite1 phenomenon16 groundstation7)
7.037: (turn_to satellite1 phenomenon16 groundstation7)
7.038: (turn_to satellite4 star14 groundstation9)
7.084: (turn_to satellite2 phenomenon16 groundstation10)
7.085: (turn_to satellite4 star14 groundstation9)
7.089: (turn_to satellite4 star17 groundstation9)
7.090: (turn_to satellite4 phenomenon15 groundstation9)
7.092: (turn_to satellite4 phenomenon16 groundstation9)
7.109: (turn_to satellite0 phenomenon16 star14)
7.111: (turn_to satellite0 phenomenon16 star14)
7.112: (turn_to satellite2 phenomenon16 groundstation10)
7.113: (turn_to satellite0 phenomenon16 star14)
7.127: (turn_to satellite2 phenomenon16 groundstation10)
7.137: (turn_to satellite3 phenomenon16 star5)
7.151: (turn_to satellite3 phenomenon16 star5)
7.154: (turn_to satellite4 star17 groundstation9)
7.154: (turn_to satellite4 star14 groundstation9)
7.154: (turn_to satellite4 phenomenon15 groundstation9)
7.192: (turn_to satellite0 phenomenon16 star14)
7.194: (turn_to satellite4 star17 groundstation9)
7.194: (turn_to satellite0 phenomenon16 star14)
7.201: (take_image satellite4 star14 instrument14 infrared0)
7.203: (take_image satellite4 star14 instrument15 infrared0)
7.212: (turn_to satellite3 phenomenon16 star5)
7.213: (turn_to satellite2 star17 groundstation10)
7.213: (turn_to satellite2 phenomenon15 groundstation10)
7.219: (switch_on instrument9 satellite3)
7.221: (turn_to satellite0 phenomenon16 star14)
7.227: (turn_to satellite2 star14 groundstation10)
7.231: (switch_on instrument10 satellite3)
7.233: (turn_to satellite3 phenomenon16 star5)
7.238: (turn_to satellite3 phenomenon16 groundstation3)
7.238: (turn_to satellite3 phenomenon16 star5)
7.239: (take_image satellite4 phenomenon15 instrument15 infrared0)
7.239: (turn_to satellite3 phenomenon16 star6)
7.239: (take_image satellite4 star17 instrument15 infrared0)
7.241: (turn_to satellite0 groundstation9 star14)
7.243: (turn_to satellite2 groundstation9 groundstation10)
7.243: (turn_to satellite1 phenomenon16 groundstation7)
7.247: (turn_to satellite4 phenomenon16 groundstation9)
7.249: (turn_to satellite2 phenomenon16 groundstation10)
7.250: (turn_to satellite4 star14 groundstation9)
7.250: (turn_to satellite4 phenomenon15 groundstation9)
7.250: (turn_to satellite4 star17 groundstation9)
7.250: (turn_to satellite3 phenomenon16 star5)
7.257: (turn_to satellite0 groundstation7 star14)
7.257: (turn_to satellite2 groundstation7 groundstation10)
7.258: (turn_to satellite0 groundstation10 star14)
7.258: (turn_to satellite3 phenomenon16 star5)
7.261: (turn_to satellite1 star17 groundstation7)
7.262: (turn_to satellite1 phenomenon15 groundstation7)
7.264: (turn_to satellite3 phenomenon16 star5)
7.272: (take_image satellite4 star17 instrument14 infrared0)
7.275: (turn_to satellite1 star14 groundstation7)
7.276: (turn_to satellite3 phenomenon16 star5)
7.277: (turn_to satellite2 groundstation1 groundstation10)
7.278: (turn_to satellite0 groundstation1 star14)
7.280: (take_image satellite4 phenomenon15 instrument14 infrared0)
7.281: (turn_to satellite2 phenomenon16 groundstation10)
7.282: (turn_to satellite3 phenomenon16 star5)
7.283: (turn_to satellite3 phenomenon16 star5)
7.285: (turn_to satellite2 phenomenon15 groundstation10)
7.285: (turn_to satellite2 star17 groundstation10)
7.287: (turn_to satellite1 groundstation9 groundstation7)
5.548: (turn_to satellite3 phenomenon16 star5)
5.550: (take_image satellite4 phenomenon16 instrument15 thermograph1)
5.647: (turn_to satellite3 phenomenon16 star5)
5.653: (take_image satellite4 phenomenon16 instrument14 thermograph1)
5.772: (turn_to satellite4 phenomenon15 phenomenon16)
5.772: (turn_to satellite4 star17 phenomenon16)
5.782: (turn_to satellite4 star14 phenomenon16)
5.866: (turn_to satellite4 star14 phenomenon16)
5.867: (turn_to satellite4 phenomenon15 phenomenon16)
5.868: (turn_to satellite4 star17 phenomenon16)
5.894: (take_image satellite3 star14 instrument8 infrared0)
5.921: (turn_to satellite3 star17 star13)
5.921: (turn_to satellite3 phenomenon15 star13)
5.936: (turn_to satellite4 star4 groundstation9)
5.941: (turn_to satellite3 phenomenon15 star4)
5.941: (turn_to satellite3 star17 star4)
5.946: (turn_to satellite4 star4 groundstation9)
5.954: (turn_to satellite3 star14 star13)
5.956: (turn_to satellite3 phenomenon16 star5)
5.958: (turn_to satellite3 star14 star4)
5.960: (turn_to satellite4 star4 groundstation9)
5.966: (turn_to satellite3 phenomenon15 groundstation9)
5.966: (turn_to satellite3 star17 groundstation9)
5.990: (take_image satellite3 star17 instrument8 infrared0)
5.991: (take_image satellite3 phenomenon15 instrument8 infrared0)
5.992: (turn_to satellite3 star14 groundstation9)
6.000: (turn_to satellite3 phenomenon16 star5)
6.014: (turn_to satellite3 phenomenon16 star5)
6.020: (turn_to satellite3 phenomenon16 star5)
6.036: (take_image satellite4 star14 instrument15 infrared0)
6.064: (take_image satellite4 phenomenon15 instrument15 infrared0)
6.070: (take_image satellite4 star17 instrument15 infrared0)
6.073: (take_image satellite4 star14 instrument14 infrared0)
6.114: (take_image satellite3 star14 instrument10 infrared0)
6.117: (turn_to satellite3 phenomenon15 groundstation3)
6.117: (turn_to satellite3 star17 groundstation3)
6.119: (turn_to satellite3 phenomenon15 star6)
6.119: (turn_to satellite3 star17 star6)
6.126: (turn_to satellite3 star14 star6)
6.126: (turn_to satellite3 star14 groundstation3)
6.131: (turn_to satellite4 star4 groundstation9)
6.133: (turn_to satellite4 star4 groundstation9)
6.133: (turn_to satellite4 star4 groundstation9)
6.137: (turn_to satellite4 star4 groundstation9)
6.140: (turn_to satellite2 star17 groundstation10)
6.143: (turn_to satellite2 phenomenon15 groundstation10)
6.146: (turn_to satellite3 phenomenon16 groundstation9)
6.155: (turn_to satellite3 phenomenon16 star13)
6.168: (take_image satellite4 star17 instrument14 infrared0)
6.182: (turn_to satellite3 phenomenon16 star4)
6.183: (take_image satellite4 phenomenon15 instrument14 infrared0)
6.197: (take_image satellite3 phenomenon15 instrument10 infrared0)
6.198: (take_image satellite3 star17 instrument10 infrared0)
6.203: (turn_to satellite1 phenomenon15 groundstation7)
6.204: (turn_to satellite1 star17 groundstation7)
6.218: (turn_to satellite3 phenomenon16 star5)
6.219: (turn_to satellite3 phenomenon16 star5)
6.219: (turn_to satellite2 phenomenon16 groundstation10)
6.220: (switch_on instrument8 satellite3)
6.220: (turn_to satellite2 star14 groundstation10)
6.221: (switch_on instrument9 satellite3)
6.221: (turn_to satellite2 phenomenon16 groundstation10)
6.224: (switch_on instrument8 satellite3)
6.225: (switch_on instrument9 satellite3)
6.225: (switch_on instrument10 satellite3)
6.225: (turn_to satellite3 phenomenon16 star5)
6.228: (switch_on instrument10 satellite3)
6.229: (turn_to satellite2 star14 groundstation10)
6.232: (turn_to satellite2 star14 groundstation10)
6.235: (turn_to satellite2 phenomenon16 groundstation10)
6.235: (turn_to satellite2 phenomenon15 groundstation10)
6.236: (turn_to satellite2 star17 groundstation10)
6.236: (turn_to satellite2 phenomenon15 groundstation10)
6.238: (turn_to satellite2 star17 groundstation10)
6.240: (switch_on instrument9 satellite3)
6.241: (switch_on instrument8 satellite3)
6.242: (switch_on instrument10 satellite3)
6.255: (turn_to satellite2 phenomenon16 groundstation10)
6.280: (turn_to satellite4 star17 groundstation9)
6.280: (turn_to satellite4 phenomenon15 groundstation9)
6.281: (turn_to satellite1 star17 groundstation7)
6.284: (turn_to satellite1 phenomenon15 groundstation7)
6.288: (turn_to satellite1 phenomenon16 groundstation7)
6.296: (turn_to satellite3 phenomenon16 star5)
6.296: (turn_to satellite1 phenomenon16 groundstation7)
6.301: (turn_to satellite1 star14 groundstation7)
6.302: (turn_to satellite1 star14 groundstation7)
6.303: (turn_to satellite2 phenomenon15 groundstation10)
6.303: (turn_to satellite2 star17 groundstation10)
6.307: (turn_to satellite4 star14 groundstation9)
6.311: (turn_to satellite1 star17 groundstation7)
6.311: (turn_to satellite2 groundstation7 groundstation10)
6.312: (turn_to satellite2 groundstation7 groundstation10)
6.315: (turn_to satellite2 star14 groundstation10)
6.317: (turn_to satellite4 phenomenon15 groundstation9)
6.317: (turn_to satellite4 star14 groundstation9)
6.317: (turn_to satellite4 star17 groundstation9)
6.317: (turn_to satellite3 phenomenon16 star5)
6.317: (turn_to satellite3 phenomenon16 star5)
6.319: (turn_to satellite1 star14 groundstation7)
6.320: (turn_to satellite2 phenomenon16 groundstation10)
6.320: (turn_to satellite2 phenomenon16 groundstation10)
6.320: (turn_to satellite1 phenomenon16 groundstation7)
6.320: (turn_to satellite1 phenomenon15 groundstation7)
6.320: (turn_to satellite1 star17 groundstation7)
6.322: (turn_to satellite1 star17 groundstation7)
6.322: (turn_to satellite1 phenomenon15 groundstation7)
6.324: (turn_to satellite2 groundstation7 groundstation10)
6.325: (turn_to satellite2 star17 groundstation10)
6.326: (turn_to satellite4 star17 groundstation9)
6.326: (turn_to satellite4 phenomenon15 groundstation9)
6.328: (turn_to satellite2 phenomenon15 groundstation10)
6.329: (turn_to satellite1 phenomenon15 groundstation7)
6.331: (turn_to satellite3 phenomenon15 groundstation9)
6.332: (turn_to satellite1 phenomenon16 groundstation7)
6.333: (turn_to satellite2 star5 groundstation10)
6.334: (switch_on instrument8 satellite3)
6.334: (turn_to satellite2 star5 groundstation10)
6.336: (turn_to satellite1 star14 groundstation7)
6.336: (turn_to satellite4 star14 groundstation9)
4.824: (turn_to satellite3 phenomenon16 star5)
4.825: (turn_to satellite3 phenomenon16 star5)
4.825: (turn_to satellite3 phenomenon16 star5)
4.826: (turn_to satellite4 phenomenon15 phenomenon16)
4.826: (turn_to satellite4 star17 phenomenon16)
4.830: (turn_to satellite4 star14 phenomenon16)
4.950: (turn_to satellite3 phenomenon16 star5)
4.952: (turn_to satellite3 phenomenon16 star5)
4.953: (turn_to satellite3 phenomenon16 star5)
4.965: (turn_to satellite4 star14 phenomenon16)
4.967: (turn_to satellite4 phenomenon15 phenomenon16)
4.967: (turn_to satellite4 star17 phenomenon16)
5.146: (take_image satellite4 star14 instrument15 infrared0)
5.165: (turn_to satellite3 phenomenon16 star5)
5.177: (take_image satellite4 phenomenon16 instrument15 thermograph1)
5.190: (take_image satellite4 star14 instrument14 infrared0)
5.191: (take_image satellite3 star14 instrument8 infrared0)
5.205: (turn_to satellite4 star4 groundstation9)
5.215: (take_image satellite4 phenomenon16 instrument15 thermograph1)
5.218: (take_image satellite4 star17 instrument15 infrared0)
5.220: (take_image satellite4 phenomenon15 instrument15 infrared0)
5.259: (turn_to satellite3 phenomenon16 star5)
5.259: (turn_to satellite3 phenomenon16 star5)
5.270: (take_image satellite4 star17 instrument14 infrared0)
5.285: (turn_to satellite1 star17 groundstation7)
5.285: (turn_to satellite1 phenomenon15 groundstation7)
5.289: (turn_to satellite4 star17 phenomenon15)
5.295: (turn_to satellite4 star4 groundstation9)
5.297: (turn_to satellite1 star14 groundstation7)
5.297: (take_image satellite4 phenomenon15 instrument14 infrared0)
5.297: (turn_to satellite4 star4 groundstation9)
5.303: (turn_to satellite4 phenomenon15 star17)
5.308: (turn_to satellite4 phenomenon15 star14)
5.308: (turn_to satellite4 star17 star14)
5.310: (take_image satellite3 phenomenon15 instrument8 infrared0)
5.311: (turn_to satellite3 star17 star14)
5.311: (turn_to satellite3 phenomenon15 star14)
5.312: (take_image satellite3 star17 instrument8 infrared0)
5.313: (take_image satellite4 phenomenon16 instrument14 thermograph1)
5.314: (take_image satellite4 phenomenon16 instrument15 thermograph1)
5.319: (take_image satellite4 phenomenon16 instrument15 thermograph1)
5.319: (take_image satellite3 star14 instrument10 infrared0)
5.327: (turn_to satellite4 star4 groundstation9)
5.340: (switch_on instrument2 satellite0)
5.348: (turn_to satellite1 phenomenon15 groundstation7)
5.349: (turn_to satellite1 star17 groundstation7)
5.349: (turn_to satellite4 phenomenon16 star14)
5.349: (turn_to satellite1 phenomenon16 groundstation7)
5.354: (turn_to satellite3 phenomenon15 star17)
5.355: (turn_to satellite4 star4 groundstation9)
5.356: (turn_to satellite3 star17 phenomenon15)
5.360: (turn_to satellite1 star14 groundstation7)
5.365: (turn_to satellite2 phenomenon16 groundstation10)
5.368: (turn_to satellite4 star4 groundstation9)
5.369: (take_image satellite3 phenomenon15 instrument10 infrared0)
5.378: (turn_to satellite2 groundstation7 groundstation10)
5.381: (take_image satellite3 star17 instrument10 infrared0)
5.382: (turn_to satellite4 star14 phenomenon15)
5.383: (turn_to satellite3 star14 phenomenon15)
5.387: (turn_to satellite1 groundstation1 groundstation7)
5.389: (turn_to satellite2 star17 groundstation10)
5.390: (turn_to satellite2 phenomenon15 groundstation10)
5.390: (turn_to satellite4 star14 star17)
5.396: (switch_on instrument0 satellite0)
5.397: (turn_to satellite4 star17 phenomenon15)
5.399: (turn_to satellite1 groundstation10 groundstation7)
5.399: (turn_to satellite1 star5 groundstation7)
5.402: (turn_to satellite2 star14 groundstation10)
5.407: (turn_to satellite3 star14 star17)
5.411: (turn_to satellite1 phenomenon16 groundstation7)
5.414: (turn_to satellite0 phenomenon16 star14)
5.415: (turn_to satellite4 phenomenon15 star17)
5.418: (turn_to satellite2 star5 groundstation10)
5.424: (turn_to satellite1 groundstation9 groundstation7)
5.426: (turn_to satellite0 groundstation9 star14)
5.427: (turn_to satellite0 groundstation7 star14)
5.429: (turn_to satellite4 phenomenon16 phenomenon15)
5.430: (turn_to satellite4 phenomenon16 star17)
5.432: (turn_to satellite0 groundstation2 star14)
5.434: (turn_to satellite2 star13 groundstation10)
5.436: (turn_to satellite2 groundstation2 groundstation10)
5.436: (turn_to satellite1 star0 groundstation7)
5.437: (turn_to satellite0 groundstation10 star14)
5.440: (switch_on instrument4 satellite2)
5.444: (turn_to satellite2 groundstation12 groundstation10)
5.446: (turn_to satellite0 groundstation7 star14)
5.447: (turn_to satellite0 groundstation10 star14)
5.448: (turn_to satellite0 phenomenon16 star14)
5.450: (turn_to satellite4 star17 star14)
5.450: (turn_to satellite4 phenomenon15 star14)
5.452: (turn_to satellite1 star13 groundstation7)
5.454: (turn_to satellite0 groundstation1 star14)
5.456: (turn_to satellite1 star8 groundstation7)
5.461: (turn_to satellite1 phenomenon15 groundstation7)
5.462: (turn_to satellite1 star5 groundstation7)
5.462: (turn_to satellite1 groundstation10 groundstation7)
5.462: (turn_to satellite1 star17 groundstation7)
5.463: (turn_to satellite1 groundstation12 groundstation7)
5.463: (turn_to satellite2 groundstation9 groundstation10)
5.464: (turn_to satellite0 star0 star14)
5.464: (turn_to satellite0 star5 star14)
5.464: (switch_on instrument10 satellite3)
5.465: (turn_to satellite2 star8 groundstation10)
5.468: (turn_to satellite2 phenomenon16 groundstation10)
5.468: (turn_to satellite1 groundstation2 groundstation7)
5.475: (turn_to satellite2 star4 groundstation10)
5.480: (turn_to satellite2 groundstation7 groundstation10)
5.483: (turn_to satellite2 groundstation1 groundstation10)
5.487: (turn_to satellite0 star13 star14)
5.487: (turn_to satellite0 groundstation2 star14)
5.488: (turn_to satellite4 phenomenon16 star14)
5.489: (switch_on instrument8 satellite3)
5.490: (switch_on instrument1 satellite0)
5.491: (turn_to satellite1 groundstation9 groundstation7)
5.492: (turn_to satellite2 groundstation1 groundstation10)
5.493: (turn_to satellite1 star4 groundstation7)
5.493: (turn_to satellite0 star13 star14)
5.496: (turn_to satellite2 star0 groundstation10)
5.497: (turn_to satellite0 groundstation12 star14)
5.497: (switch_on instrument0 satellite0)
3.995: (take_image satellite4 phenomenon16 instrument14 thermograph1)
4.153: (take_image satellite4 phenomenon16 instrument15 thermograph1)
4.156: (take_image satellite4 phenomenon16 instrument15 thermograph1)
4.192: (turn_to satellite3 phenomenon16 star5)
4.196: (take_image satellite4 star14 instrument15 infrared0)
4.212: (turn_to satellite3 phenomenon16 star5)
4.219: (turn_to satellite3 phenomenon16 star5)
4.219: (turn_to satellite3 phenomenon16 star5)
4.235: (take_image satellite4 star14 instrument14 infrared0)
4.269: (take_image satellite4 phenomenon15 instrument15 infrared0)
4.273: (take_image satellite4 star17 instrument15 infrared0)
4.283: (take_image satellite4 phenomenon16 instrument15 thermograph1)
4.334: (turn_to satellite3 phenomenon16 star5)
4.338: (turn_to satellite3 phenomenon16 star5)
4.350: (take_image satellite4 star17 instrument14 infrared0)
4.353: (take_image satellite4 phenomenon15 instrument14 infrared0)
4.418: (turn_to satellite4 phenomenon15 star17)
4.425: (turn_to satellite4 star17 phenomenon15)
4.447: (turn_to satellite4 phenomenon15 phenomenon16)
4.448: (turn_to satellite4 star17 phenomenon16)
4.470: (turn_to satellite4 star17 star14)
4.476: (turn_to satellite4 phenomenon15 star14)
4.494: (turn_to satellite4 star14 phenomenon16)
4.494: (turn_to satellite4 star14 phenomenon16)
4.496: (turn_to satellite4 phenomenon15 phenomenon16)
4.496: (turn_to satellite4 star17 phenomenon16)
4.500: (turn_to satellite4 star14 phenomenon16)
4.502: (turn_to satellite4 star14 star17)
4.503: (turn_to satellite1 phenomenon15 groundstation7)
4.505: (turn_to satellite4 star17 phenomenon16)
4.507: (turn_to satellite4 star14 phenomenon15)
4.511: (turn_to satellite1 star17 groundstation7)
4.520: (turn_to satellite4 phenomenon15 phenomenon16)
4.520: (turn_to satellite4 star14 phenomenon16)
4.520: (turn_to satellite4 star17 phenomenon16)
4.520: (turn_to satellite4 phenomenon15 phenomenon16)
4.521: (turn_to satellite4 star14 phenomenon16)
4.523: (turn_to satellite4 phenomenon15 phenomenon16)
4.523: (turn_to satellite4 star17 phenomenon16)
4.532: (turn_to satellite4 phenomenon15 phenomenon16)
4.532: (turn_to satellite4 star17 phenomenon16)
4.533: (turn_to satellite4 phenomenon15 phenomenon16)
4.533: (turn_to satellite4 star17 phenomenon16)
4.542: (turn_to satellite4 star14 phenomenon16)
4.543: (turn_to satellite4 star14 phenomenon16)
4.543: (turn_to satellite4 star17 phenomenon16)
4.543: (turn_to satellite4 phenomenon15 phenomenon16)
4.552: (turn_to satellite4 phenomenon15 star14)
4.552: (turn_to satellite4 star17 star14)
4.554: (turn_to satellite4 star14 phenomenon16)
4.555: (turn_to satellite4 star17 phenomenon16)
4.555: (turn_to satellite4 star14 phenomenon16)
4.555: (turn_to satellite4 phenomenon15 phenomenon16)
4.556: (turn_to satellite4 star17 phenomenon15)
4.558: (turn_to satellite4 phenomenon15 phenomenon16)
4.558: (turn_to satellite4 star17 phenomenon16)
4.562: (turn_to satellite4 star17 phenomenon16)
4.562: (turn_to satellite4 phenomenon15 phenomenon16)
4.562: (turn_to satellite4 star17 phenomenon16)
4.565: (turn_to satellite4 star17 phenomenon16)
4.565: (turn_to satellite4 phenomenon15 phenomenon16)
4.567: (turn_to satellite2 phenomenon15 groundstation10)
4.572: (turn_to satellite4 phenomenon15 star17)
4.573: (turn_to satellite2 star17 groundstation10)
4.574: (turn_to satellite1 star17 groundstation7)
4.575: (turn_to satellite4 star14 phenomenon16)
4.576: (turn_to satellite4 star14 phenomenon16)
4.577: (turn_to satellite1 phenomenon15 groundstation7)
4.580: (turn_to satellite4 star14 phenomenon16)
4.580: (turn_to satellite1 star14 groundstation7)
4.582: (turn_to satellite4 star14 phenomenon16)
4.582: (turn_to satellite4 phenomenon15 phenomenon16)
4.583: (turn_to satellite4 phenomenon15 phenomenon16)
4.583: (turn_to satellite4 star17 phenomenon16)
4.583: (turn_to satellite4 star14 phenomenon16)
4.583: (turn_to satellite4 phenomenon15 phenomenon16)
4.585: (turn_to satellite4 star14 phenomenon16)
4.586: (turn_to satellite4 star17 phenomenon16)
4.586: (turn_to satellite4 phenomenon15 phenomenon16)
4.589: (turn_to satellite4 phenomenon15 phenomenon16)
4.589: (turn_to satellite4 star17 phenomenon16)
4.591: (turn_to satellite4 star17 phenomenon16)
4.591: (turn_to satellite4 phenomenon15 phenomenon16)
4.591: (turn_to satellite4 star4 groundstation9)
4.592: (turn_to satellite4 star17 phenomenon16)
4.592: (turn_to satellite4 phenomenon15 phenomenon16)
4.594: (turn_to satellite1 phenomenon15 groundstation7)
4.594: (turn_to satellite1 star17 groundstation7)
4.597: (turn_to satellite1 star17 groundstation7)
4.597: (turn_to satellite4 star17 phenomenon16)
4.597: (turn_to satellite4 phenomenon15 phenomenon16)
4.597: (turn_to satellite4 phenomenon15 phenomenon16)
4.597: (turn_to satellite4 star17 phenomenon16)
4.599: (turn_to satellite4 star17 phenomenon16)
4.600: (turn_to satellite4 star4 groundstation9)
4.600: (switch_on instrument2 satellite0)
4.600: (switch_on instrument2 satellite0)
4.605: (turn_to satellite3 star17 phenomenon15)
4.605: (turn_to satellite2 phenomenon16 groundstation10)
4.605: (turn_to satellite1 phenomenon15 groundstation7)
4.606: (turn_to satellite4 star14 phenomenon16)
4.609: (turn_to satellite2 phenomenon16 groundstation10)
4.609: (turn_to satellite2 phenomenon16 groundstation10)
4.610: (turn_to satellite1 star14 groundstation7)
4.611: (turn_to satellite4 star14 phenomenon16)
4.616: (turn_to satellite4 star17 phenomenon16)
4.616: (turn_to satellite4 phenomenon15 phenomenon16)
4.616: (turn_to satellite1 star14 groundstation7)
4.617: (turn_to satellite4 star14 phenomenon16)
4.620: (turn_to satellite4 star14 phenomenon16)
4.625: (turn_to satellite4 phenomenon15 phenomenon16)
4.625: (turn_to satellite4 star17 phenomenon16)
4.626: (turn_to satellite3 star17 star14)
4.626: (turn_to satellite3 phenomenon15 star14)
4.626: (turn_to satellite4 star17 phenomenon16)
4.626: (turn_to satellite4 phenomenon15 phenomenon16)
4.627: (turn_to satellite4 star17 phenomenon16)
4.627: (turn_to satellite4 phenomenon15 phenomenon16)
4.627: (turn_to satellite3 phenomenon15 star17)
4.629: (turn_to satellite4 phenomenon15 phenomenon16)
3.474: (turn_to satellite3 phenomenon16 star5)
3.475: (turn_to satellite3 phenomenon16 star5)
3.475: (turn_to satellite3 phenomenon16 star5)
3.477: (turn_to satellite3 phenomenon16 star5)
3.481: (turn_to satellite4 phenomenon15 phenomenon16)
3.495: (turn_to satellite4 star17 phenomenon16)
3.511: (turn_to satellite4 phenomenon15 phenomenon16)
3.511: (turn_to satellite4 star17 phenomenon16)
3.511: (turn_to satellite4 phenomenon15 star14)
3.511: (turn_to satellite4 star17 star14)
3.512: (turn_to satellite4 star17 phenomenon15)
3.513: (turn_to satellite4 phenomenon15 star17)
3.559: (turn_to satellite3 phenomenon16 star5)
3.560: (turn_to satellite3 phenomenon16 star5)
3.561: (turn_to satellite3 phenomenon16 star5)
3.561: (turn_to satellite3 phenomenon16 star5)
3.561: (turn_to satellite4 star14 phenomenon16)
3.573: (turn_to satellite4 star14 phenomenon16)
3.582: (turn_to satellite4 star14 star17)
3.591: (turn_to satellite4 star14 phenomenon15)
3.618: (turn_to satellite4 star17 phenomenon16)
3.620: (turn_to satellite4 phenomenon15 phenomenon16)
3.628: (turn_to satellite4 star17 star14)
3.628: (turn_to satellite4 phenomenon15 star14)
3.649: (turn_to satellite3 phenomenon16 star5)
3.663: (turn_to satellite3 phenomenon16 star5)
3.664: (turn_to satellite4 star17 phenomenon15)
3.665: (turn_to satellite4 phenomenon15 star17)
3.710: (turn_to satellite4 star14 phenomenon15)
3.710: (turn_to satellite4 star14 star17)
3.885: (take_image satellite4 star17 instrument14 infrared0)
3.887: (take_image satellite4 phenomenon15 instrument14 infrared0)
3.891: (turn_to satellite1 star17 groundstation7)
3.894: (turn_to satellite1 phenomenon15 groundstation7)
3.916: (take_image satellite4 star14 instrument15 infrared0)
3.933: (take_image satellite4 star14 instrument15 infrared0)
3.943: (take_image satellite4 phenomenon15 instrument15 infrared0)
3.946: (take_image satellite4 star17 instrument15 infrared0)
3.950: (take_image satellite3 phenomenon15 instrument8 infrared0)
3.961: (take_image satellite4 phenomenon15 instrument15 infrared0)
3.963: (take_image satellite4 star14 instrument15 infrared0)
3.965: (take_image satellite4 star14 instrument15 infrared0)
3.967: (turn_to satellite1 phenomenon16 groundstation7)
3.969: (turn_to satellite1 star14 groundstation7)
3.969: (take_image satellite4 star17 instrument15 infrared0)
3.974: (turn_to satellite1 star14 groundstation7)
3.976: (turn_to satellite1 phenomenon16 groundstation7)
3.976: (take_image satellite4 star17 instrument15 infrared0)
3.984: (turn_to satellite2 star17 groundstation10)
3.986: (turn_to satellite2 phenomenon16 groundstation10)
3.987: (turn_to satellite2 phenomenon16 groundstation10)
3.988: (take_image satellite4 star17 instrument15 infrared0)
3.988: (turn_to satellite1 star17 groundstation7)
3.988: (take_image satellite4 phenomenon15 instrument15 infrared0)
3.991: (take_image satellite4 star14 instrument14 infrared0)
3.992: (turn_to satellite1 phenomenon15 groundstation7)
3.994: (take_image satellite4 phenomenon15 instrument15 infrared0)
3.997: (take_image satellite4 star14 instrument14 infrared0)
3.998: (take_image satellite4 star14 instrument14 infrared0)
4.002: (take_image satellite4 phenomenon15 instrument15 infrared0)
4.005: (turn_to satellite2 star17 groundstation10)
4.006: (turn_to satellite2 phenomenon15 groundstation10)
4.007: (turn_to satellite2 groundstation2 groundstation10)
4.007: (turn_to satellite2 groundstation7 groundstation10)
4.007: (turn_to satellite2 groundstation7 groundstation10)
4.010: (turn_to satellite2 groundstation2 groundstation10)
4.013: (turn_to satellite1 star17 groundstation7)
4.016: (turn_to satellite1 phenomenon15 groundstation7)
4.018: (take_image satellite4 star14 instrument14 infrared0)
4.024: (take_image satellite4 star17 instrument15 infrared0)
4.024: (take_image satellite4 phenomenon15 instrument15 infrared0)
4.024: (turn_to satellite1 star17 groundstation7)
4.024: (turn_to satellite1 phenomenon15 groundstation7)
4.025: (take_image satellite4 star17 instrument15 infrared0)
4.034: (turn_to satellite2 phenomenon16 groundstation10)
4.036: (turn_to satellite2 star14 groundstation10)
4.037: (turn_to satellite2 phenomenon15 groundstation10)
4.039: (turn_to satellite2 star17 groundstation10)
4.040: (take_image satellite4 star17 instrument14 infrared0)
4.041: (turn_to satellite2 phenomenon16 groundstation10)
4.041: (turn_to satellite1 phenomenon16 groundstation7)
4.043: (turn_to satellite2 phenomenon16 groundstation10)
4.045: (take_image satellite4 phenomenon15 instrument14 infrared0)
4.045: (turn_to satellite1 phenomenon15 groundstation7)
4.045: (turn_to satellite1 star17 groundstation7)
4.047: (switch_on instrument2 satellite0)
4.049: (take_image satellite4 star17 instrument14 infrared0)
4.050: (turn_to satellite1 groundstation10 groundstation7)
4.051: (turn_to satellite2 star5 groundstation10)
4.051: (turn_to satellite2 star5 groundstation10)
4.051: (take_image satellite4 star17 instrument15 infrared0)
4.051: (take_image satellite4 phenomenon15 instrument15 infrared0)
4.052: (turn_to satellite1 groundstation1 groundstation7)
4.054: (turn_to satellite2 star17 groundstation10)
4.054: (turn_to satellite1 groundstation10 groundstation7)
4.055: (turn_to satellite1 star5 groundstation7)
4.056: (take_image satellite3 phenomenon15 instrument8 infrared0)
4.056: (take_image satellite3 star17 instrument8 infrared0)
4.056: (turn_to satellite2 star13 groundstation10)
4.056: (turn_to satellite1 groundstation1 groundstation7)
4.057: (turn_to satellite2 star13 groundstation10)
4.057: (turn_to satellite1 star5 groundstation7)
4.059: (take_image satellite4 star17 instrument14 infrared0)
4.065: (switch_on instrument2 satellite0)
4.065: (take_image satellite4 phenomenon15 instrument14 infrared0)
4.065: (take_image satellite4 phenomenon15 instrument14 infrared0)
4.065: (take_image satellite4 star17 instrument14 infrared0)
4.067: (turn_to satellite1 groundstation9 groundstation7)
4.069: (turn_to satellite2 phenomenon15 groundstation10)
4.069: (turn_to satellite1 groundstation9 groundstation7)
4.070: (turn_to satellite2 star14 groundstation10)
4.070: (switch_on instrument2 satellite0)
4.070: (turn_to satellite2 star14 groundstation10)
4.073: (turn_to satellite2 groundstation7 groundstation10)
4.074: (take_image satellite4 star17 instrument15 infrared0)
4.075: (turn_to satellite1 phenomenon15 groundstation7)
4.075: (turn_to satellite1 star14 groundstation7)
4.075: (turn_to satellite1 star17 groundstation7)
4.075: (turn_to satellite1 phenomenon15 groundstation7)
4.076: (turn_to satellite1 star14 groundstation7)
2.988: (turn_to satellite3 phenomenon16 star5)
2.988: (turn_to satellite3 phenomenon16 star5)
2.998: (turn_to satellite3 phenomenon16 star5)
3.044: (turn_to satellite3 phenomenon16 star5)
3.048: (take_image satellite4 star14 instrument15 infrared0)
3.053: (take_image satellite4 star14 instrument15 infrared0)
3.061: (take_image satellite4 phenomenon15 instrument15 infrared0)
3.066: (take_image satellite4 star17 instrument15 infrared0)
3.067: (take_image satellite4 star17 instrument15 infrared0)
3.071: (take_image satellite4 phenomenon15 instrument15 infrared0)
3.074: (turn_to satellite3 phenomenon16 star5)
3.074: (turn_to satellite3 phenomenon16 star5)
3.105: (take_image satellite4 star17 instrument14 infrared0)
3.111: (take_image satellite4 star14 instrument14 infrared0)
3.111: (take_image satellite4 star14 instrument14 infrared0)
3.116: (take_image satellite4 phenomenon15 instrument14 infrared0)
3.146: (turn_to satellite4 star14 star17)
3.148: (take_image satellite4 star17 instrument14 infrared0)
3.148: (take_image satellite4 phenomenon15 instrument14 infrared0)
3.155: (turn_to satellite4 phenomenon15 star17)
3.167: (turn_to satellite4 star14 phenomenon15)
3.170: (turn_to satellite4 star14 star17)
3.181: (turn_to satellite4 star17 phenomenon15)
3.188: (turn_to satellite4 phenomenon15 star17)
3.196: (turn_to satellite4 phenomenon15 star14)
3.196: (turn_to satellite4 star17 star14)
3.220: (turn_to satellite4 phenomenon15 star17)
3.235: (turn_to satellite4 star17 phenomenon16)
3.259: (turn_to satellite4 star17 star14)
3.260: (turn_to satellite4 star17 star14)
3.269: (turn_to satellite4 phenomenon15 star14)
3.269: (switch_on instrument2 satellite0)
3.270: (switch_on instrument2 satellite0)
3.274: (turn_to satellite4 phenomenon15 star14)
3.280: (turn_to satellite2 phenomenon16 groundstation10)
3.282: (turn_to satellite4 phenomenon15 star17)
3.284: (turn_to satellite4 star14 star17)
3.284: (turn_to satellite4 star17 phenomenon15)
3.287: (turn_to satellite2 phenomenon16 groundstation10)
3.287: (turn_to satellite4 star14 phenomenon15)
3.291: (turn_to satellite4 star17 phenomenon15)
3.293: (turn_to satellite4 phenomenon15 phenomenon16)
3.294: (turn_to satellite4 star14 phenomenon15)
3.295: (turn_to satellite4 star17 phenomenon16)
3.297: (turn_to satellite4 phenomenon15 phenomenon16)
3.298: (turn_to satellite1 star17 groundstation7)
3.298: (turn_to satellite4 star17 phenomenon16)
3.298: (turn_to satellite4 star14 phenomenon16)
3.299: (turn_to satellite4 star14 phenomenon16)
3.300: (turn_to satellite1 phenomenon15 groundstation7)
3.302: (turn_to satellite4 phenomenon15 star17)
3.303: (turn_to satellite4 star17 phenomenon15)
3.303: (turn_to satellite4 phenomenon15 star17)
3.303: (turn_to satellite4 star17 phenomenon15)
3.305: (turn_to satellite1 phenomenon16 groundstation7)
3.306: (turn_to satellite1 star17 groundstation7)
3.307: (turn_to satellite1 phenomenon16 groundstation7)
3.308: (turn_to satellite1 phenomenon15 groundstation7)
3.309: (turn_to satellite4 phenomenon15 phenomenon16)
3.310: (turn_to satellite1 star14 groundstation7)
3.311: (turn_to satellite1 star14 groundstation7)
3.313: (turn_to satellite2 groundstation7 groundstation10)
3.315: (turn_to satellite2 groundstation7 groundstation10)
3.319: (turn_to satellite4 star14 phenomenon15)
3.320: (turn_to satellite1 phenomenon15 groundstation7)
3.325: (turn_to satellite1 star17 groundstation7)
3.326: (turn_to satellite1 star14 groundstation7)
3.326: (turn_to satellite4 star17 phenomenon16)
3.326: (switch_on instrument1 satellite0)
3.327: (turn_to satellite1 star14 groundstation7)
3.328: (switch_on instrument1 satellite0)
3.331: (switch_on instrument0 satellite0)
3.331: (turn_to satellite4 star14 star17)
3.331: (turn_to satellite4 star17 phenomenon15)
3.334: (switch_on instrument0 satellite0)
3.336: (turn_to satellite2 phenomenon15 groundstation10)
3.336: (turn_to satellite4 phenomenon15 star17)
3.336: (turn_to satellite2 star17 groundstation10)
3.346: (turn_to satellite4 phenomenon15 star14)
3.346: (turn_to satellite4 star17 star14)
3.346: (turn_to satellite2 phenomenon15 groundstation10)
3.347: (turn_to satellite2 star14 groundstation10)
3.347: (turn_to satellite2 star17 groundstation10)
3.348: (turn_to satellite4 star14 phenomenon15)
3.349: (turn_to satellite4 phenomenon15 star17)
3.349: (turn_to satellite4 star14 star17)
3.350: (turn_to satellite1 phenomenon16 groundstation7)
3.350: (turn_to satellite4 star17 phenomenon15)
3.350: (turn_to satellite2 star5 groundstation10)
3.350: (turn_to satellite2 phenomenon16 groundstation10)
3.351: (turn_to satellite1 phenomenon15 groundstation7)
3.351: (turn_to satellite1 star17 groundstation7)
3.351: (turn_to satellite4 star14 phenomenon16)
3.352: (turn_to satellite2 star17 groundstation10)
3.352: (turn_to satellite2 phenomenon16 groundstation10)
3.352: (turn_to satellite2 phenomenon15 groundstation10)
3.352: (turn_to satellite2 phenomenon16 groundstation10)
3.352: (turn_to satellite1 phenomenon16 groundstation7)
3.353: (turn_to satellite2 star14 groundstation10)
3.356: (turn_to satellite1 star14 groundstation7)
3.356: (turn_to satellite1 star14 groundstation7)
3.356: (turn_to satellite2 phenomenon16 groundstation10)
3.356: (turn_to satellite1 phenomenon15 groundstation7)
3.357: (turn_to satellite2 star5 groundstation10)
3.357: (turn_to satellite1 star17 groundstation7)
3.357: (turn_to satellite4 phenomenon15 star17)
3.359: (turn_to satellite4 star17 phenomenon15)
3.359: (turn_to satellite4 star14 phenomenon15)
3.359: (turn_to satellite4 star14 star17)
3.359: (turn_to satellite1 groundstation1 groundstation7)
3.362: (turn_to satellite4 star17 phenomenon15)
3.363: (turn_to satellite4 star14 phenomenon16)
3.363: (turn_to satellite1 groundstation1 groundstation7)
3.365: (turn_to satellite4 phenomenon15 star17)
3.367: (turn_to satellite1 star17 groundstation7)
3.367: (turn_to satellite4 star14 star17)
3.368: (turn_to satellite4 star17 phenomenon16)
3.369: (turn_to satellite1 phenomenon15 groundstation7)
3.370: (turn_to satellite4 phenomenon15 star14)
3.370: (turn_to satellite4 star17 star14)
2.231: (turn_to satellite3 phenomenon16 star5)
2.232: (turn_to satellite3 phenomenon16 star5)
2.284: (turn_to satellite4 star17 star14)
2.284: (turn_to satellite4 phenomenon15 star14)
2.286: (turn_to satellite4 star17 phenomenon15)
2.289: (turn_to satellite4 phenomenon15 star17)
2.368: (turn_to satellite4 star17 star14)
2.368: (turn_to satellite4 star14 phenomenon15)
2.369: (turn_to satellite4 phenomenon15 star14)
2.376: (turn_to satellite4 star14 star17)
2.379: (turn_to satellite4 star17 phenomenon15)
2.397: (turn_to satellite4 phenomenon15 star17)
2.433: (turn_to satellite3 phenomenon16 star5)
2.476: (turn_to satellite4 star14 phenomenon15)
2.479: (turn_to satellite4 star14 star17)
2.538: (take_image satellite4 star17 instrument15 infrared0)
2.539: (take_image satellite4 phenomenon15 instrument15 infrared0)
2.567: (take_image satellite4 star14 instrument15 infrared0)
2.618: (take_image satellite4 phenomenon15 instrument15 infrared0)
2.678: (take_image satellite4 phenomenon15 instrument14 infrared0)
2.681: (take_image satellite4 phenomenon15 instrument15 infrared0)
2.683: (take_image satellite4 star14 instrument15 infrared0)
2.692: (take_image satellite4 star14 instrument14 infrared0)
2.720: (take_image satellite4 star17 instrument14 infrared0)
2.733: (switch_on instrument0 satellite0)
2.738: (take_image satellite4 star17 instrument15 infrared0)
2.749: (take_image satellite4 star14 instrument14 infrared0)
2.750: (take_image satellite4 phenomenon15 instrument15 infrared0)
2.756: (turn_to satellite2 phenomenon16 groundstation10)
2.774: (take_image satellite4 phenomenon15 instrument14 infrared0)
2.777: (switch_on instrument4 satellite2)
2.785: (switch_on instrument0 satellite0)
2.786: (switch_on instrument0 satellite0)
2.794: (take_image satellite4 star17 instrument15 infrared0)
2.797: (switch_on instrument7 satellite2)
2.799: (turn_to satellite1 star17 groundstation7)
2.799: (take_image satellite4 star14 instrument15 infrared0)
2.800: (take_image satellite4 phenomenon15 instrument15 infrared0)
2.800: (take_image satellite4 star14 instrument15 infrared0)
2.801: (turn_to satellite1 star14 groundstation7)
2.802: (turn_to satellite1 star14 groundstation7)
2.806: (turn_to satellite1 phenomenon16 groundstation7)
2.806: (turn_to satellite1 phenomenon16 groundstation7)
2.807: (take_image satellite4 star17 instrument15 infrared0)
2.809: (turn_to satellite1 phenomenon15 groundstation7)
2.813: (take_image satellite4 star17 instrument14 infrared0)
2.813: (turn_to satellite1 star17 groundstation7)
2.816: (take_image satellite4 star17 instrument15 infrared0)
2.820: (take_image satellite4 phenomenon15 instrument15 infrared0)
2.820: (switch_on instrument2 satellite0)
2.822: (take_image satellite4 phenomenon15 instrument15 infrared0)
2.822: (turn_to satellite2 star14 groundstation10)
2.825: (take_image satellite4 star17 instrument14 infrared0)
2.825: (take_image satellite4 phenomenon15 instrument14 infrared0)
2.826: (turn_to satellite1 phenomenon15 groundstation7)
2.830: (switch_on instrument2 satellite0)
2.833: (switch_on instrument4 satellite2)
2.833: (turn_to satellite2 phenomenon16 groundstation10)
2.835: (turn_to satellite2 star17 groundstation10)
2.836: (take_image satellite4 star17 instrument15 infrared0)
2.838: (take_image satellite4 phenomenon15 instrument15 infrared0)
2.841: (turn_to satellite2 phenomenon16 groundstation10)
2.842: (take_image satellite4 star14 instrument15 infrared0)
2.848: (take_image satellite4 star17 instrument15 infrared0)
2.849: (switch_on instrument6 satellite2)
2.850: (take_image satellite4 star17 instrument15 infrared0)
2.858: (take_image satellite4 phenomenon15 instrument14 infrared0)
2.858: (take_image satellite4 star17 instrument14 infrared0)
2.860: (turn_to satellite1 star14 groundstation7)
2.864: (turn_to satellite1 phenomenon15 groundstation7)
2.865: (turn_to satellite1 phenomenon16 groundstation7)
2.865: (turn_to satellite1 star14 groundstation7)
2.865: (take_image satellite4 star17 instrument15 infrared0)
2.867: (take_image satellite4 phenomenon15 instrument15 infrared0)
2.867: (turn_to satellite1 star17 groundstation7)
2.871: (turn_to satellite1 phenomenon16 groundstation7)
2.872: (turn_to satellite1 phenomenon16 groundstation7)
2.875: (turn_to satellite1 star17 groundstation7)
2.876: (turn_to satellite1 groundstation10 groundstation7)
2.876: (turn_to satellite1 phenomenon15 groundstation7)
2.877: (turn_to satellite1 phenomenon16 groundstation7)
2.877: (switch_on instrument2 satellite0)
2.880: (turn_to satellite2 groundstation7 groundstation10)
2.881: (turn_to satellite1 groundstation10 groundstation7)
2.882: (turn_to satellite2 star5 groundstation10)
2.884: (turn_to satellite1 phenomenon16 groundstation7)
2.884: (take_image satellite4 star14 instrument15 infrared0)
2.885: (turn_to satellite1 star5 groundstation7)
2.886: (switch_on instrument1 satellite0)
2.887: (take_image satellite4 star17 instrument15 infrared0)
2.888: (turn_to satellite1 star5 groundstation7)
2.888: (take_image satellite4 phenomenon15 instrument15 infrared0)
2.888: (switch_on instrument2 satellite0)
2.888: (switch_on instrument2 satellite0)
2.888: (turn_to satellite2 groundstation7 groundstation10)
2.890: (switch_on instrument1 satellite0)
2.890: (turn_to satellite2 phenomenon16 groundstation10)
2.891: (switch_on instrument0 satellite0)
2.892: (turn_to satellite2 phenomenon16 groundstation10)
2.893: (turn_to satellite2 star17 groundstation10)
2.893: (turn_to satellite2 phenomenon15 groundstation10)
2.894: (take_image satellite4 star17 instrument15 infrared0)
2.894: (turn_to satellite2 star17 groundstation10)
2.897: (take_image satellite4 star17 instrument15 infrared0)
2.897: (take_image satellite4 phenomenon15 instrument15 infrared0)
2.898: (take_image satellite4 phenomenon15 instrument15 infrared0)
2.900: (turn_to satellite1 phenomenon16 groundstation7)
2.901: (switch_on instrument1 satellite0)
2.901: (turn_to satellite2 star17 groundstation10)
2.903: (turn_to satellite2 phenomenon16 groundstation10)
2.903: (switch_on instrument0 satellite0)
2.905: (take_image satellite4 star14 instrument14 infrared0)
2.908: (switch_on instrument0 satellite0)
2.908: (turn_to satellite1 star14 groundstation7)
2.909: (turn_to satellite2 phenomenon15 groundstation10)
2.909: (turn_to satellite2 star14 groundstation10)
2.909: (turn_to satellite2 star14 groundstation10)
2.910: (turn_to satellite2 star14 groundstation10)
2.910: (turn_to satellite1 groundstation9 groundstation7)
2.910: (turn_to satellite1 groundstation1 groundstation7)
1.619: (take_image satellite4 star17 instrument14 infrared0)
1.628: (take_image satellite4 phenomenon15 instrument14 infrared0)
1.641: (turn_to satellite3 phenomenon16 star5)
1.643: (take_image satellite4 star17 instrument15 infrared0)
1.643: (take_image satellite4 star14 instrument14 infrared0)
1.646: (take_image satellite4 phenomenon15 instrument15 infrared0)
1.653: (turn_to satellite3 phenomenon16 star5)
1.657: (turn_to satellite3 phenomenon16 star5)
1.670: (take_image satellite4 star14 instrument15 infrared0)
1.833: (turn_to satellite4 star4 star14)
1.834: (turn_to satellite4 star4 phenomenon15)
1.841: (turn_to satellite4 star4 star17)
2.050: (turn_to satellite4 phenomenon15 star14)
2.062: (turn_to satellite4 star17 star14)
2.064: (turn_to satellite4 star14 star17)
2.092: (turn_to satellite4 star14 star17)
2.103: (turn_to satellite4 phenomenon15 star14)
2.115: (turn_to satellite4 star17 phenomenon15)
2.116: (turn_to satellite4 phenomenon15 star17)
2.121: (turn_to satellite4 phenomenon15 star14)
2.122: (turn_to satellite1 star14 groundstation7)
2.122: (turn_to satellite2 phenomenon16 groundstation10)
2.124: (turn_to satellite4 phenomenon15 star17)
2.125: (turn_to satellite2 phenomenon16 groundstation10)
2.127: (turn_to satellite4 star14 phenomenon15)
2.129: (turn_to satellite4 star14 star17)
2.130: (turn_to satellite4 phenomenon15 star17)
2.131: (turn_to satellite4 star17 star14)
2.133: (turn_to satellite4 star14 phenomenon15)
2.138: (turn_to satellite2 phenomenon16 groundstation10)
2.138: (turn_to satellite4 star17 star14)
2.140: (turn_to satellite4 phenomenon15 star17)
2.143: (turn_to satellite4 star14 phenomenon15)
2.146: (turn_to satellite4 star17 phenomenon15)
2.151: (turn_to satellite1 star17 groundstation7)
2.153: (turn_to satellite1 phenomenon15 groundstation7)
2.154: (turn_to satellite2 groundstation7 groundstation10)
2.158: (turn_to satellite2 groundstation7 groundstation10)
2.158: (turn_to satellite4 star17 star14)
2.160: (turn_to satellite2 star14 groundstation10)
2.162: (turn_to satellite4 star17 phenomenon15)
2.163: (turn_to satellite2 star14 groundstation10)
2.166: (turn_to satellite1 phenomenon16 groundstation7)
2.168: (turn_to satellite1 phenomenon16 groundstation7)
2.171: (turn_to satellite1 phenomenon16 groundstation7)
2.172: (turn_to satellite2 groundstation7 groundstation10)
2.177: (turn_to satellite1 star14 groundstation7)
2.178: (switch_on instrument4 satellite2)
2.179: (turn_to satellite2 star14 groundstation10)
2.180: (switch_on instrument4 satellite2)
2.182: (turn_to satellite1 groundstation9 groundstation7)
2.184: (turn_to satellite2 phenomenon15 groundstation10)
2.184: (turn_to satellite4 phenomenon15 star14)
2.184: (turn_to satellite0 phenomenon16 star14)
2.185: (turn_to satellite2 star17 groundstation10)
2.186: (switch_on instrument10 satellite3)
2.187: (turn_to satellite0 phenomenon16 star14)
2.189: (switch_on instrument10 satellite3)
2.189: (turn_to satellite0 phenomenon16 star14)
2.194: (turn_to satellite2 groundstation2 groundstation10)
2.194: (turn_to satellite1 groundstation9 groundstation7)
2.196: (turn_to satellite2 groundstation2 groundstation10)
2.198: (turn_to satellite2 star5 groundstation10)
2.199: (turn_to satellite2 star5 groundstation10)
2.199: (turn_to satellite2 groundstation9 groundstation10)
2.200: (turn_to satellite4 star14 phenomenon15)
2.203: (turn_to satellite4 star14 star17)
2.204: (turn_to satellite4 star14 star17)
2.207: (turn_to satellite4 star14 star17)
2.207: (turn_to satellite2 star13 groundstation10)
2.207: (turn_to satellite1 phenomenon15 groundstation7)
2.208: (turn_to satellite1 groundstation1 groundstation7)
2.208: (turn_to satellite1 star17 groundstation7)
2.209: (turn_to satellite2 star5 groundstation10)
2.209: (turn_to satellite1 groundstation1 groundstation7)
2.209: (switch_on instrument8 satellite3)
2.210: (turn_to satellite1 star14 groundstation7)
2.211: (switch_on instrument8 satellite3)
2.212: (turn_to satellite2 star13 groundstation10)
2.212: (turn_to satellite2 groundstation12 groundstation10)
2.212: (turn_to satellite1 groundstation9 groundstation7)
2.212: (turn_to satellite2 groundstation12 groundstation10)
2.214: (turn_to satellite1 groundstation1 groundstation7)
2.214: (turn_to satellite1 star14 groundstation7)
2.215: (turn_to satellite4 star14 phenomenon15)
2.215: (turn_to satellite2 groundstation9 groundstation10)
2.217: (turn_to satellite2 star4 groundstation10)
2.218: (turn_to satellite2 star4 groundstation10)
2.220: (turn_to satellite4 star14 star17)
2.220: (turn_to satellite4 star14 phenomenon15)
2.220: (turn_to satellite4 star14 phenomenon15)
2.224: (switch_on instrument9 satellite3)
2.224: (switch_on instrument9 satellite3)
2.224: (turn_to satellite4 star17 phenomenon15)
2.224: (turn_to satellite4 phenomenon15 star17)
2.225: (turn_to satellite1 phenomenon16 groundstation7)
2.227: (turn_to satellite4 star14 phenomenon15)
2.228: (turn_to satellite2 groundstation12 groundstation10)
2.228: (turn_to satellite0 groundstation7 star14)
2.230: (turn_to satellite2 star4 groundstation10)
2.231: (turn_to satellite2 groundstation2 groundstation10)
2.233: (turn_to satellite2 star13 groundstation10)
2.234: (turn_to satellite1 phenomenon16 groundstation7)
2.234: (turn_to satellite1 phenomenon16 groundstation7)
2.234: (turn_to satellite0 groundstation7 star14)
2.235: (turn_to satellite2 star17 groundstation10)
2.235: (turn_to satellite2 phenomenon15 groundstation10)
2.236: (turn_to satellite2 star17 groundstation10)
2.236: (turn_to satellite4 phenomenon15 star14)
2.237: (turn_to satellite0 groundstation7 star14)
2.237: (turn_to satellite4 star14 phenomenon15)
2.238: (turn_to satellite2 phenomenon15 groundstation10)
2.238: (turn_to satellite4 star17 star14)
2.242: (turn_to satellite2 phenomenon16 groundstation10)
2.242: (turn_to satellite2 groundstation1 groundstation10)
2.242: (turn_to satellite1 star5 groundstation7)
2.242: (switch_on instrument2 satellite0)
2.242: (turn_to satellite4 star14 star17)
2.243: (turn_to satellite1 star0 groundstation7)
2.244: (turn_to satellite1 star0 groundstation7)
0.889: (turn_to satellite4 star4 star14)
[Final] Expanded: 953, Generated: 99283
Found a solution of length 12!
   1: (switch_on instrument14 satellite4)
   2: (calibrate satellite4 instrument14 groundstation9)
   3: (turn_to satellite4 phenomenon16 groundstation9)
   4: (take_image satellite4 phenomenon16 instrument14 thermograph1)
   5: (turn_to satellite4 star17 phenomenon16)
   6: (take_image satellite4 star17 instrument14 infrared0)
   7: (turn_to satellite4 phenomenon15 star17)
   8: (turn_to satellite3 phenomenon16 star5)
   9: (take_image satellite4 phenomenon15 instrument14 infrared0)
  10: (turn_to satellite4 star14 phenomenon15)
  11: (take_image satellite4 star14 instrument14 infrared0)
  12: (turn_to satellite4 star4 star14)
