/u/ibrahim.eisawy/Neural-Guided-Search/venv/lib/python3.10/site-packages/pymimir_rgnn/model.py:151: UserWarning: index_reduce() is in beta and the API may change at any time. (Triggered internally at /pytorch/aten/src/ATen/native/cuda/Indexing.cu:1541.)
  max_msg.index_reduce_(0, output_indices, output_messages, reduce='amax', include_self=True)
Torch: 2.12.0+cu130
Using GPU:  NVIDIA L40S
129.508: (switch_on instrument25 satellite7)
130.557: (switch_on instrument0 satellite0)
130.619: (switch_on instrument24 satellite7)
130.792: (switch_on instrument19 satellite6)
131.007: (switch_on instrument10 satellite3)
131.402: (switch_on instrument8 satellite3)
132.046: (switch_on instrument1 satellite0)
132.079: (switch_on instrument17 satellite5)
132.304: (switch_on instrument12 satellite4)
132.494: (switch_on instrument6 satellite2)
133.069: (switch_on instrument22 satellite7)
133.125: (switch_on instrument23 satellite7)
133.655: (switch_on instrument9 satellite3)
134.095: (switch_on instrument3 satellite2)
134.936: (switch_on instrument20 satellite6)
135.096: (switch_on instrument15 satellite4)
135.263: (switch_on instrument4 satellite2)
136.175: (switch_on instrument21 satellite6)
136.551: (switch_on instrument16 satellite4)
136.587: (switch_on instrument5 satellite2)
137.143: (switch_on instrument14 satellite4)
137.274: (switch_on instrument11 satellite3)
137.308: (switch_on instrument13 satellite4)
137.475: (switch_on instrument7 satellite2)
138.106: (switch_on instrument18 satellite5)
138.178: (switch_on instrument2 satellite1)
138.192: (switch_on instrument26 satellite7)
138.752: (turn_to satellite7 star90 groundstation97)
138.931: (turn_to satellite7 star43 groundstation97)
139.089: (turn_to satellite7 groundstation71 groundstation97)
139.093: (turn_to satellite7 groundstation83 groundstation97)
139.100: (turn_to satellite7 groundstation84 groundstation97)
139.130: (turn_to satellite7 phenomenon149 groundstation97)
139.130: (turn_to satellite7 star166 groundstation97)
139.130: (turn_to satellite7 phenomenon165 groundstation97)
139.130: (turn_to satellite7 phenomenon139 groundstation97)
139.130: (turn_to satellite7 star147 groundstation97)
139.130: (turn_to satellite7 star160 groundstation97)
139.130: (turn_to satellite7 planet154 groundstation97)
139.178: (turn_to satellite7 planet113 groundstation97)
139.188: (turn_to satellite7 phenomenon150 groundstation97)
139.188: (turn_to satellite7 planet148 groundstation97)
139.188: (turn_to satellite7 planet145 groundstation97)
139.188: (turn_to satellite7 planet138 groundstation97)
139.188: (turn_to satellite7 phenomenon161 groundstation97)
139.188: (turn_to satellite7 planet162 groundstation97)
139.188: (turn_to satellite7 planet140 groundstation97)
139.197: (turn_to satellite7 planet136 groundstation97)
139.200: (turn_to satellite7 star156 groundstation97)
139.200: (turn_to satellite7 star155 groundstation97)
139.200: (turn_to satellite7 planet157 groundstation97)
139.200: (turn_to satellite7 planet164 groundstation97)
139.202: (turn_to satellite7 planet135 groundstation97)
139.204: (turn_to satellite7 star127 groundstation97)
139.204: (turn_to satellite7 star126 groundstation97)
139.204: (turn_to satellite7 star120 groundstation97)
139.211: (turn_to satellite7 planet151 groundstation97)
139.211: (turn_to satellite7 phenomenon143 groundstation97)
139.211: (turn_to satellite7 star144 groundstation97)
139.211: (turn_to satellite7 planet141 groundstation97)
139.211: (turn_to satellite7 planet169 groundstation97)
139.211: (turn_to satellite7 star153 groundstation97)
139.211: (turn_to satellite7 planet152 groundstation97)
139.211: (turn_to satellite7 star167 groundstation97)
139.212: (turn_to satellite7 groundstation20 groundstation97)
139.252: (turn_to satellite7 planet115 groundstation97)
139.255: (turn_to satellite7 star114 groundstation97)
139.259: (turn_to satellite7 star116 groundstation97)
139.273: (turn_to satellite7 star130 groundstation97)
139.273: (turn_to satellite7 planet134 groundstation97)
139.273: (turn_to satellite7 star125 groundstation97)
139.273: (turn_to satellite7 planet124 groundstation97)
139.273: (turn_to satellite7 planet119 groundstation97)
139.274: (turn_to satellite7 planet163 groundstation97)
139.274: (turn_to satellite7 planet159 groundstation97)
139.274: (turn_to satellite7 planet168 groundstation97)
139.274: (turn_to satellite7 planet146 groundstation97)
139.274: (turn_to satellite7 phenomenon137 groundstation97)
139.274: (turn_to satellite7 planet142 groundstation97)
139.274: (turn_to satellite7 planet158 groundstation97)
139.281: (turn_to satellite7 star122 groundstation97)
139.281: (turn_to satellite7 planet129 groundstation97)
139.281: (turn_to satellite7 star121 groundstation97)
139.284: (turn_to satellite7 star117 groundstation97)
139.285: (turn_to satellite7 planet118 groundstation97)
139.286: (turn_to satellite7 planet123 groundstation97)
139.286: (turn_to satellite7 planet133 groundstation97)
139.345: (turn_to satellite7 phenomenon128 groundstation97)
139.345: (turn_to satellite7 planet131 groundstation97)
139.345: (turn_to satellite7 phenomenon132 groundstation97)
139.374: (turn_to satellite7 star42 groundstation97)
139.398: (turn_to satellite7 star0 groundstation97)
139.414: (turn_to satellite7 star102 groundstation97)
139.417: (turn_to satellite7 planet112 groundstation97)
139.476: (turn_to satellite7 phenomenon100 groundstation97)
139.476: (turn_to satellite7 planet105 groundstation97)
139.476: (turn_to satellite7 planet110 groundstation97)
139.490: (turn_to satellite7 star104 groundstation97)
139.490: (turn_to satellite7 phenomenon101 groundstation97)
139.491: (turn_to satellite7 phenomenon106 groundstation97)
139.491: (turn_to satellite7 phenomenon108 groundstation97)
139.528: (turn_to satellite7 star103 groundstation97)
139.538: (turn_to satellite7 star107 groundstation97)
139.538: (turn_to satellite7 planet109 groundstation97)
139.538: (turn_to satellite7 planet111 groundstation97)
139.845: (turn_to satellite5 groundstation22 star117)
139.857: (turn_to satellite5 star24 star117)
139.859: (turn_to satellite2 star38 star9)
139.884: (turn_to satellite2 groundstation20 star9)
139.887: (turn_to satellite5 star43 star117)
139.895: (turn_to satellite5 star69 star117)
139.895: (turn_to satellite2 star32 star9)
139.896: (turn_to satellite5 groundstation84 star117)
139.901: (turn_to satellite5 star86 star117)
139.906: (turn_to satellite5 groundstation39 star117)
139.914: (turn_to satellite5 star38 star117)
139.916: (turn_to satellite5 star10 star117)
139.923: (turn_to satellite2 star42 star9)
139.927: (turn_to satellite5 groundstation1 star117)
139.929: (turn_to satellite5 groundstation29 star117)
Traceback (most recent call last):
  File "/u/ibrahim.eisawy/Neural-Guided-Search/beam.py", line 104, in <module>
    _main(_parse_arguments())
  File "/u/ibrahim.eisawy/Neural-Guided-Search/beam.py", line 94, in _main
    solution = _plan(problem, model, args.beam, use_closed_set=not args.disable_closed_set)
  File "/u/ibrahim.eisawy/Neural-Guided-Search/beam.py", line 57, in _plan
    values = model.forward(inputs).readout('value')
  File "/u/ibrahim.eisawy/Neural-Guided-Search/venv/lib/python3.10/site-packages/pymimir_rgnn/model.py", line 316, in forward
    node_embeddings = self._mpnn_module.forward(input)
  File "/u/ibrahim.eisawy/Neural-Guided-Search/venv/lib/python3.10/site-packages/pymimir_rgnn/model.py", line 209, in forward
    relation_messages = self._relation_network(node_embeddings, input.flattened_relations)
  File "/u/ibrahim.eisawy/Neural-Guided-Search/venv/lib/python3.10/site-packages/torch/nn/modules/module.py", line 1778, in _wrapped_call_impl
    return self._call_impl(*args, **kwargs)
  File "/u/ibrahim.eisawy/Neural-Guided-Search/venv/lib/python3.10/site-packages/torch/nn/modules/module.py", line 1789, in _call_impl
    return forward_call(*args, **kwargs)
  File "/u/ibrahim.eisawy/Neural-Guided-Search/venv/lib/python3.10/site-packages/pymimir_rgnn/model.py", line 149, in forward
    output_messages, output_indices = self._compute_messages_and_indices(node_embeddings, relations)
  File "/u/ibrahim.eisawy/Neural-Guided-Search/venv/lib/python3.10/site-packages/pymimir_rgnn/model.py", line 111, in _compute_messages_and_indices
    output_messages = (input_embeddings + relation_module(input_embeddings)).view(-1, self._embedding_size)
  File "/u/ibrahim.eisawy/Neural-Guided-Search/venv/lib/python3.10/site-packages/torch/nn/modules/module.py", line 1778, in _wrapped_call_impl
    return self._call_impl(*args, **kwargs)
  File "/u/ibrahim.eisawy/Neural-Guided-Search/venv/lib/python3.10/site-packages/torch/nn/modules/module.py", line 1789, in _call_impl
    return forward_call(*args, **kwargs)
  File "/u/ibrahim.eisawy/Neural-Guided-Search/venv/lib/python3.10/site-packages/pymimir_rgnn/modules.py", line 14, in forward
    return self._outer(nn.functional.mish(self._inner(input)))
  File "/u/ibrahim.eisawy/Neural-Guided-Search/venv/lib/python3.10/site-packages/torch/nn/modules/module.py", line 1778, in _wrapped_call_impl
    return self._call_impl(*args, **kwargs)
  File "/u/ibrahim.eisawy/Neural-Guided-Search/venv/lib/python3.10/site-packages/torch/nn/modules/module.py", line 1789, in _call_impl
    return forward_call(*args, **kwargs)
  File "/u/ibrahim.eisawy/Neural-Guided-Search/venv/lib/python3.10/site-packages/torch/nn/modules/linear.py", line 134, in forward
    return F.linear(input, self.weight, self.bias)
torch.OutOfMemoryError: CUDA out of memory. Tried to allocate 20.98 GiB. GPU 0 has a total capacity of 44.39 GiB of which 2.60 GiB is free. Including non-PyTorch memory, this process has 27.19 GiB memory in use. Process 107663 has 1.11 GiB memory in use. Process 107842 has 2.81 GiB memory in use. Process 107891 has 2.97 GiB memory in use. Process 107951 has 1.49 GiB memory in use. Process 108001 has 2.99 GiB memory in use. Process 108049 has 2.66 GiB memory in use. Process 108148 has 538.00 MiB memory in use. Of the allocated memory 26.41 GiB is allocated by PyTorch, and 288.83 MiB is reserved by PyTorch but unallocated. If reserved but unallocated memory is large try setting PYTORCH_CUDA_ALLOC_CONF=expandable_segments:True to avoid fragmentation.  See documentation for Memory Management  (https://docs.pytorch.org/docs/stable/notes/cuda.html#optimizing-memory-usage-with-pytorch-cuda-alloc-conf)
