Torch: 2.12.0+cu130
/u/ibrahim.eisawy/Neural-Guided-Search/venv/lib/python3.10/site-packages/pymimir_rgnn/model.py:162: UserWarning: index_reduce() is in beta and the API may change at any time. (Triggered internally at /pytorch/aten/src/ATen/native/cuda/Indexing.cu:1541.)
  exps_max.index_reduce_(0, output_indices, output_messages, reduce="amax", include_self=False)
Using GPU:  NVIDIA L40S
  [sim 500] root visits=500, unique states=39282, generated=39281
  [sim 710] found goal path of length 14
[Final] Expanded: 55626, Generated: 55626
[search done] simulations=710, unique states generated=55626
Found a solution of length 14!
   1: (switch_on instrument5 satellite0)
   2: (turn_to satellite0 star13 planet27)
   3: (calibrate satellite0 instrument5 star13)
   4: (turn_to satellite0 phenomenon26 star13)
   5: (take_image satellite0 phenomenon26 instrument5 image4)
   6: (switch_on instrument11 satellite2)
   7: (turn_to satellite2 groundstation10 planet25)
   8: (calibrate satellite2 instrument11 groundstation10)
   9: (turn_to satellite2 planet25 groundstation10)
  10: (take_image satellite2 planet25 instrument11 infrared2)
  11: (turn_to satellite2 planet27 planet25)
  12: (take_image satellite2 planet27 instrument11 spectrograph0)
  13: (turn_to satellite2 phenomenon28 planet27)
  14: (take_image satellite2 phenomenon28 instrument11 spectrograph0)
