Torch: 2.12.0+cu130
Using GPU:  NVIDIA L40S
[Bellman] lambda=0 -> baseline (no widening signal)
[Sib] OPTION5 sib_beta=3.0 signal=QR-DQN raw width vs SIBLINGS (boosts exploration toward wider/uncertain children; prior untouched) [SHUFFLE CONTROL: width-blind placement]
[Value] SELF-CONSISTENT: leaf value = QR-DQN max_a mean Z(s,a) (SAC critics bypassed; prior still SAC policy)
/u/ibrahim.eisawy/Neural-Guided-Search/venv/lib/python3.10/site-packages/pymimir_rgnn/model.py:162: UserWarning: index_reduce() is in beta and the API may change at any time. (Triggered internally at /pytorch/aten/src/ATen/native/cuda/Indexing.cu:1541.)
  exps_max.index_reduce_(0, output_indices, output_messages, reduce="amax", include_self=False)
  [sim 222] found goal path of length 73
[Final] Expanded: 601, Generated: 601
[Cost] IQN forward calls (Bellman signal): 222
[Widen] nodes widened: 0, mean w: 0.0000
[Sib] child-edges modulated: 1000, mean mult: 1.0036 (1.0 = no change; >1 = boosted toward wide)
[search done] simulations=222, unique states generated=601
Found a solution of length 73!
   1: (move f3-4f f3-5f)
   2: (move f3-5f f2-5f)
   3: (move f2-5f f2-6f)
   4: (move f2-6f f1-6f)
   5: (move f1-6f f0-6f)
   6: (move f0-6f f0-5f)
   7: (move f0-5f f1-5f)
   8: (move f1-5f f1-4f)
   9: (move f1-4f f1-3f)
  10: (move f1-3f f1-2f)
  11: (unlock f1-2f f0-2f key1-2 shape1)
  12: (move f1-2f f2-2f)
  13: (move f2-2f f2-1f)
  14: (move f2-1f f3-1f)
  15: (move f3-1f f4-1f)
  16: (move f4-1f f4-2f)
  17: (move f4-2f f5-2f)
  18: (move f5-2f f5-1f)
  19: (move f5-1f f6-1f)
  20: (move f6-1f f7-1f)
  21: (move f7-1f f7-0f)
  22: (move f7-0f f8-0f)
  23: (move f8-0f f8-1f)
  24: (move f8-1f f8-2f)
  25: (move f8-2f f7-2f)
  26: (move f7-2f f6-2f)
  27: (move f6-2f f6-3f)
  28: (unlock f6-3f f6-4f key1-2 shape1)
  29: (move f6-3f f6-2f)
  30: (move f6-2f f6-1f)
  31: (move f6-1f f5-1f)
  32: (move f5-1f f5-2f)
  33: (move f5-2f f4-2f)
  34: (move f4-2f f4-1f)
  35: (move f4-1f f3-1f)
  36: (move f3-1f f2-1f)
  37: (move f2-1f f2-2f)
  38: (move f2-2f f1-2f)
  39: (move f1-2f f1-1f)
  40: (move f1-1f f0-1f)
  41: (move f0-1f f0-2f)
  42: (putdown f0-2f key1-2)
  43: (move f0-2f f0-1f)
  44: (pickup f0-1f key1-0)
  45: (move f0-1f f0-2f)
  46: (pickup-and-loose f0-2f key1-2 key1-0)
  47: (move f0-2f f1-2f)
  48: (move f1-2f f2-2f)
  49: (move f2-2f f2-1f)
  50: (move f2-1f f3-1f)
  51: (move f3-1f f4-1f)
  52: (move f4-1f f4-2f)
  53: (move f4-2f f5-2f)
  54: (move f5-2f f5-1f)
  55: (move f5-1f f6-1f)
  56: (move f6-1f f7-1f)
  57: (move f7-1f f7-0f)
  58: (move f7-0f f8-0f)
  59: (move f8-0f f8-1f)
  60: (move f8-1f f8-2f)
  61: (move f8-2f f7-2f)
  62: (move f7-2f f6-2f)
  63: (move f6-2f f6-3f)
  64: (move f6-3f f5-3f)
  65: (move f5-3f f5-4f)
  66: (move f5-4f f6-4f)
  67: (move f6-4f f6-5f)
  68: (move f6-5f f6-6f)
  69: (move f6-6f f6-7f)
  70: (move f6-7f f6-8f)
  71: (move f6-8f f7-8f)
  72: (move f7-8f f8-8f)
  73: (putdown f8-8f key1-2)
