Torch: 2.12.0+cu130
Using GPU:  NVIDIA L40S
[oracle] IQN quantile oracle loaded: models/goldminer_iqn.pth (w1_lambda=0.0)
/u/ibrahim.eisawy/Neural-Guided-Search/venv/lib/python3.10/site-packages/pymimir_rgnn/model.py:162: UserWarning: index_reduce() is in beta and the API may change at any time. (Triggered internally at /pytorch/aten/src/ATen/native/cuda/Indexing.cu:1541.)
  exps_max.index_reduce_(0, output_indices, output_messages, reduce="amax", include_self=False)
  [sim 88] found goal path of length 41
[Final] Expanded: 269, Generated: 269
[search done] simulations=88, unique states generated=269
Found a solution of length 41!
   1: (move f0-0f f1-0f)
   2: (move f1-0f f2-0f)
   3: (move f2-0f f3-0f)
   4: (move f3-0f f4-0f)
   5: (pickup-laser f4-0f)
   6: (move f4-0f f5-0f)
   7: (fire-laser f5-0f f5-1f)
   8: (move f5-0f f5-1f)
   9: (fire-laser f5-1f f5-2f)
  10: (move f5-1f f5-2f)
  11: (fire-laser f5-2f f5-3f)
  12: (move f5-2f f5-3f)
  13: (fire-laser f5-3f f5-4f)
  14: (move f5-3f f5-4f)
  15: (fire-laser f5-4f f5-5f)
  16: (move f5-4f f5-5f)
  17: (fire-laser f5-5f f5-6f)
  18: (move f5-5f f5-6f)
  19: (fire-laser f5-6f f5-7f)
  20: (move f5-6f f5-7f)
  21: (putdown-laser f5-7f)
  22: (move f5-7f f5-6f)
  23: (move f5-6f f5-5f)
  24: (move f5-5f f5-4f)
  25: (move f5-4f f5-3f)
  26: (move f5-3f f5-2f)
  27: (move f5-2f f5-1f)
  28: (move f5-1f f5-0f)
  29: (move f5-0f f4-0f)
  30: (pickup-bomb f4-0f)
  31: (move f4-0f f5-0f)
  32: (move f5-0f f5-1f)
  33: (move f5-1f f5-2f)
  34: (move f5-2f f5-3f)
  35: (move f5-3f f5-4f)
  36: (move f5-4f f5-5f)
  37: (move f5-5f f5-6f)
  38: (move f5-6f f5-7f)
  39: (detonate-bomb f5-7f f5-8f)
  40: (move f5-7f f5-8f)
  41: (pick-gold f5-8f)
