Torch: 2.12.0+cu130
Using GPU:  NVIDIA L40S
[Bellman] lambda=0 -> baseline (no widening signal)
[Binc] OPTION6 binc_beta=8.0 signal=BELLMAN INCONSISTENCY (1-step min-W1 parent-vs-child) vs SIBLINGS (boosts exploration toward inconsistent children; prior untouched)
[Value] SELF-CONSISTENT: leaf value = QR-DQN max_a mean Z(s,a) (SAC critics bypassed; prior still SAC policy)
/u/ibrahim.eisawy/Neural-Guided-Search/venv/lib/python3.10/site-packages/pymimir_rgnn/model.py:162: UserWarning: index_reduce() is in beta and the API may change at any time. (Triggered internally at /pytorch/aten/src/ATen/native/cuda/Indexing.cu:1541.)
  exps_max.index_reduce_(0, output_indices, output_messages, reduce="amax", include_self=False)
  [sim 500] root visits=500, unique states=1213, generated=1212, iqn_calls=2379
  [sim 621] found goal path of length 145
[Final] Expanded: 1531, Generated: 1531
[Cost] IQN forward calls (Bellman signal): 2993
[Widen] nodes widened: 0, mean w: 0.0000
[Binc] child-edges modulated: 2440, mean mult: 3.1774 (1.0 = no change; >1 = boosted toward inconsistent)
[search done] simulations=621, unique states generated=1531
Found a solution of length 145!
   1: (move f3-1f f2-1f)
   2: (move f2-1f f2-2f)
   3: (move f2-2f f1-2f)
   4: (move f1-2f f1-3f)
   5: (move f1-3f f1-4f)
   6: (move f1-4f f2-4f)
   7: (move f2-4f f2-3f)
   8: (move f2-3f f3-3f)
   9: (move f3-3f f3-4f)
  10: (move f3-4f f4-4f)
  11: (move f4-4f f5-4f)
  12: (move f5-4f f5-3f)
  13: (move f5-3f f5-2f)
  14: (move f5-2f f6-2f)
  15: (move f6-2f f6-1f)
  16: (move f6-1f f7-1f)
  17: (move f7-1f f8-1f)
  18: (move f8-1f f9-1f)
  19: (move f9-1f f9-0f)
  20: (pickup f9-0f key2-1)
  21: (move f9-0f f9-1f)
  22: (move f9-1f f8-1f)
  23: (move f8-1f f8-2f)
  24: (move f8-2f f8-3f)
  25: (move f8-3f f7-3f)
  26: (move f7-3f f7-4f)
  27: (move f7-4f f8-4f)
  28: (move f8-4f f9-4f)
  29: (move f9-4f f9-3f)
  30: (move f9-3f f9-2f)
  31: (move f9-2f f10-2f)
  32: (move f10-2f f10-3f)
  33: (move f10-3f f10-4f)
  34: (move f10-4f f10-5f)
  35: (move f10-5f f9-5f)
  36: (move f9-5f f8-5f)
  37: (move f8-5f f8-6f)
  38: (move f8-6f f7-6f)
  39: (move f7-6f f7-7f)
  40: (move f7-7f f8-7f)
  41: (move f8-7f f8-8f)
  42: (move f8-8f f7-8f)
  43: (putdown f7-8f key2-1)
  44: (move f7-8f f7-7f)
  45: (move f7-7f f7-6f)
  46: (move f7-6f f8-6f)
  47: (move f8-6f f8-5f)
  48: (pickup f8-5f key1-1)
  49: (move f8-5f f8-6f)
  50: (move f8-6f f7-6f)
  51: (move f7-6f f7-7f)
  52: (move f7-7f f7-8f)
  53: (pickup-and-loose f7-8f key2-1 key1-1)
  54: (move f7-8f f8-8f)
  55: (move f8-8f f8-9f)
  56: (move f8-9f f9-9f)
  57: (move f9-9f f9-10f)
  58: (move f9-10f f9-11f)
  59: (move f9-11f f10-11f)
  60: (move f10-11f f10-10f)
  61: (move f10-10f f10-9f)
  62: (move f10-9f f11-9f)
  63: (move f11-9f f11-10f)
  64: (move f11-10f f11-11f)
  65: (putdown f11-11f key2-1)
  66: (move f11-11f f11-10f)
  67: (move f11-10f f10-10f)
  68: (move f10-10f f10-11f)
  69: (move f10-11f f9-11f)
  70: (pickup f9-11f key1-2)
  71: (move f9-11f f10-11f)
  72: (move f10-11f f11-11f)
  73: (pickup-and-loose f11-11f key2-1 key1-2)
  74: (move f11-11f f10-11f)
  75: (move f10-11f f10-10f)
  76: (move f10-10f f11-10f)
  77: (move f11-10f f11-9f)
  78: (move f11-9f f10-9f)
  79: (move f10-9f f9-9f)
  80: (move f9-9f f9-10f)
  81: (move f9-10f f9-11f)
  82: (move f9-11f f8-11f)
  83: (move f8-11f f7-11f)
  84: (unlock f7-11f f7-10f key2-1 shape2)
  85: (move f7-11f f8-11f)
  86: (move f8-11f f9-11f)
  87: (move f9-11f f10-11f)
  88: (move f10-11f f11-11f)
  89: (move f11-11f f11-10f)
  90: (move f11-10f f10-10f)
  91: (move f10-10f f10-9f)
  92: (move f10-9f f9-9f)
  93: (move f9-9f f9-10f)
  94: (putdown f9-10f key2-1)
  95: (move f9-10f f9-9f)
  96: (pickup f9-9f key2-3)
  97: (move f9-9f f9-10f)
  98: (pickup-and-loose f9-10f key2-1 key2-3)
  99: (move f9-10f f10-10f)
 100: (move f10-10f f10-11f)
 101: (move f10-11f f11-11f)
 102: (move f11-11f f11-10f)
 103: (move f11-10f f11-9f)
 104: (move f11-9f f10-9f)
 105: (move f10-9f f9-9f)
 106: (move f9-9f f8-9f)
 107: (move f8-9f f8-8f)
 108: (move f8-8f f7-8f)
 109: (move f7-8f f7-7f)
 110: (move f7-7f f7-6f)
 111: (move f7-6f f8-6f)
 112: (move f8-6f f8-7f)
 113: (move f8-7f f9-7f)
 114: (putdown f9-7f key2-1)
 115: (move f9-7f f8-7f)
 116: (move f8-7f f8-8f)
 117: (move f8-8f f7-8f)
 118: (pickup f7-8f key1-1)
 119: (unlock f7-8f f7-9f key1-1 shape1)
 120: (move f7-8f f8-8f)
 121: (unlock f8-8f f9-8f key1-1 shape1)
 122: (move f8-8f f8-7f)
 123: (move f8-7f f9-7f)
 124: (pickup-and-loose f9-7f key2-1 key1-1)
 125: (move f9-7f f8-7f)
 126: (move f8-7f f7-7f)
 127: (move f7-7f f7-6f)
 128: (move f7-6f f8-6f)
 129: (move f8-6f f8-5f)
 130: (move f8-5f f8-4f)
 131: (move f8-4f f8-3f)
 132: (move f8-3f f7-3f)
 133: (move f7-3f f7-4f)
 134: (move f7-4f f7-5f)
 135: (move f7-5f f6-5f)
 136: (move f6-5f f6-4f)
 137: (move f6-4f f6-3f)
 138: (move f6-3f f6-2f)
 139: (move f6-2f f6-1f)
 140: (move f6-1f f5-1f)
 141: (move f5-1f f4-1f)
 142: (move f4-1f f3-1f)
 143: (move f3-1f f2-1f)
 144: (move f2-1f f2-2f)
 145: (putdown f2-2f key2-1)
