Torch: 2.12.0+cu130
Using CPU.
[Bellman] lambda=0 -> baseline (no widening signal)
[Value] SELF-CONSISTENT: leaf value = QR-DQN max_a mean Z(s,a) (SAC critics bypassed; prior still SAC policy)
[Add] OPTION8 add_beta=0.25 src=binc cap=2.0 (ADDITIVE bonus, NOT gated by P(a); prior untouched) [SHUFFLE CONTROL: signal-blind placement]
/u/ibrahim.eisawy/Neural-Guided-Search/venv/lib/python3.10/site-packages/pymimir_rgnn/model.py:162: UserWarning: index_reduce() is in beta and the API may change at any time. (Triggered internally at /pytorch/aten/src/ATen/native/TensorAdvancedIndexing.cpp:1514.)
  exps_max.index_reduce_(0, output_indices, output_messages, reduce="amax", include_self=False)
  [sim 176] found goal path of length 50
[Final] Expanded: 501, Generated: 501
[Cost] IQN forward calls (Bellman signal): 945
[Widen] nodes widened: 0, mean w: 0.0000
[Add] child-edges given an additive bonus: 6271, mean (rel-1): 0.4330
[search done] simulations=176, unique states generated=501
Found a solution of length 50!
   1: (move f9-6f f9-7f)
   2: (pickup f9-7f key0-2)
   3: (move f9-7f f9-6f)
   4: (move f9-6f f9-5f)
   5: (putdown f9-5f key0-2)
   6: (move f9-5f f9-4f)
   7: (move f9-4f f9-3f)
   8: (move f9-3f f8-3f)
   9: (move f8-3f f8-4f)
  10: (pickup f8-4f key2-2)
  11: (move f8-4f f9-4f)
  12: (move f9-4f f9-5f)
  13: (pickup-and-loose f9-5f key0-2 key2-2)
  14: (move f9-5f f8-5f)
  15: (move f8-5f f7-5f)
  16: (move f7-5f f6-5f)
  17: (unlock f6-5f f6-4f key0-2 shape0)
  18: (move f6-5f f6-4f)
  19: (move f6-4f f7-4f)
  20: (unlock f7-4f f7-3f key0-2 shape0)
  21: (move f7-4f f8-4f)
  22: (putdown f8-4f key0-2)
  23: (move f8-4f f8-3f)
  24: (move f8-3f f9-3f)
  25: (move f9-3f f9-4f)
  26: (pickup f9-4f key1-4)
  27: (move f9-4f f8-4f)
  28: (pickup-and-loose f8-4f key0-2 key1-4)
  29: (move f8-4f f7-4f)
  30: (move f7-4f f6-4f)
  31: (move f6-4f f6-5f)
  32: (putdown f6-5f key0-2)
  33: (move f6-5f f5-5f)
  34: (move f5-5f f4-5f)
  35: (move f4-5f f4-6f)
  36: (move f4-6f f5-6f)
  37: (pickup f5-6f key0-3)
  38: (move f5-6f f5-5f)
  39: (move f5-5f f6-5f)
  40: (pickup-and-loose f6-5f key0-2 key0-3)
  41: (move f6-5f f5-5f)
  42: (move f5-5f f4-5f)
  43: (move f4-5f f4-4f)
  44: (move f4-4f f4-3f)
  45: (move f4-3f f3-3f)
  46: (move f3-3f f3-2f)
  47: (move f3-2f f2-2f)
  48: (move f2-2f f1-2f)
  49: (move f1-2f f1-1f)
  50: (putdown f1-1f key0-2)
