Torch: 2.12.0+cu130
Using GPU:  NVIDIA L40S
[Bellman] lambda=0 -> baseline (no widening signal)
[Value] SELF-CONSISTENT: leaf value = QR-DQN max_a mean Z(s,a) (SAC critics bypassed; prior still SAC policy)
[Add] OPTION8 add_beta=0.25 src=binc cap=2.0 (ADDITIVE bonus, NOT gated by P(a); prior untouched) [SHUFFLE CONTROL: signal-blind placement]
/u/ibrahim.eisawy/Neural-Guided-Search/venv/lib/python3.10/site-packages/pymimir_rgnn/model.py:162: UserWarning: index_reduce() is in beta and the API may change at any time. (Triggered internally at /pytorch/aten/src/ATen/native/cuda/Indexing.cu:1541.)
  exps_max.index_reduce_(0, output_indices, output_messages, reduce="amax", include_self=False)
  [sim 500] root visits=500, unique states=1318, generated=1317, iqn_calls=2614
  [sim 779] found goal path of length 67
[Final] Expanded: 2122, Generated: 2122
[Cost] IQN forward calls (Bellman signal): 4149
[Widen] nodes widened: 0, mean w: 0.0000
[Add] child-edges given an additive bonus: 29882, mean (rel-1): 0.7057
[search done] simulations=779, unique states generated=2122
Found a solution of length 67!
   1: (move f3-5f f3-6f)
   2: (move f3-6f f3-7f)
   3: (move f3-7f f3-8f)
   4: (move f3-8f f4-8f)
   5: (move f4-8f f4-9f)
   6: (move f4-9f f5-9f)
   7: (move f5-9f f5-8f)
   8: (pickup f5-8f key0-2)
   9: (move f5-8f f6-8f)
  10: (move f6-8f f6-7f)
  11: (move f6-7f f6-6f)
  12: (move f6-6f f6-5f)
  13: (pickup-and-loose f6-5f key0-0 key0-2)
  14: (move f6-5f f6-6f)
  15: (move f6-6f f6-7f)
  16: (move f6-7f f6-8f)
  17: (move f6-8f f7-8f)
  18: (move f7-8f f7-9f)
  19: (move f7-9f f8-9f)
  20: (move f8-9f f8-8f)
  21: (move f8-8f f9-8f)
  22: (move f9-8f f10-8f)
  23: (move f10-8f f10-9f)
  24: (move f10-9f f9-9f)
  25: (putdown f9-9f key0-0)
  26: (move f9-9f f10-9f)
  27: (move f10-9f f10-10f)
  28: (move f10-10f f9-10f)
  29: (pickup f9-10f key0-3)
  30: (move f9-10f f9-9f)
  31: (pickup-and-loose f9-9f key0-0 key0-3)
  32: (move f9-9f f8-9f)
  33: (move f8-9f f8-8f)
  34: (move f8-8f f7-8f)
  35: (move f7-8f f7-9f)
  36: (move f7-9f f6-9f)
  37: (move f6-9f f6-10f)
  38: (putdown f6-10f key0-0)
  39: (move f6-10f f6-9f)
  40: (move f6-9f f5-9f)
  41: (move f5-9f f5-10f)
  42: (move f5-10f f4-10f)
  43: (move f4-10f f3-10f)
  44: (move f3-10f f3-9f)
  45: (move f3-9f f4-9f)
  46: (pickup f4-9f key0-1)
  47: (move f4-9f f4-10f)
  48: (move f4-10f f5-10f)
  49: (move f5-10f f6-10f)
  50: (pickup-and-loose f6-10f key0-0 key0-1)
  51: (move f6-10f f6-9f)
  52: (move f6-9f f7-9f)
  53: (move f7-9f f8-9f)
  54: (move f8-9f f8-8f)
  55: (move f8-8f f7-8f)
  56: (move f7-8f f6-8f)
  57: (move f6-8f f5-8f)
  58: (move f5-8f f5-9f)
  59: (move f5-9f f5-10f)
  60: (move f5-10f f4-10f)
  61: (move f4-10f f3-10f)
  62: (move f3-10f f3-9f)
  63: (move f3-9f f2-9f)
  64: (move f2-9f f1-9f)
  65: (move f1-9f f1-10f)
  66: (move f1-10f f0-10f)
  67: (putdown f0-10f key0-0)
