/u/ibrahim.eisawy/Neural-Guided-Search/venv/lib/python3.10/site-packages/pymimir_rgnn/model.py:151: UserWarning: index_reduce() is in beta and the API may change at any time. (Triggered internally at /pytorch/aten/src/ATen/native/cuda/Indexing.cu:1541.)
  max_msg.index_reduce_(0, output_indices, output_messages, reduce='amax', include_self=True)
Torch: 2.12.0+cu130
Using GPU:  NVIDIA L40S
838.556: (move f3-0f f2-0f)
900.366: (move f3-0f f4-0f)
829.026: (move f4-0f f5-0f)
856.402: (move f2-0f f1-0f)
898.994: (pickup-laser f4-0f)
900.366: (pickup-bomb f4-0f)
inf: (move f2-0f f3-0f)
822.564: (move f4-0f f5-0f)
822.860: (move f4-0f f3-0f)
829.028: (move f4-0f f5-0f)
829.333: (move f4-0f f3-0f)
837.902: (move f5-0f f6-0f)
821.296: (fire-laser f3-0f f3-1f)
821.308: (fire-laser f5-0f f5-1f)
825.985: (putdown-laser f5-0f)
826.212: (putdown-laser f3-0f)
834.538: (move f5-0f f6-0f)
823.972: (putdown-laser f3-0f)
824.302: (putdown-laser f5-0f)
833.263: (move f5-0f f6-0f)
834.018: (move f3-0f f2-0f)
834.807: (move f3-0f f3-1f)
833.720: (fire-laser f6-0f f6-1f)
833.907: (fire-laser f3-1f f2-1f)
835.013: (fire-laser f2-0f f2-1f)
836.059: (move f5-0f f6-0f)
836.286: (fire-laser f3-1f f3-2f)
819.696: (move f3-1f f3-0f)
819.848: (move f6-0f f5-0f)
820.193: (move f2-0f f3-0f)
820.194: (move f3-1f f3-0f)
833.928: (fire-laser f3-1f f2-1f)
818.276: (move f3-1f f3-0f)
822.776: (putdown-laser f3-0f)
823.006: (putdown-laser f5-0f)
823.133: (putdown-laser f3-0f)
833.640: (move f5-0f f5-1f)
820.976: (putdown-laser f3-0f)
831.936: (move f3-0f f2-0f)
832.538: (fire-laser f5-1f f5-2f)
836.338: (move f5-0f f6-0f)
836.933: (move f3-0f f2-0f)
817.451: (move f5-1f f5-0f)
834.828: (move f3-0f f2-0f)
837.001: (putdown-laser f2-0f)
837.648: (move f3-0f f3-1f)
839.258: (putdown-laser f5-1f)
819.807: (move f5-1f f5-0f)
820.162: (putdown-laser f5-0f)
822.193: (move f2-0f f3-0f)
830.525: (move f5-0f f6-0f)
852.870: (move f3-1f f2-1f)
831.939: (move f5-0f f6-0f)
833.388: (move f5-0f f6-0f)
835.229: (move f3-0f f3-1f)
835.549: (putdown-laser f6-0f)
836.244: (move f5-0f f5-1f)
821.397: (move f6-0f f5-0f)
851.481: (move f5-1f f6-1f)
851.485: (move f6-0f f6-1f)
854.855: (move f6-0f f6-1f)
855.280: (move f6-0f f7-0f)
833.834: (move f5-0f f5-1f)
858.408: (move f7-0f f8-0f)
902.904: (move f5-0f f4-0f)
inf: (move f5-0f f6-0f)
inf: (move f6-1f f5-1f)
830.241: (move f4-0f f3-0f)
855.299: (move f5-1f f6-1f)
860.857: (move f5-1f f5-2f)
902.904: (pickup-bomb f4-0f)
inf: (move f5-1f f5-0f)
821.398: (move f4-0f f5-0f)
830.242: (move f4-0f f3-0f)
840.598: (move f3-0f f2-0f)
904.971: (detonate-bomb f4-0f f4-1f)
inf: (move f3-0f f4-0f)
822.441: (move f4-0f f4-1f)
826.929: (move f4-0f f5-0f)
833.203: (move f4-0f f3-0f)
833.834: (move f5-0f f5-1f)
835.550: (move f5-0f f6-0f)
847.150: (move f4-1f f5-1f)
847.151: (move f5-0f f5-1f)
847.153: (detonate-bomb f5-1f f4-1f)
854.714: (move f5-0f f6-0f)
855.040: (move f3-0f f2-0f)
850.419: (pickup-laser f6-0f)
853.269: (move f5-1f f6-1f)
853.272: (move f6-0f f6-1f)
854.726: (move f5-1f f5-2f)
857.173: (move f2-0f f1-0f)
823.443: (move f6-0f f5-0f)
849.327: (move f6-0f f6-1f)
853.859: (move f6-0f f7-0f)
861.401: (move f1-0f f0-0f)
inf: (putdown-laser f6-0f)
825.547: (putdown-laser f5-0f)
845.430: (move f5-0f f5-1f)
845.431: (move f6-1f f5-1f)
850.366: (fire-laser f6-1f f7-1f)
851.366: (fire-laser f6-1f f6-2f)
820.039: (move f5-1f f4-1f)
847.459: (move f6-1f f5-1f)
848.709: (move f5-0f f5-1f)
849.959: (move f6-1f f5-1f)
850.003: (move f5-1f f5-2f)
818.622: (fire-laser f4-1f f3-1f)
822.081: (move f5-1f f4-1f)
823.226: (putdown-laser f4-1f)
823.595: (fire-laser f4-1f f4-2f)
824.080: (move f5-1f f4-1f)
820.660: (fire-laser f4-1f f3-1f)
820.881: (fire-laser f4-1f f3-1f)
820.902: (fire-laser f4-1f f4-2f)
821.374: (putdown-laser f4-1f)
822.641: (fire-laser f4-1f f3-1f)
822.933: (fire-laser f4-1f f4-2f)
823.313: (putdown-laser f4-1f)
823.419: (putdown-laser f4-1f)
824.902: (fire-laser f4-1f f4-2f)
825.420: (putdown-laser f4-1f)
825.354: (putdown-laser f4-1f)
827.342: (putdown-laser f4-1f)
850.772: (move f4-1f f5-1f)
852.743: (move f4-1f f5-1f)
853.793: (move f4-1f f3-1f)
831.258: (move f5-1f f5-0f)
832.398: (move f3-1f f3-0f)
833.415: (move f5-1f f5-0f)
853.406: (fire-laser f3-1f f2-1f)
855.876: (fire-laser f3-1f f3-2f)
825.387: (move f3-1f f4-1f)
826.584: (move f3-1f f4-1f)
833.083: (putdown-laser f5-0f)
834.243: (move f3-1f f3-0f)
834.606: (putdown-laser f3-0f)
827.658: (putdown-laser f4-1f)
828.911: (putdown-laser f4-1f)
836.346: (putdown-laser f3-0f)
853.640: (move f4-1f f5-1f)
854.000: (move f4-1f f5-1f)
833.173: (move f5-1f f5-0f)
834.039: (move f5-1f f5-0f)
858.644: (move f3-0f f3-1f)
859.427: (move f4-1f f3-1f)
859.647: (move f4-1f f5-1f)
830.703: (move f3-1f f4-1f)
834.955: (putdown-laser f5-0f)
835.842: (putdown-laser f5-0f)
839.036: (move f5-1f f5-0f)
839.681: (move f3-1f f3-0f)
854.414: (move f4-1f f5-1f)
858.848: (move f5-0f f5-1f)
859.227: (move f5-0f f5-1f)
863.772: (move f3-0f f2-0f)
863.888: (move f5-0f f6-0f)
829.861: (move f5-1f f4-1f)
831.081: (move f5-1f f4-1f)
839.013: (move f5-1f f5-0f)
862.217: (move f5-1f f5-2f)
862.486: (move f5-1f f6-1f)
852.759: (move f4-1f f3-1f)
855.051: (move f4-1f f3-1f)
864.008: (move f4-1f f4-2f)
864.064: (move f5-0f f6-0f)
865.010: (move f6-1f f6-0f)
840.189: (move f3-1f f3-0f)
842.105: (move f3-1f f3-0f)
861.097: (move f3-1f f3-2f)
861.097: (move f4-2f f3-2f)
861.688: (move f3-1f f2-1f)
863.037: (move f3-0f f2-0f)
863.037: (move f2-1f f2-0f)
865.068: (move f3-0f f2-0f)
917.217: (move f3-0f f4-0f)
917.547: (move f3-0f f4-0f)
866.740: (move f2-0f f1-0f)
867.013: (move f2-0f f1-0f)
917.220: (pickup-bomb f4-0f)
917.549: (pickup-bomb f4-0f)
inf: (move f2-0f f3-0f)
829.857: (move f4-0f f4-1f)
831.081: (move f4-0f f4-1f)
834.957: (move f4-0f f5-0f)
835.842: (move f4-0f f5-0f)
840.191: (move f4-0f f3-0f)
852.757: (move f3-0f f3-1f)
852.759: (move f4-1f f3-1f)
855.051: (move f4-1f f3-1f)
858.847: (move f5-0f f5-1f)
858.848: (move f4-1f f5-1f)
842.107: (move f3-1f f3-0f)
854.005: (detonate-bomb f3-1f f3-2f)
854.007: (detonate-bomb f3-1f f2-1f)
861.097: (move f3-1f f3-2f)
861.688: (move f3-1f f2-1f)
831.065: (move f3-1f f4-1f)
839.656: (move f3-1f f3-0f)
863.035: (move f2-1f f2-0f)
863.129: (move f3-1f f3-2f)
863.655: (detonate-bomb f3-2f f2-2f)
858.434: (move f3-2f f3-1f)
859.960: (move f4-1f f5-1f)
864.169: (move f4-1f f4-2f)
864.171: (move f3-2f f4-2f)
865.006: (move f3-0f f2-0f)
834.580: (move f3-1f f4-1f)
835.869: (move f5-1f f5-0f)
845.427: (move f3-1f f3-0f)
863.229: (move f4-2f f5-2f)
863.232: (move f5-1f f5-2f)
834.113: (pickup-laser f5-0f)
862.209: (move f4-1f f5-1f)
866.695: (move f5-0f f6-0f)
867.379: (move f4-1f f4-2f)
868.428: (move f3-0f f2-0f)
839.274: (move f5-1f f5-0f)
854.711: (move f5-0f f5-1f)
863.681: (move f6-0f f6-1f)
864.750: (move f5-0f f6-0f)
865.797: (move f5-1f f5-2f)
826.639: (move f5-1f f4-1f)
837.469: (pickup-laser f5-0f)
861.236: (putdown-laser f5-1f)
863.123: (move f5-1f f5-2f)
863.271: (move f6-0f f6-1f)
828.928: (putdown-laser f4-1f)
830.479: (move f5-1f f4-1f)
838.208: (move f5-1f f5-0f)
854.645: (move f4-1f f3-1f)
857.003: (move f5-0f f5-1f)
830.080: (move f5-1f f4-1f)
834.134: (move f3-1f f3-0f)
858.955: (move f4-1f f3-1f)
860.648: (move f4-1f f3-1f)
860.706: (move f4-1f f5-1f)
832.414: (putdown-laser f4-1f)
835.971: (putdown-laser f3-0f)
838.452: (move f3-1f f3-0f)
839.133: (move f5-1f f5-0f)
839.135: (move f3-1f f3-0f)
859.953: (move f3-0f f3-1f)
863.006: (move f4-1f f5-1f)
865.117: (move f4-1f f3-1f)
865.688: (move f3-0f f2-0f)
865.778: (move f5-0f f6-0f)
831.054: (move f3-1f f4-1f)
842.467: (move f5-1f f5-0f)
845.074: (move f3-1f f3-0f)
862.864: (move f3-1f f3-2f)
864.367: (move f3-1f f3-2f)
854.034: (move f4-1f f5-1f)
864.153: (move f4-1f f4-2f)
864.156: (move f3-2f f4-2f)
867.289: (move f5-0f f6-0f)
869.214: (move f3-0f f2-0f)
839.639: (move f5-1f f5-0f)
863.418: (move f5-1f f5-2f)
863.420: (move f4-2f f5-2f)
863.510: (move f5-1f f6-1f)
867.203: (move f6-0f f6-1f)
865.062: (move f5-0f f6-0f)
865.063: (move f6-1f f6-0f)
870.913: (move f6-1f f7-1f)
873.915: (move f6-1f f7-1f)
918.201: (move f5-0f f4-0f)
868.191: (move f7-1f f7-0f)
868.193: (move f6-0f f7-0f)
871.073: (move f7-1f f7-0f)
918.203: (pickup-bomb f4-0f)
inf: (move f6-0f f5-0f)
831.058: (move f4-0f f4-1f)
835.971: (move f4-0f f3-0f)
839.642: (move f4-0f f5-0f)
874.256: (move f7-0f f8-0f)
877.247: (move f7-0f f8-0f)
854.034: (move f4-1f f5-1f)
854.037: (move f5-0f f5-1f)
859.953: (move f4-1f f3-1f)
859.953: (move f3-0f f3-1f)
864.154: (move f4-1f f4-2f)
862.863: (move f3-1f f3-2f)
862.865: (move f4-2f f3-2f)
863.418: (move f5-1f f5-2f)
863.420: (move f4-2f f5-2f)
863.510: (move f5-1f f6-1f)
865.031: (detonate-bomb f3-2f f2-2f)
865.061: (move f6-1f f6-0f)
865.801: (detonate-bomb f5-2f f5-3f)
865.926: (detonate-bomb f3-2f f3-3f)
870.910: (move f6-1f f7-1f)
857.950: (move f5-2f f5-1f)
863.403: (move f3-2f f3-1f)
864.137: (move f3-2f f3-1f)
867.613: (move f3-2f f4-2f)
868.188: (move f7-1f f7-0f)
834.696: (move f4-2f f4-1f)
834.700: (move f3-1f f4-1f)
834.837: (move f5-1f f4-1f)
835.209: (move f3-1f f4-1f)
839.604: (move f3-1f f3-0f)
837.774: (pickup-laser f3-0f)
857.520: (move f4-1f f5-1f)
858.204: (move f4-1f f5-1f)
863.780: (move f4-1f f3-1f)
869.417: (move f4-1f f4-2f)
839.809: (move f3-1f f3-0f)
843.025: (move f5-1f f5-0f)
843.860: (move f5-1f f5-0f)
858.127: (move f3-0f f3-1f)
866.810: (move f4-2f f3-2f)
830.298: (move f3-1f f4-1f)
837.992: (pickup-laser f3-0f)
864.700: (putdown-laser f3-1f)
865.080: (move f3-1f f3-2f)
865.715: (move f3-1f f2-1f)
832.587: (putdown-laser f4-1f)
834.117: (move f3-1f f4-1f)
841.890: (move f3-1f f3-0f)
858.283: (move f4-1f f5-1f)
858.494: (move f3-0f f3-1f)
830.353: (move f3-1f f4-1f)
837.569: (move f5-1f f5-0f)
862.479: (move f4-1f f5-1f)
864.131: (move f4-1f f3-1f)
864.274: (move f4-1f f5-1f)
832.670: (putdown-laser f4-1f)
839.322: (putdown-laser f5-0f)
841.818: (move f5-1f f5-0f)
842.548: (move f5-1f f5-0f)
842.769: (move f3-1f f3-0f)
863.526: (move f5-0f f5-1f)
864.497: (move f4-1f f3-1f)
864.647: (move f4-1f f5-1f)
869.340: (move f5-0f f6-0f)
869.388: (move f3-0f f2-0f)
834.730: (move f5-1f f4-1f)
842.988: (move f5-1f f5-0f)
843.044: (move f3-1f f3-0f)
866.703: (move f5-1f f5-2f)
866.826: (move f5-1f f5-2f)
857.478: (move f4-1f f3-1f)
867.773: (move f4-1f f4-2f)
867.777: (move f5-2f f4-2f)
869.632: (move f3-0f f2-0f)
869.669: (move f5-0f f6-0f)
843.298: (move f3-1f f3-0f)
865.385: (move f4-2f f3-2f)
865.385: (move f3-1f f3-2f)
865.972: (move f3-1f f2-1f)
868.494: (move f6-0f f6-1f)
868.711: (move f3-0f f2-0f)
868.712: (move f2-1f f2-0f)
872.943: (move f3-2f f2-2f)
872.945: (move f2-1f f2-2f)
876.082: (move f6-1f f7-1f)
872.251: (move f2-0f f1-0f)
873.182: (move f7-1f f7-0f)
inf: (move f2-0f f3-0f)
inf: (move f2-0f f2-1f)
inf: (move f2-2f f2-1f)
875.336: (move f1-0f f0-0f)
879.444: (move f7-0f f8-0f)
inf: (move f1-0f f2-0f)
inf: (move f7-0f f6-0f)
inf: (move f7-0f f7-1f)
872.251: (move f0-0f f1-0f)
873.181: (move f8-0f f7-0f)
Failed to find a solution!
