/u/ibrahim.eisawy/Neural-Guided-Search/venv/lib/python3.10/site-packages/pymimir_rgnn/model.py:151: UserWarning: index_reduce() is in beta and the API may change at any time. (Triggered internally at /pytorch/aten/src/ATen/native/cuda/Indexing.cu:1541.)
  max_msg.index_reduce_(0, output_indices, output_messages, reduce='amax', include_self=True)
Torch: 2.12.0+cu130
Loading model... (models/grid_supervised.pth)
Using GPU:  NVIDIA L40S
[f=53.316] Expanded: 0, Generated: 0
[Final] Expanded: 81, Generated: 341
Found a solution of length 14!
   1: (move f2-4f f3-4f)
   2: (move f3-4f f3-3f)
   3: (move f3-3f f3-2f)
   4: (move f3-2f f2-2f)
   5: (move f2-2f f2-1f)
   6: (pickup f2-1f key0-1)
   7: (move f2-1f f2-2f)
   8: (move f2-2f f1-2f)
   9: (move f1-2f f0-2f)
  10: (pickup-and-loose f0-2f key2-1 key0-1)
  11: (unlock f0-2f f0-3f key2-1 shape2)
  12: (pickup-and-loose f0-2f key0-1 key2-1)
  13: (move f0-2f f0-3f)
  14: (pickup-and-loose f0-3f key0-0 key0-1)
