/u/ibrahim.eisawy/Neural-Guided-Search/venv/lib/python3.10/site-packages/pymimir_rgnn/model.py:151: UserWarning: index_reduce() is in beta and the API may change at any time. (Triggered internally at /pytorch/aten/src/ATen/native/cuda/Indexing.cu:1541.)
  max_msg.index_reduce_(0, output_indices, output_messages, reduce='amax', include_self=True)
Torch: 2.12.0+cu130
Loading model... (models/grid_supervised.pth)
Using GPU:  NVIDIA L40S
[f=42.875] Expanded: 0, Generated: 0
[f=42.875] Expanded: 1, Generated: 4
[f=43.483] Expanded: 3, Generated: 10
[f=43.551] Expanded: 4, Generated: 12
[f=43.559] Expanded: 5, Generated: 15
[f=45.181] Expanded: 6, Generated: 19
[f=47.625] Expanded: 7, Generated: 22
[Final] Expanded: 19, Generated: 67
Found a solution of length 14!
   1: (move f3-1f f3-2f)
   2: (move f3-2f f3-3f)
   3: (move f3-3f f2-3f)
   4: (move f2-3f f2-4f)
   5: (move f2-4f f1-4f)
   6: (pickup f1-4f key1-0)
   7: (move f1-4f f2-4f)
   8: (move f2-4f f2-3f)
   9: (move f2-3f f3-3f)
  10: (move f3-3f f3-2f)
  11: (move f3-2f f3-1f)
  12: (move f3-1f f4-1f)
  13: (move f4-1f f4-0f)
  14: (pickup-and-loose f4-0f key0-1 key1-0)
