Torch: 2.12.0+cu130
Using GPU:  NVIDIA L40S
[oracle] IQN quantile oracle loaded: models/goldminer_iqn.pth (w1_lambda=1.0)
/u/ibrahim.eisawy/Neural-Guided-Search/venv/lib/python3.10/site-packages/pymimir_rgnn/model.py:162: UserWarning: index_reduce() is in beta and the API may change at any time. (Triggered internally at /pytorch/aten/src/ATen/native/cuda/Indexing.cu:1541.)
  exps_max.index_reduce_(0, output_indices, output_messages, reduce="amax", include_self=False)
  [sim 500] root visits=500, unique states=1666, generated=1665
  [sim 870] found goal path of length 55
[Final] Expanded: 2633, Generated: 2633
[search done] simulations=870, unique states generated=2633
Found a solution of length 55!
   1: (move f8-0f f7-0f)
   2: (move f7-0f f6-0f)
   3: (move f6-0f f5-0f)
   4: (move f5-0f f4-0f)
   5: (move f4-0f f3-0f)
   6: (pickup-laser f3-0f)
   7: (move f3-0f f2-0f)
   8: (fire-laser f2-0f f2-1f)
   9: (move f2-0f f3-0f)
  10: (fire-laser f3-0f f3-1f)
  11: (move f3-0f f3-1f)
  12: (fire-laser f3-1f f3-2f)
  13: (move f3-1f f2-1f)
  14: (fire-laser f2-1f f1-1f)
  15: (fire-laser f2-1f f2-2f)
  16: (move f2-1f f1-1f)
  17: (fire-laser f1-1f f1-2f)
  18: (move f1-1f f1-2f)
  19: (fire-laser f1-2f f1-3f)
  20: (move f1-2f f1-3f)
  21: (fire-laser f1-3f f1-4f)
  22: (move f1-3f f1-4f)
  23: (fire-laser f1-4f f1-5f)
  24: (move f1-4f f1-5f)
  25: (fire-laser f1-5f f1-6f)
  26: (move f1-5f f1-6f)
  27: (fire-laser f1-6f f1-7f)
  28: (move f1-6f f1-7f)
  29: (fire-laser f1-7f f0-7f)
  30: (move f1-7f f0-7f)
  31: (putdown-laser f0-7f)
  32: (move f0-7f f1-7f)
  33: (move f1-7f f1-6f)
  34: (move f1-6f f1-5f)
  35: (move f1-5f f1-4f)
  36: (move f1-4f f1-3f)
  37: (move f1-3f f1-2f)
  38: (move f1-2f f2-2f)
  39: (move f2-2f f3-2f)
  40: (move f3-2f f3-1f)
  41: (move f3-1f f3-0f)
  42: (pickup-bomb f3-0f)
  43: (move f3-0f f2-0f)
  44: (move f2-0f f1-0f)
  45: (move f1-0f f1-1f)
  46: (move f1-1f f1-2f)
  47: (move f1-2f f1-3f)
  48: (move f1-3f f1-4f)
  49: (move f1-4f f1-5f)
  50: (move f1-5f f1-6f)
  51: (move f1-6f f1-7f)
  52: (move f1-7f f0-7f)
  53: (detonate-bomb f0-7f f0-8f)
  54: (move f0-7f f0-8f)
  55: (pick-gold f0-8f)
