Torch: 2.12.0+cu130
Using GPU:  NVIDIA L40S
[oracle] IQN quantile oracle loaded: models/goldminer_iqn.pth (w1_lambda=1.0)
/u/ibrahim.eisawy/Neural-Guided-Search/venv/lib/python3.10/site-packages/pymimir_rgnn/model.py:162: UserWarning: index_reduce() is in beta and the API may change at any time. (Triggered internally at /pytorch/aten/src/ATen/native/cuda/Indexing.cu:1541.)
  exps_max.index_reduce_(0, output_indices, output_messages, reduce="amax", include_self=False)
  [sim 500] root visits=500, unique states=1470, generated=1469
  [sim 1000] root visits=1000, unique states=2876, generated=2875
  [sim 1500] root visits=1500, unique states=4294, generated=4293
  [sim 2000] root visits=2000, unique states=5547, generated=5546
  [sim 2500] root visits=2500, unique states=6957, generated=6956
  [sim 3000] root visits=3000, unique states=8177, generated=8176
  [sim 3500] root visits=3500, unique states=9408, generated=9407
  [sim 4000] root visits=4000, unique states=10722, generated=10721
  [sim 4500] root visits=4500, unique states=12091, generated=12090
  [sim 5000] root visits=5000, unique states=13346, generated=13345
  [sim 5500] root visits=5500, unique states=14451, generated=14450
  [sim 6000] root visits=6000, unique states=15735, generated=15734
  [sim 6500] root visits=6500, unique states=17023, generated=17022
  [sim 7000] root visits=7000, unique states=18515, generated=18514
  [sim 7500] root visits=7500, unique states=19972, generated=19971
  [sim 8000] root visits=8000, unique states=21341, generated=21340
  [sim 8500] root visits=8500, unique states=22736, generated=22735
  [sim 9000] root visits=9000, unique states=24141, generated=24140
  [sim 9500] root visits=9500, unique states=25526, generated=25525
  [sim 10000] root visits=10000, unique states=27015, generated=27014
  [sim 10500] root visits=10500, unique states=28523, generated=28522
  [sim 11000] root visits=11000, unique states=30025, generated=30024
  [sim 11500] root visits=11500, unique states=31440, generated=31439
  [sim 12000] root visits=12000, unique states=32747, generated=32746
  [sim 12500] root visits=12500, unique states=33937, generated=33936
[Final] Expanded: 34656, Generated: 34656
[search done] simulations=12808, unique states generated=34656
Failed to find a solution!
