Torch: 2.12.0+cu130
Using GPU:  NVIDIA L40S
[Bellman] lambda=0 -> baseline (no widening signal)
[Binc] OPTION6 binc_beta=4.0 signal=BELLMAN INCONSISTENCY (1-step min-W1 parent-vs-child) vs SIBLINGS (boosts exploration toward inconsistent children; prior untouched) [SHUFFLE CONTROL: signal-blind placement]
[Value] SELF-CONSISTENT: leaf value = QR-DQN max_a mean Z(s,a) (SAC critics bypassed; prior still SAC policy)
/u/ibrahim.eisawy/Neural-Guided-Search/venv/lib/python3.10/site-packages/pymimir_rgnn/model.py:162: UserWarning: index_reduce() is in beta and the API may change at any time. (Triggered internally at /pytorch/aten/src/ATen/native/cuda/Indexing.cu:1541.)
  exps_max.index_reduce_(0, output_indices, output_messages, reduce="amax", include_self=False)
  [sim 500] root visits=500, unique states=1185, generated=1184, iqn_calls=2582
  [sim 1000] root visits=1000, unique states=1667, generated=1666, iqn_calls=3697
  [sim 1500] root visits=1500, unique states=2138, generated=2137, iqn_calls=4728
  [sim 2000] root visits=2000, unique states=3090, generated=3089, iqn_calls=6838
  [sim 2500] root visits=2500, unique states=3816, generated=3815, iqn_calls=8478
  [sim 3000] root visits=3000, unique states=4279, generated=4278, iqn_calls=9463
  [sim 3500] root visits=3500, unique states=4600, generated=4599, iqn_calls=10248
[Final] Expanded: 4914, Generated: 4914
[Cost] IQN forward calls (Bellman signal): 10951
[Widen] nodes widened: 0, mean w: 0.0000
[Binc] child-edges modulated: 9405, mean mult: 1.6006 (1.0 = no change; >1 = boosted toward inconsistent)
[search done] simulations=3740, unique states generated=4914
Failed to find a solution!
