Torch: 2.12.0+cu130
Using GPU:  NVIDIA L40S
[Bellman] lambda=0 -> baseline (no widening signal)
[W1raw] OPTION7 w1raw_beta=1.0 signal=RAW edge-W1 (parent-best vs child-best, no reward/discount) vs SIBLINGS (boosts exploration toward larger-shift children; prior untouched) [SHUFFLE CONTROL: signal-blind placement]
/u/ibrahim.eisawy/Neural-Guided-Search/venv/lib/python3.10/site-packages/pymimir_rgnn/model.py:162: UserWarning: index_reduce() is in beta and the API may change at any time. (Triggered internally at /pytorch/aten/src/ATen/native/cuda/Indexing.cu:1541.)
  exps_max.index_reduce_(0, output_indices, output_messages, reduce="amax", include_self=False)
  [sim 55] found goal path of length 51
[Final] Expanded: 172, Generated: 172
[Cost] IQN forward calls (Bellman signal): 320
[Widen] nodes widened: 0, mean w: 0.0000
[W1raw] child-edges modulated: 265, mean mult: 1.0051 (1.0 = no change; >1 = boosted toward larger shift)
[search done] simulations=55, unique states generated=172
Found a solution of length 51!
   1: (move f8-1f f9-1f)
   2: (move f9-1f f9-0f)
   3: (pickup f9-0f key2-1)
   4: (move f9-0f f9-1f)
   5: (move f9-1f f8-1f)
   6: (move f8-1f f8-2f)
   7: (move f8-2f f8-3f)
   8: (move f8-3f f9-3f)
   9: (move f9-3f f9-4f)
  10: (move f9-4f f8-4f)
  11: (move f8-4f f7-4f)
  12: (move f7-4f f7-5f)
  13: (move f7-5f f8-5f)
  14: (move f8-5f f8-6f)
  15: (move f8-6f f7-6f)
  16: (move f7-6f f7-7f)
  17: (move f7-7f f8-7f)
  18: (move f8-7f f8-8f)
  19: (move f8-8f f7-8f)
  20: (putdown f7-8f key2-1)
  21: (move f7-8f f7-7f)
  22: (move f7-7f f7-6f)
  23: (move f7-6f f8-6f)
  24: (move f8-6f f8-5f)
  25: (pickup f8-5f key1-1)
  26: (move f8-5f f8-6f)
  27: (move f8-6f f7-6f)
  28: (move f7-6f f7-7f)
  29: (move f7-7f f7-8f)
  30: (pickup-and-loose f7-8f key2-1 key1-1)
  31: (move f7-8f f8-8f)
  32: (move f8-8f f8-7f)
  33: (move f8-7f f7-7f)
  34: (move f7-7f f7-6f)
  35: (move f7-6f f8-6f)
  36: (move f8-6f f8-5f)
  37: (move f8-5f f7-5f)
  38: (move f7-5f f7-4f)
  39: (move f7-4f f8-4f)
  40: (move f8-4f f9-4f)
  41: (move f9-4f f9-3f)
  42: (move f9-3f f8-3f)
  43: (move f8-3f f7-3f)
  44: (move f7-3f f6-3f)
  45: (move f6-3f f6-2f)
  46: (move f6-2f f5-2f)
  47: (move f5-2f f4-2f)
  48: (unlock f4-2f f3-2f key2-1 shape2)
  49: (move f4-2f f3-2f)
  50: (move f3-2f f2-2f)
  51: (putdown f2-2f key2-1)
