Torch: 2.12.0+cu130
Using GPU:  NVIDIA L40S
[Bellman] lambda=0 -> baseline (no widening signal)
[W1raw] OPTION7 w1raw_beta=1.0 signal=RAW edge-W1 (parent-best vs child-best, no reward/discount) vs SIBLINGS (boosts exploration toward larger-shift children; prior untouched) [SHUFFLE CONTROL: signal-blind placement]
/u/ibrahim.eisawy/Neural-Guided-Search/venv/lib/python3.10/site-packages/pymimir_rgnn/model.py:162: UserWarning: index_reduce() is in beta and the API may change at any time. (Triggered internally at /pytorch/aten/src/ATen/native/cuda/Indexing.cu:1541.)
  exps_max.index_reduce_(0, output_indices, output_messages, reduce="amax", include_self=False)
  [sim 79] found goal path of length 63
[Final] Expanded: 226, Generated: 226
[Cost] IQN forward calls (Bellman signal): 442
[Widen] nodes widened: 0, mean w: 0.0000
[W1raw] child-edges modulated: 363, mean mult: 1.0068 (1.0 = no change; >1 = boosted toward larger shift)
[search done] simulations=79, unique states generated=226
Found a solution of length 63!
   1: (pickup f8-8f key0-0)
   2: (move f8-8f f8-9f)
   3: (move f8-9f f7-9f)
   4: (move f7-9f f6-9f)
   5: (move f6-9f f5-9f)
   6: (unlock f5-9f f5-8f key0-0 shape0)
   7: (move f5-9f f4-9f)
   8: (move f4-9f f4-8f)
   9: (move f4-8f f3-8f)
  10: (move f3-8f f3-7f)
  11: (move f3-7f f3-6f)
  12: (move f3-6f f2-6f)
  13: (move f2-6f f1-6f)
  14: (move f1-6f f1-5f)
  15: (move f1-5f f2-5f)
  16: (move f2-5f f2-4f)
  17: (move f2-4f f1-4f)
  18: (move f1-4f f1-3f)
  19: (move f1-3f f1-2f)
  20: (move f1-2f f0-2f)
  21: (move f0-2f f0-1f)
  22: (move f0-1f f1-1f)
  23: (move f1-1f f2-1f)
  24: (move f2-1f f2-2f)
  25: (putdown f2-2f key0-0)
  26: (move f2-2f f2-1f)
  27: (move f2-1f f1-1f)
  28: (move f1-1f f1-2f)
  29: (move f1-2f f0-2f)
  30: (pickup f0-2f key1-3)
  31: (move f0-2f f1-2f)
  32: (move f1-2f f2-2f)
  33: (pickup-and-loose f2-2f key0-0 key1-3)
  34: (move f2-2f f2-1f)
  35: (move f2-1f f1-1f)
  36: (move f1-1f f1-2f)
  37: (move f1-2f f1-3f)
  38: (move f1-3f f1-4f)
  39: (move f1-4f f1-5f)
  40: (move f1-5f f1-6f)
  41: (move f1-6f f1-7f)
  42: (move f1-7f f2-7f)
  43: (move f2-7f f2-6f)
  44: (move f2-6f f3-6f)
  45: (move f3-6f f3-7f)
  46: (move f3-7f f3-8f)
  47: (move f3-8f f4-8f)
  48: (move f4-8f f4-9f)
  49: (move f4-9f f5-9f)
  50: (move f5-9f f5-8f)
  51: (move f5-8f f5-7f)
  52: (move f5-7f f4-7f)
  53: (move f4-7f f4-6f)
  54: (move f4-6f f4-5f)
  55: (move f4-5f f5-5f)
  56: (move f5-5f f6-5f)
  57: (move f6-5f f6-4f)
  58: (move f6-4f f6-3f)
  59: (move f6-3f f6-2f)
  60: (move f6-2f f7-2f)
  61: (move f7-2f f7-1f)
  62: (move f7-1f f7-0f)
  63: (pickup-and-loose f7-0f key2-4 key0-0)
