Torch: 2.12.0+cu130
Using GPU:  NVIDIA L40S
[Bellman] lambda=0 -> baseline (no widening signal)
[Binc] OPTION6 binc_beta=8.0 signal=BELLMAN INCONSISTENCY (1-step min-W1 parent-vs-child) vs SIBLINGS (boosts exploration toward inconsistent children; prior untouched) [SHUFFLE CONTROL: signal-blind placement]
[Value] SELF-CONSISTENT: leaf value = QR-DQN max_a mean Z(s,a) (SAC critics bypassed; prior still SAC policy)
/u/ibrahim.eisawy/Neural-Guided-Search/venv/lib/python3.10/site-packages/pymimir_rgnn/model.py:162: UserWarning: index_reduce() is in beta and the API may change at any time. (Triggered internally at /pytorch/aten/src/ATen/native/cuda/Indexing.cu:1541.)
  exps_max.index_reduce_(0, output_indices, output_messages, reduce="amax", include_self=False)
  [sim 7] found goal path of length 7
[Final] Expanded: 28, Generated: 28
[Cost] IQN forward calls (Bellman signal): 43
[Widen] nodes widened: 0, mean w: 0.0000
[Binc] child-edges modulated: 37, mean mult: 3.2566 (1.0 = no change; >1 = boosted toward inconsistent)
[search done] simulations=7, unique states generated=28
Found a solution of length 7!
   1: (move f4-2f f4-3f)
   2: (move f4-3f f3-3f)
   3: (move f3-3f f2-3f)
   4: (move f2-3f f2-4f)
   5: (move f2-4f f2-5f)
   6: (move f2-5f f1-5f)
   7: (putdown f1-5f key1-2)
