/u/ibrahim.eisawy/Neural-Guided-Search/venv/lib/python3.10/site-packages/pymimir_rgnn/model.py:151: UserWarning: index_reduce() is in beta and the API may change at any time. (Triggered internally at /pytorch/aten/src/ATen/native/cuda/Indexing.cu:1541.)
  max_msg.index_reduce_(0, output_indices, output_messages, reduce='amax', include_self=True)
Torch: 2.12.0+cu130
Using GPU:  NVIDIA L40S
172.222: (navigate rover2 waypoint92 waypoint0)
172.432: (calibrate rover3 camera1 objective0 waypoint16)
172.747: (navigate rover4 waypoint11 waypoint69)
172.899: (navigate rover4 waypoint11 waypoint97)
172.906: (navigate rover3 waypoint16 waypoint72)
172.945: (navigate rover4 waypoint11 waypoint14)
172.954: (navigate rover2 waypoint92 waypoint75)
173.025: (navigate rover3 waypoint16 waypoint68)
173.083: (sample_soil rover1 rover1store waypoint16)
173.187: (calibrate rover3 camera2 objective0 waypoint16)
173.408: (navigate rover4 waypoint11 waypoint43)
173.522: (navigate rover4 waypoint11 waypoint27)
173.567: (navigate rover3 waypoint16 waypoint65)
173.662: (sample_soil rover0 rover0store waypoint42)
173.689: (navigate rover2 waypoint92 waypoint52)
173.747: (navigate rover3 waypoint16 waypoint79)
173.765: (navigate rover2 waypoint92 waypoint26)
173.960: (navigate rover2 waypoint92 waypoint33)
173.982: (navigate rover2 waypoint92 waypoint74)
174.042: (navigate rover4 waypoint11 waypoint60)
174.060: (navigate rover1 waypoint16 waypoint68)
174.066: (navigate rover1 waypoint16 waypoint72)
174.106: (navigate rover4 waypoint11 waypoint44)
174.110: (navigate rover2 waypoint92 waypoint27)
174.370: (navigate rover1 waypoint16 waypoint65)
174.410: (navigate rover0 waypoint42 waypoint52)
174.585: (navigate rover1 waypoint16 waypoint79)
174.627: (navigate rover0 waypoint42 waypoint72)
175.514: (navigate rover0 waypoint42 waypoint21)
175.538: (navigate rover0 waypoint42 waypoint65)
175.567: (navigate rover0 waypoint42 waypoint49)
175.595: (navigate rover0 waypoint42 waypoint91)
Traceback (most recent call last):
  File "/u/ibrahim.eisawy/Neural-Guided-Search/beam.py", line 104, in <module>
    _main(_parse_arguments())
  File "/u/ibrahim.eisawy/Neural-Guided-Search/beam.py", line 94, in _main
    solution = _plan(problem, model, args.beam, use_closed_set=not args.disable_closed_set)
  File "/u/ibrahim.eisawy/Neural-Guided-Search/beam.py", line 57, in _plan
    values = model.forward(inputs).readout('value')
  File "/u/ibrahim.eisawy/Neural-Guided-Search/venv/lib/python3.10/site-packages/pymimir_rgnn/model.py", line 316, in forward
    node_embeddings = self._mpnn_module.forward(input)
  File "/u/ibrahim.eisawy/Neural-Guided-Search/venv/lib/python3.10/site-packages/pymimir_rgnn/model.py", line 209, in forward
    relation_messages = self._relation_network(node_embeddings, input.flattened_relations)
  File "/u/ibrahim.eisawy/Neural-Guided-Search/venv/lib/python3.10/site-packages/torch/nn/modules/module.py", line 1778, in _wrapped_call_impl
    return self._call_impl(*args, **kwargs)
  File "/u/ibrahim.eisawy/Neural-Guided-Search/venv/lib/python3.10/site-packages/torch/nn/modules/module.py", line 1789, in _call_impl
    return forward_call(*args, **kwargs)
  File "/u/ibrahim.eisawy/Neural-Guided-Search/venv/lib/python3.10/site-packages/pymimir_rgnn/model.py", line 149, in forward
    output_messages, output_indices = self._compute_messages_and_indices(node_embeddings, relations)
  File "/u/ibrahim.eisawy/Neural-Guided-Search/venv/lib/python3.10/site-packages/pymimir_rgnn/model.py", line 111, in _compute_messages_and_indices
    output_messages = (input_embeddings + relation_module(input_embeddings)).view(-1, self._embedding_size)
  File "/u/ibrahim.eisawy/Neural-Guided-Search/venv/lib/python3.10/site-packages/torch/nn/modules/module.py", line 1778, in _wrapped_call_impl
    return self._call_impl(*args, **kwargs)
  File "/u/ibrahim.eisawy/Neural-Guided-Search/venv/lib/python3.10/site-packages/torch/nn/modules/module.py", line 1789, in _call_impl
    return forward_call(*args, **kwargs)
  File "/u/ibrahim.eisawy/Neural-Guided-Search/venv/lib/python3.10/site-packages/pymimir_rgnn/modules.py", line 14, in forward
    return self._outer(nn.functional.mish(self._inner(input)))
  File "/u/ibrahim.eisawy/Neural-Guided-Search/venv/lib/python3.10/site-packages/torch/nn/functional.py", line 2417, in mish
    return torch._C._nn.mish(input)
torch.OutOfMemoryError: CUDA out of memory. Tried to allocate 384.00 MiB. GPU 0 has a total capacity of 44.39 GiB of which 43.38 MiB is free. Process 96679 has 1.54 GiB memory in use. Process 96878 has 3.91 GiB memory in use. Process 96933 has 7.36 GiB memory in use. Process 97915 has 18.25 GiB memory in use. Process 97975 has 7.24 GiB memory in use. Process 98202 has 4.66 GiB memory in use. Including non-PyTorch memory, this process has 1.36 GiB memory in use. Of the allocated memory 840.13 MiB is allocated by PyTorch, and 47.87 MiB is reserved by PyTorch but unallocated. If reserved but unallocated memory is large try setting PYTORCH_CUDA_ALLOC_CONF=expandable_segments:True to avoid fragmentation.  See documentation for Memory Management  (https://docs.pytorch.org/docs/stable/notes/cuda.html#optimizing-memory-usage-with-pytorch-cuda-alloc-conf)
