/u/ibrahim.eisawy/Neural-Guided-Search/venv/lib/python3.10/site-packages/pymimir_rgnn/model.py:151: UserWarning: index_reduce() is in beta and the API may change at any time. (Triggered internally at /pytorch/aten/src/ATen/native/cuda/Indexing.cu:1541.)
  max_msg.index_reduce_(0, output_indices, output_messages, reduce='amax', include_self=True)
Torch: 2.12.0+cu130
Using GPU:  NVIDIA L40S
25.301: (grasp left shot11)
25.301: (grasp right shot6)
25.301: (grasp right shot11)
25.301: (grasp left shot6)
25.354: (grasp right shot9)
25.354: (grasp left shot9)
25.368: (grasp right shot5)
25.368: (grasp right shot2)
25.368: (grasp left shot2)
25.368: (grasp left shot5)
23.324: (fill-shot shot9 ingredient3 right left dispenser3)
23.325: (fill-shot shot9 ingredient3 left right dispenser3)
23.786: (fill-shot shot5 ingredient3 left right dispenser3)
23.787: (fill-shot shot2 ingredient3 left right dispenser3)
23.787: (fill-shot shot2 ingredient3 right left dispenser3)
23.788: (fill-shot shot5 ingredient3 right left dispenser3)
24.039: (fill-shot shot5 ingredient8 left right dispenser8)
24.040: (fill-shot shot5 ingredient8 right left dispenser8)
24.040: (fill-shot shot2 ingredient8 left right dispenser8)
24.040: (fill-shot shot2 ingredient8 right left dispenser8)
22.757: (grasp left shot11)
22.757: (grasp left shot6)
22.757: (grasp right shot6)
22.757: (grasp right shot11)
22.823: (grasp left shot2)
22.823: (grasp right shot2)
22.823: (grasp left shot5)
22.823: (grasp right shot5)
23.062: (pour-shot-to-clean-shaker shot9 ingredient3 shaker1 right l0 l1)
23.063: (pour-shot-to-clean-shaker shot9 ingredient3 shaker1 left l0 l1)
21.560: (clean-shot shot9 ingredient3 left right)
21.561: (clean-shot shot9 ingredient3 right left)
22.501: (grasp right shot11)
22.501: (grasp right shot6)
22.501: (pour-shot-to-clean-shaker shot9 ingredient3 shaker1 left l0 l1)
22.501: (pour-shot-to-clean-shaker shot9 ingredient3 shaker1 left l0 l1)
22.501: (pour-shot-to-clean-shaker shot9 ingredient3 shaker1 right l0 l1)
22.501: (pour-shot-to-clean-shaker shot9 ingredient3 shaker1 right l0 l1)
22.501: (grasp left shot11)
22.501: (grasp left shot6)
20.199: (fill-shot shot9 ingredient2 left right dispenser2)
20.199: (fill-shot shot9 ingredient2 right left dispenser2)
20.999: (grasp right shot11)
21.000: (grasp right shot6)
21.000: (grasp left shot6)
21.000: (grasp left shot11)
21.066: (grasp right shot2)
21.066: (grasp left shot2)
21.066: (grasp right shot5)
21.067: (grasp left shot5)
17.158: (pour-shot-to-used-shaker shot9 ingredient2 shaker1 right l1 l2)
17.158: (pour-shot-to-used-shaker shot9 ingredient2 shaker1 left l1 l2)
19.638: (grasp right shot11)
19.638: (grasp left shot11)
19.638: (grasp left shot6)
19.638: (grasp right shot6)
19.705: (grasp left shot2)
19.705: (grasp right shot2)
19.705: (grasp left shot5)
19.705: (grasp right shot5)
15.536: (refill-shot shot9 ingredient2 left right dispenser2)
15.536: (refill-shot shot9 ingredient2 right left dispenser2)
17.080: (clean-shot shot9 ingredient2 left right)
17.080: (clean-shot shot9 ingredient2 right left)
17.375: (grasp left shaker1)
17.375: (grasp right shaker1)
17.379: (pour-shot-to-used-shaker shot9 ingredient2 shaker1 right l1 l2)
17.379: (pour-shot-to-used-shaker shot9 ingredient2 shaker1 left l1 l2)
17.379: (pour-shot-to-used-shaker shot9 ingredient2 shaker1 left l1 l2)
17.379: (pour-shot-to-used-shaker shot9 ingredient2 shaker1 right l1 l2)
14.564: (leave right shot9)
14.564: (leave left shot9)
14.965: (grasp left shot6)
14.965: (grasp right shot11)
14.965: (grasp left shot11)
14.965: (grasp right shot6)
15.032: (grasp left shot5)
15.032: (grasp right shot2)
15.032: (grasp right shot5)
15.032: (grasp left shot2)
13.994: (leave right shot9)
13.994: (leave left shot9)
13.995: (leave left shot9)
13.995: (leave right shot9)
13.995: (grasp right shot11)
13.995: (grasp left shot11)
13.995: (grasp left shot6)
13.995: (grasp right shot6)
14.061: (leave left shot9)
14.061: (leave right shot9)
12.740: (fill-shot shot5 ingredient8 left right dispenser8)
12.740: (fill-shot shot2 ingredient8 right left dispenser8)
13.497: (fill-shot shot11 ingredient1 right left dispenser1)
13.497: (fill-shot shot6 ingredient7 right left dispenser7)
13.498: (fill-shot shot11 ingredient1 left right dispenser1)
13.498: (fill-shot shot6 ingredient7 left right dispenser7)
13.852: (grasp left shot11)
13.852: (grasp left shot6)
13.852: (grasp right shot6)
13.852: (grasp right shot11)
12.226: (grasp right shot2)
12.227: (grasp left shot5)
12.510: (grasp left shot11)
12.510: (grasp right shot11)
12.510: (grasp right shot6)
12.510: (grasp left shot6)
12.529: (leave right shot2)
12.529: (leave left shot5)
12.568: (grasp right shaker1)
12.568: (grasp left shaker1)
11.813: (grasp right shot5)
11.813: (grasp left shot2)
11.813: (leave left shot5)
11.813: (grasp left shot5)
11.813: (leave right shot2)
11.813: (grasp right shot2)
11.961: (grasp right shot6)
11.961: (grasp left shot11)
11.961: (grasp right shot6)
11.961: (grasp right shot11)
11.471: (fill-shot shot6 ingredient7 right left dispenser7)
11.471: (fill-shot shot11 ingredient1 left right dispenser1)
11.471: (fill-shot shot11 ingredient1 right left dispenser1)
11.471: (fill-shot shot6 ingredient7 right left dispenser7)
11.838: (fill-shot shot2 ingredient8 left right dispenser8)
11.838: (fill-shot shot2 ingredient8 right left dispenser8)
11.838: (fill-shot shot5 ingredient8 left right dispenser8)
11.838: (fill-shot shot5 ingredient8 right left dispenser8)
11.908: (grasp right shot11)
11.908: (grasp left shot6)
10.712: (leave right shot11)
10.712: (leave right shot6)
10.712: (leave right shot6)
10.712: (leave left shot11)
11.041: (grasp left shot5)
11.041: (grasp left shot2)
11.042: (grasp left shot5)
11.042: (grasp right shot2)
11.055: (leave left shot2)
11.055: (leave right shot2)
10.059: (leave right shot6)
10.059: (grasp right shot2)
10.059: (grasp right shot5)
10.059: (grasp left shot2)
10.059: (leave right shot11)
10.059: (grasp right shot2)
10.059: (leave left shot11)
10.059: (grasp left shot5)
10.059: (leave right shot6)
10.059: (grasp left shot5)
10.007: (fill-shot shot5 ingredient8 right left dispenser8)
10.007: (fill-shot shot2 ingredient8 right left dispenser8)
10.007: (fill-shot shot5 ingredient8 left right dispenser8)
10.007: (fill-shot shot5 ingredient8 left right dispenser8)
10.007: (fill-shot shot2 ingredient8 right left dispenser8)
10.007: (fill-shot shot2 ingredient8 left right dispenser8)
10.007: (fill-shot shot2 ingredient8 left right dispenser8)
10.677: (grasp right shot6)
10.678: (grasp right shot6)
10.678: (grasp left shot11)
9.240: (leave left shot2)
9.240: (leave right shot2)
9.240: (leave left shot2)
9.240: (leave left shot5)
9.240: (leave left shot5)
9.241: (leave right shot5)
9.241: (leave right shot2)
10.331: (leave left shot2)
10.331: (leave left shot5)
10.331: (leave right shot5)
9.367: (grasp right shot6)
9.368: (grasp left shot6)
9.368: (grasp left shot11)
9.368: (grasp right shot11)
9.421: (grasp right shaker1)
9.421: (grasp left shaker1)
9.421: (grasp right shaker1)
9.421: (grasp left shaker1)
9.633: (fill-shot shot6 ingredient7 right left dispenser7)
9.633: (fill-shot shot11 ingredient1 left right dispenser1)
8.503: (fill-shot shot11 ingredient1 right left dispenser1)
8.503: (fill-shot shot11 ingredient1 left right dispenser1)
8.503: (fill-shot shot6 ingredient7 left right dispenser7)
8.503: (fill-shot shot6 ingredient7 right left dispenser7)
8.896: (leave right shot6)
8.896: (leave left shot11)
9.815: (grasp left shot2)
9.815: (grasp right shot5)
10.025: (grasp left shot11)
10.025: (grasp right shaker1)
7.520: (leave right shot6)
7.520: (leave right shot11)
7.520: (leave left shot6)
7.520: (leave left shot11)
8.845: (grasp left shot5)
8.845: (grasp right shot5)
8.845: (leave right shot6)
8.845: (grasp right shot2)
8.845: (leave left shot11)
8.845: (grasp left shot2)
8.194: (grasp left shaker1)
8.194: (grasp right shaker1)
8.446: (grasp right shot9)
8.446: (grasp left shot9)
8.525: (fill-shot shot2 ingredient8 left right dispenser8)
8.525: (fill-shot shot5 ingredient8 right left dispenser8)
8.525: (grasp right shot5)
8.525: (grasp left shot2)
8.525: (grasp right shot2)
8.525: (fill-shot shot5 ingredient8 left right dispenser8)
9.102: (grasp right shaker1)
9.102: (grasp left shaker1)
9.102: (grasp right shot9)
9.102: (grasp left shot9)
9.144: (grasp left shot7)
9.144: (grasp left shot10)
9.144: (grasp left shot8)
9.144: (grasp right shot10)
9.144: (grasp right shot3)
9.144: (grasp right shot4)
8.552: (leave right shaker1)
8.552: (leave right shaker1)
8.552: (leave right shaker1)
8.552: (leave left shaker1)
8.552: (leave left shaker1)
8.552: (leave left shaker1)
12.241: (empty-shot right shot9 ingredient2)
12.241: (empty-shot left shot9 ingredient2)
inf: (leave right shot4)
inf: (leave left shot9)
9.495: (grasp left shot11)
9.495: (grasp left shot6)
9.495: (grasp left shot6)
9.495: (grasp left shot11)
9.496: (grasp left shot6)
9.496: (grasp left shot11)
9.496: (grasp right shot11)
9.496: (grasp right shot6)
9.496: (grasp right shot6)
9.496: (grasp right shot11)
11.071: (empty-shot left shot11 ingredient1)
11.071: (empty-shot left shot11 ingredient1)
11.071: (empty-shot left shot11 ingredient1)
11.071: (empty-shot left shot6 ingredient7)
11.071: (empty-shot left shot6 ingredient7)
11.071: (empty-shot left shot6 ingredient7)
11.071: (empty-shot right shot6 ingredient7)
11.071: (empty-shot right shot6 ingredient7)
11.071: (empty-shot right shot11 ingredient1)
11.071: (empty-shot right shot11 ingredient1)
10.071: (leave right shot4)
10.071: (leave right shot3)
10.071: (leave right shot10)
10.071: (leave right shot4)
10.071: (leave right shot10)
10.071: (leave left shot10)
10.071: (leave right shot3)
10.071: (leave left shot7)
10.071: (leave left shot10)
10.071: (leave left shot7)
10.367: (leave right shot11)
10.367: (leave right shot6)
10.367: (leave left shot6)
10.367: (leave left shot11)
10.728: (grasp right shaker1)
10.728: (grasp left shaker1)
10.728: (grasp left shaker1)
10.728: (grasp right shaker1)
10.993: (grasp left shot9)
10.993: (grasp left shot9)
10.963: (leave left shot6)
10.964: (leave right shot6)
10.964: (grasp right shaker1)
10.964: (grasp right shaker1)
10.964: (leave right shot11)
10.964: (grasp left shaker1)
10.964: (leave left shot11)
10.964: (grasp left shaker1)
11.261: (grasp right shot11)
11.261: (grasp left shot11)
11.039: (grasp right shot6)
11.040: (grasp left shot6)
11.871: (grasp right shot9)
11.871: (grasp left shot9)
11.871: (grasp left shot9)
11.871: (grasp right shot9)
11.913: (grasp right shot4)
11.913: (grasp right shot7)
11.913: (grasp right shot10)
11.913: (grasp left shot1)
11.331: (leave left shaker1)
11.331: (leave right shaker1)
11.331: (leave right shaker1)
11.331: (leave left shaker1)
11.498: (leave right shaker1)
11.498: (leave left shaker1)
11.498: (leave left shaker1)
11.498: (leave left shaker1)
12.606: (empty-shot left shot11 ingredient1)
12.606: (empty-shot right shot11 ingredient1)
10.993: (grasp left shot6)
10.993: (grasp left shot11)
11.070: (grasp left shot6)
11.071: (grasp right shot11)
12.182: (grasp left shot11)
12.182: (grasp left shot6)
12.182: (grasp right shot11)
12.182: (grasp right shot6)
12.205: (grasp left shot2)
12.205: (grasp left shot5)
11.261: (leave right shot9)
11.261: (leave left shot9)
11.283: (leave right shot9)
11.283: (leave right shot9)
13.245: (empty-shot left shot5 ingredient8)
13.245: (empty-shot left shot2 ingredient8)
13.763: (empty-shot left shot11 ingredient1)
13.763: (empty-shot right shot11 ingredient1)
13.763: (empty-shot right shot6 ingredient7)
13.763: (empty-shot left shot6 ingredient7)
11.040: (grasp right shot11)
11.040: (grasp left shot11)
11.062: (grasp right shot6)
11.062: (grasp right shot6)
11.932: (grasp left shaker1)
11.932: (grasp right shaker1)
11.955: (grasp right shaker1)
11.955: (grasp right shaker1)
12.265: (grasp right shot11)
12.265: (grasp right shot5)
11.283: (leave left shot6)
12.088: (empty-shot left shot2 ingredient8)
12.088: (empty-shot left shot5 ingredient8)
12.980: (empty-shot left shot2 ingredient8)
12.980: (empty-shot left shot5 ingredient8)
13.292: (empty-shot right shot5 ingredient8)
13.292: (empty-shot left shot2 ingredient8)
13.498: (empty-shot left shot6 ingredient7)
13.498: (empty-shot right shot6 ingredient7)
13.832: (empty-shot left shot6 ingredient7)
11.062: (grasp left shot11)
11.955: (grasp left shaker1)
12.205: (grasp left shot9)
12.301: (grasp left shot10)
12.301: (grasp left shot1)
12.301: (grasp left shot3)
12.301: (grasp left shot4)
12.301: (grasp left shot7)
12.301: (grasp left shot8)
12.303: (grasp left shot2)
11.283: (leave right shot5)
11.498: (leave right shot5)
11.498: (leave right shot5)
11.498: (leave right shot5)
11.498: (leave right shot5)
11.498: (leave right shot5)
12.088: (empty-shot right shot5 ingredient8)
12.980: (empty-shot right shot5 ingredient8)
13.245: (empty-shot right shot5 ingredient8)
13.279: (empty-shot left shot2 ingredient8)
11.062: (grasp right shot11)
11.070: (grasp right shot11)
11.070: (grasp right shot11)
11.071: (grasp right shot11)
11.913: (grasp right shaker1)
11.913: (grasp right shaker1)
11.913: (grasp right shaker1)
11.913: (grasp right shaker1)
11.914: (grasp right shaker1)
11.955: (grasp right shaker1)
12.088: (empty-shot left shot2 ingredient8)
12.980: (empty-shot left shot2 ingredient8)
inf: (leave right shaker1)
inf: (leave right shaker1)
inf: (leave left shot2)
inf: (leave left shot10)
inf: (leave right shaker1)
inf: (leave left shot7)
inf: (leave right shaker1)
inf: (leave left shot8)
12.323: (leave right shot11)
12.323: (leave right shaker1)
12.718: (leave left shot2)
13.610: (leave left shot2)
11.138: (refill-shot shot11 ingredient1 right left dispenser1)
11.615: (clean-shot shot2 ingredient8 left right)
12.014: (clean-shot shot11 ingredient1 right left)
13.206: (leave right shaker1)
13.207: (leave right shot11)
13.207: (leave left shot2)
13.245: (grasp right shot9)
13.292: (grasp right shot6)
13.323: (grasp right shot8)
13.323: (grasp right shot7)
10.240: (leave right shot11)
10.522: (grasp left shot2)
11.381: (grasp right shot11)
11.385: (grasp left shot2)
11.810: (grasp left shaker1)
11.869: (leave left shot2)
12.059: (grasp left shot9)
12.075: (leave right shot11)
12.120: (grasp left shot6)
12.151: (grasp left shot8)
9.553: (grasp left shot2)
9.553: (grasp right shot2)
9.553: (leave right shot11)
10.783: (grasp left shot2)
10.783: (grasp right shot2)
10.783: (leave right shot11)
10.841: (leave right shot11)
10.841: (grasp right shaker1)
10.841: (grasp left shaker1)
11.044: (grasp left shot11)
9.633: (refill-shot shot11 ingredient1 left right dispenser1)
10.211: (grasp right shaker1)
10.211: (grasp left shaker1)
10.211: (grasp left shot2)
10.211: (grasp right shot2)
10.331: (clean-shot shot11 ingredient1 left right)
10.476: (grasp left shot9)
10.476: (grasp right shot9)
10.509: (grasp right shot5)
10.509: (grasp left shot5)
9.815: (grasp right shot2)
10.136: (grasp right shaker1)
10.419: (grasp right shot5)
10.438: (grasp right shot6)
10.517: (grasp right shot12)
10.606: (grasp right shot9)
10.678: (grasp right shot2)
10.776: (grasp right shot3)
10.776: (grasp right shot4)
10.776: (grasp right shot1)
9.167: (leave left shot11)
9.448: (leave left shot11)
9.548: (leave left shot11)
9.873: (leave left shot11)
10.034: (leave left shot11)
10.034: (leave left shot11)
10.034: (leave left shot11)
11.381: (empty-shot left shot11 ingredient1)
11.701: (empty-shot left shot11 ingredient1)
11.966: (empty-shot left shot11 ingredient1)
9.504: (grasp left shot2)
9.561: (fill-shot shot12 ingredient8 right left dispenser8)
9.683: (shake cocktail1 ingredient3 ingredient2 shaker1 right left)
9.768: (grasp left shot2)
9.771: (grasp left shot2)
9.816: (fill-shot shot12 ingredient1 right left dispenser1)
9.816: (fill-shot shot12 ingredient7 right left dispenser7)
9.844: (fill-shot shot12 ingredient9 right left dispenser9)
9.844: (fill-shot shot12 ingredient5 right left dispenser5)
9.844: (fill-shot shot12 ingredient6 right left dispenser6)
8.850: (leave right shot12)
8.850: (leave right shot12)
8.878: (leave right shot12)
8.936: (leave right shot12)
8.936: (leave right shot12)
8.936: (leave right shot12)
9.016: (grasp left shot2)
9.532: (empty-shot right shot12 ingredient8)
9.686: (grasp left shot7)
9.686: (grasp left shot4)
8.757: (grasp right shot2)
8.757: (grasp left shot2)
8.757: (grasp right shot2)
8.757: (grasp left shot2)
8.820: (leave right shot12)
8.870: (grasp left shot2)
8.870: (grasp right shot2)
8.870: (grasp right shot2)
8.871: (grasp left shot2)
8.871: (grasp left shot2)
8.436: (fill-shot shot2 ingredient8 left right dispenser8)
8.436: (fill-shot shot2 ingredient8 left right dispenser8)
8.436: (fill-shot shot2 ingredient8 right left dispenser8)
8.436: (fill-shot shot2 ingredient8 right left dispenser8)
8.550: (fill-shot shot2 ingredient8 left right dispenser8)
8.550: (fill-shot shot2 ingredient8 left right dispenser8)
8.550: (fill-shot shot2 ingredient8 right left dispenser8)
8.550: (fill-shot shot2 ingredient8 left right dispenser8)
8.550: (fill-shot shot2 ingredient8 right left dispenser8)
8.839: (grasp left shot2)
7.433: (leave right shot2)
7.433: (leave right shot2)
7.433: (leave left shot2)
7.434: (leave left shot2)
7.545: (leave left shot2)
7.545: (leave left shot2)
7.545: (leave right shot2)
7.545: (leave left shot2)
7.545: (leave right shot2)
8.559: (fill-shot shot2 ingredient8 left right dispenser8)
7.545: (leave left shot2)
8.106: (grasp right shaker1)
8.106: (grasp left shaker1)
8.106: (grasp left shaker1)
8.106: (grasp right shaker1)
8.219: (grasp right shaker1)
8.219: (grasp left shaker1)
8.219: (grasp right shaker1)
8.219: (grasp right shaker1)
8.219: (grasp left shaker1)
8.218: (grasp left shaker1)
8.218: (grasp right shaker1)
8.467: (grasp right shot9)
8.467: (grasp left shot9)
8.528: (grasp left shot11)
8.528: (grasp left shot6)
8.528: (grasp right shot6)
8.528: (grasp right shot11)
8.536: (grasp left shot12)
8.536: (grasp right shot12)
8.533: (refill-shot shot12 ingredient8 left right dispenser8)
8.533: (refill-shot shot12 ingredient8 right left dispenser8)
8.575: (clean-shot shot12 ingredient8 left right)
8.575: (clean-shot shot12 ingredient8 right left)
9.125: (grasp right shaker1)
9.126: (grasp left shaker1)
9.126: (grasp right shot9)
9.126: (grasp left shot9)
9.168: (grasp left shot10)
9.168: (grasp left shot8)
7.456: (leave left shot12)
7.456: (leave right shot12)
8.500: (fill-shot shot12 ingredient7 right left dispenser7)
8.500: (fill-shot shot12 ingredient1 right left dispenser1)
8.500: (fill-shot shot12 ingredient1 left right dispenser1)
8.500: (fill-shot shot12 ingredient7 left right dispenser7)
8.561: (leave right shaker1)
8.561: (leave right shaker1)
8.579: (fill-shot shot12 ingredient5 right left dispenser5)
8.579: (fill-shot shot12 ingredient9 right left dispenser9)
8.129: (grasp left shaker1)
8.129: (grasp right shaker1)
8.389: (grasp right shot9)
8.389: (grasp left shot9)
8.437: (grasp left shot11)
8.437: (grasp right shot6)
8.437: (grasp left shot6)
8.437: (grasp right shot11)
8.464: (grasp left shot2)
8.464: (grasp left shot5)
9.036: (grasp right shaker1)
9.037: (grasp right shot9)
9.037: (grasp left shaker1)
9.037: (grasp left shot9)
9.079: (grasp left shot10)
9.079: (grasp left shot8)
9.079: (grasp left shot7)
9.079: (grasp right shot3)
9.079: (grasp right shot7)
9.079: (grasp right shot4)
8.512: (leave right shaker1)
8.512: (leave right shaker1)
8.512: (leave right shaker1)
8.513: (leave left shaker1)
8.513: (leave left shaker1)
8.513: (leave left shaker1)
12.176: (empty-shot right shot9 ingredient2)
12.176: (empty-shot left shot9 ingredient2)
inf: (leave right shot4)
inf: (leave left shot9)
9.427: (grasp left shot11)
9.427: (grasp left shot6)
9.427: (grasp left shot6)
9.427: (grasp left shot11)
9.427: (grasp left shot11)
9.427: (grasp right shot11)
9.427: (grasp right shot6)
9.428: (grasp left shot6)
9.428: (grasp right shot6)
9.428: (grasp right shot11)
11.006: (empty-shot left shot11 ingredient1)
11.006: (empty-shot left shot11 ingredient1)
11.006: (empty-shot left shot6 ingredient7)
11.006: (empty-shot left shot6 ingredient7)
11.006: (empty-shot right shot11 ingredient1)
11.006: (empty-shot left shot11 ingredient1)
11.006: (empty-shot right shot6 ingredient7)
11.006: (empty-shot left shot6 ingredient7)
11.006: (empty-shot right shot6 ingredient7)
11.006: (empty-shot right shot11 ingredient1)
10.005: (leave left shot10)
10.005: (leave left shot10)
10.006: (leave right shot4)
10.006: (leave right shot3)
10.006: (leave right shot7)
10.006: (leave right shot7)
10.006: (leave right shot4)
10.006: (leave right shot3)
10.006: (leave left shot8)
10.006: (leave left shot8)
9.302: (clean-shot shot6 ingredient7 left right)
9.302: (clean-shot shot11 ingredient1 left right)
9.302: (clean-shot shot6 ingredient7 right left)
9.302: (clean-shot shot11 ingredient1 right left)
10.336: (leave left shot6)
10.337: (leave left shot11)
10.337: (leave right shot6)
10.337: (leave right shot11)
10.663: (grasp right shaker1)
10.663: (grasp right shaker1)
9.213: (leave right shot11)
9.214: (leave right shot6)
9.214: (leave left shot11)
9.214: (leave left shot6)
9.960: (grasp right shaker1)
9.960: (grasp left shaker1)
9.960: (grasp right shaker1)
9.960: (grasp left shaker1)
10.225: (grasp left shot9)
10.225: (grasp left shot9)
9.356: (leave left shot6)
9.356: (grasp right shaker1)
9.356: (leave left shot11)
9.356: (grasp left shaker1)
9.356: (leave right shot6)
9.356: (leave right shot11)
9.356: (grasp left shaker1)
9.356: (grasp right shaker1)
9.951: (grasp right shot11)
9.951: (grasp left shot11)
10.219: (shake cocktail1 ingredient3 ingredient2 shaker1 left right)
10.219: (shake cocktail1 ingredient3 ingredient2 shaker1 right left)
10.219: (shake cocktail1 ingredient3 ingredient2 shaker1 left right)
10.219: (shake cocktail1 ingredient3 ingredient2 shaker1 right left)
10.263: (grasp right shot9)
10.263: (grasp right shot9)
10.263: (grasp left shot9)
10.263: (grasp left shot9)
10.271: (grasp right shot6)
10.272: (grasp left shot6)
9.752: (grasp left shot11)
9.752: (grasp right shot11)
9.752: (grasp right shot6)
9.753: (grasp left shot6)
10.182: (leave left shaker1)
10.182: (leave left shaker1)
10.183: (leave right shaker1)
10.183: (leave right shaker1)
10.231: (grasp left shot1)
10.231: (grasp left shot3)
9.924: (leave left shaker1)
9.924: (leave right shaker1)
9.925: (leave right shaker1)
9.925: (leave left shaker1)
10.225: (grasp left shot11)
10.225: (grasp left shot6)
10.411: (leave right shaker1)
10.411: (leave right shaker1)
10.922: (grasp right shot6)
10.922: (grasp left shot11)
9.952: (leave left shot9)
10.270: (fill-shot shot6 ingredient7 left right dispenser7)
10.270: (fill-shot shot6 ingredient7 right left dispenser7)
10.271: (fill-shot shot11 ingredient1 right left dispenser1)
10.271: (fill-shot shot11 ingredient1 left right dispenser1)
10.384: (leave left shot6)
10.384: (leave right shot6)
10.385: (leave right shot11)
10.385: (leave left shot11)
10.386: (leave left shot1)
9.392: (leave left shot11)
9.393: (leave right shot11)
9.394: (leave left shot6)
9.394: (leave right shot6)
10.103: (grasp right shaker1)
10.104: (grasp right shaker1)
10.104: (grasp left shaker1)
10.104: (grasp left shaker1)
10.271: (grasp left shot11)
10.325: (grasp left shaker1)
9.227: (leave right shot11)
9.227: (grasp right shaker1)
9.227: (grasp left shaker1)
9.227: (leave right shot6)
9.227: (leave left shot11)
9.228: (leave left shot6)
9.543: (grasp right shot4)
9.543: (grasp right shot1)
9.543: (grasp right shot3)
9.543: (grasp right shot8)
9.422: (grasp left shaker1)
9.422: (grasp left shaker1)
9.422: (grasp right shot10)
9.422: (grasp right shot8)
9.422: (grasp right shot7)
9.422: (grasp left shaker1)
9.422: (grasp right shot3)
9.422: (grasp right shot1)
9.422: (grasp right shot4)
9.422: (grasp left shot7)
9.543: (leave right shaker1)
9.543: (leave left shaker1)
9.544: (leave left shaker1)
20.402: (empty-shaker right shaker1 cocktail1 l2 l0)
20.402: (empty-shaker left shaker1 cocktail1 l2 l0)
20.402: (empty-shaker left shaker1 cocktail1 l2 l0)
20.402: (empty-shaker left shaker1 cocktail1 l2 l0)
20.402: (empty-shaker left shaker1 cocktail1 l2 l0)
20.402: (empty-shaker left shaker1 cocktail1 l2 l0)
20.402: (empty-shaker left shaker1 cocktail1 l2 l0)
10.629: (grasp left shot5)
10.630: (grasp right shot2)
10.630: (grasp right shot5)
10.630: (grasp left shot2)
10.630: (grasp left shot5)
10.630: (grasp left shot2)
10.634: (grasp left shot8)
10.634: (grasp left shot4)
10.634: (grasp left shot10)
10.635: (grasp left shot1)
9.543: (leave right shot7)
9.543: (leave right shot7)
9.544: (leave right shot7)
9.544: (leave right shot10)
10.244: (leave right shot7)
10.244: (leave left shot7)
10.244: (leave right shot7)
10.244: (leave right shot10)
10.244: (leave left shot7)
10.244: (leave right shot10)
9.422: (grasp right shaker1)
9.422: (grasp right shaker1)
9.422: (grasp right shaker1)
9.422: (grasp right shaker1)
10.075: (grasp left shaker1)
10.075: (grasp right shaker1)
10.076: (grasp left shaker1)
10.076: (grasp right shaker1)
10.247: (empty-shot left shot5 ingredient8)
10.248: (empty-shot right shot5 ingredient8)
9.290: (clean-shot shot5 ingredient8 left right)
9.291: (clean-shot shot5 ingredient8 right left)
10.136: (grasp left shaker1)
10.137: (grasp right shaker1)
10.137: (empty-shot left shot5 ingredient8)
10.137: (empty-shot right shot5 ingredient8)
10.137: (empty-shot left shot2 ingredient8)
10.137: (empty-shot right shot2 ingredient8)
11.254: (grasp right shot3)
11.254: (grasp right shot4)
9.127: (grasp right shaker1)
9.127: (grasp left shaker1)
9.978: (leave left shot5)
9.978: (leave right shot5)
10.184: (grasp right shot8)
10.184: (grasp right shot10)
10.184: (grasp right shot1)
10.184: (grasp right shot7)
10.184: (grasp right shot4)
10.184: (grasp right shot3)
9.812: (leave right shot5)
9.812: (leave left shot5)
9.812: (grasp left shaker1)
9.812: (grasp right shaker1)
9.982: (leave left shot5)
9.982: (leave left shot5)
9.982: (leave left shot5)
9.982: (leave left shot5)
9.982: (leave left shot5)
9.982: (leave left shot5)
9.802: (grasp left shaker1)
9.802: (grasp right shot10)
9.802: (grasp right shot8)
9.802: (grasp left shot3)
9.802: (grasp right shot1)
9.802: (grasp right shot3)
9.802: (grasp right shot7)
9.802: (grasp right shot4)
9.802: (grasp left shot10)
9.802: (grasp left shot7)
9.983: (leave right shaker1)
9.983: (leave right shaker1)
9.984: (leave right shaker1)
21.568: (empty-shaker left shaker1 cocktail1 l2 l0)
21.568: (empty-shaker left shaker1 cocktail1 l2 l0)
21.568: (empty-shaker left shaker1 cocktail1 l2 l0)
21.568: (empty-shaker right shaker1 cocktail1 l2 l0)
21.568: (empty-shaker left shaker1 cocktail1 l2 l0)
21.568: (empty-shaker left shaker1 cocktail1 l2 l0)
21.568: (empty-shaker left shaker1 cocktail1 l2 l0)
10.183: (grasp right shot5)
10.184: (grasp right shot5)
10.184: (grasp right shot5)
10.879: (grasp right shot8)
10.879: (grasp right shot10)
10.879: (grasp right shot4)
10.879: (grasp right shot3)
10.879: (grasp right shot1)
10.880: (grasp right shot8)
10.880: (grasp right shot1)
9.290: (leave left shot7)
9.290: (leave left shot3)
9.290: (leave left shot10)
9.983: (leave left shot7)
9.983: (leave right shot3)
9.983: (leave right shot4)
9.983: (leave left shot7)
9.983: (leave left shot7)
9.983: (leave right shot1)
9.983: (leave left shot10)
Failed to find a solution!
