Torch: 2.12.0+cu130
Using GPU:  NVIDIA L40S
[Bellman] lambda=0 -> baseline (no widening signal)
[Binc] OPTION6 binc_beta=2.0 binc_eps=1.0 signal=BELLMAN INCONSISTENCY (1-step min-W1 parent-vs-child, B_good within eps) vs SIBLINGS (boosts exploration toward inconsistent children; prior untouched) [SHUFFLE CONTROL: signal-blind placement]
[Value] SELF-CONSISTENT: leaf value = QR-DQN max_a mean Z(s,a) (SAC critics bypassed; prior still SAC policy)
/u/ibrahim.eisawy/Neural-Guided-Search/venv/lib/python3.10/site-packages/pymimir_rgnn/model.py:162: UserWarning: index_reduce() is in beta and the API may change at any time. (Triggered internally at /pytorch/aten/src/ATen/native/cuda/Indexing.cu:1541.)
  exps_max.index_reduce_(0, output_indices, output_messages, reduce="amax", include_self=False)
  [sim 500] root visits=500, unique states=130, generated=129, iqn_calls=279
  [sim 1000] root visits=1000, unique states=133, generated=132, iqn_calls=296
  [sim 1500] root visits=1500, unique states=140, generated=139, iqn_calls=317
  [sim 2000] root visits=2000, unique states=144, generated=143, iqn_calls=330
  [sim 2500] root visits=2500, unique states=146, generated=145, iqn_calls=340
  [sim 3000] root visits=3000, unique states=146, generated=145, iqn_calls=340
  [sim 3500] root visits=3500, unique states=146, generated=145, iqn_calls=340
  [sim 4000] root visits=4000, unique states=149, generated=148, iqn_calls=347
  [sim 4500] root visits=4500, unique states=149, generated=148, iqn_calls=347
  [sim 5000] root visits=5000, unique states=149, generated=148, iqn_calls=347
  [sim 5500] root visits=5500, unique states=149, generated=148, iqn_calls=347
  [sim 6000] root visits=6000, unique states=149, generated=148, iqn_calls=347
  [sim 6500] root visits=6500, unique states=152, generated=151, iqn_calls=354
  [sim 7000] root visits=7000, unique states=152, generated=151, iqn_calls=354
  [sim 7500] root visits=7500, unique states=152, generated=151, iqn_calls=354
  [sim 8000] root visits=8000, unique states=152, generated=151, iqn_calls=354
  [sim 8500] root visits=8500, unique states=152, generated=151, iqn_calls=354
  [sim 9000] root visits=9000, unique states=152, generated=151, iqn_calls=354
  [sim 9500] root visits=9500, unique states=152, generated=151, iqn_calls=354
  [sim 10000] root visits=10000, unique states=156, generated=155, iqn_calls=362
  [sim 10500] root visits=10500, unique states=160, generated=159, iqn_calls=369
  [sim 11000] root visits=11000, unique states=160, generated=159, iqn_calls=369
  [sim 11500] root visits=11500, unique states=160, generated=159, iqn_calls=369
  [sim 12000] root visits=12000, unique states=160, generated=159, iqn_calls=369
  [sim 12500] root visits=12500, unique states=160, generated=159, iqn_calls=369
  [sim 13000] root visits=13000, unique states=160, generated=159, iqn_calls=369
  [sim 13500] root visits=13500, unique states=160, generated=159, iqn_calls=369
  [sim 14000] root visits=14000, unique states=167, generated=166, iqn_calls=384
  [sim 14500] root visits=14500, unique states=167, generated=166, iqn_calls=384
  [sim 15000] root visits=15000, unique states=167, generated=166, iqn_calls=384
  [sim 15500] root visits=15500, unique states=167, generated=166, iqn_calls=384
  [sim 16000] root visits=16000, unique states=167, generated=166, iqn_calls=384
[Final] Expanded: 166, Generated: 166
[Cost] IQN forward calls (Bellman signal): 384
[Widen] nodes widened: 0, mean w: 0.0000
[Binc] child-edges modulated: 312, mean mult: 1.2030 (1.0 = no change; >1 = boosted toward inconsistent)
[search done] simulations=16099, unique states generated=166
Failed to find a solution!
