/u/ibrahim.eisawy/Neural-Guided-Search/venv/lib/python3.10/site-packages/pymimir_rgnn/model.py:162: UserWarning: index_reduce() is in beta and the API may change at any time. (Triggered internally at /pytorch/aten/src/ATen/native/cuda/Indexing.cu:1541.)
  exps_max.index_reduce_(0, output_indices, output_messages, reduce="amax", include_self=False)
Torch: 2.12.0+cu130
Loading model... (models/grid_dqn.pth)
Using GPU:  NVIDIA L40S
heuristic_weight = 8.0
Starting Q* search...
[f=64.008] Expanded: 7, Generated: 6
[f=64.333] Expanded: 8, Generated: 8
[f=68.246] Expanded: 9, Generated: 10
[f=72.437] Expanded: 10, Generated: 12
[f=66.129] Expanded: 16, Generated: 18
[f=66.554] Expanded: 16, Generated: 19
[f=67.572] Expanded: 17, Generated: 20
[f=69.012] Expanded: 18, Generated: 21
[f=70.068] Expanded: 19, Generated: 22
[f=70.135] Expanded: 19, Generated: 23
[f=70.461] Expanded: 20, Generated: 24
[f=71.161] Expanded: 21, Generated: 26
[f=71.398] Expanded: 21, Generated: 27
[f=71.482] Expanded: 21, Generated: 28
[f=71.489] Expanded: 21, Generated: 29
[f=70.751] Expanded: 22, Generated: 31
[f=71.677] Expanded: 23, Generated: 33
[f=49.665] Expanded: 29, Generated: 39
[f=49.945] Expanded: 30, Generated: 40
[f=49.896] Expanded: 32, Generated: 42
[f=51.693] Expanded: 33, Generated: 43
[f=50.665] Expanded: 35, Generated: 45
[f=50.945] Expanded: 36, Generated: 46
[f=54.644] Expanded: 36, Generated: 47
[f=55.905] Expanded: 36, Generated: 48
[f=56.371] Expanded: 36, Generated: 50
[f=53.142] Expanded: 37, Generated: 52
[f=54.142] Expanded: 38, Generated: 54
[f=58.522] Expanded: 38, Generated: 55
[f=59.522] Expanded: 38, Generated: 56
[f=61.265] Expanded: 38, Generated: 57
[f=62.265] Expanded: 38, Generated: 58
[f=51.688] Expanded: 39, Generated: 60
[f=51.979] Expanded: 41, Generated: 62
[f=54.116] Expanded: 42, Generated: 63
[f=58.450] Expanded: 42, Generated: 64
[f=52.116] Expanded: 43, Generated: 66
[f=51.973] Expanded: 45, Generated: 68
[f=54.151] Expanded: 46, Generated: 69
[f=58.387] Expanded: 46, Generated: 70
[f=52.922] Expanded: 48, Generated: 72
[f=53.184] Expanded: 49, Generated: 73
[f=53.289] Expanded: 51, Generated: 75
[f=55.471] Expanded: 52, Generated: 76
[f=59.729] Expanded: 52, Generated: 77
[f=56.365] Expanded: 53, Generated: 79
[f=61.936] Expanded: 53, Generated: 80
[f=56.184] Expanded: 54, Generated: 82
[f=52.332] Expanded: 55, Generated: 84
[f=53.995] Expanded: 57, Generated: 86
[f=54.173] Expanded: 58, Generated: 87
[f=57.158] Expanded: 58, Generated: 88
[f=57.320] Expanded: 59, Generated: 90
[f=55.173] Expanded: 60, Generated: 92
[f=62.226] Expanded: 60, Generated: 94
[f=62.270] Expanded: 60, Generated: 95
[f=62.448] Expanded: 60, Generated: 96
[f=63.172] Expanded: 60, Generated: 97
[f=57.808] Expanded: 61, Generated: 99
[f=40.672] Expanded: 66, Generated: 105
[Final] Expanded: 66, Generated: 105
Found a solution of length 28!
   1: (move f3-0f f4-0f)
   2: (move f4-0f f5-0f)
   3: (move f5-0f f6-0f)
   4: (move f6-0f f6-1f)
   5: (pickup f6-1f key0-0)
   6: (move f6-1f f6-0f)
   7: (move f6-0f f5-0f)
   8: (move f5-0f f4-0f)
   9: (move f4-0f f3-0f)
  10: (move f3-0f f2-0f)
  11: (move f2-0f f2-1f)
  12: (move f2-1f f2-2f)
  13: (move f2-2f f1-2f)
  14: (move f1-2f f1-3f)
  15: (move f1-3f f1-4f)
  16: (move f1-4f f1-5f)
  17: (move f1-5f f1-6f)
  18: (move f1-6f f2-6f)
  19: (move f2-6f f3-6f)
  20: (unlock f3-6f f4-6f key0-0 shape0)
  21: (move f3-6f f4-6f)
  22: (pickup-and-loose f4-6f key0-1 key0-0)
  23: (move f4-6f f4-5f)
  24: (move f4-5f f4-4f)
  25: (move f4-4f f3-4f)
  26: (move f3-4f f3-3f)
  27: (move f3-3f f3-2f)
  28: (putdown f3-2f key0-1)
