/u/ibrahim.eisawy/Neural-Guided-Search/venv/lib/python3.10/site-packages/pymimir_rgnn/model.py:162: UserWarning: index_reduce() is in beta and the API may change at any time. (Triggered internally at /pytorch/aten/src/ATen/native/cuda/Indexing.cu:1541.)
  exps_max.index_reduce_(0, output_indices, output_messages, reduce="amax", include_self=False)
Torch: 2.12.0+cu130
Loading model... (models/grid_dqn.pth)
Using GPU:  NVIDIA L40S
heuristic_weight = 8.0
Starting Q* search...
[f=596.974] Expanded: 2, Generated: 1
[f=608.380] Expanded: 3, Generated: 2
[f=608.570] Expanded: 4, Generated: 3
[f=577.834] Expanded: 6, Generated: 5
[f=567.356] Expanded: 8, Generated: 7
[f=559.626] Expanded: 10, Generated: 9
[f=575.479] Expanded: 11, Generated: 10
[f=575.616] Expanded: 11, Generated: 11
[f=576.299] Expanded: 12, Generated: 12
[f=576.467] Expanded: 12, Generated: 13
[f=566.955] Expanded: 13, Generated: 15
[f=504.320] Expanded: 15, Generated: 17
[f=518.915] Expanded: 16, Generated: 18
[f=520.834] Expanded: 16, Generated: 19
[f=454.320] Expanded: 23, Generated: 27
[f=457.639] Expanded: 24, Generated: 28
[f=457.974] Expanded: 25, Generated: 29
[f=458.993] Expanded: 25, Generated: 30
[f=459.108] Expanded: 26, Generated: 31
[f=458.275] Expanded: 27, Generated: 33
[f=458.410] Expanded: 28, Generated: 34
[f=457.333] Expanded: 29, Generated: 36
[f=457.569] Expanded: 30, Generated: 37
[f=459.313] Expanded: 31, Generated: 38
[f=459.356] Expanded: 32, Generated: 39
[f=461.703] Expanded: 32, Generated: 40
[f=461.772] Expanded: 32, Generated: 41
[f=461.973] Expanded: 32, Generated: 42
[f=462.791] Expanded: 33, Generated: 44
[f=462.953] Expanded: 33, Generated: 45
[f=462.966] Expanded: 34, Generated: 46
[f=463.094] Expanded: 34, Generated: 47
[f=463.211] Expanded: 34, Generated: 48
[f=463.248] Expanded: 35, Generated: 50
[f=463.391] Expanded: 36, Generated: 51
[f=463.519] Expanded: 36, Generated: 52
[f=464.106] Expanded: 36, Generated: 53
[f=463.264] Expanded: 37, Generated: 55
[f=465.019] Expanded: 37, Generated: 56
[f=465.472] Expanded: 37, Generated: 57
[f=465.906] Expanded: 37, Generated: 58
[f=466.103] Expanded: 37, Generated: 59
[f=466.410] Expanded: 37, Generated: 60
[f=466.806] Expanded: 37, Generated: 61
[f=466.867] Expanded: 37, Generated: 62
[f=467.095] Expanded: 37, Generated: 63
[f=467.217] Expanded: 37, Generated: 64
[f=467.331] Expanded: 38, Generated: 65
[f=467.558] Expanded: 38, Generated: 66
[f=467.730] Expanded: 39, Generated: 67
[f=466.841] Expanded: 40, Generated: 69
[f=467.105] Expanded: 40, Generated: 70
[f=457.329] Expanded: 43, Generated: 73
[f=459.832] Expanded: 43, Generated: 74
[f=460.302] Expanded: 44, Generated: 75
[f=462.224] Expanded: 44, Generated: 76
[f=462.346] Expanded: 45, Generated: 77
[f=462.391] Expanded: 46, Generated: 78
[f=462.739] Expanded: 47, Generated: 79
[f=463.112] Expanded: 48, Generated: 80
[f=463.998] Expanded: 48, Generated: 81
[f=464.114] Expanded: 49, Generated: 82
[f=462.398] Expanded: 50, Generated: 84
[f=462.633] Expanded: 51, Generated: 85
[f=464.689] Expanded: 51, Generated: 86
[f=464.958] Expanded: 51, Generated: 87
[f=465.092] Expanded: 52, Generated: 88
[f=465.108] Expanded: 52, Generated: 89
[f=465.122] Expanded: 52, Generated: 90
[f=466.386] Expanded: 53, Generated: 91
[f=466.818] Expanded: 53, Generated: 92
[f=467.032] Expanded: 53, Generated: 93
[f=467.815] Expanded: 54, Generated: 95
[f=468.024] Expanded: 55, Generated: 96
[f=468.351] Expanded: 55, Generated: 97
[f=468.508] Expanded: 55, Generated: 98
[f=468.532] Expanded: 55, Generated: 99
[f=460.398] Expanded: 56, Generated: 101
[f=460.633] Expanded: 57, Generated: 102
[f=466.351] Expanded: 57, Generated: 103
[f=467.390] Expanded: 57, Generated: 104
[f=466.630] Expanded: 58, Generated: 106
[f=468.201] Expanded: 58, Generated: 107
[f=469.110] Expanded: 58, Generated: 108
[f=469.175] Expanded: 58, Generated: 109
[f=469.407] Expanded: 58, Generated: 110
[f=452.323] Expanded: 60, Generated: 112
[f=452.343] Expanded: 61, Generated: 113
[f=458.878] Expanded: 61, Generated: 114
[f=450.559] Expanded: 63, Generated: 116
[f=453.109] Expanded: 63, Generated: 117
[f=453.157] Expanded: 63, Generated: 118
[f=461.119] Expanded: 63, Generated: 119
[f=463.004] Expanded: 63, Generated: 120
[f=407.760] Expanded: 69, Generated: 126
[f=407.822] Expanded: 71, Generated: 129
[f=412.646] Expanded: 73, Generated: 131
[f=421.081] Expanded: 73, Generated: 132
[f=384.575] Expanded: 77, Generated: 136
[f=384.750] Expanded: 78, Generated: 137
[f=382.741] Expanded: 79, Generated: 139
[f=382.831] Expanded: 80, Generated: 140
[f=385.393] Expanded: 80, Generated: 141
[f=385.990] Expanded: 80, Generated: 142
[f=386.006] Expanded: 81, Generated: 143
[f=386.472] Expanded: 81, Generated: 144
[f=386.746] Expanded: 81, Generated: 145
[f=387.289] Expanded: 82, Generated: 146
[f=387.310] Expanded: 83, Generated: 147
[f=387.575] Expanded: 83, Generated: 148
[f=388.018] Expanded: 83, Generated: 149
[f=385.090] Expanded: 84, Generated: 151
[f=388.979] Expanded: 84, Generated: 152
[f=389.017] Expanded: 84, Generated: 153
[f=392.906] Expanded: 85, Generated: 154
[f=379.701] Expanded: 88, Generated: 157
[f=380.414] Expanded: 88, Generated: 158
[f=378.108] Expanded: 90, Generated: 160
[f=378.951] Expanded: 91, Generated: 161
[f=319.222] Expanded: 97, Generated: 167
[f=322.151] Expanded: 98, Generated: 168
[f=319.336] Expanded: 100, Generated: 170
[f=305.513] Expanded: 104, Generated: 174
[f=305.625] Expanded: 106, Generated: 176
[f=308.463] Expanded: 107, Generated: 177
[f=306.142] Expanded: 108, Generated: 179
[f=306.981] Expanded: 111, Generated: 182
[f=308.697] Expanded: 111, Generated: 183
[f=308.560] Expanded: 112, Generated: 185
[f=309.337] Expanded: 113, Generated: 186
[f=303.737] Expanded: 114, Generated: 188
[f=303.973] Expanded: 115, Generated: 189
[f=305.240] Expanded: 116, Generated: 190
[f=306.118] Expanded: 117, Generated: 191
[f=309.493] Expanded: 118, Generated: 192
[f=308.235] Expanded: 120, Generated: 194
[f=307.319] Expanded: 121, Generated: 196
[f=310.290] Expanded: 121, Generated: 197
[f=310.879] Expanded: 121, Generated: 198
[f=309.988] Expanded: 123, Generated: 200
[f=306.074] Expanded: 125, Generated: 202
[f=308.958] Expanded: 126, Generated: 203
[f=309.675] Expanded: 127, Generated: 204
[f=308.092] Expanded: 128, Generated: 206
[f=309.143] Expanded: 129, Generated: 208
[f=311.548] Expanded: 129, Generated: 209
[f=311.674] Expanded: 129, Generated: 210
[f=309.397] Expanded: 131, Generated: 212
[f=311.415] Expanded: 131, Generated: 213
[f=307.199] Expanded: 132, Generated: 215
[f=307.209] Expanded: 133, Generated: 216
[f=308.765] Expanded: 133, Generated: 217
[f=311.919] Expanded: 133, Generated: 218
[f=311.161] Expanded: 134, Generated: 220
[f=307.424] Expanded: 136, Generated: 222
[f=309.620] Expanded: 137, Generated: 224
[f=311.323] Expanded: 137, Generated: 225
[f=312.054] Expanded: 137, Generated: 226
[f=312.188] Expanded: 137, Generated: 227
[f=309.252] Expanded: 139, Generated: 229
[f=309.759] Expanded: 140, Generated: 231
[f=304.844] Expanded: 141, Generated: 233
[f=305.174] Expanded: 142, Generated: 234
[f=306.220] Expanded: 142, Generated: 235
[f=307.225] Expanded: 143, Generated: 236
[f=307.901] Expanded: 144, Generated: 238
[f=307.911] Expanded: 145, Generated: 239
[f=309.580] Expanded: 145, Generated: 240
[f=307.464] Expanded: 146, Generated: 242
[f=309.117] Expanded: 146, Generated: 243
[f=307.183] Expanded: 148, Generated: 245
[f=310.029] Expanded: 148, Generated: 246
[f=312.507] Expanded: 148, Generated: 247
[f=309.254] Expanded: 150, Generated: 249
[f=310.823] Expanded: 151, Generated: 251
[f=298.535] Expanded: 153, Generated: 253
[f=305.784] Expanded: 154, Generated: 254
[f=306.361] Expanded: 155, Generated: 256
[f=308.239] Expanded: 155, Generated: 257
[f=309.666] Expanded: 155, Generated: 258
[f=309.570] Expanded: 157, Generated: 260
[f=310.085] Expanded: 158, Generated: 261
[f=310.836] Expanded: 159, Generated: 262
[f=310.995] Expanded: 160, Generated: 263
[f=309.636] Expanded: 161, Generated: 265
[f=311.448] Expanded: 161, Generated: 266
[f=311.262] Expanded: 162, Generated: 268
[f=311.794] Expanded: 163, Generated: 269
[f=312.075] Expanded: 164, Generated: 270
[f=310.378] Expanded: 165, Generated: 272
[f=311.359] Expanded: 166, Generated: 274
[f=309.353] Expanded: 167, Generated: 276
[f=311.321] Expanded: 167, Generated: 277
[f=312.864] Expanded: 167, Generated: 278
[f=311.298] Expanded: 169, Generated: 280
[f=312.935] Expanded: 169, Generated: 281
[f=312.954] Expanded: 169, Generated: 282
[f=313.032] Expanded: 169, Generated: 283
[f=313.037] Expanded: 169, Generated: 284
[f=313.040] Expanded: 169, Generated: 285
[f=282.141] Expanded: 172, Generated: 289
[f=283.056] Expanded: 173, Generated: 290
[f=267.813] Expanded: 175, Generated: 292
[f=228.784] Expanded: 181, Generated: 299
[f=228.789] Expanded: 182, Generated: 300
[f=233.769] Expanded: 182, Generated: 301
[f=233.028] Expanded: 183, Generated: 303
[f=235.121] Expanded: 184, Generated: 304
[f=235.427] Expanded: 184, Generated: 305
[f=235.435] Expanded: 184, Generated: 306
[f=235.707] Expanded: 184, Generated: 307
[f=235.182] Expanded: 185, Generated: 309
[f=231.404] Expanded: 186, Generated: 311
[f=231.430] Expanded: 186, Generated: 312
[f=236.386] Expanded: 186, Generated: 313
[f=236.931] Expanded: 187, Generated: 315
[f=236.943] Expanded: 187, Generated: 316
[f=223.060] Expanded: 190, Generated: 319
[f=232.544] Expanded: 190, Generated: 320
[f=224.609] Expanded: 191, Generated: 322
[f=221.775] Expanded: 193, Generated: 324
[f=221.781] Expanded: 194, Generated: 325
[f=222.120] Expanded: 195, Generated: 327
[f=226.606] Expanded: 195, Generated: 328
[f=227.307] Expanded: 195, Generated: 329
[f=227.590] Expanded: 195, Generated: 330
[f=228.223] Expanded: 196, Generated: 331
[f=222.336] Expanded: 197, Generated: 333
[f=222.361] Expanded: 198, Generated: 334
[f=229.437] Expanded: 198, Generated: 335
[f=229.626] Expanded: 198, Generated: 336
[f=230.740] Expanded: 198, Generated: 337
[f=231.114] Expanded: 198, Generated: 338
[f=231.421] Expanded: 198, Generated: 339
[f=231.507] Expanded: 198, Generated: 340
[f=232.105] Expanded: 198, Generated: 341
[f=232.666] Expanded: 198, Generated: 342
[f=227.999] Expanded: 199, Generated: 344
[f=229.754] Expanded: 199, Generated: 345
[f=234.479] Expanded: 200, Generated: 346
[f=225.999] Expanded: 201, Generated: 348
[f=227.754] Expanded: 201, Generated: 349
[f=224.848] Expanded: 203, Generated: 351
[f=225.463] Expanded: 203, Generated: 352
[f=203.556] Expanded: 206, Generated: 356
[f=204.345] Expanded: 207, Generated: 357
[f=159.346] Expanded: 212, Generated: 362
[f=132.588] Expanded: 215, Generated: 365
[f=134.154] Expanded: 216, Generated: 366
[f=134.225] Expanded: 217, Generated: 367
[f=134.285] Expanded: 217, Generated: 368
[f=134.538] Expanded: 217, Generated: 369
[f=114.412] Expanded: 222, Generated: 374
[f=116.588] Expanded: 223, Generated: 375
[f=114.100] Expanded: 224, Generated: 377
[f=122.717] Expanded: 224, Generated: 378
[f=116.076] Expanded: 225, Generated: 380
[f=122.808] Expanded: 225, Generated: 381
[f=119.348] Expanded: 226, Generated: 383
[f=119.354] Expanded: 226, Generated: 384
[f=125.994] Expanded: 227, Generated: 385
[f=123.573] Expanded: 229, Generated: 387
[f=126.106] Expanded: 229, Generated: 388
[f=126.253] Expanded: 229, Generated: 389
[f=126.272] Expanded: 229, Generated: 390
[f=120.937] Expanded: 230, Generated: 392
[f=126.433] Expanded: 230, Generated: 393
[f=127.255] Expanded: 231, Generated: 394
[f=119.077] Expanded: 232, Generated: 396
[f=118.307] Expanded: 233, Generated: 398
[f=119.460] Expanded: 234, Generated: 400
[f=119.425] Expanded: 235, Generated: 402
[f=119.118] Expanded: 236, Generated: 404
[f=122.411] Expanded: 237, Generated: 406
[f=119.286] Expanded: 238, Generated: 408
[f=120.206] Expanded: 239, Generated: 410
[f=120.150] Expanded: 240, Generated: 412
[f=122.547] Expanded: 241, Generated: 414
[f=127.864] Expanded: 243, Generated: 416
[f=127.905] Expanded: 243, Generated: 417
[f=127.997] Expanded: 243, Generated: 418
[f=125.219] Expanded: 246, Generated: 421
[f=126.926] Expanded: 247, Generated: 422
[f=127.967] Expanded: 248, Generated: 423
[f=128.052] Expanded: 248, Generated: 424
[f=118.034] Expanded: 249, Generated: 426
[f=116.443] Expanded: 250, Generated: 428
[f=120.305] Expanded: 250, Generated: 429
[f=118.759] Expanded: 251, Generated: 431
[f=118.768] Expanded: 252, Generated: 433
[f=118.835] Expanded: 253, Generated: 435
[f=118.847] Expanded: 254, Generated: 437
[f=128.143] Expanded: 254, Generated: 438
[f=121.078] Expanded: 255, Generated: 440
[f=119.802] Expanded: 256, Generated: 442
[f=119.721] Expanded: 257, Generated: 444
[f=120.094] Expanded: 258, Generated: 446
[f=123.197] Expanded: 259, Generated: 448
[f=123.688] Expanded: 261, Generated: 450
[f=126.851] Expanded: 262, Generated: 451
[f=127.985] Expanded: 262, Generated: 452
[f=119.712] Expanded: 263, Generated: 454
[f=120.136] Expanded: 264, Generated: 456
[f=120.862] Expanded: 265, Generated: 458
[f=121.745] Expanded: 266, Generated: 460
[f=120.611] Expanded: 267, Generated: 462
[f=122.252] Expanded: 269, Generated: 464
[f=123.465] Expanded: 270, Generated: 465
[f=125.406] Expanded: 270, Generated: 466
[f=120.907] Expanded: 271, Generated: 468
[f=120.898] Expanded: 272, Generated: 470
[f=120.877] Expanded: 273, Generated: 472
[f=126.215] Expanded: 274, Generated: 474
[f=128.378] Expanded: 274, Generated: 475
[f=120.457] Expanded: 275, Generated: 477
[f=119.675] Expanded: 276, Generated: 479
[f=119.833] Expanded: 277, Generated: 481
[f=120.143] Expanded: 278, Generated: 483
[f=119.940] Expanded: 279, Generated: 485
[f=128.443] Expanded: 280, Generated: 486
[f=121.188] Expanded: 281, Generated: 488
[f=119.101] Expanded: 282, Generated: 490
[f=119.200] Expanded: 283, Generated: 492
[f=119.190] Expanded: 284, Generated: 494
[f=115.443] Expanded: 285, Generated: 496
[f=119.305] Expanded: 285, Generated: 497
[f=117.315] Expanded: 286, Generated: 499
[f=128.659] Expanded: 286, Generated: 500
[f=121.873] Expanded: 287, Generated: 502
[f=119.697] Expanded: 288, Generated: 504
[f=120.779] Expanded: 290, Generated: 506
[f=123.419] Expanded: 291, Generated: 507
[f=124.481] Expanded: 291, Generated: 508
[f=120.547] Expanded: 292, Generated: 510
[f=125.902] Expanded: 293, Generated: 512
[f=119.994] Expanded: 294, Generated: 514
[f=117.315] Expanded: 295, Generated: 516
[f=118.084] Expanded: 298, Generated: 519
[f=121.735] Expanded: 299, Generated: 521
[f=126.723] Expanded: 299, Generated: 522
[f=118.937] Expanded: 301, Generated: 525
[f=123.896] Expanded: 301, Generated: 526
[f=117.601] Expanded: 302, Generated: 528
[f=117.604] Expanded: 303, Generated: 530
[f=128.719] Expanded: 304, Generated: 532
[f=121.646] Expanded: 305, Generated: 534
[f=120.303] Expanded: 306, Generated: 536
[f=121.302] Expanded: 307, Generated: 538
[f=120.977] Expanded: 308, Generated: 540
[f=128.954] Expanded: 308, Generated: 541
[f=128.974] Expanded: 309, Generated: 542
[f=122.884] Expanded: 310, Generated: 544
[f=122.769] Expanded: 311, Generated: 546
[f=122.284] Expanded: 312, Generated: 548
[f=129.025] Expanded: 312, Generated: 549
[f=129.037] Expanded: 312, Generated: 550
[f=129.083] Expanded: 313, Generated: 552
[f=122.876] Expanded: 314, Generated: 554
[f=122.866] Expanded: 315, Generated: 556
[f=122.084] Expanded: 317, Generated: 559
[f=120.595] Expanded: 318, Generated: 561
[f=121.226] Expanded: 319, Generated: 563
[f=120.832] Expanded: 320, Generated: 565
[f=129.248] Expanded: 320, Generated: 566
[f=129.382] Expanded: 320, Generated: 567
[f=129.238] Expanded: 322, Generated: 569
[f=129.238] Expanded: 322, Generated: 570
[f=121.208] Expanded: 323, Generated: 572
[f=121.938] Expanded: 324, Generated: 574
[f=122.031] Expanded: 325, Generated: 576
[f=129.458] Expanded: 325, Generated: 577
[f=129.463] Expanded: 325, Generated: 578
[f=129.543] Expanded: 326, Generated: 579
[f=129.548] Expanded: 327, Generated: 580
[f=129.595] Expanded: 328, Generated: 581
[f=124.848] Expanded: 329, Generated: 583
[f=129.607] Expanded: 329, Generated: 584
[f=129.412] Expanded: 330, Generated: 586
[f=129.464] Expanded: 330, Generated: 587
[f=121.789] Expanded: 331, Generated: 589
[f=120.686] Expanded: 332, Generated: 591
[f=120.806] Expanded: 333, Generated: 593
[f=120.525] Expanded: 334, Generated: 595
[f=126.724] Expanded: 336, Generated: 597
[f=123.632] Expanded: 337, Generated: 599
[f=121.702] Expanded: 338, Generated: 601
[f=123.736] Expanded: 340, Generated: 603
[f=125.505] Expanded: 341, Generated: 604
[f=126.883] Expanded: 341, Generated: 605
[f=122.692] Expanded: 342, Generated: 607
[f=121.860] Expanded: 343, Generated: 609
[f=121.888] Expanded: 344, Generated: 611
[f=120.875] Expanded: 345, Generated: 613
[f=121.428] Expanded: 346, Generated: 615
[f=120.976] Expanded: 347, Generated: 617
[f=121.092] Expanded: 348, Generated: 619
[f=121.383] Expanded: 349, Generated: 621
[f=120.178] Expanded: 350, Generated: 623
[f=120.748] Expanded: 351, Generated: 625
[f=120.806] Expanded: 352, Generated: 627
[f=125.017] Expanded: 353, Generated: 629
[f=129.817] Expanded: 353, Generated: 630
[f=127.597] Expanded: 354, Generated: 632
[f=126.432] Expanded: 357, Generated: 635
[f=129.097] Expanded: 358, Generated: 636
[f=115.640] Expanded: 363, Generated: 641
[f=116.619] Expanded: 363, Generated: 642
[Final] Expanded: 363, Generated: 642
Found a solution of length 94!
   1: (move f5-6f f6-6f)
   2: (pickup f6-6f key1-3)
   3: (move f6-6f f5-6f)
   4: (move f5-6f f4-6f)
   5: (move f4-6f f4-5f)
   6: (pickup-and-loose f4-5f key2-0 key1-3)
   7: (move f4-5f f4-6f)
   8: (unlock f4-6f f4-7f key2-0 shape2)
   9: (move f4-6f f3-6f)
  10: (move f3-6f f3-5f)
  11: (putdown f3-5f key2-0)
  12: (move f3-5f f4-5f)
  13: (pickup f4-5f key1-3)
  14: (move f4-5f f3-5f)
  15: (move f3-5f f3-4f)
  16: (move f3-4f f2-4f)
  17: (move f2-4f f1-4f)
  18: (move f1-4f f1-5f)
  19: (move f1-5f f0-5f)
  20: (putdown f0-5f key1-3)
  21: (move f0-5f f1-5f)
  22: (move f1-5f f1-4f)
  23: (move f1-4f f2-4f)
  24: (move f2-4f f3-4f)
  25: (move f3-4f f3-5f)
  26: (move f3-5f f4-5f)
  27: (move f4-5f f4-6f)
  28: (move f4-6f f4-7f)
  29: (pickup f4-7f key0-2)
  30: (move f4-7f f4-6f)
  31: (move f4-6f f4-5f)
  32: (move f4-5f f3-5f)
  33: (move f3-5f f3-4f)
  34: (move f3-4f f2-4f)
  35: (move f2-4f f2-3f)
  36: (move f2-3f f2-2f)
  37: (move f2-2f f2-1f)
  38: (move f2-1f f2-0f)
  39: (pickup-and-loose f2-0f key1-2 key0-2)
  40: (move f2-0f f1-0f)
  41: (move f1-0f f1-1f)
  42: (putdown f1-1f key1-2)
  43: (move f1-1f f2-1f)
  44: (pickup f2-1f key3-2)
  45: (move f2-1f f2-2f)
  46: (move f2-2f f3-2f)
  47: (unlock f3-2f f4-2f key3-2 shape3)
  48: (move f3-2f f4-2f)
  49: (unlock f4-2f f4-1f key3-2 shape3)
  50: (move f4-2f f4-1f)
  51: (move f4-1f f5-1f)
  52: (move f5-1f f6-1f)
  53: (move f6-1f f6-0f)
  54: (putdown f6-0f key3-2)
  55: (move f6-0f f5-0f)
  56: (move f5-0f f5-1f)
  57: (move f5-1f f4-1f)
  58: (move f4-1f f3-1f)
  59: (move f3-1f f3-0f)
  60: (pickup f3-0f key2-1)
  61: (move f3-0f f3-1f)
  62: (move f3-1f f3-2f)
  63: (move f3-2f f4-2f)
  64: (unlock f4-2f f4-3f key2-1 shape2)
  65: (move f4-2f f4-3f)
  66: (move f4-3f f5-3f)
  67: (move f5-3f f5-4f)
  68: (move f5-4f f5-5f)
  69: (move f5-5f f6-5f)
  70: (move f6-5f f7-5f)
  71: (putdown f7-5f key2-1)
  72: (move f7-5f f6-5f)
  73: (move f6-5f f5-5f)
  74: (move f5-5f f4-5f)
  75: (move f4-5f f4-4f)
  76: (pickup f4-4f key0-0)
  77: (move f4-4f f4-3f)
  78: (move f4-3f f4-2f)
  79: (putdown f4-2f key0-0)
  80: (move f4-2f f4-1f)
  81: (move f4-1f f3-1f)
  82: (move f3-1f f2-1f)
  83: (move f2-1f f2-0f)
  84: (pickup f2-0f key0-2)
  85: (move f2-0f f2-1f)
  86: (move f2-1f f2-2f)
  87: (move f2-2f f2-3f)
  88: (move f2-3f f2-4f)
  89: (move f2-4f f1-4f)
  90: (move f1-4f f1-5f)
  91: (move f1-5f f0-5f)
  92: (move f0-5f f0-6f)
  93: (move f0-6f f0-7f)
  94: (putdown f0-7f key0-2)
