/u/ibrahim.eisawy/Neural-Guided-Search/venv/lib/python3.10/site-packages/pymimir_rgnn/model.py:162: UserWarning: index_reduce() is in beta and the API may change at any time. (Triggered internally at /pytorch/aten/src/ATen/native/cuda/Indexing.cu:1541.)
  exps_max.index_reduce_(0, output_indices, output_messages, reduce="amax", include_self=False)
Torch: 2.12.0+cu130
Loading model... (models/grid_dqn.pth)
Using GPU:  NVIDIA L40S
heuristic_weight = 8.0
Starting Q* search...
[f=425.465] Expanded: 2, Generated: 1
[f=430.797] Expanded: 4, Generated: 3
[f=431.470] Expanded: 4, Generated: 4
[f=431.185] Expanded: 5, Generated: 6
[f=415.263] Expanded: 7, Generated: 8
[f=416.788] Expanded: 8, Generated: 9
[f=408.611] Expanded: 11, Generated: 12
[f=352.744] Expanded: 16, Generated: 17
[f=336.256] Expanded: 18, Generated: 19
[f=343.510] Expanded: 19, Generated: 20
[f=340.572] Expanded: 20, Generated: 22
[f=333.650] Expanded: 21, Generated: 24
[f=341.204] Expanded: 21, Generated: 25
[f=334.633] Expanded: 23, Generated: 27
[f=334.850] Expanded: 23, Generated: 28
[f=313.623] Expanded: 26, Generated: 32
[f=314.055] Expanded: 27, Generated: 33
[f=314.073] Expanded: 28, Generated: 34
[f=315.170] Expanded: 29, Generated: 35
[f=320.836] Expanded: 29, Generated: 36
[f=279.957] Expanded: 33, Generated: 40
[f=274.588] Expanded: 34, Generated: 42
[f=268.438] Expanded: 37, Generated: 45
[f=268.677] Expanded: 38, Generated: 47
[f=284.171] Expanded: 38, Generated: 48
[f=284.192] Expanded: 38, Generated: 49
[f=284.629] Expanded: 39, Generated: 50
[f=284.737] Expanded: 40, Generated: 51
[f=285.487] Expanded: 40, Generated: 52
[f=286.814] Expanded: 40, Generated: 53
[f=264.327] Expanded: 41, Generated: 55
[f=268.077] Expanded: 42, Generated: 56
[f=268.559] Expanded: 43, Generated: 57
[f=269.393] Expanded: 44, Generated: 58
[f=269.502] Expanded: 45, Generated: 59
[f=273.076] Expanded: 45, Generated: 60
[f=269.285] Expanded: 47, Generated: 62
[f=273.398] Expanded: 47, Generated: 63
[f=274.758] Expanded: 47, Generated: 64
[f=274.893] Expanded: 47, Generated: 65
[f=273.240] Expanded: 49, Generated: 67
[f=274.987] Expanded: 49, Generated: 68
[f=275.057] Expanded: 50, Generated: 69
[f=275.550] Expanded: 51, Generated: 70
[f=273.770] Expanded: 53, Generated: 72
[f=276.503] Expanded: 54, Generated: 73
[f=276.679] Expanded: 54, Generated: 74
[f=242.081] Expanded: 56, Generated: 76
[f=236.668] Expanded: 58, Generated: 78
[f=237.448] Expanded: 59, Generated: 79
[f=237.924] Expanded: 59, Generated: 80
[f=241.427] Expanded: 60, Generated: 81
[f=241.829] Expanded: 61, Generated: 82
[f=242.119] Expanded: 62, Generated: 83
[f=243.045] Expanded: 63, Generated: 84
[f=245.358] Expanded: 63, Generated: 85
[f=241.200] Expanded: 65, Generated: 87
[f=241.219] Expanded: 65, Generated: 88
[f=241.569] Expanded: 66, Generated: 90
[f=247.871] Expanded: 66, Generated: 91
[f=248.354] Expanded: 66, Generated: 92
[f=248.689] Expanded: 66, Generated: 93
[f=238.799] Expanded: 68, Generated: 96
[f=238.847] Expanded: 69, Generated: 97
[f=243.941] Expanded: 69, Generated: 98
[f=240.578] Expanded: 70, Generated: 100
[f=244.474] Expanded: 70, Generated: 101
[f=241.746] Expanded: 71, Generated: 103
[f=245.712] Expanded: 71, Generated: 104
[f=245.726] Expanded: 71, Generated: 105
[f=244.397] Expanded: 73, Generated: 107
[f=246.495] Expanded: 73, Generated: 108
[f=246.618] Expanded: 73, Generated: 109
[f=248.964] Expanded: 74, Generated: 110
[f=244.966] Expanded: 75, Generated: 112
[f=243.615] Expanded: 76, Generated: 114
[f=241.941] Expanded: 77, Generated: 116
[f=242.474] Expanded: 77, Generated: 117
[f=239.746] Expanded: 78, Generated: 119
[f=243.712] Expanded: 78, Generated: 120
[f=249.810] Expanded: 78, Generated: 121
[f=244.149] Expanded: 79, Generated: 123
[f=244.195] Expanded: 80, Generated: 124
[f=250.109] Expanded: 80, Generated: 125
[f=249.231] Expanded: 81, Generated: 127
[f=250.519] Expanded: 81, Generated: 128
[f=250.522] Expanded: 81, Generated: 129
[f=249.376] Expanded: 82, Generated: 131
[f=246.496] Expanded: 84, Generated: 133
[f=248.632] Expanded: 84, Generated: 134
[f=248.675] Expanded: 84, Generated: 135
[f=251.149] Expanded: 85, Generated: 136
[f=251.468] Expanded: 85, Generated: 137
[f=251.477] Expanded: 85, Generated: 138
[f=251.545] Expanded: 85, Generated: 139
[f=246.689] Expanded: 86, Generated: 141
[f=242.966] Expanded: 87, Generated: 143
[f=248.522] Expanded: 87, Generated: 144
[f=251.695] Expanded: 87, Generated: 145
[f=251.728] Expanded: 87, Generated: 146
[f=251.752] Expanded: 87, Generated: 147
[f=242.164] Expanded: 89, Generated: 150
[f=247.491] Expanded: 89, Generated: 151
[f=247.567] Expanded: 89, Generated: 152
[f=249.346] Expanded: 89, Generated: 153
[f=245.526] Expanded: 90, Generated: 155
[f=251.884] Expanded: 90, Generated: 156
[f=251.935] Expanded: 90, Generated: 157
[f=245.303] Expanded: 91, Generated: 159
[f=245.463] Expanded: 91, Generated: 160
[f=252.225] Expanded: 91, Generated: 161
[f=246.578] Expanded: 92, Generated: 163
[f=246.610] Expanded: 93, Generated: 164
[f=241.114] Expanded: 94, Generated: 166
[f=241.204] Expanded: 96, Generated: 168
[f=233.346] Expanded: 99, Generated: 171
[f=220.121] Expanded: 102, Generated: 174
[f=172.464] Expanded: 105, Generated: 177
[f=174.584] Expanded: 106, Generated: 178
[f=168.428] Expanded: 107, Generated: 180
[f=172.461] Expanded: 107, Generated: 181
[f=167.778] Expanded: 109, Generated: 183
[f=168.044] Expanded: 109, Generated: 184
[f=170.508] Expanded: 110, Generated: 185
[f=170.583] Expanded: 111, Generated: 186
[f=172.742] Expanded: 112, Generated: 188
[f=166.869] Expanded: 113, Generated: 190
[f=173.124] Expanded: 113, Generated: 191
[f=173.275] Expanded: 113, Generated: 192
[f=173.423] Expanded: 113, Generated: 193
[f=173.358] Expanded: 114, Generated: 195
[f=169.547] Expanded: 115, Generated: 197
[f=176.319] Expanded: 115, Generated: 198
[f=165.247] Expanded: 118, Generated: 201
[f=151.884] Expanded: 121, Generated: 205
[f=164.304] Expanded: 122, Generated: 206
[f=165.940] Expanded: 123, Generated: 207
[f=166.407] Expanded: 124, Generated: 208
[f=166.595] Expanded: 125, Generated: 209
[f=162.182] Expanded: 126, Generated: 211
[f=166.667] Expanded: 126, Generated: 212
[f=156.736] Expanded: 127, Generated: 214
[f=164.341] Expanded: 128, Generated: 215
[f=168.149] Expanded: 128, Generated: 216
[f=168.464] Expanded: 129, Generated: 217
[f=168.519] Expanded: 130, Generated: 218
[f=168.585] Expanded: 130, Generated: 219
[f=168.957] Expanded: 130, Generated: 220
[f=153.543] Expanded: 133, Generated: 224
[f=165.951] Expanded: 134, Generated: 225
[f=167.575] Expanded: 135, Generated: 226
[f=168.041] Expanded: 136, Generated: 227
[f=168.158] Expanded: 137, Generated: 228
[f=164.146] Expanded: 138, Generated: 230
[f=168.672] Expanded: 138, Generated: 231
[f=158.375] Expanded: 139, Generated: 233
[f=166.004] Expanded: 140, Generated: 234
[f=169.125] Expanded: 141, Generated: 235
[f=168.466] Expanded: 142, Generated: 237
[f=169.366] Expanded: 142, Generated: 238
[f=169.468] Expanded: 143, Generated: 239
[f=169.586] Expanded: 144, Generated: 240
[f=170.248] Expanded: 144, Generated: 241
[f=170.258] Expanded: 144, Generated: 242
[f=170.354] Expanded: 144, Generated: 243
[f=170.461] Expanded: 145, Generated: 244
[f=170.501] Expanded: 145, Generated: 245
[f=170.533] Expanded: 145, Generated: 246
[f=162.214] Expanded: 146, Generated: 248
[f=166.592] Expanded: 148, Generated: 250
[f=168.726] Expanded: 148, Generated: 251
[f=169.202] Expanded: 148, Generated: 252
[f=170.154] Expanded: 149, Generated: 253
[f=170.767] Expanded: 149, Generated: 254
[f=170.768] Expanded: 150, Generated: 255
[f=170.859] Expanded: 151, Generated: 256
[f=167.149] Expanded: 152, Generated: 258
[f=170.780] Expanded: 152, Generated: 259
[f=171.359] Expanded: 152, Generated: 260
[f=171.405] Expanded: 153, Generated: 261
[f=170.277] Expanded: 154, Generated: 263
[f=171.579] Expanded: 154, Generated: 264
[f=171.718] Expanded: 154, Generated: 265
[f=171.844] Expanded: 155, Generated: 266
[f=168.927] Expanded: 156, Generated: 268
[f=169.465] Expanded: 157, Generated: 269
[f=172.397] Expanded: 157, Generated: 270
[f=142.847] Expanded: 163, Generated: 276
[f=139.726] Expanded: 165, Generated: 278
[f=145.744] Expanded: 165, Generated: 279
[f=143.614] Expanded: 167, Generated: 281
[f=141.109] Expanded: 169, Generated: 283
[f=137.577] Expanded: 171, Generated: 285
[f=137.585] Expanded: 172, Generated: 286
[f=137.848] Expanded: 173, Generated: 287
[f=140.933] Expanded: 173, Generated: 288
[f=141.286] Expanded: 173, Generated: 289
[f=141.866] Expanded: 174, Generated: 290
[f=140.266] Expanded: 175, Generated: 292
[f=142.500] Expanded: 175, Generated: 293
[f=142.679] Expanded: 175, Generated: 294
[f=140.679] Expanded: 176, Generated: 296
[f=143.350] Expanded: 177, Generated: 297
[f=141.328] Expanded: 178, Generated: 299
[f=141.333] Expanded: 179, Generated: 300
[f=142.239] Expanded: 180, Generated: 302
[f=144.395] Expanded: 180, Generated: 303
[f=145.190] Expanded: 180, Generated: 304
[f=143.208] Expanded: 181, Generated: 306
[f=139.552] Expanded: 182, Generated: 308
[f=140.206] Expanded: 183, Generated: 309
[f=140.918] Expanded: 184, Generated: 310
[f=145.546] Expanded: 184, Generated: 311
[f=145.838] Expanded: 184, Generated: 312
[f=145.957] Expanded: 184, Generated: 313
[f=142.270] Expanded: 186, Generated: 315
[f=138.473] Expanded: 188, Generated: 317
[f=138.488] Expanded: 189, Generated: 318
[f=138.877] Expanded: 190, Generated: 319
[f=141.900] Expanded: 190, Generated: 320
[f=142.212] Expanded: 190, Generated: 321
[f=142.673] Expanded: 191, Generated: 322
[f=141.687] Expanded: 192, Generated: 324
[f=141.845] Expanded: 193, Generated: 326
[f=140.198] Expanded: 194, Generated: 328
[f=142.704] Expanded: 194, Generated: 329
[f=144.031] Expanded: 195, Generated: 330
[f=144.463] Expanded: 196, Generated: 331
[f=142.475] Expanded: 197, Generated: 333
[f=142.498] Expanded: 198, Generated: 334
[f=144.468] Expanded: 199, Generated: 336
[f=145.458] Expanded: 199, Generated: 337
[f=146.212] Expanded: 199, Generated: 338
[f=146.448] Expanded: 199, Generated: 339
[f=144.028] Expanded: 200, Generated: 341
[f=140.420] Expanded: 201, Generated: 343
[f=141.067] Expanded: 202, Generated: 344
[f=141.722] Expanded: 203, Generated: 345
[f=146.636] Expanded: 203, Generated: 346
[f=146.798] Expanded: 203, Generated: 347
[f=146.822] Expanded: 203, Generated: 348
[f=146.919] Expanded: 204, Generated: 349
[f=131.943] Expanded: 205, Generated: 351
[f=138.055] Expanded: 206, Generated: 352
[f=138.082] Expanded: 206, Generated: 353
[f=147.083] Expanded: 206, Generated: 354
[f=144.289] Expanded: 207, Generated: 356
[f=147.468] Expanded: 207, Generated: 357
[f=132.733] Expanded: 208, Generated: 359
[f=138.864] Expanded: 208, Generated: 360
[f=138.957] Expanded: 209, Generated: 361
[f=145.632] Expanded: 210, Generated: 363
[f=148.159] Expanded: 210, Generated: 364
[f=148.190] Expanded: 211, Generated: 365
[f=144.425] Expanded: 212, Generated: 367
[f=148.316] Expanded: 212, Generated: 368
[f=148.369] Expanded: 212, Generated: 369
[f=141.023] Expanded: 213, Generated: 371
[f=142.071] Expanded: 214, Generated: 373
[f=140.974] Expanded: 215, Generated: 375
[f=145.084] Expanded: 215, Generated: 376
[f=146.108] Expanded: 215, Generated: 377
[f=142.659] Expanded: 217, Generated: 379
[f=145.614] Expanded: 218, Generated: 380
[f=145.740] Expanded: 219, Generated: 381
[f=147.503] Expanded: 220, Generated: 382
[f=147.546] Expanded: 221, Generated: 383
[f=147.981] Expanded: 221, Generated: 384
[f=148.581] Expanded: 221, Generated: 385
[f=141.071] Expanded: 222, Generated: 387
[f=144.084] Expanded: 222, Generated: 388
[f=145.108] Expanded: 222, Generated: 389
[f=142.789] Expanded: 224, Generated: 391
[f=146.624] Expanded: 225, Generated: 392
[f=146.720] Expanded: 226, Generated: 393
[f=147.606] Expanded: 227, Generated: 394
[f=148.567] Expanded: 228, Generated: 395
[f=148.772] Expanded: 228, Generated: 396
[f=148.834] Expanded: 228, Generated: 397
[f=148.935] Expanded: 228, Generated: 398
[f=146.947] Expanded: 229, Generated: 400
[f=148.721] Expanded: 229, Generated: 401
[f=143.223] Expanded: 230, Generated: 403
[f=145.643] Expanded: 231, Generated: 405
[f=144.947] Expanded: 232, Generated: 407
[f=146.721] Expanded: 232, Generated: 408
[f=149.122] Expanded: 232, Generated: 409
[f=149.157] Expanded: 232, Generated: 410
[f=149.162] Expanded: 232, Generated: 411
[f=149.235] Expanded: 232, Generated: 412
[f=148.495] Expanded: 233, Generated: 414
[f=148.654] Expanded: 233, Generated: 415
[f=149.243] Expanded: 233, Generated: 416
[f=140.797] Expanded: 234, Generated: 418
[f=149.361] Expanded: 234, Generated: 419
[f=149.381] Expanded: 234, Generated: 420
[f=141.646] Expanded: 235, Generated: 422
[f=142.698] Expanded: 236, Generated: 424
[f=141.549] Expanded: 237, Generated: 426
[f=145.684] Expanded: 237, Generated: 427
[f=146.728] Expanded: 237, Generated: 428
[f=144.339] Expanded: 239, Generated: 430
[f=148.196] Expanded: 240, Generated: 431
[f=148.248] Expanded: 241, Generated: 432
[f=148.280] Expanded: 242, Generated: 434
[f=145.782] Expanded: 244, Generated: 436
[f=141.698] Expanded: 245, Generated: 438
[f=144.684] Expanded: 245, Generated: 439
[f=145.728] Expanded: 245, Generated: 440
[f=144.782] Expanded: 247, Generated: 442
[f=148.806] Expanded: 248, Generated: 443
[f=148.881] Expanded: 249, Generated: 444
[f=149.369] Expanded: 250, Generated: 446
[f=149.719] Expanded: 250, Generated: 447
[f=149.789] Expanded: 250, Generated: 448
[f=149.793] Expanded: 250, Generated: 449
[f=146.908] Expanded: 251, Generated: 451
[f=147.322] Expanded: 251, Generated: 452
[f=146.736] Expanded: 252, Generated: 454
[f=149.962] Expanded: 253, Generated: 455
[f=139.974] Expanded: 254, Generated: 457
[f=148.162] Expanded: 254, Generated: 458
[f=148.235] Expanded: 254, Generated: 459
[f=149.951] Expanded: 255, Generated: 460
[f=150.047] Expanded: 256, Generated: 461
[f=150.143] Expanded: 257, Generated: 462
[f=143.213] Expanded: 258, Generated: 464
[f=144.279] Expanded: 259, Generated: 466
[f=142.855] Expanded: 260, Generated: 468
[f=147.370] Expanded: 260, Generated: 469
[f=148.425] Expanded: 260, Generated: 470
[f=143.279] Expanded: 261, Generated: 472
[f=146.370] Expanded: 261, Generated: 473
[f=147.425] Expanded: 261, Generated: 474
[f=140.501] Expanded: 262, Generated: 476
[f=142.708] Expanded: 262, Generated: 477
[f=149.351] Expanded: 263, Generated: 479
[f=149.373] Expanded: 263, Generated: 480
[f=150.321] Expanded: 263, Generated: 481
[f=150.329] Expanded: 263, Generated: 482
[f=150.386] Expanded: 263, Generated: 483
[f=150.426] Expanded: 263, Generated: 484
[f=150.660] Expanded: 263, Generated: 485
[f=150.664] Expanded: 264, Generated: 486
[f=150.766] Expanded: 265, Generated: 487
[f=150.769] Expanded: 266, Generated: 488
[f=148.538] Expanded: 267, Generated: 490
[f=150.314] Expanded: 267, Generated: 491
[f=141.760] Expanded: 269, Generated: 493
[f=145.353] Expanded: 270, Generated: 494
[f=145.439] Expanded: 271, Generated: 495
[f=145.852] Expanded: 272, Generated: 497
[f=147.078] Expanded: 273, Generated: 498
[f=146.954] Expanded: 275, Generated: 500
[f=148.762] Expanded: 275, Generated: 501
[f=150.050] Expanded: 275, Generated: 502
[f=150.330] Expanded: 276, Generated: 503
[f=150.538] Expanded: 276, Generated: 504
[f=140.549] Expanded: 277, Generated: 506
[f=148.719] Expanded: 277, Generated: 507
[f=148.793] Expanded: 277, Generated: 508
[f=150.467] Expanded: 278, Generated: 509
[f=150.897] Expanded: 278, Generated: 510
[f=142.270] Expanded: 280, Generated: 512
[f=146.143] Expanded: 281, Generated: 513
[f=146.207] Expanded: 282, Generated: 514
[f=146.963] Expanded: 283, Generated: 515
[f=146.991] Expanded: 283, Generated: 516
[f=147.858] Expanded: 284, Generated: 517
[f=146.954] Expanded: 286, Generated: 519
[f=149.283] Expanded: 286, Generated: 520
[f=150.049] Expanded: 286, Generated: 521
[f=150.331] Expanded: 287, Generated: 522
[f=150.535] Expanded: 287, Generated: 523
[f=150.900] Expanded: 287, Generated: 524
[f=148.555] Expanded: 288, Generated: 526
[f=151.053] Expanded: 288, Generated: 527
[f=143.743] Expanded: 289, Generated: 529
[f=144.805] Expanded: 290, Generated: 531
[f=147.857] Expanded: 290, Generated: 532
[f=143.276] Expanded: 291, Generated: 534
[f=148.937] Expanded: 291, Generated: 535
[f=143.805] Expanded: 292, Generated: 537
[f=146.857] Expanded: 292, Generated: 538
[f=147.937] Expanded: 292, Generated: 539
[f=148.252] Expanded: 293, Generated: 541
[f=148.734] Expanded: 293, Generated: 542
[f=151.159] Expanded: 293, Generated: 543
[f=151.162] Expanded: 293, Generated: 544
[f=148.852] Expanded: 295, Generated: 546
[f=148.481] Expanded: 296, Generated: 548
[f=149.162] Expanded: 296, Generated: 549
[f=149.970] Expanded: 297, Generated: 551
[f=148.512] Expanded: 299, Generated: 553
[f=151.234] Expanded: 299, Generated: 554
[f=143.616] Expanded: 301, Generated: 556
[f=147.298] Expanded: 302, Generated: 557
[f=147.357] Expanded: 303, Generated: 558
[f=147.623] Expanded: 304, Generated: 559
[f=148.047] Expanded: 305, Generated: 560
[f=146.345] Expanded: 306, Generated: 562
[f=148.993] Expanded: 307, Generated: 563
[f=149.558] Expanded: 307, Generated: 564
[f=150.696] Expanded: 307, Generated: 565
[f=151.307] Expanded: 307, Generated: 566
[f=151.361] Expanded: 307, Generated: 567
[f=144.353] Expanded: 309, Generated: 569
[f=147.975] Expanded: 310, Generated: 570
[f=147.631] Expanded: 312, Generated: 572
[f=148.050] Expanded: 313, Generated: 573
[f=147.692] Expanded: 314, Generated: 575
[f=149.560] Expanded: 314, Generated: 576
[f=149.654] Expanded: 315, Generated: 577
[f=141.855] Expanded: 316, Generated: 579
[f=150.234] Expanded: 316, Generated: 580
[f=150.307] Expanded: 316, Generated: 581
[f=150.592] Expanded: 317, Generated: 583
[f=150.600] Expanded: 318, Generated: 585
[f=151.430] Expanded: 319, Generated: 586
[f=151.451] Expanded: 319, Generated: 587
[f=149.884] Expanded: 320, Generated: 589
[f=138.266] Expanded: 323, Generated: 593
[f=144.908] Expanded: 324, Generated: 595
[f=145.322] Expanded: 324, Generated: 596
[f=150.576] Expanded: 324, Generated: 597
[f=151.114] Expanded: 324, Generated: 598
[f=151.195] Expanded: 324, Generated: 599
[f=151.480] Expanded: 324, Generated: 600
[f=151.517] Expanded: 324, Generated: 601
[f=151.588] Expanded: 324, Generated: 602
[f=151.591] Expanded: 324, Generated: 603
[f=151.640] Expanded: 324, Generated: 604
[f=148.100] Expanded: 326, Generated: 607
[f=148.239] Expanded: 327, Generated: 609
[f=151.659] Expanded: 327, Generated: 610
[f=151.664] Expanded: 327, Generated: 611
[f=151.671] Expanded: 327, Generated: 612
[f=151.673] Expanded: 327, Generated: 613
[f=151.713] Expanded: 327, Generated: 614
[f=150.089] Expanded: 328, Generated: 616
[f=151.844] Expanded: 328, Generated: 617
[f=128.975] Expanded: 332, Generated: 621
[f=131.259] Expanded: 332, Generated: 622
[f=110.710] Expanded: 337, Generated: 627
[f=111.519] Expanded: 338, Generated: 629
[f=111.791] Expanded: 340, Generated: 631
[f=115.094] Expanded: 340, Generated: 632
[f=116.668] Expanded: 341, Generated: 633
[f=119.503] Expanded: 342, Generated: 634
[f=120.150] Expanded: 343, Generated: 636
[f=117.710] Expanded: 344, Generated: 638
[f=121.841] Expanded: 344, Generated: 639
[f=122.572] Expanded: 344, Generated: 640
[f=116.455] Expanded: 345, Generated: 642
[f=122.757] Expanded: 345, Generated: 643
[f=122.759] Expanded: 345, Generated: 644
[f=123.219] Expanded: 345, Generated: 645
[f=123.432] Expanded: 345, Generated: 646
[f=118.604] Expanded: 346, Generated: 648
[f=113.562] Expanded: 347, Generated: 650
[f=114.110] Expanded: 349, Generated: 652
[f=114.603] Expanded: 351, Generated: 654
[f=118.506] Expanded: 351, Generated: 655
[f=120.562] Expanded: 351, Generated: 656
[f=120.918] Expanded: 351, Generated: 657
[f=120.939] Expanded: 351, Generated: 658
[f=121.140] Expanded: 352, Generated: 659
[f=123.335] Expanded: 353, Generated: 660
[f=123.474] Expanded: 353, Generated: 661
[f=113.257] Expanded: 354, Generated: 663
[f=114.169] Expanded: 355, Generated: 665
[f=115.445] Expanded: 357, Generated: 667
[f=121.220] Expanded: 357, Generated: 668
[f=123.158] Expanded: 358, Generated: 669
[f=124.051] Expanded: 358, Generated: 670
[f=115.676] Expanded: 359, Generated: 672
[f=113.935] Expanded: 360, Generated: 674
[f=115.220] Expanded: 362, Generated: 676
[f=121.517] Expanded: 362, Generated: 677
[f=123.428] Expanded: 363, Generated: 678
[f=124.281] Expanded: 363, Generated: 679
[f=113.638] Expanded: 364, Generated: 681
[f=114.818] Expanded: 366, Generated: 683
[f=121.277] Expanded: 366, Generated: 684
[f=123.461] Expanded: 367, Generated: 685
[f=124.677] Expanded: 367, Generated: 686
[f=124.700] Expanded: 367, Generated: 687
[f=119.381] Expanded: 368, Generated: 689
[f=114.022] Expanded: 369, Generated: 691
[f=114.803] Expanded: 371, Generated: 693
[f=121.737] Expanded: 371, Generated: 694
[f=123.788] Expanded: 372, Generated: 695
[f=118.855] Expanded: 373, Generated: 697
[f=118.911] Expanded: 373, Generated: 698
[f=115.342] Expanded: 374, Generated: 700
[f=115.123] Expanded: 375, Generated: 702
[f=114.840] Expanded: 376, Generated: 704
[f=116.260] Expanded: 378, Generated: 706
[f=122.442] Expanded: 378, Generated: 707
[f=123.540] Expanded: 379, Generated: 708
[f=125.312] Expanded: 379, Generated: 709
[f=114.848] Expanded: 380, Generated: 711
[f=115.576] Expanded: 382, Generated: 713
[f=122.572] Expanded: 382, Generated: 714
[f=123.944] Expanded: 382, Generated: 715
[f=114.756] Expanded: 383, Generated: 717
[f=115.677] Expanded: 385, Generated: 719
[f=122.609] Expanded: 385, Generated: 720
[f=123.928] Expanded: 386, Generated: 721
[f=125.628] Expanded: 386, Generated: 722
[f=119.211] Expanded: 387, Generated: 724
[f=122.261] Expanded: 388, Generated: 726
[f=117.018] Expanded: 389, Generated: 728
[f=118.112] Expanded: 391, Generated: 730
[f=121.284] Expanded: 391, Generated: 731
[f=123.346] Expanded: 391, Generated: 732
[f=115.105] Expanded: 394, Generated: 735
[f=114.802] Expanded: 395, Generated: 737
[f=122.792] Expanded: 396, Generated: 738
[f=126.248] Expanded: 396, Generated: 739
[f=117.258] Expanded: 397, Generated: 741
[f=118.515] Expanded: 399, Generated: 743
[f=124.323] Expanded: 399, Generated: 744
[f=126.427] Expanded: 400, Generated: 745
[f=126.563] Expanded: 400, Generated: 746
[f=121.193] Expanded: 401, Generated: 748
[f=121.703] Expanded: 401, Generated: 749
[f=126.678] Expanded: 401, Generated: 750
[f=122.018] Expanded: 402, Generated: 752
[f=117.839] Expanded: 403, Generated: 754
[f=121.179] Expanded: 404, Generated: 756
[f=126.068] Expanded: 404, Generated: 757
[f=127.003] Expanded: 404, Generated: 758
[f=127.092] Expanded: 404, Generated: 759
[f=122.374] Expanded: 405, Generated: 761
[f=117.120] Expanded: 406, Generated: 763
[f=127.164] Expanded: 406, Generated: 764
[f=116.835] Expanded: 407, Generated: 766
[f=117.961] Expanded: 409, Generated: 768
[f=124.384] Expanded: 409, Generated: 769
[f=126.788] Expanded: 410, Generated: 770
[f=122.122] Expanded: 411, Generated: 772
[f=127.237] Expanded: 411, Generated: 773
[f=127.295] Expanded: 411, Generated: 774
[f=127.313] Expanded: 411, Generated: 775
[f=127.368] Expanded: 411, Generated: 776
[f=122.056] Expanded: 412, Generated: 778
[f=127.421] Expanded: 412, Generated: 779
[f=127.439] Expanded: 412, Generated: 780
[f=114.785] Expanded: 415, Generated: 783
[f=122.807] Expanded: 416, Generated: 784
[f=121.216] Expanded: 417, Generated: 786
[f=126.079] Expanded: 417, Generated: 787
[f=127.163] Expanded: 417, Generated: 788
[f=117.399] Expanded: 418, Generated: 790
[f=121.795] Expanded: 419, Generated: 792
[f=126.552] Expanded: 419, Generated: 793
[f=118.000] Expanded: 420, Generated: 795
[f=118.832] Expanded: 422, Generated: 797
[f=119.088] Expanded: 423, Generated: 799
[f=122.466] Expanded: 423, Generated: 800
[f=124.930] Expanded: 423, Generated: 801
[f=124.951] Expanded: 423, Generated: 802
[f=125.026] Expanded: 423, Generated: 803
[f=127.219] Expanded: 424, Generated: 804
[f=117.329] Expanded: 425, Generated: 806
[f=118.439] Expanded: 427, Generated: 808
[f=121.239] Expanded: 427, Generated: 809
[f=123.827] Expanded: 427, Generated: 810
[f=127.538] Expanded: 427, Generated: 811
[f=121.106] Expanded: 428, Generated: 813
[f=118.523] Expanded: 429, Generated: 815
[f=121.826] Expanded: 430, Generated: 817
[f=122.299] Expanded: 430, Generated: 818
[f=127.730] Expanded: 430, Generated: 819
[f=122.159] Expanded: 431, Generated: 821
[f=126.868] Expanded: 431, Generated: 822
[f=127.751] Expanded: 431, Generated: 823
[f=121.010] Expanded: 432, Generated: 825
[f=117.927] Expanded: 433, Generated: 827
[f=117.445] Expanded: 434, Generated: 829
[f=118.138] Expanded: 436, Generated: 831
[f=118.483] Expanded: 437, Generated: 833
[f=122.455] Expanded: 437, Generated: 834
[f=124.477] Expanded: 437, Generated: 835
[f=124.923] Expanded: 437, Generated: 836
[f=124.943] Expanded: 437, Generated: 837
[f=127.485] Expanded: 438, Generated: 838
[f=127.812] Expanded: 438, Generated: 839
[f=122.942] Expanded: 439, Generated: 841
[f=127.891] Expanded: 439, Generated: 842
[f=122.661] Expanded: 440, Generated: 844
[f=122.807] Expanded: 440, Generated: 845
[f=117.128] Expanded: 441, Generated: 847
[f=127.957] Expanded: 441, Generated: 848
[f=121.659] Expanded: 442, Generated: 850
[f=126.175] Expanded: 444, Generated: 852
[f=127.620] Expanded: 444, Generated: 853
[f=127.973] Expanded: 445, Generated: 854
[f=117.023] Expanded: 446, Generated: 856
[f=117.964] Expanded: 447, Generated: 858
[f=128.047] Expanded: 447, Generated: 859
[f=122.346] Expanded: 448, Generated: 861
[f=126.812] Expanded: 448, Generated: 862
[f=127.773] Expanded: 448, Generated: 863
[f=128.087] Expanded: 448, Generated: 864
[f=128.100] Expanded: 448, Generated: 865
[f=128.101] Expanded: 448, Generated: 866
[f=122.281] Expanded: 449, Generated: 868
[f=122.440] Expanded: 449, Generated: 869
[f=128.155] Expanded: 449, Generated: 870
[f=128.213] Expanded: 449, Generated: 871
[f=122.151] Expanded: 450, Generated: 873
[f=122.308] Expanded: 450, Generated: 874
[f=128.234] Expanded: 450, Generated: 875
[f=128.234] Expanded: 450, Generated: 876
[f=117.173] Expanded: 451, Generated: 878
[f=118.926] Expanded: 452, Generated: 880
[f=122.353] Expanded: 453, Generated: 882
[f=122.838] Expanded: 454, Generated: 884
[f=117.693] Expanded: 455, Generated: 886
[f=118.945] Expanded: 457, Generated: 888
[f=125.349] Expanded: 457, Generated: 889
[f=126.806] Expanded: 458, Generated: 890
[f=128.290] Expanded: 458, Generated: 891
[f=117.825] Expanded: 459, Generated: 893
[f=119.213] Expanded: 461, Generated: 895
[f=125.352] Expanded: 461, Generated: 896
[f=126.978] Expanded: 462, Generated: 897
[f=122.693] Expanded: 463, Generated: 899
[f=118.260] Expanded: 464, Generated: 901
[f=128.380] Expanded: 465, Generated: 902
[f=122.827] Expanded: 466, Generated: 904
[f=127.234] Expanded: 466, Generated: 905
[f=128.094] Expanded: 466, Generated: 906
[f=123.379] Expanded: 467, Generated: 908
[f=118.124] Expanded: 468, Generated: 910
[f=121.517] Expanded: 469, Generated: 912
[f=128.445] Expanded: 469, Generated: 913
[f=128.449] Expanded: 469, Generated: 914
[f=128.461] Expanded: 469, Generated: 915
[f=124.405] Expanded: 470, Generated: 917
[f=124.723] Expanded: 470, Generated: 918
[f=116.567] Expanded: 473, Generated: 921
[f=117.522] Expanded: 474, Generated: 923
[f=117.709] Expanded: 476, Generated: 925
[f=120.767] Expanded: 476, Generated: 926
[f=122.870] Expanded: 477, Generated: 927
[f=125.113] Expanded: 478, Generated: 928
[f=127.196] Expanded: 478, Generated: 929
[f=126.260] Expanded: 479, Generated: 931
[f=127.985] Expanded: 479, Generated: 932
[f=117.586] Expanded: 480, Generated: 934
[f=122.837] Expanded: 481, Generated: 936
[f=117.558] Expanded: 482, Generated: 938
[f=117.421] Expanded: 483, Generated: 940
[f=121.185] Expanded: 484, Generated: 942
[f=128.592] Expanded: 484, Generated: 943
[f=128.599] Expanded: 484, Generated: 944
[f=117.843] Expanded: 485, Generated: 946
[f=118.413] Expanded: 487, Generated: 948
[f=125.416] Expanded: 487, Generated: 949
[f=127.129] Expanded: 488, Generated: 950
[f=117.956] Expanded: 489, Generated: 952
[f=118.458] Expanded: 491, Generated: 954
[f=125.428] Expanded: 491, Generated: 955
[f=127.029] Expanded: 492, Generated: 956
[f=118.177] Expanded: 493, Generated: 958
[f=118.422] Expanded: 494, Generated: 960
[f=119.663] Expanded: 496, Generated: 962
[f=125.563] Expanded: 496, Generated: 963
[f=127.599] Expanded: 497, Generated: 964
[f=128.643] Expanded: 497, Generated: 965
[f=122.543] Expanded: 498, Generated: 967
[f=123.378] Expanded: 499, Generated: 969
[f=117.413] Expanded: 502, Generated: 972
[f=118.521] Expanded: 503, Generated: 974
[f=124.416] Expanded: 503, Generated: 975
[f=126.129] Expanded: 504, Generated: 976
[f=128.201] Expanded: 504, Generated: 977
[f=128.813] Expanded: 504, Generated: 978
[f=128.817] Expanded: 505, Generated: 979
[f=123.350] Expanded: 506, Generated: 981
[f=123.710] Expanded: 506, Generated: 982
[f=118.171] Expanded: 507, Generated: 984
[f=118.762] Expanded: 508, Generated: 986
[f=125.604] Expanded: 508, Generated: 987
[f=125.259] Expanded: 509, Generated: 989
[f=125.374] Expanded: 509, Generated: 990
[f=117.865] Expanded: 510, Generated: 992
[f=118.744] Expanded: 512, Generated: 994
[f=125.497] Expanded: 512, Generated: 995
[f=127.188] Expanded: 513, Generated: 996
[f=119.794] Expanded: 514, Generated: 998
[f=120.900] Expanded: 516, Generated: 1000
[f=126.379] Expanded: 516, Generated: 1001
[f=128.599] Expanded: 517, Generated: 1002
[f=117.890] Expanded: 518, Generated: 1004
[f=118.658] Expanded: 520, Generated: 1006
[f=125.573] Expanded: 520, Generated: 1007
[f=127.192] Expanded: 521, Generated: 1008
[f=122.926] Expanded: 522, Generated: 1010
[f=122.414] Expanded: 523, Generated: 1012
[f=118.420] Expanded: 524, Generated: 1014
[f=129.033] Expanded: 524, Generated: 1015
[f=122.729] Expanded: 525, Generated: 1017
[f=127.540] Expanded: 526, Generated: 1019
[f=118.403] Expanded: 527, Generated: 1021
[f=119.098] Expanded: 528, Generated: 1023
[f=125.710] Expanded: 528, Generated: 1024
[f=118.105] Expanded: 529, Generated: 1026
[f=118.772] Expanded: 531, Generated: 1028
[f=125.665] Expanded: 531, Generated: 1029
[f=127.599] Expanded: 532, Generated: 1030
[f=129.117] Expanded: 532, Generated: 1031
[f=122.865] Expanded: 533, Generated: 1033
[f=129.121] Expanded: 534, Generated: 1034
[f=129.122] Expanded: 534, Generated: 1035
[f=129.196] Expanded: 535, Generated: 1036
[f=127.808] Expanded: 536, Generated: 1038
[f=127.838] Expanded: 537, Generated: 1039
[f=127.849] Expanded: 537, Generated: 1040
[f=128.057] Expanded: 538, Generated: 1041
[f=128.360] Expanded: 538, Generated: 1042
[f=119.599] Expanded: 539, Generated: 1044
[f=122.633] Expanded: 540, Generated: 1046
[f=115.251] Expanded: 541, Generated: 1048
[f=115.713] Expanded: 543, Generated: 1050
[f=116.203] Expanded: 545, Generated: 1052
[f=120.228] Expanded: 545, Generated: 1053
[f=122.203] Expanded: 545, Generated: 1054
[f=122.696] Expanded: 545, Generated: 1055
[f=122.716] Expanded: 545, Generated: 1056
[f=122.736] Expanded: 546, Generated: 1057
[f=125.160] Expanded: 547, Generated: 1058
[f=115.957] Expanded: 548, Generated: 1060
[f=116.656] Expanded: 550, Generated: 1062
[f=123.240] Expanded: 550, Generated: 1063
[f=125.615] Expanded: 550, Generated: 1064
[f=115.975] Expanded: 551, Generated: 1066
[f=116.746] Expanded: 553, Generated: 1068
[f=123.299] Expanded: 553, Generated: 1069
[f=125.679] Expanded: 554, Generated: 1070
[f=116.158] Expanded: 555, Generated: 1072
[f=117.500] Expanded: 557, Generated: 1074
[f=121.258] Expanded: 557, Generated: 1075
[f=122.319] Expanded: 558, Generated: 1076
[f=125.495] Expanded: 559, Generated: 1078
[f=123.278] Expanded: 560, Generated: 1080
[f=127.351] Expanded: 560, Generated: 1081
[f=126.002] Expanded: 561, Generated: 1083
[f=127.432] Expanded: 561, Generated: 1084
[f=116.847] Expanded: 562, Generated: 1086
[f=116.938] Expanded: 563, Generated: 1088
[f=128.254] Expanded: 563, Generated: 1089
[f=128.515] Expanded: 563, Generated: 1090
[f=122.022] Expanded: 564, Generated: 1092
[f=122.261] Expanded: 564, Generated: 1093
[f=123.321] Expanded: 565, Generated: 1095
[f=118.304] Expanded: 566, Generated: 1097
[f=120.018] Expanded: 568, Generated: 1099
[f=123.481] Expanded: 568, Generated: 1100
[f=125.648] Expanded: 569, Generated: 1101
[f=123.152] Expanded: 570, Generated: 1103
[f=119.307] Expanded: 571, Generated: 1105
[f=121.961] Expanded: 572, Generated: 1107
[f=122.003] Expanded: 572, Generated: 1108
[f=128.687] Expanded: 572, Generated: 1109
[f=128.743] Expanded: 572, Generated: 1110
[f=118.398] Expanded: 575, Generated: 1113
[f=119.157] Expanded: 576, Generated: 1115
[f=119.661] Expanded: 578, Generated: 1117
[f=122.959] Expanded: 578, Generated: 1118
[f=125.361] Expanded: 579, Generated: 1119
[f=127.177] Expanded: 580, Generated: 1120
[f=123.091] Expanded: 581, Generated: 1122
[f=119.296] Expanded: 582, Generated: 1124
[f=123.514] Expanded: 583, Generated: 1126
[f=123.923] Expanded: 583, Generated: 1127
[f=123.010] Expanded: 584, Generated: 1129
[f=119.099] Expanded: 585, Generated: 1131
[f=123.947] Expanded: 586, Generated: 1133
[f=118.842] Expanded: 589, Generated: 1136
[f=118.766] Expanded: 590, Generated: 1138
[f=126.638] Expanded: 591, Generated: 1139
[f=122.506] Expanded: 592, Generated: 1141
[f=118.993] Expanded: 593, Generated: 1143
[f=120.016] Expanded: 594, Generated: 1145
[f=126.477] Expanded: 594, Generated: 1146
[f=123.111] Expanded: 595, Generated: 1148
[f=129.350] Expanded: 595, Generated: 1149
[f=129.351] Expanded: 595, Generated: 1150
[f=129.369] Expanded: 595, Generated: 1151
[f=128.475] Expanded: 597, Generated: 1154
[f=129.037] Expanded: 597, Generated: 1155
[f=129.358] Expanded: 598, Generated: 1156
[f=128.719] Expanded: 599, Generated: 1158
[f=129.194] Expanded: 599, Generated: 1159
[f=129.279] Expanded: 600, Generated: 1160
[f=122.186] Expanded: 601, Generated: 1162
[f=121.633] Expanded: 602, Generated: 1164
[f=115.158] Expanded: 603, Generated: 1166
[f=116.500] Expanded: 605, Generated: 1168
[f=120.258] Expanded: 605, Generated: 1169
[f=121.319] Expanded: 606, Generated: 1170
[f=124.495] Expanded: 607, Generated: 1172
[f=122.278] Expanded: 608, Generated: 1174
[f=126.351] Expanded: 608, Generated: 1175
[f=126.432] Expanded: 608, Generated: 1176
[f=115.847] Expanded: 609, Generated: 1178
[f=115.938] Expanded: 610, Generated: 1180
[f=127.254] Expanded: 610, Generated: 1181
[f=122.514] Expanded: 611, Generated: 1183
[f=122.923] Expanded: 611, Generated: 1184
[f=128.705] Expanded: 611, Generated: 1185
[f=122.547] Expanded: 612, Generated: 1187
[f=122.561] Expanded: 612, Generated: 1188
[f=118.567] Expanded: 613, Generated: 1190
[f=119.042] Expanded: 615, Generated: 1192
[f=126.296] Expanded: 615, Generated: 1193
[f=127.572] Expanded: 616, Generated: 1194
[f=128.942] Expanded: 616, Generated: 1195
[f=118.610] Expanded: 617, Generated: 1197
[f=119.243] Expanded: 619, Generated: 1199
[f=126.386] Expanded: 619, Generated: 1200
[f=127.606] Expanded: 620, Generated: 1201
[f=129.071] Expanded: 620, Generated: 1202
[f=129.212] Expanded: 620, Generated: 1203
[f=129.235] Expanded: 620, Generated: 1204
[f=123.460] Expanded: 621, Generated: 1206
[f=129.458] Expanded: 621, Generated: 1207
[f=128.779] Expanded: 622, Generated: 1209
[f=129.394] Expanded: 623, Generated: 1210
[f=129.475] Expanded: 624, Generated: 1211
[f=123.518] Expanded: 625, Generated: 1213
[f=117.086] Expanded: 628, Generated: 1216
[f=125.096] Expanded: 629, Generated: 1217
[f=123.760] Expanded: 630, Generated: 1219
[f=128.649] Expanded: 630, Generated: 1220
[f=119.656] Expanded: 631, Generated: 1222
[f=129.340] Expanded: 631, Generated: 1223
[f=123.059] Expanded: 632, Generated: 1225
[f=119.042] Expanded: 633, Generated: 1227
[f=119.530] Expanded: 635, Generated: 1229
[f=126.588] Expanded: 635, Generated: 1230
[f=128.679] Expanded: 636, Generated: 1231
[f=119.991] Expanded: 637, Generated: 1233
[f=121.224] Expanded: 639, Generated: 1235
[f=127.161] Expanded: 639, Generated: 1236
[f=128.804] Expanded: 640, Generated: 1237
[f=129.535] Expanded: 640, Generated: 1238
[f=129.562] Expanded: 640, Generated: 1239
[f=122.854] Expanded: 641, Generated: 1241
[f=129.577] Expanded: 641, Generated: 1242
[f=129.580] Expanded: 641, Generated: 1243
[f=122.254] Expanded: 642, Generated: 1245
[f=129.617] Expanded: 642, Generated: 1246
[f=129.637] Expanded: 642, Generated: 1247
[f=123.698] Expanded: 643, Generated: 1249
[f=129.668] Expanded: 643, Generated: 1250
[f=129.712] Expanded: 643, Generated: 1251
[f=122.488] Expanded: 644, Generated: 1253
[f=122.337] Expanded: 645, Generated: 1255
[f=117.381] Expanded: 646, Generated: 1257
[f=122.776] Expanded: 647, Generated: 1259
[f=116.543] Expanded: 650, Generated: 1262
[f=117.800] Expanded: 652, Generated: 1264
[f=120.808] Expanded: 652, Generated: 1265
[f=122.916] Expanded: 653, Generated: 1266
[f=125.016] Expanded: 654, Generated: 1267
[f=126.255] Expanded: 655, Generated: 1269
[f=128.553] Expanded: 655, Generated: 1270
[f=128.909] Expanded: 655, Generated: 1271
[f=123.958] Expanded: 656, Generated: 1273
[f=119.619] Expanded: 657, Generated: 1275
[f=129.375] Expanded: 657, Generated: 1276
[f=120.225] Expanded: 658, Generated: 1278
[f=121.528] Expanded: 660, Generated: 1280
[f=127.167] Expanded: 660, Generated: 1281
[f=128.962] Expanded: 661, Generated: 1282
[f=129.754] Expanded: 661, Generated: 1283
[f=129.756] Expanded: 661, Generated: 1284
[f=123.383] Expanded: 662, Generated: 1286
[f=123.921] Expanded: 663, Generated: 1288
[f=128.508] Expanded: 664, Generated: 1290
[f=119.499] Expanded: 665, Generated: 1292
[f=120.254] Expanded: 667, Generated: 1294
[f=127.018] Expanded: 667, Generated: 1295
[f=128.860] Expanded: 668, Generated: 1296
[f=119.074] Expanded: 669, Generated: 1298
[f=119.470] Expanded: 671, Generated: 1300
[f=126.545] Expanded: 671, Generated: 1301
[f=128.617] Expanded: 672, Generated: 1302
[f=129.817] Expanded: 672, Generated: 1303
[f=117.458] Expanded: 675, Generated: 1306
[f=124.428] Expanded: 675, Generated: 1307
[f=126.029] Expanded: 676, Generated: 1308
[f=129.854] Expanded: 676, Generated: 1309
[f=129.867] Expanded: 676, Generated: 1310
[f=118.120] Expanded: 679, Generated: 1313
[f=119.763] Expanded: 681, Generated: 1315
[f=123.095] Expanded: 681, Generated: 1316
[f=125.245] Expanded: 682, Generated: 1317
[f=127.224] Expanded: 683, Generated: 1318
[f=129.881] Expanded: 683, Generated: 1319
[f=129.886] Expanded: 683, Generated: 1320
[f=118.320] Expanded: 684, Generated: 1322
[f=119.882] Expanded: 686, Generated: 1324
[f=123.343] Expanded: 686, Generated: 1325
[f=125.797] Expanded: 687, Generated: 1326
[f=129.921] Expanded: 687, Generated: 1327
[f=129.922] Expanded: 687, Generated: 1328
[f=129.926] Expanded: 688, Generated: 1329
[f=129.927] Expanded: 688, Generated: 1330
[f=129.936] Expanded: 688, Generated: 1331
[f=119.726] Expanded: 689, Generated: 1333
[f=120.517] Expanded: 691, Generated: 1335
[f=127.108] Expanded: 691, Generated: 1336
[f=128.933] Expanded: 691, Generated: 1337
[f=119.500] Expanded: 692, Generated: 1339
[f=120.387] Expanded: 693, Generated: 1341
[f=127.065] Expanded: 693, Generated: 1342
[f=118.113] Expanded: 696, Generated: 1345
[f=117.805] Expanded: 697, Generated: 1347
[f=125.260] Expanded: 697, Generated: 1348
[f=129.269] Expanded: 697, Generated: 1349
[f=129.585] Expanded: 697, Generated: 1350
[f=129.632] Expanded: 697, Generated: 1351
[f=129.691] Expanded: 697, Generated: 1352
[f=119.790] Expanded: 698, Generated: 1354
[f=119.627] Expanded: 699, Generated: 1356
[f=119.737] Expanded: 700, Generated: 1358
[f=119.387] Expanded: 701, Generated: 1360
[f=126.065] Expanded: 701, Generated: 1361
[f=130.050] Expanded: 701, Generated: 1362
[f=119.130] Expanded: 702, Generated: 1364
[f=124.806] Expanded: 703, Generated: 1366
[f=124.955] Expanded: 703, Generated: 1367
[f=117.046] Expanded: 706, Generated: 1370
[f=125.181] Expanded: 707, Generated: 1371
[f=129.060] Expanded: 707, Generated: 1372
[f=123.884] Expanded: 708, Generated: 1374
[f=128.885] Expanded: 708, Generated: 1375
[f=129.505] Expanded: 708, Generated: 1376
[f=124.370] Expanded: 709, Generated: 1378
[f=119.005] Expanded: 710, Generated: 1380
[f=123.282] Expanded: 711, Generated: 1382
[f=128.421] Expanded: 712, Generated: 1384
[f=122.822] Expanded: 713, Generated: 1386
[f=122.871] Expanded: 713, Generated: 1387
[f=130.119] Expanded: 713, Generated: 1388
[f=124.449] Expanded: 714, Generated: 1390
[f=129.124] Expanded: 715, Generated: 1392
[f=127.506] Expanded: 716, Generated: 1394
[f=129.020] Expanded: 718, Generated: 1396
[f=128.940] Expanded: 719, Generated: 1398
[f=130.134] Expanded: 719, Generated: 1399
[f=117.168] Expanded: 722, Generated: 1402
[f=125.303] Expanded: 723, Generated: 1403
[f=118.725] Expanded: 725, Generated: 1406
[f=124.352] Expanded: 725, Generated: 1407
[f=119.793] Expanded: 727, Generated: 1409
[f=122.951] Expanded: 727, Generated: 1410
[f=125.139] Expanded: 728, Generated: 1411
[f=129.006] Expanded: 728, Generated: 1412
[f=129.134] Expanded: 728, Generated: 1413
[f=129.738] Expanded: 728, Generated: 1414
[f=128.429] Expanded: 729, Generated: 1416
[f=130.153] Expanded: 730, Generated: 1417
[f=130.156] Expanded: 730, Generated: 1418
[f=119.780] Expanded: 731, Generated: 1420
[f=120.945] Expanded: 733, Generated: 1422
[f=127.161] Expanded: 733, Generated: 1423
[f=129.172] Expanded: 734, Generated: 1424
[f=130.162] Expanded: 734, Generated: 1425
[f=119.426] Expanded: 735, Generated: 1427
[f=119.701] Expanded: 736, Generated: 1429
[f=120.766] Expanded: 738, Generated: 1431
[f=127.239] Expanded: 738, Generated: 1432
[f=129.177] Expanded: 739, Generated: 1433
[f=122.736] Expanded: 740, Generated: 1435
[f=130.191] Expanded: 740, Generated: 1436
[f=119.783] Expanded: 743, Generated: 1439
[f=120.156] Expanded: 744, Generated: 1441
[f=120.879] Expanded: 746, Generated: 1443
[f=123.831] Expanded: 746, Generated: 1444
[f=126.183] Expanded: 747, Generated: 1445
[f=128.170] Expanded: 748, Generated: 1446
[f=130.195] Expanded: 748, Generated: 1447
[f=119.148] Expanded: 749, Generated: 1449
[f=130.214] Expanded: 749, Generated: 1450
[f=124.370] Expanded: 750, Generated: 1452
[f=117.268] Expanded: 753, Generated: 1455
[f=125.341] Expanded: 754, Generated: 1456
[f=119.084] Expanded: 755, Generated: 1458
[f=120.095] Expanded: 757, Generated: 1460
[f=122.913] Expanded: 757, Generated: 1461
[f=125.402] Expanded: 758, Generated: 1462
[f=129.367] Expanded: 758, Generated: 1463
[f=119.845] Expanded: 759, Generated: 1465
[f=128.573] Expanded: 760, Generated: 1467
[f=125.574] Expanded: 761, Generated: 1469
[f=121.136] Expanded: 762, Generated: 1471
[f=118.876] Expanded: 765, Generated: 1474
[f=126.945] Expanded: 766, Generated: 1475
[f=123.522] Expanded: 767, Generated: 1477
[f=123.765] Expanded: 767, Generated: 1478
[f=128.559] Expanded: 768, Generated: 1480
[f=120.112] Expanded: 769, Generated: 1482
[f=121.560] Expanded: 771, Generated: 1484
[f=127.407] Expanded: 771, Generated: 1485
[f=129.210] Expanded: 772, Generated: 1486
[f=130.249] Expanded: 773, Generated: 1487
[f=123.912] Expanded: 774, Generated: 1489
[f=130.251] Expanded: 774, Generated: 1490
[f=130.259] Expanded: 774, Generated: 1491
[f=130.278] Expanded: 774, Generated: 1492
[f=123.167] Expanded: 775, Generated: 1494
[f=118.299] Expanded: 776, Generated: 1496
[f=120.018] Expanded: 778, Generated: 1498
[f=120.350] Expanded: 778, Generated: 1499
[f=123.600] Expanded: 779, Generated: 1500
[f=124.974] Expanded: 780, Generated: 1502
[f=126.055] Expanded: 781, Generated: 1504
[f=119.016] Expanded: 782, Generated: 1506
[f=125.345] Expanded: 783, Generated: 1508
[f=129.506] Expanded: 783, Generated: 1509
[f=121.671] Expanded: 784, Generated: 1511
[f=122.248] Expanded: 785, Generated: 1512
[f=122.269] Expanded: 786, Generated: 1513
[f=126.639] Expanded: 786, Generated: 1514
[f=129.217] Expanded: 787, Generated: 1515
[f=125.064] Expanded: 788, Generated: 1517
[f=119.397] Expanded: 789, Generated: 1519
[f=130.296] Expanded: 789, Generated: 1520
[f=126.075] Expanded: 790, Generated: 1522
[f=126.360] Expanded: 790, Generated: 1523
[f=130.300] Expanded: 791, Generated: 1524
[f=130.321] Expanded: 791, Generated: 1525
[f=130.366] Expanded: 791, Generated: 1526
[f=130.367] Expanded: 791, Generated: 1527
[f=120.024] Expanded: 792, Generated: 1529
[f=120.622] Expanded: 793, Generated: 1531
[f=130.392] Expanded: 793, Generated: 1532
[f=119.875] Expanded: 794, Generated: 1534
[f=120.983] Expanded: 796, Generated: 1536
[f=127.388] Expanded: 796, Generated: 1537
[f=129.074] Expanded: 797, Generated: 1538
[f=125.426] Expanded: 798, Generated: 1540
[f=118.896] Expanded: 801, Generated: 1543
[f=127.170] Expanded: 802, Generated: 1544
[f=123.476] Expanded: 803, Generated: 1546
[f=123.719] Expanded: 803, Generated: 1547
[f=130.453] Expanded: 803, Generated: 1548
[f=130.455] Expanded: 803, Generated: 1549
[f=130.463] Expanded: 803, Generated: 1550
[f=130.466] Expanded: 803, Generated: 1551
[f=125.087] Expanded: 804, Generated: 1553
[f=125.457] Expanded: 804, Generated: 1554
[f=130.486] Expanded: 804, Generated: 1555
[f=119.491] Expanded: 805, Generated: 1558
[f=130.497] Expanded: 805, Generated: 1559
[f=130.504] Expanded: 805, Generated: 1560
[f=130.515] Expanded: 806, Generated: 1561
[f=130.521] Expanded: 806, Generated: 1562
[f=124.777] Expanded: 807, Generated: 1564
[f=130.542] Expanded: 807, Generated: 1565
[f=130.547] Expanded: 807, Generated: 1566
[f=126.070] Expanded: 808, Generated: 1568
[f=121.495] Expanded: 809, Generated: 1570
[f=124.956] Expanded: 810, Generated: 1572
[f=125.235] Expanded: 810, Generated: 1573
[f=121.406] Expanded: 811, Generated: 1575
[f=130.562] Expanded: 811, Generated: 1576
[f=130.577] Expanded: 811, Generated: 1577
[f=130.586] Expanded: 811, Generated: 1578
[f=130.588] Expanded: 811, Generated: 1579
[f=130.588] Expanded: 811, Generated: 1580
[f=130.594] Expanded: 811, Generated: 1581
[f=125.065] Expanded: 812, Generated: 1583
[f=125.241] Expanded: 813, Generated: 1585
[f=125.518] Expanded: 813, Generated: 1586
[f=130.612] Expanded: 813, Generated: 1587
[f=130.615] Expanded: 813, Generated: 1588
[f=130.617] Expanded: 813, Generated: 1589
[f=124.589] Expanded: 814, Generated: 1591
[f=118.913] Expanded: 815, Generated: 1593
[f=121.089] Expanded: 817, Generated: 1595
[f=121.782] Expanded: 817, Generated: 1596
[f=121.021] Expanded: 819, Generated: 1598
[f=121.718] Expanded: 819, Generated: 1599
[f=124.698] Expanded: 819, Generated: 1600
[f=124.796] Expanded: 819, Generated: 1601
[f=125.253] Expanded: 820, Generated: 1602
[f=125.572] Expanded: 821, Generated: 1603
[f=126.307] Expanded: 822, Generated: 1605
[f=129.510] Expanded: 822, Generated: 1606
[f=127.921] Expanded: 823, Generated: 1608
[f=126.709] Expanded: 824, Generated: 1610
[f=129.862] Expanded: 824, Generated: 1611
[f=128.325] Expanded: 825, Generated: 1613
[f=120.122] Expanded: 826, Generated: 1615
[f=130.624] Expanded: 826, Generated: 1616
[f=130.629] Expanded: 826, Generated: 1617
[f=124.994] Expanded: 827, Generated: 1619
[f=130.657] Expanded: 827, Generated: 1620
[f=130.658] Expanded: 827, Generated: 1621
[f=124.344] Expanded: 828, Generated: 1623
[f=124.354] Expanded: 828, Generated: 1624
[f=120.114] Expanded: 829, Generated: 1626
[f=120.926] Expanded: 831, Generated: 1628
[f=127.525] Expanded: 831, Generated: 1629
[f=129.358] Expanded: 832, Generated: 1630
[f=111.641] Expanded: 837, Generated: 1635
[f=111.885] Expanded: 837, Generated: 1636
[Final] Expanded: 837, Generated: 1636
Found a solution of length 91!
   1: (move f6-4f f6-3f)
   2: (move f6-3f f5-3f)
   3: (pickup f5-3f key2-3)
   4: (move f5-3f f4-3f)
   5: (move f4-3f f3-3f)
   6: (move f3-3f f2-3f)
   7: (pickup-and-loose f2-3f key1-1 key2-3)
   8: (unlock f2-3f f2-4f key1-1 shape1)
   9: (move f2-3f f2-4f)
  10: (putdown f2-4f key1-1)
  11: (move f2-4f f2-3f)
  12: (pickup f2-3f key2-3)
  13: (move f2-3f f2-4f)
  14: (move f2-4f f3-4f)
  15: (move f3-4f f3-5f)
  16: (move f3-5f f4-5f)
  17: (move f4-5f f4-6f)
  18: (move f4-6f f5-6f)
  19: (move f5-6f f6-6f)
  20: (putdown f6-6f key2-3)
  21: (move f6-6f f5-6f)
  22: (move f5-6f f4-6f)
  23: (move f4-6f f4-7f)
  24: (move f4-7f f3-7f)
  25: (move f3-7f f2-7f)
  26: (move f2-7f f1-7f)
  27: (pickup f1-7f key2-2)
  28: (move f1-7f f2-7f)
  29: (move f2-7f f3-7f)
  30: (move f3-7f f4-7f)
  31: (move f4-7f f4-6f)
  32: (move f4-6f f4-5f)
  33: (move f4-5f f3-5f)
  34: (move f3-5f f3-4f)
  35: (move f3-4f f3-3f)
  36: (move f3-3f f3-2f)
  37: (move f3-2f f3-1f)
  38: (move f3-1f f3-0f)
  39: (putdown f3-0f key2-2)
  40: (move f3-0f f3-1f)
  41: (move f3-1f f3-2f)
  42: (pickup f3-2f key0-1)
  43: (move f3-2f f3-1f)
  44: (move f3-1f f3-0f)
  45: (move f3-0f f4-0f)
  46: (putdown f4-0f key0-1)
  47: (move f4-0f f3-0f)
  48: (move f3-0f f3-1f)
  49: (move f3-1f f2-1f)
  50: (pickup f2-1f key1-2)
  51: (move f2-1f f3-1f)
  52: (move f3-1f f4-1f)
  53: (move f4-1f f5-1f)
  54: (move f5-1f f6-1f)
  55: (move f6-1f f6-2f)
  56: (move f6-2f f6-3f)
  57: (move f6-3f f6-4f)
  58: (move f6-4f f7-4f)
  59: (pickup-and-loose f7-4f key2-1 key1-2)
  60: (move f7-4f f6-4f)
  61: (move f6-4f f5-4f)
  62: (unlock f5-4f f4-4f key2-1 shape2)
  63: (move f5-4f f5-5f)
  64: (move f5-5f f5-6f)
  65: (move f5-6f f4-6f)
  66: (unlock f4-6f f3-6f key2-1 shape2)
  67: (move f4-6f f3-6f)
  68: (move f3-6f f3-7f)
  69: (pickup-and-loose f3-7f key0-0 key2-1)
  70: (move f3-7f f4-7f)
  71: (pickup-and-loose f4-7f key3-1 key0-0)
  72: (move f4-7f f4-6f)
  73: (move f4-6f f4-5f)
  74: (move f4-5f f4-4f)
  75: (move f4-4f f5-4f)
  76: (putdown f5-4f key3-1)
  77: (move f5-4f f5-5f)
  78: (move f5-5f f5-6f)
  79: (move f5-6f f4-6f)
  80: (move f4-6f f4-7f)
  81: (move f4-7f f3-7f)
  82: (pickup f3-7f key2-1)
  83: (move f3-7f f3-6f)
  84: (move f3-6f f3-5f)
  85: (move f3-5f f3-4f)
  86: (move f3-4f f3-3f)
  87: (move f3-3f f3-2f)
  88: (move f3-2f f3-1f)
  89: (move f3-1f f3-0f)
  90: (move f3-0f f2-0f)
  91: (putdown f2-0f key2-1)
