/u/ibrahim.eisawy/Neural-Guided-Search/venv/lib/python3.10/site-packages/pymimir_rgnn/model.py:151: UserWarning: index_reduce() is in beta and the API may change at any time. (Triggered internally at /pytorch/aten/src/ATen/native/cuda/Indexing.cu:1541.)
  max_msg.index_reduce_(0, output_indices, output_messages, reduce='amax', include_self=True)
Torch: 2.12.0+cu130
Using GPU:  NVIDIA L40S
17.375: (turn_to satellite1 star4 star15)
17.572: (switch_on instrument0 satellite0)
17.839: (turn_to satellite1 groundstation6 star15)
17.893: (turn_to satellite1 groundstation10 star15)
18.025: (turn_to satellite1 groundstation11 star15)
18.108: (turn_to satellite1 groundstation5 star15)
18.478: (turn_to satellite1 star1 star15)
18.494: (switch_on instrument3 satellite0)
18.515: (switch_on instrument6 satellite1)
18.571: (turn_to satellite2 groundstation11 planet13)
18.577: (turn_to satellite1 star3 star15)
18.594: (turn_to satellite1 groundstation2 star15)
18.596: (turn_to satellite0 groundstation6 star1)
18.623: (turn_to satellite1 star9 star15)
18.650: (turn_to satellite2 groundstation10 planet13)
18.722: (turn_to satellite1 groundstation7 star15)
18.728: (turn_to satellite0 groundstation10 star1)
18.805: (turn_to satellite1 star0 star15)
18.899: (turn_to satellite0 groundstation11 star1)
18.900: (turn_to satellite2 groundstation6 planet13)
15.543: (switch_on instrument0 satellite0)
15.558: (turn_to satellite0 groundstation10 star1)
15.610: (switch_on instrument0 satellite0)
15.625: (turn_to satellite0 groundstation11 star1)
15.849: (switch_on instrument0 satellite0)
15.850: (turn_to satellite1 groundstation10 star15)
15.885: (turn_to satellite1 groundstation11 star15)
15.890: (switch_on instrument0 satellite0)
15.946: (switch_on instrument0 satellite0)
15.954: (turn_to satellite2 groundstation11 planet13)
15.980: (turn_to satellite2 groundstation10 planet13)
15.981: (switch_on instrument0 satellite0)
16.261: (switch_on instrument6 satellite1)
16.267: (switch_on instrument0 satellite0)
16.540: (switch_on instrument7 satellite2)
16.601: (turn_to satellite1 groundstation10 star15)
16.607: (switch_on instrument6 satellite1)
16.688: (turn_to satellite1 star3 star15)
16.703: (turn_to satellite1 groundstation6 star15)
16.710: (switch_on instrument3 satellite0)
11.260: (calibrate satellite0 instrument0 groundstation10)
11.307: (calibrate satellite0 instrument0 groundstation11)
13.618: (calibrate satellite1 instrument6 groundstation10)
14.246: (switch_on instrument0 satellite0)
14.252: (switch_on instrument6 satellite1)
14.253: (turn_to satellite1 groundstation10 star15)
14.297: (switch_on instrument6 satellite1)
14.299: (turn_to satellite1 groundstation11 star15)
14.321: (switch_on instrument7 satellite2)
14.334: (turn_to satellite2 groundstation10 planet13)
14.334: (switch_on instrument7 satellite2)
14.344: (turn_to satellite2 groundstation11 planet13)
14.611: (turn_to satellite0 groundstation10 star1)
14.614: (switch_on instrument6 satellite1)
14.680: (switch_on instrument6 satellite1)
14.681: (turn_to satellite0 groundstation11 star1)
14.809: (turn_to satellite1 groundstation11 star15)
14.810: (turn_to satellite0 groundstation10 star1)
14.823: (turn_to satellite0 groundstation11 star1)
14.823: (turn_to satellite1 groundstation10 star15)
10.145: (switch_on instrument6 satellite1)
10.148: (calibrate satellite0 instrument0 groundstation10)
10.186: (calibrate satellite0 instrument0 groundstation11)
10.195: (switch_on instrument6 satellite1)
10.305: (switch_on instrument7 satellite2)
10.308: (switch_on instrument8 satellite2)
10.336: (switch_on instrument7 satellite2)
10.345: (switch_on instrument8 satellite2)
10.392: (turn_to satellite0 planet12 groundstation11)
10.392: (turn_to satellite0 planet12 groundstation10)
10.471: (turn_to satellite0 planet13 groundstation11)
10.476: (turn_to satellite0 planet13 groundstation10)
10.500: (turn_to satellite0 star15 groundstation11)
10.501: (turn_to satellite0 star15 groundstation10)
10.618: (turn_to satellite1 star8 star15)
10.670: (turn_to satellite1 star8 star15)
10.928: (turn_to satellite1 groundstation2 star15)
10.953: (turn_to satellite2 star0 planet13)
10.970: (turn_to satellite1 groundstation2 star15)
10.982: (turn_to satellite0 star14 groundstation11)
9.276: (turn_to satellite0 planet12 groundstation10)
9.277: (turn_to satellite0 planet12 groundstation11)
9.282: (switch_on instrument6 satellite1)
9.284: (turn_to satellite0 planet12 groundstation11)
9.284: (turn_to satellite0 planet12 groundstation10)
9.285: (switch_on instrument7 satellite2)
9.286: (turn_to satellite0 planet12 groundstation11)
9.286: (turn_to satellite0 planet12 groundstation10)
9.289: (switch_on instrument8 satellite2)
9.356: (turn_to satellite0 planet13 groundstation11)
9.357: (turn_to satellite0 planet13 groundstation10)
9.369: (switch_on instrument6 satellite1)
9.396: (switch_on instrument7 satellite2)
9.400: (turn_to satellite0 star15 groundstation10)
9.401: (turn_to satellite0 star15 groundstation10)
9.402: (turn_to satellite0 star15 groundstation11)
9.405: (turn_to satellite0 star15 groundstation11)
9.417: (switch_on instrument8 satellite2)
9.499: (take_image satellite0 star15 instrument0 thermograph4)
9.531: (take_image satellite0 planet12 instrument0 thermograph0)
8.412: (switch_on instrument6 satellite1)
8.418: (take_image satellite0 planet12 instrument0 thermograph0)
8.426: (take_image satellite0 planet12 instrument0 thermograph0)
8.426: (switch_on instrument7 satellite2)
8.438: (switch_on instrument8 satellite2)
8.440: (take_image satellite0 planet12 instrument0 thermograph0)
8.574: (turn_to satellite1 star8 star15)
8.579: (turn_to satellite1 star8 star15)
8.581: (turn_to satellite1 star8 star15)
8.582: (turn_to satellite1 star8 star15)
8.587: (take_image satellite0 star15 instrument0 thermograph4)
8.590: (take_image satellite0 star15 instrument0 thermograph4)
8.591: (switch_on instrument7 satellite2)
8.593: (switch_on instrument8 satellite2)
8.678: (switch_on instrument6 satellite1)
8.694: (turn_to satellite0 planet12 star15)
8.761: (turn_to satellite0 planet13 star15)
8.785: (turn_to satellite0 planet13 planet12)
8.802: (turn_to satellite0 star15 planet12)
8.808: (take_image satellite0 planet13 instrument0 image1)
7.396: (take_image satellite0 star15 instrument0 thermograph4)
7.401: (take_image satellite0 planet12 instrument0 thermograph0)
7.646: (take_image satellite0 planet13 instrument0 image1)
7.668: (turn_to satellite0 planet13 planet12)
7.677: (switch_on instrument6 satellite1)
7.707: (turn_to satellite0 star15 planet12)
7.714: (switch_on instrument7 satellite2)
7.716: (turn_to satellite0 star15 planet12)
7.717: (turn_to satellite1 star8 star15)
7.721: (take_image satellite0 planet12 instrument0 thermograph0)
7.723: (take_image satellite0 planet12 instrument0 thermograph0)
7.726: (turn_to satellite1 star8 star15)
7.726: (switch_on instrument8 satellite2)
7.760: (turn_to satellite1 star8 star15)
7.763: (turn_to satellite1 star8 star15)
7.770: (take_image satellite0 star15 instrument0 thermograph4)
7.770: (take_image satellite0 star15 instrument0 thermograph4)
7.792: (turn_to satellite0 planet12 star15)
7.798: (switch_on instrument7 satellite2)
7.800: (turn_to satellite0 planet12 star15)
6.469: (take_image satellite0 star15 instrument0 thermograph4)
6.472: (switch_on instrument7 satellite2)
6.475: (take_image satellite0 star15 instrument0 thermograph4)
6.481: (switch_on instrument8 satellite2)
6.483: (take_image satellite0 planet12 instrument0 thermograph0)
6.488: (switch_on instrument7 satellite2)
6.497: (take_image satellite0 planet12 instrument0 thermograph0)
6.499: (switch_on instrument8 satellite2)
6.610: (switch_on instrument7 satellite2)
6.611: (switch_on instrument6 satellite1)
6.617: (turn_to satellite0 planet13 star15)
6.619: (turn_to satellite0 planet13 planet12)
6.638: (switch_on instrument6 satellite1)
6.656: (switch_on instrument8 satellite2)
6.762: (switch_on instrument6 satellite1)
6.767: (take_image satellite0 planet13 instrument0 image1)
6.794: (turn_to satellite1 star8 star15)
6.803: (turn_to satellite1 star8 star15)
6.879: (turn_to satellite0 star15 planet13)
6.901: (turn_to satellite1 star8 star15)
5.682: (turn_to satellite1 star8 star15)
5.682: (switch_on instrument7 satellite2)
5.684: (switch_on instrument7 satellite2)
5.687: (switch_on instrument8 satellite2)
5.687: (turn_to satellite1 star8 star15)
5.687: (turn_to satellite1 star8 star15)
5.692: (switch_on instrument8 satellite2)
5.693: (take_image satellite0 star15 instrument0 thermograph4)
5.694: (turn_to satellite1 star8 star15)
5.843: (turn_to satellite0 planet13 planet12)
5.848: (turn_to satellite0 planet13 star15)
5.850: (switch_on instrument6 satellite1)
5.873: (switch_on instrument7 satellite2)
5.886: (turn_to satellite0 star15 planet13)
5.887: (take_image satellite0 star15 instrument0 thermograph4)
5.906: (turn_to satellite1 star8 star15)
5.928: (take_image satellite0 planet13 instrument0 image1)
5.935: (switch_on instrument8 satellite2)
5.937: (turn_to satellite0 star15 planet13)
5.946: (turn_to satellite1 star8 star15)
4.904: (switch_on instrument7 satellite2)
4.922: (switch_on instrument7 satellite2)
4.927: (take_image satellite0 star15 instrument0 thermograph4)
4.954: (switch_on instrument8 satellite2)
4.969: (switch_on instrument8 satellite2)
4.973: (take_image satellite0 star15 instrument0 thermograph4)
5.085: (turn_to satellite1 star8 star15)
5.086: (turn_to satellite0 star15 planet13)
5.141: (turn_to satellite1 star8 star15)
5.141: (turn_to satellite0 star15 planet13)
5.147: (turn_to satellite1 star8 star15)
5.159: (turn_to satellite1 star8 star15)
5.178: (turn_to satellite0 planet13 star15)
5.178: (turn_to satellite0 planet13 planet12)
5.181: (turn_to satellite0 planet13 planet12)
5.187: (turn_to satellite0 planet13 star15)
5.189: (switch_on instrument6 satellite1)
5.207: (switch_on instrument6 satellite1)
5.213: (take_image satellite0 planet13 instrument0 image1)
5.237: (turn_to satellite2 star0 planet13)
3.938: (calibrate satellite2 instrument7 star0)
4.101: (turn_to satellite1 star8 star15)
4.102: (take_image satellite0 planet13 instrument0 image1)
4.105: (switch_on instrument7 satellite2)
4.130: (switch_on instrument7 satellite2)
4.141: (take_image satellite0 planet13 instrument0 image1)
4.141: (turn_to satellite1 star8 star15)
4.142: (turn_to satellite1 star8 star15)
4.144: (take_image satellite0 star15 instrument0 thermograph4)
4.150: (switch_on instrument8 satellite2)
4.184: (switch_on instrument8 satellite2)
4.184: (turn_to satellite1 star8 star15)
4.190: (take_image satellite0 star15 instrument0 thermograph4)
4.266: (take_image satellite0 star15 instrument0 thermograph4)
4.266: (turn_to satellite2 star0 planet13)
4.286: (turn_to satellite2 star0 planet13)
4.290: (turn_to satellite2 star1 planet13)
4.307: (turn_to satellite2 star1 planet13)
4.327: (turn_to satellite2 groundstation7 planet13)
4.346: (turn_to satellite2 star0 planet13)
2.770: (calibrate satellite2 instrument8 groundstation7)
2.806: (turn_to satellite2 star14 star0)
2.840: (calibrate satellite2 instrument8 star0)
2.905: (calibrate satellite2 instrument7 star1)
2.920: (calibrate satellite2 instrument7 star1)
2.921: (calibrate satellite2 instrument7 star0)
2.925: (take_image satellite0 star15 instrument0 thermograph4)
2.943: (calibrate satellite2 instrument7 star0)
3.135: (turn_to satellite1 star8 star15)
3.294: (turn_to satellite2 star15 star0)
3.483: (turn_to satellite2 star0 planet13)
3.486: (turn_to satellite1 star8 star15)
3.488: (turn_to satellite2 star0 planet13)
3.491: (turn_to satellite1 star8 star15)
3.491: (turn_to satellite1 star8 star15)
3.493: (turn_to satellite2 star1 planet13)
3.495: (turn_to satellite2 star1 planet13)
3.499: (turn_to satellite1 star8 star15)
3.534: (turn_to satellite2 groundstation7 planet13)
3.536: (turn_to satellite1 star8 star15)
1.746: (turn_to satellite2 star14 star0)
1.747: (turn_to satellite2 star14 groundstation7)
1.798: (take_image satellite0 star15 instrument0 thermograph4)
1.802: (turn_to satellite2 star14 star0)
1.804: (turn_to satellite2 star14 star1)
1.815: (turn_to satellite2 star14 star0)
1.819: (turn_to satellite2 star14 star1)
1.922: (take_image satellite2 star14 instrument7 thermograph2)
1.969: (calibrate satellite2 instrument8 groundstation7)
1.986: (turn_to satellite1 star8 star15)
2.002: (turn_to satellite2 star14 star0)
2.007: (turn_to satellite0 star14 star15)
2.008: (turn_to satellite1 star8 star15)
2.059: (turn_to satellite1 star8 star15)
2.082: (turn_to satellite0 star14 star15)
2.102: (calibrate satellite2 instrument7 star1)
2.104: (calibrate satellite2 instrument7 star1)
2.120: (turn_to satellite1 star8 star15)
2.125: (turn_to satellite1 star8 star15)
2.130: (calibrate satellite2 instrument7 star0)
0.908: (take_image satellite2 star14 instrument8 thermograph2)
0.954: (take_image satellite2 star14 instrument7 thermograph2)
0.954: (take_image satellite0 star15 instrument0 thermograph4)
0.954: (turn_to satellite2 star14 star0)
0.958: (turn_to satellite1 star8 star15)
0.960: (turn_to satellite2 star14 groundstation7)
0.973: (take_image satellite2 star14 instrument7 thermograph2)
1.008: (turn_to satellite1 star8 star15)
1.011: (turn_to satellite1 star8 star15)
1.012: (take_image satellite0 star15 instrument0 thermograph4)
1.015: (turn_to satellite2 star14 star1)
1.019: (turn_to satellite2 star14 star0)
1.021: (turn_to satellite2 star14 star1)
1.134: (take_image satellite2 star14 instrument7 thermograph2)
1.136: (turn_to satellite1 star8 star15)
1.199: (turn_to satellite0 star14 star15)
1.202: (turn_to satellite1 star8 star15)
1.277: (turn_to satellite0 star14 star15)
1.280: (turn_to satellite1 star8 star15)
1.341: (turn_to satellite0 star14 star15)
0.114: (take_image satellite2 star14 instrument8 thermograph2)
[Final] Expanded: 178, Generated: 10212
Found a solution of length 15!
   1: (turn_to satellite0 groundstation11 star1)
   2: (switch_on instrument0 satellite0)
   3: (calibrate satellite0 instrument0 groundstation11)
   4: (turn_to satellite0 planet12 groundstation11)
   5: (take_image satellite0 planet12 instrument0 thermograph0)
   6: (turn_to satellite0 planet13 planet12)
   7: (take_image satellite0 planet13 instrument0 image1)
   8: (turn_to satellite0 star15 planet13)
   9: (take_image satellite0 star15 instrument0 thermograph4)
  10: (switch_on instrument8 satellite2)
  11: (turn_to satellite2 star0 planet13)
  12: (calibrate satellite2 instrument8 star0)
  13: (turn_to satellite1 star8 star15)
  14: (turn_to satellite2 star14 star0)
  15: (take_image satellite2 star14 instrument8 thermograph2)
