/u/ibrahim.eisawy/Neural-Guided-Search/venv/lib/python3.10/site-packages/pymimir_rgnn/model.py:151: UserWarning: index_reduce() is in beta and the API may change at any time. (Triggered internally at /pytorch/aten/src/ATen/native/cuda/Indexing.cu:1541.)
  max_msg.index_reduce_(0, output_indices, output_messages, reduce='amax', include_self=True)
Torch: 2.12.0+cu130
Using GPU:  NVIDIA L40S
30.164: (move f5-2f f5-3f)
30.952: (move f5-2f f5-1f)
30.963: (move f5-2f f4-2f)
29.189: (move f5-3f f5-4f)
29.850: (move f4-2f f4-3f)
29.850: (move f5-3f f4-3f)
30.209: (pickup f5-3f key2-1)
30.339: (move f4-2f f4-1f)
30.339: (move f5-1f f4-1f)
30.676: (move f5-1f f5-0f)
inf: (move f5-3f f5-2f)
inf: (move f5-1f f5-2f)
inf: (move f4-2f f5-2f)
27.551: (move f5-4f f4-4f)
27.551: (move f4-3f f4-4f)
29.139: (move f5-3f f5-4f)
29.797: (pickup f4-3f key0-2)
29.814: (move f5-3f f4-3f)
29.868: (move f5-4f f5-5f)
30.851: (move f5-3f f5-2f)
inf: (move f5-4f f5-3f)
inf: (move f4-3f f4-2f)
inf: (move f4-3f f5-3f)
inf: (putdown f5-3f key2-1)
inf: (move f4-1f f5-1f)
inf: (move f4-1f f4-2f)
inf: (move f5-0f f5-1f)
25.152: (move f4-4f f3-4f)
27.495: (move f4-3f f4-4f)
27.518: (move f4-3f f4-4f)
27.518: (move f5-4f f4-4f)
29.206: (putdown f5-4f key2-1)
29.834: (putdown f4-3f key2-1)
29.851: (pickup-and-loose f4-3f key0-2 key2-1)
30.026: (move f5-4f f5-5f)
30.130: (move f4-3f f5-3f)
30.907: (move f4-3f f4-2f)
30.907: (move f5-2f f5-1f)
30.907: (move f5-2f f4-2f)
30.964: (putdown f5-2f key2-1)
31.012: (move f4-3f f4-2f)
inf: (move f4-3f f5-3f)
inf: (putdown f4-3f key0-2)
inf: (move f5-5f f5-4f)
inf: (move f5-4f f5-3f)
inf: (move f4-4f f5-4f)
inf: (move f5-2f f5-3f)
inf: (move f4-4f f4-3f)
24.413: (pickup f3-4f key0-0)
24.503: (pickup f3-4f key0-1)
25.110: (move f4-4f f3-4f)
25.178: (move f4-4f f3-4f)
26.080: (move f3-4f f2-4f)
27.544: (move f4-3f f4-4f)
27.548: (move f5-4f f4-4f)
27.558: (move f4-3f f4-4f)
27.584: (putdown f4-4f key0-2)
27.627: (putdown f4-4f key2-1)
29.210: (move f4-4f f5-4f)
29.210: (move f5-3f f5-4f)
29.602: (putdown f5-5f key2-1)
29.688: (move f5-4f f5-5f)
30.091: (putdown f5-3f key0-2)
30.094: (pickup-and-loose f5-3f key2-1 key0-2)
30.189: (move f5-4f f5-3f)
30.234: (move f4-3f f5-3f)
30.245: (move f4-3f f5-3f)
30.277: (move f5-1f f4-1f)
30.277: (move f4-2f f4-1f)
30.295: (move f5-2f f5-3f)
30.320: (move f4-2f f4-1f)
30.771: (move f5-1f f5-0f)
30.939: (unlock f4-2f f3-2f key2-1 shape2)
30.953: (move f4-3f f4-2f)
30.959: (putdown f5-1f key2-1)
30.967: (move f5-3f f5-2f)
30.967: (move f4-2f f5-2f)
30.972: (move f4-3f f4-2f)
30.978: (move f5-2f f5-1f)
30.998: (putdown f4-2f key2-1)
31.004: (move f5-2f f4-2f)
31.021: (putdown f4-2f key0-2)
inf: (move f5-1f f5-2f)
inf: (pickup f5-2f key2-1)
inf: (move f4-2f f4-3f)
inf: (pickup-and-loose f4-3f key2-1 key0-2)
inf: (move f4-2f f4-3f)
inf: (move f4-2f f5-2f)
24.415: (pickup-and-loose f3-4f key0-0 key2-1)
24.472: (pickup-and-loose f3-4f key0-0 key0-2)
24.493: (pickup-and-loose f3-4f key0-1 key2-1)
24.509: (pickup-and-loose f3-4f key0-1 key0-2)
24.861: (move f3-4f f2-4f)
24.943: (move f3-4f f2-4f)
25.129: (putdown f3-4f key2-1)
25.141: (unlock f3-4f f3-5f key2-1 shape2)
25.141: (move f4-4f f3-4f)
25.147: (move f4-4f f3-4f)
25.153: (putdown f3-4f key0-2)
25.158: (move f4-4f f3-4f)
25.188: (move f4-4f f3-4f)
25.191: (move f2-4f f2-5f)
25.194: (move f4-4f f3-4f)
25.795: (move f3-4f f4-4f)
26.045: (move f3-4f f2-4f)
26.122: (move f3-4f f2-4f)
26.482: (move f3-4f f4-4f)
27.626: (putdown f4-4f key0-2)
28.277: (move f2-4f f2-3f)
28.482: (move f2-4f f1-4f)
29.161: (move f4-4f f5-4f)
29.162: (move f5-3f f5-4f)
29.168: (move f5-3f f5-4f)
29.171: (move f5-3f f5-4f)
29.180: (move f5-3f f5-4f)
29.181: (move f4-4f f5-4f)
29.181: (move f5-3f f5-4f)
29.183: (move f4-4f f5-4f)
29.186: (move f4-4f f5-4f)
29.195: (move f5-5f f5-4f)
29.242: (putdown f5-4f key0-2)
29.745: (move f5-3f f4-3f)
29.749: (move f5-3f f4-3f)
29.767: (move f4-4f f4-3f)
29.831: (move f4-2f f4-3f)
29.831: (move f5-3f f4-3f)
29.835: (move f4-4f f4-3f)
29.836: (move f5-3f f4-3f)
21.006: (pickup f2-5f key1-0)
23.999: (putdown f2-4f key0-0)
24.018: (putdown f2-4f key0-1)
24.311: (move f2-4f f2-5f)
24.389: (move f2-4f f2-5f)
24.392: (pickup-and-loose f3-4f key0-0 key2-1)
24.423: (pickup f3-4f key0-0)
24.424: (pickup-and-loose f3-4f key0-0 key0-2)
24.431: (pickup f3-4f key0-0)
24.470: (pickup-and-loose f3-4f key0-1 key2-1)
24.481: (pickup f3-4f key0-0)
24.501: (pickup f3-4f key0-1)
24.501: (pickup-and-loose f3-4f key0-1 key0-2)
24.506: (pickup f3-4f key0-0)
24.507: (pickup f3-4f key0-1)
24.534: (pickup f3-4f key0-1)
24.547: (pickup f3-4f key0-1)
24.871: (move f3-4f f2-4f)
24.947: (move f3-4f f2-4f)
24.952: (move f3-4f f2-4f)
24.981: (move f3-4f f2-4f)
25.133: (putdown f3-4f key0-2)
25.147: (putdown f3-4f key2-1)
25.198: (move f4-4f f3-4f)
25.392: (move f2-4f f2-5f)
25.472: (move f2-4f f2-5f)
25.677: (putdown f2-4f key2-1)
25.712: (putdown f2-4f key0-2)
25.804: (move f3-4f f4-4f)
25.861: (move f3-4f f4-4f)
25.947: (move f4-4f f4-3f)
25.971: (move f3-4f f3-5f)
26.062: (move f3-4f f2-4f)
26.074: (move f3-4f f2-4f)
26.078: (move f3-4f f2-4f)
26.078: (move f3-4f f2-4f)
26.090: (move f3-4f f2-4f)
26.097: (move f3-4f f2-4f)
26.101: (move f3-4f f2-4f)
26.103: (move f3-4f f2-4f)
19.208: (move f2-5f f2-4f)
20.369: (pickup-and-loose f2-5f key1-0 key0-0)
20.374: (pickup-and-loose f2-5f key1-0 key0-1)
20.641: (move f2-5f f1-5f)
20.994: (pickup-and-loose f2-5f key1-0 key2-1)
21.023: (pickup-and-loose f2-5f key1-0 key0-2)
23.891: (putdown f2-4f key0-0)
23.895: (putdown f2-4f key0-1)
23.925: (putdown f2-4f key0-1)
23.933: (putdown f2-4f key0-0)
24.046: (move f2-4f f2-5f)
24.058: (move f2-4f f2-5f)
24.167: (move f2-4f f3-4f)
24.177: (move f2-4f f3-4f)
24.307: (move f2-4f f2-5f)
24.382: (move f2-4f f2-5f)
24.382: (move f2-4f f2-5f)
24.408: (move f2-4f f2-5f)
24.485: (pickup f3-4f key0-0)
24.550: (pickup f3-4f key0-1)
24.823: (putdown f2-5f key0-1)
24.823: (putdown f2-5f key0-0)
24.829: (move f3-4f f3-5f)
24.876: (move f3-4f f2-4f)
24.876: (move f3-4f f2-4f)
24.880: (move f3-4f f2-4f)
24.897: (move f3-4f f2-4f)
24.898: (move f3-4f f2-4f)
24.901: (move f3-4f f3-5f)
24.947: (move f3-4f f2-4f)
24.950: (move f3-4f f2-4f)
24.951: (move f3-4f f2-4f)
24.955: (move f3-4f f2-4f)
24.967: (move f3-4f f2-4f)
24.972: (move f3-4f f2-4f)
24.974: (move f3-4f f2-4f)
25.022: (move f2-4f f2-5f)
25.034: (move f2-4f f2-5f)
25.117: (move f2-4f f3-4f)
25.132: (move f2-4f f3-4f)
18.803: (move f2-5f f2-4f)
18.803: (move f2-5f f2-4f)
19.210: (move f2-5f f2-4f)
19.238: (move f2-5f f2-4f)
19.496: (move f2-4f f1-4f)
19.496: (move f1-5f f1-4f)
19.720: (move f2-4f f3-4f)
19.807: (pickup f2-5f key1-0)
19.816: (pickup f2-5f key1-0)
20.119: (move f2-4f f2-3f)
20.238: (move f2-5f f1-5f)
20.241: (move f2-5f f1-5f)
20.353: (pickup-and-loose f2-5f key1-0 key0-0)
20.358: (pickup-and-loose f2-5f key1-0 key0-1)
20.380: (pickup-and-loose f2-5f key1-0 key0-0)
20.382: (pickup-and-loose f2-5f key1-0 key0-1)
20.647: (move f2-5f f1-5f)
20.678: (move f2-5f f1-5f)
20.906: (pickup f2-5f key1-0)
21.005: (pickup f2-5f key1-0)
23.351: (putdown f2-4f key1-0)
23.826: (pickup f3-4f key0-0)
23.898: (putdown f2-4f key0-0)
23.905: (putdown f2-4f key0-1)
23.932: (move f2-4f f2-5f)
23.934: (move f2-4f f2-5f)
23.948: (pickup f3-4f key0-1)
23.954: (putdown f2-4f key0-1)
23.959: (putdown f2-4f key0-0)
23.959: (putdown f2-4f key0-0)
23.972: (putdown f2-4f key0-1)
23.978: (move f2-4f f2-5f)
23.996: (move f2-4f f2-5f)
24.075: (putdown f2-4f key0-0)
24.107: (putdown f2-4f key0-1)
24.150: (putdown f2-4f key0-0)
24.166: (move f2-4f f3-4f)
24.181: (putdown f2-4f key0-1)
24.189: (putdown f2-4f key0-0)
24.197: (move f2-4f f3-4f)
16.451: (unlock f1-4f f1-3f key1-0 shape1)
18.788: (unlock f2-3f f1-3f key1-0 shape1)
18.801: (move f2-5f f2-4f)
18.802: (move f2-5f f2-4f)
18.827: (move f2-5f f2-4f)
18.827: (move f2-5f f2-4f)
18.877: (move f2-5f f2-4f)
18.882: (move f2-5f f2-4f)
19.048: (move f2-5f f2-4f)
19.205: (move f2-5f f2-4f)
19.283: (move f2-5f f1-5f)
19.287: (move f2-5f f1-5f)
19.476: (move f2-4f f1-4f)
19.476: (move f1-5f f1-4f)
19.500: (move f1-5f f1-4f)
19.500: (move f2-4f f1-4f)
19.525: (move f2-4f f1-4f)
19.525: (move f1-5f f1-4f)
19.526: (move f1-5f f1-4f)
19.526: (move f2-4f f1-4f)
19.650: (move f2-4f f3-4f)
19.677: (move f2-4f f3-4f)
19.752: (unlock f3-4f f3-3f key1-0 shape1)
19.783: (pickup f2-5f key1-0)
19.792: (pickup f2-5f key1-0)
19.828: (pickup f2-5f key1-0)
19.843: (pickup f2-5f key1-0)
20.108: (move f2-4f f2-3f)
20.128: (move f2-4f f2-3f)
20.166: (move f2-4f f2-3f)
20.168: (move f2-4f f2-3f)
20.185: (unlock f2-3f f3-3f key1-0 shape1)
20.228: (move f2-5f f1-5f)
20.232: (move f2-5f f1-5f)
20.260: (move f2-5f f1-5f)
20.260: (move f2-5f f1-5f)
20.385: (move f2-4f f3-4f)
20.390: (move f2-4f f3-4f)
20.586: (move f2-5f f1-5f)
20.637: (move f2-5f f1-5f)
16.565: (unlock f1-4f f1-3f key1-0 shape1)
16.734: (unlock f1-4f f1-3f key1-0 shape1)
17.271: (unlock f1-4f f1-3f key1-0 shape1)
17.272: (unlock f1-4f f1-3f key1-0 shape1)
17.289: (move f2-4f f1-4f)
17.289: (move f1-5f f1-4f)
17.295: (move f1-5f f1-4f)
17.296: (move f2-4f f1-4f)
17.885: (move f2-3f f2-4f)
17.885: (move f1-4f f2-4f)
18.147: (move f1-4f f1-5f)
18.302: (move f2-3f f1-3f)
18.302: (move f1-4f f1-3f)
18.731: (move f2-4f f3-4f)
18.733: (move f2-4f f3-4f)
18.800: (unlock f2-3f f3-3f key1-0 shape1)
18.800: (unlock f2-3f f1-3f key1-0 shape1)
18.871: (move f2-5f f2-4f)
18.871: (move f2-5f f2-4f)
18.884: (putdown f1-4f key1-0)
18.909: (move f2-5f f2-4f)
18.916: (move f2-5f f2-4f)
18.924: (unlock f2-3f f1-3f key1-0 shape1)
18.982: (unlock f2-3f f1-3f key1-0 shape1)
19.057: (unlock f2-3f f1-3f key1-0 shape1)
19.061: (unlock f2-3f f1-3f key1-0 shape1)
19.154: (move f2-4f f2-3f)
19.164: (move f2-4f f2-3f)
19.220: (move f2-4f f1-4f)
19.220: (move f1-5f f1-4f)
19.228: (move f3-4f f2-4f)
19.229: (move f2-3f f2-4f)
19.285: (move f2-5f f1-5f)
19.293: (move f2-5f f1-5f)
19.325: (move f2-5f f1-5f)
19.346: (move f2-5f f1-5f)
19.496: (move f1-5f f1-4f)
19.496: (move f2-4f f1-4f)
19.512: (move f1-5f f1-4f)
19.512: (move f2-4f f1-4f)
15.968: (unlock f1-4f f1-3f key1-0 shape1)
15.980: (unlock f1-4f f1-3f key1-0 shape1)
16.104: (unlock f1-4f f1-3f key1-0 shape1)
16.308: (unlock f1-4f f1-3f key1-0 shape1)
17.250: (move f1-5f f1-4f)
17.251: (move f2-4f f1-4f)
17.256: (move f1-5f f1-4f)
17.256: (move f2-4f f1-4f)
17.283: (move f1-5f f1-4f)
17.284: (move f2-4f f1-4f)
17.290: (move f1-5f f1-4f)
17.291: (move f2-4f f1-4f)
17.358: (unlock f1-4f f1-3f key1-0 shape1)
17.495: (move f2-3f f2-4f)
17.495: (move f1-4f f2-4f)
17.495: (move f1-4f f2-4f)
17.496: (move f2-3f f2-4f)
17.835: (unlock f2-3f f1-3f key1-0 shape1)
17.841: (unlock f2-3f f1-3f key1-0 shape1)
17.900: (move f2-3f f2-4f)
17.917: (move f1-4f f2-4f)
17.917: (move f2-3f f2-4f)
17.952: (move f2-3f f2-4f)
17.952: (move f1-4f f2-4f)
18.101: (move f2-4f f3-4f)
18.125: (move f1-4f f1-5f)
18.296: (move f1-4f f1-5f)
18.299: (move f1-4f f1-3f)
18.299: (move f2-3f f1-3f)
18.312: (move f1-4f f1-3f)
18.313: (move f2-3f f1-3f)
18.682: (move f2-3f f1-3f)
18.696: (move f1-4f f1-5f)
18.697: (move f1-4f f1-5f)
18.727: (move f2-4f f3-4f)
18.734: (move f2-4f f3-4f)
18.747: (move f2-4f f3-4f)
18.769: (move f2-4f f3-4f)
18.834: (unlock f3-4f f3-3f key1-0 shape1)
18.851: (unlock f3-4f f3-3f key1-0 shape1)
16.135: (unlock f1-4f f1-3f key1-0 shape1)
16.140: (unlock f1-4f f1-3f key1-0 shape1)
16.153: (unlock f1-4f f1-3f key1-0 shape1)
16.161: (unlock f1-4f f1-3f key1-0 shape1)
16.492: (move f1-3f f1-4f)
16.493: (move f2-4f f1-4f)
17.445: (move f1-4f f2-4f)
17.494: (move f1-4f f2-4f)
17.742: (move f1-4f f2-4f)
17.805: (unlock f2-3f f3-3f key1-0 shape1)
17.817: (unlock f2-3f f3-3f key1-0 shape1)
17.933: (move f1-4f f1-5f)
17.985: (move f1-4f f1-5f)
18.067: (move f1-4f f1-5f)
18.085: (move f1-4f f1-5f)
18.090: (move f2-4f f3-4f)
18.093: (move f2-4f f3-4f)
18.177: (move f1-4f f1-3f)
18.220: (move f2-4f f3-4f)
18.220: (unlock f3-4f f3-3f key1-0 shape1)
18.317: (move f1-4f f1-3f)
18.545: (move f1-4f f2-4f)
18.545: (move f2-3f f2-4f)
18.565: (move f1-4f f2-4f)
18.565: (move f2-3f f2-4f)
18.728: (move f2-3f f1-3f)
18.729: (move f1-4f f1-3f)
18.757: (move f1-4f f1-3f)
18.757: (move f2-3f f1-3f)
18.794: (unlock f3-4f f3-3f key1-0 shape1)
18.795: (putdown f1-4f key1-0)
18.825: (unlock f3-4f f3-3f key1-0 shape1)
18.872: (move f1-4f f1-5f)
18.881: (putdown f1-4f key1-0)
18.885: (unlock f3-4f f3-3f key1-0 shape1)
18.905: (unlock f3-4f f3-3f key1-0 shape1)
18.938: (move f1-5f f2-5f)
18.938: (move f2-4f f2-5f)
19.049: (move f1-5f f2-5f)
19.050: (move f2-4f f2-5f)
17.996: (move f1-4f f1-5f)
18.014: (move f1-4f f1-5f)
18.032: (move f1-4f f1-5f)
18.052: (move f1-4f f1-5f)
18.109: (move f2-4f f3-4f)
18.166: (unlock f3-4f f3-3f key1-0 shape1)
18.177: (unlock f3-4f f3-3f key1-0 shape1)
18.238: (move f1-4f f1-5f)
18.422: (move f2-4f f3-4f)
18.430: (move f2-4f f2-3f)
18.431: (move f1-3f f2-3f)
18.568: (move f2-3f f3-3f)
18.631: (move f1-3f f2-3f)
18.631: (move f2-4f f2-3f)
18.647: (move f1-4f f1-3f)
18.650: (move f1-4f f1-3f)
18.671: (move f1-4f f1-3f)
18.682: (move f1-4f f1-3f)
18.691: (move f2-3f f3-3f)
18.698: (move f1-4f f2-4f)
18.727: (move f1-4f f2-4f)
18.761: (move f1-4f f2-4f)
18.775: (move f1-4f f2-4f)
18.819: (move f1-5f f2-5f)
18.819: (move f2-4f f2-5f)
18.833: (move f2-4f f3-4f)
18.854: (move f2-4f f3-4f)
18.856: (move f1-4f f2-4f)
18.869: (putdown f1-4f key1-0)
18.891: (move f1-4f f1-3f)
18.901: (move f1-4f f1-3f)
18.904: (move f1-5f f2-5f)
18.904: (move f2-4f f2-5f)
18.904: (move f1-4f f2-4f)
18.921: (move f2-3f f2-4f)
18.933: (move f2-4f f2-5f)
18.934: (move f1-5f f2-5f)
18.941: (move f2-3f f2-4f)
18.949: (move f3-4f f2-4f)
18.951: (move f3-4f f2-4f)
15.991: (move f2-4f f1-4f)
16.004: (move f2-4f f1-4f)
17.309: (move f2-4f f1-4f)
17.315: (move f2-4f f1-4f)
17.801: (move f1-3f f2-3f)
17.801: (move f2-4f f2-3f)
17.806: (move f1-3f f2-3f)
17.807: (move f2-4f f2-3f)
17.832: (move f2-4f f2-3f)
17.833: (move f1-3f f2-3f)
17.847: (move f1-3f f2-3f)
17.847: (move f2-4f f2-3f)
17.916: (move f3-4f f2-4f)
17.938: (move f3-4f f2-4f)
18.239: (unlock f3-4f f3-3f key1-0 shape1)
18.361: (move f2-4f f3-4f)
18.395: (unlock f2-3f f3-3f key1-0 shape1)
18.544: (move f2-4f f3-4f)
18.551: (unlock f3-4f f3-3f key1-0 shape1)
18.649: (unlock f2-3f f3-3f key1-0 shape1)
18.736: (move f2-4f f2-5f)
18.736: (move f1-5f f2-5f)
18.749: (move f2-4f f2-5f)
18.749: (move f1-5f f2-5f)
18.786: (move f1-5f f2-5f)
18.786: (move f2-4f f2-5f)
18.806: (move f2-4f f2-5f)
18.806: (move f1-5f f2-5f)
18.835: (pickup f1-3f key1-1)
18.837: (move f1-3f f2-3f)
18.837: (move f2-4f f2-3f)
18.865: (pickup f1-3f key1-1)
18.879: (pickup f2-4f key2-1)
18.885: (move f1-4f f2-4f)
18.899: (move f3-4f f4-4f)
18.938: (move f3-3f f3-4f)
18.938: (unlock f3-4f f3-3f key1-0 shape1)
18.939: (move f2-4f f3-4f)
18.963: (move f3-3f f3-4f)
18.963: (unlock f3-4f f3-3f key1-0 shape1)
16.164: (unlock f1-4f f1-3f key1-0 shape1)
16.172: (unlock f1-4f f1-3f key1-0 shape1)
16.609: (move f2-4f f1-4f)
16.777: (move f2-4f f1-4f)
17.460: (move f1-3f f2-3f)
17.490: (move f2-3f f2-4f)
17.490: (move f3-4f f2-4f)
17.588: (move f1-3f f2-3f)
17.715: (move f1-3f f1-4f)
17.778: (move f2-3f f2-4f)
17.778: (move f3-4f f2-4f)
17.790: (unlock f2-3f f3-3f key1-0 shape1)
17.796: (unlock f2-3f f3-3f key1-0 shape1)
17.799: (unlock f2-3f f3-3f key1-0 shape1)
17.811: (unlock f2-3f f3-3f key1-0 shape1)
17.980: (move f1-3f f1-4f)
18.409: (move f2-4f f3-4f)
18.476: (move f2-4f f3-4f)
18.486: (move f1-4f f1-5f)
18.503: (move f1-4f f1-5f)
18.547: (move f2-3f f1-3f)
18.695: (move f2-3f f1-3f)
18.867: (move f2-4f f1-4f)
18.891: (unlock f4-4f f4-5f key1-0 shape1)
18.892: (move f2-4f f2-3f)
18.897: (move f2-4f f2-3f)
18.921: (move f3-4f f4-4f)
18.964: (move f2-4f f2-3f)
18.967: (move f2-4f f2-5f)
18.986: (move f2-4f f2-3f)
19.023: (move f1-4f f1-3f)
19.050: (move f1-4f f1-3f)
19.069: (move f3-4f f4-4f)
19.114: (putdown f1-4f key1-0)
19.116: (putdown f1-4f key1-0)
19.175: (move f2-4f f2-5f)
19.232: (move f1-3f f1-2f)
19.245: (move f1-3f f1-2f)
19.362: (move f1-4f f1-5f)
19.383: (move f1-4f f1-5f)
15.332: (pickup-and-loose f1-4f key1-0 key1-1)
15.709: (pickup-and-loose f1-4f key1-0 key1-1)
16.126: (move f1-3f f1-4f)
16.127: (move f2-4f f1-4f)
16.287: (pickup-and-loose f1-4f key1-0 key2-1)
16.356: (move f1-3f f1-4f)
16.357: (move f2-4f f1-4f)
16.819: (move f1-4f f2-4f)
16.819: (move f2-3f f2-4f)
17.125: (move f1-4f f2-4f)
17.125: (move f2-3f f2-4f)
17.396: (unlock f2-3f f3-3f key1-1 shape1)
17.452: (unlock f2-3f f3-3f key1-1 shape1)
18.060: (putdown f2-3f key1-1)
18.075: (putdown f1-4f key1-1)
18.334: (putdown f1-4f key1-1)
18.363: (move f1-4f f1-5f)
18.373: (putdown f2-3f key1-1)
18.389: (move f1-4f f1-5f)
18.434: (unlock f3-4f f3-5f key2-1 shape2)
18.485: (putdown f3-4f key2-1)
18.520: (move f2-5f f1-5f)
18.521: (move f1-4f f1-5f)
18.549: (move f2-3f f3-3f)
18.550: (move f2-3f f3-3f)
18.551: (move f1-4f f1-5f)
18.552: (move f2-5f f1-5f)
18.630: (move f2-3f f3-3f)
18.654: (move f2-3f f3-3f)
18.683: (move f1-4f f1-3f)
18.684: (move f2-3f f1-3f)
18.708: (move f1-4f f1-3f)
18.708: (move f2-3f f1-3f)
18.832: (putdown f1-4f key1-0)
18.848: (move f2-4f f2-5f)
18.867: (putdown f1-4f key1-0)
18.868: (unlock f1-4f f0-4f key2-1 shape2)
18.886: (putdown f1-4f key2-1)
18.888: (move f1-4f f1-3f)
18.888: (move f2-3f f1-3f)
16.216: (pickup-and-loose f1-4f key1-0 key2-1)
16.430: (move f2-4f f3-4f)
16.529: (move f1-4f f2-4f)
16.545: (move f2-4f f3-4f)
16.912: (move f2-3f f2-4f)
16.923: (move f1-4f f2-4f)
17.163: (move f2-3f f3-3f)
17.325: (move f1-4f f1-5f)
17.408: (move f2-3f f3-3f)
17.435: (move f2-3f f2-4f)
17.449: (move f1-4f f1-5f)
17.486: (putdown f2-4f key1-1)
17.498: (pickup-and-loose f2-4f key2-1 key1-1)
17.540: (move f1-4f f2-4f)
17.677: (putdown f2-4f key1-1)
17.797: (move f1-4f f2-4f)
17.879: (move f1-4f f2-4f)
17.993: (move f1-4f f1-3f)
18.091: (move f1-4f f1-3f)
18.099: (move f1-4f f1-5f)
18.235: (move f1-4f f1-5f)
18.237: (move f2-5f f1-5f)
18.237: (move f2-3f f2-4f)
18.252: (move f1-4f f1-5f)
18.360: (putdown f2-3f key1-1)
18.394: (move f2-3f f2-4f)
18.516: (putdown f3-4f key2-1)
18.590: (putdown f2-3f key1-1)
18.678: (move f1-4f f1-3f)
18.684: (move f2-4f f2-5f)
18.795: (move f2-3f f1-3f)
18.798: (move f2-4f f2-5f)
18.816: (move f2-3f f1-3f)
18.848: (move f2-3f f2-2f)
18.849: (move f2-3f f2-2f)
18.854: (putdown f1-4f key1-0)
18.861: (move f1-4f f2-4f)
18.864: (move f3-4f f2-4f)
18.865: (move f1-4f f2-4f)
18.885: (putdown f1-4f key1-0)
14.772: (putdown f3-4f key1-1)
14.888: (putdown f3-4f key1-1)
15.662: (move f2-4f f3-4f)
15.733: (move f2-4f f3-4f)
15.846: (pickup-and-loose f3-4f key0-1 key1-1)
15.883: (pickup-and-loose f3-4f key0-0 key1-1)
15.967: (pickup-and-loose f3-4f key0-1 key1-1)
16.025: (pickup-and-loose f3-4f key0-0 key1-1)
16.324: (move f1-5f f2-5f)
16.325: (move f2-4f f2-5f)
16.536: (move f2-4f f3-4f)
16.536: (unlock f3-4f f3-3f key1-1 shape1)
16.536: (move f3-3f f3-4f)
16.606: (move f1-5f f2-5f)
16.606: (move f2-4f f2-5f)
16.649: (unlock f3-4f f3-3f key1-1 shape1)
16.649: (move f3-3f f3-4f)
16.649: (move f2-4f f3-4f)
16.821: (move f2-4f f3-4f)
16.910: (move f2-4f f3-4f)
17.009: (move f3-4f f4-4f)
17.190: (move f3-4f f4-4f)
17.406: (putdown f3-3f key1-1)
17.516: (move f2-4f f3-4f)
17.523: (move f2-4f f3-4f)
17.567: (move f2-4f f3-4f)
17.587: (move f3-3f f4-3f)
17.590: (move f3-3f f4-3f)
17.604: (move f2-4f f3-4f)
17.605: (move f1-3f f2-3f)
17.606: (move f2-4f f2-3f)
17.627: (putdown f3-3f key1-1)
17.705: (move f1-3f f2-3f)
17.705: (move f2-4f f2-3f)
17.764: (pickup f2-4f key2-1)
17.784: (move f1-4f f2-4f)
17.848: (putdown f2-4f key1-1)
17.854: (pickup-and-loose f2-4f key2-1 key1-1)
17.869: (move f2-4f f3-4f)
18.031: (move f1-4f f0-4f)
14.890: (putdown f3-4f key1-1)
15.006: (putdown f3-4f key1-1)
15.773: (unlock f3-4f f3-3f key1-0 shape1)
15.844: (unlock f3-4f f3-3f key1-0 shape1)
15.958: (pickup-and-loose f3-4f key0-1 key1-1)
15.998: (pickup-and-loose f3-4f key0-0 key1-1)
16.078: (pickup-and-loose f3-4f key0-1 key1-1)
16.141: (pickup-and-loose f3-4f key0-0 key1-1)
16.372: (move f3-4f f4-4f)
16.394: (move f3-4f f4-4f)
16.530: (move f4-3f f4-2f)
16.592: (move f3-4f f2-4f)
16.675: (move f3-4f f2-4f)
16.719: (move f3-4f f2-4f)
16.758: (move f4-3f f4-2f)
16.764: (move f3-4f f2-4f)
16.822: (move f3-4f f2-4f)
16.877: (move f2-4f f3-4f)
16.928: (move f3-4f f4-4f)
16.943: (unlock f4-4f f4-5f key1-1 shape1)
16.964: (move f3-4f f4-4f)
16.979: (unlock f4-4f f4-5f key1-1 shape1)
16.993: (putdown f4-4f key1-1)
16.995: (move f3-4f f2-4f)
17.153: (move f3-3f f3-4f)
17.217: (move f3-3f f3-4f)
17.218: (putdown f4-4f key1-1)
17.315: (move f3-4f f4-4f)
17.315: (move f4-3f f4-4f)
17.412: (move f3-4f f4-4f)
17.489: (move f3-4f f4-4f)
17.528: (move f4-3f f4-4f)
17.528: (move f3-4f f4-4f)
17.560: (move f4-4f f5-4f)
17.644: (unlock f3-4f f3-5f key2-1 shape2)
17.647: (unlock f2-3f f3-3f key1-0 shape1)
17.669: (move f4-4f f4-3f)
17.692: (move f2-4f f3-4f)
17.703: (putdown f3-4f key2-1)
17.708: (pickup-and-loose f4-3f key0-2 key1-1)
15.494: (move f4-4f f4-3f)
15.494: (move f4-4f f4-3f)
16.359: (move f3-4f f3-3f)
16.399: (move f3-4f f3-3f)
16.433: (move f3-4f f4-4f)
16.482: (move f4-4f f3-4f)
16.526: (move f4-3f f4-4f)
16.556: (move f2-3f f2-4f)
16.557: (move f3-4f f2-4f)
16.560: (move f4-3f f3-3f)
16.570: (move f4-4f f5-4f)
16.599: (move f3-4f f4-4f)
16.600: (move f4-4f f3-4f)
16.617: (move f3-4f f2-4f)
16.649: (move f4-4f f5-4f)
16.748: (move f3-4f f2-4f)
16.799: (move f3-4f f2-4f)
16.813: (move f4-4f f3-4f)
16.839: (move f4-4f f5-4f)
16.839: (move f4-3f f4-2f)
16.855: (move f4-4f f5-4f)
16.867: (move f3-4f f2-4f)
16.882: (move f2-4f f1-4f)
16.893: (unlock f3-4f f3-5f key2-1 shape2)
16.903: (move f3-4f f3-3f)
16.911: (move f3-4f f2-4f)
16.915: (move f2-4f f1-4f)
16.916: (move f3-4f f3-3f)
16.918: (move f4-4f f3-4f)
16.918: (move f4-2f f4-1f)
16.925: (move f3-4f f2-4f)
16.940: (putdown f3-4f key2-1)
16.949: (move f3-4f f4-4f)
16.976: (unlock f4-4f f4-5f key1-1 shape1)
16.996: (move f4-2f f4-1f)
16.996: (putdown f4-4f key0-0)
16.996: (move f3-4f f2-4f)
17.017: (putdown f4-4f key0-1)
17.058: (move f4-4f f5-4f)
17.059: (putdown f4-4f key1-1)
14.036: (move f4-3f f4-2f)
14.256: (move f4-3f f4-2f)
14.768: (putdown f3-4f key1-1)
14.885: (putdown f3-4f key1-1)
15.320: (move f2-4f f1-4f)
15.331: (move f3-3f f4-3f)
15.332: (move f4-4f f4-3f)
15.352: (move f3-3f f4-3f)
15.352: (move f4-4f f4-3f)
15.723: (move f2-4f f1-4f)
15.842: (pickup-and-loose f3-4f key0-1 key1-1)
15.876: (pickup-and-loose f3-4f key0-0 key1-1)
15.964: (pickup-and-loose f3-4f key0-1 key1-1)
16.020: (pickup-and-loose f3-4f key0-0 key1-1)
16.348: (move f2-4f f2-5f)
16.606: (move f2-4f f2-5f)
16.631: (unlock f3-4f f3-3f key1-1 shape1)
16.679: (move f4-1f f5-1f)
16.687: (move f4-1f f5-1f)
16.691: (move f4-2f f4-1f)
16.746: (move f4-4f f3-4f)
16.747: (unlock f3-4f f3-3f key1-1 shape1)
16.804: (pickup f1-4f key1-0)
16.880: (move f2-4f f1-4f)
16.891: (putdown f4-4f key0-2)
16.912: (move f4-4f f3-4f)
16.927: (putdown f3-3f key0-2)
16.930: (move f4-4f f3-4f)
16.937: (move f3-4f f2-4f)
16.959: (move f2-4f f1-4f)
16.967: (putdown f3-4f key2-1)
16.980: (move f4-4f f3-4f)
16.980: (move f3-3f f3-4f)
17.128: (pickup f1-4f key1-0)
17.164: (pickup-and-loose f4-3f key0-2 key0-0)
17.194: (move f4-4f f5-4f)
17.229: (putdown f4-3f key0-0)
17.234: (move f4-4f f5-4f)
17.256: (move f4-4f f3-4f)
17.278: (pickup-and-loose f4-3f key2-1 key0-0)
14.019: (move f4-3f f4-2f)
14.150: (move f4-3f f4-2f)
14.874: (putdown f3-4f key1-1)
14.990: (putdown f3-4f key1-1)
15.298: (putdown f4-2f key0-0)
15.425: (putdown f4-2f key0-0)
15.694: (pickup-and-loose f3-4f key0-0 key0-2)
15.942: (pickup-and-loose f3-4f key0-1 key1-1)
15.982: (pickup-and-loose f3-4f key0-0 key1-1)
16.062: (pickup-and-loose f3-4f key0-1 key1-1)
16.125: (pickup-and-loose f3-4f key0-0 key1-1)
16.358: (move f4-3f f4-4f)
16.378: (move f3-4f f4-4f)
16.399: (move f3-4f f4-4f)
16.418: (move f4-1f f5-1f)
16.449: (move f4-3f f4-4f)
16.459: (move f3-4f f2-4f)
16.499: (move f4-3f f4-4f)
16.728: (move f4-2f f5-2f)
16.756: (move f3-4f f2-4f)
16.794: (move f3-4f f2-4f)
16.812: (move f3-4f f2-4f)
16.818: (move f3-4f f2-4f)
16.818: (pickup f1-4f key1-0)
16.858: (move f3-4f f2-4f)
16.893: (move f4-2f f5-2f)
16.935: (move f3-4f f4-4f)
16.958: (move f3-4f f4-4f)
17.075: (pickup-and-loose f4-3f key0-2 key0-0)
17.099: (move f4-4f f3-4f)
17.104: (move f3-3f f3-4f)
17.115: (putdown f3-4f key0-2)
17.124: (move f3-4f f4-4f)
17.141: (putdown f4-3f key0-0)
17.174: (putdown f4-1f key1-1)
17.178: (pickup-and-loose f4-3f key2-1 key0-0)
17.183: (pickup-and-loose f4-3f key0-2 key0-0)
17.183: (pickup f1-4f key1-0)
17.288: (pickup-and-loose f4-3f key0-2 key2-1)
17.290: (putdown f4-3f key0-0)
12.372: (move f4-2f f4-3f)
12.515: (move f4-2f f4-3f)
14.290: (move f3-4f f3-3f)
14.532: (move f3-4f f4-4f)
14.571: (move f4-1f f4-2f)
14.625: (move f3-4f f2-4f)
15.070: (move f4-1f f5-1f)
15.118: (move f4-2f f5-2f)
15.126: (move f4-2f f5-2f)
15.430: (putdown f4-2f key0-0)
15.474: (move f4-4f f4-3f)
15.475: (move f4-4f f4-3f)
15.541: (putdown f4-2f key0-0)
15.629: (pickup f3-4f key0-0)
15.658: (pickup f3-4f key0-0)
16.007: (move f4-2f f4-1f)
16.012: (move f4-2f f4-1f)
16.378: (move f3-4f f4-4f)
16.394: (move f3-4f f4-4f)
16.405: (putdown f4-4f key0-2)
16.411: (move f4-3f f3-3f)
16.417: (move f4-3f f4-4f)
16.421: (move f4-3f f4-4f)
16.424: (move f4-3f f4-4f)
16.427: (move f3-4f f3-3f)
16.439: (move f4-3f f3-3f)
16.440: (move f3-4f f2-4f)
16.459: (move f4-3f f3-3f)
16.490: (move f3-4f f4-4f)
16.512: (move f4-3f f4-4f)
16.526: (move f3-4f f3-3f)
16.531: (move f3-4f f3-3f)
16.611: (move f4-3f f3-3f)
16.635: (putdown f4-4f key2-1)
16.635: (move f3-4f f3-3f)
16.648: (move f3-4f f4-4f)
16.727: (move f3-4f f2-4f)
16.729: (move f2-4f f1-4f)
16.766: (move f4-3f f4-4f)
16.777: (move f2-4f f1-4f)
12.030: (move f4-2f f4-3f)
12.177: (move f4-2f f4-3f)
12.272: (move f4-3f f4-4f)
12.403: (move f4-3f f4-4f)
12.795: (pickup f4-3f key0-2)
12.798: (pickup f4-3f key2-1)
13.125: (pickup f4-3f key0-2)
13.487: (move f4-3f f5-3f)
13.487: (move f5-2f f5-3f)
13.686: (move f5-2f f5-3f)
13.686: (move f4-3f f5-3f)
13.918: (move f4-2f f4-3f)
14.070: (move f4-3f f4-2f)
14.092: (move f4-3f f4-2f)
14.566: (move f3-4f f3-3f)
14.663: (move f3-4f f2-4f)
14.669: (move f3-4f f2-4f)
14.874: (move f3-4f f4-4f)
15.180: (move f5-2f f5-1f)
15.181: (move f4-1f f5-1f)
15.242: (move f3-4f f3-3f)
15.257: (move f4-2f f5-2f)
15.264: (move f4-1f f5-1f)
15.264: (move f5-2f f5-1f)
15.282: (move f4-2f f5-2f)
15.312: (move f3-3f f4-3f)
15.312: (move f4-4f f4-3f)
15.330: (move f3-3f f2-3f)
15.330: (move f2-4f f2-3f)
15.334: (move f3-3f f4-3f)
15.334: (move f4-4f f4-3f)
15.337: (move f2-4f f1-4f)
15.393: (move f3-4f f4-4f)
15.591: (move f4-4f f5-4f)
15.833: (move f3-3f f4-3f)
15.833: (move f4-4f f4-3f)
16.000: (move f2-4f f2-5f)
16.138: (move f4-2f f4-1f)
16.167: (move f4-2f f4-1f)
16.410: (move f5-1f f5-2f)
10.881: (move f4-4f f3-4f)
11.092: (move f4-4f f3-4f)
11.919: (move f4-4f f5-4f)
11.920: (move f5-3f f5-4f)
11.978: (move f4-3f f4-4f)
12.041: (move f5-3f f5-4f)
12.041: (move f4-4f f5-4f)
12.237: (move f4-3f f4-4f)
12.268: (move f4-3f f4-4f)
12.435: (pickup f4-3f key0-2)
12.446: (pickup f4-3f key2-1)
12.499: (move f4-3f f3-3f)
12.555: (move f4-3f f4-4f)
12.627: (move f4-3f f3-3f)
12.671: (move f4-3f f4-4f)
12.800: (pickup f4-3f key0-2)
12.846: (move f4-3f f4-4f)
13.297: (move f4-3f f5-3f)
13.402: (pickup f4-3f key0-2)
13.467: (move f4-3f f5-3f)
13.476: (move f4-3f f5-3f)
13.671: (move f5-2f f5-3f)
13.672: (move f4-3f f5-3f)
13.851: (move f4-3f f5-3f)
13.851: (move f5-2f f5-3f)
14.012: (move f4-3f f4-2f)
14.135: (move f4-3f f4-2f)
14.772: (move f4-3f f5-3f)
14.773: (move f5-2f f5-3f)
14.933: (move f4-3f f4-2f)
15.016: (move f4-3f f4-2f)
15.309: (move f4-3f f4-2f)
15.327: (move f4-3f f4-2f)
15.341: (move f5-2f f5-1f)
15.343: (move f4-1f f5-1f)
15.396: (move f3-3f f2-3f)
15.397: (move f2-4f f2-3f)
15.399: (putdown f4-2f key0-0)
15.453: (move f3-3f f2-3f)
15.453: (move f2-4f f2-3f)
10.912: (move f4-4f f3-4f)
10.984: (move f4-4f f3-4f)
11.010: (move f4-4f f3-4f)
11.011: (move f3-3f f3-4f)
11.036: (move f4-4f f3-4f)
11.230: (move f4-4f f3-4f)
11.230: (move f3-3f f3-4f)
11.579: (move f3-4f f2-4f)
11.752: (move f3-4f f2-4f)
11.761: (move f4-4f f5-4f)
11.762: (move f5-3f f5-4f)
11.973: (move f4-4f f5-4f)
11.973: (move f5-3f f5-4f)
11.984: (move f5-3f f5-4f)
11.984: (move f4-4f f5-4f)
11.988: (putdown f4-4f key0-2)
12.114: (move f4-3f f4-4f)
12.166: (move f4-3f f3-3f)
12.182: (move f4-3f f4-4f)
12.199: (pickup f3-4f key0-1)
12.258: (move f4-4f f5-4f)
12.258: (move f5-3f f5-4f)
12.293: (putdown f4-4f key0-2)
12.303: (putdown f4-4f key2-1)
12.315: (move f4-3f f3-3f)
12.355: (pickup f3-4f key1-1)
12.376: (move f4-3f f3-3f)
12.379: (move f4-4f f5-4f)
12.379: (move f5-3f f5-4f)
12.403: (move f4-4f f3-4f)
12.412: (pickup f3-4f key0-1)
12.508: (move f4-3f f4-4f)
12.524: (move f4-2f f4-3f)
12.544: (move f4-3f f4-4f)
12.567: (pickup f3-4f key1-1)
12.597: (move f3-3f f2-3f)
12.752: (move f3-3f f2-3f)
13.108: (move f5-3f f5-4f)
13.108: (move f4-4f f5-4f)
13.265: (move f4-3f f5-3f)
10.986: (move f4-4f f3-4f)
10.999: (move f4-4f f3-4f)
11.009: (unlock f3-4f f3-5f key2-1 shape2)
11.046: (move f3-3f f3-4f)
11.046: (move f4-4f f3-4f)
11.099: (putdown f3-4f key2-1)
11.102: (move f3-3f f3-4f)
11.102: (move f4-4f f3-4f)
11.110: (putdown f3-4f key0-2)
11.115: (move f3-3f f3-4f)
11.115: (move f4-4f f3-4f)
11.144: (move f4-4f f3-4f)
11.243: (putdown f3-4f key0-2)
11.380: (move f3-4f f2-4f)
11.507: (move f3-4f f2-4f)
11.565: (move f3-4f f2-4f)
11.756: (move f3-4f f2-4f)
11.756: (move f2-3f f2-4f)
11.814: (move f2-4f f1-4f)
11.895: (move f4-3f f4-4f)
11.911: (move f3-4f f2-4f)
11.911: (move f2-3f f2-4f)
11.976: (putdown f5-4f key0-2)
12.044: (move f3-4f f2-4f)
12.044: (pickup f2-4f key2-1)
12.061: (move f3-4f f2-4f)
12.073: (move f4-4f f5-4f)
12.119: (move f4-4f f5-4f)
12.121: (pickup f3-4f key0-1)
12.122: (move f5-3f f5-4f)
12.138: (unlock f3-3f f3-2f key2-1 shape2)
12.139: (move f3-4f f2-4f)
12.170: (move f3-4f f4-4f)
12.172: (putdown f5-4f key0-2)
12.173: (putdown f5-4f key2-1)
12.174: (putdown f3-3f key0-2)
12.178: (move f4-4f f5-4f)
12.181: (pickup f3-4f key0-0)
12.182: (move f4-4f f5-4f)
12.223: (move f3-4f f2-4f)
10.331: (move f3-4f f4-4f)
11.065: (move f4-4f f3-4f)
11.128: (putdown f3-4f key2-1)
11.182: (unlock f3-4f f3-5f key2-1 shape2)
11.222: (putdown f3-4f key2-1)
11.229: (move f3-3f f3-4f)
11.234: (putdown f3-4f key0-2)
11.260: (move f3-3f f3-4f)
11.307: (putdown f3-4f key0-2)
11.360: (move f3-4f f4-4f)
11.500: (move f3-4f f2-4f)
11.553: (move f3-4f f2-4f)
11.586: (putdown f2-4f key0-2)
11.590: (pickup-and-loose f2-4f key2-1 key0-2)
11.602: (move f3-4f f2-4f)
11.625: (putdown f2-4f key0-2)
11.661: (move f3-4f f2-4f)
11.711: (move f2-4f f2-3f)
11.741: (move f3-4f f2-4f)
11.746: (move f3-4f f2-4f)
11.805: (move f2-4f f2-3f)
11.866: (move f3-4f f2-4f)
11.869: (move f2-4f f2-3f)
11.913: (pickup f1-4f key1-0)
11.945: (move f4-4f f5-4f)
11.972: (move f2-4f f1-4f)
11.989: (move f2-4f f1-4f)
12.058: (pickup f2-4f key2-1)
12.058: (move f3-4f f2-4f)
12.058: (move f3-4f f2-4f)
12.078: (move f3-4f f2-4f)
12.100: (move f4-4f f4-3f)
12.102: (move f2-4f f2-3f)
12.130: (move f3-4f f4-4f)
12.190: (move f3-4f f2-4f)
12.195: (move f3-4f f2-4f)
12.200: (move f2-4f f1-4f)
12.218: (move f2-4f f1-4f)
12.239: (move f3-4f f4-4f)
12.248: (move f3-4f f4-4f)
10.290: (move f4-4f f4-3f)
11.103: (move f2-4f f3-4f)
11.113: (move f2-4f f3-4f)
11.123: (move f2-4f f2-3f)
11.165: (move f2-4f f3-4f)
11.193: (move f2-4f f2-3f)
11.196: (pickup-and-loose f1-4f key1-0 key0-2)
11.286: (putdown f3-4f key2-1)
11.295: (putdown f3-4f key2-1)
11.318: (unlock f3-4f f3-5f key2-1 shape2)
11.542: (unlock f2-3f f3-3f key1-1 shape1)
11.648: (pickup-and-loose f1-4f key1-0 key0-2)
11.649: (pickup-and-loose f1-4f key1-0 key2-1)
11.690: (move f3-4f f2-4f)
11.697: (unlock f2-3f f3-3f key1-1 shape1)
11.705: (move f4-4f f5-4f)
11.806: (move f2-4f f1-4f)
11.809: (move f2-4f f1-4f)
11.879: (unlock f1-4f f0-4f key2-1 shape2)
11.884: (putdown f2-4f key2-1)
11.894: (pickup-and-loose f2-4f key2-1 key0-2)
11.907: (move f3-4f f2-4f)
11.912: (putdown f2-4f key0-2)
11.921: (putdown f2-4f key0-2)
11.931: (move f4-4f f5-4f)
11.936: (pickup f2-4f key2-1)
11.952: (move f3-4f f2-4f)
11.954: (move f3-4f f2-4f)
11.956: (move f4-4f f5-4f)
11.991: (putdown f1-4f key0-2)
11.991: (pickup f1-4f key1-0)
11.993: (putdown f1-4f key2-1)
12.003: (move f2-4f f1-4f)
12.006: (move f2-4f f1-4f)
12.053: (move f3-4f f2-4f)
12.128: (move f2-4f f1-4f)
12.157: (pickup f2-4f key2-1)
12.171: (move f3-4f f4-4f)
12.179: (move f2-4f f1-4f)
12.180: (move f3-4f f4-4f)
10.160: (move f4-3f f4-2f)
11.018: (move f2-4f f3-4f)
11.109: (move f2-4f f3-4f)
11.129: (move f2-4f f3-4f)
11.154: (unlock f3-4f f3-5f key2-1 shape2)
11.179: (move f2-4f f3-4f)
11.231: (move f2-4f f3-4f)
11.243: (move f2-4f f3-4f)
11.244: (putdown f3-4f key2-1)
11.353: (putdown f3-4f key2-1)
11.490: (pickup f1-4f key1-0)
11.618: (putdown f1-4f key2-1)
11.710: (pickup-and-loose f1-4f key1-0 key2-1)
11.719: (move f1-4f f2-4f)
11.727: (move f1-4f f2-4f)
11.776: (move f2-3f f2-4f)
11.777: (pickup f1-4f key1-0)
11.869: (move f2-4f f1-4f)
11.879: (pickup f2-4f key2-1)
11.892: (pickup f1-4f key1-0)
11.892: (move f3-4f f4-4f)
11.893: (pickup f1-4f key1-0)
11.898: (pickup f2-4f key2-1)
11.966: (move f3-4f f4-4f)
12.018: (move f1-4f f2-4f)
12.022: (putdown f2-4f key2-1)
12.061: (move f4-4f f5-4f)
12.105: (move f3-4f f2-4f)
12.132: (move f3-4f f2-4f)
12.134: (move f4-4f f5-4f)
12.136: (move f2-3f f1-3f)
12.140: (pickup f2-4f key2-1)
12.146: (move f2-3f f1-3f)
12.149: (move f3-4f f3-3f)
12.158: (move f3-4f f2-4f)
12.176: (move f3-4f f3-3f)
12.207: (putdown f2-4f key2-1)
12.208: (move f2-4f f1-4f)
12.275: (putdown f1-4f key1-0)
12.276: (move f3-4f f4-4f)
10.180: (putdown f4-2f key0-0)
10.957: (move f2-4f f3-4f)
10.973: (move f2-4f f3-4f)
10.975: (move f2-4f f3-4f)
11.031: (pickup-and-loose f3-4f key0-2 key2-1)
11.059: (unlock f3-4f f3-5f key2-1 shape2)
11.120: (move f2-4f f3-4f)
11.136: (unlock f3-4f f3-5f key2-1 shape2)
11.148: (putdown f3-4f key2-1)
11.163: (move f2-4f f3-4f)
11.178: (move f2-4f f3-4f)
11.198: (putdown f3-4f key2-1)
11.248: (unlock f3-4f f3-5f key2-1 shape2)
11.287: (putdown f3-4f key2-1)
11.296: (move f2-4f f3-4f)
11.306: (move f2-4f f3-4f)
11.308: (putdown f3-4f key2-1)
11.549: (pickup-and-loose f1-4f key1-0 key2-1)
11.670: (putdown f2-4f key2-1)
11.676: (move f3-4f f2-4f)
11.700: (move f1-4f f2-4f)
11.700: (move f4-4f f5-4f)
11.739: (move f4-4f f5-4f)
11.777: (unlock f1-4f f0-4f key2-1 shape2)
11.782: (move f1-4f f2-4f)
11.855: (putdown f1-4f key2-1)
11.908: (putdown f1-4f key2-1)
11.910: (move f4-4f f5-4f)
11.923: (move f3-4f f2-4f)
11.924: (pickup-and-loose f1-4f key1-0 key2-1)
11.938: (move f3-4f f4-4f)
11.996: (putdown f4-4f key2-1)
12.081: (move f2-4f f1-4f)
12.081: (move f3-4f f2-4f)
12.085: (move f3-4f f3-3f)
12.121: (move f3-4f f4-4f)
12.135: (unlock f1-4f f0-4f key2-1 shape2)
12.140: (move f3-4f f4-4f)
12.143: (move f3-4f f4-4f)
12.148: (move f3-4f f4-4f)
8.343: (move f4-2f f4-3f)
10.949: (unlock f3-4f f3-5f key2-1 shape2)
11.065: (pickup-and-loose f3-4f key0-2 key2-1)
11.067: (putdown f3-4f key2-1)
11.085: (pickup-and-loose f3-4f key0-2 key2-1)
11.086: (move f2-4f f3-4f)
11.101: (move f2-4f f3-4f)
11.142: (move f4-4f f3-4f)
11.183: (unlock f3-4f f3-5f key2-1 shape2)
11.188: (putdown f3-4f key2-1)
11.193: (unlock f3-4f f3-5f key2-1 shape2)
11.197: (move f2-4f f3-4f)
11.208: (putdown f3-4f key2-1)
11.223: (unlock f3-4f f3-5f key2-1 shape2)
11.232: (putdown f3-4f key2-1)
11.233: (putdown f3-4f key2-1)
11.253: (putdown f3-4f key2-1)
11.371: (putdown f3-4f key2-1)
11.494: (putdown f1-4f key2-1)
11.509: (pickup-and-loose f1-4f key1-0 key2-1)
11.609: (pickup-and-loose f1-4f key1-0 key2-1)
11.621: (move f4-2f f5-2f)
11.625: (move f1-4f f2-4f)
11.717: (move f4-4f f5-4f)
11.757: (unlock f1-4f f0-4f key2-1 shape2)
11.787: (putdown f1-4f key2-1)
11.831: (move f2-4f f1-4f)
11.873: (pickup-and-loose f2-4f key0-2 key2-1)
11.906: (move f1-4f f2-4f)
11.911: (pickup f2-4f key2-1)
11.917: (move f3-4f f2-4f)
11.921: (putdown f2-4f key2-1)
11.924: (pickup-and-loose f4-4f key0-2 key2-1)
11.967: (putdown f5-4f key2-1)
11.969: (move f3-4f f2-4f)
11.972: (move f3-4f f2-4f)
11.982: (putdown f4-4f key2-1)
11.985: (pickup-and-loose f1-4f key1-0 key2-1)
12.037: (move f3-4f f4-4f)
12.044: (move f4-4f f5-4f)
7.840: (pickup f4-3f key0-2)
8.121: (move f4-3f f4-4f)
10.124: (move f5-2f f5-3f)
10.125: (move f4-3f f5-3f)
10.746: (move f5-2f f5-1f)
10.941: (move f4-4f f3-4f)
10.984: (move f2-4f f3-4f)
11.008: (move f2-4f f3-4f)
11.054: (move f4-4f f3-4f)
11.063: (putdown f3-4f key2-1)
11.077: (move f2-4f f3-4f)
11.156: (pickup-and-loose f3-4f key0-2 key2-1)
11.205: (move f2-4f f3-4f)
11.212: (move f2-4f f3-4f)
11.229: (putdown f3-4f key2-1)
11.295: (putdown f3-4f key2-1)
11.320: (putdown f3-4f key2-1)
11.569: (pickup-and-loose f1-4f key1-0 key2-1)
11.596: (move f3-4f f2-4f)
11.637: (move f1-4f f2-4f)
11.666: (pickup f1-4f key1-0)
11.693: (putdown f2-4f key2-1)
11.737: (putdown f1-4f key2-1)
11.845: (move f1-4f f2-4f)
11.879: (putdown f2-4f key2-1)
11.890: (move f3-4f f2-4f)
11.918: (move f3-4f f4-4f)
11.964: (move f3-4f f2-4f)
12.003: (move f2-4f f1-4f)
12.027: (move f4-4f f5-4f)
12.029: (move f3-4f f2-4f)
12.056: (move f4-4f f5-4f)
12.063: (move f1-4f f2-4f)
12.077: (move f3-4f f2-4f)
12.078: (move f3-4f f2-4f)
12.105: (move f3-4f f2-4f)
12.117: (putdown f1-4f key1-0)
12.117: (move f3-4f f2-4f)
12.122: (move f3-4f f4-4f)
12.136: (move f3-4f f3-3f)
7.570: (move f4-3f f4-4f)
8.144: (move f4-4f f3-4f)
8.621: (move f5-3f f5-4f)
8.621: (move f4-4f f5-4f)
9.553: (move f4-3f f5-3f)
9.588: (move f4-3f f4-2f)
11.013: (unlock f3-4f f3-5f key2-1 shape2)
11.091: (putdown f3-4f key2-1)
11.124: (move f2-4f f3-4f)
11.146: (putdown f3-4f key0-2)
11.151: (move f2-4f f3-4f)
11.183: (move f2-4f f3-4f)
11.214: (move f2-4f f3-4f)
11.243: (unlock f3-4f f3-5f key2-1 shape2)
11.248: (move f2-4f f3-4f)
11.257: (putdown f3-4f key2-1)
11.281: (putdown f3-4f key0-2)
11.506: (pickup-and-loose f1-4f key1-0 key2-1)
11.597: (move f3-4f f2-4f)
11.647: (move f1-4f f2-4f)
11.705: (unlock f1-4f f0-4f key2-1 shape2)
11.715: (move f1-4f f2-4f)
11.775: (putdown f2-4f key2-1)
11.780: (move f2-4f f1-4f)
11.835: (move f4-4f f5-4f)
11.933: (putdown f2-4f key2-1)
11.950: (move f3-4f f4-4f)
11.951: (move f3-4f f2-4f)
11.951: (pickup f2-4f key0-2)
11.973: (putdown f2-4f key2-1)
11.975: (pickup-and-loose f1-4f key0-2 key2-1)
11.976: (move f3-4f f4-4f)
11.981: (move f2-4f f1-4f)
11.990: (move f2-4f f1-4f)
12.018: (putdown f1-4f key2-1)
12.039: (move f2-4f f1-4f)
12.066: (move f3-4f f2-4f)
12.071: (move f3-4f f4-4f)
12.080: (move f2-4f f2-5f)
12.090: (move f3-4f f4-4f)
7.070: (pickup f3-4f key0-1)
7.834: (move f4-4f f3-4f)
7.933: (move f3-4f f2-4f)
8.192: (putdown f4-4f key0-2)
8.437: (move f5-3f f5-4f)
8.437: (move f4-4f f5-4f)
10.019: (putdown f4-2f key0-2)
10.241: (putdown f5-3f key0-2)
10.283: (pickup-and-loose f4-2f key0-0 key0-2)
10.943: (move f2-4f f3-4f)
11.023: (pickup f3-4f key0-2)
11.057: (move f2-4f f3-4f)
11.068: (move f2-4f f3-4f)
11.124: (putdown f3-4f key2-1)
11.134: (unlock f3-4f f3-5f key2-1 shape2)
11.170: (move f2-4f f3-4f)
11.176: (putdown f3-4f key2-1)
11.188: (move f5-4f f5-5f)
11.231: (move f2-4f f3-4f)
11.288: (putdown f3-4f key2-1)
11.452: (move f4-2f f5-2f)
11.452: (move f5-3f f5-2f)
11.569: (pickup-and-loose f1-4f key1-0 key2-1)
11.634: (putdown f1-4f key2-1)
11.637: (pickup f1-4f key1-0)
11.682: (move f2-4f f1-4f)
11.690: (move f1-4f f2-4f)
11.730: (pickup-and-loose f1-4f key0-2 key2-1)
11.806: (pickup-and-loose f1-4f key1-0 key2-1)
11.856: (move f2-4f f1-4f)
11.871: (move f1-4f f2-4f)
11.890: (move f4-4f f5-4f)
11.895: (move f3-4f f2-4f)
11.924: (move f1-4f f2-4f)
11.942: (putdown f1-4f key2-1)
11.951: (move f3-4f f2-4f)
11.954: (pickup f4-4f key0-2)
11.958: (move f3-4f f2-4f)
11.962: (move f2-4f f1-4f)
11.981: (putdown f4-4f key2-1)
5.735: (move f3-4f f2-4f)
6.341: (move f3-4f f4-4f)
6.963: (pickup-and-loose f3-4f key0-1 key0-2)
7.062: (pickup f2-4f key2-1)
7.648: (move f3-4f f2-4f)
7.679: (move f2-4f f2-3f)
8.148: (move f4-4f f3-4f)
8.229: (putdown f3-4f key0-2)
8.363: (move f4-2f f4-3f)
8.492: (move f4-4f f4-3f)
8.504: (move f5-3f f4-3f)
8.664: (putdown f5-4f key0-2)
8.766: (move f4-4f f5-4f)
8.991: (move f5-3f f5-4f)
9.004: (move f2-4f f1-4f)
9.888: (move f2-4f f2-5f)
10.035: (move f4-2f f4-3f)
10.648: (move f5-2f f5-1f)
10.912: (move f4-4f f3-4f)
10.912: (move f2-4f f3-4f)
10.956: (move f2-4f f3-4f)
10.999: (move f4-4f f3-4f)
11.101: (move f5-4f f5-5f)
11.164: (putdown f3-4f key2-1)
11.186: (move f2-4f f3-4f)
11.525: (pickup f1-4f key1-0)
11.547: (pickup-and-loose f1-4f key1-0 key0-2)
11.601: (move f4-2f f5-2f)
11.645: (putdown f5-2f key0-2)
11.765: (move f1-4f f2-4f)
11.772: (putdown f2-4f key0-2)
11.786: (pickup f1-4f key1-0)
11.802: (move f5-3f f5-2f)
11.832: (move f2-4f f1-4f)
11.853: (putdown f1-4f key0-2)
11.860: (move f3-4f f4-4f)
11.862: (putdown f2-4f key2-1)
11.891: (move f1-4f f2-4f)
11.892: (move f3-4f f2-4f)
11.896: (move f3-4f f2-4f)
5.856: (move f3-4f f2-4f)
6.122: (move f4-4f f4-3f)
6.134: (move f4-4f f5-4f)
6.218: (move f3-4f f4-4f)
6.283: (move f2-4f f2-3f)
6.719: (move f2-4f f1-4f)
6.985: (move f2-4f f2-3f)
7.109: (pickup f1-4f key1-0)
7.163: (pickup f3-4f key0-1)
7.285: (move f2-4f f2-5f)
7.354: (move f2-4f f2-3f)
7.497: (move f3-4f f4-4f)
7.626: (move f3-4f f2-4f)
7.685: (pickup-and-loose f2-4f key2-1 key0-2)
7.690: (pickup-and-loose f2-4f key2-1 key0-1)
7.847: (move f2-4f f3-4f)
7.894: (move f5-4f f4-4f)
7.894: (move f4-3f f4-4f)
7.960: (move f3-4f f2-4f)
7.988: (move f4-3f f4-4f)
8.042: (putdown f2-4f key0-1)
8.060: (putdown f2-4f key0-2)
8.087: (putdown f4-4f key0-1)
8.176: (move f2-3f f1-3f)
8.176: (move f1-4f f1-3f)
8.216: (move f5-4f f4-4f)
8.344: (move f2-4f f1-4f)
8.708: (move f2-4f f1-4f)
8.838: (move f2-3f f2-2f)
9.247: (move f2-4f f2-5f)
9.612: (move f2-4f f2-5f)
9.774: (move f4-3f f4-2f)
9.775: (move f5-2f f4-2f)
9.834: (move f4-3f f4-2f)
9.861: (move f4-3f f5-3f)
9.861: (move f5-4f f5-3f)
9.956: (move f4-3f f5-3f)
9.957: (move f5-2f f5-3f)
10.165: (move f5-2f f4-2f)
10.184: (move f5-2f f5-3f)
5.203: (move f4-3f f4-2f)
5.263: (move f5-4f f5-3f)
5.263: (move f4-3f f5-3f)
5.355: (move f1-4f f1-3f)
5.355: (move f2-3f f1-3f)
5.729: (move f3-4f f2-4f)
6.013: (move f2-3f f2-2f)
6.056: (move f4-4f f4-3f)
6.101: (move f4-4f f5-4f)
6.112: (move f3-4f f4-4f)
6.251: (move f2-4f f2-3f)
6.512: (pickup-and-loose f1-4f key1-0 key0-1)
6.605: (pickup-and-loose f3-4f key0-1 key2-1)
6.680: (move f2-4f f1-4f)
6.685: (pickup f2-4f key2-1)
7.070: (move f2-5f f1-5f)
7.071: (move f1-4f f1-5f)
7.119: (pickup f2-4f key2-1)
7.293: (pickup-and-loose f1-4f key1-0 key0-2)
7.301: (move f2-4f f2-3f)
7.321: (move f2-4f f2-3f)
7.335: (move f2-4f f2-3f)
7.345: (move f2-4f f2-3f)
7.364: (move f2-4f f2-5f)
7.410: (move f5-4f f5-5f)
7.432: (pickup-and-loose f1-4f key1-0 key2-1)
7.608: (move f2-4f f2-3f)
7.611: (putdown f2-3f key2-1)
7.680: (pickup-and-loose f4-3f key0-2 key0-1)
7.735: (pickup-and-loose f2-4f key2-1 key0-1)
7.773: (move f4-4f f4-3f)
7.797: (move f3-4f f4-4f)
7.824: (unlock f3-4f f3-5f key2-1 shape2)
7.898: (move f2-4f f2-3f)
7.923: (move f2-4f f3-4f)
7.965: (putdown f5-4f key0-1)
8.041: (putdown f4-4f key0-1)
8.057: (putdown f4-3f key0-1)
8.060: (putdown f2-5f key0-1)
8.070: (unlock f1-4f f0-4f key2-1 shape2)
4.550: (move f5-3f f5-2f)
4.550: (move f4-2f f5-2f)
4.924: (move f4-3f f5-3f)
4.924: (move f5-4f f5-3f)
4.962: (move f4-3f f4-2f)
5.155: (move f4-2f f4-1f)
5.364: (move f1-4f f1-3f)
5.364: (move f2-3f f1-3f)
5.561: (move f1-4f f1-3f)
5.583: (move f2-2f f1-2f)
5.583: (move f1-3f f1-2f)
5.731: (move f3-4f f2-4f)
6.046: (move f2-3f f2-2f)
6.124: (pickup-and-loose f4-2f key0-0 key0-1)
6.189: (pickup-and-loose f3-4f key0-1 key2-1)
6.221: (move f1-4f f2-4f)
6.307: (move f4-4f f4-3f)
6.356: (move f2-4f f2-3f)
6.407: (pickup-and-loose f1-4f key1-0 key0-1)
6.457: (move f3-4f f4-4f)
6.475: (move f2-2f f2-1f)
6.485: (move f4-4f f5-4f)
6.636: (unlock f1-5f f0-5f key0-1 shape0)
6.732: (move f2-3f f1-3f)
6.748: (move f2-4f f1-4f)
6.750: (move f1-3f f0-3f)
6.781: (move f2-3f f1-3f)
6.908: (pickup-and-loose f3-4f key0-1 key2-1)
6.965: (move f2-4f f2-3f)
6.984: (move f2-4f f2-3f)
7.041: (move f1-4f f1-5f)
7.041: (move f2-5f f1-5f)
7.047: (pickup-and-loose f1-4f key1-0 key2-1)
7.108: (putdown f5-3f key0-1)
7.172: (putdown f4-2f key0-1)
7.203: (move f1-4f f2-4f)
7.308: (move f3-4f f2-4f)
7.319: (move f2-4f f2-5f)
7.379: (move f2-3f f2-2f)
7.402: (move f2-4f f2-3f)
2.970: (move f5-2f f5-1f)
2.970: (move f4-1f f5-1f)
4.529: (move f5-3f f5-2f)
4.529: (move f4-2f f5-2f)
4.996: (unlock f4-1f f4-0f key0-1 shape0)
5.016: (unlock f4-1f f3-1f key0-1 shape0)
5.016: (move f4-3f f4-2f)
5.034: (move f4-3f f5-3f)
5.035: (move f5-4f f5-3f)
5.102: (move f4-2f f4-1f)
5.402: (move f1-4f f1-3f)
5.403: (move f2-3f f1-3f)
5.477: (move f1-4f f1-3f)
5.610: (move f1-3f f1-2f)
5.610: (move f2-2f f1-2f)
5.613: (move f2-4f f2-3f)
5.862: (move f2-1f f1-1f)
5.864: (move f1-2f f1-1f)
5.892: (move f3-4f f2-4f)
5.909: (move f3-4f f2-4f)
6.009: (move f1-2f f0-2f)
6.009: (move f0-3f f0-2f)
6.066: (move f2-3f f2-2f)
6.105: (pickup-and-loose f4-2f key0-0 key0-1)
6.126: (move f4-4f f4-3f)
6.200: (unlock f2-1f f3-1f key0-1 shape0)
6.221: (move f4-4f f5-4f)
6.260: (move f1-3f f1-2f)
6.264: (move f3-4f f4-4f)
6.317: (move f2-4f f1-4f)
6.413: (move f2-2f f2-1f)
6.539: (pickup-and-loose f1-4f key1-0 key0-1)
6.565: (move f1-4f f2-4f)
6.586: (move f3-4f f4-4f)
6.597: (unlock f1-5f f0-5f key0-1 shape0)
6.617: (pickup-and-loose f4-1f key1-1 key0-1)
6.662: (move f2-4f f2-3f)
6.663: (move f1-3f f2-3f)
6.666: (move f2-1f f2-0f)
6.693: (move f1-3f f0-3f)
2.915: (move f4-1f f5-1f)
2.915: (move f5-2f f5-1f)
3.074: (move f4-1f f5-1f)
3.143: (move f4-1f f5-1f)
3.337: (putdown f5-1f key0-1)
[Final] Expanded: 1358, Generated: 6169
Found a solution of length 42!
   1: (move f5-2f f5-3f)
   2: (pickup f5-3f key2-1)
   3: (move f5-3f f4-3f)
   4: (move f4-3f f4-4f)
   5: (move f4-4f f3-4f)
   6: (move f3-4f f2-4f)
   7: (putdown f2-4f key2-1)
   8: (move f2-4f f2-5f)
   9: (pickup f2-5f key1-0)
  10: (move f2-5f f2-4f)
  11: (move f2-4f f1-4f)
  12: (unlock f1-4f f1-3f key1-0 shape1)
  13: (putdown f1-4f key1-0)
  14: (move f1-4f f1-3f)
  15: (pickup f1-3f key1-1)
  16: (move f1-3f f1-4f)
  17: (move f1-4f f2-4f)
  18: (move f2-4f f3-4f)
  19: (move f3-4f f4-4f)
  20: (move f4-4f f4-3f)
  21: (move f4-3f f4-2f)
  22: (move f4-2f f4-1f)
  23: (putdown f4-1f key1-1)
  24: (move f4-1f f4-2f)
  25: (move f4-2f f4-3f)
  26: (move f4-3f f4-4f)
  27: (move f4-4f f3-4f)
  28: (pickup f3-4f key0-0)
  29: (move f3-4f f4-4f)
  30: (move f4-4f f4-3f)
  31: (move f4-3f f4-2f)
  32: (putdown f4-2f key0-0)
  33: (move f4-2f f4-3f)
  34: (move f4-3f f4-4f)
  35: (move f4-4f f3-4f)
  36: (pickup f3-4f key0-1)
  37: (move f3-4f f4-4f)
  38: (move f4-4f f5-4f)
  39: (move f5-4f f5-3f)
  40: (move f5-3f f5-2f)
  41: (move f5-2f f5-1f)
  42: (putdown f5-1f key0-1)
