Torch: 2.12.0+cu130
Using GPU:  NVIDIA L40S
[Bellman] lambda=0 -> baseline (no widening signal)
[Binc] OPTION6 binc_beta=8.0 signal=BELLMAN INCONSISTENCY (1-step min-W1 parent-vs-child) vs SIBLINGS (boosts exploration toward inconsistent children; prior untouched)
[Value] SELF-CONSISTENT: leaf value = QR-DQN max_a mean Z(s,a) (SAC critics bypassed; prior still SAC policy)
/u/ibrahim.eisawy/Neural-Guided-Search/venv/lib/python3.10/site-packages/pymimir_rgnn/model.py:162: UserWarning: index_reduce() is in beta and the API may change at any time. (Triggered internally at /pytorch/aten/src/ATen/native/cuda/Indexing.cu:1541.)
  exps_max.index_reduce_(0, output_indices, output_messages, reduce="amax", include_self=False)
  [sim 500] root visits=500, unique states=83, generated=82, iqn_calls=228
  [sim 1000] root visits=1000, unique states=128, generated=127, iqn_calls=345
  [sim 1500] root visits=1500, unique states=163, generated=162, iqn_calls=435
  [sim 2000] root visits=2000, unique states=203, generated=202, iqn_calls=526
  [sim 2500] root visits=2500, unique states=244, generated=243, iqn_calls=621
  [sim 3000] root visits=3000, unique states=278, generated=277, iqn_calls=707
  [sim 3500] root visits=3500, unique states=313, generated=312, iqn_calls=794
  [sim 4000] root visits=4000, unique states=354, generated=353, iqn_calls=880
  [sim 4500] root visits=4500, unique states=395, generated=394, iqn_calls=978
  [sim 5000] root visits=5000, unique states=440, generated=439, iqn_calls=1076
  [sim 5500] root visits=5500, unique states=473, generated=472, iqn_calls=1152
  [sim 6000] root visits=6000, unique states=515, generated=514, iqn_calls=1256
  [sim 6500] root visits=6500, unique states=559, generated=558, iqn_calls=1354
  [sim 7000] root visits=7000, unique states=594, generated=593, iqn_calls=1429
  [sim 7500] root visits=7500, unique states=634, generated=633, iqn_calls=1517
  [sim 8000] root visits=8000, unique states=707, generated=706, iqn_calls=1681
  [sim 8500] root visits=8500, unique states=746, generated=745, iqn_calls=1763
  [sim 9000] root visits=9000, unique states=788, generated=787, iqn_calls=1853
  [sim 9500] root visits=9500, unique states=833, generated=832, iqn_calls=1952
  [sim 10000] root visits=10000, unique states=880, generated=879, iqn_calls=2051
  [sim 10500] root visits=10500, unique states=924, generated=923, iqn_calls=2144
  [sim 11000] root visits=11000, unique states=954, generated=953, iqn_calls=2222
  [sim 11500] root visits=11500, unique states=987, generated=986, iqn_calls=2312
  [sim 12000] root visits=12000, unique states=1019, generated=1018, iqn_calls=2385
  [sim 12500] root visits=12500, unique states=1049, generated=1048, iqn_calls=2457
  [sim 13000] root visits=13000, unique states=1085, generated=1084, iqn_calls=2544
[Final] Expanded: 1095, Generated: 1095
[Cost] IQN forward calls (Bellman signal): 2572
[Widen] nodes widened: 0, mean w: 0.0000
[Binc] child-edges modulated: 2210, mean mult: 2.6294 (1.0 = no change; >1 = boosted toward inconsistent)
[search done] simulations=13236, unique states generated=1095
Failed to find a solution!
