/u/ibrahim.eisawy/Neural-Guided-Search/venv/lib/python3.10/site-packages/pymimir_rgnn/model.py:151: UserWarning: index_reduce() is in beta and the API may change at any time. (Triggered internally at /pytorch/aten/src/ATen/native/cuda/Indexing.cu:1541.)
  max_msg.index_reduce_(0, output_indices, output_messages, reduce='amax', include_self=True)
Torch: 2.12.0+cu130
Using GPU:  NVIDIA L40S
10.345: (pickup f2-3f key0-0)
10.353: (move f2-3f f2-2f)
11.031: (pickup f2-3f key0-1)
11.576: (move f2-3f f3-3f)
10.031: (move f2-3f f2-2f)
10.244: (move f2-2f f1-2f)
10.335: (unlock f2-3f f1-3f key0-0 shape0)
10.356: (move f2-3f f2-2f)
11.034: (unlock f2-3f f1-3f key0-1 shape0)
11.427: (move f2-3f f3-3f)
11.519: (move f2-3f f3-3f)
11.878: (move f2-2f f2-1f)
inf: (pickup-and-loose f2-3f key0-1 key0-0)
inf: (putdown f2-3f key0-0)
9.030: (move f2-2f f1-2f)
9.585: (putdown f2-2f key0-1)
9.949: (move f2-3f f1-3f)
10.013: (unlock f2-2f f3-2f key0-1 shape0)
10.037: (move f2-3f f2-2f)
10.093: (move f2-3f f1-3f)
10.108: (move f2-2f f2-1f)
10.204: (move f2-2f f1-2f)
10.344: (unlock f2-2f f3-2f key0-0 shape0)
10.345: (move f2-3f f2-2f)
8.056: (move f1-2f f0-2f)
9.011: (move f1-3f f1-2f)
9.011: (unlock f1-2f f1-3f key0-1 shape0)
9.011: (move f2-2f f1-2f)
9.027: (move f1-3f f0-3f)
9.046: (move f2-2f f1-2f)
9.269: (move f2-1f f3-1f)
9.583: (putdown f2-2f key0-1)
9.591: (putdown f2-2f key0-1)
9.628: (move f2-2f f1-2f)
8.027: (pickup-and-loose f0-2f key1-1 key0-1)
8.044: (move f0-3f f0-2f)
8.044: (move f1-2f f0-2f)
8.063: (move f1-2f f0-2f)
8.351: (move f3-1f f3-0f)
8.954: (move f1-2f f0-2f)
9.031: (unlock f1-2f f1-3f key0-1 shape0)
9.043: (move f0-2f f0-1f)
9.052: (move f0-2f f0-3f)
9.279: (unlock f3-1f f3-2f key0-1 shape0)
6.164: (pickup f0-2f key1-1)
7.591: (putdown f3-0f key0-1)
7.613: (move f0-2f f1-2f)
8.009: (pickup-and-loose f0-2f key1-1 key0-1)
8.042: (pickup-and-loose f0-2f key1-1 key0-1)
8.055: (move f1-2f f0-2f)
8.384: (move f3-1f f3-0f)
9.050: (move f0-2f f0-1f)
9.058: (move f0-2f f0-1f)
9.063: (move f0-2f f0-3f)
5.409: (move f0-2f f1-2f)
6.944: (move f0-2f f0-1f)
6.952: (move f0-2f f0-3f)
6.976: (move f1-2f f2-2f)
7.439: (move f3-0f f3-1f)
7.565: (unlock f1-2f f1-1f key1-1 shape1)
7.573: (move f0-2f f1-2f)
7.605: (putdown f3-0f key0-1)
7.627: (move f0-2f f1-2f)
8.020: (pickup-and-loose f0-2f key1-1 key0-1)
4.271: (move f1-2f f2-2f)
5.402: (unlock f1-2f f1-1f key1-1 shape1)
6.405: (putdown f1-2f key1-1)
6.831: (putdown f2-2f key1-1)
6.934: (unlock f0-1f f1-1f key1-1 shape1)
6.972: (move f1-2f f2-2f)
6.977: (move f1-2f f2-2f)
6.986: (move f1-2f f2-2f)
7.021: (move f0-1f f0-0f)
7.107: (move f3-1f f2-1f)
4.020: (pickup-and-loose f2-2f key0-1 key1-1)
4.285: (move f1-2f f2-2f)
5.076: (putdown f2-2f key1-1)
5.350: (move f2-2f f2-1f)
5.380: (move f2-2f f2-3f)
6.001: (move f1-2f f1-1f)
6.001: (move f0-1f f1-1f)
6.046: (move f2-1f f2-2f)
6.155: (move f1-2f f0-2f)
6.155: (move f0-1f f0-2f)
3.042: (move f2-2f f2-1f)
3.993: (move f2-2f f2-3f)
4.013: (pickup-and-loose f2-2f key0-1 key1-1)
4.021: (move f2-2f f1-2f)
4.039: (unlock f2-2f f3-2f key0-1 shape0)
5.084: (move f2-2f f1-2f)
5.259: (putdown f2-2f key1-1)
5.307: (move f1-1f f2-1f)
5.307: (move f2-2f f2-1f)
5.307: (unlock f2-1f f1-1f key1-1 shape1)
2.335: (move f2-1f f3-1f)
2.990: (move f2-2f f2-1f)
3.029: (move f2-2f f3-2f)
3.047: (move f2-2f f2-1f)
3.971: (move f1-2f f0-2f)
3.981: (unlock f1-2f f1-3f key0-1 shape0)
3.989: (unlock f2-3f f1-3f key0-1 shape0)
3.996: (move f2-2f f1-2f)
4.013: (move f2-2f f1-2f)
4.030: (unlock f2-2f f3-2f key0-1 shape0)
1.756: (move f3-1f f3-0f)
2.165: (move f3-2f f3-1f)
2.165: (unlock f3-1f f3-2f key0-1 shape0)
2.165: (move f2-1f f3-1f)
2.329: (move f2-1f f3-1f)
2.994: (move f2-2f f2-1f)
3.031: (move f2-2f f3-2f)
3.943: (move f2-1f f1-1f)
3.943: (move f1-2f f1-1f)
3.955: (unlock f1-2f f1-3f key0-1 shape0)
1.532: (putdown f3-0f key0-1)
[Final] Expanded: 103, Generated: 413
Found a solution of length 13!
   1: (pickup f2-3f key0-1)
   2: (move f2-3f f2-2f)
   3: (putdown f2-2f key0-1)
   4: (move f2-2f f1-2f)
   5: (move f1-2f f0-2f)
   6: (pickup f0-2f key1-1)
   7: (move f0-2f f1-2f)
   8: (move f1-2f f2-2f)
   9: (pickup-and-loose f2-2f key0-1 key1-1)
  10: (move f2-2f f2-1f)
  11: (move f2-1f f3-1f)
  12: (move f3-1f f3-0f)
  13: (putdown f3-0f key0-1)
