/u/ibrahim.eisawy/Neural-Guided-Search/venv/lib/python3.10/site-packages/pymimir_rgnn/model.py:151: UserWarning: index_reduce() is in beta and the API may change at any time. (Triggered internally at /pytorch/aten/src/ATen/native/cuda/Indexing.cu:1541.)
  max_msg.index_reduce_(0, output_indices, output_messages, reduce='amax', include_self=True)
Torch: 2.12.0+cu130
Using GPU:  NVIDIA L40S
19.536: (move f1-4f f2-4f)
21.187: (pickup f1-4f key1-1)
24.237: (move f1-4f f0-4f)
17.568: (pickup f2-4f key2-0)
19.320: (move f2-4f f2-3f)
19.472: (move f1-4f f2-4f)
19.725: (move f2-4f f3-4f)
23.664: (move f1-4f f0-4f)
inf: (move f2-4f f1-4f)
inf: (putdown f1-4f key1-1)
inf: (move f0-4f f1-4f)
17.405: (pickup f3-4f key0-1)
17.565: (pickup-and-loose f2-4f key2-0 key1-1)
18.147: (move f2-4f f1-4f)
18.468: (move f2-4f f3-4f)
18.658: (move f2-4f f2-3f)
19.261: (move f2-4f f2-3f)
19.393: (putdown f2-4f key1-1)
19.471: (pickup f3-4f key2-1)
19.603: (move f2-4f f3-4f)
20.097: (move f2-3f f3-3f)
17.198: (move f3-4f f2-4f)
17.200: (pickup-and-loose f3-4f key0-1 key2-0)
17.245: (pickup-and-loose f1-4f key1-1 key2-0)
17.408: (pickup-and-loose f3-4f key0-1 key1-1)
17.579: (putdown f1-4f key2-0)
17.898: (unlock f3-4f f4-4f key2-0 shape2)
17.986: (move f3-4f f3-3f)
18.237: (move f2-4f f1-4f)
18.450: (move f3-4f f2-4f)
18.475: (unlock f3-4f f4-4f key2-1 shape2)
15.422: (move f1-4f f2-4f)
15.434: (move f1-4f f2-4f)
16.211: (pickup-and-loose f3-4f key0-1 key2-0)
16.508: (move f2-4f f2-3f)
16.508: (move f3-3f f2-3f)
16.595: (move f3-4f f2-4f)
16.861: (pickup-and-loose f3-4f key0-1 key2-1)
17.242: (move f3-4f f2-4f)
17.344: (move f3-4f f4-4f)
17.482: (move f3-4f f2-4f)
14.859: (move f2-4f f3-4f)
15.230: (move f2-4f f3-4f)
15.473: (putdown f2-4f key1-1)
15.787: (move f2-4f f2-3f)
15.820: (move f2-4f f2-3f)
16.432: (move f3-4f f2-4f)
16.457: (move f2-4f f2-3f)
16.467: (unlock f2-3f f1-3f key0-1 shape0)
16.520: (move f3-4f f2-4f)
16.609: (move f3-4f f3-3f)
12.907: (pickup-and-loose f3-4f key0-1 key1-1)
12.936: (pickup f3-4f key0-1)
15.156: (pickup-and-loose f3-4f key2-1 key1-1)
15.172: (putdown f3-4f key1-1)
15.192: (pickup f3-4f key2-1)
15.401: (move f3-4f f3-3f)
15.401: (move f2-3f f3-3f)
15.425: (move f3-4f f3-3f)
15.426: (move f2-3f f3-3f)
15.434: (move f2-4f f3-4f)
13.042: (pickup f3-4f key0-1)
13.247: (move f3-4f f3-3f)
13.254: (move f3-4f f3-3f)
13.273: (move f3-4f f2-4f)
13.274: (move f3-4f f2-4f)
14.127: (move f3-4f f3-3f)
14.136: (move f3-4f f3-3f)
14.262: (move f3-4f f2-4f)
14.263: (move f3-4f f2-4f)
14.351: (unlock f3-4f f4-4f key2-1 shape2)
12.595: (move f3-3f f2-3f)
12.595: (move f2-4f f2-3f)
12.604: (move f2-4f f2-3f)
12.605: (move f3-3f f2-3f)
12.725: (pickup-and-loose f3-4f key0-1 key2-1)
13.032: (move f3-4f f4-4f)
13.183: (move f3-4f f3-3f)
13.263: (move f3-4f f3-3f)
13.300: (move f3-4f f2-4f)
13.340: (move f3-4f f2-4f)
12.265: (move f3-4f f3-3f)
12.290: (move f3-4f f2-4f)
12.538: (move f2-3f f2-2f)
12.539: (move f2-3f f2-2f)
12.583: (unlock f2-3f f1-3f key0-1 shape0)
12.593: (unlock f2-3f f1-3f key0-1 shape0)
12.643: (move f2-4f f2-3f)
12.643: (move f3-3f f2-3f)
12.988: (move f4-4f f4-3f)
12.988: (move f3-3f f4-3f)
11.697: (move f3-3f f2-3f)
11.697: (move f2-4f f2-3f)
12.535: (move f2-3f f2-2f)
12.536: (move f2-3f f2-2f)
12.553: (move f2-3f f2-2f)
12.631: (unlock f2-3f f1-3f key0-1 shape0)
13.237: (move f2-3f f3-3f)
13.244: (move f2-3f f3-3f)
13.266: (move f2-3f f2-4f)
13.269: (move f2-3f f2-4f)
11.606: (move f2-3f f2-2f)
11.687: (unlock f2-3f f1-3f key0-1 shape0)
12.551: (move f2-3f f2-2f)
13.112: (move f2-4f f3-4f)
13.112: (move f3-3f f3-4f)
13.208: (move f3-3f f3-4f)
13.208: (move f2-4f f3-4f)
13.244: (move f2-3f f3-3f)
13.319: (putdown f2-2f key0-1)
13.323: (putdown f2-2f key0-1)
11.602: (move f2-3f f2-2f)
12.255: (move f2-3f f3-3f)
12.284: (move f2-3f f2-4f)
12.387: (putdown f2-2f key0-1)
12.714: (move f2-2f f2-3f)
12.725: (move f2-2f f2-3f)
12.809: (move f2-2f f1-2f)
13.311: (move f3-3f f3-4f)
13.330: (putdown f2-2f key0-1)
13.664: (move f2-2f f2-1f)
11.817: (move f2-2f f2-3f)
12.388: (putdown f2-2f key0-1)
12.746: (move f2-2f f2-3f)
12.799: (unlock f1-2f f1-3f key0-1 shape0)
12.799: (move f2-2f f1-2f)
12.904: (move f2-2f f1-2f)
12.982: (move f3-3f f3-4f)
12.982: (move f2-4f f3-4f)
13.057: (move f2-3f f3-3f)
13.059: (move f2-3f f3-3f)
11.798: (move f2-2f f2-3f)
12.079: (move f2-3f f3-3f)
12.366: (move f1-2f f1-1f)
12.397: (move f2-3f f2-4f)
12.885: (move f2-2f f1-2f)
13.018: (move f3-3f f3-4f)
13.057: (move f2-3f f3-3f)
13.079: (move f3-3f f3-4f)
13.095: (move f2-3f f2-4f)
13.395: (move f1-2f f1-1f)
11.153: (pickup f3-4f key2-1)
11.318: (pickup f3-4f key2-1)
12.072: (move f2-3f f3-3f)
12.358: (move f1-2f f1-1f)
12.462: (move f2-3f f2-4f)
12.688: (move f2-4f f3-4f)
12.688: (move f3-3f f3-4f)
12.696: (pickup f3-4f key1-1)
13.076: (pickup f2-4f key1-1)
13.081: (move f3-4f f2-4f)
10.567: (pickup f3-4f key2-1)
10.610: (unlock f3-4f f4-4f key2-1 shape2)
10.745: (unlock f3-4f f4-4f key2-1 shape2)
12.004: (move f3-4f f3-3f)
12.022: (move f3-4f f3-3f)
12.066: (move f3-4f f2-4f)
12.069: (move f3-4f f2-4f)
12.373: (pickup f3-4f key1-1)
12.720: (move f2-4f f2-3f)
12.842: (move f3-3f f3-4f)
10.131: (move f3-4f f4-4f)
10.250: (move f3-4f f4-4f)
10.315: (move f3-4f f4-4f)
11.027: (move f3-4f f3-3f)
11.027: (move f3-4f f3-3f)
11.033: (move f3-4f f3-3f)
11.039: (move f3-4f f2-4f)
11.044: (move f3-4f f2-4f)
11.071: (move f3-4f f2-4f)
11.135: (move f3-3f f4-3f)
9.913: (pickup-and-loose f4-4f key0-0 key2-1)
9.921: (pickup-and-loose f4-4f key0-0 key2-1)
10.143: (pickup-and-loose f4-4f key0-0 key2-1)
10.197: (putdown f4-4f key2-1)
10.234: (putdown f4-4f key2-1)
10.375: (move f4-4f f4-3f)
10.375: (move f3-3f f4-3f)
10.418: (putdown f4-4f key2-1)
10.528: (move f3-3f f4-3f)
10.528: (move f4-4f f4-3f)
8.098: (move f4-4f f4-3f)
8.247: (move f4-4f f4-3f)
8.279: (move f4-4f f4-3f)
8.345: (move f4-4f f3-4f)
8.443: (move f4-4f f3-4f)
8.449: (move f4-4f f4-3f)
8.639: (move f4-4f f4-3f)
8.681: (move f4-4f f4-3f)
8.681: (move f4-4f f3-4f)
8.754: (move f4-4f f3-4f)
8.037: (move f3-4f f3-3f)
8.037: (move f4-3f f3-3f)
8.039: (move f4-3f f3-3f)
8.039: (move f3-4f f3-3f)
8.052: (move f3-4f f3-3f)
8.052: (move f4-3f f3-3f)
8.056: (move f4-3f f3-3f)
8.056: (move f3-4f f3-3f)
8.056: (move f4-3f f3-3f)
8.064: (move f4-3f f3-3f)
6.735: (move f3-3f f2-3f)
6.736: (move f3-3f f2-3f)
6.738: (move f3-3f f2-3f)
6.739: (move f3-3f f2-3f)
6.748: (move f3-3f f2-3f)
6.765: (move f3-3f f2-3f)
8.085: (putdown f3-3f key0-0)
8.086: (putdown f3-3f key0-0)
8.087: (putdown f3-3f key0-0)
8.886: (move f3-3f f3-4f)
6.125: (move f2-3f f2-2f)
6.137: (move f2-3f f2-2f)
6.138: (move f2-3f f2-2f)
6.138: (move f2-3f f2-2f)
6.140: (move f2-3f f2-2f)
6.150: (move f2-3f f2-2f)
6.788: (move f3-3f f2-3f)
6.791: (move f3-3f f2-3f)
6.808: (move f3-3f f2-3f)
6.818: (putdown f2-3f key0-0)
5.368: (pickup f2-2f key0-1)
5.372: (pickup f2-2f key0-1)
5.380: (pickup f2-2f key0-1)
5.511: (pickup-and-loose f2-2f key0-1 key0-0)
5.521: (pickup-and-loose f2-2f key0-1 key0-0)
5.533: (pickup-and-loose f2-2f key0-1 key0-0)
6.124: (move f2-3f f2-2f)
6.140: (move f2-3f f2-2f)
6.145: (putdown f2-2f key0-0)
6.149: (move f2-3f f2-2f)
5.381: (pickup f2-2f key0-1)
5.390: (pickup f2-2f key0-1)
5.394: (pickup f2-2f key0-1)
6.167: (putdown f2-2f key0-1)
6.207: (putdown f2-2f key0-1)
6.492: (move f2-2f f1-2f)
6.503: (move f2-2f f1-2f)
6.514: (move f2-2f f1-2f)
6.539: (move f2-2f f2-3f)
6.543: (move f2-2f f2-3f)
6.553: (move f2-2f f1-2f)
6.567: (move f2-2f f1-2f)
6.577: (move f2-2f f1-2f)
6.631: (move f2-2f f1-2f)
6.634: (move f2-2f f2-3f)
6.645: (move f2-2f f1-2f)
6.650: (move f2-2f f2-3f)
6.665: (move f2-2f f2-3f)
6.752: (move f2-2f f2-3f)
6.755: (move f2-2f f2-3f)
6.103: (move f1-2f f1-1f)
6.112: (move f1-2f f1-1f)
7.158: (move f1-2f f1-1f)
7.171: (move f1-2f f1-1f)
7.184: (move f1-2f f1-1f)
8.053: (move f2-3f f3-3f)
8.066: (move f2-3f f3-3f)
8.119: (move f1-2f f1-3f)
8.119: (move f2-3f f1-3f)
8.125: (move f1-2f f1-3f)
7.516: (move f1-1f f2-1f)
7.538: (move f1-1f f2-1f)
7.591: (move f1-1f f2-1f)
7.685: (move f1-1f f1-0f)
7.738: (move f1-1f f0-1f)
7.739: (move f1-1f f2-1f)
7.777: (move f1-1f f1-0f)
7.780: (move f1-1f f2-1f)
7.829: (move f1-1f f0-1f)
8.381: (putdown f1-1f key0-1)
3.977: (pickup f2-1f key1-0)
3.998: (pickup f2-1f key1-0)
7.435: (move f2-1f f2-0f)
7.436: (move f1-0f f2-0f)
7.520: (move f1-0f f2-0f)
7.520: (move f2-1f f2-0f)
7.856: (move f2-1f f3-1f)
7.928: (move f2-1f f2-0f)
7.934: (move f2-1f f3-1f)
8.152: (putdown f2-1f key0-1)
2.962: (move f2-1f f1-1f)
2.976: (move f2-1f f1-1f)
4.544: (move f2-1f f2-2f)
4.608: (move f2-1f f2-2f)
4.781: (move f2-1f f2-0f)
4.813: (move f2-1f f2-0f)
6.374: (move f2-1f f3-1f)
6.430: (move f2-1f f3-1f)
8.174: (pickup f2-1f key1-0)
8.306: (move f2-1f f1-1f)
3.560: (move f2-0f f1-0f)
3.560: (move f1-1f f1-0f)
3.561: (move f1-1f f0-1f)
3.625: (move f1-1f f1-0f)
3.625: (move f2-0f f1-0f)
3.628: (move f1-1f f0-1f)
3.977: (move f2-2f f1-2f)
3.977: (move f1-1f f1-2f)
3.985: (move f2-2f f2-3f)
3.999: (move f2-2f f2-3f)
2.657: (move f0-1f f0-0f)
2.657: (move f1-0f f0-0f)
2.681: (move f1-0f f0-0f)
2.681: (move f0-1f f0-0f)
4.213: (move f2-3f f1-3f)
4.351: (move f2-3f f3-3f)
4.420: (move f2-3f f1-3f)
4.420: (move f1-2f f1-3f)
4.711: (move f2-3f f3-3f)
4.791: (move f0-1f f0-2f)
2.626: (putdown f0-0f key1-0)
[Final] Expanded: 281, Generated: 1183
Found a solution of length 33!
   1: (move f1-4f f2-4f)
   2: (pickup f2-4f key2-0)
   3: (move f2-4f f1-4f)
   4: (putdown f1-4f key2-0)
   5: (move f1-4f f2-4f)
   6: (move f2-4f f3-4f)
   7: (pickup f3-4f key0-1)
   8: (move f3-4f f3-3f)
   9: (move f3-3f f2-3f)
  10: (unlock f2-3f f1-3f key0-1 shape0)
  11: (move f2-3f f2-2f)
  12: (putdown f2-2f key0-1)
  13: (move f2-2f f2-3f)
  14: (move f2-3f f3-3f)
  15: (move f3-3f f3-4f)
  16: (pickup f3-4f key2-1)
  17: (unlock f3-4f f4-4f key2-1 shape2)
  18: (move f3-4f f4-4f)
  19: (pickup-and-loose f4-4f key0-0 key2-1)
  20: (move f4-4f f3-4f)
  21: (move f3-4f f3-3f)
  22: (move f3-3f f2-3f)
  23: (move f2-3f f2-2f)
  24: (pickup-and-loose f2-2f key0-1 key0-0)
  25: (putdown f2-2f key0-1)
  26: (move f2-2f f1-2f)
  27: (move f1-2f f1-1f)
  28: (move f1-1f f2-1f)
  29: (pickup f2-1f key1-0)
  30: (move f2-1f f1-1f)
  31: (move f1-1f f0-1f)
  32: (move f0-1f f0-0f)
  33: (putdown f0-0f key1-0)
