Torch: 2.12.0+cu130
Using GPU:  NVIDIA L40S
[Bellman] CONTROL signal=constant const_w=0.6 (no IQN, no Bellman check)
/u/ibrahim.eisawy/Neural-Guided-Search/venv/lib/python3.10/site-packages/pymimir_rgnn/model.py:162: UserWarning: index_reduce() is in beta and the API may change at any time. (Triggered internally at /pytorch/aten/src/ATen/native/cuda/Indexing.cu:1541.)
  exps_max.index_reduce_(0, output_indices, output_messages, reduce="amax", include_self=False)
  [sim 500] root visits=500, unique states=21394, generated=21393, iqn_calls=0
  [sim 1000] root visits=1000, unique states=42104, generated=42103, iqn_calls=0
  [sim 1500] root visits=1500, unique states=61462, generated=61461, iqn_calls=0
  [sim 2000] root visits=2000, unique states=83209, generated=83208, iqn_calls=0
  [sim 2500] root visits=2500, unique states=105136, generated=105135, iqn_calls=0
  [sim 3000] root visits=3000, unique states=124436, generated=124435, iqn_calls=0
  [sim 3500] root visits=3500, unique states=144050, generated=144049, iqn_calls=0
  [sim 4000] root visits=4000, unique states=164142, generated=164141, iqn_calls=0
  [sim 4500] root visits=4500, unique states=183935, generated=183934, iqn_calls=0
  [sim 5000] root visits=5000, unique states=203046, generated=203045, iqn_calls=0
  [sim 5500] root visits=5500, unique states=221942, generated=221941, iqn_calls=0
  [sim 6000] root visits=6000, unique states=241555, generated=241554, iqn_calls=0
  [sim 6500] root visits=6500, unique states=263185, generated=263184, iqn_calls=0
  [sim 7000] root visits=7000, unique states=284408, generated=284407, iqn_calls=0
  [sim 7500] root visits=7500, unique states=304947, generated=304946, iqn_calls=0
  [sim 8000] root visits=8000, unique states=325409, generated=325408, iqn_calls=0
  [sim 8500] root visits=8500, unique states=345597, generated=345596, iqn_calls=0
  [sim 9000] root visits=9000, unique states=365855, generated=365854, iqn_calls=0
  [sim 9500] root visits=9500, unique states=385614, generated=385613, iqn_calls=0
  [sim 10000] root visits=10000, unique states=405297, generated=405296, iqn_calls=0
  [sim 10500] root visits=10500, unique states=425125, generated=425124, iqn_calls=0
  [sim 11000] root visits=11000, unique states=445570, generated=445569, iqn_calls=0
  [sim 11500] root visits=11500, unique states=464857, generated=464856, iqn_calls=0
  [sim 12000] root visits=12000, unique states=483278, generated=483277, iqn_calls=0
[Final] Expanded: 492546, Generated: 492546
[Cost] IQN forward calls (Bellman signal): 0
[Widen] nodes widened: 12234, mean w: 0.6000
[search done] simulations=12234, unique states generated=492546
Failed to find a solution!
