Torch: 2.12.0+cu130
Using GPU:  NVIDIA L40S
[Bellman] CONTROL signal=constant const_w=0.6 (no IQN, no Bellman check)
/u/ibrahim.eisawy/Neural-Guided-Search/venv/lib/python3.10/site-packages/pymimir_rgnn/model.py:162: UserWarning: index_reduce() is in beta and the API may change at any time. (Triggered internally at /pytorch/aten/src/ATen/native/cuda/Indexing.cu:1541.)
  exps_max.index_reduce_(0, output_indices, output_messages, reduce="amax", include_self=False)
  [sim 500] root visits=500, unique states=28950, generated=28949, iqn_calls=0
  [sim 1000] root visits=1000, unique states=60419, generated=60418, iqn_calls=0
  [sim 1500] root visits=1500, unique states=91779, generated=91778, iqn_calls=0
  [sim 2000] root visits=2000, unique states=121610, generated=121609, iqn_calls=0
  [sim 2500] root visits=2500, unique states=150814, generated=150813, iqn_calls=0
  [sim 3000] root visits=3000, unique states=183839, generated=183838, iqn_calls=0
  [sim 3500] root visits=3500, unique states=212391, generated=212390, iqn_calls=0
  [sim 4000] root visits=4000, unique states=236390, generated=236389, iqn_calls=0
  [sim 4500] root visits=4500, unique states=262644, generated=262643, iqn_calls=0
  [sim 5000] root visits=5000, unique states=289983, generated=289982, iqn_calls=0
  [sim 5500] root visits=5500, unique states=317073, generated=317072, iqn_calls=0
  [sim 6000] root visits=6000, unique states=344699, generated=344698, iqn_calls=0
  [sim 6500] root visits=6500, unique states=373275, generated=373274, iqn_calls=0
  [sim 7000] root visits=7000, unique states=400164, generated=400163, iqn_calls=0
  [sim 7500] root visits=7500, unique states=433094, generated=433093, iqn_calls=0
  [sim 8000] root visits=8000, unique states=463759, generated=463758, iqn_calls=0
  [sim 8500] root visits=8500, unique states=489576, generated=489575, iqn_calls=0
  [sim 9000] root visits=9000, unique states=518258, generated=518257, iqn_calls=0
  [sim 9500] root visits=9500, unique states=544322, generated=544321, iqn_calls=0
  [sim 10000] root visits=10000, unique states=574584, generated=574583, iqn_calls=0
  [sim 10500] root visits=10500, unique states=601310, generated=601309, iqn_calls=0
  [sim 11000] root visits=11000, unique states=624622, generated=624621, iqn_calls=0
  [sim 11500] root visits=11500, unique states=652633, generated=652632, iqn_calls=0
[Final] Expanded: 679382, Generated: 679382
[Cost] IQN forward calls (Bellman signal): 0
[Widen] nodes widened: 11997, mean w: 0.6000
[search done] simulations=11997, unique states generated=679382
Failed to find a solution!
