Torch: 2.12.0+cu130
Using GPU:  NVIDIA L40S
[oracle] IQN quantile oracle loaded: models/satellite_iqn.pth (w1_lambda=0.0)
/u/ibrahim.eisawy/Neural-Guided-Search/venv/lib/python3.10/site-packages/pymimir_rgnn/model.py:162: UserWarning: index_reduce() is in beta and the API may change at any time. (Triggered internally at /pytorch/aten/src/ATen/native/cuda/Indexing.cu:1541.)
  exps_max.index_reduce_(0, output_indices, output_messages, reduce="amax", include_self=False)
  [sim 281] found goal path of length 15
[Final] Expanded: 11947, Generated: 11947
[search done] simulations=281, unique states generated=11947
Found a solution of length 15!
   1: (switch_on instrument3 satellite0)
   2: (turn_to satellite0 star6 groundstation10)
   3: (calibrate satellite0 instrument3 star6)
   4: (turn_to satellite0 star31 star6)
   5: (take_image satellite0 star31 instrument3 infrared3)
   6: (turn_to satellite0 phenomenon28 star31)
   7: (take_image satellite0 phenomenon28 instrument3 thermograph2)
   8: (turn_to satellite0 planet29 phenomenon28)
   9: (take_image satellite0 planet29 instrument3 thermograph2)
  10: (turn_to satellite0 star30 planet29)
  11: (switch_on instrument6 satellite1)
  12: (turn_to satellite1 star11 star7)
  13: (calibrate satellite1 instrument6 star11)
  14: (turn_to satellite1 star30 star11)
  15: (take_image satellite1 star30 instrument6 thermograph4)
