/u/ibrahim.eisawy/Neural-Guided-Search/venv/lib/python3.10/site-packages/pymimir_rgnn/model.py:151: UserWarning: index_reduce() is in beta and the API may change at any time. (Triggered internally at /pytorch/aten/src/ATen/native/cuda/Indexing.cu:1541.)
  max_msg.index_reduce_(0, output_indices, output_messages, reduce='amax', include_self=True)
Torch: 2.12.0+cu130
Using GPU:  NVIDIA L40S
17.325: (grasp left shot12)
15.245: (fill-shot shot12 ingredient3 left right dispenser3)
14.788: (pour-shot-to-clean-shaker shot12 ingredient3 shaker1 left l0 l1)
13.908: (leave left shot12)
14.287: (grasp right shot9)
15.105: (grasp left shot12)
14.287: (leave left shot12)
15.161: (grasp left shot7)
14.772: (leave right shot9)
15.616: (grasp right shot8)
14.772: (leave left shot7)
15.161: (grasp left shot9)
14.287: (leave right shot8)
15.105: (grasp right shot12)
14.788: (leave left shot9)
14.230: (clean-shot shot12 ingredient3 right left)
13.807: (fill-shot shot12 ingredient2 right left dispenser2)
-28.926: (pour-shot-to-used-shaker shot12 ingredient2 shaker1 right l1 l2)
-30.673: (grasp left shaker1)
-31.534: (leave right shot12)
-34.141: (grasp right shot9)
-31.601: (leave left shaker1)
-30.518: (grasp left shot12)
-28.926: (leave right shot9)
-30.673: (grasp right shaker1)
-31.534: (leave left shot12)
-34.141: (grasp left shot9)
-31.601: (leave right shaker1)
-30.518: (grasp right shot12)
-31.601: (leave right shot12)
-29.895: (leave left shot9)
-27.421: (grasp right shot10)
-29.664: (grasp left shaker1)
-31.534: (leave right shot10)
-29.664: (grasp right shot8)
-27.421: (leave left shaker1)
-28.674: (grasp left shot9)
-31.601: (leave right shot8)
-29.259: (fill-shot shot9 ingredient2 left right dispenser2)
-31.230: (grasp right shaker1)
-32.905: (empty-shot left shot9 ingredient2)
-30.375: (leave right shaker1)
-29.554: (grasp right shot12)
-25.476: (leave left shot9)
-27.366: (grasp left shaker1)
-28.067: (leave right shot12)
-32.905: (grasp right shot9)
-30.375: (leave left shaker1)
-29.554: (grasp left shot12)
-25.476: (leave right shot9)
-27.366: (grasp right shaker1)
-28.067: (leave left shot12)
-26.282: (leave right shaker1)
-24.194: (grasp right shot1)
-28.132: (grasp left shot9)
-30.375: (leave right shot1)
-28.133: (grasp right shot4)
-24.194: (leave left shot9)
-26.144: (grasp left shaker1)
-28.067: (leave right shot4)
-26.144: (grasp right shot8)
-24.194: (leave left shaker1)
-28.132: (grasp left shot9)
-30.375: (leave right shot8)
-28.132: (grasp right shot3)
-24.194: (leave left shot9)
-26.144: (grasp left shaker1)
-28.067: (leave right shot3)
-26.144: (grasp right shot1)
-28.067: (leave right shot1)
-26.144: (grasp right shot7)
-24.194: (leave left shaker1)
-28.132: (grasp left shot9)
-30.375: (leave right shot7)
-28.132: (grasp right shot10)
-24.194: (leave left shot9)
-26.144: (grasp left shaker1)
-28.067: (leave right shot10)
-25.591: (grasp right shot6)
-23.484: (leave left shaker1)
-27.892: (grasp left shot9)
-30.375: (leave right shot6)
-27.892: (grasp right shot11)
-23.484: (leave left shot9)
-25.592: (grasp left shaker1)
-28.067: (leave right shot11)
-24.691: (grasp right shot2)
-22.499: (leave left shaker1)
-26.986: (grasp left shot9)
-30.375: (leave right shot2)
-26.986: (grasp right shot5)
-22.499: (leave left shot9)
-24.691: (grasp left shaker1)
-28.067: (leave right shot5)
12.650: (shake cocktail1 ingredient3 ingredient2 shaker1 left right)
-47.456: (pour-shaker-to-shot cocktail1 shot4 left shaker1 l2 l1)
-50.819: (grasp right shot9)
-41.252: (leave left shaker1)
-43.721: (refill-shot shot9 ingredient2 right left dispenser2)
-55.782: (grasp left shaker1)
-57.486: (leave right shot9)
-58.168: (grasp right shot3)
-45.077: (leave left shaker1)
-45.302: (grasp left shot8)
-45.077: (leave right shot3)
-58.168: (grasp right shaker1)
-57.486: (leave left shot8)
-58.168: (grasp left shot1)
-45.077: (leave right shaker1)
-45.302: (grasp right shot8)
-45.077: (leave left shot1)
-58.168: (grasp left shaker1)
19.582: (pour-shaker-to-shot cocktail1 shot8 left shaker1 l1 l0)
18.372: (empty-shaker left shaker1 cocktail1 l0 l0)
17.465: (leave right shot8)
15.515: (clean-shaker left right shaker1)
14.495: (leave left shaker1)
15.094: (grasp right shot7)
14.057: (fill-shot shot7 ingredient3 right left dispenser3)
13.686: (pour-shot-to-clean-shaker shot7 ingredient3 shaker1 right l0 l1)
13.368: (leave right shot7)
13.686: (grasp left shot7)
13.446: (clean-shot shot7 ingredient3 left right)
11.524: (fill-shot shot7 ingredient2 left right dispenser2)
1.159: (pour-shot-to-used-shaker shot7 ingredient2 shaker1 left l1 l2)
-4.227: (clean-shot shot7 ingredient2 left right)
-6.072: (leave left shot7)
-6.974: (grasp right shaker1)
-6.113: (grasp left shot12)
-5.005: (leave right shaker1)
-4.762: (refill-shot shot12 ingredient2 left right dispenser2)
-6.024: (leave left shot12)
-6.851: (grasp right shaker1)
-5.696: (grasp left shot12)
-6.851: (leave left shot12)
-5.642: (grasp left shot10)
-4.203: (leave right shaker1)
-4.019: (grasp right shot1)
-4.203: (leave left shot10)
-5.642: (grasp left shaker1)
-6.851: (leave right shot1)
-5.696: (grasp right shot12)
-6.112: (empty-shot right shot12 ingredient2)
-6.974: (leave right shot12)
-5.738: (grasp right shot10)
-4.227: (leave left shaker1)
-4.032: (grasp left shot1)
-4.227: (leave right shot10)
-5.738: (grasp right shaker1)
-6.974: (leave left shot1)
-5.738: (grasp left shot10)
-4.227: (leave right shaker1)
-4.032: (grasp right shot1)
-4.227: (leave left shot10)
-5.738: (grasp left shaker1)
-6.974: (leave right shot1)
-5.738: (grasp right shot3)
-4.227: (leave left shaker1)
-4.032: (grasp left shot1)
-4.227: (leave right shot3)
-4.032: (grasp right shot7)
-4.227: (leave left shot1)
-5.738: (grasp left shaker1)
-6.974: (leave right shot7)
-5.666: (grasp right shot9)
-7.776: (empty-shot right shot9 ingredient2)
-5.837: (leave left shaker1)
-7.224: (clean-shot shot9 ingredient2 right left)
-8.934: (grasp left shaker1)
-6.504: (leave right shot9)
-5.798: (leave left shaker1)
-7.224: (grasp left shot9)
-8.934: (grasp right shaker1)
-6.504: (leave left shot9)
-5.468: (grasp left shot12)
-4.680: (leave right shaker1)
-6.078: (grasp right shot9)
-7.224: (leave left shot12)
-5.629: (grasp left shot4)
-12.076: (empty-shot left shot4 cocktail1)
-9.832: (leave right shot9)
-15.563: (clean-shot shot4 cocktail1 left right)
-17.784: (leave left shot4)
-19.505: (grasp right shot9)
-21.683: (grasp left shaker1)
-19.114: (leave right shot9)
-18.079: (grasp right shot12)
-16.697: (leave left shaker1)
-18.443: (grasp left shot9)
-19.505: (leave right shot12)
-21.683: (grasp right shaker1)
-19.114: (leave left shot9)
-18.079: (grasp left shot12)
-16.697: (leave right shaker1)
-18.443: (grasp right shot9)
-19.505: (leave left shot12)
-17.912: (grasp left shot8)
-23.318: (empty-shot left shot8 cocktail1)
-21.168: (leave right shot9)
-27.421: (clean-shot shot8 cocktail1 left right)
-29.664: (grasp right shaker1)
-31.534: (leave left shot8)
-29.664: (grasp left shot7)
-27.421: (leave right shaker1)
-28.674: (grasp right shot9)
-31.601: (leave left shot7)
-29.259: (fill-shot shot9 ingredient2 right left dispenser2)
-31.230: (grasp left shaker1)
-32.394: (leave right shot9)
-31.785: (grasp right shot12)
-29.668: (leave left shaker1)
-30.501: (leave right shot12)
-32.394: (grasp right shaker1)
-31.785: (grasp left shot12)
-29.668: (leave right shaker1)
-29.342: (refill-shot shot12 ingredient2 left right dispenser2)
-31.287: (grasp right shaker1)
-32.165: (leave left shot12)
-30.961: (grasp left shot9)
-33.375: (empty-shot left shot9 ingredient2)
-30.904: (leave right shaker1)
-31.570: (clean-shot shot9 ingredient2 left right)
-33.875: (grasp right shaker1)
-31.439: (leave left shot9)
-30.675: (grasp left shot12)
-29.116: (leave right shaker1)
-30.709: (grasp right shot9)
-31.569: (leave left shot12)
-33.875: (grasp left shaker1)
-31.439: (leave right shot9)
-30.675: (grasp right shot12)
-29.116: (leave left shaker1)
-30.709: (grasp left shot9)
-31.569: (leave right shot12)
-29.992: (leave left shot9)
-27.560: (grasp right shot4)
-29.591: (grasp left shaker1)
-31.439: (leave right shot4)
-29.591: (grasp right shot8)
-27.560: (leave left shaker1)
-28.704: (grasp left shot9)
-31.569: (leave right shot8)
-29.066: (fill-shot shot9 ingredient2 left right dispenser2)
-30.338: (leave left shot9)
-32.164: (grasp left shaker1)
-31.288: (grasp right shot12)
-29.342: (leave left shaker1)
-28.194: (grasp left shot9)
-30.147: (empty-shot left shot9 ingredient2)
-26.181: (leave left shot9)
-27.952: (grasp left shaker1)
-28.771: (leave right shot12)
-33.374: (grasp right shot9)
-30.904: (leave left shaker1)
-30.146: (grasp left shot12)
-26.181: (leave right shot9)
-27.952: (grasp right shaker1)
-28.771: (leave left shot12)
-27.060: (leave right shaker1)
-25.008: (grasp right shot1)
-28.761: (grasp left shot9)
-30.904: (leave right shot1)
-28.762: (grasp right shot3)
-25.008: (leave left shot9)
-26.849: (grasp left shaker1)
-28.771: (leave right shot3)
-26.850: (grasp right shot4)
-25.008: (leave left shaker1)
-28.761: (grasp left shot9)
-30.904: (leave right shot4)
-28.761: (grasp right shot10)
-25.008: (leave left shot9)
-26.849: (grasp left shaker1)
-28.771: (leave right shot10)
-26.849: (grasp right shot7)
-25.008: (leave left shaker1)
-28.761: (grasp left shot9)
-30.904: (leave right shot7)
-28.761: (grasp right shot8)
-25.008: (leave left shot9)
-26.849: (grasp left shaker1)
-28.771: (leave right shot8)
-26.849: (grasp right shot1)
-28.771: (leave right shot1)
-26.295: (grasp right shot11)
-24.261: (leave left shaker1)
-28.443: (grasp left shot9)
-30.904: (leave right shot11)
-28.443: (grasp right shot6)
-24.261: (leave left shot9)
-26.295: (grasp left shaker1)
-28.771: (leave right shot6)
-25.396: (grasp right shot5)
-23.279: (leave left shaker1)
-27.519: (grasp left shot9)
-30.904: (leave right shot5)
-27.519: (grasp right shot2)
-23.279: (leave left shot9)
-25.396: (grasp left shaker1)
-28.771: (leave right shot2)
12.543: (shake cocktail1 ingredient3 ingredient2 shaker1 left right)
-48.367: (pour-shaker-to-shot cocktail1 shot10 left shaker1 l2 l1)
-52.069: (grasp right shot9)
-42.536: (leave left shaker1)
-44.234: (refill-shot shot9 ingredient2 right left dispenser2)
-56.141: (grasp left shaker1)
-58.027: (leave right shot9)
-58.753: (grasp right shot4)
-45.715: (leave left shaker1)
-45.931: (grasp left shot8)
-45.715: (leave right shot4)
-58.753: (grasp right shaker1)
-58.027: (leave left shot8)
-58.753: (grasp left shot4)
-45.715: (leave right shaker1)
-45.931: (grasp right shot8)
-45.715: (leave left shot4)
-58.753: (grasp left shaker1)
18.299: (pour-shaker-to-shot cocktail1 shot8 left shaker1 l1 l0)
17.146: (empty-shaker left shaker1 cocktail1 l0 l0)
16.239: (leave right shot8)
14.805: (clean-shaker left right shaker1)
13.787: (leave left shaker1)
13.014: (grasp left shot12)
12.526: (pour-shot-to-clean-shaker shot12 ingredient2 shaker1 left l0 l1)
13.021: (grasp right shot7)
13.696: (leave left shot12)
11.371: (fill-shot shot7 ingredient3 right left dispenser3)
1.292: (pour-shot-to-used-shaker shot7 ingredient3 shaker1 right l1 l2)
-4.227: (clean-shot shot7 ingredient3 right left)
-6.072: (leave right shot7)
-6.974: (grasp right shaker1)
-6.113: (grasp left shot12)
-5.005: (leave right shaker1)
-4.762: (refill-shot shot12 ingredient2 left right dispenser2)
-6.024: (leave left shot12)
-6.851: (grasp right shaker1)
-5.696: (grasp left shot12)
-6.851: (leave left shot12)
-5.642: (grasp left shot1)
-4.203: (leave right shaker1)
-4.019: (grasp right shot3)
-4.203: (leave left shot1)
-5.642: (grasp left shaker1)
-6.851: (leave right shot3)
-5.696: (grasp right shot12)
-6.112: (empty-shot right shot12 ingredient2)
-6.974: (leave right shot12)
-5.738: (grasp right shot3)
-4.227: (leave left shaker1)
-4.032: (grasp left shot1)
-4.227: (leave right shot3)
-5.738: (grasp right shaker1)
-6.974: (leave left shot1)
-5.738: (grasp left shot3)
-4.227: (leave right shaker1)
-4.032: (grasp right shot1)
-4.227: (leave left shot3)
-5.738: (grasp left shaker1)
-6.974: (leave right shot1)
-5.738: (grasp right shot7)
-6.974: (leave right shot7)
-5.738: (grasp right shot4)
-4.227: (leave left shaker1)
-4.032: (grasp left shot1)
-4.227: (leave right shot4)
-4.032: (grasp right shot7)
-4.227: (leave right shot7)
-3.152: (grasp right shot12)
-5.005: (leave left shot1)
-4.762: (refill-shot shot12 ingredient2 right left dispenser2)
-3.499: (grasp left shot9)
-5.448: (empty-shot left shot9 ingredient2)
-6.327: (leave right shot12)
-8.207: (grasp right shaker1)
-3.533: (leave left shot9)
-3.002: (leave right shaker1)
-6.327: (grasp right shot9)
-8.207: (grasp left shaker1)
-3.533: (leave right shot9)
-2.721: (grasp right shot12)
-2.117: (empty-shot right shot12 ingredient2)
-2.846: (leave right shot12)
-7.776: (grasp right shot9)
-5.837: (leave left shaker1)
-7.224: (clean-shot shot9 ingredient2 right left)
-8.934: (grasp left shaker1)
-6.504: (leave right shot9)
-5.798: (leave left shaker1)
-7.224: (grasp left shot9)
-8.934: (grasp right shaker1)
-6.504: (leave left shot9)
-5.468: (grasp left shot12)
-4.680: (leave right shaker1)
-6.078: (grasp right shot9)
-7.224: (leave left shot12)
-5.629: (grasp left shot8)
-12.076: (empty-shot left shot8 cocktail1)
-9.832: (leave right shot9)
-15.563: (clean-shot shot8 cocktail1 left right)
-17.784: (leave left shot8)
-19.505: (grasp right shot9)
-21.683: (grasp left shaker1)
-19.114: (leave right shot9)
-18.079: (grasp right shot12)
-16.697: (leave left shaker1)
-18.443: (grasp left shot9)
-19.505: (leave right shot12)
-21.683: (grasp right shaker1)
-19.114: (leave left shot9)
-18.079: (grasp left shot12)
-16.697: (leave right shaker1)
-18.443: (grasp right shot9)
-19.505: (leave left shot12)
-17.912: (grasp left shot10)
-23.318: (empty-shot left shot10 cocktail1)
-21.168: (leave right shot9)
-27.421: (clean-shot shot10 cocktail1 left right)
-29.664: (grasp right shaker1)
-31.534: (leave left shot10)
-29.664: (grasp left shot3)
-27.421: (leave right shaker1)
-28.674: (grasp right shot9)
-31.601: (leave left shot3)
-28.971: (fill-shot shot9 ingredient3 right left dispenser3)
-32.580: (grasp left shaker1)
-33.118: (empty-shot right shot9 ingredient3)
-29.723: (leave left shaker1)
-28.865: (grasp left shot12)
-25.279: (leave right shot9)
-28.328: (grasp right shaker1)
-29.145: (leave left shot12)
-33.118: (grasp left shot9)
-29.723: (leave right shaker1)
-28.971: (refill-shot shot9 ingredient3 left right dispenser3)
-32.580: (grasp right shaker1)
-26.528: (leave left shot9)
-25.732: (grasp left shot12)
-23.343: (leave right shaker1)
-28.099: (grasp right shot9)
-28.971: (leave left shot12)
-26.534: (grasp left shot4)
-27.236: (empty-shot right shot9 ingredient3)
-23.891: (leave right shot9)
-26.806: (grasp right shaker1)
-29.145: (leave left shot4)
-26.806: (grasp left shot8)
-23.891: (leave right shaker1)
-27.236: (grasp right shot9)
-29.723: (leave left shot8)
-27.252: (grasp left shot11)
-23.407: (leave right shot9)
-26.678: (grasp right shaker1)
-29.145: (leave left shot11)
-26.806: (grasp left shot7)
-23.891: (leave right shaker1)
-27.236: (grasp right shot9)
-29.723: (leave left shot7)
-27.252: (grasp left shot6)
-23.408: (leave right shot9)
-26.678: (grasp right shaker1)
-29.145: (leave left shot6)
-26.806: (grasp left shot1)
-23.891: (leave right shaker1)
-27.236: (grasp right shot9)
-29.723: (leave left shot1)
-27.236: (grasp left shot3)
-23.891: (leave right shot9)
-26.806: (grasp right shaker1)
-29.145: (leave left shot3)
-26.806: (grasp left shot10)
-23.891: (leave right shaker1)
-27.236: (grasp right shot9)
-29.723: (leave left shot10)
-26.348: (grasp left shot2)
-22.804: (leave right shot9)
-26.236: (leave left shot2)
-29.145: (grasp left shaker1)
-28.328: (grasp right shot12)
-25.279: (leave left shaker1)
-28.864: (grasp left shot9)
-29.723: (leave right shot12)
-27.252: (grasp right shot11)
-23.408: (leave left shot9)
-26.678: (grasp left shaker1)
-29.145: (leave right shot11)
-26.806: (grasp right shot8)
-23.891: (leave left shaker1)
-27.236: (grasp left shot9)
-29.723: (leave right shot8)
-27.252: (grasp right shot6)
-23.408: (leave left shot9)
-26.678: (grasp left shaker1)
-29.145: (leave right shot6)
-26.806: (grasp right shot7)
-23.891: (leave left shaker1)
-27.236: (grasp left shot9)
-29.723: (leave right shot7)
-27.236: (grasp right shot4)
-23.891: (leave left shot9)
-26.806: (grasp left shaker1)
-29.145: (leave right shot4)
-26.806: (grasp right shot1)
-23.891: (leave left shaker1)
-27.236: (grasp left shot9)
-29.723: (leave right shot1)
-27.236: (grasp right shot3)
-23.891: (leave left shot9)
-26.806: (grasp left shaker1)
-29.145: (leave right shot3)
-26.806: (grasp right shot10)
-23.891: (leave left shaker1)
-27.236: (grasp left shot9)
-29.723: (leave right shot10)
-26.348: (grasp right shot2)
-22.804: (leave left shot9)
-25.778: (grasp left shaker1)
-29.145: (leave right shot2)
-25.778: (grasp right shot5)
-22.804: (leave left shaker1)
-26.347: (grasp left shot9)
-29.723: (leave right shot5)
-33.118: (grasp right shaker1)
-29.723: (leave right shaker1)
-33.118: (grasp right shaker1)
-29.723: (leave right shaker1)
-33.118: (grasp right shaker1)
-29.723: (leave right shaker1)
-33.118: (grasp right shaker1)
-29.723: (leave right shaker1)
-33.118: (grasp right shaker1)
-29.723: (leave right shaker1)
-33.118: (grasp right shaker1)
-29.723: (leave right shaker1)
-33.118: (grasp right shaker1)
-29.723: (leave right shaker1)
-33.118: (grasp right shaker1)
-29.723: (leave right shaker1)
-33.118: (grasp right shaker1)
-29.723: (leave right shaker1)
-33.118: (grasp right shaker1)
-29.723: (leave right shaker1)
-33.118: (grasp right shaker1)
-29.723: (leave right shaker1)
-33.118: (grasp right shaker1)
-29.723: (leave right shaker1)
-33.118: (grasp right shaker1)
-29.723: (leave right shaker1)
-33.118: (grasp right shaker1)
-29.723: (leave right shaker1)
-33.118: (grasp right shaker1)
-29.723: (leave right shaker1)
-33.118: (grasp right shaker1)
-29.723: (leave right shaker1)
-33.118: (grasp right shaker1)
-29.723: (leave right shaker1)
-33.118: (grasp right shaker1)
-29.723: (leave right shaker1)
-33.118: (grasp right shaker1)
-29.723: (leave right shaker1)
-33.118: (grasp right shaker1)
-29.723: (leave right shaker1)
-33.118: (grasp right shaker1)
-29.723: (leave right shaker1)
-33.118: (grasp right shaker1)
-29.723: (leave right shaker1)
-33.118: (grasp right shaker1)
-29.723: (leave right shaker1)
-33.118: (grasp right shaker1)
-29.723: (leave right shaker1)
-33.118: (grasp right shaker1)
-29.723: (leave right shaker1)
-33.118: (grasp right shaker1)
-29.723: (leave right shaker1)
-33.118: (grasp right shaker1)
-29.723: (leave right shaker1)
-33.118: (grasp right shaker1)
-29.723: (leave right shaker1)
-33.118: (grasp right shaker1)
-29.723: (leave right shaker1)
-33.118: (grasp right shaker1)
-29.723: (leave right shaker1)
-33.118: (grasp right shaker1)
-29.723: (leave right shaker1)
-33.118: (grasp right shaker1)
-29.723: (leave right shaker1)
-33.118: (grasp right shaker1)
-29.723: (leave right shaker1)
-33.118: (grasp right shaker1)
-29.723: (leave right shaker1)
-33.118: (grasp right shaker1)
-29.723: (leave right shaker1)
-33.118: (grasp right shaker1)
-29.723: (leave right shaker1)
-33.118: (grasp right shaker1)
-29.723: (leave right shaker1)
-33.118: (grasp right shaker1)
-29.723: (leave right shaker1)
-33.118: (grasp right shaker1)
-29.723: (leave right shaker1)
-33.118: (grasp right shaker1)
-29.723: (leave right shaker1)
-33.118: (grasp right shaker1)
-29.723: (leave right shaker1)
-33.118: (grasp right shaker1)
-29.723: (leave right shaker1)
-33.118: (grasp right shaker1)
-29.723: (leave right shaker1)
-33.118: (grasp right shaker1)
-29.723: (leave right shaker1)
-33.118: (grasp right shaker1)
-29.723: (leave right shaker1)
-33.118: (grasp right shaker1)
-29.723: (leave right shaker1)
-33.118: (grasp right shaker1)
-29.723: (leave right shaker1)
-33.118: (grasp right shaker1)
-29.723: (leave right shaker1)
-33.118: (grasp right shaker1)
-29.723: (leave right shaker1)
-33.118: (grasp right shaker1)
-29.723: (leave right shaker1)
-33.118: (grasp right shaker1)
-29.723: (leave right shaker1)
-33.118: (grasp right shaker1)
-29.723: (leave right shaker1)
-33.118: (grasp right shaker1)
-29.723: (leave right shaker1)
-33.118: (grasp right shaker1)
-29.723: (leave right shaker1)
-33.118: (grasp right shaker1)
-29.723: (leave right shaker1)
-33.118: (grasp right shaker1)
-29.723: (leave right shaker1)
-33.118: (grasp right shaker1)
-29.723: (leave right shaker1)
-33.118: (grasp right shaker1)
-29.723: (leave right shaker1)
-33.118: (grasp right shaker1)
-29.723: (leave right shaker1)
-33.118: (grasp right shaker1)
-29.723: (leave right shaker1)
-33.118: (grasp right shaker1)
-29.723: (leave right shaker1)
-33.118: (grasp right shaker1)
-29.723: (leave right shaker1)
-33.118: (grasp right shaker1)
-29.723: (leave right shaker1)
-33.118: (grasp right shaker1)
-29.723: (leave right shaker1)
-33.118: (grasp right shaker1)
-29.723: (leave right shaker1)
-33.118: (grasp right shaker1)
-29.723: (leave right shaker1)
-33.118: (grasp right shaker1)
-29.723: (leave right shaker1)
-33.118: (grasp right shaker1)
-29.723: (leave right shaker1)
-33.118: (grasp right shaker1)
-29.723: (leave right shaker1)
-33.118: (grasp right shaker1)
-29.723: (leave right shaker1)
-33.118: (grasp right shaker1)
-29.723: (leave right shaker1)
-33.118: (grasp right shaker1)
-29.723: (leave right shaker1)
-33.118: (grasp right shaker1)
-29.723: (leave right shaker1)
-33.118: (grasp right shaker1)
-29.723: (leave right shaker1)
-33.118: (grasp right shaker1)
-29.723: (leave right shaker1)
-33.118: (grasp right shaker1)
-29.723: (leave right shaker1)
-33.118: (grasp right shaker1)
-29.723: (leave right shaker1)
-33.118: (grasp right shaker1)
-29.723: (leave right shaker1)
-33.118: (grasp right shaker1)
-29.723: (leave right shaker1)
-33.118: (grasp right shaker1)
-29.723: (leave right shaker1)
-33.118: (grasp right shaker1)
-29.723: (leave right shaker1)
-33.118: (grasp right shaker1)
-29.723: (leave right shaker1)
-33.118: (grasp right shaker1)
-29.723: (leave right shaker1)
-33.118: (grasp right shaker1)
-29.723: (leave right shaker1)
-33.118: (grasp right shaker1)
-29.723: (leave right shaker1)
-33.118: (grasp right shaker1)
-29.723: (leave right shaker1)
-33.118: (grasp right shaker1)
-29.723: (leave right shaker1)
-33.118: (grasp right shaker1)
-29.723: (leave right shaker1)
-33.118: (grasp right shaker1)
-29.723: (leave right shaker1)
-33.118: (grasp right shaker1)
-29.723: (leave right shaker1)
-33.118: (grasp right shaker1)
-29.723: (leave right shaker1)
-33.118: (grasp right shaker1)
-29.723: (leave right shaker1)
-33.118: (grasp right shaker1)
-29.723: (leave right shaker1)
-33.118: (grasp right shaker1)
-29.723: (leave right shaker1)
-33.118: (grasp right shaker1)
-29.723: (leave right shaker1)
-33.118: (grasp right shaker1)
-29.723: (leave right shaker1)
-33.118: (grasp right shaker1)
-29.723: (leave right shaker1)
-33.118: (grasp right shaker1)
-29.723: (leave right shaker1)
-33.118: (grasp right shaker1)
-29.723: (leave right shaker1)
-33.118: (grasp right shaker1)
-29.723: (leave right shaker1)
-33.118: (grasp right shaker1)
-29.723: (leave right shaker1)
-33.118: (grasp right shaker1)
-29.723: (leave right shaker1)
-33.118: (grasp right shaker1)
-29.723: (leave right shaker1)
-33.118: (grasp right shaker1)
-29.723: (leave right shaker1)
-33.118: (grasp right shaker1)
-29.723: (leave right shaker1)
-33.118: (grasp right shaker1)
-29.723: (leave right shaker1)
-33.118: (grasp right shaker1)
-29.723: (leave right shaker1)
-33.118: (grasp right shaker1)
-29.723: (leave right shaker1)
-33.118: (grasp right shaker1)
-29.723: (leave right shaker1)
-33.118: (grasp right shaker1)
-29.723: (leave right shaker1)
-33.118: (grasp right shaker1)
-29.723: (leave right shaker1)
-33.118: (grasp right shaker1)
-29.723: (leave right shaker1)
-33.118: (grasp right shaker1)
-29.723: (leave right shaker1)
-33.118: (grasp right shaker1)
-29.723: (leave right shaker1)
-33.118: (grasp right shaker1)
-29.723: (leave right shaker1)
-33.118: (grasp right shaker1)
-29.723: (leave right shaker1)
-33.118: (grasp right shaker1)
-29.723: (leave right shaker1)
-33.118: (grasp right shaker1)
-29.723: (leave right shaker1)
-33.118: (grasp right shaker1)
-29.723: (leave right shaker1)
-33.118: (grasp right shaker1)
-29.723: (leave right shaker1)
-33.118: (grasp right shaker1)
-29.723: (leave right shaker1)
-33.118: (grasp right shaker1)
-29.723: (leave right shaker1)
-33.118: (grasp right shaker1)
-29.723: (leave right shaker1)
-33.118: (grasp right shaker1)
-29.723: (leave right shaker1)
-33.118: (grasp right shaker1)
-29.723: (leave right shaker1)
-33.118: (grasp right shaker1)
-29.723: (leave right shaker1)
-33.118: (grasp right shaker1)
-29.723: (leave right shaker1)
-33.118: (grasp right shaker1)
-29.723: (leave right shaker1)
-33.118: (grasp right shaker1)
-29.723: (leave right shaker1)
-33.118: (grasp right shaker1)
-29.723: (leave right shaker1)
-33.118: (grasp right shaker1)
-29.723: (leave right shaker1)
-33.118: (grasp right shaker1)
-29.723: (leave right shaker1)
-33.118: (grasp right shaker1)
-29.723: (leave right shaker1)
-33.118: (grasp right shaker1)
-29.723: (leave right shaker1)
-33.118: (grasp right shaker1)
-29.723: (leave right shaker1)
-33.118: (grasp right shaker1)
-29.723: (leave right shaker1)
-33.118: (grasp right shaker1)
-29.723: (leave right shaker1)
-33.118: (grasp right shaker1)
-29.723: (leave right shaker1)
-33.118: (grasp right shaker1)
-29.723: (leave right shaker1)
-33.118: (grasp right shaker1)
-29.723: (leave right shaker1)
-33.118: (grasp right shaker1)
-29.723: (leave right shaker1)
-33.118: (grasp right shaker1)
-29.723: (leave right shaker1)
-33.118: (grasp right shaker1)
-29.723: (leave right shaker1)
-33.118: (grasp right shaker1)
-29.723: (leave right shaker1)
-33.118: (grasp right shaker1)
-29.723: (leave right shaker1)
-33.118: (grasp right shaker1)
-29.723: (leave right shaker1)
-33.118: (grasp right shaker1)
-29.723: (leave right shaker1)
-33.118: (grasp right shaker1)
-29.723: (leave right shaker1)
-33.118: (grasp right shaker1)
-29.723: (leave right shaker1)
-33.118: (grasp right shaker1)
-29.723: (leave right shaker1)
-33.118: (grasp right shaker1)
-29.723: (leave right shaker1)
-33.118: (grasp right shaker1)
-29.723: (leave right shaker1)
-33.118: (grasp right shaker1)
-29.723: (leave right shaker1)
-33.118: (grasp right shaker1)
-29.723: (leave right shaker1)
-33.118: (grasp right shaker1)
-29.723: (leave right shaker1)
-33.118: (grasp right shaker1)
-29.723: (leave right shaker1)
-33.118: (grasp right shaker1)
-29.723: (leave right shaker1)
-33.118: (grasp right shaker1)
-29.723: (leave right shaker1)
-33.118: (grasp right shaker1)
-29.723: (leave right shaker1)
-33.118: (grasp right shaker1)
-29.723: (leave right shaker1)
-33.118: (grasp right shaker1)
-29.723: (leave right shaker1)
-33.118: (grasp right shaker1)
-29.723: (leave right shaker1)
-33.118: (grasp right shaker1)
-29.723: (leave right shaker1)
-33.118: (grasp right shaker1)
-29.723: (leave right shaker1)
-33.118: (grasp right shaker1)
-29.723: (leave right shaker1)
-33.118: (grasp right shaker1)
-29.723: (leave right shaker1)
-33.118: (grasp right shaker1)
-29.723: (leave right shaker1)
-33.118: (grasp right shaker1)
-29.723: (leave right shaker1)
-33.118: (grasp right shaker1)
-29.723: (leave right shaker1)
-33.118: (grasp right shaker1)
-29.723: (leave right shaker1)
-33.118: (grasp right shaker1)
-29.723: (leave right shaker1)
-33.118: (grasp right shaker1)
-29.723: (leave right shaker1)
-33.118: (grasp right shaker1)
-29.723: (leave right shaker1)
-33.118: (grasp right shaker1)
-29.723: (leave right shaker1)
-33.118: (grasp right shaker1)
-29.723: (leave right shaker1)
-33.118: (grasp right shaker1)
-29.723: (leave right shaker1)
-33.118: (grasp right shaker1)
-29.723: (leave right shaker1)
-33.118: (grasp right shaker1)
-29.723: (leave right shaker1)
-33.118: (grasp right shaker1)
-29.723: (leave right shaker1)
-33.118: (grasp right shaker1)
-29.723: (leave right shaker1)
-33.118: (grasp right shaker1)
-29.723: (leave right shaker1)
-33.118: (grasp right shaker1)
-29.723: (leave right shaker1)
-33.118: (grasp right shaker1)
-29.723: (leave right shaker1)
-33.118: (grasp right shaker1)
-29.723: (leave right shaker1)
-33.118: (grasp right shaker1)
-29.723: (leave right shaker1)
-33.118: (grasp right shaker1)
-29.723: (leave right shaker1)
-33.118: (grasp right shaker1)
-29.723: (leave right shaker1)
-33.118: (grasp right shaker1)
-29.723: (leave right shaker1)
-33.118: (grasp right shaker1)
-29.723: (leave right shaker1)
-33.118: (grasp right shaker1)
-29.723: (leave right shaker1)
-33.118: (grasp right shaker1)
-29.723: (leave right shaker1)
-33.118: (grasp right shaker1)
-29.723: (leave right shaker1)
-33.118: (grasp right shaker1)
-29.723: (leave right shaker1)
-33.118: (grasp right shaker1)
-29.723: (leave right shaker1)
-33.118: (grasp right shaker1)
-29.723: (leave right shaker1)
-33.118: (grasp right shaker1)
-29.723: (leave right shaker1)
-33.118: (grasp right shaker1)
-29.723: (leave right shaker1)
-33.118: (grasp right shaker1)
-29.723: (leave right shaker1)
-33.118: (grasp right shaker1)
-29.723: (leave right shaker1)
-33.118: (grasp right shaker1)
-29.723: (leave right shaker1)
-33.118: (grasp right shaker1)
-29.723: (leave right shaker1)
-33.118: (grasp right shaker1)
-29.723: (leave right shaker1)
-33.118: (grasp right shaker1)
-29.723: (leave right shaker1)
-33.118: (grasp right shaker1)
-29.723: (leave right shaker1)
-33.118: (grasp right shaker1)
-29.723: (leave right shaker1)
-33.118: (grasp right shaker1)
-29.723: (leave right shaker1)
-33.118: (grasp right shaker1)
-29.723: (leave right shaker1)
-33.118: (grasp right shaker1)
-29.723: (leave right shaker1)
-33.118: (grasp right shaker1)
-29.723: (leave right shaker1)
-33.118: (grasp right shaker1)
-29.723: (leave right shaker1)
-33.118: (grasp right shaker1)
-29.723: (leave right shaker1)
-33.118: (grasp right shaker1)
-29.723: (leave right shaker1)
-33.118: (grasp right shaker1)
-29.723: (leave right shaker1)
-33.118: (grasp right shaker1)
-29.723: (leave right shaker1)
-33.118: (grasp right shaker1)
-29.723: (leave right shaker1)
-33.118: (grasp right shaker1)
-29.723: (leave right shaker1)
-33.118: (grasp right shaker1)
-29.723: (leave right shaker1)
-33.118: (grasp right shaker1)
-29.723: (leave right shaker1)
-33.118: (grasp right shaker1)
-29.723: (leave right shaker1)
-33.118: (grasp right shaker1)
-29.723: (leave right shaker1)
-33.118: (grasp right shaker1)
-29.723: (leave right shaker1)
-33.118: (grasp right shaker1)
-29.723: (leave right shaker1)
-33.118: (grasp right shaker1)
-29.723: (leave right shaker1)
-33.118: (grasp right shaker1)
-29.723: (leave right shaker1)
-33.118: (grasp right shaker1)
-29.723: (leave right shaker1)
-33.118: (grasp right shaker1)
-29.723: (leave right shaker1)
-33.118: (grasp right shaker1)
-29.723: (leave right shaker1)
-33.118: (grasp right shaker1)
-29.723: (leave right shaker1)
-33.118: (grasp right shaker1)
-29.723: (leave right shaker1)
-33.118: (grasp right shaker1)
-29.723: (leave right shaker1)
-33.118: (grasp right shaker1)
-29.723: (leave right shaker1)
-33.118: (grasp right shaker1)
-29.723: (leave right shaker1)
-33.118: (grasp right shaker1)
-29.723: (leave right shaker1)
-33.118: (grasp right shaker1)
-29.723: (leave right shaker1)
-33.118: (grasp right shaker1)
-29.723: (leave right shaker1)
-33.118: (grasp right shaker1)
-29.723: (leave right shaker1)
-33.118: (grasp right shaker1)
-29.723: (leave right shaker1)
-33.118: (grasp right shaker1)
-29.723: (leave right shaker1)
-33.118: (grasp right shaker1)
-29.723: (leave right shaker1)
[Final] Expanded: 1000, Generated: 10031
Failed to find a solution!
