Torch: 2.12.0+cu130
Using GPU:  NVIDIA L40S
[Bellman] signal=bellman lambda=0.5 k=4 err_scale=3.0 w_max=0.95
/u/ibrahim.eisawy/Neural-Guided-Search/venv/lib/python3.10/site-packages/pymimir_rgnn/model.py:162: UserWarning: index_reduce() is in beta and the API may change at any time. (Triggered internally at /pytorch/aten/src/ATen/native/cuda/Indexing.cu:1541.)
  exps_max.index_reduce_(0, output_indices, output_messages, reduce="amax", include_self=False)
  [sim 500] root visits=500, unique states=8972, generated=8971, iqn_calls=2141
  [sim 1000] root visits=1000, unique states=18080, generated=18079, iqn_calls=4296
  [sim 1500] root visits=1500, unique states=28612, generated=28611, iqn_calls=6020
  [sim 2000] root visits=2000, unique states=38267, generated=38266, iqn_calls=7988
  [sim 2500] root visits=2500, unique states=46056, generated=46055, iqn_calls=9975
  [sim 3000] root visits=3000, unique states=56491, generated=56490, iqn_calls=12062
  [sim 3500] root visits=3500, unique states=67777, generated=67776, iqn_calls=14292
  [sim 4000] root visits=4000, unique states=78485, generated=78484, iqn_calls=16556
  [sim 4500] root visits=4500, unique states=91846, generated=91845, iqn_calls=18763
  [sim 5000] root visits=5000, unique states=103769, generated=103768, iqn_calls=21010
  [sim 5500] root visits=5500, unique states=115362, generated=115361, iqn_calls=23281
[Final] Expanded: 116365, Generated: 116365
[Cost] IQN forward calls (Bellman signal): 23486
[search done] simulations=5544, unique states generated=116365
Failed to find a solution!
