Torch: 2.12.0+cu130
Using GPU:  NVIDIA L40S
[Bellman] lambda=0 -> baseline (no widening signal)
[Sib] OPTION5 sib_beta=6.0 signal=QR-DQN raw width vs SIBLINGS (boosts exploration toward wider/uncertain children; prior untouched)
[Value] SELF-CONSISTENT: leaf value = QR-DQN max_a mean Z(s,a) (SAC critics bypassed; prior still SAC policy)
/u/ibrahim.eisawy/Neural-Guided-Search/venv/lib/python3.10/site-packages/pymimir_rgnn/model.py:162: UserWarning: index_reduce() is in beta and the API may change at any time. (Triggered internally at /pytorch/aten/src/ATen/native/cuda/Indexing.cu:1541.)
  exps_max.index_reduce_(0, output_indices, output_messages, reduce="amax", include_self=False)
  [sim 11] found goal path of length 10
[Final] Expanded: 19, Generated: 19
[Cost] IQN forward calls (Bellman signal): 11
[Widen] nodes widened: 0, mean w: 0.0000
[Sib] child-edges modulated: 28, mean mult: 1.2504 (1.0 = no change; >1 = boosted toward wide)
[search done] simulations=11, unique states generated=19
Found a solution of length 10!
   1: (move f6-4f f5-4f)
   2: (move f5-4f f4-4f)
   3: (move f4-4f f3-4f)
   4: (move f3-4f f2-4f)
   5: (move f2-4f f1-4f)
   6: (move f1-4f f1-5f)
   7: (move f1-5f f1-6f)
   8: (detonate-bomb f1-6f f2-6f)
   9: (move f1-6f f2-6f)
  10: (pick-gold f2-6f)
