Torch: 2.12.0+cu130
Using GPU:  NVIDIA L40S
[Bellman] lambda=0 -> baseline (no widening signal)
[Sib] OPTION5 sib_beta=6.0 signal=QR-DQN raw width vs SIBLINGS (boosts exploration toward wider/uncertain children; prior untouched)
[Value] SELF-CONSISTENT: leaf value = QR-DQN max_a mean Z(s,a) (SAC critics bypassed; prior still SAC policy)
/u/ibrahim.eisawy/Neural-Guided-Search/venv/lib/python3.10/site-packages/pymimir_rgnn/model.py:162: UserWarning: index_reduce() is in beta and the API may change at any time. (Triggered internally at /pytorch/aten/src/ATen/native/cuda/Indexing.cu:1541.)
  exps_max.index_reduce_(0, output_indices, output_messages, reduce="amax", include_self=False)
  [sim 500] root visits=500, unique states=1354, generated=1353, iqn_calls=437
  [sim 1000] root visits=1000, unique states=2259, generated=2258, iqn_calls=798
  [sim 1500] root visits=1500, unique states=3285, generated=3284, iqn_calls=1152
  [sim 2000] root visits=2000, unique states=3963, generated=3962, iqn_calls=1401
  [sim 2500] root visits=2500, unique states=4582, generated=4581, iqn_calls=1662
  [sim 3000] root visits=3000, unique states=5215, generated=5214, iqn_calls=1888
  [sim 3500] root visits=3500, unique states=5804, generated=5803, iqn_calls=2114
  [sim 4000] root visits=4000, unique states=6527, generated=6526, iqn_calls=2361
  [sim 4500] root visits=4500, unique states=7050, generated=7049, iqn_calls=2565
  [sim 5000] root visits=5000, unique states=7542, generated=7541, iqn_calls=2748
  [sim 5500] root visits=5500, unique states=8008, generated=8007, iqn_calls=2925
  [sim 6000] root visits=6000, unique states=8468, generated=8467, iqn_calls=3093
  [sim 6500] root visits=6500, unique states=8893, generated=8892, iqn_calls=3249
  [sim 7000] root visits=7000, unique states=9262, generated=9261, iqn_calls=3382
  [sim 7500] root visits=7500, unique states=9622, generated=9621, iqn_calls=3528
  [sim 8000] root visits=8000, unique states=10057, generated=10056, iqn_calls=3687
[Final] Expanded: 10351, Generated: 10351
[Cost] IQN forward calls (Bellman signal): 3801
[Widen] nodes widened: 0, mean w: 0.0000
[Sib] child-edges modulated: 19016, mean mult: 1.0046 (1.0 = no change; >1 = boosted toward wide)
[search done] simulations=8478, unique states generated=10351
Failed to find a solution!
