Torch: 2.12.0+cu130
Using GPU:  NVIDIA L40S
[Bellman] lambda=0 -> baseline (no widening signal)
[Sib] OPTION5 sib_beta=6.0 signal=QR-DQN raw width vs SIBLINGS (boosts exploration toward wider/uncertain children; prior untouched)
[Value] SELF-CONSISTENT: leaf value = QR-DQN max_a mean Z(s,a) (SAC critics bypassed; prior still SAC policy)
/u/ibrahim.eisawy/Neural-Guided-Search/venv/lib/python3.10/site-packages/pymimir_rgnn/model.py:162: UserWarning: index_reduce() is in beta and the API may change at any time. (Triggered internally at /pytorch/aten/src/ATen/native/cuda/Indexing.cu:1541.)
  exps_max.index_reduce_(0, output_indices, output_messages, reduce="amax", include_self=False)
  [sim 500] root visits=500, unique states=1108, generated=1107, iqn_calls=325
  [sim 1000] root visits=1000, unique states=1978, generated=1977, iqn_calls=584
  [sim 1500] root visits=1500, unique states=3600, generated=3599, iqn_calls=1063
  [sim 2000] root visits=2000, unique states=4845, generated=4844, iqn_calls=1476
  [sim 2500] root visits=2500, unique states=5944, generated=5943, iqn_calls=1831
  [sim 3000] root visits=3000, unique states=6154, generated=6153, iqn_calls=1892
  [sim 3500] root visits=3500, unique states=6154, generated=6153, iqn_calls=1892
  [sim 4000] root visits=4000, unique states=6154, generated=6153, iqn_calls=1892
  [sim 4500] root visits=4500, unique states=6154, generated=6153, iqn_calls=1892
  [sim 5000] root visits=5000, unique states=6154, generated=6153, iqn_calls=1892
  [sim 5500] root visits=5500, unique states=6154, generated=6153, iqn_calls=1892
  [sim 6000] root visits=6000, unique states=6468, generated=6467, iqn_calls=1995
  [sim 6500] root visits=6500, unique states=6969, generated=6968, iqn_calls=2145
  [sim 7000] root visits=7000, unique states=7612, generated=7611, iqn_calls=2360
  [sim 7500] root visits=7500, unique states=8184, generated=8183, iqn_calls=2542
  [sim 8000] root visits=8000, unique states=8856, generated=8855, iqn_calls=2760
  [sim 8500] root visits=8500, unique states=9555, generated=9554, iqn_calls=2979
[Final] Expanded: 9763, Generated: 9763
[Cost] IQN forward calls (Bellman signal): 3044
[Widen] nodes widened: 0, mean w: 0.0000
[Sib] child-edges modulated: 20603, mean mult: 1.0000 (1.0 = no change; >1 = boosted toward wide)
[search done] simulations=8655, unique states generated=9763
Failed to find a solution!
