Torch: 2.12.0+cu130
Using GPU:  NVIDIA L40S
[Bellman] lambda=0 -> baseline (no widening signal)
[Sib] OPTION5 sib_beta=6.0 signal=QR-DQN raw width vs SIBLINGS (boosts exploration toward wider/uncertain children; prior untouched)
[Value] SELF-CONSISTENT: leaf value = QR-DQN max_a mean Z(s,a) (SAC critics bypassed; prior still SAC policy)
/u/ibrahim.eisawy/Neural-Guided-Search/venv/lib/python3.10/site-packages/pymimir_rgnn/model.py:162: UserWarning: index_reduce() is in beta and the API may change at any time. (Triggered internally at /pytorch/aten/src/ATen/native/cuda/Indexing.cu:1541.)
  exps_max.index_reduce_(0, output_indices, output_messages, reduce="amax", include_self=False)
  [sim 500] root visits=500, unique states=692, generated=691, iqn_calls=235
  [sim 1000] root visits=1000, unique states=1358, generated=1357, iqn_calls=462
  [sim 1500] root visits=1500, unique states=1619, generated=1618, iqn_calls=551
  [sim 2000] root visits=2000, unique states=2517, generated=2516, iqn_calls=850
  [sim 2500] root visits=2500, unique states=2915, generated=2914, iqn_calls=987
  [sim 3000] root visits=3000, unique states=3165, generated=3164, iqn_calls=1080
  [sim 3500] root visits=3500, unique states=3445, generated=3444, iqn_calls=1177
  [sim 4000] root visits=4000, unique states=3819, generated=3818, iqn_calls=1311
  [sim 4500] root visits=4500, unique states=4125, generated=4124, iqn_calls=1424
  [sim 5000] root visits=5000, unique states=4447, generated=4446, iqn_calls=1529
  [sim 5500] root visits=5500, unique states=4828, generated=4827, iqn_calls=1642
  [sim 6000] root visits=6000, unique states=5304, generated=5303, iqn_calls=1780
  [sim 6500] root visits=6500, unique states=5690, generated=5689, iqn_calls=1898
  [sim 7000] root visits=7000, unique states=6018, generated=6017, iqn_calls=1995
  [sim 7500] root visits=7500, unique states=6294, generated=6293, iqn_calls=2080
  [sim 8000] root visits=8000, unique states=6674, generated=6673, iqn_calls=2188
  [sim 8500] root visits=8500, unique states=7075, generated=7074, iqn_calls=2301
  [sim 9000] root visits=9000, unique states=7453, generated=7452, iqn_calls=2424
  [sim 9500] root visits=9500, unique states=7883, generated=7882, iqn_calls=2545
  [sim 10000] root visits=10000, unique states=8279, generated=8278, iqn_calls=2666
[Final] Expanded: 8338, Generated: 8338
[Cost] IQN forward calls (Bellman signal): 2688
[Widen] nodes widened: 0, mean w: 0.0000
[Sib] child-edges modulated: 16525, mean mult: 1.0000 (1.0 = no change; >1 = boosted toward wide)
[search done] simulations=10100, unique states generated=8338
Failed to find a solution!
