Torch: 2.12.0+cu130
Using GPU:  NVIDIA L40S
[Bellman] lambda=0 -> baseline (no widening signal)
[Sib] OPTION5 sib_beta=2.0 signal=QR-DQN raw width vs SIBLINGS (boosts exploration toward wider/uncertain children; prior untouched)
/u/ibrahim.eisawy/Neural-Guided-Search/venv/lib/python3.10/site-packages/pymimir_rgnn/model.py:162: UserWarning: index_reduce() is in beta and the API may change at any time. (Triggered internally at /pytorch/aten/src/ATen/native/cuda/Indexing.cu:1541.)
  exps_max.index_reduce_(0, output_indices, output_messages, reduce="amax", include_self=False)
  [sim 500] root visits=500, unique states=1422, generated=1421, iqn_calls=500
  [sim 1000] root visits=1000, unique states=2789, generated=2788, iqn_calls=1000
  [sim 1500] root visits=1500, unique states=4103, generated=4102, iqn_calls=1500
  [sim 2000] root visits=2000, unique states=5507, generated=5506, iqn_calls=2000
  [sim 2500] root visits=2500, unique states=6905, generated=6904, iqn_calls=2500
  [sim 3000] root visits=3000, unique states=8293, generated=8292, iqn_calls=3000
  [sim 3500] root visits=3500, unique states=9658, generated=9657, iqn_calls=3500
  [sim 4000] root visits=4000, unique states=11076, generated=11075, iqn_calls=4000
[Final] Expanded: 12004, Generated: 12004
[Cost] IQN forward calls (Bellman signal): 4337
[Widen] nodes widened: 0, mean w: 0.0000
[Sib] child-edges modulated: 19735, mean mult: 1.0000 (1.0 = no change; >1 = boosted toward wide)
[search done] simulations=4337, unique states generated=12004
Failed to find a solution!
