Torch: 2.12.0+cu130
Using GPU:  NVIDIA L40S
[Bellman] CONTROL signal=constant const_w=0.99 (no IQN, no Bellman check)
/u/ibrahim.eisawy/Neural-Guided-Search/venv/lib/python3.10/site-packages/pymimir_rgnn/model.py:162: UserWarning: index_reduce() is in beta and the API may change at any time. (Triggered internally at /pytorch/aten/src/ATen/native/cuda/Indexing.cu:1541.)
  exps_max.index_reduce_(0, output_indices, output_messages, reduce="amax", include_self=False)
  [sim 500] root visits=500, unique states=21530, generated=21529, iqn_calls=0
  [sim 1000] root visits=1000, unique states=43294, generated=43293, iqn_calls=0
  [sim 1500] root visits=1500, unique states=64531, generated=64530, iqn_calls=0
  [sim 2000] root visits=2000, unique states=93048, generated=93047, iqn_calls=0
  [sim 2500] root visits=2500, unique states=119014, generated=119013, iqn_calls=0
  [sim 3000] root visits=3000, unique states=146012, generated=146011, iqn_calls=0
  [sim 3500] root visits=3500, unique states=172466, generated=172465, iqn_calls=0
  [sim 4000] root visits=4000, unique states=197142, generated=197141, iqn_calls=0
  [sim 4500] root visits=4500, unique states=221165, generated=221164, iqn_calls=0
  [sim 5000] root visits=5000, unique states=245987, generated=245986, iqn_calls=0
  [sim 5500] root visits=5500, unique states=269725, generated=269724, iqn_calls=0
  [sim 6000] root visits=6000, unique states=294578, generated=294577, iqn_calls=0
  [sim 6500] root visits=6500, unique states=321816, generated=321815, iqn_calls=0
  [sim 7000] root visits=7000, unique states=351167, generated=351166, iqn_calls=0
  [sim 7500] root visits=7500, unique states=382453, generated=382452, iqn_calls=0
  [sim 8000] root visits=8000, unique states=408649, generated=408648, iqn_calls=0
  [sim 8500] root visits=8500, unique states=434053, generated=434052, iqn_calls=0
  [sim 9000] root visits=9000, unique states=459249, generated=459248, iqn_calls=0
  [sim 9500] root visits=9500, unique states=484705, generated=484704, iqn_calls=0
  [sim 10000] root visits=10000, unique states=510097, generated=510096, iqn_calls=0
  [sim 10500] root visits=10500, unique states=533280, generated=533279, iqn_calls=0
  [sim 11000] root visits=11000, unique states=557671, generated=557670, iqn_calls=0
[Final] Expanded: 568197, Generated: 568197
[Cost] IQN forward calls (Bellman signal): 0
[Widen] nodes widened: 11227, mean w: 0.9500
[search done] simulations=11227, unique states generated=568197
Failed to find a solution!
