Torch: 2.12.0+cu130
Using GPU:  NVIDIA L40S
[Bellman] CONTROL signal=constant const_w=0.99 (no IQN, no Bellman check)
/u/ibrahim.eisawy/Neural-Guided-Search/venv/lib/python3.10/site-packages/pymimir_rgnn/model.py:162: UserWarning: index_reduce() is in beta and the API may change at any time. (Triggered internally at /pytorch/aten/src/ATen/native/cuda/Indexing.cu:1541.)
  exps_max.index_reduce_(0, output_indices, output_messages, reduce="amax", include_self=False)
  [sim 34] found goal path of length 33
[Final] Expanded: 927, Generated: 927
[Cost] IQN forward calls (Bellman signal): 0
[Widen] nodes widened: 34, mean w: 0.9500
[search done] simulations=34, unique states generated=927
Found a solution of length 33!
   1: (calibrate rover0 camera1 objective10 waypoint23)
   2: (calibrate rover0 camera5 objective8 waypoint23)
   3: (calibrate rover0 camera11 objective10 waypoint23)
   4: (take_image rover0 waypoint23 objective9 camera11 colour)
   5: (communicate_image_data rover0 general objective9 colour waypoint23 waypoint18)
   6: (navigate rover0 waypoint23 waypoint12)
   7: (take_image rover0 waypoint12 objective7 camera5 colour)
   8: (navigate rover0 waypoint12 waypoint14)
   9: (calibrate rover0 camera0 objective6 waypoint14)
  10: (navigate rover0 waypoint14 waypoint12)
  11: (navigate rover0 waypoint12 waypoint23)
  12: (communicate_image_data rover0 general objective7 colour waypoint23 waypoint18)
  13: (navigate rover0 waypoint23 waypoint0)
  14: (sample_rock rover0 rover0store waypoint0)
  15: (navigate rover0 waypoint0 waypoint26)
  16: (drop rover0 rover0store)
  17: (sample_rock rover0 rover0store waypoint26)
  18: (navigate rover0 waypoint26 waypoint0)
  19: (navigate rover0 waypoint0 waypoint23)
  20: (navigate rover0 waypoint23 waypoint12)
  21: (drop rover0 rover0store)
  22: (sample_rock rover0 rover0store waypoint12)
  23: (navigate rover0 waypoint12 waypoint23)
  24: (navigate rover0 waypoint23 waypoint20)
  25: (navigate rover0 waypoint20 waypoint8)
  26: (drop rover0 rover0store)
  27: (sample_rock rover0 rover0store waypoint8)
  28: (navigate rover0 waypoint8 waypoint20)
  29: (navigate rover0 waypoint20 waypoint23)
  30: (communicate_rock_data rover0 general waypoint12 waypoint23 waypoint18)
  31: (communicate_rock_data rover0 general waypoint0 waypoint23 waypoint18)
  32: (communicate_rock_data rover0 general waypoint8 waypoint23 waypoint18)
  33: (communicate_rock_data rover0 general waypoint26 waypoint23 waypoint18)
