/u/ibrahim.eisawy/Neural-Guided-Search/venv/lib/python3.10/site-packages/pymimir_rgnn/model.py:151: UserWarning: index_reduce() is in beta and the API may change at any time. (Triggered internally at /pytorch/aten/src/ATen/native/cuda/Indexing.cu:1541.)
  max_msg.index_reduce_(0, output_indices, output_messages, reduce='amax', include_self=True)
Torch: 2.12.0+cu130
Using GPU:  NVIDIA L40S
24.242: (calibrate rover0 camera10 objective3 waypoint20)
22.543: (navigate rover0 waypoint20 waypoint24)
21.168: (calibrate rover0 camera0 objective7 waypoint24)
19.496: (take_image rover0 waypoint24 objective0 camera10 colour)
19.093: (sample_soil rover0 rover0store waypoint24)
17.932: (navigate rover0 waypoint24 waypoint40)
16.941: (drop rover0 rover0store)
16.631: (sample_soil rover0 rover0store waypoint40)
15.629: (drop rover0 rover0store)
15.529: (calibrate rover0 camera8 objective11 waypoint40)
15.346: (take_image rover0 waypoint40 objective7 camera8 high_res)
15.245: (calibrate rover0 camera8 objective11 waypoint40)
15.125: (navigate rover0 waypoint40 waypoint24)
15.144: (calibrate rover0 camera11 objective5 waypoint24)
15.002: (take_image rover0 waypoint24 objective10 camera11 low_res)
15.012: (calibrate rover0 camera11 objective5 waypoint24)
14.956: (take_image rover0 waypoint24 objective5 camera11 high_res)
14.968: (calibrate rover0 camera2 objective1 waypoint24)
14.947: (take_image rover0 waypoint24 objective10 camera2 high_res)
14.960: (calibrate rover0 camera2 objective1 waypoint24)
14.945: (take_image rover0 waypoint24 objective5 camera2 low_res)
14.953: (calibrate rover0 camera2 objective1 waypoint24)
14.946: (take_image rover0 waypoint24 objective7 camera2 low_res)
14.953: (calibrate rover0 camera2 objective1 waypoint24)
14.971: (calibrate rover0 camera11 objective5 waypoint24)
14.962: (take_image rover0 waypoint24 objective10 camera2 high_res)
14.982: (take_image rover0 waypoint24 objective1 camera11 low_res)
14.981: (calibrate rover0 camera2 objective1 waypoint24)
14.983: (take_image rover0 waypoint24 objective1 camera2 high_res)
14.981: (calibrate rover0 camera2 objective1 waypoint24)
14.993: (calibrate rover0 camera11 objective5 waypoint24)
14.994: (take_image rover0 waypoint24 objective7 camera2 low_res)
15.022: (take_image rover0 waypoint24 objective1 camera0 high_res)
14.999: (calibrate rover0 camera1 objective7 waypoint24)
14.994: (calibrate rover0 camera2 objective1 waypoint24)
14.982: (take_image rover0 waypoint24 objective1 camera11 high_res)
15.001: (take_image rover0 waypoint24 objective5 camera1 high_res)
15.015: (calibrate rover0 camera11 objective5 waypoint24)
15.064: (calibrate rover0 camera4 objective1 waypoint24)
15.039: (calibrate rover0 camera0 objective7 waypoint24)
15.024: (take_image rover0 waypoint24 objective10 camera11 high_res)
15.022: (take_image rover0 waypoint24 objective10 camera2 high_res)
15.037: (calibrate rover0 camera11 objective5 waypoint24)
15.059: (take_image rover0 waypoint24 objective10 camera4 colour)
15.048: (take_image rover0 waypoint24 objective7 camera11 high_res)
15.045: (calibrate rover0 camera2 objective1 waypoint24)
15.056: (calibrate rover0 camera11 objective5 waypoint24)
15.081: (take_image rover0 waypoint24 objective10 camera0 low_res)
15.057: (calibrate rover0 camera1 objective7 waypoint24)
15.045: (take_image rover0 waypoint24 objective10 camera11 low_res)
15.068: (take_image rover0 waypoint24 objective1 camera1 high_res)
15.102: (calibrate rover0 camera4 objective1 waypoint24)
15.077: (calibrate rover0 camera0 objective7 waypoint24)
15.077: (take_image rover0 waypoint24 objective10 camera2 low_res)
15.091: (calibrate rover0 camera11 objective5 waypoint24)
15.091: (calibrate rover0 camera2 objective1 waypoint24)
15.095: (take_image rover0 waypoint24 objective1 camera4 colour)
15.085: (take_image rover0 waypoint24 objective1 camera11 high_res)
15.102: (take_image rover0 waypoint24 objective7 camera2 high_res)
15.115: (calibrate rover0 camera11 objective5 waypoint24)
15.141: (calibrate rover0 camera4 objective1 waypoint24)
15.127: (take_image rover0 waypoint24 objective10 camera11 low_res)
15.125: (calibrate rover0 camera2 objective1 waypoint24)
15.128: (take_image rover0 waypoint24 objective5 camera4 colour)
15.131: (calibrate rover0 camera11 objective5 waypoint24)
15.149: (take_image rover0 waypoint24 objective10 camera2 low_res)
15.149: (take_image rover0 waypoint24 objective1 camera11 high_res)
15.170: (calibrate rover0 camera4 objective1 waypoint24)
15.169: (calibrate rover0 camera2 objective1 waypoint24)
15.172: (calibrate rover0 camera11 objective5 waypoint24)
15.173: (take_image rover0 waypoint24 objective5 camera2 low_res)
15.203: (take_image rover0 waypoint24 objective7 camera0 low_res)
15.175: (calibrate rover0 camera1 objective7 waypoint24)
15.152: (take_image rover0 waypoint24 objective1 camera4 colour)
15.132: (calibrate rover0 camera2 objective1 waypoint24)
15.129: (take_image rover0 waypoint24 objective10 camera11 low_res)
15.158: (take_image rover0 waypoint24 objective5 camera1 high_res)
15.161: (calibrate rover0 camera11 objective5 waypoint24)
15.184: (take_image rover0 waypoint24 objective10 camera2 high_res)
15.335: (take_image rover0 waypoint24 objective0 camera8 colour)
15.255: (calibrate rover0 camera4 objective1 waypoint24)
15.221: (calibrate rover0 camera0 objective7 waypoint24)
15.218: (calibrate rover0 camera2 objective1 waypoint24)
15.216: (take_image rover0 waypoint24 objective10 camera11 low_res)
15.220: (take_image rover0 waypoint24 objective5 camera2 low_res)
15.300: (take_image rover0 waypoint24 objective5 camera4 colour)
15.277: (calibrate rover0 camera2 objective1 waypoint24)
15.278: (calibrate rover0 camera11 objective5 waypoint24)
15.300: (take_image rover0 waypoint24 objective7 camera2 low_res)
15.427: (calibrate rover0 camera1 objective7 waypoint24)
15.303: (take_image rover0 waypoint24 objective10 camera0 low_res)
15.223: (calibrate rover0 camera4 objective1 waypoint24)
15.219: (calibrate rover0 camera2 objective1 waypoint24)
15.216: (take_image rover0 waypoint24 objective7 camera11 high_res)
15.245: (take_image rover0 waypoint24 objective10 camera1 high_res)
15.247: (calibrate rover0 camera11 objective5 waypoint24)
15.306: (take_image rover0 waypoint24 objective10 camera4 colour)
15.279: (calibrate rover0 camera1 objective7 waypoint24)
15.277: (take_image rover0 waypoint24 objective1 camera11 high_res)
15.303: (take_image rover0 waypoint24 objective1 camera1 high_res)
15.524: (navigate rover0 waypoint24 waypoint40)
15.418: (calibrate rover0 camera8 objective11 waypoint40)
15.397: (calibrate rover0 camera0 objective7 waypoint40)
15.359: (take_image rover0 waypoint40 objective6 camera0 high_res)
15.172: (navigate rover0 waypoint40 waypoint24)
15.139: (calibrate rover0 camera0 objective7 waypoint24)
15.138: (calibrate rover0 camera11 objective5 waypoint24)
15.155: (take_image rover0 waypoint24 objective7 camera2 low_res)
15.158: (take_image rover0 waypoint24 objective5 camera11 low_res)
15.179: (calibrate rover0 camera4 objective1 waypoint24)
15.179: (calibrate rover0 camera11 objective5 waypoint24)
15.178: (calibrate rover0 camera2 objective1 waypoint24)
15.178: (take_image rover0 waypoint24 objective7 camera11 low_res)
15.212: (take_image rover0 waypoint24 objective1 camera0 low_res)
15.179: (calibrate rover0 camera1 objective7 waypoint24)
15.138: (take_image rover0 waypoint24 objective0 camera4 colour)
15.138: (calibrate rover0 camera11 objective5 waypoint24)
15.157: (take_image rover0 waypoint24 objective1 camera2 low_res)
15.181: (calibrate rover0 camera4 objective1 waypoint24)
15.178: (calibrate rover0 camera2 objective1 waypoint24)
15.210: (take_image rover0 waypoint24 objective10 camera1 high_res)
15.172: (take_image rover0 waypoint24 objective10 camera4 colour)
15.195: (take_image rover0 waypoint24 objective1 camera2 high_res)
15.214: (calibrate rover0 camera4 objective1 waypoint24)
15.270: (take_image rover0 waypoint24 objective10 camera8 high_res)
15.232: (calibrate rover0 camera0 objective7 waypoint24)
15.228: (calibrate rover0 camera2 objective1 waypoint24)
15.229: (take_image rover0 waypoint24 objective10 camera11 low_res)
15.233: (take_image rover0 waypoint24 objective7 camera2 low_res)
15.319: (take_image rover0 waypoint24 objective5 camera4 colour)
15.297: (calibrate rover0 camera2 objective1 waypoint24)
15.294: (calibrate rover0 camera11 objective5 waypoint24)
15.315: (take_image rover0 waypoint24 objective1 camera2 low_res)
15.356: (take_image rover0 waypoint24 objective10 camera0 low_res)
15.318: (calibrate rover0 camera1 objective7 waypoint24)
15.234: (calibrate rover0 camera4 objective1 waypoint24)
15.228: (calibrate rover0 camera2 objective1 waypoint24)
15.229: (take_image rover0 waypoint24 objective10 camera11 low_res)
15.264: (take_image rover0 waypoint24 objective10 camera1 high_res)
15.262: (calibrate rover0 camera11 objective5 waypoint24)
15.327: (take_image rover0 waypoint24 objective1 camera4 colour)
15.294: (calibrate rover0 camera1 objective7 waypoint24)
15.296: (take_image rover0 waypoint24 objective10 camera11 low_res)
15.330: (take_image rover0 waypoint24 objective1 camera1 high_res)
15.474: (navigate rover0 waypoint24 waypoint40)
15.393: (calibrate rover0 camera7 objective8 waypoint40)
15.244: (navigate rover0 waypoint40 waypoint24)
15.213: (calibrate rover0 camera0 objective7 waypoint24)
15.212: (calibrate rover0 camera11 objective5 waypoint24)
15.221: (calibrate rover0 camera4 objective1 waypoint24)
15.222: (take_image rover0 waypoint24 objective1 camera11 high_res)
15.226: (take_image rover0 waypoint24 objective10 camera2 low_res)
15.224: (calibrate rover0 camera11 objective5 waypoint24)
15.233: (take_image rover0 waypoint24 objective10 camera4 colour)
15.235: (take_image rover0 waypoint24 objective5 camera11 low_res)
15.329: (calibrate rover0 camera1 objective7 waypoint24)
15.297: (calibrate rover0 camera2 objective1 waypoint24)
15.212: (take_image rover0 waypoint24 objective10 camera0 low_res)
15.212: (calibrate rover0 camera11 objective5 waypoint24)
15.221: (calibrate rover0 camera4 objective1 waypoint24)
15.222: (take_image rover0 waypoint24 objective7 camera11 low_res)
15.256: (take_image rover0 waypoint24 objective1 camera1 high_res)
15.254: (calibrate rover0 camera11 objective5 waypoint24)
15.245: (take_image rover0 waypoint24 objective5 camera4 colour)
15.271: (take_image rover0 waypoint24 objective5 camera2 high_res)
15.235: (calibrate rover0 camera1 objective7 waypoint24)
15.226: (calibrate rover0 camera4 objective1 waypoint24)
15.262: (take_image rover0 waypoint24 objective5 camera1 high_res)
15.363: (take_image rover0 waypoint24 objective7 camera7 colour)
15.326: (calibrate rover0 camera0 objective7 waypoint24)
15.323: (calibrate rover0 camera2 objective1 waypoint24)
15.323: (take_image rover0 waypoint24 objective7 camera11 low_res)
15.326: (take_image rover0 waypoint24 objective1 camera2 high_res)
15.382: (calibrate rover0 camera1 objective7 waypoint24)
15.375: (calibrate rover0 camera2 objective1 waypoint24)
15.323: (take_image rover0 waypoint24 objective1 camera0 high_res)
15.323: (calibrate rover0 camera11 objective5 waypoint24)
15.328: (take_image rover0 waypoint24 objective10 camera2 low_res)
15.384: (calibrate rover0 camera0 objective7 waypoint24)
15.378: (calibrate rover0 camera2 objective1 waypoint24)
15.431: (take_image rover0 waypoint24 objective5 camera4 colour)
15.372: (take_image rover0 waypoint24 objective10 camera0 low_res)
15.373: (take_image rover0 waypoint24 objective10 camera11 high_res)
15.409: (take_image rover0 waypoint24 objective10 camera1 high_res)
15.353: (calibrate rover0 camera4 objective1 waypoint24)
15.355: (calibrate rover0 camera11 objective5 waypoint24)
15.408: (take_image rover0 waypoint24 objective7 camera4 colour)
15.372: (calibrate rover0 camera0 objective7 waypoint24)
15.374: (take_image rover0 waypoint24 objective10 camera11 low_res)
15.398: (take_image rover0 waypoint24 objective1 camera2 high_res)
15.397: (calibrate rover0 camera11 objective5 waypoint24)
15.441: (take_image rover0 waypoint24 objective5 camera0 low_res)
15.399: (calibrate rover0 camera1 objective7 waypoint24)
15.464: (calibrate rover0 camera0 objective7 waypoint24)
15.463: (take_image rover0 waypoint24 objective1 camera11 low_res)
15.430: (calibrate rover0 camera2 objective1 waypoint24)
15.564: (take_image rover0 waypoint24 objective0 camera0 high_res)
15.516: (calibrate rover0 camera4 objective1 waypoint24)
15.516: (calibrate rover0 camera11 objective5 waypoint24)
15.491: (take_image rover0 waypoint24 objective0 camera11 low_res)
15.488: (calibrate rover0 camera11 objective5 waypoint24)
15.495: (take_image rover0 waypoint24 objective0 camera2 high_res)
15.532: (take_image rover0 waypoint24 objective5 camera1 high_res)
15.494: (calibrate rover0 camera0 objective7 waypoint24)
15.488: (calibrate rover0 camera2 objective1 waypoint24)
15.490: (take_image rover0 waypoint24 objective1 camera11 low_res)
15.495: (take_image rover0 waypoint24 objective5 camera2 low_res)
15.541: (calibrate rover0 camera1 objective7 waypoint24)
15.532: (calibrate rover0 camera2 objective1 waypoint24)
15.535: (calibrate rover0 camera11 objective5 waypoint24)
15.542: (take_image rover0 waypoint24 objective5 camera2 high_res)
15.615: (take_image rover0 waypoint24 objective10 camera4 colour)
15.563: (take_image rover0 waypoint24 objective7 camera1 high_res)
15.544: (calibrate rover0 camera2 objective1 waypoint24)
15.546: (take_image rover0 waypoint24 objective1 camera11 low_res)
15.565: (take_image rover0 waypoint24 objective10 camera2 low_res)
15.615: (calibrate rover0 camera1 objective7 waypoint24)
15.589: (calibrate rover0 camera2 objective1 waypoint24)
15.546: (take_image rover0 waypoint24 objective7 camera0 high_res)
15.544: (calibrate rover0 camera11 objective5 waypoint24)
15.565: (take_image rover0 waypoint24 objective1 camera2 low_res)
15.604: (take_image rover0 waypoint24 objective5 camera1 high_res)
15.578: (calibrate rover0 camera2 objective1 waypoint24)
15.525: (calibrate rover0 camera4 objective1 waypoint24)
15.525: (take_image rover0 waypoint24 objective0 camera11 low_res)
15.578: (take_image rover0 waypoint24 objective7 camera4 colour)
15.719: (navigate rover0 waypoint24 waypoint40)
15.619: (calibrate rover0 camera8 objective11 waypoint40)
15.445: (navigate rover0 waypoint40 waypoint24)
15.414: (calibrate rover0 camera1 objective7 waypoint24)
15.411: (calibrate rover0 camera11 objective5 waypoint24)
15.431: (take_image rover0 waypoint24 objective10 camera2 high_res)
15.456: (calibrate rover0 camera4 objective1 waypoint24)
15.451: (calibrate rover0 camera2 objective1 waypoint24)
15.453: (take_image rover0 waypoint24 objective5 camera11 low_res)
15.486: (take_image rover0 waypoint24 objective10 camera1 high_res)
15.453: (calibrate rover0 camera0 objective7 waypoint24)
15.414: (take_image rover0 waypoint24 objective1 camera4 colour)
15.411: (calibrate rover0 camera11 objective5 waypoint24)
15.430: (take_image rover0 waypoint24 objective10 camera2 high_res)
15.433: (take_image rover0 waypoint24 objective7 camera11 low_res)
15.456: (calibrate rover0 camera4 objective1 waypoint24)
15.454: (calibrate rover0 camera11 objective5 waypoint24)
15.451: (calibrate rover0 camera2 objective1 waypoint24)
15.488: (take_image rover0 waypoint24 objective5 camera0 low_res)
15.446: (take_image rover0 waypoint24 objective7 camera4 colour)
15.469: (take_image rover0 waypoint24 objective0 camera2 high_res)
15.491: (calibrate rover0 camera4 objective1 waypoint24)
15.708: (navigate rover0 waypoint24 waypoint40)
15.646: (calibrate rover0 camera7 objective8 waypoint40)
15.433: (navigate rover0 waypoint40 waypoint24)
15.397: (calibrate rover0 camera0 objective7 waypoint24)
15.395: (calibrate rover0 camera2 objective1 waypoint24)
15.397: (take_image rover0 waypoint24 objective0 camera11 low_res)
15.399: (take_image rover0 waypoint24 objective1 camera2 high_res)
15.442: (calibrate rover0 camera1 objective7 waypoint24)
15.438: (calibrate rover0 camera2 objective1 waypoint24)
15.397: (take_image rover0 waypoint24 objective5 camera0 low_res)
15.395: (calibrate rover0 camera11 objective5 waypoint24)
15.399: (take_image rover0 waypoint24 objective0 camera2 low_res)
15.444: (calibrate rover0 camera0 objective7 waypoint24)
15.441: (calibrate rover0 camera2 objective1 waypoint24)
15.485: (take_image rover0 waypoint24 objective10 camera4 colour)
15.441: (take_image rover0 waypoint24 objective0 camera1 high_res)
15.442: (take_image rover0 waypoint24 objective5 camera11 high_res)
15.460: (take_image rover0 waypoint24 objective10 camera2 high_res)
15.459: (calibrate rover0 camera11 objective5 waypoint24)
15.495: (take_image rover0 waypoint24 objective10 camera8 high_res)
15.475: (calibrate rover0 camera2 objective1 waypoint24)
15.476: (take_image rover0 waypoint24 objective7 camera11 low_res)
15.484: (calibrate rover0 camera4 objective1 waypoint24)
15.482: (calibrate rover0 camera11 objective5 waypoint24)
15.487: (take_image rover0 waypoint24 objective0 camera2 low_res)
15.489: (take_image rover0 waypoint24 objective0 camera11 low_res)
15.496: (take_image rover0 waypoint24 objective7 camera4 colour)
15.542: (calibrate rover0 camera1 objective7 waypoint24)
15.516: (calibrate rover0 camera2 objective1 waypoint24)
15.476: (take_image rover0 waypoint24 objective5 camera0 high_res)
15.475: (calibrate rover0 camera11 objective5 waypoint24)
15.482: (calibrate rover0 camera4 objective1 waypoint24)
15.484: (take_image rover0 waypoint24 objective10 camera11 high_res)
15.518: (take_image rover0 waypoint24 objective10 camera1 high_res)
15.507: (take_image rover0 waypoint24 objective0 camera4 colour)
15.508: (calibrate rover0 camera11 objective5 waypoint24)
15.518: (calibrate rover0 camera4 objective1 waypoint24)
15.525: (take_image rover0 waypoint24 objective1 camera2 low_res)
15.489: (calibrate rover0 camera1 objective7 waypoint24)
15.496: (take_image rover0 waypoint24 objective7 camera4 colour)
15.533: (take_image rover0 waypoint24 objective5 camera1 high_res)
15.729: (navigate rover0 waypoint24 waypoint40)
15.700: (calibrate rover0 camera5 objective12 waypoint40)
15.485: (navigate rover0 waypoint40 waypoint24)
15.450: (calibrate rover0 camera1 objective7 waypoint24)
15.438: (calibrate rover0 camera2 objective1 waypoint24)
15.439: (take_image rover0 waypoint24 objective0 camera11 high_res)
15.445: (calibrate rover0 camera4 objective1 waypoint24)
15.443: (calibrate rover0 camera11 objective5 waypoint24)
15.442: (take_image rover0 waypoint24 objective10 camera2 low_res)
15.443: (take_image rover0 waypoint24 objective10 camera11 low_res)
15.451: (take_image rover0 waypoint24 objective10 camera4 colour)
15.483: (take_image rover0 waypoint24 objective5 camera1 high_res)
15.451: (calibrate rover0 camera0 objective7 waypoint24)
15.439: (calibrate rover0 camera2 objective1 waypoint24)
15.438: (calibrate rover0 camera11 objective5 waypoint24)
15.443: (calibrate rover0 camera4 objective1 waypoint24)
15.442: (take_image rover0 waypoint24 objective0 camera2 low_res)
15.443: (take_image rover0 waypoint24 objective10 camera11 high_res)
15.445: (calibrate rover0 camera2 objective1 waypoint24)
15.455: (take_image rover0 waypoint24 objective10 camera7 colour)
15.452: (calibrate rover0 camera11 objective5 waypoint24)
15.451: (take_image rover0 waypoint24 objective10 camera2 low_res)
15.452: (take_image rover0 waypoint24 objective7 camera11 low_res)
15.483: (take_image rover0 waypoint24 objective0 camera0 high_res)
15.452: (calibrate rover0 camera1 objective7 waypoint24)
15.451: (calibrate rover0 camera11 objective5 waypoint24)
15.451: (calibrate rover0 camera2 objective1 waypoint24)
15.453: (take_image rover0 waypoint24 objective7 camera11 low_res)
15.487: (take_image rover0 waypoint24 objective7 camera1 high_res)
15.488: (calibrate rover0 camera11 objective5 waypoint24)
15.486: (take_image rover0 waypoint24 objective1 camera2 low_res)
15.559: (take_image rover0 waypoint24 objective1 camera4 colour)
15.522: (calibrate rover0 camera1 objective7 waypoint24)
15.510: (calibrate rover0 camera2 objective1 waypoint24)
15.511: (take_image rover0 waypoint24 objective0 camera11 high_res)
15.523: (take_image rover0 waypoint24 objective10 camera2 low_res)
15.557: (take_image rover0 waypoint24 objective7 camera1 high_res)
15.523: (calibrate rover0 camera0 objective7 waypoint24)
15.512: (calibrate rover0 camera2 objective1 waypoint24)
15.510: (calibrate rover0 camera11 objective5 waypoint24)
15.522: (take_image rover0 waypoint24 objective10 camera2 low_res)
15.571: (calibrate rover0 camera1 objective7 waypoint24)
15.497: (calibrate rover0 camera4 objective1 waypoint24)
15.494: (take_image rover0 waypoint24 objective5 camera11 low_res)
15.496: (calibrate rover0 camera2 objective1 waypoint24)
15.499: (calibrate rover0 camera11 objective5 waypoint24)
15.555: (take_image rover0 waypoint24 objective0 camera4 colour)
15.554: (take_image rover0 waypoint24 objective1 camera11 high_res)
15.569: (take_image rover0 waypoint24 objective10 camera2 high_res)
15.810: (navigate rover0 waypoint24 waypoint40)
15.714: (calibrate rover0 camera8 objective11 waypoint40)
15.424: (navigate rover0 waypoint40 waypoint24)
15.383: (take_image rover0 waypoint24 objective5 camera0 low_res)
15.369: (calibrate rover0 camera2 objective1 waypoint24)
15.366: (calibrate rover0 camera11 objective5 waypoint24)
15.380: (take_image rover0 waypoint24 objective10 camera2 high_res)
15.406: (calibrate rover0 camera4 objective1 waypoint24)
15.406: (calibrate rover0 camera2 objective1 waypoint24)
15.409: (take_image rover0 waypoint24 objective0 camera11 high_res)
15.407: (take_image rover0 waypoint24 objective10 camera2 low_res)
15.438: (take_image rover0 waypoint24 objective5 camera1 high_res)
15.407: (calibrate rover0 camera0 objective7 waypoint24)
15.383: (take_image rover0 waypoint24 objective10 camera4 colour)
15.369: (calibrate rover0 camera2 objective1 waypoint24)
15.366: (calibrate rover0 camera11 objective5 waypoint24)
15.380: (take_image rover0 waypoint24 objective5 camera2 low_res)
15.406: (calibrate rover0 camera4 objective1 waypoint24)
15.406: (calibrate rover0 camera2 objective1 waypoint24)
15.408: (take_image rover0 waypoint24 objective10 camera11 low_res)
15.442: (take_image rover0 waypoint24 objective1 camera0 high_res)
15.400: (take_image rover0 waypoint24 objective10 camera4 colour)
15.400: (calibrate rover0 camera11 objective5 waypoint24)
15.415: (take_image rover0 waypoint24 objective0 camera2 low_res)
15.416: (take_image rover0 waypoint24 objective5 camera11 high_res)
15.691: (navigate rover0 waypoint24 waypoint40)
15.678: (calibrate rover0 camera0 objective7 waypoint40)
15.645: (take_image rover0 waypoint40 objective12 camera5 high_res)
15.508: (navigate rover0 waypoint40 waypoint24)
15.489: (calibrate rover0 camera2 objective1 waypoint24)
15.486: (calibrate rover0 camera11 objective5 waypoint24)
15.504: (take_image rover0 waypoint24 objective10 camera2 low_res)
15.528: (calibrate rover0 camera4 objective1 waypoint24)
15.523: (calibrate rover0 camera2 objective1 waypoint24)
15.526: (take_image rover0 waypoint24 objective10 camera11 high_res)
15.530: (take_image rover0 waypoint24 objective10 camera2 high_res)
15.572: (calibrate rover0 camera1 objective7 waypoint24)
15.548: (take_image rover0 waypoint24 objective0 camera4 colour)
15.525: (calibrate rover0 camera2 objective1 waypoint24)
15.488: (take_image rover0 waypoint24 objective10 camera0 low_res)
15.486: (calibrate rover0 camera11 objective5 waypoint24)
15.506: (take_image rover0 waypoint24 objective0 camera2 high_res)
15.530: (calibrate rover0 camera4 objective1 waypoint24)
15.523: (calibrate rover0 camera2 objective1 waypoint24)
15.526: (take_image rover0 waypoint24 objective1 camera11 high_res)
15.560: (take_image rover0 waypoint24 objective7 camera1 high_res)
15.521: (take_image rover0 waypoint24 objective10 camera4 colour)
15.521: (calibrate rover0 camera11 objective5 waypoint24)
15.543: (take_image rover0 waypoint24 objective7 camera2 high_res)
15.566: (calibrate rover0 camera4 objective1 waypoint24)
15.561: (calibrate rover0 camera2 objective1 waypoint24)
15.588: (navigate rover0 waypoint24 waypoint40)
15.514: (calibrate rover0 camera7 objective8 waypoint40)
15.458: (take_image rover0 waypoint40 objective11 camera11 high_res)
15.444: (calibrate rover0 camera0 objective7 waypoint40)
15.426: (take_image rover0 waypoint40 objective8 camera0 high_res)
15.413: (calibrate rover0 camera0 objective7 waypoint40)
15.403: (calibrate rover0 camera5 objective12 waypoint40)
15.414: (take_image rover0 waypoint40 objective12 camera5 low_res)
15.403: (calibrate rover0 camera5 objective12 waypoint40)
15.414: (take_image rover0 waypoint40 objective8 camera5 low_res)
15.404: (calibrate rover0 camera5 objective12 waypoint40)
15.414: (take_image rover0 waypoint40 objective11 camera5 low_res)
15.404: (calibrate rover0 camera5 objective12 waypoint40)
15.414: (take_image rover0 waypoint40 objective6 camera5 low_res)
15.404: (calibrate rover0 camera5 objective12 waypoint40)
15.417: (navigate rover0 waypoint40 waypoint24)
15.411: (calibrate rover0 camera11 objective5 waypoint24)
15.389: (navigate rover0 waypoint24 waypoint40)
15.398: (take_image rover0 waypoint40 objective0 camera5 high_res)
15.401: (calibrate rover0 camera3 objective6 waypoint40)
15.413: (calibrate rover0 camera5 objective12 waypoint40)
15.407: (navigate rover0 waypoint40 waypoint24)
15.413: (take_image rover0 waypoint24 objective10 camera2 high_res)
15.418: (take_image rover0 waypoint24 objective10 camera3 low_res)
15.423: (take_image rover0 waypoint24 objective10 camera11 low_res)
15.458: (calibrate rover0 camera1 objective7 waypoint24)
15.428: (take_image rover0 waypoint24 objective7 camera0 low_res)
15.417: (calibrate rover0 camera2 objective1 waypoint24)
15.405: (navigate rover0 waypoint24 waypoint40)
15.414: (take_image rover0 waypoint40 objective11 camera5 low_res)
15.417: (calibrate rover0 camera3 objective6 waypoint40)
15.428: (calibrate rover0 camera5 objective12 waypoint40)
15.415: (navigate rover0 waypoint40 waypoint24)
15.407: (calibrate rover0 camera11 objective5 waypoint24)
15.408: (take_image rover0 waypoint24 objective0 camera3 low_res)
15.390: (navigate rover0 waypoint24 waypoint40)
15.399: (take_image rover0 waypoint40 objective6 camera5 low_res)
15.403: (calibrate rover0 camera3 objective6 waypoint40)
15.413: (calibrate rover0 camera5 objective12 waypoint40)
15.433: (take_image rover0 waypoint40 objective7 camera1 high_res)
15.402: (take_image rover0 waypoint40 objective12 camera3 low_res)
15.411: (take_image rover0 waypoint40 objective7 camera5 high_res)
15.418: (calibrate rover0 camera3 objective6 waypoint40)
15.433: (take_image rover0 waypoint40 objective6 camera11 high_res)
15.414: (calibrate rover0 camera0 objective7 waypoint40)
15.427: (calibrate rover0 camera5 objective12 waypoint40)
15.415: (navigate rover0 waypoint40 waypoint24)
15.418: (take_image rover0 waypoint24 objective10 camera2 low_res)
15.461: (take_image rover0 waypoint24 objective10 camera0 low_res)
15.425: (calibrate rover0 camera1 objective7 waypoint24)
15.415: (calibrate rover0 camera11 objective5 waypoint24)
15.420: (take_image rover0 waypoint24 objective0 camera3 low_res)
15.454: (take_image rover0 waypoint24 objective1 camera1 high_res)
15.445: (calibrate rover0 camera2 objective1 waypoint24)
15.448: (take_image rover0 waypoint24 objective7 camera11 low_res)
15.419: (navigate rover0 waypoint24 waypoint40)
15.425: (take_image rover0 waypoint40 objective0 camera5 high_res)
15.477: (take_image rover0 waypoint40 objective10 camera4 colour)
15.449: (take_image rover0 waypoint40 objective10 camera7 colour)
15.435: (calibrate rover0 camera5 objective12 waypoint40)
15.420: (calibrate rover0 camera0 objective7 waypoint40)
15.429: (navigate rover0 waypoint40 waypoint24)
15.421: (calibrate rover0 camera11 objective5 waypoint24)
15.404: (navigate rover0 waypoint24 waypoint40)
15.419: (take_image rover0 waypoint40 objective7 camera0 high_res)
15.405: (calibrate rover0 camera1 objective7 waypoint40)
15.419: (take_image rover0 waypoint40 objective0 camera11 low_res)
15.429: (navigate rover0 waypoint40 waypoint24)
15.421: (calibrate rover0 camera11 objective5 waypoint24)
15.443: (take_image rover0 waypoint24 objective0 camera2 low_res)
15.455: (take_image rover0 waypoint24 objective10 camera11 low_res)
15.483: (calibrate rover0 camera4 objective1 waypoint24)
15.470: (calibrate rover0 camera2 objective1 waypoint24)
15.460: (navigate rover0 waypoint24 waypoint40)
15.461: (take_image rover0 waypoint40 objective11 camera4 colour)
15.459: (navigate rover0 waypoint40 waypoint24)
15.449: (calibrate rover0 camera11 objective5 waypoint24)
15.446: (navigate rover0 waypoint24 waypoint40)
15.461: (calibrate rover0 camera3 objective6 waypoint40)
15.447: (navigate rover0 waypoint40 waypoint24)
15.458: (take_image rover0 waypoint24 objective7 camera11 low_res)
15.477: (navigate rover0 waypoint24 waypoint40)
15.479: (take_image rover0 waypoint40 objective6 camera5 low_res)
15.477: (take_image rover0 waypoint40 objective7 camera3 low_res)
15.491: (take_image rover0 waypoint40 objective8 camera1 high_res)
15.478: (calibrate rover0 camera0 objective7 waypoint40)
15.462: (calibrate rover0 camera5 objective12 waypoint40)
15.459: (navigate rover0 waypoint40 waypoint24)
15.449: (calibrate rover0 camera11 objective5 waypoint24)
15.446: (navigate rover0 waypoint24 waypoint40)
15.461: (take_image rover0 waypoint40 objective8 camera0 low_res)
15.475: (take_image rover0 waypoint40 objective6 camera5 high_res)
15.462: (calibrate rover0 camera0 objective7 waypoint40)
15.463: (calibrate rover0 camera3 objective6 waypoint40)
15.461: (calibrate rover0 camera5 objective12 waypoint40)
15.447: (navigate rover0 waypoint40 waypoint24)
15.458: (take_image rover0 waypoint24 objective0 camera11 low_res)
15.476: (navigate rover0 waypoint24 waypoint40)
15.478: (take_image rover0 waypoint40 objective0 camera5 high_res)
15.496: (take_image rover0 waypoint40 objective6 camera0 high_res)
15.497: (calibrate rover0 camera5 objective12 waypoint40)
15.478: (take_image rover0 waypoint40 objective10 camera3 low_res)
15.488: (navigate rover0 waypoint40 waypoint24)
15.482: (calibrate rover0 camera11 objective5 waypoint24)
15.506: (take_image rover0 waypoint24 objective10 camera2 high_res)
15.469: (calibrate rover0 camera0 objective7 waypoint24)
15.479: (take_image rover0 waypoint24 objective0 camera11 high_res)
15.508: (calibrate rover0 camera4 objective1 waypoint24)
15.498: (calibrate rover0 camera11 objective5 waypoint24)
15.491: (calibrate rover0 camera2 objective1 waypoint24)
15.484: (navigate rover0 waypoint24 waypoint40)
15.423: (calibrate rover0 camera7 objective8 waypoint40)
15.436: (take_image rover0 waypoint40 objective6 camera5 high_res)
15.437: (calibrate rover0 camera3 objective6 waypoint40)
15.445: (calibrate rover0 camera5 objective12 waypoint40)
15.437: (navigate rover0 waypoint40 waypoint24)
15.442: (take_image rover0 waypoint24 objective7 camera2 low_res)
15.447: (take_image rover0 waypoint24 objective7 camera3 low_res)
15.440: (calibrate rover0 camera2 objective1 waypoint24)
15.447: (take_image rover0 waypoint24 objective0 camera11 low_res)
15.439: (navigate rover0 waypoint24 waypoint40)
15.449: (take_image rover0 waypoint40 objective10 camera5 low_res)
15.450: (calibrate rover0 camera3 objective6 waypoint40)
15.460: (calibrate rover0 camera5 objective12 waypoint40)
15.446: (navigate rover0 waypoint40 waypoint24)
15.451: (take_image rover0 waypoint24 objective0 camera2 low_res)
15.456: (take_image rover0 waypoint24 objective0 camera3 low_res)
15.488: (calibrate rover0 camera1 objective7 waypoint24)
15.461: (take_image rover0 waypoint24 objective10 camera0 low_res)
15.449: (calibrate rover0 camera2 objective1 waypoint24)
15.440: (navigate rover0 waypoint24 waypoint40)
15.452: (take_image rover0 waypoint40 objective12 camera5 low_res)
15.453: (calibrate rover0 camera3 objective6 waypoint40)
15.461: (calibrate rover0 camera5 objective12 waypoint40)
15.446: (navigate rover0 waypoint40 waypoint24)
15.436: (calibrate rover0 camera11 objective5 waypoint24)
15.440: (take_image rover0 waypoint24 objective0 camera3 low_res)
15.424: (navigate rover0 waypoint24 waypoint40)
15.435: (take_image rover0 waypoint40 objective12 camera1 high_res)
15.448: (take_image rover0 waypoint40 objective6 camera5 high_res)
15.439: (calibrate rover0 camera1 objective7 waypoint40)
15.439: (calibrate rover0 camera3 objective6 waypoint40)
15.446: (calibrate rover0 camera5 objective12 waypoint40)
15.466: (take_image rover0 waypoint40 objective10 camera1 high_res)
15.453: (take_image rover0 waypoint40 objective8 camera5 high_res)
15.468: (take_image rover0 waypoint40 objective0 camera11 high_res)
15.463: (take_image rover0 waypoint40 objective0 camera3 low_res)
15.454: (calibrate rover0 camera5 objective12 waypoint40)
15.480: (navigate rover0 waypoint40 waypoint24)
15.475: (calibrate rover0 camera11 objective5 waypoint24)
15.484: (take_image rover0 waypoint24 objective10 camera2 low_res)
15.449: (calibrate rover0 camera1 objective7 waypoint24)
15.489: (calibrate rover0 camera0 objective7 waypoint24)
15.480: (calibrate rover0 camera2 objective1 waypoint24)
15.451: (navigate rover0 waypoint24 waypoint40)
15.456: (take_image rover0 waypoint40 objective7 camera5 high_res)
15.468: (take_image rover0 waypoint40 objective7 camera11 high_res)
15.466: (calibrate rover0 camera5 objective12 waypoint40)
15.479: (navigate rover0 waypoint40 waypoint24)
15.522: (take_image rover0 waypoint24 objective10 camera5 low_res)
15.491: (take_image rover0 waypoint24 objective1 camera1 high_res)
15.485: (calibrate rover0 camera11 objective5 waypoint24)
15.493: (take_image rover0 waypoint24 objective0 camera2 high_res)
15.498: (take_image rover0 waypoint24 objective1 camera11 high_res)
15.517: (navigate rover0 waypoint24 waypoint40)
15.506: (calibrate rover0 camera5 objective12 waypoint40)
15.521: (take_image rover0 waypoint40 objective12 camera0 low_res)
15.494: (navigate rover0 waypoint40 waypoint24)
15.546: (take_image rover0 waypoint24 objective0 camera7 colour)
15.513: (calibrate rover0 camera1 objective7 waypoint24)
15.485: (take_image rover0 waypoint24 objective0 camera4 colour)
15.471: (calibrate rover0 camera11 objective5 waypoint24)
15.500: (calibrate rover0 camera4 objective1 waypoint24)
15.490: (calibrate rover0 camera2 objective1 waypoint24)
15.485: (navigate rover0 waypoint24 waypoint40)
15.487: (take_image rover0 waypoint40 objective12 camera4 colour)
15.477: (navigate rover0 waypoint40 waypoint24)
15.488: (take_image rover0 waypoint24 objective5 camera11 low_res)
15.501: (navigate rover0 waypoint24 waypoint40)
15.506: (take_image rover0 waypoint40 objective12 camera5 low_res)
15.515: (calibrate rover0 camera3 objective6 waypoint40)
15.514: (calibrate rover0 camera5 objective12 waypoint40)
15.488: (navigate rover0 waypoint40 waypoint24)
15.477: (calibrate rover0 camera11 objective5 waypoint24)
15.498: (navigate rover0 waypoint24 waypoint40)
15.500: (take_image rover0 waypoint40 objective0 camera5 high_res)
15.492: (take_image rover0 waypoint40 objective10 camera3 low_res)
15.504: (take_image rover0 waypoint40 objective7 camera1 high_res)
15.491: (calibrate rover0 camera0 objective7 waypoint40)
15.485: (calibrate rover0 camera5 objective12 waypoint40)
15.477: (navigate rover0 waypoint40 waypoint24)
15.488: (take_image rover0 waypoint24 objective0 camera11 low_res)
15.501: (navigate rover0 waypoint24 waypoint40)
15.505: (take_image rover0 waypoint40 objective0 camera5 high_res)
15.514: (calibrate rover0 camera3 objective6 waypoint40)
15.514: (calibrate rover0 camera5 objective12 waypoint40)
15.488: (navigate rover0 waypoint40 waypoint24)
15.477: (calibrate rover0 camera11 objective5 waypoint24)
15.496: (take_image rover0 waypoint24 objective5 camera2 low_res)
15.497: (take_image rover0 waypoint24 objective10 camera3 low_res)
15.509: (take_image rover0 waypoint24 objective0 camera11 high_res)
15.535: (calibrate rover0 camera4 objective1 waypoint24)
15.526: (calibrate rover0 camera11 objective5 waypoint24)
15.518: (calibrate rover0 camera2 objective1 waypoint24)
15.523: (navigate rover0 waypoint24 waypoint40)
15.463: (calibrate rover0 camera7 objective8 waypoint40)
15.464: (take_image rover0 waypoint40 objective8 camera5 high_res)
15.478: (calibrate rover0 camera3 objective6 waypoint40)
15.480: (calibrate rover0 camera5 objective12 waypoint40)
15.465: (navigate rover0 waypoint40 waypoint24)
15.469: (take_image rover0 waypoint24 objective0 camera3 low_res)
15.474: (take_image rover0 waypoint24 objective0 camera2 high_res)
15.483: (take_image rover0 waypoint24 objective5 camera11 high_res)
15.476: (calibrate rover0 camera2 objective1 waypoint24)
15.477: (navigate rover0 waypoint24 waypoint40)
15.478: (take_image rover0 waypoint40 objective10 camera5 high_res)
15.492: (calibrate rover0 camera3 objective6 waypoint40)
15.494: (calibrate rover0 camera5 objective12 waypoint40)
15.474: (navigate rover0 waypoint40 waypoint24)
15.480: (take_image rover0 waypoint24 objective0 camera2 low_res)
15.472: (calibrate rover0 camera11 objective5 waypoint24)
15.511: (take_image rover0 waypoint24 objective1 camera0 high_res)
15.473: (calibrate rover0 camera1 objective7 waypoint24)
15.465: (calibrate rover0 camera2 objective1 waypoint24)
15.467: (take_image rover0 waypoint24 objective0 camera3 low_res)
15.463: (navigate rover0 waypoint24 waypoint40)
15.467: (take_image rover0 waypoint40 objective8 camera5 high_res)
15.477: (take_image rover0 waypoint40 objective8 camera1 high_res)
15.476: (calibrate rover0 camera5 objective12 waypoint40)
15.490: (take_image rover0 waypoint40 objective0 camera11 high_res)
15.478: (calibrate rover0 camera1 objective7 waypoint40)
15.476: (navigate rover0 waypoint40 waypoint24)
15.487: (take_image rover0 waypoint24 objective7 camera2 low_res)
15.476: (calibrate rover0 camera11 objective5 waypoint24)
15.511: (take_image rover0 waypoint24 objective0 camera1 high_res)
15.502: (calibrate rover0 camera2 objective1 waypoint24)
15.507: (take_image rover0 waypoint24 objective10 camera11 low_res)
15.521: (take_image rover0 waypoint24 objective10 camera2 low_res)
15.559: (navigate rover0 waypoint24 waypoint40)
15.544: (calibrate rover0 camera0 objective7 waypoint40)
15.545: (take_image rover0 waypoint40 objective0 camera5 high_res)
15.558: (calibrate rover0 camera3 objective6 waypoint40)
15.561: (calibrate rover0 camera5 objective12 waypoint40)
15.583: (take_image rover0 waypoint40 objective6 camera0 low_res)
15.521: (navigate rover0 waypoint40 waypoint24)
15.485: (calibrate rover0 camera1 objective7 waypoint24)
15.474: (calibrate rover0 camera2 objective1 waypoint24)
15.495: (navigate rover0 waypoint24 waypoint40)
15.493: (take_image rover0 waypoint40 objective7 camera5 high_res)
15.483: (take_image rover0 waypoint40 objective0 camera3 low_res)
15.492: (take_image rover0 waypoint40 objective0 camera1 high_res)
15.512: (calibrate rover0 camera3 objective6 waypoint40)
15.516: (calibrate rover0 camera5 objective12 waypoint40)
15.508: (navigate rover0 waypoint40 waypoint24)
15.503: (calibrate rover0 camera11 objective5 waypoint24)
15.501: (navigate rover0 waypoint24 waypoint40)
15.480: (calibrate rover0 camera1 objective7 waypoint40)
15.479: (take_image rover0 waypoint40 objective8 camera5 high_res)
15.496: (take_image rover0 waypoint40 objective7 camera1 high_res)
15.549: (take_image rover0 waypoint40 objective7 camera4 colour)
15.516: (take_image rover0 waypoint40 objective0 camera7 colour)
15.499: (calibrate rover0 camera0 objective7 waypoint40)
15.498: (calibrate rover0 camera5 objective12 waypoint40)
15.517: (take_image rover0 waypoint40 objective12 camera0 high_res)
15.498: (take_image rover0 waypoint40 objective12 camera3 low_res)
15.510: (navigate rover0 waypoint40 waypoint24)
15.517: (take_image rover0 waypoint24 objective5 camera11 high_res)
15.516: (navigate rover0 waypoint24 waypoint40)
15.518: (take_image rover0 waypoint40 objective6 camera5 low_res)
15.531: (calibrate rover0 camera3 objective6 waypoint40)
15.534: (calibrate rover0 camera5 objective12 waypoint40)
15.520: (navigate rover0 waypoint40 waypoint24)
15.513: (calibrate rover0 camera11 objective5 waypoint24)
15.537: (take_image rover0 waypoint24 objective0 camera2 high_res)
15.498: (calibrate rover0 camera1 objective7 waypoint24)
15.498: (take_image rover0 waypoint24 objective0 camera3 low_res)
15.513: (take_image rover0 waypoint24 objective0 camera11 high_res)
15.540: (calibrate rover0 camera4 objective1 waypoint24)
15.527: (calibrate rover0 camera2 objective1 waypoint24)
15.518: (calibrate rover0 camera11 objective5 waypoint24)
15.523: (navigate rover0 waypoint24 waypoint40)
15.526: (take_image rover0 waypoint40 objective12 camera5 low_res)
15.533: (take_image rover0 waypoint40 objective6 camera8 high_res)
15.524: (calibrate rover0 camera7 objective8 waypoint40)
15.521: (calibrate rover0 camera5 objective12 waypoint40)
15.521: (take_image rover0 waypoint40 objective11 camera4 colour)
15.518: (calibrate rover0 camera8 objective11 waypoint40)
15.514: (navigate rover0 waypoint40 waypoint24)
15.522: (take_image rover0 waypoint24 objective5 camera11 high_res)
15.532: (navigate rover0 waypoint24 waypoint40)
15.535: (take_image rover0 waypoint40 objective6 camera5 low_res)
15.536: (take_image rover0 waypoint40 objective7 camera8 high_res)
15.536: (calibrate rover0 camera5 objective12 waypoint40)
15.549: (calibrate rover0 camera3 objective6 waypoint40)
15.545: (take_image rover0 waypoint40 objective12 camera5 low_res)
15.545: (calibrate rover0 camera8 objective11 waypoint40)
15.547: (calibrate rover0 camera5 objective12 waypoint40)
15.520: (navigate rover0 waypoint40 waypoint24)
15.510: (calibrate rover0 camera11 objective5 waypoint24)
15.529: (take_image rover0 waypoint24 objective0 camera2 low_res)
15.534: (take_image rover0 waypoint24 objective7 camera3 low_res)
15.545: (take_image rover0 waypoint24 objective0 camera11 high_res)
15.575: (calibrate rover0 camera0 objective7 waypoint24)
15.515: (calibrate rover0 camera4 objective1 waypoint24)
15.506: (calibrate rover0 camera2 objective1 waypoint24)
15.504: (navigate rover0 waypoint24 waypoint40)
15.498: (take_image rover0 waypoint40 objective8 camera5 high_res)
15.528: (calibrate rover0 camera3 objective6 waypoint40)
15.552: (calibrate rover0 camera5 objective12 waypoint40)
15.510: (navigate rover0 waypoint40 waypoint24)
15.515: (calibrate rover0 camera11 objective5 waypoint24)
15.508: (take_image rover0 waypoint24 objective1 camera3 low_res)
15.489: (navigate rover0 waypoint24 waypoint40)
15.483: (take_image rover0 waypoint40 objective11 camera5 low_res)
15.514: (calibrate rover0 camera3 objective6 waypoint40)
15.537: (calibrate rover0 camera5 objective12 waypoint40)
15.579: (take_image rover0 waypoint40 objective11 camera7 colour)
15.535: (take_image rover0 waypoint40 objective0 camera1 high_res)
15.519: (navigate rover0 waypoint40 waypoint24)
15.526: (take_image rover0 waypoint24 objective0 camera2 low_res)
15.536: (take_image rover0 waypoint24 objective1 camera11 low_res)
15.507: (take_image rover0 waypoint24 objective7 camera4 colour)
15.543: (calibrate rover0 camera1 objective7 waypoint24)
15.512: (take_image rover0 waypoint24 objective0 camera0 high_res)
15.541: (calibrate rover0 camera4 objective1 waypoint24)
15.528: (calibrate rover0 camera11 objective5 waypoint24)
15.519: (calibrate rover0 camera2 objective1 waypoint24)
15.528: (take_image rover0 waypoint24 objective1 camera11 low_res)
15.551: (navigate rover0 waypoint24 waypoint40)
15.539: (take_image rover0 waypoint40 objective7 camera3 low_res)
15.546: (take_image rover0 waypoint40 objective0 camera5 high_res)
15.548: (take_image rover0 waypoint40 objective11 camera8 high_res)
15.538: (calibrate rover0 camera7 objective8 waypoint40)
15.536: (calibrate rover0 camera5 objective12 waypoint40)
15.546: (take_image rover0 waypoint40 objective11 camera7 colour)
15.559: (calibrate rover0 camera3 objective6 waypoint40)
15.549: (calibrate rover0 camera7 objective8 waypoint40)
15.546: (take_image rover0 waypoint40 objective0 camera5 high_res)
15.556: (take_image rover0 waypoint40 objective0 camera7 colour)
15.553: (calibrate rover0 camera8 objective11 waypoint40)
15.553: (take_image rover0 waypoint40 objective6 camera4 colour)
15.550: (calibrate rover0 camera5 objective12 waypoint40)
15.517: (navigate rover0 waypoint40 waypoint24)
15.506: (calibrate rover0 camera11 objective5 waypoint24)
15.517: (take_image rover0 waypoint24 objective0 camera3 low_res)
15.527: (take_image rover0 waypoint24 objective10 camera11 low_res)
15.548: (navigate rover0 waypoint24 waypoint40)
15.554: (take_image rover0 waypoint40 objective7 camera5 low_res)
15.568: (take_image rover0 waypoint40 objective7 camera1 high_res)
15.553: (calibrate rover0 camera0 objective7 waypoint40)
15.548: (calibrate rover0 camera5 objective12 waypoint40)
15.528: (navigate rover0 waypoint40 waypoint24)
15.517: (calibrate rover0 camera11 objective5 waypoint24)
15.532: (navigate rover0 waypoint24 waypoint40)
15.533: (calibrate rover0 camera3 objective6 waypoint40)
15.506: (navigate rover0 waypoint40 waypoint24)
15.516: (take_image rover0 waypoint24 objective7 camera11 low_res)
15.536: (take_image rover0 waypoint24 objective10 camera2 low_res)
15.526: (calibrate rover0 camera11 objective5 waypoint24)
15.536: (take_image rover0 waypoint24 objective7 camera3 low_res)
15.546: (take_image rover0 waypoint24 objective7 camera11 low_res)
15.575: (calibrate rover0 camera4 objective1 waypoint24)
15.566: (calibrate rover0 camera11 objective5 waypoint24)
15.557: (calibrate rover0 camera2 objective1 waypoint24)
15.566: (take_image rover0 waypoint24 objective10 camera11 high_res)
15.584: (navigate rover0 waypoint24 waypoint40)
15.528: (calibrate rover0 camera7 objective8 waypoint40)
15.512: (navigate rover0 waypoint40 waypoint24)
15.503: (calibrate rover0 camera11 objective5 waypoint24)
15.510: (take_image rover0 waypoint24 objective5 camera2 high_res)
15.518: (take_image rover0 waypoint24 objective10 camera11 low_res)
15.559: (take_image rover0 waypoint24 objective10 camera0 low_res)
15.524: (calibrate rover0 camera1 objective7 waypoint24)
15.512: (calibrate rover0 camera11 objective5 waypoint24)
15.503: (calibrate rover0 camera2 objective1 waypoint24)
15.512: (take_image rover0 waypoint24 objective7 camera11 high_res)
15.528: (navigate rover0 waypoint24 waypoint40)
15.530: (calibrate rover0 camera3 objective6 waypoint40)
15.502: (navigate rover0 waypoint40 waypoint24)
15.493: (calibrate rover0 camera11 objective5 waypoint24)
15.501: (take_image rover0 waypoint24 objective1 camera2 high_res)
15.513: (take_image rover0 waypoint24 objective0 camera11 high_res)
15.547: (calibrate rover0 camera0 objective7 waypoint24)
15.509: (take_image rover0 waypoint24 objective5 camera1 high_res)
15.500: (calibrate rover0 camera11 objective5 waypoint24)
15.493: (calibrate rover0 camera2 objective1 waypoint24)
15.502: (take_image rover0 waypoint24 objective0 camera11 high_res)
15.529: (navigate rover0 waypoint24 waypoint40)
15.526: (take_image rover0 waypoint40 objective7 camera5 high_res)
15.529: (take_image rover0 waypoint40 objective8 camera3 low_res)
15.548: (take_image rover0 waypoint40 objective7 camera0 high_res)
15.533: (calibrate rover0 camera1 objective7 waypoint40)
15.530: (calibrate rover0 camera3 objective6 waypoint40)
15.548: (take_image rover0 waypoint40 objective0 camera1 high_res)
15.551: (calibrate rover0 camera5 objective12 waypoint40)
15.537: (navigate rover0 waypoint40 waypoint24)
15.532: (calibrate rover0 camera11 objective5 waypoint24)
15.535: (navigate rover0 waypoint24 waypoint40)
15.514: (calibrate rover0 camera1 objective7 waypoint40)
15.512: (take_image rover0 waypoint40 objective10 camera3 low_res)
15.516: (take_image rover0 waypoint40 objective7 camera5 high_res)
15.515: (calibrate rover0 camera3 objective6 waypoint40)
15.530: (take_image rover0 waypoint40 objective6 camera1 high_res)
15.513: (calibrate rover0 camera0 objective7 waypoint40)
15.514: (calibrate rover0 camera5 objective12 waypoint40)
15.512: (take_image rover0 waypoint40 objective12 camera3 low_res)
15.516: (take_image rover0 waypoint40 objective6 camera5 high_res)
15.533: (take_image rover0 waypoint40 objective8 camera0 high_res)
15.531: (calibrate rover0 camera5 objective12 waypoint40)
15.540: (navigate rover0 waypoint40 waypoint24)
15.545: (take_image rover0 waypoint24 objective5 camera11 low_res)
15.547: (navigate rover0 waypoint24 waypoint40)
15.600: (take_image rover0 waypoint40 objective12 camera7 colour)
15.566: (take_image rover0 waypoint40 objective11 camera4 colour)
15.559: (navigate rover0 waypoint40 waypoint24)
15.552: (calibrate rover0 camera11 objective5 waypoint24)
15.549: (navigate rover0 waypoint24 waypoint40)
15.532: (calibrate rover0 camera1 objective7 waypoint40)
15.533: (calibrate rover0 camera3 objective6 waypoint40)
15.537: (take_image rover0 waypoint40 objective12 camera5 low_res)
15.539: (take_image rover0 waypoint40 objective8 camera3 low_res)
15.552: (take_image rover0 waypoint40 objective0 camera1 high_res)
15.538: (calibrate rover0 camera0 objective7 waypoint40)
15.536: (calibrate rover0 camera3 objective6 waypoint40)
15.551: (take_image rover0 waypoint40 objective10 camera11 low_res)
15.550: (calibrate rover0 camera5 objective12 waypoint40)
15.569: (take_image rover0 waypoint40 objective7 camera0 low_res)
15.550: (navigate rover0 waypoint40 waypoint24)
15.543: (calibrate rover0 camera11 objective5 waypoint24)
15.553: (navigate rover0 waypoint24 waypoint40)
15.553: (take_image rover0 waypoint40 objective6 camera5 high_res)
15.568: (take_image rover0 waypoint40 objective12 camera11 low_res)
15.601: (calibrate rover0 camera7 objective8 waypoint40)
15.581: (calibrate rover0 camera0 objective7 waypoint40)
15.582: (take_image rover0 waypoint40 objective10 camera8 high_res)
15.585: (take_image rover0 waypoint40 objective6 camera3 low_res)
15.584: (calibrate rover0 camera8 objective11 waypoint40)
15.582: (calibrate rover0 camera5 objective12 waypoint40)
15.559: (navigate rover0 waypoint40 waypoint24)
15.550: (calibrate rover0 camera11 objective5 waypoint24)
15.566: (navigate rover0 waypoint24 waypoint40)
15.568: (calibrate rover0 camera3 objective6 waypoint40)
15.539: (navigate rover0 waypoint40 waypoint24)
15.548: (take_image rover0 waypoint24 objective1 camera11 high_res)
15.566: (take_image rover0 waypoint24 objective10 camera2 high_res)
15.557: (calibrate rover0 camera11 objective5 waypoint24)
15.567: (take_image rover0 waypoint24 objective0 camera3 low_res)
15.577: (take_image rover0 waypoint24 objective10 camera11 high_res)
15.618: (take_image rover0 waypoint24 objective10 camera0 low_res)
15.582: (calibrate rover0 camera1 objective7 waypoint24)
15.551: (take_image rover0 waypoint24 objective7 camera7 colour)
15.538: (calibrate rover0 camera11 objective5 waypoint24)
15.567: (calibrate rover0 camera4 objective1 waypoint24)
15.557: (calibrate rover0 camera2 objective1 waypoint24)
15.566: (take_image rover0 waypoint24 objective10 camera11 high_res)
15.580: (take_image rover0 waypoint24 objective10 camera2 low_res)
15.614: (calibrate rover0 camera0 objective7 waypoint24)
15.585: (take_image rover0 waypoint24 objective1 camera4 colour)
15.560: (calibrate rover0 camera2 objective1 waypoint24)
15.563: (calibrate rover0 camera11 objective5 waypoint24)
15.554: (navigate rover0 waypoint24 waypoint40)
15.553: (take_image rover0 waypoint40 objective8 camera5 high_res)
15.562: (calibrate rover0 camera3 objective6 waypoint40)
15.574: (calibrate rover0 camera5 objective12 waypoint40)
15.550: (navigate rover0 waypoint40 waypoint24)
15.547: (take_image rover0 waypoint24 objective10 camera11 low_res)
15.572: (take_image rover0 waypoint24 objective10 camera2 low_res)
15.540: (take_image rover0 waypoint24 objective10 camera0 low_res)
15.527: (calibrate rover0 camera11 objective5 waypoint24)
15.557: (calibrate rover0 camera4 objective1 waypoint24)
15.547: (calibrate rover0 camera2 objective1 waypoint24)
15.556: (take_image rover0 waypoint24 objective7 camera11 high_res)
15.568: (take_image rover0 waypoint24 objective0 camera2 high_res)
15.601: (calibrate rover0 camera0 objective7 waypoint24)
15.564: (take_image rover0 waypoint24 objective10 camera1 high_res)
15.555: (calibrate rover0 camera11 objective5 waypoint24)
15.547: (calibrate rover0 camera2 objective1 waypoint24)
15.556: (take_image rover0 waypoint24 objective1 camera11 low_res)
15.586: (navigate rover0 waypoint24 waypoint40)
15.585: (take_image rover0 waypoint40 objective8 camera5 low_res)
15.587: (take_image rover0 waypoint40 objective12 camera3 low_res)
15.590: (take_image rover0 waypoint40 objective10 camera8 high_res)
15.585: (calibrate rover0 camera7 objective8 waypoint40)
15.583: (calibrate rover0 camera3 objective6 waypoint40)
15.585: (calibrate rover0 camera5 objective12 waypoint40)
15.585: (take_image rover0 waypoint40 objective10 camera3 low_res)
15.585: (take_image rover0 waypoint40 objective6 camera4 colour)
15.586: (calibrate rover0 camera3 objective6 waypoint40)
15.583: (calibrate rover0 camera8 objective11 waypoint40)
15.596: (take_image rover0 waypoint40 objective8 camera7 colour)
15.573: (navigate rover0 waypoint40 waypoint24)
15.562: (calibrate rover0 camera11 objective5 waypoint24)
15.573: (take_image rover0 waypoint24 objective7 camera3 low_res)
15.581: (navigate rover0 waypoint24 waypoint40)
15.580: (calibrate rover0 camera3 objective6 waypoint40)
15.582: (take_image rover0 waypoint40 objective0 camera5 high_res)
15.586: (take_image rover0 waypoint40 objective10 camera3 low_res)
15.602: (take_image rover0 waypoint40 objective8 camera0 low_res)
15.589: (calibrate rover0 camera1 objective7 waypoint40)
15.581: (calibrate rover0 camera5 objective12 waypoint40)
15.572: (navigate rover0 waypoint40 waypoint24)
15.583: (take_image rover0 waypoint24 objective7 camera11 low_res)
15.598: (navigate rover0 waypoint24 waypoint40)
15.597: (calibrate rover0 camera3 objective6 waypoint40)
15.573: (navigate rover0 waypoint40 waypoint24)
15.562: (calibrate rover0 camera11 objective5 waypoint24)
15.580: (navigate rover0 waypoint24 waypoint40)
15.584: (take_image rover0 waypoint40 objective11 camera5 low_res)
15.600: (take_image rover0 waypoint40 objective0 camera11 low_res)
15.604: (take_image rover0 waypoint40 objective7 camera3 low_res)
15.620: (take_image rover0 waypoint40 objective7 camera1 high_res)
15.604: (calibrate rover0 camera0 objective7 waypoint40)
15.597: (calibrate rover0 camera5 objective12 waypoint40)
15.583: (navigate rover0 waypoint40 waypoint24)
15.603: (take_image rover0 waypoint24 objective1 camera2 high_res)
15.592: (calibrate rover0 camera11 objective5 waypoint24)
15.620: (calibrate rover0 camera4 objective1 waypoint24)
15.612: (calibrate rover0 camera2 objective1 waypoint24)
15.615: (navigate rover0 waypoint24 waypoint40)
15.571: (calibrate rover0 camera7 objective8 waypoint40)
15.558: (navigate rover0 waypoint40 waypoint24)
15.564: (take_image rover0 waypoint24 objective1 camera2 high_res)
15.574: (take_image rover0 waypoint24 objective5 camera11 high_res)
15.567: (calibrate rover0 camera2 objective1 waypoint24)
15.587: (navigate rover0 waypoint24 waypoint40)
15.588: (calibrate rover0 camera3 objective6 waypoint40)
15.556: (navigate rover0 waypoint40 waypoint24)
15.547: (calibrate rover0 camera11 objective5 waypoint24)
15.553: (take_image rover0 waypoint24 objective5 camera2 high_res)
15.563: (take_image rover0 waypoint24 objective0 camera11 low_res)
15.601: (calibrate rover0 camera1 objective7 waypoint24)
15.567: (take_image rover0 waypoint24 objective0 camera0 high_res)
15.555: (calibrate rover0 camera11 objective5 waypoint24)
15.547: (calibrate rover0 camera2 objective1 waypoint24)
15.556: (take_image rover0 waypoint24 objective7 camera11 low_res)
15.569: (take_image rover0 waypoint24 objective10 camera3 low_res)
15.558: (calibrate rover0 camera11 objective5 waypoint24)
15.566: (take_image rover0 waypoint24 objective10 camera2 low_res)
15.578: (take_image rover0 waypoint24 objective7 camera11 high_res)
15.614: (calibrate rover0 camera0 objective7 waypoint24)
15.605: (calibrate rover0 camera2 objective1 waypoint24)
15.610: (calibrate rover0 camera11 objective5 waypoint24)
15.599: (navigate rover0 waypoint24 waypoint40)
15.571: (take_image rover0 waypoint40 objective6 camera0 high_res)
15.573: (calibrate rover0 camera3 objective6 waypoint40)
15.573: (take_image rover0 waypoint40 objective7 camera5 high_res)
15.578: (take_image rover0 waypoint40 objective7 camera3 low_res)
15.593: (take_image rover0 waypoint40 objective6 camera11 high_res)
15.587: (calibrate rover0 camera5 objective12 waypoint40)
15.588: (calibrate rover0 camera3 objective6 waypoint40)
15.589: (take_image rover0 waypoint40 objective10 camera5 low_res)
15.607: (take_image rover0 waypoint40 objective0 camera1 high_res)
15.588: (calibrate rover0 camera0 objective7 waypoint40)
15.591: (take_image rover0 waypoint40 objective0 camera3 low_res)
15.609: (take_image rover0 waypoint40 objective6 camera0 high_res)
15.606: (calibrate rover0 camera5 objective12 waypoint40)
15.601: (navigate rover0 waypoint40 waypoint24)
15.595: (calibrate rover0 camera11 objective5 waypoint24)
15.590: (navigate rover0 waypoint24 waypoint40)
15.594: (calibrate rover0 camera3 objective6 waypoint40)
15.573: (calibrate rover0 camera0 objective7 waypoint40)
15.572: (take_image rover0 waypoint40 objective6 camera5 high_res)
15.577: (take_image rover0 waypoint40 objective0 camera3 low_res)
15.594: (take_image rover0 waypoint40 objective12 camera0 low_res)
15.593: (calibrate rover0 camera3 objective6 waypoint40)
15.634: (take_image rover0 waypoint40 objective12 camera7 colour)
15.602: (take_image rover0 waypoint40 objective12 camera4 colour)
15.600: (calibrate rover0 camera5 objective12 waypoint40)
15.596: (take_image rover0 waypoint40 objective6 camera3 low_res)
15.608: (navigate rover0 waypoint40 waypoint24)
15.616: (take_image rover0 waypoint24 objective7 camera11 low_res)
15.615: (navigate rover0 waypoint24 waypoint40)
15.617: (calibrate rover0 camera3 objective6 waypoint40)
15.606: (navigate rover0 waypoint40 waypoint24)
15.600: (calibrate rover0 camera11 objective5 waypoint24)
15.625: (take_image rover0 waypoint24 objective0 camera2 low_res)
15.581: (calibrate rover0 camera0 objective7 waypoint24)
15.592: (take_image rover0 waypoint24 objective1 camera11 high_res)
15.620: (calibrate rover0 camera4 objective1 waypoint24)
15.610: (calibrate rover0 camera11 objective5 waypoint24)
15.602: (calibrate rover0 camera2 objective1 waypoint24)
15.612: (take_image rover0 waypoint24 objective7 camera11 low_res)
15.622: (take_image rover0 waypoint24 objective1 camera3 low_res)
15.630: (take_image rover0 waypoint24 objective10 camera2 high_res)
15.670: (take_image rover0 waypoint24 objective7 camera0 low_res)
15.634: (calibrate rover0 camera1 objective7 waypoint24)
15.607: (take_image rover0 waypoint24 objective1 camera4 colour)
15.594: (calibrate rover0 camera11 objective5 waypoint24)
15.622: (calibrate rover0 camera4 objective1 waypoint24)
15.612: (calibrate rover0 camera2 objective1 waypoint24)
15.615: (navigate rover0 waypoint24 waypoint40)
15.616: (calibrate rover0 camera3 objective6 waypoint40)
15.602: (navigate rover0 waypoint40 waypoint24)
15.611: (take_image rover0 waypoint24 objective7 camera2 high_res)
15.584: (take_image rover0 waypoint24 objective0 camera4 colour)
15.596: (take_image rover0 waypoint24 objective7 camera11 high_res)
15.624: (calibrate rover0 camera4 objective1 waypoint24)
15.612: (calibrate rover0 camera2 objective1 waypoint24)
15.621: (take_image rover0 waypoint24 objective0 camera3 low_res)
15.631: (navigate rover0 waypoint24 waypoint40)
15.632: (calibrate rover0 camera3 objective6 waypoint40)
15.635: (take_image rover0 waypoint40 objective11 camera5 low_res)
15.637: (take_image rover0 waypoint40 objective0 camera3 low_res)
15.641: (take_image rover0 waypoint40 objective12 camera8 colour)
15.639: (calibrate rover0 camera5 objective12 waypoint40)
15.639: (calibrate rover0 camera3 objective6 waypoint40)
15.640: (take_image rover0 waypoint40 objective10 camera5 high_res)
15.647: (calibrate rover0 camera7 objective8 waypoint40)
15.646: (calibrate rover0 camera5 objective12 waypoint40)
15.645: (take_image rover0 waypoint40 objective0 camera3 low_res)
15.646: (take_image rover0 waypoint40 objective10 camera4 colour)
[Final] Expanded: 1000, Generated: 50391
Failed to find a solution!
