/u/ibrahim.eisawy/Neural-Guided-Search/venv/lib/python3.10/site-packages/pymimir_rgnn/model.py:151: UserWarning: index_reduce() is in beta and the API may change at any time. (Triggered internally at /pytorch/aten/src/ATen/native/cuda/Indexing.cu:1541.)
  max_msg.index_reduce_(0, output_indices, output_messages, reduce='amax', include_self=True)
Torch: 2.12.0+cu130
Using GPU:  NVIDIA L40S
33.535: (navigate rover0 waypoint41 waypoint35)
32.297: (calibrate rover0 camera3 objective10 waypoint35)
31.095: (navigate rover2 waypoint28 waypoint2)
29.966: (navigate rover6 waypoint33 waypoint25)
28.978: (navigate rover5 waypoint1 waypoint29)
27.971: (calibrate rover5 camera13 objective11 waypoint29)
26.874: (take_image rover5 waypoint29 objective11 camera13 colour)
25.874: (calibrate rover5 camera13 objective11 waypoint29)
24.733: (take_image rover5 waypoint29 objective10 camera13 low_res)
24.153: (sample_soil rover6 rover6store waypoint25)
23.168: (drop rover6 rover6store)
22.218: (communicate_soil_data rover6 general waypoint25 waypoint25 waypoint43)
21.287: (navigate rover6 waypoint25 waypoint3)
20.811: (sample_soil rover5 rover5store waypoint29)
19.767: (navigate rover5 waypoint29 waypoint37)
18.742: (drop rover5 rover5store)
18.067: (sample_rock rover5 rover5store waypoint37)
17.076: (drop rover5 rover5store)
16.728: (sample_rock rover0 rover0store waypoint35)
15.724: (drop rover0 rover0store)
15.396: (navigate rover0 waypoint35 waypoint40)
15.087: (calibrate rover5 camera13 objective11 waypoint37)
14.880: (navigate rover4 waypoint14 waypoint34)
14.595: (sample_soil rover7 rover7store waypoint34)
13.496: (communicate_soil_data rover7 general waypoint34 waypoint34 waypoint43)
12.770: (drop rover7 rover7store)
12.583: (calibrate rover7 camera0 objective10 waypoint34)
12.407: (calibrate rover4 camera6 objective4 waypoint34)
12.274: (sample_rock rover2 rover2store waypoint2)
11.271: (drop rover2 rover2store)
11.138: (navigate rover2 waypoint2 waypoint30)
10.879: (navigate rover5 waypoint37 waypoint29)
10.735: (take_image rover5 waypoint29 objective11 camera13 low_res)
10.494: (calibrate rover5 camera13 objective11 waypoint29)
10.443: (calibrate rover6 camera5 objective4 waypoint3)
10.381: (calibrate rover1 camera9 objective5 waypoint40)
10.364: (calibrate rover2 camera4 objective9 waypoint30)
10.329: (calibrate rover2 camera2 objective9 waypoint30)
10.316: (sample_rock rover4 rover4store waypoint34)
10.304: (calibrate rover7 camera10 objective11 waypoint34)
10.294: (calibrate rover1 camera11 objective5 waypoint40)
10.289: (communicate_rock_data rover4 general waypoint34 waypoint34 waypoint43)
10.303: (drop rover4 rover4store)
10.340: (navigate rover3 waypoint26 waypoint42)
10.276: (navigate rover3 waypoint42 waypoint32)
10.354: (navigate rover5 waypoint29 waypoint5)
10.246: (calibrate rover5 camera8 objective7 waypoint5)
10.145: (navigate rover5 waypoint5 waypoint29)
10.187: (take_image rover5 waypoint29 objective4 camera13 low_res)
10.095: (calibrate rover5 camera13 objective11 waypoint29)
10.122: (take_image rover5 waypoint29 objective12 camera13 low_res)
10.031: (calibrate rover5 camera13 objective11 waypoint29)
10.064: (take_image rover5 waypoint29 objective0 camera13 low_res)
9.973: (calibrate rover5 camera13 objective11 waypoint29)
10.019: (take_image rover5 waypoint29 objective10 camera13 colour)
9.924: (calibrate rover5 camera13 objective11 waypoint29)
10.010: (take_image rover5 waypoint29 objective11 camera13 high_res)
9.910: (calibrate rover5 camera13 objective11 waypoint29)
10.012: (take_image rover2 waypoint30 objective1 camera2 high_res)
9.964: (calibrate rover2 camera2 objective9 waypoint30)
10.028: (take_image rover2 waypoint30 objective1 camera4 high_res)
10.054: (take_image rover2 waypoint30 objective1 camera2 high_res)
10.140: (take_image rover5 waypoint29 objective0 camera13 low_res)
10.099: (calibrate rover2 camera4 objective9 waypoint30)
10.051: (calibrate rover2 camera2 objective9 waypoint30)
10.117: (take_image rover2 waypoint30 objective1 camera4 high_res)
10.215: (navigate rover3 waypoint32 waypoint42)
10.125: (calibrate rover5 camera13 objective11 waypoint29)
10.061: (calibrate rover2 camera4 objective9 waypoint30)
10.006: (navigate rover3 waypoint42 waypoint26)
9.980: (navigate rover3 waypoint26 waypoint47)
9.842: (navigate rover3 waypoint47 waypoint3)
9.754: (calibrate rover3 camera14 objective5 waypoint3)
9.803: (take_image rover2 waypoint30 objective1 camera2 high_res)
9.848: (take_image rover2 waypoint30 objective1 camera4 high_res)
9.818: (calibrate rover2 camera2 objective9 waypoint30)
9.899: (take_image rover5 waypoint29 objective10 camera13 colour)
9.833: (calibrate rover2 camera4 objective9 waypoint30)
9.882: (take_image rover2 waypoint30 objective1 camera2 high_res)
9.931: (take_image rover2 waypoint30 objective1 camera4 high_res)
10.011: (navigate rover6 waypoint3 waypoint25)
9.932: (calibrate rover5 camera13 objective11 waypoint29)
9.851: (navigate rover6 waypoint25 waypoint30)
9.802: (calibrate rover2 camera4 objective9 waypoint30)
9.756: (calibrate rover2 camera2 objective9 waypoint30)
9.747: (calibrate rover6 camera1 objective3 waypoint30)
9.793: (take_image rover2 waypoint30 objective1 camera2 high_res)
9.842: (take_image rover2 waypoint30 objective1 camera4 high_res)
9.809: (calibrate rover2 camera2 objective9 waypoint30)
9.889: (navigate rover6 waypoint30 waypoint25)
9.799: (navigate rover6 waypoint25 waypoint3)
9.735: (calibrate rover2 camera4 objective9 waypoint30)
9.783: (take_image rover2 waypoint30 objective1 camera2 high_res)
9.837: (take_image rover2 waypoint30 objective1 camera4 high_res)
9.915: (take_image rover5 waypoint29 objective11 camera13 high_res)
9.862: (calibrate rover2 camera4 objective9 waypoint30)
9.814: (calibrate rover2 camera2 objective9 waypoint30)
9.880: (take_image rover2 waypoint30 objective1 camera4 high_res)
9.974: (navigate rover6 waypoint3 waypoint25)
9.890: (navigate rover6 waypoint25 waypoint30)
9.825: (calibrate rover2 camera4 objective9 waypoint30)
9.875: (take_image rover2 waypoint30 objective1 camera2 high_res)
9.923: (take_image rover2 waypoint30 objective1 camera4 high_res)
10.006: (navigate rover6 waypoint30 waypoint25)
9.927: (calibrate rover5 camera13 objective11 waypoint29)
9.878: (calibrate rover2 camera4 objective9 waypoint30)
9.830: (calibrate rover2 camera2 objective9 waypoint30)
9.909: (take_image rover5 waypoint29 objective11 camera13 colour)
9.955: (take_image rover2 waypoint30 objective1 camera2 high_res)
10.074: (take_image rover6 waypoint25 objective1 camera1 high_res)
9.997: (calibrate rover5 camera13 objective11 waypoint29)
9.947: (calibrate rover2 camera2 objective9 waypoint30)
9.968: (communicate_image_data rover6 general objective1 high_res waypoint25 waypoint43)
10.004: (navigate rover6 waypoint25 waypoint30)
9.969: (calibrate rover6 camera1 objective3 waypoint30)
9.951: (navigate rover6 waypoint30 waypoint25)
9.999: (take_image rover2 waypoint30 objective1 camera2 high_res)
10.015: (take_image rover6 waypoint25 objective1 camera1 high_res)
10.055: (navigate rover6 waypoint25 waypoint30)
10.021: (calibrate rover6 camera1 objective3 waypoint30)
10.080: (take_image rover2 waypoint30 objective1 camera4 high_res)
10.034: (calibrate rover2 camera2 objective9 waypoint30)
10.009: (navigate rover6 waypoint30 waypoint25)
10.030: (take_image rover6 waypoint25 objective1 camera1 high_res)
10.068: (navigate rover6 waypoint25 waypoint30)
10.112: (take_image rover2 waypoint30 objective1 camera2 high_res)
10.078: (navigate rover6 waypoint30 waypoint25)
10.146: (navigate rover6 waypoint25 waypoint3)
10.088: (calibrate rover2 camera4 objective9 waypoint30)
10.037: (calibrate rover2 camera2 objective9 waypoint30)
10.101: (take_image rover2 waypoint30 objective1 camera4 high_res)
10.179: (take_image rover5 waypoint29 objective0 camera13 low_res)
10.109: (navigate rover6 waypoint3 waypoint25)
10.042: (calibrate rover2 camera4 objective9 waypoint30)
10.080: (navigate rover6 waypoint25 waypoint30)
10.051: (calibrate rover6 camera1 objective3 waypoint30)
10.024: (navigate rover6 waypoint30 waypoint25)
10.076: (take_image rover2 waypoint30 objective1 camera2 high_res)
10.096: (take_image rover6 waypoint25 objective1 camera1 high_res)
10.132: (navigate rover6 waypoint25 waypoint30)
10.101: (calibrate rover6 camera1 objective3 waypoint30)
10.158: (take_image rover2 waypoint30 objective1 camera4 high_res)
10.112: (calibrate rover2 camera2 objective9 waypoint30)
10.086: (navigate rover6 waypoint30 waypoint25)
10.136: (take_image rover2 waypoint30 objective1 camera2 high_res)
10.057: (calibrate rover5 camera13 objective11 waypoint29)
10.114: (navigate rover6 waypoint25 waypoint3)
10.055: (calibrate rover2 camera4 objective9 waypoint30)
10.002: (calibrate rover2 camera2 objective9 waypoint30)
10.069: (take_image rover2 waypoint30 objective1 camera4 high_res)
10.144: (take_image rover5 waypoint29 objective4 camera13 low_res)
10.081: (calibrate rover2 camera4 objective9 waypoint30)
10.129: (take_image rover2 waypoint30 objective1 camera2 high_res)
10.192: (take_image rover2 waypoint30 objective1 camera4 high_res)
10.328: (navigate rover3 waypoint3 waypoint47)
10.253: (calibrate rover5 camera13 objective11 waypoint29)
10.191: (calibrate rover2 camera4 objective9 waypoint30)
10.141: (calibrate rover2 camera2 objective9 waypoint30)
10.152: (navigate rover3 waypoint47 waypoint26)
10.209: (take_image rover2 waypoint30 objective1 camera2 high_res)
10.259: (take_image rover2 waypoint30 objective1 camera4 high_res)
10.224: (calibrate rover2 camera2 objective9 waypoint30)
10.206: (navigate rover3 waypoint26 waypoint47)
10.280: (take_image rover5 waypoint29 objective12 camera13 low_res)
10.219: (calibrate rover2 camera4 objective9 waypoint30)
10.232: (navigate rover3 waypoint47 waypoint26)
10.287: (take_image rover2 waypoint30 objective1 camera2 high_res)
10.269: (navigate rover3 waypoint26 waypoint47)
10.425: (navigate rover5 waypoint29 waypoint5)
10.308: (navigate rover3 waypoint47 waypoint3)
10.256: (calibrate rover2 camera2 objective9 waypoint30)
10.277: (navigate rover6 waypoint3 waypoint25)
10.229: (navigate rover6 waypoint25 waypoint30)
10.261: (take_image rover6 waypoint30 objective1 camera1 high_res)
10.291: (navigate rover6 waypoint30 waypoint25)
10.290: (navigate rover6 waypoint25 waypoint3)
10.114: (navigate rover5 waypoint5 waypoint29)
10.164: (take_image rover2 waypoint30 objective1 camera2 high_res)
10.225: (take_image rover2 waypoint30 objective1 camera4 high_res)
10.151: (navigate rover6 waypoint3 waypoint25)
10.187: (navigate rover6 waypoint25 waypoint30)
10.146: (calibrate rover2 camera2 objective9 waypoint30)
10.302: (navigate rover5 waypoint29 waypoint1)
8.835: (communicate_image_data rover5 general objective11 colour waypoint1 waypoint43)
7.784: (communicate_rock_data rover5 general waypoint37 waypoint1 waypoint43)
6.757: (communicate_image_data rover5 general objective10 low_res waypoint1 waypoint43)
5.772: (communicate_soil_data rover5 general waypoint29 waypoint1 waypoint43)
5.681: (calibrate rover5 camera13 objective11 waypoint1)
5.614: (calibrate rover2 camera4 objective9 waypoint30)
5.574: (calibrate rover6 camera1 objective3 waypoint30)
5.539: (navigate rover5 waypoint1 waypoint29)
5.558: (navigate rover6 waypoint30 waypoint25)
5.560: (navigate rover5 waypoint29 waypoint1)
5.529: (take_image rover5 waypoint1 objective8 camera13 low_res)
5.443: (calibrate rover5 camera13 objective11 waypoint1)
5.430: (navigate rover5 waypoint1 waypoint29)
5.415: (navigate rover6 waypoint25 waypoint30)
5.456: (navigate rover5 waypoint29 waypoint1)
5.450: (communicate_image_data rover5 general objective10 colour waypoint1 waypoint43)
5.415: (navigate rover5 waypoint1 waypoint29)
5.433: (navigate rover6 waypoint30 waypoint25)
5.443: (navigate rover5 waypoint29 waypoint1)
5.439: (communicate_image_data rover5 general objective11 high_res waypoint1 waypoint43)
5.431: (navigate rover5 waypoint1 waypoint29)
5.415: (navigate rover6 waypoint25 waypoint30)
5.455: (navigate rover5 waypoint29 waypoint1)
5.455: (communicate_image_data rover5 general objective11 low_res waypoint1 waypoint43)
5.417: (navigate rover5 waypoint1 waypoint29)
5.436: (navigate rover6 waypoint30 waypoint25)
5.442: (navigate rover5 waypoint29 waypoint1)
5.430: (take_image rover5 waypoint1 objective2 camera13 low_res)
5.352: (calibrate rover5 camera13 objective11 waypoint1)
5.347: (navigate rover5 waypoint1 waypoint29)
5.334: (navigate rover6 waypoint25 waypoint30)
5.367: (navigate rover5 waypoint29 waypoint1)
5.370: (take_image rover5 waypoint1 objective9 camera13 low_res)
5.290: (calibrate rover5 camera13 objective11 waypoint1)
5.258: (navigate rover5 waypoint1 waypoint29)
5.276: (navigate rover6 waypoint30 waypoint25)
5.272: (navigate rover5 waypoint29 waypoint1)
5.291: (communicate_image_data rover5 general objective12 low_res waypoint1 waypoint43)
5.291: (navigate rover5 waypoint1 waypoint29)
5.283: (navigate rover6 waypoint25 waypoint30)
5.304: (take_image rover2 waypoint30 objective1 camera2 colour)
5.270: (calibrate rover2 camera2 objective9 waypoint30)
5.289: (navigate rover6 waypoint30 waypoint25)
5.293: (navigate rover5 waypoint29 waypoint1)
5.299: (communicate_image_data rover5 general objective9 low_res waypoint1 waypoint43)
5.299: (navigate rover5 waypoint1 waypoint29)
5.281: (navigate rover6 waypoint25 waypoint30)
5.316: (take_image rover2 waypoint30 objective1 camera2 colour)
5.339: (navigate rover6 waypoint30 waypoint25)
5.344: (navigate rover5 waypoint29 waypoint1)
5.352: (communicate_image_data rover5 general objective4 low_res waypoint1 waypoint43)
5.311: (calibrate rover2 camera2 objective9 waypoint30)
5.303: (navigate rover5 waypoint1 waypoint29)
5.286: (navigate rover6 waypoint25 waypoint30)
5.318: (take_image rover2 waypoint30 objective1 camera2 high_res)
5.340: (navigate rover6 waypoint30 waypoint25)
5.355: (navigate rover6 waypoint25 waypoint3)
5.323: (calibrate rover2 camera2 objective9 waypoint30)
5.354: (take_image rover2 waypoint30 objective1 camera4 high_res)
5.340: (navigate rover6 waypoint3 waypoint25)
5.320: (navigate rover6 waypoint25 waypoint30)
5.357: (navigate rover5 waypoint29 waypoint1)
5.324: (calibrate rover2 camera4 objective9 waypoint30)
5.337: (communicate_image_data rover5 general objective2 low_res waypoint1 waypoint43)
5.299: (navigate rover5 waypoint1 waypoint29)
5.314: (navigate rover6 waypoint30 waypoint25)
5.326: (navigate rover5 waypoint29 waypoint1)
5.337: (communicate_image_data rover5 general objective8 low_res waypoint1 waypoint43)
5.332: (navigate rover5 waypoint1 waypoint29)
5.312: (navigate rover6 waypoint25 waypoint30)
5.344: (take_image rover2 waypoint30 objective1 camera2 high_res)
5.370: (navigate rover6 waypoint30 waypoint25)
5.379: (navigate rover5 waypoint29 waypoint1)
5.384: (navigate rover6 waypoint25 waypoint30)
5.354: (calibrate rover2 camera2 objective9 waypoint30)
5.367: (communicate_image_data rover5 general objective0 low_res waypoint1 waypoint43)
5.328: (navigate rover5 waypoint1 waypoint29)
5.348: (navigate rover6 waypoint30 waypoint25)
5.356: (navigate rover5 waypoint29 waypoint1)
5.383: (take_image rover6 waypoint25 objective1 camera1 high_res)
5.378: (navigate rover5 waypoint1 waypoint29)
5.371: (navigate rover6 waypoint25 waypoint30)
5.407: (take_image rover2 waypoint30 objective1 camera2 high_res)
5.362: (calibrate rover6 camera1 objective3 waypoint30)
5.387: (navigate rover6 waypoint30 waypoint25)
5.395: (navigate rover5 waypoint29 waypoint1)
5.399: (navigate rover6 waypoint25 waypoint30)
5.431: (take_image rover2 waypoint30 objective1 camera4 high_res)
5.399: (navigate rover5 waypoint1 waypoint29)
5.362: (calibrate rover2 camera2 objective9 waypoint30)
5.388: (navigate rover6 waypoint30 waypoint25)
5.395: (navigate rover5 waypoint29 waypoint1)
5.400: (navigate rover6 waypoint25 waypoint30)
5.446: (take_image rover6 waypoint30 objective1 camera1 high_res)
5.407: (navigate rover5 waypoint1 waypoint29)
5.419: (navigate rover6 waypoint30 waypoint25)
5.426: (navigate rover5 waypoint29 waypoint1)
5.450: (take_image rover6 waypoint25 objective1 camera5 colour)
5.408: (calibrate rover2 camera4 objective9 waypoint30)
5.397: (communicate_image_data rover6 general objective1 colour waypoint25 waypoint43)
5.398: (navigate rover5 waypoint1 waypoint29)
5.408: (navigate rover6 waypoint25 waypoint30)
5.383: (calibrate rover6 camera1 objective3 waypoint30)
5.390: (navigate rover6 waypoint30 waypoint25)
5.391: (navigate rover5 waypoint29 waypoint1)
5.417: (navigate rover6 waypoint25 waypoint30)
5.436: (take_image rover6 waypoint30 objective1 camera1 high_res)
5.478: (take_image rover2 waypoint30 objective1 camera2 colour)
5.439: (navigate rover6 waypoint30 waypoint25)
5.439: (navigate rover5 waypoint1 waypoint29)
5.450: (navigate rover6 waypoint25 waypoint30)
5.430: (calibrate rover6 camera1 objective3 waypoint30)
5.435: (navigate rover6 waypoint30 waypoint25)
5.434: (navigate rover5 waypoint29 waypoint1)
5.458: (navigate rover6 waypoint25 waypoint30)
5.492: (take_image rover2 waypoint30 objective1 camera4 high_res)
5.459: (calibrate rover2 camera2 objective9 waypoint30)
5.429: (navigate rover5 waypoint1 waypoint29)
5.438: (navigate rover6 waypoint30 waypoint25)
5.436: (navigate rover5 waypoint29 waypoint1)
5.438: (take_image rover6 waypoint25 objective1 camera1 high_res)
5.440: (navigate rover5 waypoint1 waypoint29)
5.451: (navigate rover6 waypoint25 waypoint30)
5.477: (navigate rover5 waypoint29 waypoint1)
5.508: (take_image rover2 waypoint30 objective1 camera2 colour)
5.472: (navigate rover6 waypoint30 waypoint25)
5.470: (navigate rover5 waypoint1 waypoint29)
5.483: (navigate rover6 waypoint25 waypoint30)
5.463: (calibrate rover6 camera1 objective3 waypoint30)
5.470: (navigate rover6 waypoint30 waypoint25)
5.468: (navigate rover5 waypoint29 waypoint1)
5.529: (navigate rover6 waypoint25 waypoint3)
5.489: (calibrate rover6 camera5 objective4 waypoint3)
5.444: (navigate rover6 waypoint3 waypoint25)
5.412: (calibrate rover2 camera4 objective9 waypoint30)
5.373: (calibrate rover2 camera2 objective9 waypoint30)
5.368: (navigate rover5 waypoint1 waypoint29)
5.350: (navigate rover6 waypoint25 waypoint30)
5.383: (take_image rover2 waypoint30 objective1 camera2 high_res)
5.402: (navigate rover6 waypoint30 waypoint25)
5.411: (navigate rover6 waypoint25 waypoint3)
5.379: (calibrate rover2 camera2 objective9 waypoint30)
5.413: (take_image rover2 waypoint30 objective1 camera4 high_res)
5.405: (navigate rover6 waypoint3 waypoint25)
5.386: (navigate rover6 waypoint25 waypoint30)
5.422: (navigate rover5 waypoint29 waypoint1)
5.390: (calibrate rover2 camera4 objective9 waypoint30)
5.419: (take_image rover2 waypoint30 objective1 camera2 high_res)
5.456: (take_image rover2 waypoint30 objective1 camera4 high_res)
5.422: (navigate rover5 waypoint1 waypoint29)
5.440: (navigate rover6 waypoint30 waypoint25)
5.448: (navigate rover6 waypoint25 waypoint3)
5.500: (take_image rover7 waypoint34 objective5 camera10 colour)
5.462: (calibrate rover2 camera4 objective9 waypoint30)
5.428: (calibrate rover2 camera2 objective9 waypoint30)
5.444: (navigate rover6 waypoint3 waypoint25)
5.414: (navigate rover6 waypoint25 waypoint30)
5.426: (communicate_image_data rover7 general objective5 colour waypoint34 waypoint43)
5.458: (calibrate rover7 camera10 objective11 waypoint34)
5.480: (take_image rover7 waypoint34 objective12 camera10 colour)
5.492: (communicate_image_data rover7 general objective12 colour waypoint34 waypoint43)
5.506: (calibrate rover7 camera10 objective11 waypoint34)
5.535: (take_image rover7 waypoint34 objective4 camera10 colour)
5.543: (communicate_image_data rover7 general objective4 colour waypoint34 waypoint43)
5.555: (calibrate rover7 camera10 objective11 waypoint34)
5.592: (take_image rover2 waypoint30 objective1 camera4 high_res)
5.573: (take_image rover7 waypoint34 objective4 camera10 colour)
5.615: (take_image rover2 waypoint30 objective1 camera2 high_res)
5.574: (calibrate rover2 camera4 objective9 waypoint30)
5.591: (calibrate rover7 camera10 objective11 waypoint34)
5.630: (take_image rover2 waypoint30 objective1 camera4 high_res)
5.673: (take_image rover6 waypoint30 objective1 camera1 high_res)
5.633: (calibrate rover2 camera4 objective9 waypoint30)
5.596: (calibrate rover2 camera2 objective9 waypoint30)
5.580: (take_image rover7 waypoint34 objective12 camera10 colour)
5.615: (take_image rover2 waypoint30 objective1 camera2 high_res)
5.655: (navigate rover6 waypoint30 waypoint25)
5.621: (calibrate rover2 camera2 objective9 waypoint30)
5.595: (navigate rover6 waypoint25 waypoint3)
5.611: (calibrate rover7 camera10 objective11 waypoint34)
5.634: (navigate rover6 waypoint3 waypoint25)
5.664: (navigate rover5 waypoint29 waypoint1)
5.651: (take_image rover7 waypoint34 objective4 camera10 colour)
5.651: (navigate rover6 waypoint25 waypoint30)
5.609: (calibrate rover6 camera1 objective3 waypoint30)
5.621: (navigate rover6 waypoint30 waypoint25)
5.590: (navigate rover5 waypoint1 waypoint29)
5.552: (navigate rover6 waypoint25 waypoint3)
5.569: (calibrate rover7 camera10 objective11 waypoint34)
5.601: (take_image rover2 waypoint30 objective1 camera2 colour)
5.588: (take_image rover7 waypoint34 objective4 camera10 colour)
5.626: (take_image rover2 waypoint30 objective1 camera4 high_res)
5.589: (calibrate rover2 camera2 objective9 waypoint30)
5.602: (calibrate rover7 camera10 objective11 waypoint34)
5.641: (navigate rover6 waypoint3 waypoint25)
5.607: (calibrate rover2 camera4 objective9 waypoint30)
5.635: (navigate rover5 waypoint29 waypoint1)
5.623: (navigate rover6 waypoint25 waypoint30)
5.657: (take_image rover2 waypoint30 objective1 camera2 high_res)
5.643: (take_image rover7 waypoint34 objective12 camera10 colour)
5.661: (navigate rover6 waypoint30 waypoint25)
5.627: (navigate rover5 waypoint1 waypoint29)
5.641: (calibrate rover7 camera10 objective11 waypoint34)
5.667: (take_image rover6 waypoint25 objective1 camera1 high_res)
5.645: (navigate rover6 waypoint25 waypoint3)
5.632: (take_image rover7 waypoint34 objective4 camera10 colour)
5.670: (take_image rover2 waypoint30 objective1 camera4 high_res)
5.632: (calibrate rover2 camera2 objective9 waypoint30)
5.646: (calibrate rover7 camera10 objective11 waypoint34)
5.673: (navigate rover6 waypoint3 waypoint25)
5.633: (navigate rover6 waypoint25 waypoint30)
5.617: (take_image rover7 waypoint34 objective4 camera10 colour)
5.654: (navigate rover6 waypoint30 waypoint25)
5.694: (navigate rover5 waypoint29 waypoint1)
5.688: (navigate rover6 waypoint25 waypoint30)
5.645: (calibrate rover6 camera1 objective3 waypoint30)
5.658: (calibrate rover7 camera10 objective11 waypoint34)
5.672: (navigate rover6 waypoint30 waypoint25)
5.661: (take_image rover7 waypoint34 objective5 camera10 colour)
5.629: (navigate rover5 waypoint1 waypoint29)
5.665: (take_image rover2 waypoint30 objective1 camera2 high_res)
5.677: (calibrate rover7 camera10 objective11 waypoint34)
5.640: (navigate rover6 waypoint25 waypoint3)
5.709: (take_image rover5 waypoint29 objective12 camera13 colour)
5.631: (calibrate rover5 camera13 objective11 waypoint29)
5.591: (calibrate rover2 camera4 objective9 waypoint30)
5.559: (calibrate rover2 camera2 objective9 waypoint30)
5.542: (take_image rover7 waypoint34 objective12 camera10 colour)
5.575: (take_image rover2 waypoint30 objective1 camera2 high_res)
5.618: (navigate rover6 waypoint3 waypoint25)
5.565: (navigate rover6 waypoint25 waypoint30)
5.527: (calibrate rover2 camera2 objective9 waypoint30)
5.546: (calibrate rover7 camera10 objective11 waypoint34)
5.580: (take_image rover2 waypoint30 objective1 camera2 colour)
5.621: (take_image rover2 waypoint30 objective1 camera4 high_res)
5.582: (calibrate rover2 camera2 objective9 waypoint30)
5.566: (take_image rover7 waypoint34 objective4 camera10 colour)
5.604: (take_image rover2 waypoint30 objective1 camera2 high_res)
5.643: (take_image rover6 waypoint30 objective1 camera1 high_res)
5.607: (calibrate rover2 camera4 objective9 waypoint30)
5.571: (calibrate rover2 camera2 objective9 waypoint30)
5.588: (calibrate rover7 camera10 objective11 waypoint34)
5.624: (take_image rover2 waypoint30 objective1 camera2 colour)
5.662: (navigate rover6 waypoint30 waypoint25)
5.625: (calibrate rover2 camera2 objective9 waypoint30)
5.601: (navigate rover6 waypoint25 waypoint3)
5.588: (take_image rover7 waypoint34 objective5 camera10 colour)
5.611: (navigate rover6 waypoint3 waypoint25)
5.642: (navigate rover5 waypoint29 waypoint1)
5.642: (navigate rover6 waypoint25 waypoint30)
5.601: (calibrate rover6 camera1 objective3 waypoint30)
5.612: (navigate rover6 waypoint30 waypoint25)
5.580: (navigate rover5 waypoint1 waypoint29)
5.596: (calibrate rover7 camera10 objective11 waypoint34)
5.626: (navigate rover5 waypoint29 waypoint1)
5.616: (navigate rover6 waypoint25 waypoint30)
5.648: (take_image rover2 waypoint30 objective1 camera2 colour)
5.637: (take_image rover7 waypoint34 objective12 camera10 colour)
5.653: (navigate rover6 waypoint30 waypoint25)
5.660: (navigate rover6 waypoint25 waypoint3)
5.622: (calibrate rover2 camera2 objective9 waypoint30)
5.636: (calibrate rover7 camera10 objective11 waypoint34)
5.666: (take_image rover2 waypoint30 objective1 camera2 colour)
5.664: (navigate rover6 waypoint3 waypoint25)
5.632: (navigate rover5 waypoint1 waypoint29)
5.666: (take_image rover2 waypoint30 objective1 camera4 high_res)
5.632: (calibrate rover2 camera2 objective9 waypoint30)
5.594: (navigate rover6 waypoint25 waypoint3)
5.577: (take_image rover7 waypoint34 objective12 camera10 colour)
5.619: (take_image rover2 waypoint30 objective1 camera2 high_res)
5.655: (navigate rover6 waypoint3 waypoint25)
5.617: (calibrate rover2 camera2 objective9 waypoint30)
5.650: (take_image rover6 waypoint25 objective1 camera1 high_res)
5.608: (navigate rover6 waypoint25 waypoint30)
5.624: (calibrate rover7 camera10 objective11 waypoint34)
5.660: (navigate rover6 waypoint30 waypoint25)
5.637: (navigate rover6 waypoint25 waypoint3)
5.621: (take_image rover7 waypoint34 objective12 camera10 colour)
5.662: (take_image rover2 waypoint30 objective1 camera2 high_res)
5.620: (calibrate rover2 camera4 objective9 waypoint30)
5.637: (calibrate rover7 camera10 objective11 waypoint34)
5.673: (take_image rover2 waypoint30 objective1 camera4 high_res)
5.698: (navigate rover6 waypoint3 waypoint25)
5.663: (navigate rover6 waypoint25 waypoint30)
5.725: (take_image rover6 waypoint30 objective1 camera5 colour)
5.686: (calibrate rover2 camera4 objective9 waypoint30)
5.646: (calibrate rover2 camera2 objective9 waypoint30)
5.623: (calibrate rover6 camera1 objective3 waypoint30)
5.611: (take_image rover7 waypoint34 objective12 camera10 colour)
5.633: (take_image rover6 waypoint30 objective1 camera1 high_res)
5.672: (take_image rover2 waypoint30 objective1 camera2 high_res)
5.648: (calibrate rover6 camera1 objective3 waypoint30)
5.665: (calibrate rover7 camera10 objective11 waypoint34)
5.698: (navigate rover6 waypoint30 waypoint25)
5.659: (calibrate rover2 camera2 objective9 waypoint30)
5.638: (navigate rover6 waypoint25 waypoint3)
5.623: (take_image rover7 waypoint34 objective5 camera10 colour)
5.645: (navigate rover6 waypoint3 waypoint25)
5.673: (navigate rover5 waypoint29 waypoint1)
5.675: (navigate rover6 waypoint25 waypoint30)
5.687: (calibrate rover7 camera10 objective11 waypoint34)
5.686: (navigate rover6 waypoint30 waypoint25)
5.707: (take_image rover6 waypoint25 objective1 camera1 high_res)
5.684: (navigate rover5 waypoint1 waypoint29)
5.673: (take_image rover7 waypoint34 objective4 camera10 colour)
5.662: (navigate rover6 waypoint25 waypoint3)
5.676: (calibrate rover7 camera10 objective11 waypoint34)
5.714: (take_image rover2 waypoint30 objective1 camera2 high_res)
5.699: (take_image rover7 waypoint34 objective12 camera10 colour)
5.713: (navigate rover6 waypoint3 waypoint25)
5.725: (calibrate rover7 camera10 objective11 waypoint34)
5.752: (navigate rover5 waypoint29 waypoint1)
5.744: (take_image rover7 waypoint34 objective4 camera10 colour)
5.702: (calibrate rover2 camera2 objective9 waypoint30)
5.694: (navigate rover6 waypoint25 waypoint30)
5.706: (calibrate rover7 camera10 objective11 waypoint34)
5.746: (take_image rover2 waypoint30 objective1 camera2 colour)
5.727: (calibrate rover6 camera1 objective3 waypoint30)
5.717: (take_image rover7 waypoint34 objective12 camera10 colour)
5.715: (navigate rover6 waypoint30 waypoint25)
5.686: (navigate rover5 waypoint1 waypoint29)
5.663: (navigate rover6 waypoint25 waypoint3)
5.677: (calibrate rover7 camera10 objective11 waypoint34)
5.719: (take_image rover2 waypoint30 objective1 camera4 high_res)
5.680: (calibrate rover2 camera2 objective9 waypoint30)
5.663: (take_image rover7 waypoint34 objective12 camera10 colour)
5.686: (navigate rover6 waypoint3 waypoint25)
5.650: (navigate rover6 waypoint25 waypoint30)
5.666: (calibrate rover7 camera10 objective11 waypoint34)
5.689: (take_image rover6 waypoint30 objective1 camera1 high_res)
5.675: (take_image rover7 waypoint34 objective4 camera10 colour)
5.706: (take_image rover2 waypoint30 objective1 camera2 high_res)
5.690: (calibrate rover6 camera1 objective3 waypoint30)
5.703: (calibrate rover7 camera10 objective11 waypoint34)
5.729: (navigate rover6 waypoint30 waypoint25)
5.701: (calibrate rover2 camera2 objective9 waypoint30)
5.727: (navigate rover5 waypoint29 waypoint1)
5.717: (take_image rover7 waypoint34 objective5 camera10 colour)
5.717: (navigate rover6 waypoint25 waypoint30)
5.729: (calibrate rover7 camera10 objective11 waypoint34)
5.748: (take_image rover6 waypoint30 objective1 camera1 high_res)
5.733: (take_image rover7 waypoint34 objective4 camera10 colour)
5.745: (navigate rover6 waypoint30 waypoint25)
5.715: (navigate rover5 waypoint1 waypoint29)
5.703: (navigate rover6 waypoint25 waypoint3)
5.717: (calibrate rover7 camera10 objective11 waypoint34)
5.726: (navigate rover6 waypoint3 waypoint25)
5.754: (navigate rover5 waypoint29 waypoint1)
5.785: (take_image rover2 waypoint30 objective1 camera2 colour)
5.757: (navigate rover5 waypoint1 waypoint29)
5.745: (take_image rover7 waypoint34 objective4 camera10 colour)
5.736: (navigate rover6 waypoint25 waypoint3)
5.749: (calibrate rover7 camera10 objective11 waypoint34)
5.818: (take_image rover5 waypoint29 objective0 camera13 colour)
5.740: (calibrate rover5 camera13 objective11 waypoint29)
5.665: (calibrate rover6 camera5 objective4 waypoint3)
5.628: (calibrate rover2 camera4 objective9 waypoint30)
5.592: (calibrate rover2 camera2 objective9 waypoint30)
5.580: (take_image rover7 waypoint34 objective12 camera10 colour)
5.602: (navigate rover6 waypoint3 waypoint25)
5.561: (navigate rover6 waypoint25 waypoint30)
5.522: (calibrate rover6 camera1 objective3 waypoint30)
5.538: (calibrate rover7 camera10 objective11 waypoint34)
5.570: (take_image rover2 waypoint30 objective1 camera2 colour)
5.555: (take_image rover7 waypoint34 objective12 camera10 colour)
5.595: (take_image rover2 waypoint30 objective1 camera4 high_res)
5.554: (calibrate rover2 camera2 objective9 waypoint30)
5.574: (calibrate rover7 camera10 objective11 waypoint34)
5.611: (take_image rover2 waypoint30 objective1 camera2 high_res)
5.653: (take_image rover6 waypoint30 objective1 camera1 high_res)
5.614: (calibrate rover2 camera4 objective9 waypoint30)
5.579: (calibrate rover2 camera2 objective9 waypoint30)
5.615: (take_image rover2 waypoint30 objective1 camera4 high_res)
5.600: (take_image rover7 waypoint34 objective12 camera10 colour)
5.636: (navigate rover6 waypoint30 waypoint25)
5.613: (navigate rover6 waypoint25 waypoint3)
5.629: (calibrate rover7 camera10 objective11 waypoint34)
5.653: (navigate rover6 waypoint3 waypoint25)
5.616: (calibrate rover2 camera4 objective9 waypoint30)
5.650: (take_image rover2 waypoint30 objective1 camera2 colour)
5.637: (take_image rover7 waypoint34 objective4 camera10 colour)
5.598: (navigate rover6 waypoint25 waypoint30)
5.637: (take_image rover2 waypoint30 objective1 camera4 high_res)
5.677: (navigate rover6 waypoint30 waypoint25)
5.651: (navigate rover6 waypoint25 waypoint3)
5.612: (calibrate rover2 camera4 objective9 waypoint30)
5.701: (navigate rover5 waypoint29 waypoint1)
5.664: (calibrate rover2 camera2 objective9 waypoint30)
5.643: (navigate rover6 waypoint3 waypoint25)
5.643: (navigate rover6 waypoint25 waypoint30)
5.603: (calibrate rover6 camera1 objective3 waypoint30)
5.600: (communicate_image_data rover5 general objective0 colour waypoint1 waypoint43)
5.520: (navigate rover5 waypoint1 waypoint29)
5.538: (calibrate rover7 camera10 objective11 waypoint34)
5.571: (take_image rover2 waypoint30 objective1 camera2 colour)
5.554: (take_image rover7 waypoint34 objective5 camera10 colour)
5.595: (take_image rover2 waypoint30 objective1 camera4 high_res)
5.555: (calibrate rover2 camera2 objective9 waypoint30)
5.573: (calibrate rover7 camera10 objective11 waypoint34)
5.611: (take_image rover2 waypoint30 objective1 camera2 high_res)
5.653: (take_image rover6 waypoint30 objective1 camera1 high_res)
5.614: (calibrate rover2 camera4 objective9 waypoint30)
5.578: (calibrate rover2 camera2 objective9 waypoint30)
5.562: (take_image rover7 waypoint34 objective4 camera10 colour)
5.598: (take_image rover2 waypoint30 objective1 camera2 high_res)
5.636: (take_image rover2 waypoint30 objective1 camera4 high_res)
5.601: (calibrate rover2 camera2 objective9 waypoint30)
5.615: (calibrate rover7 camera10 objective11 waypoint34)
5.650: (navigate rover6 waypoint30 waypoint25)
5.616: (calibrate rover2 camera4 objective9 waypoint30)
5.593: (navigate rover6 waypoint25 waypoint3)
5.578: (take_image rover7 waypoint34 objective12 camera10 colour)
5.602: (navigate rover6 waypoint3 waypoint25)
5.636: (take_image rover2 waypoint30 objective1 camera2 high_res)
5.612: (navigate rover6 waypoint25 waypoint3)
5.628: (calibrate rover7 camera10 objective11 waypoint34)
5.653: (navigate rover6 waypoint3 waypoint25)
5.688: (take_image rover2 waypoint30 objective1 camera4 high_res)
5.666: (navigate rover6 waypoint25 waypoint3)
5.628: (calibrate rover2 camera2 objective9 waypoint30)
5.612: (take_image rover7 waypoint34 objective4 camera10 colour)
5.641: (navigate rover6 waypoint3 waypoint25)
5.677: (take_image rover2 waypoint30 objective1 camera2 colour)
5.651: (navigate rover6 waypoint25 waypoint3)
5.738: (navigate rover5 waypoint29 waypoint1)
5.701: (calibrate rover2 camera4 objective9 waypoint30)
5.664: (calibrate rover2 camera2 objective9 waypoint30)
5.643: (navigate rover6 waypoint3 waypoint25)
5.643: (navigate rover6 waypoint25 waypoint30)
5.657: (calibrate rover7 camera10 objective11 waypoint34)
5.616: (calibrate rover6 camera1 objective3 waypoint30)
5.625: (navigate rover6 waypoint30 waypoint25)
5.587: (navigate rover5 waypoint1 waypoint29)
5.551: (navigate rover6 waypoint25 waypoint3)
5.532: (take_image rover7 waypoint34 objective12 camera10 colour)
5.567: (take_image rover2 waypoint30 objective1 camera2 high_res)
5.584: (calibrate rover7 camera10 objective11 waypoint34)
5.623: (take_image rover2 waypoint30 objective1 camera4 high_res)
5.584: (calibrate rover2 camera2 objective9 waypoint30)
5.568: (take_image rover7 waypoint34 objective12 camera10 colour)
5.610: (take_image rover2 waypoint30 objective1 camera2 high_res)
5.645: (navigate rover6 waypoint3 waypoint25)
5.609: (calibrate rover2 camera4 objective9 waypoint30)
5.570: (calibrate rover2 camera2 objective9 waypoint30)
5.609: (take_image rover2 waypoint30 objective1 camera4 high_res)
5.624: (calibrate rover7 camera10 objective11 waypoint34)
5.657: (take_image rover2 waypoint30 objective1 camera2 colour)
5.622: (calibrate rover2 camera4 objective9 waypoint30)
5.664: (navigate rover5 waypoint29 waypoint1)
5.649: (navigate rover6 waypoint25 waypoint30)
5.638: (take_image rover7 waypoint34 objective12 camera10 colour)
5.653: (navigate rover6 waypoint30 waypoint25)
5.610: (calibrate rover2 camera2 objective9 waypoint30)
5.624: (navigate rover6 waypoint25 waypoint3)
5.636: (calibrate rover7 camera10 objective11 waypoint34)
5.668: (take_image rover2 waypoint30 objective1 camera2 colour)
5.656: (take_image rover7 waypoint34 objective12 camera10 colour)
5.692: (take_image rover2 waypoint30 objective1 camera4 high_res)
5.658: (calibrate rover2 camera2 objective9 waypoint30)
5.654: (navigate rover6 waypoint3 waypoint25)
5.637: (navigate rover6 waypoint25 waypoint30)
5.649: (calibrate rover7 camera10 objective11 waypoint34)
5.664: (navigate rover6 waypoint30 waypoint25)
5.672: (navigate rover6 waypoint25 waypoint3)
5.704: (take_image rover2 waypoint30 objective1 camera2 high_res)
5.699: (navigate rover6 waypoint3 waypoint25)
5.684: (navigate rover6 waypoint25 waypoint30)
5.673: (take_image rover7 waypoint34 objective5 camera10 colour)
5.688: (navigate rover6 waypoint30 waypoint25)
5.717: (take_image rover6 waypoint25 objective1 camera1 high_res)
5.682: (calibrate rover2 camera4 objective9 waypoint30)
5.678: (navigate rover6 waypoint25 waypoint30)
5.692: (calibrate rover7 camera10 objective11 waypoint34)
5.693: (navigate rover6 waypoint30 waypoint25)
5.654: (calibrate rover2 camera2 objective9 waypoint30)
5.679: (navigate rover6 waypoint25 waypoint3)
5.711: (take_image rover2 waypoint30 objective1 camera2 high_res)
5.748: (take_image rover2 waypoint30 objective1 camera4 high_res)
5.713: (calibrate rover2 camera2 objective9 waypoint30)
5.696: (navigate rover6 waypoint3 waypoint25)
5.683: (take_image rover7 waypoint34 objective4 camera10 colour)
5.680: (navigate rover6 waypoint25 waypoint30)
5.693: (calibrate rover7 camera10 objective11 waypoint34)
5.729: (take_image rover2 waypoint30 objective1 camera2 colour)
5.717: (take_image rover7 waypoint34 objective5 camera10 colour)
5.769: (take_image rover6 waypoint30 objective1 camera5 colour)
5.698: (navigate rover5 waypoint1 waypoint29)
5.665: (calibrate rover2 camera4 objective9 waypoint30)
5.620: (calibrate rover2 camera2 objective9 waypoint30)
5.599: (calibrate rover6 camera1 objective3 waypoint30)
5.616: (calibrate rover7 camera10 objective11 waypoint34)
5.640: (take_image rover6 waypoint30 objective1 camera1 high_res)
5.674: (navigate rover6 waypoint30 waypoint25)
5.665: (take_image rover7 waypoint34 objective5 camera10 colour)
5.653: (navigate rover6 waypoint25 waypoint3)
5.667: (calibrate rover7 camera10 objective11 waypoint34)
5.705: (take_image rover2 waypoint30 objective1 camera2 high_res)
5.690: (take_image rover7 waypoint34 objective12 camera10 colour)
5.704: (navigate rover6 waypoint3 waypoint25)
5.716: (calibrate rover7 camera10 objective11 waypoint34)
5.676: (navigate rover6 waypoint25 waypoint30)
5.656: (calibrate rover6 camera1 objective3 waypoint30)
5.641: (take_image rover7 waypoint34 objective5 camera10 colour)
5.680: (navigate rover6 waypoint30 waypoint25)
5.635: (calibrate rover2 camera2 objective9 waypoint30)
5.615: (navigate rover6 waypoint25 waypoint3)
5.629: (calibrate rover7 camera10 objective11 waypoint34)
5.648: (navigate rover6 waypoint3 waypoint25)
5.685: (navigate rover5 waypoint29 waypoint1)
5.672: (take_image rover7 waypoint34 objective5 camera10 colour)
5.674: (navigate rover6 waypoint25 waypoint30)
5.687: (calibrate rover7 camera10 objective11 waypoint34)
5.708: (take_image rover6 waypoint30 objective1 camera1 high_res)
5.696: (take_image rover7 waypoint34 objective12 camera10 colour)
5.700: (navigate rover6 waypoint30 waypoint25)
5.711: (calibrate rover7 camera10 objective11 waypoint34)
5.749: (navigate rover6 waypoint25 waypoint3)
5.738: (take_image rover7 waypoint34 objective12 camera10 colour)
5.779: (take_image rover2 waypoint30 objective1 camera4 high_res)
5.694: (navigate rover5 waypoint1 waypoint29)
5.706: (navigate rover6 waypoint3 waypoint25)
5.662: (navigate rover6 waypoint25 waypoint30)
5.639: (calibrate rover6 camera1 objective3 waypoint30)
5.657: (calibrate rover7 camera10 objective11 waypoint34)
5.679: (take_image rover6 waypoint30 objective1 camera1 high_res)
5.711: (take_image rover2 waypoint30 objective1 camera2 colour)
5.698: (calibrate rover6 camera1 objective3 waypoint30)
5.680: (take_image rover7 waypoint34 objective5 camera10 colour)
5.711: (navigate rover6 waypoint30 waypoint25)
5.678: (calibrate rover2 camera2 objective9 waypoint30)
5.656: (navigate rover6 waypoint25 waypoint3)
5.670: (calibrate rover7 camera10 objective11 waypoint34)
5.689: (navigate rover6 waypoint3 waypoint25)
5.719: (take_image rover6 waypoint25 objective1 camera1 high_res)
5.708: (navigate rover6 waypoint25 waypoint3)
5.740: (take_image rover2 waypoint30 objective1 camera2 high_res)
5.728: (take_image rover7 waypoint34 objective5 camera10 colour)
5.736: (navigate rover6 waypoint3 waypoint25)
5.748: (calibrate rover7 camera10 objective11 waypoint34)
5.785: (navigate rover5 waypoint29 waypoint1)
5.756: (calibrate rover2 camera2 objective9 waypoint30)
5.745: (take_image rover7 waypoint34 objective4 camera10 colour)
5.735: (navigate rover6 waypoint25 waypoint30)
5.719: (calibrate rover6 camera1 objective3 waypoint30)
5.717: (navigate rover6 waypoint30 waypoint25)
5.727: (calibrate rover7 camera10 objective11 waypoint34)
5.729: (navigate rover6 waypoint25 waypoint30)
5.747: (take_image rover6 waypoint30 objective1 camera1 high_res)
5.780: (take_image rover2 waypoint30 objective1 camera2 colour)
5.744: (calibrate rover2 camera4 objective9 waypoint30)
5.728: (calibrate rover6 camera1 objective3 waypoint30)
5.719: (take_image rover7 waypoint34 objective12 camera10 colour)
5.715: (navigate rover6 waypoint30 waypoint25)
5.726: (calibrate rover7 camera10 objective11 waypoint34)
5.688: (navigate rover5 waypoint1 waypoint29)
5.669: (navigate rover6 waypoint25 waypoint3)
5.656: (take_image rover7 waypoint34 objective4 camera10 colour)
5.698: (take_image rover2 waypoint30 objective1 camera4 high_res)
5.709: (calibrate rover7 camera10 objective11 waypoint34)
5.724: (navigate rover6 waypoint3 waypoint25)
5.762: (navigate rover5 waypoint29 waypoint1)
5.752: (take_image rover7 waypoint34 objective12 camera10 colour)
5.753: (navigate rover6 waypoint25 waypoint30)
5.764: (calibrate rover7 camera10 objective11 waypoint34)
5.831: (take_image rover5 waypoint1 objective8 camera13 colour)
5.752: (calibrate rover5 camera13 objective11 waypoint1)
5.684: (navigate rover5 waypoint1 waypoint29)
5.645: (calibrate rover2 camera4 objective9 waypoint30)
5.606: (calibrate rover2 camera2 objective9 waypoint30)
5.591: (take_image rover7 waypoint34 objective12 camera10 colour)
5.611: (take_image rover6 waypoint30 objective1 camera1 high_res)
5.626: (calibrate rover7 camera10 objective11 waypoint34)
5.666: (navigate rover6 waypoint30 waypoint25)
5.654: (take_image rover7 waypoint34 objective4 camera10 colour)
5.642: (navigate rover6 waypoint25 waypoint3)
5.566: (calibrate rover6 camera5 objective4 waypoint3)
5.583: (calibrate rover7 camera10 objective11 waypoint34)
5.605: (navigate rover6 waypoint3 waypoint25)
5.568: (navigate rover6 waypoint25 waypoint30)
5.525: (calibrate rover6 camera1 objective3 waypoint30)
5.508: (take_image rover7 waypoint34 objective4 camera10 colour)
5.544: (take_image rover2 waypoint30 objective1 camera2 colour)
5.562: (calibrate rover7 camera10 objective11 waypoint34)
5.602: (take_image rover2 waypoint30 objective1 camera4 high_res)
5.561: (calibrate rover2 camera2 objective9 waypoint30)
5.546: (take_image rover7 waypoint34 objective5 camera10 colour)
5.586: (take_image rover2 waypoint30 objective1 camera2 high_res)
5.625: (take_image rover6 waypoint30 objective1 camera1 high_res)
5.588: (calibrate rover2 camera4 objective9 waypoint30)
5.553: (calibrate rover2 camera2 objective9 waypoint30)
5.590: (take_image rover2 waypoint30 objective1 camera4 high_res)
5.605: (calibrate rover7 camera10 objective11 waypoint34)
5.640: (navigate rover6 waypoint30 waypoint25)
5.618: (navigate rover6 waypoint25 waypoint3)
5.604: (take_image rover7 waypoint34 objective12 camera10 colour)
5.629: (navigate rover6 waypoint3 waypoint25)
5.591: (calibrate rover2 camera4 objective9 waypoint30)
5.625: (take_image rover2 waypoint30 objective1 camera2 colour)
5.601: (navigate rover6 waypoint25 waypoint3)
5.617: (calibrate rover7 camera10 objective11 waypoint34)
5.641: (navigate rover6 waypoint3 waypoint25)
5.604: (navigate rover6 waypoint25 waypoint30)
5.645: (take_image rover2 waypoint30 objective1 camera4 high_res)
5.679: (navigate rover6 waypoint30 waypoint25)
5.656: (navigate rover6 waypoint25 waypoint3)
5.639: (take_image rover7 waypoint34 objective4 camera10 colour)
5.664: (navigate rover6 waypoint3 waypoint25)
5.708: (navigate rover5 waypoint29 waypoint1)
5.670: (calibrate rover2 camera2 objective9 waypoint30)
5.629: (calibrate rover2 camera4 objective9 waypoint30)
5.632: (navigate rover6 waypoint25 waypoint30)
5.591: (calibrate rover6 camera1 objective3 waypoint30)
5.588: (communicate_image_data rover5 general objective8 colour waypoint1 waypoint43)
5.510: (navigate rover5 waypoint1 waypoint29)
5.527: (calibrate rover7 camera10 objective11 waypoint34)
5.560: (take_image rover2 waypoint30 objective1 camera2 colour)
5.544: (take_image rover7 waypoint34 objective5 camera10 colour)
5.587: (take_image rover2 waypoint30 objective1 camera4 high_res)
5.545: (calibrate rover2 camera2 objective9 waypoint30)
5.563: (calibrate rover7 camera10 objective11 waypoint34)
5.602: (take_image rover2 waypoint30 objective1 camera2 high_res)
5.645: (take_image rover6 waypoint30 objective1 camera1 high_res)
5.604: (calibrate rover2 camera4 objective9 waypoint30)
5.569: (calibrate rover2 camera2 objective9 waypoint30)
5.554: (take_image rover7 waypoint34 objective4 camera10 colour)
5.588: (take_image rover2 waypoint30 objective1 camera2 high_res)
5.627: (navigate rover6 waypoint30 waypoint25)
5.592: (calibrate rover2 camera2 objective9 waypoint30)
5.566: (navigate rover6 waypoint25 waypoint3)
5.583: (calibrate rover7 camera10 objective11 waypoint34)
5.605: (navigate rover6 waypoint3 waypoint25)
5.640: (take_image rover2 waypoint30 objective1 camera2 high_res)
5.618: (navigate rover6 waypoint25 waypoint3)
5.602: (take_image rover7 waypoint34 objective4 camera10 colour)
5.639: (take_image rover2 waypoint30 objective1 camera4 high_res)
5.603: (calibrate rover2 camera2 objective9 waypoint30)
5.618: (calibrate rover7 camera10 objective11 waypoint34)
5.642: (navigate rover6 waypoint3 waypoint25)
5.605: (navigate rover6 waypoint25 waypoint30)
5.591: (take_image rover7 waypoint34 objective12 camera10 colour)
5.626: (navigate rover6 waypoint30 waypoint25)
5.666: (take_image rover2 waypoint30 objective1 camera2 colour)
5.627: (navigate rover6 waypoint25 waypoint30)
5.688: (take_image rover6 waypoint30 objective1 camera5 colour)
5.652: (calibrate rover2 camera4 objective9 waypoint30)
5.610: (calibrate rover2 camera2 objective9 waypoint30)
5.592: (calibrate rover6 camera1 objective3 waypoint30)
5.605: (calibrate rover7 camera10 objective11 waypoint34)
5.627: (take_image rover6 waypoint30 objective1 camera1 high_res)
5.665: (navigate rover6 waypoint30 waypoint25)
5.654: (take_image rover7 waypoint34 objective5 camera10 colour)
5.642: (navigate rover6 waypoint25 waypoint3)
5.657: (calibrate rover7 camera10 objective11 waypoint34)
5.695: (take_image rover2 waypoint30 objective1 camera4 high_res)
5.680: (take_image rover7 waypoint34 objective5 camera10 colour)
5.695: (navigate rover6 waypoint3 waypoint25)
5.653: (navigate rover6 waypoint25 waypoint30)
5.629: (calibrate rover6 camera1 objective3 waypoint30)
5.646: (calibrate rover7 camera10 objective11 waypoint34)
5.667: (take_image rover6 waypoint30 objective1 camera1 high_res)
5.700: (take_image rover2 waypoint30 objective1 camera2 high_res)
5.667: (calibrate rover2 camera4 objective9 waypoint30)
5.647: (calibrate rover6 camera1 objective3 waypoint30)
5.632: (take_image rover7 waypoint34 objective5 camera10 colour)
5.667: (navigate rover6 waypoint30 waypoint25)
5.625: (calibrate rover2 camera2 objective9 waypoint30)
5.605: (navigate rover6 waypoint25 waypoint3)
5.522: (calibrate rover6 camera5 objective4 waypoint3)
5.539: (calibrate rover7 camera10 objective11 waypoint34)
5.570: (take_image rover2 waypoint30 objective1 camera2 high_res)
5.557: (take_image rover7 waypoint34 objective4 camera10 colour)
5.598: (take_image rover2 waypoint30 objective1 camera4 high_res)
5.556: (calibrate rover2 camera2 objective9 waypoint30)
5.574: (calibrate rover7 camera10 objective11 waypoint34)
5.612: (take_image rover2 waypoint30 objective1 camera2 high_res)
5.649: (navigate rover6 waypoint3 waypoint25)
5.610: (calibrate rover2 camera4 objective9 waypoint30)
5.572: (calibrate rover2 camera2 objective9 waypoint30)
5.557: (take_image rover7 waypoint34 objective5 camera10 colour)
5.598: (take_image rover2 waypoint30 objective1 camera2 colour)
5.634: (take_image rover2 waypoint30 objective1 camera4 high_res)
5.599: (calibrate rover2 camera2 objective9 waypoint30)
5.612: (calibrate rover7 camera10 objective11 waypoint34)
5.655: (navigate rover5 waypoint29 waypoint1)
5.613: (calibrate rover2 camera4 objective9 waypoint30)
5.600: (take_image rover7 waypoint34 objective4 camera10 colour)
5.612: (navigate rover6 waypoint25 waypoint3)
5.624: (calibrate rover7 camera10 objective11 waypoint34)
5.656: (take_image rover2 waypoint30 objective1 camera2 colour)
5.645: (take_image rover7 waypoint34 objective12 camera10 colour)
5.642: (navigate rover6 waypoint3 waypoint25)
5.625: (navigate rover6 waypoint25 waypoint30)
5.637: (calibrate rover7 camera10 objective11 waypoint34)
5.603: (calibrate rover2 camera2 objective9 waypoint30)
5.637: (take_image rover2 waypoint30 objective1 camera4 high_res)
5.630: (take_image rover7 waypoint34 objective12 camera10 colour)
5.642: (navigate rover6 waypoint30 waypoint25)
5.648: (navigate rover6 waypoint25 waypoint3)
5.660: (calibrate rover7 camera10 objective11 waypoint34)
5.695: (take_image rover2 waypoint30 objective1 camera2 high_res)
5.682: (take_image rover7 waypoint34 objective4 camera10 colour)
5.677: (navigate rover6 waypoint3 waypoint25)
5.662: (navigate rover6 waypoint25 waypoint30)
5.673: (calibrate rover7 camera10 objective11 waypoint34)
5.691: (navigate rover6 waypoint30 waypoint25)
5.651: (calibrate rover2 camera4 objective9 waypoint30)
5.681: (take_image rover6 waypoint25 objective1 camera1 high_res)
5.644: (calibrate rover2 camera2 objective9 waypoint30)
5.629: (take_image rover7 waypoint34 objective5 camera10 colour)
5.632: (navigate rover6 waypoint25 waypoint30)
5.646: (calibrate rover7 camera10 objective11 waypoint34)
5.678: (take_image rover2 waypoint30 objective1 camera4 high_res)
5.670: (take_image rover7 waypoint34 objective4 camera10 colour)
5.672: (navigate rover6 waypoint30 waypoint25)
5.685: (calibrate rover7 camera10 objective11 waypoint34)
5.703: (navigate rover6 waypoint25 waypoint3)
5.666: (calibrate rover2 camera4 objective9 waypoint30)
5.652: (take_image rover7 waypoint34 objective5 camera10 colour)
5.687: (take_image rover2 waypoint30 objective1 camera2 high_res)
5.673: (navigate rover6 waypoint3 waypoint25)
5.667: (navigate rover6 waypoint25 waypoint30)
5.682: (calibrate rover7 camera10 objective11 waypoint34)
5.718: (take_image rover2 waypoint30 objective1 camera4 high_res)
5.707: (take_image rover7 waypoint34 objective4 camera10 colour)
5.708: (navigate rover6 waypoint30 waypoint25)
5.720: (calibrate rover7 camera10 objective11 waypoint34)
5.678: (navigate rover5 waypoint1 waypoint29)
5.656: (navigate rover6 waypoint25 waypoint3)
5.733: (take_image rover5 waypoint29 objective0 camera13 colour)
5.692: (calibrate rover2 camera4 objective9 waypoint30)
5.657: (calibrate rover2 camera2 objective9 waypoint30)
5.668: (take_image rover7 waypoint34 objective4 camera10 colour)
5.690: (navigate rover6 waypoint3 waypoint25)
5.653: (navigate rover6 waypoint25 waypoint30)
5.611: (calibrate rover6 camera1 objective3 waypoint30)
5.601: (calibrate rover7 camera10 objective11 waypoint34)
5.636: (take_image rover2 waypoint30 objective1 camera2 colour)
5.649: (take_image rover7 waypoint34 objective5 camera10 colour)
5.689: (take_image rover6 waypoint30 objective1 camera1 high_res)
5.680: (calibrate rover7 camera10 objective11 waypoint34)
5.642: (calibrate rover2 camera2 objective9 waypoint30)
5.678: (navigate rover6 waypoint30 waypoint25)
5.713: (take_image rover2 waypoint30 objective1 camera2 colour)
5.727: (take_image rover7 waypoint34 objective4 camera10 colour)
5.705: (navigate rover6 waypoint25 waypoint3)
5.744: (take_image rover2 waypoint30 objective1 camera4 high_res)
5.708: (calibrate rover2 camera2 objective9 waypoint30)
5.694: (calibrate rover7 camera10 objective11 waypoint34)
5.716: (navigate rover6 waypoint3 waypoint25)
5.680: (navigate rover6 waypoint25 waypoint30)
5.637: (calibrate rover6 camera1 objective3 waypoint30)
5.652: (take_image rover7 waypoint34 objective4 camera10 colour)
5.691: (take_image rover2 waypoint30 objective1 camera2 colour)
5.676: (calibrate rover7 camera10 objective11 waypoint34)
5.718: (navigate rover6 waypoint30 waypoint25)
5.685: (calibrate rover2 camera2 objective9 waypoint30)
5.648: (calibrate rover2 camera4 objective9 waypoint30)
5.615: (navigate rover6 waypoint25 waypoint3)
5.625: (take_image rover7 waypoint34 objective4 camera10 colour)
5.659: (navigate rover6 waypoint3 waypoint25)
5.699: (take_image rover2 waypoint30 objective1 camera2 high_res)
5.661: (navigate rover6 waypoint25 waypoint3)
5.649: (calibrate rover7 camera10 objective11 waypoint34)
5.684: (navigate rover6 waypoint3 waypoint25)
5.729: (navigate rover5 waypoint29 waypoint1)
5.686: (calibrate rover2 camera2 objective9 waypoint30)
5.678: (navigate rover6 waypoint25 waypoint30)
5.693: (take_image rover7 waypoint34 objective5 camera10 colour)
5.703: (navigate rover6 waypoint30 waypoint25)
5.716: (navigate rover6 waypoint25 waypoint3)
5.701: (calibrate rover7 camera10 objective11 waypoint34)
5.736: (take_image rover2 waypoint30 objective1 camera2 colour)
5.751: (take_image rover7 waypoint34 objective12 camera10 colour)
5.746: (navigate rover6 waypoint3 waypoint25)
5.729: (navigate rover6 waypoint25 waypoint30)
5.713: (calibrate rover7 camera10 objective11 waypoint34)
5.750: (take_image rover2 waypoint30 objective1 camera4 high_res)
5.714: (calibrate rover2 camera2 objective9 waypoint30)
5.731: (navigate rover6 waypoint30 waypoint25)
5.737: (navigate rover6 waypoint25 waypoint3)
5.650: (navigate rover5 waypoint1 waypoint29)
5.662: (take_image rover7 waypoint34 objective12 camera10 colour)
5.698: (navigate rover6 waypoint3 waypoint25)
5.724: (take_image rover6 waypoint25 objective1 camera1 high_res)
5.692: (navigate rover6 waypoint25 waypoint30)
5.734: (take_image rover2 waypoint30 objective1 camera2 high_res)
5.719: (calibrate rover7 camera10 objective11 waypoint34)
5.752: (navigate rover6 waypoint30 waypoint25)
5.764: (take_image rover7 waypoint34 objective5 camera10 colour)
5.812: (navigate rover5 waypoint29 waypoint1)
5.777: (calibrate rover2 camera4 objective9 waypoint30)
5.731: (calibrate rover2 camera2 objective9 waypoint30)
5.718: (calibrate rover7 camera10 objective11 waypoint34)
5.720: (navigate rover6 waypoint25 waypoint30)
5.732: (take_image rover7 waypoint34 objective12 camera10 colour)
5.772: (take_image rover2 waypoint30 objective1 camera2 high_res)
5.757: (calibrate rover7 camera10 objective11 waypoint34)
5.760: (navigate rover6 waypoint30 waypoint25)
5.779: (navigate rover6 waypoint25 waypoint3)
5.702: (calibrate rover5 camera13 objective11 waypoint1)
5.735: (take_image rover2 waypoint30 objective1 camera4 high_res)
5.727: (take_image rover7 waypoint34 objective12 camera10 colour)
5.690: (calibrate rover2 camera2 objective9 waypoint30)
5.764: (take_image rover7 waypoint34 objective10 camera0 low_res)
5.595: (calibrate rover7 camera0 objective10 waypoint34)
5.527: (navigate rover5 waypoint1 waypoint29)
5.493: (calibrate rover2 camera4 objective9 waypoint30)
5.516: (navigate rover6 waypoint3 waypoint25)
5.473: (navigate rover6 waypoint25 waypoint30)
5.432: (calibrate rover6 camera1 objective3 waypoint30)
5.462: (calibrate rover7 camera10 objective11 waypoint34)
5.493: (take_image rover2 waypoint30 objective1 camera2 high_res)
5.469: (take_image rover7 waypoint34 objective12 camera10 colour)
5.505: (take_image rover2 waypoint30 objective1 camera4 high_res)
5.471: (calibrate rover2 camera2 objective9 waypoint30)
5.497: (calibrate rover7 camera10 objective11 waypoint34)
5.534: (take_image rover2 waypoint30 objective1 camera2 colour)
[Final] Expanded: 1000, Generated: 117748
Failed to find a solution!
