/u/ibrahim.eisawy/Neural-Guided-Search/venv/lib/python3.10/site-packages/pymimir_rgnn/model.py:151: UserWarning: index_reduce() is in beta and the API may change at any time. (Triggered internally at /pytorch/aten/src/ATen/native/cuda/Indexing.cu:1541.)
  max_msg.index_reduce_(0, output_indices, output_messages, reduce='amax', include_self=True)
Torch: 2.12.0+cu130
Loading model... (models/grid_supervised.pth)
Using GPU:  NVIDIA L40S
[f=429.766] Expanded: 0, Generated: 0
[Final] Expanded: 6963, Generated: 32328
Found a solution of length 165!
   1: (move f2-6f f1-6f)
   2: (move f1-6f f1-5f)
   3: (move f1-5f f1-4f)
   4: (pickup f1-4f key0-2)
   5: (move f1-4f f2-4f)
   6: (pickup-and-loose f2-4f key2-1 key0-2)
   7: (unlock f2-4f f2-3f key2-1 shape2)
   8: (move f2-4f f1-4f)
   9: (move f1-4f f1-3f)
  10: (move f1-3f f1-2f)
  11: (move f1-2f f2-2f)
  12: (move f2-2f f2-1f)
  13: (pickup-and-loose f2-1f key1-2 key2-1)
  14: (move f2-1f f3-1f)
  15: (unlock f3-1f f4-1f key1-2 shape1)
  16: (move f3-1f f2-1f)
  17: (pickup-and-loose f2-1f key2-1 key1-2)
  18: (move f2-1f f2-0f)
  19: (pickup-and-loose f2-0f key3-0 key2-1)
  20: (unlock f2-0f f1-0f key3-0 shape3)
  21: (move f2-0f f2-1f)
  22: (move f2-1f f2-2f)
  23: (putdown f2-2f key3-0)
  24: (move f2-2f f2-1f)
  25: (pickup f2-1f key1-2)
  26: (move f2-1f f2-0f)
  27: (pickup-and-loose f2-0f key2-1 key1-2)
  28: (move f2-0f f2-1f)
  29: (move f2-1f f2-2f)
  30: (pickup-and-loose f2-2f key3-0 key2-1)
  31: (move f2-2f f1-2f)
  32: (move f1-2f f1-3f)
  33: (putdown f1-3f key3-0)
  34: (move f1-3f f1-2f)
  35: (move f1-2f f2-2f)
  36: (pickup f2-2f key2-1)
  37: (move f2-2f f1-2f)
  38: (move f1-2f f1-3f)
  39: (move f1-3f f1-4f)
  40: (move f1-4f f1-5f)
  41: (putdown f1-5f key2-1)
  42: (move f1-5f f1-4f)
  43: (move f1-4f f2-4f)
  44: (pickup f2-4f key2-2)
  45: (move f2-4f f2-3f)
  46: (move f2-3f f3-3f)
  47: (move f3-3f f3-2f)
  48: (pickup-and-loose f3-2f key0-0 key2-2)
  49: (move f3-2f f3-3f)
  50: (move f3-3f f3-4f)
  51: (move f3-4f f2-4f)
  52: (pickup-and-loose f2-4f key0-2 key0-0)
  53: (move f2-4f f1-4f)
  54: (move f1-4f f1-5f)
  55: (pickup-and-loose f1-5f key2-1 key0-2)
  56: (unlock f1-5f f2-5f key2-1 shape2)
  57: (pickup-and-loose f1-5f key0-2 key2-1)
  58: (move f1-5f f1-4f)
  59: (move f1-4f f2-4f)
  60: (move f2-4f f3-4f)
  61: (move f3-4f f3-3f)
  62: (move f3-3f f3-2f)
  63: (pickup-and-loose f3-2f key2-2 key0-2)
  64: (move f3-2f f3-1f)
  65: (move f3-1f f3-0f)
  66: (unlock f3-0f f4-0f key2-2 shape2)
  67: (putdown f3-0f key2-2)
  68: (move f3-0f f2-0f)
  69: (pickup f2-0f key1-2)
  70: (move f2-0f f2-1f)
  71: (move f2-1f f3-1f)
  72: (move f3-1f f3-2f)
  73: (move f3-2f f4-2f)
  74: (putdown f4-2f key1-2)
  75: (move f4-2f f3-2f)
  76: (pickup f3-2f key0-2)
  77: (move f3-2f f4-2f)
  78: (move f4-2f f4-3f)
  79: (move f4-3f f5-3f)
  80: (move f5-3f f5-4f)
  81: (pickup-and-loose f5-4f key3-1 key0-2)
  82: (move f5-4f f4-4f)
  83: (move f4-4f f3-4f)
  84: (move f3-4f f2-4f)
  85: (move f2-4f f2-5f)
  86: (putdown f2-5f key3-1)
  87: (move f2-5f f1-5f)
  88: (move f1-5f f1-4f)
  89: (move f1-4f f1-3f)
  90: (move f1-3f f1-2f)
  91: (move f1-2f f0-2f)
  92: (pickup f0-2f key0-1)
  93: (move f0-2f f1-2f)
  94: (move f1-2f f1-3f)
  95: (move f1-3f f1-4f)
  96: (move f1-4f f1-5f)
  97: (move f1-5f f2-5f)
  98: (pickup-and-loose f2-5f key3-1 key0-1)
  99: (move f2-5f f3-5f)
 100: (pickup-and-loose f3-5f key1-1 key3-1)
 101: (move f3-5f f2-5f)
 102: (move f2-5f f2-6f)
 103: (putdown f2-6f key1-1)
 104: (move f2-6f f2-5f)
 105: (move f2-5f f3-5f)
 106: (pickup f3-5f key3-1)
 107: (move f3-5f f4-5f)
 108: (putdown f4-5f key3-1)
 109: (move f4-5f f4-4f)
 110: (move f4-4f f5-4f)
 111: (pickup f5-4f key0-2)
 112: (move f5-4f f4-4f)
 113: (move f4-4f f3-4f)
 114: (move f3-4f f2-4f)
 115: (putdown f2-4f key0-2)
 116: (move f2-4f f2-5f)
 117: (move f2-5f f3-5f)
 118: (move f3-5f f4-5f)
 119: (move f4-5f f4-6f)
 120: (pickup f4-6f key2-0)
 121: (move f4-6f f4-5f)
 122: (move f4-5f f4-4f)
 123: (move f4-4f f3-4f)
 124: (move f3-4f f2-4f)
 125: (move f2-4f f2-3f)
 126: (putdown f2-3f key2-0)
 127: (move f2-3f f2-4f)
 128: (pickup f2-4f key0-2)
 129: (move f2-4f f1-4f)
 130: (move f1-4f f1-3f)
 131: (move f1-3f f1-2f)
 132: (move f1-2f f1-1f)
 133: (move f1-1f f1-0f)
 134: (pickup-and-loose f1-0f key3-2 key0-2)
 135: (unlock f1-0f f0-0f key3-2 shape3)
 136: (move f1-0f f2-0f)
 137: (putdown f2-0f key3-2)
 138: (move f2-0f f1-0f)
 139: (pickup f1-0f key0-2)
 140: (move f1-0f f2-0f)
 141: (pickup-and-loose f2-0f key3-2 key0-2)
 142: (move f2-0f f3-0f)
 143: (putdown f3-0f key3-2)
 144: (move f3-0f f2-0f)
 145: (pickup f2-0f key0-2)
 146: (move f2-0f f3-0f)
 147: (pickup-and-loose f3-0f key3-2 key0-2)
 148: (move f3-0f f4-0f)
 149: (putdown f4-0f key3-2)
 150: (move f4-0f f3-0f)
 151: (pickup f3-0f key0-2)
 152: (move f3-0f f4-0f)
 153: (unlock f4-0f f5-0f key0-2 shape0)
 154: (move f4-0f f5-0f)
 155: (unlock f5-0f f6-0f key0-2 shape0)
 156: (move f5-0f f4-0f)
 157: (pickup-and-loose f4-0f key3-2 key0-2)
 158: (move f4-0f f4-1f)
 159: (move f4-1f f4-2f)
 160: (pickup-and-loose f4-2f key1-2 key3-2)
 161: (move f4-2f f4-1f)
 162: (move f4-1f f4-0f)
 163: (move f4-0f f5-0f)
 164: (move f5-0f f6-0f)
 165: (putdown f6-0f key1-2)
