Torch: 2.12.0+cu130
Using GPU:  NVIDIA L40S
[Bellman] lambda=0 -> baseline (no widening signal)
[W1raw] OPTION7 w1raw_beta=0.5 signal=RAW edge-W1 (parent-best vs child-best, no reward/discount) vs SIBLINGS (boosts exploration toward larger-shift children; prior untouched)
[Value] SELF-CONSISTENT: leaf value = QR-DQN max_a mean Z(s,a) (SAC critics bypassed; prior still SAC policy)
/u/ibrahim.eisawy/Neural-Guided-Search/venv/lib/python3.10/site-packages/pymimir_rgnn/model.py:162: UserWarning: index_reduce() is in beta and the API may change at any time. (Triggered internally at /pytorch/aten/src/ATen/native/cuda/Indexing.cu:1541.)
  exps_max.index_reduce_(0, output_indices, output_messages, reduce="amax", include_self=False)
  [sim 191] found goal path of length 99
[Final] Expanded: 535, Generated: 535
[Cost] IQN forward calls (Bellman signal): 1035
[Widen] nodes widened: 0, mean w: 0.0000
[W1raw] child-edges modulated: 844, mean mult: 1.0000 (1.0 = no change; >1 = boosted toward larger shift)
[search done] simulations=191, unique states generated=535
Found a solution of length 99!
   1: (move f4-5f f4-4f)
   2: (move f4-4f f4-3f)
   3: (move f4-3f f4-2f)
   4: (pickup f4-2f key3-2)
   5: (unlock f4-2f f3-2f key3-2 shape3)
   6: (move f4-2f f5-2f)
   7: (move f5-2f f6-2f)
   8: (move f6-2f f7-2f)
   9: (move f7-2f f7-1f)
  10: (move f7-1f f7-0f)
  11: (move f7-0f f6-0f)
  12: (move f6-0f f6-1f)
  13: (putdown f6-1f key3-2)
  14: (move f6-1f f7-1f)
  15: (pickup f7-1f key0-1)
  16: (move f7-1f f7-0f)
  17: (move f7-0f f8-0f)
  18: (move f8-0f f9-0f)
  19: (move f9-0f f9-1f)
  20: (move f9-1f f8-1f)
  21: (move f8-1f f8-2f)
  22: (move f8-2f f7-2f)
  23: (move f7-2f f6-2f)
  24: (move f6-2f f6-1f)
  25: (unlock f6-1f f5-1f key0-1 shape0)
  26: (move f6-1f f7-1f)
  27: (move f7-1f f7-0f)
  28: (move f7-0f f8-0f)
  29: (move f8-0f f9-0f)
  30: (move f9-0f f9-1f)
  31: (move f9-1f f8-1f)
  32: (move f8-1f f8-2f)
  33: (move f8-2f f7-2f)
  34: (move f7-2f f6-2f)
  35: (move f6-2f f6-3f)
  36: (move f6-3f f6-4f)
  37: (move f6-4f f6-5f)
  38: (move f6-5f f6-6f)
  39: (move f6-6f f7-6f)
  40: (move f7-6f f7-7f)
  41: (move f7-7f f8-7f)
  42: (move f8-7f f8-8f)
  43: (pickup-and-loose f8-8f key0-0 key0-1)
  44: (move f8-8f f8-9f)
  45: (move f8-9f f7-9f)
  46: (move f7-9f f6-9f)
  47: (move f6-9f f5-9f)
  48: (unlock f5-9f f5-8f key0-0 shape0)
  49: (move f5-9f f4-9f)
  50: (move f4-9f f4-8f)
  51: (move f4-8f f3-8f)
  52: (move f3-8f f3-7f)
  53: (move f3-7f f3-6f)
  54: (move f3-6f f2-6f)
  55: (move f2-6f f1-6f)
  56: (move f1-6f f1-5f)
  57: (move f1-5f f1-4f)
  58: (move f1-4f f1-3f)
  59: (move f1-3f f1-2f)
  60: (move f1-2f f1-1f)
  61: (move f1-1f f0-1f)
  62: (move f0-1f f0-2f)
  63: (move f0-2f f0-3f)
  64: (move f0-3f f0-4f)
  65: (putdown f0-4f key0-0)
  66: (move f0-4f f0-3f)
  67: (move f0-3f f0-2f)
  68: (pickup f0-2f key1-3)
  69: (move f0-2f f0-3f)
  70: (move f0-3f f0-4f)
  71: (pickup-and-loose f0-4f key0-0 key1-3)
  72: (move f0-4f f0-3f)
  73: (move f0-3f f0-2f)
  74: (move f0-2f f0-1f)
  75: (move f0-1f f1-1f)
  76: (move f1-1f f1-2f)
  77: (move f1-2f f1-3f)
  78: (move f1-3f f1-4f)
  79: (move f1-4f f1-5f)
  80: (move f1-5f f2-5f)
  81: (move f2-5f f2-6f)
  82: (move f2-6f f1-6f)
  83: (move f1-6f f1-7f)
  84: (move f1-7f f2-7f)
  85: (move f2-7f f3-7f)
  86: (move f3-7f f3-6f)
  87: (move f3-6f f4-6f)
  88: (move f4-6f f4-7f)
  89: (move f4-7f f5-7f)
  90: (move f5-7f f5-6f)
  91: (move f5-6f f6-6f)
  92: (move f6-6f f6-5f)
  93: (move f6-5f f6-4f)
  94: (move f6-4f f6-3f)
  95: (move f6-3f f6-2f)
  96: (move f6-2f f7-2f)
  97: (move f7-2f f7-1f)
  98: (move f7-1f f7-0f)
  99: (pickup-and-loose f7-0f key2-4 key0-0)
