Torch: 2.12.0+cu130
Using GPU:  NVIDIA L40S
[Bellman] lambda=0 -> baseline (no widening signal)
[W1raw] OPTION7 w1raw_beta=0.5 signal=RAW edge-W1 (parent-best vs child-best, no reward/discount) vs SIBLINGS (boosts exploration toward larger-shift children; prior untouched)
[Value] SELF-CONSISTENT: leaf value = QR-DQN max_a mean Z(s,a) (SAC critics bypassed; prior still SAC policy)
/u/ibrahim.eisawy/Neural-Guided-Search/venv/lib/python3.10/site-packages/pymimir_rgnn/model.py:162: UserWarning: index_reduce() is in beta and the API may change at any time. (Triggered internally at /pytorch/aten/src/ATen/native/cuda/Indexing.cu:1541.)
  exps_max.index_reduce_(0, output_indices, output_messages, reduce="amax", include_self=False)
  [sim 119] found goal path of length 60
[Final] Expanded: 356, Generated: 356
[Cost] IQN forward calls (Bellman signal): 696
[Widen] nodes widened: 0, mean w: 0.0000
[W1raw] child-edges modulated: 577, mean mult: 1.0000 (1.0 = no change; >1 = boosted toward larger shift)
[search done] simulations=119, unique states generated=356
Found a solution of length 60!
   1: (move f6-6f f5-6f)
   2: (pickup f5-6f key0-3)
   3: (move f5-6f f5-5f)
   4: (move f5-5f f4-5f)
   5: (move f4-5f f4-4f)
   6: (move f4-4f f3-4f)
   7: (move f3-4f f2-4f)
   8: (move f2-4f f2-5f)
   9: (move f2-5f f3-5f)
  10: (move f3-5f f3-6f)
  11: (move f3-6f f4-6f)
  12: (putdown f4-6f key0-3)
  13: (move f4-6f f3-6f)
  14: (pickup f3-6f key0-1)
  15: (move f3-6f f3-5f)
  16: (move f3-5f f3-4f)
  17: (move f3-4f f2-4f)
  18: (move f2-4f f1-4f)
  19: (unlock f1-4f f1-3f key0-1 shape0)
  20: (move f1-4f f2-4f)
  21: (move f2-4f f3-4f)
  22: (move f3-4f f4-4f)
  23: (move f4-4f f4-5f)
  24: (move f4-5f f3-5f)
  25: (move f3-5f f3-6f)
  26: (move f3-6f f4-6f)
  27: (move f4-6f f5-6f)
  28: (move f5-6f f5-5f)
  29: (move f5-5f f6-5f)
  30: (unlock f6-5f f6-4f key0-1 shape0)
  31: (move f6-5f f6-4f)
  32: (move f6-4f f7-4f)
  33: (unlock f7-4f f7-3f key0-1 shape0)
  34: (move f7-4f f6-4f)
  35: (move f6-4f f6-5f)
  36: (move f6-5f f7-5f)
  37: (move f7-5f f7-6f)
  38: (move f7-6f f8-6f)
  39: (move f8-6f f9-6f)
  40: (move f9-6f f9-7f)
  41: (pickup-and-loose f9-7f key0-2 key0-1)
  42: (move f9-7f f9-6f)
  43: (move f9-6f f9-5f)
  44: (move f9-5f f9-4f)
  45: (move f9-4f f8-4f)
  46: (move f8-4f f8-5f)
  47: (move f8-5f f7-5f)
  48: (move f7-5f f7-4f)
  49: (move f7-4f f6-4f)
  50: (move f6-4f f6-5f)
  51: (move f6-5f f5-5f)
  52: (move f5-5f f4-5f)
  53: (move f4-5f f4-4f)
  54: (move f4-4f f3-4f)
  55: (move f3-4f f3-3f)
  56: (move f3-3f f3-2f)
  57: (move f3-2f f2-2f)
  58: (move f2-2f f1-2f)
  59: (move f1-2f f1-1f)
  60: (putdown f1-1f key0-2)
