Torch: 2.12.0+cu130
Using GPU:  NVIDIA L40S
[Bellman] lambda=0 -> baseline (no widening signal)
[Value] SELF-CONSISTENT: leaf value = QR-DQN max_a mean Z(s,a) (SAC critics bypassed; prior still SAC policy)
[Add] OPTION8 add_beta=0.1 src=binc cap=2.0 (ADDITIVE bonus, NOT gated by P(a); prior untouched) [SHUFFLE CONTROL: signal-blind placement]
Traceback (most recent call last):
  File "/u/ibrahim.eisawy/Neural-Guided-Search/alphaZero_bellman.py", line 1341, in <module>
    _main(_parse_arguments())
  File "/u/ibrahim.eisawy/Neural-Guided-Search/alphaZero_bellman.py", line 1331, in _main
    solution = _plan(problem, policy_model, q1_model, q2_model, args)
  File "/u/ibrahim.eisawy/Neural-Guided-Search/alphaZero_bellman.py", line 1094, in _plan
    plan, sims, generated = _search(
  File "/u/ibrahim.eisawy/Neural-Guided-Search/alphaZero_bellman.py", line 940, in _search
    goal_plan, generated = _simulate(
  File "/u/ibrahim.eisawy/Neural-Guided-Search/alphaZero_bellman.py", line 908, in _simulate
    value, generated = _expand(node, tt, policy_model, q1_model, q2_model, goal, dead_end_value)
  File "/u/ibrahim.eisawy/Neural-Guided-Search/alphaZero_bellman.py", line 749, in _expand
    logits, actions = policy_model.forward([(node.state, goal)])[0]
  File "/u/ibrahim.eisawy/Neural-Guided-Search/alphaZero_bellman.py", line 70, in forward
    values_list = self.model.forward(input_list).readout(self.readout_name)  # type: ignore
  File "/u/ibrahim.eisawy/Neural-Guided-Search/rgnn_readout_fix.py", line 64, in _patched_forward
    node_embeddings = self._mpnn_module.forward(input)
  File "/u/ibrahim.eisawy/Neural-Guided-Search/venv/lib/python3.10/site-packages/pymimir_rgnn/model.py", line 209, in forward
    relation_messages = self._relation_network(node_embeddings, input.flattened_relations)
  File "/u/ibrahim.eisawy/Neural-Guided-Search/venv/lib/python3.10/site-packages/torch/nn/modules/module.py", line 1778, in _wrapped_call_impl
    return self._call_impl(*args, **kwargs)
  File "/u/ibrahim.eisawy/Neural-Guided-Search/venv/lib/python3.10/site-packages/torch/nn/modules/module.py", line 1789, in _call_impl
    return forward_call(*args, **kwargs)
  File "/u/ibrahim.eisawy/Neural-Guided-Search/venv/lib/python3.10/site-packages/pymimir_rgnn/model.py", line 160, in forward
    output_messages, output_indices = self._compute_messages_and_indices(node_embeddings, relations)
  File "/u/ibrahim.eisawy/Neural-Guided-Search/venv/lib/python3.10/site-packages/pymimir_rgnn/model.py", line 110, in _compute_messages_and_indices
    input_embeddings = torch.index_select(node_embeddings, 0, relation_values).view(-1, relation_module.input_size)
torch.AcceleratorError: CUDA error: the remote procedural call between the MPS server and the MPS client failed
Search for `cudaErrorMpsRpcFailure' in https://docs.nvidia.com/cuda/cuda-runtime-api/group__CUDART__TYPES.html for more information.
CUDA kernel errors might be asynchronously reported at some other API call, so the stacktrace below might be incorrect.
For debugging consider passing CUDA_LAUNCH_BLOCKING=1
Compile with `TORCH_USE_CUDA_DSA` to enable device-side assertions.

