Torch: 2.12.0+cu130
Using CPU.
[Bellman] lambda=0 -> baseline (no widening signal)
[Value] SELF-CONSISTENT: leaf value = QR-DQN max_a mean Z(s,a) (SAC critics bypassed; prior still SAC policy)
[Add] OPTION8 add_beta=0.1 src=binc cap=2.0 (ADDITIVE bonus, NOT gated by P(a); prior untouched) [SHUFFLE CONTROL: signal-blind placement]
/u/ibrahim.eisawy/Neural-Guided-Search/venv/lib/python3.10/site-packages/pymimir_rgnn/model.py:162: UserWarning: index_reduce() is in beta and the API may change at any time. (Triggered internally at /pytorch/aten/src/ATen/native/TensorAdvancedIndexing.cpp:1514.)
  exps_max.index_reduce_(0, output_indices, output_messages, reduce="amax", include_self=False)
  [sim 154] found goal path of length 6
[Final] Expanded: 397, Generated: 397
[Cost] IQN forward calls (Bellman signal): 829
[Widen] nodes widened: 0, mean w: 0.0000
[Add] child-edges given an additive bonus: 10451, mean (rel-1): 0.3228
[search done] simulations=154, unique states generated=397
Found a solution of length 6!
   1: (move f1-4f f1-3f)
   2: (move f1-3f f1-2f)
   3: (move f1-2f f1-1f)
   4: (move f1-1f f1-0f)
   5: (move f1-0f f0-0f)
   6: (putdown f0-0f key1-3)
