Torch: 2.12.0+cu130
Using CPU.
[Bellman] lambda=0 -> baseline (no widening signal)
[Value] SELF-CONSISTENT: leaf value = QR-DQN max_a mean Z(s,a) (SAC critics bypassed; prior still SAC policy)
[Add] OPTION8 add_beta=0.1 src=binc cap=2.0 (ADDITIVE bonus, NOT gated by P(a); prior untouched) [SHUFFLE CONTROL: signal-blind placement]
/u/ibrahim.eisawy/Neural-Guided-Search/venv/lib/python3.10/site-packages/pymimir_rgnn/model.py:162: UserWarning: index_reduce() is in beta and the API may change at any time. (Triggered internally at /pytorch/aten/src/ATen/native/TensorAdvancedIndexing.cpp:1514.)
  exps_max.index_reduce_(0, output_indices, output_messages, reduce="amax", include_self=False)
  [sim 200] found goal path of length 35
[Final] Expanded: 346, Generated: 346
[Cost] IQN forward calls (Bellman signal): 661
[Widen] nodes widened: 0, mean w: 0.0000
[Add] child-edges given an additive bonus: 5762, mean (rel-1): 0.5230
[search done] simulations=200, unique states generated=346
Found a solution of length 35!
   1: (move f3-4f f2-4f)
   2: (unlock f2-4f f2-3f key0-3 shape0)
   3: (move f2-4f f2-5f)
   4: (putdown f2-5f key0-3)
   5: (move f2-5f f3-5f)
   6: (move f3-5f f3-6f)
   7: (move f3-6f f2-6f)
   8: (pickup f2-6f key3-1)
   9: (move f2-6f f1-6f)
  10: (putdown f1-6f key3-1)
  11: (move f1-6f f0-6f)
  12: (move f0-6f f0-5f)
  13: (move f0-5f f0-4f)
  14: (move f0-4f f1-4f)
  15: (move f1-4f f2-4f)
  16: (move f2-4f f2-5f)
  17: (pickup f2-5f key0-3)
  18: (move f2-5f f2-6f)
  19: (move f2-6f f1-6f)
  20: (move f1-6f f0-6f)
  21: (putdown f0-6f key0-3)
  22: (move f0-6f f1-6f)
  23: (pickup f1-6f key3-1)
  24: (move f1-6f f2-6f)
  25: (putdown f2-6f key3-1)
  26: (move f2-6f f1-6f)
  27: (move f1-6f f0-6f)
  28: (pickup f0-6f key0-3)
  29: (move f0-6f f0-5f)
  30: (move f0-5f f0-4f)
  31: (move f0-4f f0-3f)
  32: (move f0-3f f0-2f)
  33: (move f0-2f f0-1f)
  34: (move f0-1f f0-0f)
  35: (putdown f0-0f key0-3)
