Torch: 2.12.0+cu130
Using CPU.
[Bellman] lambda=0 -> baseline (no widening signal)
[Value] SELF-CONSISTENT: leaf value = QR-DQN max_a mean Z(s,a) (SAC critics bypassed; prior still SAC policy)
[Add] OPTION8 add_beta=0.1 src=binc cap=2.0 (ADDITIVE bonus, NOT gated by P(a); prior untouched) [SHUFFLE CONTROL: signal-blind placement]
/u/ibrahim.eisawy/Neural-Guided-Search/venv/lib/python3.10/site-packages/pymimir_rgnn/model.py:162: UserWarning: index_reduce() is in beta and the API may change at any time. (Triggered internally at /pytorch/aten/src/ATen/native/TensorAdvancedIndexing.cpp:1514.)
  exps_max.index_reduce_(0, output_indices, output_messages, reduce="amax", include_self=False)
  [sim 58] found goal path of length 33
[Final] Expanded: 181, Generated: 181
[Cost] IQN forward calls (Bellman signal): 331
[Widen] nodes widened: 0, mean w: 0.0000
[Add] child-edges given an additive bonus: 2244, mean (rel-1): 0.3891
[search done] simulations=58, unique states generated=181
Found a solution of length 33!
   1: (move f1-6f f2-6f)
   2: (putdown f2-6f key1-3)
   3: (move f2-6f f1-6f)
   4: (pickup f1-6f key1-1)
   5: (move f1-6f f2-6f)
   6: (move f2-6f f3-6f)
   7: (move f3-6f f4-6f)
   8: (putdown f4-6f key1-1)
   9: (move f4-6f f3-6f)
  10: (move f3-6f f2-6f)
  11: (pickup f2-6f key1-3)
  12: (move f2-6f f1-6f)
  13: (move f1-6f f0-6f)
  14: (move f0-6f f0-5f)
  15: (move f0-5f f1-5f)
  16: (move f1-5f f2-5f)
  17: (move f2-5f f2-4f)
  18: (move f2-4f f2-3f)
  19: (unlock f2-3f f2-2f key1-3 shape1)
  20: (move f2-3f f2-4f)
  21: (move f2-4f f2-5f)
  22: (move f2-5f f1-5f)
  23: (move f1-5f f1-6f)
  24: (move f1-6f f2-6f)
  25: (move f2-6f f3-6f)
  26: (move f3-6f f3-5f)
  27: (move f3-5f f3-4f)
  28: (move f3-4f f4-4f)
  29: (move f4-4f f4-3f)
  30: (move f4-3f f4-2f)
  31: (move f4-2f f5-2f)
  32: (move f5-2f f6-2f)
  33: (putdown f6-2f key1-3)
