Torch: 2.12.0+cu130
Using GPU:  NVIDIA L40S
[Bellman] signal=bellman lambda=8.0 k=4 err_scale=3.0 w_max=0.95
/u/ibrahim.eisawy/Neural-Guided-Search/venv/lib/python3.10/site-packages/pymimir_rgnn/model.py:162: UserWarning: index_reduce() is in beta and the API may change at any time. (Triggered internally at /pytorch/aten/src/ATen/native/cuda/Indexing.cu:1541.)
  exps_max.index_reduce_(0, output_indices, output_messages, reduce="amax", include_self=False)
  [sim 500] root visits=500, unique states=1251, generated=1250, iqn_calls=2051
  [sim 1000] root visits=1000, unique states=2442, generated=2441, iqn_calls=3969
  [sim 1500] root visits=1500, unique states=3548, generated=3547, iqn_calls=5805
  [sim 2000] root visits=2000, unique states=4560, generated=4559, iqn_calls=7595
  [sim 2500] root visits=2500, unique states=5583, generated=5582, iqn_calls=9356
  [sim 3000] root visits=3000, unique states=6584, generated=6583, iqn_calls=11016
  [sim 3500] root visits=3500, unique states=7586, generated=7585, iqn_calls=12701
  [sim 4000] root visits=4000, unique states=8675, generated=8674, iqn_calls=14503
  [sim 4500] root visits=4500, unique states=9670, generated=9669, iqn_calls=16249
  [sim 5000] root visits=5000, unique states=10665, generated=10664, iqn_calls=17926
  [sim 5500] root visits=5500, unique states=11688, generated=11687, iqn_calls=19624
  [sim 6000] root visits=6000, unique states=12704, generated=12703, iqn_calls=21318
  [sim 6500] root visits=6500, unique states=13736, generated=13735, iqn_calls=22969
  [sim 7000] root visits=7000, unique states=14784, generated=14783, iqn_calls=24617
  [sim 7500] root visits=7500, unique states=15756, generated=15755, iqn_calls=26216
  [sim 8000] root visits=8000, unique states=16748, generated=16747, iqn_calls=27822
  [sim 8500] root visits=8500, unique states=17751, generated=17750, iqn_calls=29512
  [sim 9000] root visits=9000, unique states=18712, generated=18711, iqn_calls=31129
  [sim 9500] root visits=9500, unique states=19664, generated=19663, iqn_calls=32776
  [sim 10000] root visits=10000, unique states=20649, generated=20648, iqn_calls=34461
  [sim 10500] root visits=10500, unique states=21533, generated=21532, iqn_calls=35873
  [sim 11000] root visits=11000, unique states=22482, generated=22481, iqn_calls=37455
  [sim 11500] root visits=11500, unique states=23398, generated=23397, iqn_calls=38953
  [sim 12000] root visits=12000, unique states=24336, generated=24335, iqn_calls=40542
  [sim 12500] root visits=12500, unique states=25302, generated=25301, iqn_calls=42128
[Final] Expanded: 25754, Generated: 25754
[Cost] IQN forward calls (Bellman signal): 42891
[Widen] nodes widened: 9773, mean w: 0.9458
[search done] simulations=12733, unique states generated=25754
Failed to find a solution!
