Torch: 2.12.0+cu130
Using GPU:  NVIDIA L40S
[Bellman] lambda=0 -> baseline (no widening signal)
[Binc] OPTION6 binc_beta=12.0 signal=BELLMAN INCONSISTENCY (1-step min-W1 parent-vs-child) vs SIBLINGS (boosts exploration toward inconsistent children; prior untouched) [SHUFFLE CONTROL: signal-blind placement]
[Value] SELF-CONSISTENT: leaf value = QR-DQN max_a mean Z(s,a) (SAC critics bypassed; prior still SAC policy)
/u/ibrahim.eisawy/Neural-Guided-Search/venv/lib/python3.10/site-packages/pymimir_rgnn/model.py:162: UserWarning: index_reduce() is in beta and the API may change at any time. (Triggered internally at /pytorch/aten/src/ATen/native/cuda/Indexing.cu:1541.)
  exps_max.index_reduce_(0, output_indices, output_messages, reduce="amax", include_self=False)
  [sim 249] found goal path of length 69
[Final] Expanded: 692, Generated: 692
[Cost] IQN forward calls (Bellman signal): 1399
[Widen] nodes widened: 0, mean w: 0.0000
[Binc] child-edges modulated: 1151, mean mult: 2.2361 (1.0 = no change; >1 = boosted toward inconsistent)
[search done] simulations=249, unique states generated=692
Found a solution of length 69!
   1: (unlock f0-1f f0-2f key1-2 shape1)
   2: (move f0-1f f0-2f)
   3: (move f0-2f f1-2f)
   4: (move f1-2f f2-2f)
   5: (move f2-2f f2-1f)
   6: (move f2-1f f3-1f)
   7: (move f3-1f f4-1f)
   8: (move f4-1f f4-2f)
   9: (move f4-2f f5-2f)
  10: (move f5-2f f6-2f)
  11: (move f6-2f f6-1f)
  12: (move f6-1f f5-1f)
  13: (move f5-1f f5-0f)
  14: (move f5-0f f6-0f)
  15: (move f6-0f f7-0f)
  16: (move f7-0f f8-0f)
  17: (move f8-0f f8-1f)
  18: (move f8-1f f8-2f)
  19: (move f8-2f f7-2f)
  20: (move f7-2f f7-1f)
  21: (putdown f7-1f key1-2)
  22: (move f7-1f f7-0f)
  23: (move f7-0f f8-0f)
  24: (pickup f8-0f key0-3)
  25: (move f8-0f f7-0f)
  26: (move f7-0f f7-1f)
  27: (pickup-and-loose f7-1f key1-2 key0-3)
  28: (move f7-1f f7-0f)
  29: (move f7-0f f6-0f)
  30: (move f6-0f f5-0f)
  31: (move f5-0f f5-1f)
  32: (move f5-1f f5-2f)
  33: (move f5-2f f4-2f)
  34: (move f4-2f f4-1f)
  35: (move f4-1f f3-1f)
  36: (move f3-1f f2-1f)
  37: (move f2-1f f2-2f)
  38: (move f2-2f f1-2f)
  39: (move f1-2f f1-3f)
  40: (move f1-3f f1-4f)
  41: (move f1-4f f1-5f)
  42: (move f1-5f f2-5f)
  43: (move f2-5f f3-5f)
  44: (move f3-5f f4-5f)
  45: (move f4-5f f4-6f)
  46: (move f4-6f f3-6f)
  47: (move f3-6f f2-6f)
  48: (move f2-6f f1-6f)
  49: (move f1-6f f0-6f)
  50: (move f0-6f f0-5f)
  51: (move f0-5f f0-4f)
  52: (putdown f0-4f key1-2)
  53: (move f0-4f f1-4f)
  54: (pickup f1-4f key1-1)
  55: (move f1-4f f0-4f)
  56: (pickup-and-loose f0-4f key1-2 key1-1)
  57: (move f0-4f f1-4f)
  58: (move f1-4f f2-4f)
  59: (move f2-4f f2-5f)
  60: (move f2-5f f3-5f)
  61: (move f3-5f f4-5f)
  62: (move f4-5f f4-6f)
  63: (move f4-6f f5-6f)
  64: (move f5-6f f5-7f)
  65: (move f5-7f f6-7f)
  66: (move f6-7f f7-7f)
  67: (move f7-7f f7-8f)
  68: (move f7-8f f8-8f)
  69: (putdown f8-8f key1-2)
