Torch: 2.12.0+cu130
Using GPU:  NVIDIA L40S
[Bellman] lambda=0 -> baseline (no widening signal)
[Binc] OPTION6 binc_beta=2.0 signal=BELLMAN INCONSISTENCY (1-step min-W1 parent-vs-child) vs SIBLINGS (boosts exploration toward inconsistent children; prior untouched) [SHUFFLE CONTROL: signal-blind placement]
/u/ibrahim.eisawy/Neural-Guided-Search/venv/lib/python3.10/site-packages/pymimir_rgnn/model.py:162: UserWarning: index_reduce() is in beta and the API may change at any time. (Triggered internally at /pytorch/aten/src/ATen/native/cuda/Indexing.cu:1541.)
  exps_max.index_reduce_(0, output_indices, output_messages, reduce="amax", include_self=False)
  [sim 500] root visits=500, unique states=100, generated=99, iqn_calls=243
  [sim 1000] root visits=1000, unique states=100, generated=99, iqn_calls=243
  [sim 1500] root visits=1500, unique states=101, generated=100, iqn_calls=248
  [sim 1925] found goal path of length 16
[Final] Expanded: 128, Generated: 128
[Cost] IQN forward calls (Bellman signal): 299
[Widen] nodes widened: 0, mean w: 0.0000
[Binc] child-edges modulated: 240, mean mult: 1.1434 (1.0 = no change; >1 = boosted toward inconsistent)
[search done] simulations=1925, unique states generated=128
Found a solution of length 16!
   1: (pickup f0-1f key0-2)
   2: (move f0-1f f1-1f)
   3: (move f1-1f f1-2f)
   4: (move f1-2f f1-3f)
   5: (move f1-3f f2-3f)
   6: (move f2-3f f2-4f)
   7: (move f2-4f f3-4f)
   8: (move f3-4f f4-4f)
   9: (move f4-4f f4-5f)
  10: (move f4-5f f5-5f)
  11: (move f5-5f f6-5f)
  12: (move f6-5f f6-6f)
  13: (move f6-6f f7-6f)
  14: (move f7-6f f7-7f)
  15: (move f7-7f f8-7f)
  16: (putdown f8-7f key0-2)
