Torch: 2.12.0+cu130
Using GPU:  NVIDIA L40S
[Bellman] lambda=0 -> baseline (no widening signal)
[Binc] OPTION6 binc_beta=2.0 signal=BELLMAN INCONSISTENCY (1-step min-W1 parent-vs-child) vs SIBLINGS (boosts exploration toward inconsistent children; prior untouched) [SHUFFLE CONTROL: signal-blind placement]
/u/ibrahim.eisawy/Neural-Guided-Search/venv/lib/python3.10/site-packages/pymimir_rgnn/model.py:162: UserWarning: index_reduce() is in beta and the API may change at any time. (Triggered internally at /pytorch/aten/src/ATen/native/cuda/Indexing.cu:1541.)
  exps_max.index_reduce_(0, output_indices, output_messages, reduce="amax", include_self=False)
  [sim 48] found goal path of length 45
[Final] Expanded: 149, Generated: 149
[Cost] IQN forward calls (Bellman signal): 265
[Widen] nodes widened: 0, mean w: 0.0000
[Binc] child-edges modulated: 218, mean mult: 1.1341 (1.0 = no change; >1 = boosted toward inconsistent)
[search done] simulations=48, unique states generated=149
Found a solution of length 45!
   1: (move f9-6f f9-7f)
   2: (pickup f9-7f key0-2)
   3: (move f9-7f f8-7f)
   4: (move f8-7f f8-6f)
   5: (move f8-6f f8-5f)
   6: (move f8-5f f8-4f)
   7: (move f8-4f f9-4f)
   8: (move f9-4f f9-5f)
   9: (move f9-5f f9-6f)
  10: (putdown f9-6f key0-2)
  11: (move f9-6f f9-5f)
  12: (move f9-5f f9-4f)
  13: (pickup f9-4f key1-4)
  14: (move f9-4f f9-5f)
  15: (move f9-5f f9-6f)
  16: (pickup-and-loose f9-6f key0-2 key1-4)
  17: (move f9-6f f9-7f)
  18: (move f9-7f f8-7f)
  19: (move f8-7f f8-8f)
  20: (move f8-8f f7-8f)
  21: (move f7-8f f7-9f)
  22: (move f7-9f f6-9f)
  23: (move f6-9f f6-8f)
  24: (move f6-8f f6-7f)
  25: (move f6-7f f7-7f)
  26: (move f7-7f f7-6f)
  27: (move f7-6f f7-5f)
  28: (move f7-5f f6-5f)
  29: (unlock f6-5f f6-4f key0-2 shape0)
  30: (move f6-5f f6-4f)
  31: (move f6-4f f6-3f)
  32: (unlock f6-3f f7-3f key0-2 shape0)
  33: (move f6-3f f6-4f)
  34: (move f6-4f f6-5f)
  35: (move f6-5f f5-5f)
  36: (move f5-5f f4-5f)
  37: (move f4-5f f4-4f)
  38: (move f4-4f f3-4f)
  39: (move f3-4f f2-4f)
  40: (move f2-4f f2-3f)
  41: (unlock f2-3f f1-3f key0-2 shape0)
  42: (move f2-3f f1-3f)
  43: (move f1-3f f1-2f)
  44: (move f1-2f f1-1f)
  45: (putdown f1-1f key0-2)
