Torch: 2.12.0+cu130
Using GPU:  NVIDIA L40S
[Bellman] lambda=0 -> baseline (no widening signal)
[Binc] OPTION6 binc_beta=12.0 signal=BELLMAN INCONSISTENCY (1-step min-W1 parent-vs-child) vs SIBLINGS (boosts exploration toward inconsistent children; prior untouched) [SHUFFLE CONTROL: signal-blind placement]
[Value] SELF-CONSISTENT: leaf value = QR-DQN max_a mean Z(s,a) (SAC critics bypassed; prior still SAC policy)
/u/ibrahim.eisawy/Neural-Guided-Search/venv/lib/python3.10/site-packages/pymimir_rgnn/model.py:162: UserWarning: index_reduce() is in beta and the API may change at any time. (Triggered internally at /pytorch/aten/src/ATen/native/cuda/Indexing.cu:1541.)
  exps_max.index_reduce_(0, output_indices, output_messages, reduce="amax", include_self=False)
  [sim 500] root visits=500, unique states=55, generated=54, iqn_calls=119
  [sim 1000] root visits=1000, unique states=55, generated=54, iqn_calls=119
  [sim 1500] root visits=1500, unique states=55, generated=54, iqn_calls=119
  [sim 2000] root visits=2000, unique states=57, generated=56, iqn_calls=125
  [sim 2500] root visits=2500, unique states=57, generated=56, iqn_calls=125
  [sim 3000] root visits=3000, unique states=128, generated=127, iqn_calls=279
  [sim 3500] root visits=3500, unique states=1267, generated=1266, iqn_calls=3406
  [sim 4000] root visits=4000, unique states=1421, generated=1420, iqn_calls=3860
  [sim 4500] root visits=4500, unique states=1567, generated=1566, iqn_calls=4314
  [sim 5000] root visits=5000, unique states=1720, generated=1719, iqn_calls=4746
  [sim 5500] root visits=5500, unique states=1863, generated=1862, iqn_calls=5163
  [sim 6000] root visits=6000, unique states=1980, generated=1979, iqn_calls=5526
  [sim 6500] root visits=6500, unique states=2099, generated=2098, iqn_calls=5875
  [sim 7000] root visits=7000, unique states=2194, generated=2193, iqn_calls=6160
  [sim 7500] root visits=7500, unique states=2295, generated=2294, iqn_calls=6460
  [sim 8000] root visits=8000, unique states=2381, generated=2380, iqn_calls=6702
  [sim 8500] root visits=8500, unique states=2453, generated=2452, iqn_calls=6924
  [sim 9000] root visits=9000, unique states=2511, generated=2510, iqn_calls=7136
[Final] Expanded: 2513, Generated: 2513
[Cost] IQN forward calls (Bellman signal): 7143
[Widen] nodes widened: 0, mean w: 0.0000
[Binc] child-edges modulated: 6290, mean mult: 3.2740 (1.0 = no change; >1 = boosted toward inconsistent)
[search done] simulations=9018, unique states generated=2513
Failed to find a solution!
