/u/ibrahim.eisawy/Neural-Guided-Search/venv/lib/python3.10/site-packages/pymimir_rgnn/model.py:162: UserWarning: index_reduce() is in beta and the API may change at any time. (Triggered internally at /pytorch/aten/src/ATen/native/cuda/Indexing.cu:1541.)
  exps_max.index_reduce_(0, output_indices, output_messages, reduce="amax", include_self=False)
Torch: 2.12.0+cu130
Loading model... (models/satellite_dqn.pth)
Using GPU:  NVIDIA L40S
heuristic_weight = 4.0
Starting Q* search...
[f=113.399] Expanded: 8, Generated: 7
[f=113.399] Expanded: 10, Generated: 9
[f=106.420] Expanded: 12, Generated: 11
[f=106.575] Expanded: 14, Generated: 13
[f=105.893] Expanded: 16, Generated: 15
[f=106.046] Expanded: 18, Generated: 17
[f=106.426] Expanded: 20, Generated: 19
[f=106.582] Expanded: 22, Generated: 21
[f=110.845] Expanded: 22, Generated: 22
[f=110.858] Expanded: 22, Generated: 23
[f=105.404] Expanded: 24, Generated: 25
[f=105.541] Expanded: 26, Generated: 27
[f=102.759] Expanded: 28, Generated: 29
[f=102.869] Expanded: 29, Generated: 30
[f=102.907] Expanded: 31, Generated: 32
[f=103.017] Expanded: 32, Generated: 33
[f=107.937] Expanded: 32, Generated: 34
[f=107.991] Expanded: 32, Generated: 35
[f=108.065] Expanded: 32, Generated: 36
[f=108.108] Expanded: 32, Generated: 37
[f=101.331] Expanded: 34, Generated: 39
[f=101.578] Expanded: 36, Generated: 41
[f=106.425] Expanded: 37, Generated: 42
[f=106.656] Expanded: 38, Generated: 43
[f=106.668] Expanded: 39, Generated: 44
[f=106.902] Expanded: 40, Generated: 45
[f=101.135] Expanded: 42, Generated: 47
[f=101.382] Expanded: 44, Generated: 49
[f=106.465] Expanded: 45, Generated: 50
[f=106.595] Expanded: 46, Generated: 51
[f=106.703] Expanded: 47, Generated: 52
[f=106.812] Expanded: 48, Generated: 53
[f=106.910] Expanded: 49, Generated: 54
[f=102.138] Expanded: 51, Generated: 56
[f=102.377] Expanded: 53, Generated: 58
[f=106.937] Expanded: 54, Generated: 59
[f=106.938] Expanded: 55, Generated: 60
[f=106.944] Expanded: 56, Generated: 61
[f=106.947] Expanded: 57, Generated: 62
[f=106.950] Expanded: 58, Generated: 63
[f=106.957] Expanded: 59, Generated: 64
[f=106.962] Expanded: 60, Generated: 65
[f=106.970] Expanded: 61, Generated: 66
[f=106.981] Expanded: 62, Generated: 67
[f=106.983] Expanded: 63, Generated: 68
[f=102.732] Expanded: 65, Generated: 70
[f=102.978] Expanded: 67, Generated: 72
[f=101.785] Expanded: 69, Generated: 74
[f=101.953] Expanded: 70, Generated: 75
[f=102.048] Expanded: 72, Generated: 77
[f=102.218] Expanded: 73, Generated: 78
[f=106.995] Expanded: 74, Generated: 79
[f=107.016] Expanded: 75, Generated: 80
[f=103.209] Expanded: 77, Generated: 82
[f=103.944] Expanded: 79, Generated: 84
[f=103.132] Expanded: 81, Generated: 86
[f=107.050] Expanded: 82, Generated: 87
[f=103.927] Expanded: 84, Generated: 89
[f=103.859] Expanded: 86, Generated: 91
[f=104.254] Expanded: 88, Generated: 93
[f=104.495] Expanded: 89, Generated: 94
[f=107.096] Expanded: 90, Generated: 95
[f=102.671] Expanded: 92, Generated: 97
[f=102.941] Expanded: 94, Generated: 99
[f=107.106] Expanded: 95, Generated: 100
[f=103.381] Expanded: 97, Generated: 102
[f=107.114] Expanded: 98, Generated: 103
[f=107.117] Expanded: 99, Generated: 104
[f=107.121] Expanded: 99, Generated: 105
[f=104.773] Expanded: 101, Generated: 107
[f=104.952] Expanded: 102, Generated: 108
[f=107.124] Expanded: 103, Generated: 109
[f=103.843] Expanded: 105, Generated: 111
[f=103.711] Expanded: 107, Generated: 113
[f=107.138] Expanded: 108, Generated: 114
[f=107.144] Expanded: 109, Generated: 115
[f=107.150] Expanded: 110, Generated: 116
[f=107.155] Expanded: 110, Generated: 117
[f=107.155] Expanded: 111, Generated: 118
[f=107.163] Expanded: 112, Generated: 119
[f=103.778] Expanded: 114, Generated: 121
[f=107.173] Expanded: 115, Generated: 122
[f=107.173] Expanded: 116, Generated: 123
[f=107.175] Expanded: 117, Generated: 124
[f=107.182] Expanded: 117, Generated: 125
[f=107.187] Expanded: 118, Generated: 126
[f=103.454] Expanded: 120, Generated: 128
[f=107.190] Expanded: 120, Generated: 129
[f=102.276] Expanded: 122, Generated: 131
[f=102.527] Expanded: 124, Generated: 133
[f=107.200] Expanded: 125, Generated: 134
[f=107.201] Expanded: 126, Generated: 135
[f=107.207] Expanded: 127, Generated: 136
[f=107.209] Expanded: 128, Generated: 137
[f=107.212] Expanded: 129, Generated: 138
[f=107.215] Expanded: 130, Generated: 139
[f=107.221] Expanded: 131, Generated: 140
[f=102.809] Expanded: 133, Generated: 142
[f=103.290] Expanded: 134, Generated: 143
[f=107.225] Expanded: 134, Generated: 144
[f=107.228] Expanded: 135, Generated: 145
[f=102.340] Expanded: 137, Generated: 147
[f=102.576] Expanded: 139, Generated: 149
[f=100.367] Expanded: 141, Generated: 151
[f=100.146] Expanded: 143, Generated: 153
[f=105.451] Expanded: 144, Generated: 154
[f=105.691] Expanded: 145, Generated: 155
[f=105.913] Expanded: 146, Generated: 156
[f=105.926] Expanded: 147, Generated: 157
[f=105.928] Expanded: 148, Generated: 158
[f=101.451] Expanded: 150, Generated: 160
[f=105.937] Expanded: 151, Generated: 161
[f=105.944] Expanded: 152, Generated: 162
[f=105.948] Expanded: 153, Generated: 163
[f=105.954] Expanded: 154, Generated: 164
[f=105.960] Expanded: 155, Generated: 165
[f=105.966] Expanded: 156, Generated: 166
[f=101.820] Expanded: 158, Generated: 168
[f=105.974] Expanded: 159, Generated: 169
[f=101.465] Expanded: 161, Generated: 171
[f=101.941] Expanded: 162, Generated: 172
[f=101.146] Expanded: 164, Generated: 174
[f=105.985] Expanded: 165, Generated: 175
[f=105.988] Expanded: 166, Generated: 176
[f=105.999] Expanded: 167, Generated: 177
[f=106.020] Expanded: 168, Generated: 178
[f=103.232] Expanded: 170, Generated: 180
[f=106.024] Expanded: 171, Generated: 181
[f=106.056] Expanded: 172, Generated: 182
[f=103.171] Expanded: 174, Generated: 184
[f=102.406] Expanded: 176, Generated: 186
[f=102.646] Expanded: 177, Generated: 187
[f=106.104] Expanded: 178, Generated: 188
[f=106.184] Expanded: 179, Generated: 189
[f=101.649] Expanded: 181, Generated: 191
[f=105.465] Expanded: 181, Generated: 192
[f=106.212] Expanded: 182, Generated: 193
[f=106.213] Expanded: 183, Generated: 194
[f=104.873] Expanded: 185, Generated: 196
[f=106.217] Expanded: 186, Generated: 197
[f=106.221] Expanded: 187, Generated: 198
[f=106.224] Expanded: 188, Generated: 199
[f=106.226] Expanded: 189, Generated: 200
[f=101.696] Expanded: 191, Generated: 202
[f=102.172] Expanded: 192, Generated: 203
[f=106.003] Expanded: 192, Generated: 204
[f=106.233] Expanded: 193, Generated: 205
[f=106.240] Expanded: 194, Generated: 206
[f=101.371] Expanded: 196, Generated: 208
[f=105.186] Expanded: 196, Generated: 209
[f=106.248] Expanded: 197, Generated: 210
[f=106.260] Expanded: 198, Generated: 211
[f=106.262] Expanded: 199, Generated: 212
[f=102.040] Expanded: 201, Generated: 214
[f=105.850] Expanded: 201, Generated: 215
[f=106.275] Expanded: 202, Generated: 216
[f=103.455] Expanded: 204, Generated: 218
[f=106.296] Expanded: 205, Generated: 219
[f=103.369] Expanded: 207, Generated: 221
[f=102.626] Expanded: 209, Generated: 223
[f=102.866] Expanded: 210, Generated: 224
[f=106.334] Expanded: 211, Generated: 225
[f=106.385] Expanded: 212, Generated: 226
[f=106.407] Expanded: 213, Generated: 227
[f=106.451] Expanded: 213, Generated: 228
[f=106.466] Expanded: 214, Generated: 229
[f=106.480] Expanded: 215, Generated: 230
[f=104.686] Expanded: 217, Generated: 232
[f=106.566] Expanded: 218, Generated: 233
[f=106.629] Expanded: 219, Generated: 234
[f=106.690] Expanded: 219, Generated: 235
[f=106.704] Expanded: 220, Generated: 236
[f=102.167] Expanded: 222, Generated: 238
[f=106.715] Expanded: 222, Generated: 239
[f=106.732] Expanded: 223, Generated: 240
[f=106.769] Expanded: 224, Generated: 241
[f=106.775] Expanded: 224, Generated: 242
[f=101.181] Expanded: 226, Generated: 244
[f=106.485] Expanded: 227, Generated: 245
[f=102.655] Expanded: 229, Generated: 247
[f=103.146] Expanded: 230, Generated: 248
[f=103.264] Expanded: 232, Generated: 250
[f=106.877] Expanded: 233, Generated: 251
[f=106.884] Expanded: 234, Generated: 252
[f=106.896] Expanded: 235, Generated: 253
[f=106.898] Expanded: 236, Generated: 254
[f=103.203] Expanded: 238, Generated: 256
[f=102.444] Expanded: 240, Generated: 258
[f=106.908] Expanded: 241, Generated: 259
[f=106.914] Expanded: 242, Generated: 260
[f=106.918] Expanded: 243, Generated: 261
[f=106.923] Expanded: 244, Generated: 262
[f=106.923] Expanded: 245, Generated: 263
[f=106.930] Expanded: 246, Generated: 264
[f=106.932] Expanded: 247, Generated: 265
[f=106.936] Expanded: 248, Generated: 266
[f=102.807] Expanded: 250, Generated: 268
[f=106.944] Expanded: 251, Generated: 269
[f=106.944] Expanded: 252, Generated: 270
[f=106.946] Expanded: 253, Generated: 271
[f=102.495] Expanded: 255, Generated: 273
[f=106.954] Expanded: 256, Generated: 274
[f=106.956] Expanded: 257, Generated: 275
[f=106.956] Expanded: 258, Generated: 276
[f=106.962] Expanded: 259, Generated: 277
[f=106.966] Expanded: 260, Generated: 278
[f=106.968] Expanded: 261, Generated: 279
[f=106.972] Expanded: 262, Generated: 280
[f=106.978] Expanded: 263, Generated: 281
[f=106.984] Expanded: 264, Generated: 282
[f=106.988] Expanded: 265, Generated: 283
[f=100.927] Expanded: 267, Generated: 285
[f=106.223] Expanded: 268, Generated: 286
[f=106.694] Expanded: 269, Generated: 287
[f=106.696] Expanded: 270, Generated: 288
[f=102.236] Expanded: 272, Generated: 290
[f=106.705] Expanded: 273, Generated: 291
[f=106.712] Expanded: 274, Generated: 292
[f=106.716] Expanded: 275, Generated: 293
[f=106.721] Expanded: 276, Generated: 294
[f=106.728] Expanded: 277, Generated: 295
[f=106.735] Expanded: 278, Generated: 296
[f=102.568] Expanded: 280, Generated: 298
[f=106.741] Expanded: 281, Generated: 299
[f=102.306] Expanded: 283, Generated: 301
[f=102.782] Expanded: 284, Generated: 302
[f=106.752] Expanded: 285, Generated: 303
[f=101.928] Expanded: 287, Generated: 305
[f=106.754] Expanded: 288, Generated: 306
[f=106.765] Expanded: 289, Generated: 307
[f=106.786] Expanded: 290, Generated: 308
[f=103.943] Expanded: 292, Generated: 310
[f=106.798] Expanded: 293, Generated: 311
[f=106.822] Expanded: 294, Generated: 312
[f=103.994] Expanded: 296, Generated: 314
[f=106.867] Expanded: 297, Generated: 315
[f=106.870] Expanded: 298, Generated: 316
[f=105.668] Expanded: 300, Generated: 318
[f=106.986] Expanded: 301, Generated: 319
[f=102.852] Expanded: 303, Generated: 321
[f=106.992] Expanded: 304, Generated: 322
[f=106.996] Expanded: 304, Generated: 323
[f=100.998] Expanded: 306, Generated: 325
[f=106.297] Expanded: 307, Generated: 326
[f=106.756] Expanded: 308, Generated: 327
[f=106.770] Expanded: 309, Generated: 328
[f=102.177] Expanded: 311, Generated: 330
[f=106.779] Expanded: 312, Generated: 331
[f=106.786] Expanded: 313, Generated: 332
[f=106.791] Expanded: 314, Generated: 333
[f=106.796] Expanded: 315, Generated: 334
[f=106.803] Expanded: 316, Generated: 335
[f=106.809] Expanded: 317, Generated: 336
[f=102.650] Expanded: 319, Generated: 338
[f=106.816] Expanded: 320, Generated: 339
[f=102.340] Expanded: 322, Generated: 341
[f=102.816] Expanded: 323, Generated: 342
[f=101.990] Expanded: 325, Generated: 344
[f=106.827] Expanded: 326, Generated: 345
[f=106.829] Expanded: 327, Generated: 346
[f=106.841] Expanded: 328, Generated: 347
[f=106.862] Expanded: 329, Generated: 348
[f=104.069] Expanded: 331, Generated: 350
[f=106.872] Expanded: 332, Generated: 351
[f=106.897] Expanded: 333, Generated: 352
[f=104.038] Expanded: 335, Generated: 354
[f=106.941] Expanded: 336, Generated: 355
[f=106.945] Expanded: 337, Generated: 356
[f=102.634] Expanded: 339, Generated: 358
[f=102.695] Expanded: 340, Generated: 359
[f=107.003] Expanded: 341, Generated: 360
[f=107.004] Expanded: 342, Generated: 361
[f=100.933] Expanded: 344, Generated: 363
[f=106.232] Expanded: 345, Generated: 364
[f=106.690] Expanded: 346, Generated: 365
[f=106.702] Expanded: 347, Generated: 366
[f=102.149] Expanded: 349, Generated: 368
[f=106.714] Expanded: 350, Generated: 369
[f=106.720] Expanded: 351, Generated: 370
[f=106.724] Expanded: 352, Generated: 371
[f=106.730] Expanded: 353, Generated: 372
[f=106.737] Expanded: 354, Generated: 373
[f=106.743] Expanded: 355, Generated: 374
[f=102.549] Expanded: 357, Generated: 376
[f=106.750] Expanded: 358, Generated: 377
[f=102.248] Expanded: 360, Generated: 379
[f=102.726] Expanded: 361, Generated: 380
[f=101.925] Expanded: 363, Generated: 382
[f=106.761] Expanded: 364, Generated: 383
[f=106.764] Expanded: 365, Generated: 384
[f=106.775] Expanded: 366, Generated: 385
[f=106.796] Expanded: 367, Generated: 386
[f=104.011] Expanded: 369, Generated: 388
[f=106.805] Expanded: 370, Generated: 389
[f=106.831] Expanded: 371, Generated: 390
[f=103.919] Expanded: 373, Generated: 392
[f=106.875] Expanded: 374, Generated: 393
[f=106.879] Expanded: 375, Generated: 394
[f=105.650] Expanded: 377, Generated: 396
[f=107.002] Expanded: 377, Generated: 397
[f=107.005] Expanded: 378, Generated: 398
[f=107.010] Expanded: 378, Generated: 399
[f=98.785] Expanded: 380, Generated: 401
[f=98.815] Expanded: 381, Generated: 402
[f=103.879] Expanded: 383, Generated: 404
[f=104.131] Expanded: 383, Generated: 405
[f=101.780] Expanded: 385, Generated: 407
[f=101.768] Expanded: 387, Generated: 409
[f=100.427] Expanded: 389, Generated: 411
[f=100.457] Expanded: 390, Generated: 412
[f=101.827] Expanded: 392, Generated: 414
[f=101.830] Expanded: 394, Generated: 416
[f=101.795] Expanded: 396, Generated: 418
[f=100.058] Expanded: 398, Generated: 420
[f=100.006] Expanded: 400, Generated: 422
[f=100.496] Expanded: 402, Generated: 424
[f=100.527] Expanded: 403, Generated: 425
[f=101.839] Expanded: 405, Generated: 427
[f=100.145] Expanded: 407, Generated: 429
[f=101.851] Expanded: 409, Generated: 431
[f=100.161] Expanded: 411, Generated: 433
[f=101.816] Expanded: 413, Generated: 435
[f=101.823] Expanded: 415, Generated: 437
[f=100.279] Expanded: 417, Generated: 439
[f=100.309] Expanded: 418, Generated: 440
[f=100.063] Expanded: 420, Generated: 442
[f=101.928] Expanded: 422, Generated: 444
[f=100.143] Expanded: 424, Generated: 446
[f=101.859] Expanded: 426, Generated: 448
[f=100.102] Expanded: 428, Generated: 450
[f=100.387] Expanded: 430, Generated: 452
[f=100.422] Expanded: 431, Generated: 453
[f=100.114] Expanded: 433, Generated: 455
[f=100.161] Expanded: 435, Generated: 457
[f=100.204] Expanded: 437, Generated: 459
[f=101.851] Expanded: 439, Generated: 461
[f=100.091] Expanded: 441, Generated: 463
[f=101.814] Expanded: 443, Generated: 465
[f=100.126] Expanded: 445, Generated: 467
[f=103.925] Expanded: 447, Generated: 469
[f=100.808] Expanded: 449, Generated: 471
[f=100.844] Expanded: 450, Generated: 472
[f=101.816] Expanded: 452, Generated: 474
[f=101.799] Expanded: 454, Generated: 476
[f=101.829] Expanded: 455, Generated: 477
[f=104.672] Expanded: 455, Generated: 478
[f=101.782] Expanded: 457, Generated: 480
[f=101.812] Expanded: 458, Generated: 481
[f=100.160] Expanded: 460, Generated: 483
[f=101.937] Expanded: 462, Generated: 485
[f=101.801] Expanded: 464, Generated: 487
[f=101.831] Expanded: 465, Generated: 488
[f=100.196] Expanded: 467, Generated: 490
[f=101.503] Expanded: 469, Generated: 492
[f=101.742] Expanded: 470, Generated: 493
[f=101.750] Expanded: 471, Generated: 494
[f=103.323] Expanded: 473, Generated: 496
[f=103.360] Expanded: 474, Generated: 497
[f=103.905] Expanded: 476, Generated: 499
[f=105.101] Expanded: 476, Generated: 500
[f=102.167] Expanded: 478, Generated: 502
[f=103.820] Expanded: 480, Generated: 504
[f=102.084] Expanded: 482, Generated: 506
[f=103.853] Expanded: 484, Generated: 508
[f=102.122] Expanded: 486, Generated: 510
[f=103.877] Expanded: 488, Generated: 512
[f=105.274] Expanded: 488, Generated: 513
[f=105.324] Expanded: 489, Generated: 514
[f=100.853] Expanded: 491, Generated: 516
[f=100.884] Expanded: 492, Generated: 517
[f=105.375] Expanded: 493, Generated: 518
[f=105.381] Expanded: 494, Generated: 519
[f=105.409] Expanded: 495, Generated: 520
[f=105.419] Expanded: 496, Generated: 521
[f=105.432] Expanded: 497, Generated: 522
[f=102.486] Expanded: 499, Generated: 524
[f=102.977] Expanded: 500, Generated: 525
[f=103.008] Expanded: 501, Generated: 526
[f=105.443] Expanded: 502, Generated: 527
[f=101.813] Expanded: 504, Generated: 529
[f=101.844] Expanded: 505, Generated: 530
[f=105.459] Expanded: 506, Generated: 531
[f=105.463] Expanded: 507, Generated: 532
[f=105.475] Expanded: 508, Generated: 533
[f=105.476] Expanded: 509, Generated: 534
[f=105.477] Expanded: 510, Generated: 535
[f=101.833] Expanded: 512, Generated: 537
[f=101.864] Expanded: 513, Generated: 538
[f=105.511] Expanded: 514, Generated: 539
[f=105.520] Expanded: 515, Generated: 540
[f=105.597] Expanded: 515, Generated: 541
[f=101.697] Expanded: 517, Generated: 543
[f=101.757] Expanded: 518, Generated: 544
[f=101.782] Expanded: 519, Generated: 545
[f=105.624] Expanded: 519, Generated: 546
[f=103.744] Expanded: 521, Generated: 548
[f=104.221] Expanded: 522, Generated: 549
[f=99.666] Expanded: 524, Generated: 551
[f=99.697] Expanded: 525, Generated: 552
[f=104.639] Expanded: 527, Generated: 554
[f=105.007] Expanded: 527, Generated: 555
[f=102.586] Expanded: 529, Generated: 557
[f=101.229] Expanded: 531, Generated: 559
[f=101.260] Expanded: 532, Generated: 560
[f=102.630] Expanded: 534, Generated: 562
[f=102.599] Expanded: 536, Generated: 564
[f=102.614] Expanded: 538, Generated: 566
[f=100.904] Expanded: 540, Generated: 568
[f=101.315] Expanded: 542, Generated: 570
[f=101.347] Expanded: 543, Generated: 571
[f=102.602] Expanded: 545, Generated: 573
[f=100.914] Expanded: 547, Generated: 575
[f=102.598] Expanded: 549, Generated: 577
[f=100.948] Expanded: 551, Generated: 579
[f=102.595] Expanded: 553, Generated: 581
[f=102.644] Expanded: 555, Generated: 583
[f=101.110] Expanded: 557, Generated: 585
[f=101.140] Expanded: 558, Generated: 586
[f=100.902] Expanded: 560, Generated: 588
[f=102.693] Expanded: 562, Generated: 590
[f=100.928] Expanded: 564, Generated: 592
[f=102.686] Expanded: 566, Generated: 594
[f=100.870] Expanded: 568, Generated: 596
[f=101.296] Expanded: 570, Generated: 598
[f=101.331] Expanded: 571, Generated: 599
[f=100.960] Expanded: 573, Generated: 601
[f=100.950] Expanded: 575, Generated: 603
[f=100.990] Expanded: 577, Generated: 605
[f=102.599] Expanded: 579, Generated: 607
[f=100.939] Expanded: 581, Generated: 609
[f=102.578] Expanded: 583, Generated: 611
[f=100.895] Expanded: 585, Generated: 613
[f=101.614] Expanded: 587, Generated: 615
[f=101.651] Expanded: 588, Generated: 616
[f=104.692] Expanded: 590, Generated: 618
[f=102.580] Expanded: 592, Generated: 620
[f=102.672] Expanded: 594, Generated: 622
[f=102.703] Expanded: 595, Generated: 623
[f=102.969] Expanded: 597, Generated: 625
[f=102.654] Expanded: 599, Generated: 627
[f=102.685] Expanded: 600, Generated: 628
[f=100.946] Expanded: 602, Generated: 630
[f=102.702] Expanded: 604, Generated: 632
[f=102.625] Expanded: 606, Generated: 634
[f=102.643] Expanded: 608, Generated: 636
[f=102.673] Expanded: 609, Generated: 637
[f=100.981] Expanded: 611, Generated: 639
[f=100.904] Expanded: 613, Generated: 641
[f=99.621] Expanded: 615, Generated: 643
[f=99.651] Expanded: 616, Generated: 644
[f=104.632] Expanded: 618, Generated: 646
[f=103.198] Expanded: 620, Generated: 648
[f=103.675] Expanded: 621, Generated: 649
[f=102.596] Expanded: 623, Generated: 651
[f=101.234] Expanded: 625, Generated: 653
[f=101.265] Expanded: 626, Generated: 654
[f=102.577] Expanded: 628, Generated: 656
[f=102.605] Expanded: 630, Generated: 658
[f=102.635] Expanded: 632, Generated: 660
[f=100.898] Expanded: 634, Generated: 662
[f=101.230] Expanded: 636, Generated: 664
[f=101.262] Expanded: 637, Generated: 665
[f=102.761] Expanded: 639, Generated: 667
[f=102.600] Expanded: 641, Generated: 669
[f=100.863] Expanded: 643, Generated: 671
[f=100.876] Expanded: 645, Generated: 673
[f=102.597] Expanded: 647, Generated: 675
[f=102.569] Expanded: 649, Generated: 677
[f=101.104] Expanded: 651, Generated: 679
[f=101.134] Expanded: 652, Generated: 680
[f=100.842] Expanded: 654, Generated: 682
[f=102.704] Expanded: 656, Generated: 684
[f=101.006] Expanded: 658, Generated: 686
[f=102.667] Expanded: 660, Generated: 688
[f=100.816] Expanded: 662, Generated: 690
[f=101.227] Expanded: 664, Generated: 692
[f=101.262] Expanded: 665, Generated: 693
[f=100.887] Expanded: 667, Generated: 695
[f=100.878] Expanded: 669, Generated: 697
[f=100.919] Expanded: 671, Generated: 699
[f=102.627] Expanded: 673, Generated: 701
[f=100.863] Expanded: 675, Generated: 703
[f=102.562] Expanded: 677, Generated: 705
[f=100.841] Expanded: 679, Generated: 707
[f=101.545] Expanded: 681, Generated: 709
[f=101.582] Expanded: 682, Generated: 710
[f=104.676] Expanded: 684, Generated: 712
[f=102.565] Expanded: 686, Generated: 714
[f=102.632] Expanded: 688, Generated: 716
[f=102.662] Expanded: 689, Generated: 717
[f=102.897] Expanded: 691, Generated: 719
[f=102.613] Expanded: 693, Generated: 721
[f=102.643] Expanded: 694, Generated: 722
[f=100.873] Expanded: 696, Generated: 724
[f=102.624] Expanded: 698, Generated: 726
[f=102.685] Expanded: 700, Generated: 728
[f=102.660] Expanded: 702, Generated: 730
[f=102.690] Expanded: 703, Generated: 731
[f=100.847] Expanded: 705, Generated: 733
[f=100.909] Expanded: 707, Generated: 735
[f=99.632] Expanded: 709, Generated: 737
[f=99.633] Expanded: 710, Generated: 738
[f=99.663] Expanded: 711, Generated: 739
[f=82.311] Expanded: 716, Generated: 744
[f=73.753] Expanded: 719, Generated: 747
[f=73.755] Expanded: 720, Generated: 748
[f=62.209] Expanded: 724, Generated: 752
[f=45.820] Expanded: 727, Generated: 755
[f=45.825] Expanded: 728, Generated: 756
[f=45.827] Expanded: 729, Generated: 757
[f=45.973] Expanded: 729, Generated: 758
[Final] Expanded: 729, Generated: 758
Found a solution of length 26!
   1: (switch_on instrument25 satellite6)
   2: (switch_on instrument14 satellite3)
   3: (switch_on instrument16 satellite4)
   4: (switch_on instrument3 satellite1)
   5: (switch_on instrument31 satellite7)
   6: (switch_on instrument21 satellite5)
   7: (switch_on instrument2 satellite0)
   8: (turn_to satellite1 groundstation24 planet25)
   9: (turn_to satellite0 star14 groundstation6)
  10: (turn_to satellite2 star21 groundstation3)
  11: (switch_on instrument11 satellite2)
  12: (turn_to satellite6 star19 groundstation17)
  13: (turn_to satellite7 groundstation6 groundstation17)
  14: (calibrate satellite7 instrument31 groundstation6)
  15: (calibrate satellite1 instrument3 groundstation24)
  16: (calibrate satellite6 instrument25 star19)
  17: (turn_to satellite6 star26 star19)
  18: (take_image satellite6 star26 instrument25 infrared3)
  19: (turn_to satellite6 planet25 star26)
  20: (take_image satellite6 planet25 instrument25 thermograph2)
  21: (turn_to satellite1 planet27 groundstation24)
  22: (take_image satellite1 planet27 instrument3 thermograph1)
  23: (turn_to satellite6 phenomenon28 planet25)
  24: (turn_to satellite7 phenomenon28 groundstation6)
  25: (take_image satellite7 phenomenon28 instrument31 image0)
  26: (turn_to satellite5 star14 groundstation1)
