/u/ibrahim.eisawy/Neural-Guided-Search/venv/lib/python3.10/site-packages/pymimir_rgnn/model.py:151: UserWarning: index_reduce() is in beta and the API may change at any time. (Triggered internally at /pytorch/aten/src/ATen/native/cuda/Indexing.cu:1541.)
  max_msg.index_reduce_(0, output_indices, output_messages, reduce='amax', include_self=True)
Torch: 2.12.0+cu130
Using GPU:  NVIDIA L40S
21.568: (switch_on instrument16 satellite3)
16.112: (calibrate satellite3 instrument16 star15)
14.897: (turn_to satellite3 planet30 star15)
13.966: (turn_to satellite1 star1 groundstation25)
13.299: (turn_to satellite4 star22 star13)
12.460: (switch_on instrument37 satellite7)
11.541: (turn_to satellite2 planet30 star14)
10.678: (take_image satellite3 planet30 instrument16 spectrograph6)
9.777: (turn_to satellite3 planet29 planet30)
8.695: (take_image satellite3 planet29 instrument16 image3)
7.758: (turn_to satellite3 phenomenon31 planet29)
6.997: (take_image satellite3 phenomenon31 instrument16 infrared1)
6.276: (turn_to satellite0 star24 groundstation19)
5.773: (turn_to satellite5 star5 groundstation0)
5.443: (switch_on instrument31 satellite5)
5.128: (switch_on instrument4 satellite0)
4.863: (turn_to satellite3 star4 phenomenon31)
4.655: (turn_to satellite6 planet32 star4)
4.529: (switch_on instrument22 satellite4)
4.485: (switch_on instrument10 satellite2)
4.455: (turn_to satellite7 groundstation16 star9)
4.446: (take_image satellite3 star4 instrument16 spectrograph6)
4.457: (switch_on instrument9 satellite1)
4.448: (turn_to satellite7 star22 groundstation16)
4.461: (take_image satellite3 star4 instrument16 infrared1)
4.457: (turn_to satellite7 groundstation16 star22)
4.470: (switch_off instrument9 satellite1)
4.477: (turn_to satellite7 star20 groundstation16)
4.471: (switch_on instrument9 satellite1)
4.472: (turn_to satellite7 star6 star20)
4.481: (turn_to satellite7 groundstation10 star6)
4.491: (turn_to satellite7 star9 groundstation10)
4.500: (take_image satellite3 star4 instrument16 image3)
4.484: (turn_to satellite7 star20 star9)
4.477: (turn_to satellite7 groundstation16 star20)
4.481: (switch_off instrument9 satellite1)
4.504: (turn_to satellite7 star20 groundstation16)
4.511: (turn_to satellite7 star6 star20)
4.489: (switch_on instrument9 satellite1)
4.499: (turn_to satellite7 groundstation10 star6)
4.507: (turn_to satellite7 star22 groundstation10)
4.508: (turn_to satellite6 star20 planet32)
4.500: (switch_off instrument9 satellite1)
4.520: (turn_to satellite7 star4 star22)
4.068: (calibrate satellite7 instrument37 star4)
2.970: (turn_to satellite7 planet32 star4)
1.660: (take_image satellite7 planet32 instrument37 image2)
0.730: (turn_to satellite7 star12 planet32)
[Final] Expanded: 48, Generated: 13602
Found a solution of length 48!
   1: (switch_on instrument16 satellite3)
   2: (calibrate satellite3 instrument16 star15)
   3: (turn_to satellite3 planet30 star15)
   4: (turn_to satellite1 star1 groundstation25)
   5: (turn_to satellite4 star22 star13)
   6: (switch_on instrument37 satellite7)
   7: (turn_to satellite2 planet30 star14)
   8: (take_image satellite3 planet30 instrument16 spectrograph6)
   9: (turn_to satellite3 planet29 planet30)
  10: (take_image satellite3 planet29 instrument16 image3)
  11: (turn_to satellite3 phenomenon31 planet29)
  12: (take_image satellite3 phenomenon31 instrument16 infrared1)
  13: (turn_to satellite0 star24 groundstation19)
  14: (turn_to satellite5 star5 groundstation0)
  15: (switch_on instrument31 satellite5)
  16: (switch_on instrument4 satellite0)
  17: (turn_to satellite3 star4 phenomenon31)
  18: (turn_to satellite6 planet32 star4)
  19: (switch_on instrument22 satellite4)
  20: (switch_on instrument10 satellite2)
  21: (turn_to satellite7 groundstation16 star9)
  22: (take_image satellite3 star4 instrument16 spectrograph6)
  23: (switch_on instrument9 satellite1)
  24: (turn_to satellite7 star22 groundstation16)
  25: (take_image satellite3 star4 instrument16 infrared1)
  26: (turn_to satellite7 groundstation16 star22)
  27: (switch_off instrument9 satellite1)
  28: (turn_to satellite7 star20 groundstation16)
  29: (switch_on instrument9 satellite1)
  30: (turn_to satellite7 star6 star20)
  31: (turn_to satellite7 groundstation10 star6)
  32: (turn_to satellite7 star9 groundstation10)
  33: (take_image satellite3 star4 instrument16 image3)
  34: (turn_to satellite7 star20 star9)
  35: (turn_to satellite7 groundstation16 star20)
  36: (switch_off instrument9 satellite1)
  37: (turn_to satellite7 star20 groundstation16)
  38: (turn_to satellite7 star6 star20)
  39: (switch_on instrument9 satellite1)
  40: (turn_to satellite7 groundstation10 star6)
  41: (turn_to satellite7 star22 groundstation10)
  42: (turn_to satellite6 star20 planet32)
  43: (switch_off instrument9 satellite1)
  44: (turn_to satellite7 star4 star22)
  45: (calibrate satellite7 instrument37 star4)
  46: (turn_to satellite7 planet32 star4)
  47: (take_image satellite7 planet32 instrument37 image2)
  48: (turn_to satellite7 star12 planet32)
