Torch: 2.12.0+cu130
Using GPU:  NVIDIA L40S
[Bellman] lambda=0 -> baseline (no widening signal)
[W1raw] OPTION7 w1raw_beta=8.0 signal=RAW edge-W1 (parent-best vs child-best, no reward/discount) vs SIBLINGS (boosts exploration toward larger-shift children; prior untouched)
[Value] SELF-CONSISTENT: leaf value = QR-DQN max_a mean Z(s,a) (SAC critics bypassed; prior still SAC policy)
/u/ibrahim.eisawy/Neural-Guided-Search/venv/lib/python3.10/site-packages/pymimir_rgnn/model.py:162: UserWarning: index_reduce() is in beta and the API may change at any time. (Triggered internally at /pytorch/aten/src/ATen/native/cuda/Indexing.cu:1541.)
  exps_max.index_reduce_(0, output_indices, output_messages, reduce="amax", include_self=False)
  [sim 500] root visits=500, unique states=19, generated=18, iqn_calls=57
  [sim 722] found goal path of length 20
[Final] Expanded: 41, Generated: 41
[Cost] IQN forward calls (Bellman signal): 121
[Widen] nodes widened: 0, mean w: 0.0000
[W1raw] child-edges modulated: 88, mean mult: 1.7120 (1.0 = no change; >1 = boosted toward larger shift)
[search done] simulations=722, unique states generated=41
Found a solution of length 20!
   1: (move f6-0f f5-0f)
   2: (move f5-0f f4-0f)
   3: (move f4-0f f3-0f)
   4: (move f3-0f f2-0f)
   5: (move f2-0f f1-0f)
   6: (move f1-0f f0-0f)
   7: (move f0-0f f0-1f)
   8: (move f0-1f f0-2f)
   9: (move f0-2f f0-3f)
  10: (move f0-3f f0-4f)
  11: (move f0-4f f0-5f)
  12: (move f0-5f f0-6f)
  13: (move f0-6f f1-6f)
  14: (move f1-6f f2-6f)
  15: (move f2-6f f3-6f)
  16: (move f3-6f f3-7f)
  17: (move f3-7f f4-7f)
  18: (detonate-bomb f4-7f f5-7f)
  19: (move f4-7f f5-7f)
  20: (pick-gold f5-7f)
