Torch: 2.12.0+cu130
Using GPU:  NVIDIA L40S
[Bellman] lambda=0 -> baseline (no widening signal)
[Sib] OPTION5 sib_beta=4.0 signal=QR-DQN raw width vs SIBLINGS (boosts exploration toward wider/uncertain children; prior untouched)
/u/ibrahim.eisawy/Neural-Guided-Search/venv/lib/python3.10/site-packages/pymimir_rgnn/model.py:162: UserWarning: index_reduce() is in beta and the API may change at any time. (Triggered internally at /pytorch/aten/src/ATen/native/cuda/Indexing.cu:1541.)
  exps_max.index_reduce_(0, output_indices, output_messages, reduce="amax", include_self=False)
  [sim 50] found goal path of length 26
[Final] Expanded: 154, Generated: 154
[Cost] IQN forward calls (Bellman signal): 50
[Widen] nodes widened: 0, mean w: 0.0000
[Sib] child-edges modulated: 230, mean mult: 1.0221 (1.0 = no change; >1 = boosted toward wide)
[search done] simulations=50, unique states generated=154
Found a solution of length 26!
   1: (move f5-2f f6-2f)
   2: (move f6-2f f6-3f)
   3: (move f6-3f f5-3f)
   4: (move f5-3f f5-4f)
   5: (move f5-4f f6-4f)
   6: (move f6-4f f7-4f)
   7: (move f7-4f f7-3f)
   8: (putdown f7-3f key2-1)
   9: (move f7-3f f6-3f)
  10: (pickup f6-3f key1-1)
  11: (move f6-3f f6-2f)
  12: (move f6-2f f6-1f)
  13: (putdown f6-1f key1-1)
  14: (move f6-1f f6-2f)
  15: (move f6-2f f6-3f)
  16: (move f6-3f f7-3f)
  17: (pickup f7-3f key2-1)
  18: (move f7-3f f6-3f)
  19: (move f6-3f f5-3f)
  20: (move f5-3f f5-4f)
  21: (move f5-4f f4-4f)
  22: (move f4-4f f3-4f)
  23: (move f3-4f f3-3f)
  24: (move f3-3f f2-3f)
  25: (move f2-3f f1-3f)
  26: (pickup-and-loose f1-3f key1-2 key2-1)
