Torch: 2.12.0+cu130
Using GPU:  NVIDIA L40S
[oracle] IQN loaded: models/grid_iqn.pth (metric=w1, mix_alpha=0.1)
/u/ibrahim.eisawy/Neural-Guided-Search/venv/lib/python3.10/site-packages/pymimir_rgnn/model.py:162: UserWarning: index_reduce() is in beta and the API may change at any time. (Triggered internally at /pytorch/aten/src/ATen/native/cuda/Indexing.cu:1541.)
  exps_max.index_reduce_(0, output_indices, output_messages, reduce="amax", include_self=False)
  [sim 500] root visits=500, unique states=1389, generated=1388
  [sim 1000] root visits=1000, unique states=2783, generated=2782
  [sim 1500] root visits=1500, unique states=4219, generated=4218
  [sim 2000] root visits=2000, unique states=5704, generated=5703
  [sim 2500] root visits=2500, unique states=7182, generated=7181
  [sim 3000] root visits=3000, unique states=8668, generated=8667
  [sim 3500] root visits=3500, unique states=10186, generated=10185
  [sim 4000] root visits=4000, unique states=11582, generated=11581
  [sim 4500] root visits=4500, unique states=12815, generated=12814
  [sim 5000] root visits=5000, unique states=14010, generated=14009
  [sim 5500] root visits=5500, unique states=15192, generated=15191
  [sim 6000] root visits=6000, unique states=16453, generated=16452
  [sim 6500] root visits=6500, unique states=17711, generated=17710
  [sim 7000] root visits=7000, unique states=19047, generated=19046
  [sim 7500] root visits=7500, unique states=20470, generated=20469
  [sim 8000] root visits=8000, unique states=21997, generated=21996
[Final] Expanded: 23062, Generated: 23062
[search done] simulations=8361, unique states generated=23062
Failed to find a solution!
