Torch: 2.12.0+cu130
Using GPU:  NVIDIA L40S
[oracle] IQN loaded: models/grid_iqn.pth (metric=w1, mix_alpha=0.1)
/u/ibrahim.eisawy/Neural-Guided-Search/venv/lib/python3.10/site-packages/pymimir_rgnn/model.py:162: UserWarning: index_reduce() is in beta and the API may change at any time. (Triggered internally at /pytorch/aten/src/ATen/native/cuda/Indexing.cu:1541.)
  exps_max.index_reduce_(0, output_indices, output_messages, reduce="amax", include_self=False)
  [sim 500] root visits=500, unique states=1433, generated=1432
  [sim 1000] root visits=1000, unique states=1969, generated=1968
  [sim 1500] root visits=1500, unique states=2849, generated=2848
  [sim 2000] root visits=2000, unique states=3805, generated=3804
  [sim 2500] root visits=2500, unique states=4629, generated=4628
  [sim 3000] root visits=3000, unique states=5493, generated=5492
  [sim 3500] root visits=3500, unique states=6647, generated=6646
  [sim 4000] root visits=4000, unique states=7682, generated=7681
  [sim 4500] root visits=4500, unique states=8535, generated=8534
  [sim 5000] root visits=5000, unique states=9827, generated=9826
  [sim 5500] root visits=5500, unique states=11268, generated=11267
  [sim 6000] root visits=6000, unique states=12473, generated=12472
  [sim 6500] root visits=6500, unique states=13528, generated=13527
  [sim 7000] root visits=7000, unique states=14831, generated=14830
  [sim 7500] root visits=7500, unique states=15807, generated=15806
  [sim 8000] root visits=8000, unique states=17025, generated=17024
  [sim 8500] root visits=8500, unique states=18230, generated=18229
  [sim 9000] root visits=9000, unique states=19411, generated=19410
  [sim 9500] root visits=9500, unique states=20637, generated=20636
[Final] Expanded: 20797, Generated: 20797
[search done] simulations=9578, unique states generated=20797
Failed to find a solution!
