Torch: 2.12.0+cu130
Using GPU:  NVIDIA L40S
[Bellman] lambda=0 -> baseline (no widening signal)
[Binc] OPTION6 binc_beta=1.0 signal=BELLMAN INCONSISTENCY (1-step min-W1 parent-vs-child) vs SIBLINGS (boosts exploration toward inconsistent children; prior untouched)
/u/ibrahim.eisawy/Neural-Guided-Search/venv/lib/python3.10/site-packages/pymimir_rgnn/model.py:162: UserWarning: index_reduce() is in beta and the API may change at any time. (Triggered internally at /pytorch/aten/src/ATen/native/cuda/Indexing.cu:1541.)
  exps_max.index_reduce_(0, output_indices, output_messages, reduce="amax", include_self=False)
  [sim 500] root visits=500, unique states=1438, generated=1437, iqn_calls=2817
  [sim 624] found goal path of length 132
[Final] Expanded: 1813, Generated: 1813
[Cost] IQN forward calls (Bellman signal): 3547
[Widen] nodes widened: 0, mean w: 0.0000
[Binc] child-edges modulated: 2924, mean mult: 1.0038 (1.0 = no change; >1 = boosted toward inconsistent)
[search done] simulations=624, unique states generated=1813
Found a solution of length 132!
   1: (move f6-1f f6-0f)
   2: (pickup f6-0f key3-3)
   3: (move f6-0f f5-0f)
   4: (move f5-0f f5-1f)
   5: (move f5-1f f6-1f)
   6: (move f6-1f f6-2f)
   7: (move f6-2f f5-2f)
   8: (move f5-2f f5-3f)
   9: (move f5-3f f6-3f)
  10: (move f6-3f f6-4f)
  11: (move f6-4f f6-5f)
  12: (move f6-5f f5-5f)
  13: (move f5-5f f4-5f)
  14: (move f4-5f f3-5f)
  15: (move f3-5f f2-5f)
  16: (move f2-5f f2-6f)
  17: (move f2-6f f2-7f)
  18: (move f2-7f f1-7f)
  19: (move f1-7f f1-6f)
  20: (move f1-6f f1-5f)
  21: (move f1-5f f0-5f)
  22: (move f0-5f f0-6f)
  23: (move f0-6f f0-7f)
  24: (putdown f0-7f key3-3)
  25: (move f0-7f f0-6f)
  26: (move f0-6f f1-6f)
  27: (move f1-6f f1-7f)
  28: (move f1-7f f2-7f)
  29: (move f2-7f f2-6f)
  30: (move f2-6f f2-5f)
  31: (pickup f2-5f key2-1)
  32: (move f2-5f f3-5f)
  33: (move f3-5f f4-5f)
  34: (move f4-5f f5-5f)
  35: (move f5-5f f5-6f)
  36: (move f5-6f f5-7f)
  37: (move f5-7f f6-7f)
  38: (move f6-7f f6-6f)
  39: (move f6-6f f6-5f)
  40: (move f6-5f f7-5f)
  41: (move f7-5f f7-4f)
  42: (move f7-4f f6-4f)
  43: (move f6-4f f5-4f)
  44: (move f5-4f f5-3f)
  45: (move f5-3f f6-3f)
  46: (move f6-3f f7-3f)
  47: (move f7-3f f7-2f)
  48: (unlock f7-2f f7-1f key2-1 shape2)
  49: (move f7-2f f7-3f)
  50: (move f7-3f f6-3f)
  51: (move f6-3f f6-4f)
  52: (move f6-4f f5-4f)
  53: (move f5-4f f5-5f)
  54: (move f5-5f f5-6f)
  55: (move f5-6f f5-7f)
  56: (move f5-7f f6-7f)
  57: (move f6-7f f6-6f)
  58: (move f6-6f f7-6f)
  59: (move f7-6f f7-5f)
  60: (move f7-5f f6-5f)
  61: (pickup-and-loose f6-5f key1-2 key2-1)
  62: (move f6-5f f6-4f)
  63: (move f6-4f f5-4f)
  64: (move f5-4f f5-5f)
  65: (move f5-5f f5-6f)
  66: (move f5-6f f6-6f)
  67: (move f6-6f f6-7f)
  68: (move f6-7f f5-7f)
  69: (pickup-and-loose f5-7f key0-3 key1-2)
  70: (move f5-7f f6-7f)
  71: (move f6-7f f6-6f)
  72: (move f6-6f f6-5f)
  73: (pickup-and-loose f6-5f key2-1 key0-3)
  74: (move f6-5f f5-5f)
  75: (move f5-5f f4-5f)
  76: (move f4-5f f3-5f)
  77: (move f3-5f f3-6f)
  78: (move f3-6f f2-6f)
  79: (move f2-6f f2-7f)
  80: (move f2-7f f1-7f)
  81: (move f1-7f f0-7f)
  82: (move f0-7f f0-6f)
  83: (move f0-6f f0-5f)
  84: (move f0-5f f0-4f)
  85: (move f0-4f f1-4f)
  86: (move f1-4f f1-3f)
  87: (move f1-3f f1-2f)
  88: (move f1-2f f1-1f)
  89: (move f1-1f f2-1f)
  90: (move f2-1f f2-0f)
  91: (putdown f2-0f key2-1)
  92: (move f2-0f f3-0f)
  93: (move f3-0f f3-1f)
  94: (move f3-1f f3-2f)
  95: (pickup f3-2f key3-2)
  96: (move f3-2f f2-2f)
  97: (move f2-2f f1-2f)
  98: (move f1-2f f0-2f)
  99: (move f0-2f f0-3f)
 100: (move f0-3f f0-4f)
 101: (move f0-4f f0-5f)
 102: (move f0-5f f0-6f)
 103: (move f0-6f f0-7f)
 104: (pickup-and-loose f0-7f key3-3 key3-2)
 105: (move f0-7f f0-6f)
 106: (move f0-6f f0-5f)
 107: (move f0-5f f1-5f)
 108: (move f1-5f f1-6f)
 109: (move f1-6f f1-7f)
 110: (move f1-7f f2-7f)
 111: (move f2-7f f2-6f)
 112: (move f2-6f f3-6f)
 113: (move f3-6f f3-5f)
 114: (move f3-5f f3-4f)
 115: (unlock f3-4f f4-4f key3-3 shape3)
 116: (move f3-4f f3-5f)
 117: (move f3-5f f3-6f)
 118: (move f3-6f f4-6f)
 119: (unlock f4-6f f4-7f key3-3 shape3)
 120: (move f4-6f f4-5f)
 121: (move f4-5f f5-5f)
 122: (move f5-5f f5-6f)
 123: (move f5-6f f6-6f)
 124: (move f6-6f f6-5f)
 125: (move f6-5f f7-5f)
 126: (move f7-5f f7-4f)
 127: (move f7-4f f6-4f)
 128: (move f6-4f f6-3f)
 129: (move f6-3f f6-2f)
 130: (move f6-2f f6-1f)
 131: (move f6-1f f6-0f)
 132: (putdown f6-0f key3-3)
