/u/ibrahim.eisawy/Neural-Guided-Search/venv/lib/python3.10/site-packages/pymimir_rgnn/model.py:151: UserWarning: index_reduce() is in beta and the API may change at any time. (Triggered internally at /pytorch/aten/src/ATen/native/cuda/Indexing.cu:1541.)
  max_msg.index_reduce_(0, output_indices, output_messages, reduce='amax', include_self=True)
Torch: 2.12.0+cu130
Using GPU:  NVIDIA L40S
35.692: (grasp right shot11)
35.692: (grasp right shot3)
35.692: (grasp left shot3)
35.692: (grasp left shot11)
35.764: (grasp right shot9)
34.060: (fill-shot shot9 ingredient7 right left dispenser7)
34.772: (grasp right shot11)
34.772: (grasp left shot11)
34.773: (grasp left shot3)
34.773: (grasp right shot3)
33.138: (grasp left shot3)
33.139: (grasp left shot11)
33.175: (leave right shot9)
33.211: (grasp left shot6)
33.211: (grasp left shot10)
32.253: (grasp right shot3)
32.253: (grasp right shot11)
32.253: (leave right shot9)
32.253: (leave right shot9)
32.253: (grasp left shot11)
31.334: (grasp right shot3)
31.335: (grasp right shot11)
31.335: (grasp left shot3)
31.335: (grasp left shot11)
31.372: (fill-shot shot11 ingredient1 left right dispenser1)
30.450: (grasp right shot3)
30.478: (leave left shot11)
30.523: (grasp right shot6)
30.523: (grasp right shot10)
30.545: (grasp right shot5)
29.556: (grasp left shot3)
29.556: (leave left shot11)
29.556: (grasp right shot3)
29.628: (leave left shot11)
29.628: (leave left shot11)
27.922: (fill-shot shot10 ingredient8 right left dispenser8)
27.922: (fill-shot shot6 ingredient8 right left dispenser8)
28.675: (fill-shot shot3 ingredient2 right left dispenser2)
28.675: (fill-shot shot3 ingredient2 left right dispenser2)
28.852: (grasp left shot5)
26.993: (grasp left shot3)
26.993: (grasp left shot3)
27.037: (leave right shot6)
27.037: (leave right shot10)
27.091: (grasp left shot5)
26.108: (grasp left shot3)
26.108: (grasp right shot3)
26.108: (grasp left shot3)
26.108: (grasp right shot3)
26.108: (leave right shot10)
25.226: (fill-shot shot3 ingredient2 right left dispenser2)
25.226: (fill-shot shot3 ingredient2 right left dispenser2)
25.226: (fill-shot shot3 ingredient2 left right dispenser2)
25.227: (fill-shot shot3 ingredient2 left right dispenser2)
25.523: (grasp left shot10)
24.337: (leave left shot3)
24.337: (leave left shot3)
24.337: (leave right shot3)
24.337: (leave right shot3)
24.406: (grasp right shot5)
23.505: (grasp right shot5)
23.505: (grasp left shot10)
23.505: (leave left shot3)
23.505: (grasp right shot10)
23.505: (grasp left shot5)
22.738: (fill-shot shot5 ingredient7 left right dispenser7)
22.738: (fill-shot shot10 ingredient8 right left dispenser8)
22.738: (fill-shot shot10 ingredient8 left right dispenser8)
22.738: (fill-shot shot5 ingredient7 right left dispenser7)
23.098: (grasp right shot6)
21.403: (grasp right shot5)
21.404: (grasp right shot6)
21.404: (grasp left shot10)
21.404: (grasp left shot5)
21.880: (leave left shot10)
20.590: (grasp right shot5)
20.590: (leave right shot5)
20.590: (leave right shot10)
20.590: (leave left shot5)
20.590: (leave left shot10)
20.230: (fill-shot shot6 ingredient8 right left dispenser8)
20.231: (fill-shot shot10 ingredient8 left right dispenser8)
20.231: (fill-shot shot5 ingredient7 right left dispenser7)
20.231: (fill-shot shot5 ingredient7 left right dispenser7)
21.403: (grasp right shot9)
19.333: (leave left shot5)
19.333: (leave right shot5)
19.333: (leave right shot6)
19.333: (leave left shot10)
19.813: (grasp right shot2)
18.934: (grasp right shot4)
18.934: (grasp right shot2)
18.934: (grasp left shot4)
18.934: (grasp left shot2)
18.934: (leave left shot5)
16.809: (fill-shot shot4 ingredient4 left right dispenser4)
16.810: (fill-shot shot2 ingredient4 right left dispenser4)
16.810: (fill-shot shot4 ingredient4 right left dispenser4)
16.810: (fill-shot shot2 ingredient4 left right dispenser4)
18.581: (fill-shot shot4 ingredient6 left right dispenser6)
15.410: (pour-shot-to-clean-shaker shot2 ingredient4 shaker1 left l0 l1)
15.410: (pour-shot-to-clean-shaker shot4 ingredient4 shaker1 right l0 l1)
15.410: (pour-shot-to-clean-shaker shot4 ingredient4 shaker1 left l0 l1)
15.411: (pour-shot-to-clean-shaker shot2 ingredient4 shaker1 right l0 l1)
15.950: (pour-shot-to-clean-shaker shot4 ingredient6 shaker1 left l0 l1)
14.491: (refill-shot shot2 ingredient4 right left dispenser4)
14.491: (refill-shot shot4 ingredient4 left right dispenser4)
14.491: (refill-shot shot2 ingredient4 left right dispenser4)
14.491: (refill-shot shot4 ingredient4 right left dispenser4)
14.835: (clean-shot shot4 ingredient6 left right)
13.125: (fill-shot shot4 ingredient4 left right dispenser4)
13.353: (grasp right shot4)
13.353: (grasp right shot2)
13.353: (grasp left shot2)
13.353: (grasp left shot4)
12.025: (grasp right shot2)
12.294: (leave right shot2)
12.294: (leave left shot4)
12.294: (leave right shot4)
12.294: (leave left shot2)
11.568: (leave left shot4)
11.937: (fill-shot shot4 ingredient6 right left dispenser6)
11.937: (fill-shot shot4 ingredient6 left right dispenser6)
11.937: (fill-shot shot2 ingredient6 left right dispenser6)
11.938: (fill-shot shot2 ingredient6 right left dispenser6)
10.581: (fill-shot shot2 ingredient4 right left dispenser4)
11.207: (pour-shot-to-used-shaker shot2 ingredient6 shaker1 right l1 l2)
11.207: (pour-shot-to-used-shaker shot2 ingredient6 shaker1 left l1 l2)
11.207: (pour-shot-to-used-shaker shot4 ingredient6 shaker1 left l1 l2)
11.207: (pour-shot-to-used-shaker shot4 ingredient6 shaker1 right l1 l2)
10.287: (pour-shot-to-used-shaker shot2 ingredient4 shaker1 right l1 l2)
10.333: (clean-shot shot4 ingredient6 right left)
10.333: (clean-shot shot4 ingredient6 left right)
10.333: (clean-shot shot2 ingredient6 right left)
10.333: (clean-shot shot2 ingredient6 left right)
9.934: (fill-shot shot2 ingredient4 right left dispenser4)
9.935: (fill-shot shot2 ingredient4 left right dispenser4)
9.935: (fill-shot shot4 ingredient4 left right dispenser4)
9.935: (fill-shot shot4 ingredient4 right left dispenser4)
9.935: (refill-shot shot2 ingredient4 right left dispenser4)
8.020: (leave left shot4)
8.020: (leave left shot2)
8.020: (leave right shot2)
8.020: (leave right shot4)
8.387: (grasp left shaker1)
6.803: (grasp right shaker1)
6.803: (leave right shot4)
6.803: (grasp left shaker1)
8.674: (grasp left shot13)
8.674: (grasp right shot7)
7.697: (grasp left shaker1)
7.697: (grasp right shot8)
7.697: (grasp right shot7)
7.698: (grasp right shot12)
7.698: (grasp right shaker1)
8.674: (leave left shaker1)
8.674: (leave left shaker1)
inf: (leave left shaker1)
inf: (leave right shot7)
inf: (leave right shot8)
9.707: (grasp left shot2)
9.707: (grasp left shot4)
9.707: (grasp left shot4)
9.707: (grasp left shot2)
9.723: (grasp left shot9)
9.040: (leave right shot8)
10.395: (empty-shot left shot9 ingredient7)
11.606: (empty-shot left shot2 ingredient4)
11.606: (empty-shot left shot2 ingredient4)
11.606: (empty-shot left shot4 ingredient4)
8.077: (grasp right shaker1)
9.723: (grasp right shot13)
9.723: (grasp right shot12)
9.723: (grasp right shot1)
9.723: (grasp right shot7)
8.674: (leave left shot9)
8.674: (leave left shot9)
10.223: (empty-shot left shot9 ingredient7)
10.395: (empty-shot left shot9 ingredient7)
10.395: (empty-shot left shot9 ingredient7)
7.697: (grasp left shaker1)
7.698: (grasp left shaker1)
9.660: (leave left shot9)
9.707: (grasp left shot2)
9.707: (grasp left shot2)
8.072: (shake cocktail1 ingredient4 ingredient6 shaker1 right left)
10.247: (leave right shaker1)
10.448: (grasp left shot14)
10.546: (grasp left shot10)
10.546: (grasp left shot6)
6.805: (grasp left shot9)
8.248: (grasp left shot12)
8.248: (grasp left shot8)
8.248: (grasp left shot1)
8.248: (grasp left shot13)
7.841: (leave right shaker1)
9.329: (leave right shaker1)
9.329: (leave right shaker1)
9.329: (leave right shaker1)
9.329: (leave right shaker1)
7.630: (clean-shot shot9 ingredient7 left right)
8.041: (grasp right shot9)
8.041: (grasp right shot9)
8.041: (grasp right shot9)
8.041: (grasp right shot1)
6.665: (grasp right shaker1)
7.841: (leave left shot1)
7.841: (leave left shot12)
7.841: (leave left shot8)
8.056: (grasp right shot1)
6.805: (grasp left shaker1)
7.630: (clean-shot shot9 ingredient7 right left)
8.041: (grasp left shot13)
8.041: (grasp left shot7)
8.661: (grasp left shot10)
6.665: (grasp left shaker1)
8.056: (grasp left shot13)
8.056: (grasp left shot12)
8.056: (grasp left shot8)
8.056: (grasp left shot1)
8.685: (leave right shot9)
9.169: (leave right shot9)
9.169: (leave right shot9)
9.169: (leave right shot9)
9.169: (leave right shot9)
8.238: (grasp right shaker1)
8.238: (grasp right shaker1)
8.238: (grasp right shot7)
8.238: (grasp right shaker1)
8.238: (grasp right shot8)
8.685: (leave left shot12)
8.685: (leave left shot1)
8.685: (leave left shot8)
9.169: (leave left shaker1)
9.169: (leave left shaker1)
8.056: (grasp left shot9)
8.056: (grasp left shot9)
8.238: (grasp left shot7)
8.238: (grasp left shot13)
8.416: (grasp left shot5)
9.169: (leave right shaker1)
9.226: (leave right shaker1)
9.959: (empty-shot left shot5 ingredient7)
21.866: (empty-shaker right shaker1 cocktail1 l2 l0)
21.866: (empty-shaker right shaker1 cocktail1 l2 l0)
8.056: (grasp right shot9)
8.562: (grasp right shot9)
9.479: (leave left shot7)
9.479: (leave left shot5)
9.662: (grasp right shot7)
9.169: (grasp right shot13)
9.169: (grasp right shot12)
9.169: (grasp right shot1)
9.226: (grasp right shot5)
9.872: (grasp right shot10)
8.056: (grasp left shot9)
8.056: (grasp left shot9)
8.238: (grasp left shaker1)
8.238: (grasp left shaker1)
8.238: (grasp left shaker1)
21.866: (empty-shaker left shaker1 cocktail1 l2 l0)
21.866: (empty-shaker left shaker1 cocktail1 l2 l0)
21.866: (empty-shaker left shaker1 cocktail1 l2 l0)
35.941: (pour-shaker-to-shot cocktail1 shot13 left shaker1 l2 l1)
35.941: (pour-shaker-to-shot cocktail1 shot1 left shaker1 l2 l1)
21.706: (pour-shaker-to-shot cocktail1 shot13 left shaker1 l1 l0)
21.706: (pour-shaker-to-shot cocktail1 shot8 left shaker1 l1 l0)
21.706: (pour-shaker-to-shot cocktail1 shot7 left shaker1 l1 l0)
21.706: (pour-shaker-to-shot cocktail1 shot12 left shaker1 l1 l0)
21.706: (pour-shaker-to-shot cocktail1 shot12 left shaker1 l1 l0)
20.720: (leave right shot13)
20.720: (leave right shot1)
20.720: (leave right shot1)
20.720: (leave right shot1)
20.720: (leave right shot1)
19.739: (empty-shaker left shaker1 cocktail1 l0 l0)
19.739: (empty-shaker left shaker1 cocktail1 l0 l0)
19.739: (empty-shaker left shaker1 cocktail1 l0 l0)
19.739: (empty-shaker left shaker1 cocktail1 l0 l0)
19.739: (empty-shaker left shaker1 cocktail1 l0 l0)
18.706: (clean-shaker left right shaker1)
18.706: (clean-shaker left right shaker1)
18.706: (clean-shaker left right shaker1)
18.706: (clean-shaker left right shaker1)
18.706: (clean-shaker left right shaker1)
15.491: (grasp right shot13)
15.491: (grasp right shot8)
15.491: (grasp right shot12)
15.491: (grasp right shot8)
15.491: (grasp right shot12)
14.443: (leave left shaker1)
14.443: (leave left shaker1)
14.443: (leave left shaker1)
14.443: (leave left shaker1)
14.443: (leave left shaker1)
14.690: (grasp left shot9)
14.690: (grasp left shot9)
14.691: (grasp left shot9)
14.691: (grasp left shot9)
14.691: (grasp left shot9)
15.795: (leave right shot13)
15.795: (leave right shot12)
15.795: (leave right shot8)
15.795: (leave right shot8)
15.795: (leave right shot12)
14.691: (grasp right shot7)
15.394: (fill-shot shot9 ingredient4 left right dispenser4)
15.394: (fill-shot shot9 ingredient4 left right dispenser4)
15.486: (fill-shot shot9 ingredient6 left right dispenser6)
15.486: (fill-shot shot9 ingredient6 left right dispenser6)
14.443: (leave left shot9)
14.493: (pour-shot-to-clean-shaker shot9 ingredient6 shaker1 left l0 l1)
14.494: (pour-shot-to-clean-shaker shot9 ingredient6 shaker1 left l0 l1)
15.092: (grasp right shot13)
15.092: (grasp right shot7)
11.678: (grasp right shot4)
11.678: (grasp right shot2)
11.678: (grasp right shot2)
11.678: (grasp right shot4)
12.383: (grasp right shot8)
11.716: (pour-shot-to-used-shaker shot4 ingredient4 shaker1 right l1 l2)
11.716: (pour-shot-to-used-shaker shot4 ingredient4 shaker1 right l1 l2)
11.716: (pour-shot-to-used-shaker shot2 ingredient4 shaker1 right l1 l2)
11.716: (pour-shot-to-used-shaker shot2 ingredient4 shaker1 right l1 l2)
12.500: (empty-shot right shot2 ingredient4)
12.115: (leave left shot9)
12.115: (leave left shot9)
12.115: (leave left shot9)
12.115: (leave left shot9)
12.519: (leave right shot4)
10.283: (refill-shot shot2 ingredient4 right left dispenser4)
10.283: (refill-shot shot4 ingredient4 right left dispenser4)
10.283: (refill-shot shot2 ingredient4 right left dispenser4)
10.284: (refill-shot shot4 ingredient4 right left dispenser4)
10.891: (grasp right shaker1)
9.297: (leave right shot4)
9.297: (leave right shot2)
9.297: (leave right shot2)
9.297: (leave right shot4)
9.478: (grasp left shaker1)
8.569: (leave right shot4)
8.569: (grasp right shaker1)
8.569: (grasp right shaker1)
8.569: (grasp left shaker1)
8.569: (grasp left shaker1)
6.625: (shake cocktail1 ingredient4 ingredient6 shaker1 left right)
6.626: (shake cocktail1 ingredient4 ingredient6 shaker1 left right)
6.626: (shake cocktail1 ingredient4 ingredient6 shaker1 right left)
6.626: (shake cocktail1 ingredient4 ingredient6 shaker1 right left)
7.827: (grasp right shot9)
5.265: (grasp right shot9)
5.265: (grasp right shot9)
5.265: (grasp left shot9)
5.265: (grasp left shot9)
7.008: (grasp left shot12)
6.421: (leave right shaker1)
6.421: (leave left shaker1)
6.421: (leave right shaker1)
6.421: (leave left shaker1)
8.290: (leave right shaker1)
6.059: (clean-shot shot9 ingredient6 left right)
6.059: (clean-shot shot9 ingredient6 right left)
6.059: (clean-shot shot9 ingredient6 right left)
6.059: (clean-shot shot9 ingredient6 left right)
7.102: (grasp right shot9)
4.747: (grasp right shaker1)
4.748: (grasp left shaker1)
4.748: (grasp right shaker1)
4.748: (grasp left shaker1)
6.508: (grasp right shot13)
6.248: (leave left shot9)
6.248: (leave right shot9)
6.248: (leave right shot9)
6.248: (leave left shot9)
7.443: (leave left shot9)
6.182: (grasp left shaker1)
6.182: (grasp left shot7)
6.182: (grasp left shot8)
6.182: (grasp left shot12)
6.182: (grasp right shot13)
7.442: (leave right shaker1)
7.442: (leave right shaker1)
7.443: (leave right shaker1)
16.610: (pour-shaker-to-shot cocktail1 shot8 right shaker1 l2 l1)
16.610: (pour-shaker-to-shot cocktail1 shot12 right shaker1 l2 l1)
6.508: (grasp right shot9)
6.508: (grasp right shot9)
6.508: (grasp right shot9)
7.370: (leave left shot7)
7.370: (leave left shot8)
7.430: (grasp left shot5)
7.430: (grasp right shot5)
7.442: (grasp right shot12)
7.442: (grasp right shot8)
7.443: (grasp right shot7)
6.182: (grasp left shaker1)
6.182: (grasp left shaker1)
6.183: (grasp left shaker1)
6.244: (grasp left shaker1)
6.244: (grasp right shaker1)
7.526: (empty-shot right shot5 ingredient7)
7.526: (empty-shot left shot5 ingredient7)
16.254: (pour-shaker-to-shot cocktail1 shot7 left shaker1 l2 l1)
16.254: (pour-shaker-to-shot cocktail1 shot12 left shaker1 l2 l1)
16.254: (pour-shaker-to-shot cocktail1 shot8 left shaker1 l2 l1)
8.639: (leave right shot5)
8.639: (leave left shot5)
8.685: (leave left shaker1)
8.685: (leave right shaker1)
15.294: (leave right shot5)
8.097: (grasp left shot9)
8.097: (grasp right shot9)
8.327: (clean-shot shot5 ingredient7 left right)
8.327: (clean-shot shot5 ingredient7 right left)
9.314: (grasp right shot12)
7.342: (grasp left shaker1)
7.343: (grasp right shaker1)
9.121: (grasp right shot9)
9.121: (grasp left shot9)
9.131: (leave left shot5)
8.255: (grasp left shaker1)
8.255: (leave right shot5)
8.255: (leave left shot5)
8.255: (grasp right shaker1)
8.327: (leave left shot5)
7.342: (grasp left shaker1)
7.343: (grasp right shot9)
7.343: (grasp left shot9)
7.430: (fill-shot shot9 ingredient7 right left dispenser7)
8.986: (grasp left shot12)
6.244: (grasp left shaker1)
6.783: (grasp left shot5)
7.370: (leave right shot9)
7.958: (grasp left shot7)
7.958: (grasp left shot8)
6.059: (leave right shot9)
6.059: (grasp left shot5)
6.059: (grasp right shot5)
6.248: (leave right shot9)
6.248: (grasp left shaker1)
4.748: (grasp right shot5)
4.748: (grasp left shaker1)
4.748: (grasp right shaker1)
6.182: (grasp right shot7)
6.182: (grasp right shot12)
6.248: (leave left shot5)
7.443: (leave left shaker1)
7.443: (leave left shaker1)
14.153: (pour-shaker-to-shot cocktail1 shot12 right shaker1 l2 l1)
14.153: (pour-shaker-to-shot cocktail1 shot8 right shaker1 l2 l1)
6.183: (grasp left shot12)
6.183: (grasp left shot8)
6.183: (grasp left shot7)
6.244: (grasp left shot9)
6.416: (grasp left shot13)
7.430: (leave right shaker1)
7.442: (leave right shaker1)
7.442: (leave right shaker1)
7.442: (leave right shaker1)
7.526: (empty-shot left shot9 ingredient7)
6.508: (grasp right shot5)
6.508: (grasp right shot5)
6.508: (grasp right shot5)
6.783: (grasp right shot5)
7.958: (grasp right shot12)
9.314: (empty-shot left shot9 ingredient7)
10.297: (empty-shot left shot9 ingredient7)
inf: (leave right shot5)
inf: (leave left shot7)
inf: (leave right shot5)
8.685: (leave right shot12)
8.685: (leave right shot5)
9.280: (leave left shot9)
10.418: (leave left shot9)
8.071: (fill-shot shot5 ingredient7 right left dispenser7)
8.097: (grasp left shaker1)
8.327: (clean-shot shot9 ingredient7 left right)
9.314: (grasp right shot7)
9.314: (grasp right shot8)
7.118: (grasp left shot9)
7.158: (grasp left shaker1)
7.475: (leave right shot5)
8.639: (leave right shot5)
8.983: (grasp left shot6)
6.067: (grasp left shot9)
6.067: (leave right shot5)
6.067: (grasp right shot9)
6.491: (grasp right shaker1)
6.491: (grasp left shaker1)
4.933: (grasp left shot9)
4.934: (grasp right shot9)
4.934: (grasp left shaker1)
4.934: (grasp right shaker1)
6.752: (grasp left shot7)
8.488: (leave right shot9)
13.252: (pour-shaker-to-shot cocktail1 shot12 left shaker1 l2 l1)
13.252: (pour-shaker-to-shot cocktail1 shot12 right shaker1 l2 l1)
13.252: (pour-shaker-to-shot cocktail1 shot8 right shaker1 l2 l1)
13.252: (pour-shaker-to-shot cocktail1 shot7 right shaker1 l2 l1)
7.382: (grasp right shaker1)
9.015: (grasp right shot8)
9.015: (grasp right shot12)
9.097: (grasp right shot5)
9.204: (grasp right shot1)
8.488: (leave left shot7)
8.488: (leave left shot7)
8.581: (leave left shot7)
10.132: (empty-shot right shot5 ingredient7)
10.876: (empty-shot right shot1 cocktail1)
6.752: (grasp left shot9)
6.752: (grasp left shot9)
7.170: (grasp left shot9)
7.382: (grasp left shaker1)
7.382: (grasp left shaker1)
8.665: (empty-shot right shot1 cocktail1)
14.564: (pour-shaker-to-shot cocktail1 shot12 left shaker1 l2 l1)
14.564: (pour-shaker-to-shot cocktail1 shot8 left shaker1 l2 l1)
15.648: (pour-shaker-to-shot cocktail1 shot8 left shaker1 l2 l1)
15.648: (pour-shaker-to-shot cocktail1 shot7 left shaker1 l2 l1)
9.473: (leave right shot1)
10.176: (leave left shot9)
13.190: (leave right shot12)
13.190: (leave right shot12)
13.191: (leave right shot12)
8.823: (clean-shot shot1 cocktail1 right left)
9.388: (clean-shot shot9 ingredient7 left right)
10.296: (grasp right shot10)
10.296: (grasp right shot6)
10.330: (grasp right shaker1)
7.322: (grasp left shot9)
7.604: (grasp left shaker1)
8.440: (leave right shot1)
8.543: (grasp right shot1)
9.534: (grasp left shot5)
6.851: (grasp left shot9)
6.851: (grasp right shot9)
6.851: (leave right shot1)
7.296: (grasp left shaker1)
7.296: (grasp right shaker1)
5.819: (grasp left shaker1)
5.819: (grasp right shaker1)
5.819: (grasp right shot9)
5.819: (grasp left shot9)
6.745: (clean-shot shot9 ingredient7 right left)
5.509: (grasp left shaker1)
7.162: (grasp left shot7)
7.162: (grasp left shot8)
7.162: (grasp left shot1)
7.162: (grasp left shot12)
7.230: (leave right shot9)
8.186: (leave right shot9)
8.186: (leave right shot9)
8.186: (leave right shot9)
8.186: (leave right shot9)
7.073: (grasp right shot5)
7.193: (grasp right shaker1)
7.194: (grasp right shaker1)
7.194: (grasp right shot7)
7.194: (grasp right shot8)
7.230: (leave left shot1)
7.230: (leave left shot12)
8.045: (leave left shaker1)
8.186: (leave left shaker1)
8.186: (leave left shaker1)
5.509: (grasp left shot9)
7.073: (grasp left shot5)
7.162: (grasp left shot9)
7.162: (grasp left shot9)
7.194: (grasp left shot7)
6.744: (leave right shot8)
6.745: (leave right shaker1)
6.745: (leave right shot7)
8.045: (leave right shaker1)
8.618: (empty-shot left shot5 ingredient7)
7.162: (grasp right shot1)
7.162: (grasp right shot12)
7.485: (grasp right shot9)
7.485: (grasp right shot5)
7.578: (grasp right shot13)
8.186: (leave left shot9)
8.186: (leave left shot9)
8.389: (leave left shot9)
9.554: (empty-shot right shot13 cocktail1)
11.059: (empty-shot right shot5 ingredient7)
7.194: (grasp left shaker1)
7.194: (grasp left shaker1)
7.487: (grasp left shaker1)
8.234: (leave right shot1)
8.234: (leave right shot12)
8.390: (grasp left shot13)
8.630: (grasp left shot2)
8.630: (grasp left shot4)
8.630: (grasp right shot2)
8.630: (grasp right shot4)
7.486: (grasp right shaker1)
7.578: (grasp right shot9)
7.660: (grasp left shot9)
7.660: (grasp left shot9)
7.660: (grasp right shot9)
8.448: (empty-shot left shot4 ingredient4)
8.448: (empty-shot right shot2 ingredient4)
8.448: (empty-shot right shot4 ingredient4)
9.554: (empty-shot left shot13 cocktail1)
11.736: (empty-shot left shot13 cocktail1)
9.286: (leave left shot9)
9.286: (leave right shot9)
9.286: (leave left shot9)
9.295: (leave right shot2)
9.295: (leave left shot4)
8.756: (grasp left shaker1)
8.756: (grasp right shaker1)
9.200: (clean-shot shot2 ingredient4 right left)
9.200: (clean-shot shot4 ingredient4 left right)
9.200: (clean-shot shot4 ingredient4 right left)
8.461: (grasp left shot9)
8.461: (grasp left shot9)
8.461: (grasp right shot9)
9.607: (grasp left shaker1)
9.607: (grasp left shaker1)
9.217: (leave right shot4)
9.217: (leave right shot2)
9.217: (leave left shot4)
10.326: (leave right shot2)
10.326: (leave right shot4)
8.485: (grasp left shaker1)
8.485: (grasp right shaker1)
8.485: (grasp right shaker1)
8.485: (grasp right shot9)
8.485: (grasp right shot9)
9.217: (leave left shaker1)
10.326: (leave left shot9)
10.326: (leave left shot9)
19.480: (empty-shaker right shaker1 cocktail1 l2 l0)
19.480: (empty-shaker right shaker1 cocktail1 l2 l0)
8.461: (grasp left shot2)
9.607: (grasp left shot2)
9.607: (grasp left shot4)
10.133: (grasp left shot6)
10.133: (grasp left shot10)
9.200: (leave right shot9)
9.200: (leave right shaker1)
11.005: (empty-shot left shot10 ingredient8)
11.005: (empty-shot left shot6 ingredient8)
11.089: (leave right shot9)
10.074: (grasp right shot2)
10.074: (grasp right shot10)
10.074: (grasp right shot6)
10.091: (grasp right shot5)
10.119: (grasp right shot11)
10.837: (leave left shot2)
10.975: (empty-shot right shot6 ingredient8)
10.975: (empty-shot left shot6 ingredient8)
10.975: (empty-shot right shot10 ingredient8)
11.014: (empty-shot right shot11 ingredient1)
10.143: (grasp left shaker1)
10.157: (grasp left shot9)
10.550: (leave right shot5)
11.733: (leave left shot2)
11.734: (leave right shot2)
10.837: (grasp left shot5)
11.005: (grasp left shot9)
11.013: (grasp left shaker1)
11.013: (grasp right shaker1)
11.021: (grasp left shot4)
10.091: (grasp right shot2)
10.143: (grasp right shaker1)
10.157: (grasp right shot9)
10.210: (grasp right shot2)
10.231: (grasp right shot9)
11.146: (empty-shot left shot4 ingredient4)
11.323: (empty-shot left shot5 ingredient7)
11.552: (empty-shot left shot5 ingredient7)
11.569: (empty-shot left shot4 ingredient4)
11.761: (empty-shot left shot5 ingredient7)
12.324: (leave left shot4)
12.337: (leave right shot2)
12.337: (leave right shaker1)
12.337: (leave right shot9)
12.464: (leave left shot4)
11.006: (fill-shot shot2 ingredient4 right left dispenser4)
11.287: (grasp left shot9)
11.287: (grasp left shot2)
12.080: (grasp left shaker1)
12.456: (clean-shot shot5 ingredient7 left right)
10.179: (grasp left shot4)
10.312: (grasp left shot9)
10.383: (leave right shot2)
10.927: (grasp left shaker1)
11.435: (grasp right shot2)
9.295: (grasp left shot9)
9.295: (leave right shot2)
10.420: (leave right shot2)
10.420: (grasp left shaker1)
10.420: (grasp right shaker1)
8.756: (grasp left shot9)
8.756: (grasp right shaker1)
9.625: (fill-shot shot9 ingredient7 left right dispenser7)
9.761: (grasp right shot4)
9.761: (grasp left shot4)
8.669: (grasp right shot4)
9.061: (leave left shot9)
9.296: (empty-shot left shot9 ingredient7)
10.175: (grasp right shot2)
10.212: (grasp right shot6)
8.105: (leave left shot9)
8.105: (grasp left shot4)
8.105: (grasp right shot4)
8.434: (grasp right shot4)
8.434: (empty-shot left shot9 ingredient7)
8.008: (clean-shot shot4 ingredient4 right left)
8.008: (clean-shot shot4 ingredient4 left right)
8.542: (grasp left shaker1)
8.542: (grasp right shaker1)
8.619: (grasp left shot2)
8.424: (grasp left shaker1)
8.424: (grasp right shaker1)
8.475: (grasp left shot2)
8.476: (grasp right shot2)
8.548: (grasp left shot6)
8.448: (empty-shot left shot6 ingredient8)
9.883: (empty-shot left shot2 ingredient4)
9.883: (empty-shot right shot2 ingredient4)
10.412: (leave left shot4)
10.412: (leave right shot4)
9.220: (leave right shot4)
9.699: (leave left shot6)
10.213: (grasp left shot7)
10.213: (grasp left shot8)
10.213: (grasp left shot12)
8.533: (grasp right shaker1)
9.217: (clean-shot shot6 ingredient8 left right)
9.310: (fill-shot shot4 ingredient4 right left dispenser4)
9.429: (grasp left shaker1)
9.792: (leave right shot2)
7.830: (grasp left shot6)
8.176: (grasp left shaker1)
8.440: (leave right shot4)
8.461: (grasp right shot4)
8.485: (grasp right shaker1)
6.851: (grasp right shot6)
6.851: (grasp left shot6)
6.851: (leave right shot4)
7.296: (grasp right shaker1)
7.296: (grasp left shaker1)
5.819: (grasp right shot6)
5.819: (grasp right shaker1)
5.819: (grasp left shaker1)
5.819: (grasp left shot6)
6.745: (clean-shot shot6 ingredient8 left right)
5.509: (grasp right shaker1)
7.162: (grasp right shot8)
7.162: (grasp right shot1)
7.162: (grasp right shot12)
7.162: (grasp right shot7)
7.230: (leave left shot6)
8.186: (leave left shot6)
8.186: (leave left shot6)
8.186: (leave left shot6)
8.186: (leave left shot6)
7.073: (grasp left shot10)
7.193: (grasp left shaker1)
7.194: (grasp left shaker1)
7.194: (grasp left shot7)
7.194: (grasp left shot8)
7.230: (leave right shot12)
7.230: (leave right shot7)
8.045: (leave right shaker1)
8.186: (leave right shaker1)
8.186: (leave right shaker1)
5.509: (grasp right shot6)
7.073: (grasp right shot10)
7.162: (grasp right shot6)
7.162: (grasp right shot6)
7.194: (grasp right shot8)
6.745: (leave left shot8)
6.745: (leave left shaker1)
6.745: (leave left shot7)
8.045: (leave left shaker1)
8.618: (empty-shot right shot10 ingredient8)
7.162: (grasp left shot1)
7.162: (grasp left shot12)
7.485: (grasp left shot6)
7.485: (grasp left shot10)
7.578: (grasp left shot13)
8.186: (leave right shot6)
8.186: (leave right shot6)
8.389: (leave right shot6)
9.554: (empty-shot left shot13 cocktail1)
11.059: (empty-shot left shot10 ingredient8)
7.194: (grasp right shaker1)
7.194: (grasp right shaker1)
7.487: (grasp right shaker1)
8.234: (leave left shot1)
8.234: (leave left shot13)
8.389: (grasp right shot13)
8.630: (grasp left shot2)
8.630: (grasp left shot4)
8.630: (grasp right shot2)
8.630: (grasp right shot4)
7.486: (grasp left shaker1)
7.578: (grasp left shot6)
7.660: (grasp right shot6)
7.660: (grasp left shot6)
7.660: (grasp left shot6)
8.448: (empty-shot right shot2 ingredient4)
8.448: (empty-shot right shot4 ingredient4)
8.448: (empty-shot left shot4 ingredient4)
9.554: (empty-shot right shot13 cocktail1)
11.736: (empty-shot right shot13 cocktail1)
9.286: (leave right shot6)
9.286: (leave left shot6)
9.286: (leave left shot6)
9.295: (leave right shot2)
9.295: (leave right shot4)
8.756: (grasp right shaker1)
8.756: (grasp right shaker1)
9.200: (clean-shot shot4 ingredient4 right left)
9.200: (clean-shot shot2 ingredient4 right left)
9.200: (clean-shot shot4 ingredient4 left right)
8.461: (grasp right shot6)
8.461: (grasp left shot6)
9.607: (grasp right shaker1)
9.607: (grasp left shaker1)
9.607: (grasp left shaker1)
9.217: (leave left shot4)
9.217: (leave right shot2)
10.326: (leave left shot4)
10.326: (leave right shot4)
10.326: (leave right shot2)
8.485: (grasp left shaker1)
8.485: (grasp right shaker1)
8.485: (grasp right shot6)
8.485: (grasp right shot6)
10.133: (grasp right shot9)
9.217: (leave left shaker1)
10.326: (leave left shot6)
11.005: (empty-shot right shot9 ingredient7)
11.089: (leave left shot6)
19.480: (empty-shaker left shaker1 cocktail1 l2 l0)
8.461: (grasp left shot2)
9.607: (grasp left shot2)
10.074: (grasp left shot2)
10.133: (grasp left shot9)
10.133: (grasp left shot5)
9.200: (leave right shot9)
9.200: (leave right shaker1)
9.200: (leave right shot6)
10.975: (empty-shot right shot9 ingredient7)
11.005: (empty-shot left shot9 ingredient7)
10.074: (grasp right shot5)
10.091: (grasp right shot10)
10.119: (grasp right shot11)
10.119: (grasp right shot3)
10.156: (grasp right shot14)
10.837: (leave left shot2)
10.975: (empty-shot right shot5 ingredient7)
11.014: (empty-shot right shot11 ingredient1)
11.014: (empty-shot right shot3 ingredient2)
11.089: (leave left shot2)
10.133: (grasp left shot6)
10.143: (grasp left shaker1)
10.157: (grasp left shot6)
10.549: (leave right shot5)
10.550: (leave right shot10)
10.837: (grasp left shot10)
11.005: (empty-shot right shot5 ingredient7)
11.021: (grasp left shot4)
11.021: (grasp right shot4)
11.089: (grasp left shot9)
10.074: (grasp right shot2)
10.091: (grasp right shot2)
10.143: (grasp right shaker1)
10.157: (grasp right shot6)
10.210: (grasp left shot2)
10.975: (empty-shot left shot9 ingredient7)
11.146: (empty-shot right shot4 ingredient4)
11.323: (empty-shot left shot10 ingredient8)
11.552: (empty-shot left shot10 ingredient8)
11.761: (empty-shot left shot10 ingredient8)
11.734: (leave right shot2)
12.190: (leave left shot9)
12.337: (leave right shot6)
12.337: (leave right shot2)
12.337: (leave right shaker1)
11.013: (grasp right shaker1)
11.588: (fill-shot shot2 ingredient4 right left dispenser4)
11.731: (clean-shot shot9 ingredient7 left right)
11.776: (grasp left shot6)
11.959: (grasp left shaker1)
10.068: (grasp left shot9)
10.453: (grasp left shaker1)
10.724: (leave right shot2)
10.975: (grasp right shot2)
10.984: (grasp right shaker1)
9.097: (grasp left shot9)
9.098: (leave right shot2)
9.098: (grasp right shot9)
9.556: (grasp right shaker1)
9.556: (grasp left shaker1)
7.965: (grasp left shot9)
7.965: (grasp left shaker1)
7.965: (grasp right shot9)
7.965: (grasp right shaker1)
8.667: (refill-shot shot9 ingredient7 right left dispenser7)
7.619: (grasp left shaker1)
7.628: (grasp left shot6)
8.777: (grasp left shot8)
8.777: (grasp left shot12)
8.777: (grasp left shot7)
8.680: (empty-shot right shot9 ingredient7)
9.664: (empty-shot right shot9 ingredient7)
9.664: (empty-shot right shot9 ingredient7)
9.664: (empty-shot right shot9 ingredient7)
22.433: (empty-shaker left shaker1 cocktail1 l2 l0)
10.185: (leave right shot9)
11.070: (leave right shot9)
11.070: (leave right shot9)
11.070: (leave right shot9)
21.523: (leave right shot9)
9.272: (grasp right shaker1)
9.285: (fill-shot shot6 ingredient8 left right dispenser8)
9.911: (grasp right shaker1)
9.911: (grasp right shaker1)
9.911: (grasp right shaker1)
7.745: (grasp right shot9)
8.112: (grasp right shaker1)
9.724: (grasp right shot12)
9.724: (grasp right shot1)
9.724: (grasp right shot8)
8.823: (leave left shot6)
8.823: (leave left shot6)
10.153: (empty-shot left shot6 ingredient8)
10.743: (empty-shot left shot6 ingredient8)
12.321: (empty-shot left shot6 ingredient8)
7.322: (grasp left shot9)
7.322: (grasp left shot9)
7.604: (grasp left shaker1)
7.604: (grasp left shaker1)
9.534: (grasp left shot5)
9.044: (leave right shot8)
10.654: (empty-shot left shot5 ingredient7)
21.079: (empty-shaker left shaker1 cocktail1 l2 l0)
21.079: (empty-shaker left shaker1 cocktail1 l2 l0)
27.399: (pour-shaker-to-shot cocktail1 shot12 left shaker1 l2 l1)
8.103: (grasp right shaker1)
8.191: (grasp right shot9)
9.534: (grasp right shot7)
9.534: (grasp right shot12)
9.841: (grasp right shot13)
8.823: (leave left shot5)
9.210: (leave left shot5)
9.380: (empty-shot left shot5 ingredient7)
10.654: (empty-shot left shot5 ingredient7)
10.654: (empty-shot left shot5 ingredient7)
7.322: (grasp left shot9)
7.604: (grasp left shaker1)
7.717: (grasp left shot9)
8.019: (grasp left shaker1)
9.632: (grasp left shot1)
8.823: (leave right shot7)
9.601: (empty-shot right shot13 cocktail1)
11.320: (empty-shot right shot13 cocktail1)
21.079: (empty-shaker left shaker1 cocktail1 l2 l0)
23.051: (empty-shaker left shaker1 cocktail1 l2 l0)
7.322: (grasp right shot9)
7.604: (grasp right shaker1)
9.534: (grasp right shot5)
9.632: (grasp right shot8)
9.632: (grasp right shot12)
9.044: (leave left shot1)
10.654: (empty-shot right shot5 ingredient7)
21.079: (empty-shaker right shaker1 cocktail1 l2 l0)
27.399: (pour-shaker-to-shot cocktail1 shot1 right shaker1 l2 l1)
28.307: (pour-shaker-to-shot cocktail1 shot7 right shaker1 l2 l1)
8.103: (grasp left shaker1)
8.191: (grasp left shot9)
9.534: (grasp left shot12)
9.534: (grasp left shot7)
9.534: (grasp left shot8)
8.823: (leave right shot5)
8.823: (leave right shot5)
8.823: (leave right shot5)
9.380: (empty-shot right shot5 ingredient7)
10.654: (empty-shot right shot5 ingredient7)
7.322: (grasp right shot9)
7.322: (grasp right shot9)
7.322: (grasp right shot9)
7.604: (grasp right shaker1)
7.604: (grasp right shaker1)
21.079: (empty-shaker right shaker1 cocktail1 l2 l0)
21.079: (empty-shaker right shaker1 cocktail1 l2 l0)
27.399: (pour-shaker-to-shot cocktail1 shot12 right shaker1 l2 l1)
27.399: (pour-shaker-to-shot cocktail1 shot8 right shaker1 l2 l1)
28.307: (pour-shaker-to-shot cocktail1 shot12 right shaker1 l2 l1)
19.608: (pour-shaker-to-shot cocktail1 shot7 right shaker1 l1 l0)
19.608: (pour-shaker-to-shot cocktail1 shot1 right shaker1 l1 l0)
19.745: (empty-shaker right shaker1 cocktail1 l1 l0)
20.474: (pour-shaker-to-shot cocktail1 shot8 right shaker1 l1 l0)
20.474: (pour-shaker-to-shot cocktail1 shot1 right shaker1 l1 l0)
18.322: (empty-shaker right shaker1 cocktail1 l0 l0)
18.322: (empty-shaker right shaker1 cocktail1 l0 l0)
19.439: (empty-shaker right shaker1 cocktail1 l0 l0)
19.439: (empty-shaker right shaker1 cocktail1 l0 l0)
19.591: (leave left shot8)
18.227: (grasp left shot9)
18.528: (empty-shaker right shaker1 cocktail1 l0 l0)
18.528: (leave left shot8)
18.528: (leave left shot8)
18.528: (leave left shot8)
17.214: (grasp left shot9)
17.214: (grasp left shot9)
17.214: (grasp left shot9)
17.214: (empty-shaker right shaker1 cocktail1 l0 l0)
17.214: (grasp left shot9)
18.589: (leave right shaker1)
18.589: (leave right shaker1)
18.589: (leave right shaker1)
18.589: (leave right shaker1)
inf: (leave left shot9)
17.717: (refill-shot shot9 ingredient7 left right dispenser7)
17.717: (refill-shot shot9 ingredient7 left right dispenser7)
17.717: (refill-shot shot9 ingredient7 left right dispenser7)
17.717: (refill-shot shot9 ingredient7 left right dispenser7)
18.464: (clean-shot shot9 ingredient7 left right)
16.619: (grasp right shaker1)
16.619: (grasp right shaker1)
16.619: (grasp right shaker1)
16.619: (grasp right shaker1)
16.815: (leave left shot9)
15.718: (leave left shot9)
15.718: (leave left shot9)
15.718: (leave left shot9)
15.718: (leave left shot9)
15.718: (grasp left shaker1)
14.392: (clean-shaker left right shaker1)
14.393: (clean-shaker right left shaker1)
14.393: (clean-shaker right left shaker1)
14.393: (clean-shaker right left shaker1)
14.393: (clean-shaker right left shaker1)
12.073: (grasp left shot1)
12.074: (grasp left shot8)
12.074: (grasp left shot7)
12.074: (grasp left shot8)
12.074: (grasp left shot7)
11.137: (leave right shaker1)
11.137: (leave right shaker1)
11.137: (leave right shaker1)
11.137: (leave right shaker1)
11.137: (leave right shaker1)
10.213: (fill-shot shot8 ingredient4 left right dispenser4)
10.213: (fill-shot shot8 ingredient4 left right dispenser4)
10.213: (fill-shot shot7 ingredient4 left right dispenser4)
10.213: (fill-shot shot1 ingredient4 left right dispenser4)
10.213: (fill-shot shot7 ingredient4 left right dispenser4)
9.096: (pour-shot-to-clean-shaker shot1 ingredient4 shaker1 left l0 l1)
9.096: (pour-shot-to-clean-shaker shot7 ingredient4 shaker1 left l0 l1)
9.096: (pour-shot-to-clean-shaker shot7 ingredient4 shaker1 left l0 l1)
9.096: (pour-shot-to-clean-shaker shot8 ingredient4 shaker1 left l0 l1)
9.096: (pour-shot-to-clean-shaker shot8 ingredient4 shaker1 left l0 l1)
7.929: (clean-shot shot8 ingredient4 left right)
7.929: (clean-shot shot8 ingredient4 left right)
7.929: (clean-shot shot7 ingredient4 left right)
7.929: (clean-shot shot7 ingredient4 left right)
7.929: (clean-shot shot1 ingredient4 left right)
7.582: (fill-shot shot7 ingredient6 left right dispenser6)
7.582: (fill-shot shot7 ingredient6 left right dispenser6)
7.582: (fill-shot shot8 ingredient6 left right dispenser6)
7.582: (fill-shot shot1 ingredient6 left right dispenser6)
7.582: (fill-shot shot8 ingredient6 left right dispenser6)
6.668: (pour-shot-to-used-shaker shot8 ingredient6 shaker1 left l1 l2)
6.668: (pour-shot-to-used-shaker shot8 ingredient6 shaker1 left l1 l2)
6.668: (pour-shot-to-used-shaker shot1 ingredient6 shaker1 left l1 l2)
6.668: (pour-shot-to-used-shaker shot7 ingredient6 shaker1 left l1 l2)
6.668: (pour-shot-to-used-shaker shot7 ingredient6 shaker1 left l1 l2)
5.654: (clean-shot shot7 ingredient6 left right)
5.654: (clean-shot shot8 ingredient6 left right)
5.654: (clean-shot shot8 ingredient6 left right)
5.654: (clean-shot shot7 ingredient6 left right)
5.654: (clean-shot shot1 ingredient6 left right)
4.648: (leave left shot7)
4.648: (leave left shot1)
4.649: (leave left shot7)
4.649: (leave left shot8)
4.649: (leave left shot8)
3.919: (grasp right shaker1)
3.919: (grasp left shaker1)
3.919: (grasp left shaker1)
3.919: (grasp left shaker1)
3.919: (grasp right shaker1)
4.796: (grasp right shot2)
4.796: (grasp right shot4)
4.796: (grasp right shot4)
4.796: (grasp left shot2)
4.796: (grasp left shot4)
5.572: (leave left shaker1)
5.572: (leave left shaker1)
5.572: (leave right shaker1)
5.572: (leave left shaker1)
5.572: (leave right shaker1)
6.474: (grasp right shot4)
6.474: (grasp left shot2)
6.474: (grasp left shot4)
6.475: (grasp right shot2)
6.475: (grasp left shot2)
5.572: (leave right shot4)
9.323: (empty-shot right shot4 ingredient4)
9.323: (empty-shot left shot2 ingredient4)
9.323: (empty-shot left shot4 ingredient4)
9.323: (empty-shot left shot2 ingredient4)
4.796: (grasp right shaker1)
6.483: (grasp right shot5)
6.483: (grasp right shot6)
6.483: (grasp right shot10)
6.483: (grasp right shot9)
3.919: (leave left shot2)
5.584: (leave left shot2)
5.584: (leave left shot2)
5.584: (leave left shot2)
5.584: (leave left shot2)
4.796: (grasp left shot4)
4.834: (grasp left shot14)
4.836: (shake cocktail1 ingredient4 ingredient6 shaker1 right left)
4.837: (grasp left shaker1)
4.838: (grasp left shaker1)
1.571: (pour-shaker-to-shot cocktail1 shot8 right shaker1 l2 l1)
1.571: (pour-shaker-to-shot cocktail1 shot1 right shaker1 l2 l1)
4.818: (grasp left shot8)
4.818: (grasp left shot1)
5.137: (grasp left shot2)
1.180: (pour-shaker-to-shot cocktail1 shot8 right shaker1 l1 l0)
[Final] Expanded: 1042, Generated: 12867
Found a solution of length 227!
   1: (grasp right shot9)
   2: (fill-shot shot9 ingredient7 right left dispenser7)
   3: (grasp left shot11)
   4: (leave right shot9)
   5: (fill-shot shot11 ingredient1 left right dispenser1)
   6: (grasp right shot6)
   7: (leave left shot11)
   8: (fill-shot shot6 ingredient8 right left dispenser8)
   9: (leave right shot6)
  10: (grasp left shot3)
  11: (fill-shot shot3 ingredient2 left right dispenser2)
  12: (leave left shot3)
  13: (grasp right shot10)
  14: (fill-shot shot10 ingredient8 right left dispenser8)
  15: (grasp left shot5)
  16: (leave right shot10)
  17: (fill-shot shot5 ingredient7 left right dispenser7)
  18: (leave left shot5)
  19: (grasp left shot2)
  20: (fill-shot shot2 ingredient4 left right dispenser4)
  21: (pour-shot-to-clean-shaker shot2 ingredient4 shaker1 left l0 l1)
  22: (refill-shot shot2 ingredient4 left right dispenser4)
  23: (grasp right shot4)
  24: (leave left shot2)
  25: (fill-shot shot4 ingredient6 right left dispenser6)
  26: (pour-shot-to-used-shaker shot4 ingredient6 shaker1 right l1 l2)
  27: (clean-shot shot4 ingredient6 right left)
  28: (fill-shot shot4 ingredient4 right left dispenser4)
  29: (grasp left shaker1)
  30: (leave right shot4)
  31: (grasp right shot8)
  32: (leave left shaker1)
  33: (grasp left shot9)
  34: (leave right shot8)
  35: (grasp right shaker1)
  36: (empty-shot left shot9 ingredient7)
  37: (leave left shot9)
  38: (shake cocktail1 ingredient4 ingredient6 shaker1 right left)
  39: (grasp left shot1)
  40: (leave right shaker1)
  41: (grasp right shot9)
  42: (leave left shot1)
  43: (clean-shot shot9 ingredient7 right left)
  44: (grasp left shot12)
  45: (leave right shot9)
  46: (grasp right shaker1)
  47: (leave left shot12)
  48: (grasp left shot7)
  49: (leave right shaker1)
  50: (leave left shot7)
  51: (grasp right shot1)
  52: (grasp left shaker1)
  53: (pour-shaker-to-shot cocktail1 shot1 left shaker1 l2 l1)
  54: (pour-shaker-to-shot cocktail1 shot13 left shaker1 l1 l0)
  55: (leave right shot1)
  56: (empty-shaker left shaker1 cocktail1 l0 l0)
  57: (clean-shaker left right shaker1)
  58: (grasp right shot12)
  59: (leave left shaker1)
  60: (grasp left shot9)
  61: (leave right shot12)
  62: (fill-shot shot9 ingredient6 left right dispenser6)
  63: (pour-shot-to-clean-shaker shot9 ingredient6 shaker1 left l0 l1)
  64: (grasp right shot4)
  65: (pour-shot-to-used-shaker shot4 ingredient4 shaker1 right l1 l2)
  66: (leave left shot9)
  67: (refill-shot shot4 ingredient4 right left dispenser4)
  68: (leave right shot4)
  69: (grasp right shaker1)
  70: (shake cocktail1 ingredient4 ingredient6 shaker1 right left)
  71: (grasp left shot9)
  72: (leave right shaker1)
  73: (clean-shot shot9 ingredient6 left right)
  74: (grasp right shaker1)
  75: (leave left shot9)
  76: (grasp left shot7)
  77: (leave right shaker1)
  78: (leave left shot7)
  79: (grasp left shot5)
  80: (grasp right shaker1)
  81: (empty-shot left shot5 ingredient7)
  82: (leave right shaker1)
  83: (clean-shot shot5 ingredient7 left right)
  84: (grasp right shot9)
  85: (leave left shot5)
  86: (fill-shot shot9 ingredient7 right left dispenser7)
  87: (grasp left shot5)
  88: (leave right shot9)
  89: (grasp right shaker1)
  90: (leave left shot5)
  91: (grasp left shot9)
  92: (leave right shaker1)
  93: (grasp right shot5)
  94: (empty-shot left shot9 ingredient7)
  95: (leave left shot9)
  96: (fill-shot shot5 ingredient7 right left dispenser7)
  97: (leave right shot5)
  98: (grasp right shot9)
  99: (grasp left shot7)
 100: (leave right shot9)
 101: (grasp right shot1)
 102: (leave left shot7)
 103: (grasp left shot9)
 104: (empty-shot right shot1 cocktail1)
 105: (leave left shot9)
 106: (clean-shot shot1 cocktail1 right left)
 107: (leave right shot1)
 108: (grasp right shot9)
 109: (clean-shot shot9 ingredient7 right left)
 110: (grasp left shaker1)
 111: (leave right shot9)
 112: (grasp right shot8)
 113: (leave left shaker1)
 114: (grasp left shot9)
 115: (leave right shot8)
 116: (grasp right shot1)
 117: (leave left shot9)
 118: (leave right shot1)
 119: (grasp right shot2)
 120: (grasp left shot9)
 121: (empty-shot right shot2 ingredient4)
 122: (leave left shot9)
 123: (clean-shot shot2 ingredient4 right left)
 124: (grasp left shaker1)
 125: (leave right shot2)
 126: (grasp right shot9)
 127: (leave left shaker1)
 128: (grasp left shot2)
 129: (leave right shot9)
 130: (grasp right shot5)
 131: (leave left shot2)
 132: (leave right shot5)
 133: (grasp left shot4)
 134: (grasp right shot2)
 135: (empty-shot left shot4 ingredient4)
 136: (leave left shot4)
 137: (fill-shot shot2 ingredient4 right left dispenser4)
 138: (leave right shot2)
 139: (grasp left shot9)
 140: (fill-shot shot9 ingredient7 left right dispenser7)
 141: (grasp right shot4)
 142: (leave left shot9)
 143: (clean-shot shot4 ingredient4 right left)
 144: (grasp left shot6)
 145: (empty-shot left shot6 ingredient8)
 146: (leave left shot6)
 147: (fill-shot shot4 ingredient4 right left dispenser4)
 148: (leave right shot4)
 149: (grasp left shot6)
 150: (clean-shot shot6 ingredient8 left right)
 151: (grasp right shaker1)
 152: (leave left shot6)
 153: (grasp left shot8)
 154: (leave right shaker1)
 155: (grasp right shot6)
 156: (leave left shot8)
 157: (grasp left shot1)
 158: (leave right shot6)
 159: (leave left shot1)
 160: (grasp right shot2)
 161: (grasp left shot6)
 162: (empty-shot right shot2 ingredient4)
 163: (leave left shot6)
 164: (clean-shot shot2 ingredient4 right left)
 165: (grasp left shot6)
 166: (leave right shot2)
 167: (grasp right shot9)
 168: (leave left shot6)
 169: (grasp left shot2)
 170: (leave right shot9)
 171: (grasp right shot5)
 172: (leave left shot2)
 173: (leave right shot5)
 174: (grasp left shot9)
 175: (grasp right shot2)
 176: (empty-shot left shot9 ingredient7)
 177: (leave left shot9)
 178: (fill-shot shot2 ingredient4 right left dispenser4)
 179: (leave right shot2)
 180: (grasp right shot9)
 181: (refill-shot shot9 ingredient7 right left dispenser7)
 182: (grasp left shot6)
 183: (empty-shot right shot9 ingredient7)
 184: (leave right shot9)
 185: (fill-shot shot6 ingredient8 left right dispenser8)
 186: (grasp right shot8)
 187: (leave left shot6)
 188: (grasp left shot5)
 189: (leave right shot8)
 190: (grasp right shot7)
 191: (leave left shot5)
 192: (grasp left shot1)
 193: (leave right shot7)
 194: (grasp right shot5)
 195: (leave left shot1)
 196: (grasp left shot8)
 197: (leave right shot5)
 198: (grasp right shaker1)
 199: (pour-shaker-to-shot cocktail1 shot12 right shaker1 l2 l1)
 200: (pour-shaker-to-shot cocktail1 shot7 right shaker1 l1 l0)
 201: (empty-shaker right shaker1 cocktail1 l0 l0)
 202: (leave left shot8)
 203: (grasp left shot9)
 204: (leave right shaker1)
 205: (refill-shot shot9 ingredient7 left right dispenser7)
 206: (grasp right shaker1)
 207: (leave left shot9)
 208: (clean-shaker right left shaker1)
 209: (grasp left shot1)
 210: (leave right shaker1)
 211: (fill-shot shot1 ingredient4 left right dispenser4)
 212: (pour-shot-to-clean-shaker shot1 ingredient4 shaker1 left l0 l1)
 213: (clean-shot shot1 ingredient4 left right)
 214: (fill-shot shot1 ingredient6 left right dispenser6)
 215: (pour-shot-to-used-shaker shot1 ingredient6 shaker1 left l1 l2)
 216: (clean-shot shot1 ingredient6 left right)
 217: (leave left shot1)
 218: (grasp left shaker1)
 219: (grasp right shot4)
 220: (leave left shaker1)
 221: (grasp left shot2)
 222: (leave right shot4)
 223: (grasp right shaker1)
 224: (leave left shot2)
 225: (shake cocktail1 ingredient4 ingredient6 shaker1 right left)
 226: (pour-shaker-to-shot cocktail1 shot1 right shaker1 l2 l1)
 227: (pour-shaker-to-shot cocktail1 shot8 right shaker1 l1 l0)
