/u/ibrahim.eisawy/Neural-Guided-Search/venv/lib/python3.10/site-packages/pymimir_rgnn/model.py:151: UserWarning: index_reduce() is in beta and the API may change at any time. (Triggered internally at /pytorch/aten/src/ATen/native/cuda/Indexing.cu:1541.)
  max_msg.index_reduce_(0, output_indices, output_messages, reduce='amax', include_self=True)
Torch: 2.12.0+cu130
Using GPU:  NVIDIA L40S
11.835: (switch_on instrument0 satellite0)
11.859: (turn_to satellite0 groundstation12 phenomenon14)
11.859: (turn_to satellite0 groundstation9 phenomenon14)
11.865: (turn_to satellite0 groundstation7 phenomenon14)
12.480: (switch_on instrument1 satellite1)
12.522: (turn_to satellite0 groundstation0 phenomenon14)
12.858: (turn_to satellite0 groundstation4 phenomenon14)
12.858: (turn_to satellite0 groundstation5 phenomenon14)
12.858: (turn_to satellite0 groundstation11 phenomenon14)
12.858: (turn_to satellite0 star13 phenomenon14)
12.858: (turn_to satellite0 star1 phenomenon14)
12.858: (turn_to satellite0 star3 phenomenon14)
12.858: (turn_to satellite0 groundstation8 phenomenon14)
12.858: (turn_to satellite0 groundstation2 phenomenon14)
12.858: (turn_to satellite0 groundstation6 phenomenon14)
12.858: (turn_to satellite0 star10 phenomenon14)
12.897: (turn_to satellite1 groundstation7 groundstation0)
12.897: (turn_to satellite0 phenomenon16 phenomenon14)
12.897: (turn_to satellite0 planet17 phenomenon14)
12.908: (turn_to satellite1 groundstation9 groundstation0)
13.090: (turn_to satellite0 star15 phenomenon14)
13.459: (turn_to satellite1 groundstation12 groundstation0)
13.637: (turn_to satellite1 phenomenon14 groundstation0)
13.995: (turn_to satellite1 groundstation6 groundstation0)
13.995: (turn_to satellite1 groundstation8 groundstation0)
13.995: (turn_to satellite1 star10 groundstation0)
13.995: (turn_to satellite1 groundstation11 groundstation0)
13.995: (turn_to satellite1 star13 groundstation0)
13.995: (turn_to satellite1 groundstation5 groundstation0)
13.995: (turn_to satellite1 star1 groundstation0)
13.995: (turn_to satellite1 groundstation4 groundstation0)
13.995: (turn_to satellite1 star3 groundstation0)
13.995: (turn_to satellite1 groundstation2 groundstation0)
13.996: (turn_to satellite1 phenomenon16 groundstation0)
13.996: (turn_to satellite1 planet17 groundstation0)
14.071: (turn_to satellite1 star15 groundstation0)
inf: (turn_to satellite0 phenomenon14 phenomenon14)
inf: (turn_to satellite1 groundstation0 groundstation0)
10.962: (switch_on instrument1 satellite1)
10.962: (switch_on instrument0 satellite0)
11.104: (turn_to satellite0 groundstation9 phenomenon14)
11.104: (switch_on instrument0 satellite0)
11.164: (switch_on instrument0 satellite0)
11.165: (turn_to satellite0 groundstation7 phenomenon14)
11.273: (turn_to satellite0 groundstation9 phenomenon14)
11.274: (switch_on instrument1 satellite1)
11.292: (switch_on instrument0 satellite0)
11.292: (turn_to satellite0 groundstation12 phenomenon14)
11.322: (turn_to satellite0 groundstation12 phenomenon14)
11.323: (switch_on instrument1 satellite1)
11.553: (turn_to satellite0 groundstation7 phenomenon14)
11.553: (switch_on instrument1 satellite1)
11.577: (switch_on instrument0 satellite0)
11.577: (turn_to satellite0 groundstation0 phenomenon14)
11.684: (turn_to satellite0 groundstation0 phenomenon14)
11.685: (switch_on instrument1 satellite1)
11.776: (turn_to satellite1 groundstation9 groundstation0)
11.778: (switch_on instrument0 satellite0)
11.835: (turn_to satellite1 groundstation7 groundstation0)
11.836: (turn_to satellite0 planet17 phenomenon14)
11.836: (turn_to satellite0 phenomenon16 phenomenon14)
11.836: (switch_on instrument0 satellite0)
11.836: (switch_on instrument0 satellite0)
11.837: (switch_on instrument0 satellite0)
11.858: (turn_to satellite1 groundstation12 groundstation0)
11.858: (turn_to satellite1 groundstation9 groundstation0)
11.859: (turn_to satellite1 groundstation12 groundstation0)
11.859: (turn_to satellite0 groundstation12 phenomenon14)
11.859: (turn_to satellite1 groundstation9 groundstation0)
11.859: (turn_to satellite1 groundstation7 groundstation0)
11.859: (turn_to satellite1 groundstation7 groundstation0)
11.859: (turn_to satellite1 groundstation12 groundstation0)
11.859: (turn_to satellite0 groundstation9 phenomenon14)
11.859: (turn_to satellite1 groundstation9 groundstation0)
11.860: (turn_to satellite0 groundstation7 phenomenon14)
11.860: (turn_to satellite0 groundstation0 phenomenon14)
11.860: (turn_to satellite0 groundstation12 phenomenon14)
11.860: (turn_to satellite0 groundstation7 phenomenon14)
9.937: (switch_on instrument1 satellite1)
9.937: (switch_on instrument1 satellite1)
9.937: (switch_on instrument0 satellite0)
9.937: (turn_to satellite0 groundstation9 phenomenon14)
9.937: (turn_to satellite0 groundstation12 phenomenon14)
9.937: (switch_on instrument0 satellite0)
10.286: (switch_on instrument0 satellite0)
10.286: (turn_to satellite0 groundstation7 phenomenon14)
10.286: (switch_on instrument1 satellite1)
10.567: (calibrate satellite0 instrument0 groundstation9)
10.614: (turn_to satellite1 groundstation9 groundstation0)
10.615: (switch_on instrument1 satellite1)
10.625: (calibrate satellite0 instrument0 groundstation0)
10.626: (switch_on instrument1 satellite1)
10.626: (switch_on instrument0 satellite0)
10.626: (turn_to satellite0 groundstation0 phenomenon14)
10.710: (calibrate satellite0 instrument0 groundstation7)
10.910: (turn_to satellite1 groundstation12 groundstation0)
10.910: (turn_to satellite1 groundstation12 groundstation0)
10.910: (switch_on instrument0 satellite0)
10.911: (switch_on instrument0 satellite0)
10.928: (turn_to satellite1 groundstation12 groundstation0)
10.928: (turn_to satellite1 groundstation12 groundstation0)
10.929: (switch_on instrument1 satellite1)
10.929: (switch_on instrument1 satellite1)
10.945: (turn_to satellite1 groundstation12 groundstation0)
10.948: (turn_to satellite0 groundstation5 phenomenon14)
10.948: (turn_to satellite0 star10 phenomenon14)
10.948: (turn_to satellite0 star1 phenomenon14)
10.948: (turn_to satellite0 groundstation2 phenomenon14)
10.948: (turn_to satellite0 groundstation4 phenomenon14)
10.948: (turn_to satellite0 star3 phenomenon14)
10.948: (turn_to satellite0 groundstation8 phenomenon14)
10.948: (turn_to satellite0 groundstation6 phenomenon14)
10.948: (turn_to satellite0 groundstation11 phenomenon14)
10.948: (turn_to satellite0 star13 phenomenon14)
10.956: (turn_to satellite1 groundstation9 groundstation0)
10.956: (turn_to satellite0 groundstation7 phenomenon14)
10.956: (turn_to satellite0 groundstation0 phenomenon14)
10.957: (turn_to satellite1 groundstation9 groundstation0)
8.962: (calibrate satellite1 instrument1 groundstation9)
9.051: (switch_on instrument1 satellite1)
9.051: (calibrate satellite0 instrument0 groundstation9)
9.637: (switch_on instrument1 satellite1)
9.638: (calibrate satellite0 instrument0 groundstation0)
9.726: (turn_to satellite1 groundstation12 groundstation0)
9.735: (turn_to satellite0 star15 groundstation9)
9.735: (turn_to satellite0 star15 groundstation0)
9.736: (turn_to satellite0 star15 groundstation7)
9.857: (calibrate satellite1 instrument1 groundstation12)
9.905: (turn_to satellite1 groundstation12 groundstation0)
9.906: (turn_to satellite1 groundstation12 groundstation0)
9.906: (calibrate satellite0 instrument0 groundstation7)
9.906: (calibrate satellite0 instrument0 groundstation0)
9.911: (calibrate satellite1 instrument1 groundstation12)
9.911: (calibrate satellite1 instrument1 groundstation12)
9.930: (calibrate satellite0 instrument0 groundstation7)
9.930: (turn_to satellite1 groundstation9 groundstation0)
9.930: (calibrate satellite0 instrument0 groundstation0)
9.931: (turn_to satellite1 groundstation9 groundstation0)
9.935: (switch_on instrument1 satellite1)
9.936: (calibrate satellite0 instrument0 groundstation7)
9.937: (turn_to satellite0 groundstation0 phenomenon14)
9.937: (turn_to satellite0 groundstation7 phenomenon14)
9.937: (turn_to satellite1 groundstation7 groundstation0)
9.937: (turn_to satellite0 groundstation12 phenomenon14)
9.937: (turn_to satellite1 groundstation7 groundstation0)
9.937: (turn_to satellite1 groundstation9 groundstation0)
9.937: (turn_to satellite1 groundstation9 groundstation0)
9.937: (turn_to satellite1 groundstation12 groundstation0)
9.937: (turn_to satellite1 groundstation12 groundstation0)
9.937: (turn_to satellite1 groundstation9 groundstation0)
9.937: (turn_to satellite1 groundstation12 groundstation0)
9.938: (turn_to satellite0 groundstation0 phenomenon14)
9.938: (turn_to satellite0 groundstation7 phenomenon14)
9.938: (switch_on instrument0 satellite0)
9.938: (switch_on instrument1 satellite1)
9.938: (switch_on instrument1 satellite1)
9.938: (switch_on instrument0 satellite0)
9.938: (turn_to satellite0 groundstation9 phenomenon14)
8.393: (calibrate satellite0 instrument0 groundstation9)
8.393: (turn_to satellite1 groundstation12 groundstation0)
8.394: (switch_on instrument1 satellite1)
8.394: (calibrate satellite1 instrument1 groundstation9)
8.395: (turn_to satellite0 groundstation7 phenomenon14)
8.395: (turn_to satellite0 groundstation0 phenomenon14)
8.395: (calibrate satellite1 instrument1 groundstation9)
8.631: (turn_to satellite1 phenomenon14 groundstation12)
8.631: (turn_to satellite1 phenomenon14 groundstation9)
8.664: (turn_to satellite0 groundstation9 phenomenon14)
8.664: (turn_to satellite1 groundstation9 groundstation0)
8.855: (turn_to satellite1 phenomenon16 groundstation12)
8.855: (turn_to satellite1 planet17 groundstation12)
8.855: (turn_to satellite1 phenomenon16 groundstation9)
8.855: (turn_to satellite1 planet17 groundstation9)
8.935: (switch_on instrument1 satellite1)
8.935: (switch_on instrument1 satellite1)
8.935: (turn_to satellite1 groundstation12 groundstation0)
8.936: (turn_to satellite1 groundstation12 groundstation0)
8.936: (turn_to satellite0 groundstation7 phenomenon14)
8.936: (turn_to satellite0 groundstation0 phenomenon14)
8.936: (switch_on instrument1 satellite1)
8.936: (turn_to satellite0 star15 groundstation7)
8.936: (switch_on instrument0 satellite0)
8.936: (switch_on instrument0 satellite0)
8.936: (calibrate satellite0 instrument0 groundstation0)
8.936: (turn_to satellite0 star15 groundstation9)
8.936: (calibrate satellite0 instrument0 groundstation7)
8.937: (turn_to satellite0 star15 groundstation0)
8.937: (calibrate satellite1 instrument1 groundstation12)
8.937: (calibrate satellite1 instrument1 groundstation12)
8.944: (switch_on instrument1 satellite1)
8.944: (calibrate satellite0 instrument0 groundstation0)
8.944: (turn_to satellite1 groundstation9 groundstation0)
8.944: (turn_to satellite1 groundstation9 groundstation0)
8.944: (switch_on instrument1 satellite1)
8.945: (turn_to satellite0 groundstation9 phenomenon14)
8.945: (calibrate satellite0 instrument0 groundstation7)
8.945: (turn_to satellite1 groundstation0 groundstation12)
8.945: (turn_to satellite1 groundstation7 groundstation12)
7.634: (calibrate satellite0 instrument0 groundstation9)
7.634: (calibrate satellite1 instrument1 groundstation9)
7.637: (take_image satellite1 phenomenon14 instrument1 image4)
7.853: (take_image satellite1 phenomenon16 instrument1 image3)
7.853: (take_image satellite1 planet17 instrument1 spectrograph0)
7.935: (turn_to satellite0 groundstation7 phenomenon14)
7.935: (turn_to satellite0 groundstation0 phenomenon14)
7.935: (turn_to satellite0 star15 groundstation9)
7.936: (turn_to satellite1 groundstation12 groundstation0)
7.936: (turn_to satellite1 planet17 groundstation9)
7.936: (turn_to satellite1 phenomenon16 groundstation9)
7.936: (turn_to satellite1 phenomenon14 groundstation9)
7.936: (turn_to satellite0 star15 groundstation7)
7.936: (turn_to satellite0 groundstation0 phenomenon14)
7.936: (turn_to satellite0 star15 groundstation0)
7.936: (turn_to satellite0 groundstation7 phenomenon14)
7.936: (turn_to satellite1 phenomenon14 groundstation12)
7.936: (turn_to satellite1 phenomenon16 groundstation12)
7.936: (turn_to satellite1 planet17 groundstation12)
7.936: (turn_to satellite0 groundstation0 phenomenon14)
7.936: (turn_to satellite0 groundstation7 phenomenon14)
7.936: (turn_to satellite1 phenomenon16 groundstation9)
7.936: (turn_to satellite1 phenomenon14 groundstation9)
7.936: (turn_to satellite1 planet17 groundstation9)
7.936: (turn_to satellite1 planet17 groundstation12)
7.936: (turn_to satellite1 phenomenon16 groundstation12)
7.936: (turn_to satellite1 phenomenon14 groundstation12)
7.942: (calibrate satellite0 instrument0 groundstation0)
7.942: (calibrate satellite1 instrument1 groundstation9)
7.942: (calibrate satellite1 instrument1 groundstation12)
7.942: (calibrate satellite0 instrument0 groundstation0)
7.942: (calibrate satellite1 instrument1 groundstation9)
7.942: (calibrate satellite1 instrument1 groundstation12)
7.942: (calibrate satellite0 instrument0 groundstation7)
7.942: (calibrate satellite0 instrument0 groundstation7)
7.943: (calibrate satellite1 instrument1 groundstation12)
7.943: (turn_to satellite0 star15 groundstation9)
7.944: (turn_to satellite1 groundstation9 groundstation0)
7.944: (turn_to satellite0 star15 groundstation7)
7.944: (turn_to satellite0 star15 groundstation0)
6.631: (turn_to satellite1 phenomenon14 planet17)
6.631: (turn_to satellite1 phenomenon14 phenomenon16)
6.856: (turn_to satellite1 phenomenon16 planet17)
6.856: (turn_to satellite1 planet17 phenomenon16)
6.936: (take_image satellite1 phenomenon16 instrument1 image3)
6.936: (take_image satellite1 phenomenon16 instrument1 image3)
6.936: (turn_to satellite0 groundstation0 phenomenon14)
6.936: (turn_to satellite0 groundstation7 phenomenon14)
6.937: (turn_to satellite0 groundstation7 phenomenon14)
6.937: (turn_to satellite0 groundstation0 phenomenon14)
6.937: (turn_to satellite0 groundstation0 phenomenon14)
6.937: (turn_to satellite0 groundstation7 phenomenon14)
6.937: (take_image satellite1 planet17 instrument1 spectrograph0)
6.937: (turn_to satellite1 planet17 phenomenon14)
6.937: (turn_to satellite1 phenomenon16 phenomenon14)
6.938: (take_image satellite1 phenomenon14 instrument1 image4)
6.938: (take_image satellite1 phenomenon14 instrument1 image4)
6.938: (take_image satellite1 planet17 instrument1 spectrograph0)
6.940: (turn_to satellite0 star15 groundstation7)
6.940: (turn_to satellite0 star15 groundstation9)
6.940: (calibrate satellite1 instrument1 groundstation12)
6.941: (turn_to satellite0 star15 groundstation0)
6.941: (turn_to satellite0 phenomenon14 groundstation7)
6.941: (turn_to satellite0 planet17 groundstation7)
6.941: (turn_to satellite0 phenomenon16 groundstation7)
6.941: (turn_to satellite1 star15 groundstation12)
6.941: (calibrate satellite0 instrument0 groundstation0)
6.941: (calibrate satellite0 instrument0 groundstation7)
6.941: (turn_to satellite1 star15 groundstation9)
6.941: (turn_to satellite1 star15 groundstation12)
6.941: (turn_to satellite0 star15 groundstation7)
6.941: (turn_to satellite0 phenomenon16 groundstation9)
6.941: (turn_to satellite0 phenomenon14 groundstation9)
6.941: (turn_to satellite0 planet17 groundstation9)
6.941: (turn_to satellite1 planet17 groundstation9)
6.941: (turn_to satellite1 phenomenon14 groundstation9)
6.941: (turn_to satellite1 planet17 groundstation9)
6.941: (turn_to satellite1 phenomenon16 groundstation9)
6.941: (turn_to satellite1 planet17 groundstation12)
6.941: (turn_to satellite1 phenomenon16 groundstation12)
5.637: (take_image satellite1 phenomenon14 instrument1 image4)
5.637: (take_image satellite1 phenomenon14 instrument1 image4)
5.854: (take_image satellite1 planet17 instrument1 spectrograph0)
5.854: (take_image satellite1 phenomenon16 instrument1 image3)
5.935: (turn_to satellite1 phenomenon16 phenomenon14)
5.935: (turn_to satellite1 planet17 phenomenon14)
5.935: (turn_to satellite1 planet17 phenomenon16)
5.935: (turn_to satellite1 phenomenon14 phenomenon16)
5.935: (turn_to satellite1 planet17 phenomenon14)
5.935: (turn_to satellite1 phenomenon16 phenomenon14)
5.936: (turn_to satellite1 phenomenon16 planet17)
5.936: (turn_to satellite1 phenomenon14 planet17)
5.936: (turn_to satellite1 phenomenon14 phenomenon16)
5.936: (turn_to satellite1 planet17 phenomenon16)
5.936: (turn_to satellite0 groundstation0 phenomenon14)
5.936: (turn_to satellite0 groundstation7 phenomenon14)
5.936: (turn_to satellite0 groundstation0 phenomenon14)
5.936: (turn_to satellite0 groundstation7 phenomenon14)
5.936: (turn_to satellite0 groundstation0 phenomenon14)
5.936: (turn_to satellite0 groundstation7 phenomenon14)
5.936: (turn_to satellite0 groundstation0 phenomenon14)
5.936: (turn_to satellite0 groundstation7 phenomenon14)
5.937: (turn_to satellite0 groundstation7 phenomenon14)
5.937: (turn_to satellite1 phenomenon14 planet17)
5.937: (turn_to satellite1 phenomenon16 planet17)
5.937: (turn_to satellite0 groundstation0 phenomenon14)
5.937: (turn_to satellite0 groundstation0 phenomenon14)
5.937: (turn_to satellite0 groundstation7 phenomenon14)
5.939: (take_image satellite1 planet17 instrument1 spectrograph0)
5.939: (take_image satellite1 phenomenon16 instrument1 image3)
5.941: (calibrate satellite0 instrument0 groundstation0)
5.941: (calibrate satellite0 instrument0 groundstation7)
5.941: (calibrate satellite0 instrument0 groundstation0)
5.941: (calibrate satellite0 instrument0 groundstation7)
5.941: (calibrate satellite0 instrument0 groundstation7)
5.941: (take_image satellite1 planet17 instrument1 spectrograph0)
5.941: (take_image satellite1 phenomenon14 instrument1 image4)
5.941: (take_image satellite1 planet17 instrument1 spectrograph0)
5.942: (take_image satellite1 phenomenon16 instrument1 image3)
5.942: (take_image satellite1 phenomenon16 instrument1 image3)
4.632: (turn_to satellite1 phenomenon14 planet17)
4.632: (turn_to satellite1 phenomenon14 phenomenon16)
4.936: (take_image satellite1 planet17 instrument1 spectrograph0)
4.936: (take_image satellite1 planet17 instrument1 spectrograph0)
4.936: (take_image satellite1 phenomenon14 instrument1 image4)
4.936: (take_image satellite1 planet17 instrument1 spectrograph0)
4.937: (turn_to satellite0 groundstation7 phenomenon14)
4.937: (turn_to satellite0 groundstation0 phenomenon14)
4.937: (take_image satellite1 phenomenon16 instrument1 image3)
4.937: (turn_to satellite0 groundstation7 phenomenon14)
4.937: (turn_to satellite0 groundstation0 phenomenon14)
4.937: (turn_to satellite0 groundstation7 phenomenon14)
4.937: (turn_to satellite0 groundstation0 phenomenon14)
4.937: (take_image satellite1 phenomenon16 instrument1 image3)
4.937: (turn_to satellite0 groundstation7 phenomenon14)
4.937: (turn_to satellite0 groundstation0 phenomenon14)
4.937: (take_image satellite1 phenomenon16 instrument1 image3)
4.938: (turn_to satellite1 phenomenon16 phenomenon14)
4.938: (turn_to satellite1 planet17 phenomenon14)
4.938: (take_image satellite1 phenomenon14 instrument1 image4)
4.938: (take_image satellite1 phenomenon14 instrument1 image4)
4.938: (take_image satellite1 phenomenon16 instrument1 image3)
4.938: (take_image satellite1 planet17 instrument1 spectrograph0)
4.938: (take_image satellite1 phenomenon14 instrument1 image4)
4.938: (turn_to satellite0 groundstation7 phenomenon14)
4.938: (turn_to satellite0 groundstation0 phenomenon14)
4.938: (turn_to satellite0 groundstation0 phenomenon14)
4.938: (turn_to satellite0 groundstation7 phenomenon14)
4.938: (turn_to satellite1 planet17 phenomenon16)
4.938: (turn_to satellite1 phenomenon16 planet17)
4.940: (turn_to satellite0 phenomenon14 groundstation7)
4.940: (turn_to satellite0 phenomenon14 groundstation0)
4.940: (turn_to satellite0 planet17 groundstation7)
4.940: (turn_to satellite0 planet17 groundstation0)
4.940: (turn_to satellite0 phenomenon16 groundstation0)
4.940: (turn_to satellite0 phenomenon16 groundstation7)
4.940: (turn_to satellite0 planet17 groundstation0)
4.940: (turn_to satellite0 planet17 groundstation7)
4.940: (turn_to satellite1 phenomenon14 phenomenon16)
4.940: (turn_to satellite1 planet17 phenomenon16)
3.695: (take_image satellite1 phenomenon14 instrument1 image4)
3.931: (take_image satellite1 phenomenon16 instrument1 image3)
3.931: (take_image satellite1 planet17 instrument1 spectrograph0)
3.936: (turn_to satellite1 phenomenon16 phenomenon14)
3.936: (turn_to satellite1 planet17 phenomenon16)
3.936: (turn_to satellite1 planet17 phenomenon14)
3.936: (turn_to satellite1 planet17 phenomenon16)
3.936: (turn_to satellite1 phenomenon16 phenomenon14)
3.936: (turn_to satellite1 phenomenon16 planet17)
3.936: (turn_to satellite1 phenomenon16 planet17)
3.936: (turn_to satellite1 phenomenon14 planet17)
3.936: (turn_to satellite1 phenomenon14 phenomenon16)
3.936: (turn_to satellite0 groundstation0 phenomenon14)
3.936: (turn_to satellite0 groundstation7 phenomenon14)
3.937: (turn_to satellite1 phenomenon14 planet17)
3.937: (turn_to satellite1 planet17 phenomenon14)
3.937: (turn_to satellite1 phenomenon14 phenomenon16)
3.937: (turn_to satellite0 groundstation0 phenomenon14)
3.937: (turn_to satellite0 groundstation7 phenomenon14)
3.937: (turn_to satellite0 groundstation0 phenomenon14)
3.937: (turn_to satellite0 groundstation7 phenomenon14)
3.941: (calibrate satellite0 instrument0 groundstation0)
3.941: (calibrate satellite0 instrument0 groundstation0)
3.941: (calibrate satellite0 instrument0 groundstation7)
3.941: (calibrate satellite0 instrument0 groundstation7)
3.941: (calibrate satellite0 instrument0 groundstation7)
3.941: (calibrate satellite0 instrument0 groundstation7)
3.941: (calibrate satellite0 instrument0 groundstation0)
3.941: (calibrate satellite0 instrument0 groundstation7)
3.941: (calibrate satellite0 instrument0 groundstation7)
3.941: (calibrate satellite0 instrument0 groundstation0)
3.941: (calibrate satellite0 instrument0 groundstation0)
3.942: (calibrate satellite0 instrument0 groundstation0)
3.942: (take_image satellite1 planet17 instrument1 spectrograph0)
3.942: (take_image satellite1 phenomenon14 instrument1 image4)
3.943: (turn_to satellite0 star15 groundstation7)
3.943: (turn_to satellite0 star15 groundstation7)
3.943: (turn_to satellite0 phenomenon14 groundstation7)
3.943: (turn_to satellite1 phenomenon16 phenomenon14)
3.943: (turn_to satellite0 planet17 groundstation7)
2.930: (take_image satellite1 phenomenon14 instrument1 image4)
2.930: (take_image satellite1 phenomenon14 instrument1 image4)
2.930: (take_image satellite1 phenomenon16 instrument1 image3)
2.930: (take_image satellite1 phenomenon16 instrument1 image3)
2.930: (turn_to satellite0 groundstation7 phenomenon14)
2.930: (turn_to satellite0 groundstation7 phenomenon14)
2.930: (turn_to satellite0 groundstation0 phenomenon14)
2.930: (take_image satellite1 planet17 instrument1 spectrograph0)
2.930: (turn_to satellite0 groundstation0 phenomenon14)
2.930: (turn_to satellite0 groundstation0 phenomenon14)
2.930: (turn_to satellite0 groundstation7 phenomenon14)
2.930: (take_image satellite1 planet17 instrument1 spectrograph0)
2.931: (turn_to satellite0 groundstation9 phenomenon14)
2.931: (turn_to satellite0 groundstation9 phenomenon14)
2.931: (turn_to satellite0 groundstation9 phenomenon14)
2.940: (turn_to satellite0 star15 groundstation0)
2.940: (turn_to satellite0 star15 groundstation0)
2.940: (turn_to satellite0 star15 groundstation7)
2.940: (turn_to satellite0 star15 groundstation7)
2.940: (turn_to satellite0 star15 groundstation7)
2.940: (turn_to satellite0 star15 groundstation7)
2.940: (turn_to satellite1 star15 phenomenon16)
2.940: (turn_to satellite1 star15 phenomenon14)
2.940: (turn_to satellite1 star15 phenomenon14)
2.940: (turn_to satellite1 star15 phenomenon14)
2.940: (turn_to satellite1 star15 phenomenon16)
2.940: (turn_to satellite0 star15 groundstation0)
2.940: (turn_to satellite1 star15 phenomenon16)
2.940: (turn_to satellite0 planet17 groundstation7)
2.940: (turn_to satellite0 phenomenon16 groundstation7)
2.940: (turn_to satellite0 planet17 groundstation7)
2.940: (turn_to satellite0 phenomenon14 groundstation7)
2.940: (turn_to satellite0 phenomenon16 groundstation0)
2.940: (turn_to satellite0 planet17 groundstation0)
2.940: (turn_to satellite0 phenomenon14 groundstation7)
2.940: (turn_to satellite0 phenomenon16 groundstation7)
2.941: (turn_to satellite0 phenomenon16 groundstation0)
2.941: (calibrate satellite0 instrument0 groundstation7)
2.941: (turn_to satellite1 planet17 phenomenon16)
2.941: (calibrate satellite0 instrument0 groundstation0)
1.931: (calibrate satellite0 instrument0 groundstation7)
1.931: (calibrate satellite0 instrument0 groundstation0)
1.931: (calibrate satellite0 instrument0 groundstation7)
1.931: (calibrate satellite0 instrument0 groundstation0)
1.931: (take_image satellite1 planet17 instrument1 spectrograph0)
1.931: (take_image satellite1 phenomenon14 instrument1 image4)
1.931: (calibrate satellite0 instrument0 groundstation7)
1.931: (calibrate satellite0 instrument0 groundstation0)
1.932: (take_image satellite1 phenomenon14 instrument1 image4)
1.932: (calibrate satellite0 instrument0 groundstation9)
1.932: (calibrate satellite0 instrument0 groundstation9)
1.932: (calibrate satellite0 instrument0 groundstation9)
1.943: (turn_to satellite1 phenomenon14 phenomenon16)
1.943: (turn_to satellite1 planet17 phenomenon14)
1.943: (turn_to satellite0 phenomenon16 groundstation0)
1.943: (turn_to satellite0 planet17 groundstation0)
1.943: (turn_to satellite0 phenomenon16 groundstation7)
1.943: (turn_to satellite0 planet17 groundstation7)
1.943: (turn_to satellite1 phenomenon16 phenomenon14)
1.943: (turn_to satellite1 phenomenon16 planet17)
1.943: (turn_to satellite0 star15 groundstation7)
1.943: (turn_to satellite0 star15 groundstation0)
1.943: (turn_to satellite0 star15 groundstation0)
1.943: (turn_to satellite0 phenomenon14 groundstation7)
1.943: (turn_to satellite1 star15 phenomenon14)
1.943: (turn_to satellite1 star15 planet17)
1.943: (turn_to satellite1 star15 planet17)
1.943: (turn_to satellite1 star15 phenomenon16)
1.943: (turn_to satellite1 planet17 phenomenon16)
1.943: (turn_to satellite1 star15 phenomenon16)
1.943: (turn_to satellite1 star15 phenomenon14)
2.089: (turn_to satellite1 star15 phenomenon14)
2.089: (turn_to satellite1 star15 phenomenon16)
2.089: (turn_to satellite1 star15 phenomenon14)
2.089: (turn_to satellite0 star15 groundstation0)
2.089: (turn_to satellite0 star15 groundstation0)
2.089: (turn_to satellite0 star15 groundstation7)
2.089: (turn_to satellite0 star15 groundstation7)
2.089: (turn_to satellite1 star15 planet17)
2.090: (turn_to satellite1 planet17 phenomenon14)
0.930: (take_image satellite1 phenomenon16 instrument1 image3)
0.930: (turn_to satellite0 star15 groundstation9)
0.930: (turn_to satellite0 star15 groundstation0)
0.930: (turn_to satellite0 star15 groundstation7)
0.931: (turn_to satellite0 star15 groundstation7)
0.931: (turn_to satellite0 star15 groundstation0)
0.931: (turn_to satellite0 star15 groundstation9)
0.931: (turn_to satellite0 star15 groundstation9)
0.931: (take_image satellite1 phenomenon14 instrument1 image4)
0.931: (turn_to satellite0 star15 groundstation0)
0.931: (turn_to satellite0 star15 groundstation7)
0.931: (take_image satellite1 planet17 instrument1 spectrograph0)
1.692: (turn_to satellite1 groundstation9 phenomenon16)
1.692: (turn_to satellite1 groundstation9 planet17)
1.692: (turn_to satellite1 groundstation9 phenomenon14)
1.697: (turn_to satellite1 groundstation7 phenomenon14)
1.697: (turn_to satellite1 groundstation0 planet17)
1.697: (turn_to satellite1 groundstation0 phenomenon14)
1.697: (turn_to satellite1 groundstation7 phenomenon16)
1.697: (turn_to satellite1 groundstation0 phenomenon16)
1.697: (turn_to satellite1 groundstation7 planet17)
1.729: (take_image satellite1 planet17 instrument1 spectrograph0)
1.729: (turn_to satellite0 phenomenon16 groundstation9)
1.729: (turn_to satellite0 planet17 groundstation0)
1.729: (turn_to satellite0 phenomenon14 groundstation7)
1.730: (turn_to satellite0 phenomenon16 groundstation7)
1.730: (turn_to satellite0 phenomenon14 groundstation9)
1.730: (turn_to satellite0 planet17 groundstation9)
1.730: (turn_to satellite0 phenomenon16 groundstation0)
1.730: (turn_to satellite0 planet17 groundstation7)
1.730: (turn_to satellite0 phenomenon14 groundstation0)
1.930: (switch_off instrument1 satellite1)
1.931: (switch_off instrument1 satellite1)
1.931: (switch_off instrument1 satellite1)
1.931: (turn_to satellite1 groundstation11 phenomenon14)
1.931: (turn_to satellite1 star13 phenomenon14)
1.931: (turn_to satellite1 groundstation11 planet17)
1.931: (turn_to satellite1 star10 planet17)
1.931: (turn_to satellite1 groundstation8 planet17)
1.931: (turn_to satellite1 groundstation6 planet17)
0.930: (turn_to satellite0 star15 groundstation0)
0.930: (turn_to satellite0 star15 groundstation0)
0.930: (turn_to satellite1 groundstation11 planet17)
0.930: (turn_to satellite1 star13 planet17)
0.930: (turn_to satellite1 star10 planet17)
0.930: (turn_to satellite1 groundstation2 planet17)
0.930: (turn_to satellite1 star3 planet17)
0.930: (turn_to satellite1 groundstation4 planet17)
0.930: (turn_to satellite1 star1 planet17)
0.930: (turn_to satellite1 groundstation5 planet17)
0.930: (turn_to satellite1 groundstation6 planet17)
0.930: (turn_to satellite1 groundstation8 planet17)
0.930: (turn_to satellite1 star10 phenomenon14)
0.930: (turn_to satellite1 star1 phenomenon14)
0.930: (turn_to satellite1 star13 phenomenon14)
0.930: (turn_to satellite1 groundstation11 phenomenon14)
0.930: (turn_to satellite1 groundstation6 phenomenon14)
0.930: (turn_to satellite1 groundstation5 phenomenon14)
0.930: (turn_to satellite1 groundstation8 phenomenon14)
0.930: (turn_to satellite1 groundstation2 phenomenon14)
0.930: (turn_to satellite1 star3 phenomenon14)
0.930: (turn_to satellite1 groundstation4 phenomenon14)
0.930: (turn_to satellite1 groundstation2 phenomenon16)
0.930: (turn_to satellite1 star3 phenomenon16)
0.930: (turn_to satellite1 groundstation8 phenomenon16)
0.930: (turn_to satellite1 groundstation4 phenomenon16)
0.930: (turn_to satellite1 star10 phenomenon16)
0.930: (turn_to satellite1 groundstation5 phenomenon16)
0.930: (turn_to satellite1 groundstation6 phenomenon16)
0.930: (turn_to satellite1 star13 phenomenon16)
0.930: (turn_to satellite1 groundstation11 phenomenon16)
0.930: (turn_to satellite1 star1 phenomenon16)
0.930: (turn_to satellite1 groundstation12 planet17)
0.930: (turn_to satellite0 star15 groundstation0)
0.930: (turn_to satellite0 star15 groundstation0)
0.930: (turn_to satellite1 groundstation12 phenomenon16)
0.930: (turn_to satellite0 star15 groundstation0)
0.930: (turn_to satellite1 groundstation12 phenomenon14)
0.930: (switch_off instrument1 satellite1)
0.930: (switch_off instrument1 satellite1)
0.928: (turn_to satellite1 groundstation9 planet17)
0.928: (turn_to satellite1 groundstation9 phenomenon16)
0.930: (switch_off instrument1 satellite1)
0.930: (turn_to satellite1 groundstation12 planet17)
0.930: (turn_to satellite1 groundstation12 phenomenon16)
0.930: (take_image satellite1 star3 instrument1 image3)
0.930: (take_image satellite1 star3 instrument1 spectrograph0)
0.930: (take_image satellite1 star3 instrument1 image4)
0.930: (take_image satellite1 groundstation2 instrument1 image3)
0.930: (take_image satellite1 groundstation2 instrument1 spectrograph0)
0.930: (take_image satellite1 groundstation2 instrument1 image4)
0.930: (take_image satellite1 star3 instrument1 spectrograph6)
0.930: (take_image satellite1 star3 instrument1 infrared1)
0.930: (take_image satellite1 groundstation2 instrument1 spectrograph6)
0.930: (take_image satellite1 groundstation2 instrument1 infrared1)
0.930: (take_image satellite1 groundstation4 instrument1 image3)
0.930: (take_image satellite1 groundstation4 instrument1 spectrograph0)
0.930: (take_image satellite1 groundstation4 instrument1 image4)
0.930: (take_image satellite1 star10 instrument1 image3)
0.930: (take_image satellite1 star10 instrument1 spectrograph0)
0.930: (take_image satellite1 star10 instrument1 image4)
0.930: (switch_off instrument1 satellite1)
0.930: (switch_off instrument1 satellite1)
0.930: (take_image satellite1 star1 instrument1 image3)
0.930: (take_image satellite1 star1 instrument1 image4)
0.930: (take_image satellite1 star1 instrument1 spectrograph0)
0.930: (take_image satellite1 groundstation4 instrument1 spectrograph6)
0.930: (take_image satellite1 groundstation4 instrument1 infrared1)
0.930: (switch_off instrument1 satellite1)
0.930: (take_image satellite1 star10 instrument1 spectrograph6)
0.930: (take_image satellite1 star10 instrument1 infrared1)
0.930: (take_image satellite1 star1 instrument1 infrared1)
0.930: (take_image satellite1 star1 instrument1 spectrograph6)
0.930: (take_image satellite1 groundstation8 instrument1 spectrograph0)
0.930: (take_image satellite1 star13 instrument1 image3)
0.930: (take_image satellite1 star13 instrument1 image4)
0.930: (take_image satellite1 star13 instrument1 spectrograph0)
0.930: (switch_off instrument1 satellite1)
0.930: (take_image satellite1 groundstation6 instrument1 spectrograph0)
0.930: (take_image satellite1 groundstation6 instrument1 image3)
0.929: (take_image satellite0 star15 instrument0 infrared5)
0.929: (take_image satellite0 star15 instrument0 image2)
0.930: (turn_to satellite1 groundstation12 groundstation4)
0.930: (turn_to satellite1 groundstation12 star10)
0.930: (turn_to satellite1 groundstation12 star1)
0.930: (turn_to satellite1 groundstation12 star1)
0.930: (turn_to satellite1 groundstation12 groundstation4)
0.930: (switch_on instrument1 satellite1)
0.930: (turn_to satellite1 groundstation12 star10)
0.930: (switch_off instrument1 satellite1)
0.930: (switch_off instrument1 satellite1)
0.930: (switch_off instrument1 satellite1)
0.930: (switch_off instrument1 satellite1)
0.930: (switch_off instrument1 satellite1)
0.930: (turn_to satellite1 groundstation12 star1)
0.930: (turn_to satellite1 groundstation2 star1)
0.930: (turn_to satellite1 groundstation5 star1)
0.930: (turn_to satellite1 groundstation4 star1)
0.930: (turn_to satellite1 star3 star1)
0.930: (switch_off instrument1 satellite1)
0.930: (switch_on instrument1 satellite1)
0.930: (turn_to satellite1 groundstation6 star1)
0.930: (turn_to satellite1 groundstation8 star1)
0.930: (turn_to satellite1 groundstation2 groundstation4)
0.930: (turn_to satellite1 star3 groundstation4)
0.930: (turn_to satellite1 star1 groundstation4)
0.930: (turn_to satellite1 groundstation5 groundstation4)
0.930: (turn_to satellite1 groundstation6 groundstation4)
0.930: (turn_to satellite1 star3 groundstation4)
0.930: (turn_to satellite1 groundstation2 groundstation4)
0.930: (turn_to satellite1 star1 groundstation4)
0.930: (turn_to satellite1 groundstation5 groundstation4)
0.930: (turn_to satellite1 groundstation6 groundstation4)
0.930: (turn_to satellite1 groundstation8 groundstation4)
0.930: (turn_to satellite1 star10 groundstation4)
0.930: (turn_to satellite1 groundstation11 groundstation4)
0.930: (turn_to satellite1 star13 groundstation4)
0.930: (turn_to satellite1 phenomenon14 groundstation2)
0.930: (turn_to satellite1 star10 star1)
0.930: (turn_to satellite1 groundstation8 star10)
-0.027: (take_image satellite0 star15 instrument0 image2)
[Final] Expanded: 388, Generated: 16654
Found a solution of length 17!
   1: (switch_on instrument0 satellite0)
   2: (switch_on instrument1 satellite1)
   3: (turn_to satellite1 groundstation12 groundstation0)
   4: (calibrate satellite1 instrument1 groundstation12)
   5: (turn_to satellite1 phenomenon14 groundstation12)
   6: (take_image satellite1 phenomenon14 instrument1 image4)
   7: (turn_to satellite0 groundstation0 phenomenon14)
   8: (turn_to satellite1 phenomenon16 phenomenon14)
   9: (take_image satellite1 phenomenon16 instrument1 image3)
  10: (calibrate satellite0 instrument0 groundstation0)
  11: (turn_to satellite1 planet17 phenomenon16)
  12: (take_image satellite1 planet17 instrument1 spectrograph0)
  13: (turn_to satellite0 star15 groundstation0)
  14: (switch_off instrument1 satellite1)
  15: (turn_to satellite1 groundstation9 planet17)
  16: (take_image satellite0 star15 instrument0 infrared5)
  17: (take_image satellite0 star15 instrument0 image2)
