Torch: 2.12.0+cu130
Using GPU:  NVIDIA L40S
[Bellman] lambda=0 -> baseline (no widening signal)
[Value] SELF-CONSISTENT: leaf value = QR-DQN max_a mean Z(s,a) (SAC critics bypassed; prior still SAC policy)
/u/ibrahim.eisawy/Neural-Guided-Search/venv/lib/python3.10/site-packages/pymimir_rgnn/model.py:162: UserWarning: index_reduce() is in beta and the API may change at any time. (Triggered internally at /pytorch/aten/src/ATen/native/cuda/Indexing.cu:1541.)
  exps_max.index_reduce_(0, output_indices, output_messages, reduce="amax", include_self=False)
  [sim 500] root visits=500, unique states=15324, generated=15323, iqn_calls=0
  [sim 1000] root visits=1000, unique states=30539, generated=30538, iqn_calls=0
  [sim 1500] root visits=1500, unique states=45530, generated=45529, iqn_calls=0
  [sim 2000] root visits=2000, unique states=60488, generated=60487, iqn_calls=0
  [sim 2500] root visits=2500, unique states=75321, generated=75320, iqn_calls=0
  [sim 3000] root visits=3000, unique states=89959, generated=89958, iqn_calls=0
  [sim 3500] root visits=3500, unique states=104486, generated=104485, iqn_calls=0
  [sim 4000] root visits=4000, unique states=119042, generated=119041, iqn_calls=0
  [sim 4500] root visits=4500, unique states=133841, generated=133840, iqn_calls=0
  [sim 5000] root visits=5000, unique states=148376, generated=148375, iqn_calls=0
  [sim 5500] root visits=5500, unique states=162773, generated=162772, iqn_calls=0
  [sim 6000] root visits=6000, unique states=177141, generated=177140, iqn_calls=0
  [sim 6500] root visits=6500, unique states=191747, generated=191746, iqn_calls=0
  [sim 7000] root visits=7000, unique states=206076, generated=206075, iqn_calls=0
  [sim 7500] root visits=7500, unique states=220338, generated=220337, iqn_calls=0
  [sim 8000] root visits=8000, unique states=234635, generated=234634, iqn_calls=0
  [sim 8500] root visits=8500, unique states=249109, generated=249108, iqn_calls=0
  [sim 9000] root visits=9000, unique states=263429, generated=263428, iqn_calls=0
  [sim 9500] root visits=9500, unique states=277798, generated=277797, iqn_calls=0
  [sim 10000] root visits=10000, unique states=292126, generated=292125, iqn_calls=0
  [sim 10500] root visits=10500, unique states=306430, generated=306429, iqn_calls=0
  [sim 11000] root visits=11000, unique states=320877, generated=320876, iqn_calls=0
  [sim 11500] root visits=11500, unique states=335230, generated=335229, iqn_calls=0
  [sim 12000] root visits=12000, unique states=349452, generated=349451, iqn_calls=0
  [sim 12500] root visits=12500, unique states=363742, generated=363741, iqn_calls=0
  [sim 13000] root visits=13000, unique states=378050, generated=378049, iqn_calls=0
  [sim 13500] root visits=13500, unique states=392321, generated=392320, iqn_calls=0
  [sim 14000] root visits=14000, unique states=406560, generated=406559, iqn_calls=0
  [sim 14500] root visits=14500, unique states=420801, generated=420800, iqn_calls=0
  [sim 15000] root visits=15000, unique states=434968, generated=434967, iqn_calls=0
  [sim 15500] root visits=15500, unique states=449107, generated=449106, iqn_calls=0
  [sim 16000] root visits=16000, unique states=463119, generated=463118, iqn_calls=0
  [sim 16500] root visits=16500, unique states=477231, generated=477230, iqn_calls=0
  [sim 17000] root visits=17000, unique states=491284, generated=491283, iqn_calls=0
  [sim 17500] root visits=17500, unique states=505463, generated=505462, iqn_calls=0
  [sim 18000] root visits=18000, unique states=519519, generated=519518, iqn_calls=0
  [sim 18500] root visits=18500, unique states=533672, generated=533671, iqn_calls=0
  [sim 19000] root visits=19000, unique states=547893, generated=547892, iqn_calls=0
[Final] Expanded: 555903, Generated: 555903
[Cost] IQN forward calls (Bellman signal): 0
[Widen] nodes widened: 0, mean w: 0.0000
[search done] simulations=19284, unique states generated=555903
Failed to find a solution!
