Torch: 2.12.0+cu130
Using GPU:  NVIDIA L40S
[Bellman] lambda=0 -> baseline (no widening signal)
[Value] SELF-CONSISTENT: leaf value = QR-DQN max_a mean Z(s,a) (SAC critics bypassed; prior still SAC policy)
/u/ibrahim.eisawy/Neural-Guided-Search/venv/lib/python3.10/site-packages/pymimir_rgnn/model.py:162: UserWarning: index_reduce() is in beta and the API may change at any time. (Triggered internally at /pytorch/aten/src/ATen/native/cuda/Indexing.cu:1541.)
  exps_max.index_reduce_(0, output_indices, output_messages, reduce="amax", include_self=False)
  [sim 500] root visits=500, unique states=14342, generated=14341, iqn_calls=0
  [sim 1000] root visits=1000, unique states=28374, generated=28373, iqn_calls=0
  [sim 1500] root visits=1500, unique states=42205, generated=42204, iqn_calls=0
  [sim 2000] root visits=2000, unique states=56021, generated=56020, iqn_calls=0
  [sim 2500] root visits=2500, unique states=69672, generated=69671, iqn_calls=0
  [sim 3000] root visits=3000, unique states=83216, generated=83215, iqn_calls=0
  [sim 3500] root visits=3500, unique states=96514, generated=96513, iqn_calls=0
  [sim 4000] root visits=4000, unique states=109775, generated=109774, iqn_calls=0
  [sim 4500] root visits=4500, unique states=123035, generated=123034, iqn_calls=0
  [sim 5000] root visits=5000, unique states=136137, generated=136136, iqn_calls=0
  [sim 5500] root visits=5500, unique states=149349, generated=149348, iqn_calls=0
  [sim 6000] root visits=6000, unique states=162505, generated=162504, iqn_calls=0
  [sim 6500] root visits=6500, unique states=175724, generated=175723, iqn_calls=0
  [sim 7000] root visits=7000, unique states=188788, generated=188787, iqn_calls=0
  [sim 7500] root visits=7500, unique states=201833, generated=201832, iqn_calls=0
  [sim 8000] root visits=8000, unique states=214798, generated=214797, iqn_calls=0
  [sim 8500] root visits=8500, unique states=227690, generated=227689, iqn_calls=0
  [sim 9000] root visits=9000, unique states=240632, generated=240631, iqn_calls=0
  [sim 9500] root visits=9500, unique states=253427, generated=253426, iqn_calls=0
  [sim 10000] root visits=10000, unique states=266207, generated=266206, iqn_calls=0
  [sim 10500] root visits=10500, unique states=279049, generated=279048, iqn_calls=0
  [sim 11000] root visits=11000, unique states=291838, generated=291837, iqn_calls=0
  [sim 11500] root visits=11500, unique states=304620, generated=304619, iqn_calls=0
  [sim 12000] root visits=12000, unique states=317298, generated=317297, iqn_calls=0
[Final] Expanded: 327955, Generated: 327955
[Cost] IQN forward calls (Bellman signal): 0
[Widen] nodes widened: 0, mean w: 0.0000
[search done] simulations=12424, unique states generated=327955
Failed to find a solution!
