Torch: 2.12.0+cu130
Using CPU.
[Bellman] lambda=0 -> baseline (no widening signal)
[Value] SELF-CONSISTENT: leaf value = QR-DQN max_a mean Z(s,a) (SAC critics bypassed; prior still SAC policy)
/u/ibrahim.eisawy/Neural-Guided-Search/venv/lib/python3.10/site-packages/pymimir_rgnn/model.py:162: UserWarning: index_reduce() is in beta and the API may change at any time. (Triggered internally at /pytorch/aten/src/ATen/native/TensorAdvancedIndexing.cpp:1514.)
  exps_max.index_reduce_(0, output_indices, output_messages, reduce="amax", include_self=False)
  [sim 500] root visits=500, unique states=10771, generated=10770, iqn_calls=0
  [sim 1000] root visits=1000, unique states=21242, generated=21241, iqn_calls=0
  [sim 1500] root visits=1500, unique states=31541, generated=31540, iqn_calls=0
  [sim 2000] root visits=2000, unique states=41703, generated=41702, iqn_calls=0
  [sim 2500] root visits=2500, unique states=51785, generated=51784, iqn_calls=0
  [sim 3000] root visits=3000, unique states=61783, generated=61782, iqn_calls=0
  [sim 3500] root visits=3500, unique states=71743, generated=71742, iqn_calls=0
  [sim 4000] root visits=4000, unique states=81737, generated=81736, iqn_calls=0
  [sim 4500] root visits=4500, unique states=91658, generated=91657, iqn_calls=0
  [sim 5000] root visits=5000, unique states=101508, generated=101507, iqn_calls=0
  [sim 5500] root visits=5500, unique states=111254, generated=111253, iqn_calls=0
  [sim 6000] root visits=6000, unique states=121047, generated=121046, iqn_calls=0
  [sim 6500] root visits=6500, unique states=130773, generated=130772, iqn_calls=0
  [sim 7000] root visits=7000, unique states=140448, generated=140447, iqn_calls=0
  [sim 7500] root visits=7500, unique states=150046, generated=150045, iqn_calls=0
  [sim 8000] root visits=8000, unique states=159669, generated=159668, iqn_calls=0
  [sim 8500] root visits=8500, unique states=169216, generated=169215, iqn_calls=0
  [sim 9000] root visits=9000, unique states=178829, generated=178828, iqn_calls=0
  [sim 9500] root visits=9500, unique states=188295, generated=188294, iqn_calls=0
  [sim 10000] root visits=10000, unique states=197810, generated=197809, iqn_calls=0
  [sim 10500] root visits=10500, unique states=207201, generated=207200, iqn_calls=0
  [sim 11000] root visits=11000, unique states=216598, generated=216597, iqn_calls=0
  [sim 11500] root visits=11500, unique states=226019, generated=226018, iqn_calls=0
  [sim 12000] root visits=12000, unique states=235468, generated=235467, iqn_calls=0
  [sim 12500] root visits=12500, unique states=244962, generated=244961, iqn_calls=0
  [sim 13000] root visits=13000, unique states=254464, generated=254463, iqn_calls=0
  [sim 13500] root visits=13500, unique states=264029, generated=264028, iqn_calls=0
  [sim 14000] root visits=14000, unique states=273601, generated=273600, iqn_calls=0
  [sim 14500] root visits=14500, unique states=283153, generated=283152, iqn_calls=0
  [sim 15000] root visits=15000, unique states=292767, generated=292766, iqn_calls=0
  [sim 15500] root visits=15500, unique states=302381, generated=302380, iqn_calls=0
  [sim 16000] root visits=16000, unique states=312086, generated=312085, iqn_calls=0
[Final] Expanded: 313609, Generated: 313609
[Cost] IQN forward calls (Bellman signal): 0
[Widen] nodes widened: 0, mean w: 0.0000
[search done] simulations=16079, unique states generated=313609
Failed to find a solution!
