Torch: 2.12.0+cu130
Using CPU.
[Bellman] lambda=0 -> baseline (no widening signal)
[Value] SELF-CONSISTENT: leaf value = QR-DQN max_a mean Z(s,a) (SAC critics bypassed; prior still SAC policy)
/u/ibrahim.eisawy/Neural-Guided-Search/venv/lib/python3.10/site-packages/pymimir_rgnn/model.py:162: UserWarning: index_reduce() is in beta and the API may change at any time. (Triggered internally at /pytorch/aten/src/ATen/native/TensorAdvancedIndexing.cpp:1514.)
  exps_max.index_reduce_(0, output_indices, output_messages, reduce="amax", include_self=False)
  [sim 100] found goal path of length 28
[Final] Expanded: 4046, Generated: 4046
[Cost] IQN forward calls (Bellman signal): 0
[Widen] nodes widened: 0, mean w: 0.0000
[search done] simulations=100, unique states generated=4046
Found a solution of length 28!
   1: (load-airplane p2 a0 l0-0)
   2: (load-airplane p19 a0 l0-0)
   3: (load-airplane p5 a0 l0-0)
   4: (load-airplane p11 a0 l0-0)
   5: (fly-airplane a0 l0-0 l1-0)
   6: (unload-airplane p5 a0 l1-0)
   7: (unload-airplane p19 a0 l1-0)
   8: (unload-airplane p11 a0 l1-0)
   9: (unload-airplane p2 a0 l1-0)
  10: (load-airplane p1 a1 l1-0)
  11: (load-airplane p9 a1 l1-0)
  12: (load-airplane p10 a1 l1-0)
  13: (load-airplane p14 a1 l1-0)
  14: (load-airplane p17 a1 l1-0)
  15: (load-airplane p16 a1 l1-0)
  16: (load-airplane p25 a1 l1-0)
  17: (load-airplane p21 a1 l1-0)
  18: (load-airplane p23 a1 l1-0)
  19: (fly-airplane a1 l1-0 l0-0)
  20: (unload-airplane p1 a1 l0-0)
  21: (unload-airplane p9 a1 l0-0)
  22: (unload-airplane p10 a1 l0-0)
  23: (unload-airplane p14 a1 l0-0)
  24: (unload-airplane p16 a1 l0-0)
  25: (unload-airplane p17 a1 l0-0)
  26: (unload-airplane p21 a1 l0-0)
  27: (unload-airplane p23 a1 l0-0)
  28: (unload-airplane p25 a1 l0-0)
