/u/ibrahim.eisawy/Neural-Guided-Search/venv/lib/python3.10/site-packages/pymimir_rgnn/model.py:151: UserWarning: index_reduce() is in beta and the API may change at any time. (Triggered internally at /pytorch/aten/src/ATen/native/cuda/Indexing.cu:1541.)
  max_msg.index_reduce_(0, output_indices, output_messages, reduce='amax', include_self=True)
Torch: 2.12.0+cu130
Using GPU:  NVIDIA L40S
36.951: (calibrate rover1 camera6 objective8 waypoint40)
35.698: (take_image rover1 waypoint40 objective1 camera6 high_res)
34.608: (navigate rover0 waypoint41 waypoint39)
34.202: (calibrate rover0 camera14 objective9 waypoint39)
33.943: (calibrate rover1 camera6 objective8 waypoint40)
33.882: (take_image rover0 waypoint39 objective1 camera14 high_res)
33.634: (calibrate rover0 camera14 objective9 waypoint39)
33.612: (navigate rover1 waypoint40 waypoint22)
31.109: (calibrate rover1 camera5 objective10 waypoint22)
30.275: (take_image rover1 waypoint22 objective11 camera6 high_res)
29.417: (take_image rover1 waypoint22 objective1 camera5 colour)
26.869: (calibrate rover1 camera5 objective10 waypoint22)
25.661: (navigate rover1 waypoint22 waypoint16)
23.546: (communicate_image_data rover1 general objective11 high_res waypoint16 waypoint43)
22.923: (take_image rover1 waypoint16 objective12 camera5 colour)
21.978: (communicate_image_data rover1 general objective12 colour waypoint16 waypoint43)
21.133: (navigate rover1 waypoint16 waypoint43)
20.890: (navigate rover0 waypoint39 waypoint38)
20.876: (calibrate rover1 camera6 objective8 waypoint43)
20.821: (take_image rover1 waypoint43 objective5 camera6 high_res)
20.808: (calibrate rover1 camera6 objective8 waypoint43)
20.800: (calibrate rover1 camera7 objective10 waypoint43)
20.805: (take_image rover1 waypoint43 objective12 camera7 high_res)
20.797: (calibrate rover1 camera7 objective10 waypoint43)
20.804: (take_image rover1 waypoint43 objective8 camera7 high_res)
20.797: (calibrate rover1 camera7 objective10 waypoint43)
20.806: (take_image rover1 waypoint43 objective11 camera6 high_res)
20.814: (take_image rover1 waypoint43 objective5 camera7 high_res)
20.842: (calibrate rover1 camera11 objective2 waypoint43)
20.789: (take_image rover1 waypoint43 objective5 camera11 colour)
20.781: (calibrate rover1 camera6 objective8 waypoint43)
20.772: (calibrate rover1 camera7 objective10 waypoint43)
20.782: (take_image rover1 waypoint43 objective5 camera6 high_res)
20.791: (take_image rover1 waypoint43 objective2 camera7 high_res)
20.782: (calibrate rover1 camera7 objective10 waypoint43)
20.773: (calibrate rover1 camera6 objective8 waypoint43)
20.783: (take_image rover1 waypoint43 objective5 camera7 high_res)
20.796: (take_image rover1 waypoint43 objective10 camera6 high_res)
20.789: (calibrate rover1 camera6 objective8 waypoint43)
20.785: (calibrate rover1 camera7 objective10 waypoint43)
20.793: (take_image rover1 waypoint43 objective8 camera6 high_res)
20.824: (calibrate rover1 camera11 objective2 waypoint43)
20.771: (take_image rover1 waypoint43 objective10 camera11 colour)
20.762: (calibrate rover1 camera6 objective8 waypoint43)
20.766: (take_image rover1 waypoint43 objective10 camera7 high_res)
20.774: (take_image rover1 waypoint43 objective11 camera6 high_res)
20.808: (calibrate rover1 camera11 objective2 waypoint43)
20.757: (take_image rover1 waypoint43 objective8 camera11 colour)
20.748: (calibrate rover1 camera6 objective8 waypoint43)
20.743: (calibrate rover1 camera7 objective10 waypoint43)
20.754: (take_image rover1 waypoint43 objective8 camera6 high_res)
20.794: (calibrate rover1 camera11 objective2 waypoint43)
20.737: (take_image rover1 waypoint43 objective2 camera11 colour)
20.725: (calibrate rover1 camera6 objective8 waypoint43)
20.732: (take_image rover1 waypoint43 objective2 camera7 high_res)
20.741: (take_image rover1 waypoint43 objective8 camera6 high_res)
20.777: (calibrate rover1 camera13 objective2 waypoint43)
20.729: (take_image rover1 waypoint43 objective11 camera13 colour)
20.717: (calibrate rover1 camera6 objective8 waypoint43)
20.709: (calibrate rover1 camera7 objective10 waypoint43)
20.722: (take_image rover1 waypoint43 objective12 camera6 high_res)
20.746: (calibrate rover1 camera13 objective2 waypoint43)
20.722: (take_image rover1 waypoint43 objective11 camera13 low_res)
20.709: (calibrate rover1 camera6 objective8 waypoint43)
20.716: (take_image rover1 waypoint43 objective2 camera7 high_res)
20.728: (take_image rover1 waypoint43 objective2 camera6 high_res)
20.751: (calibrate rover1 camera11 objective2 waypoint43)
20.727: (take_image rover1 waypoint43 objective2 camera11 low_res)
20.716: (calibrate rover1 camera6 objective8 waypoint43)
20.709: (calibrate rover1 camera7 objective10 waypoint43)
20.721: (take_image rover1 waypoint43 objective2 camera6 high_res)
20.752: (calibrate rover1 camera13 objective2 waypoint43)
20.721: (take_image rover1 waypoint43 objective10 camera13 low_res)
20.708: (calibrate rover1 camera6 objective8 waypoint43)
20.716: (take_image rover1 waypoint43 objective10 camera7 high_res)
20.727: (take_image rover1 waypoint43 objective12 camera6 high_res)
20.750: (calibrate rover1 camera11 objective2 waypoint43)
20.728: (take_image rover1 waypoint43 objective8 camera11 low_res)
20.716: (calibrate rover1 camera6 objective8 waypoint43)
20.708: (calibrate rover1 camera7 objective10 waypoint43)
20.721: (take_image rover1 waypoint43 objective2 camera6 high_res)
20.751: (calibrate rover1 camera11 objective2 waypoint43)
20.721: (take_image rover1 waypoint43 objective5 camera11 low_res)
20.708: (calibrate rover1 camera6 objective8 waypoint43)
20.715: (take_image rover1 waypoint43 objective8 camera7 high_res)
20.728: (take_image rover1 waypoint43 objective11 camera6 high_res)
20.750: (calibrate rover1 camera11 objective2 waypoint43)
20.728: (take_image rover1 waypoint43 objective12 camera11 low_res)
20.715: (calibrate rover1 camera6 objective8 waypoint43)
20.708: (calibrate rover1 camera7 objective10 waypoint43)
20.721: (take_image rover1 waypoint43 objective5 camera6 high_res)
20.752: (calibrate rover1 camera11 objective2 waypoint43)
20.742: (calibrate rover1 camera6 objective8 waypoint43)
20.736: (calibrate rover1 camera5 objective10 waypoint43)
20.732: (calibrate rover1 camera13 objective2 waypoint43)
20.734: (take_image rover1 waypoint43 objective12 camera7 high_res)
20.739: (take_image rover1 waypoint43 objective2 camera13 low_res)
20.745: (take_image rover1 waypoint43 objective12 camera5 high_res)
20.742: (calibrate rover1 camera13 objective2 waypoint43)
20.738: (calibrate rover1 camera7 objective10 waypoint43)
20.742: (take_image rover1 waypoint43 objective11 camera11 low_res)
20.736: (calibrate rover1 camera5 objective10 waypoint43)
20.739: (take_image rover1 waypoint43 objective8 camera7 high_res)
20.745: (take_image rover1 waypoint43 objective12 camera5 high_res)
20.750: (take_image rover1 waypoint43 objective12 camera6 high_res)
20.746: (calibrate rover1 camera5 objective10 waypoint43)
20.741: (calibrate rover1 camera11 objective2 waypoint43)
20.741: (calibrate rover1 camera7 objective10 waypoint43)
20.744: (take_image rover1 waypoint43 objective8 camera11 low_res)
20.751: (take_image rover1 waypoint43 objective12 camera5 high_res)
20.748: (calibrate rover1 camera11 objective2 waypoint43)
20.747: (take_image rover1 waypoint43 objective12 camera7 high_res)
20.750: (take_image rover1 waypoint43 objective2 camera13 low_res)
20.746: (calibrate rover1 camera5 objective10 waypoint43)
20.744: (calibrate rover1 camera7 objective10 waypoint43)
20.761: (take_image rover1 waypoint43 objective11 camera11 colour)
20.753: (calibrate rover1 camera6 objective8 waypoint43)
20.755: (take_image rover1 waypoint43 objective8 camera7 high_res)
20.762: (take_image rover1 waypoint43 objective5 camera6 high_res)
20.885: (take_image rover0 waypoint38 objective3 camera14 high_res)
20.858: (take_image rover1 waypoint43 objective11 camera5 high_res)
20.846: (calibrate rover1 camera6 objective8 waypoint43)
20.837: (calibrate rover1 camera7 objective10 waypoint43)
20.851: (take_image rover1 waypoint43 objective5 camera6 high_res)
20.875: (calibrate rover1 camera13 objective2 waypoint43)
20.865: (calibrate rover1 camera6 objective8 waypoint43)
20.857: (calibrate rover1 camera5 objective10 waypoint43)
20.854: (calibrate rover1 camera11 objective2 waypoint43)
20.856: (take_image rover1 waypoint43 objective11 camera13 low_res)
20.861: (take_image rover1 waypoint43 objective5 camera7 high_res)
20.857: (calibrate rover1 camera13 objective2 waypoint43)
20.861: (take_image rover1 waypoint43 objective11 camera11 low_res)
20.869: (take_image rover1 waypoint43 objective10 camera6 high_res)
20.864: (calibrate rover1 camera11 objective2 waypoint43)
20.864: (calibrate rover1 camera7 objective10 waypoint43)
20.866: (take_image rover1 waypoint43 objective10 camera13 colour)
20.869: (take_image rover1 waypoint43 objective10 camera7 high_res)
20.874: (take_image rover1 waypoint43 objective5 camera5 colour)
20.869: (calibrate rover1 camera6 objective8 waypoint43)
20.865: (calibrate rover1 camera7 objective10 waypoint43)
20.861: (calibrate rover1 camera13 objective2 waypoint43)
20.866: (take_image rover1 waypoint43 objective5 camera7 high_res)
20.869: (take_image rover1 waypoint43 objective11 camera11 low_res)
20.875: (take_image rover1 waypoint43 objective12 camera6 high_res)
20.872: (calibrate rover1 camera11 objective2 waypoint43)
20.872: (calibrate rover1 camera7 objective10 waypoint43)
20.875: (take_image rover1 waypoint43 objective2 camera13 colour)
21.188: (navigate rover0 waypoint38 waypoint39)
21.135: (calibrate rover0 camera14 objective9 waypoint39)
20.815: (navigate rover0 waypoint39 waypoint38)
20.791: (take_image rover1 waypoint43 objective10 camera11 colour)
20.778: (calibrate rover1 camera6 objective8 waypoint43)
20.785: (take_image rover1 waypoint43 objective10 camera7 high_res)
20.799: (take_image rover1 waypoint43 objective2 camera6 high_res)
20.814: (calibrate rover1 camera13 objective2 waypoint43)
20.808: (calibrate rover1 camera6 objective8 waypoint43)
20.801: (calibrate rover1 camera5 objective10 waypoint43)
20.797: (calibrate rover1 camera11 objective2 waypoint43)
20.794: (calibrate rover1 camera7 objective10 waypoint43)
20.797: (take_image rover1 waypoint43 objective5 camera11 colour)
20.804: (take_image rover1 waypoint43 objective12 camera5 colour)
20.801: (calibrate rover1 camera11 objective2 waypoint43)
20.805: (take_image rover1 waypoint43 objective11 camera13 low_res)
20.797: (calibrate rover1 camera5 objective10 waypoint43)
20.801: (take_image rover1 waypoint43 objective5 camera7 high_res)
20.808: (take_image rover1 waypoint43 objective8 camera5 colour)
20.805: (calibrate rover1 camera13 objective2 waypoint43)
20.811: (take_image rover1 waypoint43 objective12 camera6 high_res)
20.805: (calibrate rover1 camera5 objective10 waypoint43)
20.803: (calibrate rover1 camera7 objective10 waypoint43)
20.806: (take_image rover1 waypoint43 objective5 camera13 colour)
20.809: (take_image rover1 waypoint43 objective10 camera7 high_res)
20.814: (take_image rover1 waypoint43 objective2 camera5 colour)
20.885: (take_image rover0 waypoint38 objective8 camera14 high_res)
20.870: (take_image rover1 waypoint43 objective8 camera11 colour)
20.858: (calibrate rover1 camera6 objective8 waypoint43)
20.849: (calibrate rover1 camera7 objective10 waypoint43)
20.863: (take_image rover1 waypoint43 objective8 camera6 high_res)
20.886: (calibrate rover1 camera13 objective2 waypoint43)
20.876: (calibrate rover1 camera6 objective8 waypoint43)
20.868: (calibrate rover1 camera5 objective10 waypoint43)
20.864: (calibrate rover1 camera11 objective2 waypoint43)
20.868: (take_image rover1 waypoint43 objective8 camera13 low_res)
20.872: (take_image rover1 waypoint43 objective5 camera7 high_res)
20.868: (calibrate rover1 camera13 objective2 waypoint43)
20.872: (take_image rover1 waypoint43 objective12 camera11 low_res)
20.879: (take_image rover1 waypoint43 objective2 camera6 high_res)
20.875: (calibrate rover1 camera11 objective2 waypoint43)
20.875: (calibrate rover1 camera7 objective10 waypoint43)
20.877: (take_image rover1 waypoint43 objective5 camera13 colour)
20.879: (take_image rover1 waypoint43 objective2 camera7 high_res)
20.896: (take_image rover1 waypoint43 objective2 camera11 colour)
20.889: (calibrate rover1 camera6 objective8 waypoint43)
20.886: (calibrate rover1 camera7 objective10 waypoint43)
20.895: (take_image rover1 waypoint43 objective10 camera6 high_res)
20.878: (calibrate rover1 camera13 objective2 waypoint43)
21.200: (navigate rover0 waypoint38 waypoint39)
21.149: (calibrate rover0 camera14 objective9 waypoint39)
20.818: (navigate rover0 waypoint39 waypoint38)
20.808: (calibrate rover1 camera6 objective8 waypoint43)
20.805: (calibrate rover1 camera11 objective2 waypoint43)
20.807: (take_image rover1 waypoint43 objective12 camera7 high_res)
20.812: (take_image rover1 waypoint43 objective2 camera13 colour)
20.809: (calibrate rover1 camera7 objective10 waypoint43)
20.815: (take_image rover1 waypoint43 objective10 camera5 colour)
20.789: (take_image rover1 waypoint43 objective5 camera11 colour)
20.798: (take_image rover1 waypoint43 objective2 camera7 high_res)
20.811: (take_image rover1 waypoint43 objective10 camera6 high_res)
20.803: (calibrate rover1 camera7 objective10 waypoint43)
20.826: (calibrate rover1 camera13 objective2 waypoint43)
20.816: (calibrate rover1 camera6 objective8 waypoint43)
20.812: (calibrate rover1 camera11 objective2 waypoint43)
20.816: (take_image rover1 waypoint43 objective12 camera7 high_res)
20.819: (take_image rover1 waypoint43 objective11 camera13 low_res)
20.825: (take_image rover1 waypoint43 objective5 camera6 high_res)
20.820: (calibrate rover1 camera5 objective10 waypoint43)
20.815: (calibrate rover1 camera13 objective2 waypoint43)
20.815: (calibrate rover1 camera7 objective10 waypoint43)
20.818: (take_image rover1 waypoint43 objective12 camera13 low_res)
20.826: (take_image rover1 waypoint43 objective8 camera5 colour)
20.822: (calibrate rover1 camera13 objective2 waypoint43)
20.822: (take_image rover1 waypoint43 objective2 camera7 high_res)
20.825: (take_image rover1 waypoint43 objective5 camera11 colour)
20.820: (calibrate rover1 camera6 objective8 waypoint43)
20.813: (calibrate rover1 camera5 objective10 waypoint43)
20.820: (take_image rover1 waypoint43 objective2 camera6 high_res)
20.836: (take_image rover1 waypoint43 objective5 camera13 low_res)
20.829: (calibrate rover1 camera6 objective8 waypoint43)
20.826: (calibrate rover1 camera7 objective10 waypoint43)
20.835: (take_image rover1 waypoint43 objective12 camera6 high_res)
20.896: (take_image rover0 waypoint38 objective10 camera14 high_res)
20.865: (take_image rover1 waypoint43 objective2 camera5 high_res)
20.851: (calibrate rover1 camera6 objective8 waypoint43)
20.860: (take_image rover1 waypoint43 objective2 camera7 high_res)
20.872: (take_image rover1 waypoint43 objective10 camera6 high_res)
20.887: (calibrate rover1 camera13 objective2 waypoint43)
20.881: (calibrate rover1 camera5 objective10 waypoint43)
20.873: (calibrate rover1 camera6 objective8 waypoint43)
20.868: (calibrate rover1 camera7 objective10 waypoint43)
20.865: (calibrate rover1 camera11 objective2 waypoint43)
20.868: (take_image rover1 waypoint43 objective5 camera13 low_res)
20.873: (take_image rover1 waypoint43 objective10 camera7 high_res)
20.869: (calibrate rover1 camera13 objective2 waypoint43)
20.877: (take_image rover1 waypoint43 objective12 camera6 high_res)
20.876: (calibrate rover1 camera7 objective10 waypoint43)
20.878: (take_image rover1 waypoint43 objective8 camera11 low_res)
20.888: (take_image rover1 waypoint43 objective5 camera5 high_res)
20.877: (calibrate rover1 camera6 objective8 waypoint43)
20.873: (calibrate rover1 camera11 objective2 waypoint43)
20.877: (take_image rover1 waypoint43 objective12 camera13 low_res)
20.881: (take_image rover1 waypoint43 objective8 camera7 high_res)
20.878: (calibrate rover1 camera13 objective2 waypoint43)
20.881: (take_image rover1 waypoint43 objective8 camera11 colour)
21.204: (navigate rover0 waypoint38 waypoint39)
21.153: (calibrate rover0 camera14 objective9 waypoint39)
20.821: (navigate rover0 waypoint39 waypoint38)
20.799: (take_image rover1 waypoint43 objective8 camera13 colour)
20.791: (calibrate rover1 camera7 objective10 waypoint43)
20.805: (take_image rover1 waypoint43 objective10 camera6 high_res)
20.813: (take_image rover1 waypoint43 objective5 camera7 high_res)
20.826: (calibrate rover1 camera11 objective2 waypoint43)
20.821: (calibrate rover1 camera6 objective8 waypoint43)
20.814: (calibrate rover1 camera5 objective10 waypoint43)
20.809: (calibrate rover1 camera13 objective2 waypoint43)
20.805: (calibrate rover1 camera7 objective10 waypoint43)
20.809: (take_image rover1 waypoint43 objective5 camera13 low_res)
20.817: (take_image rover1 waypoint43 objective11 camera5 colour)
20.813: (calibrate rover1 camera13 objective2 waypoint43)
20.817: (take_image rover1 waypoint43 objective5 camera11 low_res)
20.809: (calibrate rover1 camera5 objective10 waypoint43)
20.814: (take_image rover1 waypoint43 objective11 camera7 high_res)
20.822: (take_image rover1 waypoint43 objective2 camera6 high_res)
20.817: (calibrate rover1 camera11 objective2 waypoint43)
20.816: (calibrate rover1 camera7 objective10 waypoint43)
20.819: (take_image rover1 waypoint43 objective5 camera11 colour)
20.828: (take_image rover1 waypoint43 objective10 camera5 colour)
20.824: (calibrate rover1 camera11 objective2 waypoint43)
20.823: (take_image rover1 waypoint43 objective2 camera7 high_res)
20.818: (calibrate rover1 camera6 objective8 waypoint43)
20.885: (take_image rover0 waypoint38 objective0 camera14 high_res)
20.875: (calibrate rover1 camera5 objective10 waypoint43)
20.873: (calibrate rover1 camera7 objective10 waypoint43)
20.874: (take_image rover1 waypoint43 objective12 camera13 low_res)
20.878: (take_image rover1 waypoint43 objective2 camera7 high_res)
20.885: (take_image rover1 waypoint43 objective12 camera6 high_res)
20.883: (calibrate rover1 camera13 objective2 waypoint43)
20.883: (calibrate rover1 camera7 objective10 waypoint43)
20.884: (take_image rover1 waypoint43 objective10 camera13 colour)
20.892: (take_image rover1 waypoint43 objective11 camera5 colour)
20.871: (take_image rover1 waypoint43 objective8 camera11 colour)
20.857: (calibrate rover1 camera6 objective8 waypoint43)
20.866: (take_image rover1 waypoint43 objective12 camera7 high_res)
20.879: (take_image rover1 waypoint43 objective12 camera6 high_res)
20.892: (calibrate rover1 camera13 objective2 waypoint43)
20.886: (calibrate rover1 camera5 objective10 waypoint43)
20.878: (calibrate rover1 camera6 objective8 waypoint43)
20.874: (calibrate rover1 camera7 objective10 waypoint43)
20.881: (take_image rover1 waypoint43 objective2 camera5 colour)
20.879: (calibrate rover1 camera11 objective2 waypoint43)
20.881: (take_image rover1 waypoint43 objective5 camera13 colour)
20.887: (take_image rover1 waypoint43 objective2 camera7 high_res)
20.892: (take_image rover1 waypoint43 objective8 camera6 high_res)
20.891: (calibrate rover1 camera13 objective2 waypoint43)
20.890: (calibrate rover1 camera7 objective10 waypoint43)
20.892: (take_image rover1 waypoint43 objective2 camera11 colour)
20.885: (calibrate rover1 camera5 objective10 waypoint43)
20.902: (take_image rover1 waypoint43 objective2 camera13 colour)
20.892: (calibrate rover1 camera6 objective8 waypoint43)
20.895: (take_image rover1 waypoint43 objective10 camera7 high_res)
20.902: (take_image rover1 waypoint43 objective10 camera6 high_res)
21.230: (navigate rover0 waypoint38 waypoint39)
21.167: (take_image rover1 waypoint43 objective12 camera5 high_res)
21.114: (calibrate rover0 camera14 objective9 waypoint39)
20.819: (navigate rover0 waypoint39 waypoint38)
20.806: (calibrate rover1 camera6 objective8 waypoint43)
20.797: (calibrate rover1 camera7 objective10 waypoint43)
20.810: (take_image rover1 waypoint43 objective10 camera6 high_res)
20.832: (calibrate rover1 camera13 objective2 waypoint43)
20.821: (calibrate rover1 camera6 objective8 waypoint43)
20.814: (calibrate rover1 camera5 objective10 waypoint43)
20.812: (calibrate rover1 camera11 objective2 waypoint43)
20.814: (take_image rover1 waypoint43 objective2 camera13 low_res)
20.818: (take_image rover1 waypoint43 objective12 camera7 high_res)
20.814: (calibrate rover1 camera13 objective2 waypoint43)
20.817: (take_image rover1 waypoint43 objective11 camera11 low_res)
20.826: (take_image rover1 waypoint43 objective10 camera6 high_res)
20.822: (calibrate rover1 camera11 objective2 waypoint43)
20.822: (calibrate rover1 camera7 objective10 waypoint43)
20.824: (take_image rover1 waypoint43 objective5 camera11 low_res)
20.842: (take_image rover1 waypoint43 objective2 camera13 colour)
20.825: (calibrate rover1 camera11 objective2 waypoint43)
20.826: (take_image rover1 waypoint43 objective10 camera7 high_res)
20.831: (take_image rover1 waypoint43 objective2 camera5 high_res)
20.826: (calibrate rover1 camera6 objective8 waypoint43)
20.821: (calibrate rover1 camera7 objective10 waypoint43)
20.818: (calibrate rover1 camera13 objective2 waypoint43)
20.824: (take_image rover1 waypoint43 objective12 camera7 high_res)
20.826: (take_image rover1 waypoint43 objective11 camera11 colour)
20.831: (take_image rover1 waypoint43 objective8 camera6 high_res)
20.829: (calibrate rover1 camera11 objective2 waypoint43)
20.829: (calibrate rover1 camera7 objective10 waypoint43)
20.831: (take_image rover1 waypoint43 objective5 camera13 colour)
20.902: (take_image rover0 waypoint38 objective12 camera14 high_res)
20.883: (take_image rover1 waypoint43 objective2 camera11 low_res)
20.869: (calibrate rover1 camera6 objective8 waypoint43)
20.878: (take_image rover1 waypoint43 objective2 camera7 high_res)
20.891: (take_image rover1 waypoint43 objective12 camera6 high_res)
20.903: (calibrate rover1 camera11 objective2 waypoint43)
20.896: (calibrate rover1 camera5 objective10 waypoint43)
20.888: (calibrate rover1 camera6 objective8 waypoint43)
20.885: (calibrate rover1 camera7 objective10 waypoint43)
20.883: (calibrate rover1 camera13 objective2 waypoint43)
20.884: (take_image rover1 waypoint43 objective12 camera11 low_res)
20.888: (take_image rover1 waypoint43 objective2 camera7 high_res)
20.885: (calibrate rover1 camera11 objective2 waypoint43)
20.893: (take_image rover1 waypoint43 objective8 camera6 high_res)
20.893: (calibrate rover1 camera7 objective10 waypoint43)
20.895: (take_image rover1 waypoint43 objective10 camera13 low_res)
20.912: (take_image rover1 waypoint43 objective8 camera11 colour)
20.895: (calibrate rover1 camera13 objective2 waypoint43)
20.896: (take_image rover1 waypoint43 objective8 camera7 high_res)
20.903: (take_image rover1 waypoint43 objective11 camera5 high_res)
20.897: (calibrate rover1 camera6 objective8 waypoint43)
20.891: (calibrate rover1 camera7 objective10 waypoint43)
20.889: (calibrate rover1 camera11 objective2 waypoint43)
20.891: (take_image rover1 waypoint43 objective12 camera13 low_res)
20.897: (take_image rover1 waypoint43 objective12 camera7 high_res)
20.895: (calibrate rover1 camera13 objective2 waypoint43)
20.903: (take_image rover1 waypoint43 objective12 camera6 high_res)
20.901: (calibrate rover1 camera7 objective10 waypoint43)
20.902: (take_image rover1 waypoint43 objective11 camera11 colour)
21.231: (navigate rover0 waypoint38 waypoint39)
21.178: (calibrate rover0 camera14 objective9 waypoint39)
20.842: (navigate rover0 waypoint39 waypoint38)
20.822: (take_image rover1 waypoint43 objective11 camera13 colour)
20.808: (calibrate rover1 camera6 objective8 waypoint43)
20.817: (take_image rover1 waypoint43 objective2 camera7 high_res)
20.831: (take_image rover1 waypoint43 objective2 camera6 high_res)
20.842: (calibrate rover1 camera13 objective2 waypoint43)
20.836: (calibrate rover1 camera6 objective8 waypoint43)
20.827: (calibrate rover1 camera5 objective10 waypoint43)
20.824: (calibrate rover1 camera11 objective2 waypoint43)
20.822: (calibrate rover1 camera7 objective10 waypoint43)
20.824: (take_image rover1 waypoint43 objective5 camera11 colour)
20.831: (take_image rover1 waypoint43 objective8 camera5 colour)
20.828: (calibrate rover1 camera11 objective2 waypoint43)
20.831: (take_image rover1 waypoint43 objective8 camera13 colour)
20.824: (calibrate rover1 camera5 objective10 waypoint43)
20.827: (take_image rover1 waypoint43 objective11 camera7 high_res)
20.836: (take_image rover1 waypoint43 objective8 camera5 colour)
20.834: (calibrate rover1 camera13 objective2 waypoint43)
20.841: (take_image rover1 waypoint43 objective12 camera6 high_res)
20.833: (calibrate rover1 camera5 objective10 waypoint43)
20.832: (calibrate rover1 camera7 objective10 waypoint43)
20.834: (take_image rover1 waypoint43 objective8 camera11 colour)
20.836: (take_image rover1 waypoint43 objective10 camera7 high_res)
20.852: (take_image rover1 waypoint43 objective10 camera13 low_res)
20.836: (calibrate rover1 camera11 objective2 waypoint43)
20.835: (calibrate rover1 camera7 objective10 waypoint43)
20.841: (take_image rover1 waypoint43 objective10 camera5 colour)
20.839: (calibrate rover1 camera13 objective2 waypoint43)
21.168: (navigate rover0 waypoint38 waypoint39)
21.157: (calibrate rover1 camera6 objective8 waypoint43)
21.151: (calibrate rover1 camera5 objective10 waypoint43)
21.155: (take_image rover1 waypoint43 objective12 camera7 high_res)
21.164: (take_image rover1 waypoint43 objective12 camera6 high_res)
21.163: (calibrate rover1 camera7 objective10 waypoint43)
21.173: (take_image rover1 waypoint43 objective10 camera11 colour)
21.162: (calibrate rover1 camera6 objective8 waypoint43)
21.164: (take_image rover1 waypoint43 objective11 camera7 high_res)
21.174: (take_image rover1 waypoint43 objective8 camera6 high_res)
21.181: (take_image rover1 waypoint43 objective2 camera5 colour)
21.132: (take_image rover1 waypoint43 objective12 camera13 low_res)
21.138: (calibrate rover0 camera12 objective9 waypoint39)
20.836: (navigate rover0 waypoint39 waypoint38)
20.821: (calibrate rover1 camera6 objective8 waypoint43)
20.812: (calibrate rover1 camera7 objective10 waypoint43)
20.804: (take_image rover0 waypoint38 objective3 camera12 low_res)
20.813: (take_image rover1 waypoint43 objective2 camera7 high_res)
20.827: (take_image rover1 waypoint43 objective5 camera6 high_res)
20.818: (calibrate rover1 camera7 objective10 waypoint43)
20.838: (calibrate rover1 camera11 objective2 waypoint43)
20.827: (calibrate rover1 camera6 objective8 waypoint43)
20.820: (calibrate rover1 camera5 objective10 waypoint43)
20.818: (calibrate rover1 camera13 objective2 waypoint43)
20.819: (take_image rover1 waypoint43 objective11 camera7 high_res)
20.823: (take_image rover1 waypoint43 objective12 camera13 low_res)
20.831: (take_image rover1 waypoint43 objective5 camera5 colour)
20.830: (calibrate rover1 camera13 objective2 waypoint43)
20.824: (calibrate rover1 camera7 objective10 waypoint43)
20.827: (take_image rover1 waypoint43 objective5 camera11 low_res)
20.820: (calibrate rover1 camera5 objective10 waypoint43)
20.823: (take_image rover1 waypoint43 objective10 camera7 high_res)
20.831: (take_image rover1 waypoint43 objective5 camera5 colour)
20.838: (take_image rover1 waypoint43 objective12 camera6 high_res)
20.832: (calibrate rover1 camera5 objective10 waypoint43)
20.829: (calibrate rover1 camera11 objective2 waypoint43)
20.828: (calibrate rover1 camera7 objective10 waypoint43)
20.830: (take_image rover1 waypoint43 objective10 camera11 colour)
20.838: (take_image rover1 waypoint43 objective5 camera5 colour)
20.835: (calibrate rover1 camera11 objective2 waypoint43)
20.837: (take_image rover1 waypoint43 objective8 camera7 high_res)
20.838: (take_image rover1 waypoint43 objective2 camera13 colour)
20.832: (calibrate rover1 camera5 objective10 waypoint43)
20.830: (calibrate rover1 camera7 objective10 waypoint43)
20.847: (take_image rover1 waypoint43 objective8 camera11 low_res)
20.838: (calibrate rover1 camera6 objective8 waypoint43)
20.840: (take_image rover1 waypoint43 objective12 camera7 high_res)
20.848: (take_image rover1 waypoint43 objective2 camera6 high_res)
20.909: (take_image rover0 waypoint38 objective3 camera14 high_res)
20.887: (take_image rover1 waypoint43 objective5 camera5 high_res)
20.874: (calibrate rover1 camera6 objective8 waypoint43)
20.864: (calibrate rover1 camera7 objective10 waypoint43)
20.879: (take_image rover1 waypoint43 objective11 camera6 high_res)
20.898: (calibrate rover1 camera11 objective2 waypoint43)
20.887: (calibrate rover1 camera6 objective8 waypoint43)
20.880: (calibrate rover1 camera5 objective10 waypoint43)
20.879: (calibrate rover1 camera13 objective2 waypoint43)
20.880: (take_image rover1 waypoint43 objective2 camera11 colour)
20.883: (take_image rover1 waypoint43 objective2 camera7 high_res)
20.881: (calibrate rover1 camera11 objective2 waypoint43)
20.883: (take_image rover1 waypoint43 objective10 camera13 colour)
20.891: (take_image rover1 waypoint43 objective10 camera6 high_res)
20.889: (calibrate rover1 camera13 objective2 waypoint43)
20.889: (calibrate rover1 camera7 objective10 waypoint43)
20.890: (take_image rover1 waypoint43 objective12 camera11 colour)
20.891: (take_image rover1 waypoint43 objective12 camera7 high_res)
20.899: (take_image rover1 waypoint43 objective2 camera5 colour)
20.892: (calibrate rover1 camera6 objective8 waypoint43)
20.887: (calibrate rover1 camera7 objective10 waypoint43)
20.885: (calibrate rover1 camera11 objective2 waypoint43)
20.891: (take_image rover1 waypoint43 objective10 camera7 high_res)
20.892: (take_image rover1 waypoint43 objective8 camera13 low_res)
20.899: (take_image rover1 waypoint43 objective12 camera6 high_res)
20.898: (calibrate rover1 camera13 objective2 waypoint43)
20.896: (calibrate rover1 camera7 objective10 waypoint43)
20.898: (take_image rover1 waypoint43 objective8 camera11 low_res)
21.226: (navigate rover0 waypoint38 waypoint39)
21.173: (calibrate rover0 camera14 objective9 waypoint39)
21.138: (take_image rover1 waypoint43 objective8 camera13 colour)
21.127: (calibrate rover1 camera6 objective8 waypoint43)
21.133: (calibrate rover0 camera12 objective9 waypoint39)
20.808: (navigate rover0 waypoint39 waypoint38)
20.804: (take_image rover0 waypoint38 objective10 camera12 low_res)
20.813: (take_image rover1 waypoint43 objective5 camera7 high_res)
20.827: (take_image rover1 waypoint43 objective8 camera6 high_res)
20.818: (calibrate rover1 camera7 objective10 waypoint43)
20.838: (calibrate rover1 camera13 objective2 waypoint43)
20.827: (calibrate rover1 camera6 objective8 waypoint43)
20.820: (calibrate rover1 camera5 objective10 waypoint43)
20.818: (calibrate rover1 camera11 objective2 waypoint43)
20.819: (take_image rover1 waypoint43 objective11 camera7 high_res)
20.823: (take_image rover1 waypoint43 objective2 camera11 colour)
20.831: (take_image rover1 waypoint43 objective11 camera5 high_res)
20.830: (calibrate rover1 camera11 objective2 waypoint43)
20.824: (calibrate rover1 camera7 objective10 waypoint43)
20.826: (take_image rover1 waypoint43 objective11 camera13 colour)
20.820: (calibrate rover1 camera5 objective10 waypoint43)
20.823: (take_image rover1 waypoint43 objective5 camera7 high_res)
20.831: (take_image rover1 waypoint43 objective11 camera5 high_res)
20.839: (take_image rover1 waypoint43 objective8 camera6 high_res)
20.832: (calibrate rover1 camera5 objective10 waypoint43)
20.829: (calibrate rover1 camera13 objective2 waypoint43)
20.829: (calibrate rover1 camera7 objective10 waypoint43)
20.830: (take_image rover1 waypoint43 objective10 camera11 low_res)
20.832: (take_image rover1 waypoint43 objective2 camera7 high_res)
20.838: (take_image rover1 waypoint43 objective10 camera5 colour)
20.837: (calibrate rover1 camera11 objective2 waypoint43)
20.836: (calibrate rover1 camera7 objective10 waypoint43)
20.837: (take_image rover1 waypoint43 objective12 camera13 colour)
20.831: (calibrate rover1 camera5 objective10 waypoint43)
20.847: (take_image rover1 waypoint43 objective2 camera11 low_res)
20.837: (calibrate rover1 camera6 objective8 waypoint43)
20.840: (take_image rover1 waypoint43 objective5 camera7 high_res)
20.848: (take_image rover1 waypoint43 objective2 camera6 high_res)
20.908: (take_image rover0 waypoint38 objective8 camera14 high_res)
20.887: (take_image rover1 waypoint43 objective2 camera5 colour)
20.874: (calibrate rover1 camera6 objective8 waypoint43)
20.865: (calibrate rover1 camera7 objective10 waypoint43)
20.879: (take_image rover1 waypoint43 objective8 camera6 high_res)
20.898: (calibrate rover1 camera11 objective2 waypoint43)
20.887: (calibrate rover1 camera6 objective8 waypoint43)
20.881: (calibrate rover1 camera5 objective10 waypoint43)
20.879: (calibrate rover1 camera13 objective2 waypoint43)
20.880: (take_image rover1 waypoint43 objective11 camera11 low_res)
20.884: (take_image rover1 waypoint43 objective2 camera7 high_res)
20.881: (calibrate rover1 camera11 objective2 waypoint43)
20.884: (take_image rover1 waypoint43 objective11 camera13 colour)
20.892: (take_image rover1 waypoint43 objective10 camera6 high_res)
20.889: (calibrate rover1 camera13 objective2 waypoint43)
20.890: (calibrate rover1 camera7 objective10 waypoint43)
20.891: (take_image rover1 waypoint43 objective2 camera11 colour)
20.892: (take_image rover1 waypoint43 objective10 camera7 high_res)
20.899: (take_image rover1 waypoint43 objective12 camera5 high_res)
20.893: (calibrate rover1 camera6 objective8 waypoint43)
20.887: (calibrate rover1 camera7 objective10 waypoint43)
20.885: (calibrate rover1 camera11 objective2 waypoint43)
20.891: (take_image rover1 waypoint43 objective11 camera7 high_res)
20.892: (take_image rover1 waypoint43 objective2 camera13 colour)
20.900: (take_image rover1 waypoint43 objective2 camera6 high_res)
20.899: (calibrate rover1 camera13 objective2 waypoint43)
20.897: (calibrate rover1 camera7 objective10 waypoint43)
20.898: (take_image rover1 waypoint43 objective12 camera11 low_res)
21.226: (navigate rover0 waypoint38 waypoint39)
21.173: (calibrate rover0 camera14 objective9 waypoint39)
21.137: (take_image rover1 waypoint43 objective8 camera13 colour)
21.127: (calibrate rover1 camera6 objective8 waypoint43)
21.132: (calibrate rover0 camera12 objective9 waypoint39)
20.808: (navigate rover0 waypoint39 waypoint38)
20.804: (take_image rover0 waypoint38 objective8 camera12 low_res)
20.813: (take_image rover1 waypoint43 objective2 camera7 high_res)
20.827: (take_image rover1 waypoint43 objective11 camera6 high_res)
20.818: (calibrate rover1 camera7 objective10 waypoint43)
20.838: (calibrate rover1 camera13 objective2 waypoint43)
20.826: (calibrate rover1 camera6 objective8 waypoint43)
20.820: (calibrate rover1 camera5 objective10 waypoint43)
20.818: (calibrate rover1 camera11 objective2 waypoint43)
20.819: (take_image rover1 waypoint43 objective12 camera7 high_res)
20.823: (take_image rover1 waypoint43 objective12 camera13 low_res)
20.820: (calibrate rover1 camera7 objective10 waypoint43)
20.826: (take_image rover1 waypoint43 objective11 camera5 colour)
20.824: (calibrate rover1 camera13 objective2 waypoint43)
20.829: (take_image rover1 waypoint43 objective12 camera7 high_res)
20.831: (take_image rover1 waypoint43 objective11 camera13 low_res)
20.838: (take_image rover1 waypoint43 objective8 camera6 high_res)
20.832: (calibrate rover1 camera5 objective10 waypoint43)
20.829: (calibrate rover1 camera13 objective2 waypoint43)
20.828: (calibrate rover1 camera7 objective10 waypoint43)
20.830: (take_image rover1 waypoint43 objective8 camera11 low_res)
20.832: (take_image rover1 waypoint43 objective10 camera7 high_res)
20.823: (calibrate rover1 camera6 objective8 waypoint43)
20.831: (take_image rover1 waypoint43 objective11 camera5 high_res)
20.838: (take_image rover1 waypoint43 objective8 camera6 high_res)
20.837: (calibrate rover1 camera11 objective2 waypoint43)
20.835: (calibrate rover1 camera7 objective10 waypoint43)
20.837: (take_image rover1 waypoint43 objective8 camera13 colour)
20.831: (calibrate rover1 camera5 objective10 waypoint43)
20.847: (take_image rover1 waypoint43 objective2 camera11 colour)
20.837: (calibrate rover1 camera6 objective8 waypoint43)
20.839: (take_image rover1 waypoint43 objective5 camera7 high_res)
20.848: (take_image rover1 waypoint43 objective11 camera6 high_res)
20.908: (take_image rover0 waypoint38 objective10 camera14 high_res)
20.887: (take_image rover1 waypoint43 objective5 camera5 colour)
20.874: (calibrate rover1 camera6 objective8 waypoint43)
20.864: (calibrate rover1 camera7 objective10 waypoint43)
20.878: (take_image rover1 waypoint43 objective10 camera6 high_res)
20.898: (calibrate rover1 camera11 objective2 waypoint43)
20.887: (calibrate rover1 camera6 objective8 waypoint43)
20.880: (calibrate rover1 camera5 objective10 waypoint43)
20.879: (calibrate rover1 camera13 objective2 waypoint43)
20.880: (take_image rover1 waypoint43 objective12 camera11 low_res)
20.884: (take_image rover1 waypoint43 objective12 camera7 high_res)
20.881: (calibrate rover1 camera11 objective2 waypoint43)
20.884: (take_image rover1 waypoint43 objective10 camera13 colour)
20.892: (take_image rover1 waypoint43 objective12 camera6 high_res)
20.889: (calibrate rover1 camera13 objective2 waypoint43)
20.889: (calibrate rover1 camera7 objective10 waypoint43)
20.891: (take_image rover1 waypoint43 objective5 camera11 colour)
20.892: (take_image rover1 waypoint43 objective12 camera7 high_res)
20.899: (take_image rover1 waypoint43 objective12 camera5 high_res)
20.892: (calibrate rover1 camera6 objective8 waypoint43)
20.887: (calibrate rover1 camera7 objective10 waypoint43)
20.885: (calibrate rover1 camera11 objective2 waypoint43)
20.891: (take_image rover1 waypoint43 objective2 camera7 high_res)
20.892: (take_image rover1 waypoint43 objective2 camera13 colour)
20.899: (take_image rover1 waypoint43 objective12 camera6 high_res)
20.898: (calibrate rover1 camera13 objective2 waypoint43)
20.896: (calibrate rover1 camera7 objective10 waypoint43)
20.898: (take_image rover1 waypoint43 objective5 camera11 colour)
21.226: (navigate rover0 waypoint38 waypoint39)
21.173: (calibrate rover0 camera14 objective9 waypoint39)
21.137: (take_image rover1 waypoint43 objective12 camera13 colour)
21.126: (calibrate rover1 camera6 objective8 waypoint43)
21.132: (calibrate rover0 camera12 objective9 waypoint39)
20.807: (navigate rover0 waypoint39 waypoint38)
20.804: (take_image rover0 waypoint38 objective0 camera12 low_res)
20.813: (take_image rover1 waypoint43 objective2 camera7 high_res)
20.827: (take_image rover1 waypoint43 objective10 camera6 high_res)
20.818: (calibrate rover1 camera7 objective10 waypoint43)
20.838: (calibrate rover1 camera11 objective2 waypoint43)
20.827: (calibrate rover1 camera6 objective8 waypoint43)
20.821: (calibrate rover1 camera5 objective10 waypoint43)
20.818: (calibrate rover1 camera13 objective2 waypoint43)
20.820: (take_image rover1 waypoint43 objective8 camera7 high_res)
20.823: (take_image rover1 waypoint43 objective12 camera13 low_res)
20.831: (take_image rover1 waypoint43 objective11 camera5 colour)
20.830: (calibrate rover1 camera13 objective2 waypoint43)
20.824: (calibrate rover1 camera7 objective10 waypoint43)
20.826: (take_image rover1 waypoint43 objective11 camera11 colour)
20.821: (calibrate rover1 camera5 objective10 waypoint43)
20.824: (take_image rover1 waypoint43 objective2 camera7 high_res)
20.831: (take_image rover1 waypoint43 objective11 camera5 colour)
20.839: (take_image rover1 waypoint43 objective5 camera6 high_res)
20.832: (calibrate rover1 camera5 objective10 waypoint43)
20.829: (calibrate rover1 camera11 objective2 waypoint43)
20.829: (calibrate rover1 camera7 objective10 waypoint43)
20.831: (take_image rover1 waypoint43 objective10 camera11 colour)
20.838: (take_image rover1 waypoint43 objective8 camera5 colour)
20.836: (calibrate rover1 camera11 objective2 waypoint43)
20.837: (take_image rover1 waypoint43 objective2 camera7 high_res)
20.839: (take_image rover1 waypoint43 objective5 camera13 colour)
20.832: (calibrate rover1 camera5 objective10 waypoint43)
20.831: (calibrate rover1 camera7 objective10 waypoint43)
20.847: (take_image rover1 waypoint43 objective2 camera11 low_res)
20.837: (calibrate rover1 camera6 objective8 waypoint43)
20.839: (take_image rover1 waypoint43 objective12 camera7 high_res)
20.848: (take_image rover1 waypoint43 objective2 camera6 high_res)
20.908: (take_image rover0 waypoint38 objective10 camera14 high_res)
20.887: (take_image rover1 waypoint43 objective5 camera5 colour)
20.874: (calibrate rover1 camera6 objective8 waypoint43)
20.865: (calibrate rover1 camera7 objective10 waypoint43)
20.879: (take_image rover1 waypoint43 objective12 camera6 high_res)
20.898: (calibrate rover1 camera11 objective2 waypoint43)
20.887: (calibrate rover1 camera6 objective8 waypoint43)
20.880: (calibrate rover1 camera5 objective10 waypoint43)
20.879: (calibrate rover1 camera13 objective2 waypoint43)
20.880: (take_image rover1 waypoint43 objective5 camera11 colour)
20.884: (take_image rover1 waypoint43 objective12 camera7 high_res)
20.881: (calibrate rover1 camera11 objective2 waypoint43)
20.884: (take_image rover1 waypoint43 objective2 camera13 low_res)
20.892: (take_image rover1 waypoint43 objective5 camera6 high_res)
20.889: (calibrate rover1 camera13 objective2 waypoint43)
20.890: (calibrate rover1 camera7 objective10 waypoint43)
20.891: (take_image rover1 waypoint43 objective5 camera11 colour)
20.892: (take_image rover1 waypoint43 objective5 camera7 high_res)
20.899: (take_image rover1 waypoint43 objective2 camera5 colour)
20.893: (calibrate rover1 camera6 objective8 waypoint43)
20.887: (calibrate rover1 camera7 objective10 waypoint43)
20.885: (calibrate rover1 camera11 objective2 waypoint43)
20.891: (take_image rover1 waypoint43 objective2 camera7 high_res)
20.892: (take_image rover1 waypoint43 objective2 camera13 colour)
20.899: (take_image rover1 waypoint43 objective10 camera6 high_res)
20.899: (calibrate rover1 camera13 objective2 waypoint43)
20.897: (calibrate rover1 camera7 objective10 waypoint43)
20.898: (take_image rover1 waypoint43 objective5 camera11 low_res)
21.226: (navigate rover0 waypoint38 waypoint39)
21.173: (calibrate rover0 camera14 objective9 waypoint39)
21.138: (take_image rover1 waypoint43 objective2 camera13 colour)
21.127: (calibrate rover1 camera6 objective8 waypoint43)
21.132: (calibrate rover0 camera12 objective9 waypoint39)
20.808: (navigate rover0 waypoint39 waypoint38)
20.805: (take_image rover0 waypoint38 objective12 camera12 low_res)
20.814: (take_image rover1 waypoint43 objective8 camera7 high_res)
20.828: (take_image rover1 waypoint43 objective12 camera6 high_res)
20.819: (calibrate rover1 camera7 objective10 waypoint43)
20.838: (calibrate rover1 camera11 objective2 waypoint43)
20.827: (calibrate rover1 camera6 objective8 waypoint43)
20.821: (calibrate rover1 camera5 objective10 waypoint43)
20.819: (calibrate rover1 camera13 objective2 waypoint43)
20.820: (take_image rover1 waypoint43 objective11 camera7 high_res)
20.823: (take_image rover1 waypoint43 objective12 camera13 low_res)
20.832: (take_image rover1 waypoint43 objective11 camera5 high_res)
20.830: (calibrate rover1 camera13 objective2 waypoint43)
20.824: (calibrate rover1 camera7 objective10 waypoint43)
20.826: (take_image rover1 waypoint43 objective11 camera11 colour)
20.821: (calibrate rover1 camera5 objective10 waypoint43)
20.824: (take_image rover1 waypoint43 objective11 camera7 high_res)
20.832: (take_image rover1 waypoint43 objective11 camera5 high_res)
20.839: (take_image rover1 waypoint43 objective11 camera6 high_res)
20.833: (calibrate rover1 camera5 objective10 waypoint43)
20.829: (calibrate rover1 camera11 objective2 waypoint43)
20.829: (calibrate rover1 camera7 objective10 waypoint43)
20.831: (take_image rover1 waypoint43 objective10 camera11 low_res)
20.838: (take_image rover1 waypoint43 objective2 camera5 high_res)
20.836: (calibrate rover1 camera11 objective2 waypoint43)
20.837: (take_image rover1 waypoint43 objective11 camera7 high_res)
20.839: (take_image rover1 waypoint43 objective10 camera13 colour)
20.833: (calibrate rover1 camera5 objective10 waypoint43)
20.831: (calibrate rover1 camera7 objective10 waypoint43)
20.847: (take_image rover1 waypoint43 objective5 camera11 low_res)
20.838: (calibrate rover1 camera6 objective8 waypoint43)
20.840: (take_image rover1 waypoint43 objective12 camera7 high_res)
20.848: (take_image rover1 waypoint43 objective2 camera6 high_res)
20.908: (take_image rover0 waypoint38 objective12 camera14 high_res)
20.888: (take_image rover1 waypoint43 objective11 camera5 high_res)
20.875: (calibrate rover1 camera6 objective8 waypoint43)
20.865: (calibrate rover1 camera7 objective10 waypoint43)
20.880: (take_image rover1 waypoint43 objective12 camera6 high_res)
20.898: (calibrate rover1 camera11 objective2 waypoint43)
20.887: (calibrate rover1 camera6 objective8 waypoint43)
20.881: (calibrate rover1 camera5 objective10 waypoint43)
20.879: (calibrate rover1 camera13 objective2 waypoint43)
20.880: (take_image rover1 waypoint43 objective5 camera11 colour)
20.884: (take_image rover1 waypoint43 objective2 camera7 high_res)
20.881: (calibrate rover1 camera11 objective2 waypoint43)
20.884: (take_image rover1 waypoint43 objective10 camera13 low_res)
20.892: (take_image rover1 waypoint43 objective2 camera6 high_res)
20.889: (calibrate rover1 camera13 objective2 waypoint43)
20.890: (calibrate rover1 camera7 objective10 waypoint43)
20.891: (take_image rover1 waypoint43 objective12 camera11 colour)
20.892: (take_image rover1 waypoint43 objective2 camera7 high_res)
20.899: (take_image rover1 waypoint43 objective12 camera5 high_res)
20.893: (calibrate rover1 camera6 objective8 waypoint43)
20.887: (calibrate rover1 camera7 objective10 waypoint43)
20.885: (calibrate rover1 camera11 objective2 waypoint43)
20.892: (take_image rover1 waypoint43 objective2 camera7 high_res)
20.893: (take_image rover1 waypoint43 objective10 camera13 low_res)
20.900: (take_image rover1 waypoint43 objective2 camera6 high_res)
20.899: (calibrate rover1 camera13 objective2 waypoint43)
20.897: (calibrate rover1 camera7 objective10 waypoint43)
20.898: (take_image rover1 waypoint43 objective10 camera11 colour)
21.226: (navigate rover0 waypoint38 waypoint39)
21.173: (calibrate rover0 camera14 objective9 waypoint39)
21.138: (take_image rover1 waypoint43 objective5 camera13 colour)
21.127: (calibrate rover1 camera6 objective8 waypoint43)
21.133: (calibrate rover0 camera12 objective9 waypoint39)
20.808: (navigate rover0 waypoint39 waypoint38)
20.811: (take_image rover0 waypoint38 objective0 camera14 high_res)
20.820: (take_image rover1 waypoint43 objective2 camera7 high_res)
20.833: (take_image rover1 waypoint43 objective2 camera6 high_res)
20.825: (calibrate rover1 camera7 objective10 waypoint43)
20.850: (calibrate rover1 camera11 objective2 waypoint43)
20.839: (calibrate rover1 camera6 objective8 waypoint43)
20.832: (calibrate rover1 camera5 objective10 waypoint43)
20.830: (calibrate rover1 camera13 objective2 waypoint43)
20.832: (take_image rover1 waypoint43 objective12 camera7 high_res)
20.835: (take_image rover1 waypoint43 objective8 camera11 colour)
20.832: (calibrate rover1 camera7 objective10 waypoint43)
20.838: (take_image rover1 waypoint43 objective11 camera5 high_res)
20.836: (calibrate rover1 camera11 objective2 waypoint43)
20.842: (take_image rover1 waypoint43 objective2 camera7 high_res)
20.844: (take_image rover1 waypoint43 objective2 camera11 colour)
20.851: (take_image rover1 waypoint43 objective11 camera6 high_res)
20.844: (calibrate rover1 camera5 objective10 waypoint43)
20.840: (calibrate rover1 camera11 objective2 waypoint43)
20.841: (calibrate rover1 camera7 objective10 waypoint43)
20.842: (take_image rover1 waypoint43 objective5 camera11 low_res)
20.850: (take_image rover1 waypoint43 objective2 camera5 colour)
20.848: (calibrate rover1 camera11 objective2 waypoint43)
20.849: (take_image rover1 waypoint43 objective8 camera7 high_res)
20.851: (take_image rover1 waypoint43 objective12 camera13 low_res)
20.844: (calibrate rover1 camera5 objective10 waypoint43)
20.835: (calibrate rover1 camera6 objective8 waypoint43)
20.844: (take_image rover1 waypoint43 objective12 camera5 colour)
21.183: (navigate rover0 waypoint38 waypoint39)
21.145: (take_image rover1 waypoint43 objective10 camera11 colour)
21.136: (calibrate rover1 camera7 objective10 waypoint43)
21.146: (take_image rover1 waypoint43 objective2 camera6 high_res)
21.136: (take_image rover1 waypoint43 objective5 camera7 high_res)
21.134: (calibrate rover0 camera14 objective9 waypoint39)
20.832: (navigate rover0 waypoint39 waypoint38)
20.818: (calibrate rover1 camera6 objective8 waypoint43)
20.842: (calibrate rover1 camera13 objective2 waypoint43)
20.833: (calibrate rover1 camera5 objective10 waypoint43)
20.830: (calibrate rover1 camera11 objective2 waypoint43)
20.828: (calibrate rover1 camera7 objective10 waypoint43)
20.830: (take_image rover1 waypoint43 objective11 camera11 colour)
20.836: (take_image rover1 waypoint43 objective12 camera5 colour)
20.834: (calibrate rover1 camera11 objective2 waypoint43)
20.836: (take_image rover1 waypoint43 objective12 camera13 colour)
20.830: (calibrate rover1 camera5 objective10 waypoint43)
20.833: (take_image rover1 waypoint43 objective12 camera7 high_res)
20.841: (take_image rover1 waypoint43 objective12 camera5 high_res)
20.840: (calibrate rover1 camera13 objective2 waypoint43)
20.846: (take_image rover1 waypoint43 objective5 camera6 high_res)
20.838: (calibrate rover1 camera5 objective10 waypoint43)
20.838: (calibrate rover1 camera7 objective10 waypoint43)
20.840: (take_image rover1 waypoint43 objective8 camera11 low_res)
20.842: (take_image rover1 waypoint43 objective11 camera7 high_res)
20.848: (take_image rover1 waypoint43 objective5 camera5 colour)
20.848: (calibrate rover1 camera7 objective10 waypoint43)
20.822: (take_image rover1 waypoint43 objective5 camera13 colour)
20.848: (calibrate rover1 camera11 objective2 waypoint43)
20.840: (calibrate rover1 camera5 objective10 waypoint43)
20.842: (take_image rover1 waypoint43 objective12 camera7 high_res)
20.848: (take_image rover1 waypoint43 objective5 camera5 colour)
21.188: (navigate rover0 waypoint38 waypoint39)
21.162: (take_image rover0 waypoint39 objective1 camera12 low_res)
20.822: (navigate rover0 waypoint39 waypoint38)
20.814: (take_image rover1 waypoint43 objective10 camera11 colour)
20.800: (calibrate rover1 camera6 objective8 waypoint43)
20.790: (calibrate rover1 camera7 objective10 waypoint43)
20.805: (take_image rover1 waypoint43 objective2 camera6 high_res)
20.822: (calibrate rover1 camera13 objective2 waypoint43)
20.810: (calibrate rover1 camera6 objective8 waypoint43)
20.804: (calibrate rover1 camera5 objective10 waypoint43)
20.802: (calibrate rover1 camera11 objective2 waypoint43)
20.803: (take_image rover1 waypoint43 objective5 camera13 colour)
20.807: (take_image rover1 waypoint43 objective10 camera7 high_res)
20.804: (calibrate rover1 camera13 objective2 waypoint43)
20.807: (take_image rover1 waypoint43 objective12 camera11 low_res)
20.815: (take_image rover1 waypoint43 objective8 camera5 colour)
20.814: (calibrate rover1 camera11 objective2 waypoint43)
20.808: (calibrate rover1 camera7 objective10 waypoint43)
20.810: (take_image rover1 waypoint43 objective11 camera13 colour)
20.815: (take_image rover1 waypoint43 objective5 camera7 high_res)
20.876: (take_image rover0 waypoint38 objective10 camera14 high_res)
20.860: (take_image rover1 waypoint43 objective10 camera11 low_res)
20.851: (calibrate rover1 camera7 objective10 waypoint43)
20.866: (take_image rover1 waypoint43 objective10 camera6 high_res)
20.874: (take_image rover1 waypoint43 objective8 camera7 high_res)
20.884: (calibrate rover1 camera11 objective2 waypoint43)
20.876: (calibrate rover1 camera5 objective10 waypoint43)
20.867: (calibrate rover1 camera6 objective8 waypoint43)
20.864: (calibrate rover1 camera7 objective10 waypoint43)
20.863: (calibrate rover1 camera13 objective2 waypoint43)
20.864: (take_image rover1 waypoint43 objective2 camera11 colour)
20.867: (take_image rover1 waypoint43 objective2 camera7 high_res)
20.865: (calibrate rover1 camera11 objective2 waypoint43)
20.873: (take_image rover1 waypoint43 objective5 camera6 high_res)
20.873: (calibrate rover1 camera7 objective10 waypoint43)
20.874: (take_image rover1 waypoint43 objective2 camera11 low_res)
20.875: (take_image rover1 waypoint43 objective11 camera7 high_res)
20.884: (take_image rover1 waypoint43 objective10 camera5 colour)
20.876: (calibrate rover1 camera6 objective8 waypoint43)
20.871: (calibrate rover1 camera7 objective10 waypoint43)
20.869: (calibrate rover1 camera11 objective2 waypoint43)
20.871: (take_image rover1 waypoint43 objective12 camera13 low_res)
20.882: (take_image rover1 waypoint43 objective5 camera6 high_res)
20.875: (calibrate rover1 camera5 objective10 waypoint43)
20.888: (take_image rover1 waypoint43 objective2 camera11 colour)
20.878: (calibrate rover1 camera6 objective8 waypoint43)
20.881: (take_image rover1 waypoint43 objective10 camera7 high_res)
20.889: (take_image rover1 waypoint43 objective5 camera6 high_res)
21.218: (navigate rover0 waypoint38 waypoint39)
21.166: (calibrate rover0 camera14 objective9 waypoint39)
20.828: (navigate rover0 waypoint39 waypoint38)
20.816: (calibrate rover1 camera11 objective2 waypoint43)
20.813: (calibrate rover1 camera13 objective2 waypoint43)
20.812: (calibrate rover1 camera7 objective10 waypoint43)
20.814: (take_image rover1 waypoint43 objective11 camera11 low_res)
20.816: (take_image rover1 waypoint43 objective5 camera7 high_res)
20.823: (take_image rover1 waypoint43 objective8 camera5 colour)
20.821: (calibrate rover1 camera11 objective2 waypoint43)
20.820: (calibrate rover1 camera7 objective10 waypoint43)
20.822: (take_image rover1 waypoint43 objective2 camera13 colour)
20.814: (calibrate rover1 camera5 objective10 waypoint43)
20.827: (take_image rover1 waypoint43 objective12 camera11 low_res)
20.817: (calibrate rover1 camera6 objective8 waypoint43)
20.819: (take_image rover1 waypoint43 objective8 camera7 high_res)
21.156: (navigate rover0 waypoint38 waypoint39)
21.124: (take_image rover1 waypoint43 objective11 camera5 colour)
21.116: (calibrate rover1 camera7 objective10 waypoint43)
21.120: (calibrate rover0 camera12 objective9 waypoint39)
20.792: (navigate rover0 waypoint39 waypoint38)
20.794: (take_image rover0 waypoint38 objective3 camera14 high_res)
20.804: (take_image rover1 waypoint43 objective2 camera7 high_res)
20.817: (take_image rover1 waypoint43 objective8 camera6 high_res)
20.809: (calibrate rover1 camera7 objective10 waypoint43)
20.830: (calibrate rover1 camera11 objective2 waypoint43)
20.819: (calibrate rover1 camera6 objective8 waypoint43)
20.812: (calibrate rover1 camera5 objective10 waypoint43)
20.811: (calibrate rover1 camera13 objective2 waypoint43)
20.812: (take_image rover1 waypoint43 objective11 camera11 colour)
20.815: (take_image rover1 waypoint43 objective12 camera7 high_res)
20.812: (calibrate rover1 camera11 objective2 waypoint43)
20.815: (take_image rover1 waypoint43 objective10 camera13 colour)
20.824: (take_image rover1 waypoint43 objective5 camera6 high_res)
20.821: (calibrate rover1 camera13 objective2 waypoint43)
20.821: (calibrate rover1 camera7 objective10 waypoint43)
20.823: (take_image rover1 waypoint43 objective12 camera11 low_res)
20.824: (take_image rover1 waypoint43 objective5 camera7 high_res)
20.831: (take_image rover1 waypoint43 objective12 camera5 high_res)
20.824: (calibrate rover1 camera6 objective8 waypoint43)
20.819: (calibrate rover1 camera7 objective10 waypoint43)
20.817: (calibrate rover1 camera11 objective2 waypoint43)
20.822: (take_image rover1 waypoint43 objective2 camera7 high_res)
20.824: (take_image rover1 waypoint43 objective2 camera13 colour)
20.832: (take_image rover1 waypoint43 objective2 camera6 high_res)
20.831: (calibrate rover1 camera13 objective2 waypoint43)
20.828: (calibrate rover1 camera7 objective10 waypoint43)
20.830: (take_image rover1 waypoint43 objective5 camera11 colour)
20.882: (take_image rover0 waypoint38 objective12 camera12 low_res)
20.881: (calibrate rover1 camera11 objective2 waypoint43)
20.883: (take_image rover1 waypoint43 objective12 camera7 high_res)
20.875: (calibrate rover1 camera6 objective8 waypoint43)
21.195: (navigate rover0 waypoint38 waypoint39)
21.144: (calibrate rover0 camera14 objective9 waypoint39)
21.135: (calibrate rover1 camera5 objective10 waypoint43)
21.131: (calibrate rover1 camera7 objective10 waypoint43)
21.136: (take_image rover1 waypoint43 objective5 camera5 colour)
21.144: (calibrate rover0 camera12 objective9 waypoint39)
20.814: (navigate rover0 waypoint39 waypoint38)
20.808: (calibrate rover1 camera5 objective10 waypoint43)
20.809: (take_image rover1 waypoint43 objective5 camera11 colour)
20.813: (take_image rover1 waypoint43 objective10 camera7 high_res)
20.810: (calibrate rover1 camera11 objective2 waypoint43)
20.813: (take_image rover1 waypoint43 objective2 camera13 colour)
20.810: (calibrate rover1 camera7 objective10 waypoint43)
20.816: (take_image rover1 waypoint43 objective11 camera5 colour)
20.821: (take_image rover1 waypoint43 objective2 camera7 high_res)
20.801: (take_image rover1 waypoint43 objective12 camera11 low_res)
20.816: (take_image rover1 waypoint43 objective11 camera6 high_res)
20.806: (calibrate rover1 camera7 objective10 waypoint43)
20.828: (calibrate rover1 camera13 objective2 waypoint43)
20.817: (calibrate rover1 camera6 objective8 waypoint43)
20.821: (take_image rover1 waypoint43 objective2 camera7 high_res)
20.820: (calibrate rover1 camera11 objective2 waypoint43)
20.827: (take_image rover1 waypoint43 objective2 camera6 high_res)
20.819: (calibrate rover1 camera5 objective10 waypoint43)
20.819: (calibrate rover1 camera7 objective10 waypoint43)
20.820: (take_image rover1 waypoint43 objective2 camera11 low_res)
20.822: (take_image rover1 waypoint43 objective5 camera7 high_res)
20.828: (take_image rover1 waypoint43 objective11 camera5 colour)
21.170: (navigate rover0 waypoint38 waypoint39)
21.122: (take_image rover1 waypoint43 objective11 camera13 low_res)
21.114: (take_image rover0 waypoint39 objective9 camera12 low_res)
20.816: (navigate rover0 waypoint39 waypoint38)
20.801: (calibrate rover1 camera6 objective8 waypoint43)
20.791: (calibrate rover1 camera7 objective10 waypoint43)
20.806: (take_image rover1 waypoint43 objective12 camera6 high_res)
20.822: (calibrate rover1 camera11 objective2 waypoint43)
20.811: (calibrate rover1 camera6 objective8 waypoint43)
20.804: (calibrate rover1 camera5 objective10 waypoint43)
20.802: (calibrate rover1 camera13 objective2 waypoint43)
20.804: (take_image rover1 waypoint43 objective11 camera7 high_res)
20.807: (take_image rover1 waypoint43 objective11 camera11 low_res)
20.804: (calibrate rover1 camera7 objective10 waypoint43)
20.811: (take_image rover1 waypoint43 objective11 camera5 colour)
20.808: (calibrate rover1 camera11 objective2 waypoint43)
20.814: (take_image rover1 waypoint43 objective5 camera7 high_res)
20.816: (take_image rover1 waypoint43 objective8 camera11 low_res)
20.823: (take_image rover1 waypoint43 objective12 camera6 high_res)
20.817: (calibrate rover1 camera5 objective10 waypoint43)
20.813: (calibrate rover1 camera11 objective2 waypoint43)
20.813: (calibrate rover1 camera7 objective10 waypoint43)
20.815: (take_image rover1 waypoint43 objective8 camera11 colour)
20.822: (take_image rover1 waypoint43 objective12 camera5 high_res)
20.820: (calibrate rover1 camera11 objective2 waypoint43)
20.822: (take_image rover1 waypoint43 objective5 camera7 high_res)
20.823: (take_image rover1 waypoint43 objective8 camera13 colour)
20.816: (calibrate rover1 camera6 objective8 waypoint43)
20.808: (calibrate rover1 camera5 objective10 waypoint43)
20.816: (take_image rover1 waypoint43 objective2 camera6 high_res)
20.815: (calibrate rover1 camera7 objective10 waypoint43)
20.828: (take_image rover1 waypoint43 objective8 camera11 colour)
20.818: (calibrate rover1 camera6 objective8 waypoint43)
20.821: (take_image rover1 waypoint43 objective2 camera7 high_res)
20.829: (take_image rover1 waypoint43 objective10 camera6 high_res)
20.884: (take_image rover0 waypoint38 objective3 camera14 high_res)
20.869: (take_image rover1 waypoint43 objective5 camera5 colour)
20.856: (calibrate rover1 camera6 objective8 waypoint43)
20.846: (calibrate rover1 camera7 objective10 waypoint43)
20.860: (take_image rover1 waypoint43 objective10 camera6 high_res)
20.877: (calibrate rover1 camera11 objective2 waypoint43)
20.866: (calibrate rover1 camera6 objective8 waypoint43)
20.859: (calibrate rover1 camera5 objective10 waypoint43)
20.858: (calibrate rover1 camera13 objective2 waypoint43)
20.859: (take_image rover1 waypoint43 objective2 camera11 colour)
20.862: (take_image rover1 waypoint43 objective8 camera7 high_res)
20.860: (calibrate rover1 camera11 objective2 waypoint43)
20.862: (take_image rover1 waypoint43 objective2 camera13 low_res)
20.870: (take_image rover1 waypoint43 objective8 camera6 high_res)
20.868: (calibrate rover1 camera13 objective2 waypoint43)
20.868: (calibrate rover1 camera7 objective10 waypoint43)
20.870: (take_image rover1 waypoint43 objective2 camera11 low_res)
20.870: (take_image rover1 waypoint43 objective8 camera7 high_res)
20.879: (take_image rover1 waypoint43 objective2 camera5 colour)
20.872: (calibrate rover1 camera6 objective8 waypoint43)
20.866: (calibrate rover1 camera7 objective10 waypoint43)
20.864: (calibrate rover1 camera11 objective2 waypoint43)
20.870: (take_image rover1 waypoint43 objective2 camera7 high_res)
20.871: (take_image rover1 waypoint43 objective8 camera13 low_res)
20.879: (take_image rover1 waypoint43 objective10 camera6 high_res)
20.878: (calibrate rover1 camera13 objective2 waypoint43)
20.875: (calibrate rover1 camera7 objective10 waypoint43)
20.877: (take_image rover1 waypoint43 objective5 camera11 low_res)
21.207: (navigate rover0 waypoint38 waypoint39)
21.155: (calibrate rover0 camera14 objective9 waypoint39)
21.123: (take_image rover1 waypoint43 objective2 camera13 colour)
Failed to find a solution!
