Torch: 2.12.0+cu130
Using GPU:  NVIDIA L40S
[oracle] IQN loaded: models/grid_iqn.pth (metric=w1, mix_alpha=0.2)
/u/ibrahim.eisawy/Neural-Guided-Search/venv/lib/python3.10/site-packages/pymimir_rgnn/model.py:162: UserWarning: index_reduce() is in beta and the API may change at any time. (Triggered internally at /pytorch/aten/src/ATen/native/cuda/Indexing.cu:1541.)
  exps_max.index_reduce_(0, output_indices, output_messages, reduce="amax", include_self=False)
  [sim 500] root visits=500, unique states=1492, generated=1491
  [sim 1000] root visits=1000, unique states=2997, generated=2996
  [sim 1500] root visits=1500, unique states=4464, generated=4463
  [sim 2000] root visits=2000, unique states=5862, generated=5861
  [sim 2500] root visits=2500, unique states=7181, generated=7180
  [sim 3000] root visits=3000, unique states=8676, generated=8675
  [sim 3500] root visits=3500, unique states=10201, generated=10200
  [sim 4000] root visits=4000, unique states=11635, generated=11634
  [sim 4500] root visits=4500, unique states=13156, generated=13155
  [sim 5000] root visits=5000, unique states=14640, generated=14639
  [sim 5500] root visits=5500, unique states=16072, generated=16071
  [sim 6000] root visits=6000, unique states=17530, generated=17529
  [sim 6500] root visits=6500, unique states=18959, generated=18958
  [sim 7000] root visits=7000, unique states=20339, generated=20338
  [sim 7500] root visits=7500, unique states=21728, generated=21727
  [sim 8000] root visits=8000, unique states=23039, generated=23038
  [sim 8500] root visits=8500, unique states=24373, generated=24372
  [sim 9000] root visits=9000, unique states=25682, generated=25681
[Final] Expanded: 26642, Generated: 26642
[search done] simulations=9387, unique states generated=26642
Failed to find a solution!
