Torch: 2.12.0+cu130
Using GPU:  NVIDIA L40S
[Bellman] CONTROL signal=constant const_w=0.6 (no IQN, no Bellman check)
/u/ibrahim.eisawy/Neural-Guided-Search/venv/lib/python3.10/site-packages/pymimir_rgnn/model.py:162: UserWarning: index_reduce() is in beta and the API may change at any time. (Triggered internally at /pytorch/aten/src/ATen/native/cuda/Indexing.cu:1541.)
  exps_max.index_reduce_(0, output_indices, output_messages, reduce="amax", include_self=False)
  [sim 500] root visits=500, unique states=1098, generated=1097, iqn_calls=0
  [sim 1000] root visits=1000, unique states=1616, generated=1615, iqn_calls=0
  [sim 1500] root visits=1500, unique states=2553, generated=2552, iqn_calls=0
  [sim 2000] root visits=2000, unique states=3394, generated=3393, iqn_calls=0
  [sim 2500] root visits=2500, unique states=4204, generated=4203, iqn_calls=0
  [sim 3000] root visits=3000, unique states=5058, generated=5057, iqn_calls=0
  [sim 3500] root visits=3500, unique states=5831, generated=5830, iqn_calls=0
  [sim 4000] root visits=4000, unique states=6638, generated=6637, iqn_calls=0
  [sim 4500] root visits=4500, unique states=7284, generated=7283, iqn_calls=0
  [sim 5000] root visits=5000, unique states=7902, generated=7901, iqn_calls=0
  [sim 5500] root visits=5500, unique states=8648, generated=8647, iqn_calls=0
  [sim 6000] root visits=6000, unique states=9458, generated=9457, iqn_calls=0
  [sim 6500] root visits=6500, unique states=10123, generated=10122, iqn_calls=0
  [sim 7000] root visits=7000, unique states=10579, generated=10578, iqn_calls=0
  [sim 7500] root visits=7500, unique states=11108, generated=11107, iqn_calls=0
  [sim 8000] root visits=8000, unique states=11709, generated=11708, iqn_calls=0
  [sim 8500] root visits=8500, unique states=12307, generated=12306, iqn_calls=0
  [sim 9000] root visits=9000, unique states=12862, generated=12861, iqn_calls=0
  [sim 9500] root visits=9500, unique states=13418, generated=13417, iqn_calls=0
  [sim 10000] root visits=10000, unique states=14482, generated=14481, iqn_calls=0
  [sim 10500] root visits=10500, unique states=15542, generated=15541, iqn_calls=0
  [sim 11000] root visits=11000, unique states=16605, generated=16604, iqn_calls=0
  [sim 11500] root visits=11500, unique states=17662, generated=17661, iqn_calls=0
  [sim 12000] root visits=12000, unique states=18774, generated=18773, iqn_calls=0
  [sim 12500] root visits=12500, unique states=19340, generated=19339, iqn_calls=0
  [sim 13000] root visits=13000, unique states=20312, generated=20311, iqn_calls=0
  [sim 13500] root visits=13500, unique states=21061, generated=21060, iqn_calls=0
  [sim 14000] root visits=14000, unique states=22089, generated=22088, iqn_calls=0
  [sim 14500] root visits=14500, unique states=23036, generated=23035, iqn_calls=0
  [sim 15000] root visits=15000, unique states=23902, generated=23901, iqn_calls=0
  [sim 15500] root visits=15500, unique states=24921, generated=24920, iqn_calls=0
  [sim 16000] root visits=16000, unique states=26089, generated=26088, iqn_calls=0
  [sim 16500] root visits=16500, unique states=27226, generated=27225, iqn_calls=0
  [sim 17000] root visits=17000, unique states=28340, generated=28339, iqn_calls=0
  [sim 17500] root visits=17500, unique states=29456, generated=29455, iqn_calls=0
  [sim 18000] root visits=18000, unique states=30455, generated=30454, iqn_calls=0
  [sim 18500] root visits=18500, unique states=31565, generated=31564, iqn_calls=0
  [sim 19000] root visits=19000, unique states=32585, generated=32584, iqn_calls=0
  [sim 19500] root visits=19500, unique states=33596, generated=33595, iqn_calls=0
  [sim 20000] root visits=20000, unique states=34576, generated=34575, iqn_calls=0
  [sim 20500] root visits=20500, unique states=35558, generated=35557, iqn_calls=0
  [sim 21000] root visits=21000, unique states=36583, generated=36582, iqn_calls=0
  [sim 21500] root visits=21500, unique states=37673, generated=37672, iqn_calls=0
  [sim 22000] root visits=22000, unique states=38714, generated=38713, iqn_calls=0
  [sim 22500] root visits=22500, unique states=39752, generated=39751, iqn_calls=0
  [sim 23000] root visits=23000, unique states=40787, generated=40786, iqn_calls=0
  [sim 23500] root visits=23500, unique states=41736, generated=41735, iqn_calls=0
  [sim 24000] root visits=24000, unique states=42672, generated=42671, iqn_calls=0
  [sim 24500] root visits=24500, unique states=43663, generated=43662, iqn_calls=0
  [sim 25000] root visits=25000, unique states=44742, generated=44741, iqn_calls=0
  [sim 25500] root visits=25500, unique states=45799, generated=45798, iqn_calls=0
  [sim 26000] root visits=26000, unique states=46815, generated=46814, iqn_calls=0
  [sim 26500] root visits=26500, unique states=47606, generated=47605, iqn_calls=0
  [sim 27000] root visits=27000, unique states=48484, generated=48483, iqn_calls=0
  [sim 27500] root visits=27500, unique states=49485, generated=49484, iqn_calls=0
  [sim 28000] root visits=28000, unique states=50436, generated=50435, iqn_calls=0
  [sim 28500] root visits=28500, unique states=51395, generated=51394, iqn_calls=0
  [sim 29000] root visits=29000, unique states=52307, generated=52306, iqn_calls=0
[Final] Expanded: 53194, Generated: 53194
[Cost] IQN forward calls (Bellman signal): 0
[Widen] nodes widened: 19442, mean w: 0.6000
[search done] simulations=29463, unique states generated=53194
Failed to find a solution!
