Torch: 2.12.0+cu130
Using GPU:  NVIDIA L40S
[Bellman] CONTROL signal=constant const_w=0.6 (no IQN, no Bellman check)
/u/ibrahim.eisawy/Neural-Guided-Search/venv/lib/python3.10/site-packages/pymimir_rgnn/model.py:162: UserWarning: index_reduce() is in beta and the API may change at any time. (Triggered internally at /pytorch/aten/src/ATen/native/cuda/Indexing.cu:1541.)
  exps_max.index_reduce_(0, output_indices, output_messages, reduce="amax", include_self=False)
  [sim 500] root visits=500, unique states=1050, generated=1049, iqn_calls=0
  [sim 1000] root visits=1000, unique states=2072, generated=2071, iqn_calls=0
  [sim 1500] root visits=1500, unique states=2600, generated=2599, iqn_calls=0
  [sim 2000] root visits=2000, unique states=3011, generated=3010, iqn_calls=0
  [sim 2500] root visits=2500, unique states=3698, generated=3697, iqn_calls=0
  [sim 3000] root visits=3000, unique states=4221, generated=4220, iqn_calls=0
  [sim 3500] root visits=3500, unique states=4893, generated=4892, iqn_calls=0
  [sim 4000] root visits=4000, unique states=5422, generated=5421, iqn_calls=0
  [sim 4500] root visits=4500, unique states=6150, generated=6149, iqn_calls=0
  [sim 5000] root visits=5000, unique states=6828, generated=6827, iqn_calls=0
  [sim 5500] root visits=5500, unique states=7518, generated=7517, iqn_calls=0
  [sim 6000] root visits=6000, unique states=8446, generated=8445, iqn_calls=0
  [sim 6500] root visits=6500, unique states=9841, generated=9840, iqn_calls=0
  [sim 7000] root visits=7000, unique states=11037, generated=11036, iqn_calls=0
  [sim 7500] root visits=7500, unique states=12395, generated=12394, iqn_calls=0
  [sim 8000] root visits=8000, unique states=13574, generated=13573, iqn_calls=0
  [sim 8500] root visits=8500, unique states=14766, generated=14765, iqn_calls=0
  [sim 9000] root visits=9000, unique states=15951, generated=15950, iqn_calls=0
  [sim 9500] root visits=9500, unique states=17100, generated=17099, iqn_calls=0
  [sim 10000] root visits=10000, unique states=18242, generated=18241, iqn_calls=0
  [sim 10500] root visits=10500, unique states=19423, generated=19422, iqn_calls=0
  [sim 11000] root visits=11000, unique states=20516, generated=20515, iqn_calls=0
  [sim 11500] root visits=11500, unique states=21723, generated=21722, iqn_calls=0
  [sim 12000] root visits=12000, unique states=22891, generated=22890, iqn_calls=0
  [sim 12500] root visits=12500, unique states=24031, generated=24030, iqn_calls=0
  [sim 13000] root visits=13000, unique states=25169, generated=25168, iqn_calls=0
  [sim 13500] root visits=13500, unique states=26272, generated=26271, iqn_calls=0
  [sim 14000] root visits=14000, unique states=27395, generated=27394, iqn_calls=0
  [sim 14500] root visits=14500, unique states=28415, generated=28414, iqn_calls=0
  [sim 15000] root visits=15000, unique states=29561, generated=29560, iqn_calls=0
  [sim 15500] root visits=15500, unique states=30696, generated=30695, iqn_calls=0
  [sim 16000] root visits=16000, unique states=31855, generated=31854, iqn_calls=0
  [sim 16500] root visits=16500, unique states=33036, generated=33035, iqn_calls=0
  [sim 17000] root visits=17000, unique states=34179, generated=34178, iqn_calls=0
  [sim 17500] root visits=17500, unique states=35269, generated=35268, iqn_calls=0
  [sim 18000] root visits=18000, unique states=36347, generated=36346, iqn_calls=0
  [sim 18500] root visits=18500, unique states=37470, generated=37469, iqn_calls=0
  [sim 19000] root visits=19000, unique states=38487, generated=38486, iqn_calls=0
  [sim 19500] root visits=19500, unique states=39590, generated=39589, iqn_calls=0
  [sim 20000] root visits=20000, unique states=40697, generated=40696, iqn_calls=0
  [sim 20500] root visits=20500, unique states=41792, generated=41791, iqn_calls=0
  [sim 21000] root visits=21000, unique states=42838, generated=42837, iqn_calls=0
  [sim 21500] root visits=21500, unique states=43915, generated=43914, iqn_calls=0
  [sim 22000] root visits=22000, unique states=45049, generated=45048, iqn_calls=0
  [sim 22500] root visits=22500, unique states=46124, generated=46123, iqn_calls=0
  [sim 23000] root visits=23000, unique states=47138, generated=47137, iqn_calls=0
  [sim 23500] root visits=23500, unique states=48103, generated=48102, iqn_calls=0
  [sim 24000] root visits=24000, unique states=49078, generated=49077, iqn_calls=0
  [sim 24500] root visits=24500, unique states=49997, generated=49996, iqn_calls=0
  [sim 25000] root visits=25000, unique states=50977, generated=50976, iqn_calls=0
  [sim 25500] root visits=25500, unique states=51870, generated=51869, iqn_calls=0
  [sim 26000] root visits=26000, unique states=52764, generated=52763, iqn_calls=0
  [sim 26500] root visits=26500, unique states=53755, generated=53754, iqn_calls=0
  [sim 27000] root visits=27000, unique states=54761, generated=54760, iqn_calls=0
  [sim 27500] root visits=27500, unique states=55668, generated=55667, iqn_calls=0
[Final] Expanded: 56170, Generated: 56170
[Cost] IQN forward calls (Bellman signal): 0
[Widen] nodes widened: 21591, mean w: 0.6000
[search done] simulations=27777, unique states generated=56170
Failed to find a solution!
