Torch: 2.12.0+cu130
Using GPU:  NVIDIA L40S
[Bellman] lambda=0 -> baseline (no widening signal)
[Sib] OPTION5 sib_beta=6.0 signal=QR-DQN raw width vs SIBLINGS (boosts exploration toward wider/uncertain children; prior untouched) [SHUFFLE CONTROL: width-blind placement]
[Value] SELF-CONSISTENT: leaf value = QR-DQN max_a mean Z(s,a) (SAC critics bypassed; prior still SAC policy)
/u/ibrahim.eisawy/Neural-Guided-Search/venv/lib/python3.10/site-packages/pymimir_rgnn/model.py:162: UserWarning: index_reduce() is in beta and the API may change at any time. (Triggered internally at /pytorch/aten/src/ATen/native/cuda/Indexing.cu:1541.)
  exps_max.index_reduce_(0, output_indices, output_messages, reduce="amax", include_self=False)
  [sim 500] root visits=500, unique states=822, generated=821, iqn_calls=297
  [sim 1000] root visits=1000, unique states=1224, generated=1223, iqn_calls=443
  [sim 1500] root visits=1500, unique states=1514, generated=1513, iqn_calls=556
  [sim 2000] root visits=2000, unique states=1800, generated=1799, iqn_calls=660
  [sim 2500] root visits=2500, unique states=2058, generated=2057, iqn_calls=749
  [sim 3000] root visits=3000, unique states=2328, generated=2327, iqn_calls=843
  [sim 3500] root visits=3500, unique states=2448, generated=2447, iqn_calls=883
  [sim 4000] root visits=4000, unique states=2604, generated=2603, iqn_calls=929
  [sim 4500] root visits=4500, unique states=2758, generated=2757, iqn_calls=981
  [sim 5000] root visits=5000, unique states=2927, generated=2926, iqn_calls=1035
  [sim 5500] root visits=5500, unique states=3127, generated=3126, iqn_calls=1112
  [sim 6000] root visits=6000, unique states=3318, generated=3317, iqn_calls=1188
  [sim 6500] root visits=6500, unique states=3439, generated=3438, iqn_calls=1244
  [sim 7000] root visits=7000, unique states=3589, generated=3588, iqn_calls=1307
  [sim 7500] root visits=7500, unique states=3694, generated=3693, iqn_calls=1342
  [sim 8000] root visits=8000, unique states=3809, generated=3808, iqn_calls=1376
  [sim 8500] root visits=8500, unique states=3897, generated=3896, iqn_calls=1407
  [sim 9000] root visits=9000, unique states=3988, generated=3987, iqn_calls=1438
  [sim 9500] root visits=9500, unique states=4062, generated=4061, iqn_calls=1465
  [sim 9615] found goal path of length 48
[Final] Expanded: 4096, Generated: 4096
[Cost] IQN forward calls (Bellman signal): 1477
[Widen] nodes widened: 0, mean w: 0.0000
[Sib] child-edges modulated: 8135, mean mult: 1.0008 (1.0 = no change; >1 = boosted toward wide)
[search done] simulations=9615, unique states generated=4096
Found a solution of length 48!
   1: (move f6-0f f7-0f)
   2: (pickup-laser f7-0f)
   3: (fire-laser f7-0f f7-1f)
   4: (move f7-0f f8-0f)
   5: (fire-laser f8-0f f8-1f)
   6: (move f8-0f f8-1f)
   7: (move f8-1f f8-2f)
   8: (fire-laser f8-2f f8-3f)
   9: (move f8-2f f8-3f)
  10: (fire-laser f8-3f f7-3f)
  11: (move f8-3f f8-2f)
  12: (move f8-2f f8-1f)
  13: (move f8-1f f7-1f)
  14: (move f7-1f f7-2f)
  15: (move f7-2f f6-2f)
  16: (move f6-2f f6-1f)
  17: (move f6-1f f6-0f)
  18: (move f6-0f f7-0f)
  19: (move f7-0f f8-0f)
  20: (putdown-laser f8-0f)
  21: (move f8-0f f7-0f)
  22: (pickup-bomb f7-0f)
  23: (move f7-0f f8-0f)
  24: (move f8-0f f8-1f)
  25: (move f8-1f f7-1f)
  26: (move f7-1f f6-1f)
  27: (move f6-1f f6-0f)
  28: (move f6-0f f5-0f)
  29: (move f5-0f f5-1f)
  30: (move f5-1f f5-2f)
  31: (move f5-2f f6-2f)
  32: (move f6-2f f7-2f)
  33: (move f7-2f f8-2f)
  34: (move f8-2f f8-3f)
  35: (move f8-3f f7-3f)
  36: (move f7-3f f6-3f)
  37: (move f6-3f f6-4f)
  38: (move f6-4f f5-4f)
  39: (move f5-4f f4-4f)
  40: (move f4-4f f3-4f)
  41: (move f3-4f f2-4f)
  42: (move f2-4f f2-5f)
  43: (move f2-5f f2-6f)
  44: (move f2-6f f3-6f)
  45: (move f3-6f f3-7f)
  46: (detonate-bomb f3-7f f3-8f)
  47: (move f3-7f f3-8f)
  48: (pick-gold f3-8f)
