Torch: 2.12.0+cu130
Using GPU:  NVIDIA L40S
[Bellman] lambda=0 -> baseline (no widening signal)
[Sib] OPTION5 sib_beta=6.0 signal=QR-DQN raw width vs SIBLINGS (boosts exploration toward wider/uncertain children; prior untouched) [SHUFFLE CONTROL: width-blind placement]
[Value] SELF-CONSISTENT: leaf value = QR-DQN max_a mean Z(s,a) (SAC critics bypassed; prior still SAC policy)
/u/ibrahim.eisawy/Neural-Guided-Search/venv/lib/python3.10/site-packages/pymimir_rgnn/model.py:162: UserWarning: index_reduce() is in beta and the API may change at any time. (Triggered internally at /pytorch/aten/src/ATen/native/cuda/Indexing.cu:1541.)
  exps_max.index_reduce_(0, output_indices, output_messages, reduce="amax", include_self=False)
  [sim 500] root visits=500, unique states=614, generated=613, iqn_calls=188
  [sim 1000] root visits=1000, unique states=892, generated=891, iqn_calls=281
  [sim 1500] root visits=1500, unique states=1241, generated=1240, iqn_calls=392
  [sim 2000] root visits=2000, unique states=1543, generated=1542, iqn_calls=494
  [sim 2500] root visits=2500, unique states=1708, generated=1707, iqn_calls=563
  [sim 3000] root visits=3000, unique states=1968, generated=1967, iqn_calls=651
  [sim 3500] root visits=3500, unique states=2206, generated=2205, iqn_calls=737
  [sim 4000] root visits=4000, unique states=2435, generated=2434, iqn_calls=821
  [sim 4500] root visits=4500, unique states=2612, generated=2611, iqn_calls=879
  [sim 5000] root visits=5000, unique states=2806, generated=2805, iqn_calls=941
  [sim 5500] root visits=5500, unique states=2930, generated=2929, iqn_calls=986
  [sim 6000] root visits=6000, unique states=3115, generated=3114, iqn_calls=1045
  [sim 6500] root visits=6500, unique states=3326, generated=3325, iqn_calls=1117
  [sim 7000] root visits=7000, unique states=3516, generated=3515, iqn_calls=1187
  [sim 7500] root visits=7500, unique states=3675, generated=3674, iqn_calls=1252
  [sim 8000] root visits=8000, unique states=3773, generated=3772, iqn_calls=1294
  [sim 8500] root visits=8500, unique states=3893, generated=3892, iqn_calls=1344
  [sim 9000] root visits=9000, unique states=3995, generated=3994, iqn_calls=1387
  [sim 9500] root visits=9500, unique states=4103, generated=4102, iqn_calls=1434
  [sim 10000] root visits=10000, unique states=4237, generated=4236, iqn_calls=1482
  [sim 10500] root visits=10500, unique states=4369, generated=4368, iqn_calls=1532
  [sim 11000] root visits=11000, unique states=4477, generated=4476, iqn_calls=1569
  [sim 11500] root visits=11500, unique states=4574, generated=4573, iqn_calls=1611
  [sim 12000] root visits=12000, unique states=4695, generated=4694, iqn_calls=1655
[Final] Expanded: 4757, Generated: 4757
[Cost] IQN forward calls (Bellman signal): 1684
[Widen] nodes widened: 0, mean w: 0.0000
[Sib] child-edges modulated: 9292, mean mult: 1.0001 (1.0 = no change; >1 = boosted toward wide)
[search done] simulations=12324, unique states generated=4757
Failed to find a solution!
