Torch: 2.12.0+cu130
Using GPU:  NVIDIA L40S
[Bellman] lambda=0 -> baseline (no widening signal)
[Sib] OPTION5 sib_beta=2.0 signal=QR-DQN raw width vs SIBLINGS (boosts exploration toward wider/uncertain children; prior untouched) [SHUFFLE CONTROL: width-blind placement]
/u/ibrahim.eisawy/Neural-Guided-Search/venv/lib/python3.10/site-packages/pymimir_rgnn/model.py:162: UserWarning: index_reduce() is in beta and the API may change at any time. (Triggered internally at /pytorch/aten/src/ATen/native/cuda/Indexing.cu:1541.)
  exps_max.index_reduce_(0, output_indices, output_messages, reduce="amax", include_self=False)
  [sim 18] found goal path of length 13
[Final] Expanded: 54, Generated: 54
[Cost] IQN forward calls (Bellman signal): 18
[Widen] nodes widened: 0, mean w: 0.0000
[Sib] child-edges modulated: 77, mean mult: 1.0051 (1.0 = no change; >1 = boosted toward wide)
[search done] simulations=18, unique states generated=54
Found a solution of length 13!
   1: (move f6-5f f6-6f)
   2: (move f6-6f f5-6f)
   3: (move f5-6f f4-6f)
   4: (unlock f4-6f f4-7f key0-0 shape0)
   5: (move f4-6f f4-7f)
   6: (move f4-7f f3-7f)
   7: (move f3-7f f3-8f)
   8: (move f3-8f f3-9f)
   9: (move f3-9f f2-9f)
  10: (move f2-9f f1-9f)
  11: (move f1-9f f1-10f)
  12: (move f1-10f f0-10f)
  13: (putdown f0-10f key0-0)
