Torch: 2.12.0+cu130
Using GPU:  NVIDIA L40S
[Bellman] lambda=0 -> baseline (no widening signal)
[Sib] OPTION5 sib_beta=8.0 signal=QR-DQN raw width vs SIBLINGS (boosts exploration toward wider/uncertain children; prior untouched) [SHUFFLE CONTROL: width-blind placement]
[Value] SELF-CONSISTENT: leaf value = QR-DQN max_a mean Z(s,a) (SAC critics bypassed; prior still SAC policy)
/u/ibrahim.eisawy/Neural-Guided-Search/venv/lib/python3.10/site-packages/pymimir_rgnn/model.py:162: UserWarning: index_reduce() is in beta and the API may change at any time. (Triggered internally at /pytorch/aten/src/ATen/native/cuda/Indexing.cu:1541.)
  exps_max.index_reduce_(0, output_indices, output_messages, reduce="amax", include_self=False)
  [sim 500] root visits=500, unique states=119, generated=118, iqn_calls=49
  [sim 1000] root visits=1000, unique states=138, generated=137, iqn_calls=55
  [sim 1500] root visits=1500, unique states=152, generated=151, iqn_calls=60
  [sim 2000] root visits=2000, unique states=161, generated=160, iqn_calls=64
  [sim 2500] root visits=2500, unique states=171, generated=170, iqn_calls=67
  [sim 3000] root visits=3000, unique states=177, generated=176, iqn_calls=70
  [sim 3500] root visits=3500, unique states=187, generated=186, iqn_calls=73
  [sim 4000] root visits=4000, unique states=197, generated=196, iqn_calls=76
  [sim 4500] root visits=4500, unique states=202, generated=201, iqn_calls=78
  [sim 5000] root visits=5000, unique states=212, generated=211, iqn_calls=81
  [sim 5500] root visits=5500, unique states=222, generated=221, iqn_calls=83
  [sim 6000] root visits=6000, unique states=227, generated=226, iqn_calls=85
  [sim 6500] root visits=6500, unique states=232, generated=231, iqn_calls=87
  [sim 7000] root visits=7000, unique states=238, generated=237, iqn_calls=89
  [sim 7500] root visits=7500, unique states=248, generated=247, iqn_calls=91
  [sim 8000] root visits=8000, unique states=253, generated=252, iqn_calls=92
  [sim 8500] root visits=8500, unique states=260, generated=259, iqn_calls=94
  [sim 9000] root visits=9000, unique states=267, generated=266, iqn_calls=96
  [sim 9500] root visits=9500, unique states=271, generated=270, iqn_calls=98
  [sim 10000] root visits=10000, unique states=273, generated=272, iqn_calls=99
  [sim 10500] root visits=10500, unique states=278, generated=277, iqn_calls=101
  [sim 11000] root visits=11000, unique states=282, generated=281, iqn_calls=102
  [sim 11500] root visits=11500, unique states=285, generated=284, iqn_calls=104
  [sim 12000] root visits=12000, unique states=286, generated=285, iqn_calls=105
  [sim 12500] root visits=12500, unique states=292, generated=291, iqn_calls=107
  [sim 13000] root visits=13000, unique states=295, generated=294, iqn_calls=108
  [sim 13500] root visits=13500, unique states=302, generated=301, iqn_calls=110
  [sim 14000] root visits=14000, unique states=303, generated=302, iqn_calls=111
  [sim 14500] root visits=14500, unique states=307, generated=306, iqn_calls=112
  [sim 15000] root visits=15000, unique states=317, generated=316, iqn_calls=114
  [sim 15500] root visits=15500, unique states=322, generated=321, iqn_calls=115
  [sim 16000] root visits=16000, unique states=325, generated=324, iqn_calls=116
[Final] Expanded: 328, Generated: 328
[Cost] IQN forward calls (Bellman signal): 117
[Widen] nodes widened: 0, mean w: 0.0000
[Sib] child-edges modulated: 711, mean mult: 1.0016 (1.0 = no change; >1 = boosted toward wide)
[search done] simulations=16350, unique states generated=328
Failed to find a solution!
