/u/ibrahim.eisawy/Neural-Guided-Search/venv/lib/python3.10/site-packages/pymimir_rgnn/model.py:151: UserWarning: index_reduce() is in beta and the API may change at any time. (Triggered internally at /pytorch/aten/src/ATen/native/cuda/Indexing.cu:1541.)
  max_msg.index_reduce_(0, output_indices, output_messages, reduce='amax', include_self=True)
Torch: 2.12.0+cu130
Using GPU:  NVIDIA L40S
20.728: (turn_to satellite1 star9 phenomenon17)
20.728: (turn_to satellite1 star8 phenomenon17)
20.728: (turn_to satellite1 star0 phenomenon17)
20.729: (turn_to satellite1 groundstation6 phenomenon17)
20.729: (turn_to satellite1 star2 phenomenon17)
20.730: (turn_to satellite1 groundstation3 phenomenon17)
20.730: (turn_to satellite1 groundstation13 phenomenon17)
20.731: (turn_to satellite1 star10 phenomenon17)
20.774: (turn_to satellite1 groundstation7 phenomenon17)
20.774: (turn_to satellite1 groundstation4 phenomenon17)
21.212: (turn_to satellite1 groundstation11 phenomenon17)
21.437: (turn_to satellite1 groundstation5 phenomenon17)
21.437: (turn_to satellite1 star1 phenomenon17)
21.442: (turn_to satellite1 star12 phenomenon17)
21.565: (turn_to satellite1 star14 phenomenon17)
21.890: (switch_on instrument6 satellite2)
21.973: (switch_on instrument5 satellite1)
21.974: (switch_on instrument4 satellite1)
22.052: (turn_to satellite4 phenomenon16 groundstation5)
22.058: (turn_to satellite2 phenomenon16 groundstation5)
20.064: (turn_to satellite2 star9 groundstation5)
20.064: (turn_to satellite4 star9 groundstation5)
20.064: (turn_to satellite4 star8 groundstation5)
20.065: (turn_to satellite2 star9 groundstation5)
20.065: (turn_to satellite4 groundstation3 groundstation5)
20.065: (turn_to satellite2 groundstation3 groundstation5)
20.065: (turn_to satellite2 groundstation7 groundstation5)
20.065: (turn_to satellite4 groundstation7 groundstation5)
20.065: (turn_to satellite4 star8 groundstation5)
20.065: (turn_to satellite2 star8 groundstation5)
20.065: (turn_to satellite2 star8 groundstation5)
20.065: (turn_to satellite4 star0 groundstation5)
20.065: (turn_to satellite4 groundstation6 groundstation5)
20.065: (turn_to satellite2 groundstation6 groundstation5)
20.065: (turn_to satellite4 star8 groundstation5)
20.065: (turn_to satellite4 star9 groundstation5)
20.065: (turn_to satellite2 star9 groundstation5)
20.065: (turn_to satellite4 groundstation6 groundstation5)
20.065: (turn_to satellite4 star2 groundstation5)
20.065: (turn_to satellite2 star2 groundstation5)
19.477: (turn_to satellite3 groundstation3 star12)
19.478: (turn_to satellite3 groundstation7 star12)
19.478: (turn_to satellite3 groundstation4 star12)
19.479: (turn_to satellite3 groundstation7 star12)
19.479: (turn_to satellite3 star9 star12)
19.479: (turn_to satellite3 star9 star12)
19.479: (turn_to satellite3 groundstation6 star12)
19.480: (turn_to satellite3 star0 star12)
19.480: (turn_to satellite3 groundstation3 star12)
19.480: (turn_to satellite3 star0 star12)
19.480: (turn_to satellite3 star0 star12)
19.480: (turn_to satellite3 groundstation7 star12)
19.480: (turn_to satellite3 groundstation7 star12)
19.480: (turn_to satellite3 star0 star12)
19.480: (turn_to satellite3 star0 star12)
19.480: (turn_to satellite3 groundstation7 star12)
19.481: (turn_to satellite3 star0 star12)
19.481: (turn_to satellite3 groundstation7 star12)
19.481: (turn_to satellite3 star8 star12)
19.481: (turn_to satellite3 groundstation7 star12)
19.476: (turn_to satellite4 star2 star0)
19.476: (turn_to satellite1 groundstation7 star9)
19.476: (turn_to satellite2 groundstation11 star9)
19.476: (turn_to satellite2 groundstation6 groundstation5)
19.477: (turn_to satellite0 star0 star1)
19.477: (turn_to satellite1 groundstation4 star8)
19.477: (turn_to satellite2 star8 star2)
19.477: (turn_to satellite0 star9 star1)
19.477: (turn_to satellite4 groundstation4 star0)
19.478: (turn_to satellite2 star8 groundstation5)
19.478: (turn_to satellite4 star8 groundstation5)
19.478: (turn_to satellite4 star0 star2)
19.478: (turn_to satellite2 groundstation11 star2)
19.478: (turn_to satellite4 star8 star9)
19.478: (turn_to satellite2 star9 groundstation5)
19.478: (turn_to satellite4 groundstation4 star2)
19.478: (turn_to satellite2 groundstation3 groundstation5)
19.479: (turn_to satellite2 star0 groundstation5)
19.479: (turn_to satellite2 star10 groundstation5)
19.479: (turn_to satellite1 star8 groundstation6)
19.352: (switch_on instrument4 satellite1)
19.353: (switch_on instrument4 satellite1)
19.475: (turn_to satellite2 groundstation3 groundstation5)
19.476: (turn_to satellite3 groundstation3 groundstation7)
19.476: (turn_to satellite1 groundstation3 star9)
19.476: (turn_to satellite1 groundstation6 star9)
19.477: (turn_to satellite0 groundstation3 star1)
19.477: (turn_to satellite0 groundstation4 star1)
19.477: (turn_to satellite0 groundstation7 star1)
19.477: (turn_to satellite0 groundstation6 star1)
19.477: (turn_to satellite0 star2 star1)
19.477: (turn_to satellite0 groundstation6 star1)
19.477: (turn_to satellite2 groundstation7 groundstation5)
19.477: (turn_to satellite2 groundstation3 groundstation5)
19.477: (turn_to satellite1 groundstation7 star9)
19.477: (turn_to satellite2 groundstation6 groundstation5)
19.478: (turn_to satellite4 groundstation3 star2)
19.478: (turn_to satellite4 star0 star2)
19.478: (turn_to satellite0 groundstation6 star1)
19.478: (turn_to satellite1 groundstation7 star9)
17.672: (switch_on instrument1 satellite0)
17.680: (switch_on instrument8 satellite3)
17.701: (switch_on instrument13 satellite4)
18.339: (switch_on instrument3 satellite0)
18.357: (switch_on instrument6 satellite2)
18.369: (switch_on instrument11 satellite3)
18.376: (switch_on instrument7 satellite3)
18.378: (switch_on instrument11 satellite3)
18.380: (switch_on instrument9 satellite3)
18.383: (switch_on instrument7 satellite3)
18.387: (switch_on instrument9 satellite3)
18.390: (switch_on instrument3 satellite0)
18.390: (switch_on instrument1 satellite0)
18.397: (switch_on instrument12 satellite4)
18.405: (switch_on instrument12 satellite4)
18.413: (switch_on instrument13 satellite4)
18.418: (switch_on instrument6 satellite2)
18.674: (switch_on instrument2 satellite0)
18.675: (switch_on instrument0 satellite0)
18.708: (switch_on instrument10 satellite3)
16.620: (calibrate satellite0 instrument1 star1)
16.690: (switch_on instrument1 satellite0)
16.691: (switch_on instrument11 satellite3)
16.695: (switch_on instrument1 satellite0)
16.695: (switch_on instrument7 satellite3)
16.696: (switch_on instrument1 satellite0)
16.698: (switch_on instrument9 satellite3)
16.713: (switch_on instrument13 satellite4)
16.713: (switch_on instrument11 satellite3)
16.715: (switch_on instrument12 satellite4)
16.715: (switch_on instrument8 satellite3)
16.715: (switch_on instrument1 satellite0)
16.715: (switch_on instrument3 satellite0)
16.716: (switch_on instrument8 satellite3)
16.716: (switch_on instrument1 satellite0)
16.717: (switch_on instrument8 satellite3)
16.718: (switch_on instrument6 satellite2)
16.719: (switch_on instrument7 satellite3)
16.719: (switch_on instrument1 satellite0)
16.720: (switch_on instrument13 satellite4)
15.146: (calibrate satellite3 instrument7 star8)
15.172: (calibrate satellite3 instrument7 star8)
15.199: (calibrate satellite0 instrument3 star0)
15.202: (calibrate satellite3 instrument9 star8)
15.234: (calibrate satellite0 instrument3 star0)
15.361: (calibrate satellite1 instrument4 star9)
15.643: (turn_to satellite0 phenomenon17 star1)
15.643: (turn_to satellite0 star15 star1)
15.644: (calibrate satellite0 instrument1 star1)
15.645: (switch_on instrument7 satellite3)
15.649: (switch_on instrument11 satellite3)
15.649: (calibrate satellite0 instrument1 star1)
15.649: (switch_on instrument9 satellite3)
15.650: (calibrate satellite0 instrument1 star1)
15.683: (switch_on instrument12 satellite4)
15.684: (calibrate satellite0 instrument1 star1)
15.689: (calibrate satellite0 instrument1 star1)
15.690: (switch_on instrument13 satellite4)
15.727: (switch_on instrument1 satellite0)
15.728: (switch_on instrument13 satellite4)
14.092: (calibrate satellite0 instrument1 star1)
14.092: (calibrate satellite3 instrument7 star8)
14.146: (calibrate satellite0 instrument1 star1)
14.146: (calibrate satellite3 instrument9 star8)
14.186: (switch_on instrument13 satellite4)
14.191: (switch_on instrument12 satellite4)
14.197: (switch_on instrument11 satellite3)
14.197: (switch_on instrument6 satellite2)
14.197: (switch_on instrument6 satellite2)
14.202: (switch_on instrument1 satellite0)
14.207: (switch_on instrument8 satellite3)
14.207: (switch_on instrument13 satellite4)
14.212: (switch_on instrument3 satellite0)
14.215: (switch_on instrument12 satellite4)
14.228: (switch_on instrument6 satellite2)
14.228: (switch_on instrument13 satellite4)
14.233: (switch_on instrument12 satellite4)
14.244: (switch_on instrument6 satellite2)
14.267: (switch_on instrument6 satellite2)
14.297: (switch_on instrument7 satellite3)
12.658: (calibrate satellite0 instrument3 star0)
12.658: (calibrate satellite3 instrument7 star8)
13.105: (turn_to satellite0 phenomenon16 star1)
13.112: (turn_to satellite0 phenomenon17 star1)
13.112: (turn_to satellite0 star15 star1)
13.144: (calibrate satellite0 instrument1 star1)
13.144: (switch_on instrument12 satellite4)
13.147: (switch_on instrument13 satellite4)
13.148: (calibrate satellite0 instrument1 star1)
13.160: (turn_to satellite0 phenomenon16 star1)
13.167: (turn_to satellite0 star15 star1)
13.167: (turn_to satellite0 phenomenon17 star1)
13.184: (calibrate satellite0 instrument1 star1)
13.185: (switch_on instrument12 satellite4)
13.185: (switch_on instrument13 satellite4)
13.186: (calibrate satellite0 instrument1 star1)
13.228: (switch_on instrument6 satellite2)
13.228: (switch_on instrument13 satellite4)
13.229: (switch_on instrument6 satellite2)
13.229: (switch_on instrument1 satellite0)
11.691: (switch_on instrument6 satellite2)
12.072: (take_image satellite0 star15 instrument1 infrared2)
12.072: (take_image satellite0 phenomenon17 instrument1 infrared2)
12.128: (take_image satellite0 star15 instrument1 infrared2)
12.128: (take_image satellite0 phenomenon17 instrument1 infrared2)
12.156: (turn_to satellite0 phenomenon16 star1)
12.156: (switch_on instrument12 satellite4)
12.158: (turn_to satellite0 phenomenon16 star1)
12.159: (switch_on instrument13 satellite4)
12.162: (turn_to satellite0 phenomenon17 star1)
12.162: (turn_to satellite0 star15 star1)
12.162: (switch_on instrument12 satellite4)
12.162: (switch_on instrument12 satellite4)
12.165: (switch_on instrument13 satellite4)
12.165: (turn_to satellite0 star15 star1)
12.165: (turn_to satellite0 phenomenon17 star1)
12.165: (switch_on instrument13 satellite4)
12.196: (switch_on instrument13 satellite4)
12.196: (turn_to satellite0 phenomenon16 star1)
12.196: (turn_to satellite0 phenomenon16 star1)
11.105: (turn_to satellite0 phenomenon16 phenomenon17)
11.105: (turn_to satellite0 phenomenon16 star15)
11.109: (turn_to satellite0 star15 phenomenon17)
11.109: (turn_to satellite0 phenomenon17 star15)
11.124: (switch_on instrument12 satellite4)
11.124: (switch_on instrument12 satellite4)
11.124: (take_image satellite0 phenomenon17 instrument1 infrared2)
11.125: (take_image satellite0 star15 instrument1 infrared2)
11.125: (take_image satellite0 phenomenon17 instrument1 infrared2)
11.126: (switch_on instrument13 satellite4)
11.126: (switch_on instrument13 satellite4)
11.127: (take_image satellite0 star15 instrument1 infrared2)
11.161: (turn_to satellite0 phenomenon16 star15)
11.161: (turn_to satellite0 phenomenon16 phenomenon17)
11.163: (turn_to satellite0 phenomenon17 star15)
11.163: (turn_to satellite0 star15 phenomenon17)
11.163: (switch_on instrument13 satellite4)
11.163: (switch_on instrument13 satellite4)
11.163: (switch_on instrument12 satellite4)
11.163: (switch_on instrument12 satellite4)
8.058: (take_image satellite0 star15 instrument1 infrared2)
8.058: (take_image satellite0 phenomenon17 instrument1 infrared2)
8.073: (take_image satellite0 star15 instrument1 infrared2)
8.074: (take_image satellite0 phenomenon17 instrument1 infrared2)
10.155: (turn_to satellite0 phenomenon16 star15)
10.156: (switch_on instrument12 satellite4)
10.156: (switch_on instrument12 satellite4)
10.156: (turn_to satellite0 phenomenon16 phenomenon17)
10.158: (turn_to satellite0 phenomenon16 phenomenon17)
10.158: (turn_to satellite0 phenomenon16 star15)
10.158: (turn_to satellite0 star15 phenomenon17)
10.158: (switch_on instrument13 satellite4)
10.158: (switch_on instrument13 satellite4)
10.159: (switch_on instrument12 satellite4)
10.159: (switch_on instrument12 satellite4)
10.159: (turn_to satellite0 phenomenon17 star15)
10.160: (turn_to satellite0 star15 phenomenon17)
10.160: (turn_to satellite0 phenomenon17 star15)
10.161: (switch_on instrument13 satellite4)
10.161: (switch_on instrument13 satellite4)
6.124: (switch_on instrument13 satellite4)
6.124: (switch_on instrument13 satellite4)
6.148: (switch_on instrument13 satellite4)
6.149: (switch_on instrument13 satellite4)
6.150: (take_image satellite0 star15 instrument1 infrared2)
6.150: (take_image satellite0 phenomenon17 instrument1 infrared2)
6.409: (calibrate satellite1 instrument4 star9)
6.409: (calibrate satellite1 instrument4 star9)
6.422: (calibrate satellite1 instrument4 star9)
6.422: (calibrate satellite1 instrument4 star9)
6.838: (turn_to satellite4 phenomenon16 star2)
6.838: (turn_to satellite4 phenomenon16 star2)
6.841: (turn_to satellite4 phenomenon16 star2)
6.841: (turn_to satellite4 phenomenon16 star2)
7.033: (turn_to satellite4 star14 star2)
7.033: (turn_to satellite4 star14 star2)
7.034: (turn_to satellite4 star14 star2)
7.034: (turn_to satellite4 star14 star2)
7.102: (turn_to satellite2 groundstation11 star0)
7.102: (turn_to satellite2 groundstation11 star0)
5.200: (turn_to satellite2 groundstation11 star0)
5.200: (turn_to satellite2 groundstation11 star0)
5.217: (switch_on instrument13 satellite4)
5.218: (switch_on instrument13 satellite4)
5.218: (turn_to satellite2 groundstation11 star0)
5.218: (turn_to satellite2 groundstation11 star0)
5.661: (turn_to satellite1 groundstation11 star9)
5.662: (turn_to satellite1 groundstation11 star9)
5.665: (turn_to satellite3 groundstation11 star8)
5.665: (turn_to satellite3 groundstation11 star8)
5.677: (turn_to satellite1 groundstation11 star9)
5.677: (turn_to satellite1 groundstation11 star9)
5.681: (turn_to satellite3 groundstation11 star8)
5.681: (turn_to satellite3 groundstation11 star8)
5.686: (turn_to satellite3 phenomenon16 star8)
5.686: (turn_to satellite3 phenomenon16 star8)
5.707: (turn_to satellite3 phenomenon16 star8)
5.707: (turn_to satellite3 phenomenon16 star8)
5.753: (calibrate satellite1 instrument4 star9)
5.753: (calibrate satellite1 instrument4 star9)
4.667: (take_image satellite3 phenomenon16 instrument9 infrared1)
4.667: (take_image satellite3 phenomenon16 instrument9 infrared1)
4.673: (take_image satellite3 phenomenon16 instrument7 infrared1)
4.673: (take_image satellite3 phenomenon16 instrument7 infrared1)
4.732: (turn_to satellite2 groundstation11 star0)
4.732: (turn_to satellite2 groundstation11 star0)
4.732: (turn_to satellite3 phenomenon16 star8)
4.732: (turn_to satellite3 phenomenon16 star8)
4.746: (turn_to satellite2 groundstation11 star0)
4.746: (turn_to satellite2 groundstation11 star0)
4.746: (turn_to satellite3 phenomenon16 star8)
4.746: (turn_to satellite3 phenomenon16 star8)
4.748: (turn_to satellite2 groundstation11 star0)
4.750: (turn_to satellite2 groundstation11 star0)
4.750: (calibrate satellite1 instrument4 star9)
4.750: (calibrate satellite1 instrument4 star9)
4.754: (turn_to satellite3 phenomenon16 star8)
4.755: (calibrate satellite1 instrument4 star9)
4.755: (turn_to satellite3 phenomenon16 star8)
4.755: (calibrate satellite1 instrument4 star9)
3.718: (take_image satellite3 phenomenon16 instrument9 infrared1)
3.718: (take_image satellite3 phenomenon16 instrument9 infrared1)
3.719: (turn_to satellite2 groundstation11 star0)
3.719: (turn_to satellite2 groundstation11 star0)
3.722: (take_image satellite3 phenomenon16 instrument7 infrared1)
3.722: (take_image satellite3 phenomenon16 instrument7 infrared1)
3.722: (turn_to satellite2 groundstation11 star0)
3.722: (turn_to satellite2 groundstation11 star0)
3.751: (take_image satellite3 phenomenon16 instrument7 infrared1)
3.751: (take_image satellite3 phenomenon16 instrument7 infrared1)
3.752: (calibrate satellite1 instrument4 star9)
3.752: (calibrate satellite1 instrument4 star9)
3.752: (calibrate satellite1 instrument4 star9)
3.752: (calibrate satellite1 instrument4 star9)
3.752: (turn_to satellite3 star14 star8)
3.752: (turn_to satellite3 star14 star8)
3.752: (turn_to satellite2 groundstation11 star0)
3.753: (turn_to satellite2 groundstation11 star0)
3.753: (turn_to satellite3 phenomenon16 star8)
3.753: (calibrate satellite1 instrument4 star9)
2.746: (calibrate satellite1 instrument4 star9)
2.746: (calibrate satellite1 instrument4 star9)
2.747: (take_image satellite3 phenomenon16 instrument7 infrared1)
2.747: (turn_to satellite2 groundstation11 star0)
2.747: (turn_to satellite2 groundstation11 star0)
2.747: (take_image satellite3 phenomenon16 instrument7 infrared1)
2.747: (calibrate satellite1 instrument4 star9)
2.747: (calibrate satellite1 instrument4 star9)
2.747: (turn_to satellite2 groundstation11 star0)
2.747: (turn_to satellite2 groundstation11 star0)
2.754: (turn_to satellite1 star14 star9)
2.754: (turn_to satellite1 star14 star9)
2.757: (turn_to satellite1 star14 star9)
2.757: (turn_to satellite1 star14 star9)
2.758: (turn_to satellite1 phenomenon16 star9)
2.758: (turn_to satellite1 phenomenon16 star9)
2.758: (turn_to satellite1 star14 star9)
2.758: (turn_to satellite1 star14 star9)
2.900: (turn_to satellite1 star14 star9)
2.900: (turn_to satellite1 star14 star9)
1.746: (take_image satellite1 star14 instrument4 thermograph0)
1.746: (take_image satellite1 star14 instrument4 thermograph0)
1.748: (take_image satellite1 star14 instrument4 thermograph0)
1.748: (take_image satellite1 star14 instrument4 thermograph0)
1.750: (turn_to satellite1 star14 star9)
1.750: (turn_to satellite1 star14 star9)
1.750: (take_image satellite3 phenomenon16 instrument7 infrared1)
1.750: (turn_to satellite2 groundstation11 star0)
1.750: (turn_to satellite2 groundstation11 star0)
1.750: (take_image satellite3 phenomenon16 instrument7 infrared1)
1.751: (turn_to satellite1 star14 star9)
1.751: (turn_to satellite1 star14 star9)
1.752: (turn_to satellite2 groundstation11 star0)
1.752: (turn_to satellite2 groundstation11 star0)
1.752: (take_image satellite1 star14 instrument4 thermograph0)
1.752: (take_image satellite1 star14 instrument4 thermograph0)
2.128: (turn_to satellite1 star12 star9)
2.128: (turn_to satellite1 star12 star9)
2.130: (turn_to satellite1 star12 star9)
2.130: (turn_to satellite1 star12 star9)
0.754: (take_image satellite3 phenomenon16 instrument7 infrared1)
0.754: (take_image satellite1 star14 instrument4 thermograph0)
0.754: (take_image satellite3 phenomenon16 instrument7 infrared1)
0.754: (take_image satellite1 star14 instrument4 thermograph0)
0.754: (turn_to satellite2 groundstation11 star0)
0.754: (turn_to satellite2 groundstation11 star0)
0.758: (take_image satellite1 star14 instrument4 thermograph0)
0.758: (take_image satellite1 star14 instrument4 thermograph0)
0.758: (turn_to satellite2 groundstation11 star0)
0.758: (turn_to satellite2 groundstation11 star0)
0.892: (turn_to satellite1 phenomenon16 star14)
0.892: (turn_to satellite1 phenomenon16 star14)
1.253: (turn_to satellite1 star12 star14)
1.253: (turn_to satellite1 star12 star14)
1.373: (turn_to satellite1 groundstation11 star14)
1.373: (turn_to satellite1 groundstation11 star14)
1.374: (turn_to satellite1 groundstation11 star14)
1.374: (turn_to satellite1 groundstation11 star14)
1.394: (turn_to satellite4 groundstation11 star2)
1.394: (turn_to satellite4 groundstation11 star2)
0.535: (turn_to satellite3 star12 phenomenon16)
0.535: (turn_to satellite3 star12 phenomenon16)
0.536: (turn_to satellite0 star12 star15)
0.536: (turn_to satellite0 star12 phenomenon17)
0.537: (turn_to satellite0 star12 phenomenon17)
0.537: (turn_to satellite0 star12 star15)
0.540: (turn_to satellite3 star12 phenomenon16)
0.540: (turn_to satellite3 star12 phenomenon16)
0.543: (turn_to satellite0 star12 phenomenon17)
0.543: (turn_to satellite0 star12 star15)
0.673: (take_image satellite3 phenomenon16 instrument7 infrared1)
0.673: (take_image satellite3 phenomenon16 instrument7 infrared1)
0.674: (turn_to satellite1 star12 star14)
0.674: (turn_to satellite1 star12 star14)
0.676: (turn_to satellite1 star12 star14)
0.676: (turn_to satellite1 star12 star14)
0.695: (turn_to satellite4 star12 star2)
0.695: (turn_to satellite4 star12 star2)
0.695: (turn_to satellite4 star12 star2)
0.695: (turn_to satellite4 star12 star2)
-0.027: (turn_to satellite0 star12 star15)
[Final] Expanded: 336, Generated: 34017
Found a solution of length 22!
   1: (turn_to satellite1 star9 phenomenon17)
   2: (turn_to satellite4 star2 groundstation5)
   3: (turn_to satellite3 star8 star12)
   4: (turn_to satellite2 star0 groundstation5)
   5: (switch_on instrument4 satellite1)
   6: (switch_on instrument7 satellite3)
   7: (switch_on instrument1 satellite0)
   8: (calibrate satellite3 instrument7 star8)
   9: (calibrate satellite0 instrument1 star1)
  10: (turn_to satellite0 phenomenon17 star1)
  11: (take_image satellite0 phenomenon17 instrument1 infrared2)
  12: (turn_to satellite0 star15 phenomenon17)
  13: (take_image satellite0 star15 instrument1 infrared2)
  14: (switch_on instrument13 satellite4)
  15: (calibrate satellite1 instrument4 star9)
  16: (turn_to satellite3 phenomenon16 star8)
  17: (turn_to satellite2 groundstation11 star0)
  18: (turn_to satellite1 star14 star9)
  19: (take_image satellite1 star14 instrument4 thermograph0)
  20: (take_image satellite3 phenomenon16 instrument7 infrared1)
  21: (turn_to satellite3 star12 phenomenon16)
  22: (turn_to satellite0 star12 star15)
