/u/ibrahim.eisawy/Neural-Guided-Search/venv/lib/python3.10/site-packages/pymimir_rgnn/model.py:151: UserWarning: index_reduce() is in beta and the API may change at any time. (Triggered internally at /pytorch/aten/src/ATen/native/cuda/Indexing.cu:1541.)
  max_msg.index_reduce_(0, output_indices, output_messages, reduce='amax', include_self=True)
Torch: 2.12.0+cu130
Using GPU:  NVIDIA L40S
27.171: (turn_to satellite2 star20 planet25)
27.285: (turn_to satellite2 groundstation4 planet25)
27.371: (turn_to satellite2 groundstation3 planet25)
27.382: (turn_to satellite2 groundstation0 planet25)
27.394: (turn_to satellite2 groundstation17 planet25)
27.396: (turn_to satellite2 star5 planet25)
27.827: (turn_to satellite2 groundstation22 planet25)
27.997: (turn_to satellite2 star11 planet25)
28.011: (turn_to satellite2 groundstation12 planet25)
28.083: (turn_to satellite2 star6 planet25)
28.126: (turn_to satellite2 groundstation23 planet25)
28.136: (turn_to satellite2 groundstation21 planet25)
28.148: (turn_to satellite2 groundstation10 planet25)
28.167: (turn_to satellite2 star7 planet25)
28.187: (turn_to satellite2 star8 planet25)
28.206: (turn_to satellite2 star14 planet25)
28.211: (turn_to satellite2 groundstation18 planet25)
28.215: (turn_to satellite2 groundstation15 planet25)
28.229: (turn_to satellite2 star19 planet25)
28.469: (turn_to satellite2 phenomenon24 planet25)
28.684: (turn_to satellite2 star2 planet25)
28.694: (turn_to satellite1 star27 star13)
28.697: (turn_to satellite5 star27 star13)
28.697: (turn_to satellite1 phenomenon24 star13)
28.697: (turn_to satellite5 phenomenon24 star13)
28.700: (turn_to satellite0 star27 star13)
28.702: (turn_to satellite0 phenomenon24 star13)
28.829: (turn_to satellite2 star13 planet25)
28.830: (turn_to satellite2 groundstation9 planet25)
28.830: (turn_to satellite2 star16 planet25)
28.830: (turn_to satellite2 star1 planet25)
29.354: (turn_to satellite7 star27 star1)
29.355: (turn_to satellite7 phenomenon24 star1)
29.357: (turn_to satellite6 star27 star16)
29.358: (turn_to satellite4 star27 groundstation9)
29.358: (turn_to satellite6 phenomenon24 star16)
29.359: (turn_to satellite4 phenomenon24 groundstation9)
29.941: (turn_to satellite2 star26 planet25)
30.993: (switch_on instrument20 satellite3)
32.126: (switch_on instrument1 satellite0)
32.570: (turn_to satellite3 star20 star26)
32.931: (switch_on instrument28 satellite4)
33.073: (turn_to satellite5 star20 star13)
33.073: (turn_to satellite1 star20 star13)
33.073: (turn_to satellite0 star20 star13)
33.836: (turn_to satellite4 star20 groundstation9)
34.761: (switch_on instrument8 satellite1)
34.789: (switch_on instrument11 satellite1)
36.405: (switch_on instrument41 satellite7)
37.246: (turn_to satellite0 star11 star13)
37.246: (turn_to satellite1 star11 star13)
37.247: (turn_to satellite5 star11 star13)
37.264: (turn_to satellite3 phenomenon24 star26)
37.289: (turn_to satellite3 star27 star26)
37.419: (switch_on instrument37 satellite6)
37.541: (turn_to satellite7 star11 star1)
37.605: (switch_on instrument17 satellite2)
37.918: (turn_to satellite4 star11 groundstation9)
37.998: (switch_on instrument29 satellite4)
38.182: (turn_to satellite3 groundstation4 star26)
38.182: (turn_to satellite7 star20 star1)
38.476: (switch_on instrument27 satellite4)
38.478: (switch_on instrument25 satellite4)
38.489: (switch_on instrument26 satellite4)
39.016: (switch_on instrument44 satellite7)
39.061: (switch_on instrument43 satellite7)
39.075: (switch_on instrument45 satellite7)
39.099: (turn_to satellite0 groundstation10 star13)
39.099: (turn_to satellite1 groundstation10 star13)
39.100: (turn_to satellite5 groundstation10 star13)
39.247: (turn_to satellite5 groundstation4 star13)
39.247: (turn_to satellite0 groundstation4 star13)
39.248: (turn_to satellite1 groundstation4 star13)
39.639: (switch_on instrument6 satellite1)
39.639: (switch_on instrument12 satellite1)
39.644: (switch_on instrument9 satellite1)
39.654: (switch_on instrument7 satellite1)
39.709: (switch_on instrument10 satellite1)
40.255: (switch_on instrument21 satellite3)
40.711: (switch_on instrument24 satellite3)
40.723: (switch_on instrument22 satellite3)
40.725: (switch_on instrument23 satellite3)
40.729: (switch_on instrument19 satellite3)
41.076: (turn_to satellite6 star20 star16)
41.619: (switch_on instrument36 satellite6)
41.620: (turn_to satellite0 star6 star13)
41.620: (turn_to satellite5 star6 star13)
41.621: (turn_to satellite1 star6 star13)
41.626: (switch_on instrument38 satellite6)
41.929: (switch_on instrument42 satellite7)
41.992: (turn_to satellite1 groundstation12 star13)
41.992: (turn_to satellite0 groundstation12 star13)
41.993: (turn_to satellite5 groundstation12 star13)
42.243: (turn_to satellite7 star6 star1)
42.396: (turn_to satellite4 star6 groundstation9)
42.480: (turn_to satellite3 star11 star26)
42.605: (switch_on instrument18 satellite3)
42.653: (switch_on instrument39 satellite6)
42.744: (turn_to satellite4 groundstation12 groundstation9)
42.920: (switch_on instrument40 satellite6)
43.245: (turn_to satellite7 groundstation12 star1)
43.767: (turn_to satellite3 groundstation10 star26)
44.528: (turn_to satellite4 groundstation4 groundstation9)
44.560: (switch_on instrument2 satellite0)
44.618: (turn_to satellite0 groundstation21 star13)
44.619: (turn_to satellite1 groundstation21 star13)
44.620: (turn_to satellite5 groundstation21 star13)
44.663: (turn_to satellite4 groundstation10 groundstation9)
44.849: (turn_to satellite6 groundstation10 star16)
44.896: (switch_on instrument35 satellite6)
45.234: (switch_on instrument34 satellite6)
45.503: (turn_to satellite3 groundstation3 star26)
45.511: (turn_to satellite3 groundstation17 star26)
45.539: (turn_to satellite3 star5 star26)
45.545: (turn_to satellite3 groundstation0 star26)
45.771: (turn_to satellite6 groundstation4 star16)
46.160: (turn_to satellite3 groundstation22 star26)
46.211: (turn_to satellite6 groundstation12 star16)
46.475: (turn_to satellite7 groundstation4 star1)
46.540: (turn_to satellite3 star6 star26)
46.574: (turn_to satellite0 groundstation0 star13)
46.575: (turn_to satellite1 groundstation0 star13)
46.575: (turn_to satellite5 groundstation0 star13)
46.584: (turn_to satellite0 groundstation3 star13)
46.585: (turn_to satellite1 groundstation3 star13)
46.586: (turn_to satellite5 groundstation3 star13)
46.589: (turn_to satellite0 groundstation17 star13)
46.589: (turn_to satellite1 groundstation17 star13)
46.590: (turn_to satellite5 groundstation17 star13)
46.600: (turn_to satellite1 star5 star13)
46.600: (turn_to satellite0 star5 star13)
46.601: (turn_to satellite5 star5 star13)
46.868: (turn_to satellite3 groundstation12 star26)
46.929: (turn_to satellite5 groundstation22 star13)
47.179: (turn_to satellite7 groundstation0 star1)
47.281: (turn_to satellite0 groundstation22 star13)
47.317: (turn_to satellite1 groundstation22 star13)
47.890: (turn_to satellite3 groundstation21 star26)
48.254: (switch_on instrument14 satellite2)
48.325: (switch_on instrument30 satellite5)
49.292: (turn_to satellite1 groundstation18 star13)
49.292: (turn_to satellite0 groundstation18 star13)
49.293: (turn_to satellite5 groundstation18 star13)
49.296: (turn_to satellite0 star7 star13)
49.297: (turn_to satellite1 star7 star13)
49.299: (turn_to satellite5 star7 star13)
49.323: (turn_to satellite0 star8 star13)
49.324: (turn_to satellite5 star8 star13)
49.324: (turn_to satellite1 star8 star13)
49.325: (turn_to satellite4 groundstation21 groundstation9)
49.329: (turn_to satellite0 star14 star13)
49.329: (turn_to satellite5 star14 star13)
49.329: (turn_to satellite1 star14 star13)
49.330: (turn_to satellite5 groundstation15 star13)
49.331: (turn_to satellite1 groundstation15 star13)
49.332: (turn_to satellite0 groundstation15 star13)
49.347: (turn_to satellite0 star19 star13)
49.348: (turn_to satellite1 star19 star13)
49.349: (turn_to satellite5 star19 star13)
49.544: (turn_to satellite7 groundstation10 star1)
49.593: (turn_to satellite6 star6 star16)
49.766: (turn_to satellite5 groundstation23 star13)
49.768: (turn_to satellite1 groundstation23 star13)
49.768: (turn_to satellite0 groundstation23 star13)
49.871: (switch_on instrument16 satellite2)
49.939: (turn_to satellite0 star1 star13)
49.939: (turn_to satellite1 groundstation9 star13)
49.939: (turn_to satellite0 groundstation9 star13)
49.939: (turn_to satellite0 star16 star13)
49.940: (turn_to satellite1 star1 star13)
49.940: (turn_to satellite1 star16 star13)
49.940: (turn_to satellite5 groundstation9 star13)
49.941: (turn_to satellite5 star16 star13)
49.941: (turn_to satellite5 star1 star13)
49.963: (switch_on instrument5 satellite0)
49.996: (turn_to satellite5 star26 star13)
49.997: (turn_to satellite5 planet25 star13)
50.014: (switch_on instrument0 satellite0)
50.097: (turn_to satellite7 groundstation21 star1)
50.272: (turn_to satellite2 star27 planet25)
50.344: (switch_on instrument3 satellite0)
50.414: (turn_to satellite7 groundstation23 star1)
50.584: (turn_to satellite5 star2 star13)
50.736: (switch_on instrument33 satellite5)
50.821: (turn_to satellite4 groundstation17 groundstation9)
50.875: (turn_to satellite4 groundstation3 groundstation9)
50.875: (turn_to satellite4 groundstation0 groundstation9)
50.906: (switch_on instrument32 satellite5)
50.916: (turn_to satellite4 star5 groundstation9)
50.956: (switch_on instrument31 satellite5)
50.973: (turn_to satellite1 star2 star13)
50.998: (turn_to satellite0 star2 star13)
51.350: (switch_on instrument15 satellite2)
51.457: (turn_to satellite4 groundstation22 groundstation9)
51.460: (turn_to satellite0 star26 star13)
51.462: (turn_to satellite0 planet25 star13)
51.595: (turn_to satellite6 star11 star16)
52.090: (switch_on instrument13 satellite2)
52.275: (turn_to satellite7 groundstation15 star1)
52.539: (turn_to satellite3 groundstation18 star26)
Traceback (most recent call last):
  File "/u/ibrahim.eisawy/Neural-Guided-Search/beam.py", line 104, in <module>
    _main(_parse_arguments())
  File "/u/ibrahim.eisawy/Neural-Guided-Search/beam.py", line 94, in _main
    solution = _plan(problem, model, args.beam, use_closed_set=not args.disable_closed_set)
  File "/u/ibrahim.eisawy/Neural-Guided-Search/beam.py", line 57, in _plan
    values = model.forward(inputs).readout('value')
  File "/u/ibrahim.eisawy/Neural-Guided-Search/venv/lib/python3.10/site-packages/pymimir_rgnn/model.py", line 316, in forward
    node_embeddings = self._mpnn_module.forward(input)
  File "/u/ibrahim.eisawy/Neural-Guided-Search/venv/lib/python3.10/site-packages/pymimir_rgnn/model.py", line 209, in forward
    relation_messages = self._relation_network(node_embeddings, input.flattened_relations)
  File "/u/ibrahim.eisawy/Neural-Guided-Search/venv/lib/python3.10/site-packages/torch/nn/modules/module.py", line 1778, in _wrapped_call_impl
    return self._call_impl(*args, **kwargs)
  File "/u/ibrahim.eisawy/Neural-Guided-Search/venv/lib/python3.10/site-packages/torch/nn/modules/module.py", line 1789, in _call_impl
    return forward_call(*args, **kwargs)
  File "/u/ibrahim.eisawy/Neural-Guided-Search/venv/lib/python3.10/site-packages/pymimir_rgnn/model.py", line 149, in forward
    output_messages, output_indices = self._compute_messages_and_indices(node_embeddings, relations)
  File "/u/ibrahim.eisawy/Neural-Guided-Search/venv/lib/python3.10/site-packages/pymimir_rgnn/model.py", line 110, in _compute_messages_and_indices
    input_embeddings = torch.index_select(node_embeddings, 0, relation_values).view(-1, relation_module.input_size)
torch.OutOfMemoryError: CUDA out of memory. Tried to allocate 2.98 GiB. GPU 0 has a total capacity of 44.39 GiB of which 2.20 GiB is free. Process 1226832 has 33.88 GiB memory in use. Process 1229480 has 3.25 GiB memory in use. Process 1229482 has 3.69 GiB memory in use. Including non-PyTorch memory, this process has 1.35 GiB memory in use. Of the allocated memory 844.30 MiB is allocated by PyTorch, and 33.70 MiB is reserved by PyTorch but unallocated. If reserved but unallocated memory is large try setting PYTORCH_CUDA_ALLOC_CONF=expandable_segments:True to avoid fragmentation.  See documentation for Memory Management  (https://docs.pytorch.org/docs/stable/notes/cuda.html#optimizing-memory-usage-with-pytorch-cuda-alloc-conf)
