/u/ibrahim.eisawy/Neural-Guided-Search/venv/lib/python3.10/site-packages/pymimir_rgnn/model.py:162: UserWarning: index_reduce() is in beta and the API may change at any time. (Triggered internally at /pytorch/aten/src/ATen/native/cuda/Indexing.cu:1541.)
  exps_max.index_reduce_(0, output_indices, output_messages, reduce="amax", include_self=False)
Torch: 2.12.0+cu130
Loading model... (models/barman_v2_dqn.pth)
Using GPU:  NVIDIA L40S
heuristic_weight = 8.0
Starting Q* search...
[f=381.526] Expanded: 3, Generated: 2
[f=280.929] Expanded: 19, Generated: 18
[f=276.349] Expanded: 21, Generated: 20
[f=259.799] Expanded: 24, Generated: 23
[f=230.932] Expanded: 31, Generated: 30
[f=214.910] Expanded: 34, Generated: 33
[f=219.876] Expanded: 36, Generated: 35
[f=219.876] Expanded: 38, Generated: 37
[f=219.876] Expanded: 40, Generated: 39
[f=219.876] Expanded: 42, Generated: 41
[f=211.300] Expanded: 43, Generated: 43
[f=215.011] Expanded: 45, Generated: 45
[f=219.404] Expanded: 45, Generated: 46
[f=214.910] Expanded: 47, Generated: 48
[f=219.876] Expanded: 49, Generated: 50
[f=219.876] Expanded: 51, Generated: 52
[f=219.876] Expanded: 53, Generated: 54
[f=219.876] Expanded: 55, Generated: 56
[f=211.300] Expanded: 56, Generated: 58
[f=215.011] Expanded: 58, Generated: 60
[f=219.404] Expanded: 58, Generated: 61
[f=214.910] Expanded: 60, Generated: 63
[f=219.876] Expanded: 62, Generated: 65
[f=219.876] Expanded: 64, Generated: 67
[f=219.876] Expanded: 66, Generated: 69
[f=219.876] Expanded: 68, Generated: 71
[f=211.300] Expanded: 69, Generated: 73
[f=215.011] Expanded: 71, Generated: 75
[f=219.404] Expanded: 71, Generated: 76
[f=214.910] Expanded: 73, Generated: 78
[f=219.876] Expanded: 75, Generated: 80
[f=219.876] Expanded: 77, Generated: 82
[f=219.876] Expanded: 79, Generated: 84
[f=219.876] Expanded: 81, Generated: 86
[f=211.300] Expanded: 82, Generated: 88
[f=215.011] Expanded: 84, Generated: 90
[f=219.404] Expanded: 84, Generated: 91
[f=214.910] Expanded: 86, Generated: 93
[f=219.876] Expanded: 88, Generated: 95
[f=219.876] Expanded: 90, Generated: 97
[f=219.876] Expanded: 92, Generated: 99
[f=219.876] Expanded: 94, Generated: 101
[f=211.300] Expanded: 95, Generated: 103
[f=215.011] Expanded: 97, Generated: 105
[f=219.404] Expanded: 97, Generated: 106
[f=219.322] Expanded: 98, Generated: 108
[f=214.158] Expanded: 100, Generated: 110
[f=187.457] Expanded: 107, Generated: 117
[f=164.958] Expanded: 111, Generated: 122
[f=129.900] Expanded: 118, Generated: 129
[f=124.948] Expanded: 120, Generated: 131
[f=112.916] Expanded: 122, Generated: 134
[Final] Expanded: 122, Generated: 134
Found a solution of length 59!
   1: (grasp left shot10)
   2: (fill-shot shot10 ingredient3 left right dispenser3)
   3: (pour-shot-to-clean-shaker shot10 ingredient3 shaker1 left l0 l1)
   4: (refill-shot shot10 ingredient3 left right dispenser3)
   5: (leave left shot10)
   6: (grasp left shot8)
   7: (fill-shot shot8 ingredient9 left right dispenser9)
   8: (leave left shot8)
   9: (grasp left shot3)
  10: (fill-shot shot3 ingredient8 left right dispenser8)
  11: (leave left shot3)
  12: (grasp left shot11)
  13: (fill-shot shot11 ingredient5 left right dispenser5)
  14: (leave left shot11)
  15: (grasp left shot7)
  16: (fill-shot shot7 ingredient4 left right dispenser4)
  17: (grasp right shot5)
  18: (leave left shot7)
  19: (fill-shot shot5 ingredient8 right left dispenser8)
  20: (leave right shot5)
  21: (grasp left shot12)
  22: (fill-shot shot12 ingredient5 left right dispenser5)
  23: (leave left shot12)
  24: (grasp left shot14)
  25: (fill-shot shot14 ingredient4 left right dispenser4)
  26: (pour-shot-to-used-shaker shot14 ingredient4 shaker1 left l1 l2)
  27: (grasp right shaker1)
  28: (leave left shot14)
  29: (shake cocktail1 ingredient4 ingredient3 shaker1 right left)
  30: (pour-shaker-to-shot cocktail1 shot1 right shaker1 l2 l1)
  31: (pour-shaker-to-shot cocktail1 shot9 right shaker1 l1 l0)
  32: (empty-shaker right shaker1 cocktail1 l0 l0)
  33: (clean-shaker right left shaker1)
  34: (grasp left shot14)
  35: (leave right shaker1)
  36: (refill-shot shot14 ingredient4 left right dispenser4)
  37: (pour-shot-to-clean-shaker shot14 ingredient4 shaker1 left l0 l1)
  38: (clean-shot shot14 ingredient4 left right)
  39: (fill-shot shot14 ingredient3 left right dispenser3)
  40: (pour-shot-to-used-shaker shot14 ingredient3 shaker1 left l1 l2)
  41: (grasp right shaker1)
  42: (leave left shot14)
  43: (shake cocktail1 ingredient4 ingredient3 shaker1 right left)
  44: (pour-shaker-to-shot cocktail1 shot2 right shaker1 l2 l1)
  45: (pour-shaker-to-shot cocktail1 shot4 right shaker1 l1 l0)
  46: (empty-shaker right shaker1 cocktail1 l0 l0)
  47: (clean-shaker right left shaker1)
  48: (grasp left shot14)
  49: (leave right shaker1)
  50: (refill-shot shot14 ingredient3 left right dispenser3)
  51: (pour-shot-to-clean-shaker shot14 ingredient3 shaker1 left l0 l1)
  52: (clean-shot shot14 ingredient3 left right)
  53: (fill-shot shot14 ingredient4 left right dispenser4)
  54: (pour-shot-to-used-shaker shot14 ingredient4 shaker1 left l1 l2)
  55: (grasp right shaker1)
  56: (leave left shot14)
  57: (shake cocktail1 ingredient4 ingredient3 shaker1 right left)
  58: (pour-shaker-to-shot cocktail1 shot6 right shaker1 l2 l1)
  59: (pour-shaker-to-shot cocktail1 shot13 right shaker1 l1 l0)
