/u/ibrahim.eisawy/Neural-Guided-Search/venv/lib/python3.10/site-packages/pymimir_rgnn/model.py:151: UserWarning: index_reduce() is in beta and the API may change at any time. (Triggered internally at /pytorch/aten/src/ATen/native/cuda/Indexing.cu:1541.)
  max_msg.index_reduce_(0, output_indices, output_messages, reduce='amax', include_self=True)
Torch: 2.12.0+cu130
Loading model... (models/grid_supervised.pth)
Using GPU:  NVIDIA L40S
[f=77.473] Expanded: 0, Generated: 0
[Final] Expanded: 1636, Generated: 6840
Found a solution of length 50!
   1: (move f6-2f f5-2f)
   2: (move f5-2f f5-3f)
   3: (move f5-3f f4-3f)
   4: (move f4-3f f3-3f)
   5: (move f3-3f f2-3f)
   6: (move f2-3f f2-4f)
   7: (pickup f2-4f key1-1)
   8: (move f2-4f f1-4f)
   9: (move f1-4f f1-3f)
  10: (move f1-3f f0-3f)
  11: (putdown f0-3f key1-1)
  12: (move f0-3f f1-3f)
  13: (move f1-3f f2-3f)
  14: (pickup f2-3f key2-1)
  15: (move f2-3f f3-3f)
  16: (move f3-3f f3-2f)
  17: (putdown f3-2f key2-1)
  18: (move f3-2f f3-3f)
  19: (move f3-3f f4-3f)
  20: (move f4-3f f5-3f)
  21: (move f5-3f f5-4f)
  22: (pickup f5-4f key3-0)
  23: (move f5-4f f5-3f)
  24: (move f5-3f f4-3f)
  25: (move f4-3f f3-3f)
  26: (move f3-3f f3-2f)
  27: (pickup-and-loose f3-2f key2-1 key3-0)
  28: (move f3-2f f3-1f)
  29: (putdown f3-1f key2-1)
  30: (move f3-1f f3-2f)
  31: (move f3-2f f3-3f)
  32: (move f3-3f f3-4f)
  33: (move f3-4f f4-4f)
  34: (pickup f4-4f key1-2)
  35: (move f4-4f f3-4f)
  36: (move f3-4f f2-4f)
  37: (move f2-4f f1-4f)
  38: (move f1-4f f1-3f)
  39: (move f1-3f f1-2f)
  40: (move f1-2f f1-1f)
  41: (move f1-1f f0-1f)
  42: (pickup-and-loose f0-1f key0-1 key1-2)
  43: (move f0-1f f1-1f)
  44: (move f1-1f f1-2f)
  45: (move f1-2f f1-3f)
  46: (move f1-3f f1-4f)
  47: (move f1-4f f2-4f)
  48: (move f2-4f f3-4f)
  49: (move f3-4f f3-5f)
  50: (pickup-and-loose f3-5f key3-2 key0-1)
