Torch: 2.12.0+cu130
Using GPU:  NVIDIA L40S
[oracle] IQN quantile oracle loaded: models/grid_iqn.pth (w1_lambda=1.0)
/u/ibrahim.eisawy/Neural-Guided-Search/venv/lib/python3.10/site-packages/pymimir_rgnn/model.py:162: UserWarning: index_reduce() is in beta and the API may change at any time. (Triggered internally at /pytorch/aten/src/ATen/native/cuda/Indexing.cu:1541.)
  exps_max.index_reduce_(0, output_indices, output_messages, reduce="amax", include_self=False)
  [sim 500] root visits=500, unique states=1445, generated=1444
  [sim 1000] root visits=1000, unique states=2212, generated=2211
  [sim 1500] root visits=1500, unique states=3109, generated=3108
  [sim 1647] found goal path of length 248
[FANOUT] expanded_internal_nodes=1269 mean_children=4.44 mean_visited_children(fanout)=1.16 median_fanout=1 frac_nodes_fanout>1=18% frac_fanout>3=0%
[WIDTHBUCKET] n=1269 mean_width=2.65 median_width=2.78 frac_low(<1.5)=9% frac_med(1.5-3)=56% frac_high(>=3)=35%
[BOOSTDEPTH] n=1156 mean_depth_of_boosted_nodes=83.58 median=85 frac_shallow(depth<=10)=3% frac_deep(depth>30)=92%
[BOOSTPAYOFF] boosted_nodes=1156 frac_with_deadend_child=0% frac_below_best_at_depth=81%
[W1xDEPTH] d0-20:n=76,meanNW1=0.112 d20-60:n=268,meanNW1=0.088 d60-120:n=905,meanNW1=0.081 d120-inf:n=219,meanNW1=0.074
[DEPTH] expanded_internal_nodes=1269 mean_depth=86.22 median_depth=90 max_depth=181 frac_depth>20=95%
[Final] Expanded: 3559, Generated: 3559
[search done] simulations=1647, unique states generated=3559
Found a solution of length 248!
   1: (move f1-7f f1-6f)
   2: (pickup f1-6f key2-3)
   3: (move f1-6f f2-6f)
   4: (move f2-6f f2-7f)
   5: (move f2-7f f3-7f)
   6: (move f3-7f f4-7f)
   7: (move f4-7f f5-7f)
   8: (move f5-7f f6-7f)
   9: (move f6-7f f6-6f)
  10: (move f6-6f f6-5f)
  11: (unlock f6-5f f6-4f key2-3 shape2)
  12: (move f6-5f f6-4f)
  13: (putdown f6-4f key2-3)
  14: (pickup f6-4f key0-2)
  15: (move f6-4f f6-5f)
  16: (move f6-5f f5-5f)
  17: (pickup-and-loose f5-5f key0-3 key0-2)
  18: (move f5-5f f5-6f)
  19: (move f5-6f f5-7f)
  20: (move f5-7f f6-7f)
  21: (unlock f6-7f f7-7f key0-3 shape0)
  22: (move f6-7f f5-7f)
  23: (move f5-7f f5-6f)
  24: (move f5-6f f6-6f)
  25: (move f6-6f f6-5f)
  26: (move f6-5f f5-5f)
  27: (pickup-and-loose f5-5f key0-2 key0-3)
  28: (move f5-5f f6-5f)
  29: (move f6-5f f6-6f)
  30: (move f6-6f f6-7f)
  31: (pickup-and-loose f6-7f key1-3 key0-2)
  32: (move f6-7f f5-7f)
  33: (move f5-7f f5-6f)
  34: (move f5-6f f5-5f)
  35: (unlock f5-5f f4-5f key1-3 shape1)
  36: (unlock f5-5f f5-4f key1-3 shape1)
  37: (move f5-5f f5-6f)
  38: (move f5-6f f4-6f)
  39: (move f4-6f f4-5f)
  40: (putdown f4-5f key1-3)
  41: (move f4-5f f5-5f)
  42: (pickup f5-5f key0-3)
  43: (move f5-5f f4-5f)
  44: (unlock f4-5f f4-4f key0-3 shape0)
  45: (move f4-5f f4-4f)
  46: (unlock f4-4f f4-3f key0-3 shape0)
  47: (move f4-4f f4-5f)
  48: (move f4-5f f5-5f)
  49: (move f5-5f f6-5f)
  50: (move f6-5f f7-5f)
  51: (move f7-5f f7-4f)
  52: (move f7-4f f7-3f)
  53: (move f7-3f f7-2f)
  54: (move f7-2f f7-1f)
  55: (move f7-1f f6-1f)
  56: (move f6-1f f5-1f)
  57: (move f5-1f f5-0f)
  58: (move f5-0f f4-0f)
  59: (move f4-0f f3-0f)
  60: (move f3-0f f3-1f)
  61: (putdown f3-1f key0-3)
  62: (move f3-1f f3-2f)
  63: (pickup f3-2f key1-1)
  64: (move f3-2f f4-2f)
  65: (unlock f4-2f f4-1f key1-1 shape1)
  66: (move f4-2f f4-1f)
  67: (move f4-1f f5-1f)
  68: (move f5-1f f6-1f)
  69: (move f6-1f f7-1f)
  70: (move f7-1f f7-2f)
  71: (move f7-2f f6-2f)
  72: (move f6-2f f5-2f)
  73: (putdown f5-2f key1-1)
  74: (move f5-2f f5-1f)
  75: (pickup f5-1f key1-2)
  76: (move f5-1f f5-2f)
  77: (move f5-2f f4-2f)
  78: (move f4-2f f4-3f)
  79: (move f4-3f f4-4f)
  80: (move f4-4f f4-5f)
  81: (move f4-5f f5-5f)
  82: (move f5-5f f6-5f)
  83: (move f6-5f f7-5f)
  84: (move f7-5f f7-4f)
  85: (move f7-4f f7-3f)
  86: (move f7-3f f7-2f)
  87: (move f7-2f f7-1f)
  88: (move f7-1f f6-1f)
  89: (move f6-1f f6-2f)
  90: (move f6-2f f6-3f)
  91: (move f6-3f f6-4f)
  92: (move f6-4f f5-4f)
  93: (putdown f5-4f key1-2)
  94: (move f5-4f f6-4f)
  95: (move f6-4f f6-3f)
  96: (move f6-3f f6-2f)
  97: (move f6-2f f5-2f)
  98: (pickup f5-2f key1-1)
  99: (move f5-2f f4-2f)
 100: (move f4-2f f4-1f)
 101: (move f4-1f f3-1f)
 102: (move f3-1f f2-1f)
 103: (move f2-1f f2-0f)
 104: (putdown f2-0f key1-1)
 105: (move f2-0f f2-1f)
 106: (move f2-1f f3-1f)
 107: (move f3-1f f4-1f)
 108: (pickup f4-1f key1-0)
 109: (move f4-1f f4-2f)
 110: (move f4-2f f4-3f)
 111: (move f4-3f f4-4f)
 112: (move f4-4f f5-4f)
 113: (move f5-4f f5-5f)
 114: (move f5-5f f4-5f)
 115: (move f4-5f f4-6f)
 116: (move f4-6f f3-6f)
 117: (move f3-6f f3-7f)
 118: (move f3-7f f2-7f)
 119: (move f2-7f f2-6f)
 120: (move f2-6f f2-5f)
 121: (move f2-5f f1-5f)
 122: (move f1-5f f1-4f)
 123: (move f1-4f f0-4f)
 124: (move f0-4f f0-3f)
 125: (putdown f0-3f key1-0)
 126: (pickup f0-3f key0-1)
 127: (move f0-3f f0-4f)
 128: (move f0-4f f1-4f)
 129: (move f1-4f f1-5f)
 130: (move f1-5f f2-5f)
 131: (move f2-5f f2-6f)
 132: (move f2-6f f2-7f)
 133: (pickup-and-loose f2-7f key2-0 key0-1)
 134: (move f2-7f f2-6f)
 135: (move f2-6f f3-6f)
 136: (unlock f3-6f f3-5f key2-0 shape2)
 137: (move f3-6f f4-6f)
 138: (move f4-6f f4-5f)
 139: (move f4-5f f5-5f)
 140: (move f5-5f f5-4f)
 141: (move f5-4f f4-4f)
 142: (move f4-4f f4-3f)
 143: (move f4-3f f4-2f)
 144: (move f4-2f f4-1f)
 145: (putdown f4-1f key2-0)
 146: (move f4-1f f4-2f)
 147: (move f4-2f f4-3f)
 148: (pickup f4-3f key3-2)
 149: (unlock f4-3f f5-3f key3-2 shape3)
 150: (move f4-3f f5-3f)
 151: (move f5-3f f6-3f)
 152: (putdown f6-3f key3-2)
 153: (move f6-3f f6-4f)
 154: (move f6-4f f5-4f)
 155: (pickup f5-4f key1-2)
 156: (move f5-4f f5-5f)
 157: (move f5-5f f4-5f)
 158: (move f4-5f f4-4f)
 159: (move f4-4f f3-4f)
 160: (move f3-4f f3-5f)
 161: (move f3-5f f2-5f)
 162: (move f2-5f f1-5f)
 163: (move f1-5f f1-6f)
 164: (move f1-6f f0-6f)
 165: (move f0-6f f0-7f)
 166: (putdown f0-7f key1-2)
 167: (move f0-7f f1-7f)
 168: (move f1-7f f2-7f)
 169: (move f2-7f f3-7f)
 170: (move f3-7f f4-7f)
 171: (move f4-7f f4-6f)
 172: (move f4-6f f4-5f)
 173: (pickup f4-5f key1-3)
 174: (move f4-5f f4-4f)
 175: (move f4-4f f4-3f)
 176: (move f4-3f f3-3f)
 177: (move f3-3f f3-2f)
 178: (move f3-2f f2-2f)
 179: (move f2-2f f1-2f)
 180: (move f1-2f f0-2f)
 181: (move f0-2f f0-3f)
 182: (move f0-3f f0-4f)
 183: (move f0-4f f1-4f)
 184: (move f1-4f f1-5f)
 185: (move f1-5f f2-5f)
 186: (move f2-5f f3-5f)
 187: (move f3-5f f3-4f)
 188: (putdown f3-4f key1-3)
 189: (move f3-4f f3-3f)
 190: (move f3-3f f3-2f)
 191: (move f3-2f f3-1f)
 192: (move f3-1f f2-1f)
 193: (move f2-1f f2-0f)
 194: (move f2-0f f3-0f)
 195: (move f3-0f f4-0f)
 196: (move f4-0f f4-1f)
 197: (move f4-1f f5-1f)
 198: (move f5-1f f6-1f)
 199: (move f6-1f f7-1f)
 200: (pickup f7-1f key3-3)
 201: (move f7-1f f7-2f)
 202: (move f7-2f f7-3f)
 203: (move f7-3f f6-3f)
 204: (move f6-3f f6-4f)
 205: (move f6-4f f5-4f)
 206: (move f5-4f f4-4f)
 207: (move f4-4f f3-4f)
 208: (unlock f3-4f f2-4f key3-3 shape3)
 209: (move f3-4f f3-3f)
 210: (unlock f3-3f f2-3f key3-3 shape3)
 211: (move f3-3f f3-4f)
 212: (move f3-4f f2-4f)
 213: (move f2-4f f1-4f)
 214: (move f1-4f f0-4f)
 215: (move f0-4f f0-3f)
 216: (move f0-3f f0-2f)
 217: (unlock f0-2f f0-1f key3-3 shape3)
 218: (move f0-2f f0-3f)
 219: (move f0-3f f0-4f)
 220: (move f0-4f f1-4f)
 221: (move f1-4f f2-4f)
 222: (move f2-4f f3-4f)
 223: (move f3-4f f3-3f)
 224: (move f3-3f f3-2f)
 225: (move f3-2f f3-1f)
 226: (move f3-1f f4-1f)
 227: (move f4-1f f4-2f)
 228: (move f4-2f f4-3f)
 229: (move f4-3f f4-4f)
 230: (move f4-4f f5-4f)
 231: (move f5-4f f5-5f)
 232: (move f5-5f f5-6f)
 233: (move f5-6f f5-7f)
 234: (putdown f5-7f key3-3)
 235: (move f5-7f f4-7f)
 236: (pickup f4-7f key2-2)
 237: (move f4-7f f4-6f)
 238: (move f4-6f f4-5f)
 239: (move f4-5f f4-4f)
 240: (move f4-4f f3-4f)
 241: (pickup-and-loose f3-4f key1-3 key2-2)
 242: (move f3-4f f3-3f)
 243: (move f3-3f f2-3f)
 244: (move f2-3f f2-2f)
 245: (move f2-2f f1-2f)
 246: (move f1-2f f0-2f)
 247: (move f0-2f f0-1f)
 248: (putdown f0-1f key1-3)
