Torch: 2.12.0+cu130
Using GPU:  NVIDIA L40S
[Bellman] lambda=0 -> baseline (no widening signal)
[Binc] OPTION6 binc_beta=2.0 signal=BELLMAN INCONSISTENCY (1-step min-W1 parent-vs-child) vs SIBLINGS (boosts exploration toward inconsistent children; prior untouched)
[Value] SELF-CONSISTENT: leaf value = QR-DQN max_a mean Z(s,a) (SAC critics bypassed; prior still SAC policy)
/u/ibrahim.eisawy/Neural-Guided-Search/venv/lib/python3.10/site-packages/pymimir_rgnn/model.py:162: UserWarning: index_reduce() is in beta and the API may change at any time. (Triggered internally at /pytorch/aten/src/ATen/native/cuda/Indexing.cu:1541.)
  exps_max.index_reduce_(0, output_indices, output_messages, reduce="amax", include_self=False)
  [sim 233] found goal path of length 92
[Final] Expanded: 584, Generated: 584
[Cost] IQN forward calls (Bellman signal): 1135
[Widen] nodes widened: 0, mean w: 0.0000
[Binc] child-edges modulated: 919, mean mult: 1.1430 (1.0 = no change; >1 = boosted toward inconsistent)
[search done] simulations=233, unique states generated=584
Found a solution of length 92!
   1: (move f5-4f f5-3f)
   2: (move f5-3f f5-2f)
   3: (move f5-2f f5-1f)
   4: (move f5-1f f6-1f)
   5: (move f6-1f f6-2f)
   6: (move f6-2f f7-2f)
   7: (move f7-2f f8-2f)
   8: (move f8-2f f8-1f)
   9: (move f8-1f f8-0f)
  10: (move f8-0f f9-0f)
  11: (move f9-0f f9-1f)
  12: (move f9-1f f9-2f)
  13: (putdown f9-2f key0-2)
  14: (move f9-2f f9-1f)
  15: (move f9-1f f9-0f)
  16: (move f9-0f f8-0f)
  17: (move f8-0f f8-1f)
  18: (move f8-1f f8-2f)
  19: (move f8-2f f7-2f)
  20: (move f7-2f f6-2f)
  21: (pickup f6-2f key1-4)
  22: (move f6-2f f7-2f)
  23: (move f7-2f f8-2f)
  24: (move f8-2f f9-2f)
  25: (pickup-and-loose f9-2f key0-2 key1-4)
  26: (move f9-2f f8-2f)
  27: (move f8-2f f7-2f)
  28: (move f7-2f f6-2f)
  29: (move f6-2f f5-2f)
  30: (move f5-2f f5-1f)
  31: (move f5-1f f4-1f)
  32: (move f4-1f f4-2f)
  33: (move f4-2f f3-2f)
  34: (move f3-2f f3-1f)
  35: (move f3-1f f3-0f)
  36: (move f3-0f f4-0f)
  37: (move f4-0f f5-0f)
  38: (move f5-0f f6-0f)
  39: (move f6-0f f6-1f)
  40: (putdown f6-1f key0-2)
  41: (move f6-1f f6-0f)
  42: (pickup f6-0f key2-3)
  43: (move f6-0f f6-1f)
  44: (pickup-and-loose f6-1f key0-2 key2-3)
  45: (move f6-1f f5-1f)
  46: (move f5-1f f4-1f)
  47: (move f4-1f f4-2f)
  48: (move f4-2f f3-2f)
  49: (move f3-2f f3-1f)
  50: (move f3-1f f3-0f)
  51: (move f3-0f f4-0f)
  52: (move f4-0f f5-0f)
  53: (move f5-0f f6-0f)
  54: (putdown f6-0f key0-2)
  55: (move f6-0f f5-0f)
  56: (move f5-0f f5-1f)
  57: (move f5-1f f6-1f)
  58: (pickup f6-1f key2-3)
  59: (unlock f6-1f f7-1f key2-3 shape2)
  60: (move f6-1f f6-0f)
  61: (pickup-and-loose f6-0f key0-2 key2-3)
  62: (move f6-0f f6-1f)
  63: (move f6-1f f5-1f)
  64: (move f5-1f f4-1f)
  65: (move f4-1f f4-0f)
  66: (move f4-0f f5-0f)
  67: (putdown f5-0f key0-2)
  68: (move f5-0f f4-0f)
  69: (move f4-0f f4-1f)
  70: (move f4-1f f5-1f)
  71: (move f5-1f f6-1f)
  72: (move f6-1f f6-0f)
  73: (pickup f6-0f key2-3)
  74: (move f6-0f f5-0f)
  75: (pickup-and-loose f5-0f key0-2 key2-3)
  76: (move f5-0f f4-0f)
  77: (move f4-0f f4-1f)
  78: (move f4-1f f4-2f)
  79: (move f4-2f f3-2f)
  80: (move f3-2f f3-1f)
  81: (move f3-1f f3-0f)
  82: (move f3-0f f2-0f)
  83: (move f2-0f f2-1f)
  84: (move f2-1f f1-1f)
  85: (move f1-1f f0-1f)
  86: (move f0-1f f0-2f)
  87: (move f0-2f f0-3f)
  88: (move f0-3f f0-4f)
  89: (move f0-4f f0-5f)
  90: (move f0-5f f0-6f)
  91: (move f0-6f f0-7f)
  92: (putdown f0-7f key0-2)
