Torch: 2.12.0+cu130
Using GPU:  NVIDIA L40S
[Bellman] lambda=0 -> baseline (no widening signal)
[Binc] OPTION6 binc_beta=2.0 signal=BELLMAN INCONSISTENCY (1-step min-W1 parent-vs-child) vs SIBLINGS (boosts exploration toward inconsistent children; prior untouched)
[Value] SELF-CONSISTENT: leaf value = QR-DQN max_a mean Z(s,a) (SAC critics bypassed; prior still SAC policy)
/u/ibrahim.eisawy/Neural-Guided-Search/venv/lib/python3.10/site-packages/pymimir_rgnn/model.py:162: UserWarning: index_reduce() is in beta and the API may change at any time. (Triggered internally at /pytorch/aten/src/ATen/native/cuda/Indexing.cu:1541.)
  exps_max.index_reduce_(0, output_indices, output_messages, reduce="amax", include_self=False)
  [sim 114] found goal path of length 53
[Final] Expanded: 217, Generated: 217
[Cost] IQN forward calls (Bellman signal): 463
[Widen] nodes widened: 0, mean w: 0.0000
[Binc] child-edges modulated: 379, mean mult: 1.1184 (1.0 = no change; >1 = boosted toward inconsistent)
[search done] simulations=114, unique states generated=217
Found a solution of length 53!
   1: (move f1-1f f0-1f)
   2: (move f0-1f f0-2f)
   3: (move f0-2f f1-2f)
   4: (move f1-2f f1-3f)
   5: (move f1-3f f2-3f)
   6: (move f2-3f f2-4f)
   7: (move f2-4f f1-4f)
   8: (move f1-4f f0-4f)
   9: (move f0-4f f0-3f)
  10: (pickup-and-loose f0-3f key3-0 key0-2)
  11: (move f0-3f f0-2f)
  12: (move f0-2f f1-2f)
  13: (move f1-2f f1-3f)
  14: (move f1-3f f2-3f)
  15: (move f2-3f f2-4f)
  16: (move f2-4f f1-4f)
  17: (move f1-4f f0-4f)
  18: (move f0-4f f0-5f)
  19: (move f0-5f f1-5f)
  20: (move f1-5f f2-5f)
  21: (move f2-5f f3-5f)
  22: (move f3-5f f3-4f)
  23: (move f3-4f f3-3f)
  24: (unlock f3-3f f4-3f key3-0 shape3)
  25: (move f3-3f f2-3f)
  26: (move f2-3f f1-3f)
  27: (move f1-3f f0-3f)
  28: (pickup-and-loose f0-3f key0-2 key3-0)
  29: (move f0-3f f1-3f)
  30: (move f1-3f f2-3f)
  31: (move f2-3f f2-4f)
  32: (move f2-4f f1-4f)
  33: (move f1-4f f0-4f)
  34: (move f0-4f f0-5f)
  35: (move f0-5f f1-5f)
  36: (move f1-5f f2-5f)
  37: (move f2-5f f3-5f)
  38: (move f3-5f f3-4f)
  39: (move f3-4f f3-3f)
  40: (move f3-3f f3-2f)
  41: (move f3-2f f4-2f)
  42: (move f4-2f f5-2f)
  43: (move f5-2f f5-3f)
  44: (move f5-3f f4-3f)
  45: (move f4-3f f4-4f)
  46: (move f4-4f f5-4f)
  47: (move f5-4f f5-5f)
  48: (move f5-5f f6-5f)
  49: (move f6-5f f6-6f)
  50: (move f6-6f f7-6f)
  51: (move f7-6f f7-7f)
  52: (move f7-7f f8-7f)
  53: (putdown f8-7f key0-2)
