/u/ibrahim.eisawy/Neural-Guided-Search/venv/lib/python3.10/site-packages/pymimir_rgnn/model.py:162: UserWarning: index_reduce() is in beta and the API may change at any time. (Triggered internally at /pytorch/aten/src/ATen/native/cuda/Indexing.cu:1541.)
  exps_max.index_reduce_(0, output_indices, output_messages, reduce="amax", include_self=False)
Torch: 2.12.0+cu130
Using GPU:  NVIDIA L40S
-69.173: (move f0-2f f0-1f)
-14.644: (pickup f0-1f key0-1)
-117.425: (move f0-1f f0-2f)
-134.592: (move f0-2f f1-2f)
-91.534: (move f1-2f f2-2f)
-63.106: (move f2-2f f3-2f)
-275.850: (putdown f3-2f key0-1)
-247.977: (move f3-2f f2-2f)
-160.850: (move f2-2f f1-2f)
-118.361: (move f1-2f f0-2f)
-81.975: (pickup f0-2f key1-0)
-91.208: (move f0-2f f1-2f)
-50.439: (move f1-2f f2-2f)
-38.041: (move f2-2f f3-2f)
-25.101: (unlock f3-2f f3-1f key1-0 shape1)
-44.194: (pickup-and-loose f3-2f key0-1 key1-0)
-41.770: (move f3-2f f3-1f)
-21.948: (unlock f3-1f f3-0f key0-1 shape0)
-163.115: (putdown f3-1f key0-1)
-84.599: (move f3-1f f3-0f)
-26.874: (pickup f3-0f key1-1)
-131.709: (move f3-0f f2-0f)
-131.219: (move f2-0f f1-0f)
-116.615: (move f1-0f f1-1f)
-78.102: (move f1-1f f0-1f)
-39.767: (move f0-1f f0-2f)
4.768: (move f0-2f f0-3f)
-149.921: (putdown f0-3f key1-1)
Found a solution of length 28!
   1: (move f0-2f f0-1f)
   2: (pickup f0-1f key0-1)
   3: (move f0-1f f0-2f)
   4: (move f0-2f f1-2f)
   5: (move f1-2f f2-2f)
   6: (move f2-2f f3-2f)
   7: (putdown f3-2f key0-1)
   8: (move f3-2f f2-2f)
   9: (move f2-2f f1-2f)
  10: (move f1-2f f0-2f)
  11: (pickup f0-2f key1-0)
  12: (move f0-2f f1-2f)
  13: (move f1-2f f2-2f)
  14: (move f2-2f f3-2f)
  15: (unlock f3-2f f3-1f key1-0 shape1)
  16: (pickup-and-loose f3-2f key0-1 key1-0)
  17: (move f3-2f f3-1f)
  18: (unlock f3-1f f3-0f key0-1 shape0)
  19: (putdown f3-1f key0-1)
  20: (move f3-1f f3-0f)
  21: (pickup f3-0f key1-1)
  22: (move f3-0f f2-0f)
  23: (move f2-0f f1-0f)
  24: (move f1-0f f1-1f)
  25: (move f1-1f f0-1f)
  26: (move f0-1f f0-2f)
  27: (move f0-2f f0-3f)
  28: (putdown f0-3f key1-1)
