/u/ibrahim.eisawy/Neural-Guided-Search/venv/lib/python3.10/site-packages/pymimir_rgnn/model.py:162: UserWarning: index_reduce() is in beta and the API may change at any time. (Triggered internally at /pytorch/aten/src/ATen/native/cuda/Indexing.cu:1541.)
  exps_max.index_reduce_(0, output_indices, output_messages, reduce="amax", include_self=False)
Torch: 2.12.0+cu130
Using GPU:  NVIDIA L40S
126.522: (load-truck p0 t0 l0-1)
131.059: (load-truck p19 t4 l4-1)
133.225: (load-truck p23 t1 l1-3)
121.981: (load-truck p18 t2 l2-3)
106.608: (drive-truck t2 l2-3 l2-0 c2)
131.760: (load-truck p12 t2 l2-0)
130.001: (load-truck p5 t2 l2-0)
92.220: (drive-truck t4 l4-1 l4-0 c4)
121.760: (load-truck p7 t4 l4-0)
91.209: (drive-truck t1 l1-3 l1-0 c1)
123.076: (load-truck p15 t1 l1-0)
119.879: (load-truck p16 t1 l1-0)
116.044: (load-truck p3 t1 l1-0)
111.872: (load-truck p9 t1 l1-0)
75.110: (drive-truck t5 l5-3 l5-0 c5)
104.608: (load-truck p8 t5 l5-0)
107.875: (load-truck p17 t5 l5-0)
74.647: (drive-truck t1 l1-0 l1-2 c1)
109.092: (load-truck p10 t1 l1-2)
112.722: (load-truck p20 t1 l1-2)
57.276: (drive-truck t5 l5-0 l5-2 c5)
124.681: (load-truck p24 t5 l5-2)
128.660: (load-truck p11 t5 l5-2)
62.028: (drive-truck t1 l1-2 l1-3 c1)
50.724: (drive-truck t4 l4-0 l4-1 c4)
41.383: (unload-truck p19 t4 l4-1)
41.765: (unload-truck p16 t1 l1-3)
133.542: (load-truck p19 t4 l4-1)
66.753: (drive-truck t1 l1-3 l1-1 c1)
47.639: (unload-truck p19 t4 l4-1)
48.098: (unload-truck p8 t5 l5-2)
124.742: (load-truck p19 t4 l4-1)
43.917: (unload-truck p11 t5 l5-2)
117.375: (load-truck p8 t5 l5-2)
43.632: (unload-truck p19 t4 l4-1)
42.948: (unload-truck p8 t5 l5-2)
37.884: (unload-truck p7 t4 l4-1)
114.779: (load-truck p8 t5 l5-2)
116.423: (load-truck p11 t5 l5-2)
116.430: (load-truck p19 t4 l4-1)
44.917: (unload-truck p8 t5 l5-2)
44.050: (unload-truck p19 t4 l4-1)
40.005: (unload-truck p24 t5 l5-2)
115.964: (load-truck p8 t5 l5-2)
117.277: (load-truck p19 t4 l4-1)
119.314: (load-truck p7 t4 l4-1)
45.715: (unload-truck p19 t4 l4-1)
45.010: (unload-truck p8 t5 l5-2)
120.400: (load-truck p19 t4 l4-1)
39.468: (unload-truck p11 t5 l5-2)
115.233: (load-truck p8 t5 l5-2)
39.975: (unload-truck p19 t4 l4-1)
39.158: (unload-truck p8 t5 l5-2)
34.674: (unload-truck p7 t4 l4-1)
113.427: (load-truck p8 t5 l5-2)
113.546: (load-truck p19 t4 l4-1)
115.077: (load-truck p24 t5 l5-2)
39.764: (unload-truck p8 t5 l5-2)
34.275: (unload-truck p15 t1 l1-1)
115.693: (load-truck p8 t5 l5-2)
118.601: (load-truck p7 t4 l4-1)
121.208: (load-truck p11 t5 l5-2)
49.215: (unload-truck p19 t4 l4-1)
49.621: (unload-truck p8 t5 l5-2)
124.442: (load-truck p19 t4 l4-1)
43.615: (unload-truck p11 t5 l5-2)
40.904: (unload-truck p19 t4 l4-1)
117.684: (load-truck p8 t5 l5-2)
41.716: (unload-truck p7 t4 l4-1)
117.806: (load-truck p11 t5 l5-2)
117.891: (load-truck p19 t4 l4-1)
46.434: (unload-truck p8 t5 l5-2)
43.749: (unload-truck p19 t4 l4-1)
40.022: (unload-truck p11 t5 l5-2)
33.682: (unload-truck p3 t1 l1-1)
113.921: (load-truck p8 t5 l5-2)
114.646: (load-truck p11 t5 l5-2)
114.741: (load-truck p19 t4 l4-1)
117.625: (load-truck p7 t4 l4-1)
110.101: (load-truck p15 t1 l1-1)
49.002: (unload-truck p19 t4 l4-1)
49.408: (unload-truck p8 t5 l5-2)
124.235: (load-truck p19 t4 l4-1)
43.408: (unload-truck p11 t5 l5-2)
117.228: (load-truck p8 t5 l5-2)
44.800: (unload-truck p19 t4 l4-1)
43.888: (unload-truck p8 t5 l5-2)
37.396: (unload-truck p7 t4 l4-1)
114.855: (load-truck p8 t5 l5-2)
117.724: (load-truck p11 t5 l5-2)
117.816: (load-truck p19 t4 l4-1)
46.222: (unload-truck p8 t5 l5-2)
43.542: (unload-truck p19 t4 l4-1)
39.515: (unload-truck p15 t1 l1-1)
114.696: (load-truck p19 t4 l4-1)
116.169: (load-truck p7 t4 l4-1)
41.849: (unload-truck p19 t4 l4-1)
118.619: (load-truck p8 t5 l5-2)
39.769: (unload-truck p24 t5 l5-2)
118.262: (load-truck p19 t4 l4-1)
108.609: (load-truck p3 t1 l1-1)
47.289: (unload-truck p19 t4 l4-1)
46.344: (unload-truck p8 t5 l5-2)
120.130: (load-truck p19 t4 l4-1)
39.198: (unload-truck p11 t5 l5-2)
115.373: (load-truck p8 t5 l5-2)
41.585: (unload-truck p19 t4 l4-1)
40.515: (unload-truck p8 t5 l5-2)
34.500: (unload-truck p7 t4 l4-1)
113.684: (load-truck p8 t5 l5-2)
115.783: (load-truck p11 t5 l5-2)
118.850: (load-truck p19 t4 l4-1)
43.163: (unload-truck p8 t5 l5-2)
112.812: (load-truck p15 t1 l1-1)
36.872: (unload-truck p11 t5 l5-2)
32.781: (unload-truck p15 t1 l1-1)
114.126: (load-truck p8 t5 l5-2)
35.350: (unload-truck p9 t1 l1-1)
113.825: (load-truck p24 t5 l5-2)
115.400: (load-truck p7 t4 l4-1)
116.986: (load-truck p11 t5 l5-2)
109.941: (load-truck p15 t1 l1-1)
48.851: (unload-truck p19 t4 l4-1)
49.256: (unload-truck p8 t5 l5-2)
124.138: (load-truck p19 t4 l4-1)
43.311: (unload-truck p11 t5 l5-2)
117.225: (load-truck p8 t5 l5-2)
44.649: (unload-truck p19 t4 l4-1)
43.737: (unload-truck p8 t5 l5-2)
37.298: (unload-truck p7 t4 l4-1)
114.852: (load-truck p8 t5 l5-2)
117.690: (load-truck p11 t5 l5-2)
117.783: (load-truck p19 t4 l4-1)
46.071: (unload-truck p8 t5 l5-2)
43.445: (unload-truck p19 t4 l4-1)
39.420: (unload-truck p15 t1 l1-1)
115.414: (load-truck p8 t5 l5-2)
114.706: (load-truck p19 t4 l4-1)
40.605: (unload-truck p8 t5 l5-2)
116.166: (load-truck p7 t4 l4-1)
41.749: (unload-truck p19 t4 l4-1)
118.520: (load-truck p8 t5 l5-2)
39.615: (unload-truck p24 t5 l5-2)
118.107: (load-truck p19 t4 l4-1)
108.551: (load-truck p15 t1 l1-1)
46.925: (unload-truck p19 t4 l4-1)
45.980: (unload-truck p8 t5 l5-2)
119.826: (load-truck p19 t4 l4-1)
38.952: (unload-truck p15 t1 l1-1)
38.694: (unload-truck p19 t4 l4-1)
34.323: (unload-truck p7 t4 l4-1)
113.582: (load-truck p8 t5 l5-2)
114.919: (load-truck p19 t4 l4-1)
106.961: (load-truck p15 t1 l1-1)
42.992: (unload-truck p19 t4 l4-1)
41.564: (unload-truck p8 t5 l5-2)
115.251: (load-truck p19 t4 l4-1)
36.378: (unload-truck p15 t1 l1-1)
33.293: (unload-truck p11 t5 l5-2)
116.765: (load-truck p7 t4 l4-1)
113.313: (load-truck p8 t5 l5-2)
105.527: (load-truck p15 t1 l1-1)
41.273: (unload-truck p19 t4 l4-1)
40.150: (unload-truck p8 t5 l5-2)
115.034: (load-truck p19 t4 l4-1)
34.160: (unload-truck p3 t1 l1-1)
113.383: (load-truck p8 t5 l5-2)
114.882: (load-truck p24 t5 l5-2)
116.903: (load-truck p11 t5 l5-2)
43.060: (unload-truck p19 t4 l4-1)
43.462: (unload-truck p8 t5 l5-2)
118.293: (load-truck p19 t4 l4-1)
37.462: (unload-truck p11 t5 l5-2)
37.782: (unload-truck p19 t4 l4-1)
113.855: (load-truck p8 t5 l5-2)
35.933: (unload-truck p7 t4 l4-1)
114.527: (load-truck p11 t5 l5-2)
114.623: (load-truck p19 t4 l4-1)
40.550: (unload-truck p8 t5 l5-2)
38.044: (unload-truck p19 t4 l4-1)
34.774: (unload-truck p11 t5 l5-2)
113.550: (load-truck p19 t4 l4-1)
113.152: (load-truck p8 t5 l5-2)
106.239: (load-truck p3 t1 l1-1)
40.571: (unload-truck p8 t5 l5-2)
34.681: (unload-truck p15 t1 l1-1)
113.216: (load-truck p7 t4 l4-1)
37.820: (unload-truck p19 t4 l4-1)
113.918: (load-truck p8 t5 l5-2)
35.986: (unload-truck p7 t4 l4-1)
36.739: (unload-truck p8 t5 l5-2)
32.127: (unload-truck p17 t5 l5-2)
118.758: (load-truck p8 t5 l5-2)
116.238: (load-truck p11 t5 l5-2)
113.979: (load-truck p19 t4 l4-1)
115.453: (load-truck p7 t4 l4-1)
107.629: (load-truck p9 t1 l1-1)
111.707: (load-truck p15 t1 l1-1)
43.654: (unload-truck p19 t4 l4-1)
42.970: (unload-truck p8 t5 l5-2)
117.922: (load-truck p19 t4 l4-1)
36.986: (unload-truck p11 t5 l5-2)
114.010: (load-truck p8 t5 l5-2)
38.942: (unload-truck p19 t4 l4-1)
37.206: (unload-truck p8 t5 l5-2)
33.129: (unload-truck p7 t4 l4-1)
113.525: (load-truck p8 t5 l5-2)
113.380: (load-truck p11 t5 l5-2)
115.807: (load-truck p19 t4 l4-1)
39.786: (unload-truck p8 t5 l5-2)
37.478: (unload-truck p19 t4 l4-1)
33.631: (unload-truck p15 t1 l1-1)
114.985: (load-truck p8 t5 l5-2)
117.173: (load-truck p19 t4 l4-1)
40.927: (unload-truck p8 t5 l5-2)
115.730: (load-truck p7 t4 l4-1)
40.890: (unload-truck p19 t4 l4-1)
117.666: (load-truck p8 t5 l5-2)
41.567: (unload-truck p11 t5 l5-2)
116.701: (load-truck p19 t4 l4-1)
38.779: (unload-truck p8 t5 l5-2)
37.786: (unload-truck p19 t4 l4-1)
33.362: (unload-truck p7 t4 l4-1)
114.269: (load-truck p8 t5 l5-2)
113.857: (load-truck p19 t4 l4-1)
105.947: (load-truck p15 t1 l1-1)
36.145: (unload-truck p8 t5 l5-2)
32.257: (unload-truck p15 t1 l1-1)
32.533: (unload-truck p10 t1 l1-1)
118.000: (load-truck p8 t5 l5-2)
115.136: (load-truck p17 t5 l5-2)
115.435: (load-truck p7 t4 l4-1)
117.021: (load-truck p11 t5 l5-2)
110.101: (load-truck p15 t1 l1-1)
49.002: (unload-truck p19 t4 l4-1)
49.408: (unload-truck p8 t5 l5-2)
124.235: (load-truck p19 t4 l4-1)
43.408: (unload-truck p11 t5 l5-2)
117.228: (load-truck p8 t5 l5-2)
44.800: (unload-truck p19 t4 l4-1)
43.888: (unload-truck p8 t5 l5-2)
37.396: (unload-truck p7 t4 l4-1)
114.855: (load-truck p8 t5 l5-2)
117.724: (load-truck p11 t5 l5-2)
117.816: (load-truck p19 t4 l4-1)
46.222: (unload-truck p8 t5 l5-2)
43.542: (unload-truck p19 t4 l4-1)
39.515: (unload-truck p15 t1 l1-1)
115.417: (load-truck p8 t5 l5-2)
114.741: (load-truck p19 t4 l4-1)
40.695: (unload-truck p8 t5 l5-2)
116.169: (load-truck p7 t4 l4-1)
41.849: (unload-truck p19 t4 l4-1)
118.619: (load-truck p8 t5 l5-2)
39.769: (unload-truck p24 t5 l5-2)
118.262: (load-truck p19 t4 l4-1)
108.583: (load-truck p15 t1 l1-1)
47.076: (unload-truck p19 t4 l4-1)
46.131: (unload-truck p8 t5 l5-2)
119.923: (load-truck p19 t4 l4-1)
39.048: (unload-truck p15 t1 l1-1)
38.683: (unload-truck p19 t4 l4-1)
34.407: (unload-truck p7 t4 l4-1)
113.596: (load-truck p8 t5 l5-2)
114.954: (load-truck p19 t4 l4-1)
106.993: (load-truck p15 t1 l1-1)
43.143: (unload-truck p19 t4 l4-1)
41.715: (unload-truck p8 t5 l5-2)
115.254: (load-truck p19 t4 l4-1)
36.461: (unload-truck p15 t1 l1-1)
33.292: (unload-truck p11 t5 l5-2)
116.739: (load-truck p8 t5 l5-2)
113.855: (load-truck p7 t4 l4-1)
105.560: (load-truck p15 t1 l1-1)
41.385: (unload-truck p19 t4 l4-1)
40.301: (unload-truck p8 t5 l5-2)
115.037: (load-truck p19 t4 l4-1)
34.390: (unload-truck p15 t1 l1-1)
113.276: (load-truck p24 t5 l5-2)
37.808: (unload-truck p19 t4 l4-1)
113.921: (load-truck p8 t5 l5-2)
36.064: (unload-truck p7 t4 l4-1)
36.753: (unload-truck p8 t5 l5-2)
113.455: (load-truck p19 t4 l4-1)
109.098: (load-truck p15 t1 l1-1)
115.636: (load-truck p8 t5 l5-2)
37.876: (unload-truck p24 t5 l5-2)
38.539: (unload-truck p19 t4 l4-1)
37.511: (unload-truck p8 t5 l5-2)
112.868: (load-truck p19 t4 l4-1)
33.111: (unload-truck p23 t1 l1-1)
116.820: (load-truck p8 t5 l5-2)
113.788: (load-truck p24 t5 l5-2)
115.343: (load-truck p7 t4 l4-1)
116.929: (load-truck p11 t5 l5-2)
110.209: (load-truck p10 t1 l1-1)
48.983: (unload-truck p19 t4 l4-1)
49.389: (unload-truck p8 t5 l5-2)
124.218: (load-truck p19 t4 l4-1)
43.392: (unload-truck p11 t5 l5-2)
117.223: (load-truck p8 t5 l5-2)
44.781: (unload-truck p19 t4 l4-1)
43.869: (unload-truck p8 t5 l5-2)
37.380: (unload-truck p7 t4 l4-1)
114.850: (load-truck p8 t5 l5-2)
117.716: (load-truck p11 t5 l5-2)
117.809: (load-truck p19 t4 l4-1)
46.203: (unload-truck p8 t5 l5-2)
43.526: (unload-truck p19 t4 l4-1)
39.499: (unload-truck p15 t1 l1-1)
115.412: (load-truck p8 t5 l5-2)
114.733: (load-truck p19 t4 l4-1)
117.618: (load-truck p7 t4 l4-1)
43.410: (unload-truck p19 t4 l4-1)
43.811: (unload-truck p8 t5 l5-2)
118.592: (load-truck p19 t4 l4-1)
37.763: (unload-truck p11 t5 l5-2)
114.179: (load-truck p8 t5 l5-2)
40.407: (unload-truck p19 t4 l4-1)
38.463: (unload-truck p8 t5 l5-2)
33.384: (unload-truck p7 t4 l4-1)
113.926: (load-truck p8 t5 l5-2)
113.911: (load-truck p19 t4 l4-1)
105.994: (load-truck p15 t1 l1-1)
40.691: (unload-truck p8 t5 l5-2)
34.665: (unload-truck p15 t1 l1-1)
113.207: (load-truck p11 t5 l5-2)
35.205: (unload-truck p24 t5 l5-2)
114.021: (load-truck p8 t5 l5-2)
116.419: (load-truck p7 t4 l4-1)
108.576: (load-truck p15 t1 l1-1)
47.057: (unload-truck p19 t4 l4-1)
46.112: (unload-truck p8 t5 l5-2)
119.907: (load-truck p19 t4 l4-1)
39.032: (unload-truck p15 t1 l1-1)
38.679: (unload-truck p19 t4 l4-1)
115.036: (load-truck p8 t5 l5-2)
38.186: (unload-truck p7 t4 l4-1)
106.246: (load-truck p15 t1 l1-1)
118.619: (load-truck p19 t4 l4-1)
42.932: (unload-truck p8 t5 l5-2)
39.223: (unload-truck p19 t4 l4-1)
35.485: (unload-truck p11 t5 l5-2)
113.622: (load-truck p8 t5 l5-2)
114.957: (load-truck p19 t4 l4-1)
116.471: (load-truck p7 t4 l4-1)
41.368: (unload-truck p19 t4 l4-1)
40.282: (unload-truck p8 t5 l5-2)
115.032: (load-truck p19 t4 l4-1)
34.387: (unload-truck p15 t1 l1-1)
113.298: (load-truck p8 t5 l5-2)
38.646: (unload-truck p19 t4 l4-1)
36.591: (unload-truck p8 t5 l5-2)
32.843: (unload-truck p7 t4 l4-1)
117.743: (load-truck p8 t5 l5-2)
113.842: (load-truck p19 t4 l4-1)
36.066: (unload-truck p8 t5 l5-2)
112.775: (load-truck p15 t1 l1-1)
33.111: (unload-truck p3 t1 l1-1)
116.820: (load-truck p8 t5 l5-2)
113.788: (load-truck p24 t5 l5-2)
115.343: (load-truck p7 t4 l4-1)
116.929: (load-truck p11 t5 l5-2)
43.194: (unload-truck p19 t4 l4-1)
43.595: (unload-truck p8 t5 l5-2)
118.376: (load-truck p19 t4 l4-1)
37.545: (unload-truck p11 t5 l5-2)
37.767: (unload-truck p19 t4 l4-1)
113.853: (load-truck p8 t5 l5-2)
35.933: (unload-truck p7 t4 l4-1)
114.553: (load-truck p11 t5 l5-2)
114.649: (load-truck p19 t4 l4-1)
40.550: (unload-truck p8 t5 l5-2)
38.027: (unload-truck p19 t4 l4-1)
34.760: (unload-truck p11 t5 l5-2)
113.529: (load-truck p19 t4 l4-1)
109.151: (load-truck p23 t1 l1-1)
115.636: (load-truck p8 t5 l5-2)
37.876: (unload-truck p24 t5 l5-2)
116.482: (load-truck p11 t5 l5-2)
120.675: (load-truck p7 t4 l4-1)
47.076: (unload-truck p19 t4 l4-1)
46.131: (unload-truck p8 t5 l5-2)
119.923: (load-truck p19 t4 l4-1)
39.048: (unload-truck p15 t1 l1-1)
38.683: (unload-truck p19 t4 l4-1)
34.407: (unload-truck p7 t4 l4-1)
113.596: (load-truck p8 t5 l5-2)
114.954: (load-truck p19 t4 l4-1)
38.192: (unload-truck p8 t5 l5-2)
109.899: (load-truck p15 t1 l1-1)
39.238: (unload-truck p19 t4 l4-1)
115.988: (load-truck p8 t5 l5-2)
39.446: (unload-truck p11 t5 l5-2)
114.934: (load-truck p7 t4 l4-1)
118.088: (load-truck p19 t4 l4-1)
39.782: (unload-truck p8 t5 l5-2)
38.728: (unload-truck p19 t4 l4-1)
34.329: (unload-truck p7 t4 l4-1)
112.868: (load-truck p19 t4 l4-1)
33.354: (unload-truck p15 t1 l1-1)
116.739: (load-truck p8 t5 l5-2)
113.862: (load-truck p24 t5 l5-2)
115.435: (load-truck p7 t4 l4-1)
40.412: (unload-truck p19 t4 l4-1)
38.469: (unload-truck p8 t5 l5-2)
113.900: (load-truck p19 t4 l4-1)
33.135: (unload-truck p17 t5 l5-2)
115.383: (load-truck p8 t5 l5-2)
113.804: (load-truck p11 t5 l5-2)
107.644: (load-truck p15 t1 l1-1)
44.812: (unload-truck p19 t4 l4-1)
43.899: (unload-truck p8 t5 l5-2)
117.435: (load-truck p19 t4 l4-1)
36.606: (unload-truck p15 t1 l1-1)
37.853: (unload-truck p19 t4 l4-1)
113.961: (load-truck p8 t5 l5-2)
36.088: (unload-truck p7 t4 l4-1)
114.014: (load-truck p19 t4 l4-1)
106.054: (load-truck p15 t1 l1-1)
40.890: (unload-truck p19 t4 l4-1)
39.557: (unload-truck p8 t5 l5-2)
114.195: (load-truck p19 t4 l4-1)
34.714: (unload-truck p15 t1 l1-1)
35.797: (unload-truck p19 t4 l4-1)
32.737: (unload-truck p11 t5 l5-2)
118.778: (load-truck p8 t5 l5-2)
115.856: (load-truck p19 t4 l4-1)
105.412: (load-truck p15 t1 l1-1)
115.292: (load-truck p7 t4 l4-1)
40.356: (unload-truck p19 t4 l4-1)
38.364: (unload-truck p8 t5 l5-2)
113.781: (load-truck p19 t4 l4-1)
33.172: (unload-truck p23 t1 l1-1)
115.421: (load-truck p8 t5 l5-2)
113.705: (load-truck p11 t5 l5-2)
107.907: (load-truck p3 t1 l1-1)
44.793: (unload-truck p19 t4 l4-1)
43.880: (unload-truck p8 t5 l5-2)
117.419: (load-truck p19 t4 l4-1)
36.592: (unload-truck p15 t1 l1-1)
114.216: (load-truck p8 t5 l5-2)
40.462: (unload-truck p19 t4 l4-1)
38.518: (unload-truck p8 t5 l5-2)
33.433: (unload-truck p7 t4 l4-1)
113.961: (load-truck p8 t5 l5-2)
114.006: (load-truck p19 t4 l4-1)
106.047: (load-truck p15 t1 l1-1)
40.873: (unload-truck p19 t4 l4-1)
39.541: (unload-truck p8 t5 l5-2)
114.190: (load-truck p19 t4 l4-1)
34.711: (unload-truck p15 t1 l1-1)
32.810: (unload-truck p11 t5 l5-2)
118.000: (load-truck p8 t5 l5-2)
115.146: (load-truck p7 t4 l4-1)
104.410: (load-truck p15 t1 l1-1)
40.351: (unload-truck p19 t4 l4-1)
38.359: (unload-truck p8 t5 l5-2)
113.776: (load-truck p19 t4 l4-1)
33.412: (unload-truck p15 t1 l1-1)
36.446: (unload-truck p19 t4 l4-1)
115.102: (load-truck p8 t5 l5-2)
33.324: (unload-truck p7 t4 l4-1)
106.638: (load-truck p15 t1 l1-1)
113.767: (load-truck p19 t4 l4-1)
37.325: (unload-truck p8 t5 l5-2)
35.805: (unload-truck p19 t4 l4-1)
32.487: (unload-truck p15 t1 l1-1)
31.219: (unload-truck p3 t1 l1-1)
122.491: (load-truck p8 t5 l5-2)
119.960: (load-truck p17 t5 l5-2)
115.878: (load-truck p11 t5 l5-2)
113.683: (load-truck p19 t4 l4-1)
114.457: (load-truck p7 t4 l4-1)
39.541: (unload-truck p19 t4 l4-1)
38.965: (unload-truck p8 t5 l5-2)
114.385: (load-truck p19 t4 l4-1)
33.950: (unload-truck p11 t5 l5-2)
115.015: (load-truck p8 t5 l5-2)
37.701: (unload-truck p19 t4 l4-1)
35.776: (unload-truck p8 t5 l5-2)
32.260: (unload-truck p7 t4 l4-1)
118.536: (load-truck p11 t5 l5-2)
112.684: (load-truck p19 t4 l4-1)
33.036: (unload-truck p11 t5 l5-2)
117.777: (load-truck p8 t5 l5-2)
32.695: (unload-truck p24 t5 l5-2)
118.162: (load-truck p7 t4 l4-1)
115.417: (load-truck p11 t5 l5-2)
105.480: (load-truck p15 t1 l1-1)
41.306: (unload-truck p19 t4 l4-1)
40.322: (unload-truck p8 t5 l5-2)
114.953: (load-truck p19 t4 l4-1)
34.297: (unload-truck p11 t5 l5-2)
113.369: (load-truck p8 t5 l5-2)
38.586: (unload-truck p19 t4 l4-1)
36.528: (unload-truck p8 t5 l5-2)
32.811: (unload-truck p7 t4 l4-1)
117.728: (load-truck p8 t5 l5-2)
114.465: (load-truck p11 t5 l5-2)
114.862: (load-truck p19 t4 l4-1)
38.126: (unload-truck p8 t5 l5-2)
36.239: (unload-truck p19 t4 l4-1)
32.927: (unload-truck p15 t1 l1-1)
117.707: (load-truck p8 t5 l5-2)
113.827: (load-truck p19 t4 l4-1)
36.065: (unload-truck p8 t5 l5-2)
116.701: (load-truck p7 t4 l4-1)
36.886: (unload-truck p19 t4 l4-1)
113.081: (load-truck p8 t5 l5-2)
33.927: (unload-truck p11 t5 l5-2)
105.529: (load-truck p23 t1 l1-1)
114.725: (load-truck p19 t4 l4-1)
36.957: (unload-truck p8 t5 l5-2)
36.975: (unload-truck p19 t4 l4-1)
32.845: (unload-truck p7 t4 l4-1)
117.744: (load-truck p8 t5 l5-2)
32.823: (unload-truck p9 t1 l1-1)
118.974: (load-truck p24 t5 l5-2)
115.975: (load-truck p11 t5 l5-2)
113.792: (load-truck p19 t4 l4-1)
114.429: (load-truck p7 t4 l4-1)
39.532: (unload-truck p19 t4 l4-1)
38.956: (unload-truck p8 t5 l5-2)
114.385: (load-truck p19 t4 l4-1)
33.964: (unload-truck p11 t5 l5-2)
115.047: (load-truck p8 t5 l5-2)
37.691: (unload-truck p19 t4 l4-1)
35.771: (unload-truck p8 t5 l5-2)
32.264: (unload-truck p7 t4 l4-1)
118.517: (load-truck p11 t5 l5-2)
112.701: (load-truck p19 t4 l4-1)
33.039: (unload-truck p11 t5 l5-2)
117.757: (load-truck p8 t5 l5-2)
32.694: (unload-truck p24 t5 l5-2)
118.200: (load-truck p7 t4 l4-1)
115.526: (load-truck p11 t5 l5-2)
105.454: (load-truck p15 t1 l1-1)
41.184: (unload-truck p19 t4 l4-1)
40.188: (unload-truck p8 t5 l5-2)
114.954: (load-truck p19 t4 l4-1)
34.299: (unload-truck p15 t1 l1-1)
36.889: (unload-truck p19 t4 l4-1)
113.093: (load-truck p8 t5 l5-2)
34.075: (unload-truck p7 t4 l4-1)
113.926: (load-truck p19 t4 l4-1)
104.428: (load-truck p15 t1 l1-1)
38.371: (unload-truck p19 t4 l4-1)
37.484: (unload-truck p8 t5 l5-2)
112.771: (load-truck p19 t4 l4-1)
33.261: (unload-truck p11 t5 l5-2)
116.840: (load-truck p8 t5 l5-2)
104.767: (load-truck p3 t1 l1-1)
38.526: (unload-truck p19 t4 l4-1)
37.498: (unload-truck p8 t5 l5-2)
112.853: (load-truck p19 t4 l4-1)
33.115: (unload-truck p10 t1 l1-1)
116.840: (load-truck p8 t5 l5-2)
113.757: (load-truck p24 t5 l5-2)
115.317: (load-truck p7 t4 l4-1)
116.903: (load-truck p11 t5 l5-2)
43.060: (unload-truck p19 t4 l4-1)
43.462: (unload-truck p8 t5 l5-2)
118.293: (load-truck p19 t4 l4-1)
37.462: (unload-truck p11 t5 l5-2)
37.782: (unload-truck p19 t4 l4-1)
113.855: (load-truck p8 t5 l5-2)
35.933: (unload-truck p7 t4 l4-1)
114.527: (load-truck p11 t5 l5-2)
114.623: (load-truck p19 t4 l4-1)
40.550: (unload-truck p8 t5 l5-2)
38.044: (unload-truck p19 t4 l4-1)
34.774: (unload-truck p11 t5 l5-2)
113.550: (load-truck p19 t4 l4-1)
32.750: (unload-truck p15 t1 l1-1)
117.765: (load-truck p7 t4 l4-1)
115.047: (load-truck p8 t5 l5-2)
113.817: (load-truck p11 t5 l5-2)
39.532: (unload-truck p19 t4 l4-1)
38.956: (unload-truck p8 t5 l5-2)
114.385: (load-truck p19 t4 l4-1)
33.874: (unload-truck p24 t5 l5-2)
113.264: (load-truck p8 t5 l5-2)
105.454: (load-truck p15 t1 l1-1)
41.183: (unload-truck p19 t4 l4-1)
40.188: (unload-truck p8 t5 l5-2)
114.954: (load-truck p19 t4 l4-1)
34.311: (unload-truck p11 t5 l5-2)
113.383: (load-truck p8 t5 l5-2)
38.577: (unload-truck p19 t4 l4-1)
36.520: (unload-truck p8 t5 l5-2)
32.814: (unload-truck p7 t4 l4-1)
117.704: (load-truck p8 t5 l5-2)
114.566: (load-truck p11 t5 l5-2)
114.836: (load-truck p19 t4 l4-1)
38.118: (unload-truck p8 t5 l5-2)
36.242: (unload-truck p19 t4 l4-1)
32.931: (unload-truck p15 t1 l1-1)
117.683: (load-truck p8 t5 l5-2)
114.376: (load-truck p24 t5 l5-2)
113.792: (load-truck p19 t4 l4-1)
37.917: (unload-truck p8 t5 l5-2)
35.915: (unload-truck p19 t4 l4-1)
32.975: (unload-truck p11 t5 l5-2)
118.533: (load-truck p8 t5 l5-2)
115.559: (load-truck p19 t4 l4-1)
32.694: (unload-truck p24 t5 l5-2)
118.200: (load-truck p7 t4 l4-1)
37.017: (unload-truck p19 t4 l4-1)
115.239: (load-truck p24 t5 l5-2)
35.771: (unload-truck p8 t5 l5-2)
31.635: (unload-truck p17 t5 l5-2)
119.236: (load-truck p8 t5 l5-2)
116.748: (load-truck p11 t5 l5-2)
113.607: (load-truck p19 t4 l4-1)
104.537: (load-truck p9 t1 l1-1)
107.644: (load-truck p15 t1 l1-1)
44.812: (unload-truck p19 t4 l4-1)
43.899: (unload-truck p8 t5 l5-2)
117.435: (load-truck p19 t4 l4-1)
36.606: (unload-truck p15 t1 l1-1)
37.853: (unload-truck p19 t4 l4-1)
113.961: (load-truck p8 t5 l5-2)
36.088: (unload-truck p7 t4 l4-1)
114.014: (load-truck p19 t4 l4-1)
106.054: (load-truck p15 t1 l1-1)
40.890: (unload-truck p19 t4 l4-1)
39.557: (unload-truck p8 t5 l5-2)
114.195: (load-truck p19 t4 l4-1)
34.714: (unload-truck p15 t1 l1-1)
35.797: (unload-truck p19 t4 l4-1)
32.737: (unload-truck p11 t5 l5-2)
118.778: (load-truck p8 t5 l5-2)
115.831: (load-truck p7 t4 l4-1)
113.551: (load-truck p19 t4 l4-1)
104.415: (load-truck p15 t1 l1-1)
40.356: (unload-truck p19 t4 l4-1)
38.364: (unload-truck p8 t5 l5-2)
113.781: (load-truck p19 t4 l4-1)
33.415: (unload-truck p15 t1 l1-1)
36.448: (unload-truck p19 t4 l4-1)
31.684: (unload-truck p23 t1 l1-1)
119.255: (load-truck p8 t5 l5-2)
116.713: (load-truck p17 t5 l5-2)
113.607: (load-truck p11 t5 l5-2)
115.790: (load-truck p19 t4 l4-1)
39.320: (unload-truck p8 t5 l5-2)
110.503: (load-truck p15 t1 l1-1)
41.615: (unload-truck p19 t4 l4-1)
118.387: (load-truck p8 t5 l5-2)
39.894: (unload-truck p7 t4 l4-1)
114.649: (load-truck p19 t4 l4-1)
40.550: (unload-truck p8 t5 l5-2)
38.027: (unload-truck p19 t4 l4-1)
34.760: (unload-truck p11 t5 l5-2)
113.988: (load-truck p8 t5 l5-2)
113.796: (load-truck p7 t4 l4-1)
38.410: (unload-truck p8 t5 l5-2)
113.831: (load-truck p19 t4 l4-1)
33.409: (unload-truck p15 t1 l1-1)
115.015: (load-truck p8 t5 l5-2)
33.178: (unload-truck p24 t5 l5-2)
115.417: (load-truck p11 t5 l5-2)
105.480: (load-truck p15 t1 l1-1)
41.306: (unload-truck p19 t4 l4-1)
40.322: (unload-truck p8 t5 l5-2)
114.953: (load-truck p19 t4 l4-1)
34.297: (unload-truck p11 t5 l5-2)
113.369: (load-truck p8 t5 l5-2)
38.586: (unload-truck p19 t4 l4-1)
36.528: (unload-truck p8 t5 l5-2)
32.811: (unload-truck p7 t4 l4-1)
117.728: (load-truck p8 t5 l5-2)
114.465: (load-truck p11 t5 l5-2)
114.862: (load-truck p19 t4 l4-1)
38.126: (unload-truck p8 t5 l5-2)
36.239: (unload-truck p19 t4 l4-1)
32.927: (unload-truck p15 t1 l1-1)
117.707: (load-truck p8 t5 l5-2)
114.284: (load-truck p24 t5 l5-2)
113.683: (load-truck p19 t4 l4-1)
37.926: (unload-truck p8 t5 l5-2)
35.912: (unload-truck p19 t4 l4-1)
112.657: (load-truck p7 t4 l4-1)
33.597: (unload-truck p11 t5 l5-2)
32.260: (unload-truck p7 t4 l4-1)
118.552: (load-truck p8 t5 l5-2)
115.446: (load-truck p19 t4 l4-1)
35.642: (unload-truck p8 t5 l5-2)
114.163: (load-truck p15 t1 l1-1)
32.503: (unload-truck p20 t1 l1-1)
117.782: (load-truck p7 t4 l4-1)
115.113: (load-truck p8 t5 l5-2)
113.754: (load-truck p11 t5 l5-2)
106.961: (load-truck p23 t1 l1-1)
110.228: (load-truck p10 t1 l1-1)
48.996: (unload-truck p19 t4 l4-1)
49.402: (unload-truck p8 t5 l5-2)
124.229: (load-truck p19 t4 l4-1)
43.402: (unload-truck p11 t5 l5-2)
117.227: (load-truck p8 t5 l5-2)
44.794: (unload-truck p19 t4 l4-1)
43.882: (unload-truck p8 t5 l5-2)
37.391: (unload-truck p7 t4 l4-1)
114.854: (load-truck p8 t5 l5-2)
117.722: (load-truck p11 t5 l5-2)
117.814: (load-truck p19 t4 l4-1)
46.216: (unload-truck p8 t5 l5-2)
43.537: (unload-truck p19 t4 l4-1)
39.509: (unload-truck p15 t1 l1-1)
115.417: (load-truck p8 t5 l5-2)
114.739: (load-truck p19 t4 l4-1)
117.624: (load-truck p7 t4 l4-1)
43.423: (unload-truck p19 t4 l4-1)
43.824: (unload-truck p8 t5 l5-2)
118.604: (load-truck p19 t4 l4-1)
37.774: (unload-truck p11 t5 l5-2)
114.184: (load-truck p8 t5 l5-2)
40.411: (unload-truck p19 t4 l4-1)
38.468: (unload-truck p8 t5 l5-2)
33.387: (unload-truck p7 t4 l4-1)
113.923: (load-truck p8 t5 l5-2)
113.917: (load-truck p19 t4 l4-1)
106.006: (load-truck p15 t1 l1-1)
40.703: (unload-truck p8 t5 l5-2)
34.667: (unload-truck p15 t1 l1-1)
113.210: (load-truck p11 t5 l5-2)
35.216: (unload-truck p24 t5 l5-2)
114.023: (load-truck p8 t5 l5-2)
116.425: (load-truck p7 t4 l4-1)
108.588: (load-truck p15 t1 l1-1)
47.070: (unload-truck p19 t4 l4-1)
46.125: (unload-truck p8 t5 l5-2)
119.918: (load-truck p19 t4 l4-1)
39.042: (unload-truck p15 t1 l1-1)
38.682: (unload-truck p19 t4 l4-1)
115.041: (load-truck p8 t5 l5-2)
38.199: (unload-truck p7 t4 l4-1)
106.258: (load-truck p15 t1 l1-1)
118.632: (load-truck p19 t4 l4-1)
42.945: (unload-truck p8 t5 l5-2)
39.233: (unload-truck p19 t4 l4-1)
35.495: (unload-truck p11 t5 l5-2)
113.624: (load-truck p8 t5 l5-2)
114.963: (load-truck p19 t4 l4-1)
116.477: (load-truck p7 t4 l4-1)
41.379: (unload-truck p19 t4 l4-1)
40.295: (unload-truck p8 t5 l5-2)
115.036: (load-truck p19 t4 l4-1)
34.389: (unload-truck p15 t1 l1-1)
113.296: (load-truck p8 t5 l5-2)
38.651: (unload-truck p19 t4 l4-1)
36.595: (unload-truck p8 t5 l5-2)
32.843: (unload-truck p7 t4 l4-1)
117.744: (load-truck p8 t5 l5-2)
113.833: (load-truck p19 t4 l4-1)
36.067: (unload-truck p8 t5 l5-2)
112.776: (load-truck p15 t1 l1-1)
33.110: (unload-truck p3 t1 l1-1)
116.817: (load-truck p8 t5 l5-2)
113.791: (load-truck p24 t5 l5-2)
115.349: (load-truck p7 t4 l4-1)
116.935: (load-truck p11 t5 l5-2)
43.207: (unload-truck p19 t4 l4-1)
43.609: (unload-truck p8 t5 l5-2)
118.388: (load-truck p19 t4 l4-1)
37.557: (unload-truck p11 t5 l5-2)
37.770: (unload-truck p19 t4 l4-1)
113.858: (load-truck p8 t5 l5-2)
35.938: (unload-truck p7 t4 l4-1)
114.560: (load-truck p11 t5 l5-2)
114.655: (load-truck p19 t4 l4-1)
40.555: (unload-truck p8 t5 l5-2)
38.030: (unload-truck p19 t4 l4-1)
34.763: (unload-truck p11 t5 l5-2)
113.525: (load-truck p19 t4 l4-1)
32.746: (unload-truck p15 t1 l1-1)
117.785: (load-truck p7 t4 l4-1)
115.010: (load-truck p8 t5 l5-2)
113.852: (load-truck p11 t5 l5-2)
39.546: (unload-truck p19 t4 l4-1)
38.970: (unload-truck p8 t5 l5-2)
114.389: (load-truck p19 t4 l4-1)
33.864: (unload-truck p24 t5 l5-2)
113.244: (load-truck p8 t5 l5-2)
105.490: (load-truck p15 t1 l1-1)
41.319: (unload-truck p19 t4 l4-1)
40.336: (unload-truck p8 t5 l5-2)
114.957: (load-truck p19 t4 l4-1)
34.300: (unload-truck p11 t5 l5-2)
113.366: (load-truck p8 t5 l5-2)
38.590: (unload-truck p19 t4 l4-1)
36.533: (unload-truck p8 t5 l5-2)
32.811: (unload-truck p7 t4 l4-1)
117.729: (load-truck p8 t5 l5-2)
114.455: (load-truck p11 t5 l5-2)
114.868: (load-truck p19 t4 l4-1)
38.131: (unload-truck p8 t5 l5-2)
36.240: (unload-truck p19 t4 l4-1)
32.927: (unload-truck p15 t1 l1-1)
117.708: (load-truck p8 t5 l5-2)
114.275: (load-truck p24 t5 l5-2)
113.673: (load-truck p19 t4 l4-1)
37.931: (unload-truck p8 t5 l5-2)
35.913: (unload-truck p19 t4 l4-1)
32.972: (unload-truck p11 t5 l5-2)
118.552: (load-truck p8 t5 l5-2)
115.436: (load-truck p19 t4 l4-1)
32.695: (unload-truck p24 t5 l5-2)
118.157: (load-truck p7 t4 l4-1)
37.019: (unload-truck p19 t4 l4-1)
115.117: (load-truck p24 t5 l5-2)
35.778: (unload-truck p8 t5 l5-2)
31.633: (unload-truck p17 t5 l5-2)
119.255: (load-truck p8 t5 l5-2)
116.708: (load-truck p11 t5 l5-2)
113.637: (load-truck p19 t4 l4-1)
104.569: (load-truck p3 t1 l1-1)
107.649: (load-truck p15 t1 l1-1)
44.806: (unload-truck p19 t4 l4-1)
43.893: (unload-truck p8 t5 l5-2)
117.430: (load-truck p19 t4 l4-1)
36.601: (unload-truck p15 t1 l1-1)
37.853: (unload-truck p19 t4 l4-1)
113.961: (load-truck p8 t5 l5-2)
36.084: (unload-truck p7 t4 l4-1)
114.012: (load-truck p19 t4 l4-1)
106.059: (load-truck p15 t1 l1-1)
40.885: (unload-truck p19 t4 l4-1)
39.552: (unload-truck p8 t5 l5-2)
114.194: (load-truck p19 t4 l4-1)
34.713: (unload-truck p15 t1 l1-1)
35.796: (unload-truck p19 t4 l4-1)
32.735: (unload-truck p11 t5 l5-2)
118.778: (load-truck p8 t5 l5-2)
115.858: (load-truck p19 t4 l4-1)
115.136: (load-truck p7 t4 l4-1)
104.420: (load-truck p15 t1 l1-1)
40.355: (unload-truck p19 t4 l4-1)
38.363: (unload-truck p8 t5 l5-2)
113.780: (load-truck p19 t4 l4-1)
33.414: (unload-truck p15 t1 l1-1)
36.447: (unload-truck p19 t4 l4-1)
115.098: (load-truck p8 t5 l5-2)
32.769: (unload-truck p9 t1 l1-1)
116.751: (load-truck p17 t5 l5-2)
113.582: (load-truck p11 t5 l5-2)
115.761: (load-truck p19 t4 l4-1)
106.658: (load-truck p15 t1 l1-1)
43.054: (unload-truck p19 t4 l4-1)
43.457: (unload-truck p8 t5 l5-2)
118.288: (load-truck p19 t4 l4-1)
37.457: (unload-truck p11 t5 l5-2)
114.117: (load-truck p8 t5 l5-2)
40.337: (unload-truck p19 t4 l4-1)
38.405: (unload-truck p8 t5 l5-2)
33.361: (unload-truck p7 t4 l4-1)
114.006: (load-truck p8 t5 l5-2)
114.526: (load-truck p11 t5 l5-2)
114.621: (load-truck p19 t4 l4-1)
40.550: (unload-truck p8 t5 l5-2)
38.043: (unload-truck p19 t4 l4-1)
34.435: (unload-truck p24 t5 l5-2)
113.519: (load-truck p8 t5 l5-2)
114.835: (load-truck p19 t4 l4-1)
116.308: (load-truck p7 t4 l4-1)
41.179: (unload-truck p19 t4 l4-1)
40.182: (unload-truck p8 t5 l5-2)
114.953: (load-truck p19 t4 l4-1)
34.311: (unload-truck p11 t5 l5-2)
113.386: (load-truck p8 t5 l5-2)
38.577: (unload-truck p19 t4 l4-1)
36.519: (unload-truck p8 t5 l5-2)
32.812: (unload-truck p7 t4 l4-1)
117.704: (load-truck p8 t5 l5-2)
114.125: (load-truck p19 t4 l4-1)
113.754: (load-truck p24 t5 l5-2)
37.372: (unload-truck p8 t5 l5-2)
32.748: (unload-truck p15 t1 l1-1)
117.765: (load-truck p7 t4 l4-1)
115.050: (load-truck p8 t5 l5-2)
33.168: (unload-truck p24 t5 l5-2)
115.531: (load-truck p11 t5 l5-2)
38.482: (unload-truck p19 t4 l4-1)
36.508: (unload-truck p8 t5 l5-2)
113.082: (load-truck p19 t4 l4-1)
113.249: (load-truck p24 t5 l5-2)
38.204: (unload-truck p19 t4 l4-1)
33.801: (unload-truck p7 t4 l4-1)
113.155: (load-truck p8 t5 l5-2)
113.797: (load-truck p19 t4 l4-1)
37.916: (unload-truck p8 t5 l5-2)
32.943: (unload-truck p24 t5 l5-2)
116.722: (load-truck p8 t5 l5-2)
36.315: (unload-truck p19 t4 l4-1)
35.758: (unload-truck p8 t5 l5-2)
113.989: (load-truck p9 t1 l1-1)
109.473: (load-truck p20 t1 l1-1)
35.165: (unload-truck p23 t1 l1-1)
32.649: (unload-truck p17 t5 l5-2)
117.746: (load-truck p8 t5 l5-2)
113.894: (load-truck p19 t4 l4-1)
113.862: (load-truck p7 t4 l4-1)
105.627: (load-truck p23 t1 l1-1)
108.761: (load-truck p15 t1 l1-1)
39.959: (unload-truck p19 t4 l4-1)
39.145: (unload-truck p8 t5 l5-2)
114.992: (load-truck p19 t4 l4-1)
34.083: (unload-truck p11 t5 l5-2)
113.219: (load-truck p8 t5 l5-2)
37.341: (unload-truck p19 t4 l4-1)
35.748: (unload-truck p8 t5 l5-2)
33.016: (unload-truck p7 t4 l4-1)
117.821: (load-truck p8 t5 l5-2)
115.445: (load-truck p11 t5 l5-2)
113.626: (load-truck p19 t4 l4-1)
37.083: (unload-truck p8 t5 l5-2)
36.008: (unload-truck p19 t4 l4-1)
32.485: (unload-truck p15 t1 l1-1)
113.703: (load-truck p8 t5 l5-2)
115.121: (load-truck p19 t4 l4-1)
38.316: (unload-truck p8 t5 l5-2)
114.124: (load-truck p7 t4 l4-1)
38.805: (unload-truck p19 t4 l4-1)
115.164: (load-truck p8 t5 l5-2)
37.964: (unload-truck p11 t5 l5-2)
114.908: (load-truck p19 t4 l4-1)
37.145: (unload-truck p8 t5 l5-2)
37.525: (unload-truck p19 t4 l4-1)
33.394: (unload-truck p7 t4 l4-1)
118.416: (load-truck p8 t5 l5-2)
113.934: (load-truck p19 t4 l4-1)
104.602: (load-truck p15 t1 l1-1)
35.622: (unload-truck p8 t5 l5-2)
32.365: (unload-truck p15 t1 l1-1)
32.660: (unload-truck p3 t1 l1-1)
121.617: (load-truck p7 t4 l4-1)
118.758: (load-truck p8 t5 l5-2)
115.551: (load-truck p11 t5 l5-2)
105.597: (load-truck p15 t1 l1-1)
41.374: (unload-truck p19 t4 l4-1)
40.292: (unload-truck p8 t5 l5-2)
115.075: (load-truck p19 t4 l4-1)
34.433: (unload-truck p15 t1 l1-1)
36.993: (unload-truck p19 t4 l4-1)
113.147: (load-truck p8 t5 l5-2)
34.293: (unload-truck p7 t4 l4-1)
113.880: (load-truck p19 t4 l4-1)
104.480: (load-truck p15 t1 l1-1)
38.585: (unload-truck p19 t4 l4-1)
37.622: (unload-truck p8 t5 l5-2)
112.886: (load-truck p19 t4 l4-1)
33.373: (unload-truck p15 t1 l1-1)
35.421: (unload-truck p19 t4 l4-1)
32.217: (unload-truck p11 t5 l5-2)
122.107: (load-truck p8 t5 l5-2)
118.643: (load-truck p19 t4 l4-1)
109.127: (load-truck p15 t1 l1-1)
113.901: (load-truck p7 t4 l4-1)
38.800: (unload-truck p19 t4 l4-1)
36.726: (unload-truck p8 t5 l5-2)
114.221: (load-truck p19 t4 l4-1)
32.923: (unload-truck p23 t1 l1-1)
118.753: (load-truck p8 t5 l5-2)
115.731: (load-truck p11 t5 l5-2)
105.859: (load-truck p3 t1 l1-1)
41.359: (unload-truck p19 t4 l4-1)
40.273: (unload-truck p8 t5 l5-2)
115.070: (load-truck p19 t4 l4-1)
34.431: (unload-truck p15 t1 l1-1)
36.991: (unload-truck p19 t4 l4-1)
113.149: (load-truck p8 t5 l5-2)
34.020: (unload-truck p11 t5 l5-2)
115.235: (load-truck p19 t4 l4-1)
105.817: (load-truck p15 t1 l1-1)
38.794: (unload-truck p19 t4 l4-1)
36.721: (unload-truck p8 t5 l5-2)
114.226: (load-truck p19 t4 l4-1)
33.158: (unload-truck p15 t1 l1-1)
36.561: (unload-truck p19 t4 l4-1)
32.430: (unload-truck p7 t4 l4-1)
122.106: (load-truck p8 t5 l5-2)
118.650: (load-truck p19 t4 l4-1)
109.137: (load-truck p15 t1 l1-1)
113.941: (load-truck p11 t5 l5-2)
38.580: (unload-truck p19 t4 l4-1)
37.617: (unload-truck p8 t5 l5-2)
112.882: (load-truck p19 t4 l4-1)
33.371: (unload-truck p15 t1 l1-1)
32.307: (unload-truck p11 t5 l5-2)
117.978: (load-truck p15 t1 l1-1)
35.918: (unload-truck p19 t4 l4-1)
118.396: (load-truck p8 t5 l5-2)
32.925: (unload-truck p9 t1 l1-1)
119.136: (load-truck p24 t5 l5-2)
116.324: (load-truck p17 t5 l5-2)
114.519: (load-truck p11 t5 l5-2)
114.615: (load-truck p19 t4 l4-1)
117.500: (load-truck p7 t4 l4-1)
43.041: (unload-truck p19 t4 l4-1)
Failed to find a solution!
