Torch: 2.12.0+cu130
Using GPU:  NVIDIA L40S
[Bellman] CONTROL signal=constant const_w=0.6 (no IQN, no Bellman check)
/u/ibrahim.eisawy/Neural-Guided-Search/venv/lib/python3.10/site-packages/pymimir_rgnn/model.py:162: UserWarning: index_reduce() is in beta and the API may change at any time. (Triggered internally at /pytorch/aten/src/ATen/native/cuda/Indexing.cu:1541.)
  exps_max.index_reduce_(0, output_indices, output_messages, reduce="amax", include_self=False)
  [sim 17] found goal path of length 16
[Final] Expanded: 647, Generated: 647
[Cost] IQN forward calls (Bellman signal): 0
[Widen] nodes widened: 17, mean w: 0.6000
[search done] simulations=17, unique states generated=647
Found a solution of length 16!
   1: (load-airplane p6 a1 l1-0)
   2: (load-airplane p0 a1 l1-0)
   3: (load-airplane p13 a1 l1-0)
   4: (fly-airplane a1 l1-0 l0-0)
   5: (unload-airplane p0 a1 l0-0)
   6: (unload-airplane p6 a1 l0-0)
   7: (unload-airplane p13 a1 l0-0)
   8: (load-airplane p2 a0 l0-0)
   9: (load-airplane p4 a0 l0-0)
  10: (load-airplane p5 a0 l0-0)
  11: (load-airplane p8 a0 l0-0)
  12: (fly-airplane a0 l0-0 l1-0)
  13: (unload-airplane p2 a0 l1-0)
  14: (unload-airplane p4 a0 l1-0)
  15: (unload-airplane p5 a0 l1-0)
  16: (unload-airplane p8 a0 l1-0)
