/u/ibrahim.eisawy/Neural-Guided-Search/venv/lib/python3.10/site-packages/pymimir_rgnn/model.py:151: UserWarning: index_reduce() is in beta and the API may change at any time. (Triggered internally at /pytorch/aten/src/ATen/native/cuda/Indexing.cu:1541.)
  max_msg.index_reduce_(0, output_indices, output_messages, reduce='amax', include_self=True)
Torch: 2.12.0+cu130
Using GPU:  NVIDIA L40S
31.021: (switch_on instrument2 satellite1)
31.159: (switch_on instrument0 satellite0)
31.280: (turn_to satellite1 star6 star28)
31.334: (turn_to satellite1 groundstation10 star28)
31.336: (turn_to satellite1 star15 star28)
31.497: (switch_on instrument1 satellite1)
31.708: (turn_to satellite1 star5 star28)
31.828: (turn_to satellite1 groundstation7 star28)
31.904: (turn_to satellite1 star11 star28)
32.174: (switch_on instrument3 satellite1)
32.236: (turn_to satellite1 star0 star28)
32.237: (turn_to satellite1 star8 star28)
32.237: (turn_to satellite1 star3 star28)
32.289: (turn_to satellite1 star19 star28)
32.338: (turn_to satellite0 star5 groundstation18)
32.602: (turn_to satellite0 star13 groundstation18)
32.602: (turn_to satellite0 groundstation9 groundstation18)
32.674: (turn_to satellite0 star8 groundstation18)
32.674: (turn_to satellite0 star3 groundstation18)
32.675: (turn_to satellite0 star0 groundstation18)
27.343: (switch_on instrument2 satellite1)
27.370: (turn_to satellite1 star5 star28)
27.478: (switch_on instrument2 satellite1)
27.480: (turn_to satellite1 star6 star28)
27.488: (switch_on instrument2 satellite1)
27.491: (turn_to satellite1 groundstation10 star28)
27.492: (turn_to satellite1 star15 star28)
27.501: (switch_on instrument2 satellite1)
27.742: (switch_on instrument2 satellite1)
27.773: (turn_to satellite1 star11 star28)
28.506: (turn_to satellite0 star5 groundstation18)
28.554: (switch_on instrument0 satellite0)
28.646: (turn_to satellite1 star6 star28)
28.668: (switch_on instrument1 satellite1)
28.747: (switch_on instrument0 satellite0)
28.748: (switch_on instrument0 satellite0)
28.749: (switch_on instrument0 satellite0)
28.778: (turn_to satellite0 star3 groundstation18)
28.778: (turn_to satellite0 star0 groundstation18)
28.778: (turn_to satellite0 star8 groundstation18)
21.633: (calibrate satellite1 instrument2 star5)
21.847: (calibrate satellite1 instrument2 groundstation10)
21.863: (calibrate satellite1 instrument2 star6)
21.866: (calibrate satellite1 instrument2 star15)
21.997: (calibrate satellite1 instrument2 star11)
22.118: (calibrate satellite0 instrument0 star5)
22.329: (calibrate satellite0 instrument0 star8)
22.339: (calibrate satellite0 instrument0 star0)
22.339: (calibrate satellite0 instrument0 star3)
24.595: (calibrate satellite1 instrument1 star6)
25.987: (switch_on instrument0 satellite0)
26.507: (switch_on instrument0 satellite0)
26.523: (switch_on instrument0 satellite0)
26.530: (switch_on instrument0 satellite0)
26.572: (switch_on instrument0 satellite0)
26.896: (switch_on instrument2 satellite1)
26.919: (turn_to satellite0 star13 groundstation18)
26.919: (turn_to satellite0 groundstation9 groundstation18)
26.945: (turn_to satellite0 star13 groundstation18)
26.945: (turn_to satellite0 groundstation9 groundstation18)
20.301: (switch_on instrument2 satellite1)
20.305: (calibrate satellite0 instrument0 star5)
20.352: (calibrate satellite1 instrument2 star5)
20.361: (switch_on instrument0 satellite0)
20.393: (switch_on instrument1 satellite1)
20.398: (switch_on instrument1 satellite1)
20.398: (switch_on instrument1 satellite1)
20.405: (switch_on instrument1 satellite1)
20.482: (switch_on instrument2 satellite1)
20.483: (switch_on instrument2 satellite1)
20.491: (switch_on instrument2 satellite1)
20.744: (calibrate satellite1 instrument2 star6)
20.749: (switch_on instrument0 satellite0)
20.752: (calibrate satellite1 instrument2 groundstation10)
20.752: (calibrate satellite1 instrument2 star15)
20.767: (switch_on instrument0 satellite0)
20.769: (switch_on instrument0 satellite0)
20.816: (switch_on instrument0 satellite0)
20.837: (calibrate satellite1 instrument2 star11)
21.135: (turn_to satellite0 groundstation9 groundstation18)
19.756: (turn_to satellite0 star20 star5)
19.757: (turn_to satellite0 star23 star5)
19.757: (turn_to satellite0 star21 star5)
19.760: (turn_to satellite0 phenomenon25 star5)
19.760: (turn_to satellite0 planet24 star5)
19.767: (turn_to satellite0 phenomenon25 star8)
19.767: (turn_to satellite0 planet24 star8)
19.769: (turn_to satellite0 phenomenon25 star3)
19.769: (turn_to satellite0 planet24 star3)
19.769: (turn_to satellite0 star23 star8)
19.769: (turn_to satellite0 star21 star8)
19.769: (turn_to satellite0 star20 star8)
19.772: (turn_to satellite0 star20 star0)
19.772: (turn_to satellite0 star21 star0)
19.772: (turn_to satellite0 star23 star0)
19.773: (turn_to satellite0 planet31 star5)
19.773: (turn_to satellite0 planet29 star5)
19.774: (turn_to satellite0 phenomenon25 star0)
19.774: (turn_to satellite0 star20 star3)
19.774: (turn_to satellite0 star23 star3)
19.214: (take_image satellite0 star20 instrument0 infrared1)
19.223: (take_image satellite0 star23 instrument0 infrared1)
19.224: (take_image satellite0 star21 instrument0 infrared1)
19.240: (take_image satellite0 phenomenon25 instrument0 image0)
19.241: (take_image satellite0 planet24 instrument0 image0)
19.275: (take_image satellite0 planet29 instrument0 thermograph2)
19.275: (take_image satellite0 planet31 instrument0 thermograph2)
19.293: (turn_to satellite1 star19 star28)
19.293: (turn_to satellite1 star19 star28)
19.295: (turn_to satellite1 star19 star28)
19.298: (turn_to satellite1 star19 star28)
19.302: (turn_to satellite1 star19 star28)
19.309: (turn_to satellite1 star19 star28)
19.312: (turn_to satellite1 star6 star28)
19.318: (turn_to satellite1 star6 star28)
19.318: (turn_to satellite1 star6 star28)
19.319: (turn_to satellite1 star6 star28)
19.320: (turn_to satellite1 star6 star28)
19.322: (turn_to satellite1 groundstation7 star28)
19.323: (turn_to satellite1 star19 star28)
16.474: (calibrate satellite1 instrument1 star6)
16.486: (calibrate satellite1 instrument1 groundstation7)
16.522: (calibrate satellite1 instrument1 star6)
16.524: (calibrate satellite1 instrument1 star6)
16.526: (calibrate satellite1 instrument1 star6)
16.526: (calibrate satellite1 instrument1 star19)
16.532: (calibrate satellite1 instrument1 star6)
16.541: (calibrate satellite1 instrument1 star19)
16.551: (calibrate satellite1 instrument1 star19)
16.556: (calibrate satellite1 instrument1 star19)
16.563: (calibrate satellite1 instrument1 star19)
16.582: (calibrate satellite1 instrument1 star19)
16.597: (calibrate satellite1 instrument1 star19)
18.550: (turn_to satellite0 planet24 phenomenon25)
18.554: (turn_to satellite0 phenomenon25 planet24)
18.566: (turn_to satellite0 planet24 star23)
18.566: (turn_to satellite0 phenomenon25 star23)
18.567: (turn_to satellite0 phenomenon25 star20)
18.567: (turn_to satellite0 planet24 star20)
18.572: (turn_to satellite0 star20 star23)
15.861: (take_image satellite0 star21 instrument0 infrared1)
15.866: (turn_to satellite1 phenomenon25 star19)
15.868: (turn_to satellite1 planet24 star19)
15.875: (turn_to satellite1 phenomenon25 star6)
15.877: (take_image satellite0 planet24 instrument0 image0)
15.879: (take_image satellite0 star21 instrument0 infrared1)
15.881: (turn_to satellite1 planet24 star6)
15.882: (take_image satellite0 phenomenon25 instrument0 image0)
15.886: (take_image satellite0 star20 instrument0 infrared1)
15.887: (take_image satellite0 star23 instrument0 infrared1)
15.903: (take_image satellite0 phenomenon25 instrument0 image0)
15.917: (take_image satellite0 star20 instrument0 infrared1)
15.920: (take_image satellite0 star21 instrument0 infrared1)
15.920: (take_image satellite0 star23 instrument0 infrared1)
15.921: (take_image satellite0 planet24 instrument0 image0)
15.939: (turn_to satellite1 phenomenon30 star19)
15.939: (turn_to satellite1 planet27 star19)
15.940: (turn_to satellite1 phenomenon30 star19)
15.940: (turn_to satellite1 phenomenon22 star6)
15.940: (turn_to satellite1 planet27 star6)
14.952: (take_image satellite1 planet27 instrument1 infrared3)
14.967: (take_image satellite1 phenomenon30 instrument1 infrared3)
14.995: (take_image satellite1 phenomenon30 instrument1 infrared3)
14.995: (take_image satellite1 phenomenon22 instrument1 infrared3)
15.034: (take_image satellite1 planet27 instrument1 infrared3)
15.071: (turn_to satellite0 planet24 phenomenon25)
15.113: (turn_to satellite0 phenomenon25 planet24)
15.131: (turn_to satellite0 planet24 phenomenon25)
15.136: (turn_to satellite0 star28 phenomenon25)
15.138: (turn_to satellite0 star20 phenomenon25)
15.138: (turn_to satellite0 star21 phenomenon25)
15.138: (turn_to satellite0 star23 phenomenon25)
15.138: (turn_to satellite0 planet27 star21)
15.138: (turn_to satellite0 phenomenon22 star21)
15.139: (turn_to satellite0 planet27 phenomenon25)
15.139: (turn_to satellite0 phenomenon30 phenomenon25)
15.139: (turn_to satellite0 phenomenon22 star20)
15.139: (turn_to satellite0 phenomenon30 star21)
15.140: (turn_to satellite0 phenomenon30 star20)
15.140: (turn_to satellite0 planet27 star20)
14.002: (take_image satellite0 phenomenon25 instrument0 image0)
14.003: (take_image satellite0 planet24 instrument0 image0)
14.091: (take_image satellite0 planet24 instrument0 image0)
14.222: (take_image satellite0 star20 instrument0 infrared1)
14.222: (take_image satellite0 star28 instrument0 infrared1)
14.233: (take_image satellite0 star21 instrument0 infrared1)
14.243: (take_image satellite0 star21 instrument0 infrared1)
14.251: (take_image satellite0 star21 instrument0 infrared1)
14.254: (take_image satellite0 star23 instrument0 infrared1)
14.327: (turn_to satellite1 planet24 planet27)
14.328: (turn_to satellite1 planet24 phenomenon30)
14.333: (turn_to satellite1 phenomenon25 phenomenon30)
14.336: (take_image satellite0 phenomenon25 instrument0 image0)
14.339: (take_image satellite0 phenomenon25 instrument0 image0)
14.340: (take_image satellite0 planet24 instrument0 image0)
14.402: (turn_to satellite1 planet24 planet27)
14.402: (turn_to satellite1 phenomenon25 planet27)
14.403: (turn_to satellite1 phenomenon25 phenomenon22)
14.403: (turn_to satellite1 planet24 phenomenon22)
14.405: (turn_to satellite1 star28 planet27)
13.276: (turn_to satellite0 phenomenon22 planet24)
13.277: (turn_to satellite0 star20 phenomenon25)
13.277: (turn_to satellite0 star21 phenomenon25)
13.277: (turn_to satellite0 star23 phenomenon25)
13.277: (turn_to satellite0 planet27 planet24)
13.278: (turn_to satellite0 star28 phenomenon25)
13.278: (turn_to satellite0 phenomenon22 phenomenon25)
13.278: (turn_to satellite0 star28 planet24)
13.278: (turn_to satellite0 phenomenon30 planet24)
13.279: (turn_to satellite0 star20 planet24)
13.279: (turn_to satellite0 star21 planet24)
13.279: (turn_to satellite0 star23 planet24)
13.280: (turn_to satellite0 phenomenon30 phenomenon25)
13.280: (turn_to satellite0 planet27 phenomenon25)
13.335: (turn_to satellite0 planet31 phenomenon25)
13.336: (turn_to satellite0 planet31 planet24)
13.336: (turn_to satellite0 planet29 phenomenon25)
13.337: (turn_to satellite0 planet29 planet24)
13.345: (turn_to satellite0 star20 planet24)
13.346: (turn_to satellite0 star21 planet24)
12.375: (take_image satellite0 star28 instrument0 infrared1)
12.383: (take_image satellite0 star23 instrument0 infrared1)
12.390: (take_image satellite0 star20 instrument0 infrared1)
12.392: (take_image satellite0 star21 instrument0 infrared1)
12.431: (take_image satellite0 planet29 instrument0 thermograph2)
12.436: (take_image satellite0 planet31 instrument0 thermograph2)
12.462: (take_image satellite0 star20 instrument0 infrared1)
12.484: (take_image satellite0 star21 instrument0 infrared1)
12.702: (turn_to satellite1 phenomenon22 star6)
12.702: (turn_to satellite1 planet27 star6)
12.704: (turn_to satellite1 star23 star19)
12.704: (turn_to satellite1 star28 star19)
12.704: (turn_to satellite1 star21 star19)
12.704: (turn_to satellite1 star28 star19)
12.705: (turn_to satellite1 star20 star19)
12.705: (turn_to satellite1 star23 star19)
12.707: (turn_to satellite1 phenomenon30 star19)
12.707: (turn_to satellite1 phenomenon22 star19)
12.707: (turn_to satellite1 planet27 star19)
12.708: (turn_to satellite1 planet27 star19)
11.674: (turn_to satellite0 planet27 star23)
11.677: (turn_to satellite0 phenomenon22 star23)
11.679: (turn_to satellite0 phenomenon30 star23)
11.680: (turn_to satellite0 planet27 star28)
11.680: (turn_to satellite0 phenomenon30 star28)
11.681: (turn_to satellite0 phenomenon22 star28)
11.687: (turn_to satellite0 phenomenon22 star20)
11.687: (turn_to satellite0 planet27 star20)
11.689: (turn_to satellite0 phenomenon30 star20)
11.689: (turn_to satellite0 planet27 star21)
11.689: (turn_to satellite0 phenomenon30 star21)
11.690: (turn_to satellite0 phenomenon22 star21)
11.693: (turn_to satellite0 star28 star23)
11.695: (turn_to satellite0 star20 star23)
11.695: (turn_to satellite0 star21 star23)
11.702: (turn_to satellite0 star21 star28)
11.702: (turn_to satellite0 star20 star28)
11.702: (turn_to satellite0 star23 star28)
11.705: (turn_to satellite0 star23 star20)
11.705: (turn_to satellite0 star21 star20)
11.029: (take_image satellite0 star23 instrument0 infrared1)
11.029: (take_image satellite0 star21 instrument0 infrared1)
11.049: (take_image satellite0 star23 instrument0 infrared1)
11.059: (take_image satellite0 star21 instrument0 infrared1)
11.061: (take_image satellite0 star20 instrument0 infrared1)
11.069: (take_image satellite0 star21 instrument0 infrared1)
11.069: (take_image satellite0 star20 instrument0 infrared1)
11.099: (take_image satellite0 star28 instrument0 infrared1)
11.198: (turn_to satellite1 phenomenon30 star6)
11.198: (turn_to satellite1 planet27 star6)
11.198: (turn_to satellite1 phenomenon22 star6)
11.215: (turn_to satellite1 phenomenon22 star6)
11.215: (turn_to satellite1 planet27 star6)
11.218: (turn_to satellite1 phenomenon30 star6)
11.219: (turn_to satellite1 planet27 star6)
11.219: (turn_to satellite1 planet27 star6)
11.219: (turn_to satellite1 phenomenon30 star6)
11.219: (turn_to satellite1 phenomenon30 star6)
11.220: (turn_to satellite1 star23 star6)
11.220: (turn_to satellite1 star28 star6)
10.030: (take_image satellite1 phenomenon30 instrument1 infrared3)
10.034: (take_image satellite1 planet27 instrument1 infrared3)
10.047: (take_image satellite1 phenomenon22 instrument1 infrared3)
10.050: (take_image satellite1 phenomenon30 instrument1 infrared3)
10.057: (take_image satellite1 phenomenon22 instrument1 infrared3)
10.057: (take_image satellite1 planet27 instrument1 infrared3)
10.059: (take_image satellite1 planet27 instrument1 infrared3)
10.060: (take_image satellite1 phenomenon30 instrument1 infrared3)
10.064: (take_image satellite1 planet27 instrument1 infrared3)
10.069: (take_image satellite1 phenomenon30 instrument1 infrared3)
10.361: (turn_to satellite0 phenomenon22 star20)
10.362: (turn_to satellite0 phenomenon30 star21)
10.362: (turn_to satellite0 phenomenon30 star20)
10.362: (turn_to satellite0 phenomenon30 star28)
10.362: (turn_to satellite0 planet27 star28)
10.362: (turn_to satellite0 phenomenon22 star28)
10.362: (turn_to satellite0 planet27 star21)
10.362: (turn_to satellite0 phenomenon22 star21)
10.362: (turn_to satellite0 planet27 star20)
10.377: (turn_to satellite0 phenomenon22 star21)
9.393: (take_image satellite0 star23 instrument0 infrared1)
9.398: (take_image satellite0 star23 instrument0 infrared1)
9.410: (take_image satellite0 star23 instrument0 infrared1)
9.414: (take_image satellite0 star21 instrument0 infrared1)
9.416: (take_image satellite0 star21 instrument0 infrared1)
9.417: (take_image satellite0 star21 instrument0 infrared1)
9.422: (take_image satellite0 star23 instrument0 infrared1)
9.424: (take_image satellite0 star23 instrument0 infrared1)
9.439: (turn_to satellite1 phenomenon30 planet27)
9.444: (turn_to satellite1 planet27 phenomenon30)
9.514: (turn_to satellite1 star28 phenomenon30)
9.515: (turn_to satellite1 star23 phenomenon30)
9.515: (turn_to satellite1 star21 phenomenon30)
9.528: (turn_to satellite1 star21 planet27)
9.528: (turn_to satellite1 star20 planet27)
9.528: (turn_to satellite1 star28 planet27)
9.530: (turn_to satellite1 phenomenon22 planet27)
9.530: (turn_to satellite1 phenomenon30 planet27)
9.531: (turn_to satellite1 phenomenon30 planet27)
9.533: (turn_to satellite1 star20 phenomenon30)
8.612: (take_image satellite1 planet27 instrument1 infrared3)
8.621: (take_image satellite1 phenomenon30 instrument1 infrared3)
8.705: (take_image satellite1 phenomenon30 instrument1 infrared3)
8.713: (turn_to satellite0 phenomenon22 star23)
8.713: (turn_to satellite0 planet27 star23)
8.718: (turn_to satellite0 phenomenon30 star21)
8.718: (take_image satellite1 star20 instrument1 infrared1)
8.719: (turn_to satellite0 star20 star23)
8.719: (turn_to satellite0 star21 star23)
8.723: (turn_to satellite0 planet27 star21)
8.724: (take_image satellite1 phenomenon30 instrument1 infrared3)
8.725: (turn_to satellite0 star23 star21)
8.726: (take_image satellite1 phenomenon22 instrument1 infrared3)
8.726: (turn_to satellite0 star28 star21)
8.728: (take_image satellite1 star20 instrument1 infrared1)
8.732: (turn_to satellite0 planet27 star23)
8.732: (turn_to satellite0 phenomenon22 star23)
8.733: (turn_to satellite0 star21 star23)
8.733: (turn_to satellite0 star20 star23)
8.733: (turn_to satellite0 star28 star21)
8.120: (turn_to satellite1 star23 planet27)
8.125: (turn_to satellite1 planet27 phenomenon22)
8.129: (turn_to satellite1 phenomenon30 phenomenon22)
8.138: (turn_to satellite1 star20 planet27)
8.139: (turn_to satellite1 star21 planet27)
8.141: (turn_to satellite1 star21 star20)
8.141: (turn_to satellite1 star20 phenomenon30)
8.142: (turn_to satellite1 star21 phenomenon30)
8.145: (turn_to satellite1 phenomenon22 phenomenon30)
8.147: (turn_to satellite1 star21 star20)
8.150: (turn_to satellite1 planet27 phenomenon30)
8.160: (turn_to satellite1 phenomenon22 phenomenon30)
8.161: (turn_to satellite1 planet27 phenomenon30)
8.161: (turn_to satellite1 star23 phenomenon30)
8.161: (turn_to satellite1 star28 phenomenon30)
8.161: (turn_to satellite1 star28 planet27)
8.161: (turn_to satellite1 star23 planet27)
8.162: (turn_to satellite1 star21 phenomenon30)
8.162: (turn_to satellite1 star21 planet27)
8.167: (turn_to satellite1 phenomenon22 phenomenon30)
7.157: (take_image satellite1 phenomenon22 instrument1 infrared3)
7.431: (take_image satellite1 star21 instrument1 infrared1)
7.431: (take_image satellite1 planet27 instrument1 infrared3)
7.433: (take_image satellite1 star28 instrument1 infrared1)
7.435: (take_image satellite1 star21 instrument1 infrared1)
7.437: (take_image satellite1 star20 instrument1 infrared1)
7.438: (take_image satellite1 phenomenon22 instrument1 infrared3)
7.442: (take_image satellite1 star21 instrument1 infrared1)
7.448: (take_image satellite1 planet27 instrument1 infrared3)
7.452: (take_image satellite1 phenomenon30 instrument1 infrared3)
7.459: (take_image satellite1 star23 instrument1 infrared1)
7.461: (take_image satellite1 star21 instrument1 infrared1)
7.462: (take_image satellite1 star21 instrument1 infrared1)
7.476: (take_image satellite1 star20 instrument1 infrared1)
7.480: (take_image satellite1 phenomenon22 instrument1 infrared3)
7.485: (take_image satellite1 planet27 instrument1 infrared3)
7.493: (take_image satellite1 star23 instrument1 infrared1)
7.590: (take_image satellite0 star23 instrument0 infrared1)
7.595: (take_image satellite0 star23 instrument0 infrared1)
7.595: (take_image satellite0 star21 instrument0 infrared1)
6.552: (turn_to satellite1 star21 phenomenon22)
6.552: (turn_to satellite1 star20 phenomenon22)
6.586: (turn_to satellite1 planet31 phenomenon22)
6.587: (turn_to satellite1 planet29 phenomenon22)
6.670: (take_image satellite0 star28 instrument0 infrared1)
6.682: (take_image satellite0 star20 instrument0 infrared1)
6.685: (take_image satellite0 star21 instrument0 infrared1)
6.693: (take_image satellite0 star23 instrument0 infrared1)
6.693: (take_image satellite0 star23 instrument0 infrared1)
6.694: (take_image satellite0 star21 instrument0 infrared1)
6.708: (take_image satellite0 star23 instrument0 infrared1)
6.710: (take_image satellite0 star20 instrument0 infrared1)
6.714: (take_image satellite1 star20 instrument1 infrared1)
6.724: (turn_to satellite1 planet26 phenomenon22)
6.729: (take_image satellite1 star21 instrument1 infrared1)
6.730: (take_image satellite1 star21 instrument1 infrared1)
6.900: (turn_to satellite1 star28 phenomenon22)
6.901: (turn_to satellite1 star28 phenomenon30)
6.901: (turn_to satellite1 star23 phenomenon30)
6.901: (turn_to satellite0 planet27 star21)
5.946: (turn_to satellite0 planet27 star21)
5.947: (turn_to satellite0 phenomenon22 star21)
5.947: (turn_to satellite0 phenomenon30 star21)
5.948: (take_image satellite1 star21 instrument1 infrared1)
5.950: (turn_to satellite0 phenomenon22 star21)
5.950: (take_image satellite1 star20 instrument1 infrared1)
5.955: (turn_to satellite0 phenomenon22 star23)
5.957: (turn_to satellite0 phenomenon30 star23)
5.959: (turn_to satellite0 phenomenon30 star20)
5.960: (turn_to satellite0 phenomenon22 star20)
5.979: (turn_to satellite0 phenomenon30 star28)
5.979: (turn_to satellite0 phenomenon22 star28)
5.981: (turn_to satellite0 planet27 star20)
5.981: (turn_to satellite0 phenomenon22 star20)
5.983: (turn_to satellite0 phenomenon22 star23)
5.983: (turn_to satellite0 planet27 star23)
5.989: (turn_to satellite0 planet31 star21)
5.989: (turn_to satellite0 planet29 star21)
5.991: (turn_to satellite0 planet29 star21)
5.991: (turn_to satellite0 planet31 star21)
5.266: (turn_to satellite1 phenomenon30 star21)
5.280: (turn_to satellite1 phenomenon30 star23)
5.281: (turn_to satellite1 phenomenon22 star21)
5.281: (turn_to satellite1 phenomenon22 star23)
5.297: (turn_to satellite1 phenomenon22 star20)
5.304: (turn_to satellite1 planet27 star20)
5.305: (turn_to satellite1 phenomenon30 star20)
5.308: (turn_to satellite1 phenomenon22 star20)
5.314: (turn_to satellite1 star21 star20)
5.321: (turn_to satellite1 phenomenon22 star21)
5.336: (turn_to satellite1 star20 star21)
5.361: (turn_to satellite1 planet27 star21)
5.392: (turn_to satellite1 planet31 star21)
5.392: (turn_to satellite1 planet29 star21)
5.398: (turn_to satellite1 planet29 star21)
5.398: (turn_to satellite1 planet31 star21)
5.399: (turn_to satellite1 planet29 star23)
5.399: (turn_to satellite1 planet29 star23)
5.399: (turn_to satellite1 planet31 star23)
5.401: (turn_to satellite1 planet31 star23)
4.694: (take_image satellite1 phenomenon30 instrument1 infrared3)
4.695: (take_image satellite1 phenomenon22 instrument1 infrared3)
4.697: (take_image satellite1 planet27 instrument1 infrared3)
4.700: (take_image satellite1 phenomenon22 instrument1 infrared3)
4.725: (take_image satellite1 star20 instrument1 infrared1)
4.740: (take_image satellite1 star21 instrument1 infrared1)
4.860: (take_image satellite0 star23 instrument0 infrared1)
4.871: (take_image satellite0 star23 instrument0 infrared1)
5.320: (take_image satellite0 phenomenon22 instrument0 thermograph2)
5.329: (take_image satellite0 phenomenon30 instrument0 thermograph2)
5.339: (take_image satellite0 planet27 instrument0 thermograph2)
5.339: (take_image satellite0 phenomenon22 instrument0 thermograph2)
5.347: (take_image satellite0 star23 instrument0 thermograph2)
5.349: (take_image satellite0 phenomenon22 instrument0 infrared1)
5.349: (take_image satellite0 phenomenon22 instrument0 image0)
5.353: (take_image satellite0 phenomenon22 instrument0 image0)
5.354: (take_image satellite0 phenomenon22 instrument0 infrared1)
5.357: (take_image satellite0 star23 instrument0 thermograph2)
5.358: (take_image satellite0 phenomenon30 instrument0 infrared1)
5.360: (take_image satellite0 phenomenon30 instrument0 image0)
4.149: (take_image satellite1 star21 instrument1 infrared1)
4.162: (take_image satellite1 star20 instrument1 infrared1)
4.164: (take_image satellite0 star23 instrument0 infrared1)
4.176: (take_image satellite0 star23 instrument0 infrared1)
4.208: (turn_to satellite1 planet31 phenomenon30)
4.208: (turn_to satellite1 planet31 phenomenon22)
4.208: (turn_to satellite1 planet29 phenomenon22)
4.208: (turn_to satellite1 planet29 phenomenon30)
4.214: (turn_to satellite1 planet31 planet27)
4.215: (turn_to satellite1 planet29 planet27)
4.219: (turn_to satellite1 planet29 phenomenon22)
4.223: (turn_to satellite1 planet31 phenomenon22)
4.233: (turn_to satellite1 planet29 star21)
4.233: (turn_to satellite1 planet31 star21)
4.237: (turn_to satellite0 planet29 star23)
4.237: (turn_to satellite0 planet31 star23)
4.253: (turn_to satellite0 planet29 star23)
4.253: (turn_to satellite0 planet31 star23)
4.254: (turn_to satellite1 planet29 star20)
4.254: (turn_to satellite1 planet31 star20)
3.458: (turn_to satellite1 planet26 star21)
3.463: (turn_to satellite1 planet26 star20)
3.481: (turn_to satellite0 planet31 star23)
3.481: (turn_to satellite0 planet29 star23)
3.481: (turn_to satellite0 planet29 star23)
3.481: (turn_to satellite0 planet31 star23)
3.486: (take_image satellite1 star21 instrument1 infrared1)
3.487: (take_image satellite1 star20 instrument1 infrared1)
3.489: (take_image satellite1 star20 instrument1 infrared1)
3.493: (take_image satellite1 star21 instrument1 infrared1)
3.586: (take_image satellite0 star23 instrument0 infrared1)
3.592: (turn_to satellite1 planet29 star20)
3.593: (turn_to satellite1 planet31 star20)
3.596: (take_image satellite0 star23 instrument0 infrared1)
3.597: (turn_to satellite1 planet29 star21)
3.598: (turn_to satellite1 planet31 star21)
3.607: (take_image satellite0 planet29 instrument0 thermograph2)
3.616: (take_image satellite0 planet31 instrument0 thermograph2)
3.620: (take_image satellite0 planet29 instrument0 thermograph2)
3.620: (take_image satellite0 planet31 instrument0 thermograph2)
2.737: (turn_to satellite1 planet26 star21)
2.737: (turn_to satellite1 planet26 star21)
2.746: (turn_to satellite0 planet29 star23)
2.746: (turn_to satellite1 planet26 star20)
2.747: (turn_to satellite0 planet31 star23)
2.756: (turn_to satellite1 planet26 star20)
2.846: (turn_to satellite0 planet29 star23)
2.854: (take_image satellite1 star21 instrument1 infrared1)
2.859: (turn_to satellite0 planet31 star23)
2.868: (take_image satellite1 star21 instrument1 infrared1)
2.873: (take_image satellite0 planet31 instrument0 thermograph2)
2.873: (turn_to satellite1 planet29 star21)
2.874: (turn_to satellite1 planet29 star20)
2.879: (turn_to satellite1 planet31 star21)
2.882: (take_image satellite0 planet31 instrument0 thermograph2)
2.885: (take_image satellite0 planet29 instrument0 thermograph2)
2.886: (turn_to satellite0 planet31 planet29)
2.886: (take_image satellite1 star20 instrument1 infrared1)
2.886: (turn_to satellite1 planet31 star20)
2.889: (take_image satellite1 star20 instrument1 infrared1)
2.047: (turn_to satellite1 planet26 star20)
2.051: (turn_to satellite1 planet26 star21)
2.054: (turn_to satellite1 planet26 star21)
2.059: (turn_to satellite1 planet26 star20)
2.059: (take_image satellite0 planet29 instrument0 thermograph2)
2.060: (take_image satellite0 planet31 instrument0 thermograph2)
2.162: (turn_to satellite0 planet29 planet31)
2.182: (turn_to satellite0 planet31 planet29)
2.188: (turn_to satellite0 planet29 planet31)
2.203: (take_image satellite1 star21 instrument1 infrared1)
2.203: (turn_to satellite0 planet31 planet29)
2.245: (turn_to satellite1 planet31 star21)
2.248: (turn_to satellite1 planet31 star20)
2.255: (turn_to satellite1 planet29 star20)
2.269: (turn_to satellite1 planet29 star21)
2.273: (take_image satellite0 planet31 instrument0 thermograph2)
2.277: (take_image satellite0 planet29 instrument0 thermograph2)
2.425: (take_image satellite0 planet31 instrument0 thermograph2)
2.799: (turn_to satellite0 planet26 planet31)
2.804: (take_image satellite0 planet31 instrument0 image0)
1.289: (turn_to satellite1 planet26 star20)
1.294: (turn_to satellite1 planet26 star21)
1.299: (turn_to satellite1 planet26 star21)
1.308: (turn_to satellite0 planet31 planet29)
1.310: (turn_to satellite0 planet29 planet31)
1.317: (turn_to satellite1 planet26 star20)
1.683: (take_image satellite0 planet29 instrument0 thermograph2)
1.683: (take_image satellite0 planet31 instrument0 thermograph2)
1.686: (take_image satellite0 planet31 instrument0 thermograph2)
1.698: (take_image satellite0 planet29 instrument0 thermograph2)
1.699: (take_image satellite1 star21 instrument1 infrared1)
1.844: (turn_to satellite1 planet26 star20)
1.869: (turn_to satellite0 planet26 planet29)
1.870: (turn_to satellite0 planet26 planet31)
1.972: (turn_to satellite1 planet31 star20)
1.972: (turn_to satellite0 planet31 planet29)
1.994: (turn_to satellite0 planet29 planet31)
1.996: (turn_to satellite1 planet29 star21)
1.997: (turn_to satellite1 planet31 star21)
1.999: (turn_to satellite1 planet29 star20)
0.811: (turn_to satellite1 planet26 star20)
0.813: (turn_to satellite1 planet26 star20)
0.819: (take_image satellite0 planet29 instrument0 thermograph2)
0.822: (take_image satellite0 planet31 instrument0 thermograph2)
0.826: (turn_to satellite1 planet26 star21)
0.827: (turn_to satellite1 planet26 star21)
1.359: (take_image satellite0 planet29 instrument0 image0)
1.361: (take_image satellite0 planet31 instrument0 image0)
1.363: (take_image satellite0 planet29 instrument0 infrared1)
1.363: (take_image satellite0 planet31 instrument0 infrared1)
1.377: (take_image satellite1 planet26 instrument1 infrared3)
1.380: (take_image satellite1 planet26 instrument1 infrared1)
1.385: (take_image satellite1 planet26 instrument1 infrared1)
1.386: (take_image satellite1 planet26 instrument1 infrared3)
1.581: (turn_to satellite0 planet26 planet31)
1.585: (turn_to satellite0 planet26 planet31)
1.586: (turn_to satellite0 planet26 planet29)
1.591: (turn_to satellite0 planet26 planet29)
1.614: (take_image satellite0 planet26 instrument0 thermograph2)
1.622: (take_image satellite0 planet26 instrument0 thermograph2)
0.623: (turn_to satellite1 planet26 star21)
0.633: (turn_to satellite0 planet26 planet29)
0.634: (turn_to satellite1 planet26 star20)
0.637: (turn_to satellite0 planet26 planet31)
0.798: (turn_to satellite0 star19 planet31)
0.799: (turn_to satellite0 star19 planet29)
0.827: (take_image satellite0 planet31 instrument0 thermograph2)
0.829: (take_image satellite0 planet31 instrument0 thermograph2)
0.836: (take_image satellite0 planet29 instrument0 image0)
0.837: (take_image satellite0 planet31 instrument0 infrared1)
0.837: (take_image satellite0 planet31 instrument0 image0)
0.838: (take_image satellite0 planet29 instrument0 infrared1)
0.840: (take_image satellite0 planet29 instrument0 thermograph2)
0.844: (take_image satellite0 planet29 instrument0 thermograph2)
0.849: (turn_to satellite0 groundstation9 planet29)
0.851: (turn_to satellite0 star13 planet29)
0.852: (turn_to satellite0 star13 planet31)
0.852: (turn_to satellite0 groundstation9 planet31)
0.866: (turn_to satellite0 phenomenon22 planet31)
0.866: (turn_to satellite0 planet24 planet31)
0.090: (take_image satellite0 planet26 instrument0 thermograph2)
[Final] Expanded: 480, Generated: 33972
Found a solution of length 31!
   1: (switch_on instrument0 satellite0)
   2: (turn_to satellite0 star5 groundstation18)
   3: (calibrate satellite0 instrument0 star5)
   4: (switch_on instrument1 satellite1)
   5: (turn_to satellite0 planet24 star5)
   6: (turn_to satellite1 star6 star28)
   7: (calibrate satellite1 instrument1 star6)
   8: (take_image satellite0 planet24 instrument0 image0)
   9: (turn_to satellite0 phenomenon25 planet24)
  10: (take_image satellite0 phenomenon25 instrument0 image0)
  11: (turn_to satellite0 star28 phenomenon25)
  12: (take_image satellite0 star28 instrument0 infrared1)
  13: (turn_to satellite0 star23 star28)
  14: (turn_to satellite1 planet27 star6)
  15: (take_image satellite1 planet27 instrument1 infrared3)
  16: (turn_to satellite1 phenomenon30 planet27)
  17: (take_image satellite1 phenomenon30 instrument1 infrared3)
  18: (turn_to satellite1 phenomenon22 phenomenon30)
  19: (take_image satellite1 phenomenon22 instrument1 infrared3)
  20: (turn_to satellite1 star20 phenomenon22)
  21: (take_image satellite1 star20 instrument1 infrared1)
  22: (turn_to satellite1 star21 star20)
  23: (take_image satellite0 star23 instrument0 infrared1)
  24: (turn_to satellite0 planet29 star23)
  25: (take_image satellite0 planet29 instrument0 thermograph2)
  26: (take_image satellite1 star21 instrument1 infrared1)
  27: (turn_to satellite0 planet31 planet29)
  28: (take_image satellite0 planet31 instrument0 thermograph2)
  29: (turn_to satellite0 planet26 planet31)
  30: (turn_to satellite1 planet26 star21)
  31: (take_image satellite0 planet26 instrument0 thermograph2)
