Torch: 2.12.0+cu130
Using GPU:  NVIDIA L40S
[Bellman] lambda=0 -> baseline (no widening signal)
[W1raw] OPTION7 w1raw_beta=3.0 signal=RAW edge-W1 (parent-best vs child-best, no reward/discount) vs SIBLINGS (boosts exploration toward larger-shift children; prior untouched) [SHUFFLE CONTROL: signal-blind placement]
[Value] SELF-CONSISTENT: leaf value = QR-DQN max_a mean Z(s,a) (SAC critics bypassed; prior still SAC policy)
/u/ibrahim.eisawy/Neural-Guided-Search/venv/lib/python3.10/site-packages/pymimir_rgnn/model.py:162: UserWarning: index_reduce() is in beta and the API may change at any time. (Triggered internally at /pytorch/aten/src/ATen/native/cuda/Indexing.cu:1541.)
  exps_max.index_reduce_(0, output_indices, output_messages, reduce="amax", include_self=False)
  [sim 500] root visits=500, unique states=138, generated=137, iqn_calls=355
  [sim 779] found goal path of length 21
[Final] Expanded: 183, Generated: 183
[Cost] IQN forward calls (Bellman signal): 470
[Widen] nodes widened: 0, mean w: 0.0000
[W1raw] child-edges modulated: 374, mean mult: 1.3495 (1.0 = no change; >1 = boosted toward larger shift)
[search done] simulations=779, unique states generated=183
Found a solution of length 21!
   1: (move f2-3f f2-4f)
   2: (move f2-4f f1-4f)
   3: (move f1-4f f1-3f)
   4: (move f1-3f f1-2f)
   5: (move f1-2f f1-1f)
   6: (move f1-1f f0-1f)
   7: (move f0-1f f0-2f)
   8: (move f0-2f f0-3f)
   9: (move f0-3f f0-4f)
  10: (move f0-4f f0-5f)
  11: (move f0-5f f1-5f)
  12: (move f1-5f f2-5f)
  13: (move f2-5f f3-5f)
  14: (move f3-5f f4-5f)
  15: (move f4-5f f5-5f)
  16: (move f5-5f f6-5f)
  17: (move f6-5f f6-6f)
  18: (move f6-6f f7-6f)
  19: (move f7-6f f7-7f)
  20: (move f7-7f f8-7f)
  21: (putdown f8-7f key0-2)
