Torch: 2.12.0+cu130
Using GPU:  NVIDIA L40S
[Bellman] lambda=0 -> baseline (no widening signal)
[W1raw] OPTION7 w1raw_beta=3.0 signal=RAW edge-W1 (parent-best vs child-best, no reward/discount) vs SIBLINGS (boosts exploration toward larger-shift children; prior untouched) [SHUFFLE CONTROL: signal-blind placement]
[Value] SELF-CONSISTENT: leaf value = QR-DQN max_a mean Z(s,a) (SAC critics bypassed; prior still SAC policy)
/u/ibrahim.eisawy/Neural-Guided-Search/venv/lib/python3.10/site-packages/pymimir_rgnn/model.py:162: UserWarning: index_reduce() is in beta and the API may change at any time. (Triggered internally at /pytorch/aten/src/ATen/native/cuda/Indexing.cu:1541.)
  exps_max.index_reduce_(0, output_indices, output_messages, reduce="amax", include_self=False)
  [sim 24] found goal path of length 19
[Final] Expanded: 81, Generated: 81
[Cost] IQN forward calls (Bellman signal): 140
[Widen] nodes widened: 0, mean w: 0.0000
[W1raw] child-edges modulated: 116, mean mult: 1.3195 (1.0 = no change; >1 = boosted toward larger shift)
[search done] simulations=24, unique states generated=81
Found a solution of length 19!
   1: (move f2-2f f2-1f)
   2: (putdown f2-1f key1-3)
   3: (move f2-1f f2-2f)
   4: (pickup f2-2f key0-0)
   5: (move f2-2f f2-1f)
   6: (move f2-1f f3-1f)
   7: (move f3-1f f4-1f)
   8: (move f4-1f f4-0f)
   9: (move f4-0f f5-0f)
  10: (move f5-0f f6-0f)
  11: (move f6-0f f7-0f)
  12: (move f7-0f f7-1f)
  13: (move f7-1f f6-1f)
  14: (move f6-1f f6-2f)
  15: (move f6-2f f6-3f)
  16: (move f6-3f f6-4f)
  17: (move f6-4f f6-5f)
  18: (move f6-5f f6-6f)
  19: (putdown f6-6f key0-0)
