/u/ibrahim.eisawy/Neural-Guided-Search/venv/lib/python3.10/site-packages/pymimir_rgnn/model.py:151: UserWarning: index_reduce() is in beta and the API may change at any time. (Triggered internally at /pytorch/aten/src/ATen/native/cuda/Indexing.cu:1541.)
  max_msg.index_reduce_(0, output_indices, output_messages, reduce='amax', include_self=True)
Torch: 2.12.0+cu130
Using GPU:  NVIDIA L40S
22.754: (pickup f0-3f key0-1)
21.934: (unlock f0-3f f1-3f key0-1 shape0)
inf: (putdown f0-3f key0-1)
21.080: (move f0-3f f1-3f)
21.930: (putdown f0-3f key0-1)
20.684: (move f1-3f f2-3f)
20.930: (move f1-3f f1-2f)
20.977: (move f0-3f f1-3f)
21.035: (putdown f1-3f key0-1)
21.178: (pickup-and-loose f1-3f key1-1 key0-1)
inf: (move f1-3f f0-3f)
inf: (pickup f0-3f key0-1)
19.199: (move f1-3f f2-3f)
19.798: (move f1-3f f1-2f)
19.859: (move f1-2f f1-1f)
20.475: (move f1-3f f2-3f)
20.667: (putdown f2-3f key0-1)
20.689: (move f1-3f f2-3f)
20.720: (move f1-3f f1-2f)
20.924: (move f1-3f f0-3f)
20.940: (move f1-3f f1-2f)
20.948: (putdown f1-2f key0-1)
21.027: (move f1-2f f2-2f)
21.027: (move f2-3f f2-2f)
21.619: (move f2-3f f3-3f)
21.702: (pickup f1-3f key1-1)
21.890: (move f1-3f f0-3f)
inf: (putdown f1-3f key1-1)
inf: (pickup-and-loose f1-3f key0-1 key1-1)
inf: (pickup f1-3f key0-1)
inf: (pickup f1-3f key1-1)
inf: (move f1-3f f0-3f)
inf: (move f1-2f f1-3f)
inf: (move f2-3f f1-3f)
17.916: (move f1-2f f2-2f)
17.916: (move f2-3f f2-2f)
18.321: (move f2-3f f3-3f)
18.640: (move f1-2f f1-1f)
18.916: (unlock f1-2f f0-2f key1-1 shape1)
19.105: (move f1-3f f2-3f)
19.767: (move f1-3f f1-2f)
19.768: (move f1-2f f1-1f)
19.860: (move f1-2f f1-1f)
19.893: (move f1-2f f1-1f)
19.916: (unlock f0-3f f0-2f key1-1 shape1)
19.919: (putdown f1-1f key0-1)
20.070: (unlock f2-2f f3-2f key0-1 shape0)
20.148: (putdown f0-3f key1-1)
20.250: (putdown f1-2f key1-1)
20.339: (move f1-1f f1-0f)
20.583: (putdown f2-3f key1-1)
20.673: (unlock f3-3f f3-2f key0-1 shape0)
20.907: (putdown f2-2f key0-1)
20.926: (move f1-3f f0-3f)
20.990: (move f2-3f f2-2f)
20.990: (move f1-2f f2-2f)
21.017: (move f1-2f f1-3f)
21.026: (move f2-3f f1-3f)
21.033: (move f2-3f f2-2f)
21.033: (move f1-2f f2-2f)
21.055: (move f2-3f f2-2f)
21.057: (move f1-2f f2-2f)
21.435: (move f2-3f f3-3f)
21.623: (move f2-3f f3-3f)
21.638: (move f2-3f f3-3f)
21.648: (putdown f3-3f key0-1)
22.683: (move f1-1f f0-1f)
inf: (move f0-3f f1-3f)
inf: (move f2-2f f2-3f)
inf: (putdown f1-3f key1-1)
inf: (move f3-3f f2-3f)
inf: (move f2-2f f1-2f)
inf: (pickup f1-2f key0-1)
inf: (move f1-2f f1-3f)
inf: (move f0-3f f1-3f)
inf: (move f1-2f f1-3f)
inf: (move f2-3f f1-3f)
inf: (pickup f2-3f key0-1)
inf: (move f2-3f f1-3f)
inf: (move f1-1f f1-2f)
inf: (move f1-2f f1-3f)
inf: (move f2-3f f1-3f)
16.433: (unlock f2-2f f2-1f key1-1 shape1)
16.836: (move f1-2f f2-2f)
17.585: (move f1-2f f1-1f)
17.889: (unlock f1-1f f2-1f key1-1 shape1)
18.025: (move f2-3f f2-2f)
18.025: (move f1-2f f2-2f)
18.166: (move f1-1f f1-0f)
18.357: (move f2-3f f3-3f)
18.738: (unlock f1-2f f0-2f key1-1 shape1)
18.785: (move f1-2f f1-1f)
19.072: (putdown f2-2f key1-1)
19.118: (putdown f0-3f key1-1)
19.171: (move f1-2f f1-1f)
19.395: (putdown f1-2f key1-1)
19.523: (putdown f3-3f key1-1)
19.547: (move f1-0f f2-0f)
19.600: (move f3-3f f2-3f)
19.600: (move f2-2f f2-3f)
19.758: (move f1-1f f1-0f)
19.842: (move f0-3f f0-2f)
19.842: (move f1-2f f0-2f)
19.855: (move f2-2f f1-2f)
19.865: (unlock f0-3f f0-2f key1-1 shape1)
19.954: (putdown f2-2f key0-1)
20.002: (move f1-2f f2-2f)
20.042: (move f1-2f f1-3f)
20.042: (move f0-3f f1-3f)
20.089: (putdown f1-2f key1-1)
20.183: (pickup-and-loose f0-3f key0-1 key1-1)
20.211: (putdown f1-1f key1-1)
20.234: (move f1-1f f1-0f)
20.254: (putdown f0-3f key1-1)
20.325: (move f1-1f f1-0f)
20.356: (putdown f1-0f key0-1)
20.381: (move f1-1f f1-0f)
20.511: (putdown f2-3f key1-1)
20.582: (move f0-3f f1-3f)
20.617: (move f2-2f f2-3f)
20.649: (move f1-1f f0-1f)
20.652: (move f3-3f f2-3f)
20.656: (move f2-2f f2-3f)
20.656: (move f1-3f f2-3f)
20.717: (putdown f3-3f key0-1)
20.896: (move f2-2f f1-2f)
20.930: (move f1-3f f1-2f)
20.930: (move f2-2f f1-2f)
20.946: (move f1-1f f1-2f)
21.143: (move f2-3f f2-2f)
21.252: (move f1-0f f0-0f)
21.252: (move f0-1f f0-0f)
21.366: (pickup f1-3f key1-1)
21.409: (pickup f1-3f key1-1)
21.455: (move f1-2f f1-3f)
21.586: (move f2-2f f3-2f)
21.586: (move f3-3f f3-2f)
21.587: (move f2-3f f3-3f)
21.868: (move f1-3f f0-3f)
21.869: (move f1-3f f0-3f)
22.185: (move f2-3f f1-3f)
22.312: (move f1-1f f0-1f)
22.586: (move f1-1f f0-1f)
22.635: (move f1-1f f0-1f)
22.650: (move f1-1f f0-1f)
22.696: (putdown f0-1f key0-1)
inf: (move f2-2f f2-3f)
inf: (move f2-2f f1-2f)
inf: (move f3-3f f2-3f)
inf: (move f3-3f f2-3f)
inf: (move f3-3f f2-3f)
inf: (pickup f3-3f key0-1)
inf: (move f1-3f f2-3f)
inf: (move f2-2f f2-3f)
inf: (move f0-1f f1-1f)
inf: (move f2-2f f1-2f)
inf: (pickup f0-3f key1-1)
inf: (pickup f1-1f key0-1)
inf: (move f2-2f f2-3f)
inf: (move f3-3f f2-3f)
inf: (move f1-1f f1-2f)
inf: (move f2-3f f1-3f)
15.386: (unlock f2-2f f2-1f key1-1 shape1)
16.490: (unlock f2-2f f2-1f key1-1 shape1)
16.827: (unlock f1-1f f2-1f key1-1 shape1)
17.048: (move f1-1f f1-0f)
17.072: (move f2-2f f2-1f)
17.072: (move f1-1f f2-1f)
17.104: (move f1-2f f2-2f)
17.401: (move f1-0f f2-0f)
17.887: (move f1-2f f1-1f)
18.003: (putdown f2-2f key1-1)
18.007: (unlock f1-1f f2-1f key1-1 shape1)
18.069: (move f1-3f f2-3f)
18.069: (move f2-2f f2-3f)
18.190: (move f1-2f f1-1f)
18.241: (move f1-1f f1-0f)
18.468: (move f1-1f f1-0f)
18.477: (move f2-2f f2-3f)
18.682: (putdown f2-2f key1-1)
18.783: (move f1-2f f1-1f)
18.941: (move f1-1f f1-2f)
18.941: (move f2-2f f1-2f)
18.974: (move f1-0f f2-0f)
19.009: (move f0-1f f0-0f)
19.009: (move f1-0f f0-0f)
19.050: (move f1-2f f2-2f)
19.091: (move f1-3f f2-3f)
19.127: (putdown f1-1f key1-1)
19.138: (putdown f2-2f key1-1)
19.160: (move f1-3f f2-3f)
19.165: (putdown f0-2f key1-1)
19.178: (pickup-and-loose f0-3f key0-1 key1-1)
19.182: (move f1-2f f1-1f)
19.229: (putdown f0-3f key1-1)
19.328: (move f1-1f f1-0f)
19.381: (putdown f1-2f key1-1)
19.464: (move f0-3f f1-3f)
19.464: (move f1-0f f2-0f)
19.494: (move f1-0f f2-0f)
19.557: (move f1-0f f2-0f)
19.565: (putdown f2-0f key0-1)
19.574: (move f2-2f f2-3f)
19.580: (putdown f2-3f key0-1)
19.584: (putdown f3-3f key1-1)
19.590: (move f1-0f f2-0f)
19.610: (move f3-3f f2-3f)
19.630: (move f1-3f f1-2f)
19.639: (move f1-3f f2-3f)
19.697: (move f1-3f f1-2f)
19.782: (putdown f1-3f key1-1)
19.823: (pickup-and-loose f1-3f key0-1 key1-1)
19.829: (move f1-2f f1-1f)
19.850: (move f1-2f f1-1f)
19.857: (move f2-2f f1-2f)
19.873: (putdown f1-2f key0-1)
19.874: (move f1-2f f1-3f)
19.874: (move f2-3f f1-3f)
19.881: (move f0-1f f1-1f)
19.885: (putdown f1-1f key1-1)
19.937: (unlock f0-1f f0-2f key1-1 shape1)
19.937: (move f1-1f f0-1f)
19.937: (move f0-2f f0-1f)
19.956: (move f3-2f f3-1f)
19.981: (move f1-1f f1-0f)
20.017: (move f1-0f f1-1f)
20.037: (move f0-3f f0-2f)
20.074: (move f0-3f f0-2f)
20.074: (move f1-2f f0-2f)
20.076: (move f1-2f f2-2f)
20.170: (move f2-0f f3-0f)
20.183: (move f1-3f f1-2f)
20.277: (putdown f1-1f key1-1)
20.362: (putdown f1-0f key1-1)
20.377: (pickup-and-loose f2-0f key0-0 key0-1)
20.394: (move f1-2f f1-3f)
20.414: (move f3-3f f2-3f)
20.422: (move f2-2f f2-3f)
20.508: (move f1-1f f0-1f)
20.550: (move f0-3f f1-3f)
20.551: (move f1-2f f1-3f)
20.574: (pickup f1-3f key0-1)
15.578: (unlock f2-2f f2-1f key1-1 shape1)
15.978: (move f1-1f f2-1f)
15.978: (move f2-2f f2-1f)
16.299: (move f1-0f f2-0f)
16.379: (move f2-1f f3-1f)
17.071: (unlock f1-1f f2-1f key1-1 shape1)
17.072: (move f2-0f f3-0f)
17.076: (move f1-1f f2-1f)
17.076: (move f2-2f f2-1f)
17.159: (move f2-3f f3-3f)
17.291: (move f1-0f f2-0f)
17.291: (unlock f2-0f f2-1f key1-1 shape1)
17.291: (move f2-1f f2-0f)
17.335: (move f1-1f f1-0f)
17.352: (move f1-1f f1-0f)
17.366: (move f2-2f f2-3f)
17.484: (move f2-2f f2-1f)
17.486: (move f1-0f f2-0f)
17.597: (pickup-and-loose f2-1f key1-0 key1-1)
17.633: (putdown f2-2f key1-1)
17.892: (move f1-2f f2-2f)
17.892: (move f2-3f f2-2f)
17.913: (move f2-3f f2-2f)
17.913: (move f1-2f f2-2f)
17.921: (move f0-1f f0-0f)
17.922: (move f1-0f f0-0f)
18.090: (move f1-1f f1-2f)
18.090: (move f2-2f f1-2f)
18.090: (unlock f1-2f f0-2f key1-1 shape1)
18.112: (move f1-3f f2-3f)
18.112: (move f2-2f f2-3f)
18.254: (move f2-3f f3-3f)
18.260: (putdown f2-2f key1-1)
18.277: (move f2-3f f3-3f)
18.371: (move f2-2f f2-3f)
18.372: (move f1-2f f1-1f)
18.392: (pickup-and-loose f2-0f key0-0 key1-1)
18.445: (move f1-1f f1-0f)
18.506: (putdown f2-1f key1-1)
18.508: (move f1-1f f1-0f)
18.629: (move f1-2f f1-1f)
18.654: (move f1-2f f1-1f)
18.681: (move f1-3f f2-3f)
18.727: (putdown f2-2f key1-1)
18.770: (unlock f1-2f f0-2f key1-1 shape1)
18.773: (move f1-2f f1-1f)
18.781: (unlock f1-2f f0-2f key1-1 shape1)
18.783: (move f2-3f f3-3f)
18.791: (move f1-2f f1-1f)
18.825: (putdown f1-1f key1-1)
18.850: (move f1-2f f1-1f)
18.851: (putdown f1-1f key0-1)
18.859: (move f1-1f f1-0f)
18.892: (move f1-1f f1-2f)
18.892: (move f2-2f f1-2f)
19.070: (move f3-1f f3-0f)
19.083: (move f0-2f f1-2f)
19.144: (putdown f2-0f key1-1)
19.171: (move f1-0f f0-0f)
19.175: (move f1-1f f1-0f)
19.202: (putdown f1-0f key1-1)
19.225: (move f1-3f f1-2f)
19.225: (move f0-2f f1-2f)
19.258: (putdown f0-2f key1-1)
19.273: (move f1-2f f2-2f)
19.294: (move f2-2f f2-3f)
19.367: (putdown f1-1f key1-1)
19.454: (putdown f2-3f key1-1)
19.474: (pickup f1-3f key0-1)
19.474: (move f0-3f f1-3f)
19.506: (move f0-3f f1-3f)
19.518: (move f1-1f f1-0f)
19.524: (putdown f1-2f key1-1)
19.537: (move f1-0f f2-0f)
19.543: (move f1-3f f2-3f)
19.547: (move f1-3f f2-3f)
19.580: (move f1-1f f2-1f)
19.582: (move f2-0f f3-0f)
19.701: (move f1-2f f2-2f)
19.701: (move f2-3f f2-2f)
15.254: (move f2-1f f3-1f)
15.924: (move f2-0f f3-0f)
16.176: (move f1-1f f2-1f)
16.176: (move f2-2f f2-1f)
16.181: (unlock f2-0f f2-1f key1-1 shape1)
16.181: (move f2-1f f2-0f)
16.181: (move f1-0f f2-0f)
16.371: (move f2-1f f3-1f)
16.417: (move f2-2f f2-1f)
16.429: (unlock f2-2f f2-1f key1-1 shape1)
16.463: (unlock f2-2f f2-1f key1-1 shape1)
16.581: (move f1-0f f2-0f)
16.673: (pickup-and-loose f2-1f key1-0 key1-1)
16.790: (move f3-0f f3-1f)
16.823: (move f1-2f f2-2f)
16.895: (move f1-2f f2-2f)
16.897: (pickup f2-1f key1-0)
16.963: (move f3-1f f3-0f)
16.963: (move f2-0f f3-0f)
17.108: (move f2-0f f3-0f)
17.252: (pickup-and-loose f2-0f key0-0 key1-1)
17.357: (pickup-and-loose f2-1f key1-0 key1-1)
17.358: (move f2-1f f2-0f)
17.358: (move f1-0f f2-0f)
17.358: (unlock f2-0f f2-1f key1-1 shape1)
17.395: (move f2-3f f3-3f)
17.397: (move f2-2f f2-3f)
17.408: (move f1-2f f1-1f)
17.438: (putdown f2-1f key1-1)
17.492: (move f2-2f f2-1f)
17.580: (move f1-2f f1-1f)
17.597: (move f2-1f f2-0f)
17.600: (move f1-1f f1-0f)
17.641: (move f2-3f f3-3f)
17.719: (move f1-2f f1-1f)
17.766: (pickup-and-loose f2-0f key0-0 key1-1)
17.769: (move f1-2f f1-1f)
17.844: (putdown f2-2f key1-1)
17.856: (unlock f1-1f f2-1f key1-1 shape1)
17.899: (unlock f1-2f f0-2f key1-1 shape1)
17.899: (move f1-1f f1-2f)
17.899: (move f2-2f f1-2f)
18.029: (unlock f1-1f f2-1f key1-1 shape1)
18.047: (putdown f2-0f key1-1)
18.120: (move f1-2f f2-2f)
18.157: (move f1-1f f1-0f)
18.158: (move f1-1f f1-0f)
18.236: (move f2-1f f1-1f)
18.238: (move f2-1f f3-1f)
18.239: (move f1-0f f0-0f)
18.241: (move f1-2f f1-1f)
18.243: (pickup f2-1f key1-0)
18.337: (move f2-1f f3-1f)
18.340: (move f1-0f f2-0f)
18.369: (putdown f3-3f key1-1)
18.398: (move f1-1f f1-0f)
18.405: (move f2-1f f2-0f)
18.419: (pickup-and-loose f2-0f key0-0 key1-1)
18.434: (move f3-0f f2-0f)
18.434: (move f1-0f f2-0f)
18.444: (move f2-1f f1-1f)
18.467: (putdown f3-1f key1-1)
18.496: (move f1-2f f2-2f)
18.501: (putdown f2-1f key1-1)
18.542: (move f1-1f f2-1f)
18.565: (move f2-1f f2-2f)
18.661: (move f1-1f f1-0f)
18.701: (putdown f2-0f key1-1)
18.728: (putdown f1-2f key1-1)
18.752: (move f2-3f f2-2f)
18.752: (move f1-2f f2-2f)
18.766: (move f2-2f f2-3f)
18.768: (move f2-3f f3-3f)
18.845: (move f1-3f f2-3f)
18.869: (move f1-3f f2-3f)
18.949: (move f1-1f f1-0f)
18.951: (move f2-0f f3-0f)
19.001: (move f2-1f f2-0f)
19.001: (putdown f2-3f key1-1)
19.057: (move f1-0f f0-0f)
15.389: (unlock f2-2f f2-1f key1-1 shape1)
15.427: (move f2-1f f3-1f)
15.471: (unlock f2-2f f2-1f key1-1 shape1)
15.668: (move f3-0f f3-1f)
15.821: (move f2-0f f3-0f)
15.821: (move f3-1f f3-0f)
15.995: (pickup f2-1f key1-0)
16.176: (move f2-0f f3-0f)
16.387: (pickup f2-0f key0-0)
16.430: (unlock f2-0f f2-1f key1-1 shape1)
16.430: (move f2-1f f2-0f)
16.430: (move f1-0f f2-0f)
16.474: (pickup-and-loose f2-1f key1-0 key1-1)
16.612: (move f2-2f f2-1f)
16.657: (pickup f2-1f key1-0)
16.657: (move f2-1f f2-0f)
16.703: (pickup-and-loose f2-0f key0-0 key1-1)
16.798: (unlock f1-1f f2-1f key1-1 shape1)
16.802: (move f3-0f f3-1f)
16.973: (move f3-1f f3-0f)
16.973: (move f2-0f f3-0f)
17.001: (move f2-2f f2-1f)
17.001: (move f1-1f f2-1f)
17.004: (unlock f1-1f f2-1f key1-1 shape1)
17.011: (move f2-2f f2-1f)
17.011: (move f1-1f f2-1f)
17.015: (move f2-1f f2-2f)
17.059: (move f1-1f f1-0f)
17.112: (move f1-1f f1-0f)
17.133: (move f2-1f f2-0f)
17.160: (move f2-1f f3-1f)
17.203: (move f2-1f f1-1f)
17.209: (move f1-2f f2-2f)
17.254: (pickup-and-loose f2-0f key0-0 key1-1)
17.279: (move f1-2f f1-1f)
17.320: (pickup f2-1f key1-0)
17.355: (move f1-0f f2-0f)
17.359: (move f2-1f f2-0f)
17.370: (putdown f3-1f key1-1)
17.382: (move f1-0f f2-0f)
17.384: (move f2-1f f2-0f)
17.404: (move f2-1f f3-1f)
17.437: (move f1-0f f2-0f)
17.443: (move f3-1f f2-1f)
17.468: (move f1-1f f1-0f)
17.471: (move f2-1f f1-1f)
17.475: (move f1-1f f1-0f)
17.607: (putdown f2-0f key1-1)
17.610: (move f2-0f f2-1f)
17.623: (putdown f2-1f key1-1)
17.628: (move f2-1f f2-2f)
17.638: (pickup f2-0f key0-0)
17.687: (pickup-and-loose f2-0f key0-0 key1-0)
17.736: (pickup-and-loose f2-0f key0-0 key1-1)
17.756: (move f2-0f f3-0f)
17.817: (move f2-3f f3-3f)
17.925: (move f2-1f f2-0f)
17.939: (move f2-0f f1-0f)
17.965: (move f2-2f f2-3f)
18.051: (putdown f2-2f key1-1)
18.064: (move f2-2f f2-3f)
18.078: (putdown f2-2f key1-1)
18.086: (move f3-1f f3-0f)
18.120: (move f2-1f f3-1f)
18.206: (move f2-1f f1-1f)
18.262: (move f2-3f f2-2f)
18.278: (putdown f2-0f key1-1)
18.279: (move f2-1f f3-1f)
18.310: (move f2-1f f2-2f)
18.313: (move f3-1f f3-0f)
18.313: (move f2-0f f3-0f)
18.331: (move f1-1f f2-1f)
18.331: (move f2-2f f2-1f)
18.334: (move f2-1f f1-1f)
18.338: (move f2-1f f1-1f)
18.348: (putdown f3-0f key1-1)
18.396: (move f2-2f f2-3f)
18.418: (move f2-2f f2-3f)
18.425: (move f2-0f f3-0f)
18.442: (move f2-1f f3-1f)
15.123: (move f2-0f f2-1f)
15.331: (pickup f2-0f key0-0)
15.799: (pickup f2-1f key1-0)
15.879: (move f3-0f f3-1f)
15.923: (move f2-2f f2-1f)
15.923: (move f1-1f f2-1f)
15.974: (move f1-1f f2-1f)
15.974: (move f2-2f f2-1f)
16.040: (move f2-0f f3-0f)
16.040: (move f3-1f f3-0f)
16.084: (move f2-1f f2-2f)
16.165: (pickup-and-loose f2-2f key1-1 key1-0)
16.196: (move f2-0f f2-1f)
16.201: (move f2-1f f2-0f)
16.240: (move f1-0f f2-0f)
16.292: (move f1-0f f2-0f)
16.308: (move f1-0f f2-0f)
16.324: (move f2-1f f3-1f)
16.366: (move f2-1f f3-1f)
16.389: (move f3-1f f2-1f)
16.466: (move f1-0f f2-0f)
16.488: (move f2-1f f2-0f)
16.563: (pickup f2-0f key0-0)
16.619: (move f2-0f f2-1f)
16.664: (pickup-and-loose f2-0f key0-0 key1-0)
16.732: (pickup-and-loose f2-0f key0-0 key1-1)
16.738: (move f2-1f f2-2f)
16.896: (pickup f2-1f key1-0)
16.923: (move f2-1f f2-0f)
16.977: (move f3-1f f3-0f)
16.995: (move f2-0f f3-0f)
16.999: (putdown f2-2f key1-0)
17.039: (move f2-0f f3-0f)
17.127: (move f2-3f f3-3f)
17.156: (move f2-3f f3-3f)
17.227: (move f2-1f f3-1f)
17.238: (unlock f2-0f f2-1f key1-1 shape1)
17.238: (move f2-1f f2-0f)
17.260: (pickup-and-loose f2-0f key0-0 key1-0)
17.272: (move f2-1f f2-0f)
17.272: (unlock f2-0f f2-1f key1-1 shape1)
17.282: (move f2-2f f2-3f)
17.295: (move f2-1f f1-1f)
17.336: (move f2-2f f2-3f)
17.362: (move f1-1f f1-0f)
17.365: (move f2-0f f3-0f)
17.368: (move f2-1f f1-1f)
17.372: (move f3-1f f3-0f)
17.372: (move f2-0f f3-0f)
17.378: (move f2-1f f3-1f)
17.422: (move f1-1f f1-0f)
17.431: (move f2-1f f2-2f)
17.432: (move f2-1f f1-1f)
17.439: (move f2-2f f2-1f)
17.439: (move f1-1f f2-1f)
17.512: (putdown f3-1f key1-1)
17.513: (move f2-0f f2-1f)
17.513: (move f2-1f f3-1f)
17.564: (pickup-and-loose f2-0f key0-0 key1-0)
17.573: (pickup-and-loose f2-1f key1-0 key0-0)
17.583: (putdown f3-1f key1-1)
17.596: (move f2-1f f2-0f)
17.599: (move f2-1f f1-1f)
17.599: (putdown f3-1f key1-0)
17.602: (pickup-and-loose f2-1f key1-0 key1-1)
17.605: (putdown f2-0f key1-0)
17.623: (pickup-and-loose f2-1f key1-0 key1-1)
17.651: (putdown f2-2f key1-1)
17.667: (putdown f2-2f key1-1)
17.696: (move f2-0f f2-1f)
17.711: (putdown f3-1f key1-0)
17.729: (pickup f2-1f key1-0)
17.754: (move f1-0f f1-1f)
17.766: (move f2-0f f3-0f)
17.809: (putdown f2-0f key1-1)
17.846: (move f2-1f f2-0f)
17.850: (putdown f2-2f key1-0)
17.901: (move f2-0f f2-1f)
17.921: (move f2-0f f1-0f)
17.926: (move f2-0f f3-0f)
14.124: (move f2-0f f2-1f)
15.096: (pickup-and-loose f2-2f key1-1 key1-0)
15.110: (pickup-and-loose f2-1f key1-0 key0-0)
15.197: (move f2-0f f2-1f)
15.254: (move f2-1f f3-1f)
15.259: (move f2-1f f3-1f)
15.304: (pickup-and-loose f2-1f key1-1 key0-0)
15.334: (pickup f2-0f key0-0)
15.675: (move f2-2f f2-1f)
15.851: (move f2-1f f2-2f)
15.863: (move f2-1f f2-2f)
15.876: (move f2-1f f1-1f)
15.908: (move f2-0f f3-0f)
15.914: (move f2-0f f3-0f)
15.934: (putdown f2-2f key1-0)
16.004: (pickup f2-1f key1-0)
16.033: (putdown f2-1f key0-0)
16.038: (move f2-1f f2-0f)
16.111: (pickup-and-loose f2-0f key0-0 key1-0)
16.121: (pickup-and-loose f2-2f key1-1 key1-0)
16.124: (pickup-and-loose f2-1f key1-0 key0-0)
16.136: (pickup f2-0f key0-0)
16.139: (move f2-1f f3-1f)
16.173: (move f1-0f f2-0f)
16.173: (move f2-1f f2-0f)
16.173: (unlock f2-0f f2-1f key1-1 shape1)
16.185: (move f2-1f f2-0f)
16.185: (unlock f2-0f f2-1f key1-1 shape1)
16.186: (move f1-0f f2-0f)
16.265: (move f3-1f f2-1f)
16.295: (move f2-2f f2-1f)
16.430: (move f2-2f f2-1f)
16.436: (move f2-2f f2-1f)
16.563: (move f2-0f f2-1f)
16.575: (move f3-1f f2-1f)
16.585: (move f3-1f f2-1f)
16.589: (pickup-and-loose f2-0f key0-0 key1-0)
16.627: (pickup-and-loose f2-1f key1-0 key0-0)
16.652: (move f2-0f f2-1f)
16.669: (putdown f3-1f key1-0)
16.704: (pickup-and-loose f2-1f key1-0 key1-1)
16.714: (pickup-and-loose f2-1f key1-0 key1-1)
16.724: (move f3-0f f3-1f)
16.766: (move f2-2f f2-1f)
16.767: (move f3-0f f3-1f)
16.895: (move f3-1f f3-0f)
16.895: (move f2-0f f3-0f)
16.922: (move f1-0f f1-1f)
16.923: (move f2-1f f1-1f)
16.923: (pickup f2-1f key1-0)
16.936: (putdown f2-2f key1-0)
16.939: (move f2-0f f3-0f)
16.939: (move f3-1f f3-0f)
16.944: (move f2-1f f3-1f)
16.966: (move f2-0f f3-0f)
16.984: (pickup-and-loose f1-1f key1-1 key1-0)
16.987: (move f2-0f f2-1f)
17.008: (move f2-1f f2-0f)
17.009: (move f3-1f f3-0f)
17.036: (putdown f2-1f key0-0)
17.058: (move f2-0f f3-0f)
17.062: (move f2-0f f3-0f)
17.067: (pickup-and-loose f2-1f key1-1 key0-0)
17.137: (move f2-1f f2-0f)
17.137: (move f3-0f f2-0f)
17.176: (pickup-and-loose f2-0f key0-0 key1-0)
17.186: (move f3-1f f3-0f)
17.190: (move f2-0f f3-0f)
17.190: (move f3-1f f3-0f)
17.191: (move f2-1f f2-2f)
17.197: (move f2-1f f1-1f)
17.214: (move f2-1f f1-1f)
17.222: (putdown f2-0f key1-0)
17.228: (pickup-and-loose f2-0f key0-0 key1-1)
17.229: (move f2-1f f2-2f)
17.284: (move f2-1f f1-1f)
17.293: (pickup-and-loose f2-0f key0-0 key1-1)
17.308: (move f3-0f f3-1f)
17.308: (move f2-1f f3-1f)
17.310: (move f3-1f f3-0f)
14.096: (move f2-0f f2-1f)
14.159: (pickup-and-loose f2-1f key1-0 key0-0)
14.441: (pickup-and-loose f2-1f key1-1 key0-0)
14.563: (pickup f2-1f key1-1)
14.564: (move f2-2f f2-1f)
14.564: (pickup f2-1f key1-1)
14.712: (move f2-0f f3-0f)
14.810: (move f2-2f f1-2f)
14.810: (move f1-1f f1-2f)
14.859: (move f2-1f f1-1f)
14.878: (unlock f2-2f f3-2f key0-0 shape0)
14.907: (move f2-1f f2-2f)
14.977: (putdown f2-1f key0-0)
15.072: (unlock f3-1f f3-2f key0-0 shape0)
15.076: (move f2-1f f3-1f)
15.076: (move f3-0f f3-1f)
15.132: (pickup-and-loose f2-2f key1-1 key0-0)
15.177: (pickup-and-loose f2-1f key1-0 key0-0)
15.238: (pickup-and-loose f2-2f key1-1 key1-0)
15.299: (pickup f2-0f key0-0)
15.437: (move f2-1f f3-1f)
15.489: (move f3-1f f2-1f)
15.518: (move f2-1f f2-2f)
15.586: (move f2-2f f2-1f)
15.633: (move f2-1f f3-1f)
15.661: (move f3-0f f3-1f)
15.665: (move f3-0f f3-1f)
15.671: (move f2-2f f2-1f)
15.681: (move f1-1f f2-1f)
15.800: (pickup f2-1f key1-0)
15.813: (move f3-1f f3-0f)
15.813: (move f2-0f f3-0f)
15.818: (move f3-1f f3-0f)
15.819: (move f2-0f f3-0f)
15.912: (move f2-0f f2-1f)
15.932: (move f2-1f f2-0f)
15.943: (putdown f2-2f key0-0)
15.960: (pickup-and-loose f2-1f key1-1 key0-0)
15.967: (move f2-1f f2-2f)
16.013: (move f2-1f f3-1f)
16.031: (pickup f2-1f key1-0)
16.044: (pickup-and-loose f2-0f key0-0 key1-0)
16.049: (pickup f2-1f key1-0)
16.065: (putdown f2-2f key1-0)
16.078: (move f2-1f f2-0f)
16.089: (pickup-and-loose f3-1f key1-1 key1-0)
16.098: (move f2-0f f1-0f)
16.109: (move f2-1f f3-1f)
16.190: (move f2-1f f1-1f)
16.223: (unlock f2-2f f3-2f key0-0 shape0)
16.293: (move f2-1f f2-2f)
16.322: (unlock f3-1f f3-2f key0-0 shape0)
16.339: (move f2-2f f2-3f)
16.351: (move f2-1f f2-0f)
16.384: (move f2-1f f3-1f)
16.393: (move f1-1f f1-2f)
16.396: (move f1-1f f0-1f)
16.423: (move f2-1f f1-1f)
16.440: (move f2-1f f2-2f)
16.454: (pickup-and-loose f2-1f key1-0 key0-0)
16.473: (putdown f2-1f key0-0)
16.562: (move f2-1f f3-1f)
16.622: (move f2-1f f2-0f)
16.654: (putdown f3-1f key0-0)
16.656: (move f2-0f f2-1f)
16.677: (pickup-and-loose f2-0f key0-0 key1-1)
16.688: (move f2-2f f2-1f)
16.689: (move f1-1f f1-0f)
16.689: (move f2-1f f2-0f)
16.693: (move f2-1f f2-0f)
16.693: (move f2-1f f2-2f)
16.719: (move f2-1f f2-0f)
16.741: (pickup-and-loose f2-0f key0-0 key1-1)
16.803: (move f2-0f f3-0f)
16.803: (move f3-1f f3-0f)
16.829: (move f2-1f f1-1f)
16.883: (move f2-1f f1-1f)
16.897: (move f2-1f f2-2f)
16.902: (move f2-2f f2-3f)
16.911: (putdown f3-1f key1-0)
13.822: (move f2-2f f1-2f)
13.909: (move f2-2f f1-2f)
13.909: (move f1-1f f1-2f)
13.932: (unlock f2-2f f3-2f key0-0 shape0)
13.936: (move f2-2f f2-1f)
13.967: (pickup-and-loose f2-2f key1-1 key0-0)
13.990: (pickup-and-loose f2-1f key1-0 key0-0)
14.001: (unlock f3-1f f3-2f key0-0 shape0)
14.106: (move f2-0f f2-1f)
14.141: (move f3-1f f2-1f)
14.141: (move f2-2f f2-1f)
14.156: (pickup-and-loose f2-2f key1-1 key0-0)
14.171: (move f2-1f f2-2f)
14.246: (move f2-1f f3-1f)
14.458: (move f2-1f f2-2f)
14.496: (move f2-1f f3-1f)
14.615: (pickup-and-loose f2-0f key0-0 key1-0)
14.615: (move f2-1f f2-0f)
14.682: (move f2-2f f2-1f)
14.743: (move f2-1f f2-0f)
14.821: (move f2-1f f1-1f)
14.906: (move f2-1f f2-2f)
14.931: (move f3-1f f2-1f)
14.933: (move f2-2f f2-1f)
14.958: (putdown f2-2f key0-0)
14.987: (putdown f2-2f key0-0)
15.020: (move f2-1f f3-1f)
15.020: (pickup-and-loose f3-1f key1-1 key1-0)
15.038: (move f2-1f f2-2f)
15.090: (move f2-1f f3-1f)
15.137: (move f3-0f f3-1f)
15.161: (putdown f2-1f key0-0)
15.171: (move f2-1f f3-1f)
15.230: (pickup-and-loose f2-2f key1-1 key1-0)
15.248: (move f2-1f f3-1f)
15.318: (unlock f2-2f f3-2f key0-0 shape0)
15.339: (move f2-1f f3-1f)
15.382: (move f2-1f f2-2f)
15.403: (move f2-2f f2-3f)
15.410: (move f2-1f f2-0f)
15.436: (move f2-1f f1-1f)
15.495: (move f2-2f f1-2f)
15.495: (move f1-1f f1-2f)
15.496: (putdown f3-1f key0-0)
15.511: (move f1-1f f0-1f)
15.569: (unlock f3-1f f3-2f key0-0 shape0)
15.626: (move f2-2f f2-1f)
15.626: (move f3-1f f2-1f)
15.657: (move f3-1f f2-1f)
15.679: (putdown f3-1f key0-0)
15.686: (move f3-1f f3-2f)
15.686: (move f2-2f f3-2f)
15.717: (move f2-0f f3-0f)
15.741: (move f3-1f f3-0f)
15.779: (move f2-3f f3-3f)
15.795: (move f2-2f f1-2f)
15.798: (move f2-2f f2-1f)
15.820: (move f2-1f f3-1f)
15.848: (move f2-2f f2-3f)
15.863: (putdown f3-1f key1-0)
15.886: (move f2-0f f3-0f)
15.886: (move f3-1f f3-0f)
15.906: (move f2-1f f2-0f)
15.914: (move f2-0f f2-1f)
15.914: (move f2-2f f2-3f)
15.929: (unlock f2-2f f3-2f key0-0 shape0)
15.934: (move f2-1f f2-2f)
15.938: (move f2-1f f2-2f)
15.939: (move f2-2f f1-2f)
15.960: (move f2-1f f2-0f)
15.970: (move f1-0f f1-1f)
15.983: (move f2-1f f1-1f)
16.022: (move f2-1f f1-1f)
16.025: (putdown f2-2f key1-0)
16.026: (pickup-and-loose f2-0f key0-0 key1-0)
16.028: (pickup-and-loose f2-2f key1-1 key0-0)
16.043: (move f1-1f f0-1f)
16.051: (move f2-1f f2-0f)
16.103: (move f2-1f f1-1f)
16.145: (pickup-and-loose f2-1f key1-1 key0-0)
12.467: (move f2-2f f3-2f)
12.886: (move f2-2f f2-1f)
12.923: (move f2-2f f1-2f)
12.973: (move f2-2f f2-1f)
13.000: (pickup-and-loose f2-2f key1-1 key0-0)
13.143: (move f3-1f f2-1f)
13.143: (move f2-2f f2-1f)
13.646: (putdown f3-1f key0-0)
13.700: (move f2-2f f1-2f)
13.700: (move f1-1f f1-2f)
13.811: (move f2-1f f3-1f)
13.831: (move f1-1f f1-2f)
13.932: (unlock f2-2f f3-2f key0-0 shape0)
13.960: (move f2-2f f2-1f)
13.981: (move f3-1f f2-1f)
13.986: (move f2-2f f2-1f)
13.989: (move f3-1f f2-1f)
13.999: (putdown f2-2f key0-0)
14.017: (unlock f3-1f f3-2f key0-0 shape0)
14.023: (move f0-1f f0-2f)
14.023: (move f1-2f f0-2f)
14.123: (move f2-2f f2-1f)
14.127: (pickup-and-loose f2-1f key1-0 key0-0)
14.141: (pickup-and-loose f2-1f key1-0 key0-0)
14.151: (pickup-and-loose f2-2f key1-1 key1-0)
14.199: (move f2-2f f2-1f)
14.200: (move f3-1f f2-1f)
14.218: (unlock f3-1f f3-2f key0-0 shape0)
14.233: (putdown f3-2f key0-0)
14.255: (pickup-and-loose f2-2f key1-1 key0-0)
14.324: (move f2-1f f3-1f)
14.386: (move f2-2f f2-3f)
14.445: (move f2-2f f2-3f)
14.496: (move f2-2f f1-2f)
14.515: (putdown f3-1f key0-0)
14.621: (move f3-1f f3-0f)
14.621: (move f2-0f f3-0f)
14.649: (move f2-2f f3-2f)
14.649: (move f3-1f f3-2f)
14.705: (move f2-2f f1-2f)
14.769: (pickup f2-1f key1-0)
14.796: (move f2-1f f2-2f)
14.828: (move f2-1f f2-2f)
14.856: (move f2-2f f2-3f)
14.897: (move f2-1f f1-1f)
14.897: (move f1-2f f1-1f)
14.929: (pickup f2-1f key1-0)
14.935: (move f2-1f f2-0f)
14.943: (move f2-2f f1-2f)
14.943: (unlock f1-2f f0-2f key1-1 shape1)
14.951: (move f2-1f f1-1f)
14.956: (pickup-and-loose f2-2f key1-1 key0-0)
14.960: (move f2-1f f3-1f)
14.961: (move f3-0f f3-1f)
14.966: (unlock f2-2f f3-2f key0-0 shape0)
14.966: (putdown f2-2f key1-0)
14.967: (putdown f2-1f key0-0)
14.968: (pickup-and-loose f2-1f key1-0 key1-1)
14.989: (move f2-1f f3-1f)
15.051: (putdown f2-1f key0-0)
15.074: (pickup-and-loose f2-2f key1-1 key0-0)
15.077: (putdown f2-2f key0-0)
15.123: (move f2-1f f2-0f)
15.124: (move f2-2f f2-1f)
15.137: (move f2-3f f3-3f)
15.142: (move f1-2f f1-1f)
15.143: (move f2-1f f1-1f)
15.148: (move f1-2f f0-2f)
15.148: (move f0-1f f0-2f)
15.175: (pickup-and-loose f3-1f key1-1 key1-0)
15.231: (move f2-1f f2-0f)
15.256: (move f2-1f f1-1f)
15.276: (move f2-1f f2-2f)
15.289: (move f2-2f f2-3f)
15.317: (putdown f1-2f key0-0)
15.357: (putdown f1-2f key0-0)
15.394: (move f1-1f f0-1f)
15.418: (move f2-1f f3-1f)
15.418: (move f2-2f f2-3f)
15.432: (move f2-1f f2-0f)
11.432: (move f2-2f f3-2f)
11.919: (move f2-2f f2-1f)
12.614: (putdown f3-1f key0-0)
12.687: (move f3-2f f3-1f)
12.687: (move f2-1f f3-1f)
12.717: (move f2-2f f1-2f)
12.849: (move f2-1f f3-1f)
12.942: (move f2-2f f2-1f)
12.984: (move f1-2f f0-2f)
13.001: (move f2-2f f2-1f)
13.036: (move f3-1f f2-1f)
13.066: (putdown f0-2f key0-0)
13.090: (pickup-and-loose f2-2f key1-1 key0-0)
13.115: (move f2-2f f2-1f)
13.115: (move f3-1f f2-1f)
13.132: (move f2-2f f2-1f)
13.175: (pickup-and-loose f2-1f key1-0 key0-0)
13.190: (putdown f3-2f key1-1)
13.269: (putdown f3-2f key0-0)
13.428: (move f2-2f f2-3f)
13.453: (pickup-and-loose f2-1f key1-1 key0-0)
13.494: (move f3-2f f2-2f)
13.695: (move f3-1f f3-0f)
13.761: (unlock f2-2f f3-2f key0-0 shape0)
13.784: (pickup f2-1f key1-0)
13.791: (move f3-1f f3-2f)
13.827: (pickup f2-1f key1-0)
13.876: (move f2-1f f1-1f)
13.876: (move f1-2f f1-1f)
13.877: (unlock f1-2f f0-2f key1-1 shape1)
13.877: (move f2-2f f1-2f)
13.940: (pickup f2-1f key1-0)
13.972: (move f2-2f f2-1f)
13.974: (unlock f3-1f f3-2f key0-0 shape0)
13.976: (move f0-1f f0-2f)
13.976: (move f1-2f f0-2f)
13.990: (pickup f2-1f key1-0)
13.995: (putdown f2-1f key0-0)
14.002: (pickup-and-loose f2-2f key1-1 key0-0)
14.003: (move f2-3f f3-3f)
14.003: (move f3-2f f3-3f)
14.029: (pickup-and-loose f2-1f key1-0 key1-1)
14.033: (pickup-and-loose f2-1f key1-0 key1-1)
14.035: (move f2-1f f3-1f)
14.085: (move f2-1f f2-2f)
14.089: (putdown f2-2f key0-0)
14.104: (move f1-2f f1-1f)
14.104: (move f2-1f f1-1f)
14.108: (move f1-2f f0-2f)
14.115: (move f2-1f f1-1f)
14.115: (move f1-2f f1-1f)
14.123: (putdown f0-2f key0-0)
14.126: (move f2-2f f2-1f)
14.128: (pickup-and-loose f3-1f key1-1 key0-0)
14.143: (move f2-1f f2-0f)
14.169: (move f2-1f f2-0f)
14.173: (move f2-3f f3-3f)
14.193: (pickup-and-loose f2-1f key1-0 key0-0)
14.286: (pickup-and-loose f2-2f key1-1 key1-0)
14.305: (move f2-2f f2-3f)
14.319: (move f3-2f f3-1f)
14.357: (putdown f1-2f key0-0)
14.378: (move f2-1f f2-0f)
14.380: (move f2-2f f2-3f)
14.389: (move f2-2f f3-2f)
14.485: (move f2-2f f3-2f)
14.514: (move f2-2f f2-3f)
14.575: (move f2-2f f2-1f)
14.606: (move f2-2f f2-1f)
14.636: (putdown f3-1f key0-0)
14.643: (move f3-1f f3-2f)
14.644: (move f2-2f f3-2f)
14.670: (move f3-1f f2-1f)
14.702: (move f2-2f f1-2f)
14.722: (move f2-2f f2-3f)
14.723: (move f3-1f f3-2f)
14.736: (move f3-1f f3-0f)
14.778: (putdown f1-2f key0-0)
14.828: (move f2-1f f3-1f)
14.876: (putdown f2-1f key1-1)
11.056: (move f0-2f f1-2f)
11.555: (move f2-2f f3-2f)
11.710: (move f3-2f f3-1f)
11.710: (move f2-1f f3-1f)
11.718: (pickup f2-2f key1-1)
12.029: (putdown f3-2f key1-1)
12.051: (move f2-2f f2-1f)
12.055: (putdown f0-2f key0-0)
12.429: (move f3-2f f2-2f)
12.519: (move f3-2f f2-2f)
12.821: (move f2-1f f3-1f)
12.840: (pickup f2-1f key1-0)
12.849: (pickup-and-loose f2-2f key1-1 key1-0)
12.889: (move f0-2f f1-2f)
12.934: (move f1-2f f0-2f)
12.942: (pickup-and-loose f3-1f key1-1 key0-0)
12.950: (move f0-2f f0-1f)
12.972: (move f3-1f f2-1f)
12.982: (move f2-1f f3-1f)
12.993: (pickup f2-1f key1-0)
13.006: (pickup-and-loose f2-1f key1-0 key0-0)
13.036: (move f2-3f f3-3f)
13.036: (move f3-2f f3-3f)
13.040: (move f2-2f f2-1f)
13.069: (move f1-2f f1-1f)
13.069: (move f2-1f f1-1f)
13.073: (putdown f0-2f key0-0)
13.075: (putdown f0-2f key0-0)
13.090: (pickup-and-loose f2-1f key1-0 key1-1)
13.113: (move f2-1f f2-2f)
13.131: (move f2-1f f2-2f)
13.137: (move f3-1f f2-1f)
13.137: (move f2-2f f2-1f)
13.143: (move f2-2f f2-1f)
13.162: (move f2-2f f2-1f)
13.162: (move f3-1f f2-1f)
13.172: (move f2-1f f2-0f)
13.178: (move f3-1f f2-1f)
13.319: (move f3-2f f3-1f)
13.338: (move f3-2f f3-1f)
13.348: (move f2-2f f3-2f)
13.365: (move f2-1f f2-2f)
13.367: (putdown f3-2f key0-0)
13.381: (move f0-2f f0-1f)
13.394: (move f2-2f f2-3f)
13.399: (move f2-1f f3-1f)
13.561: (move f2-2f f2-1f)
13.614: (move f2-2f f1-2f)
13.721: (move f2-1f f2-2f)
13.807: (move f2-1f f3-1f)
13.813: (pickup f2-1f key1-0)
13.840: (move f2-1f f1-1f)
13.840: (move f1-2f f1-1f)
13.841: (pickup-and-loose f2-1f key1-0 key1-1)
13.902: (move f3-2f f3-1f)
13.903: (move f2-1f f3-1f)
13.911: (move f2-2f f1-2f)
13.915: (pickup f2-1f key0-0)
13.944: (putdown f2-1f key1-1)
13.945: (putdown f3-1f key0-0)
13.962: (move f2-1f f2-2f)
13.980: (pickup-and-loose f2-2f key0-0 key1-0)
13.984: (pickup-and-loose f2-1f key0-0 key1-1)
14.034: (move f1-2f f2-2f)
14.034: (move f0-2f f0-3f)
14.057: (move f3-2f f2-2f)
14.063: (move f2-1f f2-2f)
14.069: (putdown f2-2f key1-0)
14.081: (move f1-2f f1-1f)
14.081: (move f3-1f f3-2f)
14.085: (move f2-1f f1-1f)
14.104: (move f2-1f f3-1f)
14.107: (move f2-1f f3-1f)
14.118: (move f2-1f f2-0f)
14.131: (move f2-3f f3-3f)
14.181: (putdown f2-1f key0-0)
14.188: (move f2-1f f1-1f)
14.227: (move f2-1f f2-2f)
14.227: (move f3-2f f2-2f)
14.238: (move f3-1f f3-0f)
10.075: (move f0-2f f1-2f)
10.253: (move f1-2f f2-2f)
10.613: (move f0-1f f1-1f)
10.613: (move f1-2f f1-1f)
10.745: (pickup f2-2f key1-1)
11.059: (move f0-2f f1-2f)
11.395: (pickup f2-2f key0-0)
11.405: (move f3-2f f2-2f)
11.472: (move f3-1f f3-2f)
11.639: (pickup f2-2f key1-1)
11.706: (move f2-2f f3-2f)
11.839: (move f1-2f f2-2f)
11.852: (move f3-2f f3-1f)
11.852: (move f2-1f f3-1f)
11.857: (move f1-2f f1-1f)
11.857: (move f0-1f f1-1f)
11.877: (move f0-2f f0-1f)
11.889: (move f2-2f f2-1f)
11.903: (move f0-2f f1-2f)
11.919: (move f3-1f f2-1f)
11.976: (pickup f2-2f key1-1)
12.057: (putdown f0-2f key0-0)
12.144: (move f3-1f f2-1f)
12.144: (move f2-2f f2-1f)
12.157: (move f2-1f f2-2f)
12.180: (putdown f3-2f key1-1)
12.201: (move f3-2f f3-1f)
12.211: (pickup-and-loose f2-2f key1-1 key1-0)
12.259: (pickup-and-loose f2-2f key1-1 key1-0)
12.300: (move f0-2f f0-1f)
12.348: (move f2-2f f2-1f)
12.348: (move f3-1f f2-1f)
12.465: (pickup-and-loose f2-2f key1-1 key1-0)
12.501: (putdown f2-2f key0-0)
12.621: (move f3-2f f2-2f)
12.666: (pickup f2-1f key1-0)
12.708: (pickup-and-loose f2-2f key1-1 key1-0)
12.729: (move f2-2f f1-2f)
12.742: (move f2-1f f2-2f)
12.757: (move f2-1f f2-2f)
12.771: (pickup f2-1f key1-0)
12.820: (pickup f2-1f key1-0)
12.871: (move f2-1f f3-1f)
12.899: (move f2-1f f3-1f)
12.904: (pickup-and-loose f2-1f key1-0 key1-1)
12.936: (move f2-1f f2-2f)
12.974: (move f2-2f f1-2f)
12.998: (move f0-2f f0-3f)
12.999: (pickup-and-loose f2-2f key1-1 key1-0)
13.005: (unlock f2-2f f3-2f key0-0 shape0)
13.005: (pickup-and-loose f2-2f key0-0 key1-0)
13.006: (move f3-1f f3-2f)
13.007: (move f2-2f f3-2f)
13.007: (move f3-1f f2-1f)
13.019: (move f2-1f f2-2f)
13.019: (pickup-and-loose f2-2f key0-0 key1-0)
13.021: (move f0-2f f0-1f)
13.029: (move f2-2f f2-3f)
13.043: (putdown f2-2f key1-0)
13.094: (putdown f2-2f key1-0)
13.112: (move f1-2f f1-3f)
13.112: (move f0-3f f1-3f)
13.123: (move f3-2f f3-3f)
13.123: (move f2-3f f3-3f)
13.172: (pickup-and-loose f2-1f key1-0 key0-0)
13.194: (move f2-1f f1-1f)
13.194: (move f1-2f f1-1f)
13.283: (move f3-2f f3-1f)
13.283: (move f2-1f f3-1f)
13.314: (move f2-1f f2-0f)
13.328: (move f2-2f f1-2f)
13.361: (putdown f3-2f key1-1)
13.448: (move f2-2f f1-2f)
13.471: (move f3-1f f3-0f)
13.481: (move f3-2f f3-1f)
13.494: (move f2-1f f2-0f)
13.500: (move f2-2f f2-3f)
13.529: (move f2-2f f2-3f)
13.532: (move f2-2f f2-3f)
13.559: (move f2-2f f2-3f)
8.522: (pickup f2-2f key1-1)
9.267: (move f1-2f f2-2f)
9.427: (move f1-1f f2-1f)
9.427: (move f2-2f f2-1f)
9.638: (move f1-2f f1-1f)
9.638: (move f0-1f f1-1f)
10.073: (move f0-2f f1-2f)
10.277: (move f1-2f f2-2f)
10.360: (pickup f2-2f key0-0)
10.433: (move f2-2f f1-2f)
10.502: (move f1-1f f2-1f)
10.502: (move f2-2f f2-1f)
10.611: (move f2-2f f2-1f)
10.638: (move f1-2f f1-1f)
10.638: (move f0-1f f1-1f)
10.732: (move f2-2f f3-2f)
10.770: (move f2-2f f3-2f)
10.834: (move f2-2f f2-1f)
10.844: (pickup f2-2f key1-1)
10.848: (move f0-1f f1-1f)
10.848: (move f1-2f f1-1f)
10.863: (move f1-2f f2-2f)
10.880: (move f2-2f f3-2f)
10.934: (pickup f2-1f key1-0)
11.055: (move f1-3f f2-3f)
11.055: (move f2-2f f2-3f)
11.188: (pickup-and-loose f2-2f key1-1 key1-0)
11.266: (move f2-2f f2-1f)
11.266: (move f3-1f f2-1f)
11.434: (move f2-2f f3-2f)
11.473: (pickup-and-loose f2-2f key1-1 key1-0)
11.553: (move f3-2f f2-2f)
11.781: (move f3-2f f3-1f)
11.781: (move f2-1f f3-1f)
11.837: (pickup f2-1f key1-0)
11.877: (move f3-2f f2-2f)
11.905: (move f2-1f f2-2f)
11.921: (move f2-2f f2-1f)
11.943: (move f0-2f f0-1f)
11.962: (move f2-1f f2-2f)
11.966: (move f2-2f f3-2f)
11.981: (move f2-2f f2-3f)
12.020: (move f2-2f f1-2f)
12.045: (unlock f2-2f f3-2f key0-0 shape0)
12.045: (pickup-and-loose f2-2f key0-0 key1-0)
12.077: (putdown f2-2f key1-0)
12.094: (move f0-3f f1-3f)
12.094: (move f1-2f f1-3f)
12.125: (move f2-2f f1-2f)
12.293: (move f3-1f f2-1f)
12.293: (move f2-2f f2-1f)
12.333: (move f3-2f f3-1f)
12.339: (pickup-and-loose f2-2f key1-1 key1-0)
12.395: (move f2-2f f2-3f)
12.491: (move f2-2f f1-2f)
12.512: (move f2-2f f2-3f)
12.522: (move f2-1f f2-2f)
12.554: (move f2-2f f2-1f)
12.561: (move f2-2f f2-1f)
12.600: (putdown f2-2f key1-0)
12.606: (move f2-2f f1-2f)
12.607: (unlock f1-2f f0-2f key1-1 shape1)
12.616: (move f2-2f f3-2f)
12.616: (pickup-and-loose f3-2f key0-0 key1-1)
12.631: (putdown f3-2f key1-1)
12.664: (move f2-2f f2-3f)
12.670: (move f2-2f f1-2f)
12.682: (move f2-2f f2-1f)
12.713: (move f2-1f f3-1f)
12.716: (move f2-2f f2-1f)
12.717: (move f0-1f f0-0f)
12.731: (move f2-2f f2-3f)
12.746: (move f2-2f f2-3f)
12.767: (putdown f3-1f key1-0)
12.801: (putdown f3-2f key1-1)
12.811: (pickup-and-loose f3-1f key0-0 key1-0)
12.814: (move f1-1f f1-0f)
12.882: (move f2-2f f2-3f)
12.945: (pickup-and-loose f2-2f key0-0 key1-0)
12.956: (move f0-2f f0-3f)
7.417: (pickup f2-2f key1-1)
8.451: (move f1-1f f2-1f)
8.451: (move f2-2f f2-1f)
8.595: (pickup f2-2f key1-1)
8.906: (pickup f2-1f key1-1)
8.906: (move f2-2f f2-1f)
9.016: (pickup f2-1f key1-0)
9.051: (pickup f2-1f key1-0)
9.280: (move f1-2f f2-2f)
9.441: (move f2-2f f2-1f)
9.441: (move f1-1f f2-1f)
9.504: (move f2-2f f2-1f)
9.504: (move f1-1f f2-1f)
9.525: (move f2-2f f1-2f)
9.627: (move f2-2f f2-1f)
9.660: (move f0-1f f1-1f)
9.660: (move f1-2f f1-1f)
9.717: (move f2-2f f3-2f)
9.828: (move f2-2f f3-2f)
9.877: (pickup-and-loose f2-2f key1-1 key1-0)
9.890: (move f2-2f f3-2f)
9.965: (move f2-2f f2-3f)
9.971: (move f2-1f f2-2f)
10.016: (move f2-2f f1-2f)
10.031: (pickup f2-1f key1-0)
10.074: (move f1-3f f2-3f)
10.074: (move f2-2f f2-3f)
10.352: (pickup f2-2f key0-0)
10.375: (move f2-1f f3-1f)
10.561: (pickup-and-loose f2-1f key1-0 key0-0)
10.628: (move f1-0f f2-0f)
10.629: (move f2-1f f2-0f)
10.749: (move f2-1f f3-1f)
10.749: (move f3-2f f3-1f)
10.795: (pickup f2-2f key0-0)
10.837: (move f2-2f f3-2f)
10.956: (move f2-1f f2-2f)
10.969: (move f2-2f f2-1f)
11.031: (putdown f2-1f key0-0)
11.047: (move f2-2f f2-3f)
11.165: (move f2-2f f1-2f)
11.259: (pickup-and-loose f2-2f key1-1 key1-0)
11.395: (move f3-1f f2-1f)
11.395: (move f2-2f f2-1f)
11.423: (move f2-1f f1-1f)
11.423: (move f1-2f f1-1f)
11.528: (move f2-2f f2-1f)
11.537: (move f2-2f f2-1f)
11.543: (pickup-and-loose f3-2f key0-0 key1-1)
11.543: (move f2-2f f3-2f)
11.556: (pickup-and-loose f2-2f key1-1 key1-0)
11.630: (move f2-2f f2-3f)
11.668: (pickup f2-1f key1-0)
11.690: (move f2-2f f2-1f)
11.692: (move f3-2f f3-1f)
11.692: (move f2-1f f3-1f)
11.699: (move f2-2f f2-3f)
11.709: (move f3-2f f3-1f)
11.715: (move f1-2f f0-2f)
11.742: (move f0-0f f1-0f)
11.743: (move f1-1f f1-0f)
11.838: (move f2-1f f1-1f)
11.839: (move f2-1f f2-0f)
11.851: (putdown f1-2f key0-0)
11.852: (putdown f2-2f key1-0)
11.857: (move f2-1f f3-1f)
11.860: (move f2-1f f2-0f)
11.865: (move f3-2f f3-1f)
11.865: (move f2-1f f3-1f)
11.885: (move f2-2f f2-3f)
11.889: (move f2-2f f3-2f)
11.912: (putdown f3-2f key1-1)
11.930: (move f2-2f f1-2f)
11.960: (move f2-2f f2-3f)
11.961: (move f2-1f f1-1f)
11.961: (move f1-2f f1-1f)
11.966: (pickup-and-loose f2-2f key0-0 key1-0)
11.966: (unlock f2-2f f3-2f key0-0 shape0)
11.992: (move f3-2f f3-1f)
11.992: (move f2-1f f3-1f)
6.973: (move f2-2f f3-2f)
7.448: (pickup f2-2f key1-1)
7.857: (move f2-2f f2-1f)
7.857: (pickup f2-1f key1-1)
8.009: (pickup f2-1f key1-0)
8.023: (move f2-1f f2-2f)
8.049: (pickup f2-1f key1-0)
8.459: (move f2-2f f2-1f)
8.459: (move f1-1f f2-1f)
8.543: (move f2-1f f3-1f)
8.843: (pickup-and-loose f2-2f key1-1 key1-0)
8.930: (move f2-2f f2-3f)
8.943: (move f2-2f f2-1f)
8.964: (move f2-2f f1-2f)
8.971: (pickup f2-1f key1-0)
9.021: (move f2-1f f2-2f)
9.286: (move f2-2f f1-2f)
9.304: (move f3-2f f3-1f)
9.304: (move f2-1f f3-1f)
9.398: (move f2-2f f3-2f)
9.432: (move f1-2f f0-2f)
9.553: (move f2-2f f2-1f)
9.643: (pickup-and-loose f2-1f key1-0 key0-0)
9.684: (move f1-0f f2-0f)
9.684: (move f2-1f f2-0f)
9.796: (move f2-2f f3-2f)
9.828: (pickup f2-1f key1-0)
9.921: (move f2-2f f3-2f)
9.924: (move f2-2f f3-2f)
9.958: (pickup-and-loose f2-2f key0-0 key1-0)
9.970: (move f2-1f f1-1f)
9.992: (move f2-1f f2-2f)
10.008: (move f2-3f f3-3f)
10.026: (move f2-1f f1-1f)
10.042: (move f2-2f f2-3f)
10.042: (move f2-1f f2-0f)
10.045: (putdown f2-2f key1-0)
10.047: (move f2-1f f3-1f)
10.049: (move f2-1f f2-0f)
10.061: (move f2-2f f2-3f)
10.067: (move f2-1f f3-1f)
10.090: (move f2-2f f1-2f)
10.139: (move f2-1f f2-0f)
10.187: (move f1-2f f1-1f)
10.187: (move f2-1f f1-1f)
10.340: (move f1-1f f0-1f)
10.363: (move f2-1f f1-1f)
10.363: (move f1-2f f1-1f)
10.427: (move f2-1f f3-1f)
10.436: (move f3-2f f2-2f)
10.481: (move f2-2f f2-1f)
10.485: (putdown f2-1f key0-0)
10.562: (move f2-2f f2-3f)
10.612: (move f2-2f f2-3f)
10.664: (move f2-1f f2-0f)
10.699: (move f2-2f f1-2f)
10.717: (move f2-2f f2-1f)
10.718: (move f2-2f f1-2f)
10.718: (move f1-1f f1-2f)
10.724: (move f1-2f f0-2f)
10.724: (move f2-2f f1-2f)
10.751: (move f2-1f f2-2f)
10.764: (move f2-1f f2-0f)
10.775: (move f2-1f f3-1f)
10.776: (move f3-2f f3-1f)
10.776: (pickup f3-1f key0-0)
10.810: (putdown f0-2f key0-0)
10.828: (move f2-1f f2-0f)
10.832: (putdown f2-2f key1-0)
10.860: (move f3-2f f3-1f)
10.860: (move f2-1f f3-1f)
10.866: (move f2-1f f3-1f)
10.866: (move f3-2f f3-1f)
10.884: (move f2-1f f1-1f)
10.898: (putdown f1-2f key0-0)
10.951: (move f2-2f f3-2f)
10.986: (move f2-2f f1-2f)
11.004: (move f3-2f f3-1f)
11.004: (move f2-1f f3-1f)
11.081: (move f3-2f f3-3f)
6.785: (putdown f3-2f key1-1)
7.006: (move f2-2f f3-2f)
7.045: (move f2-1f f2-2f)
7.419: (move f2-1f f3-1f)
7.419: (move f3-2f f3-1f)
7.682: (pickup-and-loose f2-2f key1-1 key1-0)
7.853: (move f2-2f f2-1f)
7.965: (pickup f2-1f key1-0)
7.976: (move f2-1f f2-2f)
8.004: (move f2-2f f1-2f)
8.004: (move f1-1f f1-2f)
8.075: (move f2-2f f2-3f)
8.407: (move f2-2f f3-2f)
8.408: (putdown f0-2f key0-0)
8.520: (putdown f2-2f key1-0)
8.613: (move f2-1f f3-1f)
8.821: (move f2-1f f2-2f)
8.902: (move f2-3f f3-3f)
8.902: (move f3-2f f3-3f)
8.906: (pickup-and-loose f2-2f key1-1 key1-0)
8.924: (move f2-2f f2-3f)
8.967: (move f2-2f f1-2f)
8.975: (pickup-and-loose f2-2f key0-0 key1-0)
8.990: (move f2-1f f1-1f)
9.005: (move f2-1f f2-2f)
9.006: (move f2-1f f3-1f)
9.007: (pickup-and-loose f2-1f key1-0 key1-1)
9.011: (move f2-1f f1-1f)
9.033: (move f2-1f f2-0f)
9.050: (move f2-1f f3-1f)
9.060: (move f2-1f f2-0f)
9.076: (move f2-1f f2-0f)
9.098: (move f2-1f f1-1f)
9.098: (move f1-2f f1-1f)
9.251: (move f0-2f f1-2f)
9.267: (move f2-2f f1-2f)
9.352: (move f3-2f f3-1f)
9.352: (move f2-1f f3-1f)
9.414: (move f2-2f f2-1f)
9.426: (move f1-2f f0-2f)
9.447: (move f1-1f f0-1f)
9.447: (move f0-2f f0-1f)
9.463: (pickup-and-loose f2-1f key1-0 key0-0)
9.482: (pickup-and-loose f3-2f key1-1 key1-0)
9.487: (move f2-2f f2-3f)
9.539: (putdown f3-1f key1-0)
9.555: (move f1-2f f0-2f)
9.600: (putdown f2-2f key1-0)
9.635: (move f2-2f f2-3f)
9.717: (move f2-1f f2-0f)
9.736: (move f2-1f f2-0f)
9.805: (unlock f1-2f f0-2f key1-0 shape1)
9.805: (move f2-2f f1-2f)
9.805: (move f1-1f f1-2f)
9.817: (unlock f1-2f f0-2f key1-1 shape1)
9.817: (move f2-2f f1-2f)
9.826: (putdown f0-2f key0-0)
9.919: (move f2-3f f1-3f)
9.919: (move f1-2f f1-3f)
9.921: (move f2-2f f1-2f)
9.921: (move f1-1f f1-2f)
9.941: (move f2-0f f3-0f)
9.941: (move f3-1f f3-0f)
9.941: (move f2-1f f1-1f)
9.986: (move f2-2f f2-3f)
10.000: (move f2-1f f2-0f)
10.024: (move f2-1f f3-1f)
10.028: (move f2-2f f3-2f)
10.067: (move f2-3f f3-3f)
10.204: (putdown f1-2f key1-1)
10.211: (move f1-2f f1-1f)
10.211: (move f2-1f f1-1f)
10.219: (move f2-1f f2-0f)
10.238: (move f1-1f f0-1f)
10.261: (putdown f3-1f key1-1)
10.310: (putdown f2-3f key1-1)
10.342: (move f1-2f f1-1f)
10.342: (move f2-1f f1-1f)
10.395: (move f1-1f f0-1f)
10.431: (move f1-2f f1-1f)
6.026: (move f3-2f f2-2f)
6.026: (move f3-2f f3-1f)
6.571: (pickup-and-loose f2-2f key1-1 key1-0)
6.811: (putdown f3-2f key1-1)
6.822: (move f0-2f f1-2f)
6.828: (move f0-2f f0-1f)
6.993: (move f2-1f f2-2f)
7.015: (move f2-2f f1-2f)
7.015: (move f1-1f f1-2f)
7.070: (move f2-2f f2-3f)
7.458: (move f3-2f f3-1f)
7.458: (move f2-1f f3-1f)
7.549: (putdown f2-2f key1-0)
7.658: (pickup-and-loose f2-2f key1-1 key1-0)
8.002: (move f2-2f f1-2f)
8.002: (move f1-1f f1-2f)
8.005: (pickup-and-loose f2-1f key1-0 key1-1)
8.028: (move f2-2f f3-2f)
8.028: (move f3-1f f3-2f)
8.060: (move f2-2f f2-3f)
8.115: (move f0-1f f0-2f)
8.116: (move f1-2f f0-2f)
8.141: (move f2-3f f1-3f)
8.141: (move f1-2f f1-3f)
8.144: (move f3-2f f3-3f)
8.193: (move f2-2f f2-3f)
8.218: (move f2-2f f2-1f)
8.281: (move f0-2f f1-2f)
8.287: (putdown f3-1f key1-0)
8.292: (move f2-2f f1-2f)
8.299: (move f2-2f f1-2f)
8.361: (move f1-2f f0-2f)
8.407: (pickup-and-loose f3-2f key1-1 key1-0)
8.445: (putdown f0-2f key0-0)
8.464: (putdown f2-2f key1-0)
8.495: (move f2-2f f3-2f)
8.519: (putdown f0-2f key0-0)
8.702: (move f0-2f f0-3f)
8.874: (move f3-1f f3-0f)
8.874: (move f2-0f f3-0f)
8.894: (move f2-3f f1-3f)
8.894: (move f1-2f f1-3f)
8.917: (move f3-2f f3-3f)
8.917: (move f2-3f f3-3f)
8.932: (move f2-2f f1-2f)
8.932: (move f1-1f f1-2f)
8.936: (pickup-and-loose f2-2f key0-0 key1-0)
8.958: (move f2-1f f1-1f)
8.961: (move f2-1f f3-1f)
8.985: (move f2-2f f2-3f)
9.015: (move f2-1f f2-0f)
9.106: (move f2-1f f2-0f)
9.120: (move f2-1f f1-1f)
9.120: (move f1-2f f1-1f)
9.172: (move f3-1f f2-1f)
9.215: (move f1-1f f0-1f)
9.223: (move f1-3f f0-3f)
9.258: (move f1-1f f0-1f)
9.258: (move f0-2f f0-1f)
9.284: (putdown f1-2f key1-0)
9.291: (move f2-2f f2-3f)
9.310: (move f1-1f f0-1f)
9.330: (move f2-2f f2-1f)
9.330: (putdown f2-3f key1-0)
9.392: (putdown f3-1f key1-1)
9.433: (move f3-1f f2-1f)
9.471: (move f2-2f f2-3f)
9.486: (putdown f3-1f key1-0)
9.489: (move f2-2f f2-1f)
9.505: (putdown f2-1f key1-1)
9.520: (move f3-2f f3-1f)
9.520: (move f2-1f f3-1f)
9.554: (move f2-2f f2-3f)
9.558: (putdown f3-1f key1-0)
9.565: (putdown f2-2f key1-0)
9.573: (move f2-2f f1-2f)
9.576: (move f2-2f f1-2f)
9.596: (move f2-3f f3-3f)
9.596: (move f3-2f f3-3f)
9.641: (pickup-and-loose f2-0f key1-0 key0-0)
4.980: (move f2-2f f2-1f)
4.980: (move f3-1f f2-1f)
5.274: (move f2-2f f3-2f)
6.032: (move f1-2f f1-1f)
6.032: (move f0-1f f1-1f)
6.058: (move f3-2f f2-2f)
6.062: (move f3-2f f3-1f)
6.519: (pickup-and-loose f2-2f key1-1 key1-0)
6.723: (move f3-1f f3-0f)
6.803: (move f2-2f f2-3f)
6.803: (move f3-3f f2-3f)
6.811: (move f0-2f f1-2f)
6.832: (move f0-2f f0-1f)
7.012: (move f2-2f f1-2f)
7.012: (move f1-1f f1-2f)
7.056: (move f2-2f f2-3f)
7.142: (move f1-2f f0-2f)
7.142: (move f0-1f f0-2f)
7.164: (move f1-2f f1-3f)
7.164: (move f2-3f f1-3f)
7.173: (putdown f3-2f key1-0)
7.185: (move f2-2f f2-3f)
7.208: (move f2-2f f2-1f)
7.257: (move f2-2f f1-2f)
7.435: (move f2-1f f3-1f)
7.483: (putdown f2-2f key1-0)
7.485: (move f2-3f f3-3f)
7.634: (move f1-2f f0-2f)
7.983: (move f2-2f f3-2f)
7.983: (move f3-1f f3-2f)
8.081: (move f1-2f f1-3f)
8.081: (move f2-3f f1-3f)
8.126: (move f0-2f f1-2f)
8.132: (move f0-1f f0-0f)
8.135: (move f0-2f f0-1f)
8.152: (move f2-2f f1-2f)
8.155: (move f1-2f f0-2f)
8.177: (move f3-2f f3-3f)
8.191: (move f3-1f f2-1f)
8.220: (move f2-2f f2-1f)
8.226: (putdown f3-1f key1-0)
8.262: (putdown f0-3f key1-0)
8.263: (move f2-2f f2-3f)
8.302: (move f2-2f f2-3f)
8.327: (putdown f1-2f key1-0)
8.337: (move f2-2f f2-1f)
8.346: (move f0-2f f0-3f)
8.346: (move f1-3f f0-3f)
8.358: (putdown f2-3f key1-0)
8.381: (move f3-1f f3-2f)
8.386: (move f2-2f f1-2f)
8.429: (move f1-2f f1-3f)
8.429: (move f0-3f f1-3f)
8.440: (move f1-3f f0-3f)
8.440: (unlock f0-3f f0-2f key1-0 shape1)
8.440: (move f0-2f f0-3f)
8.449: (move f2-2f f3-2f)
8.453: (move f2-2f f2-1f)
8.462: (move f3-1f f2-1f)
8.463: (move f3-1f f2-1f)
8.524: (move f1-2f f0-2f)
8.602: (move f0-2f f0-3f)
8.656: (move f0-2f f0-3f)
8.777: (putdown f0-2f key1-0)
8.845: (move f3-2f f2-2f)
8.852: (move f2-3f f1-3f)
8.852: (move f1-2f f1-3f)
8.907: (move f2-0f f3-0f)
8.907: (move f3-1f f3-0f)
8.970: (move f2-1f f2-2f)
8.976: (move f2-1f f1-1f)
8.991: (move f2-1f f2-0f)
9.006: (pickup f2-1f key1-0)
9.009: (move f2-1f f3-1f)
9.011: (move f0-1f f0-2f)
9.012: (move f1-2f f0-2f)
9.023: (move f2-3f f3-3f)
9.023: (move f3-2f f3-3f)
9.050: (move f1-2f f1-3f)
9.050: (move f2-3f f1-3f)
3.953: (pickup f2-1f key1-0)
5.054: (move f3-1f f2-1f)
5.054: (move f2-2f f2-1f)
5.219: (move f2-2f f3-2f)
6.003: (putdown f3-2f key1-1)
6.007: (move f3-0f f2-0f)
6.007: (move f2-1f f2-0f)
6.054: (move f1-2f f1-1f)
6.054: (move f0-1f f1-1f)
6.327: (move f3-2f f2-2f)
6.418: (move f2-1f f3-1f)
6.418: (move f3-2f f3-1f)
6.488: (move f2-3f f3-3f)
6.488: (move f3-2f f3-3f)
6.659: (move f0-1f f0-0f)
6.685: (move f1-2f f2-2f)
6.686: (move f0-1f f1-1f)
6.686: (move f1-2f f1-1f)
6.710: (move f1-1f f1-0f)
6.710: (move f0-0f f1-0f)
6.726: (move f3-1f f3-0f)
6.790: (move f2-2f f2-3f)
6.790: (move f3-3f f2-3f)
7.044: (move f0-3f f1-3f)
7.106: (move f1-2f f1-3f)
7.106: (move f2-3f f1-3f)
7.122: (putdown f3-2f key1-0)
7.148: (putdown f0-2f key0-0)
7.168: (move f2-2f f2-3f)
7.168: (move f2-2f f2-1f)
7.180: (move f1-2f f0-2f)
7.203: (pickup f2-1f key1-1)
7.254: (move f2-2f f1-2f)
7.341: (move f1-3f f0-3f)
7.341: (move f0-2f f0-3f)
7.452: (move f2-1f f3-1f)
7.492: (move f2-3f f3-3f)
7.526: (move f1-2f f0-2f)
7.612: (putdown f0-3f key1-0)
7.762: (putdown f0-3f key1-0)
8.001: (pickup f2-1f key1-0)
8.028: (move f2-1f f3-1f)
8.096: (move f3-2f f2-2f)
8.096: (move f2-1f f2-2f)
8.154: (move f0-1f f0-0f)
8.156: (move f3-1f f2-1f)
8.229: (pickup-and-loose f0-2f key0-0 key1-0)
8.292: (move f2-2f f2-3f)
8.294: (move f2-2f f1-2f)
8.300: (move f2-2f f2-1f)
8.337: (putdown f1-2f key1-1)
8.338: (move f3-1f f3-2f)
8.343: (putdown f1-2f key1-0)
8.346: (move f0-2f f0-3f)
8.346: (move f1-3f f0-3f)
8.352: (putdown f2-3f key1-0)
8.394: (putdown f2-3f key1-1)
8.397: (move f2-1f f2-0f)
8.401: (move f2-2f f3-2f)
8.410: (move f2-1f f1-1f)
8.410: (move f1-2f f1-1f)
8.421: (pickup f1-3f key0-1)
8.466: (move f0-3f f1-3f)
8.466: (move f1-2f f1-3f)
8.520: (move f0-2f f0-3f)
8.520: (move f1-3f f0-3f)
8.524: (move f0-3f f1-3f)
8.524: (move f1-2f f1-3f)
8.545: (move f3-2f f3-1f)
8.546: (move f0-2f f0-3f)
8.546: (move f1-3f f0-3f)
8.547: (move f0-2f f1-2f)
8.553: (move f2-3f f1-3f)
8.553: (move f1-2f f1-3f)
8.561: (putdown f0-2f key1-0)
8.562: (move f1-2f f0-2f)
8.607: (pickup-and-loose f1-3f key0-1 key1-0)
8.612: (putdown f1-3f key1-0)
8.614: (move f3-2f f3-3f)
8.689: (pickup f0-3f key0-1)
3.906: (pickup f2-1f key1-0)
3.932: (move f2-1f f1-1f)
3.932: (move f2-1f f2-2f)
3.961: (move f2-1f f2-0f)
3.989: (move f2-1f f3-1f)
5.338: (pickup f2-2f key1-1)
5.362: (move f3-2f f2-2f)
5.967: (move f1-1f f2-1f)
5.967: (move f2-2f f2-1f)
5.973: (move f1-1f f1-0f)
5.973: (move f0-0f f1-0f)
6.040: (move f2-1f f2-0f)
6.040: (move f3-0f f2-0f)
6.041: (putdown f3-2f key1-1)
6.068: (move f0-3f f1-3f)
6.079: (move f1-3f f1-2f)
6.115: (move f1-3f f2-3f)
6.122: (move f0-3f f0-2f)
6.133: (move f0-3f f1-3f)
6.144: (move f0-2f f1-2f)
6.149: (move f0-3f f0-2f)
6.284: (move f3-2f f2-2f)
6.406: (move f3-2f f3-1f)
6.406: (move f2-1f f3-1f)
6.443: (move f2-1f f2-2f)
6.443: (pickup f2-2f key1-1)
6.464: (move f3-2f f3-3f)
6.464: (move f2-3f f3-3f)
6.630: (move f3-2f f3-1f)
6.632: (move f3-2f f3-3f)
6.714: (move f2-1f f3-1f)
6.730: (move f1-1f f1-0f)
6.730: (move f0-0f f1-0f)
6.769: (move f1-3f f2-3f)
6.790: (move f1-3f f1-2f)
7.047: (pickup f1-3f key0-1)
7.140: (putdown f0-2f key0-0)
7.166: (move f2-2f f1-2f)
7.193: (move f2-2f f2-3f)
7.193: (move f3-3f f2-3f)
7.196: (move f2-2f f2-1f)
7.196: (move f3-1f f2-1f)
7.273: (move f2-1f f3-1f)
7.316: (putdown f0-3f key1-0)
7.339: (move f0-2f f0-3f)
7.339: (move f1-3f f0-3f)
7.370: (pickup-and-loose f0-3f key0-1 key1-0)
7.378: (pickup-and-loose f0-3f key0-1 key1-0)
7.449: (putdown f0-3f key1-0)
7.477: (putdown f0-3f key1-0)
7.541: (pickup-and-loose f3-1f key1-1 key1-0)
7.744: (move f1-2f f2-2f)
7.991: (move f0-2f f1-2f)
7.997: (putdown f0-3f key1-0)
8.019: (move f2-2f f3-2f)
8.054: (move f0-2f f1-2f)
8.073: (move f1-3f f1-2f)
8.075: (move f1-3f f2-3f)
8.075: (move f2-2f f2-3f)
8.075: (move f3-2f f2-2f)
8.075: (move f2-1f f2-2f)
8.081: (move f1-3f f1-2f)
8.098: (putdown f3-1f key1-1)
8.106: (move f1-3f f2-3f)
8.108: (move f2-0f f3-0f)
8.108: (move f3-1f f3-0f)
8.121: (move f1-3f f2-3f)
8.220: (move f0-2f f0-1f)
8.256: (pickup-and-loose f0-2f key0-0 key1-0)
8.281: (pickup-and-loose f0-2f key0-0 key1-1)
8.304: (move f0-2f f0-3f)
8.306: (putdown f1-2f key1-1)
8.341: (putdown f2-3f key1-1)
8.368: (move f0-3f f0-2f)
8.375: (move f1-2f f1-1f)
8.375: (move f2-1f f1-1f)
8.380: (move f2-1f f2-0f)
8.400: (move f2-1f f2-0f)
8.428: (putdown f2-1f key1-1)
8.429: (move f2-1f f1-1f)
2.958: (move f2-2f f1-2f)
2.958: (move f1-1f f1-2f)
2.983: (move f1-1f f0-1f)
3.018: (move f2-2f f2-3f)
3.895: (move f2-1f f1-1f)
3.913: (move f2-1f f2-2f)
3.914: (move f2-1f f2-0f)
3.938: (move f2-1f f3-1f)
3.971: (move f2-0f f1-0f)
3.971: (move f1-1f f1-0f)
3.987: (move f2-2f f3-2f)
3.987: (move f3-1f f3-2f)
4.335: (move f2-2f f3-2f)
4.498: (move f2-0f f3-0f)
4.498: (move f3-1f f3-0f)
4.813: (pickup f2-2f key0-0)
5.059: (move f0-2f f1-2f)
5.059: (move f1-3f f1-2f)
5.064: (putdown f1-1f key1-0)
5.075: (move f1-3f f2-3f)
5.089: (move f0-2f f1-2f)
5.089: (move f1-3f f1-2f)
5.113: (move f1-3f f2-3f)
5.140: (move f0-3f f0-2f)
5.143: (move f0-3f f1-3f)
5.146: (move f1-2f f2-2f)
5.146: (move f2-3f f2-2f)
5.280: (move f3-1f f3-2f)
5.280: (move f2-2f f3-2f)
5.303: (pickup f2-2f key1-1)
5.422: (move f3-2f f2-2f)
5.695: (putdown f2-0f key1-0)
5.695: (move f1-0f f2-0f)
5.695: (move f2-1f f2-0f)
5.705: (putdown f3-1f key1-0)
5.973: (move f2-2f f2-1f)
5.973: (move f3-1f f2-1f)
6.012: (move f1-2f f1-1f)
6.015: (move f2-3f f2-2f)
6.015: (move f1-2f f2-2f)
6.023: (move f2-2f f2-1f)
6.057: (move f1-3f f1-2f)
6.072: (move f0-3f f1-3f)
6.072: (pickup f1-3f key0-1)
6.078: (move f0-3f f1-3f)
6.078: (pickup f1-3f key0-1)
6.084: (move f0-3f f1-3f)
6.085: (move f2-2f f2-3f)
6.106: (move f1-3f f2-3f)
6.125: (move f0-3f f1-3f)
6.128: (move f0-3f f0-2f)
6.129: (move f0-3f f0-2f)
6.138: (move f0-3f f0-2f)
6.144: (move f3-3f f2-3f)
6.144: (move f2-2f f2-3f)
6.151: (move f2-2f f1-2f)
6.153: (move f0-2f f1-2f)
6.165: (move f0-3f f0-2f)
6.429: (pickup f2-2f key1-1)
6.656: (move f3-2f f3-1f)
6.669: (move f3-2f f3-1f)
6.670: (move f2-1f f3-1f)
6.703: (move f3-2f f3-3f)
6.703: (move f0-1f f1-1f)
6.704: (move f1-2f f1-1f)
6.801: (putdown f2-3f key0-1)
6.804: (move f0-2f f0-1f)
6.815: (putdown f1-2f key0-1)
6.998: (pickup f0-2f key0-0)
7.009: (move f0-3f f0-2f)
7.027: (move f1-2f f1-1f)
7.055: (move f0-3f f1-3f)
7.072: (pickup-and-loose f0-3f key0-1 key1-0)
7.143: (move f0-3f f1-3f)
7.143: (move f1-2f f1-3f)
7.169: (move f2-2f f1-2f)
7.170: (move f2-2f f2-1f)
7.172: (move f2-2f f2-3f)
7.188: (move f0-2f f0-1f)
7.199: (putdown f0-3f key1-0)
1.999: (move f2-3f f1-3f)
1.999: (move f1-2f f1-3f)
2.257: (move f0-1f f0-2f)
2.257: (move f1-2f f0-2f)
2.957: (move f1-1f f1-2f)
2.957: (move f2-2f f1-2f)
2.983: (move f1-1f f0-1f)
3.008: (move f2-2f f2-3f)
3.920: (move f2-0f f1-0f)
3.920: (move f1-1f f1-0f)
3.993: (move f2-2f f1-2f)
4.004: (move f2-2f f3-2f)
4.004: (move f3-1f f3-2f)
4.038: (move f1-2f f2-2f)
4.038: (move f2-3f f2-2f)
4.055: (pickup f2-2f key0-0)
4.058: (move f0-2f f1-2f)
4.058: (move f1-3f f1-2f)
4.061: (move f1-3f f2-3f)
4.086: (putdown f1-2f key1-0)
4.143: (move f2-3f f2-2f)
4.143: (move f1-2f f2-2f)
4.282: (move f2-2f f3-2f)
4.421: (move f0-1f f0-0f)
4.421: (move f1-0f f0-0f)
4.629: (move f3-2f f3-3f)
4.629: (move f2-3f f3-3f)
4.663: (move f2-0f f3-0f)
4.663: (move f3-1f f3-0f)
4.747: (putdown f0-1f key1-0)
4.862: (putdown f2-3f key1-0)
4.881: (move f1-1f f2-1f)
4.881: (move f2-2f f2-1f)
4.964: (move f2-2f f2-1f)
4.996: (move f2-2f f3-2f)
5.035: (move f0-2f f1-2f)
5.035: (move f1-3f f1-2f)
5.036: (move f1-3f f1-2f)
5.036: (move f0-2f f1-2f)
5.049: (move f1-3f f2-3f)
5.053: (move f1-3f f2-3f)
5.072: (move f0-2f f1-2f)
5.072: (move f1-3f f1-2f)
5.085: (move f0-3f f1-3f)
5.085: (pickup f1-3f key0-1)
5.099: (move f0-3f f1-3f)
5.101: (move f0-2f f1-2f)
5.102: (move f1-3f f1-2f)
5.105: (move f1-3f f2-3f)
5.114: (move f1-2f f2-2f)
5.114: (move f2-3f f2-2f)
5.115: (move f2-2f f2-3f)
5.124: (move f1-3f f2-3f)
5.139: (move f0-3f f0-2f)
5.156: (move f0-3f f0-2f)
5.171: (putdown f1-1f key1-0)
5.225: (move f2-2f f3-2f)
5.335: (move f3-2f f3-1f)
5.335: (move f2-1f f3-1f)
5.400: (move f3-2f f3-3f)
5.400: (move f2-3f f3-3f)
5.665: (putdown f1-0f key1-0)
5.758: (putdown f3-0f key1-0)
5.772: (putdown f3-2f key1-0)
5.772: (putdown f3-2f key1-1)
5.828: (putdown f2-0f key1-0)
5.895: (putdown f3-1f key1-0)
5.939: (move f3-1f f2-1f)
5.975: (move f3-1f f3-0f)
5.975: (move f2-0f f3-0f)
5.976: (move f3-1f f3-0f)
5.976: (move f3-1f f3-2f)
5.976: (putdown f3-2f key1-1)
5.994: (move f2-2f f2-1f)
5.998: (move f1-1f f2-1f)
5.999: (move f1-1f f1-0f)
6.007: (move f3-1f f2-1f)
6.007: (move f2-2f f2-1f)
6.019: (move f1-2f f1-1f)
6.021: (move f1-3f f2-3f)
1.069: (move f1-3f f0-3f)
1.069: (move f0-2f f0-3f)
2.001: (move f2-3f f1-3f)
2.001: (move f1-2f f1-3f)
2.605: (move f1-2f f0-2f)
2.605: (move f0-1f f0-2f)
2.982: (pickup f2-2f key1-1)
2.993: (pickup f2-2f key0-0)
3.045: (move f2-2f f1-2f)
3.059: (move f1-2f f2-2f)
3.059: (move f2-3f f2-2f)
3.946: (pickup-and-loose f0-2f key0-0 key1-0)
3.946: (move f1-2f f0-2f)
3.966: (pickup-and-loose f2-1f key1-0 key0-1)
4.022: (move f1-2f f2-2f)
4.022: (move f2-3f f2-2f)
4.033: (move f0-2f f1-2f)
4.033: (move f1-3f f1-2f)
4.034: (move f2-3f f2-2f)
4.034: (move f1-2f f2-2f)
4.034: (move f0-2f f1-2f)
4.034: (move f1-3f f1-2f)
4.035: (move f1-3f f2-3f)
4.038: (move f1-3f f2-3f)
4.112: (putdown f1-2f key1-0)
4.113: (pickup-and-loose f1-3f key0-1 key1-0)
4.119: (move f2-3f f2-2f)
4.119: (move f1-2f f2-2f)
4.122: (move f2-3f f2-2f)
4.122: (move f1-2f f2-2f)
4.124: (pickup-and-loose f2-2f key0-0 key0-1)
4.183: (putdown f1-3f key1-0)
4.443: (putdown f0-2f key1-0)
4.640: (move f1-0f f0-0f)
4.640: (move f0-1f f0-0f)
4.704: (move f3-2f f3-3f)
4.705: (move f2-3f f3-3f)
4.750: (move f2-1f f1-1f)
4.750: (move f1-2f f1-1f)
4.751: (putdown f2-3f key1-0)
4.775: (putdown f0-1f key1-0)
4.882: (putdown f2-1f key0-1)
4.891: (move f1-1f f2-1f)
4.964: (move f2-1f f2-0f)
4.981: (move f3-2f f3-1f)
4.981: (move f2-1f f3-1f)
5.017: (move f2-2f f2-1f)
5.030: (move f2-2f f2-3f)
5.045: (move f2-3f f3-3f)
5.054: (move f1-2f f1-1f)
5.060: (move f0-1f f1-1f)
5.061: (move f1-2f f1-1f)
5.064: (move f2-3f f2-2f)
5.075: (putdown f1-2f key0-1)
5.076: (putdown f1-2f key0-1)
5.076: (move f0-1f f0-2f)
5.079: (putdown f2-3f key0-1)
5.089: (move f2-3f f1-3f)
5.090: (move f1-2f f1-3f)
5.091: (putdown f1-2f key0-0)
5.097: (move f1-2f f0-2f)
5.097: (move f2-2f f3-2f)
5.098: (move f1-2f f2-2f)
5.104: (putdown f2-3f key0-1)
5.115: (move f2-3f f2-2f)
5.119: (putdown f2-2f key0-1)
5.125: (move f2-2f f2-1f)
5.138: (move f0-1f f0-0f)
5.147: (move f2-2f f3-2f)
5.153: (move f2-2f f2-1f)
5.158: (putdown f0-2f key0-1)
5.227: (move f1-2f f1-3f)
5.228: (move f2-3f f1-3f)
5.302: (move f3-2f f3-1f)
5.302: (move f2-1f f3-1f)
5.346: (move f3-2f f3-3f)
5.517: (move f3-2f f3-1f)
5.518: (move f3-2f f2-2f)
5.581: (move f3-2f f3-3f)
5.583: (move f3-2f f3-3f)
1.175: (putdown f0-3f key1-0)
[Final] Expanded: 1661, Generated: 7047
Found a solution of length 31!
   1: (pickup f0-3f key0-1)
   2: (unlock f0-3f f1-3f key0-1 shape0)
   3: (move f0-3f f1-3f)
   4: (pickup-and-loose f1-3f key1-1 key0-1)
   5: (move f1-3f f1-2f)
   6: (unlock f1-2f f0-2f key1-1 shape1)
   7: (move f1-2f f2-2f)
   8: (unlock f2-2f f2-1f key1-1 shape1)
   9: (putdown f2-2f key1-1)
  10: (move f2-2f f2-1f)
  11: (move f2-1f f2-0f)
  12: (pickup f2-0f key0-0)
  13: (move f2-0f f2-1f)
  14: (move f2-1f f2-2f)
  15: (unlock f2-2f f3-2f key0-0 shape0)
  16: (move f2-2f f1-2f)
  17: (move f1-2f f0-2f)
  18: (putdown f0-2f key0-0)
  19: (move f0-2f f1-2f)
  20: (move f1-2f f2-2f)
  21: (pickup f2-2f key1-1)
  22: (move f2-2f f3-2f)
  23: (putdown f3-2f key1-1)
  24: (move f3-2f f2-2f)
  25: (move f2-2f f2-1f)
  26: (pickup f2-1f key1-0)
  27: (move f2-1f f2-2f)
  28: (move f2-2f f2-3f)
  29: (move f2-3f f1-3f)
  30: (move f1-3f f0-3f)
  31: (putdown f0-3f key1-0)
