/u/ibrahim.eisawy/Neural-Guided-Search/venv/lib/python3.10/site-packages/pymimir_rgnn/model.py:151: UserWarning: index_reduce() is in beta and the API may change at any time. (Triggered internally at /pytorch/aten/src/ATen/native/cuda/Indexing.cu:1541.)
  max_msg.index_reduce_(0, output_indices, output_messages, reduce='amax', include_self=True)
Torch: 2.12.0+cu130
Using GPU:  NVIDIA L40S
29.283: (grasp right shot11)
28.368: (grasp left shot8)
29.283: (leave right shot11)
28.403: (fill-shot shot8 ingredient9 left right dispenser9)
27.482: (grasp right shot11)
26.587: (leave left shot8)
25.706: (fill-shot shot11 ingredient5 right left dispenser5)
24.163: (grasp left shot5)
23.615: (leave right shot11)
22.257: (fill-shot shot5 ingredient8 left right dispenser8)
20.736: (grasp right shot7)
20.598: (leave left shot5)
20.065: (grasp left shot3)
20.586: (leave right shot7)
19.569: (fill-shot shot3 ingredient8 left right dispenser8)
18.363: (grasp right shot7)
17.483: (leave left shot3)
17.151: (fill-shot shot7 ingredient4 right left dispenser4)
15.279: (pour-shot-to-clean-shaker shot7 ingredient4 shaker1 right l0 l1)
13.570: (refill-shot shot7 ingredient4 right left dispenser4)
12.594: (leave right shot7)
11.796: (grasp right shot10)
12.492: (grasp left shot5)
13.459: (leave right shot10)
14.318: (empty-shot left shot5 ingredient8)
13.513: (grasp right shot10)
14.546: (leave left shot5)
15.425: (grasp left shot3)
16.398: (leave right shot10)
15.186: (grasp right shot5)
14.318: (leave left shot3)
13.459: (refill-shot shot5 ingredient8 right left dispenser8)
12.492: (grasp left shot10)
11.796: (leave right shot5)
12.492: (grasp right shot3)
13.459: (leave left shot10)
14.318: (empty-shot right shot3 ingredient8)
13.513: (grasp left shot10)
14.546: (leave right shot3)
15.425: (grasp right shot5)
16.398: (leave left shot10)
15.186: (grasp left shot3)
14.318: (leave right shot5)
13.459: (refill-shot shot3 ingredient8 left right dispenser8)
12.492: (grasp right shot10)
13.514: (empty-shot left shot3 ingredient8)
14.546: (leave left shot3)
15.425: (grasp left shot5)
16.398: (leave right shot10)
15.186: (grasp right shot3)
17.817: (empty-shot left shot5 ingredient8)
18.020: (leave left shot5)
16.398: (refill-shot shot3 ingredient8 right left dispenser8)
15.186: (grasp left shot5)
902.872: (pour-shot-to-used-shaker shot3 ingredient8 shaker1 right l1 l2)
931.409: (leave left shot5)
433.712: (leave right shot3)
422.713: (grasp right shaker1)
422.248: (grasp left shot7)
409.550: (empty-shot left shot7 ingredient4)
406.378: (leave left shot7)
406.298: (grasp left shot11)
255.234: (empty-shot left shot11 ingredient5)
252.072: (leave left shot11)
252.328: (grasp left shot8)
107.198: (empty-shot left shot8 ingredient9)
105.725: (leave left shot8)
106.221: (grasp left shot12)
118.082: (leave right shaker1)
106.333: (fill-shot shot12 ingredient9 left right dispenser9)
96.156: (grasp right shaker1)
100.218: (leave left shot12)
101.067: (grasp left shot4)
113.200: (leave right shaker1)
107.425: (grasp right shot12)
106.333: (leave left shot4)
96.156: (grasp left shaker1)
100.218: (leave right shot12)
101.067: (grasp right shot4)
113.200: (leave left shaker1)
107.425: (grasp left shot12)
114.912: (empty-shot left shot12 ingredient9)
113.811: (leave right shot4)
101.926: (grasp right shaker1)
101.525: (leave left shot12)
102.359: (grasp left shot4)
114.483: (leave right shaker1)
113.386: (leave left shot4)
101.525: (grasp left shaker1)
101.926: (grasp right shot12)
113.811: (leave left shaker1)
113.999: (grasp left shot11)
113.807: (leave right shot12)
103.671: (grasp right shaker1)
101.525: (leave left shot11)
Failed to find a solution!
