/u/ibrahim.eisawy/Neural-Guided-Search/venv/lib/python3.10/site-packages/pymimir_rgnn/model.py:151: UserWarning: index_reduce() is in beta and the API may change at any time. (Triggered internally at /pytorch/aten/src/ATen/native/cuda/Indexing.cu:1541.)
  max_msg.index_reduce_(0, output_indices, output_messages, reduce='amax', include_self=True)
Torch: 2.12.0+cu130
Using GPU:  NVIDIA L40S
11.487: (load-airplane p3 a1 l0-0)
10.432: (load-truck p1 t1 l1-1)
9.471: (fly-airplane a1 l0-0 l3-0)
8.302: (load-airplane p5 a1 l3-0)
7.535: (fly-airplane a1 l3-0 l0-0)
6.547: (unload-airplane p5 a1 l0-0)
6.533: (fly-airplane a0 l0-0 l2-0)
6.536: (drive-truck t0 l0-1 l0-0 c0)
6.535: (fly-airplane a1 l0-0 l2-0)
6.535: (fly-airplane a0 l2-0 l3-0)
6.535: (fly-airplane a1 l2-0 l0-0)
6.535: (fly-airplane a0 l3-0 l0-0)
6.536: (fly-airplane a1 l0-0 l2-0)
6.533: (drive-truck t2 l2-0 l2-1 c2)
6.547: (fly-airplane a0 l0-0 l2-0)
6.545: (drive-truck t0 l0-0 l0-1 c0)
6.546: (fly-airplane a0 l2-0 l3-0)
6.546: (fly-airplane a1 l2-0 l0-0)
6.544: (fly-airplane a0 l3-0 l0-0)
6.547: (fly-airplane a0 l0-0 l2-0)
6.548: (drive-truck t0 l0-1 l0-0 c0)
6.550: (fly-airplane a0 l2-0 l0-0)
6.551: (fly-airplane a0 l0-0 l3-0)
6.565: (drive-truck t1 l1-1 l1-0 c1)
5.564: (unload-truck p1 t1 l1-0)
4.592: (fly-airplane a1 l0-0 l1-0)
3.576: (unload-airplane p3 a1 l1-0)
3.554: (drive-truck t2 l2-1 l2-0 c2)
3.554: (fly-airplane a0 l3-0 l1-0)
3.554: (fly-airplane a1 l1-0 l3-0)
3.556: (fly-airplane a0 l1-0 l3-0)
3.562: (fly-airplane a1 l3-0 l0-0)
3.560: (fly-airplane a0 l3-0 l1-0)
3.560: (fly-airplane a1 l0-0 l2-0)
3.562: (fly-airplane a0 l1-0 l3-0)
3.563: (fly-airplane a0 l3-0 l2-0)
3.560: (fly-airplane a1 l2-0 l1-0)
3.560: (fly-airplane a0 l2-0 l0-0)
3.562: (fly-airplane a1 l1-0 l3-0)
3.562: (fly-airplane a0 l0-0 l2-0)
3.567: (fly-airplane a1 l3-0 l0-0)
3.563: (fly-airplane a0 l2-0 l0-0)
3.567: (fly-airplane a1 l0-0 l2-0)
3.579: (drive-truck t2 l2-0 l2-1 c2)
3.571: (fly-airplane a0 l0-0 l1-0)
3.573: (fly-airplane a0 l1-0 l3-0)
3.574: (fly-airplane a0 l3-0 l2-0)
3.571: (fly-airplane a1 l2-0 l1-0)
3.573: (fly-airplane a1 l1-0 l3-0)
3.576: (fly-airplane a0 l2-0 l1-0)
3.577: (fly-airplane a1 l3-0 l1-0)
3.583: (fly-airplane a1 l1-0 l0-0)
3.579: (fly-airplane a0 l1-0 l2-0)
3.582: (fly-airplane a0 l2-0 l0-0)
3.582: (fly-airplane a0 l0-0 l3-0)
3.579: (fly-airplane a1 l0-0 l3-0)
3.582: (fly-airplane a0 l3-0 l0-0)
3.583: (fly-airplane a1 l3-0 l1-0)
3.594: (drive-truck t0 l0-0 l0-1 c0)
3.571: (drive-truck t2 l2-1 l2-0 c2)
3.573: (fly-airplane a1 l1-0 l3-0)
3.574: (fly-airplane a1 l3-0 l0-0)
3.571: (fly-airplane a0 l0-0 l1-0)
3.573: (fly-airplane a0 l1-0 l3-0)
3.576: (fly-airplane a1 l0-0 l1-0)
3.577: (fly-airplane a0 l3-0 l1-0)
3.576: (fly-airplane a1 l1-0 l3-0)
3.579: (fly-airplane a0 l1-0 l3-0)
3.582: (fly-airplane a1 l3-0 l2-0)
3.579: (fly-airplane a0 l3-0 l0-0)
3.582: (fly-airplane a0 l0-0 l2-0)
3.579: (fly-airplane a1 l2-0 l0-0)
3.582: (fly-airplane a1 l0-0 l3-0)
3.583: (fly-airplane a1 l3-0 l1-0)
3.594: (drive-truck t2 l2-0 l2-1 c2)
3.590: (fly-airplane a1 l1-0 l0-0)
3.594: (fly-airplane a0 l2-0 l0-0)
3.590: (fly-airplane a1 l0-0 l2-0)
3.594: (fly-airplane a0 l0-0 l2-0)
3.594: (fly-airplane a0 l2-0 l3-0)
3.594: (fly-airplane a1 l2-0 l0-0)
3.594: (fly-airplane a0 l3-0 l1-0)
3.594: (fly-airplane a1 l0-0 l2-0)
3.583: (drive-truck t2 l2-1 l2-0 c2)
3.606: (drive-truck t3 l3-0 l3-1 c3)
3.592: (drive-truck t0 l0-1 l0-0 c0)
3.588: (fly-airplane a0 l1-0 l2-0)
3.588: (fly-airplane a0 l2-0 l0-0)
3.588: (fly-airplane a1 l2-0 l0-0)
3.588: (fly-airplane a0 l0-0 l2-0)
3.591: (fly-airplane a1 l0-0 l3-0)
3.591: (fly-airplane a0 l2-0 l3-0)
3.591: (fly-airplane a1 l3-0 l2-0)
3.591: (fly-airplane a1 l2-0 l0-0)
3.592: (fly-airplane a0 l3-0 l1-0)
3.592: (fly-airplane a1 l0-0 l1-0)
3.592: (fly-airplane a0 l1-0 l2-0)
3.592: (fly-airplane a0 l2-0 l0-0)
3.591: (fly-airplane a1 l1-0 l3-0)
3.595: (fly-airplane a0 l0-0 l1-0)
3.609: (drive-truck t2 l2-0 l2-1 c2)
3.603: (fly-airplane a0 l1-0 l2-0)
3.600: (fly-airplane a1 l3-0 l2-0)
3.600: (fly-airplane a0 l2-0 l0-0)
3.601: (fly-airplane a1 l2-0 l0-0)
3.600: (fly-airplane a0 l0-0 l2-0)
3.605: (fly-airplane a1 l0-0 l1-0)
3.606: (fly-airplane a0 l2-0 l1-0)
3.605: (fly-airplane a1 l1-0 l2-0)
3.603: (fly-airplane a0 l1-0 l3-0)
3.604: (fly-airplane a1 l2-0 l3-0)
3.605: (fly-airplane a1 l3-0 l0-0)
3.606: (fly-airplane a0 l3-0 l1-0)
3.618: (drive-truck t0 l0-0 l0-1 c0)
3.605: (drive-truck t2 l2-1 l2-0 c2)
3.600: (fly-airplane a0 l1-0 l0-0)
3.600: (fly-airplane a0 l0-0 l2-0)
3.601: (fly-airplane a1 l0-0 l2-0)
3.600: (fly-airplane a0 l2-0 l0-0)
3.603: (fly-airplane a1 l2-0 l3-0)
3.604: (fly-airplane a0 l0-0 l3-0)
3.603: (fly-airplane a1 l3-0 l0-0)
3.605: (fly-airplane a1 l0-0 l2-0)
3.609: (fly-airplane a1 l2-0 l1-0)
3.595: (drive-truck t0 l0-1 l0-0 c0)
3.609: (drive-truck t2 l2-0 l2-1 c2)
3.606: (fly-airplane a0 l3-0 l0-0)
3.605: (fly-airplane a1 l1-0 l3-0)
3.617: (drive-truck t0 l0-0 l0-1 c0)
3.594: (drive-truck t3 l3-1 l3-0 c3)
3.594: (fly-airplane a0 l0-0 l2-0)
3.596: (fly-airplane a0 l2-0 l3-0)
3.598: (fly-airplane a0 l3-0 l1-0)
3.598: (fly-airplane a1 l3-0 l1-0)
3.598: (fly-airplane a0 l1-0 l3-0)
3.623: (drive-truck t3 l3-0 l3-1 c3)
3.617: (fly-airplane a1 l1-0 l2-0)
3.613: (fly-airplane a0 l3-0 l0-0)
3.614: (fly-airplane a0 l0-0 l2-0)
3.613: (fly-airplane a1 l2-0 l0-0)
3.614: (fly-airplane a0 l2-0 l0-0)
3.617: (fly-airplane a0 l0-0 l3-0)
3.618: (fly-airplane a1 l0-0 l3-0)
3.617: (fly-airplane a0 l3-0 l2-0)
3.605: (drive-truck t2 l2-1 l2-0 c2)
3.606: (fly-airplane a1 l3-0 l1-0)
3.605: (fly-airplane a0 l2-0 l0-0)
3.606: (fly-airplane a0 l0-0 l1-0)
3.609: (fly-airplane a1 l1-0 l3-0)
3.623: (drive-truck t2 l2-0 l2-1 c2)
3.618: (fly-airplane a1 l3-0 l2-0)
3.619: (fly-airplane a1 l2-0 l1-0)
3.618: (fly-airplane a0 l1-0 l2-0)
3.618: (fly-airplane a0 l2-0 l0-0)
3.699: (drive-truck t1 l1-0 l1-1 c1)
3.681: (drive-truck t3 l3-1 l3-0 c3)
3.668: (drive-truck t2 l2-1 l2-0 c2)
3.655: (drive-truck t0 l0-1 l0-0 c0)
3.649: (fly-airplane a1 l1-0 l0-0)
3.649: (fly-airplane a0 l0-0 l2-0)
3.649: (fly-airplane a1 l0-0 l2-0)
3.649: (fly-airplane a0 l2-0 l0-0)
3.650: (fly-airplane a1 l2-0 l3-0)
3.650: (fly-airplane a0 l0-0 l3-0)
3.650: (fly-airplane a1 l3-0 l0-0)
3.650: (fly-airplane a1 l0-0 l2-0)
3.655: (fly-airplane a0 l3-0 l1-0)
3.655: (fly-airplane a1 l2-0 l1-0)
3.655: (fly-airplane a1 l1-0 l0-0)
3.656: (fly-airplane a1 l0-0 l3-0)
3.650: (fly-airplane a0 l1-0 l2-0)
3.655: (fly-airplane a1 l3-0 l1-0)
3.656: (fly-airplane a0 l2-0 l3-0)
3.670: (drive-truck t2 l2-0 l2-1 c2)
3.663: (fly-airplane a1 l1-0 l2-0)
3.662: (fly-airplane a0 l3-0 l2-0)
3.662: (fly-airplane a0 l2-0 l0-0)
3.663: (fly-airplane a1 l2-0 l0-0)
3.662: (fly-airplane a0 l0-0 l2-0)
3.663: (fly-airplane a1 l0-0 l3-0)
3.664: (fly-airplane a0 l2-0 l3-0)
3.664: (fly-airplane a1 l3-0 l0-0)
3.669: (fly-airplane a0 l3-0 l1-0)
3.668: (fly-airplane a1 l0-0 l2-0)
3.669: (fly-airplane a1 l2-0 l1-0)
3.668: (fly-airplane a0 l1-0 l2-0)
3.669: (fly-airplane a0 l2-0 l0-0)
3.664: (fly-airplane a1 l1-0 l3-0)
3.670: (fly-airplane a0 l0-0 l1-0)
3.683: (drive-truck t0 l0-0 l0-1 c0)
3.670: (drive-truck t2 l2-1 l2-0 c2)
3.663: (fly-airplane a0 l1-0 l0-0)
3.662: (fly-airplane a1 l3-0 l0-0)
3.662: (fly-airplane a0 l0-0 l2-0)
3.663: (fly-airplane a0 l2-0 l3-0)
3.664: (fly-airplane a1 l0-0 l3-0)
3.664: (fly-airplane a0 l3-0 l2-0)
3.663: (fly-airplane a1 l3-0 l2-0)
3.662: (fly-airplane a0 l2-0 l0-0)
3.664: (fly-airplane a0 l0-0 l3-0)
3.669: (fly-airplane a0 l3-0 l1-0)
3.668: (fly-airplane a1 l2-0 l0-0)
3.669: (fly-airplane a1 l0-0 l1-0)
3.669: (fly-airplane a0 l1-0 l2-0)
3.670: (fly-airplane a0 l2-0 l3-0)
3.683: (drive-truck t2 l2-0 l2-1 c2)
3.676: (fly-airplane a1 l1-0 l0-0)
3.674: (fly-airplane a0 l3-0 l2-0)
3.675: (fly-airplane a1 l0-0 l2-0)
3.674: (fly-airplane a0 l2-0 l0-0)
3.675: (fly-airplane a1 l2-0 l0-0)
3.676: (fly-airplane a1 l0-0 l3-0)
3.676: (fly-airplane a0 l0-0 l2-0)
3.677: (fly-airplane a0 l2-0 l3-0)
3.676: (fly-airplane a1 l3-0 l2-0)
3.681: (fly-airplane a0 l3-0 l1-0)
3.681: (fly-airplane a1 l2-0 l0-0)
3.682: (fly-airplane a1 l0-0 l1-0)
3.681: (fly-airplane a0 l1-0 l2-0)
3.699: (drive-truck t3 l3-0 l3-1 c3)
3.686: (drive-truck t0 l0-1 l0-0 c0)
3.673: (drive-truck t2 l2-1 l2-0 c2)
3.667: (fly-airplane a1 l1-0 l2-0)
3.667: (fly-airplane a0 l2-0 l0-0)
3.667: (fly-airplane a1 l2-0 l0-0)
3.667: (fly-airplane a0 l0-0 l2-0)
3.671: (fly-airplane a1 l0-0 l3-0)
3.670: (fly-airplane a0 l2-0 l3-0)
3.671: (fly-airplane a1 l3-0 l0-0)
3.671: (fly-airplane a1 l0-0 l2-0)
3.673: (fly-airplane a0 l3-0 l1-0)
3.673: (fly-airplane a1 l2-0 l1-0)
3.673: (fly-airplane a1 l1-0 l0-0)
3.676: (fly-airplane a1 l0-0 l3-0)
3.671: (fly-airplane a0 l1-0 l0-0)
3.673: (fly-airplane a1 l3-0 l1-0)
3.676: (fly-airplane a0 l0-0 l3-0)
3.690: (drive-truck t0 l0-0 l0-1 c0)
3.683: (fly-airplane a1 l1-0 l0-0)
3.680: (fly-airplane a0 l3-0 l0-0)
3.680: (fly-airplane a0 l0-0 l2-0)
3.681: (fly-airplane a1 l0-0 l2-0)
3.680: (fly-airplane a0 l2-0 l0-0)
3.683: (fly-airplane a1 l2-0 l3-0)
3.684: (fly-airplane a0 l0-0 l3-0)
3.684: (fly-airplane a1 l3-0 l2-0)
3.687: (fly-airplane a0 l3-0 l1-0)
3.686: (fly-airplane a1 l2-0 l0-0)
3.687: (fly-airplane a1 l0-0 l1-0)
3.686: (fly-airplane a0 l1-0 l0-0)
3.687: (fly-airplane a0 l0-0 l2-0)
3.684: (fly-airplane a1 l1-0 l3-0)
3.690: (fly-airplane a0 l2-0 l1-0)
3.704: (drive-truck t2 l2-0 l2-1 c2)
3.690: (drive-truck t0 l0-1 l0-0 c0)
3.683: (fly-airplane a0 l1-0 l2-0)
3.680: (fly-airplane a1 l3-0 l2-0)
3.680: (fly-airplane a0 l2-0 l0-0)
3.681: (fly-airplane a1 l2-0 l0-0)
3.680: (fly-airplane a0 l0-0 l2-0)
3.684: (fly-airplane a0 l2-0 l3-0)
3.683: (fly-airplane a1 l0-0 l2-0)
3.684: (fly-airplane a1 l2-0 l3-0)
3.684: (fly-airplane a0 l3-0 l0-0)
3.687: (fly-airplane a1 l3-0 l1-0)
3.687: (fly-airplane a0 l0-0 l1-0)
3.686: (fly-airplane a1 l1-0 l2-0)
3.687: (fly-airplane a1 l2-0 l0-0)
3.699: (drive-truck t0 l0-0 l0-1 c0)
3.692: (fly-airplane a0 l1-0 l2-0)
3.693: (fly-airplane a1 l0-0 l2-0)
3.692: (fly-airplane a0 l2-0 l0-0)
3.693: (fly-airplane a1 l2-0 l0-0)
3.697: (fly-airplane a0 l0-0 l3-0)
3.697: (fly-airplane a1 l0-0 l2-0)
3.698: (fly-airplane a1 l2-0 l3-0)
3.697: (fly-airplane a0 l3-0 l2-0)
3.697: (fly-airplane a0 l2-0 l0-0)
4.697: (load-truck p6 t2 l2-1)
4.617: (drive-truck t1 l1-1 l1-0 c1)
4.596: (drive-truck t3 l3-1 l3-0 c3)
4.584: (drive-truck t0 l0-1 l0-0 c0)
4.580: (fly-airplane a0 l0-0 l2-0)
4.579: (fly-airplane a1 l3-0 l1-0)
4.580: (fly-airplane a1 l1-0 l2-0)
4.579: (fly-airplane a0 l2-0 l1-0)
4.580: (fly-airplane a0 l1-0 l3-0)
4.582: (fly-airplane a0 l3-0 l0-0)
4.583: (fly-airplane a1 l2-0 l0-0)
4.582: (fly-airplane a0 l0-0 l2-0)
4.584: (fly-airplane a0 l2-0 l3-0)
4.582: (fly-airplane a1 l0-0 l3-0)
4.582: (fly-airplane a0 l3-0 l1-0)
4.583: (fly-airplane a1 l3-0 l1-0)
4.582: (fly-airplane a0 l1-0 l3-0)
4.586: (fly-airplane a0 l3-0 l0-0)
4.598: (drive-truck t0 l0-0 l0-1 c0)
4.594: (fly-airplane a1 l1-0 l2-0)
4.595: (fly-airplane a1 l2-0 l0-0)
4.594: (fly-airplane a0 l0-0 l2-0)
4.596: (fly-airplane a0 l2-0 l3-0)
4.597: (fly-airplane a1 l0-0 l2-0)
4.596: (fly-airplane a0 l3-0 l2-0)
4.597: (fly-airplane a1 l2-0 l3-0)
4.598: (fly-airplane a0 l2-0 l3-0)
4.601: (fly-airplane a0 l3-0 l1-0)
4.598: (fly-airplane a1 l3-0 l0-0)
4.586: (drive-truck t0 l0-1 l0-0 c0)
4.606: (drive-truck t3 l3-0 l3-1 c3)
4.602: (fly-airplane a0 l1-0 l2-0)
4.601: (fly-airplane a1 l0-0 l2-0)
4.602: (fly-airplane a0 l2-0 l0-0)
4.602: (fly-airplane a1 l2-0 l0-0)
4.605: (fly-airplane a0 l0-0 l3-0)
4.605: (fly-airplane a1 l0-0 l3-0)
4.605: (fly-airplane a0 l3-0 l2-0)
4.605: (fly-airplane a0 l2-0 l0-0)
4.606: (fly-airplane a1 l3-0 l1-0)
4.606: (fly-airplane a0 l0-0 l2-0)
4.606: (fly-airplane a0 l2-0 l1-0)
4.606: (fly-airplane a1 l1-0 l2-0)
4.605: (fly-airplane a0 l1-0 l3-0)
4.609: (fly-airplane a1 l2-0 l1-0)
4.623: (drive-truck t0 l0-0 l0-1 c0)
4.601: (drive-truck t3 l3-1 l3-0 c3)
4.599: (fly-airplane a0 l3-0 l2-0)
4.600: (fly-airplane a0 l2-0 l1-0)
4.599: (fly-airplane a1 l1-0 l2-0)
4.619: (drive-truck t3 l3-0 l3-1 c3)
4.614: (fly-airplane a0 l1-0 l0-0)
4.614: (fly-airplane a1 l2-0 l0-0)
4.614: (fly-airplane a0 l0-0 l2-0)
4.615: (fly-airplane a1 l0-0 l2-0)
4.618: (fly-airplane a0 l2-0 l3-0)
4.617: (fly-airplane a1 l2-0 l0-0)
4.618: (fly-airplane a1 l0-0 l3-0)
4.618: (fly-airplane a0 l3-0 l2-0)
4.619: (fly-airplane a1 l3-0 l1-0)
4.619: (fly-airplane a0 l2-0 l0-0)
4.620: (fly-airplane a0 l0-0 l1-0)
4.619: (fly-airplane a1 l1-0 l0-0)
4.623: (fly-airplane a1 l0-0 l3-0)
4.609: (drive-truck t0 l0-1 l0-0 c0)
4.690: (drive-truck t1 l1-0 l1-1 c1)
4.670: (drive-truck t3 l3-1 l3-0 c3)
4.664: (fly-airplane a0 l1-0 l3-0)
4.664: (fly-airplane a1 l3-0 l2-0)
4.663: (fly-airplane a0 l3-0 l2-0)
4.663: (fly-airplane a0 l2-0 l0-0)
4.663: (fly-airplane a1 l2-0 l0-0)
4.663: (fly-airplane a0 l0-0 l2-0)
4.664: (fly-airplane a1 l0-0 l3-0)
4.664: (fly-airplane a0 l2-0 l0-0)
4.669: (fly-airplane a1 l3-0 l1-0)
4.669: (fly-airplane a0 l0-0 l2-0)
4.669: (fly-airplane a0 l2-0 l1-0)
4.669: (fly-airplane a1 l1-0 l2-0)
4.669: (fly-airplane a1 l2-0 l0-0)
4.664: (fly-airplane a0 l1-0 l3-0)
4.670: (fly-airplane a1 l0-0 l1-0)
4.684: (drive-truck t0 l0-0 l0-1 c0)
4.677: (fly-airplane a1 l1-0 l0-0)
4.675: (fly-airplane a0 l3-0 l2-0)
4.676: (fly-airplane a0 l2-0 l0-0)
4.675: (fly-airplane a1 l0-0 l2-0)
4.677: (fly-airplane a0 l0-0 l2-0)
4.678: (fly-airplane a0 l2-0 l3-0)
4.678: (fly-airplane a1 l2-0 l3-0)
4.677: (fly-airplane a0 l3-0 l0-0)
4.678: (fly-airplane a0 l0-0 l2-0)
4.683: (fly-airplane a1 l3-0 l1-0)
4.682: (fly-airplane a0 l2-0 l0-0)
4.683: (fly-airplane a0 l0-0 l1-0)
4.682: (fly-airplane a1 l1-0 l0-0)
4.683: (fly-airplane a1 l0-0 l2-0)
4.684: (fly-airplane a1 l2-0 l3-0)
4.704: (drive-truck t3 l3-0 l3-1 c3)
4.698: (fly-airplane a0 l1-0 l3-0)
4.684: (drive-truck t0 l0-1 l0-0 c0)
4.684: (fly-airplane a1 l3-0 l2-0)
4.681: (fly-airplane a0 l3-0 l2-0)
4.681: (fly-airplane a0 l2-0 l0-0)
4.681: (fly-airplane a1 l2-0 l0-0)
4.681: (fly-airplane a0 l0-0 l2-0)
4.684: (fly-airplane a1 l0-0 l3-0)
4.685: (fly-airplane a0 l2-0 l0-0)
4.687: (fly-airplane a1 l3-0 l1-0)
4.687: (fly-airplane a0 l0-0 l2-0)
4.687: (fly-airplane a0 l2-0 l1-0)
4.687: (fly-airplane a1 l1-0 l2-0)
4.687: (fly-airplane a1 l2-0 l0-0)
4.685: (fly-airplane a0 l1-0 l3-0)
4.690: (fly-airplane a1 l0-0 l1-0)
3.690: (unload-truck p6 t2 l2-1)
3.704: (drive-truck t0 l0-0 l0-1 c0)
3.700: (fly-airplane a0 l3-0 l1-0)
3.699: (fly-airplane a1 l1-0 l2-0)
4.695: (load-airplane p1 a0 l1-0)
4.622: (drive-truck t1 l1-1 l1-0 c1)
4.604: (drive-truck t3 l3-1 l3-0 c3)
4.590: (drive-truck t0 l0-1 l0-0 c0)
4.577: (drive-truck t2 l2-1 l2-0 c2)
4.577: (fly-airplane a1 l2-0 l3-0)
4.577: (fly-airplane a1 l3-0 l0-0)
4.578: (fly-airplane a1 l0-0 l1-0)
4.593: (drive-truck t0 l0-0 l0-1 c0)
4.590: (fly-airplane a1 l1-0 l0-0)
4.592: (fly-airplane a1 l0-0 l2-0)
4.592: (fly-airplane a1 l2-0 l3-0)
4.606: (drive-truck t2 l2-0 l2-1 c2)
4.592: (drive-truck t0 l0-1 l0-0 c0)
4.592: (fly-airplane a1 l3-0 l0-0)
4.593: (fly-airplane a1 l0-0 l1-0)
4.607: (drive-truck t0 l0-0 l0-1 c0)
4.604: (fly-airplane a1 l1-0 l0-0)
4.622: (drive-truck t3 l3-0 l3-1 c3)
4.609: (drive-truck t2 l2-1 l2-0 c2)
4.596: (drive-truck t0 l0-1 l0-0 c0)
4.596: (fly-airplane a1 l0-0 l2-0)
4.598: (fly-airplane a1 l2-0 l1-0)
4.599: (fly-airplane a1 l1-0 l3-0)
4.613: (drive-truck t0 l0-0 l0-1 c0)
4.610: (fly-airplane a1 l3-0 l2-0)
4.611: (fly-airplane a1 l2-0 l1-0)
4.625: (drive-truck t2 l2-0 l2-1 c2)
4.611: (drive-truck t0 l0-1 l0-0 c0)
4.609: (fly-airplane a1 l1-0 l2-0)
4.610: (fly-airplane a1 l2-0 l0-0)
4.613: (fly-airplane a1 l0-0 l3-0)
4.627: (drive-truck t0 l0-0 l0-1 c0)
4.699: (drive-truck t1 l1-0 l1-1 c1)
4.679: (drive-truck t3 l3-1 l3-0 c3)
4.666: (drive-truck t0 l0-1 l0-0 c0)
4.652: (drive-truck t2 l2-1 l2-0 c2)
4.651: (fly-airplane a1 l3-0 l0-0)
4.651: (fly-airplane a1 l0-0 l2-0)
4.653: (fly-airplane a1 l2-0 l1-0)
4.666: (drive-truck t0 l0-0 l0-1 c0)
4.663: (fly-airplane a1 l1-0 l0-0)
4.665: (fly-airplane a1 l0-0 l2-0)
4.666: (fly-airplane a1 l2-0 l3-0)
4.686: (drive-truck t3 l3-0 l3-1 c3)
4.672: (drive-truck t0 l0-1 l0-0 c0)
4.669: (fly-airplane a1 l3-0 l0-0)
4.669: (fly-airplane a1 l0-0 l2-0)
4.671: (fly-airplane a1 l2-0 l1-0)
4.684: (drive-truck t2 l2-0 l2-1 c2)
4.666: (drive-truck t3 l3-1 l3-0 c3)
4.663: (fly-airplane a1 l1-0 l2-0)
4.665: (fly-airplane a1 l2-0 l0-0)
4.677: (drive-truck t0 l0-0 l0-1 c0)
4.677: (fly-airplane a1 l0-0 l2-0)
4.680: (fly-airplane a1 l2-0 l1-0)
4.698: (drive-truck t3 l3-0 l3-1 c3)
4.684: (drive-truck t2 l2-1 l2-0 c2)
4.681: (fly-airplane a1 l1-0 l0-0)
4.683: (fly-airplane a1 l0-0 l2-0)
5.623: (fly-airplane a0 l1-0 l2-0)
5.582: (drive-truck t1 l1-1 l1-0 c1)
5.563: (drive-truck t3 l3-1 l3-0 c3)
5.547: (drive-truck t0 l0-1 l0-0 c0)
5.536: (fly-airplane a1 l2-0 l1-0)
5.536: (fly-airplane a0 l2-0 l0-0)
5.547: (fly-airplane a1 l1-0 l3-0)
5.547: (fly-airplane a0 l0-0 l2-0)
5.549: (fly-airplane a1 l3-0 l0-0)
5.547: (fly-airplane a0 l2-0 l0-0)
5.549: (fly-airplane a1 l0-0 l2-0)
5.552: (drive-truck t0 l0-0 l0-1 c0)
5.568: (drive-truck t2 l2-0 l2-1 c2)
5.558: (fly-airplane a1 l2-0 l0-0)
5.563: (drive-truck t0 l0-1 l0-0 c0)
5.552: (fly-airplane a0 l0-0 l2-0)
5.568: (drive-truck t0 l0-0 l0-1 c0)
5.558: (fly-airplane a1 l0-0 l2-0)
5.564: (fly-airplane a1 l2-0 l3-0)
5.563: (fly-airplane a0 l2-0 l0-0)
5.564: (drive-truck t0 l0-1 l0-0 c0)
5.558: (fly-airplane a1 l3-0 l1-0)
5.561: (fly-airplane a1 l1-0 l2-0)
5.575: (fly-airplane a0 l0-0 l2-0)
5.583: (drive-truck t3 l3-0 l3-1 c3)
5.568: (drive-truck t2 l2-1 l2-0 c2)
5.566: (fly-airplane a1 l2-0 l1-0)
5.566: (fly-airplane a0 l2-0 l0-0)
5.568: (fly-airplane a1 l1-0 l0-0)
5.569: (fly-airplane a1 l0-0 l2-0)
5.572: (fly-airplane a1 l2-0 l3-0)
5.572: (fly-airplane a0 l0-0 l2-0)
5.569: (fly-airplane a1 l3-0 l0-0)
5.581: (drive-truck t0 l0-0 l0-1 c0)
5.561: (drive-truck t3 l3-1 l3-0 c3)
5.558: (fly-airplane a1 l0-0 l1-0)
5.564: (fly-airplane a1 l1-0 l3-0)
5.585: (drive-truck t3 l3-0 l3-1 c3)
5.580: (fly-airplane a1 l3-0 l1-0)
5.581: (fly-airplane a0 l2-0 l0-0)
5.583: (fly-airplane a1 l1-0 l0-0)
5.575: (drive-truck t3 l3-1 l3-0 c3)
5.599: (fly-airplane a0 l0-0 l3-0)
5.587: (drive-truck t0 l0-1 l0-0 c0)
5.585: (fly-airplane a1 l0-0 l1-0)
5.587: (fly-airplane a1 l1-0 l3-0)
5.587: (fly-airplane a1 l3-0 l2-0)
5.599: (drive-truck t2 l2-0 l2-1 c2)
5.599: (fly-airplane a1 l2-0 l1-0)
5.601: (fly-airplane a1 l1-0 l3-0)
5.601: (fly-airplane a1 l3-0 l0-0)
5.613: (drive-truck t0 l0-0 l0-1 c0)
5.613: (fly-airplane a1 l0-0 l1-0)
5.599: (drive-truck t2 l2-1 l2-0 c2)
5.601: (fly-airplane a1 l1-0 l3-0)
5.601: (fly-airplane a1 l3-0 l2-0)
5.613: (drive-truck t2 l2-0 l2-1 c2)
5.614: (fly-airplane a1 l2-0 l3-0)
5.641: (drive-truck t3 l3-0 l3-1 c3)
5.600: (fly-airplane a0 l3-0 l0-0)
5.585: (drive-truck t0 l0-1 l0-0 c0)
5.580: (fly-airplane a1 l3-0 l1-0)
5.581: (fly-airplane a1 l1-0 l2-0)
5.582: (fly-airplane a1 l2-0 l0-0)
5.583: (fly-airplane a0 l0-0 l2-0)
5.581: (fly-airplane a1 l0-0 l1-0)
5.587: (fly-airplane a1 l1-0 l3-0)
5.600: (drive-truck t0 l0-0 l0-1 c0)
5.595: (fly-airplane a1 l3-0 l1-0)
5.595: (fly-airplane a0 l2-0 l0-0)
5.596: (fly-airplane a1 l1-0 l2-0)
5.583: (drive-truck t2 l2-1 l2-0 c2)
5.587: (fly-airplane a1 l2-0 l3-0)
5.604: (drive-truck t3 l3-1 l3-0 c3)
5.634: (drive-truck t1 l1-0 l1-1 c1)
5.589: (drive-truck t0 l0-1 l0-0 c0)
5.589: (fly-airplane a0 l0-0 l2-0)
5.589: (fly-airplane a1 l3-0 l2-0)
5.591: (fly-airplane a0 l2-0 l0-0)
5.589: (fly-airplane a1 l2-0 l0-0)
5.591: (fly-airplane a0 l0-0 l2-0)
5.590: (drive-truck t2 l2-0 l2-1 c2)
5.605: (fly-airplane a0 l2-0 l0-0)
5.599: (drive-truck t0 l0-0 l0-1 c0)
5.603: (fly-airplane a1 l0-0 l3-0)
5.603: (fly-airplane a0 l0-0 l2-0)
5.599: (fly-airplane a1 l3-0 l2-0)
5.605: (drive-truck t2 l2-1 l2-0 c2)
5.590: (fly-airplane a0 l2-0 l0-0)
5.606: (drive-truck t2 l2-0 l2-1 c2)
5.603: (drive-truck t0 l0-1 l0-0 c0)
5.605: (fly-airplane a1 l2-0 l3-0)
5.612: (fly-airplane a1 l3-0 l1-0)
5.593: (drive-truck t2 l2-1 l2-0 c2)
5.593: (fly-airplane a0 l0-0 l2-0)
5.613: (drive-truck t0 l0-0 l0-1 c0)
5.603: (fly-airplane a1 l1-0 l0-0)
5.605: (fly-airplane a1 l0-0 l3-0)
5.627: (drive-truck t3 l3-0 l3-1 c3)
5.613: (drive-truck t0 l0-1 l0-0 c0)
5.610: (fly-airplane a1 l3-0 l2-0)
5.610: (fly-airplane a0 l2-0 l0-0)
5.610: (fly-airplane a1 l2-0 l0-0)
5.610: (fly-airplane a0 l0-0 l2-0)
5.620: (fly-airplane a1 l0-0 l1-0)
5.620: (fly-airplane a0 l2-0 l0-0)
5.613: (fly-airplane a1 l1-0 l3-0)
5.627: (drive-truck t2 l2-0 l2-1 c2)
4.686: (fly-airplane a0 l0-0 l1-0)
4.681: (fly-airplane a1 l3-0 l2-0)
4.683: (fly-airplane a1 l2-0 l0-0)
4.695: (drive-truck t0 l0-0 l0-1 c0)
5.637: (fly-airplane a0 l1-0 l2-0)
5.596: (drive-truck t1 l1-1 l1-0 c1)
5.597: (fly-airplane a0 l2-0 l0-0)
5.638: (drive-truck t1 l1-0 l1-1 c1)
5.623: (drive-truck t0 l0-1 l0-0 c0)
5.622: (fly-airplane a1 l0-0 l2-0)
5.625: (fly-airplane a0 l0-0 l2-0)
5.609: (drive-truck t3 l3-1 l3-0 c3)
5.634: (fly-airplane a1 l2-0 l3-0)
5.604: (drive-truck t1 l1-1 l1-0 c1)
5.698: (fly-airplane a1 l3-0 l1-0)
5.604: (drive-truck t0 l0-0 l0-1 c0)
5.604: (fly-airplane a0 l2-0 l0-0)
5.636: (drive-truck t1 l1-0 l1-1 c1)
5.636: (fly-airplane a0 l0-0 l2-0)
5.606: (fly-airplane a1 l1-0 l0-0)
5.655: (fly-airplane a0 l2-0 l3-0)
5.641: (drive-truck t2 l2-1 l2-0 c2)
5.609: (fly-airplane a0 l3-0 l0-0)
5.625: (drive-truck t3 l3-0 l3-1 c3)
5.622: (fly-airplane a0 l0-0 l2-0)
5.633: (fly-airplane a1 l0-0 l1-0)
5.635: (fly-airplane a0 l2-0 l0-0)
5.625: (fly-airplane a1 l1-0 l2-0)
5.628: (fly-airplane a1 l2-0 l3-0)
5.642: (drive-truck t2 l2-0 l2-1 c2)
5.637: (fly-airplane a1 l3-0 l2-0)
5.638: (fly-airplane a0 l0-0 l2-0)
5.597: (drive-truck t1 l1-1 l1-0 c1)
5.639: (fly-airplane a0 l2-0 l3-0)
5.626: (drive-truck t0 l0-1 l0-0 c0)
5.613: (drive-truck t2 l2-1 l2-0 c2)
5.612: (fly-airplane a1 l2-0 l1-0)
5.613: (fly-airplane a1 l1-0 l0-0)
5.614: (fly-airplane a1 l0-0 l3-0)
5.627: (drive-truck t0 l0-0 l0-1 c0)
5.626: (fly-airplane a1 l3-0 l0-0)
5.626: (fly-airplane a1 l0-0 l1-0)
5.627: (fly-airplane a1 l1-0 l2-0)
5.668: (drive-truck t1 l1-0 l1-1 c1)
5.642: (drive-truck t3 l3-1 l3-0 c3)
5.629: (drive-truck t0 l0-1 l0-0 c0)
5.629: (fly-airplane a1 l2-0 l3-0)
5.629: (fly-airplane a1 l3-0 l0-0)
5.639: (fly-airplane a1 l0-0 l1-0)
5.653: (drive-truck t0 l0-0 l0-1 c0)
5.642: (fly-airplane a1 l1-0 l3-0)
5.656: (drive-truck t2 l2-0 l2-1 c2)
5.642: (drive-truck t0 l0-1 l0-0 c0)
5.641: (fly-airplane a1 l3-0 l2-0)
5.642: (fly-airplane a1 l2-0 l0-0)
5.653: (fly-airplane a1 l0-0 l1-0)
5.666: (drive-truck t0 l0-0 l0-1 c0)
5.655: (fly-airplane a1 l1-0 l2-0)
5.681: (drive-truck t3 l3-0 l3-1 c3)
5.667: (drive-truck t0 l0-1 l0-0 c0)
5.655: (drive-truck t2 l2-1 l2-0 c2)
5.655: (fly-airplane a1 l2-0 l0-0)
5.655: (fly-airplane a1 l0-0 l3-0)
5.666: (fly-airplane a1 l3-0 l1-0)
5.679: (drive-truck t0 l0-0 l0-1 c0)
5.667: (fly-airplane a1 l1-0 l0-0)
5.669: (fly-airplane a1 l0-0 l3-0)
5.682: (drive-truck t2 l2-0 l2-1 c2)
5.642: (fly-airplane a0 l3-0 l2-0)
5.628: (drive-truck t0 l0-1 l0-0 c0)
5.625: (fly-airplane a1 l3-0 l0-0)
5.635: (fly-airplane a1 l0-0 l1-0)
5.633: (fly-airplane a0 l2-0 l0-0)
5.648: (drive-truck t0 l0-0 l0-1 c0)
5.648: (fly-airplane a0 l0-0 l2-0)
5.693: (fly-airplane a0 l2-0 l3-0)
5.639: (drive-truck t1 l1-1 l1-0 c1)
5.626: (drive-truck t0 l0-1 l0-0 c0)
5.627: (fly-airplane a1 l1-0 l0-0)
5.627: (fly-airplane a1 l0-0 l3-0)
5.669: (drive-truck t1 l1-0 l1-1 c1)
5.668: (fly-airplane a1 l3-0 l0-0)
5.679: (fly-airplane a1 l0-0 l1-0)
6.654: (unload-airplane p1 a0 l3-0)
6.597: (drive-truck t1 l1-1 l1-0 c1)
6.584: (drive-truck t2 l2-1 l2-0 c2)
6.571: (drive-truck t3 l3-1 l3-0 c3)
6.572: (fly-airplane a1 l1-0 l3-0)
5.587: (load-airplane p1 a1 l3-0)
4.577: (fly-airplane a1 l3-0 l1-0)
4.577: (fly-airplane a0 l3-0 l0-0)
4.577: (fly-airplane a0 l0-0 l2-0)
4.578: (fly-airplane a0 l2-0 l1-0)
4.593: (drive-truck t0 l0-0 l0-1 c0)
4.590: (fly-airplane a0 l1-0 l0-0)
4.592: (fly-airplane a0 l0-0 l2-0)
4.592: (fly-airplane a0 l2-0 l3-0)
4.606: (drive-truck t2 l2-0 l2-1 c2)
4.592: (drive-truck t0 l0-1 l0-0 c0)
4.590: (fly-airplane a0 l3-0 l2-0)
4.592: (fly-airplane a0 l2-0 l0-0)
4.593: (fly-airplane a0 l0-0 l1-0)
4.607: (drive-truck t0 l0-0 l0-1 c0)
4.604: (fly-airplane a0 l1-0 l2-0)
4.604: (fly-airplane a0 l2-0 l0-0)
4.622: (drive-truck t3 l3-0 l3-1 c3)
4.609: (drive-truck t2 l2-1 l2-0 c2)
4.596: (drive-truck t0 l0-1 l0-0 c0)
4.596: (fly-airplane a0 l0-0 l2-0)
4.598: (fly-airplane a0 l2-0 l1-0)
4.599: (fly-airplane a0 l1-0 l3-0)
4.613: (drive-truck t0 l0-0 l0-1 c0)
4.610: (fly-airplane a0 l3-0 l2-0)
4.611: (fly-airplane a0 l2-0 l1-0)
4.625: (drive-truck t2 l2-0 l2-1 c2)
4.611: (drive-truck t0 l0-1 l0-0 c0)
4.609: (fly-airplane a0 l1-0 l2-0)
4.610: (fly-airplane a0 l2-0 l0-0)
4.613: (fly-airplane a0 l0-0 l3-0)
4.627: (drive-truck t0 l0-0 l0-1 c0)
4.622: (fly-airplane a0 l3-0 l2-0)
4.695: (drive-truck t1 l1-0 l1-1 c1)
4.677: (drive-truck t3 l3-1 l3-0 c3)
4.663: (drive-truck t0 l0-1 l0-0 c0)
4.651: (drive-truck t2 l2-1 l2-0 c2)
4.651: (fly-airplane a0 l2-0 l0-0)
4.652: (fly-airplane a0 l0-0 l3-0)
4.653: (fly-airplane a0 l3-0 l1-0)
4.666: (drive-truck t0 l0-0 l0-1 c0)
4.663: (fly-airplane a0 l1-0 l0-0)
4.665: (fly-airplane a0 l0-0 l2-0)
4.666: (fly-airplane a0 l2-0 l3-0)
4.679: (drive-truck t2 l2-0 l2-1 c2)
4.666: (drive-truck t0 l0-1 l0-0 c0)
4.665: (fly-airplane a0 l3-0 l0-0)
4.666: (fly-airplane a0 l0-0 l1-0)
4.680: (drive-truck t0 l0-0 l0-1 c0)
4.677: (fly-airplane a0 l1-0 l0-0)
4.695: (drive-truck t3 l3-0 l3-1 c3)
4.681: (drive-truck t2 l2-1 l2-0 c2)
4.669: (drive-truck t0 l0-1 l0-0 c0)
4.669: (fly-airplane a0 l0-0 l2-0)
4.671: (fly-airplane a0 l2-0 l1-0)
4.672: (fly-airplane a0 l1-0 l3-0)
4.686: (drive-truck t2 l2-0 l2-1 c2)
4.681: (fly-airplane a0 l3-0 l2-0)
4.683: (fly-airplane a0 l2-0 l0-0)
4.684: (fly-airplane a0 l0-0 l1-0)
4.698: (drive-truck t0 l0-0 l0-1 c0)
4.684: (drive-truck t2 l2-1 l2-0 c2)
4.683: (fly-airplane a0 l1-0 l2-0)
4.686: (fly-airplane a0 l2-0 l3-0)
4.699: (drive-truck t2 l2-0 l2-1 c2)
5.642: (fly-airplane a1 l1-0 l0-0)
5.600: (drive-truck t1 l1-1 l1-0 c1)
5.564: (drive-truck t3 l3-1 l3-0 c3)
5.558: (fly-airplane a0 l3-0 l0-0)
5.563: (drive-truck t0 l0-1 l0-0 c0)
5.547: (drive-truck t2 l2-1 l2-0 c2)
5.536: (fly-airplane a0 l0-0 l1-0)
5.536: (fly-airplane a1 l0-0 l2-0)
5.547: (fly-airplane a0 l1-0 l3-0)
5.547: (fly-airplane a1 l2-0 l0-0)
5.549: (fly-airplane a0 l3-0 l2-0)
5.547: (fly-airplane a1 l0-0 l2-0)
5.549: (fly-airplane a0 l2-0 l0-0)
5.552: (drive-truck t2 l2-0 l2-1 c2)
5.568: (drive-truck t0 l0-0 l0-1 c0)
5.558: (fly-airplane a0 l0-0 l2-0)
5.563: (drive-truck t2 l2-1 l2-0 c2)
5.552: (fly-airplane a1 l2-0 l0-0)
5.568: (drive-truck t2 l2-0 l2-1 c2)
5.561: (drive-truck t0 l0-1 l0-0 c0)
5.558: (fly-airplane a0 l2-0 l1-0)
5.564: (fly-airplane a0 l1-0 l3-0)
5.585: (drive-truck t3 l3-0 l3-1 c3)
5.572: (drive-truck t2 l2-1 l2-0 c2)
5.566: (fly-airplane a0 l3-0 l1-0)
5.566: (fly-airplane a1 l0-0 l2-0)
5.568: (fly-airplane a0 l1-0 l2-0)
5.569: (fly-airplane a0 l2-0 l0-0)
5.568: (fly-airplane a1 l2-0 l0-0)
5.569: (fly-airplane a0 l0-0 l2-0)
5.581: (drive-truck t2 l2-0 l2-1 c2)
5.580: (fly-airplane a0 l2-0 l1-0)
5.581: (fly-airplane a1 l0-0 l2-0)
5.583: (fly-airplane a0 l1-0 l2-0)
5.575: (drive-truck t3 l3-1 l3-0 c3)
5.599: (fly-airplane a1 l2-0 l3-0)
5.587: (drive-truck t2 l2-1 l2-0 c2)
5.585: (fly-airplane a0 l2-0 l1-0)
5.587: (fly-airplane a0 l1-0 l0-0)
5.599: (drive-truck t0 l0-0 l0-1 c0)
5.561: (fly-airplane a1 l3-0 l2-0)
5.558: (fly-airplane a0 l0-0 l1-0)
5.564: (fly-airplane a0 l1-0 l3-0)
5.563: (drive-truck t2 l2-0 l2-1 c2)
5.600: (drive-truck t3 l3-0 l3-1 c3)
5.585: (drive-truck t2 l2-1 l2-0 c2)
5.572: (drive-truck t0 l0-1 l0-0 c0)
5.587: (drive-truck t2 l2-0 l2-1 c2)
5.583: (fly-airplane a0 l3-0 l0-0)
5.582: (fly-airplane a1 l2-0 l0-0)
5.597: (drive-truck t0 l0-0 l0-1 c0)
5.583: (drive-truck t2 l2-1 l2-0 c2)
5.575: (drive-truck t3 l3-1 l3-0 c3)
5.604: (fly-airplane a0 l0-0 l3-0)
5.587: (drive-truck t3 l3-0 l3-1 c3)
5.581: (fly-airplane a0 l3-0 l1-0)
5.580: (fly-airplane a1 l0-0 l2-0)
5.581: (fly-airplane a0 l1-0 l0-0)
5.582: (fly-airplane a0 l0-0 l2-0)
5.583: (fly-airplane a1 l2-0 l0-0)
5.596: (drive-truck t2 l2-0 l2-1 c2)
5.595: (fly-airplane a0 l2-0 l1-0)
5.595: (fly-airplane a1 l0-0 l2-0)
5.596: (fly-airplane a0 l1-0 l0-0)
5.597: (fly-airplane a0 l0-0 l2-0)
5.638: (drive-truck t1 l1-0 l1-1 c1)
5.599: (drive-truck t3 l3-1 l3-0 c3)
5.603: (fly-airplane a0 l2-0 l3-0)
5.603: (fly-airplane a1 l2-0 l0-0)
5.599: (fly-airplane a0 l3-0 l0-0)
5.605: (drive-truck t0 l0-1 l0-0 c0)
5.589: (drive-truck t2 l2-1 l2-0 c2)
5.589: (fly-airplane a0 l0-0 l3-0)
5.589: (fly-airplane a1 l0-0 l2-0)
5.589: (fly-airplane a0 l3-0 l2-0)
5.591: (fly-airplane a0 l2-0 l0-0)
5.590: (drive-truck t2 l2-0 l2-1 c2)
5.606: (drive-truck t0 l0-0 l0-1 c0)
5.603: (drive-truck t2 l2-1 l2-0 c2)
5.605: (fly-airplane a0 l0-0 l2-0)
5.590: (fly-airplane a1 l2-0 l0-0)
5.591: (drive-truck t0 l0-1 l0-0 c0)
5.593: (fly-airplane a0 l2-0 l1-0)
5.593: (fly-airplane a1 l0-0 l2-0)
5.612: (drive-truck t0 l0-0 l0-1 c0)
5.605: (fly-airplane a0 l1-0 l3-0)
5.627: (drive-truck t3 l3-0 l3-1 c3)
5.613: (drive-truck t0 l0-1 l0-0 c0)
5.610: (fly-airplane a0 l3-0 l2-0)
5.610: (fly-airplane a0 l2-0 l0-0)
5.610: (fly-airplane a1 l2-0 l0-0)
5.610: (fly-airplane a0 l0-0 l2-0)
5.613: (fly-airplane a0 l2-0 l3-0)
5.620: (fly-airplane a0 l3-0 l1-0)
5.620: (fly-airplane a1 l0-0 l2-0)
5.633: (drive-truck t0 l0-0 l0-1 c0)
5.622: (fly-airplane a0 l1-0 l0-0)
5.623: (fly-airplane a0 l0-0 l2-0)
5.625: (fly-airplane a1 l2-0 l0-0)
5.625: (fly-airplane a0 l2-0 l0-0)
5.609: (drive-truck t3 l3-1 l3-0 c3)
5.634: (fly-airplane a0 l0-0 l3-0)
5.628: (drive-truck t3 l3-0 l3-1 c3)
5.635: (fly-airplane a0 l3-0 l1-0)
5.648: (drive-truck t2 l2-0 l2-1 c2)
5.633: (drive-truck t0 l0-1 l0-0 c0)
5.613: (drive-truck t3 l3-1 l3-0 c3)
5.603: (fly-airplane a0 l1-0 l2-0)
5.605: (fly-airplane a0 l2-0 l3-0)
5.627: (drive-truck t3 l3-0 l3-1 c3)
5.622: (fly-airplane a0 l3-0 l2-0)
5.623: (fly-airplane a0 l2-0 l0-0)
5.625: (fly-airplane a1 l0-0 l2-0)
5.625: (fly-airplane a0 l0-0 l2-0)
5.609: (drive-truck t3 l3-1 l3-0 c3)
5.634: (fly-airplane a0 l2-0 l3-0)
5.604: (drive-truck t1 l1-1 l1-0 c1)
5.601: (fly-airplane a1 l2-0 l3-0)
5.599: (fly-airplane a0 l3-0 l1-0)
5.601: (fly-airplane a0 l1-0 l0-0)
5.613: (drive-truck t0 l0-0 l0-1 c0)
5.613: (fly-airplane a0 l0-0 l1-0)
5.599: (drive-truck t2 l2-1 l2-0 c2)
5.601: (fly-airplane a0 l1-0 l3-0)
5.601: (fly-airplane a0 l3-0 l2-0)
5.613: (drive-truck t2 l2-0 l2-1 c2)
5.614: (fly-airplane a0 l2-0 l3-0)
5.641: (drive-truck t3 l3-0 l3-1 c3)
5.627: (drive-truck t2 l2-1 l2-0 c2)
5.614: (drive-truck t0 l0-1 l0-0 c0)
5.612: (fly-airplane a0 l3-0 l1-0)
5.613: (fly-airplane a0 l1-0 l0-0)
5.613: (fly-airplane a0 l0-0 l2-0)
5.626: (drive-truck t2 l2-0 l2-1 c2)
5.626: (fly-airplane a0 l2-0 l1-0)
5.627: (fly-airplane a0 l1-0 l0-0)
5.627: (fly-airplane a0 l0-0 l3-0)
5.669: (drive-truck t1 l1-0 l1-1 c1)
5.628: (fly-airplane a1 l3-0 l2-0)
5.635: (fly-airplane a0 l3-0 l1-0)
5.648: (drive-truck t0 l0-0 l0-1 c0)
5.636: (drive-truck t3 l3-1 l3-0 c3)
5.604: (drive-truck t1 l1-1 l1-0 c1)
5.604: (fly-airplane a1 l2-0 l0-0)
5.636: (drive-truck t1 l1-0 l1-1 c1)
5.606: (fly-airplane a0 l1-0 l2-0)
5.637: (drive-truck t3 l3-0 l3-1 c3)
5.638: (fly-airplane a0 l2-0 l0-0)
5.637: (fly-airplane a1 l0-0 l2-0)
5.642: (fly-airplane a0 l0-0 l3-0)
5.682: (fly-airplane a1 l2-0 l3-0)
5.656: (drive-truck t3 l3-1 l3-0 c3)
5.642: (drive-truck t0 l0-1 l0-0 c0)
5.629: (drive-truck t2 l2-1 l2-0 c2)
5.629: (fly-airplane a0 l3-0 l0-0)
5.629: (fly-airplane a0 l0-0 l2-0)
5.639: (fly-airplane a0 l2-0 l1-0)
5.653: (drive-truck t2 l2-0 l2-1 c2)
5.641: (fly-airplane a0 l1-0 l2-0)
5.642: (fly-airplane a0 l2-0 l0-0)
5.655: (drive-truck t0 l0-0 l0-1 c0)
5.641: (drive-truck t2 l2-1 l2-0 c2)
5.642: (fly-airplane a0 l0-0 l3-0)
5.642: (fly-airplane a0 l3-0 l2-0)
5.653: (fly-airplane a0 l2-0 l1-0)
5.666: (drive-truck t2 l2-0 l2-1 c2)
5.655: (fly-airplane a0 l1-0 l2-0)
5.681: (drive-truck t3 l3-0 l3-1 c3)
5.639: (drive-truck t1 l1-1 l1-0 c1)
5.627: (drive-truck t2 l2-1 l2-0 c2)
5.626: (fly-airplane a0 l2-0 l0-0)
5.626: (fly-airplane a0 l0-0 l1-0)
5.639: (drive-truck t2 l2-0 l2-1 c2)
5.639: (fly-airplane a0 l1-0 l0-0)
5.681: (drive-truck t1 l1-0 l1-1 c1)
5.667: (drive-truck t2 l2-1 l2-0 c2)
5.655: (drive-truck t0 l0-1 l0-0 c0)
5.655: (fly-airplane a0 l0-0 l2-0)
5.655: (fly-airplane a0 l2-0 l3-0)
5.666: (fly-airplane a0 l3-0 l1-0)
5.679: (drive-truck t2 l2-0 l2-1 c2)
5.667: (fly-airplane a0 l1-0 l2-0)
5.668: (fly-airplane a0 l2-0 l0-0)
6.650: (unload-airplane p1 a1 l3-0)
6.595: (drive-truck t1 l1-1 l1-0 c1)
6.582: (drive-truck t2 l2-1 l2-0 c2)
6.573: (drive-truck t3 l3-1 l3-0 c3)
6.571: (fly-airplane a0 l0-0 l1-0)
6.573: (fly-airplane a0 l1-0 l2-0)
6.582: (drive-truck t3 l3-0 l3-1 c3)
6.582: (fly-airplane a0 l2-0 l3-0)
6.582: (fly-airplane a1 l3-0 l2-0)
6.573: (drive-truck t3 l3-1 l3-0 c3)
6.573: (fly-airplane a1 l2-0 l0-0)
6.582: (drive-truck t3 l3-0 l3-1 c3)
6.594: (drive-truck t0 l0-0 l0-1 c0)
6.585: (drive-truck t3 l3-1 l3-0 c3)
6.585: (fly-airplane a1 l0-0 l1-0)
6.586: (fly-airplane a1 l1-0 l3-0)
6.585: (fly-airplane a0 l3-0 l1-0)
6.585: (fly-airplane a0 l1-0 l0-0)
6.586: (fly-airplane a0 l0-0 l2-0)
6.595: (drive-truck t3 l3-0 l3-1 c3)
6.594: (fly-airplane a0 l2-0 l0-0)
6.595: (fly-airplane a0 l0-0 l3-0)
6.595: (fly-airplane a1 l3-0 l2-0)
6.586: (drive-truck t3 l3-1 l3-0 c3)
6.599: (drive-truck t2 l2-0 l2-1 c2)
6.585: (drive-truck t0 l0-1 l0-0 c0)
6.585: (fly-airplane a1 l2-0 l1-0)
6.586: (fly-airplane a1 l1-0 l3-0)
6.585: (fly-airplane a0 l3-0 l1-0)
6.585: (fly-airplane a0 l1-0 l2-0)
6.586: (fly-airplane a0 l2-0 l0-0)
6.599: (drive-truck t0 l0-0 l0-1 c0)
6.598: (fly-airplane a0 l0-0 l1-0)
6.599: (fly-airplane a0 l1-0 l2-0)
6.600: (fly-airplane a0 l2-0 l3-0)
6.598: (fly-airplane a1 l3-0 l1-0)
6.599: (fly-airplane a1 l1-0 l0-0)
6.586: (drive-truck t0 l0-1 l0-0 c0)
6.595: (drive-truck t3 l3-0 l3-1 c3)
6.594: (fly-airplane a1 l0-0 l2-0)
6.595: (fly-airplane a1 l2-0 l3-0)
6.594: (fly-airplane a0 l3-0 l2-0)
6.597: (fly-airplane a0 l2-0 l1-0)
6.584: (drive-truck t2 l2-1 l2-0 c2)
6.597: (drive-truck t0 l0-0 l0-1 c0)
6.611: (drive-truck t2 l2-0 l2-1 c2)
6.608: (fly-airplane a0 l1-0 l2-0)
6.608: (fly-airplane a0 l2-0 l0-0)
6.609: (fly-airplane a0 l0-0 l3-0)
6.608: (fly-airplane a1 l3-0 l2-0)
6.608: (fly-airplane a1 l2-0 l0-0)
5.639: (load-airplane p1 a0 l3-0)
5.681: (drive-truck t1 l1-0 l1-1 c1)
6.662: (unload-airplane p1 a0 l3-0)
6.649: (drive-truck t2 l2-1 l2-0 c2)
6.636: (drive-truck t0 l0-1 l0-0 c0)
6.626: (drive-truck t3 l3-1 l3-0 c3)
6.626: (fly-airplane a1 l0-0 l3-0)
6.626: (fly-airplane a1 l3-0 l2-0)
6.627: (fly-airplane a1 l2-0 l1-0)
6.640: (drive-truck t3 l3-0 l3-1 c3)
6.636: (fly-airplane a1 l1-0 l3-0)
6.636: (fly-airplane a0 l3-0 l2-0)
6.626: (drive-truck t3 l3-1 l3-0 c3)
6.626: (fly-airplane a0 l2-0 l0-0)
6.627: (fly-airplane a0 l0-0 l1-0)
6.640: (drive-truck t3 l3-0 l3-1 c3)
6.636: (fly-airplane a0 l1-0 l0-0)
6.649: (drive-truck t0 l0-0 l0-1 c0)
6.639: (drive-truck t3 l3-1 l3-0 c3)
6.640: (fly-airplane a0 l0-0 l3-0)
6.639: (fly-airplane a1 l3-0 l0-0)
6.640: (fly-airplane a1 l0-0 l2-0)
6.641: (fly-airplane a1 l2-0 l1-0)
6.654: (drive-truck t3 l3-0 l3-1 c3)
6.597: (drive-truck t1 l1-1 l1-0 c1)
6.611: (drive-truck t2 l2-0 l2-1 c2)
6.667: (drive-truck t1 l1-0 l1-1 c1)
6.654: (drive-truck t3 l3-1 l3-0 c3)
6.641: (drive-truck t0 l0-1 l0-0 c0)
6.639: (fly-airplane a1 l1-0 l2-0)
6.640: (fly-airplane a1 l2-0 l3-0)
6.639: (fly-airplane a0 l3-0 l2-0)
6.640: (fly-airplane a0 l2-0 l0-0)
6.641: (fly-airplane a0 l0-0 l1-0)
6.654: (drive-truck t3 l3-0 l3-1 c3)
6.649: (fly-airplane a0 l1-0 l2-0)
6.650: (fly-airplane a0 l2-0 l3-0)
6.649: (fly-airplane a1 l3-0 l2-0)
6.636: (drive-truck t2 l2-1 l2-0 c2)
6.650: (drive-truck t0 l0-0 l0-1 c0)
6.650: (fly-airplane a1 l2-0 l3-0)
5.669: (load-airplane p1 a1 l3-0)
5.668: (fly-airplane a0 l3-0 l2-0)
5.679: (fly-airplane a0 l2-0 l1-0)
5.693: (drive-truck t2 l2-0 l2-1 c2)
6.667: (unload-airplane p1 a1 l3-0)
6.654: (drive-truck t2 l2-1 l2-0 c2)
6.641: (drive-truck t3 l3-1 l3-0 c3)
[Final] Expanded: 1000, Generated: 21513
Failed to find a solution!
