/u/ibrahim.eisawy/Neural-Guided-Search/venv/lib/python3.10/site-packages/pymimir_rgnn/model.py:162: UserWarning: index_reduce() is in beta and the API may change at any time. (Triggered internally at /pytorch/aten/src/ATen/native/cuda/Indexing.cu:1541.)
  exps_max.index_reduce_(0, output_indices, output_messages, reduce="amax", include_self=False)
Torch: 2.12.0+cu130
Using GPU:  NVIDIA L40S
81.151: (pickup f4-6f key0-1)
136.458: (unlock f4-6f f3-6f key0-1 shape0)
120.498: (move f4-6f f3-6f)
104.969: (pickup-and-loose f3-6f key1-1 key0-1)
126.531: (move f3-6f f3-5f)
133.010: (move f3-5f f3-4f)
101.205: (putdown f3-4f key1-1)
120.520: (move f3-4f f3-5f)
98.865: (move f3-5f f3-6f)
77.428: (pickup f3-6f key0-1)
115.964: (move f3-6f f3-5f)
91.541: (move f3-5f f2-5f)
72.734: (move f2-5f f2-6f)
45.670: (move f2-6f f1-6f)
98.961: (move f1-6f f1-5f)
74.231: (move f1-5f f1-4f)
112.528: (move f1-4f f2-4f)
108.828: (move f2-4f f3-4f)
17.158: (pickup-and-loose f3-4f key1-1 key0-1)
94.199: (putdown f3-4f key1-1)
108.790: (move f3-4f f3-5f)
70.880: (pickup f3-5f key2-1)
103.618: (move f3-5f f3-4f)
102.580: (move f3-4f f2-4f)
95.552: (move f2-4f f2-5f)
76.132: (move f2-5f f2-6f)
41.888: (move f2-6f f3-6f)
67.943: (move f3-6f f4-6f)
97.974: (move f4-6f f5-6f)
107.119: (move f5-6f f6-6f)
97.556: (move f6-6f f6-5f)
87.287: (pickup-and-loose f6-5f key2-2 key2-1)
78.136: (move f6-5f f6-4f)
114.473: (move f6-4f f6-3f)
60.639: (move f6-3f f5-3f)
78.135: (move f5-3f f5-4f)
125.086: (move f5-4f f5-5f)
65.130: (move f5-5f f5-6f)
127.280: (move f5-6f f6-6f)
5.098: (putdown f6-6f key2-2)
84.255: (move f6-6f f6-5f)
128.647: (pickup f6-5f key2-0)
115.723: (move f6-5f f6-6f)
60.397: (move f6-6f f5-6f)
92.462: (move f5-6f f5-5f)
101.733: (move f5-5f f5-4f)
120.979: (move f5-4f f5-3f)
113.977: (move f5-3f f6-3f)
53.945: (move f6-3f f6-4f)
-2.477: (putdown f6-4f key2-0)
80.855: (move f6-4f f6-3f)
126.134: (pickup f6-3f key3-0)
111.467: (move f6-3f f6-4f)
87.174: (move f6-4f f6-5f)
115.190: (move f6-5f f6-6f)
59.486: (move f6-6f f5-6f)
90.709: (move f5-6f f5-5f)
120.119: (move f5-5f f5-4f)
79.599: (move f5-4f f5-3f)
39.284: (move f5-3f f5-2f)
52.063: (move f5-2f f4-2f)
68.543: (move f4-2f f3-2f)
116.910: (move f3-2f f2-2f)
115.444: (move f2-2f f2-1f)
118.950: (move f2-1f f2-0f)
123.637: (unlock f2-0f f3-0f key3-0 shape3)
114.445: (move f2-0f f3-0f)
38.838: (unlock f3-0f f3-1f key3-0 shape3)
94.913: (move f3-0f f2-0f)
101.683: (move f2-0f f1-0f)
62.293: (putdown f1-0f key3-0)
71.036: (move f1-0f f2-0f)
103.334: (move f2-0f f3-0f)
139.209: (pickup f3-0f key3-2)
112.761: (move f3-0f f2-0f)
101.659: (move f2-0f f1-0f)
68.332: (putdown f1-0f key3-2)
119.974: (pickup f1-0f key3-0)
71.984: (move f1-0f f2-0f)
30.389: (move f2-0f f2-1f)
122.018: (move f2-1f f1-1f)
43.217: (move f1-1f f0-1f)
127.882: (move f0-1f f0-0f)
5.522: (putdown f0-0f key3-0)
84.442: (move f0-0f f1-0f)
130.624: (pickup f1-0f key3-2)
94.962: (move f1-0f f0-0f)
54.710: (move f0-0f f0-1f)
85.754: (move f0-1f f1-1f)
114.911: (move f1-1f f2-1f)
119.392: (move f2-1f f2-0f)
29.805: (move f2-0f f3-0f)
49.778: (move f3-0f f3-1f)
61.549: (move f3-1f f3-2f)
124.330: (move f3-2f f2-2f)
42.627: (move f2-2f f1-2f)
123.535: (move f1-2f f1-3f)
85.936: (move f1-3f f1-4f)
119.666: (move f1-4f f2-4f)
115.808: (move f2-4f f3-4f)
111.755: (move f3-4f f3-5f)
117.786: (move f3-5f f2-5f)
92.658: (move f2-5f f2-6f)
56.963: (move f2-6f f3-6f)
116.222: (move f3-6f f4-6f)
121.549: (move f4-6f f5-6f)
116.813: (move f5-6f f6-6f)
89.935: (move f6-6f f6-5f)
116.381: (move f6-5f f6-4f)
87.833: (move f6-4f f6-3f)
62.342: (move f6-3f f5-3f)
121.593: (move f5-3f f5-4f)
81.647: (move f5-4f f5-5f)
44.265: (move f5-5f f4-5f)
39.491: (unlock f4-5f f4-4f key3-2 shape3)
123.681: (move f4-5f f4-6f)
122.489: (move f4-6f f5-6f)
117.705: (move f5-6f f6-6f)
90.893: (move f6-6f f6-5f)
116.961: (move f6-5f f6-4f)
88.116: (move f6-4f f6-3f)
62.778: (move f6-3f f5-3f)
122.270: (move f5-3f f5-4f)
92.604: (move f5-4f f5-5f)
4.935: (putdown f5-5f key3-2)
78.122: (move f5-5f f6-5f)
105.066: (move f6-5f f6-6f)
144.005: (pickup f6-6f key2-2)
139.369: (move f6-6f f6-5f)
133.287: (move f6-5f f6-4f)
108.343: (move f6-4f f6-3f)
99.077: (move f6-3f f5-3f)
139.635: (move f5-3f f5-4f)
133.281: (move f5-4f f5-5f)
73.927: (move f5-5f f5-6f)
109.695: (move f5-6f f4-6f)
137.990: (move f4-6f f4-5f)
102.669: (move f4-5f f4-4f)
123.917: (move f4-4f f3-4f)
135.620: (move f3-4f f2-4f)
133.203: (move f2-4f f2-5f)
128.157: (move f2-5f f2-6f)
106.003: (putdown f2-6f key2-2)
100.497: (move f2-6f f2-5f)
63.947: (move f2-5f f2-4f)
109.250: (move f2-4f f3-4f)
82.184: (pickup f3-4f key0-1)
118.539: (move f3-4f f2-4f)
105.247: (move f2-4f f2-5f)
70.336: (move f2-5f f2-6f)
52.969: (move f2-6f f3-6f)
122.686: (move f3-6f f4-6f)
121.794: (move f4-6f f4-5f)
114.296: (move f4-5f f5-5f)
102.209: (pickup-and-loose f5-5f key3-2 key0-1)
112.155: (move f5-5f f6-5f)
116.471: (move f6-5f f6-4f)
92.923: (move f6-4f f6-3f)
69.156: (move f6-3f f5-3f)
126.782: (move f5-3f f5-4f)
38.622: (move f5-4f f4-4f)
125.852: (move f4-4f f4-5f)
99.947: (move f4-5f f3-5f)
119.368: (move f3-5f f2-5f)
73.675: (move f2-5f f2-6f)
79.988: (move f2-6f f3-6f)
113.453: (move f3-6f f4-6f)
126.531: (move f4-6f f5-6f)
112.795: (move f5-6f f6-6f)
10.284: (putdown f6-6f key3-2)
78.268: (move f6-6f f6-5f)
102.361: (move f6-5f f6-4f)
139.175: (pickup f6-4f key2-0)
122.960: (move f6-4f f6-5f)
121.979: (move f6-5f f6-6f)
69.546: (move f6-6f f5-6f)
119.670: (move f5-6f f5-5f)
43.927: (move f5-5f f5-4f)
121.646: (move f5-4f f5-3f)
126.594: (move f5-3f f6-3f)
19.357: (pickup-and-loose f6-3f key0-0 key2-0)
39.449: (unlock f6-3f f6-2f key0-0 shape0)
112.017: (pickup-and-loose f6-3f key2-0 key0-0)
109.632: (move f6-3f f6-4f)
124.315: (move f6-4f f6-5f)
123.972: (move f6-5f f6-6f)
71.574: (move f6-6f f5-6f)
121.676: (move f5-6f f5-5f)
46.010: (move f5-5f f5-4f)
123.821: (move f5-4f f5-3f)
67.568: (move f5-3f f5-2f)
134.819: (move f5-2f f6-2f)
7.811: (putdown f6-2f key2-0)
89.355: (move f6-2f f6-3f)
92.198: (pickup f6-3f key0-0)
130.811: (move f6-3f f6-2f)
117.387: (pickup-and-loose f6-2f key2-0 key0-0)
57.525: (move f6-2f f6-3f)
118.017: (move f6-3f f6-4f)
134.511: (move f6-4f f6-5f)
122.122: (move f6-5f f5-5f)
117.098: (move f5-5f f5-6f)
123.914: (move f5-6f f6-6f)
45.779: (pickup-and-loose f6-6f key3-2 key2-0)
105.189: (move f6-6f f6-5f)
124.991: (move f6-5f f5-5f)
119.651: (move f5-5f f5-6f)
76.293: (move f5-6f f4-6f)
134.491: (move f4-6f f4-5f)
109.106: (move f4-5f f3-5f)
128.703: (move f3-5f f2-5f)
83.247: (move f2-5f f2-6f)
90.446: (move f2-6f f3-6f)
22.567: (putdown f3-6f key3-2)
66.025: (move f3-6f f3-5f)
99.204: (move f3-5f f4-5f)
136.907: (move f4-5f f5-5f)
115.695: (move f5-5f f6-5f)
123.807: (move f6-5f f6-6f)
163.860: (pickup f6-6f key2-0)
148.219: (move f6-6f f6-5f)
133.728: (move f6-5f f5-5f)
115.178: (move f5-5f f4-5f)
145.375: (move f4-5f f4-6f)
144.785: (move f4-6f f3-6f)
89.861: (move f3-6f f3-5f)
121.172: (move f3-5f f2-5f)
115.083: (move f2-5f f2-6f)
60.534: (move f2-6f f1-6f)
131.043: (move f1-6f f1-5f)
116.868: (move f1-5f f1-4f)
145.312: (move f1-4f f2-4f)
141.352: (move f2-4f f3-4f)
117.806: (move f3-4f f4-4f)
145.645: (move f4-4f f5-4f)
141.969: (move f5-4f f6-4f)
142.282: (move f6-4f f6-3f)
146.047: (move f6-3f f6-2f)
59.273: (move f6-2f f5-2f)
78.192: (move f5-2f f5-3f)
67.346: (unlock f5-3f f4-3f key2-0 shape2)
152.679: (move f5-3f f5-4f)
145.366: (move f5-4f f5-5f)
132.373: (move f5-5f f6-5f)
57.524: (move f6-5f f6-4f)
141.633: (move f6-4f f6-3f)
145.579: (move f6-3f f6-2f)
58.727: (move f6-2f f5-2f)
66.606: (move f5-2f f5-1f)
81.901: (move f5-1f f4-1f)
117.694: (move f4-1f f3-1f)
151.088: (move f3-1f f3-0f)
149.709: (move f3-0f f2-0f)
143.731: (move f2-0f f1-0f)
114.509: (putdown f1-0f key2-0)
136.238: (move f1-0f f0-0f)
164.928: (pickup f0-0f key3-0)
145.055: (move f0-0f f1-0f)
132.763: (move f1-0f f2-0f)
61.562: (move f2-0f f3-0f)
64.812: (move f3-0f f3-1f)
142.841: (move f3-1f f2-1f)
121.017: (move f2-1f f2-2f)
61.626: (move f2-2f f1-2f)
139.748: (move f1-2f f1-3f)
110.572: (move f1-3f f0-3f)
62.174: (move f0-3f f0-2f)
77.026: (move f0-2f f0-1f)
102.457: (move f0-1f f1-1f)
27.629: (putdown f1-1f key3-0)
76.882: (move f1-1f f2-1f)
140.945: (move f2-1f f2-0f)
112.513: (pickup f2-0f key1-2)
151.939: (move f2-0f f2-1f)
137.377: (move f2-1f f1-1f)
123.778: (pickup-and-loose f1-1f key3-0 key1-2)
92.781: (move f1-1f f1-0f)
65.129: (move f1-0f f0-0f)
149.883: (move f0-0f f0-1f)
59.658: (move f0-1f f0-2f)
150.188: (move f0-2f f1-2f)
124.299: (move f1-2f f2-2f)
144.166: (move f2-2f f2-1f)
63.312: (move f2-1f f3-1f)
92.309: (move f3-1f f3-0f)
107.066: (move f3-0f f2-0f)
34.489: (putdown f2-0f key3-0)
75.673: (move f2-0f f2-1f)
134.992: (move f2-1f f1-1f)
105.957: (move f1-1f f1-0f)
101.082: (pickup f1-0f key2-0)
112.925: (move f1-0f f2-0f)
91.230: (move f2-0f f2-1f)
149.491: (move f2-1f f1-1f)
62.793: (move f1-1f f0-1f)
151.709: (move f0-1f f0-0f)
43.300: (putdown f0-0f key2-0)
99.492: (move f0-0f f1-0f)
133.444: (move f1-0f f2-0f)
173.705: (pickup f2-0f key3-0)
154.979: (move f2-0f f1-0f)
130.149: (move f1-0f f0-0f)
91.482: (move f0-0f f0-1f)
146.141: (move f0-1f f1-1f)
60.076: (move f1-1f f2-1f)
138.994: (move f2-1f f2-2f)
150.764: (move f2-2f f1-2f)
138.164: (move f1-2f f1-3f)
120.925: (move f1-3f f0-3f)
142.090: (move f0-3f f0-2f)
40.555: (putdown f0-2f key3-0)
93.575: (move f0-2f f0-1f)
140.569: (move f0-1f f0-0f)
173.076: (pickup f0-0f key2-0)
165.576: (move f0-0f f1-0f)
126.263: (putdown f1-0f key2-0)
144.673: (move f1-0f f1-1f)
113.458: (move f1-1f f1-2f)
135.918: (move f1-2f f0-2f)
73.907: (move f0-2f f0-3f)
75.007: (move f0-3f f1-3f)
71.449: (move f1-3f f1-4f)
133.564: (move f1-4f f2-4f)
126.474: (move f2-4f f2-5f)
124.155: (move f2-5f f3-5f)
140.937: (move f3-5f f3-6f)
168.131: (pickup f3-6f key3-2)
142.352: (move f3-6f f2-6f)
131.983: (move f2-6f f2-5f)
83.150: (move f2-5f f2-4f)
102.356: (move f2-4f f3-4f)
133.036: (move f3-4f f3-5f)
137.445: (move f3-5f f4-5f)
134.853: (move f4-5f f5-5f)
116.689: (move f5-5f f6-5f)
46.984: (move f6-5f f6-4f)
133.022: (move f6-4f f5-4f)
70.746: (move f5-4f f4-4f)
92.763: (move f4-4f f4-3f)
92.392: (move f4-3f f5-3f)
142.544: (move f5-3f f5-2f)
135.931: (move f5-2f f6-2f)
72.021: (move f6-2f f6-3f)
17.924: (putdown f6-3f key3-2)
91.481: (move f6-3f f6-2f)
92.012: (pickup f6-2f key0-0)
129.172: (move f6-2f f6-3f)
117.953: (pickup-and-loose f6-3f key3-2 key0-0)
119.481: (move f6-3f f6-4f)
127.869: (move f6-4f f6-5f)
124.542: (move f6-5f f5-5f)
46.135: (move f5-5f f5-4f)
127.470: (move f5-4f f5-3f)
66.702: (move f5-3f f4-3f)
105.894: (move f4-3f f4-4f)
139.170: (move f4-4f f4-5f)
108.509: (move f4-5f f3-5f)
129.820: (move f3-5f f2-5f)
84.201: (move f2-5f f2-6f)
90.795: (move f2-6f f3-6f)
124.036: (move f3-6f f4-6f)
136.994: (move f4-6f f5-6f)
128.297: (move f5-6f f6-6f)
19.686: (putdown f6-6f key3-2)
87.930: (move f6-6f f6-5f)
102.888: (move f6-5f f5-5f)
95.455: (move f5-5f f5-6f)
48.588: (move f5-6f f4-6f)
121.320: (move f4-6f f4-5f)
73.769: (move f4-5f f3-5f)
114.732: (move f3-5f f2-5f)
83.232: (move f2-5f f2-6f)
89.569: (pickup f2-6f key2-2)
69.688: (move f2-6f f2-5f)
80.457: (putdown f2-5f key2-2)
78.049: (move f2-5f f2-6f)
65.466: (move f2-6f f3-6f)
143.083: (move f3-6f f3-5f)
114.138: (move f3-5f f4-5f)
144.090: (move f4-5f f5-5f)
122.609: (move f5-5f f6-5f)
130.394: (move f6-5f f6-6f)
169.721: (pickup f6-6f key3-2)
153.773: (move f6-6f f6-5f)
143.560: (move f6-5f f5-5f)
79.022: (move f5-5f f4-5f)
150.082: (move f4-5f f3-5f)
150.949: (move f3-5f f2-5f)
109.490: (putdown f2-5f key3-2)
163.720: (pickup f2-5f key2-2)
136.228: (move f2-5f f2-6f)
121.867: (putdown f2-6f key2-2)
140.043: (move f2-6f f2-5f)
61.807: (move f2-5f f2-4f)
71.104: (move f2-4f f3-4f)
145.587: (move f3-4f f3-5f)
111.793: (move f3-5f f4-5f)
141.244: (move f4-5f f5-5f)
116.376: (move f5-5f f6-5f)
95.968: (pickup f6-5f key1-0)
135.649: (move f6-5f f5-5f)
46.717: (move f5-5f f4-5f)
143.913: (move f4-5f f3-5f)
143.539: (move f3-5f f2-5f)
129.362: (pickup-and-loose f2-5f key3-2 key1-0)
84.035: (move f2-5f f2-6f)
103.397: (move f2-6f f3-6f)
153.587: (move f3-6f f3-5f)
141.472: (move f3-5f f4-5f)
146.592: (move f4-5f f5-5f)
131.395: (move f5-5f f6-5f)
134.529: (move f6-5f f6-4f)
143.282: (move f6-4f f6-3f)
80.762: (move f6-3f f5-3f)
143.007: (move f5-3f f5-4f)
83.398: (move f5-4f f4-4f)
140.404: (move f4-4f f3-4f)
150.996: (move f3-4f f2-4f)
102.778: (move f2-4f f1-4f)
151.031: (move f1-4f f1-5f)
105.920: (move f1-5f f0-5f)
36.342: (putdown f0-5f key3-2)
79.722: (move f0-5f f1-5f)
138.897: (move f1-5f f2-5f)
104.318: (pickup f2-5f key1-0)
119.738: (move f2-5f f1-5f)
138.460: (move f1-5f f0-5f)
129.682: (pickup-and-loose f0-5f key3-2 key1-0)
121.959: (move f0-5f f1-5f)
133.350: (move f1-5f f2-5f)
95.981: (move f2-5f f2-6f)
103.955: (move f2-6f f3-6f)
140.167: (move f3-6f f3-5f)
146.200: (move f3-5f f4-5f)
144.605: (move f4-5f f5-5f)
128.481: (move f5-5f f6-5f)
132.320: (move f6-5f f6-4f)
141.288: (move f6-4f f6-3f)
78.729: (move f6-3f f5-3f)
141.002: (move f5-3f f5-4f)
81.212: (move f5-4f f4-4f)
133.905: (move f4-4f f3-4f)
148.004: (move f3-4f f2-4f)
110.445: (move f2-4f f1-4f)
147.002: (move f1-4f f1-3f)
148.416: (move f1-3f f1-2f)
139.538: (move f1-2f f0-2f)
90.278: (move f0-2f f0-1f)
137.867: (move f0-1f f1-1f)
101.683: (move f1-1f f1-0f)
134.848: (move f1-0f f0-0f)
34.319: (putdown f0-0f key3-2)
89.274: (move f0-0f f0-1f)
131.696: (move f0-1f f0-2f)
163.586: (pickup f0-2f key3-0)
152.860: (move f0-2f f0-1f)
140.094: (move f0-1f f0-0f)
77.612: (move f0-0f f1-0f)
141.960: (move f1-0f f1-1f)
59.869: (move f1-1f f1-2f)
133.896: (move f1-2f f2-2f)
146.846: (move f2-2f f2-1f)
96.499: (move f2-1f f2-0f)
86.251: (move f2-0f f3-0f)
120.867: (move f3-0f f3-1f)
91.186: (move f3-1f f3-2f)
84.490: (move f3-2f f4-2f)
124.735: (move f4-2f f4-3f)
152.279: (move f4-3f f5-3f)
147.340: (move f5-3f f6-3f)
133.890: (move f6-3f f6-4f)
143.101: (move f6-4f f6-5f)
138.162: (move f6-5f f5-5f)
61.008: (move f5-5f f5-4f)
83.543: (move f5-4f f4-4f)
152.558: (move f4-4f f4-5f)
141.935: (move f4-5f f3-5f)
157.503: (move f3-5f f2-5f)
117.907: (putdown f2-5f key3-0)
125.874: (move f2-5f f1-5f)
130.048: (move f1-5f f0-5f)
86.339: (pickup f0-5f key1-0)
43.510: (move f0-5f f1-5f)
110.049: (move f1-5f f2-5f)
115.517: (move f2-5f f2-4f)
138.437: (unlock f2-4f f2-3f key1-0 shape1)
109.742: (move f2-4f f2-3f)
40.842: (putdown f2-3f key1-0)
30.193: (move f2-3f f2-4f)
59.387: (move f2-4f f2-5f)
83.439: (pickup f2-5f key3-0)
40.856: (move f2-5f f2-6f)
94.524: (move f2-6f f3-6f)
148.480: (move f3-6f f3-5f)
139.752: (move f3-5f f4-5f)
142.305: (move f4-5f f5-5f)
125.882: (move f5-5f f6-5f)
129.324: (move f6-5f f6-4f)
138.442: (move f6-4f f6-3f)
75.753: (move f6-3f f5-3f)
138.748: (move f5-3f f5-4f)
78.076: (move f5-4f f4-4f)
135.261: (move f4-4f f3-4f)
146.357: (move f3-4f f2-4f)
143.629: (move f2-4f f2-3f)
70.650: (putdown f2-3f key3-0)
85.817: (pickup f2-3f key1-0)
51.580: (unlock f2-3f f3-3f key1-0 shape1)
117.373: (pickup-and-loose f2-3f key3-0 key1-0)
78.321: (move f2-3f f2-4f)
151.688: (move f2-4f f2-5f)
115.586: (putdown f2-5f key3-0)
123.581: (move f2-5f f2-4f)
122.369: (move f2-4f f2-3f)
75.576: (pickup f2-3f key1-0)
42.876: (move f2-3f f3-3f)
73.919: (move f3-3f f3-4f)
105.446: (move f3-4f f2-4f)
79.872: (move f2-4f f2-5f)
89.593: (move f2-5f f2-6f)
67.992: (move f2-6f f3-6f)
105.953: (move f3-6f f4-6f)
113.802: (move f4-6f f4-5f)
110.379: (move f4-5f f5-5f)
97.791: (move f5-5f f6-5f)
91.058: (move f6-5f f6-4f)
107.901: (move f6-4f f6-3f)
26.670: (move f6-3f f6-2f)
47.633: (move f6-2f f5-2f)
115.894: (move f5-2f f5-3f)
101.054: (move f5-3f f5-4f)
36.246: (move f5-4f f4-4f)
79.776: (move f4-4f f4-3f)
35.519: (move f4-3f f4-2f)
69.359: (move f4-2f f3-2f)
107.006: (move f3-2f f2-2f)
104.516: (move f2-2f f1-2f)
110.407: (move f1-2f f1-1f)
102.822: (move f1-1f f0-1f)
102.568: (move f0-1f f0-0f)
97.302: (pickup-and-loose f0-0f key3-2 key1-0)
125.069: (move f0-0f f1-0f)
117.932: (move f1-0f f1-1f)
113.084: (move f1-1f f0-1f)
40.154: (move f0-1f f0-2f)
129.984: (move f0-2f f1-2f)
118.531: (move f1-2f f1-3f)
133.593: (move f1-3f f2-3f)
93.255: (putdown f2-3f key3-2)
Found a solution of length 549!
   1: (pickup f4-6f key0-1)
   2: (unlock f4-6f f3-6f key0-1 shape0)
   3: (move f4-6f f3-6f)
   4: (pickup-and-loose f3-6f key1-1 key0-1)
   5: (move f3-6f f3-5f)
   6: (move f3-5f f3-4f)
   7: (putdown f3-4f key1-1)
   8: (move f3-4f f3-5f)
   9: (move f3-5f f3-6f)
  10: (pickup f3-6f key0-1)
  11: (move f3-6f f3-5f)
  12: (move f3-5f f2-5f)
  13: (move f2-5f f2-6f)
  14: (move f2-6f f1-6f)
  15: (move f1-6f f1-5f)
  16: (move f1-5f f1-4f)
  17: (move f1-4f f2-4f)
  18: (move f2-4f f3-4f)
  19: (pickup-and-loose f3-4f key1-1 key0-1)
  20: (putdown f3-4f key1-1)
  21: (move f3-4f f3-5f)
  22: (pickup f3-5f key2-1)
  23: (move f3-5f f3-4f)
  24: (move f3-4f f2-4f)
  25: (move f2-4f f2-5f)
  26: (move f2-5f f2-6f)
  27: (move f2-6f f3-6f)
  28: (move f3-6f f4-6f)
  29: (move f4-6f f5-6f)
  30: (move f5-6f f6-6f)
  31: (move f6-6f f6-5f)
  32: (pickup-and-loose f6-5f key2-2 key2-1)
  33: (move f6-5f f6-4f)
  34: (move f6-4f f6-3f)
  35: (move f6-3f f5-3f)
  36: (move f5-3f f5-4f)
  37: (move f5-4f f5-5f)
  38: (move f5-5f f5-6f)
  39: (move f5-6f f6-6f)
  40: (putdown f6-6f key2-2)
  41: (move f6-6f f6-5f)
  42: (pickup f6-5f key2-0)
  43: (move f6-5f f6-6f)
  44: (move f6-6f f5-6f)
  45: (move f5-6f f5-5f)
  46: (move f5-5f f5-4f)
  47: (move f5-4f f5-3f)
  48: (move f5-3f f6-3f)
  49: (move f6-3f f6-4f)
  50: (putdown f6-4f key2-0)
  51: (move f6-4f f6-3f)
  52: (pickup f6-3f key3-0)
  53: (move f6-3f f6-4f)
  54: (move f6-4f f6-5f)
  55: (move f6-5f f6-6f)
  56: (move f6-6f f5-6f)
  57: (move f5-6f f5-5f)
  58: (move f5-5f f5-4f)
  59: (move f5-4f f5-3f)
  60: (move f5-3f f5-2f)
  61: (move f5-2f f4-2f)
  62: (move f4-2f f3-2f)
  63: (move f3-2f f2-2f)
  64: (move f2-2f f2-1f)
  65: (move f2-1f f2-0f)
  66: (unlock f2-0f f3-0f key3-0 shape3)
  67: (move f2-0f f3-0f)
  68: (unlock f3-0f f3-1f key3-0 shape3)
  69: (move f3-0f f2-0f)
  70: (move f2-0f f1-0f)
  71: (putdown f1-0f key3-0)
  72: (move f1-0f f2-0f)
  73: (move f2-0f f3-0f)
  74: (pickup f3-0f key3-2)
  75: (move f3-0f f2-0f)
  76: (move f2-0f f1-0f)
  77: (putdown f1-0f key3-2)
  78: (pickup f1-0f key3-0)
  79: (move f1-0f f2-0f)
  80: (move f2-0f f2-1f)
  81: (move f2-1f f1-1f)
  82: (move f1-1f f0-1f)
  83: (move f0-1f f0-0f)
  84: (putdown f0-0f key3-0)
  85: (move f0-0f f1-0f)
  86: (pickup f1-0f key3-2)
  87: (move f1-0f f0-0f)
  88: (move f0-0f f0-1f)
  89: (move f0-1f f1-1f)
  90: (move f1-1f f2-1f)
  91: (move f2-1f f2-0f)
  92: (move f2-0f f3-0f)
  93: (move f3-0f f3-1f)
  94: (move f3-1f f3-2f)
  95: (move f3-2f f2-2f)
  96: (move f2-2f f1-2f)
  97: (move f1-2f f1-3f)
  98: (move f1-3f f1-4f)
  99: (move f1-4f f2-4f)
 100: (move f2-4f f3-4f)
 101: (move f3-4f f3-5f)
 102: (move f3-5f f2-5f)
 103: (move f2-5f f2-6f)
 104: (move f2-6f f3-6f)
 105: (move f3-6f f4-6f)
 106: (move f4-6f f5-6f)
 107: (move f5-6f f6-6f)
 108: (move f6-6f f6-5f)
 109: (move f6-5f f6-4f)
 110: (move f6-4f f6-3f)
 111: (move f6-3f f5-3f)
 112: (move f5-3f f5-4f)
 113: (move f5-4f f5-5f)
 114: (move f5-5f f4-5f)
 115: (unlock f4-5f f4-4f key3-2 shape3)
 116: (move f4-5f f4-6f)
 117: (move f4-6f f5-6f)
 118: (move f5-6f f6-6f)
 119: (move f6-6f f6-5f)
 120: (move f6-5f f6-4f)
 121: (move f6-4f f6-3f)
 122: (move f6-3f f5-3f)
 123: (move f5-3f f5-4f)
 124: (move f5-4f f5-5f)
 125: (putdown f5-5f key3-2)
 126: (move f5-5f f6-5f)
 127: (move f6-5f f6-6f)
 128: (pickup f6-6f key2-2)
 129: (move f6-6f f6-5f)
 130: (move f6-5f f6-4f)
 131: (move f6-4f f6-3f)
 132: (move f6-3f f5-3f)
 133: (move f5-3f f5-4f)
 134: (move f5-4f f5-5f)
 135: (move f5-5f f5-6f)
 136: (move f5-6f f4-6f)
 137: (move f4-6f f4-5f)
 138: (move f4-5f f4-4f)
 139: (move f4-4f f3-4f)
 140: (move f3-4f f2-4f)
 141: (move f2-4f f2-5f)
 142: (move f2-5f f2-6f)
 143: (putdown f2-6f key2-2)
 144: (move f2-6f f2-5f)
 145: (move f2-5f f2-4f)
 146: (move f2-4f f3-4f)
 147: (pickup f3-4f key0-1)
 148: (move f3-4f f2-4f)
 149: (move f2-4f f2-5f)
 150: (move f2-5f f2-6f)
 151: (move f2-6f f3-6f)
 152: (move f3-6f f4-6f)
 153: (move f4-6f f4-5f)
 154: (move f4-5f f5-5f)
 155: (pickup-and-loose f5-5f key3-2 key0-1)
 156: (move f5-5f f6-5f)
 157: (move f6-5f f6-4f)
 158: (move f6-4f f6-3f)
 159: (move f6-3f f5-3f)
 160: (move f5-3f f5-4f)
 161: (move f5-4f f4-4f)
 162: (move f4-4f f4-5f)
 163: (move f4-5f f3-5f)
 164: (move f3-5f f2-5f)
 165: (move f2-5f f2-6f)
 166: (move f2-6f f3-6f)
 167: (move f3-6f f4-6f)
 168: (move f4-6f f5-6f)
 169: (move f5-6f f6-6f)
 170: (putdown f6-6f key3-2)
 171: (move f6-6f f6-5f)
 172: (move f6-5f f6-4f)
 173: (pickup f6-4f key2-0)
 174: (move f6-4f f6-5f)
 175: (move f6-5f f6-6f)
 176: (move f6-6f f5-6f)
 177: (move f5-6f f5-5f)
 178: (move f5-5f f5-4f)
 179: (move f5-4f f5-3f)
 180: (move f5-3f f6-3f)
 181: (pickup-and-loose f6-3f key0-0 key2-0)
 182: (unlock f6-3f f6-2f key0-0 shape0)
 183: (pickup-and-loose f6-3f key2-0 key0-0)
 184: (move f6-3f f6-4f)
 185: (move f6-4f f6-5f)
 186: (move f6-5f f6-6f)
 187: (move f6-6f f5-6f)
 188: (move f5-6f f5-5f)
 189: (move f5-5f f5-4f)
 190: (move f5-4f f5-3f)
 191: (move f5-3f f5-2f)
 192: (move f5-2f f6-2f)
 193: (putdown f6-2f key2-0)
 194: (move f6-2f f6-3f)
 195: (pickup f6-3f key0-0)
 196: (move f6-3f f6-2f)
 197: (pickup-and-loose f6-2f key2-0 key0-0)
 198: (move f6-2f f6-3f)
 199: (move f6-3f f6-4f)
 200: (move f6-4f f6-5f)
 201: (move f6-5f f5-5f)
 202: (move f5-5f f5-6f)
 203: (move f5-6f f6-6f)
 204: (pickup-and-loose f6-6f key3-2 key2-0)
 205: (move f6-6f f6-5f)
 206: (move f6-5f f5-5f)
 207: (move f5-5f f5-6f)
 208: (move f5-6f f4-6f)
 209: (move f4-6f f4-5f)
 210: (move f4-5f f3-5f)
 211: (move f3-5f f2-5f)
 212: (move f2-5f f2-6f)
 213: (move f2-6f f3-6f)
 214: (putdown f3-6f key3-2)
 215: (move f3-6f f3-5f)
 216: (move f3-5f f4-5f)
 217: (move f4-5f f5-5f)
 218: (move f5-5f f6-5f)
 219: (move f6-5f f6-6f)
 220: (pickup f6-6f key2-0)
 221: (move f6-6f f6-5f)
 222: (move f6-5f f5-5f)
 223: (move f5-5f f4-5f)
 224: (move f4-5f f4-6f)
 225: (move f4-6f f3-6f)
 226: (move f3-6f f3-5f)
 227: (move f3-5f f2-5f)
 228: (move f2-5f f2-6f)
 229: (move f2-6f f1-6f)
 230: (move f1-6f f1-5f)
 231: (move f1-5f f1-4f)
 232: (move f1-4f f2-4f)
 233: (move f2-4f f3-4f)
 234: (move f3-4f f4-4f)
 235: (move f4-4f f5-4f)
 236: (move f5-4f f6-4f)
 237: (move f6-4f f6-3f)
 238: (move f6-3f f6-2f)
 239: (move f6-2f f5-2f)
 240: (move f5-2f f5-3f)
 241: (unlock f5-3f f4-3f key2-0 shape2)
 242: (move f5-3f f5-4f)
 243: (move f5-4f f5-5f)
 244: (move f5-5f f6-5f)
 245: (move f6-5f f6-4f)
 246: (move f6-4f f6-3f)
 247: (move f6-3f f6-2f)
 248: (move f6-2f f5-2f)
 249: (move f5-2f f5-1f)
 250: (move f5-1f f4-1f)
 251: (move f4-1f f3-1f)
 252: (move f3-1f f3-0f)
 253: (move f3-0f f2-0f)
 254: (move f2-0f f1-0f)
 255: (putdown f1-0f key2-0)
 256: (move f1-0f f0-0f)
 257: (pickup f0-0f key3-0)
 258: (move f0-0f f1-0f)
 259: (move f1-0f f2-0f)
 260: (move f2-0f f3-0f)
 261: (move f3-0f f3-1f)
 262: (move f3-1f f2-1f)
 263: (move f2-1f f2-2f)
 264: (move f2-2f f1-2f)
 265: (move f1-2f f1-3f)
 266: (move f1-3f f0-3f)
 267: (move f0-3f f0-2f)
 268: (move f0-2f f0-1f)
 269: (move f0-1f f1-1f)
 270: (putdown f1-1f key3-0)
 271: (move f1-1f f2-1f)
 272: (move f2-1f f2-0f)
 273: (pickup f2-0f key1-2)
 274: (move f2-0f f2-1f)
 275: (move f2-1f f1-1f)
 276: (pickup-and-loose f1-1f key3-0 key1-2)
 277: (move f1-1f f1-0f)
 278: (move f1-0f f0-0f)
 279: (move f0-0f f0-1f)
 280: (move f0-1f f0-2f)
 281: (move f0-2f f1-2f)
 282: (move f1-2f f2-2f)
 283: (move f2-2f f2-1f)
 284: (move f2-1f f3-1f)
 285: (move f3-1f f3-0f)
 286: (move f3-0f f2-0f)
 287: (putdown f2-0f key3-0)
 288: (move f2-0f f2-1f)
 289: (move f2-1f f1-1f)
 290: (move f1-1f f1-0f)
 291: (pickup f1-0f key2-0)
 292: (move f1-0f f2-0f)
 293: (move f2-0f f2-1f)
 294: (move f2-1f f1-1f)
 295: (move f1-1f f0-1f)
 296: (move f0-1f f0-0f)
 297: (putdown f0-0f key2-0)
 298: (move f0-0f f1-0f)
 299: (move f1-0f f2-0f)
 300: (pickup f2-0f key3-0)
 301: (move f2-0f f1-0f)
 302: (move f1-0f f0-0f)
 303: (move f0-0f f0-1f)
 304: (move f0-1f f1-1f)
 305: (move f1-1f f2-1f)
 306: (move f2-1f f2-2f)
 307: (move f2-2f f1-2f)
 308: (move f1-2f f1-3f)
 309: (move f1-3f f0-3f)
 310: (move f0-3f f0-2f)
 311: (putdown f0-2f key3-0)
 312: (move f0-2f f0-1f)
 313: (move f0-1f f0-0f)
 314: (pickup f0-0f key2-0)
 315: (move f0-0f f1-0f)
 316: (putdown f1-0f key2-0)
 317: (move f1-0f f1-1f)
 318: (move f1-1f f1-2f)
 319: (move f1-2f f0-2f)
 320: (move f0-2f f0-3f)
 321: (move f0-3f f1-3f)
 322: (move f1-3f f1-4f)
 323: (move f1-4f f2-4f)
 324: (move f2-4f f2-5f)
 325: (move f2-5f f3-5f)
 326: (move f3-5f f3-6f)
 327: (pickup f3-6f key3-2)
 328: (move f3-6f f2-6f)
 329: (move f2-6f f2-5f)
 330: (move f2-5f f2-4f)
 331: (move f2-4f f3-4f)
 332: (move f3-4f f3-5f)
 333: (move f3-5f f4-5f)
 334: (move f4-5f f5-5f)
 335: (move f5-5f f6-5f)
 336: (move f6-5f f6-4f)
 337: (move f6-4f f5-4f)
 338: (move f5-4f f4-4f)
 339: (move f4-4f f4-3f)
 340: (move f4-3f f5-3f)
 341: (move f5-3f f5-2f)
 342: (move f5-2f f6-2f)
 343: (move f6-2f f6-3f)
 344: (putdown f6-3f key3-2)
 345: (move f6-3f f6-2f)
 346: (pickup f6-2f key0-0)
 347: (move f6-2f f6-3f)
 348: (pickup-and-loose f6-3f key3-2 key0-0)
 349: (move f6-3f f6-4f)
 350: (move f6-4f f6-5f)
 351: (move f6-5f f5-5f)
 352: (move f5-5f f5-4f)
 353: (move f5-4f f5-3f)
 354: (move f5-3f f4-3f)
 355: (move f4-3f f4-4f)
 356: (move f4-4f f4-5f)
 357: (move f4-5f f3-5f)
 358: (move f3-5f f2-5f)
 359: (move f2-5f f2-6f)
 360: (move f2-6f f3-6f)
 361: (move f3-6f f4-6f)
 362: (move f4-6f f5-6f)
 363: (move f5-6f f6-6f)
 364: (putdown f6-6f key3-2)
 365: (move f6-6f f6-5f)
 366: (move f6-5f f5-5f)
 367: (move f5-5f f5-6f)
 368: (move f5-6f f4-6f)
 369: (move f4-6f f4-5f)
 370: (move f4-5f f3-5f)
 371: (move f3-5f f2-5f)
 372: (move f2-5f f2-6f)
 373: (pickup f2-6f key2-2)
 374: (move f2-6f f2-5f)
 375: (putdown f2-5f key2-2)
 376: (move f2-5f f2-6f)
 377: (move f2-6f f3-6f)
 378: (move f3-6f f3-5f)
 379: (move f3-5f f4-5f)
 380: (move f4-5f f5-5f)
 381: (move f5-5f f6-5f)
 382: (move f6-5f f6-6f)
 383: (pickup f6-6f key3-2)
 384: (move f6-6f f6-5f)
 385: (move f6-5f f5-5f)
 386: (move f5-5f f4-5f)
 387: (move f4-5f f3-5f)
 388: (move f3-5f f2-5f)
 389: (putdown f2-5f key3-2)
 390: (pickup f2-5f key2-2)
 391: (move f2-5f f2-6f)
 392: (putdown f2-6f key2-2)
 393: (move f2-6f f2-5f)
 394: (move f2-5f f2-4f)
 395: (move f2-4f f3-4f)
 396: (move f3-4f f3-5f)
 397: (move f3-5f f4-5f)
 398: (move f4-5f f5-5f)
 399: (move f5-5f f6-5f)
 400: (pickup f6-5f key1-0)
 401: (move f6-5f f5-5f)
 402: (move f5-5f f4-5f)
 403: (move f4-5f f3-5f)
 404: (move f3-5f f2-5f)
 405: (pickup-and-loose f2-5f key3-2 key1-0)
 406: (move f2-5f f2-6f)
 407: (move f2-6f f3-6f)
 408: (move f3-6f f3-5f)
 409: (move f3-5f f4-5f)
 410: (move f4-5f f5-5f)
 411: (move f5-5f f6-5f)
 412: (move f6-5f f6-4f)
 413: (move f6-4f f6-3f)
 414: (move f6-3f f5-3f)
 415: (move f5-3f f5-4f)
 416: (move f5-4f f4-4f)
 417: (move f4-4f f3-4f)
 418: (move f3-4f f2-4f)
 419: (move f2-4f f1-4f)
 420: (move f1-4f f1-5f)
 421: (move f1-5f f0-5f)
 422: (putdown f0-5f key3-2)
 423: (move f0-5f f1-5f)
 424: (move f1-5f f2-5f)
 425: (pickup f2-5f key1-0)
 426: (move f2-5f f1-5f)
 427: (move f1-5f f0-5f)
 428: (pickup-and-loose f0-5f key3-2 key1-0)
 429: (move f0-5f f1-5f)
 430: (move f1-5f f2-5f)
 431: (move f2-5f f2-6f)
 432: (move f2-6f f3-6f)
 433: (move f3-6f f3-5f)
 434: (move f3-5f f4-5f)
 435: (move f4-5f f5-5f)
 436: (move f5-5f f6-5f)
 437: (move f6-5f f6-4f)
 438: (move f6-4f f6-3f)
 439: (move f6-3f f5-3f)
 440: (move f5-3f f5-4f)
 441: (move f5-4f f4-4f)
 442: (move f4-4f f3-4f)
 443: (move f3-4f f2-4f)
 444: (move f2-4f f1-4f)
 445: (move f1-4f f1-3f)
 446: (move f1-3f f1-2f)
 447: (move f1-2f f0-2f)
 448: (move f0-2f f0-1f)
 449: (move f0-1f f1-1f)
 450: (move f1-1f f1-0f)
 451: (move f1-0f f0-0f)
 452: (putdown f0-0f key3-2)
 453: (move f0-0f f0-1f)
 454: (move f0-1f f0-2f)
 455: (pickup f0-2f key3-0)
 456: (move f0-2f f0-1f)
 457: (move f0-1f f0-0f)
 458: (move f0-0f f1-0f)
 459: (move f1-0f f1-1f)
 460: (move f1-1f f1-2f)
 461: (move f1-2f f2-2f)
 462: (move f2-2f f2-1f)
 463: (move f2-1f f2-0f)
 464: (move f2-0f f3-0f)
 465: (move f3-0f f3-1f)
 466: (move f3-1f f3-2f)
 467: (move f3-2f f4-2f)
 468: (move f4-2f f4-3f)
 469: (move f4-3f f5-3f)
 470: (move f5-3f f6-3f)
 471: (move f6-3f f6-4f)
 472: (move f6-4f f6-5f)
 473: (move f6-5f f5-5f)
 474: (move f5-5f f5-4f)
 475: (move f5-4f f4-4f)
 476: (move f4-4f f4-5f)
 477: (move f4-5f f3-5f)
 478: (move f3-5f f2-5f)
 479: (putdown f2-5f key3-0)
 480: (move f2-5f f1-5f)
 481: (move f1-5f f0-5f)
 482: (pickup f0-5f key1-0)
 483: (move f0-5f f1-5f)
 484: (move f1-5f f2-5f)
 485: (move f2-5f f2-4f)
 486: (unlock f2-4f f2-3f key1-0 shape1)
 487: (move f2-4f f2-3f)
 488: (putdown f2-3f key1-0)
 489: (move f2-3f f2-4f)
 490: (move f2-4f f2-5f)
 491: (pickup f2-5f key3-0)
 492: (move f2-5f f2-6f)
 493: (move f2-6f f3-6f)
 494: (move f3-6f f3-5f)
 495: (move f3-5f f4-5f)
 496: (move f4-5f f5-5f)
 497: (move f5-5f f6-5f)
 498: (move f6-5f f6-4f)
 499: (move f6-4f f6-3f)
 500: (move f6-3f f5-3f)
 501: (move f5-3f f5-4f)
 502: (move f5-4f f4-4f)
 503: (move f4-4f f3-4f)
 504: (move f3-4f f2-4f)
 505: (move f2-4f f2-3f)
 506: (putdown f2-3f key3-0)
 507: (pickup f2-3f key1-0)
 508: (unlock f2-3f f3-3f key1-0 shape1)
 509: (pickup-and-loose f2-3f key3-0 key1-0)
 510: (move f2-3f f2-4f)
 511: (move f2-4f f2-5f)
 512: (putdown f2-5f key3-0)
 513: (move f2-5f f2-4f)
 514: (move f2-4f f2-3f)
 515: (pickup f2-3f key1-0)
 516: (move f2-3f f3-3f)
 517: (move f3-3f f3-4f)
 518: (move f3-4f f2-4f)
 519: (move f2-4f f2-5f)
 520: (move f2-5f f2-6f)
 521: (move f2-6f f3-6f)
 522: (move f3-6f f4-6f)
 523: (move f4-6f f4-5f)
 524: (move f4-5f f5-5f)
 525: (move f5-5f f6-5f)
 526: (move f6-5f f6-4f)
 527: (move f6-4f f6-3f)
 528: (move f6-3f f6-2f)
 529: (move f6-2f f5-2f)
 530: (move f5-2f f5-3f)
 531: (move f5-3f f5-4f)
 532: (move f5-4f f4-4f)
 533: (move f4-4f f4-3f)
 534: (move f4-3f f4-2f)
 535: (move f4-2f f3-2f)
 536: (move f3-2f f2-2f)
 537: (move f2-2f f1-2f)
 538: (move f1-2f f1-1f)
 539: (move f1-1f f0-1f)
 540: (move f0-1f f0-0f)
 541: (pickup-and-loose f0-0f key3-2 key1-0)
 542: (move f0-0f f1-0f)
 543: (move f1-0f f1-1f)
 544: (move f1-1f f0-1f)
 545: (move f0-1f f0-2f)
 546: (move f0-2f f1-2f)
 547: (move f1-2f f1-3f)
 548: (move f1-3f f2-3f)
 549: (putdown f2-3f key3-2)
