/u/ibrahim.eisawy/Neural-Guided-Search/venv/lib/python3.10/site-packages/pymimir_rgnn/model.py:162: UserWarning: index_reduce() is in beta and the API may change at any time. (Triggered internally at /pytorch/aten/src/ATen/native/cuda/Indexing.cu:1541.)
  exps_max.index_reduce_(0, output_indices, output_messages, reduce="amax", include_self=False)
Torch: 2.12.0+cu130
Using GPU:  NVIDIA L40S
280.991: (move f6-7f f7-7f)
308.670: (pickup f7-7f key4-1)
263.641: (move f7-7f f7-6f)
288.347: (move f7-6f f7-5f)
280.932: (move f7-5f f8-5f)
240.956: (putdown f8-5f key4-1)
286.340: (pickup f8-5f key2-1)
236.435: (move f8-5f f9-5f)
254.537: (move f9-5f f9-4f)
284.568: (move f9-4f f8-4f)
282.067: (move f8-4f f7-4f)
242.236: (move f7-4f f6-4f)
275.146: (move f6-4f f5-4f)
224.887: (move f5-4f f5-3f)
279.249: (move f5-3f f6-3f)
281.277: (move f6-3f f7-3f)
268.398: (move f7-3f f8-3f)
256.620: (move f8-3f f8-2f)
204.117: (move f8-2f f9-2f)
280.212: (move f9-2f f10-2f)
171.260: (putdown f10-2f key2-1)
198.865: (move f10-2f f9-2f)
259.764: (move f9-2f f8-2f)
225.893: (pickup f8-2f key0-3)
264.594: (move f8-2f f9-2f)
257.129: (move f9-2f f10-2f)
248.598: (pickup-and-loose f10-2f key2-1 key0-3)
192.331: (move f10-2f f9-2f)
273.156: (move f9-2f f9-3f)
261.992: (move f9-3f f9-4f)
272.762: (move f9-4f f9-5f)
263.997: (move f9-5f f8-5f)
229.141: (putdown f8-5f key2-1)
274.273: (pickup f8-5f key4-1)
224.096: (move f8-5f f9-5f)
242.232: (move f9-5f f9-4f)
272.205: (move f9-4f f8-4f)
268.055: (move f8-4f f7-4f)
228.174: (move f7-4f f6-4f)
261.913: (move f6-4f f5-4f)
212.584: (move f5-4f f5-3f)
266.946: (move f5-3f f6-3f)
268.622: (move f6-3f f7-3f)
237.735: (move f7-3f f8-3f)
230.033: (move f8-3f f9-3f)
262.821: (move f9-3f f9-2f)
274.974: (move f9-2f f10-2f)
177.003: (pickup-and-loose f10-2f key0-3 key4-1)
179.727: (move f10-2f f9-2f)
240.647: (move f9-2f f9-3f)
238.675: (move f9-3f f9-4f)
261.203: (move f9-4f f9-5f)
250.878: (move f9-5f f8-5f)
240.079: (pickup-and-loose f8-5f key2-1 key0-3)
242.733: (move f8-5f f9-5f)
246.316: (move f9-5f f9-4f)
274.312: (move f9-4f f8-4f)
271.412: (move f8-4f f7-4f)
230.475: (move f7-4f f6-4f)
264.465: (move f6-4f f5-4f)
215.255: (move f5-4f f5-3f)
269.615: (move f5-3f f6-3f)
271.320: (move f6-3f f7-3f)
240.514: (move f7-3f f8-3f)
232.706: (move f8-3f f9-3f)
275.807: (move f9-3f f9-2f)
273.337: (move f9-2f f10-2f)
191.606: (pickup-and-loose f10-2f key4-1 key2-1)
213.486: (move f10-2f f9-2f)
266.435: (move f9-2f f9-3f)
265.086: (move f9-3f f9-4f)
274.131: (move f9-4f f9-5f)
264.839: (move f9-5f f8-5f)
240.220: (move f8-5f f8-4f)
271.095: (move f8-4f f7-4f)
230.158: (move f7-4f f6-4f)
264.161: (move f6-4f f5-4f)
214.946: (move f5-4f f5-3f)
269.309: (move f5-3f f6-3f)
270.990: (move f6-3f f7-3f)
240.182: (move f7-3f f8-3f)
211.672: (move f8-3f f8-2f)
198.536: (move f8-2f f8-1f)
212.775: (move f8-1f f7-1f)
263.025: (move f7-1f f6-1f)
276.723: (move f6-1f f6-2f)
273.181: (move f6-2f f5-2f)
269.218: (move f5-2f f4-2f)
252.900: (move f4-2f f4-3f)
270.129: (move f4-3f f4-4f)
233.910: (move f4-4f f4-5f)
277.342: (move f4-5f f5-5f)
236.508: (move f5-5f f6-5f)
277.487: (move f6-5f f7-5f)
188.432: (move f7-5f f7-6f)
277.321: (move f7-6f f7-7f)
193.558: (move f7-7f f6-7f)
275.683: (move f6-7f f5-7f)
258.857: (move f5-7f f5-6f)
197.895: (move f5-6f f6-6f)
163.656: (putdown f6-6f key4-1)
213.001: (move f6-6f f6-5f)
271.366: (move f6-5f f6-4f)
272.994: (move f6-4f f5-4f)
305.482: (pickup f5-4f key4-4)
281.900: (move f5-4f f6-4f)
268.159: (move f6-4f f7-4f)
219.624: (move f7-4f f7-3f)
269.057: (move f7-3f f6-3f)
203.046: (move f6-3f f5-3f)
275.356: (move f5-3f f5-2f)
271.362: (move f5-2f f4-2f)
209.566: (move f4-2f f4-3f)
198.553: (move f4-3f f4-4f)
272.412: (move f4-4f f4-5f)
275.367: (move f4-5f f3-5f)
251.454: (move f3-5f f3-6f)
267.077: (move f3-6f f2-6f)
185.526: (move f2-6f f2-7f)
273.958: (move f2-7f f3-7f)
265.474: (move f3-7f f3-8f)
251.277: (move f3-8f f3-9f)
273.736: (move f3-9f f3-10f)
216.251: (move f3-10f f2-10f)
267.313: (move f2-10f f2-9f)
250.377: (move f2-9f f2-8f)
279.941: (move f2-8f f1-8f)
208.273: (move f1-8f f1-7f)
283.148: (move f1-7f f1-6f)
211.088: (move f1-6f f0-6f)
282.452: (move f0-6f f0-5f)
273.806: (move f0-5f f0-4f)
251.416: (move f0-4f f0-3f)
273.780: (move f0-3f f0-2f)
274.514: (move f0-2f f0-1f)
219.722: (move f0-1f f0-0f)
161.505: (putdown f0-0f key4-4)
244.768: (move f0-0f f0-1f)
287.162: (pickup f0-1f key2-4)
258.592: (move f0-1f f0-0f)
176.223: (pickup-and-loose f0-0f key4-4 key2-4)
206.059: (move f0-0f f0-1f)
206.986: (move f0-1f f1-1f)
200.550: (move f1-1f f1-2f)
260.397: (move f1-2f f0-2f)
265.436: (move f0-2f f0-3f)
260.609: (move f0-3f f0-4f)
173.116: (move f0-4f f1-4f)
192.043: (move f1-4f f1-5f)
268.283: (move f1-5f f1-6f)
264.410: (move f1-6f f2-6f)
249.536: (move f2-6f f3-6f)
235.341: (move f3-6f f3-5f)
192.741: (putdown f3-5f key4-4)
217.173: (move f3-5f f3-6f)
237.754: (move f3-6f f2-6f)
218.808: (pickup f2-6f key1-4)
255.127: (move f2-6f f3-6f)
242.418: (move f3-6f f3-5f)
234.933: (pickup-and-loose f3-5f key4-4 key1-4)
223.270: (move f3-5f f3-6f)
224.745: (move f3-6f f3-7f)
246.900: (move f3-7f f3-8f)
232.192: (move f3-8f f3-9f)
254.818: (move f3-9f f3-10f)
197.388: (move f3-10f f2-10f)
248.445: (move f2-10f f2-9f)
231.666: (move f2-9f f2-8f)
261.708: (move f2-8f f1-8f)
186.495: (move f1-8f f1-7f)
210.253: (move f1-7f f2-7f)
263.093: (move f2-7f f2-6f)
176.487: (move f2-6f f1-6f)
215.650: (move f1-6f f0-6f)
263.806: (move f0-6f f0-5f)
254.386: (move f0-5f f0-4f)
168.167: (move f0-4f f0-3f)
234.397: (move f0-3f f0-2f)
263.053: (move f0-2f f0-1f)
255.533: (move f0-1f f0-0f)
173.188: (pickup-and-loose f0-0f key2-4 key4-4)
196.992: (move f0-0f f0-1f)
198.919: (move f0-1f f1-1f)
176.275: (move f1-1f f1-2f)
252.370: (move f1-2f f0-2f)
257.409: (move f0-2f f0-3f)
251.741: (move f0-3f f0-4f)
162.429: (move f0-4f f1-4f)
184.563: (move f1-4f f2-4f)
258.536: (move f2-4f f3-4f)
257.078: (move f3-4f f3-5f)
223.715: (move f3-5f f3-6f)
211.176: (move f3-6f f3-7f)
244.210: (move f3-7f f3-8f)
229.729: (move f3-8f f3-9f)
252.238: (move f3-9f f3-10f)
194.957: (move f3-10f f2-10f)
245.989: (move f2-10f f2-9f)
229.203: (move f2-9f f2-8f)
259.106: (move f2-8f f1-8f)
172.134: (move f1-8f f1-7f)
207.787: (move f1-7f f2-7f)
260.617: (move f2-7f f2-6f)
190.891: (move f2-6f f1-6f)
213.186: (move f1-6f f0-6f)
261.341: (move f0-6f f0-5f)
176.286: (move f0-5f f1-5f)
176.385: (unlock f1-5f f2-5f key2-4 shape2)
262.385: (move f1-5f f2-5f)
257.828: (move f2-5f f3-5f)
221.142: (move f3-5f f3-6f)
212.480: (move f3-6f f3-7f)
246.031: (move f3-7f f3-8f)
231.532: (move f3-8f f3-9f)
254.033: (move f3-9f f3-10f)
196.751: (move f3-10f f2-10f)
247.784: (move f2-10f f2-9f)
230.997: (move f2-9f f2-8f)
260.900: (move f2-8f f1-8f)
173.928: (move f1-8f f1-7f)
209.585: (move f1-7f f2-7f)
262.377: (move f2-7f f2-6f)
175.647: (move f2-6f f1-6f)
214.929: (move f1-6f f0-6f)
263.132: (move f0-6f f0-5f)
254.130: (move f0-5f f0-4f)
168.280: (move f0-4f f0-3f)
234.409: (move f0-3f f0-2f)
262.381: (move f0-2f f0-1f)
254.827: (move f0-1f f0-0f)
172.458: (pickup-and-loose f0-0f key4-4 key2-4)
202.291: (move f0-0f f0-1f)
203.219: (move f0-1f f1-1f)
196.783: (move f1-1f f1-2f)
256.635: (move f1-2f f0-2f)
261.667: (move f0-2f f0-3f)
256.680: (move f0-3f f0-4f)
168.242: (move f0-4f f1-4f)
193.773: (move f1-4f f1-5f)
264.849: (move f1-5f f2-5f)
260.296: (move f2-5f f3-5f)
223.721: (move f3-5f f3-6f)
226.276: (move f3-6f f3-7f)
248.721: (move f3-7f f3-8f)
233.995: (move f3-8f f3-9f)
256.613: (move f3-9f f3-10f)
199.183: (move f3-10f f2-10f)
250.240: (move f2-10f f2-9f)
233.461: (move f2-9f f2-8f)
263.502: (move f2-8f f1-8f)
188.288: (move f1-8f f1-7f)
212.050: (move f1-7f f2-7f)
264.854: (move f2-7f f2-6f)
178.224: (move f2-6f f1-6f)
217.393: (move f1-6f f0-6f)
265.597: (move f0-6f f0-5f)
140.248: (putdown f0-5f key4-4)
219.279: (move f0-5f f0-4f)
220.448: (pickup f0-4f key3-1)
257.525: (move f0-4f f0-5f)
245.566: (pickup-and-loose f0-5f key4-4 key3-1)
194.204: (move f0-5f f1-5f)
252.543: (move f1-5f f2-5f)
260.259: (move f2-5f f3-5f)
223.850: (move f3-5f f3-6f)
227.080: (move f3-6f f3-7f)
249.339: (move f3-7f f3-8f)
234.104: (move f3-8f f3-9f)
256.728: (move f3-9f f3-10f)
199.299: (move f3-10f f2-10f)
250.356: (move f2-10f f2-9f)
233.577: (move f2-9f f2-8f)
263.605: (move f2-8f f1-8f)
188.765: (move f1-8f f1-7f)
215.027: (move f1-7f f0-7f)
263.257: (move f0-7f f0-6f)
183.166: (move f0-6f f1-6f)
264.689: (move f1-6f f2-6f)
186.747: (move f2-6f f2-7f)
149.742: (putdown f2-7f key4-4)
202.945: (move f2-7f f2-8f)
241.166: (move f2-8f f2-9f)
274.921: (move f2-9f f3-9f)
273.481: (move f3-9f f3-10f)
300.991: (pickup f3-10f key4-3)
258.982: (move f3-10f f3-9f)
276.132: (move f3-9f f2-9f)
281.632: (move f2-9f f2-8f)
275.389: (move f2-8f f2-7f)
218.085: (move f2-7f f3-7f)
273.265: (move f3-7f f3-6f)
275.505: (move f3-6f f2-6f)
266.523: (move f2-6f f2-5f)
279.380: (move f2-5f f3-5f)
202.178: (putdown f3-5f key4-3)
232.112: (pickup f3-5f key1-4)
226.731: (move f3-5f f3-6f)
271.955: (move f3-6f f3-7f)
272.460: (move f3-7f f2-7f)
260.250: (pickup-and-loose f2-7f key4-4 key1-4)
263.299: (move f2-7f f2-6f)
270.226: (move f2-6f f3-6f)
272.630: (move f3-6f f3-5f)
233.727: (putdown f3-5f key4-4)
286.686: (pickup f3-5f key4-3)
225.142: (move f3-5f f3-6f)
265.242: (move f3-6f f3-7f)
266.931: (move f3-7f f2-7f)
259.381: (move f2-7f f2-6f)
265.353: (move f2-6f f2-5f)
262.782: (move f2-5f f1-5f)
268.141: (move f1-5f f0-5f)
182.146: (move f0-5f f0-4f)
189.625: (move f0-4f f1-4f)
238.402: (move f1-4f f2-4f)
278.356: (move f2-4f f3-4f)
194.431: (move f3-4f f4-4f)
277.648: (move f4-4f f4-5f)
242.254: (move f4-5f f5-5f)
276.028: (move f5-5f f5-6f)
267.786: (move f5-6f f6-6f)
213.569: (move f6-6f f7-6f)
266.868: (move f7-6f f7-5f)
267.345: (move f7-5f f7-4f)
213.942: (move f7-4f f7-3f)
263.379: (move f7-3f f6-3f)
264.072: (move f6-3f f6-4f)
262.143: (move f6-4f f6-5f)
154.033: (putdown f6-5f key4-3)
243.955: (move f6-5f f6-6f)
289.905: (pickup f6-6f key4-1)
267.243: (move f6-6f f6-5f)
226.364: (move f6-5f f7-5f)
264.078: (move f7-5f f7-4f)
229.909: (move f7-4f f6-4f)
260.548: (move f6-4f f6-3f)
263.939: (move f6-3f f7-3f)
237.440: (move f7-3f f8-3f)
247.503: (move f8-3f f8-4f)
269.223: (move f8-4f f8-5f)
239.992: (move f8-5f f9-5f)
242.767: (move f9-5f f9-4f)
269.427: (move f9-4f f10-4f)
264.832: (move f10-4f f10-5f)
155.417: (putdown f10-5f key4-1)
223.738: (move f10-5f f9-5f)
242.455: (move f9-5f f8-5f)
224.619: (move f8-5f f8-4f)
259.096: (move f8-4f f7-4f)
285.340: (pickup f7-4f key0-1)
266.402: (move f7-4f f6-4f)
251.104: (move f6-4f f6-5f)
198.232: (move f6-5f f7-5f)
254.716: (move f7-5f f8-5f)
230.745: (move f8-5f f9-5f)
255.338: (move f9-5f f10-5f)
206.366: (move f10-5f f10-4f)
241.837: (move f10-4f f9-4f)
262.218: (move f9-4f f9-3f)
264.034: (move f9-3f f9-2f)
261.099: (move f9-2f f10-2f)
179.505: (pickup-and-loose f10-2f key2-1 key0-1)
210.898: (move f10-2f f9-2f)
264.084: (move f9-2f f9-3f)
260.334: (move f9-3f f9-4f)
274.176: (move f9-4f f9-5f)
264.872: (move f9-5f f10-5f)
215.984: (move f10-5f f10-4f)
158.105: (putdown f10-4f key2-1)
236.074: (move f10-4f f10-5f)
280.253: (pickup f10-5f key4-1)
265.601: (move f10-5f f9-5f)
264.314: (move f9-5f f9-4f)
265.843: (move f9-4f f10-4f)
184.529: (pickup-and-loose f10-4f key2-1 key4-1)
212.514: (move f10-4f f9-4f)
269.023: (move f9-4f f9-5f)
267.289: (move f9-5f f10-5f)
155.521: (putdown f10-5f key2-1)
234.817: (move f10-5f f10-4f)
281.476: (pickup f10-4f key4-1)
267.968: (move f10-4f f10-5f)
241.687: (move f10-5f f9-5f)
261.796: (move f9-5f f8-5f)
234.866: (move f8-5f f7-5f)
261.778: (move f7-5f f6-5f)
204.217: (move f6-5f f6-4f)
257.641: (move f6-4f f6-3f)
239.245: (move f6-3f f7-3f)
249.155: (move f7-3f f8-3f)
228.262: (move f8-3f f9-3f)
270.589: (move f9-3f f9-2f)
267.733: (move f9-2f f10-2f)
186.213: (pickup-and-loose f10-2f key0-1 key4-1)
201.595: (move f10-2f f9-2f)
254.529: (move f9-2f f9-3f)
250.820: (move f9-3f f9-4f)
264.657: (move f9-4f f9-5f)
255.296: (move f9-5f f10-5f)
206.421: (move f10-5f f10-4f)
148.533: (putdown f10-4f key0-1)
236.159: (move f10-4f f10-5f)
280.268: (pickup f10-5f key2-1)
268.638: (move f10-5f f9-5f)
267.289: (move f9-5f f9-4f)
268.885: (move f9-4f f10-4f)
187.675: (pickup-and-loose f10-4f key0-1 key2-1)
202.959: (move f10-4f f9-4f)
259.394: (move f9-4f f9-5f)
257.692: (move f9-5f f10-5f)
177.524: (unlock f10-5f f10-6f key0-1 shape0)
259.037: (move f10-5f f9-5f)
258.436: (move f9-5f f9-4f)
259.845: (move f9-4f f10-4f)
178.339: (pickup-and-loose f10-4f key2-1 key0-1)
212.770: (move f10-4f f9-4f)
269.693: (move f9-4f f9-5f)
268.041: (move f9-5f f10-5f)
189.890: (move f10-5f f10-6f)
272.473: (move f10-6f f9-6f)
269.318: (move f9-6f f8-6f)
286.441: (unlock f8-6f f8-7f key2-1 shape2)
280.026: (move f8-6f f8-7f)
224.957: (move f8-7f f7-7f)
248.403: (move f7-7f f7-6f)
288.449: (move f7-6f f6-6f)
280.671: (move f6-6f f6-5f)
224.337: (move f6-5f f7-5f)
279.133: (move f7-5f f8-5f)
255.078: (move f8-5f f9-5f)
282.862: (move f9-5f f9-4f)
282.078: (move f9-4f f10-4f)
224.509: (move f10-4f f10-5f)
202.413: (move f10-5f f10-6f)
284.903: (move f10-6f f9-6f)
205.407: (unlock f9-6f f9-7f key2-1 shape2)
289.612: (move f9-6f f9-5f)
284.842: (move f9-5f f9-4f)
284.068: (move f9-4f f10-4f)
226.495: (move f10-4f f10-5f)
204.410: (move f10-5f f10-6f)
174.802: (putdown f10-6f key2-1)
223.907: (move f10-6f f10-5f)
271.828: (move f10-5f f10-4f)
302.530: (pickup f10-4f key0-1)
284.069: (move f10-4f f10-5f)
279.470: (move f10-5f f9-5f)
277.882: (move f9-5f f9-6f)
279.059: (move f9-6f f10-6f)
197.764: (pickup-and-loose f10-6f key2-1 key0-1)
238.316: (move f10-6f f9-6f)
288.686: (move f9-6f f9-5f)
287.404: (move f9-5f f10-5f)
281.950: (move f10-5f f10-4f)
284.580: (move f10-4f f9-4f)
291.907: (move f9-4f f9-3f)
293.074: (move f9-3f f9-2f)
290.315: (move f9-2f f10-2f)
208.721: (pickup-and-loose f10-2f key4-1 key2-1)
228.251: (move f10-2f f9-2f)
280.947: (move f9-2f f9-3f)
280.264: (move f9-3f f9-4f)
291.237: (move f9-4f f9-5f)
284.415: (move f9-5f f10-5f)
285.931: (move f10-5f f10-6f)
235.366: (move f10-6f f9-6f)
284.950: (move f9-6f f8-6f)
283.618: (move f8-6f f8-7f)
228.546: (move f8-7f f7-7f)
252.142: (move f7-7f f7-6f)
291.628: (move f7-6f f6-6f)
284.254: (move f6-6f f6-5f)
227.939: (move f6-5f f7-5f)
282.721: (move f7-5f f8-5f)
219.224: (putdown f8-5f key4-1)
228.718: (pickup f8-5f key0-3)
224.368: (move f8-5f f9-5f)
269.042: (move f9-5f f9-6f)
272.162: (move f9-6f f10-6f)
264.684: (pickup-and-loose f10-6f key0-1 key0-3)
274.114: (move f10-6f f10-5f)
277.656: (move f10-5f f9-5f)
275.673: (move f9-5f f8-5f)
238.620: (putdown f8-5f key0-1)
291.982: (pickup f8-5f key4-1)
240.397: (move f8-5f f9-5f)
275.777: (move f9-5f f10-5f)
284.030: (move f10-5f f10-6f)
273.729: (move f10-6f f9-6f)
283.587: (move f9-6f f9-7f)
281.769: (move f9-7f f8-7f)
227.394: (move f8-7f f8-6f)
248.637: (move f8-6f f7-6f)
288.343: (move f7-6f f6-6f)
280.569: (move f6-6f f6-5f)
225.514: (move f6-5f f7-5f)
229.081: (move f7-5f f7-4f)
289.173: (move f7-4f f6-4f)
275.203: (move f6-4f f6-3f)
255.653: (move f6-3f f7-3f)
265.909: (move f7-3f f8-3f)
248.541: (move f8-3f f8-4f)
274.574: (move f8-4f f9-4f)
286.528: (move f9-4f f10-4f)
172.341: (putdown f10-4f key4-1)
204.425: (move f10-4f f10-5f)
265.524: (move f10-5f f9-5f)
262.698: (move f9-5f f8-5f)
299.723: (pickup f8-5f key0-1)
253.011: (move f8-5f f9-5f)
277.926: (move f9-5f f9-4f)
275.096: (move f9-4f f10-4f)
220.451: (move f10-4f f10-5f)
273.276: (move f10-5f f10-6f)
275.588: (move f10-6f f9-6f)
278.825: (move f9-6f f9-7f)
274.430: (move f9-7f f8-7f)
219.429: (move f8-7f f8-6f)
242.982: (move f8-6f f7-6f)
281.746: (move f7-6f f6-6f)
273.975: (move f6-6f f6-5f)
217.529: (move f6-5f f7-5f)
223.485: (move f7-5f f7-4f)
282.774: (move f7-4f f6-4f)
268.644: (move f6-4f f6-3f)
248.944: (move f6-3f f7-3f)
245.865: (move f7-3f f8-3f)
238.464: (move f8-3f f9-3f)
279.759: (move f9-3f f9-2f)
277.225: (move f9-2f f10-2f)
195.609: (pickup-and-loose f10-2f key2-1 key0-1)
226.999: (move f10-2f f9-2f)
280.045: (move f9-2f f9-3f)
289.009: (move f9-3f f9-4f)
284.672: (move f9-4f f9-5f)
287.434: (move f9-5f f10-5f)
282.965: (move f10-5f f10-4f)
204.272: (pickup-and-loose f10-4f key4-1 key2-1)
227.017: (move f10-4f f10-5f)
279.977: (move f10-5f f9-5f)
284.457: (move f9-5f f9-4f)
274.677: (move f9-4f f9-3f)
286.113: (move f9-3f f9-2f)
283.813: (move f9-2f f10-2f)
202.292: (pickup-and-loose f10-2f key0-1 key4-1)
217.707: (move f10-2f f9-2f)
270.563: (move f9-2f f9-3f)
279.825: (move f9-3f f9-4f)
275.121: (move f9-4f f9-5f)
277.913: (move f9-5f f10-5f)
273.403: (move f10-5f f10-4f)
194.863: (pickup-and-loose f10-4f key2-1 key0-1)
229.775: (move f10-4f f10-5f)
283.031: (move f10-5f f9-5f)
287.451: (move f9-5f f9-4f)
277.736: (move f9-4f f9-3f)
288.947: (move f9-3f f9-2f)
286.610: (move f9-2f f10-2f)
204.958: (pickup-and-loose f10-2f key4-1 key2-1)
224.275: (move f10-2f f9-2f)
277.041: (move f9-2f f9-3f)
286.177: (move f9-3f f9-4f)
281.721: (move f9-4f f9-5f)
284.443: (move f9-5f f10-5f)
280.027: (move f10-5f f10-4f)
183.624: (putdown f10-4f key4-1)
196.672: (move f10-4f f10-5f)
256.899: (move f10-5f f9-5f)
239.826: (move f9-5f f9-4f)
233.597: (move f9-4f f9-3f)
266.351: (move f9-3f f9-2f)
264.487: (move f9-2f f10-2f)
293.975: (pickup f10-2f key2-1)
203.316: (move f10-2f f9-2f)
284.151: (move f9-2f f9-3f)
280.369: (move f9-3f f9-4f)
274.932: (move f9-4f f9-5f)
277.796: (move f9-5f f10-5f)
273.198: (move f10-5f f10-4f)
197.236: (pickup-and-loose f10-4f key0-1 key2-1)
212.972: (move f10-4f f10-5f)
263.605: (move f10-5f f9-5f)
268.275: (move f9-5f f9-4f)
258.080: (move f9-4f f9-3f)
248.499: (move f9-3f f8-3f)
224.556: (move f8-3f f7-3f)
267.254: (move f7-3f f6-3f)
259.188: (move f6-3f f6-4f)
259.039: (move f6-4f f6-5f)
207.878: (move f6-5f f7-5f)
253.833: (move f7-5f f8-5f)
240.551: (move f8-5f f8-6f)
265.315: (move f8-6f f8-7f)
208.596: (move f8-7f f7-7f)
232.053: (move f7-7f f7-6f)
272.128: (move f7-6f f6-6f)
224.830: (move f6-6f f6-7f)
261.925: (move f6-7f f5-7f)
253.220: (move f5-7f f5-6f)
273.416: (move f5-6f f5-5f)
261.053: (move f5-5f f4-5f)
268.457: (move f4-5f f3-5f)
227.542: (putdown f3-5f key0-1)
282.903: (pickup f3-5f key4-4)
226.293: (move f3-5f f3-6f)
264.999: (move f3-6f f3-7f)
267.854: (move f3-7f f2-7f)
260.143: (move f2-7f f2-6f)
266.189: (move f2-6f f2-5f)
263.444: (move f2-5f f1-5f)
268.900: (move f1-5f f0-5f)
182.927: (move f0-5f f0-4f)
190.384: (move f0-4f f1-4f)
239.175: (move f1-4f f2-4f)
279.116: (move f2-4f f3-4f)
195.573: (move f3-4f f4-4f)
278.304: (move f4-4f f4-5f)
271.186: (move f4-5f f5-5f)
267.791: (move f5-5f f6-5f)
211.159: (move f6-5f f7-5f)
257.084: (move f7-5f f8-5f)
246.603: (move f8-5f f9-5f)
271.531: (move f9-5f f9-4f)
268.545: (move f9-4f f10-4f)
216.267: (move f10-4f f10-5f)
266.682: (move f10-5f f10-6f)
263.602: (move f10-6f f9-6f)
272.505: (move f9-6f f9-7f)
268.956: (move f9-7f f8-7f)
213.056: (move f8-7f f8-6f)
236.625: (move f8-6f f7-6f)
275.369: (move f7-6f f6-6f)
228.083: (move f6-6f f6-7f)
276.694: (move f6-7f f7-7f)
154.896: (putdown f7-7f key4-4)
245.942: (move f7-7f f8-7f)
288.973: (pickup f8-7f key1-2)
267.253: (move f8-7f f7-7f)
212.787: (move f7-7f f7-6f)
268.147: (move f7-6f f6-6f)
268.409: (move f6-6f f6-5f)
212.397: (move f6-5f f7-5f)
258.068: (move f7-5f f8-5f)
248.253: (move f8-5f f9-5f)
272.838: (move f9-5f f9-4f)
269.766: (move f9-4f f10-4f)
217.521: (move f10-4f f10-5f)
267.921: (move f10-5f f10-6f)
269.762: (move f10-6f f9-6f)
259.716: (move f9-6f f8-6f)
161.690: (putdown f8-6f key1-2)
209.333: (move f8-6f f7-6f)
253.653: (move f7-6f f7-7f)
285.600: (pickup f7-7f key4-4)
265.901: (move f7-7f f7-6f)
256.065: (move f7-6f f8-6f)
198.048: (move f8-6f f8-5f)
231.419: (move f8-5f f9-5f)
261.709: (move f9-5f f9-4f)
260.009: (move f9-4f f10-4f)
205.895: (move f10-4f f10-5f)
258.840: (move f10-5f f10-6f)
259.258: (move f10-6f f9-6f)
206.823: (move f9-6f f9-7f)
265.138: (move f9-7f f8-7f)
170.251: (move f8-7f f8-8f)
199.373: (move f8-8f f9-8f)
267.163: (move f9-8f f10-8f)
262.015: (move f10-8f f10-9f)
187.484: (putdown f10-9f key4-4)
210.865: (pickup f10-9f key2-3)
162.884: (move f10-9f f10-8f)
164.258: (move f10-8f f9-8f)
251.251: (move f9-8f f9-7f)
261.608: (move f9-7f f9-6f)
250.372: (move f9-6f f8-6f)
236.910: (pickup-and-loose f8-6f key1-2 key2-3)
248.646: (move f8-6f f9-6f)
256.315: (move f9-6f f9-5f)
261.165: (move f9-5f f9-4f)
257.630: (move f9-4f f10-4f)
203.821: (move f10-4f f10-5f)
256.898: (move f10-5f f10-6f)
166.043: (pickup-and-loose f10-6f key0-3 key1-2)
190.356: (move f10-6f f10-5f)
243.057: (move f10-5f f10-4f)
236.817: (pickup-and-loose f10-4f key2-1 key0-3)
225.374: (move f10-4f f10-5f)
262.064: (move f10-5f f9-5f)
265.918: (move f9-5f f9-6f)
258.193: (move f9-6f f8-6f)
253.245: (move f8-6f f8-5f)
234.815: (move f8-5f f7-5f)
261.178: (move f7-5f f6-5f)
202.369: (move f6-5f f6-4f)
254.998: (move f6-4f f6-3f)
235.648: (move f6-3f f7-3f)
245.362: (move f7-3f f8-3f)
224.128: (move f8-3f f9-3f)
267.224: (move f9-3f f9-4f)
227.762: (move f9-4f f8-4f)
251.396: (move f8-4f f7-4f)
153.065: (putdown f7-4f key2-1)
203.566: (move f7-4f f7-5f)
250.626: (move f7-5f f6-5f)
278.550: (pickup f6-5f key4-3)
248.540: (move f6-5f f6-4f)
234.227: (move f6-4f f7-4f)
184.773: (move f7-4f f7-3f)
234.647: (move f7-3f f6-3f)
168.501: (move f6-3f f5-3f)
242.637: (move f5-3f f5-2f)
239.624: (move f5-2f f4-2f)
174.662: (move f4-2f f4-3f)
184.066: (move f4-3f f4-4f)
250.170: (move f4-4f f3-4f)
243.551: (move f3-4f f3-5f)
201.732: (putdown f3-5f key4-3)
259.096: (pickup f3-5f key0-1)
194.877: (move f3-5f f3-6f)
233.771: (move f3-6f f3-7f)
236.963: (move f3-7f f2-7f)
227.971: (move f2-7f f2-6f)
235.180: (move f2-6f f2-5f)
232.879: (move f2-5f f1-5f)
238.561: (move f1-5f f0-5f)
148.793: (move f0-5f f0-4f)
158.918: (move f0-4f f1-4f)
208.941: (move f1-4f f2-4f)
248.888: (move f2-4f f3-4f)
163.818: (move f3-4f f4-4f)
247.849: (move f4-4f f4-5f)
154.181: (move f4-5f f5-5f)
236.284: (move f5-5f f6-5f)
246.218: (move f6-5f f6-4f)
231.441: (move f6-4f f7-4f)
181.943: (move f7-4f f7-3f)
231.141: (move f7-3f f6-3f)
165.674: (move f6-3f f5-3f)
240.333: (move f5-3f f5-2f)
238.627: (move f5-2f f4-2f)
171.838: (move f4-2f f4-3f)
121.616: (putdown f4-3f key0-1)
203.540: (move f4-3f f4-2f)
202.838: (pickup f4-2f key1-3)
240.601: (move f4-2f f4-3f)
230.093: (pickup-and-loose f4-3f key0-1 key1-3)
223.430: (move f4-3f f5-3f)
233.795: (move f5-3f f6-3f)
234.776: (move f6-3f f6-4f)
231.521: (move f6-4f f7-4f)
179.503: (move f7-4f f7-3f)
193.873: (move f7-3f f8-3f)
216.517: (move f8-3f f8-4f)
235.010: (move f8-4f f9-4f)
238.960: (move f9-4f f10-4f)
200.664: (move f10-4f f10-5f)
237.139: (move f10-5f f9-5f)
241.124: (move f9-5f f9-6f)
231.764: (move f9-6f f8-6f)
226.355: (move f8-6f f8-5f)
208.097: (move f8-5f f7-5f)
221.522: (move f7-5f f7-6f)
163.716: (move f7-6f f7-7f)
245.502: (move f7-7f f8-7f)
222.974: (move f8-7f f9-7f)
176.286: (move f9-7f f9-8f)
246.426: (move f9-8f f10-8f)
247.698: (move f10-8f f10-9f)
211.038: (putdown f10-9f key0-1)
266.754: (pickup f10-9f key4-4)
193.996: (move f10-9f f10-8f)
166.806: (move f10-8f f9-8f)
225.948: (move f9-8f f9-7f)
232.030: (move f9-7f f9-6f)
216.913: (move f9-6f f8-6f)
212.227: (move f8-6f f8-5f)
196.373: (move f8-5f f9-5f)
227.014: (move f9-5f f10-5f)
222.408: (move f10-5f f10-4f)
167.003: (move f10-4f f9-4f)
224.554: (move f9-4f f8-4f)
221.657: (move f8-4f f7-4f)
165.337: (move f7-4f f7-3f)
217.423: (move f7-3f f6-3f)
220.616: (move f6-3f f6-4f)
168.363: (move f6-4f f6-5f)
231.376: (move f6-5f f7-5f)
207.313: (move f7-5f f7-6f)
149.518: (move f7-6f f7-7f)
232.534: (move f7-7f f8-7f)
143.157: (move f8-7f f8-8f)
172.371: (move f8-8f f8-9f)
225.823: (move f8-9f f7-9f)
224.666: (move f7-9f f6-9f)
204.451: (move f6-9f f5-9f)
161.935: (putdown f5-9f key4-4)
163.327: (move f5-9f f6-9f)
144.513: (move f6-9f f6-10f)
230.402: (move f6-10f f5-10f)
201.984: (move f5-10f f4-10f)
226.905: (move f4-10f f3-10f)
184.611: (pickup f3-10f key0-0)
210.328: (move f3-10f f3-9f)
213.807: (move f3-9f f4-9f)
209.674: (move f4-9f f5-9f)
194.847: (pickup-and-loose f5-9f key4-4 key0-0)
169.193: (move f5-9f f6-9f)
145.618: (putdown f6-9f key4-4)
173.502: (move f6-9f f5-9f)
170.913: (pickup f5-9f key0-0)
198.290: (move f5-9f f6-9f)
198.486: (pickup-and-loose f6-9f key4-4 key0-0)
180.950: (move f6-9f f5-9f)
147.167: (putdown f5-9f key4-4)
169.117: (move f5-9f f6-9f)
168.505: (pickup f6-9f key0-0)
120.330: (move f6-9f f6-10f)
211.585: (move f6-10f f5-10f)
118.170: (move f5-10f f4-10f)
103.499: (putdown f4-10f key0-0)
164.926: (move f4-10f f5-10f)
216.970: (move f5-10f f5-9f)
246.993: (pickup f5-9f key4-4)
191.626: (move f5-9f f6-9f)
160.368: (putdown f6-9f key4-4)
168.283: (move f6-9f f5-9f)
181.545: (move f5-9f f5-10f)
228.655: (move f5-10f f4-10f)
187.631: (pickup f4-10f key0-0)
219.117: (move f4-10f f4-9f)
199.909: (move f4-9f f4-8f)
201.345: (move f4-8f f3-8f)
173.332: (move f3-8f f2-8f)
211.513: (move f2-8f f2-7f)
199.683: (move f2-7f f3-7f)
210.502: (move f3-7f f3-6f)
209.789: (move f3-6f f3-5f)
199.024: (pickup-and-loose f3-5f key4-3 key0-0)
179.564: (move f3-5f f3-6f)
205.590: (move f3-6f f3-7f)
208.751: (move f3-7f f2-7f)
202.894: (move f2-7f f2-6f)
204.693: (move f2-6f f2-5f)
207.282: (move f2-5f f1-5f)
210.948: (move f1-5f f0-5f)
123.459: (move f0-5f f0-4f)
131.337: (move f0-4f f1-4f)
172.722: (move f1-4f f2-4f)
221.864: (move f2-4f f3-4f)
207.569: (move f3-4f f4-4f)
212.415: (move f4-4f f4-3f)
198.858: (move f4-3f f5-3f)
208.399: (move f5-3f f6-3f)
209.433: (move f6-3f f6-4f)
206.132: (move f6-4f f7-4f)
154.179: (move f7-4f f7-3f)
178.230: (move f7-3f f8-3f)
191.356: (move f8-3f f8-4f)
209.480: (move f8-4f f9-4f)
213.453: (move f9-4f f10-4f)
175.098: (move f10-4f f10-5f)
211.083: (move f10-5f f9-5f)
215.404: (move f9-5f f9-6f)
205.830: (move f9-6f f8-6f)
201.203: (move f8-6f f8-5f)
182.224: (move f8-5f f7-5f)
195.993: (move f7-5f f7-6f)
137.935: (move f7-6f f7-7f)
220.837: (move f7-7f f8-7f)
197.173: (move f8-7f f9-7f)
142.549: (move f9-7f f9-8f)
184.173: (move f9-8f f10-8f)
186.881: (move f10-8f f10-9f)
150.110: (move f10-9f f10-10f)
154.020: (move f10-10f f9-10f)
152.921: (move f9-10f f8-10f)
185.170: (move f8-10f f7-10f)
222.294: (move f7-10f f6-10f)
213.426: (move f6-10f f6-9f)
171.570: (putdown f6-9f key4-3)
230.421: (pickup f6-9f key4-4)
145.321: (move f6-9f f5-9f)
149.535: (putdown f5-9f key4-4)
187.632: (move f5-9f f6-9f)
240.494: (pickup f6-9f key4-3)
191.227: (move f6-9f f5-9f)
169.052: (putdown f5-9f key4-3)
226.325: (pickup f5-9f key4-4)
141.575: (move f5-9f f6-9f)
146.247: (putdown f6-9f key4-4)
188.617: (move f6-9f f5-9f)
239.706: (pickup f5-9f key4-3)
124.881: (move f5-9f f5-10f)
138.891: (move f5-10f f4-10f)
217.709: (move f4-10f f4-9f)
208.137: (move f4-9f f4-8f)
206.020: (move f4-8f f3-8f)
169.262: (move f3-8f f2-8f)
209.592: (move f2-8f f2-9f)
188.038: (move f2-9f f3-9f)
137.313: (move f3-9f f3-10f)
172.682: (move f3-10f f2-10f)
104.293: (putdown f2-10f key4-3)
158.937: (move f2-10f f2-9f)
195.868: (move f2-9f f2-8f)
227.206: (move f2-8f f2-7f)
185.698: (pickup f2-7f key1-4)
222.654: (move f2-7f f3-7f)
217.942: (move f3-7f f3-6f)
200.400: (move f3-6f f3-5f)
125.110: (move f3-5f f2-5f)
202.201: (move f2-5f f1-5f)
212.297: (move f1-5f f0-5f)
114.628: (move f0-5f f0-6f)
123.230: (move f0-6f f1-6f)
221.415: (move f1-6f f2-6f)
104.981: (putdown f2-6f key1-4)
203.164: (move f2-6f f3-6f)
196.025: (move f3-6f f3-5f)
179.487: (pickup f3-5f key0-0)
197.782: (move f3-5f f3-6f)
206.106: (move f3-6f f2-6f)
166.508: (move f2-6f f2-5f)
205.695: (move f2-5f f1-5f)
217.954: (move f1-5f f0-5f)
136.087: (move f0-5f f0-6f)
208.321: (move f0-6f f1-6f)
134.914: (move f1-6f f1-7f)
230.050: (move f1-7f f1-8f)
239.305: (unlock f1-8f f1-9f key0-0 shape0)
224.634: (move f1-8f f1-9f)
212.634: (pickup-and-loose f1-9f key0-2 key0-0)
224.460: (move f1-9f f2-9f)
225.792: (move f2-9f f2-10f)
174.887: (move f2-10f f3-10f)
193.663: (move f3-10f f3-9f)
225.383: (move f3-9f f3-8f)
185.906: (move f3-8f f3-7f)
235.886: (move f3-7f f3-6f)
219.491: (move f3-6f f2-6f)
202.025: (move f2-6f f2-5f)
224.893: (move f2-5f f3-5f)
162.161: (putdown f3-5f key0-2)
182.795: (move f3-5f f3-6f)
203.045: (move f3-6f f2-6f)
184.671: (pickup f2-6f key1-4)
220.981: (move f2-6f f3-6f)
207.010: (move f3-6f f3-5f)
198.037: (pickup-and-loose f3-5f key0-2 key1-4)
189.804: (move f3-5f f3-6f)
189.177: (move f3-6f f3-7f)
216.021: (move f3-7f f3-8f)
172.140: (move f3-8f f4-8f)
218.117: (move f4-8f f4-9f)
230.719: (move f4-9f f5-9f)
209.045: (move f5-9f f6-9f)
185.828: (putdown f6-9f key0-2)
234.636: (pickup f6-9f key4-4)
149.573: (move f6-9f f5-9f)
154.159: (putdown f5-9f key4-4)
190.814: (move f5-9f f6-9f)
243.732: (pickup f6-9f key0-2)
204.254: (move f6-9f f5-9f)
182.482: (putdown f5-9f key0-2)
229.283: (pickup f5-9f key4-4)
145.147: (move f5-9f f6-9f)
149.588: (putdown f6-9f key4-4)
191.945: (move f6-9f f5-9f)
137.107: (move f5-9f f5-10f)
207.886: (move f5-10f f6-10f)
124.684: (move f6-10f f7-10f)
226.474: (move f7-10f f7-9f)
124.997: (move f7-9f f8-9f)
147.819: (move f8-9f f8-8f)
222.870: (move f8-8f f8-7f)
218.816: (move f8-7f f8-6f)
185.099: (move f8-6f f9-6f)
208.526: (move f9-6f f10-6f)
242.627: (pickup f10-6f key1-2)
213.626: (move f10-6f f10-5f)
205.483: (move f10-5f f9-5f)
210.156: (move f9-5f f9-4f)
206.374: (move f9-4f f10-4f)
125.531: (pickup-and-loose f10-4f key4-1 key1-2)
160.172: (move f10-4f f9-4f)
220.326: (move f9-4f f9-5f)
224.026: (move f9-5f f10-5f)
141.520: (move f10-5f f10-6f)
216.609: (move f10-6f f9-6f)
219.142: (move f9-6f f8-6f)
209.191: (move f8-6f f8-5f)
188.744: (move f8-5f f8-4f)
218.805: (move f8-4f f7-4f)
161.518: (move f7-4f f7-3f)
214.385: (move f7-3f f6-3f)
217.201: (move f6-3f f6-4f)
165.102: (move f6-4f f6-5f)
227.971: (move f6-5f f7-5f)
204.213: (move f7-5f f7-6f)
Failed to find a solution!
