Torch: 2.12.0+cu130
Using GPU:  NVIDIA L40S
[Bellman] lambda=0 -> baseline (no widening signal)
[Binc] OPTION6 binc_beta=1.0 signal=BELLMAN INCONSISTENCY (1-step min-W1 parent-vs-child) vs SIBLINGS (boosts exploration toward inconsistent children; prior untouched)
[Value] SELF-CONSISTENT: leaf value = QR-DQN max_a mean Z(s,a) (SAC critics bypassed; prior still SAC policy)
/u/ibrahim.eisawy/Neural-Guided-Search/venv/lib/python3.10/site-packages/pymimir_rgnn/model.py:162: UserWarning: index_reduce() is in beta and the API may change at any time. (Triggered internally at /pytorch/aten/src/ATen/native/cuda/Indexing.cu:1541.)
  exps_max.index_reduce_(0, output_indices, output_messages, reduce="amax", include_self=False)
  [sim 500] root visits=500, unique states=65, generated=64, iqn_calls=178
  [sim 1000] root visits=1000, unique states=91, generated=90, iqn_calls=243
  [sim 1500] root visits=1500, unique states=126, generated=125, iqn_calls=329
  [sim 2000] root visits=2000, unique states=154, generated=153, iqn_calls=411
  [sim 2500] root visits=2500, unique states=184, generated=183, iqn_calls=500
  [sim 3000] root visits=3000, unique states=217, generated=216, iqn_calls=582
  [sim 3500] root visits=3500, unique states=257, generated=256, iqn_calls=675
  [sim 4000] root visits=4000, unique states=291, generated=290, iqn_calls=755
  [sim 4500] root visits=4500, unique states=330, generated=329, iqn_calls=845
  [sim 5000] root visits=5000, unique states=360, generated=359, iqn_calls=919
  [sim 5500] root visits=5500, unique states=394, generated=393, iqn_calls=1025
  [sim 6000] root visits=6000, unique states=421, generated=420, iqn_calls=1089
  [sim 6500] root visits=6500, unique states=465, generated=464, iqn_calls=1189
  [sim 7000] root visits=7000, unique states=497, generated=496, iqn_calls=1270
  [sim 7500] root visits=7500, unique states=541, generated=540, iqn_calls=1368
  [sim 8000] root visits=8000, unique states=573, generated=572, iqn_calls=1439
  [sim 8500] root visits=8500, unique states=609, generated=608, iqn_calls=1531
  [sim 9000] root visits=9000, unique states=638, generated=637, iqn_calls=1596
  [sim 9500] root visits=9500, unique states=666, generated=665, iqn_calls=1670
  [sim 10000] root visits=10000, unique states=702, generated=701, iqn_calls=1753
  [sim 10500] root visits=10500, unique states=741, generated=740, iqn_calls=1843
  [sim 11000] root visits=11000, unique states=770, generated=769, iqn_calls=1912
  [sim 11500] root visits=11500, unique states=809, generated=808, iqn_calls=2013
  [sim 12000] root visits=12000, unique states=838, generated=837, iqn_calls=2083
  [sim 12500] root visits=12500, unique states=870, generated=869, iqn_calls=2161
  [sim 13000] root visits=13000, unique states=896, generated=895, iqn_calls=2216
  [sim 13500] root visits=13500, unique states=935, generated=934, iqn_calls=2302
[Final] Expanded: 938, Generated: 938
[Cost] IQN forward calls (Bellman signal): 2309
[Widen] nodes widened: 0, mean w: 0.0000
[Binc] child-edges modulated: 2005, mean mult: 1.0003 (1.0 = no change; >1 = boosted toward inconsistent)
[search done] simulations=13555, unique states generated=938
Failed to find a solution!
