Torch: 2.12.0+cu130
Using GPU:  NVIDIA L40S
[Bellman] lambda=0 -> baseline (no widening signal)
[Binc] OPTION6 binc_beta=1.0 signal=BELLMAN INCONSISTENCY (1-step min-W1 parent-vs-child) vs SIBLINGS (boosts exploration toward inconsistent children; prior untouched)
[Value] SELF-CONSISTENT: leaf value = QR-DQN max_a mean Z(s,a) (SAC critics bypassed; prior still SAC policy)
/u/ibrahim.eisawy/Neural-Guided-Search/venv/lib/python3.10/site-packages/pymimir_rgnn/model.py:162: UserWarning: index_reduce() is in beta and the API may change at any time. (Triggered internally at /pytorch/aten/src/ATen/native/cuda/Indexing.cu:1541.)
  exps_max.index_reduce_(0, output_indices, output_messages, reduce="amax", include_self=False)
  [sim 500] root visits=500, unique states=205, generated=204, iqn_calls=499
  [sim 1000] root visits=1000, unique states=277, generated=276, iqn_calls=675
  [sim 1500] root visits=1500, unique states=332, generated=331, iqn_calls=803
  [sim 2000] root visits=2000, unique states=372, generated=371, iqn_calls=916
  [sim 2500] root visits=2500, unique states=406, generated=405, iqn_calls=1008
  [sim 3000] root visits=3000, unique states=432, generated=431, iqn_calls=1091
  [sim 3500] root visits=3500, unique states=462, generated=461, iqn_calls=1166
  [sim 4000] root visits=4000, unique states=493, generated=492, iqn_calls=1234
  [sim 4500] root visits=4500, unique states=517, generated=516, iqn_calls=1305
  [sim 5000] root visits=5000, unique states=547, generated=546, iqn_calls=1377
  [sim 5500] root visits=5500, unique states=570, generated=569, iqn_calls=1444
  [sim 6000] root visits=6000, unique states=591, generated=590, iqn_calls=1502
  [sim 6500] root visits=6500, unique states=613, generated=612, iqn_calls=1557
  [sim 7000] root visits=7000, unique states=632, generated=631, iqn_calls=1621
  [sim 7500] root visits=7500, unique states=654, generated=653, iqn_calls=1685
  [sim 8000] root visits=8000, unique states=669, generated=668, iqn_calls=1728
  [sim 8500] root visits=8500, unique states=679, generated=678, iqn_calls=1769
  [sim 9000] root visits=9000, unique states=697, generated=696, iqn_calls=1819
  [sim 9500] root visits=9500, unique states=712, generated=711, iqn_calls=1863
  [sim 10000] root visits=10000, unique states=723, generated=722, iqn_calls=1904
  [sim 10500] root visits=10500, unique states=734, generated=733, iqn_calls=1946
  [sim 11000] root visits=11000, unique states=750, generated=749, iqn_calls=1989
  [sim 11500] root visits=11500, unique states=766, generated=765, iqn_calls=2037
  [sim 12000] root visits=12000, unique states=779, generated=778, iqn_calls=2078
  [sim 12500] root visits=12500, unique states=786, generated=785, iqn_calls=2116
  [sim 13000] root visits=13000, unique states=802, generated=801, iqn_calls=2158
  [sim 13500] root visits=13500, unique states=816, generated=815, iqn_calls=2194
  [sim 14000] root visits=14000, unique states=831, generated=830, iqn_calls=2239
  [sim 14500] root visits=14500, unique states=844, generated=843, iqn_calls=2272
  [sim 15000] root visits=15000, unique states=858, generated=857, iqn_calls=2309
  [sim 15500] root visits=15500, unique states=871, generated=870, iqn_calls=2351
  [sim 16000] root visits=16000, unique states=882, generated=881, iqn_calls=2383
  [sim 16500] root visits=16500, unique states=896, generated=895, iqn_calls=2424
  [sim 17000] root visits=17000, unique states=906, generated=905, iqn_calls=2458
[Final] Expanded: 913, Generated: 913
[Cost] IQN forward calls (Bellman signal): 2475
[Widen] nodes widened: 0, mean w: 0.0000
[Binc] child-edges modulated: 2161, mean mult: 1.0001 (1.0 = no change; >1 = boosted toward inconsistent)
[search done] simulations=17358, unique states generated=913
Failed to find a solution!
