Torch: 2.12.0+cu130
Using GPU:  NVIDIA L40S
[Bellman] lambda=0 -> baseline (no widening signal)
[W1raw] OPTION7 w1raw_beta=2.0 signal=RAW edge-W1 (parent-best vs child-best, no reward/discount) vs SIBLINGS (boosts exploration toward larger-shift children; prior untouched)
[Value] SELF-CONSISTENT: leaf value = QR-DQN max_a mean Z(s,a) (SAC critics bypassed; prior still SAC policy)
/u/ibrahim.eisawy/Neural-Guided-Search/venv/lib/python3.10/site-packages/pymimir_rgnn/model.py:162: UserWarning: index_reduce() is in beta and the API may change at any time. (Triggered internally at /pytorch/aten/src/ATen/native/cuda/Indexing.cu:1541.)
  exps_max.index_reduce_(0, output_indices, output_messages, reduce="amax", include_self=False)
  [sim 500] root visits=500, unique states=850, generated=849, iqn_calls=1916
  [sim 1000] root visits=1000, unique states=1198, generated=1197, iqn_calls=2713
  [sim 1500] root visits=1500, unique states=1420, generated=1419, iqn_calls=3216
  [sim 2000] root visits=2000, unique states=1638, generated=1637, iqn_calls=3727
  [sim 2500] root visits=2500, unique states=1828, generated=1827, iqn_calls=4196
  [sim 3000] root visits=3000, unique states=2211, generated=2210, iqn_calls=5044
  [sim 3500] root visits=3500, unique states=2375, generated=2374, iqn_calls=5428
  [sim 4000] root visits=4000, unique states=2521, generated=2520, iqn_calls=5773
  [sim 4500] root visits=4500, unique states=2654, generated=2653, iqn_calls=6094
  [sim 5000] root visits=5000, unique states=2778, generated=2777, iqn_calls=6385
  [sim 5500] root visits=5500, unique states=2932, generated=2931, iqn_calls=6728
  [sim 6000] root visits=6000, unique states=3073, generated=3072, iqn_calls=7032
  [sim 6500] root visits=6500, unique states=3208, generated=3207, iqn_calls=7345
  [sim 7000] root visits=7000, unique states=3340, generated=3339, iqn_calls=7641
[Final] Expanded: 3445, Generated: 3445
[Cost] IQN forward calls (Bellman signal): 7875
[Widen] nodes widened: 0, mean w: 0.0000
[W1raw] child-edges modulated: 6896, mean mult: 1.4567 (1.0 = no change; >1 = boosted toward larger shift)
[search done] simulations=7420, unique states generated=3445
Failed to find a solution!
