Torch: 2.12.0+cu130
Using GPU:  NVIDIA L40S
[Bellman] lambda=0 -> baseline (no widening signal)
[Binc] OPTION6 binc_beta=0.5 signal=BELLMAN INCONSISTENCY (1-step min-W1 parent-vs-child) vs SIBLINGS (boosts exploration toward inconsistent children; prior untouched)
[Value] SELF-CONSISTENT: leaf value = QR-DQN max_a mean Z(s,a) (SAC critics bypassed; prior still SAC policy)
/u/ibrahim.eisawy/Neural-Guided-Search/venv/lib/python3.10/site-packages/pymimir_rgnn/model.py:162: UserWarning: index_reduce() is in beta and the API may change at any time. (Triggered internally at /pytorch/aten/src/ATen/native/cuda/Indexing.cu:1541.)
  exps_max.index_reduce_(0, output_indices, output_messages, reduce="amax", include_self=False)
  [sim 40] found goal path of length 26
[Final] Expanded: 122, Generated: 122
[Cost] IQN forward calls (Bellman signal): 225
[Widen] nodes widened: 0, mean w: 0.0000
[Binc] child-edges modulated: 187, mean mult: 1.0000 (1.0 = no change; >1 = boosted toward inconsistent)
[search done] simulations=40, unique states generated=122
Found a solution of length 26!
   1: (pickup f3-0f key3-3)
   2: (move f3-0f f3-1f)
   3: (move f3-1f f4-1f)
   4: (move f4-1f f4-2f)
   5: (move f4-2f f4-3f)
   6: (move f4-3f f5-3f)
   7: (move f5-3f f5-4f)
   8: (move f5-4f f6-4f)
   9: (move f6-4f f7-4f)
  10: (putdown f7-4f key3-3)
  11: (move f7-4f f7-5f)
  12: (pickup f7-5f key1-3)
  13: (move f7-5f f7-6f)
  14: (move f7-6f f6-6f)
  15: (move f6-6f f5-6f)
  16: (move f5-6f f5-5f)
  17: (move f5-5f f6-5f)
  18: (move f6-5f f6-4f)
  19: (move f6-4f f7-4f)
  20: (move f7-4f f7-3f)
  21: (move f7-3f f7-2f)
  22: (move f7-2f f6-2f)
  23: (move f6-2f f5-2f)
  24: (move f5-2f f4-2f)
  25: (move f4-2f f4-1f)
  26: (putdown f4-1f key1-3)
