Torch: 2.12.0+cu130
Using GPU:  NVIDIA L40S
[Bellman] lambda=0 -> baseline (no widening signal)
[Binc] OPTION6 binc_beta=3.0 signal=BELLMAN INCONSISTENCY (1-step min-W1 parent-vs-child) vs SIBLINGS (boosts exploration toward inconsistent children; prior untouched)
[Value] SELF-CONSISTENT: leaf value = QR-DQN max_a mean Z(s,a) (SAC critics bypassed; prior still SAC policy)
/u/ibrahim.eisawy/Neural-Guided-Search/venv/lib/python3.10/site-packages/pymimir_rgnn/model.py:162: UserWarning: index_reduce() is in beta and the API may change at any time. (Triggered internally at /pytorch/aten/src/ATen/native/cuda/Indexing.cu:1541.)
  exps_max.index_reduce_(0, output_indices, output_messages, reduce="amax", include_self=False)
  [sim 329] found goal path of length 42
[Final] Expanded: 282, Generated: 282
[Cost] IQN forward calls (Bellman signal): 619
[Widen] nodes widened: 0, mean w: 0.0000
[Binc] child-edges modulated: 502, mean mult: 1.3702 (1.0 = no change; >1 = boosted toward inconsistent)
[search done] simulations=329, unique states generated=282
Found a solution of length 42!
   1: (move f6-0f f7-0f)
   2: (move f7-0f f8-0f)
   3: (move f8-0f f8-1f)
   4: (move f8-1f f7-1f)
   5: (move f7-1f f6-1f)
   6: (move f6-1f f5-1f)
   7: (move f5-1f f5-0f)
   8: (move f5-0f f4-0f)
   9: (move f4-0f f4-1f)
  10: (move f4-1f f4-2f)
  11: (move f4-2f f5-2f)
  12: (move f5-2f f6-2f)
  13: (move f6-2f f7-2f)
  14: (unlock f7-2f f7-3f key2-0 shape2)
  15: (move f7-2f f6-2f)
  16: (move f6-2f f6-1f)
  17: (move f6-1f f6-0f)
  18: (move f6-0f f7-0f)
  19: (move f7-0f f8-0f)
  20: (putdown f8-0f key2-0)
  21: (move f8-0f f7-0f)
  22: (move f7-0f f6-0f)
  23: (pickup f6-0f key2-2)
  24: (move f6-0f f7-0f)
  25: (move f7-0f f8-0f)
  26: (move f8-0f f8-1f)
  27: (putdown f8-1f key2-2)
  28: (move f8-1f f8-0f)
  29: (pickup f8-0f key2-0)
  30: (move f8-0f f8-1f)
  31: (move f8-1f f8-2f)
  32: (move f8-2f f7-2f)
  33: (move f7-2f f7-3f)
  34: (move f7-3f f7-4f)
  35: (move f7-4f f6-4f)
  36: (move f6-4f f6-5f)
  37: (move f6-5f f6-6f)
  38: (move f6-6f f5-6f)
  39: (move f5-6f f4-6f)
  40: (move f4-6f f4-7f)
  41: (move f4-7f f3-7f)
  42: (pickup-and-loose f3-7f key2-1 key2-0)
