/u/ibrahim.eisawy/Neural-Guided-Search/venv/lib/python3.10/site-packages/pymimir_rgnn/model.py:151: UserWarning: index_reduce() is in beta and the API may change at any time. (Triggered internally at /pytorch/aten/src/ATen/native/cuda/Indexing.cu:1541.)
  max_msg.index_reduce_(0, output_indices, output_messages, reduce='amax', include_self=True)
Torch: 2.12.0+cu130
Using GPU:  NVIDIA L40S
16.569: (switch_on instrument1 satellite0)
18.486: (switch_on instrument3 satellite1)
18.605: (switch_on instrument4 satellite1)
20.511: (switch_on instrument2 satellite0)
20.635: (turn_to satellite1 star8 groundstation7)
20.664: (turn_to satellite1 star11 groundstation7)
20.666: (turn_to satellite1 groundstation1 groundstation7)
20.731: (turn_to satellite1 groundstation13 groundstation7)
20.731: (turn_to satellite1 groundstation4 groundstation7)
20.731: (turn_to satellite1 star0 groundstation7)
20.807: (turn_to satellite1 star12 groundstation7)
21.024: (turn_to satellite1 groundstation5 groundstation7)
21.024: (turn_to satellite1 star6 groundstation7)
21.024: (turn_to satellite1 groundstation3 groundstation7)
21.024: (turn_to satellite1 groundstation9 groundstation7)
21.024: (turn_to satellite1 star14 groundstation7)
21.024: (turn_to satellite1 groundstation10 groundstation7)
21.024: (turn_to satellite1 star2 groundstation7)
21.169: (turn_to satellite1 planet16 groundstation7)
21.170: (turn_to satellite1 planet17 groundstation7)
21.170: (turn_to satellite1 phenomenon18 groundstation7)
21.170: (turn_to satellite1 planet15 groundstation7)
21.171: (turn_to satellite1 planet22 groundstation7)
21.171: (turn_to satellite1 planet20 groundstation7)
21.171: (turn_to satellite1 phenomenon19 groundstation7)
21.171: (turn_to satellite1 star21 groundstation7)
21.692: (switch_on instrument0 satellite0)
22.182: (turn_to satellite0 star8 star12)
22.545: (turn_to satellite0 star11 star12)
22.644: (turn_to satellite0 star0 star12)
22.644: (turn_to satellite0 groundstation4 star12)
22.644: (turn_to satellite0 groundstation13 star12)
22.681: (turn_to satellite0 groundstation1 star12)
23.922: (turn_to satellite0 planet22 star12)
23.922: (turn_to satellite0 star21 star12)
23.922: (turn_to satellite0 planet20 star12)
23.922: (turn_to satellite0 planet17 star12)
23.922: (turn_to satellite0 planet16 star12)
23.923: (turn_to satellite0 phenomenon18 star12)
23.923: (turn_to satellite0 planet15 star12)
11.992: (calibrate satellite0 instrument1 star12)
16.322: (turn_to satellite1 star0 groundstation7)
16.322: (switch_on instrument1 satellite0)
16.322: (turn_to satellite1 groundstation4 groundstation7)
16.322: (turn_to satellite1 groundstation13 groundstation7)
16.335: (switch_on instrument1 satellite0)
16.336: (switch_on instrument1 satellite0)
16.361: (turn_to satellite1 groundstation1 groundstation7)
16.367: (turn_to satellite1 star11 groundstation7)
16.372: (switch_on instrument1 satellite0)
16.378: (switch_on instrument1 satellite0)
16.378: (turn_to satellite1 star8 groundstation7)
16.386: (switch_on instrument1 satellite0)
16.428: (switch_on instrument1 satellite0)
16.437: (turn_to satellite1 star12 groundstation7)
16.534: (switch_on instrument1 satellite0)
16.537: (switch_on instrument1 satellite0)
16.540: (switch_on instrument1 satellite0)
16.540: (switch_on instrument1 satellite0)
16.546: (switch_on instrument1 satellite0)
16.550: (switch_on instrument1 satellite0)
16.551: (switch_on instrument1 satellite0)
16.568: (turn_to satellite1 star2 groundstation7)
16.568: (turn_to satellite1 groundstation3 groundstation7)
16.568: (turn_to satellite1 groundstation5 groundstation7)
16.569: (turn_to satellite1 star6 groundstation7)
16.569: (turn_to satellite1 star14 groundstation7)
16.569: (turn_to satellite1 groundstation9 groundstation7)
16.569: (turn_to satellite1 groundstation10 groundstation7)
16.625: (switch_on instrument1 satellite0)
16.625: (switch_on instrument1 satellite0)
16.634: (switch_on instrument1 satellite0)
16.636: (switch_on instrument1 satellite0)
16.636: (switch_on instrument1 satellite0)
16.638: (switch_on instrument1 satellite0)
16.647: (turn_to satellite1 planet17 groundstation7)
16.647: (turn_to satellite1 planet20 groundstation7)
16.647: (turn_to satellite1 planet16 groundstation7)
16.648: (turn_to satellite1 planet22 groundstation7)
16.648: (turn_to satellite1 phenomenon19 groundstation7)
11.159: (turn_to satellite0 star21 star12)
11.159: (turn_to satellite0 planet15 star12)
11.160: (turn_to satellite0 planet22 star12)
11.160: (turn_to satellite0 planet20 star12)
11.160: (turn_to satellite0 phenomenon19 star12)
11.160: (turn_to satellite0 phenomenon18 star12)
11.160: (turn_to satellite0 planet17 star12)
11.160: (turn_to satellite0 planet16 star12)
11.786: (turn_to satellite0 groundstation4 star12)
11.786: (turn_to satellite0 star0 star12)
11.786: (turn_to satellite0 groundstation13 star12)
11.791: (turn_to satellite0 groundstation1 star12)
11.794: (turn_to satellite0 star8 star12)
11.805: (turn_to satellite0 star11 star12)
11.861: (calibrate satellite0 instrument1 star12)
11.869: (turn_to satellite1 star12 groundstation7)
11.909: (turn_to satellite1 groundstation4 groundstation7)
11.909: (turn_to satellite1 groundstation13 groundstation7)
11.909: (turn_to satellite1 star0 groundstation7)
11.909: (calibrate satellite0 instrument1 star12)
11.911: (calibrate satellite0 instrument1 star12)
11.912: (calibrate satellite0 instrument1 star12)
11.953: (calibrate satellite0 instrument1 star12)
11.954: (turn_to satellite1 star8 groundstation7)
11.955: (turn_to satellite0 groundstation7 star12)
11.958: (calibrate satellite0 instrument1 star12)
11.959: (turn_to satellite1 star11 groundstation7)
11.967: (turn_to satellite1 groundstation1 groundstation7)
11.971: (calibrate satellite0 instrument1 star12)
11.972: (calibrate satellite0 instrument1 star12)
11.972: (calibrate satellite0 instrument1 star12)
11.973: (calibrate satellite0 instrument1 star12)
11.974: (calibrate satellite0 instrument1 star12)
11.974: (calibrate satellite0 instrument1 star12)
11.978: (take_image satellite0 star12 instrument1 spectrograph2)
11.978: (take_image satellite0 star12 instrument1 thermograph1)
11.978: (take_image satellite0 star12 instrument1 image0)
11.987: (calibrate satellite0 instrument1 star12)
11.990: (calibrate satellite0 instrument1 star12)
11.993: (turn_to satellite1 star2 groundstation7)
10.537: (take_image satellite0 planet22 instrument1 spectrograph2)
10.544: (take_image satellite0 planet20 instrument1 spectrograph2)
10.548: (take_image satellite0 planet17 instrument1 thermograph1)
10.549: (take_image satellite0 planet16 instrument1 thermograph1)
10.550: (take_image satellite0 phenomenon19 instrument1 thermograph1)
10.551: (take_image satellite0 phenomenon18 instrument1 spectrograph2)
10.612: (take_image satellite0 star21 instrument1 image0)
10.613: (take_image satellite0 planet15 instrument1 image0)
10.901: (turn_to satellite0 planet17 star12)
10.901: (turn_to satellite0 phenomenon18 star12)
10.901: (turn_to satellite0 planet16 star12)
10.901: (turn_to satellite0 phenomenon19 star12)
10.901: (turn_to satellite0 planet20 star12)
10.901: (turn_to satellite0 planet22 star12)
10.901: (turn_to satellite0 planet16 star12)
10.901: (turn_to satellite0 planet17 star12)
10.901: (turn_to satellite0 phenomenon18 star12)
10.901: (turn_to satellite0 phenomenon19 star12)
10.901: (turn_to satellite0 planet20 star12)
10.901: (turn_to satellite0 planet22 star12)
10.901: (turn_to satellite0 planet22 star12)
10.901: (turn_to satellite0 planet20 star12)
10.901: (turn_to satellite0 phenomenon19 star12)
10.901: (turn_to satellite0 phenomenon18 star12)
10.901: (turn_to satellite0 planet17 star12)
10.901: (turn_to satellite0 planet16 star12)
10.901: (turn_to satellite0 star21 star12)
10.901: (turn_to satellite0 planet15 star12)
10.901: (turn_to satellite0 star21 star12)
10.901: (turn_to satellite0 planet15 star12)
10.901: (turn_to satellite0 planet15 star12)
10.901: (turn_to satellite0 star21 star12)
10.916: (turn_to satellite1 star8 groundstation7)
10.917: (turn_to satellite1 star8 groundstation7)
10.917: (turn_to satellite1 star8 groundstation7)
10.917: (turn_to satellite1 star8 groundstation7)
10.918: (turn_to satellite1 star8 groundstation7)
10.919: (turn_to satellite1 star8 groundstation7)
10.919: (turn_to satellite1 star8 groundstation7)
10.920: (turn_to satellite1 star8 groundstation7)
9.852: (turn_to satellite0 star21 planet16)
9.852: (turn_to satellite0 star21 planet22)
9.853: (turn_to satellite0 planet15 planet22)
9.853: (turn_to satellite0 planet15 planet20)
9.853: (turn_to satellite0 planet15 planet16)
9.853: (turn_to satellite0 star21 phenomenon19)
9.853: (turn_to satellite0 planet15 phenomenon19)
9.853: (turn_to satellite0 planet16 planet20)
9.853: (turn_to satellite0 planet17 planet20)
9.853: (turn_to satellite0 phenomenon19 planet20)
9.854: (turn_to satellite0 star21 planet20)
9.854: (turn_to satellite0 planet17 planet22)
9.854: (turn_to satellite0 planet16 planet22)
9.854: (turn_to satellite0 phenomenon19 planet22)
9.855: (turn_to satellite0 planet20 planet16)
9.855: (turn_to satellite0 phenomenon18 planet16)
9.855: (turn_to satellite0 planet22 planet16)
9.856: (turn_to satellite0 star21 planet17)
9.856: (turn_to satellite0 star21 phenomenon18)
9.856: (turn_to satellite0 planet15 phenomenon18)
9.856: (turn_to satellite0 planet15 planet17)
9.857: (turn_to satellite0 phenomenon18 planet17)
9.857: (turn_to satellite0 planet20 planet17)
9.857: (turn_to satellite0 planet22 planet17)
9.857: (turn_to satellite0 phenomenon18 phenomenon19)
9.857: (turn_to satellite0 planet20 phenomenon19)
9.857: (turn_to satellite0 planet22 phenomenon19)
9.860: (turn_to satellite0 planet17 phenomenon18)
9.860: (turn_to satellite0 planet16 phenomenon18)
9.860: (turn_to satellite0 phenomenon19 phenomenon18)
9.865: (turn_to satellite0 planet16 planet17)
9.865: (turn_to satellite0 phenomenon19 planet17)
9.866: (turn_to satellite0 phenomenon18 planet20)
9.867: (turn_to satellite0 phenomenon19 planet16)
9.867: (turn_to satellite0 star21 planet15)
9.867: (turn_to satellite0 planet17 planet16)
9.867: (turn_to satellite0 phenomenon18 planet22)
9.867: (turn_to satellite0 planet22 planet20)
9.868: (turn_to satellite0 planet20 planet22)
9.872: (turn_to satellite0 planet15 star21)
8.662: (take_image satellite0 planet15 instrument1 image0)
8.753: (take_image satellite0 star21 instrument1 image0)
8.953: (take_image satellite0 phenomenon18 instrument1 spectrograph2)
8.953: (take_image satellite0 planet22 instrument1 spectrograph2)
8.963: (take_image satellite0 planet16 instrument1 thermograph1)
8.963: (take_image satellite0 planet17 instrument1 thermograph1)
8.965: (take_image satellite0 phenomenon19 instrument1 thermograph1)
8.969: (take_image satellite0 planet22 instrument1 spectrograph2)
8.969: (take_image satellite0 planet20 instrument1 spectrograph2)
8.976: (take_image satellite0 planet22 instrument1 spectrograph2)
8.976: (take_image satellite0 phenomenon18 instrument1 spectrograph2)
8.976: (take_image satellite0 planet20 instrument1 spectrograph2)
8.976: (take_image satellite0 planet20 instrument1 spectrograph2)
8.979: (take_image satellite0 phenomenon18 instrument1 spectrograph2)
8.992: (take_image satellite0 planet17 instrument1 thermograph1)
8.992: (take_image satellite0 phenomenon19 instrument1 thermograph1)
8.994: (take_image satellite0 star21 instrument1 image0)
8.994: (take_image satellite0 planet16 instrument1 thermograph1)
9.000: (take_image satellite0 phenomenon19 instrument1 thermograph1)
9.008: (take_image satellite0 star21 instrument1 image0)
9.016: (take_image satellite0 planet17 instrument1 thermograph1)
9.018: (take_image satellite0 planet16 instrument1 thermograph1)
9.029: (take_image satellite0 planet15 instrument1 image0)
9.030: (take_image satellite0 planet15 instrument1 image0)
9.035: (take_image satellite0 star21 instrument1 image0)
9.044: (take_image satellite0 star21 instrument1 image0)
9.049: (take_image satellite0 planet15 instrument1 image0)
9.049: (take_image satellite0 planet15 instrument1 image0)
9.051: (take_image satellite0 planet15 instrument1 image0)
9.052: (take_image satellite0 star21 instrument1 image0)
9.055: (take_image satellite0 planet15 instrument1 image0)
9.058: (take_image satellite0 star21 instrument1 image0)
9.242: (take_image satellite0 planet20 instrument1 spectrograph2)
9.268: (take_image satellite0 planet22 instrument1 spectrograph2)
9.268: (take_image satellite0 phenomenon18 instrument1 spectrograph2)
9.285: (take_image satellite0 planet16 instrument1 thermograph1)
9.286: (take_image satellite0 phenomenon18 instrument1 spectrograph2)
9.286: (take_image satellite0 phenomenon19 instrument1 thermograph1)
9.289: (take_image satellite0 phenomenon19 instrument1 thermograph1)
9.289: (take_image satellite0 planet17 instrument1 thermograph1)
8.038: (turn_to satellite0 planet22 planet15)
8.039: (turn_to satellite0 phenomenon18 planet15)
8.039: (turn_to satellite0 planet16 planet15)
8.039: (turn_to satellite0 planet17 planet15)
8.039: (turn_to satellite0 phenomenon19 planet15)
8.039: (turn_to satellite0 planet20 planet15)
8.040: (turn_to satellite0 planet22 star21)
8.041: (turn_to satellite0 phenomenon19 star21)
8.041: (turn_to satellite0 planet20 star21)
8.041: (turn_to satellite0 phenomenon18 star21)
8.041: (turn_to satellite0 planet17 star21)
8.041: (turn_to satellite0 planet16 star21)
8.272: (turn_to satellite0 planet15 star21)
8.277: (turn_to satellite0 planet15 star21)
8.280: (turn_to satellite0 star21 planet15)
8.281: (turn_to satellite0 planet15 star21)
8.281: (turn_to satellite0 star21 planet15)
8.285: (turn_to satellite0 star21 planet15)
8.286: (turn_to satellite0 planet15 star21)
8.286: (turn_to satellite0 star21 planet15)
8.288: (turn_to satellite0 star21 planet15)
8.288: (turn_to satellite0 planet15 star21)
8.289: (turn_to satellite0 star21 planet15)
8.291: (turn_to satellite0 planet15 star21)
8.293: (turn_to satellite0 planet15 planet16)
8.294: (turn_to satellite0 star21 planet16)
8.294: (turn_to satellite0 star21 phenomenon19)
8.294: (turn_to satellite0 planet15 phenomenon19)
8.298: (turn_to satellite0 phenomenon18 planet16)
8.298: (turn_to satellite0 planet17 planet16)
8.299: (turn_to satellite0 phenomenon19 planet16)
8.299: (turn_to satellite0 planet20 planet16)
8.299: (turn_to satellite0 planet15 planet17)
8.299: (turn_to satellite0 star21 planet17)
8.300: (turn_to satellite0 planet22 phenomenon19)
8.300: (turn_to satellite0 planet16 phenomenon19)
8.300: (turn_to satellite0 phenomenon18 phenomenon19)
8.300: (turn_to satellite0 planet17 phenomenon19)
8.300: (turn_to satellite0 planet15 planet16)
8.301: (turn_to satellite0 star21 planet16)
7.303: (take_image satellite0 planet16 instrument1 thermograph1)
7.304: (take_image satellite0 planet22 instrument1 spectrograph2)
7.306: (take_image satellite0 phenomenon18 instrument1 spectrograph2)
7.308: (take_image satellite0 planet17 instrument1 thermograph1)
7.313: (take_image satellite0 phenomenon19 instrument1 thermograph1)
7.313: (take_image satellite0 planet20 instrument1 spectrograph2)
7.314: (take_image satellite0 planet15 instrument1 image0)
7.315: (take_image satellite0 star21 instrument1 image0)
7.315: (take_image satellite0 planet15 instrument1 image0)
7.329: (take_image satellite0 star21 instrument1 image0)
7.340: (take_image satellite0 star21 instrument1 image0)
7.341: (take_image satellite0 star21 instrument1 image0)
7.342: (take_image satellite0 planet15 instrument1 image0)
7.350: (take_image satellite0 planet15 instrument1 image0)
7.354: (take_image satellite0 planet15 instrument1 image0)
7.357: (take_image satellite0 star21 instrument1 image0)
7.357: (take_image satellite0 planet15 instrument1 image0)
7.357: (take_image satellite0 star21 instrument1 image0)
7.619: (take_image satellite0 star21 instrument1 image0)
7.626: (take_image satellite0 planet15 instrument1 image0)
7.627: (take_image satellite0 planet15 instrument1 image0)
7.631: (take_image satellite0 star21 instrument1 image0)
7.632: (take_image satellite0 planet15 instrument1 image0)
7.633: (take_image satellite0 star21 instrument1 image0)
7.633: (take_image satellite0 star21 instrument1 image0)
7.634: (take_image satellite0 planet15 instrument1 image0)
7.819: (take_image satellite0 planet17 instrument1 thermograph1)
7.822: (take_image satellite0 phenomenon18 instrument1 spectrograph2)
7.831: (take_image satellite0 planet16 instrument1 thermograph1)
7.832: (take_image satellite0 phenomenon18 instrument1 spectrograph2)
7.832: (take_image satellite0 planet17 instrument1 thermograph1)
7.833: (take_image satellite0 phenomenon19 instrument1 thermograph1)
7.840: (take_image satellite0 planet22 instrument1 spectrograph2)
7.842: (take_image satellite0 planet20 instrument1 spectrograph2)
8.033: (turn_to satellite1 planet15 groundstation7)
8.034: (turn_to satellite1 star21 groundstation7)
8.034: (turn_to satellite1 star21 groundstation7)
8.034: (turn_to satellite1 planet15 groundstation7)
8.035: (turn_to satellite1 planet15 groundstation7)
8.035: (turn_to satellite1 star21 groundstation7)
6.607: (turn_to satellite0 phenomenon19 star21)
6.607: (turn_to satellite0 planet22 planet15)
6.607: (turn_to satellite0 planet20 planet15)
6.607: (turn_to satellite0 phenomenon18 planet15)
6.609: (turn_to satellite0 planet17 star21)
6.609: (turn_to satellite0 planet22 star21)
6.609: (turn_to satellite0 planet20 star21)
6.609: (turn_to satellite0 phenomenon18 star21)
6.611: (turn_to satellite0 phenomenon19 planet15)
6.611: (turn_to satellite0 planet17 planet15)
6.611: (turn_to satellite0 planet20 star21)
6.611: (turn_to satellite0 phenomenon18 star21)
6.613: (turn_to satellite0 planet16 star21)
6.613: (turn_to satellite0 planet17 star21)
6.614: (turn_to satellite0 phenomenon18 star21)
6.614: (turn_to satellite0 planet22 star21)
6.615: (turn_to satellite0 planet17 star21)
6.615: (turn_to satellite0 phenomenon19 star21)
6.616: (turn_to satellite0 planet16 star21)
6.616: (turn_to satellite0 phenomenon19 star21)
6.624: (turn_to satellite0 planet16 star21)
6.624: (turn_to satellite0 phenomenon18 planet15)
6.624: (turn_to satellite0 planet16 star21)
6.624: (turn_to satellite0 planet17 star21)
6.624: (turn_to satellite0 phenomenon19 star21)
6.624: (turn_to satellite0 phenomenon18 planet15)
6.624: (turn_to satellite0 planet20 planet15)
6.624: (turn_to satellite0 phenomenon18 star21)
6.624: (turn_to satellite0 planet22 star21)
6.624: (turn_to satellite0 planet20 star21)
6.624: (turn_to satellite0 planet20 planet15)
6.624: (turn_to satellite0 planet22 planet15)
6.625: (turn_to satellite0 planet20 star21)
6.625: (turn_to satellite0 phenomenon18 star21)
6.625: (turn_to satellite0 planet22 star21)
6.627: (turn_to satellite0 planet17 planet15)
6.627: (turn_to satellite0 planet16 planet15)
6.632: (turn_to satellite0 phenomenon19 planet15)
6.632: (turn_to satellite0 planet16 planet15)
6.634: (turn_to satellite0 planet16 planet17)
5.901: (take_image satellite0 planet20 instrument1 spectrograph2)
5.902: (take_image satellite0 phenomenon18 instrument1 spectrograph2)
5.903: (take_image satellite0 phenomenon19 instrument1 thermograph1)
5.903: (take_image satellite0 planet20 instrument1 spectrograph2)
5.905: (take_image satellite0 phenomenon18 instrument1 spectrograph2)
5.905: (take_image satellite0 planet22 instrument1 spectrograph2)
5.906: (take_image satellite0 planet17 instrument1 thermograph1)
5.908: (take_image satellite0 planet22 instrument1 spectrograph2)
5.914: (take_image satellite0 planet16 instrument1 thermograph1)
5.914: (take_image satellite0 planet16 instrument1 thermograph1)
5.914: (take_image satellite0 phenomenon19 instrument1 thermograph1)
5.914: (take_image satellite0 phenomenon18 instrument1 spectrograph2)
5.914: (take_image satellite0 planet22 instrument1 spectrograph2)
5.914: (take_image satellite0 planet20 instrument1 spectrograph2)
5.914: (take_image satellite0 planet17 instrument1 thermograph1)
6.123: (take_image satellite0 planet16 instrument1 thermograph1)
6.123: (take_image satellite0 planet22 instrument1 spectrograph2)
6.126: (take_image satellite0 phenomenon19 instrument1 thermograph1)
6.146: (take_image satellite0 phenomenon18 instrument1 spectrograph2)
6.153: (take_image satellite0 planet17 instrument1 thermograph1)
6.153: (take_image satellite0 planet20 instrument1 spectrograph2)
6.154: (take_image satellite0 phenomenon18 instrument1 spectrograph2)
6.163: (take_image satellite0 planet16 instrument1 thermograph1)
6.164: (take_image satellite0 phenomenon19 instrument1 thermograph1)
6.166: (take_image satellite0 planet17 instrument1 thermograph1)
6.491: (switch_on instrument3 satellite1)
6.492: (switch_on instrument3 satellite1)
6.495: (switch_on instrument3 satellite1)
6.495: (switch_on instrument3 satellite1)
6.496: (turn_to satellite1 phenomenon19 groundstation7)
6.496: (switch_on instrument3 satellite1)
6.496: (switch_on instrument3 satellite1)
6.496: (switch_on instrument3 satellite1)
6.497: (turn_to satellite1 planet16 groundstation7)
6.503: (turn_to satellite1 planet22 groundstation7)
6.503: (turn_to satellite1 phenomenon18 groundstation7)
6.504: (switch_on instrument3 satellite1)
6.507: (switch_on instrument3 satellite1)
6.509: (switch_on instrument3 satellite1)
6.509: (switch_on instrument3 satellite1)
5.202: (turn_to satellite0 planet16 phenomenon18)
5.202: (turn_to satellite0 phenomenon19 phenomenon18)
5.202: (turn_to satellite0 planet20 phenomenon18)
5.202: (turn_to satellite0 planet22 phenomenon18)
5.205: (turn_to satellite0 planet17 planet16)
5.206: (turn_to satellite0 planet22 planet16)
5.206: (turn_to satellite0 phenomenon19 planet16)
5.206: (turn_to satellite0 phenomenon18 planet16)
5.206: (turn_to satellite0 planet16 phenomenon19)
5.206: (turn_to satellite0 planet17 phenomenon19)
5.206: (turn_to satellite0 phenomenon18 phenomenon19)
5.206: (turn_to satellite0 planet22 phenomenon19)
5.222: (turn_to satellite0 phenomenon19 planet22)
5.222: (turn_to satellite0 planet16 planet22)
5.222: (turn_to satellite0 phenomenon18 planet22)
5.222: (turn_to satellite0 planet20 planet22)
5.223: (turn_to satellite0 planet22 planet17)
5.223: (turn_to satellite0 planet16 planet17)
5.223: (turn_to satellite0 phenomenon19 planet17)
5.223: (turn_to satellite0 phenomenon18 planet17)
5.223: (turn_to satellite0 planet17 planet16)
5.223: (turn_to satellite0 phenomenon18 planet16)
5.223: (turn_to satellite0 phenomenon19 planet16)
5.223: (turn_to satellite0 planet20 planet16)
5.225: (turn_to satellite0 phenomenon18 planet20)
5.225: (turn_to satellite0 planet16 planet20)
5.225: (turn_to satellite0 planet22 planet20)
5.225: (turn_to satellite0 phenomenon19 planet20)
5.230: (turn_to satellite0 phenomenon18 planet22)
5.230: (turn_to satellite0 planet17 planet22)
5.230: (turn_to satellite0 planet16 planet22)
5.230: (turn_to satellite0 planet20 planet22)
5.235: (turn_to satellite0 planet20 planet17)
5.236: (turn_to satellite0 phenomenon19 planet17)
5.236: (turn_to satellite0 phenomenon18 planet17)
5.236: (turn_to satellite0 planet16 planet17)
5.237: (turn_to satellite0 planet22 planet20)
5.238: (turn_to satellite0 planet22 phenomenon18)
5.238: (turn_to satellite0 planet20 phenomenon18)
5.238: (turn_to satellite0 planet17 phenomenon18)
4.710: (take_image satellite0 planet17 instrument1 thermograph1)
4.713: (take_image satellite0 planet20 instrument1 spectrograph2)
4.714: (take_image satellite0 planet16 instrument1 thermograph1)
4.720: (take_image satellite0 planet20 instrument1 spectrograph2)
4.722: (take_image satellite0 planet22 instrument1 spectrograph2)
4.723: (take_image satellite0 planet16 instrument1 thermograph1)
4.734: (take_image satellite0 planet22 instrument1 spectrograph2)
4.734: (take_image satellite0 phenomenon18 instrument1 spectrograph2)
4.736: (take_image satellite0 planet17 instrument1 thermograph1)
4.742: (take_image satellite0 phenomenon18 instrument1 spectrograph2)
4.742: (take_image satellite0 planet16 instrument1 thermograph1)
4.742: (take_image satellite0 phenomenon19 instrument1 thermograph1)
4.743: (take_image satellite0 phenomenon19 instrument1 thermograph1)
4.743: (take_image satellite0 planet20 instrument1 spectrograph2)
4.743: (take_image satellite0 phenomenon18 instrument1 spectrograph2)
4.744: (take_image satellite0 phenomenon18 instrument1 spectrograph2)
4.744: (take_image satellite0 phenomenon18 instrument1 spectrograph2)
4.746: (take_image satellite0 phenomenon19 instrument1 thermograph1)
4.747: (take_image satellite0 planet17 instrument1 thermograph1)
4.747: (take_image satellite0 phenomenon18 instrument1 spectrograph2)
4.748: (take_image satellite0 phenomenon19 instrument1 thermograph1)
4.749: (take_image satellite0 planet16 instrument1 thermograph1)
4.750: (take_image satellite0 planet17 instrument1 thermograph1)
4.751: (take_image satellite0 planet20 instrument1 spectrograph2)
4.751: (take_image satellite0 planet22 instrument1 spectrograph2)
4.751: (take_image satellite0 planet20 instrument1 spectrograph2)
4.754: (take_image satellite0 planet17 instrument1 thermograph1)
4.757: (take_image satellite0 planet22 instrument1 spectrograph2)
4.758: (take_image satellite0 planet22 instrument1 spectrograph2)
4.762: (take_image satellite0 planet16 instrument1 thermograph1)
4.764: (take_image satellite0 phenomenon19 instrument1 thermograph1)
5.092: (switch_on instrument3 satellite1)
5.095: (turn_to satellite1 phenomenon19 groundstation7)
5.095: (turn_to satellite1 phenomenon18 groundstation7)
5.102: (turn_to satellite1 phenomenon18 groundstation7)
5.102: (turn_to satellite1 planet20 groundstation7)
5.103: (switch_on instrument3 satellite1)
5.103: (switch_on instrument3 satellite1)
5.103: (switch_on instrument3 satellite1)
5.103: (switch_on instrument3 satellite1)
3.980: (turn_to satellite0 planet22 phenomenon18)
3.981: (turn_to satellite0 planet16 phenomenon19)
3.984: (turn_to satellite0 planet17 phenomenon19)
3.988: (turn_to satellite0 planet17 planet16)
3.988: (turn_to satellite0 planet20 phenomenon18)
3.995: (turn_to satellite0 planet20 phenomenon18)
3.997: (turn_to satellite0 planet20 phenomenon18)
4.000: (turn_to satellite0 planet17 phenomenon19)
4.002: (turn_to satellite0 planet16 planet17)
4.004: (turn_to satellite0 planet22 phenomenon18)
4.004: (turn_to satellite0 phenomenon18 planet20)
4.006: (turn_to satellite0 phenomenon18 planet22)
4.010: (turn_to satellite0 phenomenon18 planet20)
4.011: (turn_to satellite0 planet16 planet17)
4.011: (turn_to satellite0 phenomenon18 planet22)
4.013: (turn_to satellite0 phenomenon19 planet16)
4.014: (turn_to satellite0 planet17 planet16)
4.014: (turn_to satellite0 phenomenon18 planet20)
4.015: (turn_to satellite0 planet20 planet22)
4.015: (turn_to satellite0 phenomenon19 planet17)
4.018: (turn_to satellite0 planet22 planet20)
4.026: (turn_to satellite0 phenomenon19 planet17)
4.026: (turn_to satellite0 planet22 phenomenon18)
4.026: (turn_to satellite0 planet16 phenomenon19)
4.027: (turn_to satellite0 phenomenon19 planet16)
4.029: (turn_to satellite0 planet20 planet22)
4.032: (turn_to satellite0 planet16 planet17)
4.032: (turn_to satellite0 planet22 planet20)
4.033: (turn_to satellite0 planet16 phenomenon19)
4.038: (turn_to satellite0 phenomenon19 planet16)
4.038: (turn_to satellite0 phenomenon18 planet22)
4.058: (turn_to satellite0 planet22 phenomenon19)
4.058: (turn_to satellite0 phenomenon18 phenomenon19)
4.062: (turn_to satellite0 planet16 phenomenon18)
4.062: (turn_to satellite0 phenomenon19 phenomenon18)
4.062: (turn_to satellite0 phenomenon18 planet16)
4.062: (turn_to satellite0 planet22 planet16)
4.067: (turn_to satellite0 phenomenon19 phenomenon18)
4.068: (turn_to satellite0 phenomenon18 phenomenon19)
4.068: (turn_to satellite0 planet17 phenomenon18)
2.970: (take_image satellite0 phenomenon19 instrument1 thermograph1)
2.971: (take_image satellite0 planet16 instrument1 thermograph1)
2.994: (take_image satellite0 phenomenon19 instrument1 thermograph1)
3.001: (take_image satellite0 planet16 instrument1 thermograph1)
3.002: (take_image satellite0 phenomenon18 instrument1 spectrograph2)
3.004: (take_image satellite0 phenomenon18 instrument1 spectrograph2)
3.011: (take_image satellite0 planet22 instrument1 spectrograph2)
3.012: (take_image satellite0 phenomenon19 instrument1 thermograph1)
3.012: (take_image satellite0 planet22 instrument1 spectrograph2)
3.012: (take_image satellite0 planet17 instrument1 thermograph1)
3.014: (take_image satellite0 planet16 instrument1 thermograph1)
3.015: (take_image satellite0 planet17 instrument1 thermograph1)
3.015: (take_image satellite0 planet20 instrument1 spectrograph2)
3.015: (take_image satellite0 planet20 instrument1 spectrograph2)
3.016: (take_image satellite0 planet22 instrument1 spectrograph2)
3.017: (take_image satellite0 planet20 instrument1 spectrograph2)
3.018: (take_image satellite0 phenomenon18 instrument1 spectrograph2)
3.591: (take_image satellite0 planet22 instrument1 spectrograph2)
3.601: (take_image satellite0 planet17 instrument1 thermograph1)
3.601: (take_image satellite0 phenomenon19 instrument1 thermograph1)
3.601: (take_image satellite0 phenomenon18 instrument1 spectrograph2)
3.606: (take_image satellite0 planet16 instrument1 thermograph1)
3.606: (take_image satellite0 phenomenon18 instrument1 spectrograph2)
3.606: (take_image satellite0 phenomenon19 instrument1 thermograph1)
3.891: (switch_on instrument3 satellite1)
3.892: (switch_on instrument3 satellite1)
3.895: (switch_on instrument3 satellite1)
3.897: (switch_on instrument3 satellite1)
3.897: (switch_on instrument3 satellite1)
3.904: (switch_on instrument3 satellite1)
3.905: (switch_on instrument3 satellite1)
3.905: (switch_on instrument3 satellite1)
3.905: (switch_on instrument3 satellite1)
3.906: (switch_on instrument3 satellite1)
3.906: (switch_on instrument3 satellite1)
3.911: (switch_on instrument3 satellite1)
3.911: (switch_on instrument3 satellite1)
3.913: (switch_on instrument3 satellite1)
3.913: (switch_on instrument3 satellite1)
3.913: (switch_on instrument3 satellite1)
2.237: (turn_to satellite0 phenomenon19 phenomenon18)
2.237: (turn_to satellite0 planet17 phenomenon18)
2.243: (turn_to satellite0 phenomenon18 planet16)
2.243: (turn_to satellite0 planet22 planet16)
2.243: (turn_to satellite0 phenomenon18 planet17)
2.243: (turn_to satellite0 planet22 planet17)
2.249: (turn_to satellite0 phenomenon19 planet20)
2.249: (turn_to satellite0 planet17 planet20)
2.249: (turn_to satellite0 planet20 planet17)
2.249: (turn_to satellite0 phenomenon18 planet17)
2.250: (turn_to satellite0 planet17 planet22)
2.250: (turn_to satellite0 planet16 planet22)
2.254: (turn_to satellite0 phenomenon19 planet22)
2.257: (turn_to satellite0 phenomenon19 planet20)
2.257: (turn_to satellite0 planet16 planet20)
2.259: (turn_to satellite0 planet16 planet20)
2.259: (turn_to satellite0 planet17 planet20)
2.263: (turn_to satellite0 planet16 planet22)
2.264: (turn_to satellite0 phenomenon18 phenomenon19)
2.264: (turn_to satellite0 planet22 phenomenon19)
2.267: (turn_to satellite0 phenomenon19 planet22)
2.267: (turn_to satellite0 planet17 planet22)
2.268: (turn_to satellite0 planet22 phenomenon19)
2.269: (turn_to satellite0 planet20 phenomenon19)
2.269: (turn_to satellite0 planet16 phenomenon18)
2.269: (turn_to satellite0 phenomenon19 phenomenon18)
2.270: (turn_to satellite0 planet22 planet16)
2.270: (turn_to satellite0 planet20 planet16)
2.271: (turn_to satellite0 phenomenon18 planet16)
2.271: (turn_to satellite0 planet20 planet16)
2.272: (turn_to satellite0 planet20 phenomenon19)
2.272: (turn_to satellite0 phenomenon18 phenomenon19)
2.274: (turn_to satellite0 planet17 phenomenon18)
2.274: (turn_to satellite0 planet16 phenomenon18)
2.864: (take_image satellite0 phenomenon18 instrument1 spectrograph2)
2.864: (take_image satellite0 planet22 instrument1 spectrograph2)
2.864: (take_image satellite0 planet22 instrument1 spectrograph2)
2.870: (turn_to satellite0 planet22 planet17)
2.870: (turn_to satellite0 planet17 planet22)
2.870: (turn_to satellite0 phenomenon19 planet17)
1.815: (take_image satellite0 planet16 instrument1 thermograph1)
1.817: (take_image satellite0 planet22 instrument1 spectrograph2)
1.818: (take_image satellite0 planet20 instrument1 spectrograph2)
1.818: (take_image satellite0 planet16 instrument1 thermograph1)
1.821: (take_image satellite0 planet17 instrument1 thermograph1)
1.823: (take_image satellite0 phenomenon19 instrument1 thermograph1)
1.824: (take_image satellite0 planet17 instrument1 thermograph1)
1.824: (take_image satellite0 planet20 instrument1 spectrograph2)
1.826: (take_image satellite0 phenomenon19 instrument1 thermograph1)
1.827: (take_image satellite0 phenomenon18 instrument1 spectrograph2)
1.827: (take_image satellite0 phenomenon18 instrument1 spectrograph2)
1.828: (take_image satellite0 planet22 instrument1 spectrograph2)
1.832: (take_image satellite0 planet17 instrument1 thermograph1)
1.843: (take_image satellite0 phenomenon19 instrument1 thermograph1)
1.854: (take_image satellite0 planet22 instrument1 spectrograph2)
2.148: (switch_on instrument3 satellite1)
2.150: (turn_to satellite1 planet22 groundstation7)
2.150: (switch_on instrument3 satellite1)
2.150: (switch_on instrument3 satellite1)
2.155: (turn_to satellite1 planet20 groundstation7)
2.156: (turn_to satellite1 phenomenon19 groundstation7)
2.162: (turn_to satellite1 phenomenon18 groundstation7)
2.163: (switch_on instrument3 satellite1)
2.164: (turn_to satellite1 planet16 groundstation7)
2.164: (turn_to satellite1 planet17 groundstation7)
2.164: (switch_on instrument3 satellite1)
2.165: (turn_to satellite1 planet16 groundstation7)
2.165: (turn_to satellite1 phenomenon18 groundstation7)
2.165: (turn_to satellite1 phenomenon19 groundstation7)
2.166: (turn_to satellite0 phenomenon19 planet22)
2.166: (turn_to satellite0 planet16 planet22)
2.166: (turn_to satellite0 planet16 planet22)
2.166: (turn_to satellite1 planet17 groundstation7)
2.166: (turn_to satellite0 planet17 planet22)
2.166: (turn_to satellite1 planet22 groundstation7)
2.167: (switch_on instrument3 satellite1)
2.167: (turn_to satellite0 planet17 phenomenon18)
2.167: (turn_to satellite0 phenomenon19 phenomenon18)
2.167: (switch_on instrument3 satellite1)
2.169: (switch_on instrument3 satellite1)
1.029: (turn_to satellite0 planet20 phenomenon18)
1.031: (turn_to satellite0 phenomenon18 planet22)
1.033: (turn_to satellite0 planet22 phenomenon18)
1.040: (turn_to satellite0 phenomenon19 planet22)
1.043: (turn_to satellite0 planet17 phenomenon19)
1.043: (turn_to satellite0 phenomenon18 planet17)
1.043: (turn_to satellite0 planet22 phenomenon19)
1.049: (turn_to satellite0 phenomenon18 planet20)
1.053: (turn_to satellite0 planet20 planet22)
1.054: (turn_to satellite0 planet17 planet16)
1.054: (turn_to satellite0 phenomenon19 planet17)
1.056: (turn_to satellite0 planet22 planet20)
1.058: (turn_to satellite0 phenomenon19 planet16)
1.061: (turn_to satellite0 planet16 planet17)
1.064: (turn_to satellite0 planet16 phenomenon19)
1.671: (take_image satellite0 phenomenon18 instrument1 spectrograph2)
1.686: (take_image satellite0 planet20 instrument1 spectrograph2)
1.694: (take_image satellite0 phenomenon19 instrument1 thermograph1)
1.697: (take_image satellite0 phenomenon18 instrument1 spectrograph2)
1.699: (take_image satellite0 phenomenon19 instrument1 thermograph1)
1.707: (take_image satellite0 phenomenon19 instrument1 thermograph1)
1.711: (take_image satellite0 planet16 instrument1 thermograph1)
1.711: (take_image satellite0 phenomenon19 instrument1 thermograph1)
1.713: (take_image satellite0 planet20 instrument1 spectrograph2)
1.713: (take_image satellite0 planet17 instrument1 thermograph1)
1.714: (take_image satellite0 planet16 instrument1 thermograph1)
1.715: (take_image satellite0 planet22 instrument1 spectrograph2)
1.715: (take_image satellite0 planet16 instrument1 thermograph1)
1.717: (take_image satellite0 planet22 instrument1 spectrograph2)
1.717: (take_image satellite0 planet17 instrument1 thermograph1)
1.720: (take_image satellite0 planet17 instrument1 thermograph1)
1.721: (turn_to satellite1 planet20 groundstation7)
1.721: (turn_to satellite1 phenomenon18 groundstation7)
1.723: (turn_to satellite1 phenomenon18 groundstation7)
1.723: (turn_to satellite1 phenomenon19 groundstation7)
1.725: (switch_on instrument3 satellite1)
1.725: (take_image satellite0 planet20 instrument1 spectrograph2)
1.725: (turn_to satellite1 planet22 groundstation7)
1.725: (turn_to satellite1 planet17 groundstation7)
1.726: (switch_on instrument3 satellite1)
0.320: (take_image satellite0 planet20 instrument1 spectrograph2)
[Final] Expanded: 569, Generated: 29461
Found a solution of length 18!
   1: (switch_on instrument1 satellite0)
   2: (calibrate satellite0 instrument1 star12)
   3: (turn_to satellite0 planet22 star12)
   4: (take_image satellite0 planet22 instrument1 spectrograph2)
   5: (turn_to satellite0 planet15 planet22)
   6: (take_image satellite0 planet15 instrument1 image0)
   7: (turn_to satellite0 star21 planet15)
   8: (take_image satellite0 star21 instrument1 image0)
   9: (turn_to satellite0 planet16 star21)
  10: (take_image satellite0 planet16 instrument1 thermograph1)
  11: (turn_to satellite0 phenomenon19 planet16)
  12: (take_image satellite0 phenomenon19 instrument1 thermograph1)
  13: (turn_to satellite0 planet17 phenomenon19)
  14: (take_image satellite0 planet17 instrument1 thermograph1)
  15: (turn_to satellite0 phenomenon18 planet17)
  16: (take_image satellite0 phenomenon18 instrument1 spectrograph2)
  17: (turn_to satellite0 planet20 phenomenon18)
  18: (take_image satellite0 planet20 instrument1 spectrograph2)
