/u/ibrahim.eisawy/Neural-Guided-Search/venv/lib/python3.10/site-packages/pymimir_rgnn/model.py:151: UserWarning: index_reduce() is in beta and the API may change at any time. (Triggered internally at /pytorch/aten/src/ATen/native/cuda/Indexing.cu:1541.)
  max_msg.index_reduce_(0, output_indices, output_messages, reduce='amax', include_self=True)
Torch: 2.12.0+cu130
Using GPU:  NVIDIA L40S
32.876: (switch_on instrument1 satellite1)
34.237: (switch_on instrument0 satellite0)
34.254: (turn_to satellite1 groundstation4 star30)
34.255: (turn_to satellite1 groundstation1 star30)
34.255: (turn_to satellite1 star6 star30)
34.255: (turn_to satellite1 star18 star30)
35.002: (turn_to satellite0 star14 star25)
35.002: (turn_to satellite0 groundstation3 star25)
35.602: (turn_to satellite1 star14 star30)
35.602: (turn_to satellite1 groundstation3 star30)
35.688: (turn_to satellite0 star18 star25)
35.688: (turn_to satellite0 groundstation4 star25)
35.688: (turn_to satellite0 star6 star25)
35.688: (turn_to satellite0 groundstation1 star25)
36.334: (turn_to satellite1 star15 star30)
36.334: (turn_to satellite1 star16 star30)
36.334: (turn_to satellite1 star17 star30)
36.334: (turn_to satellite1 groundstation9 star30)
36.334: (turn_to satellite1 groundstation8 star30)
36.334: (turn_to satellite1 groundstation7 star30)
36.334: (turn_to satellite1 groundstation10 star30)
36.334: (turn_to satellite1 groundstation11 star30)
36.334: (turn_to satellite1 star12 star30)
36.334: (turn_to satellite1 groundstation13 star30)
36.334: (turn_to satellite1 groundstation5 star30)
36.334: (turn_to satellite1 groundstation0 star30)
36.334: (turn_to satellite1 star2 star30)
36.389: (turn_to satellite0 groundstation19 star25)
36.438: (turn_to satellite1 groundstation19 star30)
36.565: (turn_to satellite0 groundstation9 star25)
36.565: (turn_to satellite0 groundstation7 star25)
36.565: (turn_to satellite0 groundstation8 star25)
36.565: (turn_to satellite0 star2 star25)
36.565: (turn_to satellite0 groundstation5 star25)
36.565: (turn_to satellite0 groundstation0 star25)
36.565: (turn_to satellite0 star17 star25)
36.565: (turn_to satellite0 star15 star25)
36.565: (turn_to satellite0 groundstation10 star25)
36.565: (turn_to satellite0 star16 star25)
36.565: (turn_to satellite0 groundstation13 star25)
29.895: (turn_to satellite1 groundstation1 star30)
29.896: (turn_to satellite1 star6 star30)
29.896: (turn_to satellite1 groundstation4 star30)
29.896: (turn_to satellite1 star18 star30)
29.901: (switch_on instrument1 satellite1)
29.913: (switch_on instrument1 satellite1)
29.914: (switch_on instrument1 satellite1)
29.917: (switch_on instrument1 satellite1)
31.391: (switch_on instrument1 satellite1)
31.392: (switch_on instrument1 satellite1)
31.394: (switch_on instrument1 satellite1)
31.409: (switch_on instrument1 satellite1)
31.415: (turn_to satellite0 star18 star25)
31.415: (turn_to satellite0 groundstation4 star25)
31.415: (turn_to satellite0 star6 star25)
31.415: (turn_to satellite0 groundstation1 star25)
31.579: (switch_on instrument0 satellite0)
31.587: (switch_on instrument1 satellite1)
31.613: (turn_to satellite1 star14 star30)
31.614: (turn_to satellite1 groundstation3 star30)
31.617: (switch_on instrument1 satellite1)
31.618: (switch_on instrument1 satellite1)
31.795: (switch_on instrument1 satellite1)
31.819: (switch_on instrument1 satellite1)
31.831: (turn_to satellite0 star14 star25)
31.831: (turn_to satellite0 groundstation3 star25)
32.081: (switch_on instrument0 satellite0)
32.101: (switch_on instrument0 satellite0)
32.115: (turn_to satellite0 star14 star25)
32.115: (turn_to satellite0 groundstation3 star25)
32.158: (switch_on instrument1 satellite1)
32.212: (turn_to satellite0 groundstation19 star25)
32.219: (switch_on instrument1 satellite1)
32.219: (switch_on instrument1 satellite1)
32.256: (switch_on instrument1 satellite1)
32.256: (switch_on instrument1 satellite1)
32.313: (switch_on instrument1 satellite1)
32.315: (switch_on instrument1 satellite1)
32.318: (switch_on instrument1 satellite1)
32.334: (turn_to satellite1 star16 star30)
23.871: (calibrate satellite1 instrument1 groundstation1)
23.878: (calibrate satellite1 instrument1 star18)
23.881: (calibrate satellite1 instrument1 groundstation4)
23.882: (calibrate satellite1 instrument1 star6)
28.301: (calibrate satellite0 instrument0 groundstation3)
28.342: (calibrate satellite0 instrument0 star14)
28.600: (turn_to satellite1 groundstation4 star30)
28.600: (turn_to satellite1 star18 star30)
28.600: (turn_to satellite1 groundstation1 star30)
28.600: (turn_to satellite1 star6 star30)
28.604: (switch_on instrument0 satellite0)
28.606: (switch_on instrument0 satellite0)
28.612: (switch_on instrument0 satellite0)
28.621: (switch_on instrument0 satellite0)
28.857: (turn_to satellite1 star6 star30)
28.858: (turn_to satellite1 star18 star30)
28.858: (turn_to satellite1 groundstation4 star30)
28.858: (turn_to satellite1 groundstation1 star30)
28.876: (turn_to satellite0 star14 star25)
28.876: (turn_to satellite0 groundstation3 star25)
28.876: (turn_to satellite0 groundstation3 star25)
28.878: (turn_to satellite0 star14 star25)
28.882: (turn_to satellite0 groundstation3 star25)
28.882: (turn_to satellite0 star14 star25)
28.882: (turn_to satellite1 star18 star30)
28.882: (turn_to satellite1 groundstation1 star30)
28.882: (turn_to satellite1 star6 star30)
28.882: (turn_to satellite1 groundstation4 star30)
28.887: (turn_to satellite0 groundstation3 star25)
28.888: (turn_to satellite0 star14 star25)
29.187: (turn_to satellite1 groundstation4 star30)
29.187: (turn_to satellite1 star18 star30)
29.187: (turn_to satellite1 groundstation1 star30)
29.187: (turn_to satellite1 star6 star30)
29.210: (turn_to satellite0 groundstation19 star25)
29.210: (turn_to satellite0 groundstation19 star25)
29.221: (turn_to satellite0 groundstation19 star25)
29.224: (turn_to satellite0 groundstation19 star25)
29.381: (turn_to satellite0 star18 star25)
29.381: (turn_to satellite0 groundstation1 star25)
22.586: (calibrate satellite1 instrument1 star6)
22.597: (calibrate satellite1 instrument1 groundstation1)
22.598: (calibrate satellite1 instrument1 star18)
22.605: (calibrate satellite1 instrument1 groundstation4)
22.622: (switch_on instrument0 satellite0)
22.626: (switch_on instrument0 satellite0)
22.634: (switch_on instrument0 satellite0)
22.641: (switch_on instrument0 satellite0)
22.851: (calibrate satellite1 instrument1 star6)
22.869: (calibrate satellite1 instrument1 groundstation1)
22.874: (calibrate satellite1 instrument1 star18)
22.884: (turn_to satellite0 groundstation3 star25)
22.884: (turn_to satellite0 star14 star25)
22.885: (turn_to satellite0 groundstation3 star25)
22.885: (turn_to satellite0 star14 star25)
22.893: (turn_to satellite0 groundstation3 star25)
22.893: (turn_to satellite0 star14 star25)
22.898: (turn_to satellite0 groundstation3 star25)
22.898: (turn_to satellite0 star14 star25)
22.899: (calibrate satellite1 instrument1 star6)
22.901: (calibrate satellite1 instrument1 groundstation1)
22.902: (calibrate satellite1 instrument1 groundstation4)
22.905: (calibrate satellite1 instrument1 star18)
22.913: (calibrate satellite1 instrument1 groundstation4)
23.158: (turn_to satellite1 star30 groundstation1)
23.158: (turn_to satellite1 phenomenon26 groundstation1)
23.158: (turn_to satellite1 star20 groundstation1)
23.159: (turn_to satellite1 planet27 groundstation1)
23.159: (turn_to satellite1 planet23 groundstation1)
23.159: (turn_to satellite1 phenomenon22 groundstation1)
23.161: (turn_to satellite1 planet27 groundstation4)
23.161: (turn_to satellite1 star20 groundstation4)
23.161: (turn_to satellite1 phenomenon22 groundstation4)
23.161: (turn_to satellite1 phenomenon26 groundstation4)
23.161: (turn_to satellite1 planet23 groundstation4)
23.161: (turn_to satellite1 star30 groundstation4)
23.163: (turn_to satellite1 star20 star18)
23.163: (turn_to satellite1 phenomenon22 star18)
23.163: (turn_to satellite1 planet23 star18)
23.163: (turn_to satellite1 star30 star18)
21.582: (switch_on instrument0 satellite0)
21.595: (switch_on instrument0 satellite0)
21.600: (switch_on instrument0 satellite0)
21.602: (switch_on instrument0 satellite0)
21.613: (turn_to satellite0 star14 star25)
21.613: (turn_to satellite0 groundstation3 star25)
21.617: (switch_on instrument0 satellite0)
21.618: (turn_to satellite0 groundstation3 star25)
21.618: (turn_to satellite0 star14 star25)
21.619: (switch_on instrument0 satellite0)
21.621: (switch_on instrument0 satellite0)
21.626: (switch_on instrument0 satellite0)
21.628: (turn_to satellite0 groundstation3 star25)
21.628: (turn_to satellite0 star14 star25)
21.630: (turn_to satellite0 groundstation3 star25)
21.630: (turn_to satellite0 star14 star25)
21.838: (switch_on instrument0 satellite0)
21.839: (switch_on instrument0 satellite0)
21.877: (switch_on instrument0 satellite0)
21.879: (switch_on instrument0 satellite0)
21.899: (switch_on instrument0 satellite0)
21.907: (switch_on instrument0 satellite0)
21.910: (turn_to satellite1 star20 star6)
21.910: (turn_to satellite1 phenomenon22 star6)
21.911: (turn_to satellite1 planet23 star6)
21.911: (turn_to satellite1 phenomenon26 star6)
21.911: (turn_to satellite1 planet27 star6)
21.911: (turn_to satellite1 star30 star6)
21.912: (turn_to satellite1 star28 groundstation1)
21.912: (turn_to satellite1 planet24 groundstation1)
21.912: (turn_to satellite1 phenomenon31 groundstation1)
21.914: (turn_to satellite1 phenomenon31 star6)
21.914: (turn_to satellite1 star28 star6)
21.914: (turn_to satellite1 star30 star18)
21.914: (turn_to satellite1 phenomenon22 star18)
21.914: (turn_to satellite1 planet23 star18)
21.914: (turn_to satellite1 phenomenon26 star18)
21.914: (turn_to satellite1 planet27 star18)
21.914: (turn_to satellite1 planet24 star6)
21.915: (turn_to satellite1 star20 star18)
19.574: (calibrate satellite0 instrument0 groundstation3)
19.576: (calibrate satellite0 instrument0 star14)
19.584: (calibrate satellite0 instrument0 star14)
19.586: (calibrate satellite0 instrument0 groundstation3)
19.599: (calibrate satellite0 instrument0 groundstation3)
19.605: (calibrate satellite0 instrument0 star14)
19.607: (calibrate satellite0 instrument0 groundstation3)
19.611: (calibrate satellite0 instrument0 star14)
20.823: (turn_to satellite0 star14 star25)
20.823: (turn_to satellite0 groundstation3 star25)
20.823: (turn_to satellite0 groundstation3 star25)
20.823: (turn_to satellite0 star14 star25)
20.831: (turn_to satellite0 star14 star25)
20.833: (turn_to satellite0 groundstation3 star25)
20.849: (turn_to satellite0 groundstation3 star25)
20.849: (turn_to satellite0 star14 star25)
20.849: (turn_to satellite0 groundstation3 star25)
20.850: (turn_to satellite0 star14 star25)
20.864: (turn_to satellite1 phenomenon31 star6)
20.864: (turn_to satellite1 star28 star6)
20.864: (turn_to satellite1 planet24 star6)
20.865: (turn_to satellite0 star14 star25)
20.865: (turn_to satellite0 groundstation3 star25)
20.867: (turn_to satellite1 phenomenon22 star6)
20.867: (turn_to satellite1 star20 star6)
20.868: (turn_to satellite1 planet23 star6)
20.868: (turn_to satellite1 star30 star6)
20.868: (turn_to satellite1 planet27 star6)
20.868: (turn_to satellite1 phenomenon26 star6)
20.881: (turn_to satellite0 groundstation3 star25)
20.882: (turn_to satellite1 phenomenon22 star6)
20.882: (turn_to satellite1 planet23 star6)
20.882: (turn_to satellite1 phenomenon26 star6)
20.882: (turn_to satellite1 planet27 star6)
20.882: (turn_to satellite1 star30 star6)
20.882: (turn_to satellite0 star14 star25)
20.882: (turn_to satellite1 planet24 star6)
20.882: (turn_to satellite1 star28 star6)
20.882: (turn_to satellite1 phenomenon31 star6)
20.883: (turn_to satellite1 star20 star6)
18.983: (calibrate satellite0 instrument0 star14)
18.995: (calibrate satellite0 instrument0 star14)
18.997: (calibrate satellite0 instrument0 star14)
19.002: (calibrate satellite0 instrument0 groundstation3)
19.005: (calibrate satellite0 instrument0 groundstation3)
19.007: (calibrate satellite0 instrument0 groundstation3)
19.027: (turn_to satellite1 star28 star18)
19.027: (turn_to satellite1 phenomenon31 star18)
19.027: (turn_to satellite1 planet24 star18)
19.030: (turn_to satellite1 planet21 star18)
19.030: (turn_to satellite1 phenomenon29 star18)
19.030: (turn_to satellite1 star25 star18)
19.031: (calibrate satellite0 instrument0 groundstation3)
19.031: (turn_to satellite1 planet23 star18)
19.031: (turn_to satellite1 phenomenon22 star18)
19.031: (turn_to satellite1 star20 star18)
19.031: (turn_to satellite1 phenomenon26 star18)
19.031: (turn_to satellite1 planet27 star18)
19.031: (turn_to satellite1 star30 star18)
19.033: (calibrate satellite0 instrument0 star14)
19.033: (turn_to satellite0 planet24 groundstation3)
19.033: (turn_to satellite0 star28 groundstation3)
19.033: (turn_to satellite0 phenomenon31 groundstation3)
19.035: (turn_to satellite0 planet27 groundstation3)
19.035: (turn_to satellite0 phenomenon26 groundstation3)
19.035: (turn_to satellite0 planet23 groundstation3)
19.035: (turn_to satellite0 star20 groundstation3)
19.035: (turn_to satellite0 phenomenon22 groundstation3)
19.035: (turn_to satellite0 star30 groundstation3)
19.035: (turn_to satellite0 planet21 groundstation3)
19.035: (turn_to satellite0 star25 groundstation3)
19.035: (turn_to satellite1 planet24 groundstation1)
19.036: (turn_to satellite0 phenomenon29 groundstation3)
19.036: (turn_to satellite0 star20 star14)
19.036: (turn_to satellite0 phenomenon22 star14)
19.036: (turn_to satellite0 planet23 star14)
19.036: (turn_to satellite0 planet27 star14)
19.036: (turn_to satellite0 phenomenon26 star14)
19.036: (turn_to satellite1 star28 groundstation1)
19.037: (turn_to satellite1 phenomenon31 groundstation1)
17.744: (take_image satellite0 star25 instrument0 thermograph2)
17.745: (take_image satellite0 planet21 instrument0 thermograph2)
17.860: (take_image satellite0 phenomenon29 instrument0 thermograph2)
17.896: (take_image satellite1 phenomenon31 instrument1 image1)
17.978: (take_image satellite1 planet27 instrument1 thermograph3)
17.979: (take_image satellite1 star20 instrument1 thermograph0)
17.982: (take_image satellite1 star30 instrument1 thermograph3)
17.998: (take_image satellite1 planet23 instrument1 thermograph3)
18.003: (take_image satellite1 phenomenon26 instrument1 thermograph0)
18.015: (take_image satellite1 star30 instrument1 thermograph3)
18.022: (take_image satellite1 phenomenon22 instrument1 thermograph0)
18.033: (take_image satellite1 phenomenon22 instrument1 thermograph0)
18.044: (take_image satellite0 phenomenon31 instrument0 image1)
18.050: (take_image satellite0 planet24 instrument0 image1)
18.050: (take_image satellite0 star28 instrument0 image1)
18.089: (take_image satellite1 planet24 instrument1 image1)
18.145: (take_image satellite1 planet24 instrument1 image1)
18.149: (take_image satellite1 star28 instrument1 image1)
18.150: (take_image satellite1 star28 instrument1 image1)
18.165: (take_image satellite1 phenomenon31 instrument1 image1)
18.854: (take_image satellite0 phenomenon22 instrument0 thermograph2)
18.856: (take_image satellite1 planet24 instrument1 thermograph0)
18.857: (take_image satellite1 planet24 instrument1 thermograph3)
18.857: (take_image satellite1 star18 instrument1 image1)
18.861: (take_image satellite1 phenomenon29 instrument1 thermograph0)
18.861: (take_image satellite1 phenomenon29 instrument1 thermograph3)
18.862: (take_image satellite1 star18 instrument1 thermograph0)
18.865: (take_image satellite1 planet27 instrument1 thermograph0)
18.865: (take_image satellite1 star18 instrument1 image1)
18.867: (take_image satellite0 phenomenon22 instrument0 image1)
18.869: (take_image satellite1 phenomenon29 instrument1 image1)
18.869: (take_image satellite1 star30 instrument1 thermograph0)
18.871: (take_image satellite1 star25 instrument1 thermograph0)
18.871: (take_image satellite1 star25 instrument1 thermograph3)
18.874: (take_image satellite1 star18 instrument1 thermograph3)
18.879: (take_image satellite0 star30 instrument0 thermograph2)
18.881: (take_image satellite0 star14 instrument0 image1)
18.882: (take_image satellite1 star25 instrument1 image1)
18.882: (take_image satellite1 planet27 instrument1 image1)
18.888: (take_image satellite0 groundstation3 instrument0 image1)
17.083: (turn_to satellite0 star30 star25)
17.083: (turn_to satellite0 star28 star25)
17.083: (turn_to satellite0 phenomenon26 star25)
17.083: (turn_to satellite0 planet27 star25)
17.084: (turn_to satellite0 planet23 star25)
17.084: (turn_to satellite0 phenomenon22 star25)
17.084: (turn_to satellite0 star20 star25)
17.084: (turn_to satellite0 planet24 star25)
17.085: (turn_to satellite0 phenomenon31 star25)
17.087: (turn_to satellite0 star20 planet21)
17.087: (turn_to satellite0 phenomenon26 planet21)
17.087: (turn_to satellite0 planet23 planet21)
17.087: (turn_to satellite0 phenomenon22 planet21)
17.087: (turn_to satellite0 planet27 planet21)
17.088: (turn_to satellite0 star30 planet21)
17.088: (turn_to satellite0 planet24 planet21)
17.088: (turn_to satellite0 star28 planet21)
17.088: (turn_to satellite0 phenomenon31 planet21)
17.090: (turn_to satellite0 star20 phenomenon29)
17.090: (turn_to satellite0 phenomenon22 phenomenon29)
17.093: (turn_to satellite0 planet23 phenomenon29)
17.097: (turn_to satellite0 planet24 phenomenon29)
17.103: (turn_to satellite0 star30 phenomenon29)
17.103: (turn_to satellite0 planet27 phenomenon29)
17.103: (turn_to satellite0 phenomenon26 phenomenon29)
17.104: (turn_to satellite0 star28 phenomenon29)
17.104: (turn_to satellite0 phenomenon31 phenomenon29)
17.120: (turn_to satellite0 planet21 star25)
17.121: (turn_to satellite0 phenomenon29 star25)
17.127: (turn_to satellite0 star25 planet21)
17.127: (turn_to satellite0 phenomenon29 planet21)
17.128: (turn_to satellite0 planet21 phenomenon29)
17.128: (turn_to satellite1 star20 star18)
17.128: (turn_to satellite1 star30 star18)
17.128: (turn_to satellite1 phenomenon22 star18)
17.128: (turn_to satellite1 planet27 star18)
17.129: (turn_to satellite1 star28 star18)
17.129: (turn_to satellite1 phenomenon26 star18)
17.129: (turn_to satellite1 planet23 star18)
17.129: (turn_to satellite1 phenomenon31 star18)
16.126: (take_image satellite1 planet27 instrument1 thermograph3)
16.158: (take_image satellite1 phenomenon26 instrument1 thermograph0)
16.158: (take_image satellite1 planet23 instrument1 thermograph3)
16.166: (take_image satellite1 phenomenon31 instrument1 image1)
16.176: (take_image satellite1 star28 instrument1 image1)
16.189: (take_image satellite1 phenomenon22 instrument1 thermograph0)
16.189: (take_image satellite1 star30 instrument1 thermograph3)
16.194: (take_image satellite0 phenomenon31 instrument0 image1)
16.194: (take_image satellite0 star28 instrument0 image1)
16.267: (take_image satellite0 planet24 instrument0 image1)
16.284: (take_image satellite0 planet24 instrument0 image1)
16.291: (take_image satellite0 phenomenon31 instrument0 image1)
16.292: (take_image satellite0 phenomenon31 instrument0 image1)
16.294: (take_image satellite0 star28 instrument0 image1)
16.294: (take_image satellite1 star20 instrument1 thermograph0)
16.319: (take_image satellite0 star28 instrument0 image1)
16.329: (take_image satellite0 planet24 instrument0 image1)
16.415: (turn_to satellite0 planet21 star25)
16.415: (turn_to satellite0 phenomenon29 star25)
16.430: (turn_to satellite0 phenomenon29 star25)
16.430: (turn_to satellite0 planet21 star25)
16.431: (turn_to satellite0 planet21 star25)
16.431: (turn_to satellite0 planet21 star25)
16.431: (turn_to satellite0 phenomenon29 star25)
16.431: (turn_to satellite0 phenomenon29 star25)
16.441: (turn_to satellite0 phenomenon29 star25)
16.441: (turn_to satellite0 planet21 star25)
16.450: (turn_to satellite0 planet21 star25)
16.450: (turn_to satellite0 phenomenon29 star25)
16.453: (turn_to satellite0 phenomenon26 star25)
16.453: (turn_to satellite0 star20 star25)
16.453: (turn_to satellite0 phenomenon22 star25)
16.466: (turn_to satellite0 star20 star25)
16.466: (turn_to satellite0 phenomenon22 star25)
16.466: (turn_to satellite0 planet23 star25)
16.466: (turn_to satellite0 phenomenon26 star25)
16.466: (turn_to satellite0 planet27 star25)
16.466: (turn_to satellite0 star30 star25)
16.467: (turn_to satellite0 phenomenon26 star25)
16.467: (turn_to satellite0 star20 star25)
15.424: (take_image satellite1 star28 instrument1 image1)
15.424: (take_image satellite1 star28 instrument1 image1)
15.479: (take_image satellite1 planet23 instrument1 thermograph3)
15.479: (take_image satellite1 planet23 instrument1 thermograph3)
15.480: (take_image satellite1 star28 instrument1 image1)
15.481: (take_image satellite1 star28 instrument1 image1)
15.530: (turn_to satellite0 star20 star28)
15.530: (turn_to satellite0 phenomenon22 star28)
15.530: (turn_to satellite0 planet23 star28)
15.530: (turn_to satellite0 phenomenon26 star28)
15.530: (turn_to satellite0 planet27 star28)
15.531: (turn_to satellite0 star30 star28)
15.531: (turn_to satellite0 star30 star28)
15.531: (turn_to satellite0 phenomenon26 star28)
15.531: (turn_to satellite0 planet23 star28)
15.531: (turn_to satellite0 phenomenon22 star28)
15.531: (turn_to satellite0 star20 star28)
15.531: (turn_to satellite0 planet27 star28)
15.541: (turn_to satellite0 star20 star28)
15.542: (turn_to satellite0 planet23 star28)
15.542: (turn_to satellite0 phenomenon22 star28)
15.542: (turn_to satellite0 star30 star28)
15.542: (turn_to satellite0 planet27 star28)
15.542: (turn_to satellite0 phenomenon26 star28)
15.543: (turn_to satellite0 star20 planet24)
15.543: (turn_to satellite0 phenomenon22 planet24)
15.543: (turn_to satellite0 planet23 planet24)
15.543: (turn_to satellite0 phenomenon26 planet24)
15.543: (turn_to satellite0 planet27 planet24)
15.543: (turn_to satellite0 star30 planet24)
15.545: (turn_to satellite0 phenomenon26 planet24)
15.558: (turn_to satellite0 planet24 star28)
15.560: (turn_to satellite0 phenomenon31 star28)
15.561: (turn_to satellite0 planet24 star28)
15.561: (turn_to satellite0 phenomenon31 star28)
15.562: (turn_to satellite0 star30 planet24)
15.562: (turn_to satellite0 planet27 planet24)
15.562: (turn_to satellite0 phenomenon22 planet24)
15.562: (turn_to satellite0 star30 planet24)
15.562: (turn_to satellite0 planet27 planet24)
14.775: (take_image satellite0 phenomenon31 instrument0 image1)
14.837: (take_image satellite0 planet24 instrument0 image1)
14.854: (turn_to satellite1 star25 star18)
14.854: (turn_to satellite1 phenomenon29 star18)
14.854: (turn_to satellite1 planet21 star18)
14.855: (turn_to satellite1 phenomenon29 star18)
14.863: (turn_to satellite1 star28 star18)
14.863: (turn_to satellite1 phenomenon31 star18)
14.863: (turn_to satellite1 phenomenon29 star18)
14.863: (turn_to satellite1 planet21 star18)
14.871: (turn_to satellite1 star28 star18)
14.871: (turn_to satellite1 phenomenon31 star18)
14.871: (turn_to satellite1 star20 star18)
14.871: (turn_to satellite1 phenomenon22 star18)
14.871: (turn_to satellite1 planet23 star18)
14.871: (turn_to satellite1 star30 star18)
14.871: (turn_to satellite1 planet27 star18)
14.871: (turn_to satellite1 phenomenon26 star18)
14.872: (turn_to satellite1 planet23 star18)
14.873: (turn_to satellite1 star30 star18)
14.881: (turn_to satellite1 planet23 star18)
14.881: (turn_to satellite1 planet27 star18)
14.888: (turn_to satellite1 star20 star18)
14.888: (turn_to satellite1 phenomenon22 star18)
14.888: (turn_to satellite1 phenomenon26 star18)
14.895: (turn_to satellite1 phenomenon22 star18)
14.895: (turn_to satellite1 phenomenon26 star18)
14.895: (turn_to satellite1 star20 star18)
14.899: (turn_to satellite1 planet21 star18)
14.899: (turn_to satellite1 planet21 star18)
14.899: (turn_to satellite1 star25 star18)
14.899: (turn_to satellite1 star25 star18)
14.899: (turn_to satellite1 planet21 star18)
14.899: (turn_to satellite1 star25 star18)
14.907: (turn_to satellite1 star28 star18)
14.907: (turn_to satellite1 phenomenon31 star18)
14.907: (turn_to satellite1 star28 star18)
14.907: (turn_to satellite1 star28 star18)
14.907: (turn_to satellite1 phenomenon31 star18)
14.907: (turn_to satellite1 phenomenon31 star18)
13.817: (take_image satellite1 phenomenon26 instrument1 thermograph0)
13.817: (take_image satellite1 phenomenon22 instrument1 thermograph0)
13.825: (take_image satellite1 phenomenon26 instrument1 thermograph0)
13.825: (take_image satellite1 phenomenon22 instrument1 thermograph0)
13.825: (take_image satellite1 star20 instrument1 thermograph0)
13.893: (take_image satellite1 star20 instrument1 thermograph0)
13.929: (take_image satellite1 planet23 instrument1 thermograph3)
13.930: (take_image satellite1 star30 instrument1 thermograph3)
13.932: (take_image satellite1 planet27 instrument1 thermograph3)
13.948: (take_image satellite1 planet27 instrument1 thermograph3)
13.964: (take_image satellite1 phenomenon22 instrument1 thermograph0)
13.966: (take_image satellite1 star20 instrument1 thermograph0)
13.971: (take_image satellite1 planet23 instrument1 thermograph3)
13.972: (take_image satellite1 star30 instrument1 thermograph3)
13.973: (take_image satellite1 phenomenon26 instrument1 thermograph0)
13.984: (take_image satellite1 planet23 instrument1 thermograph3)
14.103: (take_image satellite1 star28 instrument1 image1)
14.103: (take_image satellite1 star28 instrument1 image1)
14.114: (take_image satellite1 phenomenon31 instrument1 image1)
14.163: (take_image satellite1 phenomenon31 instrument1 image1)
14.163: (take_image satellite1 phenomenon31 instrument1 image1)
14.181: (take_image satellite1 star28 instrument1 image1)
14.222: (turn_to satellite0 phenomenon31 planet24)
14.227: (turn_to satellite0 planet24 phenomenon31)
14.268: (turn_to satellite0 planet27 phenomenon31)
14.268: (turn_to satellite0 star30 phenomenon31)
14.268: (turn_to satellite0 planet23 phenomenon31)
14.268: (turn_to satellite0 phenomenon22 phenomenon31)
14.268: (turn_to satellite0 phenomenon26 phenomenon31)
14.268: (turn_to satellite0 star20 phenomenon31)
14.269: (turn_to satellite0 phenomenon26 planet24)
14.269: (turn_to satellite0 planet27 planet24)
14.269: (turn_to satellite0 star30 planet24)
14.269: (turn_to satellite0 phenomenon22 planet24)
14.269: (turn_to satellite0 planet23 planet24)
14.269: (turn_to satellite0 star20 planet24)
14.299: (turn_to satellite0 phenomenon29 phenomenon31)
14.299: (turn_to satellite0 star25 phenomenon31)
14.303: (turn_to satellite0 phenomenon29 planet24)
14.303: (turn_to satellite0 star25 planet24)
13.197: (turn_to satellite1 planet23 planet27)
13.208: (turn_to satellite1 star30 planet23)
13.218: (turn_to satellite1 planet24 phenomenon22)
13.231: (turn_to satellite1 planet24 phenomenon26)
13.239: (turn_to satellite1 planet23 star30)
13.239: (turn_to satellite1 planet27 planet23)
13.239: (turn_to satellite1 planet24 planet23)
13.245: (turn_to satellite1 planet24 star20)
13.249: (turn_to satellite1 planet24 star30)
13.251: (turn_to satellite1 planet24 planet27)
13.253: (turn_to satellite1 planet27 phenomenon22)
13.253: (turn_to satellite1 planet23 phenomenon22)
13.253: (turn_to satellite1 star30 phenomenon22)
13.262: (turn_to satellite1 phenomenon26 planet27)
13.262: (turn_to satellite1 phenomenon22 planet27)
13.266: (turn_to satellite1 star20 planet27)
13.281: (turn_to satellite1 phenomenon26 planet27)
13.281: (turn_to satellite1 star30 phenomenon26)
13.281: (turn_to satellite1 planet23 phenomenon26)
13.281: (turn_to satellite1 planet27 phenomenon26)
13.283: (take_image satellite0 planet24 instrument0 image1)
13.283: (take_image satellite0 phenomenon31 instrument0 image1)
13.287: (turn_to satellite1 phenomenon26 phenomenon22)
13.287: (turn_to satellite1 star20 phenomenon22)
13.288: (turn_to satellite1 star20 planet23)
13.288: (turn_to satellite1 phenomenon26 planet23)
13.288: (turn_to satellite1 phenomenon22 planet23)
13.288: (turn_to satellite1 star28 planet27)
13.288: (turn_to satellite1 phenomenon31 planet27)
13.292: (turn_to satellite1 planet23 star20)
13.292: (turn_to satellite1 phenomenon26 planet23)
13.294: (turn_to satellite1 planet21 planet27)
13.294: (turn_to satellite1 phenomenon29 planet27)
13.295: (turn_to satellite1 star25 phenomenon22)
13.295: (turn_to satellite1 phenomenon29 phenomenon22)
13.300: (turn_to satellite1 phenomenon22 planet23)
13.300: (turn_to satellite1 star20 planet23)
13.302: (turn_to satellite1 planet23 phenomenon26)
13.303: (turn_to satellite1 star30 phenomenon26)
13.307: (turn_to satellite1 planet23 phenomenon26)
12.000: (take_image satellite1 phenomenon22 instrument1 thermograph0)
12.000: (take_image satellite1 star20 instrument1 thermograph0)
12.017: (take_image satellite1 planet23 instrument1 thermograph3)
12.068: (take_image satellite1 planet23 instrument1 thermograph3)
12.072: (take_image satellite1 star30 instrument1 thermograph3)
12.078: (take_image satellite1 phenomenon26 instrument1 thermograph0)
12.083: (take_image satellite1 star20 instrument1 thermograph0)
12.084: (take_image satellite1 phenomenon22 instrument1 thermograph0)
12.172: (take_image satellite1 phenomenon22 instrument1 thermograph0)
12.172: (take_image satellite1 star20 instrument1 thermograph0)
12.180: (take_image satellite1 phenomenon26 instrument1 thermograph0)
12.185: (take_image satellite1 planet27 instrument1 thermograph3)
12.202: (take_image satellite1 phenomenon26 instrument1 thermograph0)
12.202: (take_image satellite1 planet23 instrument1 thermograph3)
12.203: (take_image satellite1 planet27 instrument1 thermograph3)
12.208: (take_image satellite1 star30 instrument1 thermograph3)
12.213: (take_image satellite1 planet23 instrument1 thermograph3)
12.225: (take_image satellite1 planet23 instrument1 thermograph3)
12.227: (take_image satellite1 star30 instrument1 thermograph3)
12.228: (take_image satellite1 phenomenon26 instrument1 thermograph0)
12.485: (take_image satellite0 phenomenon31 instrument0 image1)
12.490: (take_image satellite0 phenomenon31 instrument0 image1)
12.497: (take_image satellite0 phenomenon31 instrument0 image1)
12.497: (take_image satellite0 phenomenon31 instrument0 image1)
12.523: (turn_to satellite0 star30 phenomenon31)
12.523: (turn_to satellite0 planet27 phenomenon31)
12.523: (turn_to satellite0 phenomenon26 phenomenon31)
12.523: (turn_to satellite0 planet23 phenomenon31)
12.523: (turn_to satellite0 phenomenon22 phenomenon31)
12.523: (turn_to satellite0 star20 phenomenon31)
12.541: (take_image satellite1 planet24 instrument1 image1)
12.545: (take_image satellite1 planet24 instrument1 image1)
12.546: (take_image satellite1 planet24 instrument1 image1)
12.549: (turn_to satellite0 phenomenon29 phenomenon31)
12.549: (turn_to satellite0 star25 phenomenon31)
12.559: (take_image satellite1 planet27 instrument1 thermograph3)
12.564: (turn_to satellite0 star30 planet24)
12.564: (turn_to satellite0 star20 planet24)
12.564: (turn_to satellite0 phenomenon22 planet24)
12.564: (turn_to satellite0 planet23 planet24)
11.449: (turn_to satellite1 planet23 star20)
11.462: (turn_to satellite1 planet24 phenomenon26)
11.477: (turn_to satellite1 star30 star20)
11.484: (turn_to satellite1 star30 phenomenon22)
11.486: (turn_to satellite1 planet23 phenomenon22)
11.492: (turn_to satellite1 planet24 star30)
11.494: (turn_to satellite1 planet24 planet27)
11.502: (turn_to satellite1 star30 phenomenon26)
11.511: (turn_to satellite1 planet24 planet23)
11.511: (turn_to satellite1 planet24 phenomenon26)
11.512: (turn_to satellite1 planet23 star30)
11.513: (turn_to satellite1 planet24 planet27)
11.522: (turn_to satellite1 star30 planet23)
11.527: (turn_to satellite1 planet24 planet23)
11.531: (turn_to satellite1 planet24 phenomenon22)
11.534: (turn_to satellite1 planet24 star20)
11.535: (turn_to satellite1 planet27 planet23)
11.542: (turn_to satellite1 planet21 star20)
11.542: (turn_to satellite1 phenomenon31 star20)
11.542: (turn_to satellite1 star28 star20)
11.542: (turn_to satellite1 star20 phenomenon26)
11.542: (turn_to satellite1 phenomenon22 phenomenon26)
11.542: (turn_to satellite1 planet23 phenomenon26)
11.542: (turn_to satellite1 phenomenon29 star20)
11.542: (turn_to satellite1 star30 phenomenon26)
11.544: (turn_to satellite1 phenomenon26 star20)
11.544: (turn_to satellite1 phenomenon22 star20)
11.545: (turn_to satellite1 planet23 phenomenon26)
11.549: (turn_to satellite1 star25 phenomenon26)
11.549: (turn_to satellite1 phenomenon29 phenomenon26)
11.563: (turn_to satellite1 phenomenon31 phenomenon22)
11.563: (turn_to satellite1 star28 phenomenon22)
11.563: (turn_to satellite1 phenomenon29 phenomenon22)
11.565: (turn_to satellite1 phenomenon26 phenomenon22)
11.569: (turn_to satellite1 planet24 planet23)
11.572: (turn_to satellite1 planet24 star30)
11.573: (turn_to satellite1 phenomenon22 planet27)
11.573: (turn_to satellite1 planet23 planet27)
11.573: (turn_to satellite1 star30 planet27)
11.573: (turn_to satellite1 star20 planet27)
10.892: (take_image satellite1 planet23 instrument1 thermograph3)
10.897: (take_image satellite1 planet24 instrument1 image1)
10.903: (take_image satellite1 star28 instrument1 image1)
10.903: (take_image satellite1 phenomenon31 instrument1 image1)
10.905: (take_image satellite1 star30 instrument1 thermograph3)
10.908: (take_image satellite1 planet23 instrument1 thermograph3)
10.926: (take_image satellite1 planet24 instrument1 image1)
10.930: (take_image satellite1 planet24 instrument1 image1)
10.932: (take_image satellite1 planet24 instrument1 image1)
10.938: (take_image satellite1 planet23 instrument1 thermograph3)
10.941: (take_image satellite1 planet23 instrument1 thermograph3)
10.943: (take_image satellite1 star30 instrument1 thermograph3)
10.947: (take_image satellite0 phenomenon31 instrument0 image1)
10.947: (take_image satellite1 planet27 instrument1 thermograph3)
10.950: (take_image satellite1 star30 instrument1 thermograph3)
10.952: (take_image satellite1 planet24 instrument1 image1)
10.955: (take_image satellite1 planet24 instrument1 image1)
10.960: (take_image satellite0 phenomenon31 instrument0 image1)
10.966: (take_image satellite1 phenomenon22 instrument1 thermograph0)
10.973: (take_image satellite0 phenomenon31 instrument0 image1)
10.974: (take_image satellite0 phenomenon31 instrument0 image1)
10.977: (take_image satellite1 phenomenon31 instrument1 image1)
10.978: (take_image satellite0 phenomenon31 instrument0 image1)
10.978: (take_image satellite1 star28 instrument1 image1)
10.982: (take_image satellite0 phenomenon31 instrument0 image1)
10.984: (take_image satellite1 phenomenon26 instrument1 thermograph0)
10.991: (take_image satellite1 planet24 instrument1 image1)
10.992: (take_image satellite1 star20 instrument1 thermograph0)
11.001: (take_image satellite1 star30 instrument1 thermograph3)
11.002: (take_image satellite1 phenomenon26 instrument1 thermograph0)
11.004: (take_image satellite0 phenomenon31 instrument0 image1)
11.005: (take_image satellite0 phenomenon31 instrument0 image1)
11.017: (take_image satellite1 phenomenon22 instrument1 thermograph0)
11.019: (take_image satellite1 planet23 instrument1 thermograph3)
11.054: (take_image satellite0 phenomenon31 instrument0 image1)
11.099: (take_image satellite0 phenomenon31 instrument0 image1)
11.104: (take_image satellite0 phenomenon31 instrument0 image1)
11.119: (take_image satellite0 phenomenon31 instrument0 image1)
11.119: (take_image satellite0 phenomenon31 instrument0 image1)
11.466: (turn_to satellite0 phenomenon29 star30)
10.108: (take_image satellite1 planet24 instrument1 image1)
10.117: (take_image satellite1 planet24 instrument1 image1)
10.124: (take_image satellite0 phenomenon31 instrument0 image1)
10.128: (turn_to satellite0 phenomenon29 phenomenon31)
10.128: (turn_to satellite0 star25 phenomenon31)
10.128: (turn_to satellite0 phenomenon22 phenomenon31)
10.128: (turn_to satellite0 star20 phenomenon31)
10.133: (turn_to satellite0 star25 phenomenon31)
10.133: (turn_to satellite0 star25 phenomenon31)
10.133: (turn_to satellite0 phenomenon29 phenomenon31)
10.133: (turn_to satellite0 phenomenon29 phenomenon31)
10.134: (turn_to satellite0 planet23 phenomenon31)
10.134: (turn_to satellite0 star30 phenomenon31)
10.134: (turn_to satellite0 star30 phenomenon31)
10.134: (turn_to satellite0 planet23 phenomenon31)
10.161: (turn_to satellite0 star25 phenomenon31)
10.161: (turn_to satellite0 phenomenon29 phenomenon31)
10.162: (turn_to satellite0 phenomenon22 phenomenon31)
10.162: (turn_to satellite0 star20 phenomenon31)
10.163: (turn_to satellite1 star20 planet23)
10.163: (turn_to satellite1 phenomenon22 planet23)
10.165: (turn_to satellite1 phenomenon29 planet23)
10.165: (turn_to satellite1 star25 planet23)
10.179: (turn_to satellite1 star30 planet23)
10.206: (turn_to satellite0 planet23 phenomenon31)
10.212: (turn_to satellite0 star20 phenomenon31)
10.212: (turn_to satellite0 phenomenon22 phenomenon31)
10.221: (take_image satellite0 phenomenon31 instrument0 image1)
10.226: (turn_to satellite1 planet24 planet23)
10.235: (take_image satellite0 phenomenon31 instrument0 image1)
10.236: (take_image satellite0 phenomenon31 instrument0 image1)
10.236: (take_image satellite1 planet24 instrument1 image1)
10.236: (take_image satellite1 planet24 instrument1 image1)
10.242: (take_image satellite1 planet24 instrument1 image1)
10.250: (turn_to satellite0 star30 phenomenon31)
10.254: (turn_to satellite0 planet23 phenomenon31)
10.254: (turn_to satellite0 planet27 phenomenon31)
10.254: (turn_to satellite0 phenomenon26 phenomenon31)
10.254: (turn_to satellite0 star20 phenomenon31)
10.255: (turn_to satellite0 phenomenon29 phenomenon31)
9.316: (take_image satellite1 planet24 instrument1 image1)
9.330: (take_image satellite1 planet24 instrument1 image1)
9.335: (take_image satellite1 planet24 instrument1 image1)
9.335: (take_image satellite1 planet24 instrument1 image1)
9.343: (take_image satellite1 star30 instrument1 thermograph3)
9.369: (take_image satellite1 planet24 instrument1 image1)
9.393: (turn_to satellite0 phenomenon26 phenomenon31)
9.393: (turn_to satellite0 planet27 phenomenon31)
9.393: (turn_to satellite0 star30 phenomenon31)
9.393: (turn_to satellite0 phenomenon22 phenomenon31)
9.398: (turn_to satellite0 planet27 phenomenon31)
9.398: (turn_to satellite0 phenomenon26 phenomenon31)
9.398: (turn_to satellite0 star30 phenomenon31)
9.403: (turn_to satellite0 phenomenon29 phenomenon31)
9.403: (turn_to satellite0 star25 phenomenon31)
9.411: (turn_to satellite0 star25 phenomenon31)
9.411: (turn_to satellite0 phenomenon29 phenomenon31)
9.444: (turn_to satellite1 star25 planet24)
9.444: (turn_to satellite1 phenomenon29 planet24)
9.463: (turn_to satellite1 phenomenon22 planet24)
9.463: (turn_to satellite1 star30 planet24)
9.463: (turn_to satellite1 phenomenon26 planet24)
9.463: (turn_to satellite1 planet27 planet24)
9.476: (turn_to satellite0 star20 phenomenon31)
9.495: (turn_to satellite0 star30 phenomenon31)
9.495: (turn_to satellite0 phenomenon22 phenomenon31)
9.495: (turn_to satellite0 star20 phenomenon31)
9.495: (turn_to satellite0 planet23 phenomenon31)
9.495: (turn_to satellite0 phenomenon22 phenomenon31)
9.495: (turn_to satellite0 star20 phenomenon31)
9.495: (turn_to satellite0 planet27 phenomenon31)
9.495: (turn_to satellite0 star30 phenomenon31)
9.496: (turn_to satellite0 phenomenon22 phenomenon31)
9.496: (turn_to satellite0 star20 phenomenon31)
9.496: (turn_to satellite0 planet23 phenomenon31)
9.496: (turn_to satellite0 planet27 phenomenon31)
9.510: (turn_to satellite0 star25 phenomenon31)
9.510: (turn_to satellite0 phenomenon29 phenomenon31)
9.511: (turn_to satellite0 star25 phenomenon31)
9.511: (turn_to satellite0 phenomenon29 phenomenon31)
8.570: (turn_to satellite1 planet23 planet24)
8.578: (turn_to satellite1 phenomenon22 planet24)
8.578: (turn_to satellite1 planet27 planet24)
8.616: (turn_to satellite1 phenomenon29 planet24)
8.616: (turn_to satellite1 phenomenon29 planet24)
8.616: (turn_to satellite1 star25 planet24)
8.616: (turn_to satellite1 phenomenon26 planet24)
8.616: (turn_to satellite0 star30 phenomenon31)
8.616: (turn_to satellite1 planet23 planet24)
8.621: (turn_to satellite1 phenomenon22 planet24)
8.626: (turn_to satellite1 star25 planet24)
8.627: (turn_to satellite1 star20 planet24)
8.662: (turn_to satellite1 star20 planet24)
8.668: (turn_to satellite1 star20 planet24)
8.668: (turn_to satellite1 planet23 planet24)
8.668: (turn_to satellite1 star30 planet24)
8.668: (turn_to satellite1 phenomenon22 planet24)
8.671: (turn_to satellite1 phenomenon29 planet24)
8.671: (turn_to satellite1 star25 planet24)
8.673: (turn_to satellite1 star20 planet24)
8.675: (turn_to satellite1 phenomenon22 planet24)
8.677: (turn_to satellite1 planet27 planet24)
8.677: (turn_to satellite1 phenomenon22 planet24)
8.677: (turn_to satellite1 phenomenon22 planet24)
8.677: (turn_to satellite1 star30 planet24)
8.677: (turn_to satellite1 star20 planet24)
8.677: (turn_to satellite1 planet27 planet24)
8.677: (turn_to satellite1 star20 planet24)
8.677: (turn_to satellite1 star30 planet24)
8.678: (turn_to satellite1 star25 planet24)
8.678: (turn_to satellite1 phenomenon29 planet24)
8.678: (turn_to satellite1 star25 planet24)
8.678: (turn_to satellite1 phenomenon29 planet24)
8.681: (turn_to satellite1 planet27 planet24)
8.681: (turn_to satellite1 planet23 planet24)
8.681: (turn_to satellite1 star20 planet24)
8.681: (turn_to satellite1 phenomenon22 planet24)
8.683: (turn_to satellite1 planet23 planet24)
8.683: (turn_to satellite1 phenomenon22 planet24)
8.683: (turn_to satellite1 star30 planet24)
8.096: (take_image satellite1 star20 instrument1 thermograph0)
8.102: (take_image satellite1 planet23 instrument1 thermograph3)
8.102: (take_image satellite1 planet27 instrument1 thermograph3)
8.132: (take_image satellite1 phenomenon22 instrument1 thermograph0)
8.145: (take_image satellite1 planet23 instrument1 thermograph3)
8.153: (take_image satellite1 phenomenon22 instrument1 thermograph0)
8.153: (take_image satellite1 star30 instrument1 thermograph3)
8.168: (take_image satellite1 star20 instrument1 thermograph0)
8.173: (take_image satellite1 star30 instrument1 thermograph3)
8.173: (take_image satellite1 phenomenon22 instrument1 thermograph0)
8.173: (take_image satellite1 phenomenon22 instrument1 thermograph0)
8.173: (take_image satellite1 planet27 instrument1 thermograph3)
8.192: (take_image satellite1 planet27 instrument1 thermograph3)
8.209: (take_image satellite0 phenomenon29 instrument0 thermograph2)
8.209: (take_image satellite0 phenomenon29 instrument0 thermograph2)
8.211: (take_image satellite0 phenomenon29 instrument0 thermograph2)
8.226: (take_image satellite1 phenomenon26 instrument1 thermograph0)
8.231: (take_image satellite0 phenomenon29 instrument0 thermograph2)
8.231: (take_image satellite0 star25 instrument0 thermograph2)
8.231: (take_image satellite0 phenomenon29 instrument0 thermograph2)
8.231: (take_image satellite0 star25 instrument0 thermograph2)
8.232: (take_image satellite1 phenomenon22 instrument1 thermograph0)
8.234: (take_image satellite0 phenomenon29 instrument0 thermograph2)
8.242: (take_image satellite1 planet23 instrument1 thermograph3)
8.245: (take_image satellite1 star20 instrument1 thermograph0)
8.246: (take_image satellite1 planet27 instrument1 thermograph3)
8.257: (take_image satellite0 phenomenon29 instrument0 thermograph2)
8.262: (take_image satellite1 star20 instrument1 thermograph0)
8.263: (take_image satellite1 phenomenon22 instrument1 thermograph0)
8.264: (take_image satellite1 star30 instrument1 thermograph3)
8.265: (take_image satellite1 planet23 instrument1 thermograph3)
8.273: (take_image satellite1 planet27 instrument1 thermograph3)
8.291: (take_image satellite1 star20 instrument1 thermograph0)
8.292: (take_image satellite1 phenomenon22 instrument1 thermograph0)
8.315: (take_image satellite0 phenomenon29 instrument0 thermograph2)
8.332: (take_image satellite1 planet23 instrument1 thermograph3)
8.333: (take_image satellite0 star25 instrument0 thermograph2)
8.335: (take_image satellite1 star20 instrument1 thermograph0)
8.337: (take_image satellite0 star25 instrument0 thermograph2)
8.337: (take_image satellite1 star30 instrument1 thermograph3)
7.420: (turn_to satellite1 phenomenon22 star20)
7.428: (turn_to satellite0 phenomenon22 star25)
7.428: (turn_to satellite0 planet27 star25)
7.430: (turn_to satellite1 star30 planet23)
7.442: (turn_to satellite1 planet23 phenomenon22)
7.445: (turn_to satellite1 planet23 star30)
7.450: (turn_to satellite1 star20 phenomenon22)
7.468: (turn_to satellite0 phenomenon29 star25)
7.468: (turn_to satellite0 phenomenon29 star25)
7.471: (turn_to satellite0 star30 phenomenon29)
7.471: (turn_to satellite0 planet27 phenomenon29)
7.473: (turn_to satellite0 phenomenon22 phenomenon29)
7.478: (turn_to satellite1 phenomenon29 star20)
7.488: (turn_to satellite1 phenomenon29 planet23)
7.493: (turn_to satellite0 star30 phenomenon29)
7.498: (turn_to satellite0 phenomenon22 phenomenon29)
7.498: (turn_to satellite0 star20 phenomenon29)
7.500: (turn_to satellite1 phenomenon29 star30)
7.516: (turn_to satellite1 star25 planet23)
7.516: (turn_to satellite1 phenomenon29 planet23)
7.516: (turn_to satellite1 phenomenon29 star20)
7.516: (turn_to satellite1 star25 star20)
7.519: (turn_to satellite1 phenomenon22 planet23)
7.519: (turn_to satellite1 star20 planet23)
7.519: (turn_to satellite1 planet27 star20)
7.519: (turn_to satellite1 planet23 star20)
7.528: (turn_to satellite1 star25 planet27)
7.528: (turn_to satellite1 phenomenon29 planet27)
7.531: (turn_to satellite1 phenomenon26 planet27)
7.531: (turn_to satellite1 phenomenon22 planet27)
7.535: (turn_to satellite1 star30 star20)
7.535: (turn_to satellite1 planet23 star20)
7.538: (turn_to satellite0 star20 star25)
7.538: (turn_to satellite0 phenomenon22 star25)
7.538: (turn_to satellite0 planet27 star25)
7.538: (turn_to satellite0 star30 star25)
7.541: (turn_to satellite0 star25 phenomenon29)
7.542: (turn_to satellite1 phenomenon22 planet23)
7.542: (turn_to satellite1 star20 planet23)
7.543: (turn_to satellite1 star25 phenomenon22)
6.669: (take_image satellite1 planet23 instrument1 thermograph3)
6.675: (take_image satellite1 star20 instrument1 thermograph0)
6.700: (take_image satellite1 phenomenon22 instrument1 thermograph0)
6.705: (take_image satellite1 star30 instrument1 thermograph3)
6.766: (take_image satellite0 star25 instrument0 thermograph2)
6.928: (take_image satellite0 phenomenon29 instrument0 thermograph2)
6.954: (take_image satellite1 star20 instrument1 thermograph0)
6.957: (take_image satellite1 star20 instrument1 thermograph0)
6.958: (take_image satellite0 phenomenon29 instrument0 thermograph2)
6.964: (take_image satellite1 star20 instrument1 thermograph0)
6.969: (take_image satellite1 star30 instrument1 thermograph3)
6.981: (take_image satellite1 star20 instrument1 thermograph0)
6.981: (take_image satellite1 phenomenon22 instrument1 thermograph0)
6.981: (take_image satellite1 planet27 instrument1 thermograph3)
6.985: (take_image satellite1 planet23 instrument1 thermograph3)
6.993: (take_image satellite1 phenomenon22 instrument1 thermograph0)
6.993: (take_image satellite1 star20 instrument1 thermograph0)
7.018: (take_image satellite1 star30 instrument1 thermograph3)
7.028: (take_image satellite1 planet23 instrument1 thermograph3)
7.046: (take_image satellite1 phenomenon26 instrument1 thermograph0)
7.046: (take_image satellite1 phenomenon22 instrument1 thermograph0)
7.071: (take_image satellite0 star25 instrument0 thermograph2)
7.071: (take_image satellite0 star25 instrument0 thermograph2)
7.091: (take_image satellite1 planet27 instrument1 thermograph3)
7.100: (take_image satellite1 star30 instrument1 thermograph3)
7.117: (take_image satellite0 star25 instrument0 thermograph2)
7.122: (take_image satellite1 planet23 instrument1 thermograph3)
7.124: (take_image satellite1 star20 instrument1 thermograph0)
7.126: (take_image satellite1 star30 instrument1 thermograph3)
7.127: (take_image satellite1 star20 instrument1 thermograph0)
7.133: (take_image satellite1 star30 instrument1 thermograph3)
7.139: (take_image satellite0 star25 instrument0 thermograph2)
7.148: (take_image satellite1 star20 instrument1 thermograph0)
7.168: (take_image satellite0 star25 instrument0 thermograph2)
7.183: (take_image satellite0 star25 instrument0 thermograph2)
7.185: (take_image satellite0 star25 instrument0 thermograph2)
7.203: (take_image satellite0 star25 instrument0 thermograph2)
7.213: (take_image satellite0 star25 instrument0 thermograph2)
7.222: (take_image satellite0 star25 instrument0 thermograph2)
7.414: (turn_to satellite1 planet27 star20)
5.903: (turn_to satellite1 phenomenon29 planet23)
5.908: (turn_to satellite1 planet23 star20)
5.915: (turn_to satellite1 phenomenon29 star30)
5.925: (turn_to satellite1 phenomenon29 phenomenon22)
5.994: (turn_to satellite1 star20 planet23)
5.996: (turn_to satellite1 phenomenon22 planet23)
5.997: (turn_to satellite1 star25 star20)
5.997: (turn_to satellite1 phenomenon29 star20)
6.005: (turn_to satellite1 star20 star30)
6.005: (turn_to satellite1 phenomenon22 star30)
6.005: (take_image satellite1 planet23 instrument1 thermograph3)
6.014: (turn_to satellite1 planet23 phenomenon22)
6.014: (turn_to satellite1 star30 phenomenon22)
6.061: (take_image satellite1 phenomenon22 instrument1 thermograph0)
6.092: (take_image satellite1 star30 instrument1 thermograph3)
6.163: (turn_to satellite0 planet27 phenomenon29)
6.169: (turn_to satellite0 phenomenon22 phenomenon29)
6.179: (turn_to satellite0 groundstation19 phenomenon29)
6.184: (turn_to satellite0 groundstation19 phenomenon29)
6.195: (turn_to satellite0 phenomenon22 star25)
6.200: (turn_to satellite0 planet23 star25)
6.206: (turn_to satellite0 groundstation19 star25)
6.215: (turn_to satellite0 phenomenon29 star25)
6.215: (turn_to satellite0 phenomenon29 star25)
6.227: (turn_to satellite0 phenomenon22 star25)
6.238: (take_image satellite0 star25 instrument0 thermograph2)
6.238: (take_image satellite0 star25 instrument0 thermograph2)
6.239: (turn_to satellite0 phenomenon29 star25)
6.248: (take_image satellite0 star25 instrument0 thermograph2)
6.262: (turn_to satellite0 phenomenon22 phenomenon29)
6.263: (turn_to satellite0 star30 phenomenon29)
6.263: (turn_to satellite0 planet27 phenomenon29)
6.282: (turn_to satellite0 star20 phenomenon29)
6.285: (turn_to satellite0 star30 star25)
6.289: (turn_to satellite0 phenomenon22 star25)
6.289: (turn_to satellite0 star20 star25)
6.289: (turn_to satellite0 planet23 star25)
6.289: (turn_to satellite0 star30 star25)
6.290: (turn_to satellite0 planet27 star25)
6.296: (turn_to satellite0 star20 star25)
5.341: (take_image satellite1 star30 instrument1 thermograph3)
5.363: (take_image satellite1 star30 instrument1 thermograph3)
5.412: (take_image satellite1 planet23 instrument1 thermograph3)
5.429: (take_image satellite0 star25 instrument0 thermograph2)
5.431: (turn_to satellite1 phenomenon29 planet23)
5.433: (turn_to satellite1 phenomenon29 phenomenon22)
5.442: (take_image satellite1 planet23 instrument1 thermograph3)
5.442: (take_image satellite1 phenomenon22 instrument1 thermograph0)
5.442: (turn_to satellite0 phenomenon29 star25)
5.443: (take_image satellite1 phenomenon22 instrument1 thermograph0)
5.452: (take_image satellite0 star25 instrument0 thermograph2)
5.456: (turn_to satellite0 phenomenon29 star25)
5.461: (take_image satellite1 planet23 instrument1 thermograph3)
5.466: (turn_to satellite1 phenomenon29 star30)
5.471: (take_image satellite1 phenomenon22 instrument1 thermograph0)
5.474: (take_image satellite1 star30 instrument1 thermograph3)
5.487: (take_image satellite1 star30 instrument1 thermograph3)
5.488: (take_image satellite1 planet23 instrument1 thermograph3)
5.499: (take_image satellite0 star25 instrument0 thermograph2)
5.500: (take_image satellite0 star25 instrument0 thermograph2)
5.505: (turn_to satellite0 phenomenon29 star25)
5.505: (take_image satellite1 phenomenon22 instrument1 thermograph0)
5.510: (take_image satellite1 star20 instrument1 thermograph0)
5.523: (turn_to satellite1 star20 planet23)
5.523: (turn_to satellite1 phenomenon22 planet23)
5.525: (take_image satellite0 star25 instrument0 thermograph2)
5.530: (take_image satellite0 star25 instrument0 thermograph2)
5.530: (turn_to satellite1 planet23 phenomenon22)
5.530: (turn_to satellite1 star30 phenomenon22)
5.533: (turn_to satellite0 planet23 star25)
5.534: (turn_to satellite0 star30 star25)
5.540: (take_image satellite1 star30 instrument1 thermograph3)
5.540: (take_image satellite1 star20 instrument1 thermograph0)
5.540: (take_image satellite1 star20 instrument1 thermograph0)
5.548: (turn_to satellite0 star20 star25)
5.548: (turn_to satellite0 phenomenon22 star25)
5.558: (turn_to satellite1 star20 star30)
5.558: (turn_to satellite1 phenomenon22 star30)
5.596: (turn_to satellite0 phenomenon22 star25)
5.596: (turn_to satellite0 star20 star25)
4.585: (turn_to satellite1 star20 planet23)
4.624: (turn_to satellite1 phenomenon29 planet23)
4.720: (turn_to satellite1 phenomenon29 phenomenon22)
4.726: (turn_to satellite0 planet23 star25)
4.732: (turn_to satellite0 phenomenon22 star25)
4.734: (turn_to satellite0 phenomenon29 star25)
4.736: (turn_to satellite1 planet23 phenomenon22)
4.738: (turn_to satellite1 star30 phenomenon22)
4.739: (take_image satellite0 phenomenon29 instrument0 thermograph2)
4.740: (turn_to satellite1 phenomenon29 star20)
4.742: (turn_to satellite0 phenomenon29 star25)
4.747: (take_image satellite0 phenomenon29 instrument0 thermograph2)
4.750: (turn_to satellite1 star20 planet23)
4.750: (turn_to satellite1 phenomenon22 planet23)
4.751: (turn_to satellite1 phenomenon22 star30)
4.751: (turn_to satellite1 star20 star30)
4.751: (turn_to satellite0 star20 star25)
4.755: (turn_to satellite1 phenomenon29 phenomenon22)
4.755: (turn_to satellite1 star20 phenomenon22)
4.756: (turn_to satellite1 phenomenon29 phenomenon22)
4.759: (turn_to satellite1 phenomenon22 planet23)
4.765: (turn_to satellite1 star20 star30)
4.767: (turn_to satellite1 planet23 phenomenon22)
4.767: (turn_to satellite1 star30 phenomenon22)
4.767: (turn_to satellite1 phenomenon22 star30)
4.768: (turn_to satellite0 phenomenon29 star25)
4.772: (turn_to satellite1 phenomenon29 planet23)
4.778: (turn_to satellite1 phenomenon29 star30)
4.779: (turn_to satellite1 phenomenon22 star20)
4.780: (turn_to satellite1 phenomenon29 star30)
4.782: (turn_to satellite1 phenomenon29 star30)
4.782: (turn_to satellite0 star30 star25)
4.783: (turn_to satellite0 star30 star25)
4.785: (turn_to satellite1 phenomenon29 planet23)
4.786: (take_image satellite0 phenomenon29 instrument0 thermograph2)
4.789: (turn_to satellite0 planet23 star25)
4.789: (turn_to satellite1 star25 planet23)
4.789: (turn_to satellite1 phenomenon29 planet23)
4.791: (turn_to satellite0 phenomenon29 star25)
4.795: (turn_to satellite1 planet23 star30)
3.880: (take_image satellite1 planet23 instrument1 thermograph3)
3.962: (turn_to satellite0 groundstation19 phenomenon29)
3.969: (turn_to satellite0 groundstation19 phenomenon29)
3.972: (turn_to satellite0 groundstation19 phenomenon29)
4.001: (take_image satellite1 star20 instrument1 thermograph0)
4.006: (turn_to satellite1 star20 star30)
4.006: (turn_to satellite1 phenomenon22 star30)
4.009: (turn_to satellite1 star20 planet23)
4.009: (turn_to satellite1 phenomenon22 planet23)
4.010: (take_image satellite1 phenomenon22 instrument1 thermograph0)
4.010: (take_image satellite0 phenomenon29 instrument0 thermograph2)
4.024: (turn_to satellite1 star30 phenomenon22)
4.024: (turn_to satellite1 planet23 phenomenon22)
4.025: (turn_to satellite0 star20 phenomenon29)
4.025: (turn_to satellite0 phenomenon22 phenomenon29)
4.025: (take_image satellite0 phenomenon29 instrument0 thermograph2)
4.045: (take_image satellite0 phenomenon29 instrument0 thermograph2)
4.058: (take_image satellite0 phenomenon29 instrument0 thermograph2)
4.067: (turn_to satellite0 star30 phenomenon29)
4.067: (turn_to satellite0 planet23 phenomenon29)
4.075: (turn_to satellite0 star20 phenomenon29)
4.075: (turn_to satellite0 phenomenon22 phenomenon29)
4.134: (take_image satellite0 star25 instrument0 thermograph2)
4.246: (take_image satellite0 star25 instrument0 thermograph2)
4.246: (take_image satellite0 star25 instrument0 thermograph2)
4.254: (take_image satellite1 planet23 instrument1 thermograph3)
4.272: (take_image satellite1 phenomenon22 instrument1 thermograph0)
4.275: (take_image satellite1 star20 instrument1 thermograph0)
4.285: (take_image satellite1 star30 instrument1 thermograph3)
4.288: (take_image satellite1 star30 instrument1 thermograph3)
4.288: (take_image satellite1 planet23 instrument1 thermograph3)
4.289: (take_image satellite0 star25 instrument0 thermograph2)
4.293: (take_image satellite1 star20 instrument1 thermograph0)
4.294: (take_image satellite0 star25 instrument0 thermograph2)
4.302: (take_image satellite0 star25 instrument0 thermograph2)
4.313: (take_image satellite0 star25 instrument0 thermograph2)
4.315: (take_image satellite1 phenomenon22 instrument1 thermograph0)
4.565: (turn_to satellite0 star25 planet27)
4.620: (turn_to satellite0 phenomenon29 star25)
4.633: (turn_to satellite0 phenomenon29 planet27)
3.260: (turn_to satellite1 phenomenon22 planet23)
3.260: (turn_to satellite1 star30 phenomenon22)
3.261: (turn_to satellite0 groundstation19 phenomenon29)
3.263: (turn_to satellite0 groundstation19 phenomenon29)
3.266: (turn_to satellite0 planet23 phenomenon29)
3.266: (turn_to satellite1 phenomenon22 star30)
3.266: (turn_to satellite0 phenomenon22 phenomenon29)
3.271: (turn_to satellite1 star20 planet23)
3.272: (turn_to satellite0 groundstation19 phenomenon29)
3.277: (turn_to satellite0 groundstation19 phenomenon29)
3.280: (turn_to satellite0 star20 phenomenon29)
3.283: (turn_to satellite1 phenomenon29 planet23)
3.284: (turn_to satellite0 star30 phenomenon29)
3.292: (turn_to satellite1 phenomenon29 star20)
3.293: (turn_to satellite1 star20 planet23)
3.293: (turn_to satellite1 phenomenon22 planet23)
3.294: (turn_to satellite1 planet23 phenomenon22)
3.298: (turn_to satellite1 star20 star30)
3.298: (turn_to satellite1 phenomenon22 star30)
3.298: (turn_to satellite1 phenomenon29 phenomenon22)
3.298: (turn_to satellite1 star30 phenomenon22)
3.311: (turn_to satellite1 star20 star30)
3.317: (turn_to satellite1 planet23 phenomenon22)
3.377: (take_image satellite0 phenomenon29 instrument0 thermograph2)
3.384: (take_image satellite0 phenomenon29 instrument0 thermograph2)
3.414: (take_image satellite0 phenomenon29 instrument0 thermograph2)
3.428: (turn_to satellite1 phenomenon29 phenomenon22)
3.432: (take_image satellite0 phenomenon29 instrument0 thermograph2)
3.439: (turn_to satellite0 phenomenon22 star25)
3.439: (turn_to satellite1 star30 planet23)
3.440: (turn_to satellite1 planet23 star30)
3.446: (turn_to satellite1 phenomenon22 star20)
3.462: (turn_to satellite1 groundstation19 phenomenon22)
3.469: (turn_to satellite1 groundstation19 planet23)
3.470: (turn_to satellite1 groundstation19 star20)
3.470: (take_image satellite1 phenomenon22 instrument1 thermograph0)
3.471: (take_image satellite1 star20 instrument1 thermograph0)
3.499: (turn_to satellite1 phenomenon29 star20)
3.502: (turn_to satellite1 phenomenon29 star30)
3.512: (turn_to satellite0 star20 star25)
2.701: (turn_to satellite1 phenomenon29 star20)
2.770: (turn_to satellite1 phenomenon29 phenomenon22)
2.777: (turn_to satellite0 phenomenon22 phenomenon29)
2.781: (take_image satellite1 phenomenon22 instrument1 thermograph0)
2.786: (turn_to satellite0 planet23 phenomenon29)
2.786: (take_image satellite1 star30 instrument1 thermograph3)
2.792: (take_image satellite1 phenomenon22 instrument1 thermograph0)
2.799: (take_image satellite1 star20 instrument1 thermograph0)
2.799: (take_image satellite1 planet23 instrument1 thermograph3)
2.800: (turn_to satellite0 groundstation19 phenomenon29)
2.802: (take_image satellite1 star20 instrument1 thermograph0)
2.805: (turn_to satellite0 phenomenon29 star25)
2.805: (turn_to satellite0 phenomenon29 star25)
2.806: (take_image satellite1 star30 instrument1 thermograph3)
2.807: (take_image satellite1 planet23 instrument1 thermograph3)
2.807: (turn_to satellite1 planet23 star30)
2.808: (take_image satellite1 phenomenon22 instrument1 thermograph0)
2.809: (turn_to satellite1 phenomenon22 star20)
2.810: (turn_to satellite0 star30 phenomenon29)
2.812: (turn_to satellite0 groundstation19 phenomenon29)
2.814: (take_image satellite0 phenomenon29 instrument0 thermograph2)
2.818: (take_image satellite1 planet23 instrument1 thermograph3)
2.819: (take_image satellite1 star30 instrument1 thermograph3)
2.823: (take_image satellite0 phenomenon29 instrument0 thermograph2)
2.827: (take_image satellite0 star25 instrument0 thermograph2)
2.832: (turn_to satellite0 groundstation19 phenomenon29)
2.833: (turn_to satellite1 star30 planet23)
2.834: (take_image satellite0 phenomenon29 instrument0 thermograph2)
2.841: (turn_to satellite0 star20 phenomenon29)
2.854: (turn_to satellite0 groundstation19 phenomenon29)
2.861: (turn_to satellite1 star20 phenomenon22)
2.960: (turn_to satellite1 groundstation19 phenomenon22)
2.960: (turn_to satellite1 groundstation19 star20)
2.960: (take_image satellite0 star25 instrument0 thermograph2)
3.174: (switch_off instrument0 satellite0)
3.202: (take_image satellite0 groundstation19 instrument0 image1)
3.203: (switch_off instrument0 satellite0)
3.205: (switch_off instrument0 satellite0)
3.207: (take_image satellite0 groundstation19 instrument0 thermograph2)
3.210: (switch_off instrument0 satellite0)
2.001: (turn_to satellite0 groundstation19 phenomenon29)
2.003: (turn_to satellite0 groundstation19 phenomenon29)
2.007: (turn_to satellite0 groundstation19 phenomenon29)
2.040: (turn_to satellite1 planet23 star30)
2.043: (turn_to satellite1 star30 planet23)
2.067: (turn_to satellite1 phenomenon22 star20)
2.077: (take_image satellite1 phenomenon22 instrument1 thermograph0)
2.080: (take_image satellite0 phenomenon29 instrument0 thermograph2)
2.086: (turn_to satellite0 groundstation19 phenomenon29)
2.091: (take_image satellite1 star30 instrument1 thermograph3)
2.092: (take_image satellite0 phenomenon29 instrument0 thermograph2)
2.092: (take_image satellite0 phenomenon29 instrument0 thermograph2)
2.093: (turn_to satellite1 star20 phenomenon22)
2.093: (take_image satellite1 star20 instrument1 thermograph0)
2.123: (take_image satellite0 phenomenon29 instrument0 thermograph2)
2.151: (take_image satellite1 planet23 instrument1 thermograph3)
2.177: (turn_to satellite1 groundstation19 planet23)
2.196: (turn_to satellite0 phenomenon29 star25)
2.210: (turn_to satellite1 groundstation19 star30)
2.210: (turn_to satellite1 groundstation19 star20)
2.235: (turn_to satellite1 groundstation19 phenomenon22)
2.522: (take_image satellite1 phenomenon22 instrument1 thermograph0)
2.543: (take_image satellite1 star20 instrument1 thermograph0)
2.548: (turn_to satellite0 star20 phenomenon29)
2.554: (turn_to satellite0 phenomenon22 phenomenon29)
2.556: (turn_to satellite1 phenomenon29 planet23)
2.559: (turn_to satellite0 star30 phenomenon29)
2.572: (turn_to satellite1 phenomenon29 star20)
2.574: (turn_to satellite1 phenomenon22 star20)
2.578: (turn_to satellite0 phenomenon29 star25)
2.584: (take_image satellite1 phenomenon22 instrument1 thermograph0)
2.585: (turn_to satellite1 phenomenon29 star30)
2.586: (take_image satellite1 star30 instrument1 thermograph3)
2.591: (turn_to satellite1 star20 phenomenon22)
2.592: (turn_to satellite1 planet23 star30)
2.600: (turn_to satellite1 phenomenon29 phenomenon22)
2.601: (turn_to satellite1 star30 planet23)
2.607: (turn_to satellite0 planet23 phenomenon29)
2.685: (take_image satellite1 planet23 instrument1 thermograph3)
2.687: (switch_off instrument0 satellite0)
1.265: (turn_to satellite0 groundstation19 phenomenon29)
1.298: (turn_to satellite0 groundstation19 phenomenon29)
1.302: (turn_to satellite0 groundstation19 phenomenon29)
1.309: (take_image satellite1 phenomenon22 instrument1 thermograph0)
1.312: (turn_to satellite0 groundstation19 phenomenon29)
1.317: (take_image satellite1 star30 instrument1 thermograph3)
1.319: (take_image satellite1 planet23 instrument1 thermograph3)
1.334: (take_image satellite1 star20 instrument1 thermograph0)
1.457: (turn_to satellite1 groundstation19 star30)
1.481: (turn_to satellite1 groundstation19 star20)
1.491: (take_image satellite0 phenomenon29 instrument0 thermograph2)
1.492: (turn_to satellite1 groundstation19 planet23)
1.510: (turn_to satellite1 groundstation19 phenomenon22)
1.930: (turn_to satellite1 star20 phenomenon22)
1.972: (turn_to satellite1 planet23 star30)
1.980: (switch_off instrument0 satellite0)
1.981: (switch_off instrument0 satellite0)
1.983: (turn_to satellite1 phenomenon22 star20)
1.985: (switch_off instrument0 satellite0)
1.989: (turn_to satellite1 star30 planet23)
1.990: (switch_off instrument0 satellite0)
2.006: (turn_to satellite1 star20 phenomenon22)
2.012: (take_image satellite0 groundstation19 instrument0 thermograph2)
2.015: (take_image satellite0 groundstation19 instrument0 thermograph2)
2.018: (take_image satellite0 groundstation19 instrument0 image1)
2.018: (take_image satellite0 groundstation19 instrument0 image1)
2.019: (take_image satellite0 groundstation19 instrument0 thermograph2)
2.024: (take_image satellite0 groundstation19 instrument0 thermograph2)
2.030: (turn_to satellite0 star20 phenomenon29)
2.033: (take_image satellite0 groundstation19 instrument0 image1)
2.035: (turn_to satellite0 star30 phenomenon29)
2.035: (turn_to satellite0 planet27 phenomenon29)
2.035: (turn_to satellite0 phenomenon26 phenomenon29)
2.036: (turn_to satellite1 phenomenon29 star30)
2.036: (turn_to satellite0 planet23 phenomenon29)
2.036: (turn_to satellite0 phenomenon31 phenomenon29)
2.036: (turn_to satellite0 star28 phenomenon29)
2.037: (turn_to satellite0 phenomenon22 phenomenon29)
2.037: (turn_to satellite0 planet21 phenomenon29)
2.038: (turn_to satellite0 star25 phenomenon29)
0.473: (turn_to satellite0 groundstation19 phenomenon29)
[Final] Expanded: 1012, Generated: 71562
Found a solution of length 32!
   1: (turn_to satellite0 groundstation3 star25)
   2: (switch_on instrument1 satellite1)
   3: (turn_to satellite1 star18 star30)
   4: (calibrate satellite1 instrument1 star18)
   5: (switch_on instrument0 satellite0)
   6: (calibrate satellite0 instrument0 groundstation3)
   7: (turn_to satellite0 planet21 groundstation3)
   8: (take_image satellite0 planet21 instrument0 thermograph2)
   9: (turn_to satellite0 star28 planet21)
  10: (take_image satellite0 star28 instrument0 image1)
  11: (turn_to satellite0 phenomenon31 star28)
  12: (turn_to satellite1 planet27 star18)
  13: (take_image satellite1 planet27 instrument1 thermograph3)
  14: (turn_to satellite1 phenomenon26 planet27)
  15: (take_image satellite1 phenomenon26 instrument1 thermograph0)
  16: (turn_to satellite1 planet24 phenomenon26)
  17: (take_image satellite0 phenomenon31 instrument0 image1)
  18: (take_image satellite1 planet24 instrument1 image1)
  19: (turn_to satellite0 star25 phenomenon31)
  20: (turn_to satellite1 star20 planet24)
  21: (take_image satellite1 star20 instrument1 thermograph0)
  22: (turn_to satellite1 phenomenon22 star20)
  23: (take_image satellite0 star25 instrument0 thermograph2)
  24: (take_image satellite1 phenomenon22 instrument1 thermograph0)
  25: (turn_to satellite0 phenomenon29 star25)
  26: (turn_to satellite1 planet23 phenomenon22)
  27: (take_image satellite1 planet23 instrument1 thermograph3)
  28: (turn_to satellite1 star30 planet23)
  29: (take_image satellite0 phenomenon29 instrument0 thermograph2)
  30: (take_image satellite1 star30 instrument1 thermograph3)
  31: (turn_to satellite1 groundstation19 star30)
  32: (turn_to satellite0 groundstation19 phenomenon29)
