/u/ibrahim.eisawy/Neural-Guided-Search/venv/lib/python3.10/site-packages/pymimir_rgnn/model.py:151: UserWarning: index_reduce() is in beta and the API may change at any time. (Triggered internally at /pytorch/aten/src/ATen/native/cuda/Indexing.cu:1541.)
  max_msg.index_reduce_(0, output_indices, output_messages, reduce='amax', include_self=True)
Torch: 2.12.0+cu130
Using GPU:  NVIDIA L40S
114.270: (switch_on instrument14 satellite4)
114.828: (switch_on instrument7 satellite2)
115.067: (switch_on instrument11 satellite3)
115.793: (switch_on instrument10 satellite3)
117.497: (switch_on instrument20 satellite6)
117.624: (switch_on instrument3 satellite0)
118.590: (switch_on instrument9 satellite3)
118.628: (switch_on instrument1 satellite0)
118.746: (switch_on instrument8 satellite3)
118.870: (switch_on instrument13 satellite4)
118.974: (switch_on instrument19 satellite5)
119.509: (switch_on instrument15 satellite4)
119.595: (switch_on instrument18 satellite5)
120.366: (switch_on instrument0 satellite0)
120.968: (switch_on instrument2 satellite0)
121.554: (switch_on instrument17 satellite5)
121.693: (switch_on instrument16 satellite4)
121.761: (switch_on instrument21 satellite6)
122.018: (switch_on instrument5 satellite1)
122.241: (switch_on instrument6 satellite1)
122.770: (switch_on instrument12 satellite3)
122.914: (turn_to satellite3 groundstation68 planet92)
122.929: (turn_to satellite3 groundstation11 planet92)
123.006: (switch_on instrument4 satellite0)
123.017: (turn_to satellite3 groundstation24 planet92)
123.028: (turn_to satellite3 groundstation5 planet92)
123.028: (turn_to satellite3 star40 planet92)
123.031: (turn_to satellite3 star74 planet92)
123.038: (turn_to satellite2 groundstation7 groundstation71)
123.038: (turn_to satellite3 groundstation69 planet92)
123.044: (turn_to satellite3 star23 planet92)
123.051: (turn_to satellite3 star29 planet92)
123.057: (turn_to satellite3 star35 planet92)
123.062: (turn_to satellite3 groundstation58 planet92)
123.064: (turn_to satellite2 star17 groundstation71)
123.068: (turn_to satellite3 groundstation55 planet92)
123.069: (turn_to satellite3 star51 planet92)
123.086: (turn_to satellite3 groundstation38 planet92)
123.102: (turn_to satellite3 groundstation76 planet92)
123.114: (turn_to satellite5 groundstation2 phenomenon105)
Traceback (most recent call last):
  File "/u/ibrahim.eisawy/Neural-Guided-Search/beam.py", line 104, in <module>
    _main(_parse_arguments())
  File "/u/ibrahim.eisawy/Neural-Guided-Search/beam.py", line 94, in _main
    solution = _plan(problem, model, args.beam, use_closed_set=not args.disable_closed_set)
  File "/u/ibrahim.eisawy/Neural-Guided-Search/beam.py", line 57, in _plan
    values = model.forward(inputs).readout('value')
  File "/u/ibrahim.eisawy/Neural-Guided-Search/venv/lib/python3.10/site-packages/pymimir_rgnn/model.py", line 316, in forward
    node_embeddings = self._mpnn_module.forward(input)
  File "/u/ibrahim.eisawy/Neural-Guided-Search/venv/lib/python3.10/site-packages/pymimir_rgnn/model.py", line 209, in forward
    relation_messages = self._relation_network(node_embeddings, input.flattened_relations)
  File "/u/ibrahim.eisawy/Neural-Guided-Search/venv/lib/python3.10/site-packages/torch/nn/modules/module.py", line 1778, in _wrapped_call_impl
    return self._call_impl(*args, **kwargs)
  File "/u/ibrahim.eisawy/Neural-Guided-Search/venv/lib/python3.10/site-packages/torch/nn/modules/module.py", line 1789, in _call_impl
    return forward_call(*args, **kwargs)
  File "/u/ibrahim.eisawy/Neural-Guided-Search/venv/lib/python3.10/site-packages/pymimir_rgnn/model.py", line 149, in forward
    output_messages, output_indices = self._compute_messages_and_indices(node_embeddings, relations)
  File "/u/ibrahim.eisawy/Neural-Guided-Search/venv/lib/python3.10/site-packages/pymimir_rgnn/model.py", line 111, in _compute_messages_and_indices
    output_messages = (input_embeddings + relation_module(input_embeddings)).view(-1, self._embedding_size)
  File "/u/ibrahim.eisawy/Neural-Guided-Search/venv/lib/python3.10/site-packages/torch/nn/modules/module.py", line 1778, in _wrapped_call_impl
    return self._call_impl(*args, **kwargs)
  File "/u/ibrahim.eisawy/Neural-Guided-Search/venv/lib/python3.10/site-packages/torch/nn/modules/module.py", line 1789, in _call_impl
    return forward_call(*args, **kwargs)
  File "/u/ibrahim.eisawy/Neural-Guided-Search/venv/lib/python3.10/site-packages/pymimir_rgnn/modules.py", line 14, in forward
    return self._outer(nn.functional.mish(self._inner(input)))
  File "/u/ibrahim.eisawy/Neural-Guided-Search/venv/lib/python3.10/site-packages/torch/nn/functional.py", line 2417, in mish
    return torch._C._nn.mish(input)
torch.OutOfMemoryError: CUDA out of memory. Tried to allocate 2.81 GiB. GPU 0 has a total capacity of 44.39 GiB of which 206.06 MiB is free. Process 90308 has 1.71 GiB memory in use. Process 90484 has 2.13 GiB memory in use. Process 90611 has 10.95 GiB memory in use. Process 90759 has 6.75 GiB memory in use. Process 91298 has 11.77 GiB memory in use. Process 91722 has 2.96 GiB memory in use. Including non-PyTorch memory, this process has 7.17 GiB memory in use. Process 92177 has 722.00 MiB memory in use. Of the allocated memory 6.66 GiB is allocated by PyTorch, and 21.63 MiB is reserved by PyTorch but unallocated. If reserved but unallocated memory is large try setting PYTORCH_CUDA_ALLOC_CONF=expandable_segments:True to avoid fragmentation.  See documentation for Memory Management  (https://docs.pytorch.org/docs/stable/notes/cuda.html#optimizing-memory-usage-with-pytorch-cuda-alloc-conf)
