Torch: 2.12.0+cu130
Using GPU:  NVIDIA L40S
[oracle] IQN uncertainty oracle loaded: models/satellite_iqn.pth (width_beta=0.0, width_gamma=0.0, width_tau=0.0, width_lambda=0.0)
/u/ibrahim.eisawy/Neural-Guided-Search/venv/lib/python3.10/site-packages/pymimir_rgnn/model.py:162: UserWarning: index_reduce() is in beta and the API may change at any time. (Triggered internally at /pytorch/aten/src/ATen/native/cuda/Indexing.cu:1541.)
  exps_max.index_reduce_(0, output_indices, output_messages, reduce="amax", include_self=False)
  [sim 266] found goal path of length 57
[Final] Expanded: 3976, Generated: 3976
[search done] simulations=266, unique states generated=3976
Found a solution of length 57!
   1: (switch_on instrument0 satellite0)
   2: (turn_to satellite0 star10 star8)
   3: (calibrate satellite0 instrument0 star10)
   4: (turn_to satellite0 star31 star10)
   5: (take_image satellite0 star31 instrument0 image0)
   6: (take_image satellite0 star31 instrument0 image7)
   7: (turn_to satellite0 groundstation12 star31)
   8: (turn_to satellite0 planet30 groundstation12)
   9: (take_image satellite0 planet30 instrument0 image0)
  10: (take_image satellite0 planet30 instrument0 image7)
  11: (turn_to satellite0 groundstation12 planet30)
  12: (turn_to satellite0 star28 groundstation12)
  13: (take_image satellite0 star28 instrument0 image7)
  14: (turn_to satellite0 star31 star28)
  15: (turn_to satellite0 groundstation17 star31)
  16: (turn_to satellite0 star29 groundstation17)
  17: (take_image satellite0 star29 instrument0 image0)
  18: (take_image satellite0 star29 instrument0 image7)
  19: (turn_to satellite0 planet30 star29)
  20: (turn_to satellite0 groundstation12 planet30)
  21: (turn_to satellite0 star31 groundstation12)
  22: (turn_to satellite0 star13 star31)
  23: (turn_to satellite0 star4 star13)
  24: (turn_to satellite0 star0 star4)
  25: (turn_to satellite0 star26 star0)
  26: (turn_to satellite0 star7 star26)
  27: (turn_to satellite0 star19 star7)
  28: (turn_to satellite0 star10 star19)
  29: (turn_to satellite0 groundstation25 star10)
  30: (turn_to satellite0 star24 groundstation25)
  31: (turn_to satellite0 star28 star24)
  32: (turn_to satellite0 star1 star28)
  33: (turn_to satellite0 star2 star1)
  34: (turn_to satellite0 star14 star2)
  35: (turn_to satellite0 groundstation3 star14)
  36: (turn_to satellite0 star5 groundstation3)
  37: (turn_to satellite0 star8 star5)
  38: (turn_to satellite0 groundstation16 star8)
  39: (turn_to satellite0 star11 groundstation16)
  40: (turn_to satellite0 star6 star11)
  41: (turn_to satellite0 star9 star6)
  42: (turn_to satellite0 groundstation15 star9)
  43: (turn_to satellite0 star18 groundstation15)
  44: (turn_to satellite0 star20 star18)
  45: (turn_to satellite0 star21 star20)
  46: (turn_to satellite0 star22 star21)
  47: (turn_to satellite0 groundstation27 star22)
  48: (switch_off instrument0 satellite0)
  49: (switch_on instrument1 satellite0)
  50: (turn_to satellite0 groundstation17 groundstation27)
  51: (calibrate satellite0 instrument1 groundstation17)
  52: (turn_to satellite0 planet30 groundstation17)
  53: (take_image satellite0 planet30 instrument1 thermograph2)
  54: (take_image satellite0 planet30 instrument1 image8)
  55: (turn_to satellite0 star31 planet30)
  56: (take_image satellite0 star31 instrument1 infrared4)
  57: (take_image satellite0 star31 instrument1 image8)
