Torch: 2.12.0+cu130
/u/ibrahim.eisawy/Neural-Guided-Search/venv/lib/python3.10/site-packages/pymimir_rgnn/model.py:162: UserWarning: index_reduce() is in beta and the API may change at any time. (Triggered internally at /pytorch/aten/src/ATen/native/cuda/Indexing.cu:1541.)
  exps_max.index_reduce_(0, output_indices, output_messages, reduce="amax", include_self=False)
Using GPU:  NVIDIA L40S
  [sim 500] root visits=500, unique states=1149, generated=1148
  [sim 1000] root visits=1000, unique states=2315, generated=2314
  [sim 1500] root visits=1500, unique states=3704, generated=3703
  [sim 2000] root visits=2000, unique states=4930, generated=4929
  [sim 2236] found goal path of length 62
[Final] Expanded: 5563, Generated: 5563
[search done] simulations=2236, unique states generated=5563
Found a solution of length 62!
   1: (move f3-0f f2-0f)
   2: (move f2-0f f1-0f)
   3: (move f1-0f f0-0f)
   4: (pickup-laser f0-0f)
   5: (fire-laser f0-0f f0-1f)
   6: (move f0-0f f1-0f)
   7: (fire-laser f1-0f f1-1f)
   8: (move f1-0f f2-0f)
   9: (fire-laser f2-0f f2-1f)
  10: (move f2-0f f2-1f)
  11: (fire-laser f2-1f f3-1f)
  12: (move f2-1f f1-1f)
  13: (fire-laser f1-1f f1-2f)
  14: (move f1-1f f2-1f)
  15: (fire-laser f2-1f f2-2f)
  16: (move f2-1f f2-2f)
  17: (fire-laser f2-2f f3-2f)
  18: (fire-laser f2-2f f2-3f)
  19: (move f2-2f f2-3f)
  20: (fire-laser f2-3f f2-4f)
  21: (move f2-3f f2-4f)
  22: (fire-laser f2-4f f2-5f)
  23: (move f2-4f f2-5f)
  24: (fire-laser f2-5f f2-6f)
  25: (move f2-5f f2-6f)
  26: (fire-laser f2-6f f3-6f)
  27: (move f2-6f f3-6f)
  28: (fire-laser f3-6f f4-6f)
  29: (move f3-6f f4-6f)
  30: (fire-laser f4-6f f5-6f)
  31: (move f4-6f f5-6f)
  32: (putdown-laser f5-6f)
  33: (move f5-6f f4-6f)
  34: (move f4-6f f3-6f)
  35: (move f3-6f f2-6f)
  36: (move f2-6f f2-5f)
  37: (move f2-5f f2-4f)
  38: (move f2-4f f2-3f)
  39: (move f2-3f f2-2f)
  40: (move f2-2f f3-2f)
  41: (move f3-2f f3-1f)
  42: (move f3-1f f2-1f)
  43: (move f2-1f f1-1f)
  44: (move f1-1f f1-0f)
  45: (move f1-0f f0-0f)
  46: (pickup-bomb f0-0f)
  47: (move f0-0f f1-0f)
  48: (move f1-0f f2-0f)
  49: (move f2-0f f3-0f)
  50: (move f3-0f f3-1f)
  51: (move f3-1f f3-2f)
  52: (move f3-2f f2-2f)
  53: (move f2-2f f2-3f)
  54: (move f2-3f f2-4f)
  55: (move f2-4f f2-5f)
  56: (move f2-5f f2-6f)
  57: (move f2-6f f3-6f)
  58: (move f3-6f f4-6f)
  59: (move f4-6f f5-6f)
  60: (detonate-bomb f5-6f f6-6f)
  61: (move f5-6f f6-6f)
  62: (pick-gold f6-6f)
