Torch: 2.12.0+cu130
/u/ibrahim.eisawy/Neural-Guided-Search/venv/lib/python3.10/site-packages/pymimir_rgnn/model.py:162: UserWarning: index_reduce() is in beta and the API may change at any time. (Triggered internally at /pytorch/aten/src/ATen/native/cuda/Indexing.cu:1541.)
  exps_max.index_reduce_(0, output_indices, output_messages, reduce="amax", include_self=False)
Using GPU:  NVIDIA L40S
  [sim 500] root visits=500, unique states=1486, generated=1485
  [sim 1000] root visits=1000, unique states=2726, generated=2725
  [sim 1500] root visits=1500, unique states=3799, generated=3798
  [sim 2000] root visits=2000, unique states=4982, generated=4981
  [sim 2500] root visits=2500, unique states=6213, generated=6212
  [sim 3000] root visits=3000, unique states=7470, generated=7469
  [sim 3500] root visits=3500, unique states=8601, generated=8600
  [sim 4000] root visits=4000, unique states=9863, generated=9862
  [sim 4500] root visits=4500, unique states=11364, generated=11363
  [sim 5000] root visits=5000, unique states=12684, generated=12683
  [sim 5500] root visits=5500, unique states=14072, generated=14071
  [sim 6000] root visits=6000, unique states=15344, generated=15343
  [sim 6500] root visits=6500, unique states=16597, generated=16596
  [sim 7000] root visits=7000, unique states=17812, generated=17811
  [sim 7500] root visits=7500, unique states=19124, generated=19123
  [sim 8000] root visits=8000, unique states=20398, generated=20397
  [sim 8500] root visits=8500, unique states=21561, generated=21560
  [sim 9000] root visits=9000, unique states=22780, generated=22779
  [sim 9500] root visits=9500, unique states=23861, generated=23860
  [sim 10000] root visits=10000, unique states=24939, generated=24938
  [sim 10500] root visits=10500, unique states=26049, generated=26048
  [sim 11000] root visits=11000, unique states=27281, generated=27280
  [sim 11500] root visits=11500, unique states=28685, generated=28684
  [sim 12000] root visits=12000, unique states=30008, generated=30007
  [sim 12500] root visits=12500, unique states=31297, generated=31296
  [sim 13000] root visits=13000, unique states=32575, generated=32574
  [sim 13500] root visits=13500, unique states=33948, generated=33947
  [sim 14000] root visits=14000, unique states=35318, generated=35317
  [sim 14500] root visits=14500, unique states=36538, generated=36537
  [sim 15000] root visits=15000, unique states=37847, generated=37846
  [sim 15500] root visits=15500, unique states=39115, generated=39114
  [sim 16000] root visits=16000, unique states=40161, generated=40160
  [sim 16500] root visits=16500, unique states=41341, generated=41340
  [sim 17000] root visits=17000, unique states=42500, generated=42499
  [sim 17500] root visits=17500, unique states=43651, generated=43650
  [sim 18000] root visits=18000, unique states=44914, generated=44913
  [sim 18500] root visits=18500, unique states=46161, generated=46160
  [sim 19000] root visits=19000, unique states=47381, generated=47380
  [sim 19221] found goal path of length 82
[Final] Expanded: 47947, Generated: 47947
[search done] simulations=19221, unique states generated=47947
Found a solution of length 82!
   1: (move f2-0f f3-0f)
   2: (move f3-0f f4-0f)
   3: (move f4-0f f5-0f)
   4: (move f5-0f f6-0f)
   5: (pickup-laser f6-0f)
   6: (fire-laser f6-0f f6-1f)
   7: (move f6-0f f6-1f)
   8: (fire-laser f6-1f f5-1f)
   9: (move f6-1f f5-1f)
  10: (fire-laser f5-1f f5-2f)
  11: (move f5-1f f6-1f)
  12: (fire-laser f6-1f f7-1f)
  13: (fire-laser f6-1f f6-2f)
  14: (move f6-1f f5-1f)
  15: (fire-laser f5-1f f4-1f)
  16: (move f5-1f f5-0f)
  17: (move f5-0f f4-0f)
  18: (move f4-0f f3-0f)
  19: (move f3-0f f2-0f)
  20: (move f2-0f f1-0f)
  21: (move f1-0f f0-0f)
  22: (fire-laser f0-0f f0-1f)
  23: (move f0-0f f0-1f)
  24: (fire-laser f0-1f f0-2f)
  25: (move f0-1f f0-2f)
  26: (fire-laser f0-2f f0-3f)
  27: (move f0-2f f0-3f)
  28: (fire-laser f0-3f f0-4f)
  29: (move f0-3f f0-4f)
  30: (fire-laser f0-4f f0-5f)
  31: (move f0-4f f0-5f)
  32: (fire-laser f0-5f f0-6f)
  33: (move f0-5f f0-6f)
  34: (putdown-laser f0-6f)
  35: (move f0-6f f0-5f)
  36: (move f0-5f f0-4f)
  37: (move f0-4f f0-3f)
  38: (move f0-3f f0-2f)
  39: (move f0-2f f0-1f)
  40: (move f0-1f f0-0f)
  41: (move f0-0f f1-0f)
  42: (move f1-0f f2-0f)
  43: (move f2-0f f3-0f)
  44: (move f3-0f f4-0f)
  45: (move f4-0f f5-0f)
  46: (move f5-0f f6-0f)
  47: (pickup-bomb f6-0f)
  48: (move f6-0f f6-1f)
  49: (move f6-1f f7-1f)
  50: (detonate-bomb f7-1f f7-2f)
  51: (move f7-1f f6-1f)
  52: (move f6-1f f6-0f)
  53: (pickup-bomb f6-0f)
  54: (move f6-0f f5-0f)
  55: (move f5-0f f4-0f)
  56: (move f4-0f f4-1f)
  57: (detonate-bomb f4-1f f3-1f)
  58: (move f4-1f f5-1f)
  59: (move f5-1f f5-0f)
  60: (move f5-0f f6-0f)
  61: (pickup-bomb f6-0f)
  62: (move f6-0f f6-1f)
  63: (move f6-1f f6-2f)
  64: (detonate-bomb f6-2f f6-3f)
  65: (move f6-2f f6-1f)
  66: (move f6-1f f6-0f)
  67: (pickup-bomb f6-0f)
  68: (move f6-0f f5-0f)
  69: (move f5-0f f4-0f)
  70: (move f4-0f f3-0f)
  71: (move f3-0f f2-0f)
  72: (move f2-0f f1-0f)
  73: (move f1-0f f0-0f)
  74: (move f0-0f f0-1f)
  75: (move f0-1f f0-2f)
  76: (move f0-2f f0-3f)
  77: (move f0-3f f0-4f)
  78: (move f0-4f f0-5f)
  79: (move f0-5f f0-6f)
  80: (detonate-bomb f0-6f f0-7f)
  81: (move f0-6f f0-7f)
  82: (pick-gold f0-7f)
