/u/ibrahim.eisawy/Neural-Guided-Search/venv/lib/python3.10/site-packages/pymimir_rgnn/model.py:151: UserWarning: index_reduce() is in beta and the API may change at any time. (Triggered internally at /pytorch/aten/src/ATen/native/cuda/Indexing.cu:1541.)
  max_msg.index_reduce_(0, output_indices, output_messages, reduce='amax', include_self=True)
Torch: 2.12.0+cu130
Using GPU:  NVIDIA L40S
14.261: (switch_on instrument11 satellite3)
11.627: (turn_to satellite3 star6 star0)
7.986: (calibrate satellite3 instrument11 star6)
6.860: (turn_to satellite3 phenomenon11 star6)
6.009: (take_image satellite3 phenomenon11 instrument11 thermograph1)
5.242: (turn_to satellite3 phenomenon14 phenomenon11)
4.084: (take_image satellite3 phenomenon14 instrument11 thermograph2)
3.302: (turn_to satellite3 star12 phenomenon14)
2.758: (take_image satellite3 star12 instrument11 infrared0)
1.987: (turn_to satellite3 phenomenon13 star12)
1.186: (take_image satellite3 phenomenon13 instrument11 infrared0)
0.417: (turn_to satellite3 star5 phenomenon13)
[Final] Expanded: 12, Generated: 861
Found a solution of length 12!
   1: (switch_on instrument11 satellite3)
   2: (turn_to satellite3 star6 star0)
   3: (calibrate satellite3 instrument11 star6)
   4: (turn_to satellite3 phenomenon11 star6)
   5: (take_image satellite3 phenomenon11 instrument11 thermograph1)
   6: (turn_to satellite3 phenomenon14 phenomenon11)
   7: (take_image satellite3 phenomenon14 instrument11 thermograph2)
   8: (turn_to satellite3 star12 phenomenon14)
   9: (take_image satellite3 star12 instrument11 infrared0)
  10: (turn_to satellite3 phenomenon13 star12)
  11: (take_image satellite3 phenomenon13 instrument11 infrared0)
  12: (turn_to satellite3 star5 phenomenon13)
