/u/ibrahim.eisawy/Neural-Guided-Search/venv/lib/python3.10/site-packages/pymimir_rgnn/model.py:151: UserWarning: index_reduce() is in beta and the API may change at any time. (Triggered internally at /pytorch/aten/src/ATen/native/cuda/Indexing.cu:1541.)
  max_msg.index_reduce_(0, output_indices, output_messages, reduce='amax', include_self=True)
Torch: 2.12.0+cu130
Using GPU:  NVIDIA L40S
23.765: (switch_on instrument14 satellite2)
18.649: (calibrate satellite2 instrument14 groundstation1)
17.516: (switch_on instrument8 satellite1)
16.599: (turn_to satellite2 planet26 groundstation1)
15.634: (take_image satellite2 planet26 instrument14 infrared0)
14.801: (turn_to satellite2 planet28 planet26)
13.891: (take_image satellite2 planet28 instrument14 spectrograph6)
13.093: (turn_to satellite6 star4 planet29)
12.374: (switch_on instrument31 satellite4)
11.656: (turn_to satellite0 groundstation23 star4)
11.085: (turn_to satellite4 star8 star11)
9.678: (calibrate satellite4 instrument31 star8)
8.921: (turn_to satellite4 planet29 star8)
8.500: (take_image satellite4 planet29 instrument31 thermograph5)
8.108: (switch_on instrument2 satellite0)
7.915: (turn_to satellite4 phenomenon27 planet29)
7.735: (take_image satellite2 planet28 instrument14 thermograph2)
7.468: (turn_to satellite2 phenomenon27 planet28)
7.198: (take_image satellite2 phenomenon27 instrument14 thermograph2)
7.037: (turn_to satellite5 groundstation7 groundstation13)
6.956: (switch_on instrument36 satellite6)
6.859: (turn_to satellite1 star12 star9)
6.759: (turn_to satellite5 phenomenon27 groundstation7)
6.757: (turn_to satellite2 groundstation23 phenomenon27)
6.704: (turn_to satellite3 star8 groundstation23)
6.091: (turn_to satellite7 star0 star8)
5.904: (switch_on instrument38 satellite7)
5.905: (take_image satellite4 phenomenon27 instrument31 thermograph5)
5.927: (take_image satellite2 groundstation23 instrument14 thermograph2)
5.932: (take_image satellite2 groundstation23 instrument14 infrared0)
5.939: (take_image satellite2 groundstation23 instrument14 spectrograph6)
5.970: (switch_on instrument35 satellite5)
5.972: (turn_to satellite5 planet28 phenomenon27)
5.970: (turn_to satellite5 star8 planet28)
5.978: (turn_to satellite3 planet26 star8)
5.972: (turn_to satellite3 groundstation23 planet26)
5.980: (turn_to satellite3 planet28 groundstation23)
5.988: (turn_to satellite3 star0 planet28)
6.003: (turn_to satellite3 star12 star0)
6.018: (turn_to satellite3 star16 star12)
6.019: (turn_to satellite3 groundstation7 star16)
6.035: (turn_to satellite3 star4 groundstation7)
6.036: (turn_to satellite3 groundstation22 star4)
5.703: (switch_on instrument25 satellite3)
4.572: (calibrate satellite3 instrument25 groundstation22)
4.454: (turn_to satellite3 groundstation17 groundstation22)
4.142: (turn_to satellite4 planet29 phenomenon27)
4.087: (switch_off instrument35 satellite5)
4.089: (take_image satellite3 groundstation17 instrument25 thermograph1)
4.096: (turn_to satellite3 star19 groundstation17)
4.122: (turn_to satellite1 groundstation17 star12)
4.068: (turn_to satellite3 star12 star19)
4.079: (take_image satellite3 star12 instrument25 thermograph1)
4.096: (turn_to satellite3 star19 star12)
4.104: (turn_to satellite1 star12 groundstation17)
4.079: (turn_to satellite3 groundstation17 star19)
4.105: (turn_to satellite1 star19 star12)
4.125: (turn_to satellite3 star12 groundstation17)
4.190: (turn_to satellite1 star11 star19)
4.147: (switch_on instrument35 satellite5)
4.110: (turn_to satellite1 star16 star11)
4.145: (turn_to satellite1 groundstation17 star16)
4.062: (turn_to satellite2 phenomenon27 groundstation23)
4.080: (take_image satellite2 phenomenon27 instrument14 spectrograph6)
4.117: (take_image satellite2 phenomenon27 instrument14 infrared0)
4.164: (turn_to satellite1 groundstation14 groundstation17)
4.183: (turn_to satellite1 groundstation18 groundstation14)
4.210: (turn_to satellite1 star19 groundstation18)
4.225: (turn_to satellite1 star15 star19)
4.255: (turn_to satellite1 groundstation3 star15)
4.200: (turn_to satellite2 planet29 phenomenon27)
4.211: (take_image satellite2 planet29 instrument14 spectrograph6)
4.212: (take_image satellite2 planet29 instrument14 infrared0)
4.215: (take_image satellite2 planet29 instrument14 thermograph2)
4.225: (turn_to satellite4 phenomenon27 planet29)
4.131: (turn_to satellite1 groundstation17 groundstation3)
4.167: (turn_to satellite1 groundstation14 groundstation17)
4.174: (turn_to satellite1 groundstation18 groundstation14)
4.190: (turn_to satellite1 star19 groundstation18)
4.222: (turn_to satellite1 star15 star19)
4.268: (turn_to satellite3 groundstation18 star12)
4.162: (turn_to satellite1 star12 star15)
4.143: (turn_to satellite3 groundstation17 groundstation18)
4.185: (turn_to satellite3 groundstation14 groundstation17)
4.184: (turn_to satellite3 star19 groundstation14)
4.176: (take_image satellite3 star19 instrument25 thermograph1)
4.140: (turn_to satellite1 groundstation17 star12)
4.113: (turn_to satellite3 star12 star19)
4.164: (turn_to satellite1 groundstation14 groundstation17)
4.171: (turn_to satellite1 star19 groundstation14)
4.139: (turn_to satellite3 groundstation17 star12)
4.142: (turn_to satellite1 star12 star19)
4.173: (turn_to satellite3 groundstation18 groundstation17)
4.177: (turn_to satellite3 groundstation14 groundstation18)
4.199: (take_image satellite3 groundstation14 instrument25 thermograph1)
4.122: (turn_to satellite3 groundstation17 groundstation14)
4.127: (turn_to satellite1 star19 star12)
4.156: (turn_to satellite3 star12 groundstation17)
4.103: (turn_to satellite1 groundstation17 star19)
4.118: (turn_to satellite3 star19 star12)
4.167: (turn_to satellite1 star12 groundstation17)
4.144: (turn_to satellite3 groundstation18 star19)
4.166: (take_image satellite3 groundstation18 instrument25 thermograph1)
4.112: (turn_to satellite3 groundstation17 groundstation18)
4.127: (turn_to satellite1 star19 star12)
4.153: (turn_to satellite3 star12 groundstation17)
4.093: (turn_to satellite1 groundstation17 star19)
4.117: (turn_to satellite3 star19 star12)
4.163: (turn_to satellite1 star12 groundstation17)
4.195: (turn_to satellite1 groundstation13 star12)
4.208: (turn_to satellite1 star5 groundstation13)
4.255: (turn_to satellite1 groundstation24 star5)
4.255: (turn_to satellite1 groundstation25 groundstation24)
4.199: (switch_off instrument35 satellite5)
4.204: (turn_to satellite1 star11 groundstation25)
4.225: (turn_to satellite1 groundstation18 star11)
4.171: (turn_to satellite3 groundstation17 star19)
4.213: (turn_to satellite1 groundstation3 groundstation18)
4.238: (turn_to satellite3 star12 groundstation17)
4.207: (switch_on instrument35 satellite5)
4.167: (turn_to satellite1 groundstation18 groundstation3)
4.168: (turn_to satellite1 groundstation14 groundstation18)
4.192: (turn_to satellite1 star15 groundstation14)
4.271: (turn_to satellite3 groundstation18 star12)
4.229: (turn_to satellite1 groundstation17 star15)
4.188: (switch_off instrument35 satellite5)
4.199: (turn_to satellite3 groundstation3 groundstation18)
4.227: (take_image satellite3 groundstation3 instrument25 thermograph1)
4.172: (turn_to satellite3 groundstation18 groundstation3)
4.204: (turn_to satellite1 star19 groundstation17)
4.191: (turn_to satellite3 star11 groundstation18)
4.210: (take_image satellite3 star11 instrument25 thermograph1)
4.206: (turn_to satellite3 groundstation18 star11)
4.162: (turn_to satellite1 groundstation17 star19)
4.208: (switch_on instrument35 satellite5)
4.079: (turn_to satellite3 star12 groundstation18)
4.102: (turn_to satellite3 star19 star12)
4.140: (turn_to satellite1 star12 groundstation17)
4.102: (turn_to satellite3 groundstation17 star19)
4.100: (turn_to satellite1 star19 star12)
4.127: (turn_to satellite3 star12 groundstation17)
4.139: (turn_to satellite1 groundstation18 star19)
4.152: (turn_to satellite1 groundstation14 groundstation18)
4.179: (turn_to satellite1 star15 groundstation14)
4.193: (turn_to satellite1 groundstation21 star15)
4.211: (turn_to satellite3 groundstation18 star12)
4.135: (turn_to satellite1 star12 groundstation21)
4.172: (turn_to satellite3 groundstation14 groundstation18)
4.184: (turn_to satellite3 star15 groundstation14)
4.223: (take_image satellite3 star15 instrument25 thermograph1)
4.081: (turn_to satellite3 groundstation17 star15)
4.091: (turn_to satellite1 star19 star12)
4.108: (turn_to satellite3 star12 groundstation17)
4.068: (turn_to satellite1 groundstation17 star19)
4.093: (turn_to satellite3 star19 star12)
4.125: (turn_to satellite1 star12 groundstation17)
4.128: (turn_to satellite3 groundstation18 star19)
4.155: (turn_to satellite3 groundstation14 groundstation18)
4.212: (calibrate satellite0 instrument2 groundstation23)
4.124: (turn_to satellite3 groundstation17 groundstation14)
4.110: (take_image satellite0 groundstation23 instrument2 image3)
4.095: (take_image satellite0 groundstation23 instrument2 thermograph5)
4.172: (turn_to satellite4 planet29 phenomenon27)
4.102: (turn_to satellite2 phenomenon27 planet29)
4.215: (turn_to satellite1 star11 star12)
4.193: (turn_to satellite2 planet29 phenomenon27)
4.217: (turn_to satellite4 phenomenon27 planet29)
4.234: (turn_to satellite1 groundstation18 star11)
4.247: (turn_to satellite1 groundstation14 groundstation18)
4.166: (turn_to satellite3 star12 groundstation17)
4.085: (turn_to satellite1 groundstation17 groundstation14)
4.166: (turn_to satellite4 planet29 phenomenon27)
4.084: (turn_to satellite2 phenomenon27 planet29)
4.187: (turn_to satellite1 groundstation14 groundstation17)
4.173: (turn_to satellite2 planet29 phenomenon27)
4.214: (turn_to satellite1 star15 groundstation14)
4.240: (turn_to satellite2 phenomenon27 planet29)
4.192: (turn_to satellite1 groundstation21 star15)
4.220: (turn_to satellite1 groundstation13 groundstation21)
4.272: (turn_to satellite1 star11 groundstation13)
4.275: (turn_to satellite2 groundstation23 phenomenon27)
4.196: (turn_to satellite1 groundstation17 star11)
4.141: (switch_off instrument35 satellite5)
4.248: (turn_to satellite1 star19 groundstation17)
4.274: (turn_to satellite1 star11 star19)
4.250: (turn_to satellite3 groundstation17 star12)
4.147: (turn_to satellite1 star12 star11)
4.224: (switch_on instrument35 satellite5)
4.218: (turn_to satellite1 groundstation13 star12)
4.260: (turn_to satellite1 groundstation7 groundstation13)
4.264: (turn_to satellite1 groundstation1 groundstation7)
4.271: (turn_to satellite1 star19 groundstation1)
4.273: (turn_to satellite1 groundstation6 star19)
4.285: (turn_to satellite1 star16 groundstation6)
4.197: (turn_to satellite3 star12 groundstation17)
4.212: (turn_to satellite1 groundstation22 star16)
4.231: (turn_to satellite1 star9 groundstation22)
4.258: (turn_to satellite1 star5 star9)
4.241: (turn_to satellite1 groundstation24 star5)
4.267: (turn_to satellite1 groundstation25 groundstation24)
4.268: (turn_to satellite1 groundstation1 groundstation25)
4.271: (turn_to satellite1 groundstation18 groundstation1)
4.277: (turn_to satellite1 groundstation13 groundstation18)
4.280: (turn_to satellite1 star2 groundstation13)
4.283: (turn_to satellite1 groundstation14 star2)
4.297: (turn_to satellite1 groundstation10 groundstation14)
4.299: (turn_to satellite1 star19 groundstation10)
4.305: (turn_to satellite1 groundstation21 star19)
4.313: (switch_off instrument35 satellite5)
4.282: (turn_to satellite1 groundstation13 groundstation21)
4.296: (turn_to satellite1 groundstation14 groundstation13)
4.277: (turn_to satellite3 groundstation17 star12)
4.264: (turn_to satellite2 phenomenon27 groundstation23)
4.252: (switch_on instrument35 satellite5)
4.236: (turn_to satellite1 groundstation18 groundstation14)
4.290: (turn_to satellite1 star15 groundstation18)
4.270: (turn_to satellite2 planet29 phenomenon27)
4.233: (turn_to satellite1 groundstation14 star15)
4.289: (turn_to satellite1 groundstation3 groundstation14)
4.246: (turn_to satellite3 star12 groundstation17)
4.263: (turn_to satellite4 phenomenon27 planet29)
4.178: (turn_to satellite1 groundstation21 groundstation3)
4.214: (turn_to satellite1 groundstation13 groundstation21)
4.236: (turn_to satellite1 star15 groundstation13)
4.271: (turn_to satellite1 star11 star15)
4.282: (turn_to satellite3 star9 star12)
4.258: (take_image satellite3 star9 instrument25 thermograph1)
4.185: (turn_to satellite3 groundstation17 star9)
4.086: (turn_to satellite1 star12 star11)
4.131: (turn_to satellite4 planet29 phenomenon27)
4.086: (turn_to satellite2 phenomenon27 planet29)
4.197: (turn_to satellite3 groundstation13 groundstation17)
4.155: (take_image satellite3 groundstation13 instrument25 thermograph1)
4.082: (turn_to satellite3 groundstation17 groundstation13)
4.129: (turn_to satellite2 planet29 phenomenon27)
4.086: (turn_to satellite4 phenomenon27 planet29)
4.154: (turn_to satellite3 groundstation13 groundstation17)
4.186: (turn_to satellite3 groundstation21 groundstation13)
4.191: (turn_to satellite3 groundstation14 groundstation21)
4.189: (turn_to satellite4 planet29 phenomenon27)
4.192: (turn_to satellite2 phenomenon27 planet29)
4.191: (turn_to satellite3 groundstation21 groundstation14)
4.207: (take_image satellite3 groundstation21 instrument25 thermograph1)
4.073: (turn_to satellite3 groundstation17 groundstation21)
4.095: (turn_to satellite2 planet29 phenomenon27)
4.073: (turn_to satellite4 phenomenon27 planet29)
4.139: (turn_to satellite3 groundstation13 groundstation17)
4.178: (turn_to satellite3 groundstation14 groundstation13)
4.154: (turn_to satellite4 planet29 phenomenon27)
4.175: (turn_to satellite2 phenomenon27 planet29)
4.143: (turn_to satellite3 groundstation13 groundstation14)
4.223: (turn_to satellite3 star15 groundstation13)
4.186: (turn_to satellite2 planet29 phenomenon27)
4.214: (turn_to satellite4 phenomenon27 planet29)
4.199: (turn_to satellite3 groundstation21 star15)
4.234: (turn_to satellite3 star11 groundstation21)
4.194: (turn_to satellite1 groundstation17 star12)
4.046: (turn_to satellite3 star12 star11)
4.080: (turn_to satellite4 planet29 phenomenon27)
4.050: (turn_to satellite2 phenomenon27 planet29)
4.115: (turn_to satellite1 groundstation13 groundstation17)
4.149: (turn_to satellite1 groundstation14 groundstation13)
4.103: (turn_to satellite2 planet29 phenomenon27)
4.129: (turn_to satellite4 phenomenon27 planet29)
4.119: (turn_to satellite1 groundstation13 groundstation14)
4.174: (turn_to satellite1 star11 groundstation13)
4.166: (turn_to satellite1 groundstation21 star11)
4.201: (turn_to satellite1 star15 groundstation21)
4.177: (turn_to satellite4 planet29 phenomenon27)
4.200: (turn_to satellite2 phenomenon27 planet29)
4.172: (turn_to satellite1 groundstation21 star15)
4.175: (turn_to satellite1 star11 groundstation21)
4.170: (turn_to satellite3 groundstation17 star12)
4.163: (turn_to satellite2 planet29 phenomenon27)
4.185: (turn_to satellite4 phenomenon27 planet29)
4.205: (turn_to satellite1 groundstation18 star11)
4.206: (turn_to satellite1 groundstation14 groundstation18)
4.168: (switch_off instrument35 satellite5)
4.244: (turn_to satellite1 groundstation3 groundstation14)
4.274: (turn_to satellite4 planet29 phenomenon27)
4.251: (turn_to satellite2 phenomenon27 planet29)
4.170: (turn_to satellite1 groundstation14 groundstation3)
4.218: (switch_on instrument35 satellite5)
4.208: (turn_to satellite2 planet29 phenomenon27)
4.213: (turn_to satellite1 star15 groundstation14)
4.247: (turn_to satellite2 phenomenon27 planet29)
4.208: (turn_to satellite1 groundstation18 star15)
4.260: (turn_to satellite1 star19 groundstation18)
4.254: (turn_to satellite2 groundstation23 phenomenon27)
4.190: (turn_to satellite1 star12 star19)
4.104: (switch_off instrument35 satellite5)
4.175: (turn_to satellite1 groundstation25 star12)
4.219: (turn_to satellite1 star11 groundstation25)
4.221: (turn_to satellite1 groundstation18 star11)
4.236: (turn_to satellite1 groundstation13 groundstation18)
4.192: (switch_on instrument35 satellite5)
4.221: (turn_to satellite1 groundstation7 groundstation13)
4.230: (turn_to satellite1 star16 groundstation7)
4.167: (turn_to satellite3 star12 groundstation17)
4.150: (turn_to satellite1 groundstation22 star16)
4.167: (turn_to satellite1 groundstation17 groundstation22)
4.106: (switch_off instrument35 satellite5)
4.169: (turn_to satellite1 star19 groundstation17)
4.221: (turn_to satellite1 star9 star19)
4.232: (turn_to satellite1 star11 star9)
4.233: (switch_on instrument35 satellite5)
4.210: (turn_to satellite1 groundstation10 star11)
4.210: (turn_to satellite1 groundstation24 groundstation10)
4.225: (turn_to satellite1 star9 groundstation24)
4.199: (turn_to satellite2 phenomenon27 groundstation23)
4.224: (turn_to satellite3 star11 star12)
4.197: (turn_to satellite1 groundstation17 star9)
4.174: (turn_to satellite2 planet29 phenomenon27)
4.192: (turn_to satellite3 groundstation14 star11)
4.218: (turn_to satellite2 phenomenon27 planet29)
4.209: (switch_off instrument35 satellite5)
4.246: (turn_to satellite3 groundstation3 groundstation14)
4.294: (switch_on instrument35 satellite5)
4.247: (turn_to satellite1 groundstation25 groundstation17)
4.252: (turn_to satellite1 groundstation6 groundstation25)
4.260: (turn_to satellite1 star12 groundstation6)
4.214: (turn_to satellite2 planet29 phenomenon27)
4.243: (turn_to satellite4 phenomenon27 planet29)
4.251: (turn_to satellite1 groundstation25 star12)
4.239: (turn_to satellite1 groundstation6 groundstation25)
4.264: (turn_to satellite1 star16 groundstation6)
4.288: (turn_to satellite1 groundstation17 star16)
4.214: (turn_to satellite3 groundstation14 groundstation3)
4.200: (switch_off instrument35 satellite5)
4.248: (turn_to satellite3 groundstation3 groundstation14)
4.301: (turn_to satellite1 star12 groundstation17)
4.363: (turn_to satellite1 star19 star12)
4.320: (turn_to satellite3 groundstation14 groundstation3)
4.330: (turn_to satellite3 star15 groundstation14)
4.377: (turn_to satellite1 star11 star19)
4.339: (switch_on instrument35 satellite5)
4.233: (turn_to satellite3 star9 star15)
4.272: (turn_to satellite1 star12 star11)
4.290: (turn_to satellite3 star19 star9)
4.299: (turn_to satellite1 groundstation17 star12)
4.229: (turn_to satellite3 groundstation18 star19)
4.248: (turn_to satellite3 star15 groundstation18)
4.237: (turn_to satellite4 planet29 phenomenon27)
4.245: (turn_to satellite3 groundstation3 star15)
4.290: (turn_to satellite1 groundstation1 groundstation17)
4.306: (turn_to satellite4 phenomenon27 planet29)
4.248: (turn_to satellite3 groundstation14 groundstation3)
4.271: (turn_to satellite3 star15 groundstation14)
4.294: (turn_to satellite1 groundstation13 groundstation1)
4.273: (turn_to satellite3 groundstation14 star15)
4.266: (turn_to satellite4 planet29 phenomenon27)
4.286: (turn_to satellite1 star11 groundstation13)
4.258: (turn_to satellite4 phenomenon27 planet29)
4.293: (turn_to satellite1 groundstation18 star11)
4.280: (turn_to satellite3 star11 groundstation14)
4.215: (turn_to satellite1 star9 groundstation18)
4.229: (turn_to satellite3 star12 star11)
4.233: (turn_to satellite1 groundstation3 star9)
4.205: (turn_to satellite4 planet29 phenomenon27)
4.245: (turn_to satellite2 phenomenon27 planet29)
4.263: (turn_to satellite1 star19 groundstation3)
4.276: (turn_to satellite2 groundstation23 phenomenon27)
4.234: (turn_to satellite1 star5 star19)
4.237: (turn_to satellite1 groundstation25 star5)
4.240: (turn_to satellite1 groundstation18 groundstation25)
4.249: (turn_to satellite1 groundstation13 groundstation18)
4.252: (turn_to satellite1 groundstation1 groundstation13)
4.248: (turn_to satellite3 groundstation17 star12)
4.234: (turn_to satellite1 groundstation10 groundstation1)
4.244: (turn_to satellite1 groundstation6 groundstation10)
4.255: (turn_to satellite3 star12 groundstation17)
4.251: (turn_to satellite1 star2 groundstation6)
4.255: (turn_to satellite1 groundstation14 star2)
4.260: (switch_off instrument35 satellite5)
4.238: (turn_to satellite3 groundstation17 star12)
4.241: (turn_to satellite1 star19 groundstation14)
4.282: (turn_to satellite1 star15 star19)
4.307: (turn_to satellite1 groundstation21 star15)
4.284: (turn_to satellite3 star12 groundstation17)
4.251: (turn_to satellite1 groundstation13 groundstation21)
4.263: (turn_to satellite1 groundstation18 groundstation13)
4.300: (turn_to satellite1 star15 groundstation18)
4.317: (switch_on instrument35 satellite5)
4.292: (turn_to satellite1 groundstation21 star15)
4.337: (turn_to satellite3 groundstation17 star12)
4.271: (turn_to satellite1 star5 groundstation21)
4.274: (turn_to satellite1 groundstation24 star5)
4.291: (turn_to satellite1 star11 groundstation24)
4.294: (turn_to satellite1 star9 star11)
4.283: (turn_to satellite1 groundstation25 star9)
4.302: (turn_to satellite1 star2 groundstation25)
4.311: (turn_to satellite1 groundstation18 star2)
4.325: (turn_to satellite1 groundstation14 groundstation18)
4.346: (turn_to satellite3 groundstation7 groundstation17)
4.293: (turn_to satellite1 groundstation17 groundstation14)
4.210: (turn_to satellite3 groundstation13 groundstation7)
4.247: (switch_off instrument35 satellite5)
4.230: (turn_to satellite3 star11 groundstation13)
4.243: (turn_to satellite1 star12 groundstation17)
4.214: (turn_to satellite3 star19 star11)
4.254: (turn_to satellite3 star9 star19)
4.254: (switch_on instrument35 satellite5)
4.238: (turn_to satellite3 groundstation22 star9)
4.212: (take_image satellite3 groundstation22 instrument25 thermograph1)
4.184: (turn_to satellite3 groundstation17 groundstation22)
4.057: (turn_to satellite2 phenomenon27 groundstation23)
4.094: (turn_to satellite2 planet29 phenomenon27)
4.066: (turn_to satellite4 phenomenon27 planet29)
4.136: (turn_to satellite3 groundstation13 groundstation17)
4.165: (turn_to satellite3 groundstation14 groundstation13)
4.160: (turn_to satellite4 planet29 phenomenon27)
4.164: (turn_to satellite2 phenomenon27 planet29)
4.137: (turn_to satellite3 groundstation13 groundstation14)
4.194: (turn_to satellite3 groundstation21 groundstation13)
4.216: (turn_to satellite3 star15 groundstation21)
4.194: (turn_to satellite2 planet29 phenomenon27)
4.213: (turn_to satellite4 phenomenon27 planet29)
4.190: (turn_to satellite3 groundstation21 star15)
4.234: (turn_to satellite3 star11 groundstation21)
4.195: (turn_to satellite1 groundstation17 star12)
4.042: (turn_to satellite3 star12 star11)
4.081: (turn_to satellite4 planet29 phenomenon27)
4.048: (turn_to satellite2 phenomenon27 planet29)
4.115: (turn_to satellite1 groundstation13 groundstation17)
4.139: (turn_to satellite1 groundstation14 groundstation13)
4.109: (turn_to satellite2 planet29 phenomenon27)
4.126: (turn_to satellite4 phenomenon27 planet29)
4.116: (turn_to satellite1 groundstation13 groundstation14)
4.171: (turn_to satellite1 groundstation21 groundstation13)
4.171: (turn_to satellite1 star11 groundstation21)
4.171: (turn_to satellite3 groundstation17 star12)
4.154: (turn_to satellite4 planet29 phenomenon27)
4.177: (turn_to satellite2 phenomenon27 planet29)
4.175: (turn_to satellite3 star12 groundstation17)
4.171: (turn_to satellite1 groundstation21 star11)
4.193: (turn_to satellite1 star15 groundstation21)
4.168: (turn_to satellite2 planet29 phenomenon27)
4.203: (turn_to satellite4 phenomenon27 planet29)
4.220: (turn_to satellite1 star9 star15)
4.212: (turn_to satellite3 star11 star12)
4.266: (turn_to satellite1 groundstation14 star9)
4.203: (turn_to satellite3 groundstation17 star11)
4.172: (switch_off instrument35 satellite5)
4.242: (turn_to satellite1 groundstation3 groundstation14)
4.276: (turn_to satellite4 planet29 phenomenon27)
4.247: (turn_to satellite2 phenomenon27 planet29)
4.165: (turn_to satellite1 groundstation14 groundstation3)
4.217: (switch_on instrument35 satellite5)
4.201: (turn_to satellite2 planet29 phenomenon27)
4.204: (turn_to satellite1 star15 groundstation14)
4.243: (turn_to satellite2 phenomenon27 planet29)
4.206: (turn_to satellite1 groundstation18 star15)
4.258: (turn_to satellite1 groundstation3 groundstation18)
4.239: (turn_to satellite3 star12 groundstation17)
4.203: (turn_to satellite2 planet29 phenomenon27)
4.225: (turn_to satellite4 phenomenon27 planet29)
4.268: (switch_off instrument35 satellite5)
4.377: (turn_to satellite4 planet29 phenomenon27)
4.296: (turn_to satellite2 phenomenon27 planet29)
4.334: (turn_to satellite2 groundstation23 phenomenon27)
4.098: (turn_to satellite1 groundstation17 groundstation3)
4.175: (turn_to satellite1 star19 groundstation17)
4.220: (turn_to satellite1 star9 star19)
4.231: (switch_on instrument35 satellite5)
4.154: (turn_to satellite1 groundstation22 star9)
4.163: (turn_to satellite1 star16 groundstation22)
4.163: (turn_to satellite1 groundstation17 star16)
4.208: (turn_to satellite1 groundstation24 groundstation17)
4.209: (turn_to satellite1 groundstation10 groundstation24)
4.226: (turn_to satellite1 star11 groundstation10)
4.227: (turn_to satellite1 star5 star11)
4.236: (turn_to satellite1 groundstation25 star5)
4.245: (turn_to satellite1 groundstation18 groundstation25)
4.249: (turn_to satellite1 groundstation13 groundstation18)
4.191: (turn_to satellite3 groundstation17 star12)
4.218: (turn_to satellite1 groundstation7 groundstation13)
4.224: (turn_to satellite1 star16 groundstation7)
4.233: (turn_to satellite1 star19 star16)
4.239: (turn_to satellite1 groundstation10 star19)
4.243: (turn_to satellite1 groundstation6 groundstation10)
4.246: (turn_to satellite1 groundstation1 groundstation6)
4.246: (turn_to satellite3 star12 groundstation17)
4.244: (turn_to satellite1 star2 groundstation1)
4.251: (turn_to satellite1 groundstation14 star2)
4.253: (turn_to satellite1 groundstation6 groundstation14)
4.275: (turn_to satellite1 star19 groundstation6)
4.279: (turn_to satellite2 phenomenon27 groundstation23)
4.220: (turn_to satellite1 star9 star19)
4.213: (turn_to satellite3 star11 star12)
4.197: (turn_to satellite1 groundstation17 star9)
4.178: (turn_to satellite2 planet29 phenomenon27)
4.192: (turn_to satellite3 groundstation14 star11)
4.216: (turn_to satellite3 star15 groundstation14)
4.241: (turn_to satellite3 groundstation3 star15)
4.215: (turn_to satellite1 star12 groundstation17)
4.244: (turn_to satellite4 phenomenon27 planet29)
4.254: (turn_to satellite1 groundstation6 star12)
4.244: (turn_to satellite1 groundstation25 groundstation6)
4.275: (turn_to satellite1 star16 groundstation25)
4.287: (turn_to satellite1 groundstation17 star16)
4.215: (turn_to satellite3 groundstation14 groundstation3)
4.205: (switch_off instrument35 satellite5)
4.250: (turn_to satellite3 groundstation3 groundstation14)
4.300: (turn_to satellite1 star12 groundstation17)
4.363: (turn_to satellite1 star19 star12)
4.318: (turn_to satellite3 groundstation14 groundstation3)
4.332: (turn_to satellite1 groundstation13 star19)
4.288: (switch_on instrument35 satellite5)
4.252: (turn_to satellite1 groundstation1 groundstation13)
4.268: (turn_to satellite1 star11 groundstation1)
4.229: (turn_to satellite3 star9 groundstation14)
4.272: (turn_to satellite1 star12 star11)
4.294: (turn_to satellite3 star19 star9)
4.313: (turn_to satellite1 groundstation17 star12)
4.237: (turn_to satellite3 groundstation18 star19)
4.248: (turn_to satellite3 star15 groundstation18)
4.295: (turn_to satellite1 groundstation1 groundstation17)
4.288: (turn_to satellite1 groundstation13 groundstation1)
4.315: (turn_to satellite3 groundstation3 star15)
4.303: (turn_to satellite1 groundstation1 groundstation13)
4.284: (turn_to satellite4 planet29 phenomenon27)
4.314: (turn_to satellite2 phenomenon27 planet29)
4.253: (turn_to satellite1 groundstation6 groundstation1)
4.254: (turn_to satellite1 star12 groundstation6)
4.235: (turn_to satellite3 star11 groundstation3)
4.264: (turn_to satellite1 groundstation14 star12)
4.268: (turn_to satellite3 groundstation13 star11)
4.274: (turn_to satellite2 planet29 phenomenon27)
4.274: (turn_to satellite3 star11 groundstation13)
4.315: (turn_to satellite3 groundstation21 star11)
4.325: (turn_to satellite4 phenomenon27 planet29)
4.268: (turn_to satellite3 groundstation13 groundstation21)
4.296: (turn_to satellite3 groundstation1 groundstation13)
4.304: (take_image satellite3 groundstation1 instrument25 thermograph1)
4.144: (turn_to satellite3 star12 groundstation1)
4.064: (turn_to satellite1 groundstation17 groundstation14)
4.091: (turn_to satellite4 planet29 phenomenon27)
4.056: (turn_to satellite2 phenomenon27 planet29)
4.111: (turn_to satellite1 groundstation13 groundstation17)
4.138: (turn_to satellite1 groundstation14 groundstation13)
4.120: (turn_to satellite2 planet29 phenomenon27)
4.167: (turn_to satellite1 star15 groundstation14)
4.188: (turn_to satellite2 phenomenon27 planet29)
4.170: (turn_to satellite1 groundstation21 star15)
4.181: (turn_to satellite1 star11 groundstation21)
4.176: (turn_to satellite3 groundstation17 star12)
4.069: (turn_to satellite1 star12 star11)
4.097: (turn_to satellite2 planet29 phenomenon27)
4.067: (turn_to satellite4 phenomenon27 planet29)
4.133: (turn_to satellite3 groundstation13 groundstation17)
4.171: (turn_to satellite3 groundstation14 groundstation13)
4.164: (turn_to satellite4 planet29 phenomenon27)
4.168: (turn_to satellite2 phenomenon27 planet29)
4.132: (turn_to satellite3 groundstation13 groundstation14)
4.195: (turn_to satellite3 groundstation21 groundstation13)
4.214: (turn_to satellite3 star15 groundstation21)
4.201: (turn_to satellite2 planet29 phenomenon27)
4.220: (turn_to satellite4 phenomenon27 planet29)
4.196: (turn_to satellite3 groundstation21 star15)
4.238: (turn_to satellite3 star11 groundstation21)
4.198: (turn_to satellite1 groundstation17 star12)
4.175: (turn_to satellite4 planet29 phenomenon27)
4.200: (turn_to satellite2 phenomenon27 planet29)
4.217: (turn_to satellite1 star9 groundstation17)
4.230: (turn_to satellite3 star12 star11)
4.231: (turn_to satellite2 groundstation23 phenomenon27)
4.155: (turn_to satellite1 groundstation22 star9)
4.167: (turn_to satellite1 star16 groundstation22)
4.168: (turn_to satellite1 groundstation17 star16)
4.110: (switch_off instrument35 satellite5)
4.174: (turn_to satellite1 star19 groundstation17)
4.232: (turn_to satellite1 star11 star19)
4.209: (turn_to satellite3 groundstation17 star12)
4.113: (turn_to satellite1 star12 star11)
4.179: (turn_to satellite1 groundstation25 star12)
4.237: (turn_to satellite1 groundstation18 groundstation25)
4.240: (turn_to satellite1 groundstation13 groundstation18)
4.193: (switch_on instrument35 satellite5)
4.198: (turn_to satellite1 star12 groundstation13)
4.215: (turn_to satellite1 groundstation1 star12)
4.231: (turn_to satellite1 groundstation7 groundstation1)
4.240: (turn_to satellite1 star16 groundstation7)
4.250: (turn_to satellite1 groundstation6 star16)
4.251: (turn_to satellite3 star12 groundstation17)
4.218: (turn_to satellite1 groundstation10 groundstation6)
4.218: (turn_to satellite1 groundstation24 groundstation10)
4.225: (turn_to satellite1 star5 groundstation24)
4.229: (turn_to satellite1 star11 star5)
4.234: (turn_to satellite1 groundstation25 star11)
4.246: (turn_to satellite1 groundstation14 groundstation25)
4.246: (turn_to satellite1 groundstation18 groundstation14)
4.255: (turn_to satellite1 star2 groundstation18)
4.260: (turn_to satellite1 groundstation13 star2)
4.260: (turn_to satellite1 groundstation1 groundstation13)
4.271: (turn_to satellite1 star19 groundstation1)
4.252: (turn_to satellite3 groundstation17 star12)
4.260: (turn_to satellite1 groundstation10 star19)
4.280: (turn_to satellite1 star5 groundstation10)
4.289: (turn_to satellite1 star11 star5)
4.165: (turn_to satellite2 planet29 groundstation23)
4.189: (turn_to satellite4 phenomenon27 planet29)
4.178: (turn_to satellite3 star12 groundstation17)
4.118: (turn_to satellite1 groundstation13 star11)
4.172: (turn_to satellite1 groundstation21 groundstation13)
4.193: (turn_to satellite1 star15 groundstation21)
4.227: (turn_to satellite1 star9 star15)
4.219: (turn_to satellite3 star11 star12)
4.267: (turn_to satellite1 groundstation14 star9)
4.210: (turn_to satellite3 groundstation17 star11)
4.169: (switch_off instrument35 satellite5)
4.246: (turn_to satellite1 groundstation3 groundstation14)
4.283: (turn_to satellite4 planet29 phenomenon27)
4.256: (turn_to satellite2 phenomenon27 planet29)
4.182: (turn_to satellite1 groundstation14 groundstation3)
4.217: (switch_on instrument35 satellite5)
4.202: (turn_to satellite1 groundstation18 groundstation14)
4.246: (turn_to satellite1 star15 groundstation18)
4.237: (turn_to satellite2 planet29 phenomenon27)
4.199: (turn_to satellite1 groundstation14 star15)
4.255: (turn_to satellite1 groundstation3 groundstation14)
4.214: (turn_to satellite3 star12 groundstation17)
4.225: (turn_to satellite4 phenomenon27 planet29)
4.281: (switch_off instrument35 satellite5)
4.362: (turn_to satellite3 groundstation1 star12)
4.377: (switch_on instrument35 satellite5)
4.277: (turn_to satellite3 groundstation17 groundstation1)
4.208: (turn_to satellite1 groundstation18 groundstation3)
4.243: (turn_to satellite1 star15 groundstation18)
4.282: (turn_to satellite1 star19 star15)
4.276: (turn_to satellite3 star12 groundstation17)
4.312: (turn_to satellite3 star11 star12)
4.270: (turn_to satellite1 groundstation18 star19)
4.304: (turn_to satellite3 groundstation14 star11)
4.228: (turn_to satellite1 groundstation1 groundstation18)
4.223: (turn_to satellite1 groundstation17 groundstation1)
4.208: (switch_off instrument35 satellite5)
4.264: (turn_to satellite3 groundstation3 groundstation14)
4.293: (switch_on instrument35 satellite5)
4.247: (turn_to satellite3 star15 groundstation3)
4.239: (turn_to satellite4 planet29 phenomenon27)
4.209: (turn_to satellite3 groundstation14 star15)
4.228: (turn_to satellite2 phenomenon27 planet29)
4.216: (switch_off instrument35 satellite5)
4.261: (turn_to satellite3 groundstation3 groundstation14)
4.293: (switch_on instrument35 satellite5)
4.248: (turn_to satellite3 star15 groundstation3)
4.251: (turn_to satellite3 groundstation18 star15)
4.311: (turn_to satellite1 star11 groundstation17)
4.234: (turn_to satellite3 star9 groundstation18)
4.272: (turn_to satellite3 groundstation14 star9)
4.257: (turn_to satellite1 groundstation1 star11)
4.289: (turn_to satellite1 groundstation13 groundstation1)
4.273: (turn_to satellite2 planet29 phenomenon27)
4.276: (turn_to satellite1 star11 groundstation13)
4.274: (turn_to satellite4 phenomenon27 planet29)
4.226: (turn_to satellite3 star9 groundstation14)
4.283: (turn_to satellite1 star12 star11)
4.270: (turn_to satellite3 groundstation3 star9)
4.222: (turn_to satellite4 planet29 phenomenon27)
4.259: (turn_to satellite2 phenomenon27 planet29)
4.242: (turn_to satellite3 star11 groundstation3)
4.273: (turn_to satellite2 groundstation23 phenomenon27)
4.225: (turn_to satellite3 groundstation22 star11)
4.244: (turn_to satellite3 star16 groundstation22)
4.251: (take_image satellite3 star16 instrument25 thermograph1)
4.201: (turn_to satellite3 groundstation17 star16)
4.067: (turn_to satellite2 phenomenon27 groundstation23)
4.101: (turn_to satellite2 planet29 phenomenon27)
4.069: (turn_to satellite4 phenomenon27 planet29)
4.134: (turn_to satellite3 groundstation13 groundstation17)
4.170: (turn_to satellite3 groundstation14 groundstation13)
4.168: (turn_to satellite4 planet29 phenomenon27)
4.170: (turn_to satellite2 phenomenon27 planet29)
4.138: (turn_to satellite3 groundstation13 groundstation14)
4.200: (turn_to satellite3 groundstation21 groundstation13)
4.222: (turn_to satellite3 star15 groundstation21)
4.204: (turn_to satellite2 planet29 phenomenon27)
4.227: (turn_to satellite4 phenomenon27 planet29)
4.195: (turn_to satellite3 groundstation21 star15)
4.240: (turn_to satellite3 star11 groundstation21)
4.202: (turn_to satellite1 groundstation17 star12)
4.062: (turn_to satellite3 star12 star11)
4.094: (turn_to satellite4 planet29 phenomenon27)
4.065: (turn_to satellite2 phenomenon27 planet29)
4.116: (turn_to satellite1 groundstation13 groundstation17)
4.142: (turn_to satellite1 groundstation14 groundstation13)
4.123: (turn_to satellite2 planet29 phenomenon27)
4.136: (turn_to satellite4 phenomenon27 planet29)
4.121: (turn_to satellite1 groundstation13 groundstation14)
4.168: (turn_to satellite1 groundstation21 groundstation13)
4.168: (turn_to satellite1 star11 groundstation21)
4.178: (turn_to satellite3 groundstation17 star12)
4.162: (turn_to satellite4 planet29 phenomenon27)
4.184: (turn_to satellite2 phenomenon27 planet29)
4.183: (turn_to satellite3 star12 groundstation17)
4.169: (turn_to satellite1 groundstation21 star11)
4.190: (turn_to satellite1 star15 groundstation21)
4.175: (turn_to satellite2 planet29 phenomenon27)
4.206: (turn_to satellite4 phenomenon27 planet29)
4.221: (turn_to satellite1 star9 star15)
4.218: (turn_to satellite3 star11 star12)
4.269: (turn_to satellite1 groundstation14 star9)
4.210: (turn_to satellite3 groundstation17 star11)
4.171: (switch_off instrument35 satellite5)
4.250: (turn_to satellite1 groundstation3 groundstation14)
4.287: (turn_to satellite4 planet29 phenomenon27)
4.256: (turn_to satellite2 phenomenon27 planet29)
4.187: (turn_to satellite1 groundstation14 groundstation3)
4.220: (switch_on instrument35 satellite5)
4.204: (turn_to satellite1 groundstation18 groundstation14)
4.253: (turn_to satellite1 star15 groundstation18)
4.240: (turn_to satellite2 planet29 phenomenon27)
4.197: (turn_to satellite1 groundstation14 star15)
4.263: (turn_to satellite1 groundstation3 groundstation14)
4.222: (turn_to satellite3 star12 groundstation17)
4.228: (turn_to satellite4 phenomenon27 planet29)
4.283: (switch_off instrument35 satellite5)
4.366: (turn_to satellite3 groundstation1 star12)
4.380: (switch_on instrument35 satellite5)
4.281: (turn_to satellite3 groundstation17 groundstation1)
4.209: (turn_to satellite1 groundstation18 groundstation3)
4.247: (turn_to satellite1 star15 groundstation18)
4.286: (turn_to satellite1 star19 star15)
4.277: (turn_to satellite3 star12 groundstation17)
4.309: (turn_to satellite3 star11 star12)
4.274: (turn_to satellite1 groundstation18 star19)
4.305: (turn_to satellite3 groundstation14 star11)
4.231: (turn_to satellite1 groundstation1 groundstation18)
4.223: (turn_to satellite1 groundstation17 groundstation1)
4.208: (switch_off instrument35 satellite5)
4.269: (turn_to satellite3 groundstation3 groundstation14)
4.296: (switch_on instrument35 satellite5)
4.249: (turn_to satellite3 star15 groundstation3)
4.241: (turn_to satellite4 planet29 phenomenon27)
4.176: (turn_to satellite3 star11 star15)
4.208: (turn_to satellite2 phenomenon27 planet29)
4.222: (turn_to satellite1 star9 groundstation17)
4.226: (turn_to satellite3 star12 star11)
4.234: (turn_to satellite2 groundstation23 phenomenon27)
4.158: (turn_to satellite1 groundstation22 star9)
4.170: (turn_to satellite1 groundstation17 groundstation22)
4.114: (switch_off instrument35 satellite5)
4.177: (turn_to satellite1 star19 groundstation17)
4.235: (turn_to satellite1 star11 star19)
4.212: (turn_to satellite3 groundstation17 star12)
4.122: (turn_to satellite1 star12 star11)
4.185: (turn_to satellite1 groundstation25 star12)
4.244: (turn_to satellite1 groundstation18 groundstation25)
4.246: (turn_to satellite1 groundstation13 groundstation18)
4.196: (switch_on instrument35 satellite5)
4.231: (turn_to satellite1 groundstation7 groundstation13)
4.239: (turn_to satellite1 groundstation1 groundstation7)
4.248: (turn_to satellite1 star16 groundstation1)
4.184: (turn_to satellite3 star12 groundstation17)
4.220: (turn_to satellite1 groundstation10 star16)
4.221: (turn_to satellite1 groundstation24 groundstation10)
4.228: (turn_to satellite1 star5 groundstation24)
4.231: (turn_to satellite1 star11 star5)
4.236: (turn_to satellite1 groundstation25 star11)
4.246: (turn_to satellite1 groundstation14 groundstation25)
4.252: (turn_to satellite1 groundstation18 groundstation14)
4.258: (turn_to satellite1 star2 groundstation18)
4.261: (turn_to satellite1 groundstation13 star2)
4.261: (turn_to satellite1 groundstation6 groundstation13)
4.252: (turn_to satellite3 groundstation17 star12)
4.253: (turn_to satellite1 star19 groundstation6)
4.257: (turn_to satellite1 groundstation10 star19)
4.277: (turn_to satellite1 star5 groundstation10)
4.286: (turn_to satellite1 star11 star5)
4.297: (turn_to satellite1 star2 star11)
4.297: (turn_to satellite1 groundstation24 star2)
4.302: (turn_to satellite1 groundstation25 groundstation24)
4.316: (turn_to satellite1 star9 groundstation25)
4.307: (turn_to satellite1 groundstation18 star9)
4.330: (turn_to satellite3 star19 groundstation17)
4.270: (turn_to satellite1 groundstation17 groundstation18)
4.208: (turn_to satellite3 groundstation13 star19)
4.257: (switch_off instrument35 satellite5)
4.241: (turn_to satellite3 star11 groundstation13)
4.243: (turn_to satellite1 star12 groundstation17)
4.215: (turn_to satellite3 star19 star11)
4.277: (turn_to satellite3 star9 star19)
4.260: (switch_on instrument35 satellite5)
4.229: (turn_to satellite3 groundstation22 star9)
4.247: (turn_to satellite3 star11 groundstation22)
4.251: (turn_to satellite2 phenomenon27 groundstation23)
4.256: (turn_to satellite3 groundstation3 star11)
4.225: (turn_to satellite2 planet29 phenomenon27)
4.247: (turn_to satellite4 phenomenon27 planet29)
4.259: (turn_to satellite1 groundstation6 star12)
4.255: (turn_to satellite1 groundstation25 groundstation6)
4.287: (turn_to satellite1 star16 groundstation25)
4.301: (turn_to satellite1 groundstation24 star16)
4.313: (turn_to satellite1 groundstation1 groundstation24)
4.287: (turn_to satellite3 star15 groundstation3)
4.297: (turn_to satellite1 groundstation13 groundstation1)
4.284: (turn_to satellite3 groundstation14 star15)
4.267: (turn_to satellite1 star11 groundstation13)
4.228: (turn_to satellite3 star9 groundstation14)
4.285: (turn_to satellite1 star12 star11)
4.308: (turn_to satellite3 star19 star9)
4.316: (turn_to satellite1 groundstation17 star12)
4.238: (turn_to satellite3 groundstation18 star19)
4.297: (turn_to satellite1 star11 groundstation17)
4.325: (turn_to satellite1 groundstation14 star11)
4.281: (turn_to satellite3 groundstation13 groundstation18)
4.276: (turn_to satellite4 planet29 phenomenon27)
4.271: (turn_to satellite3 star11 groundstation13)
4.268: (turn_to satellite2 phenomenon27 planet29)
4.274: (turn_to satellite1 groundstation18 groundstation14)
4.296: (turn_to satellite3 groundstation14 star11)
4.225: (turn_to satellite1 groundstation17 groundstation18)
4.213: (switch_off instrument35 satellite5)
4.265: (turn_to satellite3 groundstation3 groundstation14)
4.296: (switch_on instrument35 satellite5)
4.251: (turn_to satellite3 star15 groundstation3)
4.253: (turn_to satellite3 groundstation18 star15)
4.309: (turn_to satellite1 star11 groundstation17)
4.237: (turn_to satellite3 star9 groundstation18)
4.274: (turn_to satellite3 groundstation14 star9)
4.258: (turn_to satellite1 groundstation1 star11)
4.291: (turn_to satellite3 star15 groundstation14)
4.296: (turn_to satellite1 groundstation13 groundstation1)
4.291: (turn_to satellite3 groundstation14 star15)
4.279: (turn_to satellite2 planet29 phenomenon27)
4.214: (turn_to satellite1 groundstation17 groundstation13)
4.258: (turn_to satellite3 groundstation3 groundstation14)
4.304: (turn_to satellite1 groundstation1 groundstation17)
4.315: (turn_to satellite1 star9 groundstation1)
4.318: (turn_to satellite3 star15 groundstation3)
4.321: (turn_to satellite1 star11 star9)
4.273: (turn_to satellite3 groundstation14 star15)
4.322: (turn_to satellite1 groundstation21 star11)
4.328: (turn_to satellite2 phenomenon27 planet29)
4.323: (turn_to satellite3 groundstation3 groundstation14)
4.260: (turn_to satellite1 groundstation6 groundstation21)
4.266: (turn_to satellite1 groundstation25 groundstation6)
4.283: (turn_to satellite1 star16 groundstation25)
4.298: (turn_to satellite1 groundstation24 star16)
4.316: (turn_to satellite1 groundstation13 groundstation24)
4.321: (turn_to satellite1 groundstation1 groundstation13)
4.313: (switch_off instrument35 satellite5)
4.317: (turn_to satellite1 star12 groundstation1)
4.369: (turn_to satellite2 groundstation23 phenomenon27)
4.278: (turn_to satellite3 groundstation14 groundstation3)
4.274: (turn_to satellite1 groundstation17 star12)
4.290: (turn_to satellite3 groundstation18 groundstation14)
4.295: (turn_to satellite3 groundstation25 groundstation18)
4.299: (take_image satellite3 groundstation25 instrument25 thermograph1)
4.124: (turn_to satellite3 star12 groundstation25)
4.176: (turn_to satellite1 star19 groundstation17)
4.241: (turn_to satellite1 star9 star19)
4.238: (turn_to satellite1 star11 star9)
4.220: (turn_to satellite3 groundstation17 star12)
4.126: (turn_to satellite1 star12 star11)
4.195: (turn_to satellite1 groundstation25 star12)
4.247: (turn_to satellite1 groundstation18 groundstation25)
4.257: (turn_to satellite1 groundstation13 groundstation18)
4.199: (switch_on instrument35 satellite5)
4.205: (turn_to satellite1 star12 groundstation13)
4.072: (turn_to satellite2 phenomenon27 groundstation23)
4.100: (turn_to satellite2 planet29 phenomenon27)
4.071: (turn_to satellite4 phenomenon27 planet29)
4.146: (turn_to satellite3 groundstation13 groundstation17)
4.170: (turn_to satellite3 groundstation14 groundstation13)
4.170: (turn_to satellite4 planet29 phenomenon27)
4.181: (turn_to satellite2 phenomenon27 planet29)
4.154: (turn_to satellite3 groundstation13 groundstation14)
4.213: (turn_to satellite3 groundstation21 groundstation13)
4.229: (turn_to satellite3 star15 groundstation21)
4.205: (turn_to satellite2 planet29 phenomenon27)
4.227: (turn_to satellite4 phenomenon27 planet29)
4.201: (turn_to satellite3 groundstation21 star15)
4.241: (turn_to satellite3 star11 groundstation21)
4.207: (turn_to satellite1 groundstation17 star12)
4.064: (turn_to satellite3 star12 star11)
4.093: (turn_to satellite4 planet29 phenomenon27)
4.075: (turn_to satellite2 phenomenon27 planet29)
4.131: (turn_to satellite1 groundstation13 groundstation17)
4.150: (turn_to satellite1 groundstation14 groundstation13)
4.125: (turn_to satellite2 planet29 phenomenon27)
4.137: (turn_to satellite4 phenomenon27 planet29)
4.126: (turn_to satellite1 groundstation13 groundstation14)
4.170: (turn_to satellite1 star11 groundstation13)
4.177: (turn_to satellite1 groundstation21 star11)
4.191: (turn_to satellite1 star15 groundstation21)
4.172: (turn_to satellite4 planet29 phenomenon27)
4.196: (turn_to satellite2 phenomenon27 planet29)
4.178: (turn_to satellite1 groundstation21 star15)
4.187: (turn_to satellite1 star11 groundstation21)
4.192: (turn_to satellite3 groundstation17 star12)
4.166: (turn_to satellite2 planet29 phenomenon27)
4.190: (turn_to satellite4 phenomenon27 planet29)
4.211: (turn_to satellite1 groundstation14 star11)
4.172: (switch_off instrument35 satellite5)
4.257: (turn_to satellite1 groundstation3 groundstation14)
4.286: (turn_to satellite4 planet29 phenomenon27)
4.264: (turn_to satellite2 phenomenon27 planet29)
4.190: (turn_to satellite1 groundstation14 groundstation3)
4.222: (switch_on instrument35 satellite5)
4.207: (turn_to satellite1 groundstation18 groundstation14)
4.251: (turn_to satellite1 star15 groundstation18)
4.239: (turn_to satellite2 planet29 phenomenon27)
4.201: (turn_to satellite1 groundstation14 star15)
4.272: (turn_to satellite1 groundstation3 groundstation14)
4.230: (turn_to satellite3 star12 groundstation17)
4.230: (turn_to satellite4 phenomenon27 planet29)
4.228: (turn_to satellite1 star9 groundstation3)
4.228: (turn_to satellite3 star11 star12)
4.274: (turn_to satellite1 groundstation14 star9)
4.274: (turn_to satellite1 groundstation18 groundstation14)
4.206: (turn_to satellite3 groundstation17 star11)
4.249: (turn_to satellite1 star15 groundstation18)
4.287: (turn_to satellite1 star19 star15)
4.277: (turn_to satellite3 star12 groundstation17)
4.316: (turn_to satellite3 star11 star12)
4.342: (turn_to satellite1 star15 star19)
4.298: (turn_to satellite3 groundstation13 star11)
4.292: (turn_to satellite1 groundstation14 star15)
4.279: (turn_to satellite4 planet29 phenomenon27)
4.277: (turn_to satellite3 star11 groundstation13)
4.191: (turn_to satellite1 groundstation17 groundstation14)
4.219: (turn_to satellite2 phenomenon27 planet29)
4.238: (turn_to satellite1 star9 groundstation17)
4.239: (turn_to satellite3 star12 star11)
4.238: (turn_to satellite2 groundstation23 phenomenon27)
4.160: (turn_to satellite1 groundstation22 star9)
4.181: (turn_to satellite1 groundstation17 groundstation22)
4.193: (turn_to satellite1 star16 groundstation17)
4.226: (turn_to satellite1 groundstation24 star16)
4.228: (turn_to satellite1 groundstation10 groundstation24)
4.232: (turn_to satellite1 star5 groundstation10)
4.239: (turn_to satellite1 star11 star5)
4.248: (turn_to satellite1 groundstation25 star11)
4.258: (turn_to satellite1 groundstation18 groundstation25)
4.258: (turn_to satellite1 groundstation14 groundstation18)
4.261: (turn_to satellite1 star2 groundstation14)
4.266: (turn_to satellite1 groundstation6 star2)
4.261: (turn_to satellite3 groundstation17 star12)
4.239: (turn_to satellite1 groundstation7 groundstation6)
4.243: (turn_to satellite1 groundstation1 groundstation7)
4.247: (turn_to satellite1 star16 groundstation1)
4.258: (turn_to satellite1 star19 star16)
4.261: (turn_to satellite1 groundstation10 star19)
4.289: (turn_to satellite1 star5 groundstation10)
4.295: (turn_to satellite1 star11 star5)
4.300: (turn_to satellite1 groundstation24 star11)
4.301: (turn_to satellite1 star2 groundstation24)
4.321: (turn_to satellite1 star9 star2)
4.300: (turn_to satellite1 groundstation25 star9)
4.302: (turn_to satellite2 phenomenon27 groundstation23)
4.265: (turn_to satellite3 groundstation14 groundstation17)
4.236: (turn_to satellite1 groundstation17 groundstation25)
4.212: (switch_off instrument35 satellite5)
4.272: (turn_to satellite2 groundstation23 phenomenon27)
4.244: (turn_to satellite3 star11 groundstation14)
4.254: (turn_to satellite1 star12 groundstation17)
4.217: (turn_to satellite3 star19 star11)
4.280: (turn_to satellite3 star9 star19)
4.263: (switch_on instrument35 satellite5)
4.240: (turn_to satellite3 groundstation22 star9)
4.253: (turn_to satellite3 star11 groundstation22)
4.249: (turn_to satellite2 phenomenon27 groundstation23)
4.267: (turn_to satellite3 groundstation3 star11)
4.230: (turn_to satellite2 planet29 phenomenon27)
4.251: (turn_to satellite4 phenomenon27 planet29)
4.262: (turn_to satellite1 groundstation6 star12)
4.256: (turn_to satellite1 groundstation25 groundstation6)
4.254: (turn_to satellite3 groundstation14 groundstation3)
4.220: (turn_to satellite1 groundstation17 groundstation25)
4.210: (switch_off instrument35 satellite5)
4.273: (turn_to satellite3 groundstation3 groundstation14)
4.298: (switch_on instrument35 satellite5)
4.248: (turn_to satellite3 star15 groundstation3)
4.241: (turn_to satellite4 planet29 phenomenon27)
4.221: (turn_to satellite3 groundstation14 star15)
4.267: (turn_to satellite3 groundstation3 groundstation14)
4.295: (turn_to satellite2 phenomenon27 planet29)
4.254: (turn_to satellite3 star15 groundstation3)
4.259: (turn_to satellite3 groundstation18 star15)
4.315: (turn_to satellite1 star11 groundstation17)
4.253: (turn_to satellite3 star9 groundstation18)
4.290: (turn_to satellite3 groundstation14 star9)
4.259: (turn_to satellite1 groundstation1 star11)
4.292: (turn_to satellite3 star15 groundstation14)
4.295: (turn_to satellite1 groundstation25 groundstation1)
4.266: (turn_to satellite3 groundstation3 star15)
4.256: (turn_to satellite1 groundstation6 groundstation25)
4.290: (turn_to satellite1 star16 groundstation6)
4.309: (turn_to satellite1 groundstation24 star16)
4.316: (turn_to satellite1 groundstation1 groundstation24)
4.303: (turn_to satellite2 planet29 phenomenon27)
4.318: (turn_to satellite4 phenomenon27 planet29)
4.258: (turn_to satellite3 groundstation14 groundstation3)
4.276: (turn_to satellite1 star11 groundstation1)
4.236: (turn_to satellite3 star9 groundstation14)
4.290: (turn_to satellite1 star12 star11)
4.304: (turn_to satellite3 star19 star9)
4.308: (turn_to satellite1 groundstation25 star12)
4.300: (turn_to satellite3 groundstation17 star19)
[Final] Expanded: 1000, Generated: 257048
Failed to find a solution!
