/u/ibrahim.eisawy/Neural-Guided-Search/venv/lib/python3.10/site-packages/pymimir_rgnn/model.py:151: UserWarning: index_reduce() is in beta and the API may change at any time. (Triggered internally at /pytorch/aten/src/ATen/native/cuda/Indexing.cu:1541.)
  max_msg.index_reduce_(0, output_indices, output_messages, reduce='amax', include_self=True)
Torch: 2.12.0+cu130
Using GPU:  NVIDIA L40S
16.463: (switch_on instrument8 satellite2)
15.115: (turn_to satellite2 star9 groundstation10)
10.246: (calibrate satellite2 instrument8 star9)
8.868: (turn_to satellite2 planet15 star9)
7.914: (turn_to satellite0 groundstation10 groundstation3)
6.993: (take_image satellite2 planet15 instrument8 thermograph1)
6.229: (turn_to satellite2 planet14 planet15)
4.990: (take_image satellite2 planet14 instrument8 spectrograph0)
4.202: (turn_to satellite2 star12 planet14)
2.982: (take_image satellite2 star12 instrument8 image4)
2.181: (turn_to satellite2 star13 star12)
1.253: (take_image satellite2 star13 instrument8 infrared3)
0.688: (turn_to satellite2 groundstation3 star13)
[Final] Expanded: 13, Generated: 771
Found a solution of length 13!
   1: (switch_on instrument8 satellite2)
   2: (turn_to satellite2 star9 groundstation10)
   3: (calibrate satellite2 instrument8 star9)
   4: (turn_to satellite2 planet15 star9)
   5: (turn_to satellite0 groundstation10 groundstation3)
   6: (take_image satellite2 planet15 instrument8 thermograph1)
   7: (turn_to satellite2 planet14 planet15)
   8: (take_image satellite2 planet14 instrument8 spectrograph0)
   9: (turn_to satellite2 star12 planet14)
  10: (take_image satellite2 star12 instrument8 image4)
  11: (turn_to satellite2 star13 star12)
  12: (take_image satellite2 star13 instrument8 infrared3)
  13: (turn_to satellite2 groundstation3 star13)
