/u/ibrahim.eisawy/Neural-Guided-Search/venv/lib/python3.10/site-packages/pymimir_rgnn/model.py:151: UserWarning: index_reduce() is in beta and the API may change at any time. (Triggered internally at /pytorch/aten/src/ATen/native/cuda/Indexing.cu:1541.)
  max_msg.index_reduce_(0, output_indices, output_messages, reduce='amax', include_self=True)
Torch: 2.12.0+cu130
Using GPU:  NVIDIA L40S
54.457: (move f0-5f f1-5f)
54.485: (move f0-5f f0-4f)
61.589: (move f0-5f f0-6f)
51.295: (move f0-4f f1-4f)
51.295: (move f1-5f f1-4f)
53.181: (pickup f1-5f key1-2)
53.749: (move f1-5f f2-5f)
58.544: (move f0-4f f0-3f)
inf: (move f1-5f f0-5f)
inf: (move f0-4f f0-5f)
inf: (move f0-6f f0-5f)
50.259: (pickup f1-4f key1-1)
51.296: (move f1-5f f1-4f)
52.524: (move f1-5f f2-5f)
52.572: (move f2-5f f2-4f)
52.572: (move f1-4f f2-4f)
53.492: (move f2-5f f2-6f)
54.093: (move f1-4f f1-3f)
54.093: (move f0-3f f1-3f)
55.771: (move f1-5f f0-5f)
inf: (move f1-4f f0-4f)
inf: (move f1-4f f1-5f)
inf: (putdown f1-5f key1-2)
inf: (move f2-5f f1-5f)
inf: (move f0-3f f0-4f)
48.750: (move f1-4f f2-4f)
50.332: (pickup-and-loose f1-4f key1-1 key1-2)
51.309: (unlock f2-5f f3-5f key1-2 shape1)
51.337: (putdown f1-4f key1-2)
52.046: (move f2-5f f2-4f)
52.046: (move f1-4f f2-4f)
52.412: (move f1-4f f1-5f)
52.573: (move f2-5f f2-6f)
52.866: (move f1-4f f1-3f)
52.896: (pickup f1-3f key3-2)
53.310: (move f1-4f f0-4f)
53.475: (putdown f2-5f key1-2)
53.566: (move f1-4f f1-3f)
54.055: (move f2-4f f3-4f)
54.077: (pickup f2-4f key0-0)
54.755: (move f0-5f f0-4f)
54.755: (move f1-4f f0-4f)
55.711: (move f2-6f f3-6f)
56.643: (putdown f0-5f key1-2)
58.068: (move f1-3f f1-2f)
48.647: (move f1-3f f1-4f)
48.750: (move f1-4f f2-4f)
48.794: (unlock f2-4f f2-3f key1-1 shape1)
49.410: (move f2-4f f3-4f)
49.595: (move f1-5f f2-5f)
49.595: (move f2-4f f2-5f)
50.553: (move f2-5f f1-5f)
50.694: (putdown f2-4f key1-1)
50.876: (move f2-5f f2-6f)
50.959: (pickup-and-loose f2-4f key0-0 key1-1)
51.322: (putdown f2-5f key1-2)
51.473: (unlock f1-3f f2-3f key1-1 shape1)
51.863: (move f2-5f f2-4f)
52.228: (move f3-6f f4-6f)
52.236: (pickup-and-loose f1-3f key3-2 key1-1)
52.278: (unlock f2-4f f2-3f key1-2 shape1)
52.329: (pickup-and-loose f1-5f key1-2 key1-1)
52.393: (move f1-4f f1-5f)
52.490: (move f1-4f f2-4f)
52.499: (move f2-5f f2-4f)
47.009: (move f1-3f f1-4f)
48.349: (unlock f2-5f f3-5f key1-1 shape1)
48.413: (unlock f3-4f f3-5f key1-1 shape1)
48.801: (unlock f2-4f f2-3f key1-1 shape1)
49.041: (pickup-and-loose f1-4f key1-1 key3-2)
49.179: (move f2-4f f2-3f)
49.180: (move f1-3f f2-3f)
49.230: (move f2-4f f3-4f)
49.461: (move f2-4f f2-5f)
49.491: (move f2-4f f3-4f)
49.677: (move f2-4f f2-5f)
49.677: (move f1-5f f2-5f)
49.782: (putdown f1-4f key3-2)
49.834: (move f2-4f f1-4f)
49.834: (move f1-5f f1-4f)
49.978: (move f1-3f f1-4f)
49.978: (move f2-4f f1-4f)
49.985: (move f1-4f f2-4f)
50.376: (move f3-4f f3-3f)
50.528: (move f3-4f f4-4f)
48.201: (unlock f2-5f f3-5f key1-1 shape1)
48.257: (unlock f3-4f f3-5f key1-1 shape1)
48.301: (move f2-5f f3-5f)
48.301: (move f3-4f f3-5f)
48.414: (move f3-4f f2-4f)
48.414: (move f2-5f f2-4f)
48.425: (unlock f2-5f f3-5f key1-1 shape1)
48.435: (putdown f1-4f key3-2)
48.473: (unlock f3-4f f3-5f key1-1 shape1)
48.537: (pickup-and-loose f1-4f key1-1 key1-2)
48.598: (move f1-4f f2-4f)
48.631: (putdown f3-4f key1-1)
48.950: (move f4-4f f4-5f)
49.225: (move f2-4f f2-3f)
49.248: (move f2-3f f3-3f)
49.248: (move f3-4f f3-3f)
49.249: (unlock f3-3f f2-3f key1-1 shape1)
49.318: (move f2-4f f3-4f)
49.331: (move f2-5f f1-5f)
49.360: (move f1-4f f2-4f)
47.363: (move f3-5f f4-5f)
47.364: (unlock f4-5f f3-5f key1-1 shape1)
47.735: (move f3-3f f4-3f)
47.753: (move f3-4f f3-3f)
48.100: (move f2-5f f3-5f)
48.100: (move f3-4f f3-5f)
48.242: (move f3-4f f3-5f)
48.317: (unlock f3-4f f3-5f key1-1 shape1)
48.374: (unlock f2-4f f2-3f key1-1 shape1)
48.374: (move f3-4f f2-4f)
48.374: (move f2-5f f2-4f)
48.383: (putdown f3-4f key1-1)
48.409: (move f2-5f f2-4f)
48.409: (move f3-4f f2-4f)
48.409: (move f1-4f f2-4f)
48.449: (move f2-5f f3-5f)
48.449: (move f3-4f f3-5f)
48.454: (putdown f2-4f key3-2)
48.507: (move f1-5f f1-4f)
48.507: (move f2-4f f1-4f)
46.140: (move f3-3f f4-3f)
46.998: (move f3-5f f4-5f)
47.422: (pickup f3-5f key0-2)
47.451: (move f3-5f f4-5f)
47.456: (move f2-4f f2-3f)
47.456: (move f3-3f f2-3f)
47.561: (move f2-4f f1-4f)
47.744: (move f3-4f f3-5f)
47.811: (move f3-4f f3-3f)
48.114: (move f4-5f f5-5f)
48.161: (move f3-4f f3-5f)
48.162: (move f3-3f f3-2f)
48.191: (move f2-4f f1-4f)
48.270: (pickup f3-5f key1-0)
48.374: (move f3-4f f2-4f)
48.374: (unlock f2-4f f2-3f key1-1 shape1)
48.411: (putdown f4-3f key1-1)
48.424: (putdown f3-4f key1-1)
48.476: (move f3-5f f3-6f)
48.679: (move f3-5f f4-5f)
45.569: (move f3-5f f3-4f)
45.706: (move f3-5f f2-5f)
46.210: (move f3-3f f4-3f)
47.023: (pickup f3-5f key0-2)
47.043: (move f3-5f f4-5f)
47.119: (putdown f4-3f key1-1)
47.214: (move f3-5f f4-5f)
47.467: (move f3-3f f2-3f)
47.468: (move f2-4f f2-3f)
47.598: (move f4-5f f5-5f)
47.686: (move f3-5f f4-5f)
47.830: (move f3-4f f3-5f)
47.839: (move f4-3f f5-3f)
47.873: (pickup f3-5f key1-0)
48.068: (move f3-5f f4-5f)
48.114: (move f4-5f f5-5f)
48.117: (move f3-2f f4-2f)
48.118: (move f4-3f f4-2f)
48.139: (move f4-5f f5-5f)
48.217: (move f2-4f f1-4f)
43.741: (move f2-5f f2-4f)
43.741: (move f3-4f f2-4f)
45.306: (move f3-5f f3-4f)
45.626: (move f3-5f f2-5f)
45.840: (move f3-4f f4-4f)
45.840: (move f4-5f f4-4f)
46.006: (move f3-4f f3-3f)
46.819: (move f3-5f f4-5f)
46.995: (move f2-5f f2-6f)
47.063: (putdown f2-5f key0-2)
47.098: (pickup f3-5f key0-2)
47.130: (move f4-5f f5-5f)
47.135: (move f2-5f f1-5f)
47.204: (putdown f4-3f key1-1)
47.210: (move f4-5f f5-5f)
47.232: (putdown f3-4f key0-2)
47.523: (pickup-and-loose f3-4f key1-1 key0-2)
47.624: (move f3-5f f4-5f)
47.722: (move f4-5f f5-5f)
47.883: (move f4-3f f5-3f)
42.511: (putdown f2-4f key0-2)
43.133: (pickup-and-loose f2-4f key0-0 key0-2)
43.831: (move f3-4f f2-4f)
43.831: (move f2-5f f2-4f)
44.989: (move f2-4f f1-4f)
44.989: (move f1-5f f1-4f)
45.063: (move f3-4f f3-3f)
45.372: (move f4-5f f4-4f)
45.372: (move f3-4f f4-4f)
45.408: (move f3-5f f3-4f)
45.536: (move f5-5f f5-4f)
45.536: (move f4-4f f5-4f)
45.722: (move f3-5f f2-5f)
45.830: (move f4-4f f4-3f)
45.831: (move f3-3f f4-3f)
46.215: (move f3-3f f3-2f)
46.417: (move f2-5f f2-6f)
46.518: (move f2-5f f1-5f)
46.601: (pickup-and-loose f3-3f key3-1 key0-2)
46.819: (move f3-5f f4-5f)
42.534: (putdown f2-4f key0-2)
43.216: (pickup-and-loose f2-4f key0-0 key0-2)
43.234: (move f2-4f f1-4f)
43.430: (move f4-4f f4-3f)
43.430: (move f3-3f f4-3f)
43.818: (move f3-4f f2-4f)
43.818: (move f2-5f f2-4f)
44.171: (move f2-4f f1-4f)
44.344: (move f2-4f f3-4f)
44.440: (move f2-4f f2-3f)
44.440: (move f3-3f f2-3f)
44.686: (move f3-3f f3-2f)
44.818: (move f2-4f f1-4f)
44.832: (move f2-4f f2-5f)
45.131: (move f3-4f f3-3f)
45.220: (move f4-4f f5-4f)
45.499: (move f3-4f f4-4f)
45.500: (move f4-5f f4-4f)
45.690: (pickup-and-loose f3-3f key3-1 key0-2)
45.706: (move f3-3f f4-3f)
42.525: (putdown f2-4f key0-2)
42.656: (move f2-4f f2-3f)
42.919: (move f2-4f f2-3f)
43.059: (move f2-4f f1-4f)
43.217: (pickup-and-loose f2-4f key0-0 key0-2)
43.511: (move f4-4f f4-3f)
43.511: (move f3-3f f4-3f)
43.677: (move f3-4f f4-4f)
43.769: (move f2-4f f1-4f)
43.923: (move f3-4f f3-3f)
44.168: (move f2-4f f3-4f)
44.313: (move f3-3f f4-3f)
44.451: (move f2-4f f2-3f)
44.451: (move f3-3f f2-3f)
44.485: (putdown f4-3f key0-2)
44.510: (move f1-4f f0-4f)
44.672: (pickup f3-4f key1-1)
44.699: (move f1-4f f0-4f)
44.756: (move f2-4f f2-5f)
44.759: (move f3-3f f3-2f)
42.550: (move f3-3f f4-3f)
42.550: (move f4-4f f4-3f)
42.569: (move f3-4f f3-3f)
42.570: (move f2-3f f3-3f)
42.632: (pickup f2-3f key2-2)
42.635: (move f4-4f f5-4f)
42.653: (move f2-4f f2-3f)
42.942: (move f2-4f f2-3f)
43.017: (move f2-4f f1-4f)
43.145: (move f3-4f f4-4f)
43.164: (move f3-3f f3-2f)
43.196: (move f1-4f f1-3f)
43.196: (move f2-3f f1-3f)
43.376: (pickup f3-3f key3-1)
43.623: (pickup f4-4f key2-1)
43.726: (move f2-4f f1-4f)
43.753: (move f2-3f f3-3f)
43.812: (move f3-4f f2-4f)
44.226: (move f2-4f f3-4f)
44.422: (pickup-and-loose f2-3f key2-2 key0-0)
40.663: (move f3-3f f4-3f)
40.663: (move f4-4f f4-3f)
41.531: (move f3-3f f4-3f)
42.115: (move f4-4f f5-4f)
42.210: (move f3-3f f3-2f)
42.326: (pickup f3-3f key3-1)
42.511: (move f2-3f f2-4f)
42.619: (move f3-4f f3-3f)
42.620: (move f2-3f f3-3f)
42.631: (pickup f2-3f key2-2)
42.737: (move f2-3f f3-3f)
42.902: (move f3-3f f3-2f)
43.085: (pickup-and-loose f1-3f key3-2 key0-0)
43.086: (pickup f4-4f key2-1)
43.183: (move f1-4f f1-3f)
43.183: (move f2-3f f1-3f)
43.188: (pickup f1-4f key1-2)
43.251: (move f3-4f f4-4f)
43.384: (move f3-3f f4-3f)
43.503: (move f1-3f f0-3f)
40.587: (move f1-3f f2-3f)
40.706: (move f4-4f f4-3f)
40.706: (move f3-3f f4-3f)
40.979: (move f3-3f f4-3f)
41.096: (move f1-3f f1-4f)
41.652: (move f3-3f f4-3f)
41.660: (move f4-3f f5-3f)
41.660: (move f5-4f f5-3f)
41.944: (move f3-3f f2-3f)
42.201: (move f4-4f f4-3f)
42.206: (move f4-4f f5-4f)
42.242: (putdown f0-3f key0-0)
42.268: (move f3-3f f3-2f)
42.320: (pickup-and-loose f3-3f key3-1 key2-2)
42.355: (move f3-3f f3-2f)
42.381: (pickup f3-3f key3-1)
42.506: (move f2-3f f2-4f)
42.528: (putdown f2-4f key2-2)
42.563: (putdown f3-3f key2-2)
42.627: (move f3-2f f4-2f)
39.396: (move f2-3f f2-4f)
39.396: (move f1-4f f2-4f)
39.450: (move f0-3f f1-3f)
40.672: (move f3-3f f4-3f)
40.715: (putdown f4-3f key2-2)
41.536: (move f4-3f f5-3f)
41.657: (move f3-3f f4-3f)
41.678: (move f5-4f f5-3f)
41.678: (move f4-3f f5-3f)
41.685: (move f4-3f f5-3f)
41.689: (move f3-3f f4-3f)
41.730: (move f1-4f f1-5f)
41.764: (move f2-3f f3-3f)
41.867: (move f2-3f f2-4f)
41.950: (move f3-3f f2-3f)
41.993: (move f3-3f f2-3f)
42.193: (putdown f3-2f key2-2)
42.206: (move f4-3f f4-2f)
42.215: (move f3-3f f3-2f)
42.259: (pickup-and-loose f2-3f key2-2 key3-2)
38.218: (pickup f1-3f key3-2)
38.334: (move f1-3f f2-3f)
39.058: (move f1-3f f1-4f)
39.228: (putdown f2-4f key3-2)
39.741: (pickup-and-loose f2-4f key0-2 key3-2)
39.937: (move f3-3f f4-3f)
40.360: (move f2-4f f3-4f)
40.361: (move f3-3f f3-4f)
41.167: (move f5-3f f5-4f)
41.370: (move f2-4f f1-4f)
41.470: (move f3-3f f3-2f)
41.528: (move f4-3f f5-3f)
41.576: (move f4-3f f5-3f)
41.628: (unlock f5-3f f6-3f key2-1 shape2)
41.640: (unlock f1-5f f1-6f key3-2 shape3)
41.650: (pickup-and-loose f2-4f key0-0 key3-1)
41.704: (move f4-3f f5-3f)
41.740: (move f4-3f f5-3f)
41.842: (move f2-3f f2-4f)
41.842: (move f2-3f f2-4f)
36.321: (move f1-3f f1-4f)
36.896: (move f1-3f f2-3f)
37.740: (move f1-4f f2-4f)
37.740: (move f2-3f f2-4f)
38.270: (pickup f2-3f key2-2)
38.494: (move f2-3f f3-3f)
38.746: (move f2-4f f3-4f)
38.859: (move f2-4f f2-3f)
39.215: (move f4-3f f4-4f)
39.215: (move f3-4f f4-4f)
39.849: (move f3-4f f3-5f)
40.505: (move f2-4f f1-4f)
40.635: (move f4-3f f5-3f)
40.665: (move f2-4f f1-4f)
40.828: (move f2-4f f3-4f)
40.900: (putdown f4-3f key3-2)
40.915: (move f2-4f f2-3f)
41.091: (move f1-5f f1-4f)
41.111: (move f2-4f f2-3f)
41.206: (move f5-3f f5-4f)
34.983: (move f1-4f f2-4f)
34.983: (move f2-3f f2-4f)
37.070: (move f3-3f f4-3f)
37.414: (move f2-3f f3-3f)
37.701: (move f2-3f f2-4f)
37.719: (putdown f1-4f key3-2)
37.904: (move f2-3f f3-3f)
37.904: (move f3-4f f3-3f)
37.954: (move f1-4f f1-5f)
37.985: (pickup f3-3f key3-1)
37.995: (move f2-3f f2-2f)
38.571: (pickup-and-loose f2-3f key2-2 key3-2)
38.610: (move f2-3f f3-3f)
38.627: (putdown f2-3f key3-2)
38.818: (pickup f2-3f key2-2)
38.832: (move f3-4f f4-4f)
38.959: (move f3-3f f3-2f)
38.998: (move f2-3f f1-3f)
39.183: (pickup f2-4f key0-2)
39.347: (move f1-4f f2-4f)
34.584: (putdown f2-4f key3-2)
35.346: (pickup-and-loose f2-4f key0-2 key3-2)
36.091: (move f1-5f f2-5f)
36.091: (move f2-4f f2-5f)
36.589: (move f3-3f f4-3f)
36.589: (move f4-4f f4-3f)
36.829: (move f3-3f f3-4f)
36.829: (move f2-4f f3-4f)
37.107: (move f3-3f f4-3f)
37.319: (move f3-3f f4-3f)
37.354: (pickup f3-3f key3-1)
37.369: (move f3-3f f4-3f)
37.712: (putdown f2-4f key2-2)
37.850: (move f4-4f f5-4f)
37.863: (unlock f1-5f f1-6f key3-2 shape3)
37.897: (pickup-and-loose f3-3f key3-1 key2-2)
37.909: (move f2-3f f2-4f)
37.957: (move f2-3f f2-4f)
38.020: (pickup-and-loose f1-3f key3-2 key2-2)
38.078: (move f2-3f f3-3f)
34.353: (move f2-4f f3-4f)
35.027: (move f2-4f f2-3f)
35.407: (move f2-4f f1-4f)
35.839: (move f3-4f f4-4f)
35.839: (move f4-3f f4-4f)
35.944: (move f2-5f f3-5f)
35.944: (move f3-4f f3-5f)
36.004: (move f1-5f f2-5f)
36.101: (move f1-3f f1-4f)
36.129: (move f2-4f f2-5f)
36.330: (move f1-5f f1-4f)
36.861: (move f1-3f f2-3f)
36.920: (move f3-3f f4-3f)
36.994: (move f3-3f f4-3f)
37.074: (putdown f4-3f key2-2)
37.188: (putdown f2-5f key3-2)
37.237: (move f3-3f f4-3f)
37.355: (pickup-and-loose f3-3f key3-1 key2-2)
37.386: (move f2-4f f2-3f)
37.439: (move f2-4f f3-4f)
33.454: (move f3-4f f3-3f)
33.454: (move f2-3f f3-3f)
33.761: (move f3-4f f4-4f)
34.895: (move f2-3f f2-4f)
34.895: (move f1-4f f2-4f)
34.932: (move f1-4f f2-4f)
34.932: (move f2-5f f2-4f)
34.959: (pickup f2-3f key2-2)
35.539: (pickup f3-4f key1-1)
35.970: (move f2-5f f3-5f)
36.119: (move f2-5f f3-5f)
36.119: (move f3-4f f3-5f)
36.205: (move f4-4f f5-4f)
36.319: (move f1-4f f1-3f)
36.319: (move f2-3f f1-3f)
36.470: (move f2-3f f2-2f)
36.661: (putdown f4-3f key2-2)
36.836: (pickup-and-loose f4-4f key2-1 key3-2)
37.071: (move f3-3f f4-3f)
37.085: (putdown f4-4f key3-2)
32.592: (move f3-3f f4-3f)
32.592: (move f4-4f f4-3f)
32.855: (move f4-4f f5-4f)
32.886: (pickup f3-3f key3-1)
33.619: (pickup f4-4f key2-1)
33.712: (move f2-3f f3-3f)
34.331: (move f3-3f f3-2f)
34.332: (move f2-2f f3-2f)
34.460: (putdown f2-4f key3-2)
34.515: (move f2-3f f2-4f)
34.606: (putdown f2-4f key3-2)
35.034: (move f3-5f f4-5f)
35.034: (move f4-4f f4-5f)
35.272: (pickup-and-loose f2-4f key0-2 key3-2)
35.375: (pickup-and-loose f2-4f key0-2 key3-2)
35.647: (move f3-4f f3-3f)
35.676: (move f3-4f f4-4f)
35.950: (move f2-4f f2-5f)
35.963: (move f2-3f f1-3f)
36.141: (pickup f3-5f key1-0)
31.764: (move f3-3f f4-3f)
32.793: (move f3-3f f3-2f)
32.935: (pickup-and-loose f3-3f key3-1 key2-2)
32.949: (move f3-3f f4-3f)
33.506: (move f5-4f f6-4f)
33.521: (putdown f3-3f key2-2)
33.567: (move f3-3f f2-3f)
33.608: (move f3-3f f3-4f)
33.838: (move f4-4f f5-4f)
34.192: (move f4-4f f4-3f)
34.286: (move f2-4f f3-4f)
34.308: (move f5-4f f5-5f)
34.308: (move f4-5f f5-5f)
34.318: (move f3-5f f3-4f)
34.324: (move f4-3f f5-3f)
34.324: (move f5-4f f5-3f)
34.380: (move f2-4f f3-4f)
34.481: (putdown f2-4f key2-2)
34.508: (move f3-3f f3-2f)
34.570: (move f2-4f f3-4f)
31.749: (move f3-3f f4-3f)
31.886: (move f4-3f f5-3f)
32.633: (move f3-3f f4-3f)
32.681: (putdown f4-3f key2-2)
32.773: (move f4-3f f4-2f)
32.773: (move f3-2f f4-2f)
32.809: (move f3-3f f3-2f)
32.852: (move f4-3f f4-4f)
32.852: (move f3-4f f4-4f)
32.933: (move f3-4f f2-4f)
32.933: (move f2-3f f2-4f)
33.188: (putdown f4-3f key3-1)
33.300: (move f3-4f f3-3f)
33.311: (move f3-4f f4-4f)
33.312: (move f4-3f f4-4f)
33.405: (putdown f3-2f key3-1)
33.423: (move f3-4f f3-3f)
33.542: (move f6-4f f6-5f)
33.542: (move f5-5f f6-5f)
33.573: (move f3-3f f3-4f)
31.539: (move f5-3f f5-4f)
31.540: (move f4-4f f5-4f)
31.685: (move f6-5f f6-6f)
31.923: (move f4-3f f5-3f)
32.196: (move f3-2f f3-3f)
32.455: (move f3-3f f4-3f)
32.457: (move f3-2f f4-2f)
32.555: (move f3-3f f4-3f)
32.713: (move f4-4f f5-4f)
32.751: (pickup f3-3f key3-1)
32.777: (move f4-3f f4-2f)
32.777: (move f3-2f f4-2f)
32.845: (move f3-4f f4-4f)
32.845: (move f4-3f f4-4f)
32.848: (pickup f3-3f key3-1)
32.852: (move f2-4f f1-4f)
32.982: (move f3-4f f2-4f)
33.184: (putdown f4-3f key3-1)
33.351: (move f4-4f f4-5f)
33.412: (putdown f3-2f key3-1)
30.796: (pickup f6-6f key3-0)
31.534: (move f5-3f f5-4f)
31.535: (move f4-4f f5-4f)
31.644: (move f3-3f f4-3f)
31.699: (move f4-2f f4-3f)
31.699: (move f3-3f f4-3f)
31.740: (move f3-3f f4-3f)
32.163: (move f5-4f f5-5f)
32.163: (move f4-5f f5-5f)
32.207: (move f3-2f f3-3f)
32.256: (move f5-4f f6-4f)
32.279: (move f4-5f f4-6f)
32.481: (move f3-2f f4-2f)
32.691: (move f3-3f f3-2f)
32.821: (move f3-3f f3-2f)
32.843: (move f2-4f f1-4f)
32.900: (putdown f5-4f key2-2)
33.222: (putdown f5-4f key3-1)
33.323: (move f4-4f f4-5f)
33.422: (move f3-3f f2-3f)
28.252: (move f6-6f f6-5f)
31.669: (move f6-4f f6-5f)
31.669: (move f5-5f f6-5f)
31.756: (move f4-2f f4-3f)
31.756: (move f3-3f f4-3f)
31.790: (move f4-3f f5-3f)
31.856: (move f4-3f f5-3f)
32.097: (move f5-4f f5-5f)
32.097: (move f4-5f f5-5f)
32.209: (move f5-4f f6-4f)
32.212: (move f4-5f f4-6f)
32.343: (pickup f3-3f key2-2)
32.446: (move f4-3f f4-4f)
32.687: (move f4-3f f4-2f)
32.687: (move f3-2f f4-2f)
32.731: (move f4-3f f4-4f)
32.770: (move f3-2f f4-2f)
32.770: (move f4-3f f4-2f)
32.834: (move f4-3f f4-4f)
32.855: (move f4-3f f5-3f)
26.561: (move f6-5f f5-5f)
27.287: (move f6-5f f6-4f)
28.948: (putdown f6-5f key3-0)
31.121: (move f6-5f f6-6f)
31.403: (move f4-4f f5-4f)
31.403: (move f5-3f f5-4f)
31.492: (move f4-4f f5-4f)
31.493: (move f5-3f f5-4f)
31.576: (move f6-4f f6-5f)
31.576: (move f5-5f f6-5f)
31.821: (move f3-3f f4-3f)
31.894: (move f4-4f f5-4f)
31.895: (move f5-3f f5-4f)
32.275: (pickup f4-4f key2-1)
32.484: (move f4-3f f4-4f)
32.873: (move f4-3f f5-3f)
32.879: (putdown f5-5f key3-1)
33.034: (putdown f6-5f key3-1)
33.289: (move f4-4f f4-5f)
33.320: (putdown f5-3f key3-1)
26.004: (move f5-5f f4-5f)
26.326: (move f5-5f f5-4f)
26.326: (move f6-4f f5-4f)
27.584: (putdown f5-5f key3-0)
28.642: (putdown f6-4f key3-0)
30.892: (move f6-5f f6-6f)
31.067: (move f6-5f f6-4f)
31.415: (move f6-5f f5-5f)
31.671: (move f6-5f f6-6f)
31.694: (putdown f4-3f key2-2)
31.908: (pickup-and-loose f6-6f key3-0 key3-1)
32.010: (move f5-3f f5-4f)
32.011: (move f4-4f f5-4f)
32.041: (move f4-3f f4-4f)
32.097: (move f5-4f f5-5f)
32.105: (move f5-4f f5-5f)
32.105: (move f4-5f f5-5f)
32.165: (move f5-4f f6-4f)
32.221: (move f4-5f f4-6f)
32.226: (move f5-4f f6-4f)
26.096: (move f5-4f f4-4f)
26.096: (move f4-5f f4-4f)
26.824: (move f4-5f f3-5f)
26.846: (move f4-5f f4-6f)
27.115: (putdown f5-4f key3-0)
27.346: (putdown f4-5f key3-0)
28.468: (move f5-4f f5-3f)
29.114: (move f5-5f f5-4f)
29.929: (move f5-5f f4-5f)
30.087: (move f5-5f f6-5f)
30.237: (move f6-6f f6-5f)
30.332: (move f6-4f f5-4f)
30.527: (pickup f6-6f key3-0)
31.199: (move f6-4f f5-4f)
31.199: (move f5-5f f5-4f)
31.430: (move f4-4f f5-4f)
31.618: (move f5-5f f6-5f)
31.618: (move f6-4f f6-5f)
31.659: (move f6-4f f6-5f)
31.660: (move f5-5f f6-5f)
26.347: (move f4-4f f3-4f)
26.347: (move f3-5f f3-4f)
26.621: (move f3-5f f2-5f)
26.830: (putdown f3-5f key3-0)
26.831: (pickup-and-loose f4-4f key2-1 key3-0)
26.927: (pickup-and-loose f3-5f key1-0 key3-0)
27.155: (putdown f4-4f key3-0)
27.434: (move f4-4f f4-3f)
27.434: (move f5-3f f4-3f)
27.904: (putdown f4-6f key3-0)
28.110: (move f3-5f f3-6f)
28.110: (move f4-6f f3-6f)
29.041: (move f4-5f f4-4f)
29.583: (move f6-6f f6-5f)
29.730: (move f6-5f f5-5f)
29.750: (move f4-5f f3-5f)
29.929: (putdown f5-3f key3-0)
29.994: (move f4-5f f5-5f)
30.246: (move f5-4f f6-4f)
30.377: (move f4-5f f4-6f)
24.111: (move f3-5f f3-4f)
24.112: (move f3-5f f3-4f)
26.633: (move f2-5f f2-4f)
26.633: (move f3-4f f2-4f)
27.054: (move f4-3f f3-3f)
27.054: (move f3-4f f3-3f)
27.445: (move f2-5f f2-6f)
27.446: (move f3-6f f2-6f)
27.507: (putdown f2-5f key3-0)
27.517: (move f2-5f f1-5f)
27.614: (putdown f3-4f key3-0)
27.728: (move f3-5f f4-5f)
27.971: (move f3-5f f4-5f)
28.172: (move f3-5f f2-5f)
28.317: (move f3-5f f2-5f)
28.412: (putdown f4-3f key3-0)
28.421: (move f4-3f f4-2f)
28.632: (pickup f4-4f key2-1)
28.687: (move f6-5f f5-5f)
28.711: (move f4-4f f5-4f)
24.055: (putdown f3-4f key1-0)
24.545: (pickup-and-loose f3-4f key1-1 key1-0)
24.567: (pickup f3-4f key1-1)
25.214: (move f3-4f f4-4f)
25.214: (move f4-5f f4-4f)
25.227: (move f4-5f f4-4f)
25.227: (move f3-4f f4-4f)
25.292: (move f3-4f f3-3f)
25.317: (move f3-4f f3-3f)
26.159: (move f3-4f f2-4f)
26.160: (move f2-5f f2-4f)
26.269: (move f3-4f f2-4f)
26.269: (move f2-5f f2-4f)
26.502: (move f2-4f f1-4f)
26.502: (move f1-5f f1-4f)
26.581: (move f4-2f f3-2f)
26.582: (move f3-3f f3-2f)
27.111: (move f4-4f f4-5f)
27.319: (unlock f2-6f f1-6f key3-0 shape3)
27.323: (move f3-3f f2-3f)
24.215: (pickup-and-loose f4-4f key2-1 key1-0)
24.335: (pickup-and-loose f3-3f key3-1 key1-0)
24.388: (pickup f4-4f key2-1)
24.423: (move f3-3f f4-3f)
24.424: (move f4-4f f4-3f)
24.455: (move f4-4f f4-3f)
24.455: (move f3-3f f4-3f)
24.490: (pickup f3-3f key3-1)
25.078: (putdown f4-4f key1-0)
25.152: (putdown f3-3f key1-0)
25.255: (move f3-4f f4-4f)
25.310: (move f3-4f f3-3f)
25.744: (move f3-3f f2-3f)
25.744: (move f2-4f f2-3f)
25.757: (move f3-3f f2-3f)
25.757: (move f2-4f f2-3f)
25.778: (move f3-2f f3-1f)
25.834: (pickup-and-loose f4-5f key3-0 key2-1)
25.998: (move f3-4f f4-4f)
26.031: (move f3-4f f4-4f)
22.457: (move f4-4f f3-4f)
22.463: (move f4-4f f3-4f)
22.599: (move f4-4f f4-3f)
22.668: (move f4-4f f4-3f)
23.369: (move f3-3f f3-4f)
23.387: (move f3-3f f3-4f)
23.774: (move f3-3f f4-3f)
23.868: (move f3-3f f4-3f)
24.097: (move f3-3f f2-3f)
24.192: (move f4-4f f3-4f)
24.194: (move f3-3f f3-4f)
24.200: (move f3-3f f2-3f)
24.320: (putdown f4-3f key1-0)
24.398: (pickup f4-4f key2-1)
24.418: (move f4-4f f4-3f)
24.418: (move f3-3f f4-3f)
24.454: (move f3-3f f4-3f)
24.455: (move f4-4f f4-3f)
24.495: (pickup f3-3f key3-1)
24.762: (move f4-5f f5-5f)
22.151: (move f3-4f f3-3f)
22.151: (move f4-3f f3-3f)
22.181: (move f3-4f f3-3f)
22.181: (move f4-3f f3-3f)
22.422: (move f4-4f f3-4f)
22.638: (move f4-4f f4-3f)
22.899: (move f4-3f f4-4f)
22.899: (move f3-4f f4-4f)
22.903: (move f3-4f f4-4f)
22.903: (move f4-3f f4-4f)
23.105: (move f3-4f f2-4f)
23.171: (move f3-4f f2-4f)
23.201: (move f4-3f f4-2f)
23.246: (move f4-3f f4-2f)
23.332: (putdown f3-4f key2-1)
23.333: (putdown f3-4f key2-1)
23.345: (move f3-3f f3-4f)
23.509: (putdown f4-3f key2-1)
23.566: (pickup-and-loose f3-4f key1-1 key2-1)
23.568: (pickup-and-loose f3-4f key1-1 key2-1)
21.307: (move f3-3f f3-2f)
21.308: (move f4-2f f3-2f)
21.359: (move f3-3f f3-2f)
21.359: (move f4-2f f3-2f)
21.785: (unlock f4-2f f4-1f key2-1 shape2)
21.828: (unlock f4-2f f4-1f key2-1 shape2)
21.983: (pickup-and-loose f3-3f key3-1 key2-1)
22.008: (pickup-and-loose f3-3f key3-1 key2-1)
22.074: (move f4-3f f3-3f)
22.074: (move f3-4f f3-3f)
22.341: (move f2-4f f2-3f)
22.341: (move f3-3f f2-3f)
22.396: (move f2-4f f2-3f)
22.397: (move f3-3f f2-3f)
22.822: (move f3-4f f4-4f)
22.983: (putdown f3-3f key2-1)
23.013: (putdown f3-3f key2-1)
23.104: (move f3-4f f2-4f)
23.135: (move f4-3f f4-2f)
23.304: (putdown f3-4f key2-1)
20.526: (move f3-2f f3-1f)
20.529: (move f3-2f f3-1f)
20.840: (move f4-2f f4-1f)
20.956: (move f4-2f f4-1f)
21.275: (move f3-3f f3-2f)
21.275: (move f4-2f f3-2f)
21.545: (move f3-3f f2-3f)
21.582: (move f4-2f f3-2f)
21.591: (move f3-3f f2-3f)
21.601: (move f3-3f f3-2f)
21.633: (move f4-2f f3-2f)
21.647: (move f3-3f f3-2f)
21.718: (unlock f4-2f f4-1f key2-1 shape2)
21.874: (move f4-2f f4-3f)
21.905: (pickup-and-loose f3-3f key3-1 key2-1)
21.944: (move f4-2f f4-3f)
22.088: (putdown f3-2f key2-1)
22.137: (putdown f3-2f key2-1)
22.309: (move f3-3f f2-3f)
22.309: (move f2-4f f2-3f)
20.319: (move f3-2f f3-1f)
20.328: (move f3-2f f3-1f)
20.469: (move f3-2f f3-1f)
20.537: (move f3-2f f2-2f)
20.537: (move f2-3f f2-2f)
20.555: (move f2-3f f2-2f)
20.555: (move f3-2f f2-2f)
20.583: (move f2-3f f1-3f)
20.604: (move f2-3f f1-3f)
20.744: (move f3-2f f3-1f)
20.745: (unlock f3-1f f4-1f key2-1 shape2)
20.745: (move f4-1f f3-1f)
20.749: (move f3-2f f3-1f)
20.749: (unlock f3-1f f4-1f key2-1 shape2)
20.749: (move f4-1f f3-1f)
20.795: (move f4-2f f4-1f)
20.847: (move f3-2f f3-3f)
20.873: (move f3-1f f3-0f)
20.878: (move f3-2f f3-3f)
20.894: (move f3-1f f3-0f)
19.490: (move f3-1f f3-0f)
19.538: (move f3-1f f3-0f)
20.119: (pickup f3-3f key3-1)
20.151: (pickup f3-3f key3-1)
20.166: (move f1-3f f1-2f)
20.166: (move f2-2f f1-2f)
20.237: (move f2-2f f1-2f)
20.237: (move f1-3f f1-2f)
20.689: (move f4-1f f3-1f)
20.690: (unlock f3-1f f4-1f key2-1 shape2)
20.717: (move f3-3f f2-3f)
20.750: (putdown f3-1f key3-1)
20.756: (putdown f3-1f key3-1)
20.764: (move f3-3f f2-3f)
20.840: (move f3-1f f3-0f)
20.858: (move f3-1f f3-0f)
20.869: (move f3-1f f3-0f)
20.959: (move f3-0f f4-0f)
20.988: (move f4-1f f4-0f)
20.991: (putdown f3-1f key2-1)
19.094: (move f3-0f f2-0f)
19.157: (move f3-0f f2-0f)
19.158: (move f1-2f f1-1f)
19.193: (move f3-1f f3-2f)
19.207: (move f1-2f f1-1f)
19.244: (move f3-3f f2-3f)
19.313: (move f3-3f f2-3f)
19.521: (move f3-1f f3-2f)
19.568: (move f3-1f f3-2f)
19.919: (move f3-3f f3-2f)
19.983: (move f3-3f f3-2f)
20.202: (unlock f1-2f f0-2f key3-1 shape3)
20.272: (unlock f1-2f f0-2f key3-1 shape3)
20.327: (putdown f3-0f key3-1)
20.369: (putdown f3-0f key3-1)
20.466: (pickup f2-3f key2-2)
20.515: (pickup f2-3f key2-2)
20.581: (move f3-3f f3-4f)
20.591: (move f3-3f f3-4f)
20.600: (move f3-3f f4-3f)
18.170: (unlock f2-0f f1-0f key3-1 shape3)
18.209: (move f3-2f f3-1f)
18.231: (unlock f2-0f f1-0f key3-1 shape3)
18.245: (move f3-2f f3-3f)
18.269: (move f3-2f f3-1f)
18.398: (unlock f1-1f f1-0f key3-1 shape3)
18.445: (unlock f1-1f f1-0f key3-1 shape3)
18.703: (move f3-2f f2-2f)
18.703: (move f2-3f f2-2f)
18.761: (move f2-3f f2-2f)
18.761: (move f3-2f f2-2f)
19.069: (move f2-3f f1-3f)
19.092: (move f3-2f f3-3f)
19.114: (move f3-2f f3-3f)
19.130: (move f2-3f f1-3f)
19.238: (move f1-2f f1-1f)
19.287: (move f1-2f f1-1f)
19.307: (move f3-0f f3-1f)
19.319: (move f3-0f f3-1f)
19.698: (pickup-and-loose f2-3f key2-2 key3-1)
16.960: (move f3-1f f3-0f)
16.979: (move f3-1f f3-0f)
17.364: (pickup f3-3f key3-1)
17.590: (move f2-0f f1-0f)
17.590: (move f1-1f f1-0f)
17.603: (move f2-0f f1-0f)
17.603: (move f1-1f f1-0f)
17.928: (move f2-2f f1-2f)
17.928: (move f1-3f f1-2f)
17.951: (move f2-2f f1-2f)
17.951: (move f1-3f f1-2f)
18.096: (move f2-0f f3-0f)
18.140: (move f2-0f f3-0f)
18.331: (pickup f3-3f key2-1)
18.353: (pickup f3-3f key2-1)
18.422: (unlock f1-1f f1-0f key3-1 shape3)
18.459: (move f3-1f f3-2f)
18.471: (unlock f1-1f f1-0f key3-1 shape3)
18.505: (move f3-1f f3-2f)
18.754: (move f1-1f f1-2f)
15.835: (move f3-0f f2-0f)
15.921: (move f3-0f f2-0f)
16.152: (move f1-2f f1-1f)
16.198: (move f1-2f f1-1f)
17.029: (putdown f1-0f key3-1)
17.052: (putdown f1-0f key3-1)
17.565: (move f3-3f f3-2f)
17.597: (move f1-1f f1-0f)
17.611: (move f1-1f f1-0f)
17.939: (move f3-0f f4-0f)
17.960: (unlock f1-2f f0-2f key3-1 shape3)
17.977: (putdown f3-0f key3-1)
17.983: (unlock f1-2f f0-2f key3-1 shape3)
17.995: (putdown f3-0f key3-1)
18.027: (move f3-0f f4-0f)
18.027: (move f3-3f f3-2f)
18.089: (move f3-3f f3-2f)
18.757: (move f1-1f f1-2f)
18.757: (unlock f1-2f f0-2f key3-1 shape3)
18.810: (move f3-0f f3-1f)
14.659: (move f1-0f f2-0f)
14.707: (move f1-0f f2-0f)
15.032: (unlock f2-0f f1-0f key3-1 shape3)
15.119: (unlock f2-0f f1-0f key3-1 shape3)
15.486: (move f1-0f f1-1f)
15.501: (unlock f1-1f f1-0f key3-1 shape3)
15.513: (move f1-0f f1-1f)
15.544: (unlock f1-1f f1-0f key3-1 shape3)
16.149: (move f1-2f f1-1f)
16.195: (move f1-2f f1-1f)
16.952: (putdown f1-0f key3-1)
16.975: (putdown f1-0f key3-1)
16.997: (move f3-2f f3-1f)
17.003: (move f3-2f f3-1f)
17.056: (putdown f2-0f key3-1)
17.063: (move f3-2f f3-1f)
17.082: (move f3-0f f3-1f)
17.138: (move f3-0f f3-1f)
17.143: (putdown f2-0f key3-1)
17.349: (move f3-2f f2-2f)
12.447: (move f2-0f f3-0f)
12.490: (move f2-0f f3-0f)
12.919: (move f1-1f f1-2f)
12.988: (move f1-1f f1-2f)
14.074: (move f1-1f f1-0f)
14.074: (move f2-0f f1-0f)
14.170: (move f1-1f f1-0f)
14.170: (move f2-0f f1-0f)
14.617: (move f1-0f f2-0f)
14.665: (move f1-0f f2-0f)
15.370: (move f1-0f f1-1f)
15.398: (move f1-0f f1-1f)
15.406: (move f3-1f f3-0f)
15.454: (unlock f1-1f f1-0f key3-1 shape3)
15.497: (unlock f1-1f f1-0f key3-1 shape3)
15.634: (move f3-1f f3-0f)
15.642: (move f3-1f f3-0f)
15.700: (move f2-0f f3-0f)
15.719: (move f2-0f f3-0f)
16.276: (putdown f2-0f key3-1)
11.462: (move f3-0f f3-1f)
11.471: (move f3-0f f3-1f)
11.759: (move f1-2f f2-2f)
11.773: (move f1-2f f2-2f)
12.216: (move f1-2f f1-3f)
12.236: (move f1-2f f1-3f)
12.417: (move f2-0f f3-0f)
12.459: (move f2-0f f3-0f)
12.773: (move f1-1f f1-2f)
12.843: (move f1-1f f1-2f)
13.888: (move f3-0f f2-0f)
13.906: (putdown f1-0f key3-1)
13.976: (putdown f1-0f key3-1)
14.068: (move f3-0f f4-0f)
14.072: (move f1-1f f1-0f)
14.121: (move f3-0f f4-0f)
14.169: (move f1-1f f1-0f)
14.934: (move f3-0f f4-0f)
14.982: (move f3-0f f4-0f)
15.778: (move f3-0f f4-0f)
10.581: (move f2-2f f3-2f)
10.581: (move f3-1f f3-2f)
10.629: (move f3-1f f3-2f)
10.630: (move f2-2f f3-2f)
10.649: (move f1-3f f2-3f)
10.649: (move f2-2f f2-3f)
10.695: (move f1-3f f2-3f)
10.695: (move f2-2f f2-3f)
11.372: (move f3-0f f3-1f)
11.381: (move f3-0f f3-1f)
11.383: (move f1-0f f2-0f)
11.447: (move f1-0f f2-0f)
11.681: (move f1-2f f2-2f)
11.694: (move f1-2f f2-2f)
12.074: (move f1-2f f1-3f)
12.093: (move f1-2f f1-3f)
13.022: (move f1-0f f1-1f)
13.066: (move f1-0f f1-1f)
13.108: (move f1-3f f1-4f)
13.112: (unlock f2-0f f1-0f key3-1 shape3)
9.415: (move f3-2f f3-3f)
9.415: (move f2-3f f3-3f)
9.434: (move f3-2f f3-3f)
9.434: (move f2-3f f3-3f)
10.419: (move f2-0f f3-0f)
10.450: (move f2-0f f3-0f)
10.503: (move f2-2f f3-2f)
10.504: (move f3-1f f3-2f)
10.547: (move f2-2f f2-3f)
10.548: (move f1-3f f2-3f)
10.552: (move f3-1f f3-2f)
10.552: (move f2-2f f3-2f)
10.594: (move f1-3f f2-3f)
10.594: (move f2-2f f2-3f)
10.853: (pickup f2-3f key2-2)
10.901: (pickup f2-3f key2-2)
11.121: (move f1-1f f1-2f)
11.140: (move f1-1f f1-2f)
11.229: (move f1-4f f2-4f)
11.229: (move f2-3f f2-4f)
8.729: (pickup f3-3f key2-1)
8.751: (pickup f3-3f key2-1)
9.302: (move f3-2f f3-3f)
9.302: (move f2-3f f3-3f)
9.322: (move f2-3f f3-3f)
9.322: (move f3-2f f3-3f)
9.332: (move f2-3f f3-3f)
9.348: (move f2-3f f3-3f)
9.869: (move f3-0f f3-1f)
9.925: (move f3-0f f3-1f)
10.128: (move f1-2f f2-2f)
10.187: (move f1-2f f2-2f)
10.330: (move f2-4f f3-4f)
10.330: (move f3-3f f3-4f)
10.332: (move f3-3f f3-4f)
10.592: (move f3-3f f4-3f)
10.678: (move f3-3f f4-3f)
10.751: (pickup f2-3f key2-2)
10.799: (pickup f2-3f key2-2)
11.251: (move f2-3f f2-4f)
8.210: (move f3-3f f3-2f)
8.268: (move f3-3f f3-2f)
8.614: (pickup f3-3f key2-1)
8.636: (pickup f3-3f key2-1)
8.688: (pickup-and-loose f3-3f key2-1 key2-2)
8.711: (pickup-and-loose f3-3f key2-1 key2-2)
8.811: (move f3-3f f3-4f)
8.831: (move f3-3f f3-4f)
8.920: (move f3-1f f3-2f)
8.921: (move f2-2f f3-2f)
8.979: (move f3-1f f3-2f)
8.979: (move f2-2f f3-2f)
9.071: (move f3-3f f2-3f)
9.132: (move f3-3f f2-3f)
9.148: (move f3-3f f4-3f)
9.225: (move f2-3f f3-3f)
9.238: (move f3-3f f4-3f)
9.241: (move f2-3f f3-3f)
9.355: (putdown f3-3f key2-2)
9.375: (putdown f3-3f key2-2)
7.248: (move f3-2f f3-1f)
7.291: (move f3-2f f3-1f)
8.070: (move f3-3f f3-2f)
8.126: (move f3-3f f3-2f)
8.129: (move f3-3f f3-2f)
8.187: (move f3-3f f3-2f)
8.578: (pickup-and-loose f3-3f key2-1 key2-2)
8.601: (pickup-and-loose f3-3f key2-1 key2-2)
8.643: (move f2-3f f2-4f)
8.644: (move f3-4f f2-4f)
8.688: (move f2-3f f2-4f)
8.688: (move f3-4f f2-4f)
8.688: (move f3-3f f3-4f)
8.708: (move f3-3f f3-4f)
8.736: (move f3-3f f3-4f)
8.755: (move f3-3f f3-4f)
8.825: (move f3-4f f3-5f)
8.967: (move f3-3f f2-3f)
8.999: (move f3-4f f3-5f)
9.020: (move f3-3f f4-3f)
6.005: (move f3-1f f3-0f)
6.014: (move f3-1f f3-0f)
7.172: (move f3-2f f3-1f)
7.183: (move f3-2f f3-1f)
7.206: (move f3-2f f3-1f)
7.221: (move f3-2f f3-1f)
7.510: (unlock f3-1f f4-1f key2-1 shape2)
7.569: (unlock f3-1f f4-1f key2-1 shape2)
7.986: (move f3-3f f3-2f)
8.002: (putdown f3-1f key2-1)
8.042: (move f3-3f f3-2f)
8.058: (putdown f3-1f key2-1)
8.611: (move f3-3f f3-4f)
8.631: (move f3-3f f3-4f)
8.636: (move f3-4f f2-4f)
8.636: (move f2-3f f2-4f)
8.679: (move f3-4f f2-4f)
8.685: (move f3-4f f3-5f)
8.744: (move f3-4f f2-4f)
8.765: (move f3-4f f2-4f)
4.877: (move f3-0f f4-0f)
4.916: (move f3-0f f4-0f)
5.962: (move f3-1f f3-0f)
5.971: (move f3-1f f3-0f)
5.999: (move f3-1f f3-0f)
6.007: (move f3-1f f3-0f)
6.089: (move f3-1f f3-0f)
6.093: (move f3-1f f3-0f)
6.654: (move f3-1f f4-1f)
6.660: (move f3-1f f4-1f)
6.890: (putdown f3-0f key2-1)
6.899: (putdown f3-0f key2-1)
6.925: (move f3-0f f2-0f)
6.962: (move f3-0f f2-0f)
7.101: (move f3-2f f3-1f)
7.128: (move f3-2f f3-1f)
7.414: (unlock f3-1f f4-1f key2-1 shape2)
7.454: (unlock f3-1f f4-1f key2-1 shape2)
7.463: (unlock f3-1f f4-1f key2-1 shape2)
7.505: (unlock f3-1f f4-1f key2-1 shape2)
3.483: (move f4-0f f5-0f)
3.537: (move f4-0f f5-0f)
4.767: (move f3-0f f4-0f)
4.806: (move f3-0f f4-0f)
4.858: (move f3-0f f4-0f)
4.880: (unlock f4-0f f4-1f key2-1 shape2)
4.881: (move f4-1f f4-0f)
4.881: (move f3-0f f4-0f)
4.884: (unlock f4-0f f4-1f key2-1 shape2)
4.884: (move f3-0f f4-0f)
4.884: (move f4-1f f4-0f)
4.912: (move f3-0f f4-0f)
5.068: (move f4-1f f5-1f)
5.076: (move f4-1f f5-1f)
5.953: (move f3-1f f3-0f)
5.962: (move f3-1f f3-0f)
5.973: (putdown f4-0f key2-1)
6.008: (putdown f4-0f key2-1)
6.044: (move f3-1f f3-0f)
6.052: (move f3-1f f3-0f)
2.336: (move f5-0f f6-0f)
2.386: (move f5-0f f6-0f)
3.373: (move f4-0f f5-0f)
3.419: (move f5-1f f5-0f)
3.419: (move f4-0f f5-0f)
3.427: (move f4-0f f5-0f)
3.465: (move f4-0f f5-0f)
3.475: (move f4-0f f5-0f)
3.475: (move f5-1f f5-0f)
3.535: (move f4-0f f5-0f)
4.745: (putdown f5-0f key2-1)
4.750: (move f3-0f f4-0f)
4.772: (unlock f4-0f f4-1f key2-1 shape2)
4.774: (unlock f4-0f f4-1f key2-1 shape2)
4.798: (putdown f5-0f key2-1)
4.805: (move f3-0f f4-0f)
4.869: (move f3-0f f4-0f)
4.869: (unlock f4-0f f4-1f key2-1 shape2)
4.892: (move f3-0f f4-0f)
4.892: (unlock f4-0f f4-1f key2-1 shape2)
0.882: (putdown f6-0f key2-1)
[Final] Expanded: 969, Generated: 4542
Found a solution of length 60!
   1: (move f0-5f f0-4f)
   2: (move f0-4f f1-4f)
   3: (pickup f1-4f key1-1)
   4: (move f1-4f f2-4f)
   5: (unlock f2-4f f2-3f key1-1 shape1)
   6: (move f2-4f f3-4f)
   7: (unlock f3-4f f3-5f key1-1 shape1)
   8: (putdown f3-4f key1-1)
   9: (move f3-4f f3-5f)
  10: (pickup f3-5f key0-2)
  11: (move f3-5f f3-4f)
  12: (move f3-4f f2-4f)
  13: (pickup-and-loose f2-4f key0-0 key0-2)
  14: (move f2-4f f1-4f)
  15: (move f1-4f f1-3f)
  16: (move f1-3f f0-3f)
  17: (putdown f0-3f key0-0)
  18: (move f0-3f f1-3f)
  19: (pickup f1-3f key3-2)
  20: (move f1-3f f1-4f)
  21: (move f1-4f f2-4f)
  22: (putdown f2-4f key3-2)
  23: (move f2-4f f3-4f)
  24: (move f3-4f f4-4f)
  25: (move f4-4f f5-4f)
  26: (move f5-4f f6-4f)
  27: (move f6-4f f6-5f)
  28: (move f6-5f f6-6f)
  29: (pickup f6-6f key3-0)
  30: (move f6-6f f6-5f)
  31: (move f6-5f f5-5f)
  32: (move f5-5f f4-5f)
  33: (move f4-5f f3-5f)
  34: (pickup-and-loose f3-5f key1-0 key3-0)
  35: (move f3-5f f3-4f)
  36: (move f3-4f f4-4f)
  37: (pickup-and-loose f4-4f key2-1 key1-0)
  38: (move f4-4f f3-4f)
  39: (move f3-4f f3-3f)
  40: (pickup-and-loose f3-3f key3-1 key2-1)
  41: (move f3-3f f3-2f)
  42: (move f3-2f f3-1f)
  43: (move f3-1f f3-0f)
  44: (move f3-0f f2-0f)
  45: (unlock f2-0f f1-0f key3-1 shape3)
  46: (move f2-0f f1-0f)
  47: (putdown f1-0f key3-1)
  48: (move f1-0f f2-0f)
  49: (move f2-0f f3-0f)
  50: (move f3-0f f3-1f)
  51: (move f3-1f f3-2f)
  52: (move f3-2f f3-3f)
  53: (pickup f3-3f key2-1)
  54: (move f3-3f f3-2f)
  55: (move f3-2f f3-1f)
  56: (move f3-1f f3-0f)
  57: (move f3-0f f4-0f)
  58: (move f4-0f f5-0f)
  59: (move f5-0f f6-0f)
  60: (putdown f6-0f key2-1)
