Torch: 2.12.0+cu130
Using GPU:  NVIDIA L40S
[Bellman] lambda=0 -> baseline (no widening signal)
[Value] SELF-CONSISTENT: leaf value = QR-DQN max_a mean Z(s,a) (SAC critics bypassed; prior still SAC policy)
[Add] OPTION8 add_beta=0.5 src=binc cap=2.0 (ADDITIVE bonus, NOT gated by P(a); prior untouched) [SHUFFLE CONTROL: signal-blind placement]
/u/ibrahim.eisawy/Neural-Guided-Search/venv/lib/python3.10/site-packages/pymimir_rgnn/model.py:162: UserWarning: index_reduce() is in beta and the API may change at any time. (Triggered internally at /pytorch/aten/src/ATen/native/cuda/Indexing.cu:1541.)
  exps_max.index_reduce_(0, output_indices, output_messages, reduce="amax", include_self=False)
  [sim 64] found goal path of length 19
[Final] Expanded: 172, Generated: 172
[Cost] IQN forward calls (Bellman signal): 341
[Widen] nodes widened: 0, mean w: 0.0000
[Add] child-edges given an additive bonus: 1285, mean (rel-1): 0.3920
[search done] simulations=64, unique states generated=172
Found a solution of length 19!
   1: (move f6-1f f6-2f)
   2: (move f6-2f f6-3f)
   3: (unlock f6-3f f7-3f key2-0 shape2)
   4: (move f6-3f f6-2f)
   5: (move f6-2f f6-1f)
   6: (move f6-1f f7-1f)
   7: (move f7-1f f8-1f)
   8: (move f8-1f f8-2f)
   9: (move f8-2f f7-2f)
  10: (move f7-2f f7-3f)
  11: (move f7-3f f7-4f)
  12: (move f7-4f f6-4f)
  13: (move f6-4f f5-4f)
  14: (move f5-4f f4-4f)
  15: (move f4-4f f4-5f)
  16: (move f4-5f f3-5f)
  17: (move f3-5f f3-6f)
  18: (move f3-6f f3-7f)
  19: (pickup-and-loose f3-7f key2-1 key2-0)
