Torch: 2.12.0+cu130
Using CPU.
[Bellman] lambda=0 -> baseline (no widening signal)
[Value] SELF-CONSISTENT: leaf value = QR-DQN max_a mean Z(s,a) (SAC critics bypassed; prior still SAC policy)
[Add] OPTION8 add_beta=0.5 src=binc cap=2.0 (ADDITIVE bonus, NOT gated by P(a); prior untouched) [SHUFFLE CONTROL: signal-blind placement]
/u/ibrahim.eisawy/Neural-Guided-Search/venv/lib/python3.10/site-packages/pymimir_rgnn/model.py:162: UserWarning: index_reduce() is in beta and the API may change at any time. (Triggered internally at /pytorch/aten/src/ATen/native/TensorAdvancedIndexing.cpp:1514.)
  exps_max.index_reduce_(0, output_indices, output_messages, reduce="amax", include_self=False)
  [sim 500] root visits=500, unique states=1302, generated=1301, iqn_calls=2550
  [sim 999] found goal path of length 25
[Final] Expanded: 2550, Generated: 2550
[Cost] IQN forward calls (Bellman signal): 4975
[Widen] nodes widened: 0, mean w: 0.0000
[Add] child-edges given an additive bonus: 32328, mean (rel-1): 0.5143
[search done] simulations=999, unique states generated=2550
Found a solution of length 25!
   1: (move f3-6f f3-7f)
   2: (pickup f3-7f key0-3)
   3: (move f3-7f f3-6f)
   4: (putdown f3-6f key0-3)
   5: (pickup f3-6f key1-1)
   6: (move f3-6f f4-6f)
   7: (move f4-6f f4-7f)
   8: (move f4-7f f3-7f)
   9: (unlock f3-7f f2-7f key1-1 shape1)
  10: (move f3-7f f4-7f)
  11: (move f4-7f f5-7f)
  12: (move f5-7f f5-6f)
  13: (move f5-6f f4-6f)
  14: (move f4-6f f3-6f)
  15: (pickup-and-loose f3-6f key0-3 key1-1)
  16: (move f3-6f f2-6f)
  17: (move f2-6f f1-6f)
  18: (move f1-6f f0-6f)
  19: (move f0-6f f0-5f)
  20: (move f0-5f f0-4f)
  21: (move f0-4f f0-3f)
  22: (move f0-3f f0-2f)
  23: (move f0-2f f0-1f)
  24: (move f0-1f f0-0f)
  25: (putdown f0-0f key0-3)
