/u/ibrahim.eisawy/Neural-Guided-Search/venv/lib/python3.10/site-packages/pymimir_rgnn/model.py:162: UserWarning: index_reduce() is in beta and the API may change at any time. (Triggered internally at /pytorch/aten/src/ATen/native/cuda/Indexing.cu:1541.)
  exps_max.index_reduce_(0, output_indices, output_messages, reduce="amax", include_self=False)
Torch: 2.12.0+cu130
Using GPU:  NVIDIA L40S
247.796: (move f4-0f f5-0f)
256.082: (move f5-0f f6-0f)
313.307: (pickup-laser f6-0f)
251.990: (fire-laser f6-0f f6-1f)
253.466: (move f6-0f f6-1f)
263.552: (fire-laser f6-1f f6-2f)
269.047: (move f6-1f f6-2f)
277.351: (fire-laser f6-2f f6-3f)
286.844: (move f6-2f f6-3f)
293.378: (fire-laser f6-3f f6-4f)
296.105: (move f6-3f f6-4f)
305.545: (fire-laser f6-4f f6-5f)
308.946: (move f6-4f f6-5f)
312.710: (fire-laser f6-5f f6-6f)
317.364: (move f6-5f f6-6f)
320.549: (putdown-laser f6-6f)
292.783: (move f6-6f f6-5f)
288.346: (move f6-5f f6-4f)
263.853: (move f6-4f f6-3f)
262.131: (move f6-3f f6-2f)
249.133: (move f6-2f f6-1f)
245.081: (move f6-1f f6-0f)
254.995: (pickup-bomb f6-0f)
269.151: (move f6-0f f6-1f)
276.915: (move f6-1f f6-2f)
288.312: (move f6-2f f6-3f)
300.212: (move f6-3f f6-4f)
308.838: (move f6-4f f6-5f)
323.567: (move f6-5f f6-6f)
318.611: (detonate-bomb f6-6f f5-6f)
327.495: (move f6-6f f5-6f)
350.684: (pick-gold f5-6f)
Found a solution of length 32!
   1: (move f4-0f f5-0f)
   2: (move f5-0f f6-0f)
   3: (pickup-laser f6-0f)
   4: (fire-laser f6-0f f6-1f)
   5: (move f6-0f f6-1f)
   6: (fire-laser f6-1f f6-2f)
   7: (move f6-1f f6-2f)
   8: (fire-laser f6-2f f6-3f)
   9: (move f6-2f f6-3f)
  10: (fire-laser f6-3f f6-4f)
  11: (move f6-3f f6-4f)
  12: (fire-laser f6-4f f6-5f)
  13: (move f6-4f f6-5f)
  14: (fire-laser f6-5f f6-6f)
  15: (move f6-5f f6-6f)
  16: (putdown-laser f6-6f)
  17: (move f6-6f f6-5f)
  18: (move f6-5f f6-4f)
  19: (move f6-4f f6-3f)
  20: (move f6-3f f6-2f)
  21: (move f6-2f f6-1f)
  22: (move f6-1f f6-0f)
  23: (pickup-bomb f6-0f)
  24: (move f6-0f f6-1f)
  25: (move f6-1f f6-2f)
  26: (move f6-2f f6-3f)
  27: (move f6-3f f6-4f)
  28: (move f6-4f f6-5f)
  29: (move f6-5f f6-6f)
  30: (detonate-bomb f6-6f f5-6f)
  31: (move f6-6f f5-6f)
  32: (pick-gold f5-6f)
