Torch: 2.12.0+cu130
Using GPU:  NVIDIA L40S
[Bellman] lambda=0 -> baseline (no widening signal)
[W1raw] OPTION7 w1raw_beta=2.0 signal=RAW edge-W1 (parent-best vs child-best, no reward/discount) vs SIBLINGS (boosts exploration toward larger-shift children; prior untouched) [SHUFFLE CONTROL: signal-blind placement]
/u/ibrahim.eisawy/Neural-Guided-Search/venv/lib/python3.10/site-packages/pymimir_rgnn/model.py:162: UserWarning: index_reduce() is in beta and the API may change at any time. (Triggered internally at /pytorch/aten/src/ATen/native/cuda/Indexing.cu:1541.)
  exps_max.index_reduce_(0, output_indices, output_messages, reduce="amax", include_self=False)
  [sim 39] found goal path of length 31
[Final] Expanded: 113, Generated: 113
[Cost] IQN forward calls (Bellman signal): 220
[Widen] nodes widened: 0, mean w: 0.0000
[W1raw] child-edges modulated: 181, mean mult: 1.1424 (1.0 = no change; >1 = boosted toward larger shift)
[search done] simulations=39, unique states generated=113
Found a solution of length 31!
   1: (pickup f3-7f key0-3)
   2: (move f3-7f f3-6f)
   3: (move f3-6f f2-6f)
   4: (move f2-6f f2-5f)
   5: (move f2-5f f2-4f)
   6: (unlock f2-4f f2-3f key0-3 shape0)
   7: (move f2-4f f2-5f)
   8: (move f2-5f f2-6f)
   9: (move f2-6f f3-6f)
  10: (move f3-6f f3-7f)
  11: (move f3-7f f4-7f)
  12: (move f4-7f f4-6f)
  13: (move f4-6f f5-6f)
  14: (move f5-6f f5-7f)
  15: (move f5-7f f6-7f)
  16: (move f6-7f f6-6f)
  17: (move f6-6f f6-5f)
  18: (move f6-5f f6-4f)
  19: (move f6-4f f5-4f)
  20: (move f5-4f f4-4f)
  21: (move f4-4f f4-5f)
  22: (move f4-5f f3-5f)
  23: (move f3-5f f3-4f)
  24: (move f3-4f f3-3f)
  25: (move f3-3f f2-3f)
  26: (move f2-3f f1-3f)
  27: (move f1-3f f1-2f)
  28: (move f1-2f f0-2f)
  29: (move f0-2f f0-1f)
  30: (move f0-1f f0-0f)
  31: (putdown f0-0f key0-3)
