Torch: 2.12.0+cu130
Using GPU:  NVIDIA L40S
[Bellman] lambda=0 -> baseline (no widening signal)
[W1raw] OPTION7 w1raw_beta=4.0 signal=RAW edge-W1 (parent-best vs child-best, no reward/discount) vs SIBLINGS (boosts exploration toward larger-shift children; prior untouched) [SHUFFLE CONTROL: signal-blind placement]
[Value] SELF-CONSISTENT: leaf value = QR-DQN max_a mean Z(s,a) (SAC critics bypassed; prior still SAC policy)
/u/ibrahim.eisawy/Neural-Guided-Search/venv/lib/python3.10/site-packages/pymimir_rgnn/model.py:162: UserWarning: index_reduce() is in beta and the API may change at any time. (Triggered internally at /pytorch/aten/src/ATen/native/cuda/Indexing.cu:1541.)
  exps_max.index_reduce_(0, output_indices, output_messages, reduce="amax", include_self=False)
  [sim 156] found goal path of length 28
[Final] Expanded: 461, Generated: 461
[Cost] IQN forward calls (Bellman signal): 918
[Widen] nodes widened: 0, mean w: 0.0000
[W1raw] child-edges modulated: 762, mean mult: 1.5540 (1.0 = no change; >1 = boosted toward larger shift)
[search done] simulations=156, unique states generated=461
Found a solution of length 28!
   1: (move f8-3f f8-2f)
   2: (move f8-2f f9-2f)
   3: (move f9-2f f9-1f)
   4: (move f9-1f f8-1f)
   5: (move f8-1f f7-1f)
   6: (move f7-1f f7-2f)
   7: (move f7-2f f6-2f)
   8: (move f6-2f f6-3f)
   9: (move f6-3f f7-3f)
  10: (move f7-3f f7-4f)
  11: (move f7-4f f8-4f)
  12: (move f8-4f f9-4f)
  13: (move f9-4f f9-5f)
  14: (move f9-5f f8-5f)
  15: (move f8-5f f7-5f)
  16: (move f7-5f f6-5f)
  17: (move f6-5f f5-5f)
  18: (move f5-5f f4-5f)
  19: (move f4-5f f4-6f)
  20: (move f4-6f f5-6f)
  21: (move f5-6f f5-7f)
  22: (move f5-7f f4-7f)
  23: (move f4-7f f3-7f)
  24: (move f3-7f f3-8f)
  25: (move f3-8f f2-8f)
  26: (move f2-8f f1-8f)
  27: (move f1-8f f1-9f)
  28: (putdown f1-9f key0-3)
