Torch: 2.12.0+cu130
Using GPU:  NVIDIA L40S
[Bellman] lambda=0 -> baseline (no widening signal)
[W1raw] OPTION7 w1raw_beta=4.0 signal=RAW edge-W1 (parent-best vs child-best, no reward/discount) vs SIBLINGS (boosts exploration toward larger-shift children; prior untouched) [SHUFFLE CONTROL: signal-blind placement]
[Value] SELF-CONSISTENT: leaf value = QR-DQN max_a mean Z(s,a) (SAC critics bypassed; prior still SAC policy)
/u/ibrahim.eisawy/Neural-Guided-Search/venv/lib/python3.10/site-packages/pymimir_rgnn/model.py:162: UserWarning: index_reduce() is in beta and the API may change at any time. (Triggered internally at /pytorch/aten/src/ATen/native/cuda/Indexing.cu:1541.)
  exps_max.index_reduce_(0, output_indices, output_messages, reduce="amax", include_self=False)
  [sim 57] found goal path of length 42
[Final] Expanded: 153, Generated: 153
[Cost] IQN forward calls (Bellman signal): 308
[Widen] nodes widened: 0, mean w: 0.0000
[W1raw] child-edges modulated: 251, mean mult: 2.3223 (1.0 = no change; >1 = boosted toward larger shift)
[search done] simulations=57, unique states generated=153
Found a solution of length 42!
   1: (move f1-1f f0-1f)
   2: (pickup f0-1f key1-2)
   3: (unlock f0-1f f0-2f key1-2 shape1)
   4: (move f0-1f f1-1f)
   5: (move f1-1f f2-1f)
   6: (move f2-1f f3-1f)
   7: (move f3-1f f4-1f)
   8: (move f4-1f f4-2f)
   9: (move f4-2f f5-2f)
  10: (move f5-2f f5-1f)
  11: (move f5-1f f6-1f)
  12: (move f6-1f f6-2f)
  13: (move f6-2f f7-2f)
  14: (move f7-2f f7-1f)
  15: (move f7-1f f7-0f)
  16: (move f7-0f f8-0f)
  17: (move f8-0f f8-1f)
  18: (move f8-1f f8-2f)
  19: (move f8-2f f8-3f)
  20: (move f8-3f f7-3f)
  21: (move f7-3f f6-3f)
  22: (unlock f6-3f f6-4f key1-2 shape1)
  23: (move f6-3f f6-2f)
  24: (move f6-2f f7-2f)
  25: (move f7-2f f7-1f)
  26: (move f7-1f f7-0f)
  27: (move f7-0f f8-0f)
  28: (move f8-0f f8-1f)
  29: (move f8-1f f8-2f)
  30: (move f8-2f f8-3f)
  31: (move f8-3f f7-3f)
  32: (move f7-3f f7-4f)
  33: (move f7-4f f6-4f)
  34: (move f6-4f f5-4f)
  35: (move f5-4f f5-5f)
  36: (move f5-5f f5-6f)
  37: (move f5-6f f5-7f)
  38: (move f5-7f f6-7f)
  39: (move f6-7f f6-8f)
  40: (move f6-8f f7-8f)
  41: (move f7-8f f8-8f)
  42: (putdown f8-8f key1-2)
