Torch: 2.12.0+cu130
Using GPU:  NVIDIA L40S
[Bellman] lambda=0 -> baseline (no widening signal)
[W1raw] OPTION7 w1raw_beta=4.0 signal=RAW edge-W1 (parent-best vs child-best, no reward/discount) vs SIBLINGS (boosts exploration toward larger-shift children; prior untouched) [SHUFFLE CONTROL: signal-blind placement]
[Value] SELF-CONSISTENT: leaf value = QR-DQN max_a mean Z(s,a) (SAC critics bypassed; prior still SAC policy)
/u/ibrahim.eisawy/Neural-Guided-Search/venv/lib/python3.10/site-packages/pymimir_rgnn/model.py:162: UserWarning: index_reduce() is in beta and the API may change at any time. (Triggered internally at /pytorch/aten/src/ATen/native/cuda/Indexing.cu:1541.)
  exps_max.index_reduce_(0, output_indices, output_messages, reduce="amax", include_self=False)
  [sim 500] root visits=500, unique states=107, generated=106, iqn_calls=214
  [sim 1000] root visits=1000, unique states=770, generated=769, iqn_calls=1489
  [sim 1200] found goal path of length 124
[Final] Expanded: 898, Generated: 898
[Cost] IQN forward calls (Bellman signal): 1752
[Widen] nodes widened: 0, mean w: 0.0000
[W1raw] child-edges modulated: 1445, mean mult: 1.9266 (1.0 = no change; >1 = boosted toward larger shift)
[search done] simulations=1200, unique states generated=898
Found a solution of length 124!
   1: (move f2-4f f1-4f)
   2: (move f1-4f f1-5f)
   3: (pickup f1-5f key3-3)
   4: (move f1-5f f2-5f)
   5: (move f2-5f f2-4f)
   6: (move f2-4f f2-3f)
   7: (move f2-3f f1-3f)
   8: (move f1-3f f1-4f)
   9: (move f1-4f f0-4f)
  10: (move f0-4f f0-5f)
  11: (putdown f0-5f key3-3)
  12: (move f0-5f f0-4f)
  13: (move f0-4f f1-4f)
  14: (move f1-4f f1-5f)
  15: (move f1-5f f2-5f)
  16: (move f2-5f f2-4f)
  17: (move f2-4f f2-3f)
  18: (move f2-3f f1-3f)
  19: (move f1-3f f1-2f)
  20: (move f1-2f f2-2f)
  21: (move f2-2f f3-2f)
  22: (move f3-2f f4-2f)
  23: (pickup f4-2f key0-1)
  24: (move f4-2f f5-2f)
  25: (move f5-2f f5-3f)
  26: (move f5-3f f5-4f)
  27: (move f5-4f f5-5f)
  28: (move f5-5f f6-5f)
  29: (move f6-5f f7-5f)
  30: (move f7-5f f8-5f)
  31: (move f8-5f f9-5f)
  32: (move f9-5f f9-4f)
  33: (move f9-4f f10-4f)
  34: (move f10-4f f10-5f)
  35: (move f10-5f f10-6f)
  36: (move f10-6f f9-6f)
  37: (move f9-6f f8-6f)
  38: (move f8-6f f7-6f)
  39: (move f7-6f f7-7f)
  40: (move f7-7f f8-7f)
  41: (move f8-7f f9-7f)
  42: (move f9-7f f9-8f)
  43: (move f9-8f f10-8f)
  44: (move f10-8f f10-7f)
  45: (putdown f10-7f key0-1)
  46: (move f10-7f f10-6f)
  47: (move f10-6f f9-6f)
  48: (move f9-6f f9-7f)
  49: (move f9-7f f9-8f)
  50: (move f9-8f f10-8f)
  51: (move f10-8f f10-9f)
  52: (move f10-9f f10-10f)
  53: (pickup f10-10f key3-2)
  54: (unlock f10-10f f9-10f key3-2 shape3)
  55: (move f10-10f f10-9f)
  56: (move f10-9f f10-8f)
  57: (move f10-8f f9-8f)
  58: (move f9-8f f9-7f)
  59: (move f9-7f f8-7f)
  60: (move f8-7f f7-7f)
  61: (move f7-7f f6-7f)
  62: (unlock f6-7f f6-6f key3-2 shape3)
  63: (move f6-7f f5-7f)
  64: (move f5-7f f5-6f)
  65: (move f5-6f f5-5f)
  66: (move f5-5f f6-5f)
  67: (move f6-5f f6-6f)
  68: (move f6-6f f7-6f)
  69: (move f7-6f f7-5f)
  70: (move f7-5f f7-4f)
  71: (move f7-4f f8-4f)
  72: (move f8-4f f8-5f)
  73: (move f8-5f f9-5f)
  74: (move f9-5f f9-6f)
  75: (move f9-6f f8-6f)
  76: (move f8-6f f8-7f)
  77: (move f8-7f f7-7f)
  78: (move f7-7f f7-8f)
  79: (move f7-8f f6-8f)
  80: (move f6-8f f6-9f)
  81: (unlock f6-9f f6-10f key3-2 shape3)
  82: (move f6-9f f6-8f)
  83: (move f6-8f f6-7f)
  84: (move f6-7f f5-7f)
  85: (move f5-7f f4-7f)
  86: (move f4-7f f3-7f)
  87: (move f3-7f f2-7f)
  88: (move f2-7f f2-6f)
  89: (move f2-6f f2-5f)
  90: (move f2-5f f1-5f)
  91: (move f1-5f f0-5f)
  92: (pickup-and-loose f0-5f key3-3 key3-2)
  93: (move f0-5f f0-4f)
  94: (move f0-4f f1-4f)
  95: (move f1-4f f1-3f)
  96: (move f1-3f f2-3f)
  97: (move f2-3f f2-4f)
  98: (move f2-4f f2-5f)
  99: (move f2-5f f3-5f)
 100: (move f3-5f f4-5f)
 101: (move f4-5f f4-6f)
 102: (move f4-6f f4-7f)
 103: (move f4-7f f4-8f)
 104: (move f4-8f f3-8f)
 105: (move f3-8f f3-7f)
 106: (move f3-7f f2-7f)
 107: (move f2-7f f1-7f)
 108: (move f1-7f f1-8f)
 109: (move f1-8f f2-8f)
 110: (move f2-8f f2-9f)
 111: (move f2-9f f1-9f)
 112: (move f1-9f f1-10f)
 113: (move f1-10f f2-10f)
 114: (move f2-10f f3-10f)
 115: (move f3-10f f3-9f)
 116: (move f3-9f f4-9f)
 117: (move f4-9f f4-10f)
 118: (move f4-10f f5-10f)
 119: (move f5-10f f6-10f)
 120: (move f6-10f f7-10f)
 121: (move f7-10f f8-10f)
 122: (move f8-10f f9-10f)
 123: (move f9-10f f10-10f)
 124: (putdown f10-10f key3-3)
