Torch: 2.12.0+cu130
Using CPU.
[Bellman] lambda=0 -> baseline (no widening signal)
[Value] SELF-CONSISTENT: leaf value = QR-DQN max_a mean Z(s,a) (SAC critics bypassed; prior still SAC policy)
[Add] OPTION8 add_beta=0.5 src=binc cap=2.0 (ADDITIVE bonus, NOT gated by P(a); prior untouched)
/u/ibrahim.eisawy/Neural-Guided-Search/venv/lib/python3.10/site-packages/pymimir_rgnn/model.py:162: UserWarning: index_reduce() is in beta and the API may change at any time. (Triggered internally at /pytorch/aten/src/ATen/native/TensorAdvancedIndexing.cpp:1514.)
  exps_max.index_reduce_(0, output_indices, output_messages, reduce="amax", include_self=False)
  [sim 7] found goal path of length 6
[Final] Expanded: 12, Generated: 12
[Cost] IQN forward calls (Bellman signal): 23
[Widen] nodes widened: 0, mean w: 0.0000
[Add] child-edges given an additive bonus: 13, mean (rel-1): 0.4312
[search done] simulations=7, unique states generated=12
Found a solution of length 6!
   1: (move f2-6f f3-6f)
   2: (move f3-6f f4-6f)
   3: (move f4-6f f5-6f)
   4: (detonate-bomb f5-6f f6-6f)
   5: (move f5-6f f6-6f)
   6: (pick-gold f6-6f)
