Torch: 2.12.0+cu130
Using CPU.
[Bellman] lambda=0 -> baseline (no widening signal)
[Value] SELF-CONSISTENT: leaf value = QR-DQN max_a mean Z(s,a) (SAC critics bypassed; prior still SAC policy)
[Add] OPTION8 add_beta=0.5 src=binc cap=2.0 (ADDITIVE bonus, NOT gated by P(a); prior untouched)
/u/ibrahim.eisawy/Neural-Guided-Search/venv/lib/python3.10/site-packages/pymimir_rgnn/model.py:162: UserWarning: index_reduce() is in beta and the API may change at any time. (Triggered internally at /pytorch/aten/src/ATen/native/TensorAdvancedIndexing.cpp:1514.)
  exps_max.index_reduce_(0, output_indices, output_messages, reduce="amax", include_self=False)
  [sim 500] root visits=500, unique states=50, generated=49, iqn_calls=105
  [sim 1000] root visits=1000, unique states=542, generated=541, iqn_calls=1336
  [sim 1500] root visits=1500, unique states=973, generated=972, iqn_calls=2412
  [sim 2000] root visits=2000, unique states=1359, generated=1358, iqn_calls=3318
  [sim 2062] found goal path of length 15
[Final] Expanded: 1414, Generated: 1414
[Cost] IQN forward calls (Bellman signal): 3442
[Widen] nodes widened: 0, mean w: 0.0000
[Add] child-edges given an additive bonus: 22914, mean (rel-1): 0.4309
[search done] simulations=2062, unique states generated=1414
Found a solution of length 15!
   1: (move f6-0f f6-1f)
   2: (move f6-1f f6-2f)
   3: (move f6-2f f6-3f)
   4: (move f6-3f f6-4f)
   5: (move f6-4f f5-4f)
   6: (move f5-4f f4-4f)
   7: (move f4-4f f3-4f)
   8: (move f3-4f f2-4f)
   9: (move f2-4f f2-5f)
  10: (move f2-5f f2-6f)
  11: (move f2-6f f2-7f)
  12: (move f2-7f f2-8f)
  13: (detonate-bomb f2-8f f1-8f)
  14: (move f2-8f f1-8f)
  15: (pick-gold f1-8f)
