Torch: 2.12.0+cu130
Using CPU.
[Bellman] lambda=0 -> baseline (no widening signal)
[Value] SELF-CONSISTENT: leaf value = QR-DQN max_a mean Z(s,a) (SAC critics bypassed; prior still SAC policy)
[Add] OPTION8 add_beta=0.5 src=binc cap=2.0 (ADDITIVE bonus, NOT gated by P(a); prior untouched)
/u/ibrahim.eisawy/Neural-Guided-Search/venv/lib/python3.10/site-packages/pymimir_rgnn/model.py:162: UserWarning: index_reduce() is in beta and the API may change at any time. (Triggered internally at /pytorch/aten/src/ATen/native/TensorAdvancedIndexing.cpp:1514.)
  exps_max.index_reduce_(0, output_indices, output_messages, reduce="amax", include_self=False)
  [sim 109] found goal path of length 22
[Final] Expanded: 62, Generated: 62
[Cost] IQN forward calls (Bellman signal): 158
[Widen] nodes widened: 0, mean w: 0.0000
[Add] child-edges given an additive bonus: 862, mean (rel-1): 0.2072
[search done] simulations=109, unique states generated=62
Found a solution of length 22!
   1: (move f2-2f f3-2f)
   2: (move f3-2f f3-3f)
   3: (move f3-3f f2-3f)
   4: (move f2-3f f1-3f)
   5: (move f1-3f f0-3f)
   6: (move f0-3f f0-4f)
   7: (move f0-4f f0-5f)
   8: (move f0-5f f1-5f)
   9: (move f1-5f f2-5f)
  10: (move f2-5f f3-5f)
  11: (move f3-5f f4-5f)
  12: (move f4-5f f5-5f)
  13: (move f5-5f f6-5f)
  14: (move f6-5f f7-5f)
  15: (move f7-5f f8-5f)
  16: (move f8-5f f9-5f)
  17: (move f9-5f f9-6f)
  18: (move f9-6f f9-7f)
  19: (move f9-7f f9-8f)
  20: (detonate-bomb f9-8f f9-9f)
  21: (move f9-8f f9-9f)
  22: (pick-gold f9-9f)
