/u/ibrahim.eisawy/Neural-Guided-Search/venv/lib/python3.10/site-packages/pymimir_rgnn/model.py:151: UserWarning: index_reduce() is in beta and the API may change at any time. (Triggered internally at /pytorch/aten/src/ATen/native/cuda/Indexing.cu:1541.)
  max_msg.index_reduce_(0, output_indices, output_messages, reduce='amax', include_self=True)
Torch: 2.12.0+cu130
Loading model... (models/logistics_supervised.pth)
Using GPU:  NVIDIA L40S
[f=50.449] Expanded: 0, Generated: 0
[Final] Expanded: 47, Generated: 2589
Found a solution of length 29!
   1: (load-airplane p13 a1 l0-0)
   2: (load-airplane p3 a0 l1-0)
   3: (load-airplane p0 a1 l0-0)
   4: (load-airplane p2 a2 l0-0)
   5: (load-airplane p10 a1 l0-0)
   6: (load-airplane p21 a1 l0-0)
   7: (load-airplane p16 a1 l0-0)
   8: (load-airplane p1 a0 l1-0)
   9: (load-airplane p5 a0 l1-0)
  10: (load-airplane p11 a0 l1-0)
  11: (load-airplane p12 a0 l1-0)
  12: (load-airplane p7 a1 l0-0)
  13: (fly-airplane a1 l0-0 l1-0)
  14: (unload-airplane p7 a1 l1-0)
  15: (unload-airplane p0 a1 l1-0)
  16: (unload-airplane p13 a1 l1-0)
  17: (unload-airplane p10 a1 l1-0)
  18: (unload-airplane p21 a1 l1-0)
  19: (fly-airplane a0 l1-0 l0-0)
  20: (unload-airplane p5 a0 l0-0)
  21: (unload-airplane p11 a0 l0-0)
  22: (unload-airplane p1 a0 l0-0)
  23: (unload-airplane p3 a0 l0-0)
  24: (unload-airplane p12 a0 l0-0)
  25: (fly-airplane a2 l0-0 l1-0)
  26: (load-truck p4 t0 l0-0)
  27: (unload-airplane p2 a2 l1-0)
  28: (unload-airplane p16 a1 l1-0)
  29: (unload-truck p4 t0 l0-0)
