Torch: 2.12.0+cu130
Using GPU:  NVIDIA L40S
[Bellman] lambda=0 -> baseline (no IQN signal)
/u/ibrahim.eisawy/Neural-Guided-Search/venv/lib/python3.10/site-packages/pymimir_rgnn/model.py:162: UserWarning: index_reduce() is in beta and the API may change at any time. (Triggered internally at /pytorch/aten/src/ATen/native/cuda/Indexing.cu:1541.)
  exps_max.index_reduce_(0, output_indices, output_messages, reduce="amax", include_self=False)
  [sim 500] root visits=500, unique states=14180, generated=14179, iqn_calls=0
  [sim 868] found goal path of length 85
[Final] Expanded: 24351, Generated: 24351
[Cost] IQN forward calls (Bellman signal): 0
[search done] simulations=868, unique states generated=24351
Found a solution of length 85!
   1: (calibrate rover0 camera1 objective9 waypoint49)
   2: (calibrate rover0 camera12 objective5 waypoint49)
   3: (calibrate rover0 camera4 objective9 waypoint49)
   4: (calibrate rover0 camera8 objective0 waypoint49)
   5: (calibrate rover0 camera11 objective8 waypoint49)
   6: (calibrate rover0 camera0 objective8 waypoint49)
   7: (take_image rover0 waypoint49 objective8 camera1 high_res)
   8: (navigate rover0 waypoint49 waypoint8)
   9: (navigate rover0 waypoint8 waypoint40)
  10: (navigate rover0 waypoint40 waypoint27)
  11: (calibrate rover0 camera6 objective10 waypoint27)
  12: (navigate rover0 waypoint27 waypoint40)
  13: (navigate rover0 waypoint40 waypoint8)
  14: (navigate rover0 waypoint8 waypoint26)
  15: (communicate_image_data rover0 general objective8 high_res waypoint26 waypoint16)
  16: (take_image rover0 waypoint26 objective10 camera6 colour)
  17: (communicate_image_data rover0 general objective10 colour waypoint26 waypoint16)
  18: (sample_rock rover0 rover0store waypoint26)
  19: (navigate rover0 waypoint26 waypoint46)
  20: (drop rover0 rover0store)
  21: (sample_soil rover0 rover0store waypoint46)
  22: (navigate rover0 waypoint46 waypoint26)
  23: (communicate_soil_data rover0 general waypoint46 waypoint26 waypoint16)
  24: (navigate rover0 waypoint26 waypoint16)
  25: (drop rover0 rover0store)
  26: (sample_rock rover0 rover0store waypoint16)
  27: (navigate rover0 waypoint16 waypoint26)
  28: (navigate rover0 waypoint26 waypoint8)
  29: (navigate rover0 waypoint8 waypoint40)
  30: (drop rover0 rover0store)
  31: (sample_rock rover0 rover0store waypoint40)
  32: (navigate rover0 waypoint40 waypoint8)
  33: (navigate rover0 waypoint8 waypoint31)
  34: (drop rover0 rover0store)
  35: (sample_soil rover0 rover0store waypoint31)
  36: (navigate rover0 waypoint31 waypoint8)
  37: (navigate rover0 waypoint8 waypoint40)
  38: (navigate rover0 waypoint40 waypoint27)
  39: (drop rover0 rover0store)
  40: (navigate rover0 waypoint27 waypoint40)
  41: (navigate rover0 waypoint40 waypoint8)
  42: (navigate rover0 waypoint8 waypoint31)
  43: (sample_rock rover0 rover0store waypoint31)
  44: (navigate rover0 waypoint31 waypoint8)
  45: (navigate rover0 waypoint8 waypoint40)
  46: (navigate rover0 waypoint40 waypoint27)
  47: (drop rover0 rover0store)
  48: (navigate rover0 waypoint27 waypoint40)
  49: (navigate rover0 waypoint40 waypoint8)
  50: (navigate rover0 waypoint8 waypoint26)
  51: (communicate_rock_data rover0 general waypoint16 waypoint26 waypoint16)
  52: (communicate_rock_data rover0 general waypoint31 waypoint26 waypoint16)
  53: (communicate_rock_data rover0 general waypoint26 waypoint26 waypoint16)
  54: (communicate_rock_data rover0 general waypoint40 waypoint26 waypoint16)
  55: (navigate rover0 waypoint26 waypoint8)
  56: (navigate rover0 waypoint8 waypoint49)
  57: (navigate rover0 waypoint49 waypoint22)
  58: (navigate rover0 waypoint22 waypoint3)
  59: (sample_soil rover0 rover0store waypoint3)
  60: (navigate rover0 waypoint3 waypoint22)
  61: (navigate rover0 waypoint22 waypoint23)
  62: (communicate_soil_data rover0 general waypoint3 waypoint23 waypoint16)
  63: (drop rover0 rover0store)
  64: (sample_soil rover0 rover0store waypoint23)
  65: (communicate_soil_data rover0 general waypoint23 waypoint23 waypoint16)
  66: (navigate rover0 waypoint23 waypoint22)
  67: (navigate rover0 waypoint22 waypoint49)
  68: (navigate rover0 waypoint49 waypoint24)
  69: (navigate rover0 waypoint24 waypoint11)
  70: (drop rover0 rover0store)
  71: (sample_soil rover0 rover0store waypoint11)
  72: (drop rover0 rover0store)
  73: (sample_rock rover0 rover0store waypoint11)
  74: (navigate rover0 waypoint11 waypoint24)
  75: (navigate rover0 waypoint24 waypoint49)
  76: (navigate rover0 waypoint49 waypoint9)
  77: (navigate rover0 waypoint9 waypoint15)
  78: (drop rover0 rover0store)
  79: (sample_soil rover0 rover0store waypoint15)
  80: (drop rover0 rover0store)
  81: (sample_rock rover0 rover0store waypoint15)
  82: (drop rover0 rover0store)
  83: (navigate rover0 waypoint15 waypoint38)
  84: (communicate_soil_data rover0 general waypoint15 waypoint38 waypoint16)
  85: (communicate_rock_data rover0 general waypoint11 waypoint38 waypoint16)
