Torch: 2.12.0+cu130
Using GPU:  NVIDIA L40S
[Bellman] lambda=0 -> baseline (no IQN signal)
/u/ibrahim.eisawy/Neural-Guided-Search/venv/lib/python3.10/site-packages/pymimir_rgnn/model.py:162: UserWarning: index_reduce() is in beta and the API may change at any time. (Triggered internally at /pytorch/aten/src/ATen/native/cuda/Indexing.cu:1541.)
  exps_max.index_reduce_(0, output_indices, output_messages, reduce="amax", include_self=False)
  [sim 500] root visits=500, unique states=11772, generated=11771, iqn_calls=0
  [sim 1000] root visits=1000, unique states=19741, generated=19740, iqn_calls=0
  [sim 1500] root visits=1500, unique states=27716, generated=27715, iqn_calls=0
  [sim 2000] root visits=2000, unique states=35793, generated=35792, iqn_calls=0
  [sim 2500] root visits=2500, unique states=43433, generated=43432, iqn_calls=0
  [sim 3000] root visits=3000, unique states=51112, generated=51111, iqn_calls=0
  [sim 3500] root visits=3500, unique states=58776, generated=58775, iqn_calls=0
  [sim 4000] root visits=4000, unique states=68766, generated=68765, iqn_calls=0
  [sim 4500] root visits=4500, unique states=77751, generated=77750, iqn_calls=0
  [sim 5000] root visits=5000, unique states=86533, generated=86532, iqn_calls=0
  [sim 5500] root visits=5500, unique states=95154, generated=95153, iqn_calls=0
  [sim 6000] root visits=6000, unique states=103591, generated=103590, iqn_calls=0
  [sim 6500] root visits=6500, unique states=111728, generated=111727, iqn_calls=0
  [sim 7000] root visits=7000, unique states=120162, generated=120161, iqn_calls=0
  [sim 7500] root visits=7500, unique states=129653, generated=129652, iqn_calls=0
  [sim 8000] root visits=8000, unique states=140649, generated=140648, iqn_calls=0
  [sim 8500] root visits=8500, unique states=150289, generated=150288, iqn_calls=0
  [sim 9000] root visits=9000, unique states=157493, generated=157492, iqn_calls=0
  [sim 9500] root visits=9500, unique states=165434, generated=165433, iqn_calls=0
  [sim 10000] root visits=10000, unique states=174440, generated=174439, iqn_calls=0
  [sim 10500] root visits=10500, unique states=183182, generated=183181, iqn_calls=0
  [sim 11000] root visits=11000, unique states=191782, generated=191781, iqn_calls=0
  [sim 11500] root visits=11500, unique states=200630, generated=200629, iqn_calls=0
  [sim 12000] root visits=12000, unique states=212545, generated=212544, iqn_calls=0
  [sim 12500] root visits=12500, unique states=220782, generated=220781, iqn_calls=0
[Final] Expanded: 229046, Generated: 229046
[Cost] IQN forward calls (Bellman signal): 0
[search done] simulations=12840, unique states generated=229046
Failed to find a solution!
