Torch: 2.12.0+cu130
Using GPU:  NVIDIA L40S
[config] ramp boost: w1_beta=0.25 w1_n0=512 w1_lambda=0.0 topk=1 uniform=False c_puct=1.5
/u/ibrahim.eisawy/Neural-Guided-Search/venv/lib/python3.10/site-packages/pymimir_rgnn/model.py:162: UserWarning: index_reduce() is in beta and the API may change at any time. (Triggered internally at /pytorch/aten/src/ATen/native/cuda/Indexing.cu:1541.)
  exps_max.index_reduce_(0, output_indices, output_messages, reduce="amax", include_self=False)
  [sim 500] root visits=500, unique states=5129, generated=5128
  [sim 1000] root visits=1000, unique states=8881, generated=8880
  [sim 1500] root visits=1500, unique states=12536, generated=12535
  [sim 2000] root visits=2000, unique states=15808, generated=15807
  [sim 2500] root visits=2500, unique states=18803, generated=18802
  [sim 3000] root visits=3000, unique states=22022, generated=22021
  [sim 3500] root visits=3500, unique states=25447, generated=25446
  [sim 4000] root visits=4000, unique states=29480, generated=29479
  [sim 4500] root visits=4500, unique states=33226, generated=33225
  [sim 5000] root visits=5000, unique states=37258, generated=37257
  [sim 5500] root visits=5500, unique states=40990, generated=40989
  [sim 6000] root visits=6000, unique states=44824, generated=44823
  [sim 6500] root visits=6500, unique states=48519, generated=48518
  [sim 7000] root visits=7000, unique states=52147, generated=52146
  [sim 7500] root visits=7500, unique states=55665, generated=55664
  [sim 8000] root visits=8000, unique states=59128, generated=59127
  [sim 8500] root visits=8500, unique states=62469, generated=62468
  [sim 9000] root visits=9000, unique states=65904, generated=65903
  [sim 9500] root visits=9500, unique states=69357, generated=69356
  [sim 10000] root visits=10000, unique states=72796, generated=72795
  [sim 10500] root visits=10500, unique states=76230, generated=76229
  [sim 11000] root visits=11000, unique states=79658, generated=79657
  [sim 11500] root visits=11500, unique states=83007, generated=83006
[Final] Expanded: 83673, Generated: 83673
[search done] simulations=11600, unique states generated=83673
Failed to find a solution!
