Torch: 2.12.0+cu130
Using GPU:  NVIDIA L40S
[oracle] IQN uncertainty oracle loaded: models/goldminer_iqn.pth (width_beta=0.0, width_gamma=0.0, width_tau=0.0, width_lambda=0.0)
/u/ibrahim.eisawy/Neural-Guided-Search/venv/lib/python3.10/site-packages/pymimir_rgnn/model.py:162: UserWarning: index_reduce() is in beta and the API may change at any time. (Triggered internally at /pytorch/aten/src/ATen/native/cuda/Indexing.cu:1541.)
  exps_max.index_reduce_(0, output_indices, output_messages, reduce="amax", include_self=False)
  [sim 500] root visits=500, unique states=1247, generated=1246
  [sim 1000] root visits=1000, unique states=2369, generated=2368
  [sim 1500] root visits=1500, unique states=3309, generated=3308
  [sim 2000] root visits=2000, unique states=4690, generated=4689
  [sim 2500] root visits=2500, unique states=5925, generated=5924
  [sim 3000] root visits=3000, unique states=7218, generated=7217
  [sim 3500] root visits=3500, unique states=8432, generated=8431
  [sim 4000] root visits=4000, unique states=9864, generated=9863
  [sim 4500] root visits=4500, unique states=11328, generated=11327
  [sim 5000] root visits=5000, unique states=12667, generated=12666
  [sim 5500] root visits=5500, unique states=13996, generated=13995
  [sim 6000] root visits=6000, unique states=15236, generated=15235
  [sim 6500] root visits=6500, unique states=16559, generated=16558
  [sim 7000] root visits=7000, unique states=17753, generated=17752
  [sim 7500] root visits=7500, unique states=19091, generated=19090
  [sim 8000] root visits=8000, unique states=20243, generated=20242
  [sim 8500] root visits=8500, unique states=21515, generated=21514
  [sim 9000] root visits=9000, unique states=22612, generated=22611
  [sim 9500] root visits=9500, unique states=23675, generated=23674
  [sim 10000] root visits=10000, unique states=24797, generated=24796
  [sim 10500] root visits=10500, unique states=25816, generated=25815
  [sim 11000] root visits=11000, unique states=26822, generated=26821
  [sim 11500] root visits=11500, unique states=28024, generated=28023
  [sim 12000] root visits=12000, unique states=29163, generated=29162
  [sim 12500] root visits=12500, unique states=30300, generated=30299
  [sim 13000] root visits=13000, unique states=31341, generated=31340
  [sim 13500] root visits=13500, unique states=32417, generated=32416
  [sim 14000] root visits=14000, unique states=33427, generated=33426
  [sim 14500] root visits=14500, unique states=34519, generated=34518
  [sim 15000] root visits=15000, unique states=35581, generated=35580
  [sim 15500] root visits=15500, unique states=36577, generated=36576
  [sim 16000] root visits=16000, unique states=37563, generated=37562
  [sim 16361] found goal path of length 72
[Final] Expanded: 38329, Generated: 38329
[search done] simulations=16361, unique states generated=38329
Found a solution of length 72!
   1: (move f6-0f f5-0f)
   2: (move f5-0f f4-0f)
   3: (move f4-0f f3-0f)
   4: (move f3-0f f2-0f)
   5: (move f2-0f f1-0f)
   6: (move f1-0f f0-0f)
   7: (pickup-laser f0-0f)
   8: (move f0-0f f1-0f)
   9: (move f1-0f f2-0f)
  10: (move f2-0f f3-0f)
  11: (move f3-0f f4-0f)
  12: (fire-laser f4-0f f4-1f)
  13: (move f4-0f f5-0f)
  14: (fire-laser f5-0f f5-1f)
  15: (move f5-0f f4-0f)
  16: (move f4-0f f4-1f)
  17: (fire-laser f4-1f f3-1f)
  18: (move f4-1f f5-1f)
  19: (fire-laser f5-1f f6-1f)
  20: (fire-laser f5-1f f5-2f)
  21: (move f5-1f f5-2f)
  22: (fire-laser f5-2f f4-2f)
  23: (fire-laser f5-2f f6-2f)
  24: (fire-laser f5-2f f5-3f)
  25: (move f5-2f f5-3f)
  26: (fire-laser f5-3f f6-3f)
  27: (move f5-3f f6-3f)
  28: (fire-laser f6-3f f6-4f)
  29: (move f6-3f f6-4f)
  30: (fire-laser f6-4f f6-5f)
  31: (move f6-4f f6-5f)
  32: (fire-laser f6-5f f6-6f)
  33: (move f6-5f f6-6f)
  34: (fire-laser f6-6f f6-7f)
  35: (move f6-6f f6-7f)
  36: (fire-laser f6-7f f6-8f)
  37: (move f6-7f f6-8f)
  38: (putdown-laser f6-8f)
  39: (move f6-8f f6-7f)
  40: (move f6-7f f6-6f)
  41: (move f6-6f f6-5f)
  42: (move f6-5f f6-4f)
  43: (move f6-4f f6-3f)
  44: (move f6-3f f5-3f)
  45: (move f5-3f f5-2f)
  46: (move f5-2f f6-2f)
  47: (move f6-2f f6-1f)
  48: (move f6-1f f5-1f)
  49: (move f5-1f f4-1f)
  50: (move f4-1f f4-0f)
  51: (move f4-0f f3-0f)
  52: (move f3-0f f2-0f)
  53: (move f2-0f f1-0f)
  54: (move f1-0f f0-0f)
  55: (pickup-bomb f0-0f)
  56: (move f0-0f f1-0f)
  57: (move f1-0f f2-0f)
  58: (move f2-0f f3-0f)
  59: (move f3-0f f4-0f)
  60: (move f4-0f f5-0f)
  61: (move f5-0f f6-0f)
  62: (move f6-0f f6-1f)
  63: (move f6-1f f6-2f)
  64: (move f6-2f f6-3f)
  65: (move f6-3f f6-4f)
  66: (move f6-4f f6-5f)
  67: (move f6-5f f6-6f)
  68: (move f6-6f f6-7f)
  69: (move f6-7f f6-8f)
  70: (detonate-bomb f6-8f f7-8f)
  71: (move f6-8f f7-8f)
  72: (pick-gold f7-8f)
