Torch: 2.12.0+cu130
Using CPU.
[Bellman] lambda=0 -> baseline (no widening signal)
[Value] SELF-CONSISTENT: leaf value = QR-DQN max_a mean Z(s,a) (SAC critics bypassed; prior still SAC policy)
[Add] OPTION8 add_beta=0.25 src=binc cap=2.0 (ADDITIVE bonus, NOT gated by P(a); prior untouched) [SHUFFLE CONTROL: signal-blind placement]
/u/ibrahim.eisawy/Neural-Guided-Search/venv/lib/python3.10/site-packages/pymimir_rgnn/model.py:162: UserWarning: index_reduce() is in beta and the API may change at any time. (Triggered internally at /pytorch/aten/src/ATen/native/TensorAdvancedIndexing.cpp:1514.)
  exps_max.index_reduce_(0, output_indices, output_messages, reduce="amax", include_self=False)
  [sim 500] root visits=500, unique states=1323, generated=1322, iqn_calls=3007
  [sim 1000] root visits=1000, unique states=2601, generated=2600, iqn_calls=6012
  [sim 1500] root visits=1500, unique states=3583, generated=3582, iqn_calls=8415
  [sim 1592] found goal path of length 36
[Final] Expanded: 3728, Generated: 3728
[Cost] IQN forward calls (Bellman signal): 8792
[Widen] nodes widened: 0, mean w: 0.0000
[Add] child-edges given an additive bonus: 40932, mean (rel-1): 0.6331
[search done] simulations=1592, unique states generated=3728
Found a solution of length 36!
   1: (move f5-0f f4-0f)
   2: (move f4-0f f3-0f)
   3: (move f3-0f f2-0f)
   4: (move f2-0f f1-0f)
   5: (move f1-0f f0-0f)
   6: (detonate-bomb f0-0f f0-1f)
   7: (move f0-0f f1-0f)
   8: (move f1-0f f2-0f)
   9: (move f2-0f f3-0f)
  10: (move f3-0f f4-0f)
  11: (pickup-laser f4-0f)
  12: (fire-laser f4-0f f4-1f)
  13: (move f4-0f f4-1f)
  14: (putdown-laser f4-1f)
  15: (move f4-1f f4-0f)
  16: (pickup-bomb f4-0f)
  17: (move f4-0f f4-1f)
  18: (move f4-1f f5-1f)
  19: (move f5-1f f5-0f)
  20: (move f5-0f f6-0f)
  21: (move f6-0f f7-0f)
  22: (move f7-0f f8-0f)
  23: (move f8-0f f8-1f)
  24: (move f8-1f f8-2f)
  25: (move f8-2f f8-3f)
  26: (move f8-3f f8-4f)
  27: (move f8-4f f8-5f)
  28: (move f8-5f f9-5f)
  29: (move f9-5f f9-6f)
  30: (move f9-6f f9-7f)
  31: (move f9-7f f8-7f)
  32: (move f8-7f f7-7f)
  33: (move f7-7f f7-8f)
  34: (detonate-bomb f7-8f f7-9f)
  35: (move f7-8f f7-9f)
  36: (pick-gold f7-9f)
