Torch: 2.12.0+cu130
Using GPU:  NVIDIA L40S
[Bellman] lambda=0 -> baseline (no widening signal)
[Sib] OPTION5 sib_beta=1.0 signal=QR-DQN raw width vs SIBLINGS (boosts exploration toward wider/uncertain children; prior untouched)
[Value] SELF-CONSISTENT: leaf value = QR-DQN max_a mean Z(s,a) (SAC critics bypassed; prior still SAC policy)
/u/ibrahim.eisawy/Neural-Guided-Search/venv/lib/python3.10/site-packages/pymimir_rgnn/model.py:162: UserWarning: index_reduce() is in beta and the API may change at any time. (Triggered internally at /pytorch/aten/src/ATen/native/cuda/Indexing.cu:1541.)
  exps_max.index_reduce_(0, output_indices, output_messages, reduce="amax", include_self=False)
  [sim 500] root visits=500, unique states=18, generated=17, iqn_calls=10
  [sim 1000] root visits=1000, unique states=18, generated=17, iqn_calls=10
  [sim 1500] root visits=1500, unique states=18, generated=17, iqn_calls=10
  [sim 2000] root visits=2000, unique states=18, generated=17, iqn_calls=10
  [sim 2500] root visits=2500, unique states=18, generated=17, iqn_calls=10
  [sim 3000] root visits=3000, unique states=18, generated=17, iqn_calls=10
  [sim 3500] root visits=3500, unique states=18, generated=17, iqn_calls=10
  [sim 4000] root visits=4000, unique states=18, generated=17, iqn_calls=10
  [sim 4500] root visits=4500, unique states=18, generated=17, iqn_calls=10
  [sim 5000] root visits=5000, unique states=18, generated=17, iqn_calls=10
  [sim 5500] root visits=5500, unique states=18, generated=17, iqn_calls=10
  [sim 6000] root visits=6000, unique states=18, generated=17, iqn_calls=10
  [sim 6500] root visits=6500, unique states=18, generated=17, iqn_calls=10
  [sim 7000] root visits=7000, unique states=18, generated=17, iqn_calls=10
  [sim 7500] root visits=7500, unique states=18, generated=17, iqn_calls=10
  [sim 8000] root visits=8000, unique states=18, generated=17, iqn_calls=10
  [sim 8500] root visits=8500, unique states=126, generated=125, iqn_calls=44
  [sim 9000] root visits=9000, unique states=1076, generated=1075, iqn_calls=376
  [sim 9500] root visits=9500, unique states=1627, generated=1626, iqn_calls=589
  [sim 10000] root visits=10000, unique states=2029, generated=2028, iqn_calls=743
  [sim 10500] root visits=10500, unique states=2395, generated=2394, iqn_calls=886
  [sim 11000] root visits=11000, unique states=2793, generated=2792, iqn_calls=1045
  [sim 11500] root visits=11500, unique states=3155, generated=3154, iqn_calls=1159
  [sim 11548] found goal path of length 43
[Final] Expanded: 3201, Generated: 3201
[Cost] IQN forward calls (Bellman signal): 1174
[Widen] nodes widened: 0, mean w: 0.0000
[Sib] child-edges modulated: 6440, mean mult: 1.0000 (1.0 = no change; >1 = boosted toward wide)
[search done] simulations=11548, unique states generated=3201
Found a solution of length 43!
   1: (move f3-3f f3-2f)
   2: (move f3-2f f3-1f)
   3: (move f3-1f f3-0f)
   4: (pickup-laser f3-0f)
   5: (move f3-0f f2-0f)
   6: (fire-laser f2-0f f2-1f)
   7: (move f2-0f f2-1f)
   8: (fire-laser f2-1f f1-1f)
   9: (move f2-1f f3-1f)
  10: (fire-laser f3-1f f4-1f)
  11: (move f3-1f f3-0f)
  12: (move f3-0f f2-0f)
  13: (move f2-0f f2-1f)
  14: (move f2-1f f2-2f)
  15: (move f2-2f f1-2f)
  16: (move f1-2f f1-3f)
  17: (move f1-3f f0-3f)
  18: (move f0-3f f0-2f)
  19: (move f0-2f f0-1f)
  20: (move f0-1f f1-1f)
  21: (move f1-1f f1-0f)
  22: (move f1-0f f0-0f)
  23: (putdown-laser f0-0f)
  24: (move f0-0f f1-0f)
  25: (move f1-0f f2-0f)
  26: (move f2-0f f2-1f)
  27: (move f2-1f f3-1f)
  28: (move f3-1f f3-0f)
  29: (pickup-bomb f3-0f)
  30: (move f3-0f f3-1f)
  31: (move f3-1f f3-2f)
  32: (move f3-2f f3-3f)
  33: (move f3-3f f4-3f)
  34: (move f4-3f f5-3f)
  35: (move f5-3f f5-4f)
  36: (move f5-4f f5-5f)
  37: (move f5-5f f5-6f)
  38: (move f5-6f f5-7f)
  39: (move f5-7f f6-7f)
  40: (move f6-7f f6-8f)
  41: (detonate-bomb f6-8f f6-9f)
  42: (move f6-8f f6-9f)
  43: (pick-gold f6-9f)
