Torch: 2.12.0+cu130
Using GPU:  NVIDIA L40S
[oracle] IQN loaded: models/grid_iqn.pth (metric=w1, mix_alpha=0.0)
/u/ibrahim.eisawy/Neural-Guided-Search/venv/lib/python3.10/site-packages/pymimir_rgnn/model.py:162: UserWarning: index_reduce() is in beta and the API may change at any time. (Triggered internally at /pytorch/aten/src/ATen/native/cuda/Indexing.cu:1541.)
  exps_max.index_reduce_(0, output_indices, output_messages, reduce="amax", include_self=False)
  [sim 500] root visits=500, unique states=1463, generated=1462
  [sim 1000] root visits=1000, unique states=2890, generated=2889
  [sim 1500] root visits=1500, unique states=4346, generated=4345
  [sim 2000] root visits=2000, unique states=5741, generated=5740
  [sim 2500] root visits=2500, unique states=7136, generated=7135
  [sim 3000] root visits=3000, unique states=8606, generated=8605
  [sim 3500] root visits=3500, unique states=10052, generated=10051
  [sim 4000] root visits=4000, unique states=11485, generated=11484
  [sim 4500] root visits=4500, unique states=12953, generated=12952
  [sim 5000] root visits=5000, unique states=14413, generated=14412
  [sim 5500] root visits=5500, unique states=15946, generated=15945
  [sim 6000] root visits=6000, unique states=17370, generated=17369
  [sim 6500] root visits=6500, unique states=18759, generated=18758
  [sim 7000] root visits=7000, unique states=20194, generated=20193
  [sim 7500] root visits=7500, unique states=21710, generated=21709
  [sim 8000] root visits=8000, unique states=23179, generated=23178
  [sim 8500] root visits=8500, unique states=24618, generated=24617
  [sim 9000] root visits=9000, unique states=26078, generated=26077
  [sim 9500] root visits=9500, unique states=27511, generated=27510
  [sim 10000] root visits=10000, unique states=28943, generated=28942
  [sim 10500] root visits=10500, unique states=30382, generated=30381
  [sim 11000] root visits=11000, unique states=31853, generated=31852
  [sim 11500] root visits=11500, unique states=33269, generated=33268
  [sim 12000] root visits=12000, unique states=34762, generated=34761
  [sim 12500] root visits=12500, unique states=36294, generated=36293
  [sim 13000] root visits=13000, unique states=37731, generated=37730
  [sim 13500] root visits=13500, unique states=39138, generated=39137
  [sim 13938] found goal path of length 391
[Final] Expanded: 40369, Generated: 40369
[search done] simulations=13938, unique states generated=40369
Found a solution of length 391!
   1: (move f11-11f f10-11f)
   2: (pickup f10-11f key4-1)
   3: (move f10-11f f9-11f)
   4: (pickup-and-loose f9-11f key1-5 key4-1)
   5: (move f9-11f f9-10f)
   6: (move f9-10f f9-9f)
   7: (unlock f9-9f f9-8f key1-5 shape1)
   8: (move f9-9f f8-9f)
   9: (unlock f8-9f f7-9f key1-5 shape1)
  10: (move f8-9f f9-9f)
  11: (move f9-9f f9-8f)
  12: (move f9-8f f8-8f)
  13: (move f8-8f f8-7f)
  14: (move f8-7f f8-6f)
  15: (move f8-6f f8-5f)
  16: (move f8-5f f9-5f)
  17: (move f9-5f f9-4f)
  18: (move f9-4f f10-4f)
  19: (move f10-4f f10-3f)
  20: (move f10-3f f9-3f)
  21: (move f9-3f f9-2f)
  22: (move f9-2f f10-2f)
  23: (unlock f10-2f f10-1f key1-5 shape1)
  24: (move f10-2f f10-3f)
  25: (move f10-3f f10-4f)
  26: (move f10-4f f9-4f)
  27: (move f9-4f f9-3f)
  28: (move f9-3f f9-2f)
  29: (move f9-2f f9-1f)
  30: (move f9-1f f9-0f)
  31: (move f9-0f f10-0f)
  32: (move f10-0f f10-1f)
  33: (move f10-1f f11-1f)
  34: (move f11-1f f11-2f)
  35: (move f11-2f f11-3f)
  36: (move f11-3f f11-4f)
  37: (move f11-4f f11-5f)
  38: (move f11-5f f10-5f)
  39: (move f10-5f f9-5f)
  40: (move f9-5f f8-5f)
  41: (move f8-5f f8-6f)
  42: (move f8-6f f8-7f)
  43: (move f8-7f f8-8f)
  44: (move f8-8f f8-9f)
  45: (move f8-9f f9-9f)
  46: (move f9-9f f9-8f)
  47: (move f9-8f f9-7f)
  48: (unlock f9-7f f10-7f key1-5 shape1)
  49: (move f9-7f f9-8f)
  50: (move f9-8f f9-9f)
  51: (move f9-9f f8-9f)
  52: (move f8-9f f8-8f)
  53: (move f8-8f f8-7f)
  54: (move f8-7f f8-6f)
  55: (move f8-6f f8-5f)
  56: (move f8-5f f9-5f)
  57: (move f9-5f f9-4f)
  58: (move f9-4f f9-3f)
  59: (move f9-3f f10-3f)
  60: (move f10-3f f10-4f)
  61: (move f10-4f f10-5f)
  62: (move f10-5f f11-5f)
  63: (move f11-5f f11-4f)
  64: (move f11-4f f11-3f)
  65: (move f11-3f f11-2f)
  66: (move f11-2f f10-2f)
  67: (move f10-2f f9-2f)
  68: (move f9-2f f9-1f)
  69: (move f9-1f f9-0f)
  70: (move f9-0f f10-0f)
  71: (move f10-0f f10-1f)
  72: (move f10-1f f11-1f)
  73: (move f11-1f f11-0f)
  74: (putdown f11-0f key1-5)
  75: (move f11-0f f10-0f)
  76: (move f10-0f f9-0f)
  77: (pickup f9-0f key4-4)
  78: (move f9-0f f10-0f)
  79: (move f10-0f f11-0f)
  80: (move f11-0f f11-1f)
  81: (move f11-1f f11-2f)
  82: (move f11-2f f10-2f)
  83: (move f10-2f f10-3f)
  84: (move f10-3f f9-3f)
  85: (move f9-3f f9-4f)
  86: (move f9-4f f10-4f)
  87: (move f10-4f f10-5f)
  88: (move f10-5f f9-5f)
  89: (unlock f9-5f f9-6f key4-4 shape4)
  90: (move f9-5f f9-4f)
  91: (move f9-4f f9-3f)
  92: (move f9-3f f10-3f)
  93: (move f10-3f f10-4f)
  94: (move f10-4f f10-5f)
  95: (move f10-5f f11-5f)
  96: (move f11-5f f11-4f)
  97: (move f11-4f f11-3f)
  98: (move f11-3f f11-2f)
  99: (move f11-2f f11-1f)
 100: (move f11-1f f11-0f)
 101: (move f11-0f f10-0f)
 102: (move f10-0f f9-0f)
 103: (move f9-0f f8-0f)
 104: (move f8-0f f7-0f)
 105: (move f7-0f f6-0f)
 106: (unlock f6-0f f6-1f key4-4 shape4)
 107: (move f6-0f f6-1f)
 108: (move f6-1f f5-1f)
 109: (move f5-1f f4-1f)
 110: (move f4-1f f3-1f)
 111: (move f3-1f f2-1f)
 112: (move f2-1f f2-2f)
 113: (move f2-2f f2-3f)
 114: (move f2-3f f2-4f)
 115: (move f2-4f f1-4f)
 116: (unlock f1-4f f1-5f key4-4 shape4)
 117: (move f1-4f f2-4f)
 118: (move f2-4f f2-3f)
 119: (move f2-3f f2-2f)
 120: (move f2-2f f1-2f)
 121: (move f1-2f f0-2f)
 122: (move f0-2f f0-1f)
 123: (move f0-1f f0-0f)
 124: (unlock f0-0f f1-0f key4-4 shape4)
 125: (move f0-0f f0-1f)
 126: (move f0-1f f0-2f)
 127: (move f0-2f f1-2f)
 128: (move f1-2f f2-2f)
 129: (move f2-2f f2-3f)
 130: (move f2-3f f2-4f)
 131: (move f2-4f f1-4f)
 132: (move f1-4f f0-4f)
 133: (move f0-4f f0-5f)
 134: (move f0-5f f1-5f)
 135: (move f1-5f f1-6f)
 136: (move f1-6f f0-6f)
 137: (move f0-6f f0-7f)
 138: (putdown f0-7f key4-4)
 139: (move f0-7f f0-6f)
 140: (move f0-6f f0-5f)
 141: (move f0-5f f0-4f)
 142: (pickup f0-4f key3-0)
 143: (move f0-4f f1-4f)
 144: (unlock f1-4f f1-3f key3-0 shape3)
 145: (move f1-4f f2-4f)
 146: (move f2-4f f3-4f)
 147: (unlock f3-4f f3-5f key3-0 shape3)
 148: (move f3-4f f2-4f)
 149: (move f2-4f f1-4f)
 150: (move f1-4f f1-5f)
 151: (move f1-5f f1-6f)
 152: (move f1-6f f0-6f)
 153: (move f0-6f f0-7f)
 154: (putdown f0-7f key3-0)
 155: (pickup f0-7f key4-4)
 156: (move f0-7f f0-6f)
 157: (move f0-6f f0-5f)
 158: (move f0-5f f1-5f)
 159: (move f1-5f f1-4f)
 160: (move f1-4f f1-3f)
 161: (putdown f1-3f key4-4)
 162: (move f1-3f f2-3f)
 163: (move f2-3f f2-4f)
 164: (pickup f2-4f key3-3)
 165: (move f2-4f f3-4f)
 166: (move f3-4f f3-5f)
 167: (move f3-5f f3-6f)
 168: (move f3-6f f4-6f)
 169: (move f4-6f f5-6f)
 170: (move f5-6f f6-6f)
 171: (move f6-6f f7-6f)
 172: (move f7-6f f8-6f)
 173: (putdown f8-6f key3-3)
 174: (pickup f8-6f key0-4)
 175: (move f8-6f f8-5f)
 176: (move f8-5f f9-5f)
 177: (move f9-5f f9-4f)
 178: (move f9-4f f9-3f)
 179: (move f9-3f f10-3f)
 180: (move f10-3f f10-4f)
 181: (move f10-4f f10-5f)
 182: (move f10-5f f11-5f)
 183: (move f11-5f f11-4f)
 184: (move f11-4f f11-3f)
 185: (move f11-3f f11-2f)
 186: (move f11-2f f10-2f)
 187: (move f10-2f f9-2f)
 188: (move f9-2f f8-2f)
 189: (unlock f8-2f f7-2f key0-4 shape0)
 190: (move f8-2f f9-2f)
 191: (move f9-2f f9-3f)
 192: (move f9-3f f9-4f)
 193: (move f9-4f f10-4f)
 194: (move f10-4f f10-3f)
 195: (move f10-3f f11-3f)
 196: (move f11-3f f11-2f)
 197: (move f11-2f f11-1f)
 198: (move f11-1f f11-0f)
 199: (move f11-0f f10-0f)
 200: (move f10-0f f9-0f)
 201: (move f9-0f f8-0f)
 202: (move f8-0f f7-0f)
 203: (move f7-0f f6-0f)
 204: (move f6-0f f6-1f)
 205: (move f6-1f f5-1f)
 206: (move f5-1f f4-1f)
 207: (move f4-1f f3-1f)
 208: (move f3-1f f2-1f)
 209: (move f2-1f f2-2f)
 210: (move f2-2f f1-2f)
 211: (putdown f1-2f key0-4)
 212: (move f1-2f f1-3f)
 213: (move f1-3f f1-4f)
 214: (move f1-4f f1-5f)
 215: (pickup f1-5f key4-0)
 216: (move f1-5f f1-6f)
 217: (move f1-6f f2-6f)
 218: (move f2-6f f3-6f)
 219: (move f3-6f f3-5f)
 220: (move f3-5f f3-4f)
 221: (move f3-4f f3-3f)
 222: (move f3-3f f4-3f)
 223: (move f4-3f f5-3f)
 224: (move f5-3f f6-3f)
 225: (move f6-3f f6-2f)
 226: (move f6-2f f6-1f)
 227: (pickup-and-loose f6-1f key0-5 key4-0)
 228: (move f6-1f f6-0f)
 229: (move f6-0f f7-0f)
 230: (move f7-0f f8-0f)
 231: (move f8-0f f8-1f)
 232: (move f8-1f f9-1f)
 233: (putdown f9-1f key0-5)
 234: (move f9-1f f9-0f)
 235: (move f9-0f f10-0f)
 236: (move f10-0f f11-0f)
 237: (pickup f11-0f key1-5)
 238: (move f11-0f f11-1f)
 239: (move f11-1f f11-2f)
 240: (move f11-2f f11-3f)
 241: (move f11-3f f10-3f)
 242: (move f10-3f f9-3f)
 243: (move f9-3f f9-4f)
 244: (move f9-4f f10-4f)
 245: (move f10-4f f10-5f)
 246: (move f10-5f f9-5f)
 247: (move f9-5f f8-5f)
 248: (move f8-5f f8-4f)
 249: (move f8-4f f7-4f)
 250: (move f7-4f f6-4f)
 251: (move f6-4f f5-4f)
 252: (move f5-4f f5-5f)
 253: (putdown f5-5f key1-5)
 254: (move f5-5f f5-4f)
 255: (move f5-4f f5-3f)
 256: (pickup f5-3f key0-2)
 257: (move f5-3f f6-3f)
 258: (move f6-3f f7-3f)
 259: (move f7-3f f7-4f)
 260: (move f7-4f f8-4f)
 261: (move f8-4f f9-4f)
 262: (pickup-and-loose f9-4f key2-1 key0-2)
 263: (move f9-4f f10-4f)
 264: (move f10-4f f10-3f)
 265: (move f10-3f f10-2f)
 266: (move f10-2f f11-2f)
 267: (move f11-2f f11-3f)
 268: (move f11-3f f11-4f)
 269: (move f11-4f f11-5f)
 270: (move f11-5f f10-5f)
 271: (move f10-5f f9-5f)
 272: (move f9-5f f9-6f)
 273: (move f9-6f f9-7f)
 274: (move f9-7f f9-8f)
 275: (move f9-8f f9-9f)
 276: (move f9-9f f10-9f)
 277: (move f10-9f f10-10f)
 278: (move f10-10f f9-10f)
 279: (move f9-10f f9-11f)
 280: (move f9-11f f10-11f)
 281: (move f10-11f f11-11f)
 282: (move f11-11f f11-10f)
 283: (move f11-10f f11-9f)
 284: (move f11-9f f11-8f)
 285: (move f11-8f f10-8f)
 286: (move f10-8f f10-7f)
 287: (move f10-7f f10-6f)
 288: (move f10-6f f11-6f)
 289: (move f11-6f f11-7f)
 290: (putdown f11-7f key2-1)
 291: (move f11-7f f11-6f)
 292: (move f11-6f f10-6f)
 293: (move f10-6f f10-7f)
 294: (move f10-7f f10-8f)
 295: (move f10-8f f10-9f)
 296: (move f10-9f f9-9f)
 297: (pickup f9-9f key3-5)
 298: (move f9-9f f10-9f)
 299: (move f10-9f f11-9f)
 300: (move f11-9f f11-8f)
 301: (move f11-8f f11-7f)
 302: (move f11-7f f10-7f)
 303: (move f10-7f f10-6f)
 304: (move f10-6f f11-6f)
 305: (move f11-6f f11-5f)
 306: (move f11-5f f11-4f)
 307: (move f11-4f f11-3f)
 308: (move f11-3f f10-3f)
 309: (move f10-3f f10-2f)
 310: (move f10-2f f9-2f)
 311: (move f9-2f f9-3f)
 312: (move f9-3f f8-3f)
 313: (move f8-3f f8-2f)
 314: (move f8-2f f7-2f)
 315: (unlock f7-2f f7-1f key3-5 shape3)
 316: (move f7-2f f6-2f)
 317: (putdown f6-2f key3-5)
 318: (move f6-2f f6-1f)
 319: (move f6-1f f7-1f)
 320: (move f7-1f f7-2f)
 321: (move f7-2f f8-2f)
 322: (pickup f8-2f key2-5)
 323: (move f8-2f f8-3f)
 324: (move f8-3f f9-3f)
 325: (move f9-3f f10-3f)
 326: (pickup-and-loose f10-3f key2-2 key2-5)
 327: (move f10-3f f10-2f)
 328: (move f10-2f f9-2f)
 329: (move f9-2f f9-1f)
 330: (move f9-1f f8-1f)
 331: (putdown f8-1f key2-2)
 332: (move f8-1f f7-1f)
 333: (move f7-1f f6-1f)
 334: (move f6-1f f6-2f)
 335: (move f6-2f f7-2f)
 336: (move f7-2f f8-2f)
 337: (move f8-2f f9-2f)
 338: (move f9-2f f9-1f)
 339: (move f9-1f f10-1f)
 340: (move f10-1f f10-2f)
 341: (move f10-2f f10-3f)
 342: (pickup f10-3f key2-5)
 343: (move f10-3f f10-2f)
 344: (move f10-2f f11-2f)
 345: (move f11-2f f11-3f)
 346: (move f11-3f f11-4f)
 347: (move f11-4f f11-5f)
 348: (move f11-5f f11-6f)
 349: (move f11-6f f11-7f)
 350: (pickup-and-loose f11-7f key2-1 key2-5)
 351: (move f11-7f f10-7f)
 352: (move f10-7f f10-8f)
 353: (move f10-8f f10-9f)
 354: (move f10-9f f9-9f)
 355: (move f9-9f f9-8f)
 356: (move f9-8f f9-7f)
 357: (move f9-7f f9-6f)
 358: (move f9-6f f10-6f)
 359: (move f10-6f f10-5f)
 360: (move f10-5f f11-5f)
 361: (move f11-5f f11-6f)
 362: (putdown f11-6f key2-1)
 363: (move f11-6f f11-5f)
 364: (move f11-5f f10-5f)
 365: (move f10-5f f10-6f)
 366: (move f10-6f f9-6f)
 367: (move f9-6f f9-7f)
 368: (move f9-7f f10-7f)
 369: (move f10-7f f11-7f)
 370: (pickup f11-7f key2-5)
 371: (move f11-7f f11-6f)
 372: (pickup-and-loose f11-6f key2-1 key2-5)
 373: (move f11-6f f10-6f)
 374: (move f10-6f f10-5f)
 375: (move f10-5f f9-5f)
 376: (move f9-5f f9-4f)
 377: (move f9-4f f9-3f)
 378: (move f9-3f f8-3f)
 379: (move f8-3f f7-3f)
 380: (move f7-3f f7-4f)
 381: (move f7-4f f7-5f)
 382: (move f7-5f f6-5f)
 383: (move f6-5f f6-4f)
 384: (move f6-4f f6-3f)
 385: (move f6-3f f6-2f)
 386: (move f6-2f f5-2f)
 387: (move f5-2f f4-2f)
 388: (unlock f4-2f f3-2f key2-1 shape2)
 389: (move f4-2f f3-2f)
 390: (move f3-2f f2-2f)
 391: (putdown f2-2f key2-1)
