/u/ibrahim.eisawy/Neural-Guided-Search/venv/lib/python3.10/site-packages/pymimir_rgnn/model.py:151: UserWarning: index_reduce() is in beta and the API may change at any time. (Triggered internally at /pytorch/aten/src/ATen/native/cuda/Indexing.cu:1541.)
  max_msg.index_reduce_(0, output_indices, output_messages, reduce='amax', include_self=True)
Torch: 2.12.0+cu130
Using GPU:  NVIDIA L40S
17.685: (switch_on instrument0 satellite0)
18.825: (turn_to satellite1 star9 planet13)
18.874: (turn_to satellite1 star4 planet13)
19.353: (turn_to satellite1 groundstation0 planet13)
19.400: (turn_to satellite1 groundstation1 planet13)
19.400: (turn_to satellite1 star11 planet13)
19.400: (turn_to satellite1 groundstation10 planet13)
19.439: (turn_to satellite1 groundstation5 planet13)
19.480: (switch_on instrument2 satellite1)
19.875: (turn_to satellite1 star2 planet13)
14.808: (calibrate satellite0 instrument0 groundstation5)
16.605: (turn_to satellite1 star9 planet13)
16.606: (switch_on instrument0 satellite0)
16.631: (switch_on instrument0 satellite0)
16.631: (turn_to satellite1 star4 planet13)
16.706: (switch_on instrument2 satellite1)
16.714: (switch_on instrument0 satellite0)
16.818: (switch_on instrument3 satellite1)
17.076: (turn_to satellite1 groundstation5 planet13)
17.086: (switch_on instrument0 satellite0)
13.683: (turn_to satellite0 star15 groundstation5)
13.797: (turn_to satellite1 star4 planet13)
13.798: (calibrate satellite0 instrument0 groundstation5)
13.835: (calibrate satellite0 instrument0 groundstation5)
13.835: (turn_to satellite1 star9 planet13)
13.888: (calibrate satellite0 instrument0 groundstation5)
13.888: (switch_on instrument2 satellite1)
14.001: (switch_on instrument3 satellite1)
14.002: (calibrate satellite0 instrument0 groundstation5)
14.245: (turn_to satellite1 groundstation0 planet13)
12.654: (turn_to satellite0 star15 groundstation5)
12.655: (turn_to satellite1 star4 planet13)
12.751: (turn_to satellite0 star15 groundstation5)
12.752: (switch_on instrument2 satellite1)
12.920: (turn_to satellite1 star9 planet13)
12.920: (turn_to satellite0 star15 groundstation5)
12.937: (turn_to satellite0 star15 groundstation5)
12.938: (switch_on instrument3 satellite1)
12.966: (turn_to satellite1 star9 planet13)
12.967: (switch_on instrument2 satellite1)
11.520: (calibrate satellite1 instrument2 star9)
11.839: (turn_to satellite1 star4 planet13)
11.840: (switch_on instrument2 satellite1)
11.935: (turn_to satellite1 star9 planet13)
11.936: (switch_on instrument2 satellite1)
11.937: (turn_to satellite0 star15 groundstation5)
12.052: (take_image satellite0 star15 instrument0 image5)
12.077: (take_image satellite0 star15 instrument0 infrared1)
12.156: (take_image satellite0 star15 instrument0 image5)
12.178: (take_image satellite0 star15 instrument0 infrared1)
10.439: (calibrate satellite1 instrument2 star4)
10.465: (turn_to satellite0 star15 groundstation5)
10.465: (calibrate satellite1 instrument2 star9)
10.515: (turn_to satellite1 star15 star9)
10.540: (turn_to satellite0 phenomenon14 groundstation5)
10.590: (turn_to satellite1 phenomenon14 star9)
10.620: (turn_to satellite0 phenomenon16 groundstation5)
10.664: (turn_to satellite1 phenomenon16 star9)
10.784: (take_image satellite0 star15 instrument0 infrared1)
10.788: (take_image satellite0 star15 instrument0 image5)
9.486: (turn_to satellite1 phenomenon14 star9)
9.487: (turn_to satellite0 phenomenon14 groundstation5)
9.487: (turn_to satellite1 phenomenon14 star4)
9.488: (turn_to satellite1 star15 star9)
9.490: (turn_to satellite0 star15 groundstation5)
9.575: (turn_to satellite1 phenomenon16 star9)
9.575: (turn_to satellite0 phenomenon16 groundstation5)
9.575: (turn_to satellite1 phenomenon16 star4)
9.575: (turn_to satellite1 phenomenon16 star9)
9.577: (turn_to satellite0 phenomenon16 groundstation5)
8.879: (take_image satellite0 phenomenon14 instrument0 image3)
8.917: (take_image satellite0 star15 instrument0 image5)
8.926: (take_image satellite0 star15 instrument0 infrared1)
8.958: (take_image satellite0 phenomenon14 instrument0 image3)
8.995: (take_image satellite0 star15 instrument0 image5)
9.003: (take_image satellite0 star15 instrument0 infrared1)
9.030: (take_image satellite1 phenomenon16 instrument2 thermograph0)
9.049: (take_image satellite1 phenomenon16 instrument2 thermograph0)
9.240: (take_image satellite1 phenomenon14 instrument2 thermograph0)
9.344: (take_image satellite1 phenomenon14 instrument2 thermograph0)
7.657: (take_image satellite0 star15 instrument0 infrared1)
7.659: (take_image satellite0 star15 instrument0 image5)
7.732: (take_image satellite0 star15 instrument0 infrared1)
7.737: (take_image satellite0 star15 instrument0 image5)
8.151: (turn_to satellite1 phenomenon14 phenomenon16)
8.154: (turn_to satellite1 star15 phenomenon16)
8.392: (take_image satellite1 phenomenon16 instrument2 thermograph0)
8.402: (take_image satellite0 phenomenon14 instrument0 image3)
8.453: (take_image satellite1 phenomenon16 instrument2 thermograph0)
8.457: (take_image satellite0 star15 instrument0 image5)
6.846: (turn_to satellite0 phenomenon16 star15)
6.847: (turn_to satellite0 phenomenon14 star15)
7.181: (take_image satellite1 phenomenon16 instrument2 thermograph0)
7.188: (take_image satellite0 star15 instrument0 infrared1)
7.333: (turn_to satellite0 phenomenon14 star15)
7.394: (turn_to satellite0 phenomenon16 star15)
7.411: (turn_to satellite0 planet13 star15)
7.424: (take_image satellite1 phenomenon14 instrument2 thermograph0)
7.476: (turn_to satellite0 planet13 star15)
7.508: (take_image satellite0 phenomenon14 instrument0 image3)
6.212: (take_image satellite0 phenomenon14 instrument0 image3)
6.302: (take_image satellite1 phenomenon16 instrument2 thermograph0)
6.303: (turn_to satellite0 phenomenon14 star15)
6.310: (turn_to satellite1 phenomenon14 phenomenon16)
6.620: (take_image satellite1 phenomenon14 instrument2 thermograph0)
6.625: (turn_to satellite0 phenomenon16 star15)
6.763: (take_image satellite0 phenomenon14 instrument0 image3)
6.858: (take_image satellite0 phenomenon16 instrument0 image3)
6.898: (take_image satellite0 phenomenon16 instrument0 image5)
6.898: (take_image satellite0 phenomenon16 instrument0 infrared1)
5.634: (take_image satellite1 phenomenon16 instrument2 thermograph0)
5.634: (take_image satellite0 phenomenon14 instrument0 image3)
5.859: (take_image satellite1 phenomenon14 instrument2 thermograph0)
5.977: (turn_to satellite1 phenomenon14 phenomenon16)
5.978: (turn_to satellite0 phenomenon14 star15)
6.061: (turn_to satellite1 planet13 phenomenon16)
6.061: (turn_to satellite0 planet13 star15)
6.210: (turn_to satellite1 groundstation0 phenomenon16)
6.216: (turn_to satellite0 phenomenon16 phenomenon14)
6.248: (take_image satellite0 phenomenon14 instrument0 infrared1)
5.398: (turn_to satellite1 planet13 phenomenon16)
5.400: (take_image satellite0 phenomenon14 instrument0 image3)
5.405: (turn_to satellite1 phenomenon14 phenomenon16)
5.406: (take_image satellite0 phenomenon14 instrument0 image3)
5.545: (turn_to satellite1 groundstation0 phenomenon16)
5.550: (take_image satellite0 phenomenon14 instrument0 image3)
5.597: (turn_to satellite0 phenomenon14 star15)
5.598: (take_image satellite1 phenomenon14 instrument2 thermograph0)
5.611: (take_image satellite1 phenomenon14 instrument2 thermograph0)
5.613: (turn_to satellite0 planet13 star15)
4.800: (take_image satellite1 phenomenon14 instrument2 thermograph0)
4.800: (take_image satellite0 phenomenon14 instrument0 image3)
5.406: (turn_to satellite0 planet13 phenomenon14)
5.429: (take_image satellite0 phenomenon14 instrument0 infrared1)
5.430: (take_image satellite0 phenomenon14 instrument0 image5)
5.437: (take_image satellite0 phenomenon14 instrument0 infrared1)
5.437: (take_image satellite0 phenomenon14 instrument0 image5)
5.475: (take_image satellite1 planet13 instrument2 thermograph0)
5.518: (turn_to satellite0 groundstation0 phenomenon14)
5.551: (take_image satellite1 groundstation0 instrument2 thermograph0)
4.639: (turn_to satellite1 planet13 phenomenon14)
4.651: (take_image satellite1 phenomenon14 instrument2 thermograph0)
4.652: (turn_to satellite0 planet13 phenomenon14)
4.674: (switch_off instrument2 satellite1)
4.689: (turn_to satellite1 groundstation0 phenomenon14)
4.720: (turn_to satellite0 groundstation0 phenomenon14)
4.727: (take_image satellite1 phenomenon14 instrument2 thermograph0)
4.809: (take_image satellite0 phenomenon14 instrument0 image5)
4.811: (take_image satellite0 phenomenon14 instrument0 infrared1)
4.811: (take_image satellite1 phenomenon14 instrument2 thermograph0)
3.779: (switch_on instrument3 satellite1)
4.341: (turn_to satellite1 groundstation0 phenomenon14)
4.342: (switch_off instrument2 satellite1)
4.429: (turn_to satellite1 star4 phenomenon14)
4.442: (switch_off instrument2 satellite1)
4.442: (turn_to satellite0 groundstation0 phenomenon14)
4.462: (turn_to satellite1 groundstation5 phenomenon14)
4.486: (turn_to satellite1 planet13 phenomenon14)
4.486: (turn_to satellite0 planet13 phenomenon14)
4.525: (turn_to satellite0 star4 phenomenon14)
3.498: (switch_on instrument3 satellite1)
3.498: (turn_to satellite1 groundstation0 phenomenon14)
3.529: (turn_to satellite0 planet13 phenomenon14)
3.582: (switch_on instrument3 satellite1)
3.584: (turn_to satellite0 groundstation0 phenomenon14)
3.594: (switch_on instrument3 satellite1)
3.596: (turn_to satellite1 groundstation5 phenomenon14)
3.611: (switch_on instrument3 satellite1)
3.613: (turn_to satellite1 star4 phenomenon14)
3.701: (turn_to satellite0 star4 phenomenon14)
1.808: (calibrate satellite1 instrument3 groundstation5)
1.883: (calibrate satellite1 instrument3 groundstation0)
2.014: (calibrate satellite1 instrument3 star4)
3.179: (turn_to satellite1 groundstation0 phenomenon14)
3.180: (turn_to satellite0 planet13 phenomenon14)
3.238: (turn_to satellite1 groundstation5 phenomenon14)
3.239: (turn_to satellite0 planet13 phenomenon14)
3.307: (turn_to satellite0 planet13 phenomenon14)
3.308: (turn_to satellite1 star4 phenomenon14)
3.503: (turn_to satellite0 star15 phenomenon14)
1.007: (turn_to satellite1 planet13 groundstation0)
1.008: (turn_to satellite1 planet13 star4)
1.008: (turn_to satellite1 planet13 groundstation5)
1.033: (turn_to satellite0 planet13 phenomenon14)
1.034: (calibrate satellite1 instrument3 groundstation5)
1.152: (turn_to satellite0 planet13 phenomenon14)
1.153: (calibrate satellite1 instrument3 groundstation0)
1.290: (turn_to satellite0 planet13 phenomenon14)
1.293: (calibrate satellite1 instrument3 star4)
1.798: (turn_to satellite1 phenomenon16 star4)
-0.020: (take_image satellite1 planet13 instrument3 infrared2)
[Final] Expanded: 136, Generated: 5425
Found a solution of length 20!
   1: (switch_on instrument0 satellite0)
   2: (switch_on instrument2 satellite1)
   3: (calibrate satellite0 instrument0 groundstation5)
   4: (turn_to satellite1 star9 planet13)
   5: (calibrate satellite1 instrument2 star9)
   6: (turn_to satellite0 star15 groundstation5)
   7: (turn_to satellite1 phenomenon16 star9)
   8: (take_image satellite0 star15 instrument0 image5)
   9: (take_image satellite0 star15 instrument0 infrared1)
  10: (turn_to satellite0 phenomenon14 star15)
  11: (take_image satellite0 phenomenon14 instrument0 image3)
  12: (take_image satellite1 phenomenon16 instrument2 thermograph0)
  13: (turn_to satellite1 phenomenon14 phenomenon16)
  14: (take_image satellite1 phenomenon14 instrument2 thermograph0)
  15: (switch_off instrument2 satellite1)
  16: (turn_to satellite1 groundstation0 phenomenon14)
  17: (switch_on instrument3 satellite1)
  18: (calibrate satellite1 instrument3 groundstation0)
  19: (turn_to satellite1 planet13 groundstation0)
  20: (take_image satellite1 planet13 instrument3 infrared2)
