/u/ibrahim.eisawy/Neural-Guided-Search/venv/lib/python3.10/site-packages/pymimir_rgnn/model.py:151: UserWarning: index_reduce() is in beta and the API may change at any time. (Triggered internally at /pytorch/aten/src/ATen/native/cuda/Indexing.cu:1541.)
  max_msg.index_reduce_(0, output_indices, output_messages, reduce='amax', include_self=True)
Torch: 2.12.0+cu130
Using GPU:  NVIDIA L40S
13.334: (switch_on instrument33 satellite7)
13.364: (switch_on instrument15 satellite4)
13.374: (switch_on instrument16 satellite4)
13.401: (switch_on instrument27 satellite7)
13.443: (switch_on instrument11 satellite3)
13.447: (switch_on instrument2 satellite1)
13.647: (switch_on instrument24 satellite6)
13.655: (switch_on instrument34 satellite7)
13.660: (switch_on instrument26 satellite6)
13.676: (switch_on instrument8 satellite2)
9.731: (calibrate satellite1 instrument2 groundstation10)
9.845: (calibrate satellite4 instrument16 star25)
9.875: (calibrate satellite4 instrument15 star25)
10.074: (calibrate satellite3 instrument11 star9)
12.252: (turn_to satellite6 star24 star3)
12.254: (turn_to satellite2 star9 groundstation10)
12.305: (turn_to satellite6 star24 star3)
12.313: (turn_to satellite6 star24 star3)
12.324: (turn_to satellite6 star24 star3)
12.372: (turn_to satellite6 star24 star3)
8.638: (turn_to satellite6 star24 star3)
8.666: (turn_to satellite1 phenomenon30 groundstation10)
8.666: (turn_to satellite1 star31 groundstation10)
8.669: (turn_to satellite1 planet32 groundstation10)
8.671: (turn_to satellite1 planet29 groundstation10)
8.702: (turn_to satellite4 star22 star25)
8.815: (turn_to satellite3 star15 star9)
8.852: (turn_to satellite4 phenomenon30 star25)
8.852: (turn_to satellite4 star31 star25)
8.863: (turn_to satellite4 planet29 star25)
7.700: (turn_to satellite1 phenomenon30 groundstation10)
7.701: (turn_to satellite1 star31 groundstation10)
7.706: (turn_to satellite6 star24 star3)
7.708: (turn_to satellite1 planet29 groundstation10)
7.708: (turn_to satellite1 planet32 groundstation10)
7.729: (turn_to satellite6 star24 star3)
7.770: (turn_to satellite4 star22 star25)
7.772: (turn_to satellite6 star24 star3)
7.788: (turn_to satellite4 star22 star25)
7.791: (turn_to satellite4 star22 star25)
6.850: (turn_to satellite4 star22 star25)
6.852: (turn_to satellite4 star22 star25)
6.862: (turn_to satellite1 planet32 groundstation10)
6.871: (turn_to satellite6 star24 star3)
6.874: (turn_to satellite1 planet29 groundstation10)
6.891: (turn_to satellite4 star22 star25)
6.905: (turn_to satellite1 phenomenon30 groundstation10)
6.905: (turn_to satellite1 star31 groundstation10)
6.909: (turn_to satellite3 star15 star9)
6.917: (turn_to satellite3 star15 star9)
6.014: (turn_to satellite6 star24 star3)
6.032: (turn_to satellite4 star22 star25)
6.036: (turn_to satellite3 star15 star9)
6.053: (turn_to satellite3 star15 star9)
6.074: (turn_to satellite3 star15 star9)
6.076: (turn_to satellite3 star15 star9)
6.152: (turn_to satellite2 star9 groundstation10)
6.178: (turn_to satellite2 star9 groundstation10)
6.305: (turn_to satellite2 star9 groundstation10)
6.319: (turn_to satellite2 star9 groundstation10)
5.693: (switch_on instrument19 satellite5)
5.717: (switch_on instrument18 satellite5)
5.718: (switch_on instrument19 satellite5)
5.728: (switch_on instrument19 satellite5)
5.730: (switch_on instrument18 satellite5)
5.733: (switch_on instrument19 satellite5)
5.742: (switch_on instrument18 satellite5)
5.783: (switch_on instrument19 satellite5)
5.796: (switch_on instrument19 satellite5)
5.811: (take_image satellite1 planet32 instrument2 image0)
4.924: (turn_to satellite3 star15 star9)
5.323: (turn_to satellite7 star15 groundstation17)
5.363: (turn_to satellite7 star20 groundstation17)
5.370: (turn_to satellite7 star14 groundstation17)
5.396: (turn_to satellite7 groundstation13 groundstation17)
5.410: (turn_to satellite7 groundstation8 groundstation17)
5.413: (take_image satellite1 planet32 instrument2 image0)
5.416: (turn_to satellite7 groundstation0 groundstation17)
5.431: (turn_to satellite1 planet29 planet32)
5.439: (take_image satellite1 star31 instrument2 image0)
4.142: (turn_to satellite3 star15 star9)
4.404: (turn_to satellite2 star9 groundstation10)
4.461: (turn_to satellite3 star15 star9)
4.484: (turn_to satellite1 star31 planet32)
4.484: (turn_to satellite1 phenomenon30 planet32)
4.493: (turn_to satellite1 planet29 planet32)
4.713: (take_image satellite1 planet29 instrument2 image0)
4.743: (turn_to satellite1 star31 planet32)
4.743: (turn_to satellite1 phenomenon30 planet32)
4.855: (switch_on instrument19 satellite5)
3.702: (turn_to satellite2 star9 groundstation10)
3.710: (turn_to satellite2 star9 groundstation10)
3.766: (turn_to satellite3 star15 star9)
4.043: (take_image satellite1 phenomenon30 instrument2 image0)
4.067: (turn_to satellite1 star31 planet29)
4.069: (turn_to satellite1 phenomenon30 planet29)
4.087: (switch_on instrument19 satellite5)
4.088: (turn_to satellite1 phenomenon30 star31)
4.091: (switch_on instrument19 satellite5)
4.104: (take_image satellite1 planet29 instrument2 image0)
3.115: (turn_to satellite3 star15 star9)
3.266: (take_image satellite1 phenomenon30 instrument2 image0)
3.323: (turn_to satellite1 star31 phenomenon30)
3.365: (turn_to satellite3 star15 star9)
3.401: (turn_to satellite1 planet29 phenomenon30)
3.467: (turn_to satellite1 phenomenon30 planet29)
3.467: (turn_to satellite1 star31 planet29)
3.540: (switch_on instrument10 satellite2)
3.548: (switch_on instrument9 satellite2)
3.551: (turn_to satellite7 star20 groundstation17)
2.874: (take_image satellite1 planet29 instrument2 image0)
2.900: (turn_to satellite1 planet32 phenomenon30)
2.918: (take_image satellite1 star31 instrument2 image0)
2.920: (switch_on instrument19 satellite5)
2.920: (switch_on instrument18 satellite5)
2.927: (switch_on instrument21 satellite5)
2.927: (switch_on instrument10 satellite2)
2.984: (switch_on instrument9 satellite2)
2.990: (take_image satellite1 phenomenon30 instrument2 image0)
2.999: (switch_on instrument6 satellite2)
1.993: (turn_to satellite1 star31 phenomenon30)
2.143: (turn_to satellite1 star31 planet29)
2.227: (turn_to satellite1 phenomenon30 star31)
2.355: (switch_on instrument21 satellite5)
2.363: (take_image satellite1 star31 instrument2 image0)
2.380: (switch_on instrument19 satellite5)
2.395: (switch_on instrument18 satellite5)
2.406: (switch_on instrument19 satellite5)
2.418: (switch_on instrument19 satellite5)
2.427: (take_image satellite1 star31 instrument2 image0)
1.003: (take_image satellite1 star31 instrument2 image0)
[Final] Expanded: 115, Generated: 34021
Found a solution of length 14!
   1: (switch_on instrument2 satellite1)
   2: (calibrate satellite1 instrument2 groundstation10)
   3: (turn_to satellite4 star22 star25)
   4: (turn_to satellite6 star24 star3)
   5: (turn_to satellite1 planet32 groundstation10)
   6: (turn_to satellite2 star9 groundstation10)
   7: (take_image satellite1 planet32 instrument2 image0)
   8: (turn_to satellite1 planet29 planet32)
   9: (take_image satellite1 planet29 instrument2 image0)
  10: (turn_to satellite1 phenomenon30 planet29)
  11: (turn_to satellite3 star15 star9)
  12: (take_image satellite1 phenomenon30 instrument2 image0)
  13: (turn_to satellite1 star31 phenomenon30)
  14: (take_image satellite1 star31 instrument2 image0)
