Torch: 2.12.0+cu130
/u/ibrahim.eisawy/Neural-Guided-Search/venv/lib/python3.10/site-packages/pymimir_rgnn/model.py:162: UserWarning: index_reduce() is in beta and the API may change at any time. (Triggered internally at /pytorch/aten/src/ATen/native/cuda/Indexing.cu:1541.)
  exps_max.index_reduce_(0, output_indices, output_messages, reduce="amax", include_self=False)
Using GPU:  NVIDIA L40S
  [sim 500] root visits=500, unique states=1417, generated=1416
  [sim 1000] root visits=1000, unique states=2727, generated=2726
  [sim 1500] root visits=1500, unique states=3767, generated=3766
  [sim 2000] root visits=2000, unique states=4629, generated=4628
  [sim 2500] root visits=2500, unique states=5598, generated=5597
  [sim 3000] root visits=3000, unique states=6402, generated=6401
  [sim 3500] root visits=3500, unique states=7005, generated=7004
  [sim 4000] root visits=4000, unique states=7585, generated=7584
  [sim 4500] root visits=4500, unique states=8200, generated=8199
  [sim 5000] root visits=5000, unique states=8845, generated=8844
  [sim 5500] root visits=5500, unique states=9152, generated=9151
  [sim 6000] root visits=6000, unique states=10035, generated=10034
  [sim 6500] root visits=6500, unique states=10977, generated=10976
  [sim 7000] root visits=7000, unique states=12173, generated=12172
  [sim 7500] root visits=7500, unique states=13097, generated=13096
  [sim 8000] root visits=8000, unique states=13383, generated=13382
  [sim 8500] root visits=8500, unique states=13621, generated=13620
  [sim 9000] root visits=9000, unique states=13821, generated=13820
  [sim 9500] root visits=9500, unique states=14039, generated=14038
  [sim 10000] root visits=10000, unique states=14284, generated=14283
  [sim 10500] root visits=10500, unique states=14528, generated=14527
  [sim 11000] root visits=11000, unique states=14766, generated=14765
  [sim 11500] root visits=11500, unique states=14995, generated=14994
  [sim 12000] root visits=12000, unique states=15227, generated=15226
  [sim 12500] root visits=12500, unique states=15450, generated=15449
  [sim 13000] root visits=13000, unique states=15649, generated=15648
  [sim 13500] root visits=13500, unique states=15854, generated=15853
  [sim 14000] root visits=14000, unique states=16108, generated=16107
  [sim 14500] root visits=14500, unique states=16826, generated=16825
  [sim 15000] root visits=15000, unique states=17943, generated=17942
  [sim 15500] root visits=15500, unique states=19015, generated=19014
  [sim 16000] root visits=16000, unique states=20180, generated=20179
  [sim 16500] root visits=16500, unique states=21242, generated=21241
  [sim 17000] root visits=17000, unique states=22281, generated=22280
  [sim 17500] root visits=17500, unique states=23589, generated=23588
  [sim 18000] root visits=18000, unique states=24892, generated=24891
  [sim 18500] root visits=18500, unique states=26121, generated=26120
  [sim 18950] found goal path of length 277
[Final] Expanded: 27395, Generated: 27395
[search done] simulations=18950, unique states generated=27395
Found a solution of length 277!
   1: (move f1-1f f1-0f)
   2: (move f1-0f f0-0f)
   3: (pickup f0-0f key2-1)
   4: (move f0-0f f1-0f)
   5: (move f1-0f f1-1f)
   6: (move f1-1f f1-2f)
   7: (move f1-2f f2-2f)
   8: (move f2-2f f2-3f)
   9: (move f2-3f f2-4f)
  10: (move f2-4f f1-4f)
  11: (move f1-4f f1-5f)
  12: (move f1-5f f1-6f)
  13: (move f1-6f f1-7f)
  14: (move f1-7f f2-7f)
  15: (unlock f2-7f f3-7f key2-1 shape2)
  16: (move f2-7f f1-7f)
  17: (move f1-7f f1-6f)
  18: (move f1-6f f1-5f)
  19: (move f1-5f f1-4f)
  20: (move f1-4f f2-4f)
  21: (move f2-4f f2-3f)
  22: (move f2-3f f2-2f)
  23: (putdown f2-2f key2-1)
  24: (pickup f2-2f key3-0)
  25: (move f2-2f f2-3f)
  26: (move f2-3f f2-4f)
  27: (move f2-4f f3-4f)
  28: (move f3-4f f3-3f)
  29: (move f3-3f f3-2f)
  30: (unlock f3-2f f4-2f key3-0 shape3)
  31: (move f3-2f f2-2f)
  32: (pickup-and-loose f2-2f key2-1 key3-0)
  33: (move f2-2f f2-3f)
  34: (move f2-3f f2-4f)
  35: (move f2-4f f3-4f)
  36: (move f3-4f f3-3f)
  37: (move f3-3f f3-2f)
  38: (move f3-2f f4-2f)
  39: (move f4-2f f4-1f)
  40: (move f4-1f f5-1f)
  41: (putdown f5-1f key2-1)
  42: (move f5-1f f5-0f)
  43: (move f5-0f f4-0f)
  44: (pickup f4-0f key1-2)
  45: (move f4-0f f3-0f)
  46: (putdown f3-0f key1-2)
  47: (move f3-0f f4-0f)
  48: (move f4-0f f5-0f)
  49: (move f5-0f f5-1f)
  50: (pickup f5-1f key0-3)
  51: (move f5-1f f5-0f)
  52: (move f5-0f f6-0f)
  53: (move f6-0f f7-0f)
  54: (putdown f7-0f key0-3)
  55: (move f7-0f f6-0f)
  56: (move f6-0f f5-0f)
  57: (move f5-0f f5-1f)
  58: (pickup f5-1f key2-1)
  59: (move f5-1f f4-1f)
  60: (move f4-1f f4-0f)
  61: (move f4-0f f3-0f)
  62: (pickup-and-loose f3-0f key1-2 key2-1)
  63: (move f3-0f f4-0f)
  64: (move f4-0f f5-0f)
  65: (move f5-0f f6-0f)
  66: (unlock f6-0f f6-1f key1-2 shape1)
  67: (move f6-0f f6-1f)
  68: (unlock f6-1f f7-1f key1-2 shape1)
  69: (pickup-and-loose f6-1f key2-3 key1-2)
  70: (move f6-1f f7-1f)
  71: (move f7-1f f7-0f)
  72: (move f7-0f f6-0f)
  73: (move f6-0f f5-0f)
  74: (move f5-0f f4-0f)
  75: (move f4-0f f3-0f)
  76: (pickup-and-loose f3-0f key2-1 key2-3)
  77: (move f3-0f f4-0f)
  78: (move f4-0f f5-0f)
  79: (move f5-0f f5-1f)
  80: (putdown f5-1f key2-1)
  81: (move f5-1f f6-1f)
  82: (move f6-1f f7-1f)
  83: (pickup f7-1f key0-0)
  84: (move f7-1f f6-1f)
  85: (move f6-1f f6-0f)
  86: (move f6-0f f7-0f)
  87: (pickup-and-loose f7-0f key0-3 key0-0)
  88: (move f7-0f f7-1f)
  89: (move f7-1f f6-1f)
  90: (move f6-1f f6-0f)
  91: (move f6-0f f5-0f)
  92: (move f5-0f f4-0f)
  93: (move f4-0f f3-0f)
  94: (unlock f3-0f f2-0f key0-3 shape0)
  95: (pickup-and-loose f3-0f key2-3 key0-3)
  96: (move f3-0f f2-0f)
  97: (move f2-0f f2-1f)
  98: (move f2-1f f2-2f)
  99: (move f2-2f f2-3f)
 100: (move f2-3f f2-4f)
 101: (move f2-4f f1-4f)
 102: (move f1-4f f1-5f)
 103: (move f1-5f f1-6f)
 104: (move f1-6f f1-7f)
 105: (putdown f1-7f key2-3)
 106: (move f1-7f f2-7f)
 107: (pickup f2-7f key2-2)
 108: (move f2-7f f1-7f)
 109: (move f1-7f f1-6f)
 110: (move f1-6f f1-5f)
 111: (pickup-and-loose f1-5f key3-2 key2-2)
 112: (move f1-5f f1-4f)
 113: (move f1-4f f2-4f)
 114: (move f2-4f f3-4f)
 115: (move f3-4f f3-3f)
 116: (move f3-3f f2-3f)
 117: (move f2-3f f2-2f)
 118: (move f2-2f f2-1f)
 119: (move f2-1f f2-0f)
 120: (move f2-0f f3-0f)
 121: (move f3-0f f4-0f)
 122: (move f4-0f f5-0f)
 123: (move f5-0f f6-0f)
 124: (move f6-0f f7-0f)
 125: (move f7-0f f7-1f)
 126: (move f7-1f f6-1f)
 127: (move f6-1f f5-1f)
 128: (move f5-1f f4-1f)
 129: (move f4-1f f4-2f)
 130: (move f4-2f f3-2f)
 131: (putdown f3-2f key3-2)
 132: (move f3-2f f2-2f)
 133: (pickup f2-2f key3-0)
 134: (move f2-2f f3-2f)
 135: (pickup-and-loose f3-2f key3-2 key3-0)
 136: (move f3-2f f3-3f)
 137: (move f3-3f f3-4f)
 138: (move f3-4f f2-4f)
 139: (move f2-4f f1-4f)
 140: (move f1-4f f1-5f)
 141: (move f1-5f f1-6f)
 142: (move f1-6f f1-7f)
 143: (move f1-7f f2-7f)
 144: (move f2-7f f3-7f)
 145: (move f3-7f f4-7f)
 146: (putdown f4-7f key3-2)
 147: (move f4-7f f4-6f)
 148: (move f4-6f f5-6f)
 149: (move f5-6f f6-6f)
 150: (move f6-6f f6-5f)
 151: (pickup f6-5f key1-1)
 152: (move f6-5f f7-5f)
 153: (move f7-5f f7-4f)
 154: (move f7-4f f7-3f)
 155: (unlock f7-3f f7-2f key1-1 shape1)
 156: (move f7-3f f7-4f)
 157: (move f7-4f f7-5f)
 158: (move f7-5f f6-5f)
 159: (move f6-5f f6-6f)
 160: (move f6-6f f5-6f)
 161: (move f5-6f f4-6f)
 162: (move f4-6f f4-7f)
 163: (move f4-7f f3-7f)
 164: (move f3-7f f3-6f)
 165: (putdown f3-6f key1-1)
 166: (move f3-6f f4-6f)
 167: (move f4-6f f4-7f)
 168: (move f4-7f f3-7f)
 169: (move f3-7f f2-7f)
 170: (move f2-7f f1-7f)
 171: (move f1-7f f1-6f)
 172: (move f1-6f f1-5f)
 173: (pickup f1-5f key2-2)
 174: (move f1-5f f1-6f)
 175: (move f1-6f f1-7f)
 176: (move f1-7f f2-7f)
 177: (move f2-7f f3-7f)
 178: (move f3-7f f3-6f)
 179: (pickup-and-loose f3-6f key1-1 key2-2)
 180: (move f3-6f f4-6f)
 181: (move f4-6f f4-7f)
 182: (move f4-7f f3-7f)
 183: (move f3-7f f2-7f)
 184: (move f2-7f f1-7f)
 185: (move f1-7f f1-6f)
 186: (putdown f1-6f key1-1)
 187: (move f1-6f f1-5f)
 188: (move f1-5f f1-4f)
 189: (move f1-4f f2-4f)
 190: (move f2-4f f3-4f)
 191: (pickup f3-4f key3-1)
 192: (move f3-4f f2-4f)
 193: (move f2-4f f2-3f)
 194: (move f2-3f f2-2f)
 195: (move f2-2f f3-2f)
 196: (move f3-2f f4-2f)
 197: (move f4-2f f4-1f)
 198: (move f4-1f f5-1f)
 199: (move f5-1f f6-1f)
 200: (move f6-1f f6-0f)
 201: (move f6-0f f7-0f)
 202: (pickup-and-loose f7-0f key0-0 key3-1)
 203: (move f7-0f f6-0f)
 204: (move f6-0f f6-1f)
 205: (move f6-1f f7-1f)
 206: (move f7-1f f7-2f)
 207: (move f7-2f f7-3f)
 208: (move f7-3f f7-4f)
 209: (move f7-4f f7-5f)
 210: (move f7-5f f6-5f)
 211: (move f6-5f f6-6f)
 212: (move f6-6f f5-6f)
 213: (move f5-6f f4-6f)
 214: (move f4-6f f3-6f)
 215: (move f3-6f f3-7f)
 216: (move f3-7f f4-7f)
 217: (pickup-and-loose f4-7f key3-2 key0-0)
 218: (putdown f4-7f key3-2)
 219: (move f4-7f f4-6f)
 220: (move f4-6f f3-6f)
 221: (pickup f3-6f key2-2)
 222: (move f3-6f f3-7f)
 223: (move f3-7f f4-7f)
 224: (pickup-and-loose f4-7f key0-0 key2-2)
 225: (move f4-7f f4-6f)
 226: (putdown f4-6f key0-0)
 227: (move f4-6f f4-7f)
 228: (pickup f4-7f key2-2)
 229: (move f4-7f f4-6f)
 230: (pickup-and-loose f4-6f key0-0 key2-2)
 231: (move f4-6f f4-7f)
 232: (move f4-7f f3-7f)
 233: (move f3-7f f3-6f)
 234: (unlock f3-6f f3-5f key0-0 shape0)
 235: (move f3-6f f4-6f)
 236: (move f4-6f f4-7f)
 237: (move f4-7f f3-7f)
 238: (move f3-7f f2-7f)
 239: (move f2-7f f1-7f)
 240: (move f1-7f f1-6f)
 241: (putdown f1-6f key0-0)
 242: (pickup f1-6f key1-1)
 243: (move f1-6f f1-7f)
 244: (move f1-7f f2-7f)
 245: (move f2-7f f3-7f)
 246: (move f3-7f f4-7f)
 247: (move f4-7f f4-6f)
 248: (putdown f4-6f key1-1)
 249: (pickup f4-6f key2-2)
 250: (move f4-6f f3-6f)
 251: (move f3-6f f3-5f)
 252: (move f3-5f f4-5f)
 253: (move f4-5f f5-5f)
 254: (move f5-5f f5-6f)
 255: (move f5-6f f6-6f)
 256: (move f6-6f f6-5f)
 257: (move f6-5f f7-5f)
 258: (move f7-5f f7-4f)
 259: (move f7-4f f7-3f)
 260: (pickup-and-loose f7-3f key1-0 key2-2)
 261: (move f7-3f f7-4f)
 262: (move f7-4f f7-5f)
 263: (move f7-5f f6-5f)
 264: (move f6-5f f6-6f)
 265: (move f6-6f f5-6f)
 266: (move f5-6f f4-6f)
 267: (putdown f4-6f key1-0)
 268: (pickup f4-6f key1-1)
 269: (move f4-6f f4-7f)
 270: (move f4-7f f3-7f)
 271: (move f3-7f f3-6f)
 272: (move f3-6f f3-5f)
 273: (move f3-5f f3-4f)
 274: (move f3-4f f2-4f)
 275: (move f2-4f f2-3f)
 276: (move f2-3f f2-2f)
 277: (putdown f2-2f key1-1)
