/u/ibrahim.eisawy/Neural-Guided-Search/venv/lib/python3.10/site-packages/pymimir_rgnn/model.py:162: UserWarning: index_reduce() is in beta and the API may change at any time. (Triggered internally at /pytorch/aten/src/ATen/native/cuda/Indexing.cu:1541.)
  exps_max.index_reduce_(0, output_indices, output_messages, reduce="amax", include_self=False)
Torch: 2.12.0+cu130
Using GPU:  NVIDIA L40S
-24.809: (grasp left shot2)
-19.971: (fill-shot shot2 ingredient2 left right dispenser2)
-17.104: (pour-shot-to-clean-shaker shot2 ingredient2 shaker1 left l0 l1)
-14.803: (refill-shot shot2 ingredient2 left right dispenser2)
-24.533: (pour-shot-to-used-shaker shot2 ingredient2 shaker1 left l1 l2)
-14.803: (refill-shot shot2 ingredient2 left right dispenser2)
-24.842: (grasp right shaker1)
-26.737: (leave left shot2)
-24.821: (grasp left shot3)
-26.669: (leave right shaker1)
-20.042: (fill-shot shot3 ingredient2 left right dispenser2)
-24.846: (grasp right shot2)
-26.771: (leave left shot3)
-24.856: (grasp left shaker1)
-26.733: (leave right shot2)
-24.800: (grasp right shot3)
-26.703: (leave left shaker1)
-24.846: (grasp left shot2)
-26.771: (leave right shot3)
-24.856: (grasp right shaker1)
-26.733: (leave left shot2)
-24.800: (grasp left shot3)
-27.454: (empty-shot left shot3 ingredient2)
-26.653: (leave left shot3)
-24.784: (grasp left shot2)
-26.703: (leave right shaker1)
-24.852: (grasp right shot3)
-26.731: (leave left shot2)
-25.823: (grasp left shaker1)
-26.653: (leave right shot3)
-24.784: (grasp right shot2)
-26.703: (leave left shaker1)
-24.852: (grasp left shot3)
-26.731: (leave right shot2)
-25.833: (grasp right shot1)
-26.656: (leave left shot3)
-20.035: (fill-shot shot1 ingredient2 right left dispenser2)
-24.839: (grasp left shot2)
-26.767: (leave right shot1)
-24.848: (grasp right shaker1)
-26.729: (leave left shot2)
-24.794: (grasp left shot1)
-26.699: (leave right shaker1)
-24.839: (grasp right shot2)
-26.767: (leave left shot1)
-24.848: (grasp left shaker1)
-26.729: (leave right shot2)
-24.794: (grasp right shot1)
-27.450: (empty-shot right shot1 ingredient2)
-26.649: (leave right shot1)
-24.779: (grasp right shot2)
-26.699: (leave left shaker1)
-24.846: (grasp left shot1)
-26.727: (leave right shot2)
-25.817: (grasp right shaker1)
-26.649: (leave left shot1)
-24.779: (grasp left shot2)
-26.699: (leave right shaker1)
-24.846: (grasp right shot1)
-26.727: (leave left shot2)
-25.821: (grasp left shot3)
-26.647: (leave right shot1)
-14.810: (refill-shot shot3 ingredient2 left right dispenser2)
-24.839: (grasp right shot2)
-26.767: (leave left shot3)
-24.848: (grasp left shaker1)
-26.729: (leave right shot2)
-24.794: (grasp right shot3)
-26.699: (leave left shaker1)
-24.839: (grasp left shot2)
-26.767: (leave right shot3)
-24.848: (grasp right shaker1)
-26.729: (leave left shot2)
-24.794: (grasp left shot3)
-27.450: (empty-shot left shot3 ingredient2)
-26.649: (leave left shot3)
-24.810: (grasp left shot4)
-26.661: (leave right shaker1)
-20.027: (fill-shot shot4 ingredient2 left right dispenser2)
-24.831: (grasp right shot2)
-26.762: (leave left shot4)
-24.841: (grasp left shaker1)
-26.724: (leave right shot2)
-24.787: (grasp right shot4)
-26.695: (leave left shaker1)
-24.831: (grasp left shot2)
-26.762: (leave right shot4)
-24.841: (grasp right shaker1)
-26.724: (leave left shot2)
-24.787: (grasp left shot4)
-27.445: (empty-shot left shot4 ingredient2)
-26.645: (leave left shot4)
-24.774: (grasp left shot2)
-26.695: (leave right shaker1)
-24.840: (grasp right shot4)
-26.723: (leave left shot2)
-25.810: (grasp left shaker1)
-26.645: (leave right shot4)
-24.774: (grasp right shot2)
-26.695: (leave left shaker1)
-24.840: (grasp left shot1)
-26.723: (leave right shot2)
-14.805: (refill-shot shot1 ingredient2 left right dispenser2)
-24.831: (grasp right shot2)
-26.762: (leave left shot1)
-24.841: (grasp left shaker1)
-26.724: (leave right shot2)
-24.787: (grasp right shot1)
-26.695: (leave left shaker1)
-24.831: (grasp left shot2)
-26.762: (leave right shot1)
-24.841: (grasp right shaker1)
-26.724: (leave left shot2)
-24.787: (grasp left shot1)
-27.445: (empty-shot left shot1 ingredient2)
-26.645: (leave left shot1)
-24.800: (grasp left shot3)
-26.652: (leave right shaker1)
-14.805: (refill-shot shot3 ingredient2 left right dispenser2)
-24.831: (grasp right shot2)
-26.762: (leave left shot3)
-24.841: (grasp left shaker1)
-26.724: (leave right shot2)
-24.787: (grasp right shot3)
-26.695: (leave left shaker1)
-24.831: (grasp left shot2)
-26.762: (leave right shot3)
-24.841: (grasp right shaker1)
-26.724: (leave left shot2)
-24.787: (grasp left shot3)
-26.695: (leave right shaker1)
-24.857: (grasp right shot1)
-26.723: (leave left shot3)
-14.823: (refill-shot shot1 ingredient2 right left dispenser2)
-24.853: (grasp left shot2)
-26.768: (leave right shot1)
-24.853: (grasp right shot3)
-26.768: (leave left shot2)
-24.853: (grasp left shot1)
-26.768: (leave right shot3)
-24.853: (grasp right shot2)
-26.768: (leave left shot1)
-24.853: (grasp left shot3)
-26.768: (leave right shot2)
-24.853: (grasp right shot1)
-27.490: (empty-shot left shot3 ingredient2)
-26.723: (leave right shot1)
-25.820: (grasp right shot2)
-27.444: (empty-shot right shot2 ingredient2)
-26.643: (leave left shot3)
-25.801: (grasp left shot1)
-26.685: (leave right shot2)
-24.824: (grasp right shaker1)
-26.724: (leave left shot1)
-24.800: (grasp left shot2)
-26.652: (leave right shaker1)
-25.801: (grasp right shot1)
-26.685: (leave left shot2)
-24.824: (grasp left shaker1)
-26.724: (leave right shot1)
-24.800: (grasp right shot2)
-26.645: (leave right shot2)
-24.800: (grasp right shot3)
-26.652: (leave left shaker1)
-14.805: (refill-shot shot3 ingredient2 right left dispenser2)
-24.831: (grasp left shot1)
-26.762: (leave right shot3)
-24.841: (grasp right shaker1)
-26.724: (leave left shot1)
-24.787: (grasp left shot3)
-26.695: (leave right shaker1)
-24.831: (grasp right shot1)
-26.762: (leave left shot3)
-24.841: (grasp left shaker1)
-26.724: (leave right shot1)
-24.787: (grasp right shot3)
-26.695: (leave left shaker1)
-24.857: (grasp left shot4)
-26.723: (leave right shot3)
-14.823: (refill-shot shot4 ingredient2 left right dispenser2)
-24.853: (grasp right shot1)
-26.768: (leave left shot4)
-24.853: (grasp left shot3)
-26.768: (leave right shot1)
-24.853: (grasp right shot4)
-26.768: (leave left shot3)
-24.853: (grasp left shot1)
-26.768: (leave right shot4)
-24.853: (grasp right shot3)
-26.768: (leave left shot1)
-24.853: (grasp left shot4)
-27.490: (empty-shot right shot3 ingredient2)
-26.685: (leave right shot3)
-24.831: (grasp right shot1)
-26.762: (leave left shot4)
-24.841: (grasp left shaker1)
-26.724: (leave right shot1)
-24.787: (grasp right shot4)
-26.695: (leave left shaker1)
-24.831: (grasp left shot1)
-26.762: (leave right shot4)
-24.841: (grasp right shaker1)
-26.724: (leave left shot1)
-24.787: (grasp left shot4)
-27.445: (empty-shot left shot4 ingredient2)
-26.652: (leave right shaker1)
-25.801: (grasp right shot1)
-27.443: (empty-shot right shot1 ingredient2)
-26.641: (leave left shot4)
-25.790: (grasp left shaker1)
-26.643: (leave right shot1)
-24.791: (grasp right shot2)
-26.650: (leave left shaker1)
-25.795: (grasp left shot4)
-26.641: (leave right shot2)
-14.786: (refill-shot shot4 ingredient2 left right dispenser2)
-24.824: (grasp right shaker1)
-26.724: (leave left shot4)
-24.800: (grasp left shot2)
-26.652: (leave right shaker1)
-25.801: (grasp right shot4)
-26.685: (leave left shot2)
-24.824: (grasp left shaker1)
-26.724: (leave right shot4)
-24.800: (grasp right shot1)
-26.652: (leave left shaker1)
-25.801: (grasp left shot4)
-26.685: (leave right shot1)
-24.840: (grasp right shot2)
-26.722: (leave left shot4)
-25.809: (grasp left shaker1)
-26.645: (leave right shot2)
-24.800: (grasp right shot3)
-26.652: (leave left shaker1)
-14.805: (refill-shot shot3 ingredient2 right left dispenser2)
-24.831: (grasp left shot4)
-26.762: (leave right shot3)
-24.841: (grasp right shaker1)
-26.724: (leave left shot4)
-24.787: (grasp left shot3)
-26.695: (leave right shaker1)
-24.831: (grasp right shot4)
-26.762: (leave left shot3)
-24.841: (grasp left shaker1)
-26.724: (leave right shot4)
-24.787: (grasp right shot3)
-26.695: (leave left shaker1)
-24.857: (grasp left shot1)
-26.723: (leave right shot3)
-25.820: (grasp right shot4)
-27.444: (empty-shot right shot4 ingredient2)
-26.643: (leave right shot4)
-25.801: (grasp right shot3)
-26.685: (leave left shot1)
-24.824: (grasp left shaker1)
-26.724: (leave right shot3)
-24.800: (grasp right shot1)
-26.652: (leave left shaker1)
-25.801: (grasp left shot3)
-26.685: (leave right shot1)
-24.824: (grasp right shaker1)
-26.724: (leave left shot3)
-24.800: (grasp left shot1)
-26.645: (leave left shot1)
-24.800: (grasp left shot2)
-26.652: (leave right shaker1)
-25.801: (grasp right shot3)
-27.443: (empty-shot right shot3 ingredient2)
-26.641: (leave left shot2)
-25.790: (grasp left shaker1)
-26.643: (leave right shot3)
-24.791: (grasp right shot4)
-26.650: (leave left shaker1)
-25.795: (grasp left shot1)
-26.641: (leave right shot4)
-25.790: (grasp right shaker1)
-26.643: (leave left shot1)
-24.791: (grasp left shot2)
-26.650: (leave right shaker1)
-25.795: (grasp right shot4)
-26.641: (leave right shot4)
-25.795: (grasp right shot1)
-26.641: (leave left shot2)
-25.795: (grasp left shot3)
-26.641: (leave right shot1)
-25.790: (grasp right shaker1)
-26.643: (leave left shot3)
-24.791: (grasp left shot4)
-26.643: (leave left shot4)
-24.803: (grasp left shot5)
-26.648: (leave right shaker1)
-19.983: (fill-shot shot5 ingredient2 left right dispenser2)
-24.824: (grasp right shaker1)
-26.724: (leave left shot5)
-24.800: (grasp left shot1)
-26.653: (leave right shaker1)
-14.803: (refill-shot shot1 ingredient2 left right dispenser2)
-24.829: (grasp right shot5)
-26.763: (leave left shot1)
-24.839: (grasp left shaker1)
-26.724: (leave right shot5)
-24.785: (grasp right shot1)
-26.695: (leave left shaker1)
-24.829: (grasp left shot5)
-26.763: (leave right shot1)
-24.839: (grasp right shaker1)
-26.724: (leave left shot5)
-24.785: (grasp left shot1)
-26.695: (leave right shaker1)
-24.854: (grasp right shot4)
-26.723: (leave left shot1)
-14.821: (refill-shot shot4 ingredient2 right left dispenser2)
-24.849: (grasp left shot1)
-26.768: (leave right shot4)
-24.850: (grasp right shot5)
-26.768: (leave left shot1)
-24.850: (grasp left shot4)
-26.766: (leave right shot5)
-24.849: (grasp right shot1)
-26.768: (leave left shot4)
-24.850: (grasp left shot5)
-26.768: (leave right shot1)
-24.850: (grasp right shot4)
-27.488: (empty-shot left shot5 ingredient2)
-26.672: (leave left shot5)
-24.826: (grasp left shot1)
-26.760: (leave right shot4)
-24.836: (grasp right shaker1)
-26.723: (leave left shot1)
-24.783: (grasp left shot4)
-26.693: (leave right shaker1)
-24.826: (grasp right shot1)
-26.760: (leave left shot4)
-24.836: (grasp left shaker1)
-26.723: (leave right shot1)
-24.783: (grasp right shot4)
-27.444: (empty-shot right shot4 ingredient2)
-26.643: (leave right shot4)
-24.772: (grasp right shot1)
-26.693: (leave left shaker1)
-24.837: (grasp left shot4)
-26.721: (leave right shot1)
-25.805: (grasp right shaker1)
-26.643: (leave left shot4)
-24.772: (grasp left shot1)
-26.693: (leave right shaker1)
-24.837: (grasp right shot4)
-26.721: (leave left shot1)
-25.810: (grasp left shot2)
-26.641: (leave right shot4)
-14.801: (refill-shot shot2 ingredient2 left right dispenser2)
-24.826: (grasp right shot1)
-26.760: (leave left shot2)
-24.836: (grasp left shaker1)
-26.723: (leave right shot1)
-24.783: (grasp right shot2)
-26.693: (leave left shaker1)
-24.826: (grasp left shot1)
-26.760: (leave right shot2)
-24.836: (grasp right shaker1)
-26.723: (leave left shot1)
-24.783: (grasp left shot2)
-27.444: (empty-shot left shot2 ingredient2)
-26.643: (leave left shot2)
-24.798: (grasp left shot3)
-26.651: (leave right shaker1)
-14.801: (refill-shot shot3 ingredient2 left right dispenser2)
-24.826: (grasp right shot1)
-26.760: (leave left shot3)
-24.836: (grasp left shaker1)
-26.723: (leave right shot1)
-24.783: (grasp right shot3)
-26.693: (leave left shaker1)
-24.826: (grasp left shot1)
-26.760: (leave right shot3)
-24.836: (grasp right shaker1)
-26.723: (leave left shot1)
-24.783: (grasp left shot3)
-26.693: (leave right shaker1)
-24.852: (grasp right shot4)
-26.721: (leave left shot3)
-14.820: (refill-shot shot4 ingredient2 right left dispenser2)
-24.847: (grasp left shot1)
-26.766: (leave right shot4)
-24.847: (grasp right shot3)
-26.766: (leave left shot1)
-24.847: (grasp left shot4)
-26.766: (leave right shot3)
-24.847: (grasp right shot1)
-26.766: (leave left shot4)
-24.847: (grasp left shot3)
-26.766: (leave right shot1)
-24.847: (grasp right shot4)
-27.487: (empty-shot left shot3 ingredient2)
-26.721: (leave right shot4)
-25.815: (grasp right shot1)
-27.442: (empty-shot right shot1 ingredient2)
-26.641: (leave left shot3)
-25.796: (grasp left shot4)
-26.684: (leave right shot1)
-24.821: (grasp right shaker1)
-26.723: (leave left shot4)
-24.798: (grasp left shot1)
-26.651: (leave right shaker1)
-25.796: (grasp right shot4)
-26.684: (leave left shot1)
-24.821: (grasp left shaker1)
-26.723: (leave right shot4)
-24.798: (grasp right shot2)
-26.651: (leave left shaker1)
-14.801: (refill-shot shot2 ingredient2 right left dispenser2)
-24.826: (grasp left shot4)
-26.760: (leave right shot2)
-24.836: (grasp right shaker1)
-26.723: (leave left shot4)
-24.783: (grasp left shot2)
-26.693: (leave right shaker1)
-24.826: (grasp right shot4)
-26.760: (leave left shot2)
-24.836: (grasp left shaker1)
-26.723: (leave right shot4)
-24.783: (grasp right shot2)
-26.693: (leave left shaker1)
-24.852: (grasp left shot1)
-26.721: (leave right shot2)
-14.820: (refill-shot shot1 ingredient2 left right dispenser2)
-24.847: (grasp right shot4)
-26.766: (leave left shot1)
-24.847: (grasp left shot2)
-26.766: (leave right shot4)
-24.847: (grasp right shot1)
-26.766: (leave left shot2)
-24.847: (grasp left shot4)
-26.766: (leave right shot1)
-24.847: (grasp right shot2)
-26.766: (leave left shot4)
-24.847: (grasp left shot1)
-27.487: (empty-shot right shot2 ingredient2)
-26.721: (leave left shot1)
-25.815: (grasp left shot4)
-27.442: (empty-shot left shot4 ingredient2)
-26.641: (leave left shot4)
-25.796: (grasp left shot1)
-27.441: (empty-shot left shot1 ingredient2)
-26.640: (leave left shot1)
-14.783: (refill-shot shot2 ingredient2 right left dispenser2)
-24.821: (grasp left shaker1)
-26.723: (leave right shot2)
-24.798: (grasp right shot3)
-26.651: (leave left shaker1)
-14.801: (refill-shot shot3 ingredient2 right left dispenser2)
-24.826: (grasp left shot2)
-26.760: (leave right shot3)
-24.836: (grasp right shaker1)
-26.723: (leave left shot2)
-24.783: (grasp left shot3)
-26.693: (leave right shaker1)
-24.826: (grasp right shot2)
-26.760: (leave left shot3)
-24.836: (grasp left shaker1)
-26.723: (leave right shot2)
-24.783: (grasp right shot3)
-26.693: (leave left shaker1)
-24.852: (grasp left shot1)
-26.721: (leave right shot3)
-14.820: (refill-shot shot1 ingredient2 left right dispenser2)
-24.847: (grasp right shot3)
-26.766: (leave left shot1)
-24.847: (grasp left shot2)
-26.766: (leave right shot3)
-24.847: (grasp right shot1)
-26.766: (leave left shot2)
-24.847: (grasp left shot3)
-26.766: (leave right shot1)
-24.847: (grasp right shot2)
-26.766: (leave left shot3)
-24.847: (grasp left shot1)
-27.487: (empty-shot right shot2 ingredient2)
-26.721: (leave left shot1)
-25.815: (grasp left shot3)
-27.442: (empty-shot left shot3 ingredient2)
-26.641: (leave left shot3)
-25.805: (grasp left shaker1)
-26.643: (leave right shot2)
-24.798: (grasp right shot3)
-26.651: (leave left shaker1)
-25.796: (grasp left shot1)
-27.441: (empty-shot left shot1 ingredient2)
-26.640: (leave left shot1)
-14.783: (refill-shot shot3 ingredient2 right left dispenser2)
-24.821: (grasp left shaker1)
-26.723: (leave right shot3)
-24.798: (grasp right shot2)
-26.651: (leave left shaker1)
-25.796: (grasp left shot3)
-26.684: (leave right shot2)
-24.821: (grasp right shaker1)
-26.723: (leave left shot3)
-24.798: (grasp left shot1)
-26.651: (leave right shaker1)
-25.796: (grasp right shot3)
-26.684: (leave left shot1)
-24.837: (grasp left shot4)
-26.721: (leave right shot3)
-14.801: (refill-shot shot4 ingredient2 left right dispenser2)
-24.827: (grasp right shot3)
-26.760: (leave left shot4)
-24.836: (grasp left shaker1)
-26.723: (leave right shot3)
-24.783: (grasp right shot4)
-26.693: (leave left shaker1)
-24.827: (grasp left shot3)
-26.760: (leave right shot4)
-24.836: (grasp right shaker1)
-26.723: (leave left shot3)
-24.783: (grasp left shot4)
-27.444: (empty-shot left shot4 ingredient2)
-26.643: (leave left shot4)
-24.798: (grasp left shot2)
-26.651: (leave right shaker1)
-25.796: (grasp right shot3)
-27.441: (empty-shot right shot3 ingredient2)
-26.640: (leave right shot3)
-14.783: (refill-shot shot2 ingredient2 left right dispenser2)
-24.821: (grasp right shaker1)
-26.723: (leave left shot2)
-24.798: (grasp left shot3)
-26.651: (leave right shaker1)
-25.796: (grasp right shot2)
-27.441: (empty-shot right shot2 ingredient2)
-26.640: (leave right shot2)
-25.786: (grasp right shaker1)
-26.641: (leave left shot3)
-24.790: (grasp left shot2)
-26.641: (leave left shot2)
-24.790: (grasp left shot1)
-26.649: (leave right shaker1)
-25.791: (grasp right shot4)
-26.640: (leave left shot1)
-25.786: (grasp left shaker1)
-26.641: (leave right shot4)
-24.790: (grasp right shot1)
-26.649: (leave left shaker1)
-25.791: (grasp left shot4)
-26.640: (leave right shot1)
-25.786: (grasp right shaker1)
-26.641: (leave left shot4)
-24.794: (grasp left shot5)
-26.639: (leave right shaker1)
-25.789: (grasp right shot1)
-26.628: (leave left shot5)
-25.791: (grasp left shot2)
-26.640: (leave left shot2)
-25.791: (grasp left shot3)
-26.640: (leave left shot3)
-27.519: (leave right shot1)
-24.827: (grasp right shot5)
-14.781: (refill-shot shot5 ingredient2 right left dispenser2)
-24.824: (grasp left shaker1)
-26.724: (leave right shot5)
-24.800: (grasp right shot3)
-26.653: (leave left shaker1)
-14.803: (refill-shot shot3 ingredient2 right left dispenser2)
-24.829: (grasp left shot5)
-26.763: (leave right shot3)
-24.839: (grasp right shaker1)
-26.724: (leave left shot5)
-24.785: (grasp left shot3)
-26.695: (leave right shaker1)
-24.829: (grasp right shot5)
-26.763: (leave left shot3)
-24.839: (grasp left shaker1)
-26.724: (leave right shot5)
-24.785: (grasp right shot3)
-26.695: (leave left shaker1)
-24.854: (grasp left shot1)
-26.723: (leave right shot3)
-14.822: (refill-shot shot1 ingredient2 left right dispenser2)
-24.849: (grasp right shot3)
-26.768: (leave left shot1)
-24.849: (grasp left shot5)
-26.768: (leave right shot3)
-24.850: (grasp right shot1)
-26.766: (leave left shot5)
-24.849: (grasp left shot3)
-26.768: (leave right shot1)
-24.849: (grasp right shot5)
-26.768: (leave left shot3)
-24.850: (grasp left shot1)
-27.488: (empty-shot right shot5 ingredient2)
-26.712: (leave left shot1)
-25.813: (grasp left shot3)
-27.432: (empty-shot left shot3 ingredient2)
-26.632: (leave left shot3)
-25.794: (grasp left shot1)
-27.432: (empty-shot left shot1 ingredient2)
-26.628: (leave right shot5)
-28.886: (clean-shot shot1 ingredient2 left right)
-20.002: (fill-shot shot1 ingredient3 left right dispenser3)
-24.855: (grasp right shaker1)
-26.756: (leave left shot1)
-24.833: (grasp left shot2)
-26.685: (leave right shaker1)
-14.842: (refill-shot shot2 ingredient2 left right dispenser2)
-24.865: (grasp right shot1)
-26.799: (leave left shot2)
-24.873: (grasp left shaker1)
-26.757: (leave right shot1)
-24.822: (grasp right shot2)
-26.728: (leave left shaker1)
-24.865: (grasp left shot1)
-26.799: (leave right shot2)
-24.873: (grasp right shaker1)
-26.757: (leave left shot1)
-24.822: (grasp left shot2)
-26.728: (leave right shaker1)
-24.891: (grasp right shot4)
-26.757: (leave left shot2)
-14.861: (refill-shot shot4 ingredient2 right left dispenser2)
-24.888: (grasp left shot1)
-26.809: (leave right shot4)
-24.885: (grasp right shot2)
-26.809: (leave left shot1)
-24.888: (grasp left shot4)
-26.804: (leave right shot2)
-24.888: (grasp right shot1)
-26.809: (leave left shot4)
-24.885: (grasp left shot2)
-26.809: (leave right shot1)
-24.888: (grasp right shot4)
-27.526: (empty-shot left shot2 ingredient2)
-26.719: (leave left shot2)
-24.865: (grasp left shot1)
-26.799: (leave right shot4)
-24.873: (grasp right shaker1)
-26.757: (leave left shot1)
-24.822: (grasp left shot4)
-26.728: (leave right shaker1)
-24.865: (grasp right shot1)
-26.799: (leave left shot4)
-24.873: (grasp left shaker1)
-26.757: (leave right shot1)
-24.822: (grasp right shot4)
-27.478: (empty-shot right shot4 ingredient2)
-26.677: (leave right shot4)
-24.807: (grasp right shot1)
-26.726: (leave left shaker1)
-24.872: (grasp left shot2)
-27.469: (empty-shot right shot1 ingredient3)
-26.664: (leave right shot1)
-14.811: (refill-shot shot2 ingredient2 left right dispenser2)
-24.848: (grasp right shaker1)
-26.747: (leave left shot2)
-24.823: (grasp left shot1)
-26.675: (leave right shaker1)
-25.843: (grasp right shot2)
-26.708: (leave left shot1)
-24.848: (grasp left shaker1)
-26.747: (leave right shot2)
-24.823: (grasp right shot1)
-26.675: (leave left shaker1)
-25.843: (grasp left shot2)
-26.708: (leave right shot1)
-24.864: (grasp right shot4)
-26.746: (leave left shot2)
-14.829: (refill-shot shot4 ingredient2 right left dispenser2)
-24.855: (grasp left shot2)
-26.786: (leave right shot4)
-24.865: (grasp right shaker1)
-26.748: (leave left shot2)
-24.811: (grasp left shot4)
-26.718: (leave right shaker1)
-24.855: (grasp right shot2)
-26.786: (leave left shot4)
-24.865: (grasp left shaker1)
-26.748: (leave right shot2)
-24.811: (grasp right shot4)
-27.469: (empty-shot right shot4 ingredient2)
-26.668: (leave right shot4)
-24.823: (grasp right shot3)
-26.675: (leave left shaker1)
-14.829: (refill-shot shot3 ingredient2 right left dispenser2)
-24.855: (grasp left shot2)
-26.786: (leave right shot3)
-24.865: (grasp right shaker1)
-26.748: (leave left shot2)
-24.811: (grasp left shot3)
-26.718: (leave right shaker1)
-24.855: (grasp right shot2)
-26.786: (leave left shot3)
-24.865: (grasp left shaker1)
-26.748: (leave right shot2)
-24.811: (grasp right shot3)
-26.718: (leave left shaker1)
-24.881: (grasp left shot4)
-26.746: (leave right shot3)
-14.848: (refill-shot shot4 ingredient2 left right dispenser2)
-24.877: (grasp right shot2)
-26.794: (leave left shot4)
-24.877: (grasp left shot3)
-26.794: (leave right shot2)
-24.877: (grasp right shot4)
-26.794: (leave left shot3)
-24.877: (grasp left shot2)
-26.794: (leave right shot4)
-24.877: (grasp right shot3)
-26.794: (leave left shot2)
-24.877: (grasp left shot4)
-27.516: (empty-shot right shot3 ingredient2)
-26.746: (leave left shot4)
-25.844: (grasp left shot2)
-27.467: (empty-shot left shot2 ingredient2)
-26.666: (leave left shot2)
-14.829: (refill-shot shot3 ingredient2 right left dispenser2)
-24.855: (grasp left shot4)
-26.786: (leave right shot3)
-24.865: (grasp right shaker1)
-26.748: (leave left shot4)
-24.811: (grasp left shot3)
-26.718: (leave right shaker1)
-24.855: (grasp right shot4)
-26.786: (leave left shot3)
-24.865: (grasp left shaker1)
-26.748: (leave right shot4)
-24.811: (grasp right shot3)
-27.469: (empty-shot right shot3 ingredient2)
-26.668: (leave right shot3)
-24.798: (grasp right shot4)
-26.718: (leave left shaker1)
-24.864: (grasp left shot2)
-26.746: (leave right shot4)
-25.834: (grasp right shaker1)
-26.668: (leave left shot2)
-24.798: (grasp left shot4)
-26.718: (leave right shaker1)
-24.864: (grasp right shot2)
-26.746: (leave left shot4)
-25.834: (grasp left shaker1)
-26.668: (leave right shot2)
-24.823: (grasp right shot1)
-26.675: (leave left shaker1)
-25.843: (grasp left shot4)
-27.466: (empty-shot left shot4 ingredient2)
-26.665: (leave right shot1)
-25.815: (grasp right shaker1)
-26.666: (leave left shot4)
-24.814: (grasp left shot1)
-26.673: (leave right shaker1)
-25.836: (grasp right shot3)
-26.664: (leave left shot1)
-14.811: (refill-shot shot3 ingredient2 right left dispenser2)
-24.848: (grasp left shaker1)
-26.747: (leave right shot3)
-24.823: (grasp right shot1)
-26.675: (leave left shaker1)
-14.843: (refill-shot shot1 ingredient3 right left dispenser3)
-24.863: (grasp left shot3)
-26.799: (leave right shot1)
-24.875: (grasp right shaker1)
-26.758: (leave left shot3)
-24.821: (grasp left shot1)
-26.727: (leave right shaker1)
-24.863: (grasp right shot3)
-26.799: (leave left shot1)
-24.875: (grasp left shaker1)
-26.758: (leave right shot3)
-24.821: (grasp right shot1)
-26.727: (leave left shaker1)
-24.889: (grasp left shot2)
-26.755: (leave right shot1)
-14.861: (refill-shot shot2 ingredient2 left right dispenser2)
-24.888: (grasp right shot1)
-26.809: (leave left shot2)
-24.885: (grasp left shot3)
-26.809: (leave right shot1)
-24.888: (grasp right shot2)
-26.804: (leave left shot3)
-24.888: (grasp left shot1)
-26.809: (leave right shot2)
-24.885: (grasp right shot3)
-26.809: (leave left shot1)
-24.888: (grasp left shot2)
-27.526: (empty-shot left shot2 ingredient2)
-27.477: (empty-shot right shot3 ingredient2)
-26.675: (leave left shot2)
-25.836: (grasp left shot1)
-26.717: (leave right shot3)
-24.872: (grasp right shot2)
-26.754: (leave left shot1)
-25.847: (grasp left shaker1)
-26.677: (leave right shot2)
-24.833: (grasp right shot3)
-26.677: (leave right shot3)
-24.836: (grasp right shot5)
-26.675: (leave left shaker1)
-14.841: (refill-shot shot5 ingredient2 right left dispenser2)
-24.868: (grasp left shot1)
-26.800: (leave right shot5)
-24.875: (grasp right shaker1)
-26.759: (leave left shot1)
-24.824: (grasp left shot5)
-26.732: (leave right shaker1)
-24.868: (grasp right shot1)
-26.800: (leave left shot5)
-24.875: (grasp left shaker1)
-26.759: (leave right shot1)
-24.824: (grasp right shot5)
-26.732: (leave left shaker1)
-24.894: (grasp left shot4)
-26.757: (leave right shot5)
-14.862: (refill-shot shot4 ingredient2 left right dispenser2)
-24.889: (grasp right shot1)
-26.810: (leave left shot4)
-24.888: (grasp left shot5)
-26.811: (leave right shot1)
-24.890: (grasp right shot4)
-26.804: (leave left shot5)
-24.889: (grasp left shot1)
-26.810: (leave right shot4)
-24.888: (grasp right shot5)
-26.811: (leave left shot1)
-24.890: (grasp left shot4)
-27.526: (empty-shot right shot5 ingredient2)
-26.747: (leave left shot4)
-25.854: (grasp left shot1)
-27.461: (empty-shot left shot1 ingredient3)
-26.654: (leave right shot5)
-25.843: (grasp right shot4)
-27.466: (empty-shot right shot4 ingredient2)
-26.665: (leave left shot1)
-25.815: (grasp left shaker1)
-26.666: (leave right shot4)
-24.814: (grasp right shot1)
-26.673: (leave left shaker1)
-25.836: (grasp left shot3)
-26.664: (leave right shot1)
-14.811: (refill-shot shot3 ingredient2 left right dispenser2)
-24.848: (grasp right shaker1)
-26.747: (leave left shot3)
-24.823: (grasp left shot1)
-26.675: (leave right shaker1)
-25.843: (grasp right shot3)
-26.708: (leave left shot1)
-24.864: (grasp left shot4)
-26.746: (leave right shot3)
-25.834: (grasp right shaker1)
-26.668: (leave left shot4)
-24.823: (grasp left shot2)
-26.675: (leave right shaker1)
-25.825: (grasp right shot3)
-27.466: (empty-shot right shot3 ingredient2)
-26.665: (leave left shot2)
-25.815: (grasp left shaker1)
-26.666: (leave right shot3)
-24.814: (grasp right shot2)
-26.674: (leave left shaker1)
-25.819: (grasp left shot1)
-26.664: (leave left shot1)
-25.820: (grasp left shot4)
-26.665: (leave left shot4)
-25.820: (grasp left shot3)
-26.665: (leave right shot2)
-25.815: (grasp right shaker1)
-26.666: (leave left shot3)
-24.814: (grasp left shot2)
-26.666: (leave left shot2)
-24.818: (grasp left shot5)
-26.664: (leave right shaker1)
-14.809: (refill-shot shot5 ingredient2 left right dispenser2)
-24.851: (grasp right shaker1)
-26.748: (leave left shot5)
-24.825: (grasp left shot1)
-26.677: (leave right shaker1)
-25.845: (grasp right shot5)
-26.712: (leave left shot1)
-24.851: (grasp left shaker1)
-26.748: (leave right shot5)
-24.825: (grasp right shot1)
-26.677: (leave left shaker1)
-25.845: (grasp left shot5)
-27.467: (empty-shot left shot5 ingredient2)
-26.653: (leave left shot5)
-27.564: (leave right shot1)
-24.853: (grasp right shot5)
-25.813: (grasp left shaker1)
-26.654: (leave right shot5)
-24.814: (grasp right shot1)
-26.666: (leave right shot1)
-24.814: (grasp right shot1)
-26.666: (leave right shot1)
-24.814: (grasp right shot1)
-26.666: (leave right shot1)
-24.814: (grasp right shot1)
-26.666: (leave right shot1)
-24.814: (grasp right shot1)
-26.666: (leave right shot1)
-24.814: (grasp right shot1)
-26.666: (leave right shot1)
-24.814: (grasp right shot1)
-26.666: (leave right shot1)
-24.814: (grasp right shot1)
-26.666: (leave right shot1)
-24.814: (grasp right shot1)
-26.666: (leave right shot1)
-24.814: (grasp right shot1)
-26.666: (leave right shot1)
-24.814: (grasp right shot1)
-26.666: (leave right shot1)
-24.814: (grasp right shot1)
-26.666: (leave right shot1)
-24.814: (grasp right shot1)
-26.666: (leave right shot1)
-24.814: (grasp right shot1)
-26.666: (leave right shot1)
-24.814: (grasp right shot1)
-26.666: (leave right shot1)
-24.814: (grasp right shot1)
-26.666: (leave right shot1)
-24.814: (grasp right shot1)
-26.666: (leave right shot1)
-24.814: (grasp right shot1)
-26.666: (leave right shot1)
-24.814: (grasp right shot1)
-26.666: (leave right shot1)
-24.814: (grasp right shot1)
-26.666: (leave right shot1)
-24.814: (grasp right shot1)
-26.666: (leave right shot1)
-24.814: (grasp right shot1)
-26.666: (leave right shot1)
-24.814: (grasp right shot1)
-26.666: (leave right shot1)
-24.814: (grasp right shot1)
-26.666: (leave right shot1)
-24.814: (grasp right shot1)
-26.666: (leave right shot1)
-24.814: (grasp right shot1)
-26.666: (leave right shot1)
-24.814: (grasp right shot1)
-26.666: (leave right shot1)
-24.814: (grasp right shot1)
-26.666: (leave right shot1)
-24.814: (grasp right shot1)
-26.666: (leave right shot1)
-24.814: (grasp right shot1)
-26.666: (leave right shot1)
-24.814: (grasp right shot1)
-26.666: (leave right shot1)
-24.814: (grasp right shot1)
-26.666: (leave right shot1)
-24.814: (grasp right shot1)
-26.666: (leave right shot1)
-24.814: (grasp right shot1)
-26.666: (leave right shot1)
-24.814: (grasp right shot1)
-26.666: (leave right shot1)
-24.814: (grasp right shot1)
-26.666: (leave right shot1)
-24.814: (grasp right shot1)
-26.666: (leave right shot1)
-24.814: (grasp right shot1)
-26.666: (leave right shot1)
-24.814: (grasp right shot1)
-26.666: (leave right shot1)
-24.814: (grasp right shot1)
-26.666: (leave right shot1)
-24.814: (grasp right shot1)
-26.666: (leave right shot1)
-24.814: (grasp right shot1)
-26.666: (leave right shot1)
-24.814: (grasp right shot1)
-26.666: (leave right shot1)
-24.814: (grasp right shot1)
-26.666: (leave right shot1)
-24.814: (grasp right shot1)
-26.666: (leave right shot1)
-24.814: (grasp right shot1)
-26.666: (leave right shot1)
-24.814: (grasp right shot1)
-26.666: (leave right shot1)
-24.814: (grasp right shot1)
-26.666: (leave right shot1)
-24.814: (grasp right shot1)
-26.666: (leave right shot1)
-24.814: (grasp right shot1)
-26.666: (leave right shot1)
-24.814: (grasp right shot1)
-26.666: (leave right shot1)
-24.814: (grasp right shot1)
-26.666: (leave right shot1)
-24.814: (grasp right shot1)
-26.666: (leave right shot1)
-24.814: (grasp right shot1)
-26.666: (leave right shot1)
-24.814: (grasp right shot1)
-26.666: (leave right shot1)
-24.814: (grasp right shot1)
-26.666: (leave right shot1)
-24.814: (grasp right shot1)
-26.666: (leave right shot1)
Failed to find a solution!
