/u/ibrahim.eisawy/Neural-Guided-Search/venv/lib/python3.10/site-packages/pymimir_rgnn/model.py:151: UserWarning: index_reduce() is in beta and the API may change at any time. (Triggered internally at /pytorch/aten/src/ATen/native/cuda/Indexing.cu:1541.)
  max_msg.index_reduce_(0, output_indices, output_messages, reduce='amax', include_self=True)
Torch: 2.12.0+cu130
Using GPU:  NVIDIA L40S
45.284: (grasp left shot1)
45.284: (grasp right shot2)
45.284: (grasp right shot1)
45.284: (grasp left shot2)
45.315: (grasp left shot9)
45.315: (grasp right shot5)
45.315: (grasp right shot4)
45.315: (grasp right shot8)
45.315: (grasp right shot9)
45.315: (grasp left shot8)
45.315: (grasp left shot5)
45.315: (grasp left shot4)
45.409: (grasp left shot7)
45.409: (grasp right shot3)
45.409: (grasp left shot6)
45.409: (grasp left shot3)
45.409: (grasp right shot6)
45.409: (grasp right shot7)
45.602: (grasp left shot10)
45.602: (grasp right shot10)
46.543: (grasp right shaker1)
46.543: (grasp left shaker1)
41.259: (fill-shot shot10 ingredient2 right left dispenser2)
41.259: (fill-shot shot10 ingredient2 left right dispenser2)
42.354: (fill-shot shot4 ingredient2 left right dispenser2)
42.354: (fill-shot shot5 ingredient2 left right dispenser2)
42.355: (fill-shot shot9 ingredient2 right left dispenser2)
42.355: (fill-shot shot8 ingredient2 left right dispenser2)
42.355: (fill-shot shot8 ingredient2 right left dispenser2)
42.355: (fill-shot shot9 ingredient2 left right dispenser2)
42.355: (fill-shot shot4 ingredient2 right left dispenser2)
42.355: (fill-shot shot5 ingredient2 right left dispenser2)
43.401: (fill-shot shot4 ingredient4 right left dispenser4)
43.401: (fill-shot shot8 ingredient4 right left dispenser4)
43.401: (fill-shot shot9 ingredient4 left right dispenser4)
43.401: (fill-shot shot5 ingredient4 right left dispenser4)
43.401: (fill-shot shot4 ingredient4 left right dispenser4)
43.401: (fill-shot shot5 ingredient4 left right dispenser4)
43.401: (fill-shot shot9 ingredient4 right left dispenser4)
43.401: (fill-shot shot8 ingredient4 left right dispenser4)
43.529: (fill-shot shot10 ingredient3 left right dispenser3)
43.529: (fill-shot shot10 ingredient1 left right dispenser1)
43.529: (fill-shot shot10 ingredient3 right left dispenser3)
43.529: (fill-shot shot10 ingredient1 right left dispenser1)
43.565: (fill-shot shot1 ingredient2 left right dispenser2)
43.565: (fill-shot shot2 ingredient2 right left dispenser2)
43.565: (fill-shot shot1 ingredient2 right left dispenser2)
43.565: (fill-shot shot2 ingredient2 left right dispenser2)
43.761: (fill-shot shot4 ingredient3 left right dispenser3)
43.761: (fill-shot shot4 ingredient1 left right dispenser1)
43.761: (fill-shot shot5 ingredient1 left right dispenser1)
43.761: (fill-shot shot5 ingredient3 left right dispenser3)
43.761: (fill-shot shot8 ingredient1 left right dispenser1)
43.761: (fill-shot shot8 ingredient3 left right dispenser3)
43.761: (fill-shot shot9 ingredient1 left right dispenser1)
43.761: (fill-shot shot9 ingredient3 left right dispenser3)
43.761: (fill-shot shot5 ingredient1 right left dispenser1)
43.762: (fill-shot shot5 ingredient3 right left dispenser3)
43.762: (fill-shot shot4 ingredient1 right left dispenser1)
43.762: (fill-shot shot4 ingredient3 right left dispenser3)
43.762: (fill-shot shot9 ingredient3 right left dispenser3)
43.762: (fill-shot shot9 ingredient1 right left dispenser1)
42.192: (grasp right shot9)
42.192: (grasp right shot4)
42.192: (grasp right shot8)
42.192: (grasp right shot5)
42.193: (grasp left shot4)
42.193: (grasp left shot9)
42.193: (grasp left shot5)
42.193: (grasp left shot8)
42.207: (grasp right shaker1)
42.207: (grasp left shaker1)
42.458: (leave right shot8)
42.458: (leave right shot9)
42.458: (leave right shot4)
42.458: (leave right shot5)
42.458: (leave left shot9)
42.458: (leave left shot5)
42.458: (leave left shot4)
42.458: (leave left shot8)
42.608: (grasp right shot2)
42.608: (grasp right shot1)
42.608: (grasp left shot1)
42.608: (grasp left shot2)
42.713: (grasp right shot7)
42.713: (grasp right shot3)
42.713: (grasp right shot6)
42.713: (grasp left shot3)
42.713: (grasp left shot7)
42.713: (grasp left shot6)
42.967: (leave right shot10)
42.967: (leave left shot10)
43.008: (grasp right shot5)
43.008: (grasp right shot4)
43.008: (grasp left shot4)
43.008: (grasp right shot8)
43.008: (grasp left shot8)
43.008: (grasp left shot5)
43.008: (grasp right shot9)
43.008: (grasp right shot9)
43.008: (grasp right shot5)
43.008: (grasp right shot4)
42.156: (grasp left shot8)
42.156: (grasp left shot5)
42.156: (grasp left shot4)
42.156: (grasp right shot9)
42.156: (grasp left shot9)
42.156: (grasp left shot8)
42.156: (grasp left shot5)
42.156: (grasp left shot4)
42.156: (grasp right shot5)
42.156: (grasp right shot4)
42.156: (grasp left shot8)
42.156: (grasp right shot9)
42.156: (grasp right shot5)
42.156: (grasp right shot8)
42.156: (grasp left shot9)
42.156: (grasp left shot5)
42.157: (grasp left shot4)
42.157: (grasp left shot9)
42.157: (grasp right shot8)
42.157: (grasp right shot5)
42.157: (grasp right shot4)
42.157: (grasp right shot4)
42.157: (grasp right shot8)
42.157: (grasp right shot9)
42.157: (leave left shot5)
42.157: (leave left shot4)
42.157: (leave left shot5)
42.157: (leave left shot8)
42.157: (leave left shot8)
42.157: (leave right shot9)
42.157: (leave left shot5)
42.157: (leave right shot9)
42.157: (leave left shot8)
42.157: (leave right shot9)
42.468: (grasp right shot10)
42.468: (grasp left shot10)
42.468: (grasp right shot10)
42.468: (grasp right shot10)
42.468: (grasp left shot10)
42.468: (grasp left shot10)
40.701: (fill-shot shot8 ingredient4 right left dispenser4)
40.701: (fill-shot shot5 ingredient4 left right dispenser4)
40.701: (fill-shot shot9 ingredient4 left right dispenser4)
40.702: (fill-shot shot9 ingredient4 left right dispenser4)
40.702: (fill-shot shot4 ingredient4 left right dispenser4)
40.702: (fill-shot shot5 ingredient4 right left dispenser4)
40.702: (fill-shot shot8 ingredient4 right left dispenser4)
40.702: (fill-shot shot9 ingredient4 right left dispenser4)
40.702: (fill-shot shot5 ingredient4 right left dispenser4)
40.702: (fill-shot shot9 ingredient4 right left dispenser4)
40.702: (fill-shot shot8 ingredient4 right left dispenser4)
40.702: (fill-shot shot8 ingredient4 left right dispenser4)
40.702: (fill-shot shot4 ingredient4 right left dispenser4)
40.702: (fill-shot shot4 ingredient4 right left dispenser4)
40.702: (fill-shot shot5 ingredient4 left right dispenser4)
40.702: (fill-shot shot4 ingredient4 right left dispenser4)
40.703: (fill-shot shot4 ingredient4 left right dispenser4)
40.703: (fill-shot shot5 ingredient4 right left dispenser4)
40.703: (fill-shot shot8 ingredient4 left right dispenser4)
40.703: (fill-shot shot5 ingredient4 left right dispenser4)
40.703: (fill-shot shot8 ingredient4 left right dispenser4)
40.703: (fill-shot shot9 ingredient4 left right dispenser4)
40.703: (fill-shot shot4 ingredient4 left right dispenser4)
40.703: (fill-shot shot9 ingredient4 right left dispenser4)
40.991: (fill-shot shot10 ingredient1 left right dispenser1)
40.991: (fill-shot shot10 ingredient3 left right dispenser3)
40.991: (fill-shot shot10 ingredient3 right left dispenser3)
40.991: (fill-shot shot10 ingredient1 right left dispenser1)
40.992: (fill-shot shot10 ingredient1 right left dispenser1)
40.992: (fill-shot shot10 ingredient1 left right dispenser1)
40.992: (fill-shot shot10 ingredient3 right left dispenser3)
40.992: (fill-shot shot10 ingredient3 left right dispenser3)
40.992: (fill-shot shot10 ingredient1 right left dispenser1)
40.992: (fill-shot shot10 ingredient1 left right dispenser1)
40.992: (fill-shot shot10 ingredient3 right left dispenser3)
40.992: (fill-shot shot10 ingredient3 left right dispenser3)
41.005: (fill-shot shot10 ingredient2 left right dispenser2)
41.005: (fill-shot shot10 ingredient2 right left dispenser2)
41.006: (fill-shot shot10 ingredient2 right left dispenser2)
41.006: (fill-shot shot10 ingredient2 right left dispenser2)
40.566: (leave right shot9)
40.567: (leave right shot5)
40.567: (leave left shot8)
40.567: (leave left shot4)
40.567: (leave left shot4)
40.567: (leave left shot9)
40.567: (leave right shot8)
40.567: (leave right shot8)
40.567: (leave left shot8)
40.567: (leave right shot5)
40.567: (leave left shot9)
40.567: (leave left shot5)
40.567: (leave left shot5)
40.567: (leave left shot9)
40.567: (leave right shot9)
40.568: (leave right shot9)
40.568: (leave left shot4)
40.568: (leave right shot5)
40.568: (leave right shot4)
40.568: (leave right shot8)
40.568: (leave left shot8)
40.568: (leave left shot5)
40.568: (leave right shot4)
40.568: (leave right shot4)
40.593: (pour-shot-to-clean-shaker shot10 ingredient3 shaker1 left l0 l1)
40.593: (pour-shot-to-clean-shaker shot10 ingredient1 shaker1 left l0 l1)
40.593: (pour-shot-to-clean-shaker shot10 ingredient3 shaker1 right l0 l1)
40.593: (pour-shot-to-clean-shaker shot10 ingredient1 shaker1 left l0 l1)
40.593: (pour-shot-to-clean-shaker shot10 ingredient1 shaker1 right l0 l1)
40.593: (pour-shot-to-clean-shaker shot10 ingredient3 shaker1 right l0 l1)
40.593: (pour-shot-to-clean-shaker shot10 ingredient3 shaker1 left l0 l1)
40.594: (pour-shot-to-clean-shaker shot10 ingredient1 shaker1 right l0 l1)
40.594: (pour-shot-to-clean-shaker shot10 ingredient1 shaker1 right l0 l1)
40.594: (pour-shot-to-clean-shaker shot10 ingredient3 shaker1 left l0 l1)
40.594: (pour-shot-to-clean-shaker shot10 ingredient3 shaker1 right l0 l1)
40.594: (pour-shot-to-clean-shaker shot10 ingredient1 shaker1 left l0 l1)
41.524: (grasp right shot8)
41.524: (grasp right shot8)
41.524: (grasp right shot5)
41.524: (grasp right shot4)
39.750: (clean-shot shot10 ingredient1 right left)
39.750: (clean-shot shot10 ingredient1 right left)
39.750: (clean-shot shot10 ingredient3 right left)
39.750: (clean-shot shot10 ingredient3 left right)
39.750: (clean-shot shot10 ingredient1 left right)
39.750: (clean-shot shot10 ingredient3 left right)
39.750: (clean-shot shot10 ingredient1 right left)
39.750: (clean-shot shot10 ingredient3 right left)
39.750: (clean-shot shot10 ingredient1 left right)
39.750: (clean-shot shot10 ingredient3 right left)
39.750: (clean-shot shot10 ingredient3 left right)
39.751: (clean-shot shot10 ingredient1 left right)
39.761: (leave right shot10)
39.761: (leave left shot10)
39.761: (leave left shot10)
39.761: (leave right shot10)
39.761: (leave right shot10)
39.761: (leave left shot10)
39.761: (leave right shot10)
39.761: (leave right shot10)
39.761: (leave left shot10)
39.762: (leave left shot10)
39.763: (leave left shot10)
39.763: (leave right shot10)
40.368: (grasp left shot9)
40.368: (grasp left shot5)
40.368: (grasp left shot4)
40.368: (grasp right shot8)
40.368: (grasp right shot4)
40.368: (grasp right shot5)
40.368: (grasp right shot8)
40.368: (grasp right shot9)
40.368: (grasp right shot5)
40.368: (grasp right shot4)
40.368: (grasp right shot5)
40.368: (grasp left shot8)
40.368: (grasp right shot4)
40.368: (grasp left shot5)
40.368: (grasp left shot4)
40.368: (grasp left shot9)
38.211: (fill-shot shot10 ingredient3 left right dispenser3)
38.211: (fill-shot shot10 ingredient3 left right dispenser3)
38.211: (fill-shot shot10 ingredient3 right left dispenser3)
38.211: (fill-shot shot10 ingredient1 right left dispenser1)
38.211: (fill-shot shot10 ingredient1 left right dispenser1)
38.211: (fill-shot shot10 ingredient3 left right dispenser3)
38.211: (fill-shot shot10 ingredient3 right left dispenser3)
38.211: (fill-shot shot10 ingredient1 left right dispenser1)
38.211: (fill-shot shot10 ingredient1 left right dispenser1)
38.211: (fill-shot shot10 ingredient1 right left dispenser1)
38.211: (fill-shot shot10 ingredient3 right left dispenser3)
38.212: (fill-shot shot10 ingredient1 right left dispenser1)
38.257: (fill-shot shot10 ingredient2 left right dispenser2)
38.258: (fill-shot shot10 ingredient2 left right dispenser2)
38.258: (fill-shot shot10 ingredient2 left right dispenser2)
38.258: (fill-shot shot10 ingredient2 right left dispenser2)
38.258: (fill-shot shot10 ingredient2 right left dispenser2)
38.258: (fill-shot shot10 ingredient2 left right dispenser2)
38.258: (fill-shot shot10 ingredient2 right left dispenser2)
38.259: (fill-shot shot10 ingredient2 right left dispenser2)
38.259: (fill-shot shot10 ingredient2 left right dispenser2)
38.259: (fill-shot shot10 ingredient2 left right dispenser2)
38.259: (fill-shot shot10 ingredient2 right left dispenser2)
38.259: (fill-shot shot10 ingredient2 right left dispenser2)
39.214: (fill-shot shot10 ingredient4 right left dispenser4)
39.214: (fill-shot shot10 ingredient4 left right dispenser4)
39.215: (fill-shot shot10 ingredient4 left right dispenser4)
39.215: (fill-shot shot10 ingredient4 left right dispenser4)
39.215: (fill-shot shot10 ingredient4 right left dispenser4)
39.215: (fill-shot shot10 ingredient4 right left dispenser4)
39.215: (fill-shot shot10 ingredient4 right left dispenser4)
39.215: (fill-shot shot10 ingredient4 left right dispenser4)
39.215: (fill-shot shot10 ingredient4 left right dispenser4)
39.215: (fill-shot shot10 ingredient4 left right dispenser4)
39.216: (fill-shot shot10 ingredient4 right left dispenser4)
39.216: (fill-shot shot10 ingredient4 right left dispenser4)
39.397: (grasp left shot8)
39.397: (grasp right shot8)
39.397: (grasp right shot9)
39.397: (grasp left shot4)
38.049: (fill-shot shot4 ingredient4 left right dispenser4)
38.049: (fill-shot shot9 ingredient4 right left dispenser4)
38.049: (fill-shot shot8 ingredient4 right left dispenser4)
38.049: (fill-shot shot8 ingredient4 left right dispenser4)
38.438: (fill-shot shot4 ingredient3 left right dispenser3)
38.438: (fill-shot shot9 ingredient1 right left dispenser1)
38.438: (fill-shot shot8 ingredient1 right left dispenser1)
38.438: (fill-shot shot8 ingredient3 left right dispenser3)
38.719: (fill-shot shot8 ingredient2 right left dispenser2)
38.719: (fill-shot shot9 ingredient2 right left dispenser2)
38.719: (fill-shot shot4 ingredient2 left right dispenser2)
38.719: (fill-shot shot8 ingredient2 left right dispenser2)
38.972: (grasp right shot4)
38.972: (grasp right shot5)
38.972: (grasp right shot8)
38.972: (grasp right shot8)
38.972: (grasp right shot4)
38.972: (grasp right shot8)
38.972: (grasp right shot9)
38.972: (grasp right shot8)
38.972: (grasp right shot4)
38.972: (grasp right shot5)
38.972: (grasp right shot4)
38.972: (grasp right shot5)
38.972: (grasp right shot9)
38.972: (grasp right shot4)
38.972: (grasp right shot9)
38.972: (grasp left shot8)
38.972: (grasp left shot9)
38.972: (grasp left shot4)
38.972: (grasp right shot5)
38.972: (grasp right shot4)
38.972: (grasp left shot9)
38.972: (grasp left shot4)
38.972: (grasp left shot5)
38.972: (grasp left shot4)
38.972: (grasp left shot5)
38.972: (grasp left shot8)
38.972: (grasp right shot9)
38.972: (grasp left shot5)
37.897: (leave right shot9)
37.897: (leave right shot8)
37.897: (leave left shot4)
37.897: (leave left shot8)
38.388: (leave right shot9)
38.388: (leave left shot4)
38.388: (leave right shot8)
38.388: (leave left shot8)
38.799: (grasp left shot5)
38.799: (grasp left shot5)
38.799: (grasp right shot5)
38.799: (grasp right shot5)
38.839: (grasp left shot8)
38.839: (grasp right shot8)
38.839: (grasp left shot4)
38.839: (grasp right shot9)
38.839: (grasp left shot9)
38.839: (grasp right shot9)
38.839: (grasp left shot4)
38.839: (grasp right shot4)
38.969: (grasp left shaker1)
38.969: (grasp right shaker1)
38.969: (grasp left shaker1)
38.969: (grasp right shaker1)
38.977: (leave left shot10)
38.977: (leave left shot10)
38.977: (leave left shot10)
38.977: (leave left shot10)
38.977: (leave left shot10)
38.977: (leave left shot10)
38.977: (leave left shot10)
38.977: (leave left shot10)
38.977: (leave left shot10)
38.977: (leave left shot10)
38.978: (leave left shot10)
38.978: (leave left shot10)
38.978: (leave right shot10)
38.978: (leave left shot10)
38.978: (leave right shot10)
38.978: (leave right shot10)
37.650: (fill-shot shot5 ingredient4 left right dispenser4)
37.651: (fill-shot shot9 ingredient4 right left dispenser4)
37.651: (fill-shot shot5 ingredient4 left right dispenser4)
37.652: (fill-shot shot5 ingredient4 right left dispenser4)
37.652: (fill-shot shot8 ingredient4 right left dispenser4)
37.652: (fill-shot shot8 ingredient4 right left dispenser4)
37.652: (fill-shot shot4 ingredient4 right left dispenser4)
37.652: (fill-shot shot4 ingredient4 right left dispenser4)
37.652: (fill-shot shot9 ingredient4 right left dispenser4)
37.652: (fill-shot shot8 ingredient4 left right dispenser4)
37.652: (fill-shot shot9 ingredient4 right left dispenser4)
37.652: (fill-shot shot8 ingredient4 right left dispenser4)
37.652: (fill-shot shot8 ingredient4 right left dispenser4)
37.652: (fill-shot shot4 ingredient4 right left dispenser4)
37.652: (fill-shot shot5 ingredient4 right left dispenser4)
37.653: (fill-shot shot4 ingredient4 right left dispenser4)
37.762: (grasp right shot5)
37.762: (grasp right shot5)
37.762: (grasp left shot5)
37.762: (grasp left shot5)
37.762: (grasp right shot5)
37.762: (grasp left shot5)
37.762: (grasp right shot5)
37.762: (grasp left shot5)
37.762: (leave left shot4)
37.762: (leave left shot8)
37.763: (leave right shot9)
37.763: (leave right shot8)
37.773: (fill-shot shot5 ingredient2 left right dispenser2)
37.774: (fill-shot shot5 ingredient2 left right dispenser2)
37.774: (fill-shot shot9 ingredient2 right left dispenser2)
37.775: (fill-shot shot8 ingredient2 right left dispenser2)
37.775: (fill-shot shot5 ingredient2 right left dispenser2)
37.775: (fill-shot shot8 ingredient2 right left dispenser2)
37.775: (fill-shot shot4 ingredient2 right left dispenser2)
37.775: (fill-shot shot4 ingredient2 right left dispenser2)
37.775: (fill-shot shot8 ingredient2 left right dispenser2)
37.775: (fill-shot shot9 ingredient2 right left dispenser2)
37.775: (fill-shot shot9 ingredient2 right left dispenser2)
37.775: (fill-shot shot8 ingredient2 right left dispenser2)
37.500: (leave right shot4)
37.500: (leave left shot8)
37.500: (leave right shot8)
37.500: (leave right shot9)
37.500: (leave left shot5)
37.500: (leave right shot5)
37.500: (leave right shot9)
37.500: (leave right shot8)
37.500: (leave right shot8)
37.500: (leave right shot8)
37.500: (leave right shot4)
37.500: (leave right shot4)
37.500: (leave left shot5)
37.501: (leave right shot9)
37.501: (leave right shot5)
37.501: (leave right shot4)
37.600: (grasp left shot10)
37.600: (grasp left shot10)
37.600: (grasp left shot10)
37.600: (grasp left shot10)
37.600: (grasp right shot10)
37.600: (grasp left shot10)
37.600: (grasp right shot10)
37.600: (grasp left shot10)
37.600: (grasp left shot10)
37.600: (grasp left shot10)
37.601: (grasp left shot10)
37.601: (grasp left shot10)
37.601: (grasp right shot10)
37.601: (grasp left shot10)
37.601: (grasp left shot10)
37.601: (grasp left shot10)
37.905: (grasp left shot9)
37.906: (grasp left shot9)
37.906: (grasp left shot9)
37.906: (grasp left shot5)
37.906: (grasp left shot5)
37.906: (grasp right shot9)
37.906: (grasp left shot5)
37.906: (grasp left shot9)
36.627: (grasp right shot10)
36.627: (grasp left shot10)
36.628: (grasp left shot10)
36.628: (grasp right shot10)
36.628: (grasp left shot10)
36.628: (grasp right shot10)
36.628: (grasp left shot10)
36.628: (grasp left shot10)
36.628: (grasp right shot10)
36.628: (grasp left shot10)
36.628: (grasp right shot10)
36.628: (grasp right shot10)
36.628: (grasp left shot10)
36.628: (grasp left shot10)
36.628: (grasp right shot10)
36.628: (leave left shot5)
36.628: (leave right shot4)
36.628: (grasp right shot10)
36.628: (leave right shot4)
36.628: (grasp right shot10)
36.628: (leave right shot9)
36.628: (leave right shot5)
36.628: (leave right shot4)
36.628: (leave right shot5)
36.628: (grasp right shot10)
36.628: (leave right shot8)
36.628: (grasp left shot10)
36.628: (leave right shot4)
36.628: (grasp right shot10)
36.628: (leave right shot8)
36.628: (grasp left shot10)
36.629: (leave left shot8)
36.629: (grasp left shot10)
36.629: (grasp right shot10)
36.629: (grasp right shot10)
36.629: (leave right shot8)
36.629: (leave right shot9)
36.629: (leave left shot5)
36.629: (grasp left shot10)
36.629: (grasp left shot10)
37.373: (grasp right shot9)
37.373: (grasp right shot9)
37.373: (grasp left shot5)
37.373: (grasp left shot9)
37.373: (grasp left shot5)
37.373: (grasp right shot9)
37.373: (grasp right shot9)
37.373: (grasp left shot9)
37.374: (grasp right shot5)
37.374: (grasp right shot8)
37.374: (grasp left shot9)
37.374: (grasp left shot9)
37.374: (grasp left shot8)
37.374: (grasp right shot5)
37.374: (grasp right shot5)
37.374: (grasp left shot9)
37.374: (grasp left shot5)
37.374: (grasp left shot5)
37.374: (grasp right shot9)
37.374: (grasp left shot9)
37.374: (grasp right shot8)
37.374: (grasp right shot5)
37.374: (grasp right shot5)
37.374: (grasp left shot8)
37.374: (grasp left shot5)
37.374: (grasp right shot9)
37.408: (grasp right shot4)
37.408: (grasp right shot8)
37.408: (grasp right shot5)
37.408: (grasp right shot8)
37.408: (grasp left shot4)
37.408: (grasp left shot8)
37.408: (grasp left shot9)
37.408: (grasp left shot4)
37.408: (grasp right shot8)
37.408: (grasp right shot4)
37.408: (grasp right shot4)
37.408: (grasp right shot4)
37.408: (grasp left shot4)
37.408: (grasp left shot4)
36.868: (leave left shot10)
36.868: (leave right shot10)
36.868: (leave right shot10)
36.868: (leave left shot10)
36.868: (leave left shot10)
36.868: (leave right shot10)
36.868: (leave right shot10)
36.868: (leave right shot10)
36.868: (leave left shot10)
36.868: (leave right shot10)
36.868: (leave left shot10)
36.868: (leave right shot10)
36.868: (leave right shot10)
36.868: (leave left shot10)
36.868: (leave right shot10)
36.868: (leave left shot10)
36.868: (leave left shot10)
36.868: (leave right shot10)
36.868: (leave right shot10)
36.868: (leave left shot10)
36.868: (leave left shot10)
36.868: (leave left shot10)
36.868: (leave right shot10)
36.868: (leave right shot10)
36.868: (leave left shot10)
36.868: (leave left shot10)
37.120: (leave left shot10)
37.120: (leave left shot10)
37.120: (leave left shot10)
37.120: (leave right shot10)
37.120: (leave left shot10)
37.120: (leave right shot10)
37.120: (leave right shot10)
37.120: (leave right shot10)
37.120: (leave right shot10)
37.120: (leave right shot10)
37.120: (leave left shot10)
37.120: (leave left shot10)
37.120: (leave left shot10)
37.120: (leave left shot10)
35.902: (fill-shot shot4 ingredient4 right left dispenser4)
35.902: (fill-shot shot8 ingredient4 right left dispenser4)
35.902: (fill-shot shot4 ingredient4 left right dispenser4)
35.902: (fill-shot shot5 ingredient4 right left dispenser4)
35.903: (fill-shot shot8 ingredient4 right left dispenser4)
35.903: (fill-shot shot8 ingredient4 left right dispenser4)
35.903: (fill-shot shot4 ingredient4 left right dispenser4)
35.903: (fill-shot shot4 ingredient4 right left dispenser4)
35.903: (fill-shot shot4 ingredient4 right left dispenser4)
35.904: (fill-shot shot8 ingredient4 right left dispenser4)
35.904: (fill-shot shot4 ingredient4 left right dispenser4)
35.904: (fill-shot shot4 ingredient4 right left dispenser4)
35.905: (fill-shot shot9 ingredient4 left right dispenser4)
35.905: (fill-shot shot4 ingredient4 left right dispenser4)
36.135: (fill-shot shot4 ingredient2 left right dispenser2)
36.135: (fill-shot shot4 ingredient2 right left dispenser2)
36.135: (fill-shot shot4 ingredient2 right left dispenser2)
36.135: (fill-shot shot4 ingredient2 left right dispenser2)
36.135: (fill-shot shot8 ingredient2 right left dispenser2)
36.135: (fill-shot shot5 ingredient2 right left dispenser2)
36.135: (fill-shot shot4 ingredient2 right left dispenser2)
36.135: (fill-shot shot4 ingredient2 right left dispenser2)
36.135: (fill-shot shot8 ingredient2 left right dispenser2)
36.135: (fill-shot shot8 ingredient2 right left dispenser2)
36.135: (fill-shot shot4 ingredient2 left right dispenser2)
36.135: (fill-shot shot4 ingredient2 left right dispenser2)
36.135: (fill-shot shot9 ingredient2 left right dispenser2)
36.136: (fill-shot shot8 ingredient2 right left dispenser2)
36.138: (fill-shot shot4 ingredient3 right left dispenser3)
36.138: (fill-shot shot8 ingredient3 right left dispenser3)
36.138: (fill-shot shot5 ingredient3 right left dispenser3)
36.138: (fill-shot shot4 ingredient3 left right dispenser3)
36.138: (fill-shot shot4 ingredient1 left right dispenser1)
36.138: (fill-shot shot8 ingredient3 left right dispenser3)
36.138: (fill-shot shot8 ingredient3 right left dispenser3)
36.140: (fill-shot shot4 ingredient3 left right dispenser3)
36.140: (fill-shot shot4 ingredient1 right left dispenser1)
36.140: (fill-shot shot4 ingredient1 left right dispenser1)
36.140: (fill-shot shot4 ingredient1 right left dispenser1)
36.140: (fill-shot shot8 ingredient3 right left dispenser3)
35.702: (leave right shot8)
35.702: (leave left shot4)
35.702: (leave right shot4)
35.702: (leave left shot9)
35.702: (leave right shot5)
35.702: (leave left shot4)
35.703: (leave left shot4)
35.703: (leave left shot4)
35.703: (leave right shot4)
35.703: (leave left shot8)
35.703: (leave right shot8)
35.703: (leave right shot8)
35.703: (leave right shot4)
35.703: (leave right shot4)
35.973: (grasp right shot10)
35.973: (grasp left shot10)
35.973: (grasp right shot10)
35.973: (grasp left shot10)
35.973: (grasp left shot10)
35.973: (grasp left shot10)
35.973: (grasp left shot10)
35.973: (grasp right shot10)
35.973: (grasp right shot10)
35.973: (grasp right shot10)
35.973: (grasp left shot10)
35.973: (grasp right shot10)
35.973: (grasp left shot10)
35.973: (grasp left shot10)
36.196: (grasp right shot9)
36.196: (grasp right shot8)
36.196: (grasp left shot5)
36.196: (grasp left shot8)
36.196: (grasp left shot8)
36.196: (grasp left shot4)
36.196: (grasp right shot4)
36.196: (grasp left shot8)
36.196: (grasp left shot8)
36.196: (grasp left shot4)
36.197: (grasp left shot5)
36.197: (grasp right shot8)
34.935: (grasp left shot10)
34.935: (grasp left shot10)
34.936: (grasp right shot10)
34.936: (grasp right shot10)
34.936: (grasp right shot10)
34.936: (grasp left shot10)
34.936: (grasp right shot10)
34.936: (grasp left shot10)
34.936: (grasp left shot10)
34.936: (grasp left shot10)
34.936: (grasp right shot10)
34.936: (grasp right shot10)
34.936: (grasp left shot10)
34.936: (grasp right shot10)
34.936: (grasp right shot10)
34.936: (grasp left shot10)
34.936: (leave left shot4)
34.936: (leave right shot4)
34.936: (leave right shot8)
34.936: (leave left shot9)
34.936: (leave left shot4)
34.936: (leave right shot4)
34.937: (leave left shot4)
34.937: (grasp right shot10)
34.937: (leave left shot4)
34.937: (grasp left shot10)
34.937: (leave right shot8)
34.937: (leave right shot4)
34.937: (leave right shot4)
34.937: (leave right shot5)
34.937: (leave right shot8)
34.937: (leave left shot8)
35.229: (grasp right shot5)
35.229: (grasp left shot5)
35.230: (grasp left shot9)
35.230: (grasp left shot8)
35.230: (grasp right shot9)
35.230: (grasp right shot9)
35.230: (grasp right shot4)
35.230: (grasp right shot8)
34.158: (fill-shot shot5 ingredient4 left right dispenser4)
34.158: (fill-shot shot8 ingredient4 left right dispenser4)
34.158: (fill-shot shot5 ingredient4 right left dispenser4)
34.158: (fill-shot shot4 ingredient4 right left dispenser4)
34.159: (fill-shot shot8 ingredient4 right left dispenser4)
34.366: (fill-shot shot5 ingredient2 left right dispenser2)
34.366: (fill-shot shot5 ingredient2 right left dispenser2)
34.366: (fill-shot shot8 ingredient2 left right dispenser2)
34.367: (fill-shot shot4 ingredient2 right left dispenser2)
34.367: (fill-shot shot8 ingredient2 right left dispenser2)
34.417: (fill-shot shot4 ingredient1 right left dispenser1)
34.417: (fill-shot shot8 ingredient1 right left dispenser1)
34.418: (fill-shot shot8 ingredient1 left right dispenser1)
34.418: (fill-shot shot5 ingredient3 left right dispenser3)
34.418: (fill-shot shot5 ingredient3 right left dispenser3)
35.639: (grasp right shot4)
35.639: (grasp left shot9)
35.639: (grasp left shot8)
35.639: (grasp left shot8)
35.639: (grasp right shot8)
35.639: (grasp right shot8)
35.639: (grasp left shot8)
35.640: (grasp left shot4)
35.640: (grasp left shot4)
35.640: (grasp right shot9)
35.640: (grasp right shot4)
35.640: (grasp right shot8)
35.640: (grasp right shot4)
35.640: (grasp left shot4)
35.640: (grasp left shot5)
35.640: (grasp left shot5)
35.640: (grasp right shot5)
35.640: (grasp right shot5)
35.640: (grasp left shot10)
35.640: (grasp left shot10)
35.640: (grasp left shot10)
35.640: (grasp right shot10)
35.640: (grasp right shot10)
35.729: (grasp left shot5)
35.729: (grasp right shot5)
33.937: (leave right shot8)
33.937: (leave right shot4)
33.937: (leave right shot5)
33.937: (leave left shot8)
33.937: (leave left shot5)
34.308: (grasp right shot10)
34.308: (grasp left shot10)
34.308: (grasp left shot10)
34.308: (grasp right shot10)
34.308: (grasp left shot10)
34.569: (grasp left shot9)
34.569: (grasp right shot9)
34.569: (grasp right shot9)
34.569: (grasp left shot9)
34.569: (grasp left shot5)
34.777: (leave right shot5)
34.777: (leave left shot5)
34.777: (leave left shot8)
34.777: (leave right shot4)
34.777: (leave right shot8)
34.891: (grasp left shot10)
34.891: (grasp left shot10)
34.891: (grasp left shot10)
34.891: (grasp right shot10)
34.891: (grasp right shot10)
34.981: (leave right shot5)
34.981: (leave left shot5)
34.982: (leave left shot8)
34.982: (leave right shot8)
34.982: (leave right shot4)
34.983: (grasp right shot4)
34.983: (grasp right shot5)
34.984: (grasp right shot8)
34.984: (grasp right shot4)
34.984: (grasp left shot4)
34.984: (grasp left shot8)
34.984: (grasp left shot4)
34.984: (grasp left shot5)
34.984: (grasp left shot8)
34.984: (grasp left shot9)
33.257: (leave right shot8)
33.257: (leave right shot5)
33.257: (grasp right shot10)
33.257: (leave left shot8)
33.258: (leave left shot5)
33.258: (leave right shot4)
33.258: (grasp left shot10)
33.258: (grasp right shot10)
33.258: (grasp left shot10)
33.258: (grasp right shot10)
33.258: (grasp left shot10)
33.565: (grasp left shot9)
33.565: (grasp right shot9)
33.565: (grasp right shot5)
33.565: (grasp left shot5)
33.565: (leave right shot5)
33.565: (leave right shot8)
33.565: (leave right shot4)
33.565: (leave left shot5)
33.565: (leave left shot8)
33.565: (grasp left shot9)
33.565: (grasp right shot9)
34.079: (grasp right shot3)
34.079: (grasp left shot3)
34.079: (grasp right shot7)
34.079: (grasp right shot6)
34.079: (grasp left shot7)
34.079: (grasp left shot6)
34.079: (grasp left shot3)
34.079: (grasp right shot3)
34.079: (grasp left shot6)
34.079: (grasp left shot3)
34.079: (grasp left shot7)
34.079: (grasp right shot7)
34.079: (grasp right shot6)
34.079: (grasp right shot6)
34.079: (grasp right shot7)
34.079: (grasp right shot3)
34.079: (grasp left shot7)
34.079: (grasp left shot6)
33.494: (fill-shot shot6 ingredient2 right left dispenser2)
33.494: (fill-shot shot6 ingredient2 right left dispenser2)
33.494: (fill-shot shot3 ingredient2 left right dispenser2)
33.494: (fill-shot shot7 ingredient2 left right dispenser2)
33.494: (fill-shot shot6 ingredient2 left right dispenser2)
33.494: (fill-shot shot7 ingredient2 right left dispenser2)
33.494: (fill-shot shot6 ingredient2 left right dispenser2)
33.494: (fill-shot shot3 ingredient2 right left dispenser2)
33.494: (fill-shot shot3 ingredient2 left right dispenser2)
33.494: (fill-shot shot6 ingredient2 left right dispenser2)
33.494: (fill-shot shot7 ingredient2 left right dispenser2)
33.494: (fill-shot shot3 ingredient2 right left dispenser2)
33.494: (fill-shot shot7 ingredient2 left right dispenser2)
33.494: (fill-shot shot7 ingredient2 right left dispenser2)
33.495: (fill-shot shot6 ingredient2 right left dispenser2)
33.495: (fill-shot shot7 ingredient2 right left dispenser2)
33.495: (fill-shot shot3 ingredient2 left right dispenser2)
33.496: (fill-shot shot3 ingredient2 right left dispenser2)
34.004: (fill-shot shot6 ingredient1 right left dispenser1)
34.004: (fill-shot shot6 ingredient1 left right dispenser1)
34.004: (fill-shot shot3 ingredient1 right left dispenser1)
34.004: (fill-shot shot3 ingredient1 left right dispenser1)
34.004: (fill-shot shot6 ingredient1 left right dispenser1)
34.004: (fill-shot shot7 ingredient1 right left dispenser1)
34.004: (fill-shot shot7 ingredient1 left right dispenser1)
34.004: (fill-shot shot7 ingredient1 left right dispenser1)
34.004: (fill-shot shot3 ingredient3 left right dispenser3)
34.004: (fill-shot shot7 ingredient1 right left dispenser1)
34.004: (fill-shot shot3 ingredient1 right left dispenser1)
34.004: (fill-shot shot6 ingredient1 right left dispenser1)
34.005: (fill-shot shot3 ingredient1 left right dispenser1)
34.005: (fill-shot shot7 ingredient3 left right dispenser3)
34.005: (fill-shot shot3 ingredient3 right left dispenser3)
34.005: (fill-shot shot7 ingredient3 right left dispenser3)
34.005: (fill-shot shot6 ingredient3 left right dispenser3)
34.005: (fill-shot shot6 ingredient3 right left dispenser3)
34.071: (grasp right shot10)
34.072: (grasp right shot9)
34.072: (grasp left shot5)
34.072: (grasp left shot10)
33.995: (grasp left shot10)
33.995: (grasp right shot10)
33.995: (grasp right shot10)
33.995: (grasp left shot10)
33.995: (grasp right shot10)
33.995: (grasp left shot10)
33.995: (grasp right shot10)
33.995: (grasp left shot10)
33.995: (grasp left shot10)
33.995: (grasp right shot10)
33.995: (grasp right shot10)
33.995: (grasp left shot10)
33.995: (grasp right shot10)
33.995: (grasp right shot10)
33.996: (grasp left shot10)
33.996: (grasp left shot10)
33.996: (grasp left shot10)
33.996: (grasp right shot10)
34.408: (grasp left shaker1)
34.408: (grasp left shaker1)
34.408: (grasp right shaker1)
34.408: (grasp right shaker1)
34.408: (grasp right shaker1)
34.408: (grasp left shaker1)
34.408: (grasp right shaker1)
34.408: (grasp right shaker1)
34.408: (grasp left shaker1)
34.408: (grasp left shaker1)
34.409: (grasp left shaker1)
34.409: (grasp right shaker1)
34.409: (grasp right shaker1)
34.409: (grasp right shaker1)
34.409: (grasp left shaker1)
34.409: (grasp right shaker1)
34.409: (grasp left shaker1)
34.409: (grasp left shaker1)
34.527: (empty-shot right shot3 ingredient1)
34.528: (empty-shot right shot7 ingredient1)
34.528: (empty-shot left shot3 ingredient3)
34.528: (empty-shot left shot7 ingredient1)
33.254: (leave right shot6)
33.254: (leave right shot3)
33.254: (leave right shot7)
33.254: (leave right shot7)
33.254: (leave left shot3)
33.254: (leave left shot7)
33.255: (leave left shot3)
33.255: (leave left shot6)
33.255: (leave left shot7)
33.255: (leave left shot6)
33.255: (leave right shot6)
33.255: (leave left shot6)
33.255: (leave right shot3)
33.255: (leave left shot3)
33.255: (leave left shot7)
33.255: (leave right shot6)
33.255: (leave right shot7)
33.255: (leave right shot3)
34.893: (empty-shot right shot10 ingredient1)
34.893: (empty-shot left shot10 ingredient1)
34.893: (empty-shot left shot10 ingredient3)
34.893: (empty-shot right shot10 ingredient1)
34.893: (empty-shot right shot10 ingredient3)
34.893: (empty-shot right shot10 ingredient3)
34.893: (empty-shot right shot10 ingredient1)
34.893: (empty-shot left shot10 ingredient1)
34.893: (empty-shot left shot10 ingredient1)
34.893: (empty-shot left shot10 ingredient3)
34.893: (empty-shot left shot10 ingredient1)
34.893: (empty-shot right shot10 ingredient1)
34.893: (empty-shot right shot10 ingredient1)
34.893: (empty-shot left shot10 ingredient3)
34.893: (empty-shot left shot10 ingredient1)
34.893: (empty-shot left shot10 ingredient1)
34.893: (empty-shot right shot10 ingredient1)
34.893: (empty-shot right shot10 ingredient3)
34.990: (pour-shot-to-used-shaker shot6 ingredient2 shaker1 left l1 l2)
34.990: (pour-shot-to-used-shaker shot3 ingredient2 shaker1 right l1 l2)
34.990: (pour-shot-to-used-shaker shot3 ingredient2 shaker1 right l1 l2)
34.990: (pour-shot-to-used-shaker shot7 ingredient2 shaker1 left l1 l2)
33.574: (leave right shot3)
33.574: (leave left shot7)
33.574: (leave right shot3)
33.575: (leave left shot6)
33.968: (leave right shot10)
33.968: (leave left shot10)
33.968: (leave left shot10)
33.968: (leave left shot10)
33.968: (leave right shot10)
33.968: (leave left shot10)
33.968: (leave left shot10)
33.968: (leave right shot10)
33.968: (leave right shot10)
33.968: (leave left shot10)
33.968: (leave left shot10)
33.969: (leave left shot10)
33.969: (leave right shot10)
33.969: (leave right shot10)
33.969: (leave right shot10)
33.969: (leave right shot10)
33.969: (leave left shot10)
33.969: (leave right shot10)
34.060: (grasp left shot9)
34.060: (grasp left shot5)
34.060: (grasp left shot9)
34.060: (grasp left shot9)
34.060: (grasp right shot9)
34.060: (grasp right shot9)
34.060: (grasp right shot9)
34.060: (grasp right shot9)
34.060: (grasp left shot5)
34.061: (grasp left shot9)
34.061: (grasp right shot9)
34.061: (grasp left shot5)
34.061: (grasp right shot5)
34.061: (grasp left shot9)
34.062: (grasp left shot9)
34.062: (grasp right shot5)
34.062: (grasp right shot5)
34.063: (grasp right shot9)
30.985: (shake cocktail3 ingredient2 ingredient1 shaker1 left right)
30.985: (shake cocktail1 ingredient2 ingredient3 shaker1 right left)
30.985: (shake cocktail1 ingredient2 ingredient3 shaker1 left right)
30.985: (shake cocktail3 ingredient2 ingredient1 shaker1 right left)
33.843: (leave right shot10)
33.843: (leave right shot10)
33.843: (leave left shot10)
33.843: (leave left shot10)
33.843: (leave left shot10)
33.844: (leave right shot10)
33.844: (leave right shot10)
33.844: (leave right shot10)
33.844: (leave right shot10)
33.844: (leave left shot10)
33.844: (leave left shot10)
33.844: (leave right shot10)
33.844: (leave left shot10)
33.844: (leave right shot10)
33.844: (leave left shot10)
33.844: (leave left shot10)
33.844: (leave left shot10)
33.844: (leave right shot10)
34.033: (grasp right shot10)
34.033: (grasp left shot10)
34.033: (grasp right shot10)
34.033: (grasp left shot10)
34.350: (grasp right shot1)
34.350: (grasp right shot2)
34.350: (grasp left shot1)
34.350: (grasp left shot2)
34.462: (grasp left shot6)
34.462: (grasp right shot7)
34.462: (grasp right shot6)
34.462: (grasp right shot7)
34.462: (grasp left shot3)
34.462: (grasp right shot6)
34.462: (grasp left shot7)
34.462: (grasp left shot3)
34.484: (grasp right shot4)
34.484: (grasp left shot8)
29.328: (pour-shaker-to-shot cocktail3 shot2 right shaker1 l2 l1)
29.328: (pour-shaker-to-shot cocktail1 shot1 right shaker1 l2 l1)
29.328: (pour-shaker-to-shot cocktail3 shot2 left shaker1 l2 l1)
29.328: (pour-shaker-to-shot cocktail1 shot1 left shaker1 l2 l1)
31.034: (grasp right shot10)
31.034: (grasp right shot10)
31.034: (grasp left shot10)
31.034: (grasp left shot10)
31.275: (grasp left shot1)
31.275: (grasp right shot2)
31.275: (grasp left shot2)
31.275: (grasp right shot1)
31.395: (grasp right shot9)
31.395: (grasp left shot9)
31.395: (grasp left shot9)
31.395: (grasp right shot5)
31.490: (grasp left shot7)
31.490: (grasp left shot3)
31.491: (grasp left shot3)
31.491: (grasp right shot7)
31.491: (grasp left shot6)
31.491: (grasp right shot6)
31.491: (grasp right shot6)
31.491: (grasp right shot7)
31.503: (grasp left shot6)
31.503: (grasp right shot3)
31.503: (grasp left shot7)
31.503: (grasp right shot3)
31.546: (grasp left shot8)
31.546: (grasp left shot4)
31.546: (grasp left shot5)
31.547: (grasp right shot9)
31.547: (grasp left shot8)
31.547: (grasp left shot4)
31.547: (grasp right shot4)
31.547: (grasp left shot5)
31.547: (grasp right shot5)
31.547: (grasp right shot8)
31.547: (grasp right shot8)
31.547: (grasp right shot4)
27.947: (empty-shaker left shaker1 cocktail1 l1 l0)
27.947: (empty-shaker right shaker1 cocktail3 l1 l0)
27.947: (empty-shaker left shaker1 cocktail3 l1 l0)
27.947: (empty-shaker right shaker1 cocktail1 l1 l0)
29.628: (pour-shaker-to-shot cocktail1 shot1 right shaker1 l2 l1)
29.628: (pour-shaker-to-shot cocktail3 shot2 right shaker1 l2 l1)
29.628: (pour-shaker-to-shot cocktail3 shot2 left shaker1 l2 l1)
29.628: (pour-shaker-to-shot cocktail1 shot1 left shaker1 l2 l1)
29.628: (grasp left shot10)
29.628: (grasp right shot10)
29.628: (grasp left shot10)
29.628: (grasp right shot10)
29.907: (grasp left shot6)
29.907: (grasp left shot7)
29.907: (pour-shaker-to-shot cocktail1 shot1 right shaker1 l2 l1)
29.907: (pour-shaker-to-shot cocktail3 shot2 left shaker1 l2 l1)
29.907: (pour-shaker-to-shot cocktail1 shot1 left shaker1 l2 l1)
29.907: (grasp right shot3)
29.907: (grasp right shot3)
29.907: (pour-shaker-to-shot cocktail3 shot2 right shaker1 l2 l1)
29.971: (pour-shaker-to-shot cocktail3 shot2 left shaker1 l2 l1)
29.971: (pour-shaker-to-shot cocktail1 shot1 right shaker1 l2 l1)
29.971: (grasp left shot9)
29.971: (pour-shaker-to-shot cocktail3 shot2 right shaker1 l2 l1)
29.971: (grasp right shot5)
29.971: (pour-shaker-to-shot cocktail1 shot1 left shaker1 l2 l1)
29.971: (grasp left shot9)
29.971: (grasp right shot9)
30.063: (pour-shaker-to-shot cocktail1 shot1 right shaker1 l2 l1)
30.063: (grasp left shot1)
30.063: (grasp left shot2)
30.064: (grasp right shot2)
30.064: (grasp right shot1)
30.064: (pour-shaker-to-shot cocktail3 shot2 left shaker1 l2 l1)
30.064: (pour-shaker-to-shot cocktail1 shot1 left shaker1 l2 l1)
30.064: (pour-shaker-to-shot cocktail3 shot2 right shaker1 l2 l1)
30.088: (leave left shaker1)
30.088: (leave right shaker1)
30.089: (leave left shaker1)
30.089: (leave right shaker1)
26.984: (clean-shaker left right shaker1)
26.984: (clean-shaker right left shaker1)
26.984: (clean-shaker right left shaker1)
26.984: (clean-shaker left right shaker1)
28.469: (grasp left shot10)
28.469: (empty-shaker left shaker1 cocktail3 l1 l0)
28.469: (grasp right shot10)
28.469: (grasp right shot10)
28.469: (empty-shaker left shaker1 cocktail1 l1 l0)
28.469: (empty-shaker right shaker1 cocktail1 l1 l0)
28.469: (grasp left shot10)
28.469: (empty-shaker right shaker1 cocktail3 l1 l0)
28.644: (empty-shaker right shaker1 cocktail3 l1 l0)
28.644: (empty-shaker right shaker1 cocktail1 l1 l0)
28.644: (empty-shaker left shaker1 cocktail3 l1 l0)
28.644: (empty-shaker left shaker1 cocktail1 l1 l0)
28.644: (grasp left shot7)
28.644: (grasp right shot3)
28.644: (grasp left shot6)
28.644: (grasp right shot3)
28.794: (grasp left shot9)
28.794: (grasp right shot5)
28.794: (grasp left shot9)
28.794: (empty-shaker right shaker1 cocktail1 l1 l0)
28.794: (empty-shaker left shaker1 cocktail3 l1 l0)
28.794: (grasp right shot9)
28.795: (empty-shaker right shaker1 cocktail3 l1 l0)
28.795: (empty-shaker left shaker1 cocktail1 l1 l0)
28.966: (leave right shaker1)
28.966: (leave left shaker1)
28.966: (leave left shaker1)
28.966: (leave right shaker1)
28.978: (grasp left shot2)
28.978: (grasp right shot1)
28.978: (grasp right shot2)
28.978: (grasp left shot1)
28.978: (empty-shaker right shaker1 cocktail1 l1 l0)
28.978: (empty-shaker right shaker1 cocktail3 l1 l0)
28.978: (empty-shaker left shaker1 cocktail3 l1 l0)
28.978: (empty-shaker left shaker1 cocktail1 l1 l0)
25.602: (grasp left shot10)
25.602: (grasp right shot10)
25.602: (grasp left shot10)
25.602: (grasp right shot10)
25.659: (grasp right shot3)
25.659: (grasp left shot6)
25.659: (grasp right shot3)
25.659: (grasp left shot7)
26.006: (leave left shaker1)
26.006: (leave left shaker1)
26.006: (leave right shaker1)
26.006: (leave right shaker1)
26.229: (grasp left shot9)
26.229: (grasp right shot5)
26.229: (grasp left shot9)
26.229: (grasp right shot9)
26.868: (grasp left shot7)
26.868: (grasp right shot6)
26.868: (grasp right shot7)
26.868: (grasp left shot3)
26.868: (grasp left shot6)
26.868: (grasp left shot3)
26.869: (grasp right shot6)
26.869: (grasp right shot7)
27.228: (grasp left shot5)
27.228: (grasp left shot4)
27.228: (grasp right shot8)
27.228: (grasp right shot4)
27.228: (grasp left shot8)
27.228: (grasp right shot9)
27.228: (grasp left shot4)
27.228: (grasp left shot5)
27.228: (grasp right shot5)
27.228: (grasp right shot4)
27.228: (grasp left shot8)
27.228: (grasp right shot8)
27.370: (grasp right shot2)
27.370: (grasp left shot1)
27.370: (grasp left shot2)
27.370: (grasp right shot1)
24.622: (grasp right shot10)
24.622: (leave left shaker1)
24.623: (grasp left shot10)
24.623: (leave right shaker1)
24.623: (leave left shaker1)
24.623: (grasp right shot10)
24.623: (leave right shaker1)
24.623: (grasp left shot10)
24.623: (grasp left shot10)
24.623: (grasp left shot10)
24.623: (grasp right shot10)
24.623: (grasp right shot10)
24.693: (grasp left shot7)
24.693: (grasp right shot6)
24.693: (grasp right shot7)
24.693: (grasp right shot3)
24.693: (grasp left shot3)
24.693: (grasp left shot6)
24.693: (grasp right shot3)
24.693: (leave left shaker1)
24.693: (leave right shaker1)
24.693: (leave left shaker1)
24.693: (leave right shaker1)
24.694: (grasp left shot3)
24.928: (pour-shot-to-clean-shaker shot10 ingredient3 shaker1 right l0 l1)
24.928: (pour-shot-to-clean-shaker shot10 ingredient1 shaker1 left l0 l1)
24.928: (pour-shot-to-clean-shaker shot10 ingredient3 shaker1 left l0 l1)
24.928: (pour-shot-to-clean-shaker shot10 ingredient1 shaker1 right l0 l1)
25.249: (grasp left shot9)
25.249: (grasp right shot9)
25.249: (grasp left shot9)
25.249: (grasp right shot9)
25.249: (grasp left shot9)
25.249: (grasp left shot5)
25.249: (grasp right shot9)
25.249: (leave right shaker1)
25.249: (leave left shaker1)
25.249: (grasp right shot5)
25.250: (leave left shaker1)
25.250: (leave right shaker1)
23.727: (refill-shot shot7 ingredient2 left right dispenser2)
23.727: (refill-shot shot6 ingredient2 right left dispenser2)
23.727: (refill-shot shot7 ingredient2 right left dispenser2)
23.727: (refill-shot shot3 ingredient2 right left dispenser2)
23.728: (refill-shot shot3 ingredient2 left right dispenser2)
23.728: (refill-shot shot6 ingredient2 left right dispenser2)
23.728: (refill-shot shot3 ingredient2 right left dispenser2)
23.728: (refill-shot shot3 ingredient2 left right dispenser2)
23.964: (pour-shot-to-clean-shaker shot10 ingredient1 shaker1 right l0 l1)
23.964: (pour-shot-to-clean-shaker shot10 ingredient3 shaker1 right l0 l1)
23.964: (pour-shot-to-clean-shaker shot10 ingredient1 shaker1 left l0 l1)
23.964: (pour-shot-to-clean-shaker shot10 ingredient3 shaker1 left l0 l1)
23.964: (pour-shot-to-clean-shaker shot10 ingredient1 shaker1 left l0 l1)
23.964: (pour-shot-to-clean-shaker shot10 ingredient3 shaker1 right l0 l1)
23.964: (leave left shaker1)
23.964: (leave right shaker1)
23.964: (pour-shot-to-clean-shaker shot10 ingredient3 shaker1 left l0 l1)
23.964: (leave right shaker1)
23.964: (leave left shaker1)
23.964: (pour-shot-to-clean-shaker shot10 ingredient1 shaker1 right l0 l1)
24.052: (leave right shot10)
24.052: (leave left shot10)
24.052: (leave right shot10)
24.052: (leave left shot10)
24.287: (clean-shot shot6 ingredient2 right left)
24.287: (clean-shot shot3 ingredient2 right left)
24.287: (clean-shot shot7 ingredient2 right left)
24.287: (clean-shot shot7 ingredient2 left right)
24.287: (clean-shot shot3 ingredient2 left right)
24.288: (clean-shot shot3 ingredient2 right left)
24.288: (clean-shot shot6 ingredient2 left right)
24.288: (clean-shot shot3 ingredient2 left right)
25.189: (grasp left shot7)
25.189: (grasp right shot3)
25.189: (grasp left shot6)
25.189: (grasp right shot10)
25.189: (grasp left shot3)
25.189: (grasp right shot7)
25.189: (grasp left shot3)
25.189: (grasp right shot3)
23.126: (leave right shot10)
23.126: (leave right shot10)
23.127: (leave right shaker1)
23.127: (leave left shot10)
23.127: (leave left shaker1)
23.127: (leave right shaker1)
23.127: (leave left shaker1)
23.127: (leave left shot10)
23.127: (leave right shot10)
23.127: (leave left shot10)
23.127: (leave right shot10)
23.127: (leave left shot10)
23.145: (clean-shot shot10 ingredient1 right left)
23.146: (clean-shot shot10 ingredient3 left right)
23.146: (clean-shot shot10 ingredient3 right left)
23.146: (clean-shot shot10 ingredient1 right left)
23.146: (clean-shot shot10 ingredient3 left right)
23.146: (clean-shot shot10 ingredient1 left right)
23.146: (clean-shot shot10 ingredient3 right left)
23.146: (clean-shot shot10 ingredient1 left right)
23.246: (grasp left shot6)
23.247: (grasp right shot3)
23.247: (grasp left shot7)
23.247: (grasp right shot3)
23.294: (grasp right shot5)
23.294: (grasp left shot9)
23.294: (grasp left shot9)
23.294: (grasp right shot9)
23.305: (grasp left shot9)
23.305: (grasp left shot9)
23.306: (grasp right shot9)
23.306: (grasp right shot5)
23.306: (grasp left shot5)
23.306: (grasp right shot9)
23.306: (grasp left shot9)
23.306: (grasp right shot9)
23.307: (grasp right shot3)
23.307: (grasp left shot3)
23.307: (grasp left shot7)
23.307: (grasp right shot3)
21.901: (fill-shot shot10 ingredient2 right left dispenser2)
21.901: (fill-shot shot10 ingredient2 left right dispenser2)
21.901: (fill-shot shot10 ingredient2 right left dispenser2)
21.901: (fill-shot shot10 ingredient2 left right dispenser2)
21.901: (fill-shot shot10 ingredient2 right left dispenser2)
21.901: (fill-shot shot10 ingredient2 left right dispenser2)
21.901: (fill-shot shot10 ingredient2 left right dispenser2)
21.901: (fill-shot shot10 ingredient2 right left dispenser2)
21.976: (pour-shot-to-used-shaker shot5 ingredient2 shaker1 right l1 l2)
21.976: (pour-shot-to-used-shaker shot9 ingredient2 shaker1 left l1 l2)
21.976: (pour-shot-to-used-shaker shot9 ingredient2 shaker1 left l1 l2)
21.976: (pour-shot-to-used-shaker shot9 ingredient2 shaker1 right l1 l2)
22.324: (grasp right shot6)
22.324: (grasp right shot3)
22.324: (grasp left shot6)
22.324: (grasp left shot7)
22.324: (grasp right shot3)
22.324: (grasp right shot7)
22.324: (grasp left shot3)
22.325: (grasp left shot3)
22.325: (leave left shot10)
22.325: (leave left shot10)
22.325: (leave right shot10)
22.325: (leave right shot10)
22.326: (leave right shaker1)
22.326: (leave right shaker1)
22.326: (leave left shaker1)
22.326: (leave left shaker1)
22.363: (leave left shot10)
22.363: (leave left shot10)
22.363: (leave right shot10)
22.363: (leave right shot10)
22.363: (leave left shot10)
22.364: (grasp right shot9)
22.364: (leave left shot10)
22.364: (leave right shot10)
22.364: (grasp left shot9)
22.364: (grasp left shot9)
22.364: (grasp right shot9)
22.364: (grasp left shot9)
21.296: (refill-shot shot3 ingredient2 left right dispenser2)
21.297: (refill-shot shot7 ingredient2 left right dispenser2)
21.297: (refill-shot shot3 ingredient2 right left dispenser2)
21.297: (refill-shot shot3 ingredient2 left right dispenser2)
21.297: (refill-shot shot7 ingredient2 right left dispenser2)
21.297: (refill-shot shot6 ingredient2 left right dispenser2)
21.297: (refill-shot shot3 ingredient2 right left dispenser2)
21.297: (refill-shot shot6 ingredient2 right left dispenser2)
21.776: (leave right shaker1)
21.776: (leave left shaker1)
21.776: (leave right shaker1)
21.776: (leave left shaker1)
21.776: (pour-shot-to-used-shaker shot9 ingredient2 shaker1 left l1 l2)
21.776: (pour-shot-to-used-shaker shot9 ingredient2 shaker1 left l1 l2)
21.776: (pour-shot-to-used-shaker shot9 ingredient2 shaker1 right l1 l2)
21.776: (pour-shot-to-used-shaker shot5 ingredient2 shaker1 right l1 l2)
21.776: (pour-shot-to-used-shaker shot5 ingredient2 shaker1 left l1 l2)
21.776: (pour-shot-to-used-shaker shot9 ingredient2 shaker1 left l1 l2)
21.777: (pour-shot-to-used-shaker shot9 ingredient2 shaker1 right l1 l2)
21.777: (pour-shot-to-used-shaker shot9 ingredient2 shaker1 right l1 l2)
21.805: (clean-shot shot3 ingredient2 left right)
21.805: (clean-shot shot6 ingredient2 right left)
21.805: (clean-shot shot3 ingredient2 left right)
21.805: (clean-shot shot3 ingredient2 right left)
21.805: (clean-shot shot7 ingredient2 right left)
21.805: (clean-shot shot7 ingredient2 left right)
21.805: (clean-shot shot6 ingredient2 left right)
21.805: (clean-shot shot3 ingredient2 right left)
21.838: (leave right shot5)
21.838: (leave right shot9)
21.838: (leave left shot9)
21.838: (leave left shot9)
22.185: (grasp left shot7)
22.185: (grasp right shot3)
22.185: (grasp right shot7)
22.185: (grasp left shot3)
22.185: (grasp right shot3)
22.185: (grasp left shot6)
22.185: (grasp left shot3)
22.186: (grasp right shot6)
19.955: (shake cocktail3 ingredient2 ingredient1 shaker1 right left)
19.955: (shake cocktail1 ingredient2 ingredient3 shaker1 right left)
19.955: (shake cocktail1 ingredient2 ingredient3 shaker1 left right)
19.955: (shake cocktail3 ingredient2 ingredient1 shaker1 left right)
20.924: (clean-shot shot9 ingredient2 left right)
20.924: (clean-shot shot9 ingredient2 left right)
20.924: (clean-shot shot5 ingredient2 right left)
20.924: (clean-shot shot9 ingredient2 right left)
20.924: (clean-shot shot9 ingredient2 left right)
20.924: (clean-shot shot5 ingredient2 left right)
20.924: (clean-shot shot9 ingredient2 right left)
20.924: (clean-shot shot9 ingredient2 right left)
21.485: (leave right shot6)
21.486: (leave right shot3)
21.486: (leave left shot6)
21.486: (leave left shot3)
21.486: (leave left shot7)
21.486: (leave right shot7)
21.486: (leave right shot3)
21.486: (leave left shot3)
21.804: (leave right shot10)
21.804: (leave left shot10)
21.804: (leave right shot10)
21.804: (leave left shot10)
21.804: (leave left shot10)
21.804: (leave right shot10)
21.804: (leave left shot10)
21.804: (leave right shot10)
21.829: (pour-shot-to-used-shaker shot7 ingredient2 shaker1 left l1 l2)
21.829: (pour-shot-to-used-shaker shot3 ingredient2 shaker1 right l1 l2)
21.829: (pour-shot-to-used-shaker shot3 ingredient2 shaker1 left l1 l2)
21.829: (pour-shot-to-used-shaker shot3 ingredient2 shaker1 right l1 l2)
21.829: (pour-shot-to-used-shaker shot3 ingredient2 shaker1 left l1 l2)
21.829: (pour-shot-to-used-shaker shot7 ingredient2 shaker1 right l1 l2)
21.829: (pour-shot-to-used-shaker shot6 ingredient2 shaker1 left l1 l2)
21.829: (pour-shot-to-used-shaker shot6 ingredient2 shaker1 right l1 l2)
21.904: (refill-shot shot9 ingredient2 left right dispenser2)
21.905: (refill-shot shot9 ingredient2 left right dispenser2)
21.905: (refill-shot shot5 ingredient2 right left dispenser2)
21.905: (refill-shot shot9 ingredient2 left right dispenser2)
18.123: (pour-shaker-to-shot cocktail3 shot2 left shaker1 l2 l1)
18.123: (pour-shaker-to-shot cocktail3 shot2 right shaker1 l2 l1)
18.123: (pour-shaker-to-shot cocktail1 shot1 right shaker1 l2 l1)
18.123: (pour-shaker-to-shot cocktail1 shot1 left shaker1 l2 l1)
19.474: (fill-shot shot5 ingredient4 left right dispenser4)
19.474: (fill-shot shot9 ingredient4 left right dispenser4)
19.474: (fill-shot shot9 ingredient4 left right dispenser4)
19.474: (fill-shot shot9 ingredient4 right left dispenser4)
19.474: (fill-shot shot9 ingredient4 left right dispenser4)
19.474: (fill-shot shot9 ingredient4 right left dispenser4)
19.474: (fill-shot shot9 ingredient4 right left dispenser4)
19.475: (fill-shot shot5 ingredient4 right left dispenser4)
19.706: (grasp left shot7)
19.706: (grasp left shot6)
19.706: (grasp right shot3)
19.706: (grasp right shot3)
19.738: (grasp right shot9)
19.738: (grasp left shot9)
19.738: (grasp left shot9)
19.738: (grasp right shot5)
19.873: (grasp left shot2)
19.873: (grasp left shot1)
19.873: (grasp right shot1)
19.873: (grasp right shot2)
19.922: (grasp left shot7)
19.922: (grasp left shot6)
19.922: (grasp left shot3)
19.922: (grasp right shot6)
19.922: (grasp left shot3)
19.922: (grasp right shot7)
19.923: (grasp right shot6)
19.923: (grasp right shot7)
19.976: (grasp right shot10)
19.976: (grasp left shot10)
19.976: (grasp left shot10)
19.976: (grasp right shot10)
20.124: (grasp right shot4)
20.124: (grasp right shot9)
20.124: (grasp right shot8)
20.124: (grasp right shot4)
17.001: (empty-shaker right shaker1 cocktail3 l1 l0)
17.001: (empty-shaker left shaker1 cocktail3 l1 l0)
17.001: (empty-shaker right shaker1 cocktail1 l1 l0)
17.002: (empty-shaker left shaker1 cocktail1 l1 l0)
18.447: (grasp right shot3)
18.447: (pour-shaker-to-shot cocktail1 shot1 left shaker1 l2 l1)
18.447: (grasp left shot6)
18.447: (grasp left shot7)
18.447: (grasp right shot3)
18.447: (pour-shaker-to-shot cocktail3 shot2 left shaker1 l2 l1)
18.448: (pour-shaker-to-shot cocktail1 shot1 right shaker1 l2 l1)
18.448: (pour-shaker-to-shot cocktail3 shot2 right shaker1 l2 l1)
18.491: (pour-shaker-to-shot cocktail3 shot2 right shaker1 l2 l1)
18.491: (pour-shaker-to-shot cocktail1 shot1 left shaker1 l2 l1)
18.491: (grasp left shot9)
18.491: (grasp right shot5)
18.491: (pour-shaker-to-shot cocktail3 shot2 left shaker1 l2 l1)
18.491: (pour-shaker-to-shot cocktail1 shot1 right shaker1 l2 l1)
18.491: (grasp left shot9)
18.491: (grasp right shot9)
18.566: (grasp left shot2)
18.566: (grasp right shot2)
18.566: (grasp left shot1)
18.566: (grasp right shot1)
18.567: (pour-shaker-to-shot cocktail3 shot2 right shaker1 l2 l1)
18.567: (pour-shaker-to-shot cocktail1 shot1 left shaker1 l2 l1)
18.567: (pour-shaker-to-shot cocktail3 shot2 left shaker1 l2 l1)
18.567: (pour-shaker-to-shot cocktail1 shot1 right shaker1 l2 l1)
18.685: (pour-shaker-to-shot cocktail3 shot2 left shaker1 l2 l1)
18.685: (pour-shaker-to-shot cocktail3 shot2 left shaker1 l2 l1)
18.685: (pour-shaker-to-shot cocktail1 shot1 left shaker1 l2 l1)
18.685: (pour-shaker-to-shot cocktail3 shot2 left shaker1 l2 l1)
18.685: (grasp left shot4)
18.685: (grasp left shot5)
18.685: (grasp left shot8)
18.685: (grasp left shot8)
18.685: (grasp left shot4)
18.685: (grasp left shot5)
18.685: (grasp right shot9)
18.685: (grasp right shot4)
16.046: (clean-shaker left right shaker1)
16.046: (clean-shaker right left shaker1)
16.046: (clean-shaker right left shaker1)
16.046: (clean-shaker left right shaker1)
17.583: (empty-shaker right shaker1 cocktail1 l1 l0)
17.583: (empty-shaker left shaker1 cocktail3 l1 l0)
17.583: (empty-shaker left shaker1 cocktail1 l1 l0)
17.583: (grasp left shot9)
17.583: (empty-shaker right shaker1 cocktail3 l1 l0)
17.583: (grasp left shot9)
17.583: (grasp right shot5)
17.583: (grasp right shot9)
17.596: (grasp right shot3)
17.596: (grasp left shot6)
17.596: (grasp left shot7)
17.597: (empty-shaker right shaker1 cocktail1 l1 l0)
17.597: (empty-shaker left shaker1 cocktail1 l1 l0)
17.597: (empty-shaker left shaker1 cocktail3 l1 l0)
17.597: (grasp right shot3)
17.597: (empty-shaker right shaker1 cocktail3 l1 l0)
17.705: (grasp right shot10)
17.705: (grasp left shot10)
17.706: (grasp left shot10)
17.706: (grasp right shot10)
17.787: (empty-shaker right shaker1 cocktail1 l1 l0)
17.787: (grasp left shot4)
17.787: (grasp left shot5)
17.787: (grasp left shot8)
17.787: (empty-shaker right shaker1 cocktail1 l1 l0)
17.787: (grasp left shot5)
17.787: (grasp left shot8)
17.787: (empty-shaker right shaker1 cocktail3 l1 l0)
17.787: (grasp right shot9)
17.787: (grasp left shot4)
17.787: (empty-shaker right shaker1 cocktail3 l1 l0)
17.787: (empty-shaker right shaker1 cocktail3 l1 l0)
17.787: (grasp right shot8)
17.787: (grasp right shot4)
17.787: (grasp right shot4)
17.787: (grasp right shot5)
14.722: (grasp left shot6)
14.722: (grasp right shot3)
14.722: (grasp left shot7)
14.722: (grasp right shot3)
15.068: (leave right shaker1)
15.068: (leave right shaker1)
15.068: (leave left shaker1)
15.068: (leave left shaker1)
15.443: (grasp left shot9)
15.443: (grasp left shot9)
15.443: (grasp right shot9)
15.443: (grasp right shot5)
15.914: (grasp left shot3)
15.914: (grasp right shot7)
15.914: (grasp left shot7)
15.914: (grasp right shot6)
15.914: (grasp left shot6)
15.914: (grasp left shot3)
15.914: (grasp right shot7)
15.914: (grasp right shot6)
16.245: (grasp left shot8)
16.245: (grasp right shot9)
16.245: (grasp right shot4)
16.245: (grasp left shot5)
16.245: (grasp right shot8)
16.245: (grasp left shot4)
16.245: (grasp left shot8)
16.245: (grasp left shot5)
16.245: (grasp left shot4)
16.245: (grasp right shot4)
16.245: (grasp right shot5)
16.245: (grasp right shot8)
16.645: (grasp left shot10)
16.645: (grasp left shot10)
16.645: (grasp right shot10)
16.645: (grasp right shot10)
17.076: (grasp left shot2)
17.076: (grasp right shot1)
17.076: (grasp right shot2)
17.076: (grasp left shot1)
13.742: (grasp left shot6)
13.742: (leave right shaker1)
13.742: (grasp right shot6)
13.742: (leave left shaker1)
13.742: (leave right shaker1)
13.742: (grasp right shot3)
13.743: (leave left shaker1)
13.743: (grasp left shot3)
13.743: (grasp left shot7)
13.743: (grasp right shot3)
13.743: (grasp right shot7)
13.743: (grasp left shot3)
14.465: (leave left shaker1)
14.465: (leave left shaker1)
14.465: (leave right shaker1)
14.465: (leave right shaker1)
14.465: (grasp right shot9)
14.465: (grasp left shot9)
14.465: (grasp left shot9)
14.465: (grasp right shot9)
14.465: (grasp left shot9)
14.465: (grasp right shot5)
14.465: (grasp left shot5)
14.465: (grasp right shot9)
14.936: (grasp right shot7)
14.936: (grasp right shot6)
14.936: (grasp left shot7)
14.936: (leave right shaker1)
14.936: (leave left shaker1)
14.936: (grasp left shot6)
14.936: (grasp right shot6)
14.936: (grasp right shot7)
14.936: (leave right shaker1)
14.936: (leave left shaker1)
14.936: (leave right shaker1)
14.936: (leave left shaker1)
14.936: (leave right shaker1)
14.936: (grasp left shot3)
14.936: (grasp left shot7)
14.936: (grasp left shot7)
13.099: (refill-shot shot7 ingredient2 right left dispenser2)
13.099: (refill-shot shot7 ingredient2 left right dispenser2)
13.099: (refill-shot shot3 ingredient2 right left dispenser2)
13.099: (refill-shot shot3 ingredient2 left right dispenser2)
13.099: (refill-shot shot6 ingredient2 right left dispenser2)
13.099: (refill-shot shot3 ingredient2 right left dispenser2)
13.099: (refill-shot shot3 ingredient2 left right dispenser2)
13.099: (refill-shot shot6 ingredient2 left right dispenser2)
13.388: (refill-shot shot5 ingredient2 right left dispenser2)
13.388: (refill-shot shot9 ingredient2 right left dispenser2)
13.388: (refill-shot shot9 ingredient2 right left dispenser2)
13.389: (refill-shot shot9 ingredient2 left right dispenser2)
13.389: (refill-shot shot5 ingredient2 left right dispenser2)
13.389: (refill-shot shot9 ingredient2 left right dispenser2)
13.389: (refill-shot shot9 ingredient2 right left dispenser2)
13.389: (refill-shot shot9 ingredient2 left right dispenser2)
13.443: (clean-shot shot3 ingredient2 left right)
13.443: (clean-shot shot7 ingredient2 right left)
13.443: (clean-shot shot3 ingredient2 left right)
13.444: (clean-shot shot6 ingredient2 left right)
13.444: (clean-shot shot6 ingredient2 right left)
13.444: (clean-shot shot3 ingredient2 right left)
13.444: (clean-shot shot7 ingredient2 left right)
13.444: (clean-shot shot3 ingredient2 right left)
14.209: (clean-shot shot9 ingredient2 right left)
14.209: (clean-shot shot5 ingredient2 right left)
14.209: (clean-shot shot5 ingredient2 left right)
14.209: (clean-shot shot9 ingredient2 left right)
14.209: (clean-shot shot9 ingredient2 left right)
14.209: (clean-shot shot9 ingredient2 right left)
14.209: (clean-shot shot9 ingredient2 left right)
14.209: (clean-shot shot9 ingredient2 right left)
14.506: (grasp left shot9)
14.506: (grasp right shot5)
14.506: (grasp right shot9)
14.506: (grasp left shot9)
14.506: (grasp right shot9)
14.506: (grasp left shot3)
14.506: (grasp left shot3)
14.506: (grasp left shot9)
13.319: (fill-shot shot6 ingredient4 right left dispenser4)
13.319: (fill-shot shot6 ingredient4 left right dispenser4)
13.320: (fill-shot shot7 ingredient4 left right dispenser4)
13.320: (fill-shot shot3 ingredient4 right left dispenser4)
13.320: (fill-shot shot3 ingredient4 right left dispenser4)
13.320: (fill-shot shot3 ingredient4 left right dispenser4)
13.320: (fill-shot shot7 ingredient4 right left dispenser4)
13.320: (fill-shot shot3 ingredient4 left right dispenser4)
13.458: (leave right shot6)
13.458: (leave left shot6)
13.458: (leave left shot3)
13.459: (leave left shot3)
13.459: (leave right shot7)
13.459: (leave right shot3)
13.459: (leave right shot3)
13.459: (leave left shot7)
13.607: (fill-shot shot9 ingredient4 left right dispenser4)
13.607: (fill-shot shot9 ingredient4 left right dispenser4)
13.607: (fill-shot shot9 ingredient4 right left dispenser4)
13.607: (fill-shot shot5 ingredient4 left right dispenser4)
13.607: (fill-shot shot9 ingredient4 right left dispenser4)
13.607: (fill-shot shot9 ingredient4 right left dispenser4)
13.607: (fill-shot shot9 ingredient4 left right dispenser4)
13.607: (fill-shot shot5 ingredient4 right left dispenser4)
13.665: (grasp right shot5)
13.666: (grasp right shot9)
13.666: (grasp left shot5)
13.666: (grasp left shot9)
13.666: (grasp right shot9)
13.666: (grasp left shot9)
13.666: (grasp right shot9)
13.666: (grasp left shot9)
13.816: (grasp left shot3)
13.816: (grasp left shot7)
13.816: (grasp left shot3)
13.816: (grasp left shot6)
13.817: (grasp right shot3)
13.817: (grasp right shot7)
13.817: (grasp right shot3)
13.817: (grasp right shot6)
12.811: (leave right shot5)
12.811: (leave right shot9)
12.811: (leave left shot9)
12.811: (leave left shot9)
12.811: (leave right shot9)
12.811: (leave right shot9)
12.811: (leave left shot5)
12.811: (leave left shot9)
12.870: (pour-shot-to-clean-shaker shot9 ingredient4 shaker1 left l0 l1)
12.870: (pour-shot-to-clean-shaker shot9 ingredient4 shaker1 left l0 l1)
12.870: (pour-shot-to-clean-shaker shot5 ingredient4 shaker1 right l0 l1)
12.870: (pour-shot-to-clean-shaker shot9 ingredient4 shaker1 right l0 l1)
12.871: (pour-shot-to-clean-shaker shot5 ingredient4 shaker1 left l0 l1)
12.871: (pour-shot-to-clean-shaker shot9 ingredient4 shaker1 right l0 l1)
12.871: (pour-shot-to-clean-shaker shot9 ingredient4 shaker1 left l0 l1)
12.871: (pour-shot-to-clean-shaker shot9 ingredient4 shaker1 right l0 l1)
12.970: (grasp left shot5)
12.970: (grasp right shot9)
12.970: (grasp right shot9)
12.970: (grasp left shot9)
12.970: (grasp left shot9)
12.971: (grasp right shot5)
13.079: (grasp left shot3)
13.079: (grasp right shot7)
13.079: (grasp right shot6)
13.079: (grasp right shot3)
13.079: (grasp left shot7)
13.079: (grasp right shot3)
13.079: (grasp left shot6)
13.079: (grasp left shot3)
13.139: (leave left shot9)
13.139: (leave left shot9)
13.139: (leave right shot9)
13.139: (leave right shot9)
13.139: (leave left shot5)
13.139: (leave left shot9)
13.139: (leave right shot9)
13.139: (leave right shot5)
13.159: (pour-shot-to-clean-shaker shot3 ingredient2 shaker1 right l0 l1)
13.159: (pour-shot-to-clean-shaker shot3 ingredient2 shaker1 right l0 l1)
11.976: (refill-shot shot9 ingredient4 left right dispenser4)
11.976: (refill-shot shot9 ingredient4 left right dispenser4)
11.976: (refill-shot shot5 ingredient4 right left dispenser4)
11.976: (refill-shot shot5 ingredient4 left right dispenser4)
11.976: (refill-shot shot9 ingredient4 right left dispenser4)
11.976: (refill-shot shot9 ingredient4 right left dispenser4)
11.976: (refill-shot shot9 ingredient4 left right dispenser4)
11.977: (refill-shot shot9 ingredient4 right left dispenser4)
12.137: (refill-shot shot5 ingredient2 right left dispenser2)
12.137: (refill-shot shot9 ingredient2 left right dispenser2)
12.137: (refill-shot shot9 ingredient2 left right dispenser2)
12.139: (refill-shot shot9 ingredient2 right left dispenser2)
12.139: (refill-shot shot5 ingredient2 left right dispenser2)
12.139: (refill-shot shot9 ingredient2 right left dispenser2)
12.297: (refill-shot shot3 ingredient2 right left dispenser2)
12.297: (refill-shot shot7 ingredient2 left right dispenser2)
12.297: (refill-shot shot3 ingredient2 left right dispenser2)
12.297: (refill-shot shot3 ingredient2 right left dispenser2)
12.297: (refill-shot shot6 ingredient2 left right dispenser2)
12.297: (refill-shot shot6 ingredient2 right left dispenser2)
12.297: (refill-shot shot7 ingredient2 right left dispenser2)
12.297: (refill-shot shot3 ingredient2 left right dispenser2)
12.313: (pour-shot-to-clean-shaker shot9 ingredient4 shaker1 right l0 l1)
12.313: (pour-shot-to-clean-shaker shot9 ingredient4 shaker1 right l0 l1)
12.313: (pour-shot-to-clean-shaker shot5 ingredient4 shaker1 left l0 l1)
12.313: (pour-shot-to-clean-shaker shot9 ingredient4 shaker1 right l0 l1)
12.313: (pour-shot-to-clean-shaker shot9 ingredient4 shaker1 left l0 l1)
12.313: (pour-shot-to-clean-shaker shot9 ingredient4 shaker1 left l0 l1)
12.313: (pour-shot-to-clean-shaker shot9 ingredient4 shaker1 left l0 l1)
12.313: (pour-shot-to-clean-shaker shot5 ingredient4 shaker1 right l0 l1)
12.313: (grasp right shot3)
12.313: (grasp right shot6)
12.313: (grasp left shot3)
12.314: (grasp left shot7)
12.314: (grasp left shot3)
12.314: (grasp right shot3)
12.314: (grasp right shot7)
12.314: (grasp left shot6)
12.354: (grasp right shot3)
12.354: (grasp left shot3)
10.815: (grasp right shot6)
10.815: (grasp right shot3)
10.815: (grasp left shot3)
10.815: (grasp left shot6)
10.815: (grasp right shot7)
10.815: (grasp left shot7)
10.815: (grasp left shot3)
10.815: (grasp right shot3)
11.108: (leave right shot5)
11.108: (leave left shot5)
11.108: (leave left shot9)
11.108: (leave left shot9)
11.108: (leave right shot9)
11.108: (leave left shot9)
11.108: (leave right shot9)
11.108: (leave right shot9)
11.130: (refill-shot shot3 ingredient2 left right dispenser2)
11.130: (refill-shot shot3 ingredient2 right left dispenser2)
11.389: (pour-shot-to-clean-shaker shot5 ingredient2 shaker1 right l0 l1)
11.390: (pour-shot-to-clean-shaker shot9 ingredient2 shaker1 left l0 l1)
11.390: (pour-shot-to-clean-shaker shot9 ingredient2 shaker1 left l0 l1)
11.390: (pour-shot-to-clean-shaker shot9 ingredient2 shaker1 right l0 l1)
11.390: (pour-shot-to-clean-shaker shot5 ingredient2 shaker1 left l0 l1)
11.390: (pour-shot-to-clean-shaker shot9 ingredient2 shaker1 right l0 l1)
11.877: (leave left shot9)
11.877: (leave right shot5)
11.877: (leave left shot9)
11.877: (leave right shot9)
11.877: (leave left shot9)
11.877: (leave left shot5)
11.877: (leave right shot9)
11.877: (leave right shot9)
12.345: (clean-shot shot3 ingredient2 right left)
12.345: (clean-shot shot3 ingredient2 left right)
12.428: (leave right shot5)
12.428: (leave left shot9)
12.428: (leave right shot9)
12.428: (leave left shot9)
12.429: (leave right shot9)
12.429: (leave left shot5)
9.673: (grasp left shot3)
9.673: (grasp right shot3)
9.673: (grasp right shot3)
9.673: (grasp left shot6)
9.673: (grasp left shot3)
9.673: (grasp right shot6)
9.673: (leave left shot9)
9.673: (leave left shot9)
9.673: (leave left shot5)
9.673: (leave right shot9)
9.673: (leave left shot9)
9.673: (leave right shot9)
9.673: (leave right shot5)
9.673: (leave right shot9)
9.673: (grasp left shot7)
9.673: (grasp right shot7)
9.685: (clean-shot shot9 ingredient2 right left)
9.685: (clean-shot shot5 ingredient2 right left)
9.685: (clean-shot shot5 ingredient2 left right)
9.685: (clean-shot shot9 ingredient2 right left)
9.685: (clean-shot shot9 ingredient2 left right)
9.685: (clean-shot shot9 ingredient2 left right)
10.858: (refill-shot shot7 ingredient2 right left dispenser2)
10.858: (refill-shot shot7 ingredient2 left right dispenser2)
10.859: (refill-shot shot3 ingredient2 right left dispenser2)
10.859: (refill-shot shot3 ingredient2 left right dispenser2)
10.859: (refill-shot shot6 ingredient2 right left dispenser2)
10.859: (refill-shot shot3 ingredient2 right left dispenser2)
10.859: (refill-shot shot6 ingredient2 left right dispenser2)
10.859: (refill-shot shot3 ingredient2 left right dispenser2)
11.086: (grasp left shot4)
11.086: (grasp left shot5)
11.086: (grasp left shot8)
11.086: (grasp left shot4)
11.086: (grasp left shot4)
11.086: (grasp left shot5)
11.086: (grasp right shot4)
11.086: (grasp right shot8)
11.086: (grasp right shot9)
11.086: (grasp left shot8)
8.511: (refill-shot shot6 ingredient2 left right dispenser2)
8.511: (refill-shot shot3 ingredient2 right left dispenser2)
8.511: (refill-shot shot3 ingredient2 left right dispenser2)
8.511: (refill-shot shot3 ingredient2 left right dispenser2)
8.511: (refill-shot shot3 ingredient2 right left dispenser2)
8.512: (refill-shot shot7 ingredient2 left right dispenser2)
8.512: (refill-shot shot7 ingredient2 right left dispenser2)
8.512: (refill-shot shot6 ingredient2 right left dispenser2)
8.970: (fill-shot shot9 ingredient4 right left dispenser4)
8.970: (fill-shot shot9 ingredient4 left right dispenser4)
8.970: (fill-shot shot5 ingredient4 left right dispenser4)
8.970: (fill-shot shot9 ingredient4 left right dispenser4)
8.970: (fill-shot shot9 ingredient4 right left dispenser4)
8.971: (fill-shot shot5 ingredient4 right left dispenser4)
9.558: (grasp left shot8)
9.559: (grasp left shot4)
9.559: (grasp left shot5)
9.559: (grasp left shot4)
9.559: (grasp left shot9)
9.559: (grasp left shot8)
9.559: (grasp right shot4)
9.559: (grasp right shot5)
9.559: (grasp right shot8)
9.559: (grasp left shot8)
9.559: (grasp left shot5)
9.559: (grasp left shot4)
9.559: (grasp right shot4)
9.559: (grasp right shot8)
9.559: (grasp right shot9)
9.559: (grasp right shot4)
9.559: (grasp right shot8)
9.559: (grasp right shot5)
9.595: (pour-shot-to-used-shaker shot3 ingredient2 shaker1 left l1 l2)
9.595: (pour-shot-to-used-shaker shot3 ingredient2 shaker1 right l1 l2)
9.595: (pour-shot-to-used-shaker shot6 ingredient2 shaker1 left l1 l2)
9.595: (pour-shot-to-used-shaker shot7 ingredient2 shaker1 left l1 l2)
9.595: (pour-shot-to-used-shaker shot6 ingredient2 shaker1 right l1 l2)
9.595: (pour-shot-to-used-shaker shot3 ingredient2 shaker1 right l1 l2)
9.595: (pour-shot-to-used-shaker shot3 ingredient2 shaker1 left l1 l2)
9.596: (pour-shot-to-used-shaker shot7 ingredient2 shaker1 right l1 l2)
6.570: (pour-shot-to-used-shaker shot3 ingredient2 shaker1 left l1 l2)
6.570: (pour-shot-to-used-shaker shot3 ingredient2 shaker1 left l1 l2)
6.570: (pour-shot-to-used-shaker shot3 ingredient2 shaker1 right l1 l2)
6.570: (pour-shot-to-used-shaker shot6 ingredient2 shaker1 left l1 l2)
6.570: (pour-shot-to-used-shaker shot3 ingredient2 shaker1 right l1 l2)
6.570: (pour-shot-to-used-shaker shot7 ingredient2 shaker1 left l1 l2)
6.570: (pour-shot-to-used-shaker shot6 ingredient2 shaker1 right l1 l2)
6.570: (pour-shot-to-used-shaker shot7 ingredient2 shaker1 right l1 l2)
7.120: (pour-shot-to-used-shaker shot9 ingredient4 shaker1 right l1 l2)
7.120: (pour-shot-to-used-shaker shot5 ingredient4 shaker1 left l1 l2)
7.120: (pour-shot-to-used-shaker shot9 ingredient4 shaker1 left l1 l2)
7.120: (pour-shot-to-used-shaker shot9 ingredient4 shaker1 left l1 l2)
7.120: (pour-shot-to-used-shaker shot9 ingredient4 shaker1 right l1 l2)
7.121: (pour-shot-to-used-shaker shot5 ingredient4 shaker1 right l1 l2)
8.708: (clean-shot shot3 ingredient2 left right)
8.709: (clean-shot shot3 ingredient2 right left)
8.709: (clean-shot shot7 ingredient2 right left)
8.709: (clean-shot shot3 ingredient2 left right)
8.709: (clean-shot shot3 ingredient2 right left)
8.709: (clean-shot shot6 ingredient2 left right)
8.709: (clean-shot shot7 ingredient2 left right)
8.709: (clean-shot shot6 ingredient2 right left)
8.879: (pour-shot-to-used-shaker shot8 ingredient4 shaker1 right l1 l2)
8.879: (pour-shot-to-used-shaker shot9 ingredient4 shaker1 right l1 l2)
8.879: (pour-shot-to-used-shaker shot4 ingredient4 shaker1 right l1 l2)
8.879: (pour-shot-to-used-shaker shot5 ingredient4 shaker1 right l1 l2)
8.879: (pour-shot-to-used-shaker shot8 ingredient4 shaker1 right l1 l2)
8.879: (pour-shot-to-used-shaker shot5 ingredient4 shaker1 left l1 l2)
8.879: (pour-shot-to-used-shaker shot4 ingredient4 shaker1 left l1 l2)
8.879: (pour-shot-to-used-shaker shot4 ingredient4 shaker1 right l1 l2)
8.879: (pour-shot-to-used-shaker shot8 ingredient4 shaker1 left l1 l2)
8.879: (pour-shot-to-used-shaker shot8 ingredient4 shaker1 right l1 l2)
8.879: (pour-shot-to-used-shaker shot4 ingredient4 shaker1 right l1 l2)
8.879: (pour-shot-to-used-shaker shot5 ingredient4 shaker1 right l1 l2)
8.879: (pour-shot-to-used-shaker shot5 ingredient4 shaker1 left l1 l2)
8.879: (pour-shot-to-used-shaker shot4 ingredient4 shaker1 left l1 l2)
8.879: (pour-shot-to-used-shaker shot8 ingredient4 shaker1 left l1 l2)
8.879: (pour-shot-to-used-shaker shot9 ingredient4 shaker1 left l1 l2)
8.879: (pour-shot-to-used-shaker shot8 ingredient4 shaker1 left l1 l2)
8.879: (pour-shot-to-used-shaker shot4 ingredient4 shaker1 left l1 l2)
5.448: (clean-shot shot3 ingredient2 right left)
5.448: (clean-shot shot6 ingredient2 left right)
5.448: (clean-shot shot3 ingredient2 left right)
5.448: (clean-shot shot7 ingredient2 left right)
5.448: (clean-shot shot3 ingredient2 left right)
5.448: (clean-shot shot3 ingredient2 right left)
5.448: (clean-shot shot7 ingredient2 right left)
5.448: (clean-shot shot6 ingredient2 right left)
5.485: (refill-shot shot9 ingredient4 right left dispenser4)
5.485: (refill-shot shot9 ingredient4 right left dispenser4)
5.485: (refill-shot shot5 ingredient4 left right dispenser4)
5.485: (refill-shot shot9 ingredient4 left right dispenser4)
5.485: (refill-shot shot9 ingredient4 left right dispenser4)
5.485: (refill-shot shot5 ingredient4 right left dispenser4)
6.756: (grasp left shaker1)
6.757: (grasp right shaker1)
6.757: (grasp left shaker1)
6.757: (grasp left shaker1)
6.757: (grasp right shaker1)
6.757: (grasp right shaker1)
6.757: (grasp left shaker1)
6.757: (grasp right shaker1)
6.766: (grasp left shaker1)
6.766: (grasp right shaker1)
6.766: (grasp right shaker1)
6.766: (grasp right shaker1)
6.766: (grasp left shaker1)
6.767: (grasp left shaker1)
7.168: (clean-shot shot9 ingredient4 left right)
7.168: (clean-shot shot9 ingredient4 right left)
7.168: (clean-shot shot9 ingredient4 left right)
7.168: (clean-shot shot5 ingredient4 left right)
7.168: (clean-shot shot9 ingredient4 right left)
7.168: (clean-shot shot5 ingredient4 right left)
7.217: (grasp left shot6)
7.217: (grasp left shot3)
7.218: (grasp left shot7)
7.218: (grasp left shot3)
7.218: (grasp right shot6)
7.218: (grasp right shot6)
4.608: (leave left shot5)
4.608: (leave left shot9)
4.608: (leave left shot9)
4.609: (leave right shot5)
4.609: (leave left shot7)
4.609: (leave left shot3)
4.609: (leave left shot3)
4.609: (leave right shot9)
4.609: (leave right shot3)
4.609: (leave right shot7)
4.609: (leave left shot6)
4.609: (leave right shot3)
4.609: (leave right shot6)
4.609: (leave right shot9)
5.465: (grasp right shaker1)
5.465: (grasp left shaker1)
5.465: (grasp right shaker1)
5.465: (grasp right shaker1)
5.465: (grasp left shaker1)
5.465: (grasp left shaker1)
5.476: (grasp right shaker1)
5.476: (grasp left shaker1)
5.476: (grasp left shaker1)
5.476: (grasp left shaker1)
5.476: (grasp right shaker1)
5.476: (grasp right shaker1)
5.476: (grasp left shaker1)
5.476: (grasp right shaker1)
6.306: (grasp left shot8)
6.306: (grasp right shot9)
6.306: (grasp right shot8)
6.306: (grasp right shot4)
6.306: (grasp left shot4)
6.306: (grasp left shot5)
6.306: (grasp right shot4)
6.306: (grasp right shot5)
6.306: (grasp left shot8)
6.306: (grasp left shot5)
6.306: (grasp left shot4)
6.306: (grasp right shot4)
4.621: (leave right shot7)
4.621: (leave right shot6)
4.621: (leave right shot3)
4.621: (leave left shot9)
4.621: (leave left shot5)
4.621: (leave right shot5)
4.621: (leave left shot3)
4.621: (leave left shot9)
4.621: (leave right shot9)
4.621: (leave right shot9)
4.621: (grasp left shaker1)
4.621: (leave left shot6)
4.621: (leave left shot7)
4.621: (grasp right shaker1)
4.621: (grasp left shaker1)
4.621: (grasp right shaker1)
4.621: (leave left shot3)
4.621: (leave right shot3)
5.448: (grasp right shot7)
5.448: (grasp right shot6)
5.448: (grasp left shot6)
5.448: (grasp left shot7)
5.470: (grasp left shot10)
5.470: (grasp right shot10)
5.471: (grasp right shot10)
5.471: (grasp left shot10)
5.485: (leave right shot9)
5.485: (leave right shot9)
5.485: (leave left shot9)
5.485: (leave right shot9)
5.485: (leave left shot9)
5.485: (leave right shot9)
5.485: (grasp right shot8)
5.485: (grasp left shot4)
5.485: (grasp right shot4)
5.485: (grasp left shot8)
5.485: (grasp left shot5)
5.485: (grasp left shot4)
5.485: (grasp left shot8)
5.485: (grasp right shot5)
2.256: (shake cocktail2 ingredient4 ingredient2 shaker1 left right)
2.256: (shake cocktail2 ingredient4 ingredient2 shaker1 right left)
2.256: (shake cocktail2 ingredient4 ingredient2 shaker1 left right)
2.256: (shake cocktail2 ingredient4 ingredient2 shaker1 right left)
5.326: (refill-shot shot10 ingredient3 left right dispenser3)
5.326: (refill-shot shot10 ingredient1 right left dispenser1)
5.326: (refill-shot shot10 ingredient1 left right dispenser1)
5.326: (refill-shot shot10 ingredient3 right left dispenser3)
5.329: (clean-shot shot10 ingredient3 left right)
5.329: (clean-shot shot10 ingredient1 left right)
5.329: (clean-shot shot10 ingredient1 right left)
5.329: (clean-shot shot10 ingredient3 right left)
5.465: (grasp left shot4)
5.465: (grasp left shot8)
5.465: (grasp right shot5)
5.465: (grasp right shot8)
5.465: (grasp right shot4)
5.465: (grasp left shot4)
5.465: (grasp left shot5)
5.465: (grasp right shot4)
5.465: (grasp left shot8)
5.465: (grasp right shot8)
5.465: (grasp right shaker1)
5.465: (grasp right shaker1)
5.465: (grasp right shaker1)
5.465: (grasp left shaker1)
5.465: (grasp left shaker1)
5.466: (grasp right shaker1)
5.466: (grasp left shaker1)
5.466: (grasp right shaker1)
5.466: (grasp left shaker1)
5.476: (grasp right shaker1)
5.476: (grasp right shaker1)
5.476: (grasp left shaker1)
5.476: (grasp right shot7)
5.476: (grasp right shot6)
5.476: (grasp left shot6)
5.476: (grasp left shaker1)
5.476: (grasp left shot7)
5.480: (grasp left shot10)
2.702: (grasp right shot7)
2.702: (grasp right shot3)
2.702: (grasp right shot6)
2.702: (grasp left shot7)
2.702: (grasp left shot6)
2.702: (grasp right shot7)
2.702: (grasp right shot3)
2.702: (grasp right shot6)
2.702: (grasp left shot3)
2.702: (grasp left shot3)
2.702: (grasp left shot7)
2.702: (grasp left shot6)
2.792: (grasp left shot1)
2.792: (grasp right shot1)
2.792: (grasp left shot2)
2.792: (grasp right shot2)
2.798: (grasp left shot1)
2.798: (grasp right shot2)
2.798: (grasp left shot2)
2.799: (grasp right shot1)
2.827: (grasp right shot8)
2.827: (grasp right shot9)
2.827: (grasp right shot4)
2.827: (grasp right shot5)
2.827: (grasp right shot9)
2.827: (grasp left shot9)
2.827: (grasp right shot8)
2.827: (grasp left shot8)
2.827: (grasp left shot5)
2.827: (grasp left shot4)
2.827: (grasp right shot5)
2.827: (grasp left shot4)
2.827: (grasp left shot5)
2.827: (grasp right shot4)
2.827: (grasp left shot9)
2.827: (grasp left shot8)
2.887: (grasp right shot10)
2.887: (grasp left shot10)
2.887: (grasp left shot10)
2.887: (grasp right shot10)
3.574: (leave right shaker1)
3.574: (leave right shaker1)
3.574: (leave right shaker1)
3.574: (leave left shaker1)
3.574: (leave right shaker1)
3.574: (leave right shaker1)
3.574: (leave left shaker1)
3.574: (leave left shaker1)
3.574: (leave left shaker1)
3.574: (leave right shaker1)
3.574: (leave left shaker1)
3.574: (leave left shaker1)
3.575: (leave left shaker1)
3.575: (leave left shaker1)
3.575: (leave right shaker1)
3.575: (leave right shaker1)
3.578: (leave left shaker1)
3.579: (leave right shaker1)
3.579: (leave right shaker1)
3.579: (leave left shaker1)
3.582: (leave right shaker1)
3.582: (leave right shaker1)
3.582: (leave left shaker1)
3.582: (leave left shaker1)
3.582: (leave left shaker1)
3.582: (leave left shaker1)
3.582: (leave left shaker1)
3.582: (leave right shaker1)
3.582: (leave left shaker1)
3.582: (leave left shaker1)
3.582: (leave right shaker1)
3.582: (leave right shaker1)
3.582: (leave right shaker1)
3.583: (leave left shaker1)
3.583: (leave right shaker1)
3.583: (leave right shaker1)
3.680: (leave right shaker1)
3.680: (leave left shaker1)
3.680: (leave left shaker1)
3.681: (leave right shaker1)
3.038: (leave left shot8)
3.038: (leave right shot8)
3.038: (leave left shot4)
3.038: (leave left shot5)
3.038: (leave right shot4)
3.038: (leave left shot4)
3.038: (leave left shot10)
3.038: (leave right shot10)
3.038: (leave left shot10)
3.038: (leave right shot10)
3.038: (leave right shot5)
3.038: (leave right shot5)
3.038: (leave right shot9)
3.038: (leave left shot9)
3.038: (leave left shot9)
3.038: (leave left shot5)
3.038: (leave right shot8)
3.038: (leave right shot9)
3.038: (leave right shot4)
3.039: (leave right shot3)
3.039: (leave left shot7)
3.039: (leave left shot6)
3.039: (leave right shot6)
3.039: (leave right shot6)
3.039: (leave right shot7)
3.039: (leave left shot7)
3.039: (leave left shot3)
3.039: (leave left shot6)
3.039: (leave left shot2)
3.039: (leave right shot2)
3.039: (leave left shot1)
3.039: (leave right shot1)
3.040: (leave left shot1)
3.040: (leave left shot3)
3.040: (leave right shot3)
3.040: (leave right shot7)
3.040: (leave left shot2)
3.040: (leave right shot1)
3.040: (leave left shot8)
3.040: (leave right shot2)
2.256: (grasp right shaker1)
2.256: (grasp left shaker1)
2.256: (grasp left shaker1)
2.256: (grasp right shaker1)
3.574: (grasp left shot6)
3.574: (grasp right shot6)
3.574: (grasp right shot3)
3.574: (grasp right shot7)
3.574: (grasp left shot3)
3.574: (grasp left shot7)
3.574: (grasp left shot3)
3.574: (grasp right shot6)
3.574: (grasp right shot7)
3.574: (grasp left shot6)
3.574: (grasp left shot7)
3.574: (grasp right shot3)
3.576: (grasp right shot2)
3.576: (grasp right shot1)
3.576: (grasp left shot2)
3.576: (grasp left shot1)
3.579: (grasp left shot1)
3.579: (grasp right shot1)
3.579: (grasp left shot2)
3.579: (grasp right shot2)
3.582: (grasp right shot9)
3.582: (grasp right shot8)
3.582: (grasp right shot5)
3.582: (grasp right shot4)
3.582: (grasp left shot8)
3.582: (grasp left shot9)
3.582: (grasp left shot4)
3.582: (grasp right shot8)
3.582: (grasp left shot5)
3.582: (grasp right shot9)
3.582: (grasp left shot4)
3.582: (grasp right shot5)
3.582: (grasp right shot4)
3.582: (grasp left shot5)
3.582: (grasp left shot9)
3.582: (grasp left shot8)
Failed to find a solution!
