/u/ibrahim.eisawy/Neural-Guided-Search/venv/lib/python3.10/site-packages/pymimir_rgnn/model.py:151: UserWarning: index_reduce() is in beta and the API may change at any time. (Triggered internally at /pytorch/aten/src/ATen/native/cuda/Indexing.cu:1541.)
  max_msg.index_reduce_(0, output_indices, output_messages, reduce='amax', include_self=True)
Torch: 2.12.0+cu130
Using GPU:  NVIDIA L40S
10.904: (load-truck p1 t1 l1-1)
10.964: (load-truck p3 t2 l2-0)
10.974: (load-airplane p4 a0 l0-0)
11.290: (drive-truck t1 l1-1 l1-0 c1)
11.968: (fly-airplane a0 l0-0 l1-0)
11.999: (drive-truck t0 l0-1 l0-0 c0)
11.999: (fly-airplane a0 l0-0 l2-0)
12.110: (drive-truck t2 l2-0 l2-1 c2)
inf: (drive-truck t0 l0-1 l0-1 c0)
inf: (drive-truck t1 l1-1 l1-1 c1)
inf: (drive-truck t2 l2-0 l2-0 c2)
inf: (fly-airplane a0 l0-0 l0-0)
9.823: (load-truck p1 t1 l1-1)
9.823: (load-airplane p4 a0 l0-0)
9.861: (load-truck p1 t1 l1-1)
9.861: (load-truck p3 t2 l2-0)
9.866: (load-truck p3 t2 l2-0)
9.866: (load-airplane p4 a0 l0-0)
9.919: (drive-truck t1 l1-1 l1-0 c1)
9.986: (drive-truck t2 l2-0 l2-1 c2)
10.092: (load-truck p2 t1 l1-0)
10.253: (drive-truck t1 l1-1 l1-0 c1)
10.253: (load-truck p3 t2 l2-0)
10.266: (load-airplane p4 a0 l0-0)
10.266: (drive-truck t1 l1-1 l1-0 c1)
10.851: (fly-airplane a0 l0-0 l2-0)
10.901: (load-truck p1 t1 l1-1)
10.901: (fly-airplane a0 l0-0 l2-0)
10.902: (fly-airplane a0 l0-0 l1-0)
10.902: (load-truck p1 t1 l1-1)
10.907: (drive-truck t0 l0-1 l0-0 c0)
10.907: (load-truck p1 t1 l1-1)
10.929: (load-truck p3 t2 l2-0)
10.929: (fly-airplane a0 l0-0 l1-0)
10.962: (drive-truck t0 l0-1 l0-0 c0)
10.962: (load-truck p3 t2 l2-0)
10.965: (load-truck p3 t2 l2-0)
10.965: (fly-airplane a0 l0-0 l2-0)
10.977: (load-airplane p4 a0 l0-0)
10.977: (drive-truck t0 l0-1 l0-0 c0)
11.007: (fly-airplane a0 l0-0 l1-0)
11.012: (drive-truck t2 l2-0 l2-1 c2)
11.012: (load-truck p1 t1 l1-1)
11.013: (drive-truck t1 l1-1 l1-0 c1)
11.013: (fly-airplane a0 l0-0 l1-0)
11.027: (load-truck p4 t0 l0-0)
11.043: (drive-truck t2 l2-0 l2-1 c2)
11.043: (load-airplane p4 a0 l0-0)
11.288: (drive-truck t1 l1-1 l1-0 c1)
11.288: (drive-truck t0 l0-1 l0-0 c0)
11.288: (drive-truck t1 l1-1 l1-0 c1)
11.289: (fly-airplane a0 l0-0 l2-0)
11.368: (drive-truck t1 l1-1 l1-0 c1)
11.368: (drive-truck t2 l2-0 l2-1 c2)
11.967: (fly-airplane a0 l0-0 l1-0)
11.967: (drive-truck t0 l0-1 l0-0 c0)
11.998: (fly-airplane a0 l0-0 l2-0)
11.998: (drive-truck t0 l0-1 l0-0 c0)
12.077: (fly-airplane a0 l0-0 l1-0)
12.077: (drive-truck t2 l2-0 l2-1 c2)
12.108: (drive-truck t0 l0-1 l0-0 c0)
12.108: (drive-truck t2 l2-0 l2-1 c2)
12.113: (drive-truck t2 l2-0 l2-1 c2)
12.113: (fly-airplane a0 l0-0 l2-0)
12.917: (load-airplane p2 a0 l1-0)
12.995: (load-airplane p3 a0 l2-0)
13.121: (load-truck p0 t2 l2-1)
inf: (drive-truck t2 l2-1 l2-1 c2)
inf: (fly-airplane a0 l1-0 l0-0)
inf: (drive-truck t0 l0-0 l0-0 c0)
inf: (drive-truck t2 l2-1 l2-0 c2)
inf: (fly-airplane a0 l2-0 l0-0)
inf: (drive-truck t0 l0-0 l0-1 c0)
inf: (fly-airplane a0 l0-0 l0-0)
inf: (drive-truck t1 l1-1 l1-1 c1)
inf: (drive-truck t0 l0-1 l0-1 c0)
inf: (drive-truck t0 l0-1 l0-1 c0)
inf: (fly-airplane a0 l2-0 l2-0)
inf: (drive-truck t1 l1-1 l1-1 c1)
inf: (drive-truck t2 l2-0 l2-0 c2)
inf: (fly-airplane a0 l2-0 l1-0)
inf: (drive-truck t2 l2-0 l2-0 c2)
inf: (drive-truck t1 l1-1 l1-1 c1)
inf: (fly-airplane a0 l0-0 l0-0)
inf: (unload-truck p3 t2 l2-0)
inf: (drive-truck t0 l0-1 l0-1 c0)
inf: (drive-truck t0 l0-1 l0-1 c0)
inf: (unload-truck p1 t1 l1-1)
inf: (drive-truck t1 l1-1 l1-1 c1)
inf: (drive-truck t2 l2-0 l2-0 c2)
inf: (fly-airplane a0 l0-0 l0-0)
inf: (fly-airplane a0 l0-0 l0-0)
inf: (unload-airplane p4 a0 l0-0)
inf: (drive-truck t2 l2-0 l2-0 c2)
inf: (drive-truck t0 l0-1 l0-1 c0)
inf: (fly-airplane a0 l0-0 l0-0)
inf: (fly-airplane a0 l0-0 l0-0)
inf: (drive-truck t1 l1-1 l1-1 c1)
inf: (drive-truck t1 l1-0 l1-0 c1)
inf: (drive-truck t1 l1-0 l1-1 c1)
inf: (drive-truck t0 l0-1 l0-1 c0)
inf: (drive-truck t0 l0-1 l0-1 c0)
inf: (drive-truck t1 l1-1 l1-1 c1)
inf: (drive-truck t2 l2-0 l2-0 c2)
inf: (drive-truck t2 l2-0 l2-0 c2)
inf: (fly-airplane a0 l1-0 l1-0)
inf: (fly-airplane a0 l1-0 l2-0)
inf: (drive-truck t1 l1-1 l1-1 c1)
inf: (drive-truck t2 l2-0 l2-0 c2)
8.714: (load-airplane p4 a0 l0-0)
8.714: (load-truck p3 t2 l2-0)
8.714: (load-truck p1 t1 l1-1)
8.780: (load-truck p2 t1 l1-0)
8.841: (load-airplane p4 a0 l0-0)
8.841: (drive-truck t1 l1-1 l1-0 c1)
8.874: (drive-truck t1 l1-1 l1-0 c1)
8.874: (load-truck p3 t2 l2-0)
8.911: (drive-truck t2 l2-0 l2-1 c2)
8.911: (load-truck p1 t1 l1-1)
8.959: (drive-truck t2 l2-0 l2-1 c2)
8.959: (load-airplane p4 a0 l0-0)
8.989: (unload-truck p3 t2 l2-1)
9.055: (load-truck p3 t2 l2-0)
9.055: (load-truck p2 t1 l1-0)
9.067: (load-airplane p4 a0 l0-0)
9.067: (load-truck p2 t1 l1-0)
9.157: (load-airplane p4 a0 l0-0)
9.157: (drive-truck t1 l1-1 l1-0 c1)
9.157: (load-truck p3 t2 l2-0)
9.269: (drive-truck t2 l2-0 l2-1 c2)
9.269: (drive-truck t1 l1-1 l1-0 c1)
9.726: (load-truck p1 t1 l1-1)
9.726: (fly-airplane a0 l0-0 l2-0)
9.835: (load-truck p3 t2 l2-0)
9.835: (load-truck p4 t0 l0-0)
9.853: (unload-airplane p4 a0 l2-0)
9.854: (load-truck p3 t2 l2-0)
9.854: (fly-airplane a0 l0-0 l2-0)
9.861: (load-truck p3 t2 l2-0)
9.861: (fly-airplane a0 l0-0 l1-0)
9.861: (load-truck p1 t1 l1-1)
9.861: (load-truck p3 t2 l2-0)
9.861: (fly-airplane a0 l0-0 l2-0)
9.861: (load-truck p1 t1 l1-1)
9.867: (load-truck p3 t2 l2-0)
9.867: (load-airplane p4 a0 l0-0)
9.867: (drive-truck t0 l0-1 l0-0 c0)
9.869: (drive-truck t0 l0-1 l0-0 c0)
9.869: (load-truck p3 t2 l2-0)
9.869: (load-truck p1 t1 l1-1)
9.871: (fly-airplane a0 l0-0 l1-0)
9.871: (drive-truck t1 l1-1 l1-0 c1)
9.891: (drive-truck t2 l2-0 l2-1 c2)
9.891: (load-airplane p4 a0 l0-0)
9.891: (load-truck p1 t1 l1-1)
9.904: (load-truck p3 t2 l2-0)
9.904: (fly-airplane a0 l0-0 l1-0)
9.910: (load-truck p1 t1 l1-1)
9.910: (fly-airplane a0 l0-0 l1-0)
9.914: (drive-truck t0 l0-1 l0-0 c0)
9.914: (load-airplane p4 a0 l0-0)
9.914: (load-truck p1 t1 l1-1)
9.916: (drive-truck t1 l1-1 l1-0 c1)
9.916: (fly-airplane a0 l0-0 l2-0)
9.918: (drive-truck t0 l0-1 l0-0 c0)
9.918: (drive-truck t1 l1-1 l1-0 c1)
9.959: (drive-truck t2 l2-0 l2-1 c2)
9.959: (fly-airplane a0 l0-0 l1-0)
9.961: (drive-truck t1 l1-0 l1-1 c1)
9.970: (load-truck p2 t1 l1-0)
9.970: (fly-airplane a0 l0-0 l1-0)
9.977: (fly-airplane a0 l0-0 l1-0)
9.977: (load-truck p3 t2 l2-0)
9.977: (drive-truck t1 l1-1 l1-0 c1)
9.987: (drive-truck t2 l2-0 l2-1 c2)
9.987: (drive-truck t0 l0-1 l0-0 c0)
9.988: (drive-truck t2 l2-0 l2-1 c2)
9.988: (fly-airplane a0 l0-0 l2-0)
10.000: (fly-airplane a0 l0-0 l1-0)
10.000: (drive-truck t1 l1-1 l1-0 c1)
10.028: (drive-truck t1 l1-1 l1-0 c1)
10.028: (drive-truck t2 l2-0 l2-1 c2)
10.090: (drive-truck t0 l0-1 l0-0 c0)
10.090: (load-truck p2 t1 l1-0)
10.091: (load-truck p2 t1 l1-0)
10.091: (fly-airplane a0 l0-0 l2-0)
10.123: (load-truck p4 t0 l0-0)
10.123: (load-truck p1 t1 l1-1)
10.128: (drive-truck t1 l1-1 l1-0 c1)
10.128: (fly-airplane a0 l0-0 l2-0)
10.153: (unload-truck p1 t1 l1-0)
10.182: (load-truck p2 t1 l1-0)
10.182: (drive-truck t2 l2-0 l2-1 c2)
10.251: (load-truck p3 t2 l2-0)
10.251: (drive-truck t1 l1-1 l1-0 c1)
10.251: (drive-truck t0 l0-1 l0-0 c0)
10.255: (fly-airplane a0 l0-0 l2-0)
10.255: (drive-truck t1 l1-1 l1-0 c1)
10.255: (load-truck p3 t2 l2-0)
10.270: (drive-truck t0 l0-1 l0-0 c0)
10.270: (drive-truck t1 l1-1 l1-0 c1)
10.270: (load-airplane p4 a0 l0-0)
10.312: (load-airplane p4 a0 l0-0)
10.312: (drive-truck t1 l1-1 l1-0 c1)
10.312: (drive-truck t2 l2-0 l2-1 c2)
10.319: (drive-truck t1 l1-1 l1-0 c1)
10.319: (load-truck p4 t0 l0-0)
10.853: (fly-airplane a0 l0-0 l2-0)
10.853: (drive-truck t0 l0-1 l0-0 c0)
10.907: (load-truck p1 t1 l1-1)
10.907: (fly-airplane a0 l0-0 l2-0)
10.907: (drive-truck t0 l0-1 l0-0 c0)
10.910: (drive-truck t0 l0-1 l0-0 c0)
10.910: (fly-airplane a0 l0-0 l1-0)
10.910: (load-truck p1 t1 l1-1)
10.928: (load-truck p3 t2 l2-0)
10.928: (drive-truck t0 l0-1 l0-0 c0)
10.928: (fly-airplane a0 l0-0 l1-0)
10.964: (fly-airplane a0 l0-0 l2-0)
10.964: (drive-truck t0 l0-1 l0-0 c0)
10.964: (load-truck p3 t2 l2-0)
10.990: (load-truck p4 t0 l0-0)
10.990: (fly-airplane a0 l0-0 l1-0)
10.991: (load-truck p0 t2 l2-1)
11.009: (fly-airplane a0 l0-0 l1-0)
11.009: (drive-truck t0 l0-1 l0-0 c0)
11.009: (fly-airplane a0 l0-0 l1-0)
11.009: (drive-truck t2 l2-0 l2-1 c2)
11.009: (load-truck p1 t1 l1-1)
11.012: (drive-truck t1 l1-1 l1-0 c1)
11.012: (fly-airplane a0 l0-0 l1-0)
11.012: (drive-truck t0 l0-1 l0-0 c0)
11.013: (fly-airplane a0 l0-0 l2-0)
11.013: (load-truck p1 t1 l1-1)
11.013: (load-truck p1 t1 l1-1)
11.013: (drive-truck t2 l2-0 l2-1 c2)
11.013: (drive-truck t0 l0-1 l0-0 c0)
11.013: (drive-truck t2 l2-0 l2-1 c2)
11.038: (fly-airplane a0 l0-0 l2-0)
11.038: (load-truck p4 t0 l0-0)
11.045: (drive-truck t0 l0-1 l0-0 c0)
11.045: (drive-truck t2 l2-0 l2-1 c2)
11.045: (load-airplane p4 a0 l0-0)
11.073: (fly-airplane a0 l0-0 l1-0)
11.073: (drive-truck t2 l2-0 l2-1 c2)
11.079: (fly-airplane a0 l0-0 l1-0)
11.079: (drive-truck t2 l2-0 l2-1 c2)
11.079: (drive-truck t1 l1-1 l1-0 c1)
11.130: (drive-truck t2 l2-0 l2-1 c2)
11.130: (load-truck p4 t0 l0-0)
11.287: (drive-truck t1 l1-1 l1-0 c1)
11.287: (drive-truck t0 l0-1 l0-0 c0)
11.287: (fly-airplane a0 l0-0 l2-0)
11.371: (drive-truck t2 l2-0 l2-1 c2)
11.371: (fly-airplane a0 l0-0 l2-0)
11.371: (drive-truck t1 l1-1 l1-0 c1)
11.376: (drive-truck t1 l1-1 l1-0 c1)
11.376: (drive-truck t0 l0-1 l0-0 c0)
11.376: (drive-truck t2 l2-0 l2-1 c2)
11.842: (load-truck p1 t1 l1-1)
11.842: (load-airplane p2 a0 l1-0)
11.865: (fly-airplane a0 l0-0 l2-0)
11.865: (drive-truck t2 l2-0 l2-1 c2)
11.871: (load-airplane p3 a0 l2-0)
11.876: (drive-truck t0 l0-0 l0-1 c0)
11.888: (load-airplane p2 a0 l1-0)
11.888: (load-truck p3 t2 l2-0)
11.911: (load-truck p1 t1 l1-1)
11.912: (load-airplane p3 a0 l2-0)
11.938: (unload-airplane p4 a0 l1-0)
11.947: (load-airplane p2 a0 l1-0)
11.987: (load-airplane p2 a0 l1-0)
11.987: (drive-truck t1 l1-1 l1-0 c1)
12.024: (load-truck p1 t1 l1-1)
12.024: (load-truck p0 t2 l2-1)
12.047: (load-airplane p4 a0 l0-0)
12.047: (load-truck p0 t2 l2-1)
12.077: (drive-truck t2 l2-0 l2-1 c2)
12.077: (drive-truck t0 l0-1 l0-0 c0)
12.077: (fly-airplane a0 l0-0 l1-0)
12.111: (drive-truck t2 l2-0 l2-1 c2)
12.111: (drive-truck t0 l0-1 l0-0 c0)
12.111: (fly-airplane a0 l0-0 l2-0)
12.284: (load-airplane p3 a0 l2-0)
12.284: (drive-truck t1 l1-1 l1-0 c1)
12.398: (load-truck p0 t2 l2-1)
12.398: (drive-truck t1 l1-1 l1-0 c1)
12.845: (fly-airplane a0 l1-0 l2-0)
12.862: (fly-airplane a0 l1-0 l0-0)
12.919: (drive-truck t0 l0-1 l0-0 c0)
12.919: (load-airplane p2 a0 l1-0)
12.973: (fly-airplane a0 l2-0 l1-0)
12.985: (fly-airplane a0 l2-0 l0-0)
12.995: (drive-truck t0 l0-1 l0-0 c0)
12.995: (load-airplane p3 a0 l2-0)
13.021: (drive-truck t2 l2-1 l2-0 c2)
13.022: (drive-truck t2 l2-0 l2-1 c2)
13.023: (load-airplane p2 a0 l1-0)
13.089: (fly-airplane a0 l0-0 l1-0)
13.089: (load-truck p0 t2 l2-1)
13.119: (drive-truck t0 l0-1 l0-0 c0)
13.119: (load-truck p0 t2 l2-1)
13.124: (fly-airplane a0 l0-0 l2-0)
13.124: (load-truck p0 t2 l2-1)
13.155: (drive-truck t2 l2-0 l2-1 c2)
13.155: (load-airplane p3 a0 l2-0)
inf: (drive-truck t1 l1-0 l1-0 c1)
inf: (unload-truck p0 t2 l2-1)
inf: (drive-truck t0 l0-0 l0-0 c0)
7.698: (load-truck p2 t1 l1-0)
7.698: (load-airplane p4 a0 l0-0)
7.731: (load-airplane p4 a0 l0-0)
7.731: (load-truck p3 t2 l2-0)
7.731: (drive-truck t1 l1-1 l1-0 c1)
7.733: (load-truck p3 t2 l2-0)
7.733: (load-truck p2 t1 l1-0)
7.822: (load-truck p1 t1 l1-1)
7.822: (load-airplane p4 a0 l0-0)
7.822: (drive-truck t2 l2-0 l2-1 c2)
7.910: (load-truck p1 t1 l1-1)
7.910: (unload-truck p3 t2 l2-1)
7.924: (drive-truck t1 l1-1 l1-0 c1)
7.924: (drive-truck t2 l2-0 l2-1 c2)
7.959: (load-truck p2 t1 l1-0)
7.959: (load-truck p3 t2 l2-0)
7.959: (load-airplane p4 a0 l0-0)
7.973: (unload-truck p3 t2 l2-1)
7.973: (load-airplane p4 a0 l0-0)
8.022: (load-truck p1 t1 l1-1)
8.022: (drive-truck t1 l1-0 l1-1 c1)
8.079: (drive-truck t2 l2-0 l2-1 c2)
8.079: (load-truck p2 t1 l1-0)
8.245: (drive-truck t1 l1-1 l1-0 c1)
8.245: (drive-truck t2 l2-0 l2-1 c2)
8.245: (load-airplane p4 a0 l0-0)
8.278: (unload-truck p3 t2 l2-1)
8.278: (drive-truck t1 l1-1 l1-0 c1)
8.736: (load-truck p1 t1 l1-1)
8.736: (unload-airplane p4 a0 l2-0)
8.738: (load-truck p3 t2 l2-0)
8.738: (fly-airplane a0 l0-0 l2-0)
8.738: (load-truck p1 t1 l1-1)
8.744: (drive-truck t1 l1-1 l1-0 c1)
8.744: (fly-airplane a0 l0-0 l2-0)
8.776: (fly-airplane a0 l0-0 l1-0)
8.776: (load-truck p2 t1 l1-0)
8.777: (load-truck p2 t1 l1-0)
8.777: (fly-airplane a0 l0-0 l2-0)
8.779: (drive-truck t0 l0-1 l0-0 c0)
8.779: (load-truck p2 t1 l1-0)
8.805: (load-truck p3 t2 l2-0)
8.805: (load-truck p1 t1 l1-1)
8.805: (load-airplane p4 a0 l0-0)
8.805: (drive-truck t0 l0-1 l0-0 c0)
8.812: (fly-airplane a0 l0-0 l1-0)
8.812: (load-truck p1 t1 l1-1)
8.812: (load-truck p3 t2 l2-0)
8.828: (load-truck p3 t2 l2-0)
8.828: (fly-airplane a0 l0-0 l1-0)
8.828: (drive-truck t1 l1-1 l1-0 c1)
8.830: (fly-airplane a0 l0-0 l2-0)
8.830: (drive-truck t2 l2-0 l2-1 c2)
8.850: (unload-airplane p4 a0 l2-0)
8.850: (load-truck p3 t2 l2-0)
8.850: (load-airplane p4 a0 l0-0)
8.850: (drive-truck t1 l1-0 l1-1 c1)
8.874: (load-truck p3 t2 l2-0)
8.874: (fly-airplane a0 l0-0 l2-0)
8.874: (drive-truck t1 l1-1 l1-0 c1)
8.880: (load-truck p3 t2 l2-0)
8.880: (drive-truck t0 l0-1 l0-0 c0)
8.880: (drive-truck t1 l1-1 l1-0 c1)
8.889: (load-truck p2 t1 l1-0)
8.890: (drive-truck t2 l2-0 l2-1 c2)
8.892: (drive-truck t1 l1-1 l1-0 c1)
8.892: (fly-airplane a0 l0-0 l1-0)
8.903: (fly-airplane a0 l0-0 l1-0)
8.903: (load-truck p3 t2 l2-0)
8.903: (drive-truck t1 l1-1 l1-0 c1)
8.909: (load-airplane p4 a0 l0-0)
8.910: (drive-truck t2 l2-0 l2-1 c2)
8.910: (drive-truck t1 l1-1 l1-0 c1)
8.911: (load-truck p1 t1 l1-1)
8.911: (drive-truck t2 l2-0 l2-1 c2)
8.911: (fly-airplane a0 l0-0 l2-0)
8.912: (load-truck p1 t1 l1-1)
8.912: (drive-truck t2 l2-0 l2-1 c2)
8.912: (fly-airplane a0 l0-0 l1-0)
8.915: (load-truck p1 t1 l1-1)
8.916: (drive-truck t2 l2-0 l2-1 c2)
8.916: (drive-truck t0 l0-1 l0-0 c0)
8.932: (load-truck p1 t1 l1-1)
8.932: (load-truck p4 t0 l0-0)
8.932: (load-truck p3 t2 l2-0)
8.935: (load-truck p3 t2 l2-0)
8.935: (load-truck p2 t1 l1-0)
8.935: (fly-airplane a0 l0-0 l1-0)
8.936: (drive-truck t1 l1-1 l1-0 c1)
8.936: (load-airplane p4 a0 l0-0)
8.936: (drive-truck t0 l0-1 l0-0 c0)
8.939: (load-truck p2 t1 l1-0)
8.939: (fly-airplane a0 l0-0 l2-0)
8.954: (load-truck p2 t1 l1-0)
8.954: (fly-airplane a0 l0-0 l1-0)
8.958: (unload-truck p3 t2 l2-1)
8.958: (fly-airplane a0 l0-0 l1-0)
8.962: (drive-truck t0 l0-1 l0-0 c0)
8.962: (load-airplane p4 a0 l0-0)
8.962: (drive-truck t2 l2-0 l2-1 c2)
8.987: (drive-truck t0 l0-1 l0-0 c0)
8.988: (unload-truck p3 t2 l2-1)
8.989: (drive-truck t2 l2-1 l2-0 c2)
8.991: (fly-airplane a0 l0-0 l2-0)
8.991: (unload-truck p3 t2 l2-1)
9.010: (drive-truck t2 l2-0 l2-1 c2)
9.010: (fly-airplane a0 l0-0 l1-0)
9.015: (fly-airplane a0 l0-0 l1-0)
9.015: (drive-truck t1 l1-1 l1-0 c1)
9.015: (drive-truck t2 l2-0 l2-1 c2)
9.016: (drive-truck t1 l1-0 l1-1 c1)
9.016: (load-truck p3 t2 l2-0)
9.053: (load-truck p2 t1 l1-0)
9.053: (load-truck p3 t2 l2-0)
9.053: (drive-truck t0 l0-1 l0-0 c0)
9.057: (load-truck p2 t1 l1-0)
9.057: (load-truck p3 t2 l2-0)
9.057: (fly-airplane a0 l0-0 l2-0)
9.071: (load-airplane p4 a0 l0-0)
9.071: (drive-truck t0 l0-1 l0-0 c0)
9.071: (load-truck p2 t1 l1-0)
9.114: (unload-airplane p4 a0 l2-0)
9.114: (drive-truck t1 l1-1 l1-0 c1)
9.118: (unload-truck p1 t1 l1-0)
9.118: (load-truck p3 t2 l2-0)
9.118: (unload-truck p1 t1 l1-0)
9.118: (load-airplane p4 a0 l0-0)
9.119: (drive-truck t2 l2-0 l2-1 c2)
9.119: (load-truck p4 t0 l0-0)
9.121: (drive-truck t1 l1-1 l1-0 c1)
9.121: (load-truck p4 t0 l0-0)
9.121: (load-truck p4 t0 l0-0)
9.122: (load-truck p2 t1 l1-0)
9.125: (load-airplane p4 a0 l0-0)
9.125: (load-truck p2 t1 l1-0)
9.126: (drive-truck t2 l2-0 l2-1 c2)
9.127: (load-truck p3 t2 l2-0)
9.127: (load-truck p4 t0 l0-0)
9.127: (drive-truck t1 l1-1 l1-0 c1)
9.143: (fly-airplane a0 l0-0 l2-0)
9.143: (load-truck p3 t2 l2-0)
9.144: (drive-truck t1 l1-1 l1-0 c1)
9.159: (load-truck p2 t1 l1-0)
9.159: (unload-truck p1 t1 l1-0)
9.159: (drive-truck t1 l1-1 l1-0 c1)
9.160: (drive-truck t0 l0-1 l0-0 c0)
9.160: (load-truck p3 t2 l2-0)
9.160: (load-airplane p4 a0 l0-0)
9.269: (drive-truck t1 l1-1 l1-0 c1)
9.270: (drive-truck t0 l0-1 l0-0 c0)
9.270: (drive-truck t2 l2-0 l2-1 c2)
9.271: (fly-airplane a0 l0-0 l2-0)
9.271: (drive-truck t1 l1-1 l1-0 c1)
9.271: (drive-truck t2 l2-0 l2-1 c2)
9.727: (load-truck p1 t1 l1-1)
9.727: (drive-truck t0 l0-1 l0-0 c0)
9.727: (fly-airplane a0 l0-0 l2-0)
9.798: (fly-airplane a0 l0-0 l1-0)
9.798: (load-truck p3 t2 l2-0)
9.798: (load-truck p4 t0 l0-0)
9.817: (fly-airplane a0 l2-0 l1-0)
9.833: (fly-airplane a0 l0-0 l2-0)
9.833: (load-truck p4 t0 l0-0)
9.833: (load-truck p3 t2 l2-0)
9.854: (fly-airplane a0 l2-0 l0-0)
9.854: (drive-truck t0 l0-1 l0-0 c0)
9.855: (unload-airplane p4 a0 l2-0)
9.855: (load-truck p3 t2 l2-0)
9.856: (fly-airplane a0 l0-0 l2-0)
9.856: (drive-truck t0 l0-1 l0-0 c0)
9.870: (drive-truck t0 l0-1 l0-0 c0)
9.870: (fly-airplane a0 l0-0 l1-0)
9.870: (load-truck p3 t2 l2-0)
9.870: (load-truck p1 t1 l1-1)
9.871: (load-truck p1 t1 l1-1)
9.871: (load-truck p3 t2 l2-0)
9.871: (drive-truck t0 l0-1 l0-0 c0)
9.871: (fly-airplane a0 l0-0 l2-0)
9.877: (fly-airplane a0 l0-0 l1-0)
9.877: (drive-truck t0 l0-1 l0-0 c0)
9.877: (drive-truck t1 l1-1 l1-0 c1)
9.907: (fly-airplane a0 l0-0 l1-0)
9.907: (drive-truck t0 l0-1 l0-0 c0)
9.908: (load-truck p3 t2 l2-0)
9.912: (drive-truck t0 l0-1 l0-0 c0)
9.912: (fly-airplane a0 l0-0 l1-0)
9.912: (load-truck p1 t1 l1-1)
9.915: (load-truck p1 t1 l1-1)
9.916: (load-truck p0 t2 l2-1)
9.918: (drive-truck t1 l1-1 l1-0 c1)
9.918: (fly-airplane a0 l0-0 l2-0)
9.918: (drive-truck t0 l0-1 l0-0 c0)
9.960: (drive-truck t0 l0-1 l0-0 c0)
9.960: (fly-airplane a0 l0-0 l1-0)
9.960: (drive-truck t2 l2-0 l2-1 c2)
9.963: (drive-truck t1 l1-0 l1-1 c1)
9.963: (fly-airplane a0 l0-0 l2-0)
9.964: (fly-airplane a0 l0-0 l1-0)
9.964: (drive-truck t1 l1-0 l1-1 c1)
9.965: (load-truck p0 t2 l2-1)
6.588: (load-truck p2 t1 l1-0)
6.588: (load-airplane p4 a0 l0-0)
6.588: (load-truck p3 t2 l2-0)
6.783: (load-truck p2 t1 l1-0)
6.783: (drive-truck t2 l2-0 l2-1 c2)
6.831: (load-truck p1 t1 l1-1)
6.831: (unload-truck p3 t2 l2-1)
6.831: (load-airplane p4 a0 l0-0)
6.836: (drive-truck t2 l2-0 l2-1 c2)
6.836: (load-airplane p4 a0 l0-0)
6.836: (drive-truck t1 l1-1 l1-0 c1)
6.923: (unload-truck p3 t2 l2-1)
6.923: (drive-truck t1 l1-1 l1-0 c1)
6.936: (load-airplane p4 a0 l0-0)
6.936: (drive-truck t1 l1-0 l1-1 c1)
6.936: (load-truck p1 t1 l1-1)
6.982: (drive-truck t1 l1-0 l1-1 c1)
6.982: (load-truck p3 t2 l2-0)
6.982: (load-truck p1 t1 l1-1)
7.053: (drive-truck t2 l2-0 l2-1 c2)
7.054: (load-airplane p4 a0 l0-0)
7.054: (load-truck p2 t1 l1-0)
7.081: (load-truck p2 t1 l1-0)
7.081: (unload-truck p3 t2 l2-1)
7.265: (load-airplane p4 a0 l0-0)
7.265: (unload-truck p3 t2 l2-1)
7.265: (drive-truck t1 l1-1 l1-0 c1)
7.598: (load-truck p2 t1 l1-0)
7.598: (fly-airplane a0 l0-0 l2-0)
7.730: (load-truck p1 t1 l1-1)
7.730: (fly-airplane a0 l0-0 l2-0)
7.730: (drive-truck t2 l2-0 l2-1 c2)
7.731: (load-truck p3 t2 l2-0)
7.731: (unload-airplane p4 a0 l2-0)
7.731: (load-truck p1 t1 l1-1)
7.733: (fly-airplane a0 l0-0 l2-0)
7.733: (load-truck p3 t2 l2-0)
7.733: (load-truck p2 t1 l1-0)
7.733: (load-truck p3 t2 l2-0)
7.733: (drive-truck t1 l1-0 l1-1 c1)
7.733: (load-airplane p4 a0 l0-0)
7.734: (fly-airplane a0 l0-0 l1-0)
7.734: (load-truck p3 t2 l2-0)
7.734: (load-truck p2 t1 l1-0)
7.739: (load-truck p2 t1 l1-0)
7.739: (load-truck p3 t2 l2-0)
7.739: (drive-truck t0 l0-1 l0-0 c0)
7.751: (unload-airplane p4 a0 l2-0)
7.751: (drive-truck t1 l1-1 l1-0 c1)
7.753: (drive-truck t1 l1-1 l1-0 c1)
7.753: (load-truck p3 t2 l2-0)
7.753: (fly-airplane a0 l0-0 l2-0)
7.759: (fly-airplane a0 l0-0 l1-0)
7.759: (load-truck p2 t1 l1-0)
7.767: (load-truck p2 t1 l1-0)
7.767: (drive-truck t2 l2-0 l2-1 c2)
7.767: (load-airplane p4 a0 l0-0)
7.788: (load-airplane p4 a0 l0-0)
7.788: (drive-truck t0 l0-1 l0-0 c0)
7.788: (load-truck p2 t1 l1-0)
7.791: (load-truck p3 t2 l2-0)
7.791: (drive-truck t1 l1-1 l1-0 c1)
7.791: (fly-airplane a0 l0-0 l1-0)
7.827: (load-airplane p4 a0 l0-0)
7.827: (drive-truck t1 l1-1 l1-0 c1)
7.827: (load-truck p3 t2 l2-0)
7.827: (drive-truck t0 l0-1 l0-0 c0)
7.849: (drive-truck t2 l2-0 l2-1 c2)
7.849: (unload-airplane p4 a0 l2-0)
7.853: (load-truck p3 t2 l2-0)
7.853: (load-truck p2 t1 l1-0)
7.853: (fly-airplane a0 l0-0 l1-0)
7.855: (unload-truck p3 t2 l2-1)
7.855: (fly-airplane a0 l0-0 l2-0)
7.867: (drive-truck t1 l1-0 l1-1 c1)
7.867: (drive-truck t2 l2-0 l2-1 c2)
7.879: (drive-truck t1 l1-1 l1-0 c1)
7.879: (fly-airplane a0 l0-0 l1-0)
7.879: (drive-truck t2 l2-0 l2-1 c2)
7.910: (unload-truck p3 t2 l2-1)
7.910: (load-truck p1 t1 l1-1)
7.910: (fly-airplane a0 l0-0 l2-0)
7.911: (unload-truck p3 t2 l2-1)
7.911: (fly-airplane a0 l0-0 l1-0)
7.911: (load-truck p1 t1 l1-1)
7.912: (drive-truck t2 l2-0 l2-1 c2)
7.912: (drive-truck t0 l0-1 l0-0 c0)
7.912: (load-truck p1 t1 l1-1)
7.912: (load-airplane p4 a0 l0-0)
7.912: (load-truck p1 t1 l1-1)
7.913: (drive-truck t2 l2-1 l2-0 c2)
7.915: (unload-truck p3 t2 l2-1)
7.915: (drive-truck t0 l0-1 l0-0 c0)
7.915: (load-truck p1 t1 l1-1)
7.917: (drive-truck t2 l2-0 l2-1 c2)
7.917: (load-truck p1 t1 l1-1)
7.917: (fly-airplane a0 l0-0 l1-0)
7.924: (drive-truck t1 l1-1 l1-0 c1)
7.924: (drive-truck t2 l2-0 l2-1 c2)
7.924: (fly-airplane a0 l0-0 l2-0)
7.926: (unload-airplane p4 a0 l2-0)
7.926: (load-truck p2 t1 l1-0)
7.927: (drive-truck t2 l2-0 l2-1 c2)
7.927: (drive-truck t0 l0-1 l0-0 c0)
7.927: (drive-truck t1 l1-1 l1-0 c1)
7.929: (load-truck p2 t1 l1-0)
7.929: (load-truck p3 t2 l2-0)
7.929: (load-truck p4 t0 l0-0)
7.929: (load-truck p3 t2 l2-0)
7.929: (load-truck p4 t0 l0-0)
7.929: (drive-truck t1 l1-1 l1-0 c1)
7.948: (load-truck p2 t1 l1-0)
7.948: (load-truck p3 t2 l2-0)
7.948: (fly-airplane a0 l0-0 l2-0)
7.961: (drive-truck t0 l0-1 l0-0 c0)
7.961: (load-airplane p4 a0 l0-0)
7.961: (load-truck p2 t1 l1-0)
7.961: (load-truck p3 t2 l2-0)
7.969: (drive-truck t2 l2-1 l2-0 c2)
7.969: (load-airplane p4 a0 l0-0)
7.975: (drive-truck t0 l0-1 l0-0 c0)
7.976: (unload-truck p3 t2 l2-1)
7.976: (load-airplane p4 a0 l0-0)
7.977: (fly-airplane a0 l0-0 l1-0)
7.977: (load-truck p2 t1 l1-0)
7.977: (drive-truck t2 l2-0 l2-1 c2)
7.986: (load-truck p4 t0 l0-0)
7.986: (load-truck p2 t1 l1-0)
8.011: (unload-truck p1 t1 l1-0)
8.011: (load-truck p3 t2 l2-0)
8.011: (load-airplane p4 a0 l0-0)
8.014: (drive-truck t1 l1-1 l1-0 c1)
8.014: (drive-truck t2 l2-0 l2-1 c2)
8.014: (fly-airplane a0 l0-0 l1-0)
8.016: (fly-airplane a0 l0-0 l1-0)
8.016: (drive-truck t1 l1-1 l1-0 c1)
8.016: (unload-truck p3 t2 l2-1)
8.017: (load-truck p1 t1 l1-1)
8.017: (fly-airplane a0 l0-0 l1-0)
8.017: (drive-truck t1 l1-0 l1-1 c1)
8.019: (load-truck p1 t1 l1-1)
8.019: (drive-truck t1 l1-0 l1-1 c1)
8.019: (fly-airplane a0 l0-0 l2-0)
8.020: (fly-airplane a0 l0-0 l1-0)
8.020: (unload-truck p3 t2 l2-1)
8.029: (drive-truck t1 l1-0 l1-1 c1)
8.029: (drive-truck t0 l0-1 l0-0 c0)
8.079: (drive-truck t2 l2-0 l2-1 c2)
8.080: (drive-truck t0 l0-1 l0-0 c0)
8.080: (load-truck p2 t1 l1-0)
8.081: (load-truck p2 t1 l1-0)
8.081: (fly-airplane a0 l0-0 l2-0)
8.081: (drive-truck t2 l2-0 l2-1 c2)
8.111: (unload-truck p3 t2 l2-1)
8.111: (load-truck p4 t0 l0-0)
8.115: (drive-truck t1 l1-1 l1-0 c1)
8.115: (fly-airplane a0 l0-0 l2-0)
8.116: (drive-truck t2 l2-0 l2-1 c2)
8.117: (drive-truck t1 l1-1 l1-0 c1)
8.118: (unload-airplane p4 a0 l2-0)
8.118: (load-truck p3 t2 l2-0)
8.122: (load-truck p2 t1 l1-0)
8.122: (load-airplane p4 a0 l0-0)
8.122: (unload-truck p1 t1 l1-0)
8.123: (load-truck p3 t2 l2-0)
8.123: (unload-truck p1 t1 l1-0)
8.123: (load-truck p2 t1 l1-0)
8.127: (drive-truck t1 l1-0 l1-1 c1)
8.127: (drive-truck t2 l2-0 l2-1 c2)
8.154: (drive-truck t2 l2-0 l2-1 c2)
8.154: (unload-truck p1 t1 l1-0)
8.227: (load-truck p1 t1 l1-1)
8.227: (drive-truck t2 l2-0 l2-1 c2)
8.227: (load-truck p4 t0 l0-0)
8.248: (drive-truck t2 l2-0 l2-1 c2)
8.248: (load-airplane p4 a0 l0-0)
8.248: (drive-truck t0 l0-1 l0-0 c0)
8.248: (drive-truck t1 l1-1 l1-0 c1)
8.276: (drive-truck t0 l0-1 l0-0 c0)
8.277: (drive-truck t1 l1-1 l1-0 c1)
8.277: (unload-truck p3 t2 l2-1)
8.278: (drive-truck t1 l1-1 l1-0 c1)
8.278: (drive-truck t2 l2-1 l2-0 c2)
8.280: (drive-truck t1 l1-1 l1-0 c1)
8.280: (fly-airplane a0 l0-0 l2-0)
8.280: (unload-truck p3 t2 l2-1)
8.404: (load-truck p4 t0 l0-0)
8.404: (drive-truck t2 l2-0 l2-1 c2)
8.404: (drive-truck t1 l1-1 l1-0 c1)
8.733: (fly-airplane a0 l0-0 l2-0)
8.733: (drive-truck t1 l1-0 l1-1 c1)
8.733: (fly-airplane a0 l2-0 l0-0)
8.733: (load-truck p1 t1 l1-1)
8.736: (fly-airplane a0 l2-0 l1-0)
8.736: (load-truck p1 t1 l1-1)
8.737: (drive-truck t0 l0-1 l0-0 c0)
8.737: (load-truck p1 t1 l1-1)
8.737: (unload-airplane p4 a0 l2-0)
8.739: (load-truck p1 t1 l1-1)
8.739: (load-truck p3 t2 l2-0)
5.691: (load-airplane p4 a0 l0-0)
5.691: (drive-truck t2 l2-0 l2-1 c2)
5.691: (load-truck p2 t1 l1-0)
5.782: (load-truck p2 t1 l1-0)
5.782: (unload-truck p3 t2 l2-1)
5.832: (load-truck p3 t2 l2-0)
5.832: (drive-truck t1 l1-0 l1-1 c1)
5.832: (load-airplane p4 a0 l0-0)
5.832: (load-truck p1 t1 l1-1)
5.845: (unload-truck p3 t2 l2-1)
5.845: (load-airplane p4 a0 l0-0)
5.845: (drive-truck t1 l1-1 l1-0 c1)
6.031: (load-truck p1 t1 l1-1)
6.031: (drive-truck t1 l1-0 l1-1 c1)
6.031: (drive-truck t2 l2-0 l2-1 c2)
6.066: (load-airplane p4 a0 l0-0)
6.066: (unload-truck p3 t2 l2-1)
6.066: (load-truck p2 t1 l1-0)
6.603: (unload-airplane p4 a0 l2-0)
6.603: (load-truck p2 t1 l1-0)
6.605: (load-truck p3 t2 l2-0)
6.605: (fly-airplane a0 l0-0 l2-0)
6.605: (load-truck p2 t1 l1-0)
6.658: (load-truck p2 t1 l1-0)
6.658: (fly-airplane a0 l0-0 l1-0)
6.658: (load-truck p3 t2 l2-0)
6.678: (load-truck p2 t1 l1-0)
6.678: (load-truck p3 t2 l2-0)
6.678: (load-airplane p4 a0 l0-0)
6.678: (drive-truck t0 l0-1 l0-0 c0)
6.736: (load-truck p1 t1 l1-1)
6.736: (drive-truck t2 l2-0 l2-1 c2)
6.736: (unload-airplane p4 a0 l2-0)
6.745: (unload-truck p3 t2 l2-1)
6.745: (load-truck p1 t1 l1-1)
6.745: (fly-airplane a0 l0-0 l2-0)
6.746: (drive-truck t2 l2-0 l2-1 c2)
6.746: (drive-truck t1 l1-1 l1-0 c1)
6.746: (fly-airplane a0 l0-0 l2-0)
6.747: (unload-airplane p4 a0 l2-0)
6.747: (load-truck p3 t2 l2-0)
6.747: (drive-truck t1 l1-1 l1-0 c1)
6.782: (load-truck p2 t1 l1-0)
6.782: (drive-truck t2 l2-0 l2-1 c2)
6.783: (fly-airplane a0 l0-0 l2-0)
6.785: (load-truck p2 t1 l1-0)
6.785: (drive-truck t2 l2-0 l2-1 c2)
6.785: (fly-airplane a0 l0-0 l1-0)
6.786: (load-truck p2 t1 l1-0)
6.786: (drive-truck t2 l2-0 l2-1 c2)
6.786: (drive-truck t0 l0-1 l0-0 c0)
6.793: (load-truck p3 t2 l2-0)
6.793: (load-truck p4 t0 l0-0)
6.793: (load-truck p2 t1 l1-0)
6.831: (load-truck p1 t1 l1-1)
6.831: (load-airplane p4 a0 l0-0)
6.831: (drive-truck t2 l2-1 l2-0 c2)
6.839: (unload-truck p3 t2 l2-1)
6.839: (unload-airplane p4 a0 l2-0)
6.842: (load-airplane p4 a0 l0-0)
6.842: (drive-truck t2 l2-0 l2-1 c2)
6.842: (drive-truck t1 l1-0 l1-1 c1)
6.850: (load-truck p1 t1 l1-1)
6.850: (drive-truck t1 l1-0 l1-1 c1)
6.850: (fly-airplane a0 l0-0 l2-0)
6.874: (drive-truck t1 l1-0 l1-1 c1)
6.874: (unload-truck p3 t2 l2-1)
6.879: (drive-truck t1 l1-1 l1-0 c1)
6.879: (unload-truck p3 t2 l2-1)
6.879: (fly-airplane a0 l0-0 l1-0)
6.897: (drive-truck t2 l2-0 l2-1 c2)
6.897: (drive-truck t1 l1-1 l1-0 c1)
6.897: (fly-airplane a0 l0-0 l1-0)
6.921: (load-truck p1 t1 l1-1)
6.922: (drive-truck t0 l0-1 l0-0 c0)
6.922: (load-airplane p4 a0 l0-0)
6.922: (unload-truck p3 t2 l2-1)
6.923: (unload-truck p3 t2 l2-1)
6.923: (drive-truck t1 l1-1 l1-0 c1)
6.923: (fly-airplane a0 l0-0 l2-0)
6.923: (drive-truck t2 l2-0 l2-1 c2)
6.923: (fly-airplane a0 l0-0 l2-0)
6.924: (load-truck p2 t1 l1-0)
6.925: (drive-truck t2 l2-1 l2-0 c2)
6.925: (drive-truck t1 l1-1 l1-0 c1)
6.926: (drive-truck t1 l1-1 l1-0 c1)
6.926: (drive-truck t0 l0-1 l0-0 c0)
6.927: (unload-truck p3 t2 l2-1)
6.927: (load-truck p1 t1 l1-1)
6.927: (unload-truck p3 t2 l2-1)
6.927: (fly-airplane a0 l0-0 l1-0)
6.929: (load-truck p3 t2 l2-0)
6.929: (unload-airplane p4 a0 l2-0)
6.929: (load-truck p2 t1 l1-0)
6.931: (drive-truck t0 l0-1 l0-0 c0)
6.931: (drive-truck t2 l2-0 l2-1 c2)
6.931: (drive-truck t1 l1-1 l1-0 c1)
6.931: (load-airplane p4 a0 l0-0)
6.963: (drive-truck t2 l2-0 l2-1 c2)
6.963: (load-truck p2 t1 l1-0)
6.963: (fly-airplane a0 l0-0 l1-0)
6.975: (fly-airplane a0 l0-0 l1-0)
6.976: (load-truck p2 t1 l1-0)
6.976: (unload-truck p3 t2 l2-1)
6.976: (load-truck p3 t2 l2-0)
6.976: (fly-airplane a0 l0-0 l1-0)
6.976: (drive-truck t1 l1-0 l1-1 c1)
6.982: (load-truck p3 t2 l2-0)
6.982: (drive-truck t1 l1-0 l1-1 c1)
6.982: (fly-airplane a0 l0-0 l2-0)
6.990: (load-truck p3 t2 l2-0)
6.990: (drive-truck t0 l0-1 l0-0 c0)
6.990: (drive-truck t1 l1-0 l1-1 c1)
7.000: (load-airplane p4 a0 l0-0)
7.001: (drive-truck t2 l2-0 l2-1 c2)
7.001: (drive-truck t1 l1-0 l1-1 c1)
7.014: (load-truck p3 t2 l2-0)
7.014: (load-airplane p4 a0 l0-0)
7.014: (unload-truck p1 t1 l1-0)
7.014: (load-truck p2 t1 l1-0)
7.024: (unload-truck p3 t2 l2-1)
7.024: (fly-airplane a0 l0-0 l1-0)
7.024: (drive-truck t1 l1-1 l1-0 c1)
7.025: (drive-truck t1 l1-0 l1-1 c1)
7.025: (drive-truck t0 l0-1 l0-0 c0)
7.025: (load-airplane p4 a0 l0-0)
7.057: (drive-truck t0 l0-1 l0-0 c0)
7.057: (load-truck p2 t1 l1-0)
7.057: (drive-truck t2 l2-0 l2-1 c2)
7.057: (load-airplane p4 a0 l0-0)
7.080: (unload-truck p3 t2 l2-1)
7.080: (drive-truck t0 l0-1 l0-0 c0)
7.080: (load-truck p2 t1 l1-0)
7.081: (load-truck p2 t1 l1-0)
7.081: (drive-truck t2 l2-1 l2-0 c2)
7.083: (unload-truck p3 t2 l2-1)
7.083: (load-truck p2 t1 l1-0)
7.083: (fly-airplane a0 l0-0 l2-0)
7.119: (load-airplane p4 a0 l0-0)
7.119: (unload-truck p1 t1 l1-0)
7.120: (drive-truck t2 l2-0 l2-1 c2)
7.142: (drive-truck t1 l1-1 l1-0 c1)
7.143: (drive-truck t2 l2-0 l2-1 c2)
7.143: (unload-airplane p4 a0 l2-0)
7.149: (drive-truck t1 l1-1 l1-0 c1)
7.149: (fly-airplane a0 l0-0 l2-0)
7.149: (unload-truck p3 t2 l2-1)
7.153: (unload-truck p3 t2 l2-1)
7.153: (unload-truck p1 t1 l1-0)
7.159: (drive-truck t2 l2-0 l2-1 c2)
7.159: (unload-truck p1 t1 l1-0)
7.159: (load-truck p2 t1 l1-0)
7.215: (load-truck p2 t1 l1-0)
7.215: (load-truck p4 t0 l0-0)
7.215: (drive-truck t2 l2-0 l2-1 c2)
7.218: (unload-truck p3 t2 l2-1)
7.218: (load-truck p4 t0 l0-0)
7.218: (load-truck p1 t1 l1-1)
7.221: (drive-truck t2 l2-0 l2-1 c2)
7.221: (load-truck p4 t0 l0-0)
7.222: (drive-truck t1 l1-1 l1-0 c1)
7.250: (drive-truck t1 l1-0 l1-1 c1)
7.250: (load-truck p4 t0 l0-0)
7.259: (drive-truck t2 l2-1 l2-0 c2)
7.259: (drive-truck t1 l1-1 l1-0 c1)
7.259: (load-airplane p4 a0 l0-0)
7.268: (drive-truck t0 l0-1 l0-0 c0)
7.268: (drive-truck t1 l1-1 l1-0 c1)
7.268: (load-airplane p4 a0 l0-0)
7.268: (unload-truck p3 t2 l2-1)
7.398: (unload-truck p3 t2 l2-1)
7.398: (load-truck p4 t0 l0-0)
7.399: (drive-truck t1 l1-1 l1-0 c1)
7.598: (drive-truck t0 l0-1 l0-0 c0)
7.599: (fly-airplane a0 l0-0 l2-0)
7.618: (unload-truck p2 t1 l1-1)
7.694: (drive-truck t1 l1-0 l1-1 c1)
7.706: (fly-airplane a0 l2-0 l1-0)
7.706: (drive-truck t1 l1-1 l1-0 c1)
7.724: (drive-truck t1 l1-0 l1-1 c1)
7.725: (unload-airplane p4 a0 l2-0)
7.728: (drive-truck t1 l1-0 l1-1 c1)
7.728: (fly-airplane a0 l0-0 l1-0)
7.729: (fly-airplane a0 l2-0 l0-0)
7.729: (load-truck p3 t2 l2-0)
7.731: (fly-airplane a0 l0-0 l2-0)
7.731: (drive-truck t0 l0-1 l0-0 c0)
7.731: (drive-truck t2 l2-0 l2-1 c2)
7.732: (fly-airplane a0 l2-0 l1-0)
7.732: (load-truck p3 t2 l2-0)
7.733: (drive-truck t0 l0-1 l0-0 c0)
7.733: (unload-airplane p4 a0 l2-0)
7.733: (load-truck p3 t2 l2-0)
7.733: (drive-truck t0 l0-1 l0-0 c0)
7.733: (drive-truck t1 l1-0 l1-1 c1)
7.736: (load-truck p3 t2 l2-0)
7.737: (fly-airplane a0 l0-0 l2-0)
7.737: (drive-truck t1 l1-0 l1-1 c1)
7.741: (drive-truck t0 l0-1 l0-0 c0)
7.741: (fly-airplane a0 l0-0 l2-0)
4.699: (load-airplane p4 a0 l0-0)
4.699: (unload-truck p3 t2 l2-1)
4.699: (load-truck p2 t1 l1-0)
4.942: (drive-truck t2 l2-0 l2-1 c2)
4.942: (drive-truck t1 l1-0 l1-1 c1)
4.942: (load-airplane p4 a0 l0-0)
4.942: (load-truck p1 t1 l1-1)
5.031: (unload-truck p3 t2 l2-1)
5.031: (drive-truck t1 l1-0 l1-1 c1)
5.031: (load-truck p1 t1 l1-1)
5.597: (load-truck p2 t1 l1-0)
5.597: (load-truck p3 t2 l2-0)
5.597: (unload-airplane p4 a0 l2-0)
5.598: (load-truck p2 t1 l1-0)
5.598: (drive-truck t2 l2-0 l2-1 c2)
5.598: (fly-airplane a0 l0-0 l2-0)
5.725: (load-truck p1 t1 l1-1)
5.725: (unload-airplane p4 a0 l2-0)
5.725: (unload-truck p3 t2 l2-1)
5.752: (unload-airplane p4 a0 l2-0)
5.752: (drive-truck t2 l2-0 l2-1 c2)
5.752: (drive-truck t1 l1-1 l1-0 c1)
5.760: (unload-truck p3 t2 l2-1)
5.760: (drive-truck t1 l1-1 l1-0 c1)
5.760: (fly-airplane a0 l0-0 l2-0)
5.764: (load-truck p2 t1 l1-0)
5.764: (fly-airplane a0 l0-0 l1-0)
5.764: (drive-truck t2 l2-0 l2-1 c2)
5.780: (load-airplane p4 a0 l0-0)
5.780: (drive-truck t0 l0-1 l0-0 c0)
5.780: (drive-truck t2 l2-0 l2-1 c2)
5.780: (load-truck p2 t1 l1-0)
5.781: (load-truck p2 t1 l1-0)
5.781: (unload-truck p3 t2 l2-1)
5.781: (fly-airplane a0 l0-0 l2-0)
5.784: (drive-truck t2 l2-1 l2-0 c2)
5.784: (load-truck p2 t1 l1-0)
5.784: (load-truck p2 t1 l1-0)
5.785: (fly-airplane a0 l0-0 l1-0)
5.785: (unload-truck p3 t2 l2-1)
5.786: (load-truck p2 t1 l1-0)
5.786: (drive-truck t0 l0-1 l0-0 c0)
5.786: (unload-truck p3 t2 l2-1)
5.846: (load-airplane p4 a0 l0-0)
5.846: (drive-truck t1 l1-1 l1-0 c1)
5.846: (drive-truck t2 l2-1 l2-0 c2)
5.860: (unload-airplane p4 a0 l2-0)
5.860: (drive-truck t1 l1-0 l1-1 c1)
5.860: (load-truck p1 t1 l1-1)
5.860: (unload-truck p3 t2 l2-1)
5.860: (drive-truck t1 l1-0 l1-1 c1)
5.861: (load-airplane p4 a0 l0-0)
5.862: (load-truck p1 t1 l1-1)
5.862: (drive-truck t1 l1-0 l1-1 c1)
5.862: (fly-airplane a0 l0-0 l2-0)
5.862: (load-truck p3 t2 l2-0)
5.907: (fly-airplane a0 l0-0 l1-0)
5.907: (unload-truck p3 t2 l2-1)
5.907: (drive-truck t1 l1-1 l1-0 c1)
5.921: (load-airplane p4 a0 l0-0)
5.921: (drive-truck t0 l0-1 l0-0 c0)
5.921: (drive-truck t1 l1-0 l1-1 c1)
5.921: (load-truck p3 t2 l2-0)
5.921: (load-truck p1 t1 l1-1)
5.940: (drive-truck t0 l0-1 l0-0 c0)
5.940: (drive-truck t1 l1-1 l1-0 c1)
5.940: (load-airplane p4 a0 l0-0)
5.940: (unload-truck p3 t2 l2-1)
5.941: (unload-airplane p4 a0 l2-0)
5.941: (drive-truck t2 l2-0 l2-1 c2)
5.942: (load-truck p2 t1 l1-0)
5.948: (unload-truck p3 t2 l2-1)
5.948: (fly-airplane a0 l0-0 l2-0)
5.949: (load-truck p2 t1 l1-0)
5.975: (load-truck p2 t1 l1-0)
5.975: (fly-airplane a0 l0-0 l1-0)
5.975: (unload-truck p3 t2 l2-1)
6.027: (drive-truck t2 l2-0 l2-1 c2)
6.027: (drive-truck t1 l1-0 l1-1 c1)
6.027: (fly-airplane a0 l0-0 l1-0)
6.031: (fly-airplane a0 l0-0 l2-0)
6.031: (drive-truck t1 l1-0 l1-1 c1)
6.031: (drive-truck t2 l2-0 l2-1 c2)
6.037: (drive-truck t1 l1-0 l1-1 c1)
6.037: (drive-truck t2 l2-0 l2-1 c2)
6.037: (drive-truck t0 l0-1 l0-0 c0)
6.062: (load-truck p2 t1 l1-0)
6.062: (load-airplane p4 a0 l0-0)
6.062: (drive-truck t2 l2-1 l2-0 c2)
6.062: (load-truck p1 t1 l1-1)
6.062: (load-truck p3 t2 l2-0)
6.062: (drive-truck t1 l1-0 l1-1 c1)
6.062: (load-truck p4 t0 l0-0)
6.069: (load-airplane p4 a0 l0-0)
6.069: (unload-truck p3 t2 l2-1)
6.069: (drive-truck t0 l0-1 l0-0 c0)
6.069: (load-truck p2 t1 l1-0)
6.084: (load-truck p2 t1 l1-0)
6.084: (drive-truck t2 l2-0 l2-1 c2)
6.084: (load-truck p4 t0 l0-0)
6.121: (load-airplane p4 a0 l0-0)
6.121: (load-truck p2 t1 l1-0)
6.122: (unload-truck p1 t1 l1-0)
6.122: (drive-truck t2 l2-0 l2-1 c2)
6.129: (unload-truck p3 t2 l2-1)
6.129: (load-airplane p4 a0 l0-0)
6.129: (unload-truck p1 t1 l1-0)
6.133: (unload-truck p3 t2 l2-1)
6.133: (unload-airplane p4 a0 l2-0)
6.133: (drive-truck t1 l1-1 l1-0 c1)
6.158: (unload-truck p1 t1 l1-0)
6.158: (unload-truck p3 t2 l2-1)
6.158: (load-truck p2 t1 l1-0)
6.207: (unload-truck p3 t2 l2-1)
6.207: (load-truck p2 t1 l1-0)
6.207: (load-truck p4 t0 l0-0)
6.213: (load-truck p4 t0 l0-0)
6.214: (unload-truck p3 t2 l2-1)
6.214: (drive-truck t1 l1-1 l1-0 c1)
6.567: (unload-truck p2 t1 l1-1)
6.568: (load-airplane p4 a0 l0-0)
6.602: (fly-airplane a0 l2-0 l0-0)
6.605: (unload-airplane p4 a0 l2-0)
6.605: (drive-truck t0 l0-1 l0-0 c0)
6.606: (fly-airplane a0 l2-0 l1-0)
6.606: (load-truck p2 t1 l1-0)
6.606: (load-truck p3 t2 l2-0)
6.607: (drive-truck t0 l0-1 l0-0 c0)
6.607: (fly-airplane a0 l0-0 l2-0)
6.659: (drive-truck t0 l0-1 l0-0 c0)
6.659: (fly-airplane a0 l0-0 l1-0)
6.671: (drive-truck t1 l1-0 l1-1 c1)
6.671: (fly-airplane a0 l0-0 l1-0)
6.671: (load-truck p1 t1 l1-1)
6.696: (load-truck p0 t2 l2-1)
6.702: (fly-airplane a0 l2-0 l1-0)
6.702: (drive-truck t1 l1-1 l1-0 c1)
6.702: (load-truck p3 t2 l2-0)
6.713: (fly-airplane a0 l0-0 l2-0)
6.713: (drive-truck t1 l1-0 l1-1 c1)
6.714: (drive-truck t2 l2-0 l2-1 c2)
6.723: (drive-truck t1 l1-0 l1-1 c1)
6.724: (unload-airplane p4 a0 l2-0)
6.724: (load-truck p3 t2 l2-0)
6.733: (drive-truck t2 l2-1 l2-0 c2)
6.733: (fly-airplane a0 l0-0 l2-0)
6.734: (fly-airplane a0 l2-0 l0-0)
6.734: (drive-truck t2 l2-0 l2-1 c2)
6.737: (fly-airplane a0 l2-0 l1-0)
6.737: (drive-truck t2 l2-0 l2-1 c2)
6.737: (drive-truck t0 l0-1 l0-0 c0)
6.738: (drive-truck t2 l2-0 l2-1 c2)
6.738: (unload-airplane p4 a0 l2-0)
6.744: (fly-airplane a0 l2-0 l0-0)
6.744: (drive-truck t1 l1-1 l1-0 c1)
6.746: (fly-airplane a0 l0-0 l2-0)
6.746: (drive-truck t0 l0-1 l0-0 c0)
6.746: (unload-truck p3 t2 l2-1)
6.747: (drive-truck t1 l1-1 l1-0 c1)
6.747: (fly-airplane a0 l0-0 l2-0)
6.747: (drive-truck t0 l0-1 l0-0 c0)
6.748: (drive-truck t1 l1-1 l1-0 c1)
6.749: (drive-truck t0 l0-1 l0-0 c0)
6.783: (load-truck p0 t2 l2-1)
6.788: (drive-truck t1 l1-0 l1-1 c1)
6.788: (fly-airplane a0 l0-0 l2-0)
6.788: (drive-truck t0 l0-1 l0-0 c0)
6.788: (drive-truck t2 l2-0 l2-1 c2)
6.791: (drive-truck t0 l0-1 l0-0 c0)
6.791: (fly-airplane a0 l0-0 l1-0)
6.794: (load-truck p4 t0 l0-0)
6.794: (fly-airplane a0 l0-0 l2-0)
6.798: (fly-airplane a0 l0-0 l1-0)
6.800: (fly-airplane a0 l2-0 l1-0)
6.802: (fly-airplane a0 l2-0 l1-0)
6.834: (drive-truck t1 l1-0 l1-1 c1)
6.834: (fly-airplane a0 l0-0 l1-0)
6.834: (drive-truck t2 l2-0 l2-1 c2)
6.836: (load-truck p0 t2 l2-1)
6.838: (fly-airplane a0 l2-0 l0-0)
6.839: (drive-truck t2 l2-1 l2-0 c2)
6.840: (drive-truck t0 l0-1 l0-0 c0)
6.845: (drive-truck t0 l0-1 l0-0 c0)
6.845: (drive-truck t2 l2-0 l2-1 c2)
6.845: (drive-truck t1 l1-0 l1-1 c1)
6.851: (drive-truck t1 l1-0 l1-1 c1)
6.852: (drive-truck t0 l0-1 l0-0 c0)
6.852: (fly-airplane a0 l0-0 l2-0)
6.864: (fly-airplane a0 l2-0 l1-0)
6.872: (drive-truck t0 l0-1 l0-0 c0)
6.872: (drive-truck t1 l1-0 l1-1 c1)
6.874: (drive-truck t1 l1-0 l1-1 c1)
6.874: (drive-truck t2 l2-1 l2-0 c2)
6.877: (drive-truck t1 l1-0 l1-1 c1)
6.877: (fly-airplane a0 l0-0 l2-0)
6.881: (unload-truck p2 t1 l1-1)
6.881: (unload-truck p3 t2 l2-1)
6.881: (drive-truck t2 l2-1 l2-0 c2)
6.881: (fly-airplane a0 l0-0 l1-0)
6.885: (drive-truck t0 l0-1 l0-0 c0)
3.951: (drive-truck t1 l1-0 l1-1 c1)
3.951: (load-airplane p4 a0 l0-0)
3.951: (unload-truck p3 t2 l2-1)
3.951: (load-truck p1 t1 l1-1)
4.604: (drive-truck t2 l2-0 l2-1 c2)
4.604: (unload-airplane p4 a0 l2-0)
4.604: (load-truck p2 t1 l1-0)
4.612: (fly-airplane a0 l0-0 l2-0)
4.612: (load-truck p2 t1 l1-0)
4.612: (unload-truck p3 t2 l2-1)
4.697: (load-truck p2 t1 l1-0)
4.697: (load-airplane p4 a0 l0-0)
4.697: (drive-truck t2 l2-1 l2-0 c2)
4.740: (unload-airplane p4 a0 l2-0)
4.740: (drive-truck t1 l1-1 l1-0 c1)
4.740: (unload-truck p3 t2 l2-1)
4.764: (load-truck p2 t1 l1-0)
4.764: (unload-truck p3 t2 l2-1)
4.764: (fly-airplane a0 l0-0 l1-0)
4.782: (load-airplane p4 a0 l0-0)
4.782: (unload-truck p3 t2 l2-1)
4.782: (drive-truck t0 l0-1 l0-0 c0)
4.782: (load-truck p2 t1 l1-0)
4.854: (drive-truck t2 l2-0 l2-1 c2)
4.854: (fly-airplane a0 l0-0 l2-0)
4.854: (drive-truck t1 l1-0 l1-1 c1)
4.854: (load-truck p1 t1 l1-1)
4.856: (load-truck p3 t2 l2-0)
4.856: (unload-airplane p4 a0 l2-0)
4.856: (drive-truck t1 l1-0 l1-1 c1)
4.856: (load-truck p1 t1 l1-1)
4.932: (load-truck p2 t1 l1-0)
4.932: (unload-airplane p4 a0 l2-0)
4.932: (unload-truck p3 t2 l2-1)
5.026: (unload-truck p3 t2 l2-1)
5.026: (fly-airplane a0 l0-0 l1-0)
5.026: (drive-truck t1 l1-0 l1-1 c1)
5.030: (load-truck p1 t1 l1-1)
5.030: (fly-airplane a0 l0-0 l2-0)
5.030: (drive-truck t1 l1-0 l1-1 c1)
5.030: (unload-truck p3 t2 l2-1)
5.030: (load-airplane p4 a0 l0-0)
5.030: (load-truck p1 t1 l1-1)
5.031: (drive-truck t1 l1-0 l1-1 c1)
5.031: (drive-truck t2 l2-0 l2-1 c2)
5.031: (drive-truck t0 l0-1 l0-0 c0)
5.033: (load-truck p1 t1 l1-1)
5.033: (drive-truck t1 l1-0 l1-1 c1)
5.033: (drive-truck t2 l2-1 l2-0 c2)
5.036: (drive-truck t0 l0-1 l0-0 c0)
5.036: (drive-truck t1 l1-0 l1-1 c1)
5.036: (unload-truck p3 t2 l2-1)
5.037: (load-truck p1 t1 l1-1)
5.073: (load-truck p4 t0 l0-0)
5.073: (load-truck p2 t1 l1-0)
5.073: (unload-truck p3 t2 l2-1)
5.131: (unload-truck p1 t1 l1-0)
5.131: (load-truck p2 t1 l1-0)
5.131: (load-airplane p4 a0 l0-0)
5.131: (unload-truck p3 t2 l2-1)
5.358: (drive-truck t2 l2-0 l2-1 c2)
5.358: (drive-truck t1 l1-0 l1-1 c1)
5.358: (load-truck p4 t0 l0-0)
5.587: (unload-truck p2 t1 l1-1)
5.587: (load-airplane p4 a0 l0-0)
5.587: (unload-truck p3 t2 l2-1)
5.597: (load-truck p2 t1 l1-0)
5.597: (fly-airplane a0 l2-0 l0-0)
5.597: (load-truck p3 t2 l2-0)
5.599: (load-truck p2 t1 l1-0)
5.599: (drive-truck t0 l0-1 l0-0 c0)
5.599: (load-truck p3 t2 l2-0)
5.599: (unload-airplane p4 a0 l2-0)
5.599: (load-truck p2 t1 l1-0)
5.599: (load-truck p2 t1 l1-0)
5.599: (load-truck p3 t2 l2-0)
5.599: (fly-airplane a0 l0-0 l2-0)
5.599: (drive-truck t2 l2-0 l2-1 c2)
5.599: (drive-truck t0 l0-1 l0-0 c0)
5.600: (fly-airplane a0 l2-0 l1-0)
5.690: (load-truck p2 t1 l1-0)
5.691: (load-airplane p4 a0 l0-0)
5.691: (unload-truck p3 t2 l2-1)
5.691: (load-truck p0 t2 l2-1)
5.706: (drive-truck t2 l2-0 l2-1 c2)
5.707: (fly-airplane a0 l2-0 l1-0)
5.707: (drive-truck t1 l1-1 l1-0 c1)
5.720: (fly-airplane a0 l2-0 l0-0)
5.720: (load-truck p1 t1 l1-1)
5.720: (unload-truck p3 t2 l2-1)
5.723: (fly-airplane a0 l2-0 l1-0)
5.723: (load-truck p1 t1 l1-1)
5.723: (unload-truck p3 t2 l2-1)
5.723: (drive-truck t2 l2-1 l2-0 c2)
5.723: (load-truck p1 t1 l1-1)
5.724: (unload-airplane p4 a0 l2-0)
5.726: (unload-airplane p4 a0 l2-0)
5.726: (load-truck p1 t1 l1-1)
5.726: (unload-truck p3 t2 l2-1)
5.726: (drive-truck t0 l0-1 l0-0 c0)
5.735: (drive-truck t1 l1-0 l1-1 c1)
5.736: (unload-airplane p4 a0 l2-0)
5.736: (drive-truck t2 l2-0 l2-1 c2)
5.742: (drive-truck t1 l1-0 l1-1 c1)
5.742: (fly-airplane a0 l0-0 l2-0)
5.742: (unload-truck p3 t2 l2-1)
5.749: (fly-airplane a0 l0-0 l2-0)
5.749: (drive-truck t2 l2-1 l2-0 c2)
5.749: (drive-truck t1 l1-1 l1-0 c1)
5.749: (fly-airplane a0 l2-0 l0-0)
5.749: (drive-truck t1 l1-1 l1-0 c1)
5.749: (drive-truck t2 l2-0 l2-1 c2)
5.753: (drive-truck t1 l1-1 l1-0 c1)
5.753: (unload-airplane p4 a0 l2-0)
5.753: (drive-truck t2 l2-0 l2-1 c2)
5.753: (drive-truck t0 l0-1 l0-0 c0)
5.762: (drive-truck t1 l1-1 l1-0 c1)
5.762: (unload-truck p3 t2 l2-1)
5.762: (fly-airplane a0 l0-0 l2-0)
5.762: (drive-truck t0 l0-1 l0-0 c0)
5.765: (drive-truck t2 l2-0 l2-1 c2)
5.765: (fly-airplane a0 l0-0 l1-0)
5.765: (drive-truck t0 l0-1 l0-0 c0)
5.776: (load-truck p1 t1 l1-1)
5.776: (drive-truck t2 l2-0 l2-1 c2)
5.776: (fly-airplane a0 l0-0 l1-0)
5.776: (drive-truck t1 l1-0 l1-1 c1)
5.785: (drive-truck t2 l2-1 l2-0 c2)
5.785: (fly-airplane a0 l0-0 l2-0)
5.787: (load-truck p2 t1 l1-0)
5.787: (fly-airplane a0 l0-0 l1-0)
5.787: (drive-truck t2 l2-1 l2-0 c2)
5.787: (unload-truck p3 t2 l2-1)
5.788: (drive-truck t0 l0-1 l0-0 c0)
5.788: (fly-airplane a0 l0-0 l2-0)
5.788: (drive-truck t2 l2-1 l2-0 c2)
5.788: (drive-truck t0 l0-1 l0-0 c0)
5.791: (drive-truck t0 l0-1 l0-0 c0)
5.791: (fly-airplane a0 l0-0 l1-0)
5.791: (load-truck p2 t1 l1-0)
5.791: (unload-truck p3 t2 l2-1)
5.822: (drive-truck t2 l2-0 l2-1 c2)
5.822: (load-truck p2 t1 l1-0)
5.822: (fly-airplane a0 l2-0 l1-0)
5.844: (fly-airplane a0 l0-0 l1-0)
5.844: (drive-truck t1 l1-0 l1-1 c1)
5.844: (unload-truck p3 t2 l2-1)
5.850: (fly-airplane a0 l2-0 l1-0)
5.851: (drive-truck t1 l1-1 l1-0 c1)
5.851: (unload-truck p3 t2 l2-1)
5.855: (drive-truck t2 l2-1 l2-0 c2)
5.855: (drive-truck t1 l1-0 l1-1 c1)
5.855: (fly-airplane a0 l2-0 l1-0)
5.855: (drive-truck t1 l1-0 l1-1 c1)
5.855: (load-airplane p4 a0 l0-0)
5.858: (fly-airplane a0 l2-0 l0-0)
5.858: (drive-truck t1 l1-0 l1-1 c1)
5.861: (unload-airplane p4 a0 l2-0)
5.861: (drive-truck t0 l0-1 l0-0 c0)
5.861: (drive-truck t1 l1-0 l1-1 c1)
5.863: (drive-truck t0 l0-1 l0-0 c0)
5.863: (load-truck p3 t2 l2-0)
5.863: (unload-truck p3 t2 l2-1)
5.863: (load-airplane p4 a0 l0-0)
5.863: (drive-truck t1 l1-0 l1-1 c1)
5.863: (drive-truck t0 l0-1 l0-0 c0)
5.863: (fly-airplane a0 l0-0 l2-0)
5.863: (drive-truck t1 l1-0 l1-1 c1)
5.896: (drive-truck t2 l2-0 l2-1 c2)
5.897: (drive-truck t1 l1-0 l1-1 c1)
5.907: (drive-truck t2 l2-1 l2-0 c2)
5.907: (fly-airplane a0 l0-0 l1-0)
5.908: (drive-truck t0 l0-1 l0-0 c0)
5.909: (fly-airplane a0 l0-0 l1-0)
5.936: (fly-airplane a0 l0-0 l2-0)
5.936: (drive-truck t2 l2-1 l2-0 c2)
5.937: (drive-truck t1 l1-0 l1-1 c1)
5.941: (drive-truck t2 l2-1 l2-0 c2)
5.941: (drive-truck t0 l0-1 l0-0 c0)
5.942: (fly-airplane a0 l2-0 l0-0)
5.942: (drive-truck t0 l0-1 l0-0 c0)
5.947: (drive-truck t1 l1-0 l1-1 c1)
5.947: (load-truck p0 t2 l2-1)
5.949: (drive-truck t0 l0-1 l0-0 c0)
5.949: (fly-airplane a0 l0-0 l2-0)
5.970: (drive-truck t2 l2-1 l2-0 c2)
5.970: (fly-airplane a0 l0-0 l1-0)
5.978: (drive-truck t0 l0-1 l0-0 c0)
5.978: (fly-airplane a0 l0-0 l1-0)
5.989: (load-truck p4 t0 l0-0)
5.989: (drive-truck t1 l1-0 l1-1 c1)
5.996: (fly-airplane a0 l0-0 l2-0)
5.996: (unload-truck p1 t1 l1-0)
5.999: (unload-truck p1 t1 l1-0)
6.000: (unload-truck p1 t1 l1-0)
6.008: (unload-truck p1 t1 l1-0)
6.008: (fly-airplane a0 l0-0 l2-0)
6.031: (drive-truck t1 l1-0 l1-1 c1)
6.031: (load-truck p0 t2 l2-1)
6.034: (drive-truck t1 l1-0 l1-1 c1)
3.589: (unload-airplane p4 a0 l2-0)
3.589: (unload-truck p3 t2 l2-1)
3.589: (load-truck p2 t1 l1-0)
3.860: (load-truck p1 t1 l1-1)
3.860: (drive-truck t1 l1-0 l1-1 c1)
3.860: (drive-truck t2 l2-0 l2-1 c2)
3.860: (unload-airplane p4 a0 l2-0)
3.869: (load-truck p1 t1 l1-1)
3.869: (fly-airplane a0 l0-0 l2-0)
3.869: (drive-truck t1 l1-0 l1-1 c1)
3.869: (unload-truck p3 t2 l2-1)
3.951: (load-truck p1 t1 l1-1)
3.951: (load-airplane p4 a0 l0-0)
3.951: (drive-truck t2 l2-1 l2-0 c2)
3.951: (drive-truck t1 l1-0 l1-1 c1)
4.040: (load-airplane p4 a0 l0-0)
4.040: (unload-truck p3 t2 l2-1)
4.040: (drive-truck t1 l1-0 l1-1 c1)
4.040: (drive-truck t0 l0-1 l0-0 c0)
4.040: (load-truck p1 t1 l1-1)
4.350: (drive-truck t1 l1-0 l1-1 c1)
4.350: (unload-truck p3 t2 l2-1)
4.350: (load-truck p4 t0 l0-0)
4.350: (load-truck p1 t1 l1-1)
4.600: (load-truck p2 t1 l1-0)
4.600: (drive-truck t2 l2-1 l2-0 c2)
4.600: (fly-airplane a0 l0-0 l2-0)
4.603: (drive-truck t2 l2-0 l2-1 c2)
4.603: (fly-airplane a0 l2-0 l0-0)
4.603: (load-truck p2 t1 l1-0)
4.605: (drive-truck t2 l2-0 l2-1 c2)
4.605: (drive-truck t0 l0-1 l0-0 c0)
4.605: (unload-airplane p4 a0 l2-0)
4.605: (load-truck p2 t1 l1-0)
4.607: (load-truck p2 t1 l1-0)
4.607: (drive-truck t2 l2-0 l2-1 c2)
4.607: (fly-airplane a0 l2-0 l1-0)
4.614: (unload-truck p3 t2 l2-1)
4.614: (drive-truck t0 l0-1 l0-0 c0)
4.614: (fly-airplane a0 l0-0 l2-0)
4.614: (load-truck p2 t1 l1-0)
4.692: (drive-truck t1 l1-1 l1-0 c1)
4.692: (unload-truck p3 t2 l2-1)
4.692: (fly-airplane a0 l2-0 l1-0)
4.711: (drive-truck t1 l1-0 l1-1 c1)
4.711: (unload-truck p3 t2 l2-1)
4.711: (unload-airplane p4 a0 l2-0)
4.735: (fly-airplane a0 l2-0 l0-0)
4.735: (unload-truck p3 t2 l2-1)
4.735: (drive-truck t1 l1-1 l1-0 c1)
4.739: (drive-truck t1 l1-1 l1-0 c1)
4.739: (unload-airplane p4 a0 l2-0)
4.739: (drive-truck t2 l2-1 l2-0 c2)
4.742: (drive-truck t1 l1-1 l1-0 c1)
4.742: (unload-airplane p4 a0 l2-0)
4.742: (drive-truck t0 l0-1 l0-0 c0)
4.742: (unload-truck p3 t2 l2-1)
4.764: (load-truck p2 t1 l1-0)
4.765: (drive-truck t0 l0-1 l0-0 c0)
4.765: (fly-airplane a0 l0-0 l1-0)
4.765: (unload-truck p3 t2 l2-1)
4.778: (load-truck p2 t1 l1-0)
4.778: (drive-truck t2 l2-1 l2-0 c2)
4.778: (drive-truck t0 l0-1 l0-0 c0)
4.778: (load-airplane p4 a0 l0-0)
4.781: (drive-truck t2 l2-1 l2-0 c2)
4.781: (fly-airplane a0 l0-0 l1-0)
4.781: (load-truck p2 t1 l1-0)
4.786: (drive-truck t1 l1-0 l1-1 c1)
4.786: (load-truck p1 t1 l1-1)
4.786: (fly-airplane a0 l0-0 l1-0)
4.786: (unload-truck p3 t2 l2-1)
4.809: (load-truck p2 t1 l1-0)
4.809: (unload-truck p3 t2 l2-1)
4.809: (fly-airplane a0 l2-0 l1-0)
4.851: (drive-truck t1 l1-0 l1-1 c1)
4.851: (load-truck p3 t2 l2-0)
4.851: (fly-airplane a0 l2-0 l1-0)
4.854: (drive-truck t1 l1-0 l1-1 c1)
4.854: (fly-airplane a0 l2-0 l0-0)
4.854: (load-truck p3 t2 l2-0)
4.855: (drive-truck t2 l2-0 l2-1 c2)
4.855: (drive-truck t0 l0-1 l0-0 c0)
4.855: (fly-airplane a0 l0-0 l2-0)
4.855: (drive-truck t1 l1-0 l1-1 c1)
4.857: (drive-truck t1 l1-0 l1-1 c1)
4.857: (unload-airplane p4 a0 l2-0)
4.857: (drive-truck t0 l0-1 l0-0 c0)
4.857: (load-truck p3 t2 l2-0)
4.905: (unload-truck p3 t2 l2-1)
4.905: (load-airplane p4 a0 l0-0)
4.906: (drive-truck t1 l1-0 l1-1 c1)
4.929: (fly-airplane a0 l2-0 l0-0)
4.930: (unload-truck p3 t2 l2-1)
4.932: (drive-truck t2 l2-1 l2-0 c2)
4.932: (unload-airplane p4 a0 l2-0)
4.933: (unload-truck p3 t2 l2-1)
4.933: (unload-airplane p4 a0 l2-0)
4.933: (drive-truck t0 l0-1 l0-0 c0)
4.941: (load-airplane p4 a0 l0-0)
4.941: (unload-truck p3 t2 l2-1)
4.942: (load-truck p0 t2 l2-1)
4.942: (drive-truck t1 l1-0 l1-1 c1)
4.988: (unload-truck p3 t2 l2-1)
4.988: (unload-airplane p4 a0 l2-0)
4.988: (unload-truck p1 t1 l1-0)
5.002: (unload-truck p1 t1 l1-0)
5.002: (load-truck p2 t1 l1-0)
5.002: (drive-truck t2 l2-0 l2-1 c2)
5.002: (unload-airplane p4 a0 l2-0)
5.010: (fly-airplane a0 l0-0 l2-0)
5.010: (unload-truck p1 t1 l1-0)
5.010: (unload-truck p3 t2 l2-1)
5.010: (load-truck p2 t1 l1-0)
5.028: (fly-airplane a0 l0-0 l1-0)
5.028: (drive-truck t2 l2-1 l2-0 c2)
5.028: (drive-truck t1 l1-0 l1-1 c1)
5.034: (drive-truck t0 l0-1 l0-0 c0)
5.034: (fly-airplane a0 l0-0 l1-0)
5.034: (unload-truck p3 t2 l2-1)
5.034: (drive-truck t1 l1-0 l1-1 c1)
5.034: (fly-airplane a0 l0-0 l2-0)
5.034: (drive-truck t2 l2-1 l2-0 c2)
5.034: (drive-truck t1 l1-0 l1-1 c1)
5.038: (drive-truck t1 l1-0 l1-1 c1)
5.038: (drive-truck t0 l0-1 l0-0 c0)
5.038: (fly-airplane a0 l0-0 l2-0)
5.039: (drive-truck t0 l0-1 l0-0 c0)
5.039: (drive-truck t1 l1-0 l1-1 c1)
5.039: (drive-truck t2 l2-1 l2-0 c2)
5.052: (drive-truck t2 l2-1 l2-0 c2)
5.052: (load-truck p4 t0 l0-0)
5.073: (load-truck p4 t0 l0-0)
5.073: (fly-airplane a0 l0-0 l2-0)
5.083: (load-truck p4 t0 l0-0)
5.083: (fly-airplane a0 l0-0 l1-0)
5.129: (drive-truck t0 l0-1 l0-0 c0)
5.129: (unload-truck p1 t1 l1-0)
5.131: (unload-truck p1 t1 l1-0)
5.131: (drive-truck t2 l2-1 l2-0 c2)
5.148: (unload-truck p1 t1 l1-0)
5.148: (fly-airplane a0 l0-0 l1-0)
5.284: (unload-truck p1 t1 l1-0)
5.355: (load-truck p4 t0 l0-0)
5.355: (fly-airplane a0 l0-0 l1-0)
5.358: (fly-airplane a0 l0-0 l2-0)
5.488: (load-truck p1 t1 l1-1)
5.488: (unload-truck p2 t1 l1-1)
5.575: (unload-truck p2 t1 l1-1)
5.575: (drive-truck t2 l2-1 l2-0 c2)
5.589: (unload-truck p2 t1 l1-1)
5.589: (drive-truck t0 l0-1 l0-0 c0)
5.598: (fly-airplane a0 l0-0 l2-0)
5.598: (load-truck p0 t2 l2-1)
5.600: (drive-truck t0 l0-1 l0-0 c0)
5.600: (fly-airplane a0 l2-0 l0-0)
5.601: (fly-airplane a0 l2-0 l1-0)
5.601: (drive-truck t0 l0-1 l0-0 c0)
5.604: (load-truck p0 t2 l2-1)
5.613: (drive-truck t0 l0-0 l0-1 c0)
5.708: (fly-airplane a0 l2-0 l1-0)
5.708: (drive-truck t0 l0-1 l0-0 c0)
5.720: (unload-airplane p4 a0 l1-0)
5.721: (fly-airplane a0 l2-0 l0-0)
5.721: (drive-truck t2 l2-1 l2-0 c2)
5.723: (fly-airplane a0 l2-0 l1-0)
5.723: (drive-truck t2 l2-1 l2-0 c2)
5.723: (fly-airplane a0 l2-0 l0-0)
5.723: (drive-truck t0 l0-1 l0-0 c0)
5.724: (drive-truck t0 l0-1 l0-0 c0)
5.724: (fly-airplane a0 l2-0 l1-0)
5.725: (drive-truck t0 l0-1 l0-0 c0)
5.725: (drive-truck t2 l2-1 l2-0 c2)
5.732: (drive-truck t1 l1-0 l1-1 c1)
5.732: (fly-airplane a0 l0-0 l2-0)
5.732: (drive-truck t2 l2-1 l2-0 c2)
5.734: (fly-airplane a0 l2-0 l0-0)
5.735: (drive-truck t1 l1-0 l1-1 c1)
5.736: (drive-truck t0 l0-1 l0-0 c0)
5.736: (drive-truck t1 l1-0 l1-1 c1)
5.743: (drive-truck t0 l0-1 l0-0 c0)
5.743: (fly-airplane a0 l0-0 l2-0)
5.743: (drive-truck t1 l1-0 l1-1 c1)
5.746: (fly-airplane a0 l2-0 l1-0)
5.746: (drive-truck t1 l1-0 l1-1 c1)
5.750: (fly-airplane a0 l0-0 l2-0)
5.750: (drive-truck t2 l2-1 l2-0 c2)
5.750: (drive-truck t0 l0-1 l0-0 c0)
5.752: (load-truck p0 t2 l2-1)
5.753: (drive-truck t0 l0-1 l0-0 c0)
5.753: (fly-airplane a0 l2-0 l0-0)
5.764: (fly-airplane a0 l0-0 l1-0)
5.764: (load-truck p0 t2 l2-1)
5.776: (drive-truck t1 l1-0 l1-1 c1)
5.777: (fly-airplane a0 l0-0 l2-0)
5.777: (drive-truck t1 l1-0 l1-1 c1)
5.777: (drive-truck t0 l0-1 l0-0 c0)
5.777: (fly-airplane a0 l0-0 l1-0)
5.778: (drive-truck t1 l1-0 l1-1 c1)
5.780: (drive-truck t0 l0-1 l0-0 c0)
2.849: (load-truck p1 t1 l1-1)
2.849: (drive-truck t1 l1-0 l1-1 c1)
2.849: (unload-truck p3 t2 l2-1)
2.849: (unload-airplane p4 a0 l2-0)
3.587: (fly-airplane a0 l2-0 l0-0)
3.587: (load-truck p2 t1 l1-0)
3.588: (unload-truck p3 t2 l2-1)
3.588: (unload-airplane p4 a0 l2-0)
3.588: (load-truck p2 t1 l1-0)
3.588: (drive-truck t2 l2-1 l2-0 c2)
3.591: (fly-airplane a0 l2-0 l1-0)
3.591: (load-truck p2 t1 l1-0)
3.591: (unload-truck p3 t2 l2-1)
3.591: (unload-truck p3 t2 l2-1)
3.591: (drive-truck t0 l0-1 l0-0 c0)
3.591: (unload-airplane p4 a0 l2-0)
3.591: (load-truck p2 t1 l1-0)
3.856: (drive-truck t2 l2-0 l2-1 c2)
3.856: (drive-truck t1 l1-0 l1-1 c1)
3.856: (fly-airplane a0 l2-0 l1-0)
3.856: (load-truck p1 t1 l1-1)
3.857: (load-truck p1 t1 l1-1)
3.857: (drive-truck t2 l2-1 l2-0 c2)
3.857: (drive-truck t1 l1-0 l1-1 c1)
3.857: (fly-airplane a0 l0-0 l2-0)
3.859: (drive-truck t2 l2-0 l2-1 c2)
3.859: (fly-airplane a0 l2-0 l0-0)
3.859: (drive-truck t1 l1-0 l1-1 c1)
3.859: (load-truck p1 t1 l1-1)
3.861: (unload-airplane p4 a0 l2-0)
3.861: (drive-truck t2 l2-0 l2-1 c2)
3.861: (load-truck p1 t1 l1-1)
3.861: (drive-truck t0 l0-1 l0-0 c0)
3.861: (drive-truck t1 l1-0 l1-1 c1)
3.870: (unload-truck p3 t2 l2-1)
3.870: (load-truck p1 t1 l1-1)
3.870: (fly-airplane a0 l0-0 l2-0)
3.870: (drive-truck t0 l0-1 l0-0 c0)
3.870: (drive-truck t1 l1-0 l1-1 c1)
3.991: (unload-airplane p4 a0 l2-0)
3.991: (unload-truck p3 t2 l2-1)
3.991: (load-truck p2 t1 l1-0)
3.991: (unload-truck p1 t1 l1-0)
4.040: (load-airplane p4 a0 l0-0)
4.040: (drive-truck t0 l0-1 l0-0 c0)
4.040: (drive-truck t2 l2-1 l2-0 c2)
4.040: (drive-truck t1 l1-0 l1-1 c1)
4.135: (load-airplane p1 a0 l1-0)
4.329: (load-truck p4 t0 l0-0)
4.329: (drive-truck t1 l1-0 l1-1 c1)
4.330: (drive-truck t2 l2-1 l2-0 c2)
4.347: (drive-truck t1 l1-0 l1-1 c1)
4.347: (unload-truck p3 t2 l2-1)
4.347: (fly-airplane a0 l0-0 l1-0)
4.347: (load-truck p4 t0 l0-0)
4.351: (fly-airplane a0 l0-0 l2-0)
4.351: (unload-truck p3 t2 l2-1)
4.351: (load-truck p4 t0 l0-0)
4.351: (drive-truck t1 l1-0 l1-1 c1)
4.601: (load-truck p2 t1 l1-0)
4.601: (drive-truck t2 l2-1 l2-0 c2)
4.602: (fly-airplane a0 l0-0 l2-0)
4.602: (drive-truck t0 l0-1 l0-0 c0)
4.603: (unload-airplane p4 a0 l2-0)
4.604: (load-truck p0 t2 l2-1)
4.604: (unload-truck p3 t2 l2-1)
4.604: (load-truck p2 t1 l1-0)
4.606: (drive-truck t2 l2-0 l2-1 c2)
4.606: (fly-airplane a0 l2-0 l0-0)
4.606: (drive-truck t0 l0-1 l0-0 c0)
4.606: (load-truck p2 t1 l1-0)
4.608: (fly-airplane a0 l2-0 l1-0)
4.608: (drive-truck t0 l0-1 l0-0 c0)
4.608: (load-truck p2 t1 l1-0)
4.608: (drive-truck t2 l2-0 l2-1 c2)
4.693: (drive-truck t2 l2-1 l2-0 c2)
4.693: (fly-airplane a0 l2-0 l1-0)
4.693: (drive-truck t1 l1-1 l1-0 c1)
4.694: (drive-truck t0 l0-1 l0-0 c0)
4.694: (fly-airplane a0 l2-0 l1-0)
4.694: (unload-truck p3 t2 l2-1)
4.694: (drive-truck t1 l1-1 l1-0 c1)
4.707: (fly-airplane a0 l2-0 l0-0)
4.707: (drive-truck t1 l1-0 l1-1 c1)
4.708: (unload-truck p3 t2 l2-1)
4.710: (drive-truck t2 l2-1 l2-0 c2)
4.710: (unload-airplane p4 a0 l2-0)
4.710: (drive-truck t1 l1-0 l1-1 c1)
4.713: (unload-truck p3 t2 l2-1)
4.713: (unload-airplane p4 a0 l2-0)
4.713: (drive-truck t1 l1-0 l1-1 c1)
4.713: (drive-truck t0 l0-1 l0-0 c0)
4.720: (fly-airplane a0 l2-0 l1-0)
4.720: (drive-truck t1 l1-0 l1-1 c1)
4.720: (unload-truck p3 t2 l2-1)
4.735: (drive-truck t1 l1-1 l1-0 c1)
4.735: (fly-airplane a0 l2-0 l0-0)
4.735: (drive-truck t2 l2-1 l2-0 c2)
4.739: (fly-airplane a0 l2-0 l0-0)
4.739: (drive-truck t0 l0-1 l0-0 c0)
4.740: (unload-truck p3 t2 l2-1)
4.740: (drive-truck t1 l1-1 l1-0 c1)
4.740: (unload-airplane p4 a0 l2-0)
4.740: (drive-truck t1 l1-1 l1-0 c1)
4.740: (drive-truck t0 l0-1 l0-0 c0)
4.740: (drive-truck t2 l2-1 l2-0 c2)
4.780: (drive-truck t0 l0-1 l0-0 c0)
4.780: (fly-airplane a0 l0-0 l1-0)
4.780: (drive-truck t2 l2-1 l2-0 c2)
4.782: (drive-truck t1 l1-0 l1-1 c1)
4.783: (unload-airplane p4 a0 l2-0)
4.783: (drive-truck t2 l2-0 l2-1 c2)
4.786: (fly-airplane a0 l0-0 l1-0)
4.786: (drive-truck t2 l2-1 l2-0 c2)
4.786: (drive-truck t1 l1-0 l1-1 c1)
4.787: (drive-truck t1 l1-0 l1-1 c1)
4.787: (drive-truck t0 l0-1 l0-0 c0)
4.787: (fly-airplane a0 l0-0 l1-0)
4.787: (unload-truck p3 t2 l2-1)
4.791: (fly-airplane a0 l0-0 l2-0)
4.791: (drive-truck t1 l1-0 l1-1 c1)
4.791: (unload-truck p3 t2 l2-1)
4.811: (drive-truck t2 l2-1 l2-0 c2)
4.811: (fly-airplane a0 l2-0 l1-0)
4.812: (drive-truck t0 l0-1 l0-0 c0)
4.812: (fly-airplane a0 l2-0 l1-0)
4.851: (load-truck p4 t1 l1-0)
4.853: (drive-truck t0 l0-1 l0-0 c0)
4.853: (fly-airplane a0 l2-0 l1-0)
4.853: (drive-truck t1 l1-0 l1-1 c1)
4.854: (drive-truck t1 l1-0 l1-1 c1)
4.854: (fly-airplane a0 l0-0 l2-0)
4.854: (load-truck p0 t2 l2-1)
4.857: (drive-truck t1 l1-0 l1-1 c1)
4.857: (drive-truck t0 l0-1 l0-0 c0)
4.857: (fly-airplane a0 l2-0 l0-0)
4.860: (load-truck p0 t2 l2-1)
4.860: (drive-truck t1 l1-0 l1-1 c1)
4.869: (drive-truck t1 l1-0 l1-1 c1)
4.869: (drive-truck t0 l0-0 l0-1 c0)
4.902: (drive-truck t0 l0-1 l0-0 c0)
4.902: (drive-truck t1 l1-0 l1-1 c1)
4.906: (drive-truck t2 l2-1 l2-0 c2)
4.906: (drive-truck t1 l1-0 l1-1 c1)
4.932: (drive-truck t2 l2-1 l2-0 c2)
4.932: (fly-airplane a0 l2-0 l0-0)
4.932: (fly-airplane a0 l2-0 l0-0)
4.932: (drive-truck t0 l0-1 l0-0 c0)
4.934: (drive-truck t0 l0-1 l0-0 c0)
4.934: (drive-truck t2 l2-1 l2-0 c2)
4.947: (unload-truck p2 t1 l1-1)
4.953: (fly-airplane a0 l2-0 l1-0)
4.953: (unload-truck p1 t1 l1-0)
4.971: (drive-truck t1 l1-0 l1-1 c1)
4.972: (fly-airplane a0 l0-0 l1-0)
4.984: (fly-airplane a0 l2-0 l1-0)
4.985: (unload-truck p1 t1 l1-0)
4.987: (fly-airplane a0 l2-0 l0-0)
4.987: (unload-truck p1 t1 l1-0)
4.988: (unload-truck p1 t1 l1-0)
4.988: (drive-truck t2 l2-1 l2-0 c2)
4.991: (drive-truck t0 l0-1 l0-0 c0)
4.991: (unload-truck p1 t1 l1-0)
4.998: (fly-airplane a0 l0-0 l2-0)
4.998: (drive-truck t2 l2-1 l2-0 c2)
4.998: (unload-truck p1 t1 l1-0)
5.004: (fly-airplane a0 l2-0 l0-0)
5.004: (unload-truck p1 t1 l1-0)
5.005: (drive-truck t0 l0-1 l0-0 c0)
5.005: (unload-truck p1 t1 l1-0)
5.013: (drive-truck t0 l0-1 l0-0 c0)
5.013: (fly-airplane a0 l0-0 l2-0)
5.014: (unload-truck p1 t1 l1-0)
5.030: (drive-truck t1 l1-0 l1-1 c1)
5.031: (drive-truck t0 l0-1 l0-0 c0)
5.031: (load-truck p0 t2 l2-1)
5.037: (drive-truck t0 l0-1 l0-0 c0)
5.037: (drive-truck t2 l2-1 l2-0 c2)
5.037: (fly-airplane a0 l0-0 l1-0)
5.042: (fly-airplane a0 l0-0 l2-0)
5.042: (drive-truck t2 l2-1 l2-0 c2)
5.042: (drive-truck t0 l0-1 l0-0 c0)
5.053: (drive-truck t1 l1-0 l1-1 c1)
5.054: (drive-truck t2 l2-1 l2-0 c2)
5.054: (fly-airplane a0 l0-0 l2-0)
5.062: (fly-airplane a0 l0-0 l1-0)
5.062: (drive-truck t2 l2-1 l2-0 c2)
5.080: (unload-truck p2 t1 l1-1)
5.129: (drive-truck t0 l0-1 l0-0 c0)
5.129: (drive-truck t2 l2-1 l2-0 c2)
5.129: (unload-truck p1 t1 l1-0)
5.146: (fly-airplane a0 l0-0 l1-0)
5.146: (drive-truck t2 l2-1 l2-0 c2)
5.147: (unload-truck p1 t1 l1-0)
5.151: (unload-truck p1 t1 l1-0)
5.151: (drive-truck t0 l0-1 l0-0 c0)
5.151: (fly-airplane a0 l0-0 l1-0)
5.230: (unload-truck p1 t1 l1-0)
5.230: (fly-airplane a0 l0-0 l1-0)
5.263: (unload-truck p1 t1 l1-0)
2.842: (load-truck p1 t1 l1-1)
2.842: (unload-truck p3 t2 l2-1)
2.842: (fly-airplane a0 l2-0 l1-0)
2.842: (drive-truck t1 l1-0 l1-1 c1)
2.845: (load-truck p1 t1 l1-1)
2.845: (drive-truck t1 l1-0 l1-1 c1)
2.845: (fly-airplane a0 l2-0 l0-0)
2.845: (unload-truck p3 t2 l2-1)
2.848: (unload-airplane p4 a0 l2-0)
2.848: (drive-truck t1 l1-0 l1-1 c1)
2.848: (drive-truck t2 l2-1 l2-0 c2)
2.848: (load-truck p1 t1 l1-1)
2.850: (load-truck p1 t1 l1-1)
2.850: (drive-truck t0 l0-1 l0-0 c0)
2.850: (drive-truck t1 l1-0 l1-1 c1)
2.850: (unload-airplane p4 a0 l2-0)
2.850: (unload-truck p3 t2 l2-1)
3.588: (load-truck p2 t1 l1-0)
3.588: (fly-airplane a0 l2-0 l0-0)
3.588: (drive-truck t2 l2-1 l2-0 c2)
3.589: (drive-truck t2 l2-1 l2-0 c2)
3.589: (drive-truck t0 l0-1 l0-0 c0)
3.589: (unload-airplane p4 a0 l2-0)
3.590: (load-truck p2 t1 l1-0)
3.591: (fly-airplane a0 l2-0 l0-0)
3.591: (drive-truck t0 l0-1 l0-0 c0)
3.591: (unload-truck p3 t2 l2-1)
3.591: (load-truck p2 t1 l1-0)
3.591: (fly-airplane a0 l2-0 l1-0)
3.591: (drive-truck t2 l2-1 l2-0 c2)
3.591: (load-truck p2 t1 l1-0)
3.592: (load-truck p2 t1 l1-0)
3.592: (unload-truck p3 t2 l2-1)
3.592: (fly-airplane a0 l2-0 l1-0)
3.592: (drive-truck t0 l0-1 l0-0 c0)
3.771: (drive-truck t1 l1-0 l1-1 c1)
3.771: (unload-airplane p4 a0 l2-0)
3.771: (unload-truck p3 t2 l2-1)
3.857: (fly-airplane a0 l2-0 l1-0)
3.857: (drive-truck t2 l2-0 l2-1 c2)
3.857: (drive-truck t1 l1-0 l1-1 c1)
3.857: (drive-truck t0 l0-1 l0-0 c0)
3.858: (fly-airplane a0 l0-0 l2-0)
3.858: (drive-truck t0 l0-1 l0-0 c0)
3.858: (drive-truck t1 l1-0 l1-1 c1)
3.858: (drive-truck t2 l2-1 l2-0 c2)
3.860: (unload-truck p3 t2 l2-1)
3.860: (unload-airplane p4 a0 l2-0)
3.860: (drive-truck t1 l1-0 l1-1 c1)
3.860: (load-truck p0 t2 l2-1)
3.861: (drive-truck t2 l2-0 l2-1 c2)
3.862: (drive-truck t0 l0-1 l0-0 c0)
3.862: (drive-truck t1 l1-0 l1-1 c1)
3.862: (fly-airplane a0 l2-0 l0-0)
3.932: (drive-truck t1 l1-0 l1-1 c1)
3.932: (load-airplane p1 a0 l1-0)
3.938: (load-truck p2 t1 l1-0)
3.938: (unload-truck p3 t2 l2-1)
3.939: (unload-truck p1 t1 l1-0)
3.939: (fly-airplane a0 l2-0 l1-0)
3.991: (load-truck p2 t1 l1-0)
3.991: (load-truck p2 t1 l1-0)
3.991: (unload-truck p3 t2 l2-1)
3.991: (unload-airplane p4 a0 l2-0)
3.991: (unload-truck p1 t1 l1-0)
3.991: (drive-truck t2 l2-1 l2-0 c2)
3.991: (unload-truck p1 t1 l1-0)
3.991: (fly-airplane a0 l2-0 l0-0)
3.994: (unload-truck p3 t2 l2-1)
3.994: (unload-airplane p4 a0 l2-0)
3.994: (load-truck p2 t1 l1-0)
3.994: (unload-truck p1 t1 l1-0)
3.994: (drive-truck t0 l0-1 l0-0 c0)
4.000: (fly-airplane a0 l1-0 l2-0)
4.006: (fly-airplane a0 l1-0 l0-0)
4.011: (load-airplane p1 a0 l1-0)
4.024: (load-airplane p1 a0 l1-0)
4.136: (load-airplane p1 a0 l1-0)
4.136: (drive-truck t0 l0-1 l0-0 c0)
4.138: (drive-truck t2 l2-1 l2-0 c2)
4.138: (load-airplane p1 a0 l1-0)
4.152: (drive-truck t1 l1-0 l1-1 c1)
4.199: (load-airplane p1 a0 l1-0)
4.202: (fly-airplane a0 l0-0 l1-0)
4.202: (unload-truck p2 t1 l1-1)
4.275: (unload-truck p2 t1 l1-1)
4.275: (fly-airplane a0 l2-0 l1-0)
4.326: (drive-truck t1 l1-0 l1-1 c1)
4.326: (load-truck p4 t0 l0-0)
4.327: (drive-truck t2 l2-1 l2-0 c2)
4.327: (fly-airplane a0 l0-0 l1-0)
4.332: (drive-truck t1 l1-0 l1-1 c1)
4.332: (load-truck p4 t0 l0-0)
4.332: (fly-airplane a0 l0-0 l2-0)
4.333: (drive-truck t2 l2-1 l2-0 c2)
4.362: (load-truck p1 t1 l1-1)
4.362: (unload-truck p2 t1 l1-1)
4.603: (fly-airplane a0 l2-0 l0-0)
4.603: (load-truck p0 t2 l2-1)
4.605: (drive-truck t0 l0-1 l0-0 c0)
4.605: (load-truck p0 t2 l2-1)
4.607: (fly-airplane a0 l2-0 l1-0)
4.607: (load-truck p0 t2 l2-1)
4.613: (load-truck p4 t2 l2-0)
4.694: (fly-airplane a0 l2-0 l1-0)
4.694: (drive-truck t0 l0-1 l0-0 c0)
4.694: (drive-truck t2 l2-1 l2-0 c2)
4.707: (drive-truck t1 l1-0 l1-1 c1)
4.707: (fly-airplane a0 l2-0 l0-0)
4.707: (drive-truck t2 l2-1 l2-0 c2)
4.712: (drive-truck t1 l1-0 l1-1 c1)
4.712: (fly-airplane a0 l2-0 l0-0)
4.712: (drive-truck t0 l0-1 l0-0 c0)
4.712: (drive-truck t1 l1-0 l1-1 c1)
4.712: (drive-truck t0 l0-1 l0-0 c0)
4.712: (drive-truck t2 l2-1 l2-0 c2)
4.720: (fly-airplane a0 l2-0 l1-0)
4.720: (drive-truck t2 l2-1 l2-0 c2)
4.720: (drive-truck t1 l1-0 l1-1 c1)
4.721: (drive-truck t1 l1-0 l1-1 c1)
4.722: (drive-truck t0 l0-1 l0-0 c0)
4.722: (fly-airplane a0 l2-0 l1-0)
4.739: (fly-airplane a0 l2-0 l0-0)
4.739: (drive-truck t2 l2-1 l2-0 c2)
4.739: (drive-truck t0 l0-1 l0-0 c0)
4.779: (drive-truck t2 l2-1 l2-0 c2)
4.779: (drive-truck t1 l1-0 l1-1 c1)
4.779: (fly-airplane a0 l0-0 l2-0)
4.785: (fly-airplane a0 l2-0 l0-0)
4.785: (drive-truck t1 l1-0 l1-1 c1)
4.786: (drive-truck t1 l1-0 l1-1 c1)
4.786: (drive-truck t0 l0-1 l0-0 c0)
4.787: (drive-truck t2 l2-1 l2-0 c2)
4.787: (drive-truck t0 l0-1 l0-0 c0)
4.787: (fly-airplane a0 l0-0 l1-0)
4.787: (drive-truck t1 l1-0 l1-1 c1)
4.792: (fly-airplane a0 l2-0 l1-0)
4.792: (drive-truck t1 l1-0 l1-1 c1)
4.794: (drive-truck t1 l1-0 l1-1 c1)
4.794: (fly-airplane a0 l0-0 l2-0)
4.794: (drive-truck t0 l0-1 l0-0 c0)
4.813: (fly-airplane a0 l2-0 l1-0)
4.813: (drive-truck t0 l0-1 l0-0 c0)
4.813: (drive-truck t2 l2-1 l2-0 c2)
4.825: (unload-truck p2 t1 l1-1)
4.832: (unload-truck p2 t1 l1-1)
4.832: (fly-airplane a0 l0-0 l2-0)
4.843: (fly-airplane a0 l1-0 l2-0)
4.844: (fly-airplane a0 l1-0 l0-0)
4.847: (drive-truck t2 l2-1 l2-0 c2)
4.851: (drive-truck t0 l0-1 l0-0 c0)
4.855: (drive-truck t0 l0-1 l0-0 c0)
4.855: (load-truck p0 t2 l2-1)
4.855: (fly-airplane a0 l0-0 l2-0)
4.856: (load-truck p0 t2 l2-1)
4.856: (fly-airplane a0 l2-0 l1-0)
4.859: (load-truck p0 t2 l2-1)
4.859: (fly-airplane a0 l2-0 l0-0)
4.861: (load-truck p0 t2 l2-1)
4.862: (drive-truck t0 l0-1 l0-0 c0)
4.865: (drive-truck t0 l0-0 l0-1 c0)
4.865: (fly-airplane a0 l0-0 l1-0)
4.867: (drive-truck t0 l0-0 l0-1 c0)
4.867: (fly-airplane a0 l0-0 l2-0)
4.868: (drive-truck t0 l0-0 l0-1 c0)
4.868: (drive-truck t2 l2-1 l2-0 c2)
4.902: (drive-truck t0 l0-1 l0-0 c0)
4.902: (drive-truck t2 l2-1 l2-0 c2)
4.902: (drive-truck t1 l1-0 l1-1 c1)
4.935: (drive-truck t2 l2-1 l2-0 c2)
4.935: (fly-airplane a0 l2-0 l0-0)
4.935: (drive-truck t0 l0-1 l0-0 c0)
4.946: (unload-truck p2 t1 l1-1)
4.946: (drive-truck t2 l2-1 l2-0 c2)
4.948: (drive-truck t1 l1-1 l1-0 c1)
4.949: (drive-truck t0 l0-1 l0-0 c0)
4.949: (unload-truck p2 t1 l1-1)
4.955: (drive-truck t0 l0-1 l0-0 c0)
4.955: (unload-truck p1 t1 l1-0)
4.956: (fly-airplane a0 l2-0 l1-0)
4.970: (fly-airplane a0 l0-0 l1-0)
4.970: (drive-truck t2 l2-1 l2-0 c2)
4.970: (drive-truck t1 l1-0 l1-1 c1)
4.975: (drive-truck t0 l0-1 l0-0 c0)
4.975: (drive-truck t1 l1-0 l1-1 c1)
4.975: (fly-airplane a0 l0-0 l1-0)
4.985: (unload-truck p1 t1 l1-0)
4.985: (drive-truck t2 l2-1 l2-0 c2)
4.985: (fly-airplane a0 l2-0 l1-0)
4.987: (drive-truck t0 l0-1 l0-0 c0)
4.987: (fly-airplane a0 l2-0 l1-0)
4.987: (unload-truck p1 t1 l1-0)
4.988: (drive-truck t2 l2-1 l2-0 c2)
4.988: (unload-truck p1 t1 l1-0)
4.988: (fly-airplane a0 l2-0 l0-0)
4.990: (drive-truck t0 l0-1 l0-0 c0)
4.990: (drive-truck t2 l2-1 l2-0 c2)
4.990: (fly-airplane a0 l2-0 l0-0)
4.990: (drive-truck t0 l0-1 l0-0 c0)
4.990: (unload-truck p1 t1 l1-0)
2.842: (load-truck p1 t1 l1-1)
2.842: (drive-truck t2 l2-1 l2-0 c2)
2.842: (fly-airplane a0 l2-0 l1-0)
2.842: (drive-truck t1 l1-0 l1-1 c1)
2.843: (load-truck p1 t1 l1-1)
2.843: (fly-airplane a0 l2-0 l1-0)
2.843: (drive-truck t0 l0-1 l0-0 c0)
2.843: (drive-truck t1 l1-0 l1-1 c1)
2.843: (unload-truck p3 t2 l2-1)
2.845: (drive-truck t1 l1-0 l1-1 c1)
2.845: (drive-truck t2 l2-1 l2-0 c2)
2.845: (fly-airplane a0 l2-0 l0-0)
2.845: (load-truck p1 t1 l1-1)
2.847: (load-truck p1 t1 l1-1)
2.848: (drive-truck t1 l1-0 l1-1 c1)
2.848: (fly-airplane a0 l2-0 l0-0)
2.848: (drive-truck t0 l0-1 l0-0 c0)
2.848: (unload-truck p3 t2 l2-1)
2.849: (drive-truck t1 l1-0 l1-1 c1)
2.849: (drive-truck t0 l0-1 l0-0 c0)
2.849: (drive-truck t2 l2-1 l2-0 c2)
2.849: (unload-airplane p4 a0 l2-0)
2.849: (load-truck p1 t1 l1-1)
2.980: (load-airplane p1 a0 l1-0)
2.980: (unload-truck p2 t1 l1-1)
2.996: (load-airplane p1 a0 l1-0)
2.996: (load-truck p2 t1 l1-0)
2.996: (unload-truck p3 t2 l2-1)
3.011: (drive-truck t1 l1-0 l1-1 c1)
3.011: (fly-airplane a0 l1-0 l2-0)
3.017: (fly-airplane a0 l1-0 l0-0)
3.017: (drive-truck t1 l1-0 l1-1 c1)
3.591: (drive-truck t0 l0-1 l0-0 c0)
3.591: (fly-airplane a0 l2-0 l0-0)
3.591: (drive-truck t2 l2-1 l2-0 c2)
3.591: (load-truck p2 t1 l1-0)
3.592: (fly-airplane a0 l2-0 l1-0)
3.592: (drive-truck t0 l0-1 l0-0 c0)
3.592: (drive-truck t2 l2-1 l2-0 c2)
3.592: (load-truck p2 t1 l1-0)
3.653: (unload-airplane p4 a0 l2-0)
3.725: (unload-airplane p1 a0 l0-0)
3.770: (drive-truck t2 l2-1 l2-0 c2)
3.770: (drive-truck t1 l1-0 l1-1 c1)
3.770: (unload-airplane p4 a0 l2-0)
3.771: (unload-truck p3 t2 l2-1)
3.771: (drive-truck t1 l1-0 l1-1 c1)
3.771: (fly-airplane a0 l2-0 l0-0)
3.774: (unload-airplane p4 a0 l2-0)
3.774: (drive-truck t1 l1-0 l1-1 c1)
3.775: (unload-truck p3 t2 l2-1)
3.775: (drive-truck t0 l0-1 l0-0 c0)
3.778: (unload-truck p3 t2 l2-1)
3.778: (fly-airplane a0 l2-0 l1-0)
3.778: (drive-truck t1 l1-0 l1-1 c1)
3.795: (drive-truck t1 l1-0 l1-1 c1)
3.795: (load-airplane p1 a0 l1-0)
3.815: (unload-airplane p4 a0 l2-0)
3.815: (unload-truck p3 t2 l2-1)
3.815: (unload-truck p2 t1 l1-1)
3.856: (drive-truck t1 l1-0 l1-1 c1)
3.856: (unload-truck p3 t2 l2-1)
3.856: (load-truck p0 t2 l2-1)
3.856: (fly-airplane a0 l2-0 l1-0)
3.859: (drive-truck t1 l1-0 l1-1 c1)
3.859: (fly-airplane a0 l2-0 l0-0)
3.859: (unload-truck p3 t2 l2-1)
3.859: (load-truck p0 t2 l2-1)
3.861: (load-truck p0 t2 l2-1)
3.861: (drive-truck t0 l0-1 l0-0 c0)
3.861: (unload-truck p3 t2 l2-1)
3.861: (unload-airplane p4 a0 l2-0)
3.861: (drive-truck t1 l1-0 l1-1 c1)
3.869: (fly-airplane a0 l1-0 l0-0)
3.869: (drive-truck t1 l1-0 l1-1 c1)
3.869: (load-truck p4 t2 l2-0)
3.875: (fly-airplane a0 l2-0 l1-0)
3.875: (unload-truck p2 t1 l1-1)
3.891: (fly-airplane a0 l1-0 l0-0)
3.933: (drive-truck t1 l1-0 l1-1 c1)
3.933: (drive-truck t2 l2-1 l2-0 c2)
3.933: (load-airplane p1 a0 l1-0)
3.933: (drive-truck t1 l1-0 l1-1 c1)
3.933: (drive-truck t0 l0-1 l0-0 c0)
3.933: (load-airplane p1 a0 l1-0)
3.939: (load-truck p2 t1 l1-0)
3.939: (fly-airplane a0 l2-0 l1-0)
3.939: (drive-truck t2 l2-1 l2-0 c2)
3.939: (unload-truck p1 t1 l1-0)
3.941: (fly-airplane a0 l2-0 l1-0)
3.941: (drive-truck t0 l0-1 l0-0 c0)
3.941: (unload-truck p1 t1 l1-0)
3.942: (unload-truck p3 t2 l2-1)
3.942: (load-truck p2 t1 l1-0)
3.984: (drive-truck t1 l1-0 l1-1 c1)
3.988: (fly-airplane a0 l1-0 l2-0)
3.988: (drive-truck t2 l2-1 l2-0 c2)
3.992: (load-truck p2 t1 l1-0)
3.992: (fly-airplane a0 l2-0 l0-0)
3.992: (drive-truck t2 l2-1 l2-0 c2)
3.992: (unload-truck p1 t1 l1-0)
3.993: (fly-airplane a0 l1-0 l0-0)
3.993: (drive-truck t0 l0-1 l0-0 c0)
3.993: (load-truck p2 t1 l1-0)
3.993: (unload-truck p1 t1 l1-0)
3.993: (drive-truck t0 l0-1 l0-0 c0)
3.993: (drive-truck t2 l2-1 l2-0 c2)
3.993: (drive-truck t0 l0-1 l0-0 c0)
3.993: (unload-truck p1 t1 l1-0)
3.993: (fly-airplane a0 l2-0 l0-0)
3.994: (load-truck p2 t1 l1-0)
3.997: (fly-airplane a0 l1-0 l2-0)
3.997: (drive-truck t0 l0-1 l0-0 c0)
4.001: (fly-airplane a0 l1-0 l0-0)
4.001: (drive-truck t2 l2-1 l2-0 c2)
4.011: (load-airplane p1 a0 l1-0)
4.011: (drive-truck t0 l0-1 l0-0 c0)
4.023: (load-airplane p1 a0 l1-0)
4.023: (load-airplane p1 a0 l1-0)
4.023: (drive-truck t0 l0-1 l0-0 c0)
4.024: (drive-truck t2 l2-1 l2-0 c2)
4.071: (fly-airplane a0 l1-0 l2-0)
4.125: (fly-airplane a0 l2-0 l1-0)
4.125: (unload-truck p2 t1 l1-1)
4.125: (load-truck p1 t1 l1-1)
4.142: (drive-truck t0 l0-1 l0-0 c0)
4.142: (drive-truck t2 l2-1 l2-0 c2)
4.148: (drive-truck t1 l1-1 l1-0 c1)
4.148: (fly-airplane a0 l0-0 l1-0)
4.149: (drive-truck t2 l2-1 l2-0 c2)
4.149: (drive-truck t1 l1-0 l1-1 c1)
4.152: (drive-truck t0 l0-1 l0-0 c0)
4.153: (drive-truck t1 l1-0 l1-1 c1)
4.156: (drive-truck t1 l1-0 l1-1 c1)
4.157: (fly-airplane a0 l1-0 l2-0)
4.157: (fly-airplane a0 l1-0 l0-0)
4.158: (drive-truck t1 l1-0 l1-1 c1)
4.170: (fly-airplane a0 l1-0 l0-0)
4.179: (drive-truck t2 l2-1 l2-0 c2)
4.199: (fly-airplane a0 l0-0 l1-0)
4.199: (unload-truck p2 t1 l1-1)
4.199: (drive-truck t2 l2-1 l2-0 c2)
4.205: (fly-airplane a0 l0-0 l1-0)
4.205: (unload-truck p2 t1 l1-1)
4.205: (drive-truck t0 l0-1 l0-0 c0)
4.271: (unload-truck p2 t1 l1-1)
4.271: (drive-truck t0 l0-1 l0-0 c0)
4.284: (drive-truck t2 l2-1 l2-0 c2)
4.284: (unload-truck p2 t1 l1-1)
4.357: (fly-airplane a0 l2-0 l0-0)
4.357: (unload-truck p2 t1 l1-1)
4.361: (unload-truck p2 t1 l1-1)
4.361: (drive-truck t2 l2-1 l2-0 c2)
4.361: (drive-truck t0 l0-1 l0-0 c0)
4.361: (unload-truck p2 t1 l1-1)
4.606: (load-truck p0 t2 l2-1)
4.606: (drive-truck t0 l0-1 l0-0 c0)
4.606: (fly-airplane a0 l2-0 l0-0)
4.608: (fly-airplane a0 l2-0 l1-0)
4.608: (drive-truck t0 l0-1 l0-0 c0)
4.608: (load-truck p0 t2 l2-1)
4.609: (load-truck p4 t2 l2-0)
4.609: (fly-airplane a0 l2-0 l0-0)
4.612: (fly-airplane a0 l2-0 l1-0)
4.612: (load-truck p4 t2 l2-0)
4.614: (load-truck p4 t2 l2-0)
4.615: (drive-truck t0 l0-1 l0-0 c0)
4.658: (fly-airplane a0 l1-0 l2-0)
4.712: (drive-truck t0 l0-1 l0-0 c0)
4.712: (drive-truck t2 l2-1 l2-0 c2)
4.712: (fly-airplane a0 l2-0 l0-0)
4.712: (drive-truck t1 l1-0 l1-1 c1)
4.722: (drive-truck t0 l0-1 l0-0 c0)
4.722: (drive-truck t2 l2-1 l2-0 c2)
4.722: (fly-airplane a0 l2-0 l1-0)
4.722: (drive-truck t1 l1-0 l1-1 c1)
4.728: (drive-truck t1 l1-1 l1-0 c1)
4.782: (fly-airplane a0 l0-0 l2-0)
4.782: (load-truck p0 t2 l2-1)
4.783: (drive-truck t2 l2-1 l2-0 c2)
4.783: (drive-truck t0 l0-1 l0-0 c0)
4.787: (drive-truck t0 l0-1 l0-0 c0)
4.787: (fly-airplane a0 l2-0 l0-0)
4.792: (drive-truck t1 l1-1 l1-0 c1)
4.794: (fly-airplane a0 l1-0 l2-0)
4.796: (drive-truck t0 l0-1 l0-0 c0)
4.796: (fly-airplane a0 l2-0 l1-0)
4.796: (drive-truck t1 l1-0 l1-1 c1)
4.820: (fly-airplane a0 l0-0 l2-0)
4.820: (unload-truck p2 t1 l1-1)
4.820: (drive-truck t2 l2-1 l2-0 c2)
4.825: (drive-truck t1 l1-1 l1-0 c1)
4.826: (drive-truck t0 l0-1 l0-0 c0)
4.826: (unload-truck p2 t1 l1-1)
4.827: (unload-truck p2 t1 l1-1)
4.827: (fly-airplane a0 l2-0 l0-0)
4.832: (drive-truck t1 l1-1 l1-0 c1)
4.832: (fly-airplane a0 l0-0 l2-0)
4.833: (unload-truck p2 t1 l1-1)
4.833: (drive-truck t0 l0-1 l0-0 c0)
2.019: (fly-airplane a0 l1-0 l2-0)
2.019: (unload-truck p2 t1 l1-1)
2.024: (fly-airplane a0 l1-0 l0-0)
2.024: (unload-truck p2 t1 l1-1)
2.669: (drive-truck t1 l1-0 l1-1 c1)
2.669: (unload-airplane p4 a0 l2-0)
2.741: (drive-truck t1 l1-0 l1-1 c1)
2.741: (unload-airplane p1 a0 l0-0)
2.781: (unload-truck p3 t2 l2-1)
2.781: (load-airplane p1 a0 l1-0)
2.781: (drive-truck t1 l1-0 l1-1 c1)
2.843: (load-truck p1 t1 l1-1)
2.844: (drive-truck t1 l1-0 l1-1 c1)
2.844: (drive-truck t0 l0-1 l0-0 c0)
2.844: (drive-truck t2 l2-1 l2-0 c2)
2.844: (fly-airplane a0 l2-0 l1-0)
2.846: (unload-truck p2 t1 l1-1)
2.846: (load-airplane p1 a0 l1-0)
2.848: (load-truck p1 t1 l1-1)
2.848: (drive-truck t2 l2-1 l2-0 c2)
2.848: (drive-truck t0 l0-1 l0-0 c0)
2.848: (fly-airplane a0 l2-0 l0-0)
2.848: (drive-truck t1 l1-0 l1-1 c1)
2.861: (unload-truck p2 t1 l1-1)
2.862: (fly-airplane a0 l2-0 l1-0)
2.862: (unload-truck p3 t2 l2-1)
2.872: (unload-airplane p1 a0 l0-0)
2.878: (fly-airplane a0 l1-0 l0-0)
2.878: (load-truck p2 t1 l1-0)
2.878: (unload-truck p3 t2 l2-1)
2.878: (fly-airplane a0 l2-0 l0-0)
2.891: (fly-airplane a0 l1-0 l0-0)
2.891: (drive-truck t1 l1-0 l1-1 c1)
2.894: (unload-airplane p1 a0 l0-0)
2.897: (fly-airplane a0 l0-0 l2-0)
2.969: (drive-truck t1 l1-1 l1-0 c1)
2.969: (load-airplane p1 a0 l1-0)
2.981: (load-airplane p1 a0 l1-0)
2.981: (unload-truck p2 t1 l1-1)
2.981: (drive-truck t2 l2-1 l2-0 c2)
2.982: (unload-truck p2 t1 l1-1)
2.982: (drive-truck t0 l0-1 l0-0 c0)
2.982: (load-airplane p1 a0 l1-0)
2.996: (load-truck p2 t1 l1-0)
2.996: (unload-truck p3 t2 l2-1)
2.996: (drive-truck t0 l0-1 l0-0 c0)
2.996: (load-airplane p1 a0 l1-0)
2.997: (load-truck p2 t1 l1-0)
2.997: (load-airplane p1 a0 l1-0)
2.997: (drive-truck t2 l2-1 l2-0 c2)
3.000: (fly-airplane a0 l1-0 l2-0)
3.001: (drive-truck t2 l2-1 l2-0 c2)
3.001: (drive-truck t1 l1-0 l1-1 c1)
3.004: (drive-truck t1 l1-0 l1-1 c1)
3.004: (drive-truck t0 l0-1 l0-0 c0)
3.004: (fly-airplane a0 l1-0 l0-0)
3.012: (drive-truck t1 l1-0 l1-1 c1)
3.012: (fly-airplane a0 l1-0 l2-0)
3.012: (drive-truck t0 l0-1 l0-0 c0)
3.017: (drive-truck t1 l1-0 l1-1 c1)
3.017: (drive-truck t2 l2-1 l2-0 c2)
3.017: (fly-airplane a0 l1-0 l0-0)
3.022: (fly-airplane a0 l0-0 l1-0)
3.033: (unload-truck p2 t1 l1-1)
3.083: (fly-airplane a0 l1-0 l2-0)
3.083: (drive-truck t1 l1-0 l1-1 c1)
3.188: (fly-airplane a0 l1-0 l0-0)
3.188: (drive-truck t1 l1-0 l1-1 c1)
3.653: (drive-truck t0 l0-1 l0-0 c0)
3.653: (unload-airplane p4 a0 l2-0)
3.682: (drive-truck t2 l2-1 l2-0 c2)
3.683: (unload-airplane p4 a0 l2-0)
3.725: (drive-truck t2 l2-1 l2-0 c2)
3.725: (unload-airplane p1 a0 l0-0)
3.771: (drive-truck t2 l2-1 l2-0 c2)
3.771: (fly-airplane a0 l2-0 l0-0)
3.771: (drive-truck t1 l1-0 l1-1 c1)
3.773: (unload-airplane p4 a0 l2-0)
3.773: (drive-truck t2 l2-1 l2-0 c2)
3.773: (drive-truck t0 l0-1 l0-0 c0)
3.773: (drive-truck t1 l1-0 l1-1 c1)
3.773: (drive-truck t1 l1-0 l1-1 c1)
3.773: (fly-airplane a0 l2-0 l0-0)
3.773: (drive-truck t0 l0-1 l0-0 c0)
3.774: (unload-truck p3 t2 l2-1)
3.777: (drive-truck t0 l0-1 l0-0 c0)
3.777: (unload-airplane p1 a0 l0-0)
3.778: (drive-truck t2 l2-1 l2-0 c2)
3.779: (drive-truck t1 l1-0 l1-1 c1)
3.779: (fly-airplane a0 l2-0 l1-0)
3.781: (fly-airplane a0 l2-0 l1-0)
3.781: (drive-truck t0 l0-1 l0-0 c0)
3.781: (drive-truck t1 l1-0 l1-1 c1)
3.782: (unload-truck p3 t2 l2-1)
3.795: (drive-truck t1 l1-0 l1-1 c1)
3.796: (load-airplane p1 a0 l1-0)
3.796: (drive-truck t0 l0-1 l0-0 c0)
3.811: (fly-airplane a0 l1-0 l2-0)
3.811: (drive-truck t1 l1-0 l1-1 c1)
3.814: (unload-truck p2 t1 l1-1)
3.814: (fly-airplane a0 l2-0 l0-0)
3.814: (unload-truck p3 t2 l2-1)
3.814: (unload-truck p1 t1 l1-0)
3.814: (unload-truck p3 t2 l2-1)
3.814: (unload-airplane p4 a0 l2-0)
3.815: (drive-truck t1 l1-1 l1-0 c1)
3.816: (unload-airplane p4 a0 l2-0)
3.816: (unload-truck p2 t1 l1-1)
3.816: (unload-airplane p4 a0 l2-0)
3.816: (unload-truck p3 t2 l2-1)
3.816: (drive-truck t2 l2-1 l2-0 c2)
3.816: (drive-truck t0 l0-1 l0-0 c0)
3.816: (unload-truck p2 t1 l1-1)
3.820: (drive-truck t1 l1-1 l1-0 c1)
3.821: (fly-airplane a0 l2-0 l1-0)
3.855: (fly-airplane a0 l1-0 l0-0)
3.855: (drive-truck t0 l0-1 l0-0 c0)
3.857: (drive-truck t0 l0-1 l0-0 c0)
3.857: (fly-airplane a0 l2-0 l1-0)
3.857: (load-truck p0 t2 l2-1)
3.857: (drive-truck t1 l1-0 l1-1 c1)
3.861: (fly-airplane a0 l2-0 l1-0)
3.861: (load-truck p4 t2 l2-0)
3.862: (drive-truck t1 l1-0 l1-1 c1)
3.862: (drive-truck t1 l1-0 l1-1 c1)
3.862: (drive-truck t0 l0-1 l0-0 c0)
3.862: (load-truck p0 t2 l2-1)
3.862: (fly-airplane a0 l2-0 l0-0)
3.864: (fly-airplane a0 l2-0 l0-0)
3.864: (load-truck p4 t2 l2-0)
3.864: (drive-truck t1 l1-0 l1-1 c1)
3.867: (drive-truck t1 l1-1 l1-0 c1)
3.867: (fly-airplane a0 l2-0 l1-0)
3.870: (drive-truck t1 l1-0 l1-1 c1)
3.870: (load-truck p4 t2 l2-0)
3.870: (drive-truck t0 l0-1 l0-0 c0)
3.871: (drive-truck t2 l2-1 l2-0 c2)
3.871: (fly-airplane a0 l1-0 l0-0)
3.877: (unload-truck p2 t1 l1-1)
3.877: (fly-airplane a0 l2-0 l1-0)
3.877: (drive-truck t0 l0-1 l0-0 c0)
3.877: (fly-airplane a0 l1-0 l0-0)
3.877: (drive-truck t0 l0-1 l0-0 c0)
3.933: (drive-truck t1 l1-0 l1-1 c1)
3.933: (drive-truck t2 l2-1 l2-0 c2)
3.933: (drive-truck t0 l0-1 l0-0 c0)
3.941: (unload-truck p1 t1 l1-0)
3.941: (drive-truck t0 l0-1 l0-0 c0)
3.941: (drive-truck t2 l2-1 l2-0 c2)
3.941: (fly-airplane a0 l2-0 l1-0)
3.945: (drive-truck t2 l2-1 l2-0 c2)
3.945: (fly-airplane a0 l1-0 l2-0)
3.963: (drive-truck t2 l2-1 l2-0 c2)
3.964: (drive-truck t1 l1-0 l1-1 c1)
3.972: (load-truck p0 t2 l2-1)
3.972: (load-truck p3 t2 l2-1)
3.985: (fly-airplane a0 l1-0 l2-0)
3.985: (drive-truck t2 l2-1 l2-0 c2)
3.985: (drive-truck t0 l0-1 l0-0 c0)
3.988: (drive-truck t2 l2-1 l2-0 c2)
3.988: (fly-airplane a0 l1-0 l0-0)
3.988: (drive-truck t0 l0-1 l0-0 c0)
3.995: (drive-truck t0 l0-1 l0-0 c0)
3.995: (fly-airplane a0 l2-0 l0-0)
3.995: (unload-truck p1 t1 l1-0)
3.995: (drive-truck t2 l2-1 l2-0 c2)
3.998: (load-truck p3 t2 l2-1)
3.998: (load-truck p0 t2 l2-1)
4.007: (load-truck p3 t2 l2-1)
4.007: (load-truck p0 t2 l2-1)
4.011: (load-truck p0 t2 l2-1)
4.024: (drive-truck t0 l0-1 l0-0 c0)
4.024: (drive-truck t2 l2-1 l2-0 c2)
4.124: (load-truck p1 t1 l1-1)
4.124: (fly-airplane a0 l2-0 l1-0)
4.124: (drive-truck t0 l0-1 l0-0 c0)
4.124: (unload-truck p2 t1 l1-1)
4.127: (unload-truck p2 t1 l1-1)
4.127: (drive-truck t2 l2-1 l2-0 c2)
4.127: (load-truck p1 t1 l1-1)
4.127: (fly-airplane a0 l2-0 l1-0)
4.147: (drive-truck t2 l2-1 l2-0 c2)
4.147: (drive-truck t1 l1-1 l1-0 c1)
4.150: (drive-truck t2 l2-1 l2-0 c2)
4.150: (fly-airplane a0 l1-0 l0-0)
4.150: (drive-truck t2 l2-1 l2-0 c2)
4.150: (drive-truck t0 l0-1 l0-0 c0)
4.152: (drive-truck t1 l1-1 l1-0 c1)
4.152: (drive-truck t0 l0-1 l0-0 c0)
4.154: (fly-airplane a0 l1-0 l0-0)
4.154: (drive-truck t2 l2-1 l2-0 c2)
4.155: (fly-airplane a0 l1-0 l2-0)
4.155: (drive-truck t2 l2-1 l2-0 c2)
4.156: (drive-truck t0 l0-1 l0-0 c0)
4.156: (fly-airplane a0 l1-0 l2-0)
4.157: (drive-truck t0 l0-1 l0-0 c0)
4.157: (fly-airplane a0 l1-0 l0-0)
4.203: (drive-truck t0 l0-1 l0-0 c0)
4.203: (drive-truck t2 l2-1 l2-0 c2)
4.209: (unload-airplane p4 a0 l1-0)
1.678: (unload-truck p2 t1 l1-1)
1.678: (unload-airplane p4 a0 l2-0)
1.749: (unload-truck p2 t1 l1-1)
1.749: (unload-airplane p1 a0 l0-0)
1.836: (unload-truck p3 t2 l2-1)
1.836: (unload-truck p2 t1 l1-1)
1.836: (load-airplane p1 a0 l1-0)
1.877: (fly-airplane a0 l1-0 l0-0)
1.877: (fly-airplane a0 l2-0 l0-0)
1.877: (unload-truck p3 t2 l2-1)
1.877: (drive-truck t1 l1-0 l1-1 c1)
1.881: (unload-airplane p4 a0 l2-0)
1.881: (unload-airplane p1 a0 l0-0)
1.881: (unload-truck p3 t2 l2-1)
1.881: (load-truck p2 t1 l1-0)
1.891: (unload-airplane p1 a0 l0-0)
1.891: (drive-truck t1 l1-0 l1-1 c1)
1.896: (drive-truck t1 l1-0 l1-1 c1)
1.896: (fly-airplane a0 l0-0 l2-0)
1.909: (fly-airplane a0 l1-0 l0-0)
1.909: (unload-truck p2 t1 l1-1)
2.008: (drive-truck t2 l2-1 l2-0 c2)
2.008: (fly-airplane a0 l1-0 l2-0)
2.008: (unload-truck p2 t1 l1-1)
2.012: (drive-truck t0 l0-1 l0-0 c0)
2.012: (fly-airplane a0 l1-0 l0-0)
2.012: (unload-truck p2 t1 l1-1)
2.017: (drive-truck t0 l0-1 l0-0 c0)
2.017: (unload-truck p2 t1 l1-1)
2.017: (fly-airplane a0 l1-0 l2-0)
2.022: (fly-airplane a0 l1-0 l0-0)
2.022: (drive-truck t2 l2-1 l2-0 c2)
2.022: (unload-truck p2 t1 l1-1)
2.022: (fly-airplane a0 l1-0 l2-0)
2.022: (drive-truck t1 l1-1 l1-0 c1)
2.027: (drive-truck t1 l1-1 l1-0 c1)
2.027: (fly-airplane a0 l1-0 l0-0)
2.090: (fly-airplane a0 l1-0 l2-0)
2.090: (unload-truck p2 t1 l1-1)
2.193: (unload-truck p2 t1 l1-1)
2.193: (fly-airplane a0 l1-0 l0-0)
2.669: (unload-airplane p4 a0 l2-0)
2.669: (drive-truck t1 l1-0 l1-1 c1)
2.669: (drive-truck t0 l0-1 l0-0 c0)
2.693: (drive-truck t1 l1-0 l1-1 c1)
2.693: (unload-airplane p4 a0 l2-0)
2.693: (drive-truck t2 l2-1 l2-0 c2)
2.740: (drive-truck t1 l1-0 l1-1 c1)
2.740: (unload-airplane p1 a0 l0-0)
2.740: (drive-truck t2 l2-1 l2-0 c2)
2.781: (unload-truck p3 t2 l2-1)
2.781: (load-airplane p1 a0 l1-0)
2.782: (drive-truck t1 l1-0 l1-1 c1)
2.782: (drive-truck t1 l1-0 l1-1 c1)
2.782: (drive-truck t0 l0-1 l0-0 c0)
2.782: (drive-truck t2 l2-1 l2-0 c2)
2.782: (load-airplane p1 a0 l1-0)
2.789: (unload-airplane p1 a0 l0-0)
2.789: (drive-truck t0 l0-1 l0-0 c0)
2.790: (drive-truck t1 l1-0 l1-1 c1)
2.806: (drive-truck t1 l1-0 l1-1 c1)
2.806: (fly-airplane a0 l0-0 l1-0)
2.816: (unload-truck p2 t1 l1-1)
2.816: (fly-airplane a0 l1-0 l2-0)
2.835: (load-airplane p1 a0 l1-0)
2.835: (drive-truck t1 l1-1 l1-0 c1)
2.847: (unload-truck p2 t1 l1-1)
2.847: (load-airplane p1 a0 l1-0)
2.847: (drive-truck t0 l0-1 l0-0 c0)
2.853: (unload-truck p1 t1 l1-0)
2.853: (unload-truck p3 t2 l2-1)
2.853: (fly-airplane a0 l2-0 l1-0)
2.853: (drive-truck t1 l1-1 l1-0 c1)
2.863: (unload-truck p3 t2 l2-1)
2.863: (fly-airplane a0 l2-0 l1-0)
2.863: (unload-truck p2 t1 l1-1)
2.863: (drive-truck t0 l0-1 l0-0 c0)
2.863: (fly-airplane a0 l2-0 l1-0)
2.863: (drive-truck t2 l2-1 l2-0 c2)
2.863: (unload-truck p2 t1 l1-1)
2.864: (unload-truck p3 t2 l2-1)
2.864: (load-truck p2 t1 l1-0)
2.865: (fly-airplane a0 l1-0 l0-0)
2.865: (fly-airplane a0 l2-0 l0-0)
2.865: (drive-truck t0 l0-1 l0-0 c0)
2.866: (unload-airplane p1 a0 l0-0)
2.866: (drive-truck t0 l0-1 l0-0 c0)
2.872: (fly-airplane a0 l0-0 l2-0)
2.872: (fly-airplane a0 l0-0 l1-0)
2.874: (drive-truck t2 l2-1 l2-0 c2)
2.874: (unload-airplane p1 a0 l0-0)
2.877: (fly-airplane a0 l1-0 l0-0)
2.877: (drive-truck t1 l1-0 l1-1 c1)
2.877: (drive-truck t0 l0-1 l0-0 c0)
2.880: (fly-airplane a0 l1-0 l0-0)
2.880: (fly-airplane a0 l2-0 l0-0)
2.880: (load-truck p2 t1 l1-0)
2.880: (drive-truck t2 l2-1 l2-0 c2)
2.885: (fly-airplane a0 l0-0 l2-0)
2.885: (drive-truck t2 l2-1 l2-0 c2)
2.888: (unload-airplane p1 a0 l0-0)
2.888: (drive-truck t0 l0-1 l0-0 c0)
2.888: (fly-airplane a0 l0-0 l1-0)
2.890: (fly-airplane a0 l0-0 l2-0)
2.894: (fly-airplane a0 l0-0 l2-0)
2.894: (drive-truck t0 l0-1 l0-0 c0)
2.960: (drive-truck t2 l2-1 l2-0 c2)
2.960: (drive-truck t1 l1-0 l1-1 c1)
2.960: (fly-airplane a0 l1-0 l2-0)
2.970: (drive-truck t1 l1-1 l1-0 c1)
2.970: (drive-truck t2 l2-1 l2-0 c2)
2.970: (load-airplane p1 a0 l1-0)
2.971: (load-airplane p1 a0 l1-0)
2.971: (drive-truck t1 l1-1 l1-0 c1)
2.971: (drive-truck t0 l0-1 l0-0 c0)
2.982: (unload-truck p2 t1 l1-1)
2.982: (drive-truck t0 l0-1 l0-0 c0)
2.982: (drive-truck t2 l2-1 l2-0 c2)
2.982: (load-airplane p1 a0 l1-0)
2.996: (load-truck p2 t1 l1-0)
2.996: (load-airplane p1 a0 l1-0)
2.996: (drive-truck t0 l0-1 l0-0 c0)
2.996: (drive-truck t2 l2-1 l2-0 c2)
3.001: (drive-truck t2 l2-1 l2-0 c2)
3.001: (fly-airplane a0 l1-0 l2-0)
3.001: (drive-truck t1 l1-0 l1-1 c1)
3.001: (drive-truck t0 l0-1 l0-0 c0)
3.003: (unload-truck p2 t1 l1-1)
3.003: (fly-airplane a0 l1-0 l2-0)
3.003: (fly-airplane a0 l1-0 l2-0)
3.003: (load-truck p0 t2 l2-1)
3.003: (load-truck p3 t2 l2-1)
3.004: (unload-truck p2 t1 l1-1)
3.004: (drive-truck t0 l0-1 l0-0 c0)
3.004: (drive-truck t2 l2-1 l2-0 c2)
3.004: (drive-truck t1 l1-0 l1-1 c1)
3.004: (fly-airplane a0 l1-0 l0-0)
3.012: (fly-airplane a0 l1-0 l0-0)
3.012: (fly-airplane a0 l1-0 l0-0)
3.012: (load-truck p3 t2 l2-1)
3.012: (unload-truck p2 t1 l1-1)
3.012: (unload-truck p2 t1 l1-1)
3.012: (load-truck p0 t2 l2-1)
3.013: (drive-truck t2 l2-1 l2-0 c2)
3.013: (unload-truck p2 t1 l1-1)
3.020: (fly-airplane a0 l0-0 l1-0)
3.020: (drive-truck t0 l0-1 l0-0 c0)
3.021: (fly-airplane a0 l0-0 l1-0)
3.021: (drive-truck t2 l2-1 l2-0 c2)
3.021: (drive-truck t1 l1-1 l1-0 c1)
3.167: (drive-truck t1 l1-0 l1-1 c1)
3.168: (drive-truck t2 l2-1 l2-0 c2)
3.168: (fly-airplane a0 l1-0 l0-0)
3.679: (drive-truck t2 l2-1 l2-0 c2)
3.679: (drive-truck t0 l0-1 l0-0 c0)
3.679: (unload-airplane p4 a0 l2-0)
3.732: (unload-airplane p1 a0 l0-0)
3.732: (unload-airplane p1 a0 l0-0)
3.732: (load-truck p0 t2 l2-1)
3.732: (load-truck p3 t2 l2-1)
3.772: (drive-truck t0 l0-1 l0-0 c0)
3.773: (drive-truck t2 l2-1 l2-0 c2)
3.773: (unload-airplane p1 a0 l0-0)
3.774: (drive-truck t1 l1-0 l1-1 c1)
3.774: (drive-truck t2 l2-1 l2-0 c2)
3.774: (fly-airplane a0 l2-0 l0-0)
3.774: (drive-truck t0 l0-1 l0-0 c0)
3.782: (fly-airplane a0 l2-0 l1-0)
3.782: (drive-truck t1 l1-0 l1-1 c1)
3.782: (drive-truck t0 l0-1 l0-0 c0)
3.782: (drive-truck t2 l2-1 l2-0 c2)
3.795: (drive-truck t1 l1-0 l1-1 c1)
3.795: (load-truck p0 t2 l2-1)
3.811: (load-truck p0 t2 l2-1)
3.811: (drive-truck t0 l0-1 l0-0 c0)
3.811: (fly-airplane a0 l1-0 l2-0)
3.811: (unload-airplane p4 a0 l2-0)
3.813: (drive-truck t1 l1-1 l1-0 c1)
3.813: (fly-airplane a0 l2-0 l0-0)
3.815: (drive-truck t2 l2-1 l2-0 c2)
3.815: (drive-truck t1 l1-1 l1-0 c1)
3.816: (drive-truck t1 l1-1 l1-0 c1)
3.816: (drive-truck t0 l0-1 l0-0 c0)
3.816: (drive-truck t0 l0-1 l0-0 c0)
3.816: (fly-airplane a0 l2-0 l0-0)
3.816: (unload-truck p2 t1 l1-1)
3.816: (fly-airplane a0 l2-0 l0-0)
3.816: (drive-truck t2 l2-1 l2-0 c2)
3.816: (unload-truck p2 t1 l1-1)
3.816: (unload-truck p2 t1 l1-1)
3.816: (drive-truck t0 l0-1 l0-0 c0)
3.816: (drive-truck t2 l2-1 l2-0 c2)
3.819: (drive-truck t0 l0-1 l0-0 c0)
3.819: (drive-truck t1 l1-1 l1-0 c1)
3.822: (drive-truck t2 l2-1 l2-0 c2)
3.822: (drive-truck t1 l1-1 l1-0 c1)
3.844: (drive-truck t2 l2-1 l2-0 c2)
3.846: (load-truck p0 t2 l2-1)
3.855: (drive-truck t0 l0-0 l0-1 c0)
3.857: (fly-airplane a0 l1-0 l0-0)
0.878: (unload-airplane p4 a0 l2-0)
0.878: (drive-truck t1 l1-0 l1-1 c1)
0.879: (drive-truck t1 l1-0 l1-1 c1)
0.879: (unload-truck p3 t2 l2-1)
0.879: (unload-airplane p1 a0 l0-0)
0.896: (fly-airplane a0 l1-0 l0-0)
0.896: (unload-truck p2 t1 l1-1)
0.896: (unload-truck p3 t2 l2-1)
0.896: (fly-airplane a0 l2-0 l0-0)
0.913: (unload-truck p2 t1 l1-1)
0.913: (unload-airplane p1 a0 l0-0)
0.915: (unload-truck p2 t1 l1-1)
0.915: (fly-airplane a0 l0-0 l2-0)
1.678: (drive-truck t0 l0-1 l0-0 c0)
1.678: (unload-airplane p4 a0 l2-0)
1.678: (unload-truck p2 t1 l1-1)
1.681: (drive-truck t1 l1-1 l1-0 c1)
1.681: (unload-airplane p4 a0 l2-0)
1.706: (unload-airplane p4 a0 l2-0)
1.706: (unload-truck p2 t1 l1-1)
1.706: (drive-truck t2 l2-1 l2-0 c2)
1.748: (drive-truck t2 l2-1 l2-0 c2)
1.748: (unload-truck p2 t1 l1-1)
1.748: (unload-airplane p1 a0 l0-0)
1.753: (drive-truck t1 l1-1 l1-0 c1)
1.753: (unload-airplane p1 a0 l0-0)
1.800: (unload-truck p2 t1 l1-1)
1.800: (drive-truck t0 l0-1 l0-0 c0)
1.800: (unload-airplane p1 a0 l0-0)
1.825: (unload-truck p3 t2 l2-1)
1.825: (load-airplane p1 a0 l1-0)
1.825: (drive-truck t1 l1-1 l1-0 c1)
1.836: (unload-truck p2 t1 l1-1)
1.836: (load-airplane p1 a0 l1-0)
1.836: (drive-truck t2 l2-1 l2-0 c2)
1.837: (drive-truck t0 l0-1 l0-0 c0)
1.837: (unload-truck p3 t2 l2-1)
1.837: (unload-truck p2 t1 l1-1)
1.837: (load-airplane p1 a0 l1-0)
1.861: (unload-truck p2 t1 l1-1)
1.861: (fly-airplane a0 l0-0 l1-0)
1.863: (drive-truck t1 l1-0 l1-1 c1)
1.863: (fly-airplane a0 l1-0 l0-0)
1.863: (unload-truck p3 t2 l2-1)
1.864: (drive-truck t0 l0-1 l0-0 c0)
1.864: (fly-airplane a0 l2-0 l0-0)
1.875: (unload-truck p3 t2 l2-1)
1.875: (unload-airplane p1 a0 l0-0)
1.875: (load-truck p2 t1 l1-0)
1.875: (drive-truck t0 l0-1 l0-0 c0)
1.876: (unload-truck p3 t2 l2-1)
1.876: (fly-airplane a0 l0-0 l1-0)
1.876: (fly-airplane a0 l2-0 l1-0)
1.876: (load-truck p2 t1 l1-0)
1.877: (unload-airplane p4 a0 l2-0)
1.877: (drive-truck t0 l0-1 l0-0 c0)
1.878: (fly-airplane a0 l1-0 l0-0)
1.878: (drive-truck t2 l2-1 l2-0 c2)
1.878: (fly-airplane a0 l2-0 l0-0)
1.878: (drive-truck t1 l1-0 l1-1 c1)
1.881: (unload-airplane p4 a0 l2-0)
1.881: (drive-truck t2 l2-1 l2-0 c2)
1.883: (load-truck p2 t1 l1-0)
1.883: (drive-truck t2 l2-1 l2-0 c2)
1.883: (unload-airplane p1 a0 l0-0)
1.885: (drive-truck t1 l1-0 l1-1 c1)
1.885: (fly-airplane a0 l0-0 l2-0)
1.885: (drive-truck t2 l2-1 l2-0 c2)
1.886: (drive-truck t1 l1-0 l1-1 c1)
1.886: (fly-airplane a0 l0-0 l1-0)
1.887: (drive-truck t1 l1-0 l1-1 c1)
1.887: (unload-airplane p1 a0 l0-0)
1.887: (drive-truck t0 l0-1 l0-0 c0)
1.888: (drive-truck t1 l1-0 l1-1 c1)
1.888: (fly-airplane a0 l0-0 l2-0)
1.894: (drive-truck t1 l1-0 l1-1 c1)
1.894: (fly-airplane a0 l0-0 l2-0)
1.894: (drive-truck t0 l0-1 l0-0 c0)
1.896: (unload-truck p2 t1 l1-1)
1.896: (drive-truck t0 l0-1 l0-0 c0)
1.896: (fly-airplane a0 l1-0 l0-0)
1.912: (fly-airplane a0 l1-0 l0-0)
1.912: (drive-truck t1 l1-1 l1-0 c1)
1.965: (unload-truck p2 t1 l1-1)
1.965: (fly-airplane a0 l1-0 l2-0)
1.965: (drive-truck t2 l2-1 l2-0 c2)
2.006: (fly-airplane a0 l1-0 l2-0)
2.006: (unload-truck p2 t1 l1-1)
2.006: (drive-truck t2 l2-1 l2-0 c2)
2.006: (drive-truck t0 l0-1 l0-0 c0)
2.009: (fly-airplane a0 l1-0 l0-0)
2.009: (unload-truck p2 t1 l1-1)
2.009: (drive-truck t0 l0-1 l0-0 c0)
2.009: (drive-truck t2 l2-1 l2-0 c2)
2.011: (fly-airplane a0 l1-0 l2-0)
2.011: (drive-truck t1 l1-1 l1-0 c1)
2.011: (drive-truck t2 l2-1 l2-0 c2)
2.015: (fly-airplane a0 l1-0 l0-0)
2.015: (drive-truck t0 l0-1 l0-0 c0)
2.015: (drive-truck t1 l1-1 l1-0 c1)
2.021: (fly-airplane a0 l1-0 l2-0)
2.021: (drive-truck t1 l1-1 l1-0 c1)
2.021: (drive-truck t0 l0-1 l0-0 c0)
2.025: (fly-airplane a0 l1-0 l0-0)
2.026: (drive-truck t2 l2-1 l2-0 c2)
2.026: (drive-truck t1 l1-1 l1-0 c1)
2.093: (drive-truck t1 l1-1 l1-0 c1)
2.093: (fly-airplane a0 l1-0 l2-0)
2.173: (unload-truck p2 t1 l1-1)
2.173: (fly-airplane a0 l1-0 l0-0)
2.173: (drive-truck t2 l2-1 l2-0 c2)
2.197: (drive-truck t1 l1-1 l1-0 c1)
2.197: (fly-airplane a0 l1-0 l0-0)
2.693: (drive-truck t2 l2-1 l2-0 c2)
2.693: (unload-airplane p4 a0 l2-0)
2.693: (drive-truck t0 l0-1 l0-0 c0)
2.693: (drive-truck t1 l1-0 l1-1 c1)
2.743: (unload-truck p2 t1 l1-1)
2.743: (unload-truck p2 t1 l1-1)
2.743: (unload-airplane p1 a0 l0-0)
2.743: (unload-airplane p1 a0 l0-0)
2.743: (load-truck p3 t2 l2-1)
2.743: (load-truck p0 t2 l2-1)
2.782: (drive-truck t1 l1-0 l1-1 c1)
2.782: (drive-truck t2 l2-1 l2-0 c2)
2.782: (drive-truck t0 l0-1 l0-0 c0)
2.782: (load-airplane p1 a0 l1-0)
2.788: (drive-truck t0 l0-1 l0-0 c0)
2.788: (drive-truck t2 l2-1 l2-0 c2)
2.788: (unload-airplane p1 a0 l0-0)
2.788: (drive-truck t1 l1-0 l1-1 c1)
2.804: (drive-truck t1 l1-0 l1-1 c1)
2.804: (drive-truck t0 l0-1 l0-0 c0)
2.804: (fly-airplane a0 l0-0 l1-0)
2.806: (drive-truck t1 l1-0 l1-1 c1)
2.806: (fly-airplane a0 l0-0 l1-0)
2.806: (drive-truck t2 l2-1 l2-0 c2)
2.816: (unload-airplane p4 a0 l2-0)
2.816: (unload-truck p2 t1 l1-1)
2.816: (load-truck p0 t2 l2-1)
2.816: (unload-truck p2 t1 l1-1)
2.817: (fly-airplane a0 l1-0 l2-0)
2.817: (drive-truck t0 l0-1 l0-0 c0)
2.820: (fly-airplane a0 l1-0 l2-0)
2.820: (drive-truck t1 l1-1 l1-0 c1)
2.836: (drive-truck t1 l1-1 l1-0 c1)
2.836: (drive-truck t0 l0-1 l0-0 c0)
2.846: (load-truck p0 t2 l2-1)
2.846: (unload-truck p2 t1 l1-1)
2.846: (unload-truck p3 t2 l2-1)
2.854: (fly-airplane a0 l2-0 l1-0)
2.854: (unload-truck p1 t1 l1-0)
2.854: (drive-truck t1 l1-1 l1-0 c1)
2.854: (drive-truck t0 l0-1 l0-0 c0)
2.854: (drive-truck t1 l1-1 l1-0 c1)
2.854: (drive-truck t2 l2-1 l2-0 c2)
2.855: (fly-airplane a0 l2-0 l1-0)
2.855: (unload-truck p1 t1 l1-0)
2.864: (fly-airplane a0 l2-0 l1-0)
2.865: (drive-truck t0 l0-1 l0-0 c0)
2.865: (drive-truck t2 l2-1 l2-0 c2)
2.865: (unload-truck p2 t1 l1-1)
2.867: (fly-airplane a0 l2-0 l0-0)
2.867: (drive-truck t2 l2-1 l2-0 c2)
2.867: (load-truck p2 t1 l1-0)
2.867: (drive-truck t0 l0-1 l0-0 c0)
2.867: (fly-airplane a0 l1-0 l0-0)
2.868: (drive-truck t0 l0-1 l0-0 c0)
2.868: (fly-airplane a0 l0-0 l2-0)
2.868: (unload-airplane p1 a0 l0-0)
2.868: (drive-truck t0 l0-1 l0-0 c0)
2.868: (drive-truck t2 l2-1 l2-0 c2)
2.869: (fly-airplane a0 l0-0 l1-0)
2.869: (drive-truck t0 l0-1 l0-0 c0)
2.872: (fly-airplane a0 l0-0 l2-0)
2.872: (drive-truck t2 l2-1 l2-0 c2)
2.874: (fly-airplane a0 l0-0 l1-0)
2.874: (drive-truck t2 l2-1 l2-0 c2)
2.881: (fly-airplane a0 l0-0 l2-0)
2.881: (drive-truck t2 l2-1 l2-0 c2)
2.881: (drive-truck t0 l0-1 l0-0 c0)
2.882: (fly-airplane a0 l0-0 l2-0)
2.882: (fly-airplane a0 l0-0 l2-0)
2.882: (load-truck p0 t2 l2-1)
2.882: (load-truck p3 t2 l2-1)
2.885: (drive-truck t0 l0-1 l0-0 c0)
2.885: (fly-airplane a0 l0-0 l1-0)
2.887: (fly-airplane a0 l0-0 l2-0)
2.887: (drive-truck t0 l0-1 l0-0 c0)
2.890: (drive-truck t2 l2-1 l2-0 c2)
2.890: (load-truck p0 t2 l2-1)
2.891: (load-truck p0 t2 l2-1)
2.891: (fly-airplane a0 l2-0 l0-0)
2.891: (fly-airplane a0 l1-0 l0-0)
2.891: (load-truck p0 t2 l2-1)
2.894: (load-truck p0 t2 l2-1)
2.908: (load-truck p0 t2 l2-1)
2.909: (fly-airplane a0 l1-0 l0-0)
2.910: (drive-truck t2 l2-1 l2-0 c2)
2.910: (fly-airplane a0 l1-0 l0-0)
-0.100: (unload-truck p2 t1 l1-1)
[Final] Expanded: 1036, Generated: 13442
Found a solution of length 16!
   1: (load-truck p3 t2 l2-0)
   2: (load-truck p1 t1 l1-1)
   3: (drive-truck t1 l1-1 l1-0 c1)
   4: (load-airplane p4 a0 l0-0)
   5: (drive-truck t2 l2-0 l2-1 c2)
   6: (unload-truck p3 t2 l2-1)
   7: (fly-airplane a0 l0-0 l1-0)
   8: (load-truck p2 t1 l1-0)
   9: (unload-truck p1 t1 l1-0)
  10: (load-airplane p1 a0 l1-0)
  11: (fly-airplane a0 l1-0 l0-0)
  12: (unload-airplane p1 a0 l0-0)
  13: (fly-airplane a0 l0-0 l2-0)
  14: (drive-truck t1 l1-0 l1-1 c1)
  15: (unload-airplane p4 a0 l2-0)
  16: (unload-truck p2 t1 l1-1)
