Torch: 2.12.0+cu130
Using GPU:  NVIDIA L40S
[Bellman] lambda=0 -> baseline (no widening signal)
[Binc] OPTION6 binc_beta=2.0 signal=BELLMAN INCONSISTENCY (1-step min-W1 parent-vs-child) vs SIBLINGS (boosts exploration toward inconsistent children; prior untouched) [SHUFFLE CONTROL: signal-blind placement]
/u/ibrahim.eisawy/Neural-Guided-Search/venv/lib/python3.10/site-packages/pymimir_rgnn/model.py:162: UserWarning: index_reduce() is in beta and the API may change at any time. (Triggered internally at /pytorch/aten/src/ATen/native/cuda/Indexing.cu:1541.)
  exps_max.index_reduce_(0, output_indices, output_messages, reduce="amax", include_self=False)
  [sim 500] root visits=500, unique states=522, generated=521, iqn_calls=1232
  [sim 823] found goal path of length 137
[Final] Expanded: 694, Generated: 694
[Cost] IQN forward calls (Bellman signal): 1618
[Widen] nodes widened: 0, mean w: 0.0000
[Binc] child-edges modulated: 1315, mean mult: 1.1196 (1.0 = no change; >1 = boosted toward inconsistent)
[search done] simulations=823, unique states generated=694
Found a solution of length 137!
   1: (move f1-6f f2-6f)
   2: (move f2-6f f2-7f)
   3: (move f2-7f f2-8f)
   4: (move f2-8f f3-8f)
   5: (move f3-8f f4-8f)
   6: (move f4-8f f4-7f)
   7: (move f4-7f f5-7f)
   8: (move f5-7f f5-8f)
   9: (move f5-8f f6-8f)
  10: (move f6-8f f7-8f)
  11: (move f7-8f f7-7f)
  12: (move f7-7f f6-7f)
  13: (move f6-7f f6-6f)
  14: (move f6-6f f5-6f)
  15: (move f5-6f f4-6f)
  16: (move f4-6f f4-5f)
  17: (move f4-5f f5-5f)
  18: (move f5-5f f6-5f)
  19: (move f6-5f f7-5f)
  20: (move f7-5f f8-5f)
  21: (move f8-5f f8-6f)
  22: (move f8-6f f8-7f)
  23: (move f8-7f f8-8f)
  24: (putdown f8-8f key1-3)
  25: (move f8-8f f8-7f)
  26: (move f8-7f f8-6f)
  27: (move f8-6f f7-6f)
  28: (move f7-6f f7-5f)
  29: (move f7-5f f6-5f)
  30: (move f6-5f f6-4f)
  31: (move f6-4f f7-4f)
  32: (move f7-4f f7-3f)
  33: (move f7-3f f6-3f)
  34: (move f6-3f f6-2f)
  35: (move f6-2f f7-2f)
  36: (move f7-2f f7-1f)
  37: (move f7-1f f8-1f)
  38: (move f8-1f f8-2f)
  39: (move f8-2f f8-3f)
  40: (move f8-3f f8-4f)
  41: (move f8-4f f8-5f)
  42: (pickup f8-5f key0-0)
  43: (move f8-5f f7-5f)
  44: (move f7-5f f7-6f)
  45: (move f7-6f f8-6f)
  46: (move f8-6f f8-7f)
  47: (move f8-7f f8-8f)
  48: (move f8-8f f7-8f)
  49: (move f7-8f f7-7f)
  50: (move f7-7f f6-7f)
  51: (move f6-7f f6-8f)
  52: (move f6-8f f5-8f)
  53: (move f5-8f f5-7f)
  54: (move f5-7f f5-6f)
  55: (move f5-6f f6-6f)
  56: (move f6-6f f6-5f)
  57: (move f6-5f f6-4f)
  58: (move f6-4f f7-4f)
  59: (move f7-4f f8-4f)
  60: (move f8-4f f8-3f)
  61: (move f8-3f f7-3f)
  62: (move f7-3f f7-2f)
  63: (move f7-2f f8-2f)
  64: (move f8-2f f8-1f)
  65: (move f8-1f f7-1f)
  66: (putdown f7-1f key0-0)
  67: (move f7-1f f8-1f)
  68: (move f8-1f f8-2f)
  69: (move f8-2f f7-2f)
  70: (move f7-2f f7-3f)
  71: (pickup f7-3f key2-0)
  72: (move f7-3f f7-2f)
  73: (move f7-2f f7-1f)
  74: (pickup-and-loose f7-1f key0-0 key2-0)
  75: (move f7-1f f8-1f)
  76: (move f8-1f f8-2f)
  77: (move f8-2f f8-3f)
  78: (move f8-3f f8-4f)
  79: (move f8-4f f8-5f)
  80: (putdown f8-5f key0-0)
  81: (move f8-5f f8-6f)
  82: (move f8-6f f8-7f)
  83: (move f8-7f f8-8f)
  84: (pickup f8-8f key1-3)
  85: (move f8-8f f7-8f)
  86: (move f7-8f f7-7f)
  87: (move f7-7f f8-7f)
  88: (move f8-7f f8-6f)
  89: (move f8-6f f8-5f)
  90: (move f8-5f f7-5f)
  91: (move f7-5f f7-6f)
  92: (move f7-6f f6-6f)
  93: (move f6-6f f5-6f)
  94: (move f5-6f f5-7f)
  95: (move f5-7f f5-8f)
  96: (move f5-8f f4-8f)
  97: (move f4-8f f4-7f)
  98: (move f4-7f f4-6f)
  99: (move f4-6f f3-6f)
 100: (move f3-6f f3-7f)
 101: (move f3-7f f3-8f)
 102: (move f3-8f f2-8f)
 103: (move f2-8f f2-7f)
 104: (move f2-7f f2-6f)
 105: (move f2-6f f2-5f)
 106: (move f2-5f f3-5f)
 107: (move f3-5f f4-5f)
 108: (move f4-5f f4-4f)
 109: (move f4-4f f4-3f)
 110: (move f4-3f f5-3f)
 111: (move f5-3f f5-2f)
 112: (move f5-2f f6-2f)
 113: (move f6-2f f6-3f)
 114: (move f6-3f f7-3f)
 115: (move f7-3f f8-3f)
 116: (move f8-3f f8-2f)
 117: (move f8-2f f7-2f)
 118: (move f7-2f f7-1f)
 119: (move f7-1f f8-1f)
 120: (move f8-1f f8-0f)
 121: (putdown f8-0f key1-3)
 122: (move f8-0f f8-1f)
 123: (move f8-1f f7-1f)
 124: (pickup f7-1f key2-0)
 125: (unlock f7-1f f7-0f key2-0 shape2)
 126: (move f7-1f f7-0f)
 127: (move f7-0f f8-0f)
 128: (pickup-and-loose f8-0f key1-3 key2-0)
 129: (move f8-0f f7-0f)
 130: (move f7-0f f6-0f)
 131: (move f6-0f f5-0f)
 132: (move f5-0f f4-0f)
 133: (move f4-0f f3-0f)
 134: (move f3-0f f2-0f)
 135: (move f2-0f f1-0f)
 136: (move f1-0f f0-0f)
 137: (putdown f0-0f key1-3)
