Torch: 2.12.0+cu130
Using GPU:  NVIDIA L40S
[Bellman] lambda=0 -> baseline (no widening signal)
[Binc] OPTION6 binc_beta=2.0 signal=BELLMAN INCONSISTENCY (1-step min-W1 parent-vs-child) vs SIBLINGS (boosts exploration toward inconsistent children; prior untouched) [SHUFFLE CONTROL: signal-blind placement]
/u/ibrahim.eisawy/Neural-Guided-Search/venv/lib/python3.10/site-packages/pymimir_rgnn/model.py:162: UserWarning: index_reduce() is in beta and the API may change at any time. (Triggered internally at /pytorch/aten/src/ATen/native/cuda/Indexing.cu:1541.)
  exps_max.index_reduce_(0, output_indices, output_messages, reduce="amax", include_self=False)
  [sim 500] root visits=500, unique states=678, generated=677, iqn_calls=1357
  [sim 1000] root visits=1000, unique states=1292, generated=1291, iqn_calls=2566
  [sim 1214] found goal path of length 108
[Final] Expanded: 1590, Generated: 1590
[Cost] IQN forward calls (Bellman signal): 3110
[Widen] nodes widened: 0, mean w: 0.0000
[Binc] child-edges modulated: 2534, mean mult: 1.2811 (1.0 = no change; >1 = boosted toward inconsistent)
[search done] simulations=1214, unique states generated=1590
Found a solution of length 108!
   1: (move f2-1f f2-2f)
   2: (move f2-2f f1-2f)
   3: (move f1-2f f1-3f)
   4: (move f1-3f f1-4f)
   5: (move f1-4f f2-4f)
   6: (move f2-4f f2-3f)
   7: (move f2-3f f3-3f)
   8: (move f3-3f f4-3f)
   9: (move f4-3f f5-3f)
  10: (move f5-3f f5-4f)
  11: (move f5-4f f4-4f)
  12: (move f4-4f f3-4f)
  13: (pickup f3-4f key4-3)
  14: (move f3-4f f3-3f)
  15: (move f3-3f f2-3f)
  16: (move f2-3f f2-4f)
  17: (move f2-4f f1-4f)
  18: (unlock f1-4f f1-5f key4-3 shape4)
  19: (move f1-4f f1-5f)
  20: (move f1-5f f0-5f)
  21: (move f0-5f f0-4f)
  22: (putdown f0-4f key4-3)
  23: (move f0-4f f1-4f)
  24: (move f1-4f f1-3f)
  25: (move f1-3f f1-2f)
  26: (move f1-2f f2-2f)
  27: (move f2-2f f2-1f)
  28: (move f2-1f f2-0f)
  29: (move f2-0f f3-0f)
  30: (move f3-0f f3-1f)
  31: (move f3-1f f4-1f)
  32: (move f4-1f f5-1f)
  33: (move f5-1f f6-1f)
  34: (move f6-1f f7-1f)
  35: (move f7-1f f8-1f)
  36: (move f8-1f f9-1f)
  37: (move f9-1f f9-0f)
  38: (pickup f9-0f key2-1)
  39: (move f9-0f f9-1f)
  40: (move f9-1f f8-1f)
  41: (move f8-1f f8-2f)
  42: (move f8-2f f8-3f)
  43: (move f8-3f f7-3f)
  44: (move f7-3f f7-4f)
  45: (move f7-4f f8-4f)
  46: (move f8-4f f9-4f)
  47: (move f9-4f f10-4f)
  48: (move f10-4f f10-5f)
  49: (move f10-5f f9-5f)
  50: (move f9-5f f8-5f)
  51: (move f8-5f f8-6f)
  52: (move f8-6f f7-6f)
  53: (move f7-6f f7-7f)
  54: (move f7-7f f8-7f)
  55: (move f8-7f f8-8f)
  56: (move f8-8f f7-8f)
  57: (putdown f7-8f key2-1)
  58: (move f7-8f f7-7f)
  59: (move f7-7f f8-7f)
  60: (move f8-7f f8-8f)
  61: (move f8-8f f8-9f)
  62: (move f8-9f f9-9f)
  63: (pickup f9-9f key2-3)
  64: (move f9-9f f8-9f)
  65: (move f8-9f f8-8f)
  66: (move f8-8f f7-8f)
  67: (pickup-and-loose f7-8f key2-1 key2-3)
  68: (move f7-8f f8-8f)
  69: (move f8-8f f8-9f)
  70: (move f8-9f f9-9f)
  71: (move f9-9f f9-10f)
  72: (move f9-10f f9-11f)
  73: (move f9-11f f8-11f)
  74: (move f8-11f f7-11f)
  75: (unlock f7-11f f7-10f key2-1 shape2)
  76: (move f7-11f f8-11f)
  77: (move f8-11f f9-11f)
  78: (move f9-11f f9-10f)
  79: (move f9-10f f9-9f)
  80: (move f9-9f f10-9f)
  81: (move f10-9f f10-10f)
  82: (move f10-10f f10-11f)
  83: (move f10-11f f11-11f)
  84: (move f11-11f f11-10f)
  85: (move f11-10f f11-9f)
  86: (move f11-9f f11-8f)
  87: (move f11-8f f11-7f)
  88: (move f11-7f f11-6f)
  89: (move f11-6f f10-6f)
  90: (move f10-6f f10-5f)
  91: (move f10-5f f9-5f)
  92: (move f9-5f f8-5f)
  93: (move f8-5f f8-6f)
  94: (move f8-6f f7-6f)
  95: (move f7-6f f7-5f)
  96: (move f7-5f f7-4f)
  97: (move f7-4f f8-4f)
  98: (move f8-4f f8-3f)
  99: (move f8-3f f7-3f)
 100: (move f7-3f f6-3f)
 101: (move f6-3f f6-2f)
 102: (move f6-2f f6-1f)
 103: (move f6-1f f5-1f)
 104: (move f5-1f f4-1f)
 105: (move f4-1f f3-1f)
 106: (move f3-1f f2-1f)
 107: (move f2-1f f2-2f)
 108: (putdown f2-2f key2-1)
