Torch: 2.12.0+cu130
Using CPU.
[Bellman] lambda=0 -> baseline (no widening signal)
/u/ibrahim.eisawy/Neural-Guided-Search/venv/lib/python3.10/site-packages/pymimir_rgnn/model.py:162: UserWarning: index_reduce() is in beta and the API may change at any time. (Triggered internally at /pytorch/aten/src/ATen/native/TensorAdvancedIndexing.cpp:1514.)
  exps_max.index_reduce_(0, output_indices, output_messages, reduce="amax", include_self=False)
  [sim 500] root visits=500, unique states=15914, generated=15913, iqn_calls=0
  [sim 1000] root visits=1000, unique states=30952, generated=30951, iqn_calls=0
  [sim 1500] root visits=1500, unique states=45888, generated=45887, iqn_calls=0
  [sim 2000] root visits=2000, unique states=60566, generated=60565, iqn_calls=0
  [sim 2500] root visits=2500, unique states=75417, generated=75416, iqn_calls=0
  [sim 3000] root visits=3000, unique states=90336, generated=90335, iqn_calls=0
  [sim 3500] root visits=3500, unique states=105071, generated=105070, iqn_calls=0
  [sim 4000] root visits=4000, unique states=119786, generated=119785, iqn_calls=0
  [sim 4500] root visits=4500, unique states=134394, generated=134393, iqn_calls=0
  [sim 5000] root visits=5000, unique states=148970, generated=148969, iqn_calls=0
  [sim 5500] root visits=5500, unique states=163434, generated=163433, iqn_calls=0
  [sim 6000] root visits=6000, unique states=178103, generated=178102, iqn_calls=0
  [sim 6500] root visits=6500, unique states=192666, generated=192665, iqn_calls=0
  [sim 7000] root visits=7000, unique states=207327, generated=207326, iqn_calls=0
  [sim 7500] root visits=7500, unique states=221914, generated=221913, iqn_calls=0
  [sim 8000] root visits=8000, unique states=236410, generated=236409, iqn_calls=0
  [sim 8500] root visits=8500, unique states=250914, generated=250913, iqn_calls=0
  [sim 9000] root visits=9000, unique states=265330, generated=265329, iqn_calls=0
  [sim 9500] root visits=9500, unique states=279821, generated=279820, iqn_calls=0
  [sim 10000] root visits=10000, unique states=294250, generated=294249, iqn_calls=0
  [sim 10500] root visits=10500, unique states=308691, generated=308690, iqn_calls=0
  [sim 11000] root visits=11000, unique states=323112, generated=323111, iqn_calls=0
  [sim 11500] root visits=11500, unique states=337543, generated=337542, iqn_calls=0
  [sim 12000] root visits=12000, unique states=351939, generated=351938, iqn_calls=0
  [sim 12500] root visits=12500, unique states=366403, generated=366402, iqn_calls=0
  [sim 13000] root visits=13000, unique states=380823, generated=380822, iqn_calls=0
[Final] Expanded: 382686, Generated: 382686
[Cost] IQN forward calls (Bellman signal): 0
[Widen] nodes widened: 0, mean w: 0.0000
[search done] simulations=13065, unique states generated=382686
Failed to find a solution!
