Torch: 2.12.0+cu130
Using CPU.
[Bellman] lambda=0 -> baseline (no widening signal)
/u/ibrahim.eisawy/Neural-Guided-Search/venv/lib/python3.10/site-packages/pymimir_rgnn/model.py:162: UserWarning: index_reduce() is in beta and the API may change at any time. (Triggered internally at /pytorch/aten/src/ATen/native/TensorAdvancedIndexing.cpp:1514.)
  exps_max.index_reduce_(0, output_indices, output_messages, reduce="amax", include_self=False)
  [sim 500] root visits=500, unique states=14693, generated=14692, iqn_calls=0
  [sim 1000] root visits=1000, unique states=29096, generated=29095, iqn_calls=0
  [sim 1500] root visits=1500, unique states=43468, generated=43467, iqn_calls=0
  [sim 2000] root visits=2000, unique states=57656, generated=57655, iqn_calls=0
  [sim 2500] root visits=2500, unique states=71792, generated=71791, iqn_calls=0
  [sim 3000] root visits=3000, unique states=85867, generated=85866, iqn_calls=0
  [sim 3500] root visits=3500, unique states=99971, generated=99970, iqn_calls=0
  [sim 4000] root visits=4000, unique states=114113, generated=114112, iqn_calls=0
  [sim 4500] root visits=4500, unique states=128083, generated=128082, iqn_calls=0
  [sim 5000] root visits=5000, unique states=142128, generated=142127, iqn_calls=0
  [sim 5500] root visits=5500, unique states=156337, generated=156336, iqn_calls=0
  [sim 6000] root visits=6000, unique states=170394, generated=170393, iqn_calls=0
  [sim 6500] root visits=6500, unique states=184360, generated=184359, iqn_calls=0
  [sim 7000] root visits=7000, unique states=198181, generated=198180, iqn_calls=0
  [sim 7500] root visits=7500, unique states=211962, generated=211961, iqn_calls=0
  [sim 8000] root visits=8000, unique states=225762, generated=225761, iqn_calls=0
  [sim 8500] root visits=8500, unique states=239521, generated=239520, iqn_calls=0
  [sim 9000] root visits=9000, unique states=253123, generated=253122, iqn_calls=0
  [sim 9500] root visits=9500, unique states=266697, generated=266696, iqn_calls=0
  [sim 10000] root visits=10000, unique states=280331, generated=280330, iqn_calls=0
