/u/ibrahim.eisawy/Neural-Guided-Search/venv/lib/python3.10/site-packages/pymimir_rgnn/model.py:151: UserWarning: index_reduce() is in beta and the API may change at any time. (Triggered internally at /pytorch/aten/src/ATen/native/cuda/Indexing.cu:1541.)
  max_msg.index_reduce_(0, output_indices, output_messages, reduce='amax', include_self=True)
Torch: 2.12.0+cu130
Loading model... (models/satellite_supervised.pth)
Using GPU:  NVIDIA L40S
[f=33.564] Expanded: 0, Generated: 0
[Final] Expanded: 34, Generated: 3313
Found a solution of length 16!
   1: (switch_on instrument14 satellite2)
   2: (switch_on instrument8 satellite1)
   3: (calibrate satellite1 instrument8 groundstation4)
   4: (turn_to satellite1 star28 groundstation4)
   5: (take_image satellite1 star28 instrument8 image0)
   6: (turn_to satellite2 groundstation7 star15)
   7: (calibrate satellite2 instrument14 groundstation7)
   8: (turn_to satellite2 phenomenon26 groundstation7)
   9: (turn_to satellite1 phenomenon27 star28)
  10: (turn_to satellite0 star22 groundstation7)
  11: (take_image satellite2 phenomenon26 instrument14 thermograph4)
  12: (take_image satellite2 phenomenon26 instrument14 thermograph1)
  13: (turn_to satellite2 star25 phenomenon26)
  14: (take_image satellite2 star25 instrument14 thermograph1)
  15: (turn_to satellite2 phenomenon27 star25)
  16: (take_image satellite2 phenomenon27 instrument14 thermograph4)
