/u/ibrahim.eisawy/Neural-Guided-Search/venv/lib/python3.10/site-packages/pymimir_rgnn/model.py:151: UserWarning: index_reduce() is in beta and the API may change at any time. (Triggered internally at /pytorch/aten/src/ATen/native/cuda/Indexing.cu:1541.)
  max_msg.index_reduce_(0, output_indices, output_messages, reduce='amax', include_self=True)
Torch: 2.12.0+cu130
Loading model... (models/satellite_supervised.pth)
Using GPU:  NVIDIA L40S
[f=35.582] Expanded: 0, Generated: 0
[Final] Expanded: 31, Generated: 7304
Found a solution of length 16!
   1: (switch_on instrument22 satellite4)
   2: (switch_on instrument12 satellite3)
   3: (turn_to satellite2 star28 star3)
   4: (turn_to satellite5 star22 star0)
   5: (switch_on instrument2 satellite1)
   6: (turn_to satellite1 star6 star27)
   7: (calibrate satellite1 instrument2 star6)
   8: (turn_to satellite4 groundstation9 star0)
   9: (turn_to satellite1 star26 star6)
  10: (take_image satellite1 star26 instrument2 infrared1)
  11: (turn_to satellite1 phenomenon29 star26)
  12: (take_image satellite1 phenomenon29 instrument2 infrared1)
  13: (turn_to satellite1 star28 phenomenon29)
  14: (take_image satellite1 star28 instrument2 image0)
  15: (turn_to satellite1 star27 star28)
  16: (take_image satellite1 star27 instrument2 thermograph2)
