Torch: 2.12.0+cu130
Using GPU:  NVIDIA L40S
[Bellman] CONTROL signal=constant const_w=1.0 (no IQN, no Bellman check)
/u/ibrahim.eisawy/Neural-Guided-Search/venv/lib/python3.10/site-packages/pymimir_rgnn/model.py:162: UserWarning: index_reduce() is in beta and the API may change at any time. (Triggered internally at /pytorch/aten/src/ATen/native/cuda/Indexing.cu:1541.)
  exps_max.index_reduce_(0, output_indices, output_messages, reduce="amax", include_self=False)
  [sim 500] root visits=500, unique states=28941, generated=28940, iqn_calls=0
  [sim 1000] root visits=1000, unique states=52378, generated=52377, iqn_calls=0
  [sim 1500] root visits=1500, unique states=76586, generated=76585, iqn_calls=0
  [sim 2000] root visits=2000, unique states=101429, generated=101428, iqn_calls=0
  [sim 2500] root visits=2500, unique states=128377, generated=128376, iqn_calls=0
  [sim 3000] root visits=3000, unique states=153059, generated=153058, iqn_calls=0
  [sim 3500] root visits=3500, unique states=178177, generated=178176, iqn_calls=0
  [sim 4000] root visits=4000, unique states=206388, generated=206387, iqn_calls=0
  [sim 4500] root visits=4500, unique states=233563, generated=233562, iqn_calls=0
  [sim 5000] root visits=5000, unique states=258519, generated=258518, iqn_calls=0
  [sim 5500] root visits=5500, unique states=280380, generated=280379, iqn_calls=0
  [sim 6000] root visits=6000, unique states=301338, generated=301337, iqn_calls=0
  [sim 6500] root visits=6500, unique states=324956, generated=324955, iqn_calls=0
  [sim 7000] root visits=7000, unique states=345542, generated=345541, iqn_calls=0
  [sim 7500] root visits=7500, unique states=372454, generated=372453, iqn_calls=0
  [sim 8000] root visits=8000, unique states=395240, generated=395239, iqn_calls=0
  [sim 8500] root visits=8500, unique states=417372, generated=417371, iqn_calls=0
  [sim 9000] root visits=9000, unique states=438488, generated=438487, iqn_calls=0
  [sim 9500] root visits=9500, unique states=465903, generated=465902, iqn_calls=0
  [sim 10000] root visits=10000, unique states=490459, generated=490458, iqn_calls=0
  [sim 10500] root visits=10500, unique states=521451, generated=521450, iqn_calls=0
  [sim 10506] found goal path of length 264
[Final] Expanded: 521990, Generated: 521990
[Cost] IQN forward calls (Bellman signal): 0
[Widen] nodes widened: 10506, mean w: 0.9500
[search done] simulations=10506, unique states generated=521990
Found a solution of length 264!
   1: (calibrate rover0 camera5 objective1 waypoint25)
   2: (calibrate rover0 camera9 objective4 waypoint25)
   3: (calibrate rover0 camera11 objective4 waypoint25)
   4: (calibrate rover0 camera13 objective2 waypoint25)
   5: (calibrate rover0 camera7 objective3 waypoint25)
   6: (calibrate rover0 camera4 objective12 waypoint25)
   7: (calibrate rover0 camera6 objective4 waypoint25)
   8: (calibrate rover0 camera8 objective4 waypoint25)
   9: (navigate rover0 waypoint25 waypoint32)
  10: (calibrate rover0 camera2 objective0 waypoint32)
  11: (calibrate rover0 camera14 objective0 waypoint32)
  12: (take_image rover0 waypoint32 objective9 camera5 low_res)
  13: (navigate rover0 waypoint32 waypoint34)
  14: (communicate_image_data rover0 general objective9 low_res waypoint34 waypoint4)
  15: (take_image rover0 waypoint34 objective10 camera2 low_res)
  16: (communicate_image_data rover0 general objective10 low_res waypoint34 waypoint4)
  17: (take_image rover0 waypoint34 objective1 camera14 low_res)
  18: (communicate_image_data rover0 general objective1 low_res waypoint34 waypoint4)
  19: (navigate rover0 waypoint34 waypoint32)
  20: (take_image rover0 waypoint32 objective0 camera6 low_res)
  21: (navigate rover0 waypoint32 waypoint34)
  22: (communicate_image_data rover0 general objective0 low_res waypoint34 waypoint4)
  23: (navigate rover0 waypoint34 waypoint32)
  24: (take_image rover0 waypoint32 objective0 camera8 colour)
  25: (navigate rover0 waypoint32 waypoint34)
  26: (communicate_image_data rover0 general objective0 colour waypoint34 waypoint4)
  27: (sample_soil rover0 rover0store waypoint34)
  28: (communicate_soil_data rover0 general waypoint34 waypoint34 waypoint4)
  29: (navigate rover0 waypoint34 waypoint32)
  30: (navigate rover0 waypoint32 waypoint25)
  31: (navigate rover0 waypoint25 waypoint6)
  32: (navigate rover0 waypoint6 waypoint23)
  33: (drop rover0 rover0store)
  34: (sample_soil rover0 rover0store waypoint23)
  35: (navigate rover0 waypoint23 waypoint6)
  36: (navigate rover0 waypoint6 waypoint30)
  37: (drop rover0 rover0store)
  38: (sample_soil rover0 rover0store waypoint30)
  39: (navigate rover0 waypoint30 waypoint6)
  40: (navigate rover0 waypoint6 waypoint23)
  41: (drop rover0 rover0store)
  42: (navigate rover0 waypoint23 waypoint6)
  43: (navigate rover0 waypoint6 waypoint30)
  44: (calibrate rover0 camera6 objective4 waypoint30)
  45: (navigate rover0 waypoint30 waypoint6)
  46: (navigate rover0 waypoint6 waypoint23)
  47: (calibrate rover0 camera3 objective2 waypoint23)
  48: (navigate rover0 waypoint23 waypoint6)
  49: (navigate rover0 waypoint6 waypoint30)
  50: (calibrate rover0 camera8 objective4 waypoint30)
  51: (navigate rover0 waypoint30 waypoint6)
  52: (navigate rover0 waypoint6 waypoint23)
  53: (calibrate rover0 camera0 objective12 waypoint23)
  54: (navigate rover0 waypoint23 waypoint6)
  55: (navigate rover0 waypoint6 waypoint30)
  56: (take_image rover0 waypoint30 objective4 camera3 high_res)
  57: (navigate rover0 waypoint30 waypoint6)
  58: (navigate rover0 waypoint6 waypoint23)
  59: (calibrate rover0 camera3 objective2 waypoint23)
  60: (navigate rover0 waypoint23 waypoint6)
  61: (navigate rover0 waypoint6 waypoint30)
  62: (take_image rover0 waypoint30 objective4 camera13 high_res)
  63: (navigate rover0 waypoint30 waypoint6)
  64: (navigate rover0 waypoint6 waypoint23)
  65: (calibrate rover0 camera10 objective7 waypoint23)
  66: (navigate rover0 waypoint23 waypoint6)
  67: (navigate rover0 waypoint6 waypoint25)
  68: (navigate rover0 waypoint25 waypoint18)
  69: (navigate rover0 waypoint18 waypoint27)
  70: (sample_soil rover0 rover0store waypoint27)
  71: (navigate rover0 waypoint27 waypoint18)
  72: (navigate rover0 waypoint18 waypoint25)
  73: (navigate rover0 waypoint25 waypoint6)
  74: (navigate rover0 waypoint6 waypoint30)
  75: (drop rover0 rover0store)
  76: (navigate rover0 waypoint30 waypoint6)
  77: (navigate rover0 waypoint6 waypoint23)
  78: (calibrate rover0 camera13 objective2 waypoint23)
  79: (navigate rover0 waypoint23 waypoint6)
  80: (navigate rover0 waypoint6 waypoint30)
  81: (take_image rover0 waypoint30 objective4 camera3 high_res)
  82: (navigate rover0 waypoint30 waypoint6)
  83: (navigate rover0 waypoint6 waypoint23)
  84: (calibrate rover0 camera2 objective0 waypoint23)
  85: (navigate rover0 waypoint23 waypoint6)
  86: (navigate rover0 waypoint6 waypoint30)
  87: (calibrate rover0 camera3 objective2 waypoint30)
  88: (navigate rover0 waypoint30 waypoint6)
  89: (navigate rover0 waypoint6 waypoint23)
  90: (calibrate rover0 camera14 objective0 waypoint23)
  91: (navigate rover0 waypoint23 waypoint6)
  92: (navigate rover0 waypoint6 waypoint30)
  93: (take_image rover0 waypoint30 objective4 camera3 high_res)
  94: (navigate rover0 waypoint30 waypoint6)
  95: (navigate rover0 waypoint6 waypoint23)
  96: (calibrate rover0 camera5 objective1 waypoint23)
  97: (navigate rover0 waypoint23 waypoint6)
  98: (navigate rover0 waypoint6 waypoint30)
  99: (calibrate rover0 camera3 objective2 waypoint30)
 100: (navigate rover0 waypoint30 waypoint6)
 101: (navigate rover0 waypoint6 waypoint23)
 102: (take_image rover0 waypoint23 objective2 camera0 high_res)
 103: (navigate rover0 waypoint23 waypoint6)
 104: (navigate rover0 waypoint6 waypoint30)
 105: (take_image rover0 waypoint30 objective4 camera3 high_res)
 106: (navigate rover0 waypoint30 waypoint6)
 107: (navigate rover0 waypoint6 waypoint23)
 108: (calibrate rover0 camera0 objective12 waypoint23)
 109: (navigate rover0 waypoint23 waypoint6)
 110: (navigate rover0 waypoint6 waypoint30)
 111: (calibrate rover0 camera3 objective2 waypoint30)
 112: (navigate rover0 waypoint30 waypoint6)
 113: (navigate rover0 waypoint6 waypoint23)
 114: (take_image rover0 waypoint23 objective12 camera0 high_res)
 115: (navigate rover0 waypoint23 waypoint6)
 116: (navigate rover0 waypoint6 waypoint30)
 117: (take_image rover0 waypoint30 objective4 camera3 high_res)
 118: (navigate rover0 waypoint30 waypoint6)
 119: (navigate rover0 waypoint6 waypoint23)
 120: (calibrate rover0 camera0 objective12 waypoint23)
 121: (navigate rover0 waypoint23 waypoint6)
 122: (navigate rover0 waypoint6 waypoint30)
 123: (calibrate rover0 camera3 objective2 waypoint30)
 124: (navigate rover0 waypoint30 waypoint6)
 125: (navigate rover0 waypoint6 waypoint23)
 126: (take_image rover0 waypoint23 objective2 camera13 high_res)
 127: (navigate rover0 waypoint23 waypoint6)
 128: (navigate rover0 waypoint6 waypoint30)
 129: (take_image rover0 waypoint30 objective4 camera3 high_res)
 130: (navigate rover0 waypoint30 waypoint6)
 131: (navigate rover0 waypoint6 waypoint23)
 132: (take_image rover0 waypoint23 objective12 camera0 high_res)
 133: (navigate rover0 waypoint23 waypoint6)
 134: (navigate rover0 waypoint6 waypoint30)
 135: (calibrate rover0 camera3 objective2 waypoint30)
 136: (navigate rover0 waypoint30 waypoint6)
 137: (navigate rover0 waypoint6 waypoint23)
 138: (take_image rover0 waypoint23 objective7 camera3 high_res)
 139: (navigate rover0 waypoint23 waypoint6)
 140: (navigate rover0 waypoint6 waypoint30)
 141: (calibrate rover0 camera3 objective2 waypoint30)
 142: (navigate rover0 waypoint30 waypoint6)
 143: (navigate rover0 waypoint6 waypoint23)
 144: (calibrate rover0 camera0 objective12 waypoint23)
 145: (navigate rover0 waypoint23 waypoint6)
 146: (navigate rover0 waypoint6 waypoint30)
 147: (calibrate rover0 camera13 objective2 waypoint30)
 148: (navigate rover0 waypoint30 waypoint6)
 149: (navigate rover0 waypoint6 waypoint23)
 150: (take_image rover0 waypoint23 objective2 camera0 high_res)
 151: (navigate rover0 waypoint23 waypoint6)
 152: (navigate rover0 waypoint6 waypoint30)
 153: (take_image rover0 waypoint30 objective4 camera3 high_res)
 154: (navigate rover0 waypoint30 waypoint6)
 155: (navigate rover0 waypoint6 waypoint23)
 156: (calibrate rover0 camera0 objective12 waypoint23)
 157: (navigate rover0 waypoint23 waypoint6)
 158: (navigate rover0 waypoint6 waypoint30)
 159: (take_image rover0 waypoint30 objective4 camera13 high_res)
 160: (navigate rover0 waypoint30 waypoint6)
 161: (navigate rover0 waypoint6 waypoint23)
 162: (take_image rover0 waypoint23 objective12 camera7 high_res)
 163: (navigate rover0 waypoint23 waypoint6)
 164: (navigate rover0 waypoint6 waypoint30)
 165: (calibrate rover0 camera3 objective2 waypoint30)
 166: (navigate rover0 waypoint30 waypoint6)
 167: (navigate rover0 waypoint6 waypoint23)
 168: (calibrate rover0 camera13 objective2 waypoint23)
 169: (navigate rover0 waypoint23 waypoint6)
 170: (navigate rover0 waypoint6 waypoint25)
 171: (navigate rover0 waypoint25 waypoint14)
 172: (navigate rover0 waypoint14 waypoint7)
 173: (communicate_soil_data rover0 general waypoint23 waypoint7 waypoint4)
 174: (communicate_soil_data rover0 general waypoint30 waypoint7 waypoint4)
 175: (communicate_soil_data rover0 general waypoint27 waypoint7 waypoint4)
 176: (sample_soil rover0 rover0store waypoint7)
 177: (communicate_soil_data rover0 general waypoint7 waypoint7 waypoint4)
 178: (drop rover0 rover0store)
 179: (sample_rock rover0 rover0store waypoint7)
 180: (navigate rover0 waypoint7 waypoint14)
 181: (navigate rover0 waypoint14 waypoint0)
 182: (drop rover0 rover0store)
 183: (sample_soil rover0 rover0store waypoint0)
 184: (drop rover0 rover0store)
 185: (navigate rover0 waypoint0 waypoint14)
 186: (navigate rover0 waypoint14 waypoint9)
 187: (sample_soil rover0 rover0store waypoint9)
 188: (drop rover0 rover0store)
 189: (sample_rock rover0 rover0store waypoint9)
 190: (navigate rover0 waypoint9 waypoint14)
 191: (navigate rover0 waypoint14 waypoint0)
 192: (drop rover0 rover0store)
 193: (navigate rover0 waypoint0 waypoint14)
 194: (navigate rover0 waypoint14 waypoint9)
 195: (calibrate rover0 camera1 objective10 waypoint9)
 196: (navigate rover0 waypoint9 waypoint14)
 197: (navigate rover0 waypoint14 waypoint0)
 198: (take_image rover0 waypoint0 objective2 camera0 high_res)
 199: (navigate rover0 waypoint0 waypoint14)
 200: (navigate rover0 waypoint14 waypoint9)
 201: (take_image rover0 waypoint9 objective4 camera1 colour)
 202: (navigate rover0 waypoint9 waypoint14)
 203: (navigate rover0 waypoint14 waypoint0)
 204: (calibrate rover0 camera0 objective12 waypoint0)
 205: (navigate rover0 waypoint0 waypoint14)
 206: (navigate rover0 waypoint14 waypoint9)
 207: (calibrate rover0 camera1 objective10 waypoint9)
 208: (navigate rover0 waypoint9 waypoint14)
 209: (navigate rover0 waypoint14 waypoint0)
 210: (take_image rover0 waypoint0 objective2 camera0 high_res)
 211: (navigate rover0 waypoint0 waypoint14)
 212: (navigate rover0 waypoint14 waypoint9)
 213: (take_image rover0 waypoint9 objective5 camera1 colour)
 214: (navigate rover0 waypoint9 waypoint14)
 215: (navigate rover0 waypoint14 waypoint0)
 216: (calibrate rover0 camera0 objective12 waypoint0)
 217: (navigate rover0 waypoint0 waypoint14)
 218: (navigate rover0 waypoint14 waypoint9)
 219: (calibrate rover0 camera1 objective10 waypoint9)
 220: (navigate rover0 waypoint9 waypoint14)
 221: (navigate rover0 waypoint14 waypoint0)
 222: (take_image rover0 waypoint0 objective2 camera0 high_res)
 223: (navigate rover0 waypoint0 waypoint14)
 224: (navigate rover0 waypoint14 waypoint9)
 225: (take_image rover0 waypoint9 objective7 camera1 colour)
 226: (navigate rover0 waypoint9 waypoint14)
 227: (navigate rover0 waypoint14 waypoint0)
 228: (calibrate rover0 camera0 objective12 waypoint0)
 229: (navigate rover0 waypoint0 waypoint14)
 230: (navigate rover0 waypoint14 waypoint9)
 231: (calibrate rover0 camera1 objective10 waypoint9)
 232: (navigate rover0 waypoint9 waypoint14)
 233: (navigate rover0 waypoint14 waypoint0)
 234: (take_image rover0 waypoint0 objective2 camera3 high_res)
 235: (navigate rover0 waypoint0 waypoint14)
 236: (navigate rover0 waypoint14 waypoint9)
 237: (take_image rover0 waypoint9 objective4 camera1 colour)
 238: (navigate rover0 waypoint9 waypoint14)
 239: (navigate rover0 waypoint14 waypoint0)
 240: (take_image rover0 waypoint0 objective12 camera0 high_res)
 241: (navigate rover0 waypoint0 waypoint14)
 242: (navigate rover0 waypoint14 waypoint9)
 243: (calibrate rover0 camera1 objective10 waypoint9)
 244: (navigate rover0 waypoint9 waypoint14)
 245: (navigate rover0 waypoint14 waypoint0)
 246: (calibrate rover0 camera3 objective2 waypoint0)
 247: (navigate rover0 waypoint0 waypoint14)
 248: (navigate rover0 waypoint14 waypoint9)
 249: (take_image rover0 waypoint9 objective10 camera1 colour)
 250: (calibrate rover0 camera1 objective10 waypoint9)
 251: (navigate rover0 waypoint9 waypoint14)
 252: (navigate rover0 waypoint14 waypoint0)
 253: (calibrate rover0 camera0 objective12 waypoint0)
 254: (navigate rover0 waypoint0 waypoint14)
 255: (navigate rover0 waypoint14 waypoint9)
 256: (take_image rover0 waypoint9 objective4 camera1 colour)
 257: (navigate rover0 waypoint9 waypoint14)
 258: (navigate rover0 waypoint14 waypoint0)
 259: (take_image rover0 waypoint0 objective2 camera0 high_res)
 260: (navigate rover0 waypoint0 waypoint14)
 261: (navigate rover0 waypoint14 waypoint7)
 262: (communicate_soil_data rover0 general waypoint0 waypoint7 waypoint4)
 263: (communicate_rock_data rover0 general waypoint9 waypoint7 waypoint4)
 264: (communicate_rock_data rover0 general waypoint7 waypoint7 waypoint4)
