Torch: 2.12.0+cu130
Using GPU:  NVIDIA L40S
[Bellman] CONTROL signal=constant const_w=1.0 (no IQN, no Bellman check)
/u/ibrahim.eisawy/Neural-Guided-Search/venv/lib/python3.10/site-packages/pymimir_rgnn/model.py:162: UserWarning: index_reduce() is in beta and the API may change at any time. (Triggered internally at /pytorch/aten/src/ATen/native/cuda/Indexing.cu:1541.)
  exps_max.index_reduce_(0, output_indices, output_messages, reduce="amax", include_self=False)
  [sim 500] root visits=500, unique states=12643, generated=12642, iqn_calls=0
  [sim 1000] root visits=1000, unique states=37763, generated=37762, iqn_calls=0
  [sim 1500] root visits=1500, unique states=67070, generated=67069, iqn_calls=0
  [sim 2000] root visits=2000, unique states=95066, generated=95065, iqn_calls=0
  [sim 2500] root visits=2500, unique states=121081, generated=121080, iqn_calls=0
  [sim 3000] root visits=3000, unique states=139832, generated=139831, iqn_calls=0
  [sim 3500] root visits=3500, unique states=162374, generated=162373, iqn_calls=0
  [sim 4000] root visits=4000, unique states=194475, generated=194474, iqn_calls=0
  [sim 4500] root visits=4500, unique states=221652, generated=221651, iqn_calls=0
  [sim 5000] root visits=5000, unique states=246071, generated=246070, iqn_calls=0
  [sim 5500] root visits=5500, unique states=270396, generated=270395, iqn_calls=0
  [sim 6000] root visits=6000, unique states=293685, generated=293684, iqn_calls=0
  [sim 6500] root visits=6500, unique states=310441, generated=310440, iqn_calls=0
  [sim 7000] root visits=7000, unique states=330109, generated=330108, iqn_calls=0
  [sim 7500] root visits=7500, unique states=358251, generated=358250, iqn_calls=0
  [sim 8000] root visits=8000, unique states=384729, generated=384728, iqn_calls=0
  [sim 8500] root visits=8500, unique states=399264, generated=399263, iqn_calls=0
  [sim 9000] root visits=9000, unique states=415984, generated=415983, iqn_calls=0
  [sim 9500] root visits=9500, unique states=434323, generated=434322, iqn_calls=0
  [sim 10000] root visits=10000, unique states=455491, generated=455490, iqn_calls=0
  [sim 10500] root visits=10500, unique states=480982, generated=480981, iqn_calls=0
  [sim 11000] root visits=11000, unique states=505649, generated=505648, iqn_calls=0
  [sim 11500] root visits=11500, unique states=528888, generated=528887, iqn_calls=0
[Final] Expanded: 535068, Generated: 535068
[Cost] IQN forward calls (Bellman signal): 0
[Widen] nodes widened: 11638, mean w: 0.9500
[search done] simulations=11638, unique states generated=535068
Failed to find a solution!
