Torch: 2.12.0+cu130
Using CPU.
[Bellman] lambda=0 -> baseline (no widening signal)
[Value] SELF-CONSISTENT: leaf value = QR-DQN max_a mean Z(s,a) (SAC critics bypassed; prior still SAC policy)
[Add] OPTION8 add_beta=0.5 src=binc cap=2.0 (ADDITIVE bonus, NOT gated by P(a); prior untouched) [SHUFFLE CONTROL: signal-blind placement]
/u/ibrahim.eisawy/Neural-Guided-Search/venv/lib/python3.10/site-packages/pymimir_rgnn/model.py:162: UserWarning: index_reduce() is in beta and the API may change at any time. (Triggered internally at /pytorch/aten/src/ATen/native/TensorAdvancedIndexing.cpp:1514.)
  exps_max.index_reduce_(0, output_indices, output_messages, reduce="amax", include_self=False)
  [sim 45] found goal path of length 14
[Final] Expanded: 41, Generated: 41
[Cost] IQN forward calls (Bellman signal): 113
[Widen] nodes widened: 0, mean w: 0.0000
[Add] child-edges given an additive bonus: 223, mean (rel-1): 0.3994
[search done] simulations=45, unique states generated=41
Found a solution of length 14!
   1: (move f7-2f f7-3f)
   2: (move f7-3f f7-4f)
   3: (move f7-4f f7-5f)
   4: (move f7-5f f7-6f)
   5: (move f7-6f f6-6f)
   6: (move f6-6f f5-6f)
   7: (move f5-6f f5-7f)
   8: (move f5-7f f4-7f)
   9: (move f4-7f f3-7f)
  10: (move f3-7f f2-7f)
  11: (move f2-7f f1-7f)
  12: (detonate-bomb f1-7f f0-7f)
  13: (move f1-7f f0-7f)
  14: (pick-gold f0-7f)
