/u/ibrahim.eisawy/Neural-Guided-Search/venv/lib/python3.10/site-packages/pymimir_rgnn/model.py:162: UserWarning: index_reduce() is in beta and the API may change at any time. (Triggered internally at /pytorch/aten/src/ATen/native/cuda/Indexing.cu:1541.)
  exps_max.index_reduce_(0, output_indices, output_messages, reduce="amax", include_self=False)
Torch: 2.12.0+cu130
Using GPU:  NVIDIA L40S
-65.493: (switch_on instrument9 satellite2)
-53.675: (calibrate satellite2 instrument9 groundstation5)
-65.651: (turn_to satellite2 star30 groundstation5)
-72.520: (take_image satellite2 star30 instrument9 image6)
-87.032: (take_image satellite2 star30 instrument9 infrared4)
-89.403: (switch_on instrument5 satellite1)
-89.781: (turn_to satellite1 groundstation10 groundstation5)
-72.871: (calibrate satellite1 instrument5 groundstation10)
-78.331: (turn_to satellite1 star32 groundstation10)
-87.707: (take_image satellite1 star32 instrument5 image5)
-101.576: (take_image satellite1 star32 instrument5 infrared1)
-105.383: (switch_on instrument11 satellite3)
-87.287: (calibrate satellite3 instrument11 groundstation9)
-84.481: (turn_to satellite3 phenomenon29 groundstation9)
-93.022: (take_image satellite3 phenomenon29 instrument11 image5)
-93.114: (take_image satellite3 phenomenon29 instrument11 infrared1)
-113.287: (switch_on instrument2 satellite0)
-113.271: (turn_to satellite0 star1 groundstation16)
-92.750: (calibrate satellite0 instrument2 star1)
-93.138: (turn_to satellite0 phenomenon31 star1)
-106.361: (take_image satellite0 phenomenon31 instrument2 image3)
-133.261: (turn_to satellite2 star28 star30)
-94.618: (turn_to satellite2 star32 star28)
-105.678: (take_image satellite2 star32 instrument9 infrared4)
-105.758: (take_image satellite2 star32 instrument9 image6)
-132.480: (turn_to satellite2 star28 star32)
-93.094: (turn_to satellite2 star30 star28)
-133.464: (turn_to satellite2 groundstation4 star30)
-94.188: (turn_to satellite2 phenomenon29 groundstation4)
-105.952: (take_image satellite2 phenomenon29 instrument9 infrared4)
-96.162: (turn_to satellite2 star30 phenomenon29)
-100.146: (turn_to satellite3 star32 phenomenon29)
-138.080: (turn_to satellite1 star28 star32)
-98.504: (turn_to satellite1 star30 star28)
-111.793: (take_image satellite1 star30 instrument5 image5)
-95.566: (turn_to satellite2 star32 star30)
-97.770: (turn_to satellite1 phenomenon31 star30)
-132.488: (turn_to satellite2 star28 star32)
-95.099: (turn_to satellite2 phenomenon31 star28)
-105.580: (take_image satellite2 phenomenon31 instrument9 infrared4)
-99.446: (turn_to satellite2 star32 phenomenon31)
-99.088: (turn_to satellite1 star32 phenomenon31)
-100.352: (turn_to satellite0 star32 phenomenon31)
-107.543: (take_image satellite0 star32 instrument2 image3)
-135.360: (turn_to satellite2 groundstation7 star32)
-136.274: (turn_to satellite2 groundstation14 groundstation7)
-136.210: (turn_to satellite1 groundstation7 star32)
-139.551: (turn_to satellite2 groundstation7 groundstation14)
-136.254: (turn_to satellite1 groundstation14 groundstation7)
-139.752: (turn_to satellite3 groundstation7 star32)
-139.690: (turn_to satellite2 groundstation14 groundstation7)
-139.502: (turn_to satellite1 groundstation7 groundstation14)
-139.839: (turn_to satellite3 groundstation14 groundstation7)
-139.680: (turn_to satellite0 groundstation7 star32)
Found a solution of length 54!
   1: (switch_on instrument9 satellite2)
   2: (calibrate satellite2 instrument9 groundstation5)
   3: (turn_to satellite2 star30 groundstation5)
   4: (take_image satellite2 star30 instrument9 image6)
   5: (take_image satellite2 star30 instrument9 infrared4)
   6: (switch_on instrument5 satellite1)
   7: (turn_to satellite1 groundstation10 groundstation5)
   8: (calibrate satellite1 instrument5 groundstation10)
   9: (turn_to satellite1 star32 groundstation10)
  10: (take_image satellite1 star32 instrument5 image5)
  11: (take_image satellite1 star32 instrument5 infrared1)
  12: (switch_on instrument11 satellite3)
  13: (calibrate satellite3 instrument11 groundstation9)
  14: (turn_to satellite3 phenomenon29 groundstation9)
  15: (take_image satellite3 phenomenon29 instrument11 image5)
  16: (take_image satellite3 phenomenon29 instrument11 infrared1)
  17: (switch_on instrument2 satellite0)
  18: (turn_to satellite0 star1 groundstation16)
  19: (calibrate satellite0 instrument2 star1)
  20: (turn_to satellite0 phenomenon31 star1)
  21: (take_image satellite0 phenomenon31 instrument2 image3)
  22: (turn_to satellite2 star28 star30)
  23: (turn_to satellite2 star32 star28)
  24: (take_image satellite2 star32 instrument9 infrared4)
  25: (take_image satellite2 star32 instrument9 image6)
  26: (turn_to satellite2 star28 star32)
  27: (turn_to satellite2 star30 star28)
  28: (turn_to satellite2 groundstation4 star30)
  29: (turn_to satellite2 phenomenon29 groundstation4)
  30: (take_image satellite2 phenomenon29 instrument9 infrared4)
  31: (turn_to satellite2 star30 phenomenon29)
  32: (turn_to satellite3 star32 phenomenon29)
  33: (turn_to satellite1 star28 star32)
  34: (turn_to satellite1 star30 star28)
  35: (take_image satellite1 star30 instrument5 image5)
  36: (turn_to satellite2 star32 star30)
  37: (turn_to satellite1 phenomenon31 star30)
  38: (turn_to satellite2 star28 star32)
  39: (turn_to satellite2 phenomenon31 star28)
  40: (take_image satellite2 phenomenon31 instrument9 infrared4)
  41: (turn_to satellite2 star32 phenomenon31)
  42: (turn_to satellite1 star32 phenomenon31)
  43: (turn_to satellite0 star32 phenomenon31)
  44: (take_image satellite0 star32 instrument2 image3)
  45: (turn_to satellite2 groundstation7 star32)
  46: (turn_to satellite2 groundstation14 groundstation7)
  47: (turn_to satellite1 groundstation7 star32)
  48: (turn_to satellite2 groundstation7 groundstation14)
  49: (turn_to satellite1 groundstation14 groundstation7)
  50: (turn_to satellite3 groundstation7 star32)
  51: (turn_to satellite2 groundstation14 groundstation7)
  52: (turn_to satellite1 groundstation7 groundstation14)
  53: (turn_to satellite3 groundstation14 groundstation7)
  54: (turn_to satellite0 groundstation7 star32)
