/u/ibrahim.eisawy/Neural-Guided-Search/venv/lib/python3.10/site-packages/pymimir_rgnn/model.py:162: UserWarning: index_reduce() is in beta and the API may change at any time. (Triggered internally at /pytorch/aten/src/ATen/native/cuda/Indexing.cu:1541.)
  exps_max.index_reduce_(0, output_indices, output_messages, reduce="amax", include_self=False)
Torch: 2.12.0+cu130
Using GPU:  NVIDIA L40S
-57.410: (switch_on instrument2 satellite0)
-41.180: (calibrate satellite0 instrument2 star23)
-44.605: (turn_to satellite0 planet26 star23)
-58.918: (take_image satellite0 planet26 instrument2 image0)
-70.334: (switch_on instrument5 satellite1)
-69.344: (turn_to satellite1 groundstation14 groundstation11)
-51.523: (calibrate satellite1 instrument5 groundstation14)
-49.532: (turn_to satellite1 star25 groundstation14)
-67.597: (take_image satellite1 star25 instrument5 image0)
-77.605: (switch_on instrument7 satellite2)
-77.106: (turn_to satellite2 groundstation0 star13)
-59.896: (calibrate satellite2 instrument7 groundstation0)
-59.707: (turn_to satellite2 planet24 groundstation0)
-71.089: (take_image satellite2 planet24 instrument7 thermograph1)
-86.714: (switch_on instrument15 satellite4)
-102.951: (turn_to satellite4 groundstation10 planet27)
-76.965: (calibrate satellite4 instrument15 groundstation10)
-75.957: (turn_to satellite4 planet27 groundstation10)
-88.064: (take_image satellite4 planet27 instrument15 infrared3)
-115.076: (turn_to satellite4 groundstation2 planet27)
-77.408: (turn_to satellite4 planet26 groundstation2)
-86.222: (take_image satellite4 planet26 instrument15 infrared3)
-109.713: (turn_to satellite0 groundstation2 planet26)
-72.910: (turn_to satellite0 planet27 groundstation2)
-83.356: (take_image satellite0 planet27 instrument2 image0)
-81.206: (turn_to satellite0 planet26 planet27)
-115.420: (turn_to satellite0 groundstation2 planet26)
-79.917: (turn_to satellite0 star25 groundstation2)
-115.777: (turn_to satellite1 groundstation2 star25)
-78.188: (turn_to satellite1 planet26 groundstation2)
-115.594: (turn_to satellite0 groundstation2 star25)
-79.194: (turn_to satellite0 planet24 groundstation2)
-87.556: (take_image satellite0 planet24 instrument2 image0)
-79.014: (turn_to satellite2 star25 planet24)
-82.707: (turn_to satellite0 planet26 planet24)
-89.291: (take_image satellite2 star25 instrument7 thermograph1)
-85.359: (turn_to satellite2 planet26 star25)
-92.830: (take_image satellite2 planet26 instrument7 thermograph1)
Found a solution of length 38!
   1: (switch_on instrument2 satellite0)
   2: (calibrate satellite0 instrument2 star23)
   3: (turn_to satellite0 planet26 star23)
   4: (take_image satellite0 planet26 instrument2 image0)
   5: (switch_on instrument5 satellite1)
   6: (turn_to satellite1 groundstation14 groundstation11)
   7: (calibrate satellite1 instrument5 groundstation14)
   8: (turn_to satellite1 star25 groundstation14)
   9: (take_image satellite1 star25 instrument5 image0)
  10: (switch_on instrument7 satellite2)
  11: (turn_to satellite2 groundstation0 star13)
  12: (calibrate satellite2 instrument7 groundstation0)
  13: (turn_to satellite2 planet24 groundstation0)
  14: (take_image satellite2 planet24 instrument7 thermograph1)
  15: (switch_on instrument15 satellite4)
  16: (turn_to satellite4 groundstation10 planet27)
  17: (calibrate satellite4 instrument15 groundstation10)
  18: (turn_to satellite4 planet27 groundstation10)
  19: (take_image satellite4 planet27 instrument15 infrared3)
  20: (turn_to satellite4 groundstation2 planet27)
  21: (turn_to satellite4 planet26 groundstation2)
  22: (take_image satellite4 planet26 instrument15 infrared3)
  23: (turn_to satellite0 groundstation2 planet26)
  24: (turn_to satellite0 planet27 groundstation2)
  25: (take_image satellite0 planet27 instrument2 image0)
  26: (turn_to satellite0 planet26 planet27)
  27: (turn_to satellite0 groundstation2 planet26)
  28: (turn_to satellite0 star25 groundstation2)
  29: (turn_to satellite1 groundstation2 star25)
  30: (turn_to satellite1 planet26 groundstation2)
  31: (turn_to satellite0 groundstation2 star25)
  32: (turn_to satellite0 planet24 groundstation2)
  33: (take_image satellite0 planet24 instrument2 image0)
  34: (turn_to satellite2 star25 planet24)
  35: (turn_to satellite0 planet26 planet24)
  36: (take_image satellite2 star25 instrument7 thermograph1)
  37: (turn_to satellite2 planet26 star25)
  38: (take_image satellite2 planet26 instrument7 thermograph1)
