Torch: 2.12.0+cu130
Using CPU.
[Bellman] lambda=0 -> baseline (no widening signal)
[Value] SELF-CONSISTENT: leaf value = QR-DQN max_a mean Z(s,a) (SAC critics bypassed; prior still SAC policy)
[Gate] prior_gamma=0.75 (P-gate softened: u ~ c*P**gamma; P==0 still stays 0)
/u/ibrahim.eisawy/Neural-Guided-Search/venv/lib/python3.10/site-packages/pymimir_rgnn/model.py:162: UserWarning: index_reduce() is in beta and the API may change at any time. (Triggered internally at /pytorch/aten/src/ATen/native/TensorAdvancedIndexing.cpp:1514.)
  exps_max.index_reduce_(0, output_indices, output_messages, reduce="amax", include_self=False)
  [sim 79] found goal path of length 12
[Final] Expanded: 92, Generated: 92
[Cost] IQN forward calls (Bellman signal): 0
[Widen] nodes widened: 0, mean w: 0.0000
[search done] simulations=79, unique states generated=92
Found a solution of length 12!
   1: (move f5-4f f5-5f)
   2: (move f5-5f f5-6f)
   3: (move f5-6f f5-7f)
   4: (move f5-7f f4-7f)
   5: (move f4-7f f3-7f)
   6: (move f3-7f f2-7f)
   7: (move f2-7f f1-7f)
   8: (move f1-7f f0-7f)
   9: (move f0-7f f0-8f)
  10: (detonate-bomb f0-8f f0-9f)
  11: (move f0-8f f0-9f)
  12: (pick-gold f0-9f)
