/u/ibrahim.eisawy/Neural-Guided-Search/venv/lib/python3.10/site-packages/pymimir_rgnn/model.py:151: UserWarning: index_reduce() is in beta and the API may change at any time. (Triggered internally at /pytorch/aten/src/ATen/native/cuda/Indexing.cu:1541.)
  max_msg.index_reduce_(0, output_indices, output_messages, reduce='amax', include_self=True)
Torch: 2.12.0+cu130
Using GPU:  NVIDIA L40S
8.778: (drive-truck t0 l0-1 l0-0 c0)
9.248: (drive-truck t1 l1-0 l1-1 c1)
10.598: (fly-airplane a0 l1-0 l0-0)
inf: (drive-truck t0 l0-1 l0-1 c0)
inf: (drive-truck t1 l1-0 l1-0 c1)
inf: (fly-airplane a0 l1-0 l1-0)
7.932: (load-truck p2 t0 l0-0)
8.301: (drive-truck t1 l1-0 l1-1 c1)
8.301: (drive-truck t0 l0-1 l0-0 c0)
8.361: (load-truck p1 t1 l1-1)
9.506: (load-truck p0 t1 l1-1)
9.607: (fly-airplane a0 l1-0 l0-0)
9.607: (drive-truck t0 l0-1 l0-0 c0)
10.040: (drive-truck t1 l1-0 l1-1 c1)
10.040: (fly-airplane a0 l1-0 l0-0)
11.478: (load-airplane p2 a0 l0-0)
inf: (drive-truck t1 l1-1 l1-0 c1)
inf: (fly-airplane a0 l0-0 l1-0)
inf: (fly-airplane a0 l0-0 l0-0)
inf: (drive-truck t1 l1-0 l1-0 c1)
inf: (drive-truck t0 l0-1 l0-1 c0)
inf: (drive-truck t1 l1-1 l1-1 c1)
inf: (drive-truck t0 l0-0 l0-0 c0)
inf: (drive-truck t1 l1-0 l1-0 c1)
inf: (fly-airplane a0 l1-0 l1-0)
inf: (drive-truck t0 l0-1 l0-1 c0)
inf: (fly-airplane a0 l1-0 l1-0)
inf: (drive-truck t0 l0-0 l0-1 c0)
6.004: (load-truck p0 t1 l1-1)
6.004: (load-truck p1 t1 l1-1)
7.407: (load-truck p1 t1 l1-1)
7.407: (drive-truck t0 l0-1 l0-0 c0)
7.450: (load-truck p2 t0 l0-0)
7.450: (drive-truck t1 l1-0 l1-1 c1)
8.305: (drive-truck t1 l1-1 l1-0 c1)
8.525: (drive-truck t0 l0-1 l0-0 c0)
8.525: (load-truck p0 t1 l1-1)
8.629: (fly-airplane a0 l1-0 l0-0)
8.629: (load-truck p2 t0 l0-0)
8.665: (drive-truck t1 l1-1 l1-0 c1)
9.057: (drive-truck t1 l1-0 l1-1 c1)
9.057: (fly-airplane a0 l1-0 l0-0)
9.057: (drive-truck t0 l0-1 l0-0 c0)
9.283: (load-truck p1 t1 l1-1)
9.283: (fly-airplane a0 l1-0 l0-0)
9.462: (drive-truck t0 l0-0 l0-1 c0)
9.464: (load-truck p0 t1 l1-1)
9.464: (fly-airplane a0 l1-0 l0-0)
10.007: (drive-truck t0 l0-1 l0-0 c0)
10.007: (load-airplane p2 a0 l0-0)
10.921: (drive-truck t1 l1-0 l1-1 c1)
10.921: (load-airplane p2 a0 l0-0)
11.885: (fly-airplane a0 l0-0 l1-0)
inf: (drive-truck t1 l1-1 l1-1 c1)
inf: (fly-airplane a0 l0-0 l0-0)
inf: (drive-truck t1 l1-1 l1-0 c1)
inf: (drive-truck t1 l1-0 l1-0 c1)
inf: (fly-airplane a0 l0-0 l0-0)
inf: (fly-airplane a0 l0-0 l1-0)
inf: (drive-truck t0 l0-1 l0-1 c0)
inf: (drive-truck t0 l0-1 l0-1 c0)
inf: (fly-airplane a0 l0-0 l1-0)
inf: (unload-truck p2 t0 l0-0)
inf: (unload-airplane p2 a0 l0-0)
inf: (fly-airplane a0 l0-0 l0-0)
inf: (drive-truck t1 l1-1 l1-1 c1)
inf: (fly-airplane a0 l1-0 l1-0)
inf: (drive-truck t0 l0-0 l0-0 c0)
inf: (drive-truck t0 l0-0 l0-1 c0)
inf: (drive-truck t0 l0-0 l0-0 c0)
inf: (drive-truck t1 l1-1 l1-0 c1)
inf: (drive-truck t1 l1-1 l1-1 c1)
inf: (fly-airplane a0 l1-0 l1-0)
inf: (drive-truck t0 l0-1 l0-1 c0)
inf: (fly-airplane a0 l1-0 l1-0)
inf: (drive-truck t0 l0-0 l0-1 c0)
inf: (unload-truck p1 t1 l1-1)
inf: (drive-truck t0 l0-1 l0-1 c0)
inf: (fly-airplane a0 l1-0 l1-0)
inf: (drive-truck t1 l1-0 l1-0 c1)
inf: (drive-truck t1 l1-1 l1-1 c1)
inf: (unload-truck p0 t1 l1-1)
inf: (drive-truck t1 l1-0 l1-0 c1)
inf: (drive-truck t0 l0-0 l0-0 c0)
4.957: (load-truck p1 t1 l1-1)
4.957: (drive-truck t0 l0-1 l0-0 c0)
4.957: (load-truck p0 t1 l1-1)
6.007: (load-truck p1 t1 l1-1)
6.007: (fly-airplane a0 l1-0 l0-0)
6.007: (load-truck p0 t1 l1-1)
6.611: (load-truck p2 t0 l0-0)
6.611: (load-truck p1 t1 l1-1)
6.930: (drive-truck t1 l1-1 l1-0 c1)
7.295: (drive-truck t0 l0-1 l0-0 c0)
7.295: (drive-truck t1 l1-1 l1-0 c1)
7.344: (unload-truck p1 t1 l1-0)
7.671: (drive-truck t0 l0-1 l0-0 c0)
7.671: (drive-truck t1 l1-1 l1-0 c1)
7.676: (load-truck p2 t0 l0-0)
7.676: (load-truck p0 t1 l1-1)
8.078: (load-truck p2 t0 l0-0)
8.078: (drive-truck t1 l1-0 l1-1 c1)
8.078: (fly-airplane a0 l1-0 l0-0)
8.270: (load-truck p1 t1 l1-1)
8.270: (drive-truck t0 l0-1 l0-0 c0)
8.270: (fly-airplane a0 l1-0 l0-0)
8.445: (load-truck p0 t1 l1-1)
8.445: (drive-truck t0 l0-1 l0-0 c0)
8.445: (fly-airplane a0 l1-0 l0-0)
8.789: (fly-airplane a0 l1-0 l0-0)
8.789: (drive-truck t1 l1-1 l1-0 c1)
8.960: (drive-truck t1 l1-0 l1-1 c1)
8.960: (drive-truck t0 l0-0 l0-1 c0)
9.091: (unload-truck p2 t0 l0-1)
9.205: (fly-airplane a0 l1-0 l0-0)
9.205: (drive-truck t1 l1-1 l1-0 c1)
9.458: (drive-truck t0 l0-1 l0-0 c0)
9.458: (load-airplane p2 a0 l0-0)
9.458: (drive-truck t1 l1-0 l1-1 c1)
9.698: (unload-truck p0 t1 l1-0)
10.101: (load-truck p1 t1 l1-1)
10.101: (load-airplane p2 a0 l0-0)
10.317: (load-truck p0 t1 l1-1)
10.317: (load-airplane p2 a0 l0-0)
10.429: (drive-truck t0 l0-0 l0-1 c0)
10.429: (fly-airplane a0 l1-0 l0-0)
10.868: (fly-airplane a0 l0-0 l1-0)
10.868: (drive-truck t0 l0-1 l0-0 c0)
11.466: (fly-airplane a0 l0-0 l1-0)
11.466: (drive-truck t1 l1-0 l1-1 c1)
12.851: (unload-airplane p2 a0 l1-0)
inf: (drive-truck t0 l0-1 l0-0 c0)
inf: (drive-truck t0 l0-1 l0-1 c0)
inf: (unload-truck p1 t1 l1-1)
inf: (fly-airplane a0 l1-0 l1-0)
inf: (drive-truck t1 l1-0 l1-0 c1)
inf: (drive-truck t0 l0-0 l0-0 c0)
inf: (fly-airplane a0 l0-0 l1-0)
inf: (unload-airplane p2 a0 l0-0)
inf: (fly-airplane a0 l1-0 l1-0)
inf: (fly-airplane a0 l1-0 l0-0)
inf: (drive-truck t1 l1-0 l1-0 c1)
inf: (drive-truck t0 l0-1 l0-1 c0)
inf: (unload-airplane p2 a0 l0-0)
inf: (fly-airplane a0 l0-0 l0-0)
inf: (drive-truck t1 l1-1 l1-1 c1)
inf: (drive-truck t1 l1-1 l1-0 c1)
inf: (drive-truck t0 l0-1 l0-1 c0)
inf: (drive-truck t0 l0-1 l0-1 c0)
inf: (fly-airplane a0 l0-0 l0-0)
inf: (drive-truck t0 l0-0 l0-1 c0)
inf: (drive-truck t0 l0-0 l0-0 c0)
inf: (drive-truck t1 l1-0 l1-0 c1)
inf: (unload-truck p0 t1 l1-1)
inf: (fly-airplane a0 l0-0 l1-0)
inf: (fly-airplane a0 l0-0 l0-0)
inf: (drive-truck t1 l1-1 l1-1 c1)
inf: (unload-truck p1 t1 l1-1)
inf: (fly-airplane a0 l1-0 l1-0)
inf: (fly-airplane a0 l1-0 l1-0)
inf: (drive-truck t1 l1-0 l1-1 c1)
inf: (drive-truck t1 l1-0 l1-0 c1)
inf: (drive-truck t0 l0-1 l0-1 c0)
inf: (unload-truck p2 t0 l0-0)
3.996: (load-truck p2 t0 l0-0)
3.996: (load-truck p0 t1 l1-1)
3.996: (load-truck p1 t1 l1-1)
4.965: (load-truck p0 t1 l1-1)
4.965: (load-truck p1 t1 l1-1)
4.965: (fly-airplane a0 l1-0 l0-0)
4.965: (drive-truck t0 l0-1 l0-0 c0)
5.235: (load-truck p1 t1 l1-1)
5.235: (drive-truck t0 l0-0 l0-1 c0)
5.930: (drive-truck t1 l1-1 l1-0 c1)
5.930: (drive-truck t0 l0-1 l0-0 c0)
6.381: (unload-truck p1 t1 l1-0)
6.381: (drive-truck t0 l0-1 l0-0 c0)
6.614: (drive-truck t1 l1-1 l1-0 c1)
6.614: (load-truck p2 t0 l0-0)
6.921: (load-truck p2 t0 l0-0)
6.921: (drive-truck t1 l1-1 l1-0 c1)
6.930: (drive-truck t1 l1-1 l1-0 c1)
6.930: (fly-airplane a0 l1-0 l0-0)
6.987: (load-truck p0 t1 l1-1)
6.987: (load-airplane p2 a0 l0-0)
6.987: (load-truck p1 t1 l1-1)
7.285: (drive-truck t1 l1-0 l1-1 c1)
7.361: (fly-airplane a0 l1-0 l0-0)
7.361: (load-truck p1 t1 l1-1)
7.361: (load-truck p2 t0 l0-0)
7.469: (fly-airplane a0 l1-0 l0-0)
7.469: (load-truck p0 t1 l1-1)
7.469: (load-truck p2 t0 l0-0)
7.760: (load-airplane p1 a0 l1-0)
7.778: (drive-truck t0 l0-1 l0-0 c0)
7.778: (drive-truck t1 l1-1 l1-0 c1)
7.778: (fly-airplane a0 l1-0 l0-0)
7.918: (unload-truck p1 t1 l1-0)
7.968: (unload-truck p0 t1 l1-0)
8.160: (fly-airplane a0 l1-0 l0-0)
8.160: (unload-truck p1 t1 l1-0)
8.202: (fly-airplane a0 l1-0 l0-0)
8.202: (drive-truck t0 l0-1 l0-0 c0)
8.202: (drive-truck t1 l1-1 l1-0 c1)
8.226: (drive-truck t0 l0-1 l0-0 c0)
8.614: (unload-truck p2 t0 l0-1)
8.614: (drive-truck t1 l1-0 l1-1 c1)
8.639: (load-airplane p2 a0 l0-0)
8.639: (drive-truck t0 l0-1 l0-0 c0)
8.639: (load-truck p1 t1 l1-1)
8.701: (drive-truck t0 l0-1 l0-0 c0)
8.701: (unload-truck p0 t1 l1-0)
8.845: (load-truck p0 t1 l1-1)
8.845: (load-airplane p2 a0 l0-0)
8.845: (drive-truck t0 l0-1 l0-0 c0)
9.185: (drive-truck t0 l0-0 l0-1 c0)
9.185: (load-truck p0 t1 l1-1)
9.772: (load-airplane p2 a0 l0-0)
9.772: (drive-truck t1 l1-1 l1-0 c1)
9.852: (drive-truck t1 l1-0 l1-1 c1)
9.852: (drive-truck t0 l0-0 l0-1 c0)
9.852: (fly-airplane a0 l1-0 l0-0)
9.966: (fly-airplane a0 l1-0 l0-0)
9.966: (unload-truck p0 t1 l1-0)
10.008: (unload-truck p2 t0 l0-1)
10.008: (fly-airplane a0 l1-0 l0-0)
10.027: (drive-truck t1 l1-1 l1-0 c1)
10.027: (load-airplane p2 a0 l0-0)
10.456: (drive-truck t0 l0-1 l0-0 c0)
10.456: (drive-truck t1 l1-0 l1-1 c1)
10.456: (fly-airplane a0 l0-0 l1-0)
10.470: (load-truck p0 t1 l1-1)
10.470: (fly-airplane a0 l0-0 l1-0)
10.499: (load-truck p1 t1 l1-1)
10.499: (fly-airplane a0 l0-0 l1-0)
10.663: (load-airplane p0 a0 l1-0)
10.696: (drive-truck t1 l1-0 l1-1 c1)
11.851: (drive-truck t0 l0-1 l0-0 c0)
11.851: (unload-airplane p2 a0 l1-0)
12.428: (drive-truck t1 l1-0 l1-1 c1)
12.428: (unload-airplane p2 a0 l1-0)
13.775: (fly-airplane a0 l1-0 l0-0)
13.797: (load-truck p2 t1 l1-0)
inf: (fly-airplane a0 l1-0 l1-0)
2.944: (load-truck p0 t1 l1-1)
2.944: (drive-truck t0 l0-0 l0-1 c0)
2.944: (load-truck p1 t1 l1-1)
4.000: (load-truck p0 t1 l1-1)
4.000: (fly-airplane a0 l1-0 l0-0)
4.000: (load-truck p2 t0 l0-0)
4.000: (load-truck p1 t1 l1-1)
4.943: (drive-truck t1 l1-1 l1-0 c1)
4.943: (load-truck p2 t0 l0-0)
5.148: (drive-truck t1 l1-1 l1-0 c1)
5.148: (drive-truck t0 l0-0 l0-1 c0)
5.715: (unload-truck p1 t1 l1-0)
5.715: (load-truck p2 t0 l0-0)
5.921: (fly-airplane a0 l1-0 l0-0)
5.921: (drive-truck t0 l0-1 l0-0 c0)
5.921: (drive-truck t1 l1-1 l1-0 c1)
5.956: (load-truck p0 t1 l1-1)
5.956: (load-airplane p2 a0 l0-0)
5.956: (load-truck p1 t1 l1-1)
5.956: (drive-truck t0 l0-1 l0-0 c0)
6.184: (drive-truck t0 l0-0 l0-1 c0)
6.184: (fly-airplane a0 l1-0 l0-0)
6.184: (load-truck p1 t1 l1-1)
6.336: (drive-truck t1 l1-0 l1-1 c1)
6.336: (drive-truck t0 l0-1 l0-0 c0)
6.711: (load-airplane p1 a0 l1-0)
6.711: (drive-truck t0 l0-1 l0-0 c0)
6.917: (unload-truck p1 t1 l1-0)
6.917: (drive-truck t0 l0-1 l0-0 c0)
6.964: (unload-truck p0 t1 l1-0)
6.964: (drive-truck t0 l0-1 l0-0 c0)
6.996: (drive-truck t1 l1-1 l1-0 c1)
6.996: (load-truck p2 t0 l0-0)
6.996: (fly-airplane a0 l1-0 l0-0)
7.010: (fly-airplane a0 l1-0 l0-0)
7.150: (drive-truck t1 l1-1 l1-0 c1)
7.150: (fly-airplane a0 l1-0 l0-0)
7.150: (load-truck p2 t0 l0-0)
7.201: (fly-airplane a0 l1-0 l0-0)
7.201: (unload-truck p1 t1 l1-0)
7.201: (drive-truck t0 l0-1 l0-0 c0)
7.528: (load-truck p1 t1 l1-1)
7.528: (unload-truck p2 t0 l0-1)
7.747: (drive-truck t1 l1-0 l1-1 c1)
7.747: (drive-truck t0 l0-1 l0-0 c0)
7.759: (unload-truck p0 t1 l1-0)
7.759: (load-truck p2 t0 l0-0)
7.764: (drive-truck t1 l1-0 l1-1 c1)
7.764: (load-airplane p1 a0 l1-0)
7.766: (drive-truck t0 l0-0 l0-1 c0)
7.766: (drive-truck t1 l1-1 l1-0 c1)
7.767: (drive-truck t1 l1-0 l1-1 c1)
7.767: (load-truck p0 t1 l1-1)
7.883: (fly-airplane a0 l0-0 l1-0)
7.883: (load-truck p1 t1 l1-1)
7.883: (load-truck p0 t1 l1-1)
7.909: (load-airplane p2 a0 l0-0)
7.909: (drive-truck t1 l1-1 l1-0 c1)
7.979: (fly-airplane a0 l1-0 l0-0)
7.979: (unload-truck p1 t1 l1-0)
8.030: (fly-airplane a0 l1-0 l0-0)
8.030: (unload-truck p0 t1 l1-0)
8.158: (drive-truck t1 l1-0 l1-1 c1)
8.158: (fly-airplane a0 l1-0 l0-0)
8.563: (load-airplane p2 a0 l0-0)
8.563: (drive-truck t0 l0-1 l0-0 c0)
8.563: (drive-truck t1 l1-1 l1-0 c1)
8.761: (load-airplane p2 a0 l0-0)
8.761: (drive-truck t1 l1-1 l1-0 c1)
8.761: (drive-truck t0 l0-1 l0-0 c0)
8.828: (load-truck p0 t1 l1-1)
8.828: (unload-truck p2 t0 l0-1)
8.917: (load-airplane p1 a0 l1-0)
8.934: (load-airplane p0 a0 l1-0)
8.958: (drive-truck t0 l0-1 l0-0 c0)
8.958: (fly-airplane a0 l1-0 l0-0)
8.958: (unload-truck p0 t1 l1-0)
8.960: (unload-truck p0 t1 l1-0)
8.960: (unload-truck p1 t1 l1-0)
8.993: (drive-truck t1 l1-0 l1-1 c1)
2.944: (load-truck p0 t1 l1-1)
2.944: (fly-airplane a0 l1-0 l0-0)
2.944: (drive-truck t0 l0-0 l0-1 c0)
3.977: (drive-truck t0 l0-0 l0-1 c0)
3.977: (drive-truck t1 l1-1 l1-0 c1)
4.550: (load-truck p1 t1 l1-1)
4.550: (load-truck p0 t1 l1-1)
4.550: (unload-truck p2 t0 l0-1)
4.940: (load-truck p2 t0 l0-0)
4.940: (fly-airplane a0 l1-0 l0-0)
4.940: (drive-truck t1 l1-1 l1-0 c1)
5.772: (load-airplane p1 a0 l1-0)
5.772: (load-truck p2 t0 l0-0)
5.856: (drive-truck t1 l1-0 l1-1 c1)
5.856: (load-truck p2 t0 l0-0)
5.948: (unload-truck p1 t1 l1-0)
5.948: (load-truck p2 t0 l0-0)
5.959: (fly-airplane a0 l1-0 l0-0)
5.960: (drive-truck t0 l0-1 l0-0 c0)
5.973: (unload-truck p0 t1 l1-0)
5.973: (load-truck p2 t0 l0-0)
6.127: (drive-truck t0 l0-0 l0-1 c0)
6.127: (drive-truck t1 l1-1 l1-0 c1)
6.127: (fly-airplane a0 l1-0 l0-0)
6.143: (unload-airplane p1 a0 l0-0)
6.223: (unload-truck p1 t1 l1-0)
6.223: (load-truck p2 t0 l0-0)
6.223: (fly-airplane a0 l1-0 l0-0)
6.716: (drive-truck t1 l1-0 l1-1 c1)
6.716: (load-airplane p1 a0 l1-0)
6.716: (drive-truck t0 l0-1 l0-0 c0)
6.747: (load-truck p0 t1 l1-1)
6.747: (drive-truck t1 l1-0 l1-1 c1)
6.747: (drive-truck t0 l0-1 l0-0 c0)
6.798: (drive-truck t0 l0-1 l0-0 c0)
6.798: (load-truck p1 t1 l1-1)
6.889: (unload-airplane p2 a0 l1-0)
6.899: (drive-truck t0 l0-1 l0-0 c0)
6.899: (drive-truck t1 l1-1 l1-0 c1)
6.899: (load-airplane p2 a0 l0-0)
6.902: (drive-truck t0 l0-1 l0-0 c0)
6.902: (fly-airplane a0 l0-0 l1-0)
6.974: (drive-truck t0 l0-1 l0-0 c0)
6.974: (unload-truck p1 t1 l1-0)
6.974: (fly-airplane a0 l1-0 l0-0)
7.010: (fly-airplane a0 l1-0 l0-0)
7.010: (drive-truck t1 l1-0 l1-1 c1)
7.020: (drive-truck t0 l0-1 l0-0 c0)
7.020: (fly-airplane a0 l1-0 l0-0)
7.020: (unload-truck p0 t1 l1-0)
7.051: (drive-truck t0 l0-0 l0-1 c0)
7.051: (unload-truck p1 t1 l1-0)
7.193: (drive-truck t0 l0-1 l0-0 c0)
7.193: (drive-truck t1 l1-0 l1-1 c1)
7.193: (fly-airplane a0 l1-0 l0-0)
7.410: (unload-truck p2 t0 l0-1)
7.410: (drive-truck t1 l1-1 l1-0 c1)
7.429: (unload-truck p2 t0 l0-1)
7.429: (drive-truck t1 l1-1 l1-0 c1)
7.726: (load-airplane p2 a0 l0-0)
7.726: (unload-truck p1 t1 l1-0)
7.776: (load-truck p0 t1 l1-1)
7.776: (drive-truck t1 l1-0 l1-1 c1)
7.776: (fly-airplane a0 l1-0 l0-0)
7.889: (load-airplane p1 a0 l1-0)
7.889: (drive-truck t0 l0-1 l0-0 c0)
7.931: (drive-truck t0 l0-1 l0-0 c0)
7.932: (load-airplane p0 a0 l1-0)
7.945: (drive-truck t0 l0-1 l0-0 c0)
7.945: (unload-truck p1 t1 l1-0)
7.945: (unload-truck p0 t1 l1-0)
7.966: (load-truck p0 t1 l1-1)
7.966: (drive-truck t0 l0-1 l0-0 c0)
7.982: (load-airplane p2 a0 l0-0)
7.992: (drive-truck t1 l1-0 l1-1 c1)
7.992: (drive-truck t0 l0-1 l0-0 c0)
8.014: (fly-airplane a0 l1-0 l0-0)
8.014: (load-truck p2 t0 l0-0)
8.014: (unload-truck p0 t1 l1-0)
8.269: (drive-truck t0 l0-0 l0-1 c0)
3.823: (load-truck p1 t1 l1-1)
3.823: (drive-truck t0 l0-1 l0-0 c0)
3.823: (load-truck p0 t1 l1-1)
3.983: (drive-truck t1 l1-1 l1-0 c1)
3.983: (fly-airplane a0 l1-0 l0-0)
3.983: (drive-truck t0 l0-0 l0-1 c0)
4.593: (fly-airplane a0 l1-0 l0-0)
4.593: (unload-truck p2 t0 l0-1)
4.987: (unload-truck p0 t1 l1-0)
4.987: (drive-truck t0 l0-0 l0-1 c0)
4.990: (load-truck p2 t0 l0-0)
4.990: (fly-airplane a0 l1-0 l0-0)
5.129: (drive-truck t0 l0-1 l0-0 c0)
5.129: (unload-airplane p1 a0 l0-0)
5.686: (unload-truck p2 t0 l0-1)
5.686: (drive-truck t1 l1-1 l1-0 c1)
5.773: (load-airplane p1 a0 l1-0)
5.773: (drive-truck t1 l1-0 l1-1 c1)
5.773: (load-truck p2 t0 l0-0)
5.957: (drive-truck t1 l1-0 l1-1 c1)
5.957: (drive-truck t0 l0-1 l0-0 c0)
5.957: (fly-airplane a0 l1-0 l0-0)
5.979: (unload-airplane p2 a0 l1-0)
5.979: (drive-truck t0 l0-1 l0-0 c0)
5.998: (drive-truck t1 l1-0 l1-1 c1)
5.998: (load-truck p0 t1 l1-1)
5.998: (load-truck p2 t0 l0-0)
6.008: (unload-truck p1 t1 l1-0)
6.008: (fly-airplane a0 l1-0 l0-0)
6.008: (load-truck p2 t0 l0-0)
6.019: (fly-airplane a0 l0-0 l1-0)
6.031: (load-truck p2 t0 l0-0)
6.031: (unload-truck p0 t1 l1-0)
6.031: (fly-airplane a0 l1-0 l0-0)
6.117: (unload-airplane p1 a0 l0-0)
6.117: (drive-truck t1 l1-0 l1-1 c1)
6.213: (fly-airplane a0 l1-0 l0-0)
6.213: (drive-truck t1 l1-0 l1-1 c1)
6.213: (load-truck p2 t0 l0-0)
6.556: (drive-truck t1 l1-1 l1-0 c1)
6.556: (drive-truck t0 l0-1 l0-0 c0)
6.679: (unload-truck p2 t0 l0-1)
6.679: (unload-truck p1 t1 l1-0)
6.701: (drive-truck t1 l1-1 l1-0 c1)
6.701: (drive-truck t0 l0-1 l0-0 c0)
6.711: (drive-truck t0 l0-0 l0-1 c0)
6.711: (load-airplane p1 a0 l1-0)
6.751: (fly-airplane a0 l1-0 l0-0)
6.751: (drive-truck t0 l0-1 l0-0 c0)
6.751: (load-truck p0 t1 l1-1)
6.751: (drive-truck t1 l1-0 l1-1 c1)
6.886: (fly-airplane a0 l1-0 l0-0)
6.938: (load-airplane p1 a0 l1-0)
6.939: (load-truck p2 t0 l0-0)
6.962: (load-truck p2 t0 l0-0)
6.962: (load-airplane p0 a0 l1-0)
6.991: (load-truck p2 t0 l0-0)
6.991: (unload-truck p1 t1 l1-0)
6.991: (unload-truck p0 t1 l1-0)
6.997: (drive-truck t0 l0-1 l0-0 c0)
6.997: (load-airplane p2 a0 l0-0)
7.003: (load-truck p2 t0 l0-0)
7.003: (drive-truck t1 l1-0 l1-1 c1)
7.006: (drive-truck t1 l1-0 l1-1 c1)
7.006: (drive-truck t0 l0-0 l0-1 c0)
7.010: (unload-airplane p1 a0 l0-0)
7.010: (load-airplane p2 a0 l0-0)
7.221: (drive-truck t0 l0-0 l0-1 c0)
7.221: (unload-truck p1 t1 l1-0)
7.377: (fly-airplane a0 l0-0 l1-0)
7.377: (drive-truck t1 l1-1 l1-0 c1)
7.642: (fly-airplane a0 l0-0 l1-0)
7.678: (load-truck p0 t1 l1-1)
7.678: (load-airplane p1 a0 l1-0)
7.678: (drive-truck t1 l1-0 l1-1 c1)
7.726: (drive-truck t1 l1-0 l1-1 c1)
7.726: (load-airplane p2 a0 l0-0)
7.736: (fly-airplane a0 l1-0 l0-0)
7.858: (fly-airplane a0 l1-0 l0-0)
7.858: (unload-truck p2 t0 l0-1)
3.821: (load-truck p0 t1 l1-1)
3.821: (fly-airplane a0 l1-0 l0-0)
3.821: (drive-truck t0 l0-1 l0-0 c0)
3.991: (unload-airplane p1 a0 l0-0)
3.991: (load-truck p2 t0 l0-0)
3.991: (load-truck p1 t0 l0-0)
4.950: (fly-airplane a0 l0-0 l1-0)
4.950: (drive-truck t0 l0-1 l0-0 c0)
4.958: (drive-truck t0 l0-1 l0-0 c0)
4.958: (drive-truck t1 l1-1 l1-0 c1)
4.988: (fly-airplane a0 l1-0 l0-0)
4.988: (load-truck p2 t0 l0-0)
4.988: (drive-truck t1 l1-0 l1-1 c1)
5.055: (unload-truck p0 t1 l1-0)
5.055: (fly-airplane a0 l1-0 l0-0)
5.055: (drive-truck t0 l0-0 l0-1 c0)
5.100: (drive-truck t0 l0-1 l0-0 c0)
5.100: (drive-truck t1 l1-0 l1-1 c1)
5.100: (unload-airplane p1 a0 l0-0)
5.817: (unload-truck p1 t1 l1-0)
5.817: (drive-truck t0 l0-1 l0-0 c0)
5.856: (unload-truck p2 t0 l0-1)
5.856: (load-airplane p1 a0 l1-0)
5.909: (unload-truck p2 t0 l0-1)
5.909: (drive-truck t1 l1-1 l1-0 c1)
5.909: (fly-airplane a0 l1-0 l0-0)
5.931: (load-truck p0 t1 l1-1)
5.931: (load-truck p2 t0 l0-0)
5.931: (drive-truck t1 l1-0 l1-1 c1)
5.931: (fly-airplane a0 l1-0 l0-0)
5.934: (fly-airplane a0 l1-0 l0-0)
5.934: (drive-truck t0 l0-0 l0-1 c0)
5.959: (unload-airplane p1 a0 l0-0)
5.959: (drive-truck t0 l0-1 l0-0 c0)
5.959: (load-airplane p2 a0 l0-0)
5.975: (load-airplane p0 a0 l1-0)
5.975: (drive-truck t0 l0-0 l0-1 c0)
5.978: (drive-truck t0 l0-1 l0-0 c0)
5.978: (fly-airplane a0 l1-0 l0-0)
6.007: (drive-truck t0 l0-0 l0-1 c0)
6.007: (drive-truck t1 l1-0 l1-1 c1)
6.022: (drive-truck t1 l1-0 l1-1 c1)
6.022: (fly-airplane a0 l0-0 l1-0)
6.264: (drive-truck t1 l1-0 l1-1 c1)
6.264: (load-truck p0 t1 l1-1)
6.264: (drive-truck t0 l0-0 l0-1 c0)
6.630: (drive-truck t1 l1-0 l1-1 c1)
6.630: (unload-truck p2 t0 l0-1)
6.703: (unload-truck p0 t1 l1-0)
6.703: (unload-truck p2 t0 l0-1)
6.714: (load-airplane p1 a0 l1-0)
6.714: (drive-truck t0 l0-0 l0-1 c0)
6.714: (drive-truck t1 l1-0 l1-1 c1)
6.731: (load-truck p0 t1 l1-1)
6.731: (load-airplane p1 a0 l1-0)
6.731: (load-truck p2 t0 l0-0)
6.731: (drive-truck t1 l1-0 l1-1 c1)
6.844: (unload-truck p1 t1 l1-0)
6.845: (unload-truck p2 t0 l0-1)
6.937: (load-truck p0 t1 l1-1)
6.937: (fly-airplane a0 l1-0 l0-0)
6.938: (fly-airplane a0 l1-0 l0-0)
6.962: (fly-airplane a0 l1-0 l0-0)
6.978: (fly-airplane a0 l1-0 l0-0)
6.978: (drive-truck t0 l0-1 l0-0 c0)
6.996: (drive-truck t1 l1-0 l1-1 c1)
6.996: (load-airplane p2 a0 l0-0)
7.003: (fly-airplane a0 l1-0 l0-0)
7.003: (unload-truck p1 t1 l1-0)
7.003: (unload-truck p0 t1 l1-0)
7.010: (drive-truck t1 l1-0 l1-1 c1)
7.010: (load-airplane p2 a0 l0-0)
7.015: (fly-airplane a0 l1-0 l0-0)
7.015: (drive-truck t1 l1-0 l1-1 c1)
7.030: (load-truck p0 t1 l1-1)
7.128: (drive-truck t1 l1-1 l1-0 c1)
7.128: (unload-airplane p2 a0 l1-0)
7.411: (unload-truck p1 t1 l1-0)
7.411: (drive-truck t0 l0-0 l0-1 c0)
7.411: (fly-airplane a0 l1-0 l0-0)
3.009: (load-truck p1 t0 l0-0)
3.009: (load-truck p2 t0 l0-0)
3.969: (load-truck p1 t0 l0-0)
3.969: (drive-truck t1 l1-0 l1-1 c1)
3.969: (drive-truck t1 l1-0 l1-1 c1)
3.969: (load-truck p2 t0 l0-0)
3.969: (unload-airplane p1 a0 l0-0)
4.026: (load-truck p1 t0 l0-0)
4.026: (fly-airplane a0 l0-0 l1-0)
4.026: (load-truck p2 t0 l0-0)
4.026: (fly-airplane a0 l0-0 l1-0)
4.950: (drive-truck t1 l1-0 l1-1 c1)
4.950: (fly-airplane a0 l0-0 l1-0)
4.950: (drive-truck t0 l0-1 l0-0 c0)
4.963: (unload-truck p2 t0 l0-1)
4.963: (fly-airplane a0 l1-0 l0-0)
4.968: (unload-airplane p1 a0 l0-0)
4.968: (drive-truck t0 l0-0 l0-1 c0)
4.968: (drive-truck t0 l0-0 l0-1 c0)
4.990: (load-airplane p2 a0 l0-0)
4.991: (load-truck p1 t0 l0-0)
5.019: (drive-truck t0 l0-1 l0-0 c0)
5.019: (load-airplane p1 a0 l1-0)
5.137: (drive-truck t0 l0-1 l0-0 c0)
5.137: (drive-truck t1 l1-1 l1-0 c1)
5.137: (fly-airplane a0 l1-0 l0-0)
5.715: (drive-truck t1 l1-0 l1-1 c1)
5.715: (unload-truck p2 t0 l0-1)
5.715: (load-truck p0 t1 l1-1)
5.769: (drive-truck t0 l0-1 l0-0 c0)
5.769: (drive-truck t1 l1-0 l1-1 c1)
5.860: (drive-truck t1 l1-0 l1-1 c1)
5.860: (unload-truck p2 t0 l0-1)
5.860: (load-airplane p1 a0 l1-0)
5.933: (fly-airplane a0 l1-0 l0-0)
5.933: (drive-truck t1 l1-0 l1-1 c1)
5.933: (drive-truck t0 l0-0 l0-1 c0)
5.946: (unload-airplane p1 a0 l0-0)
5.955: (unload-airplane p1 a0 l0-0)
5.955: (drive-truck t0 l0-1 l0-0 c0)
5.956: (load-truck p0 t1 l1-1)
5.957: (load-airplane p2 a0 l0-0)
5.957: (drive-truck t1 l1-0 l1-1 c1)
5.957: (unload-airplane p1 a0 l0-0)
5.957: (drive-truck t0 l0-1 l0-0 c0)
5.965: (load-truck p0 t1 l1-1)
5.965: (drive-truck t1 l1-0 l1-1 c1)
5.965: (load-truck p2 t0 l0-0)
5.965: (fly-airplane a0 l1-0 l0-0)
5.973: (unload-airplane p0 a0 l0-0)
5.976: (unload-truck p0 t1 l1-0)
5.976: (drive-truck t0 l0-1 l0-0 c0)
5.984: (drive-truck t0 l0-1 l0-0 c0)
5.984: (unload-truck p1 t1 l1-0)
6.005: (fly-airplane a0 l1-0 l0-0)
6.005: (drive-truck t1 l1-0 l1-1 c1)
6.005: (drive-truck t0 l0-0 l0-1 c0)
6.154: (load-truck p2 t1 l1-0)
6.320: (drive-truck t1 l1-0 l1-1 c1)
6.320: (drive-truck t0 l0-0 l0-1 c0)
6.320: (fly-airplane a0 l1-0 l0-0)
6.711: (fly-airplane a0 l0-0 l1-0)
6.720: (fly-airplane a0 l1-0 l0-0)
6.759: (drive-truck t0 l0-0 l0-1 c0)
6.759: (fly-airplane a0 l1-0 l0-0)
6.856: (unload-truck p0 t1 l1-0)
6.856: (unload-truck p2 t0 l0-1)
6.856: (fly-airplane a0 l1-0 l0-0)
6.920: (unload-truck p2 t0 l0-1)
6.920: (load-airplane p0 a0 l1-0)
6.954: (load-airplane p0 a0 l1-0)
6.954: (drive-truck t1 l1-0 l1-1 c1)
6.983: (unload-truck p1 t1 l1-0)
6.983: (unload-truck p2 t0 l0-1)
6.983: (fly-airplane a0 l1-0 l0-0)
7.032: (fly-airplane a0 l0-0 l1-0)
7.032: (load-truck p0 t1 l1-1)
7.201: (load-airplane p1 a0 l1-0)
7.234: (fly-airplane a0 l1-0 l0-0)
7.234: (drive-truck t1 l1-1 l1-0 c1)
1.959: (drive-truck t0 l0-0 l0-1 c0)
2.980: (load-truck p1 t0 l0-0)
2.980: (load-truck p2 t0 l0-0)
2.980: (fly-airplane a0 l0-0 l1-0)
2.991: (drive-truck t1 l1-0 l1-1 c1)
2.991: (load-truck p2 t0 l0-0)
2.991: (load-truck p1 t0 l0-0)
3.955: (fly-airplane a0 l1-0 l0-0)
3.955: (drive-truck t0 l0-1 l0-0 c0)
3.986: (unload-truck p2 t0 l0-1)
3.986: (unload-airplane p1 a0 l0-0)
3.986: (unload-truck p1 t0 l0-1)
4.018: (drive-truck t1 l1-0 l1-1 c1)
4.018: (drive-truck t1 l1-0 l1-1 c1)
4.018: (fly-airplane a0 l0-0 l1-0)
4.018: (load-truck p1 t0 l0-0)
4.018: (fly-airplane a0 l0-0 l1-0)
4.018: (load-truck p2 t0 l0-0)
4.943: (load-truck p0 t0 l0-0)
4.943: (load-truck p1 t0 l0-0)
4.960: (drive-truck t0 l0-0 l0-1 c0)
4.960: (drive-truck t0 l0-0 l0-1 c0)
4.960: (fly-airplane a0 l0-0 l1-0)
4.960: (fly-airplane a0 l0-0 l1-0)
4.962: (drive-truck t1 l1-0 l1-1 c1)
4.962: (unload-truck p2 t0 l0-1)
4.962: (fly-airplane a0 l1-0 l0-0)
4.967: (drive-truck t1 l1-0 l1-1 c1)
4.967: (drive-truck t1 l1-0 l1-1 c1)
4.967: (drive-truck t0 l0-0 l0-1 c0)
4.967: (drive-truck t0 l0-0 l0-1 c0)
4.967: (unload-airplane p1 a0 l0-0)
4.971: (load-truck p0 t1 l1-1)
4.971: (load-truck p0 t1 l1-1)
4.971: (load-truck p1 t0 l0-0)
4.971: (load-truck p2 t0 l0-0)
4.971: (unload-airplane p1 a0 l0-0)
4.971: (drive-truck t1 l1-0 l1-1 c1)
4.986: (drive-truck t0 l0-1 l0-0 c0)
4.986: (drive-truck t1 l1-0 l1-1 c1)
4.986: (load-truck p0 t1 l1-1)
4.988: (load-airplane p2 a0 l0-0)
4.988: (drive-truck t1 l1-0 l1-1 c1)
4.988: (load-truck p1 t0 l0-0)
5.023: (drive-truck t0 l0-1 l0-0 c0)
5.023: (load-airplane p1 a0 l1-0)
5.023: (drive-truck t1 l1-0 l1-1 c1)
5.036: (drive-truck t1 l1-0 l1-1 c1)
5.734: (drive-truck t1 l1-0 l1-1 c1)
5.734: (unload-truck p2 t0 l0-1)
5.734: (fly-airplane a0 l1-0 l0-0)
5.772: (fly-airplane a0 l0-0 l1-0)
5.772: (load-truck p1 t0 l0-0)
5.837: (unload-airplane p0 a0 l0-0)
5.837: (drive-truck t0 l0-0 l0-1 c0)
5.934: (drive-truck t0 l0-0 l0-1 c0)
5.934: (load-airplane p2 a0 l0-0)
5.951: (drive-truck t0 l0-1 l0-0 c0)
5.951: (load-truck p0 t1 l1-1)
5.951: (fly-airplane a0 l0-0 l1-0)
6.005: (fly-airplane a0 l0-0 l1-0)
6.034: (fly-airplane a0 l0-0 l1-0)
6.086: (fly-airplane a0 l1-0 l0-0)
6.086: (drive-truck t0 l0-1 l0-0 c0)
6.086: (unload-truck p0 t1 l1-0)
6.094: (drive-truck t0 l0-1 l0-0 c0)
6.094: (unload-truck p1 t1 l1-0)
6.094: (fly-airplane a0 l1-0 l0-0)
6.186: (drive-truck t0 l0-1 l0-0 c0)
6.186: (load-airplane p0 a0 l1-0)
6.313: (drive-truck t0 l0-1 l0-0 c0)
6.313: (load-airplane p1 a0 l1-0)
6.335: (fly-airplane a0 l1-0 l0-0)
6.335: (load-truck p2 t1 l1-0)
6.381: (unload-airplane p2 a0 l1-0)
6.703: (fly-airplane a0 l1-0 l0-0)
6.703: (drive-truck t1 l1-0 l1-1 c1)
6.716: (drive-truck t1 l1-0 l1-1 c1)
6.716: (fly-airplane a0 l0-0 l1-0)
6.815: (load-airplane p1 a0 l1-0)
0.964: (unload-truck p2 t0 l0-1)
0.964: (unload-truck p1 t0 l0-1)
1.950: (fly-airplane a0 l0-0 l1-0)
1.950: (drive-truck t0 l0-0 l0-1 c0)
1.959: (drive-truck t0 l0-0 l0-1 c0)
1.959: (drive-truck t1 l1-0 l1-1 c1)
2.961: (drive-truck t0 l0-1 l0-0 c0)
2.961: (unload-airplane p1 a0 l0-0)
2.961: (drive-truck t0 l0-1 l0-0 c0)
2.975: (load-truck p1 t0 l0-0)
2.975: (load-truck p2 t0 l0-0)
2.975: (drive-truck t1 l1-0 l1-1 c1)
2.975: (fly-airplane a0 l0-0 l1-0)
3.948: (drive-truck t0 l0-0 l0-1 c0)
3.952: (drive-truck t0 l0-1 l0-0 c0)
3.952: (drive-truck t1 l1-0 l1-1 c1)
3.952: (fly-airplane a0 l1-0 l0-0)
3.968: (fly-airplane a0 l0-0 l1-0)
3.968: (unload-truck p2 t0 l0-1)
3.968: (fly-airplane a0 l0-0 l1-0)
3.968: (unload-truck p1 t0 l0-1)
3.984: (drive-truck t1 l1-0 l1-1 c1)
3.984: (drive-truck t1 l1-0 l1-1 c1)
3.984: (unload-airplane p1 a0 l0-0)
3.984: (unload-truck p1 t0 l0-1)
3.984: (unload-truck p2 t0 l0-1)
3.986: (drive-truck t1 l1-0 l1-1 c1)
3.986: (load-truck p2 t0 l0-0)
3.986: (load-truck p1 t0 l0-0)
3.986: (load-truck p0 t1 l1-1)
4.000: (drive-truck t0 l0-0 l0-1 c0)
4.026: (drive-truck t1 l1-0 l1-1 c1)
4.939: (load-truck p1 t0 l0-0)
4.939: (fly-airplane a0 l0-0 l1-0)
4.940: (fly-airplane a0 l0-0 l1-0)
4.940: (load-truck p0 t0 l0-0)
4.958: (drive-truck t0 l0-0 l0-1 c0)
4.958: (drive-truck t1 l1-0 l1-1 c1)
4.958: (drive-truck t0 l0-0 l0-1 c0)
4.958: (fly-airplane a0 l0-0 l1-0)
4.958: (fly-airplane a0 l0-0 l1-0)
4.958: (drive-truck t1 l1-0 l1-1 c1)
4.963: (unload-truck p1 t0 l0-1)
4.963: (load-airplane p2 a0 l0-0)
4.987: (load-truck p0 t1 l1-1)
4.987: (drive-truck t1 l1-0 l1-1 c1)
4.987: (fly-airplane a0 l1-0 l0-0)
4.987: (drive-truck t0 l0-1 l0-0 c0)
5.031: (load-truck p2 t0 l0-0)
5.031: (load-truck p1 t0 l0-0)
5.031: (drive-truck t1 l1-0 l1-1 c1)
5.031: (fly-airplane a0 l0-0 l1-0)
5.031: (fly-airplane a0 l0-0 l1-0)
5.031: (load-truck p0 t1 l1-1)
5.031: (load-truck p0 t1 l1-1)
5.035: (fly-airplane a0 l1-0 l0-0)
5.036: (drive-truck t1 l1-0 l1-1 c1)
5.715: (load-truck p1 t0 l0-0)
5.715: (unload-airplane p2 a0 l1-0)
5.773: (load-truck p1 t0 l0-0)
5.773: (fly-airplane a0 l0-0 l1-0)
5.773: (drive-truck t1 l1-0 l1-1 c1)
5.804: (fly-airplane a0 l0-0 l1-0)
5.804: (drive-truck t0 l0-0 l0-1 c0)
5.922: (fly-airplane a0 l1-0 l0-0)
5.922: (fly-airplane a0 l1-0 l0-0)
5.931: (unload-truck p1 t1 l1-0)
5.933: (load-airplane p2 a0 l0-0)
5.933: (drive-truck t1 l1-0 l1-1 c1)
5.933: (drive-truck t0 l0-0 l0-1 c0)
5.946: (unload-truck p2 t0 l0-0)
5.946: (drive-truck t1 l1-1 l1-0 c1)
5.946: (unload-truck p2 t0 l0-0)
5.947: (load-truck p0 t1 l1-1)
5.947: (fly-airplane a0 l1-0 l0-0)
5.959: (unload-truck p0 t1 l1-0)
5.965: (load-truck p0 t1 l1-1)
5.965: (load-airplane p2 a0 l0-0)
5.965: (load-truck p0 t1 l1-1)
5.965: (load-truck p0 t1 l1-1)
-0.043: (unload-truck p1 t0 l0-1)
[Final] Expanded: 339, Generated: 2909
Found a solution of length 13!
   1: (drive-truck t1 l1-0 l1-1 c1)
   2: (load-truck p1 t1 l1-1)
   3: (drive-truck t1 l1-1 l1-0 c1)
   4: (drive-truck t0 l0-1 l0-0 c0)
   5: (unload-truck p1 t1 l1-0)
   6: (load-airplane p1 a0 l1-0)
   7: (fly-airplane a0 l1-0 l0-0)
   8: (load-truck p2 t0 l0-0)
   9: (unload-airplane p1 a0 l0-0)
  10: (load-truck p1 t0 l0-0)
  11: (drive-truck t0 l0-0 l0-1 c0)
  12: (unload-truck p2 t0 l0-1)
  13: (unload-truck p1 t0 l0-1)
