Torch: 2.12.0+cu130
Using GPU:  NVIDIA L40S
[Bellman] lambda=0 -> baseline (no widening signal)
[Binc] OPTION6 binc_beta=8.0 binc_eps=1.0 signal=BELLMAN INCONSISTENCY (1-step min-W1 parent-vs-child, B_good within eps) vs SIBLINGS (boosts exploration toward inconsistent children; prior untouched)
[Value] SELF-CONSISTENT: leaf value = QR-DQN max_a mean Z(s,a) (SAC critics bypassed; prior still SAC policy)
/u/ibrahim.eisawy/Neural-Guided-Search/venv/lib/python3.10/site-packages/pymimir_rgnn/model.py:162: UserWarning: index_reduce() is in beta and the API may change at any time. (Triggered internally at /pytorch/aten/src/ATen/native/cuda/Indexing.cu:1541.)
  exps_max.index_reduce_(0, output_indices, output_messages, reduce="amax", include_self=False)
  [sim 320] found goal path of length 18
[Final] Expanded: 37, Generated: 37
[Cost] IQN forward calls (Bellman signal): 108
[Widen] nodes widened: 0, mean w: 0.0000
[Binc] child-edges modulated: 78, mean mult: 2.2855 (1.0 = no change; >1 = boosted toward inconsistent)
[search done] simulations=320, unique states generated=37
Found a solution of length 18!
   1: (move f1-1f f1-0f)
   2: (move f1-0f f0-0f)
   3: (move f0-0f f0-1f)
   4: (move f0-1f f0-2f)
   5: (move f0-2f f0-3f)
   6: (move f0-3f f0-4f)
   7: (move f0-4f f0-5f)
   8: (move f0-5f f1-5f)
   9: (move f1-5f f2-5f)
  10: (move f2-5f f3-5f)
  11: (move f3-5f f4-5f)
  12: (move f4-5f f4-6f)
  13: (move f4-6f f4-7f)
  14: (move f4-7f f5-7f)
  15: (move f5-7f f6-7f)
  16: (detonate-bomb f6-7f f7-7f)
  17: (move f6-7f f7-7f)
  18: (pick-gold f7-7f)
