Torch: 2.12.0+cu130
Using GPU:  NVIDIA L40S
[Bellman] lambda=0 -> baseline (no widening signal)
[Sib] OPTION5 sib_beta=12.0 signal=QR-DQN raw width vs SIBLINGS (boosts exploration toward wider/uncertain children; prior untouched)
[Value] SELF-CONSISTENT: leaf value = QR-DQN max_a mean Z(s,a) (SAC critics bypassed; prior still SAC policy)
/u/ibrahim.eisawy/Neural-Guided-Search/venv/lib/python3.10/site-packages/pymimir_rgnn/model.py:162: UserWarning: index_reduce() is in beta and the API may change at any time. (Triggered internally at /pytorch/aten/src/ATen/native/cuda/Indexing.cu:1541.)
  exps_max.index_reduce_(0, output_indices, output_messages, reduce="amax", include_self=False)
  [sim 500] root visits=500, unique states=988, generated=987, iqn_calls=329
  [sim 1000] root visits=1000, unique states=1743, generated=1742, iqn_calls=593
  [sim 1500] root visits=1500, unique states=2650, generated=2649, iqn_calls=899
  [sim 2000] root visits=2000, unique states=3411, generated=3410, iqn_calls=1160
  [sim 2500] root visits=2500, unique states=3828, generated=3827, iqn_calls=1338
  [sim 3000] root visits=3000, unique states=4369, generated=4368, iqn_calls=1563
  [sim 3500] root visits=3500, unique states=4914, generated=4913, iqn_calls=1754
  [sim 4000] root visits=4000, unique states=5323, generated=5322, iqn_calls=1897
  [sim 4500] root visits=4500, unique states=5959, generated=5958, iqn_calls=2119
  [sim 5000] root visits=5000, unique states=6377, generated=6376, iqn_calls=2279
  [sim 5500] root visits=5500, unique states=6755, generated=6754, iqn_calls=2432
  [sim 6000] root visits=6000, unique states=7115, generated=7114, iqn_calls=2574
  [sim 6500] root visits=6500, unique states=7459, generated=7458, iqn_calls=2695
  [sim 7000] root visits=7000, unique states=7893, generated=7892, iqn_calls=2870
  [sim 7500] root visits=7500, unique states=8345, generated=8344, iqn_calls=3057
  [sim 8000] root visits=8000, unique states=8654, generated=8653, iqn_calls=3190
  [sim 8500] root visits=8500, unique states=9008, generated=9007, iqn_calls=3329
[Final] Expanded: 9424, Generated: 9424
[Cost] IQN forward calls (Bellman signal): 3482
[Widen] nodes widened: 0, mean w: 0.0000
[Sib] child-edges modulated: 17197, mean mult: 1.0519 (1.0 = no change; >1 = boosted toward wide)
[search done] simulations=8966, unique states generated=9424
Failed to find a solution!
