Torch: 2.12.0+cu130
Using GPU:  NVIDIA L40S
[Bellman] lambda=0 -> baseline (no widening signal)
[W1raw] OPTION7 w1raw_beta=4.0 signal=RAW edge-W1 (parent-best vs child-best, no reward/discount) vs SIBLINGS (boosts exploration toward larger-shift children; prior untouched) [SHUFFLE CONTROL: signal-blind placement]
[Value] SELF-CONSISTENT: leaf value = QR-DQN max_a mean Z(s,a) (SAC critics bypassed; prior still SAC policy)
/u/ibrahim.eisawy/Neural-Guided-Search/venv/lib/python3.10/site-packages/pymimir_rgnn/model.py:162: UserWarning: index_reduce() is in beta and the API may change at any time. (Triggered internally at /pytorch/aten/src/ATen/native/cuda/Indexing.cu:1541.)
  exps_max.index_reduce_(0, output_indices, output_messages, reduce="amax", include_self=False)
  [sim 500] root visits=500, unique states=641, generated=640, iqn_calls=1622
  [sim 1000] root visits=1000, unique states=1015, generated=1014, iqn_calls=2586
  [sim 1500] root visits=1500, unique states=1289, generated=1288, iqn_calls=3252
  [sim 2000] root visits=2000, unique states=1884, generated=1883, iqn_calls=4720
  [sim 2500] root visits=2500, unique states=2330, generated=2329, iqn_calls=5796
  [sim 3000] root visits=3000, unique states=2741, generated=2740, iqn_calls=6825
  [sim 3500] root visits=3500, unique states=3027, generated=3026, iqn_calls=7518
  [sim 4000] root visits=4000, unique states=3324, generated=3323, iqn_calls=8242
  [sim 4500] root visits=4500, unique states=3602, generated=3601, iqn_calls=8979
  [sim 5000] root visits=5000, unique states=3901, generated=3900, iqn_calls=9767
[Final] Expanded: 3914, Generated: 3914
[Cost] IQN forward calls (Bellman signal): 9816
[Widen] nodes widened: 0, mean w: 0.0000
[W1raw] child-edges modulated: 8544, mean mult: 2.4100 (1.0 = no change; >1 = boosted toward larger shift)
[search done] simulations=5032, unique states generated=3914
Failed to find a solution!
