Torch: 2.12.0+cu130
Using GPU:  NVIDIA L40S
[Bellman] lambda=0 -> baseline (no widening signal)
[Binc] OPTION6 binc_beta=1.0 signal=BELLMAN INCONSISTENCY (1-step min-W1 parent-vs-child) vs SIBLINGS (boosts exploration toward inconsistent children; prior untouched) [SHUFFLE CONTROL: signal-blind placement]
[Value] SELF-CONSISTENT: leaf value = QR-DQN max_a mean Z(s,a) (SAC critics bypassed; prior still SAC policy)
/u/ibrahim.eisawy/Neural-Guided-Search/venv/lib/python3.10/site-packages/pymimir_rgnn/model.py:162: UserWarning: index_reduce() is in beta and the API may change at any time. (Triggered internally at /pytorch/aten/src/ATen/native/cuda/Indexing.cu:1541.)
  exps_max.index_reduce_(0, output_indices, output_messages, reduce="amax", include_self=False)
  [sim 86] found goal path of length 38
[Final] Expanded: 246, Generated: 246
[Cost] IQN forward calls (Bellman signal): 488
[Widen] nodes widened: 0, mean w: 0.0000
[Binc] child-edges modulated: 403, mean mult: 1.0029 (1.0 = no change; >1 = boosted toward inconsistent)
[search done] simulations=86, unique states generated=246
Found a solution of length 38!
   1: (move f9-0f f9-1f)
   2: (move f9-1f f8-1f)
   3: (move f8-1f f8-2f)
   4: (move f8-2f f8-3f)
   5: (move f8-3f f7-3f)
   6: (move f7-3f f7-4f)
   7: (move f7-4f f7-5f)
   8: (move f7-5f f8-5f)
   9: (move f8-5f f8-4f)
  10: (move f8-4f f9-4f)
  11: (move f9-4f f9-3f)
  12: (move f9-3f f9-2f)
  13: (move f9-2f f10-2f)
  14: (move f10-2f f11-2f)
  15: (move f11-2f f11-1f)
  16: (move f11-1f f11-0f)
  17: (move f11-0f f10-0f)
  18: (pickup-and-loose f10-0f key1-4 key2-1)
  19: (unlock f10-0f f10-1f key1-4 shape1)
  20: (pickup-and-loose f10-0f key2-1 key1-4)
  21: (move f10-0f f9-0f)
  22: (move f9-0f f9-1f)
  23: (move f9-1f f8-1f)
  24: (move f8-1f f8-2f)
  25: (move f8-2f f8-3f)
  26: (move f8-3f f9-3f)
  27: (move f9-3f f9-4f)
  28: (move f9-4f f8-4f)
  29: (move f8-4f f7-4f)
  30: (move f7-4f f7-3f)
  31: (move f7-3f f6-3f)
  32: (move f6-3f f6-2f)
  33: (move f6-2f f5-2f)
  34: (move f5-2f f4-2f)
  35: (unlock f4-2f f3-2f key2-1 shape2)
  36: (move f4-2f f3-2f)
  37: (move f3-2f f2-2f)
  38: (putdown f2-2f key2-1)
