Torch: 2.12.0+cu130
Using GPU:  NVIDIA L40S
[Bellman] lambda=0 -> baseline (no widening signal)
[Binc] OPTION6 binc_beta=5.0 binc_eps=1.0 signal=BELLMAN INCONSISTENCY (1-step min-W1 parent-vs-child, B_good within eps) vs SIBLINGS (boosts exploration toward inconsistent children; prior untouched) [SHUFFLE CONTROL: signal-blind placement]
[Value] SELF-CONSISTENT: leaf value = QR-DQN max_a mean Z(s,a) (SAC critics bypassed; prior still SAC policy)
/u/ibrahim.eisawy/Neural-Guided-Search/venv/lib/python3.10/site-packages/pymimir_rgnn/model.py:162: UserWarning: index_reduce() is in beta and the API may change at any time. (Triggered internally at /pytorch/aten/src/ATen/native/cuda/Indexing.cu:1541.)
  exps_max.index_reduce_(0, output_indices, output_messages, reduce="amax", include_self=False)
  [sim 41] found goal path of length 30
[Final] Expanded: 123, Generated: 123
[Cost] IQN forward calls (Bellman signal): 236
[Widen] nodes widened: 0, mean w: 0.0000
[Binc] child-edges modulated: 196, mean mult: 1.6311 (1.0 = no change; >1 = boosted toward inconsistent)
[search done] simulations=41, unique states generated=123
Found a solution of length 30!
   1: (move f5-6f f5-5f)
   2: (move f5-5f f6-5f)
   3: (unlock f6-5f f6-4f key0-2 shape0)
   4: (move f6-5f f6-4f)
   5: (move f6-4f f7-4f)
   6: (unlock f7-4f f7-3f key0-2 shape0)
   7: (move f7-4f f6-4f)
   8: (move f6-4f f6-3f)
   9: (move f6-3f f7-3f)
  10: (move f7-3f f8-3f)
  11: (move f8-3f f8-4f)
  12: (move f8-4f f9-4f)
  13: (move f9-4f f9-5f)
  14: (move f9-5f f9-6f)
  15: (move f9-6f f8-6f)
  16: (move f8-6f f8-5f)
  17: (move f8-5f f7-5f)
  18: (move f7-5f f7-6f)
  19: (move f7-6f f6-6f)
  20: (move f6-6f f6-5f)
  21: (move f6-5f f5-5f)
  22: (move f5-5f f4-5f)
  23: (move f4-5f f4-4f)
  24: (move f4-4f f3-4f)
  25: (move f3-4f f3-3f)
  26: (move f3-3f f3-2f)
  27: (move f3-2f f2-2f)
  28: (move f2-2f f1-2f)
  29: (move f1-2f f1-1f)
  30: (putdown f1-1f key0-2)
