Torch: 2.12.0+cu130
Using CPU.
[Bellman] lambda=0 -> baseline (no widening signal)
[Value] SELF-CONSISTENT: leaf value = QR-DQN max_a mean Z(s,a) (SAC critics bypassed; prior still SAC policy)
[Gate] prior_gamma=0.5 (P-gate softened: u ~ c*P**gamma; P==0 still stays 0)
/u/ibrahim.eisawy/Neural-Guided-Search/venv/lib/python3.10/site-packages/pymimir_rgnn/model.py:162: UserWarning: index_reduce() is in beta and the API may change at any time. (Triggered internally at /pytorch/aten/src/ATen/native/TensorAdvancedIndexing.cpp:1514.)
  exps_max.index_reduce_(0, output_indices, output_messages, reduce="amax", include_self=False)
  [sim 23] found goal path of length 11
[Final] Expanded: 63, Generated: 63
[Cost] IQN forward calls (Bellman signal): 0
[Widen] nodes widened: 0, mean w: 0.0000
[search done] simulations=23, unique states generated=63
Found a solution of length 11!
   1: (pickup f1-6f key2-3)
   2: (move f1-6f f1-7f)
   3: (move f1-7f f2-7f)
   4: (move f2-7f f3-7f)
   5: (move f3-7f f4-7f)
   6: (move f4-7f f5-7f)
   7: (move f5-7f f5-6f)
   8: (move f5-6f f5-5f)
   9: (move f5-5f f6-5f)
  10: (move f6-5f f6-4f)
  11: (pickup-and-loose f6-4f key0-2 key2-3)
