/u/ibrahim.eisawy/Neural-Guided-Search/venv/lib/python3.10/site-packages/pymimir_rgnn/model.py:162: UserWarning: index_reduce() is in beta and the API may change at any time. (Triggered internally at /pytorch/aten/src/ATen/native/cuda/Indexing.cu:1541.)
  exps_max.index_reduce_(0, output_indices, output_messages, reduce="amax", include_self=False)
Torch: 2.12.0+cu130
Using GPU:  NVIDIA L40S
124.979: (turn_to satellite3 star8 star2)
126.399: (turn_to satellite3 groundstation16 star8)
126.428: (turn_to satellite3 groundstation12 groundstation16)
126.214: (switch_on instrument4 satellite0)
123.929: (turn_to satellite0 groundstation16 star8)
139.924: (calibrate satellite0 instrument4 groundstation16)
101.858: (turn_to satellite0 planet28 groundstation16)
145.834: (take_image satellite0 planet28 instrument4 image3)
96.309: (turn_to satellite0 planet26 planet28)
142.492: (take_image satellite0 planet26 instrument4 image3)
126.564: (turn_to satellite3 groundstation16 groundstation12)
126.170: (switch_on instrument14 satellite2)
121.180: (turn_to satellite2 groundstation16 groundstation12)
136.232: (calibrate satellite2 instrument14 groundstation16)
95.104: (turn_to satellite2 star27 groundstation16)
144.653: (take_image satellite2 star27 instrument14 spectrograph0)
144.660: (take_image satellite2 star27 instrument14 image3)
131.786: (take_image satellite2 star27 instrument14 image2)
127.912: (turn_to satellite2 groundstation16 star27)
94.729: (turn_to satellite2 planet29 groundstation16)
143.656: (take_image satellite2 planet29 instrument14 spectrograph0)
143.643: (take_image satellite2 planet29 instrument14 image3)
74.740: (turn_to satellite2 star27 planet29)
100.921: (turn_to satellite2 groundstation16 star27)
75.117: (turn_to satellite2 planet26 groundstation16)
117.485: (take_image satellite2 planet26 instrument14 spectrograph0)
38.223: (switch_on instrument16 satellite3)
50.388: (calibrate satellite3 instrument16 groundstation16)
13.758: (turn_to satellite3 star27 groundstation16)
55.861: (take_image satellite3 star27 instrument16 infrared1)
-5.781: (turn_to satellite3 star20 star27)
Found a solution of length 31!
   1: (turn_to satellite3 star8 star2)
   2: (turn_to satellite3 groundstation16 star8)
   3: (turn_to satellite3 groundstation12 groundstation16)
   4: (switch_on instrument4 satellite0)
   5: (turn_to satellite0 groundstation16 star8)
   6: (calibrate satellite0 instrument4 groundstation16)
   7: (turn_to satellite0 planet28 groundstation16)
   8: (take_image satellite0 planet28 instrument4 image3)
   9: (turn_to satellite0 planet26 planet28)
  10: (take_image satellite0 planet26 instrument4 image3)
  11: (turn_to satellite3 groundstation16 groundstation12)
  12: (switch_on instrument14 satellite2)
  13: (turn_to satellite2 groundstation16 groundstation12)
  14: (calibrate satellite2 instrument14 groundstation16)
  15: (turn_to satellite2 star27 groundstation16)
  16: (take_image satellite2 star27 instrument14 spectrograph0)
  17: (take_image satellite2 star27 instrument14 image3)
  18: (take_image satellite2 star27 instrument14 image2)
  19: (turn_to satellite2 groundstation16 star27)
  20: (turn_to satellite2 planet29 groundstation16)
  21: (take_image satellite2 planet29 instrument14 spectrograph0)
  22: (take_image satellite2 planet29 instrument14 image3)
  23: (turn_to satellite2 star27 planet29)
  24: (turn_to satellite2 groundstation16 star27)
  25: (turn_to satellite2 planet26 groundstation16)
  26: (take_image satellite2 planet26 instrument14 spectrograph0)
  27: (switch_on instrument16 satellite3)
  28: (calibrate satellite3 instrument16 groundstation16)
  29: (turn_to satellite3 star27 groundstation16)
  30: (take_image satellite3 star27 instrument16 infrared1)
  31: (turn_to satellite3 star20 star27)
