/u/ibrahim.eisawy/Neural-Guided-Search/venv/lib/python3.10/site-packages/pymimir_rgnn/model.py:162: UserWarning: index_reduce() is in beta and the API may change at any time. (Triggered internally at /pytorch/aten/src/ATen/native/cuda/Indexing.cu:1541.)
  exps_max.index_reduce_(0, output_indices, output_messages, reduce="amax", include_self=False)
Torch: 2.12.0+cu130
Using GPU:  NVIDIA L40S
112.122: (switch_on instrument21 satellite4)
107.339: (turn_to satellite4 star14 groundstation1)
114.000: (calibrate satellite4 instrument21 star14)
89.070: (turn_to satellite4 star24 star14)
121.874: (take_image satellite4 star24 instrument21 infrared2)
121.526: (take_image satellite4 star24 instrument21 image3)
105.490: (turn_to satellite4 star14 star24)
88.628: (turn_to satellite4 planet27 star14)
121.755: (take_image satellite4 planet27 instrument21 infrared2)
121.785: (take_image satellite4 planet27 instrument21 image3)
105.659: (switch_on instrument8 satellite1)
104.736: (turn_to satellite1 groundstation6 groundstation22)
113.292: (calibrate satellite1 instrument8 groundstation6)
91.578: (turn_to satellite1 phenomenon26 groundstation6)
121.179: (take_image satellite1 phenomenon26 instrument8 infrared4)
121.207: (take_image satellite1 phenomenon26 instrument8 image5)
108.936: (take_image satellite1 phenomenon26 instrument8 spectrograph7)
104.048: (switch_on instrument13 satellite2)
112.322: (calibrate satellite2 instrument13 groundstation6)
91.774: (turn_to satellite2 planet27 groundstation6)
109.552: (take_image satellite2 planet27 instrument13 infrared1)
108.552: (take_image satellite2 planet27 instrument13 thermograph0)
103.691: (turn_to satellite1 star14 phenomenon26)
88.420: (turn_to satellite1 planet25 star14)
120.258: (take_image satellite1 planet25 instrument8 infrared4)
119.668: (take_image satellite1 planet25 instrument8 image5)
104.475: (take_image satellite1 planet25 instrument8 spectrograph7)
103.828: (turn_to satellite1 star9 planet25)
89.099: (turn_to satellite1 phenomenon26 star9)
103.532: (turn_to satellite1 star14 phenomenon26)
88.189: (turn_to satellite1 planet27 star14)
119.869: (take_image satellite1 planet27 instrument8 image5)
82.379: (take_image satellite1 planet27 instrument8 infrared4)
66.536: (turn_to satellite4 star9 planet27)
63.434: (turn_to satellite4 phenomenon26 star9)
82.756: (take_image satellite4 phenomenon26 instrument21 infrared2)
82.156: (take_image satellite4 phenomenon26 instrument21 image3)
26.895: (turn_to satellite4 star24 phenomenon26)
16.626: (take_image satellite1 planet27 instrument8 spectrograph7)
16.454: (turn_to satellite4 star9 star24)
23.483: (turn_to satellite4 planet25 star9)
49.892: (take_image satellite4 planet25 instrument21 infrared2)
33.109: (turn_to satellite1 star19 planet27)
17.230: (turn_to satellite1 star24 star19)
73.975: (take_image satellite1 star24 instrument8 infrared4)
9.184: (turn_to satellite1 groundstation12 star24)
0.358: (turn_to satellite2 star9 planet27)
11.451: (turn_to satellite2 star0 star9)
3.271: (switch_on instrument17 satellite3)
7.570: (turn_to satellite3 groundstation12 star19)
31.195: (calibrate satellite3 instrument17 groundstation12)
-1.084: (turn_to satellite3 planet27 groundstation12)
43.807: (take_image satellite3 planet27 instrument17 infrared8)
-3.312: (turn_to satellite3 planet25 planet27)
35.364: (take_image satellite3 planet25 instrument17 infrared8)
-19.501: (turn_to satellite4 star19 planet25)
Found a solution of length 56!
   1: (switch_on instrument21 satellite4)
   2: (turn_to satellite4 star14 groundstation1)
   3: (calibrate satellite4 instrument21 star14)
   4: (turn_to satellite4 star24 star14)
   5: (take_image satellite4 star24 instrument21 infrared2)
   6: (take_image satellite4 star24 instrument21 image3)
   7: (turn_to satellite4 star14 star24)
   8: (turn_to satellite4 planet27 star14)
   9: (take_image satellite4 planet27 instrument21 infrared2)
  10: (take_image satellite4 planet27 instrument21 image3)
  11: (switch_on instrument8 satellite1)
  12: (turn_to satellite1 groundstation6 groundstation22)
  13: (calibrate satellite1 instrument8 groundstation6)
  14: (turn_to satellite1 phenomenon26 groundstation6)
  15: (take_image satellite1 phenomenon26 instrument8 infrared4)
  16: (take_image satellite1 phenomenon26 instrument8 image5)
  17: (take_image satellite1 phenomenon26 instrument8 spectrograph7)
  18: (switch_on instrument13 satellite2)
  19: (calibrate satellite2 instrument13 groundstation6)
  20: (turn_to satellite2 planet27 groundstation6)
  21: (take_image satellite2 planet27 instrument13 infrared1)
  22: (take_image satellite2 planet27 instrument13 thermograph0)
  23: (turn_to satellite1 star14 phenomenon26)
  24: (turn_to satellite1 planet25 star14)
  25: (take_image satellite1 planet25 instrument8 infrared4)
  26: (take_image satellite1 planet25 instrument8 image5)
  27: (take_image satellite1 planet25 instrument8 spectrograph7)
  28: (turn_to satellite1 star9 planet25)
  29: (turn_to satellite1 phenomenon26 star9)
  30: (turn_to satellite1 star14 phenomenon26)
  31: (turn_to satellite1 planet27 star14)
  32: (take_image satellite1 planet27 instrument8 image5)
  33: (take_image satellite1 planet27 instrument8 infrared4)
  34: (turn_to satellite4 star9 planet27)
  35: (turn_to satellite4 phenomenon26 star9)
  36: (take_image satellite4 phenomenon26 instrument21 infrared2)
  37: (take_image satellite4 phenomenon26 instrument21 image3)
  38: (turn_to satellite4 star24 phenomenon26)
  39: (take_image satellite1 planet27 instrument8 spectrograph7)
  40: (turn_to satellite4 star9 star24)
  41: (turn_to satellite4 planet25 star9)
  42: (take_image satellite4 planet25 instrument21 infrared2)
  43: (turn_to satellite1 star19 planet27)
  44: (turn_to satellite1 star24 star19)
  45: (take_image satellite1 star24 instrument8 infrared4)
  46: (turn_to satellite1 groundstation12 star24)
  47: (turn_to satellite2 star9 planet27)
  48: (turn_to satellite2 star0 star9)
  49: (switch_on instrument17 satellite3)
  50: (turn_to satellite3 groundstation12 star19)
  51: (calibrate satellite3 instrument17 groundstation12)
  52: (turn_to satellite3 planet27 groundstation12)
  53: (take_image satellite3 planet27 instrument17 infrared8)
  54: (turn_to satellite3 planet25 planet27)
  55: (take_image satellite3 planet25 instrument17 infrared8)
  56: (turn_to satellite4 star19 planet25)
