/u/ibrahim.eisawy/Neural-Guided-Search/venv/lib/python3.10/site-packages/pymimir_rgnn/model.py:151: UserWarning: index_reduce() is in beta and the API may change at any time. (Triggered internally at /pytorch/aten/src/ATen/native/cuda/Indexing.cu:1541.)
  max_msg.index_reduce_(0, output_indices, output_messages, reduce='amax', include_self=True)
Torch: 2.12.0+cu130
Using GPU:  NVIDIA L40S
100.912: (calibrate rover2 camera4 objective6 waypoint37)
100.919: (calibrate rover2 camera2 objective5 waypoint37)
100.941: (calibrate rover0 camera3 objective3 waypoint15)
101.503: (calibrate rover1 camera0 objective0 waypoint32)
101.606: (calibrate rover0 camera1 objective3 waypoint15)
101.908: (sample_rock rover0 rover0store waypoint15)
102.121: (sample_soil rover1 rover1store waypoint32)
102.432: (navigate rover2 waypoint37 waypoint32)
102.708: (navigate rover2 waypoint37 waypoint23)
102.754: (navigate rover2 waypoint37 waypoint22)
102.861: (navigate rover2 waypoint37 waypoint33)
102.958: (navigate rover2 waypoint37 waypoint30)
103.084: (sample_rock rover1 rover1store waypoint32)
103.163: (navigate rover2 waypoint37 waypoint0)
103.180: (navigate rover1 waypoint32 waypoint18)
103.261: (navigate rover1 waypoint32 waypoint37)
103.382: (navigate rover2 waypoint37 waypoint24)
103.506: (navigate rover2 waypoint37 waypoint1)
103.696: (navigate rover0 waypoint15 waypoint35)
103.714: (navigate rover0 waypoint15 waypoint0)
103.810: (navigate rover1 waypoint32 waypoint24)
103.817: (navigate rover1 waypoint32 waypoint20)
103.832: (navigate rover1 waypoint32 waypoint26)
103.850: (navigate rover0 waypoint15 waypoint7)
103.927: (navigate rover0 waypoint15 waypoint9)
103.951: (sample_soil rover2 rover2store waypoint37)
103.978: (navigate rover1 waypoint32 waypoint13)
104.053: (navigate rover1 waypoint32 waypoint30)
104.125: (navigate rover1 waypoint32 waypoint35)
104.237: (navigate rover1 waypoint32 waypoint16)
104.521: (navigate rover1 waypoint32 waypoint1)
99.728: (calibrate rover2 camera4 objective6 waypoint37)
99.729: (sample_rock rover0 rover0store waypoint15)
99.735: (calibrate rover2 camera2 objective5 waypoint37)
99.736: (sample_rock rover0 rover0store waypoint15)
99.736: (calibrate rover0 camera3 objective3 waypoint15)
99.737: (sample_rock rover0 rover0store waypoint15)
100.052: (calibrate rover2 camera4 objective6 waypoint37)
100.057: (sample_soil rover1 rover1store waypoint32)
100.063: (calibrate rover2 camera2 objective5 waypoint37)
100.065: (sample_soil rover1 rover1store waypoint32)
100.071: (sample_soil rover1 rover1store waypoint32)
100.072: (calibrate rover0 camera3 objective3 waypoint15)
100.342: (take_image rover0 waypoint15 objective0 camera3 low_res)
100.345: (calibrate rover1 camera0 objective0 waypoint32)
100.347: (sample_rock rover0 rover0store waypoint15)
100.385: (navigate rover2 waypoint37 waypoint32)
100.388: (calibrate rover2 camera4 objective6 waypoint37)
100.389: (calibrate rover1 camera0 objective0 waypoint32)
100.389: (calibrate rover2 camera4 objective6 waypoint32)
100.392: (navigate rover2 waypoint37 waypoint32)
100.394: (calibrate rover2 camera2 objective5 waypoint32)
100.397: (calibrate rover1 camera0 objective0 waypoint32)
100.399: (calibrate rover2 camera2 objective5 waypoint37)
100.410: (sample_rock rover0 rover0store waypoint15)
100.412: (calibrate rover0 camera1 objective3 waypoint15)
100.417: (navigate rover2 waypoint37 waypoint32)
100.422: (calibrate rover0 camera3 objective3 waypoint15)
100.428: (calibrate rover1 camera0 objective0 waypoint32)
100.429: (calibrate rover0 camera3 objective3 waypoint15)
100.483: (calibrate rover2 camera4 objective6 waypoint37)
100.489: (calibrate rover0 camera1 objective3 waypoint15)
100.498: (calibrate rover0 camera3 objective3 waypoint15)
100.499: (calibrate rover2 camera4 objective6 waypoint37)
100.499: (calibrate rover0 camera1 objective3 waypoint15)
100.501: (calibrate rover2 camera2 objective5 waypoint37)
100.502: (calibrate rover2 camera2 objective5 waypoint37)
100.505: (calibrate rover0 camera3 objective3 waypoint15)
100.545: (take_image rover0 waypoint15 objective3 camera3 low_res)
100.596: (calibrate rover2 camera4 objective6 waypoint22)
100.600: (navigate rover2 waypoint37 waypoint22)
100.607: (navigate rover2 waypoint37 waypoint22)
100.608: (calibrate rover2 camera2 objective5 waypoint22)
100.641: (navigate rover2 waypoint37 waypoint22)
100.654: (calibrate rover0 camera3 objective3 waypoint15)
100.660: (navigate rover2 waypoint37 waypoint23)
100.662: (navigate rover2 waypoint37 waypoint23)
100.662: (calibrate rover0 camera3 objective3 waypoint15)
100.666: (sample_soil rover1 rover1store waypoint32)
100.667: (navigate rover2 waypoint37 waypoint23)
100.668: (calibrate rover1 camera0 objective0 waypoint32)
100.683: (calibrate rover2 camera4 objective6 waypoint37)
100.685: (calibrate rover2 camera2 objective5 waypoint37)
100.727: (calibrate rover0 camera1 objective3 waypoint15)
100.729: (calibrate rover0 camera3 objective3 waypoint15)
100.742: (sample_soil rover1 rover1store waypoint32)
100.744: (calibrate rover0 camera1 objective3 waypoint15)
100.745: (take_image rover2 waypoint37 objective0 camera4 low_res)
100.746: (take_image rover2 waypoint37 objective0 camera2 low_res)
100.785: (navigate rover2 waypoint37 waypoint33)
100.794: (navigate rover2 waypoint37 waypoint33)
100.811: (navigate rover2 waypoint37 waypoint33)
100.824: (calibrate rover0 camera3 objective3 waypoint15)
100.831: (navigate rover2 waypoint37 waypoint30)
100.835: (navigate rover2 waypoint37 waypoint30)
100.845: (calibrate rover2 camera2 objective5 waypoint30)
100.851: (sample_rock rover0 rover0store waypoint15)
100.853: (sample_soil rover1 rover1store waypoint32)
100.874: (calibrate rover0 camera3 objective3 waypoint15)
100.877: (navigate rover2 waypoint37 waypoint30)
100.949: (calibrate rover2 camera4 objective6 waypoint37)
100.950: (sample_rock rover1 rover1store waypoint32)
100.959: (sample_rock rover1 rover1store waypoint32)
100.963: (calibrate rover2 camera2 objective5 waypoint37)
100.965: (calibrate rover0 camera3 objective3 waypoint15)
100.971: (calibrate rover1 camera0 objective0 waypoint32)
100.973: (navigate rover2 waypoint37 waypoint32)
100.974: (sample_rock rover1 rover1store waypoint32)
101.019: (take_image rover2 waypoint37 objective6 camera4 low_res)
101.020: (take_image rover2 waypoint37 objective6 camera2 low_res)
101.034: (calibrate rover2 camera4 objective6 waypoint37)
101.050: (navigate rover1 waypoint32 waypoint18)
101.050: (calibrate rover2 camera2 objective5 waypoint37)
101.058: (navigate rover1 waypoint32 waypoint18)
101.059: (take_image rover2 waypoint37 objective5 camera2 low_res)
101.059: (take_image rover2 waypoint37 objective5 camera4 low_res)
101.073: (calibrate rover0 camera1 objective3 waypoint15)
101.073: (calibrate rover1 camera0 objective0 waypoint32)
101.074: (calibrate rover0 camera1 objective3 waypoint15)
101.078: (navigate rover2 waypoint37 waypoint32)
101.088: (calibrate rover0 camera3 objective3 waypoint15)
101.094: (navigate rover1 waypoint32 waypoint18)
101.132: (navigate rover2 waypoint37 waypoint0)
101.141: (navigate rover2 waypoint37 waypoint0)
101.144: (calibrate rover2 camera2 objective5 waypoint0)
101.155: (calibrate rover2 camera4 objective6 waypoint37)
101.156: (navigate rover1 waypoint32 waypoint37)
101.159: (navigate rover2 waypoint37 waypoint0)
101.162: (calibrate rover2 camera2 objective5 waypoint37)
101.164: (calibrate rover0 camera3 objective3 waypoint15)
101.164: (navigate rover1 waypoint32 waypoint37)
101.183: (calibrate rover0 camera3 objective3 waypoint15)
101.184: (navigate rover1 waypoint32 waypoint37)
101.188: (navigate rover2 waypoint37 waypoint32)
101.192: (sample_rock rover0 rover0store waypoint15)
101.197: (calibrate rover1 camera0 objective0 waypoint32)
101.204: (navigate rover2 waypoint37 waypoint22)
101.226: (navigate rover2 waypoint37 waypoint23)
101.229: (calibrate rover1 camera0 objective0 waypoint32)
101.234: (drop rover1 rover1store)
101.305: (navigate rover2 waypoint37 waypoint22)
101.316: (calibrate rover0 camera1 objective3 waypoint15)
101.319: (calibrate rover0 camera1 objective3 waypoint15)
101.330: (navigate rover2 waypoint37 waypoint23)
101.339: (navigate rover2 waypoint37 waypoint1)
101.344: (navigate rover2 waypoint37 waypoint1)
101.347: (calibrate rover2 camera2 objective5 waypoint1)
101.353: (navigate rover2 waypoint37 waypoint24)
101.359: (navigate rover2 waypoint37 waypoint24)
101.363: (navigate rover2 waypoint37 waypoint24)
101.363: (drop rover0 rover0store)
101.365: (calibrate rover1 camera0 objective0 waypoint32)
101.368: (calibrate rover0 camera3 objective3 waypoint15)
101.373: (navigate rover2 waypoint37 waypoint33)
101.383: (navigate rover2 waypoint37 waypoint1)
101.391: (calibrate rover0 camera3 objective3 waypoint15)
101.415: (navigate rover2 waypoint37 waypoint22)
101.417: (sample_rock rover0 rover0store waypoint15)
101.436: (navigate rover2 waypoint37 waypoint30)
101.448: (calibrate rover1 camera0 objective0 waypoint32)
101.470: (calibrate rover0 camera1 objective3 waypoint15)
101.471: (navigate rover2 waypoint37 waypoint33)
101.475: (calibrate rover1 camera0 objective0 waypoint32)
101.484: (sample_rock rover1 rover1store waypoint32)
101.518: (navigate rover2 waypoint37 waypoint22)
101.527: (sample_soil rover1 rover1store waypoint32)
101.529: (navigate rover0 waypoint15 waypoint35)
101.532: (navigate rover0 waypoint15 waypoint35)
101.535: (navigate rover2 waypoint37 waypoint30)
101.540: (sample_soil rover2 rover2store waypoint32)
101.543: (calibrate rover2 camera2 objective5 waypoint37)
101.544: (calibrate rover0 camera1 objective3 waypoint15)
101.546: (calibrate rover2 camera4 objective6 waypoint37)
101.557: (navigate rover2 waypoint37 waypoint23)
101.562: (sample_rock rover0 rover0store waypoint15)
101.577: (navigate rover0 waypoint15 waypoint35)
101.592: (navigate rover0 waypoint15 waypoint0)
101.595: (navigate rover2 waypoint37 waypoint32)
101.596: (sample_soil rover1 rover1store waypoint32)
101.598: (navigate rover0 waypoint15 waypoint0)
101.606: (calibrate rover2 camera4 objective6 waypoint37)
101.623: (navigate rover0 waypoint15 waypoint0)
101.626: (calibrate rover2 camera2 objective5 waypoint37)
101.629: (sample_rock rover1 rover1store waypoint32)
101.632: (calibrate rover0 camera1 objective3 waypoint15)
101.633: (sample_rock rover0 rover0store waypoint15)
101.635: (calibrate rover0 camera3 objective3 waypoint0)
101.644: (calibrate rover2 camera4 objective6 waypoint37)
101.645: (navigate rover2 waypoint37 waypoint33)
101.658: (calibrate rover2 camera2 objective5 waypoint37)
101.667: (navigate rover1 waypoint32 waypoint20)
101.668: (navigate rover1 waypoint32 waypoint24)
101.670: (calibrate rover2 camera2 objective5 waypoint37)
101.670: (calibrate rover2 camera4 objective6 waypoint37)
101.674: (navigate rover1 waypoint32 waypoint20)
101.674: (navigate rover1 waypoint32 waypoint24)
101.682: (calibrate rover1 camera0 objective0 waypoint18)
101.692: (navigate rover1 waypoint32 waypoint18)
101.700: (calibrate rover2 camera2 objective5 waypoint37)
101.703: (navigate rover0 waypoint15 waypoint7)
101.707: (navigate rover1 waypoint32 waypoint20)
101.708: (navigate rover0 waypoint15 waypoint7)
101.711: (calibrate rover2 camera4 objective6 waypoint37)
101.711: (calibrate rover0 camera3 objective3 waypoint15)
101.714: (calibrate rover1 camera0 objective0 waypoint32)
101.716: (calibrate rover0 camera3 objective3 waypoint15)
101.717: (navigate rover1 waypoint32 waypoint24)
101.717: (navigate rover2 waypoint37 waypoint0)
101.720: (calibrate rover2 camera2 objective5 waypoint37)
101.723: (navigate rover1 waypoint32 waypoint26)
101.725: (calibrate rover2 camera4 objective6 waypoint37)
101.730: (navigate rover1 waypoint32 waypoint26)
101.742: (calibrate rover0 camera1 objective3 waypoint15)
101.761: (navigate rover1 waypoint32 waypoint18)
101.772: (navigate rover0 waypoint15 waypoint7)
101.775: (navigate rover1 waypoint32 waypoint26)
101.777: (calibrate rover2 camera4 objective6 waypoint37)
101.782: (sample_soil rover2 rover2store waypoint37)
101.785: (calibrate rover0 camera3 objective3 waypoint15)
101.788: (sample_soil rover2 rover2store waypoint37)
101.790: (navigate rover1 waypoint32 waypoint18)
101.791: (calibrate rover2 camera2 objective5 waypoint37)
101.795: (calibrate rover1 camera0 objective0 waypoint37)
101.799: (navigate rover2 waypoint37 waypoint30)
101.801: (sample_rock rover0 rover0store waypoint15)
101.806: (navigate rover1 waypoint32 waypoint37)
101.809: (navigate rover0 waypoint15 waypoint9)
101.812: (calibrate rover0 camera1 objective3 waypoint15)
101.815: (calibrate rover2 camera4 objective6 waypoint37)
101.819: (navigate rover0 waypoint15 waypoint9)
101.821: (calibrate rover0 camera3 objective3 waypoint15)
Traceback (most recent call last):
  File "/u/ibrahim.eisawy/Neural-Guided-Search/beam.py", line 104, in <module>
    _main(_parse_arguments())
  File "/u/ibrahim.eisawy/Neural-Guided-Search/beam.py", line 94, in _main
    solution = _plan(problem, model, args.beam, use_closed_set=not args.disable_closed_set)
  File "/u/ibrahim.eisawy/Neural-Guided-Search/beam.py", line 57, in _plan
    values = model.forward(inputs).readout('value')
  File "/u/ibrahim.eisawy/Neural-Guided-Search/venv/lib/python3.10/site-packages/pymimir_rgnn/model.py", line 316, in forward
    node_embeddings = self._mpnn_module.forward(input)
  File "/u/ibrahim.eisawy/Neural-Guided-Search/venv/lib/python3.10/site-packages/pymimir_rgnn/model.py", line 209, in forward
    relation_messages = self._relation_network(node_embeddings, input.flattened_relations)
  File "/u/ibrahim.eisawy/Neural-Guided-Search/venv/lib/python3.10/site-packages/torch/nn/modules/module.py", line 1778, in _wrapped_call_impl
    return self._call_impl(*args, **kwargs)
  File "/u/ibrahim.eisawy/Neural-Guided-Search/venv/lib/python3.10/site-packages/torch/nn/modules/module.py", line 1789, in _call_impl
    return forward_call(*args, **kwargs)
  File "/u/ibrahim.eisawy/Neural-Guided-Search/venv/lib/python3.10/site-packages/pymimir_rgnn/model.py", line 149, in forward
    output_messages, output_indices = self._compute_messages_and_indices(node_embeddings, relations)
  File "/u/ibrahim.eisawy/Neural-Guided-Search/venv/lib/python3.10/site-packages/pymimir_rgnn/model.py", line 114, in _compute_messages_and_indices
    output_messages = torch.cat(output_messages_list, 0)
torch.OutOfMemoryError: CUDA out of memory. Tried to allocate 878.00 MiB. GPU 0 has a total capacity of 44.39 GiB of which 340.06 MiB is free. Process 108889 has 4.71 GiB memory in use. Process 108938 has 11.03 GiB memory in use. Process 109069 has 4.30 GiB memory in use. Process 109133 has 6.26 GiB memory in use. Process 109478 has 4.49 GiB memory in use. Process 109524 has 6.89 GiB memory in use. Process 109693 has 3.56 GiB memory in use. Including non-PyTorch memory, this process has 2.78 GiB memory in use. Of the allocated memory 996.28 MiB is allocated by PyTorch, and 1.31 GiB is reserved by PyTorch but unallocated. If reserved but unallocated memory is large try setting PYTORCH_CUDA_ALLOC_CONF=expandable_segments:True to avoid fragmentation.  See documentation for Memory Management  (https://docs.pytorch.org/docs/stable/notes/cuda.html#optimizing-memory-usage-with-pytorch-cuda-alloc-conf)
