/u/ibrahim.eisawy/Neural-Guided-Search/venv/lib/python3.10/site-packages/pymimir_rgnn/model.py:151: UserWarning: index_reduce() is in beta and the API may change at any time. (Triggered internally at /pytorch/aten/src/ATen/native/cuda/Indexing.cu:1541.)
  max_msg.index_reduce_(0, output_indices, output_messages, reduce='amax', include_self=True)
Torch: 2.12.0+cu130
Using GPU:  NVIDIA L40S
119.731: (sample_rock rover3 rover3store waypoint54)
120.489: (calibrate rover0 camera4 objective6 waypoint51)
120.636: (navigate rover0 waypoint51 waypoint22)
120.668: (navigate rover0 waypoint51 waypoint52)
120.711: (navigate rover0 waypoint51 waypoint58)
120.939: (navigate rover0 waypoint51 waypoint49)
121.078: (navigate rover0 waypoint51 waypoint26)
121.097: (sample_soil rover2 rover2store waypoint7)
121.262: (navigate rover0 waypoint51 waypoint4)
121.494: (navigate rover2 waypoint7 waypoint58)
121.773: (navigate rover3 waypoint54 waypoint30)
121.775: (navigate rover3 waypoint54 waypoint23)
121.834: (navigate rover0 waypoint51 waypoint20)
121.982: (navigate rover1 waypoint0 waypoint5)
122.051: (navigate rover1 waypoint0 waypoint15)
122.099: (navigate rover1 waypoint0 waypoint14)
122.123: (navigate rover0 waypoint51 waypoint29)
122.161: (navigate rover0 waypoint51 waypoint35)
122.249: (navigate rover3 waypoint54 waypoint48)
122.252: (navigate rover2 waypoint7 waypoint0)
122.268: (navigate rover3 waypoint54 waypoint35)
122.298: (navigate rover1 waypoint0 waypoint7)
122.328: (navigate rover1 waypoint0 waypoint12)
122.356: (navigate rover3 waypoint54 waypoint10)
122.653: (navigate rover1 waypoint0 waypoint27)
122.686: (navigate rover1 waypoint0 waypoint30)
122.751: (navigate rover0 waypoint51 waypoint2)
122.756: (navigate rover2 waypoint7 waypoint18)
122.778: (navigate rover0 waypoint51 waypoint13)
123.050: (navigate rover2 waypoint7 waypoint17)
118.534: (sample_soil rover0 rover0store waypoint49)
118.552: (calibrate rover0 camera4 objective6 waypoint51)
118.555: (sample_rock rover3 rover3store waypoint54)
118.647: (navigate rover3 waypoint54 waypoint30)
118.716: (navigate rover3 waypoint54 waypoint23)
118.736: (drop rover3 rover3store)
118.878: (navigate rover0 waypoint51 waypoint58)
118.881: (sample_rock rover3 rover3store waypoint54)
118.897: (navigate rover0 waypoint51 waypoint22)
118.897: (sample_rock rover3 rover3store waypoint54)
118.965: (navigate rover0 waypoint51 waypoint52)
118.965: (sample_rock rover3 rover3store waypoint54)
119.004: (navigate rover0 waypoint51 waypoint49)
119.010: (sample_rock rover3 rover3store waypoint54)
119.139: (sample_soil rover2 rover2store waypoint7)
119.143: (sample_rock rover3 rover3store waypoint54)
119.196: (navigate rover3 waypoint54 waypoint35)
119.236: (navigate rover3 waypoint54 waypoint48)
119.258: (sample_rock rover3 rover3store waypoint54)
119.263: (navigate rover0 waypoint51 waypoint26)
119.359: (navigate rover3 waypoint54 waypoint10)
119.426: (navigate rover0 waypoint51 waypoint4)
119.426: (sample_rock rover3 rover3store waypoint54)
119.470: (navigate rover0 waypoint51 waypoint22)
119.475: (navigate rover0 waypoint51 waypoint52)
119.476: (sample_rock rover3 rover3store waypoint54)
119.478: (navigate rover2 waypoint7 waypoint58)
119.556: (calibrate rover0 camera4 objective6 waypoint58)
119.561: (navigate rover0 waypoint51 waypoint58)
119.618: (drop rover2 rover2store)
119.698: (navigate rover2 waypoint7 waypoint58)
119.766: (sample_soil rover0 rover0store waypoint22)
119.813: (navigate rover0 waypoint51 waypoint49)
119.814: (calibrate rover0 camera4 objective6 waypoint49)
119.882: (navigate rover0 waypoint51 waypoint26)
119.884: (calibrate rover0 camera4 objective6 waypoint51)
119.884: (calibrate rover0 camera4 objective6 waypoint26)
119.905: (sample_soil rover2 rover2store waypoint7)
119.968: (sample_soil rover0 rover0store waypoint58)
120.074: (navigate rover0 waypoint51 waypoint20)
120.084: (sample_rock rover3 rover3store waypoint54)
120.092: (navigate rover0 waypoint51 waypoint4)
120.092: (calibrate rover0 camera4 objective6 waypoint4)
120.172: (sample_rock rover3 rover3store waypoint54)
120.180: (navigate rover1 waypoint0 waypoint15)
120.190: (sample_soil rover2 rover2store waypoint7)
120.192: (navigate rover0 waypoint51 waypoint22)
120.207: (sample_rock rover3 rover3store waypoint54)
120.208: (sample_soil rover2 rover2store waypoint7)
120.212: (navigate rover0 waypoint51 waypoint52)
120.240: (navigate rover1 waypoint0 waypoint14)
120.269: (sample_rock rover3 rover3store waypoint54)
120.277: (navigate rover0 waypoint51 waypoint35)
120.278: (navigate rover2 waypoint7 waypoint0)
120.282: (navigate rover1 waypoint0 waypoint5)
120.286: (sample_rock rover3 rover3store waypoint54)
120.287: (sample_rock rover3 rover3store waypoint54)
120.310: (navigate rover2 waypoint7 waypoint58)
120.315: (calibrate rover0 camera4 objective6 waypoint51)
120.330: (navigate rover0 waypoint51 waypoint29)
120.339: (sample_soil rover2 rover2store waypoint7)
120.344: (navigate rover0 waypoint51 waypoint49)
120.347: (sample_rock rover3 rover3store waypoint54)
120.364: (navigate rover2 waypoint7 waypoint0)
120.392: (navigate rover1 waypoint0 waypoint7)
120.398: (sample_rock rover3 rover3store waypoint54)
120.403: (sample_rock rover3 rover3store waypoint54)
120.403: (navigate rover1 waypoint0 waypoint12)
120.404: (navigate rover1 waypoint0 waypoint30)
120.428: (sample_rock rover3 rover3store waypoint54)
120.430: (navigate rover0 waypoint51 waypoint58)
120.431: (sample_soil rover2 rover2store waypoint7)
120.540: (navigate rover3 waypoint54 waypoint30)
120.548: (navigate rover0 waypoint51 waypoint22)
120.556: (calibrate rover0 camera4 objective6 waypoint51)
120.558: (navigate rover3 waypoint54 waypoint23)
120.558: (navigate rover0 waypoint51 waypoint58)
120.565: (calibrate rover3 camera5 objective2 waypoint23)
120.571: (navigate rover3 waypoint54 waypoint23)
120.572: (navigate rover0 waypoint51 waypoint22)
120.587: (navigate rover3 waypoint54 waypoint30)
120.589: (navigate rover0 waypoint20 waypoint31)
120.590: (navigate rover0 waypoint51 waypoint26)
120.593: (sample_soil rover2 rover2store waypoint7)
120.596: (navigate rover3 waypoint54 waypoint23)
120.597: (calibrate rover0 camera4 objective6 waypoint51)
120.601: (sample_soil rover2 rover2store waypoint7)
120.603: (navigate rover0 waypoint51 waypoint4)
120.641: (navigate rover3 waypoint54 waypoint30)
120.641: (sample_rock rover3 rover3store waypoint54)
120.649: (navigate rover0 waypoint51 waypoint52)
120.651: (navigate rover3 waypoint54 waypoint23)
120.651: (navigate rover0 waypoint51 waypoint58)
120.653: (navigate rover1 waypoint0 waypoint27)
120.662: (navigate rover0 waypoint51 waypoint20)
120.662: (calibrate rover0 camera4 objective6 waypoint20)
120.688: (navigate rover0 waypoint51 waypoint22)
120.688: (navigate rover2 waypoint7 waypoint58)
120.724: (navigate rover0 waypoint4 waypoint3)
120.732: (sample_soil rover0 rover0store waypoint52)
120.734: (navigate rover2 waypoint7 waypoint58)
120.740: (navigate rover0 waypoint51 waypoint52)
120.745: (navigate rover0 waypoint29 waypoint37)
120.749: (navigate rover0 waypoint26 waypoint5)
120.752: (take_image rover0 waypoint51 objective7 camera4 high_res)
120.757: (navigate rover0 waypoint51 waypoint52)
120.758: (navigate rover3 waypoint54 waypoint30)
120.775: (navigate rover0 waypoint51 waypoint26)
120.778: (take_image rover0 waypoint51 objective6 camera4 high_res)
120.782: (calibrate rover0 camera4 objective6 waypoint51)
120.783: (navigate rover3 waypoint54 waypoint23)
120.788: (navigate rover1 waypoint0 waypoint5)
120.828: (navigate rover2 waypoint7 waypoint18)
120.833: (navigate rover0 waypoint51 waypoint49)
120.836: (navigate rover2 waypoint7 waypoint58)
120.859: (sample_rock rover3 rover3store waypoint54)
120.866: (navigate rover3 waypoint54 waypoint23)
120.873: (sample_rock rover3 rover3store waypoint54)
120.880: (navigate rover2 waypoint7 waypoint18)
120.882: (navigate rover0 waypoint51 waypoint49)
120.883: (navigate rover0 waypoint51 waypoint13)
120.887: (navigate rover3 waypoint54 waypoint30)
120.887: (navigate rover0 waypoint51 waypoint26)
120.890: (navigate rover1 waypoint0 waypoint15)
120.902: (navigate rover0 waypoint51 waypoint29)
120.918: (calibrate rover0 camera4 objective6 waypoint51)
120.929: (sample_soil rover2 rover2store waypoint58)
120.929: (calibrate rover0 camera4 objective6 waypoint51)
120.934: (navigate rover1 waypoint0 waypoint14)
120.942: (navigate rover0 waypoint51 waypoint2)
120.948: (navigate rover0 waypoint51 waypoint35)
120.970: (sample_rock rover3 rover3store waypoint54)
120.983: (navigate rover1 waypoint0 waypoint5)
120.995: (navigate rover0 waypoint51 waypoint49)
120.995: (navigate rover0 waypoint51 waypoint22)
120.999: (navigate rover0 waypoint51 waypoint52)
121.005: (navigate rover3 waypoint54 waypoint30)
121.016: (navigate rover1 waypoint0 waypoint5)
121.018: (navigate rover0 waypoint51 waypoint26)
121.024: (navigate rover2 waypoint7 waypoint58)
121.026: (sample_soil rover0 rover0store waypoint26)
121.035: (calibrate rover3 camera5 objective2 waypoint48)
121.050: (navigate rover1 waypoint0 waypoint5)
121.053: (navigate rover0 waypoint51 waypoint58)
121.056: (navigate rover3 waypoint54 waypoint48)
121.069: (navigate rover3 waypoint54 waypoint35)
121.071: (calibrate rover0 camera4 objective6 waypoint51)
121.074: (calibrate rover0 camera4 objective6 waypoint51)
121.093: (navigate rover2 waypoint7 waypoint0)
121.095: (calibrate rover0 camera4 objective6 waypoint51)
121.105: (navigate rover3 waypoint30 waypoint11)
121.122: (navigate rover3 waypoint54 waypoint48)
121.124: (navigate rover0 waypoint51 waypoint52)
121.125: (navigate rover0 waypoint51 waypoint22)
121.128: (navigate rover1 waypoint0 waypoint12)
121.130: (navigate rover1 waypoint0 waypoint7)
121.132: (navigate rover0 waypoint51 waypoint22)
121.138: (calibrate rover0 camera4 objective6 waypoint51)
121.148: (calibrate rover0 camera4 objective6 waypoint51)
121.149: (navigate rover1 waypoint0 waypoint15)
121.152: (navigate rover1 waypoint0 waypoint14)
121.152: (navigate rover3 waypoint54 waypoint10)
121.153: (navigate rover1 waypoint0 waypoint12)
121.155: (calibrate rover0 camera4 objective6 waypoint51)
121.158: (navigate rover3 waypoint54 waypoint48)
121.158: (navigate rover0 waypoint51 waypoint58)
121.161: (navigate rover0 waypoint51 waypoint22)
121.173: (navigate rover1 waypoint0 waypoint15)
121.177: (navigate rover0 waypoint51 waypoint22)
121.179: (navigate rover2 waypoint7 waypoint0)
121.179: (navigate rover2 waypoint7 waypoint17)
121.184: (navigate rover2 waypoint7 waypoint0)
121.185: (navigate rover3 waypoint54 waypoint23)
121.191: (navigate rover0 waypoint51 waypoint52)
121.191: (navigate rover2 waypoint18 waypoint31)
121.193: (navigate rover0 waypoint51 waypoint52)
121.196: (take_image rover0 waypoint51 objective8 camera4 high_res)
121.199: (sample_soil rover2 rover2store waypoint7)
121.200: (navigate rover1 waypoint12 waypoint3)
121.203: (navigate rover0 waypoint51 waypoint52)
121.206: (navigate rover3 waypoint54 waypoint35)
121.209: (sample_soil rover2 rover2store waypoint7)
121.210: (navigate rover3 waypoint54 waypoint35)
121.210: (navigate rover3 waypoint54 waypoint30)
121.213: (navigate rover2 waypoint58 waypoint9)
121.215: (navigate rover0 waypoint51 waypoint22)
121.217: (navigate rover1 waypoint0 waypoint14)
121.225: (sample_rock rover3 rover3store waypoint54)
121.229: (navigate rover1 waypoint0 waypoint15)
121.230: (navigate rover2 waypoint7 waypoint17)
121.231: (navigate rover1 waypoint0 waypoint7)
121.232: (navigate rover0 waypoint51 waypoint58)
121.233: (sample_soil rover2 rover2store waypoint7)
121.236: (navigate rover0 waypoint51 waypoint58)
121.238: (navigate rover2 waypoint7 waypoint58)
121.238: (navigate rover1 waypoint0 waypoint14)
121.238: (navigate rover0 waypoint51 waypoint26)
121.238: (navigate rover0 waypoint51 waypoint4)
121.239: (navigate rover3 waypoint54 waypoint10)
121.239: (sample_soil rover2 rover2store waypoint7)
Traceback (most recent call last):
  File "/u/ibrahim.eisawy/Neural-Guided-Search/beam.py", line 104, in <module>
    _main(_parse_arguments())
  File "/u/ibrahim.eisawy/Neural-Guided-Search/beam.py", line 94, in _main
    solution = _plan(problem, model, args.beam, use_closed_set=not args.disable_closed_set)
  File "/u/ibrahim.eisawy/Neural-Guided-Search/beam.py", line 57, in _plan
    values = model.forward(inputs).readout('value')
  File "/u/ibrahim.eisawy/Neural-Guided-Search/venv/lib/python3.10/site-packages/pymimir_rgnn/model.py", line 316, in forward
    node_embeddings = self._mpnn_module.forward(input)
  File "/u/ibrahim.eisawy/Neural-Guided-Search/venv/lib/python3.10/site-packages/pymimir_rgnn/model.py", line 209, in forward
    relation_messages = self._relation_network(node_embeddings, input.flattened_relations)
  File "/u/ibrahim.eisawy/Neural-Guided-Search/venv/lib/python3.10/site-packages/torch/nn/modules/module.py", line 1778, in _wrapped_call_impl
    return self._call_impl(*args, **kwargs)
  File "/u/ibrahim.eisawy/Neural-Guided-Search/venv/lib/python3.10/site-packages/torch/nn/modules/module.py", line 1789, in _call_impl
    return forward_call(*args, **kwargs)
  File "/u/ibrahim.eisawy/Neural-Guided-Search/venv/lib/python3.10/site-packages/pymimir_rgnn/model.py", line 149, in forward
    output_messages, output_indices = self._compute_messages_and_indices(node_embeddings, relations)
  File "/u/ibrahim.eisawy/Neural-Guided-Search/venv/lib/python3.10/site-packages/pymimir_rgnn/model.py", line 111, in _compute_messages_and_indices
    output_messages = (input_embeddings + relation_module(input_embeddings)).view(-1, self._embedding_size)
  File "/u/ibrahim.eisawy/Neural-Guided-Search/venv/lib/python3.10/site-packages/torch/nn/modules/module.py", line 1778, in _wrapped_call_impl
    return self._call_impl(*args, **kwargs)
  File "/u/ibrahim.eisawy/Neural-Guided-Search/venv/lib/python3.10/site-packages/torch/nn/modules/module.py", line 1789, in _call_impl
    return forward_call(*args, **kwargs)
  File "/u/ibrahim.eisawy/Neural-Guided-Search/venv/lib/python3.10/site-packages/pymimir_rgnn/modules.py", line 14, in forward
    return self._outer(nn.functional.mish(self._inner(input)))
  File "/u/ibrahim.eisawy/Neural-Guided-Search/venv/lib/python3.10/site-packages/torch/nn/modules/module.py", line 1778, in _wrapped_call_impl
    return self._call_impl(*args, **kwargs)
  File "/u/ibrahim.eisawy/Neural-Guided-Search/venv/lib/python3.10/site-packages/torch/nn/modules/module.py", line 1789, in _call_impl
    return forward_call(*args, **kwargs)
  File "/u/ibrahim.eisawy/Neural-Guided-Search/venv/lib/python3.10/site-packages/torch/nn/modules/linear.py", line 134, in forward
    return F.linear(input, self.weight, self.bias)
torch.OutOfMemoryError: CUDA out of memory. Tried to allocate 434.00 MiB. GPU 0 has a total capacity of 44.39 GiB of which 212.06 MiB is free. Process 89441 has 7.01 GiB memory in use. Process 89509 has 13.59 GiB memory in use. Process 90380 has 1.81 GiB memory in use. Process 90520 has 10.96 GiB memory in use. Process 91898 has 1.09 GiB memory in use. Process 92053 has 6.89 GiB memory in use. Including non-PyTorch memory, this process has 2.27 GiB memory in use. Process 92232 has 538.00 MiB memory in use. Of the allocated memory 1.16 GiB is allocated by PyTorch, and 632.25 MiB is reserved by PyTorch but unallocated. If reserved but unallocated memory is large try setting PYTORCH_CUDA_ALLOC_CONF=expandable_segments:True to avoid fragmentation.  See documentation for Memory Management  (https://docs.pytorch.org/docs/stable/notes/cuda.html#optimizing-memory-usage-with-pytorch-cuda-alloc-conf)
