Torch: 2.12.0+cu130
Using GPU:  NVIDIA L40S
[Bellman] lambda=0 -> baseline (no widening signal)
[W1raw] OPTION7 w1raw_beta=3.0 signal=RAW edge-W1 (parent-best vs child-best, no reward/discount) vs SIBLINGS (boosts exploration toward larger-shift children; prior untouched)
[Value] SELF-CONSISTENT: leaf value = QR-DQN max_a mean Z(s,a) (SAC critics bypassed; prior still SAC policy)
/u/ibrahim.eisawy/Neural-Guided-Search/venv/lib/python3.10/site-packages/pymimir_rgnn/model.py:162: UserWarning: index_reduce() is in beta and the API may change at any time. (Triggered internally at /pytorch/aten/src/ATen/native/cuda/Indexing.cu:1541.)
  exps_max.index_reduce_(0, output_indices, output_messages, reduce="amax", include_self=False)
  [sim 500] root visits=500, unique states=188, generated=187, iqn_calls=522
  [sim 1000] root visits=1000, unique states=227, generated=226, iqn_calls=635
  [sim 1500] root visits=1500, unique states=240, generated=239, iqn_calls=679
  [sim 2000] root visits=2000, unique states=240, generated=239, iqn_calls=689
  [sim 2500] root visits=2500, unique states=240, generated=239, iqn_calls=689
  [sim 3000] root visits=3000, unique states=240, generated=239, iqn_calls=689
  [sim 3500] root visits=3500, unique states=240, generated=239, iqn_calls=689
  [sim 4000] root visits=4000, unique states=556, generated=555, iqn_calls=1513
[Final] Expanded: 556, Generated: 556
[Cost] IQN forward calls (Bellman signal): 1529
[Widen] nodes widened: 0, mean w: 0.0000
[W1raw] child-edges modulated: 1225, mean mult: 1.3851 (1.0 = no change; >1 = boosted toward larger shift)
[search done] simulations=4053, unique states generated=556
Failed to find a solution!
