Torch: 2.12.0+cu130
Using GPU:  NVIDIA L40S
[oracle] IQN uncertainty oracle loaded: models/grid_iqn.pth (width_beta=0.0, width_gamma=1.0)
/u/ibrahim.eisawy/Neural-Guided-Search/venv/lib/python3.10/site-packages/pymimir_rgnn/model.py:162: UserWarning: index_reduce() is in beta and the API may change at any time. (Triggered internally at /pytorch/aten/src/ATen/native/cuda/Indexing.cu:1541.)
  exps_max.index_reduce_(0, output_indices, output_messages, reduce="amax", include_self=False)
  [sim 500] root visits=500, unique states=1571, generated=1570
  [sim 1000] root visits=1000, unique states=3089, generated=3088
  [sim 1500] root visits=1500, unique states=4509, generated=4508
  [sim 2000] root visits=2000, unique states=5964, generated=5963
  [sim 2076] found goal path of length 276
[Final] Expanded: 6135, Generated: 6135
[search done] simulations=2076, unique states generated=6135
Found a solution of length 276!
   1: (move f3-4f f3-5f)
   2: (pickup f3-5f key0-0)
   3: (move f3-5f f4-5f)
   4: (move f4-5f f4-6f)
   5: (unlock f4-6f f5-6f key0-0 shape0)
   6: (putdown f4-6f key0-0)
   7: (move f4-6f f4-7f)
   8: (pickup f4-7f key2-0)
   9: (move f4-7f f5-7f)
  10: (move f5-7f f5-6f)
  11: (move f5-6f f4-6f)
  12: (move f4-6f f4-5f)
  13: (move f4-5f f4-4f)
  14: (pickup-and-loose f4-4f key3-0 key2-0)
  15: (move f4-4f f4-5f)
  16: (move f4-5f f4-6f)
  17: (move f4-6f f5-6f)
  18: (move f5-6f f6-6f)
  19: (move f6-6f f6-7f)
  20: (move f6-7f f5-7f)
  21: (move f5-7f f4-7f)
  22: (move f4-7f f3-7f)
  23: (putdown f3-7f key3-0)
  24: (move f3-7f f3-6f)
  25: (move f3-6f f4-6f)
  26: (move f4-6f f5-6f)
  27: (pickup f5-6f key2-1)
  28: (move f5-6f f4-6f)
  29: (move f4-6f f4-5f)
  30: (putdown f4-5f key2-1)
  31: (move f4-5f f4-4f)
  32: (pickup f4-4f key2-0)
  33: (move f4-4f f4-5f)
  34: (move f4-5f f4-6f)
  35: (move f4-6f f4-7f)
  36: (move f4-7f f3-7f)
  37: (putdown f3-7f key2-0)
  38: (pickup f3-7f key3-0)
  39: (unlock f3-7f f2-7f key3-0 shape3)
  40: (putdown f3-7f key3-0)
  41: (pickup f3-7f key2-0)
  42: (move f3-7f f4-7f)
  43: (move f4-7f f5-7f)
  44: (move f5-7f f6-7f)
  45: (move f6-7f f6-6f)
  46: (move f6-6f f6-5f)
  47: (move f6-5f f7-5f)
  48: (move f7-5f f7-6f)
  49: (putdown f7-6f key2-0)
  50: (move f7-6f f7-5f)
  51: (pickup f7-5f key0-3)
  52: (move f7-5f f7-6f)
  53: (move f7-6f f6-6f)
  54: (move f6-6f f6-7f)
  55: (move f6-7f f5-7f)
  56: (move f5-7f f4-7f)
  57: (move f4-7f f3-7f)
  58: (move f3-7f f3-6f)
  59: (move f3-6f f2-6f)
  60: (move f2-6f f2-7f)
  61: (move f2-7f f1-7f)
  62: (move f1-7f f0-7f)
  63: (move f0-7f f0-6f)
  64: (move f0-6f f0-5f)
  65: (unlock f0-5f f1-5f key0-3 shape0)
  66: (move f0-5f f0-4f)
  67: (move f0-4f f0-3f)
  68: (unlock f0-3f f0-2f key0-3 shape0)
  69: (move f0-3f f0-2f)
  70: (move f0-2f f1-2f)
  71: (move f1-2f f1-3f)
  72: (putdown f1-3f key0-3)
  73: (move f1-3f f1-2f)
  74: (move f1-2f f0-2f)
  75: (pickup f0-2f key0-2)
  76: (move f0-2f f0-3f)
  77: (move f0-3f f1-3f)
  78: (move f1-3f f1-4f)
  79: (move f1-4f f2-4f)
  80: (move f2-4f f3-4f)
  81: (move f3-4f f4-4f)
  82: (putdown f4-4f key0-2)
  83: (move f4-4f f4-5f)
  84: (move f4-5f f3-5f)
  85: (move f3-5f f2-5f)
  86: (pickup f2-5f key2-2)
  87: (move f2-5f f2-6f)
  88: (move f2-6f f3-6f)
  89: (move f3-6f f3-7f)
  90: (pickup-and-loose f3-7f key3-0 key2-2)
  91: (move f3-7f f4-7f)
  92: (move f4-7f f5-7f)
  93: (move f5-7f f6-7f)
  94: (move f6-7f f6-6f)
  95: (move f6-6f f7-6f)
  96: (move f7-6f f7-5f)
  97: (move f7-5f f6-5f)
  98: (unlock f6-5f f6-4f key3-0 shape3)
  99: (move f6-5f f6-6f)
 100: (move f6-6f f7-6f)
 101: (move f7-6f f7-5f)
 102: (move f7-5f f7-4f)
 103: (move f7-4f f6-4f)
 104: (pickup-and-loose f6-4f key2-3 key3-0)
 105: (move f6-4f f7-4f)
 106: (move f7-4f f7-5f)
 107: (move f7-5f f7-6f)
 108: (pickup-and-loose f7-6f key2-0 key2-3)
 109: (move f7-6f f6-6f)
 110: (move f6-6f f6-7f)
 111: (move f6-7f f5-7f)
 112: (move f5-7f f4-7f)
 113: (move f4-7f f3-7f)
 114: (move f3-7f f3-6f)
 115: (move f3-6f f2-6f)
 116: (move f2-6f f2-5f)
 117: (move f2-5f f1-5f)
 118: (move f1-5f f1-4f)
 119: (move f1-4f f1-3f)
 120: (unlock f1-3f f2-3f key2-0 shape2)
 121: (move f1-3f f1-2f)
 122: (move f1-2f f1-1f)
 123: (move f1-1f f0-1f)
 124: (putdown f0-1f key2-0)
 125: (move f0-1f f1-1f)
 126: (move f1-1f f1-2f)
 127: (move f1-2f f1-3f)
 128: (pickup f1-3f key0-3)
 129: (move f1-3f f2-3f)
 130: (putdown f2-3f key0-3)
 131: (move f2-3f f3-3f)
 132: (pickup f3-3f key1-3)
 133: (move f3-3f f3-2f)
 134: (move f3-2f f3-1f)
 135: (move f3-1f f3-0f)
 136: (move f3-0f f4-0f)
 137: (move f4-0f f5-0f)
 138: (move f5-0f f5-1f)
 139: (move f5-1f f6-1f)
 140: (move f6-1f f6-2f)
 141: (move f6-2f f7-2f)
 142: (move f7-2f f7-3f)
 143: (move f7-3f f7-4f)
 144: (move f7-4f f6-4f)
 145: (pickup-and-loose f6-4f key3-0 key1-3)
 146: (move f6-4f f6-5f)
 147: (move f6-5f f6-6f)
 148: (move f6-6f f6-7f)
 149: (move f6-7f f5-7f)
 150: (move f5-7f f4-7f)
 151: (move f4-7f f3-7f)
 152: (move f3-7f f3-6f)
 153: (move f3-6f f4-6f)
 154: (move f4-6f f5-6f)
 155: (pickup-and-loose f5-6f key1-1 key3-0)
 156: (unlock f5-6f f5-5f key1-1 shape1)
 157: (pickup-and-loose f5-6f key3-0 key1-1)
 158: (move f5-6f f6-6f)
 159: (move f6-6f f6-7f)
 160: (move f6-7f f5-7f)
 161: (move f5-7f f4-7f)
 162: (move f4-7f f3-7f)
 163: (move f3-7f f3-6f)
 164: (move f3-6f f4-6f)
 165: (move f4-6f f4-5f)
 166: (pickup-and-loose f4-5f key2-1 key3-0)
 167: (putdown f4-5f key2-1)
 168: (move f4-5f f4-4f)
 169: (move f4-4f f3-4f)
 170: (move f3-4f f3-5f)
 171: (move f3-5f f3-6f)
 172: (move f3-6f f4-6f)
 173: (move f4-6f f5-6f)
 174: (pickup f5-6f key1-1)
 175: (move f5-6f f6-6f)
 176: (move f6-6f f6-7f)
 177: (pickup-and-loose f6-7f key1-0 key1-1)
 178: (move f6-7f f6-6f)
 179: (putdown f6-6f key1-0)
 180: (move f6-6f f7-6f)
 181: (pickup f7-6f key2-3)
 182: (move f7-6f f6-6f)
 183: (move f6-6f f6-5f)
 184: (move f6-5f f5-5f)
 185: (move f5-5f f4-5f)
 186: (pickup-and-loose f4-5f key3-0 key2-3)
 187: (move f4-5f f4-4f)
 188: (move f4-4f f3-4f)
 189: (move f3-4f f3-5f)
 190: (move f3-5f f3-6f)
 191: (move f3-6f f3-7f)
 192: (move f3-7f f4-7f)
 193: (move f4-7f f4-6f)
 194: (move f4-6f f5-6f)
 195: (move f5-6f f5-5f)
 196: (move f5-5f f6-5f)
 197: (move f6-5f f6-6f)
 198: (move f6-6f f6-7f)
 199: (move f6-7f f5-7f)
 200: (putdown f5-7f key3-0)
 201: (move f5-7f f5-6f)
 202: (move f5-6f f4-6f)
 203: (move f4-6f f4-5f)
 204: (pickup f4-5f key2-3)
 205: (move f4-5f f4-6f)
 206: (move f4-6f f4-7f)
 207: (move f4-7f f5-7f)
 208: (pickup-and-loose f5-7f key3-0 key2-3)
 209: (move f5-7f f4-7f)
 210: (move f4-7f f3-7f)
 211: (move f3-7f f3-6f)
 212: (move f3-6f f4-6f)
 213: (move f4-6f f5-6f)
 214: (move f5-6f f6-6f)
 215: (move f6-6f f6-7f)
 216: (putdown f6-7f key3-0)
 217: (move f6-7f f6-6f)
 218: (move f6-6f f5-6f)
 219: (move f5-6f f5-7f)
 220: (pickup f5-7f key2-3)
 221: (move f5-7f f6-7f)
 222: (pickup-and-loose f6-7f key3-0 key2-3)
 223: (move f6-7f f6-6f)
 224: (move f6-6f f6-5f)
 225: (move f6-5f f5-5f)
 226: (move f5-5f f4-5f)
 227: (move f4-5f f4-4f)
 228: (move f4-4f f3-4f)
 229: (move f3-4f f2-4f)
 230: (move f2-4f f2-3f)
 231: (move f2-3f f1-3f)
 232: (move f1-3f f0-3f)
 233: (putdown f0-3f key3-0)
 234: (move f0-3f f0-4f)
 235: (move f0-4f f1-4f)
 236: (move f1-4f f1-5f)
 237: (move f1-5f f2-5f)
 238: (move f2-5f f3-5f)
 239: (move f3-5f f4-5f)
 240: (pickup f4-5f key2-1)
 241: (move f4-5f f4-4f)
 242: (move f4-4f f4-3f)
 243: (unlock f4-3f f4-2f key2-1 shape2)
 244: (move f4-3f f4-4f)
 245: (move f4-4f f4-5f)
 246: (putdown f4-5f key2-1)
 247: (move f4-5f f4-4f)
 248: (move f4-4f f3-4f)
 249: (move f3-4f f3-5f)
 250: (move f3-5f f3-6f)
 251: (move f3-6f f3-7f)
 252: (pickup f3-7f key2-2)
 253: (move f3-7f f4-7f)
 254: (move f4-7f f5-7f)
 255: (move f5-7f f6-7f)
 256: (move f6-7f f6-6f)
 257: (move f6-6f f6-5f)
 258: (move f6-5f f5-5f)
 259: (move f5-5f f4-5f)
 260: (move f4-5f f4-4f)
 261: (move f4-4f f4-3f)
 262: (move f4-3f f4-2f)
 263: (unlock f4-2f f4-1f key2-2 shape2)
 264: (move f4-2f f4-1f)
 265: (pickup-and-loose f4-1f key0-1 key2-2)
 266: (move f4-1f f4-2f)
 267: (move f4-2f f3-2f)
 268: (move f3-2f f3-3f)
 269: (move f3-3f f2-3f)
 270: (move f2-3f f2-4f)
 271: (move f2-4f f3-4f)
 272: (move f3-4f f4-4f)
 273: (move f4-4f f4-5f)
 274: (move f4-5f f5-5f)
 275: (move f5-5f f6-5f)
 276: (putdown f6-5f key0-1)
