Torch: 2.12.0+cu130
Using GPU:  NVIDIA L40S
[oracle] IQN quantile oracle loaded: models/grid_iqn.pth (w1_lambda=1.0)
/u/ibrahim.eisawy/Neural-Guided-Search/venv/lib/python3.10/site-packages/pymimir_rgnn/model.py:162: UserWarning: index_reduce() is in beta and the API may change at any time. (Triggered internally at /pytorch/aten/src/ATen/native/cuda/Indexing.cu:1541.)
  exps_max.index_reduce_(0, output_indices, output_messages, reduce="amax", include_self=False)
  [sim 500] root visits=500, unique states=1020, generated=1019
  [sim 1000] root visits=1000, unique states=2087, generated=2086
  [sim 1500] root visits=1500, unique states=3159, generated=3158
  [sim 2000] root visits=2000, unique states=4237, generated=4236
  [sim 2500] root visits=2500, unique states=5310, generated=5309
  [sim 3000] root visits=3000, unique states=6390, generated=6389
  [sim 3500] root visits=3500, unique states=7446, generated=7445
  [sim 4000] root visits=4000, unique states=8514, generated=8513
  [sim 4500] root visits=4500, unique states=9601, generated=9600
[FANOUT] expanded_internal_nodes=3594 mean_children=4.30 mean_visited_children(fanout)=1.15 median_fanout=1 frac_nodes_fanout>1=18% frac_fanout>3=0%
[WIDTHBUCKET] n=3594 mean_width=2.67 median_width=2.74 frac_low(<1.5)=6% frac_med(1.5-3)=65% frac_high(>=3)=29%
[BOOSTDEPTH] n=3363 mean_depth_of_boosted_nodes=72.90 median=65 frac_shallow(depth<=10)=1% frac_deep(depth>30)=96%
[BOOSTPAYOFF] boosted_nodes=3363 frac_with_deadend_child=0% frac_below_best_at_depth=86%
[W1xDEPTH] d0-20:n=86,meanNW1=0.123 d20-60:n=1728,meanNW1=0.134 d60-120:n=1936,meanNW1=0.124 d120-inf:n=393,meanNW1=0.122
[DEPTH] expanded_internal_nodes=3594 mean_depth=73.68 median_depth=65 max_depth=182 frac_depth>20=98%
[Final] Expanded: 9658, Generated: 9658
[search done] simulations=4527, unique states generated=9658
Failed to find a solution!
