/u/ibrahim.eisawy/Neural-Guided-Search/venv/lib/python3.10/site-packages/pymimir_rgnn/model.py:151: UserWarning: index_reduce() is in beta and the API may change at any time. (Triggered internally at /pytorch/aten/src/ATen/native/cuda/Indexing.cu:1541.)
  max_msg.index_reduce_(0, output_indices, output_messages, reduce='amax', include_self=True)
Torch: 2.12.0+cu130
Using GPU:  NVIDIA L40S
57.044: (grasp right shaker1)
57.044: (grasp left shaker1)
57.561: (grasp right shot6)
57.561: (grasp right shot5)
57.561: (grasp left shot5)
57.561: (grasp left shot6)
57.992: (grasp left shot3)
57.992: (grasp right shot3)
57.992: (grasp left shot2)
57.992: (grasp right shot2)
57.992: (grasp right shot1)
57.992: (grasp left shot1)
58.178: (grasp left shot4)
58.178: (grasp right shot4)
58.201: (grasp left shot7)
58.201: (grasp right shot7)
55.364: (fill-shot shot6 ingredient2 right left dispenser2)
55.365: (fill-shot shot5 ingredient2 left right dispenser2)
55.365: (fill-shot shot6 ingredient2 left right dispenser2)
55.365: (fill-shot shot5 ingredient2 right left dispenser2)
57.367: (fill-shot shot7 ingredient1 left right dispenser1)
57.367: (fill-shot shot7 ingredient1 right left dispenser1)
57.479: (grasp right shaker1)
57.479: (grasp right shaker1)
57.479: (grasp right shot5)
57.479: (grasp right shot6)
57.479: (grasp left shaker1)
57.479: (grasp left shot5)
57.480: (grasp left shot6)
57.480: (grasp left shaker1)
57.550: (fill-shot shot5 ingredient1 left right dispenser1)
57.550: (fill-shot shot6 ingredient1 left right dispenser1)
57.550: (fill-shot shot5 ingredient1 right left dispenser1)
57.550: (fill-shot shot6 ingredient1 right left dispenser1)
57.943: (grasp left shaker1)
57.943: (grasp right shot1)
48.328: (pour-shot-to-clean-shaker shot7 ingredient1 shaker1 right l0 l1)
48.328: (pour-shot-to-clean-shaker shot7 ingredient1 shaker1 left l0 l1)
50.831: (pour-shot-to-clean-shaker shot6 ingredient1 shaker1 left l0 l1)
50.831: (pour-shot-to-clean-shaker shot5 ingredient1 shaker1 left l0 l1)
50.831: (pour-shot-to-clean-shaker shot5 ingredient1 shaker1 right l0 l1)
50.831: (pour-shot-to-clean-shaker shot6 ingredient1 shaker1 right l0 l1)
52.177: (pour-shot-to-clean-shaker shot6 ingredient2 shaker1 left l0 l1)
52.177: (pour-shot-to-clean-shaker shot5 ingredient2 shaker1 right l0 l1)
52.177: (pour-shot-to-clean-shaker shot5 ingredient2 shaker1 left l0 l1)
52.177: (pour-shot-to-clean-shaker shot6 ingredient2 shaker1 right l0 l1)
54.331: (leave left shot6)
54.331: (leave right shot5)
54.331: (leave right shot6)
54.331: (leave left shot5)
55.377: (grasp right shaker1)
55.377: (grasp left shaker1)
55.377: (grasp right shaker1)
55.378: (grasp left shaker1)
55.882: (grasp right shot5)
55.882: (grasp right shot6)
47.983: (leave right shot7)
47.983: (leave left shot7)
48.682: (grasp right shot6)
48.682: (grasp right shot5)
48.682: (grasp left shot5)
48.682: (grasp left shot6)
48.722: (refill-shot shot7 ingredient1 right left dispenser1)
48.722: (refill-shot shot7 ingredient1 left right dispenser1)
49.006: (clean-shot shot6 ingredient1 left right)
49.006: (clean-shot shot5 ingredient1 right left)
49.006: (clean-shot shot6 ingredient1 right left)
49.006: (clean-shot shot5 ingredient1 left right)
49.307: (grasp right shaker1)
49.307: (grasp left shaker1)
49.677: (refill-shot shot6 ingredient2 left right dispenser2)
49.677: (refill-shot shot5 ingredient2 right left dispenser2)
49.677: (refill-shot shot5 ingredient2 left right dispenser2)
49.677: (refill-shot shot6 ingredient2 right left dispenser2)
49.768: (clean-shot shot7 ingredient1 right left)
49.768: (clean-shot shot7 ingredient1 left right)
46.966: (fill-shot shot5 ingredient2 left right dispenser2)
46.967: (fill-shot shot6 ingredient2 right left dispenser2)
46.967: (fill-shot shot5 ingredient2 right left dispenser2)
46.967: (fill-shot shot6 ingredient2 left right dispenser2)
48.372: (leave right shot7)
48.372: (leave left shot7)
48.372: (leave right shot7)
48.372: (leave left shot7)
48.372: (grasp right shot6)
48.372: (grasp right shot5)
48.372: (grasp left shot6)
48.372: (grasp left shot5)
48.475: (leave left shot7)
48.475: (leave right shot7)
48.600: (leave left shot5)
48.600: (leave left shot7)
48.600: (leave left shot6)
48.600: (leave right shot6)
48.600: (leave right shot5)
48.600: (leave right shot7)
32.794: (pour-shot-to-used-shaker shot6 ingredient2 shaker1 right l1 l2)
32.794: (pour-shot-to-used-shaker shot6 ingredient2 shaker1 left l1 l2)
32.794: (pour-shot-to-used-shaker shot5 ingredient2 shaker1 right l1 l2)
32.794: (pour-shot-to-used-shaker shot5 ingredient2 shaker1 left l1 l2)
45.709: (leave left shot6)
45.709: (leave right shot6)
45.709: (leave left shot5)
45.709: (leave right shot5)
46.322: (fill-shot shot6 ingredient2 right left dispenser2)
46.322: (fill-shot shot5 ingredient2 right left dispenser2)
46.322: (fill-shot shot6 ingredient2 left right dispenser2)
46.322: (fill-shot shot5 ingredient2 left right dispenser2)
47.773: (grasp right shot5)
47.773: (grasp left shot6)
47.773: (grasp left shot5)
47.773: (grasp right shot6)
48.033: (grasp left shot7)
48.033: (grasp right shot7)
48.033: (grasp right shot7)
48.033: (grasp left shot7)
29.996: (grasp right shot5)
29.996: (grasp left shot5)
29.996: (grasp left shot6)
29.996: (grasp right shot6)
29.996: (pour-shot-to-used-shaker shot5 ingredient2 shaker1 right l1 l2)
29.996: (pour-shot-to-used-shaker shot6 ingredient2 shaker1 left l1 l2)
29.996: (pour-shot-to-used-shaker shot6 ingredient2 shaker1 right l1 l2)
29.996: (pour-shot-to-used-shaker shot5 ingredient2 shaker1 left l1 l2)
32.042: (refill-shot shot6 ingredient2 right left dispenser2)
32.042: (refill-shot shot6 ingredient2 left right dispenser2)
32.042: (refill-shot shot5 ingredient2 right left dispenser2)
32.042: (refill-shot shot5 ingredient2 left right dispenser2)
32.461: (pour-shot-to-used-shaker shot5 ingredient2 shaker1 left l1 l2)
32.462: (pour-shot-to-used-shaker shot5 ingredient2 shaker1 right l1 l2)
32.462: (pour-shot-to-used-shaker shot6 ingredient2 shaker1 right l1 l2)
32.462: (pour-shot-to-used-shaker shot6 ingredient2 shaker1 left l1 l2)
32.629: (grasp right shot7)
32.630: (grasp right shot7)
32.630: (grasp left shot7)
32.630: (grasp left shot7)
29.153: (grasp left shot5)
29.153: (grasp right shot6)
29.153: (grasp left shot6)
29.153: (grasp right shot5)
29.651: (grasp left shot5)
29.651: (grasp left shot6)
29.651: (grasp right shot5)
29.651: (grasp right shot6)
31.704: (refill-shot shot5 ingredient2 left right dispenser2)
31.704: (refill-shot shot6 ingredient2 left right dispenser2)
31.704: (refill-shot shot6 ingredient2 right left dispenser2)
31.704: (refill-shot shot5 ingredient2 right left dispenser2)
31.776: (leave right shot5)
31.776: (leave left shot6)
31.776: (leave right shot6)
31.776: (leave left shot5)
31.878: (grasp left shot7)
31.878: (grasp left shot7)
31.878: (grasp right shot7)
31.878: (grasp right shot7)
28.777: (grasp left shot5)
28.777: (grasp left shot6)
28.777: (grasp right shot5)
28.777: (grasp right shot6)
28.849: (grasp right shot5)
28.849: (grasp left shot6)
28.849: (grasp left shot5)
28.849: (grasp right shot6)
28.849: (leave left shot5)
28.849: (leave left shot6)
28.849: (leave right shot5)
28.849: (leave right shot6)
31.411: (leave right shot5)
31.411: (leave left shot6)
31.411: (leave left shot5)
31.411: (leave right shot6)
31.614: (leave left shot5)
31.614: (leave left shot6)
31.614: (leave right shot5)
31.614: (leave right shot6)
28.477: (grasp left shot6)
28.477: (leave left shot5)
28.477: (grasp right shot6)
28.477: (leave left shot6)
28.477: (leave right shot6)
28.477: (leave right shot5)
28.477: (grasp left shot5)
28.477: (grasp right shot5)
28.532: (fill-shot shot6 ingredient2 right left dispenser2)
28.532: (fill-shot shot5 ingredient2 right left dispenser2)
28.532: (fill-shot shot5 ingredient2 left right dispenser2)
28.532: (fill-shot shot6 ingredient2 left right dispenser2)
28.682: (grasp left shot6)
28.682: (grasp left shot7)
28.682: (grasp left shot5)
28.682: (grasp right shot7)
28.682: (grasp left shot7)
28.682: (grasp right shot7)
28.682: (grasp right shot6)
28.682: (grasp right shot5)
28.055: (fill-shot shot6 ingredient2 right left dispenser2)
28.055: (fill-shot shot6 ingredient2 left right dispenser2)
28.055: (fill-shot shot5 ingredient2 right left dispenser2)
28.055: (fill-shot shot5 ingredient2 left right dispenser2)
28.265: (empty-shot right shot6 ingredient2)
28.265: (empty-shot right shot5 ingredient2)
28.265: (empty-shot left shot6 ingredient2)
28.265: (empty-shot left shot5 ingredient2)
28.390: (leave left shot5)
28.390: (leave right shot5)
28.390: (leave right shot6)
28.390: (leave left shot6)
28.394: (grasp right shot7)
28.394: (grasp right shot7)
28.394: (grasp left shot7)
28.394: (grasp left shot7)
28.636: (grasp left shot6)
28.636: (grasp right shot6)
28.636: (grasp right shot5)
28.636: (grasp left shot5)
27.869: (leave right shot5)
27.869: (leave left shot5)
27.869: (leave left shot6)
27.870: (leave right shot6)
27.892: (empty-shot left shot6 ingredient2)
27.892: (empty-shot left shot5 ingredient2)
27.892: (empty-shot right shot6 ingredient2)
27.892: (empty-shot right shot5 ingredient2)
28.095: (grasp left shot7)
28.095: (grasp left shot7)
28.095: (empty-shot right shot6 ingredient2)
28.095: (empty-shot left shot5 ingredient2)
28.095: (empty-shot left shot6 ingredient2)
28.095: (empty-shot right shot5 ingredient2)
28.096: (grasp right shot7)
28.096: (grasp right shot7)
28.218: (leave left shot6)
28.218: (leave right shot5)
28.218: (grasp right shot7)
28.218: (leave left shot5)
27.598: (fill-shot shot7 ingredient1 left right dispenser1)
27.598: (fill-shot shot7 ingredient1 right left dispenser1)
27.822: (fill-shot shot7 ingredient2 right left dispenser2)
27.822: (fill-shot shot7 ingredient2 left right dispenser2)
27.880: (grasp left shaker1)
27.880: (grasp right shaker1)
28.092: (grasp left shot7)
28.092: (grasp right shot7)
28.092: (grasp right shot7)
28.092: (grasp left shot7)
28.153: (grasp left shaker1)
28.153: (grasp right shaker1)
28.190: (grasp left shot7)
28.190: (grasp right shot7)
28.198: (grasp right shot5)
28.198: (grasp right shot6)
28.198: (grasp left shot5)
28.198: (grasp left shot6)
28.916: (grasp left shaker1)
28.916: (grasp left shaker1)
27.017: (leave left shot7)
27.017: (leave right shot7)
27.229: (leave right shot7)
27.229: (leave left shot7)
27.658: (grasp right shot5)
27.658: (grasp right shot6)
27.658: (grasp left shot6)
27.658: (grasp left shot5)
27.728: (grasp left shaker1)
27.728: (grasp right shaker1)
27.927: (grasp right shot5)
27.927: (grasp left shot5)
27.927: (grasp right shot6)
27.927: (grasp left shot6)
27.942: (grasp right shaker1)
27.942: (grasp left shaker1)
28.255: (grasp left shaker1)
28.255: (grasp right shot7)
28.255: (grasp right shaker1)
28.256: (grasp left shot7)
27.152: (grasp right shaker1)
27.152: (grasp left shaker1)
27.153: (leave right shot7)
27.153: (leave left shot7)
27.210: (leave right shot7)
27.210: (grasp left shot6)
27.210: (grasp left shot5)
27.210: (grasp right shot6)
27.210: (leave right shot7)
27.210: (grasp right shot5)
27.210: (leave left shot7)
27.211: (leave left shot7)
27.351: (leave left shot7)
27.351: (leave right shot7)
27.351: (grasp left shaker1)
27.351: (grasp right shaker1)
27.463: (empty-shot left shot5 ingredient2)
27.463: (empty-shot left shot6 ingredient2)
27.463: (empty-shot right shot6 ingredient2)
27.463: (empty-shot right shot5 ingredient2)
27.174: (empty-shot right shot5 ingredient2)
27.174: (empty-shot right shot6 ingredient2)
27.174: (leave left shot7)
27.174: (empty-shot left shot5 ingredient2)
27.174: (leave right shot7)
27.174: (leave right shot7)
27.174: (leave left shot7)
27.174: (empty-shot left shot6 ingredient2)
27.349: (grasp left shot6)
27.350: (grasp right shot5)
27.350: (grasp left shot5)
27.350: (grasp right shot6)
27.657: (grasp right shot5)
27.657: (grasp right shot6)
27.657: (grasp left shot5)
27.657: (grasp right shaker1)
27.657: (grasp left shot6)
27.657: (grasp left shaker1)
27.657: (grasp left shaker1)
27.657: (grasp right shaker1)
27.405: (grasp left shot5)
27.405: (grasp right shot6)
27.405: (grasp right shot5)
27.405: (empty-shot left shot5 ingredient2)
27.405: (empty-shot right shot5 ingredient2)
27.405: (grasp left shot6)
27.405: (empty-shot right shot6 ingredient2)
27.405: (empty-shot left shot6 ingredient2)
27.709: (clean-shot shot6 ingredient2 left right)
27.709: (clean-shot shot5 ingredient2 left right)
27.709: (clean-shot shot6 ingredient2 right left)
27.709: (clean-shot shot5 ingredient2 right left)
28.086: (empty-shot left shot6 ingredient2)
28.086: (empty-shot left shot5 ingredient2)
28.086: (empty-shot right shot6 ingredient2)
28.086: (empty-shot right shot5 ingredient2)
28.086: (grasp right shaker1)
28.086: (grasp right shaker1)
28.086: (grasp left shaker1)
28.086: (grasp left shaker1)
27.947: (grasp left shot6)
27.947: (grasp left shot5)
27.947: (grasp right shot6)
27.948: (grasp right shot5)
28.025: (empty-shot left shot6 ingredient2)
28.025: (empty-shot right shot6 ingredient2)
28.025: (empty-shot right shot5 ingredient2)
28.025: (empty-shot left shot5 ingredient2)
28.026: (grasp left shot7)
28.026: (grasp right shot7)
28.026: (grasp right shot7)
28.026: (grasp left shot7)
28.563: (grasp left shaker1)
28.563: (grasp left shaker1)
28.563: (grasp right shaker1)
28.564: (grasp right shaker1)
28.672: (grasp right shot4)
28.672: (grasp right shot4)
28.672: (grasp left shot4)
28.672: (grasp left shot4)
28.677: (empty-shot left shot7 ingredient1)
28.677: (empty-shot right shot7 ingredient1)
28.677: (empty-shot right shot7 ingredient1)
28.677: (empty-shot left shot7 ingredient1)
28.760: (empty-shot right shot6 ingredient2)
28.760: (empty-shot right shot5 ingredient2)
28.760: (empty-shot left shot5 ingredient2)
28.760: (empty-shot left shot6 ingredient2)
30.582: (leave right shot5)
30.582: (leave left shot6)
30.582: (leave right shot6)
30.582: (leave left shot5)
30.795: (leave left shot5)
30.795: (leave right shot6)
30.795: (leave right shot5)
30.795: (leave left shot6)
30.968: (leave right shot5)
30.968: (leave left shot6)
30.968: (leave right shot6)
30.968: (leave left shot5)
29.762: (refill-shot shot5 ingredient2 left right dispenser2)
29.762: (refill-shot shot5 ingredient2 right left dispenser2)
29.762: (refill-shot shot6 ingredient2 right left dispenser2)
29.762: (refill-shot shot6 ingredient2 left right dispenser2)
30.534: (leave left shot7)
30.534: (leave right shot7)
30.534: (leave left shot7)
30.534: (leave right shot7)
30.534: (leave right shot5)
30.534: (leave right shot6)
30.534: (leave left shot5)
30.534: (leave left shot6)
31.041: (grasp left shot7)
31.041: (grasp right shot7)
31.041: (grasp right shot7)
31.041: (grasp left shot7)
31.216: (leave right shot5)
31.216: (leave right shot6)
31.216: (clean-shot shot5 ingredient2 right left)
31.216: (leave left shot5)
29.499: (leave left shot5)
29.499: (leave right shot5)
29.499: (leave left shot6)
29.500: (leave right shot6)
30.225: (grasp right shot7)
30.225: (grasp left shot7)
30.225: (grasp right shot7)
30.225: (grasp left shot7)
30.760: (grasp right shaker1)
30.760: (grasp right shaker1)
30.760: (grasp left shaker1)
30.760: (grasp left shaker1)
30.893: (grasp right shot4)
30.893: (grasp left shot4)
30.893: (grasp left shot4)
30.893: (grasp right shot4)
30.914: (grasp right shot2)
30.914: (grasp right shot3)
30.914: (grasp right shot1)
30.915: (grasp left shot3)
29.961: (grasp right shot7)
29.961: (leave left shot5)
29.961: (leave left shot6)
29.961: (grasp right shot7)
29.961: (leave right shot5)
29.961: (leave right shot6)
29.961: (grasp left shot7)
29.961: (grasp left shot7)
30.446: (leave left shot6)
30.446: (leave left shot5)
30.446: (leave right shot6)
30.446: (leave right shot5)
30.446: (grasp left shaker1)
30.446: (grasp right shaker1)
30.446: (grasp right shaker1)
30.446: (grasp left shaker1)
30.628: (leave left shot6)
30.628: (grasp right shot4)
30.628: (grasp left shot4)
30.628: (leave right shot5)
28.094: (grasp left shot5)
28.094: (grasp left shot6)
28.094: (grasp right shot6)
30.635: (empty-shot right shot7 ingredient1)
30.635: (empty-shot right shot7 ingredient1)
30.635: (empty-shot left shot7 ingredient1)
30.635: (empty-shot left shot7 ingredient1)
30.922: (grasp right shaker1)
30.922: (grasp right shot7)
30.922: (grasp right shot7)
30.922: (grasp left shot7)
30.922: (grasp left shot7)
30.922: (grasp left shaker1)
30.922: (grasp right shaker1)
30.922: (grasp left shaker1)
31.061: (grasp right shot7)
31.061: (grasp left shot7)
31.061: (grasp left shot4)
31.061: (grasp left shot4)
31.061: (grasp right shot4)
30.374: (leave right shot7)
30.374: (leave right shot7)
30.374: (leave left shot7)
30.374: (leave left shot7)
30.618: (clean-shot shot7 ingredient1 right left)
30.618: (clean-shot shot7 ingredient1 left right)
30.618: (clean-shot shot7 ingredient1 left right)
30.618: (clean-shot shot7 ingredient1 right left)
30.628: (leave right shot7)
30.906: (grasp left shot5)
30.906: (grasp right shot6)
30.906: (grasp right shot5)
30.906: (grasp left shot6)
31.548: (empty-shot left shot7 ingredient1)
31.548: (empty-shot right shot7 ingredient1)
31.548: (empty-shot right shot7 ingredient1)
31.548: (empty-shot left shot7 ingredient1)
31.548: (grasp left shaker1)
31.548: (grasp left shaker1)
31.548: (grasp right shaker1)
28.094: (grasp right shot5)
30.425: (fill-shot shot7 ingredient2 right left dispenser2)
30.426: (fill-shot shot7 ingredient2 left right dispenser2)
30.426: (fill-shot shot7 ingredient2 left right dispenser2)
30.426: (fill-shot shot7 ingredient2 right left dispenser2)
30.706: (grasp right shot6)
30.706: (grasp left shot6)
30.706: (leave right shot7)
30.706: (leave left shot7)
30.707: (grasp right shot5)
30.707: (grasp left shot5)
30.707: (leave right shot7)
30.707: (leave left shot7)
30.789: (leave left shot7)
30.789: (leave right shot7)
30.789: (leave left shot7)
30.789: (leave right shot7)
30.881: (grasp left shot6)
30.881: (grasp left shot5)
30.881: (grasp right shot5)
27.911: (grasp left shot6)
27.911: (grasp right shot6)
27.911: (grasp right shot5)
27.911: (grasp left shot5)
29.849: (leave right shot7)
29.849: (leave left shot7)
29.850: (leave right shot7)
29.850: (leave left shot7)
30.715: (grasp left shot6)
30.715: (grasp right shot6)
30.715: (grasp right shot5)
30.715: (grasp left shot5)
31.053: (grasp left shot5)
31.053: (grasp right shot5)
31.053: (grasp right shot6)
31.053: (leave left shot7)
31.053: (leave right shot7)
31.053: (leave right shot7)
31.053: (grasp left shot6)
31.193: (empty-shot right shot7 ingredient2)
27.395: (grasp right shot5)
27.395: (leave left shot7)
27.395: (leave right shot7)
27.395: (grasp left shot6)
27.395: (leave left shot7)
27.395: (leave right shot7)
27.395: (grasp left shot5)
27.395: (grasp right shot6)
28.572: (grasp right shot5)
28.572: (grasp left shot6)
28.572: (grasp right shot6)
28.572: (grasp left shot5)
28.673: (empty-shot right shot7 ingredient2)
28.673: (empty-shot left shot7 ingredient2)
28.673: (empty-shot left shot7 ingredient2)
28.673: (empty-shot right shot7 ingredient2)
28.673: (grasp left shot6)
30.143: (grasp right shot6)
30.143: (grasp right shot5)
30.144: (grasp left shot6)
27.472: (refill-shot shot6 ingredient2 left right dispenser2)
27.472: (refill-shot shot5 ingredient2 right left dispenser2)
27.472: (refill-shot shot5 ingredient2 left right dispenser2)
27.472: (refill-shot shot6 ingredient2 right left dispenser2)
27.676: (grasp left shot6)
27.676: (grasp right shot5)
27.676: (grasp left shot5)
27.676: (grasp left shot5)
27.676: (grasp left shot6)
27.676: (grasp right shot6)
27.676: (grasp right shot5)
27.949: (clean-shot shot6 ingredient2 right left)
27.949: (clean-shot shot5 ingredient2 right left)
27.949: (clean-shot shot6 ingredient2 left right)
27.949: (clean-shot shot5 ingredient2 left right)
28.135: (leave right shot7)
28.135: (leave left shot7)
28.135: (leave left shot7)
28.135: (leave right shot7)
28.317: (grasp right shaker1)
27.607: (grasp right shot6)
27.607: (grasp left shot6)
27.607: (grasp left shot5)
27.607: (grasp right shot5)
27.874: (grasp right shaker1)
27.874: (grasp right shaker1)
27.874: (grasp left shaker1)
27.874: (grasp left shaker1)
28.213: (refill-shot shot6 ingredient2 left right dispenser2)
28.213: (refill-shot shot5 ingredient2 left right dispenser2)
28.213: (refill-shot shot5 ingredient2 right left dispenser2)
28.213: (refill-shot shot6 ingredient2 right left dispenser2)
28.241: (grasp left shot5)
28.241: (grasp right shot6)
28.242: (grasp right shot5)
28.242: (grasp left shot6)
28.300: (empty-shot left shot6 ingredient2)
28.300: (empty-shot right shot5 ingredient2)
28.300: (empty-shot right shot6 ingredient2)
28.300: (empty-shot left shot5 ingredient2)
28.021: (leave left shot6)
28.021: (leave left shot5)
28.021: (leave right shot5)
28.022: (leave right shot6)
28.317: (empty-shot right shot6 ingredient2)
28.317: (empty-shot right shot5 ingredient2)
28.317: (empty-shot left shot5 ingredient2)
28.411: (grasp left shot5)
28.411: (grasp right shot6)
28.411: (grasp right shot5)
28.411: (grasp left shot6)
28.502: (grasp left shot7)
28.502: (grasp left shot7)
28.502: (grasp right shot7)
28.502: (grasp right shot7)
28.540: (grasp left shaker1)
28.540: (grasp left shaker1)
28.540: (grasp right shaker1)
28.540: (grasp right shaker1)
29.064: (empty-shot left shot6 ingredient2)
28.035: (leave left shot6)
28.035: (leave left shot5)
28.035: (leave right shot6)
28.035: (leave right shot5)
28.035: (grasp left shaker1)
28.036: (grasp right shaker1)
28.354: (leave left shot6)
28.354: (leave right shot6)
28.354: (leave right shot5)
28.354: (leave left shot5)
28.354: (grasp left shot7)
28.354: (grasp right shot7)
28.439: (empty-shot left shot5 ingredient2)
28.439: (empty-shot left shot6 ingredient2)
28.439: (empty-shot right shot6 ingredient2)
28.439: (empty-shot right shot5 ingredient2)
29.161: (empty-shot right shot6 ingredient2)
29.161: (empty-shot right shot5 ingredient2)
29.161: (empty-shot left shot5 ingredient2)
29.161: (empty-shot left shot6 ingredient2)
28.424: (grasp left shaker1)
28.424: (grasp left shot7)
28.424: (grasp right shaker1)
28.424: (grasp right shot7)
29.111: (grasp right shot2)
29.111: (grasp right shot1)
29.111: (grasp right shot3)
29.111: (grasp left shot2)
29.111: (grasp left shot3)
29.111: (grasp left shot1)
29.153: (empty-shot right shot6 ingredient2)
29.153: (empty-shot right shot5 ingredient2)
29.153: (empty-shot left shot6 ingredient2)
29.153: (empty-shot left shot5 ingredient2)
29.390: (grasp right shot4)
29.390: (grasp left shot4)
29.509: (grasp right shot3)
29.509: (grasp right shot2)
29.509: (grasp right shot1)
29.509: (grasp left shot1)
29.161: (leave left shaker1)
29.161: (leave left shaker1)
29.161: (leave left shaker1)
29.161: (leave right shaker1)
29.161: (leave left shot7)
29.161: (leave right shaker1)
29.161: (leave right shaker1)
29.162: (leave left shot7)
29.162: (leave left shot7)
29.162: (leave right shot7)
29.271: (leave right shaker1)
29.271: (leave left shaker1)
31.661: (leave left shot6)
31.661: (leave right shot5)
31.661: (leave left shot5)
31.661: (leave right shot6)
inf: (leave left shaker1)
inf: (leave left shot1)
inf: (leave left shot3)
inf: (leave left shot2)
29.430: (grasp left shot6)
29.430: (grasp left shot5)
29.430: (grasp left shot6)
29.430: (grasp left shot5)
29.430: (grasp left shot5)
29.430: (grasp left shot6)
29.430: (grasp right shot5)
29.430: (grasp right shot6)
29.430: (grasp right shot6)
29.430: (grasp right shot5)
29.430: (grasp right shot5)
29.430: (grasp right shot6)
29.509: (grasp right shot7)
29.509: (grasp right shot7)
29.542: (grasp right shot6)
29.542: (grasp right shot5)
29.542: (grasp left shot5)
29.542: (grasp left shot6)
29.612: (grasp right shot7)
29.612: (grasp left shot7)
29.212: (empty-shot left shot6 ingredient2)
29.212: (empty-shot right shot5 ingredient2)
29.212: (empty-shot left shot5 ingredient2)
29.212: (empty-shot right shot6 ingredient2)
29.246: (empty-shot right shot6 ingredient2)
29.246: (empty-shot right shot5 ingredient2)
29.246: (empty-shot left shot5 ingredient2)
29.246: (empty-shot left shot6 ingredient2)
29.246: (empty-shot right shot5 ingredient2)
29.246: (empty-shot left shot6 ingredient2)
29.246: (empty-shot right shot6 ingredient2)
29.246: (empty-shot left shot5 ingredient2)
29.246: (empty-shot left shot6 ingredient2)
29.246: (empty-shot left shot5 ingredient2)
29.246: (empty-shot right shot6 ingredient2)
29.246: (empty-shot right shot5 ingredient2)
inf: (leave right shot7)
inf: (leave left shot3)
inf: (leave left shot2)
inf: (leave right shot7)
31.722: (leave left shot6)
31.722: (leave right shot6)
31.722: (leave left shot5)
31.723: (leave right shot5)
31.758: (leave right shot5)
31.758: (leave left shot6)
31.758: (leave left shot5)
31.758: (leave left shot6)
31.758: (leave right shot5)
31.758: (leave right shot6)
31.758: (leave right shot6)
31.758: (leave left shot6)
31.758: (leave left shot5)
31.758: (leave right shot5)
31.758: (leave right shot6)
31.758: (leave left shot5)
inf: (leave right shot3)
inf: (leave left shot2)
inf: (leave right shot2)
inf: (leave left shot3)
30.567: (leave left shot2)
30.567: (leave right shot2)
30.567: (leave right shot1)
30.567: (leave left shot1)
30.567: (leave right shot2)
30.567: (leave left shot2)
30.567: (leave left shot1)
30.567: (leave left shot4)
30.567: (leave right shot4)
30.567: (leave right shot3)
30.567: (leave right shot4)
30.567: (leave left shot3)
30.567: (leave left shot3)
30.567: (leave right shot1)
30.567: (leave right shot3)
30.567: (leave left shot4)
31.996: (grasp left shot6)
31.996: (grasp left shot5)
31.996: (grasp right shot5)
31.996: (grasp right shot6)
30.915: (grasp left shot6)
30.915: (grasp right shot6)
30.915: (leave right shot4)
30.915: (leave right shot4)
30.915: (grasp left shot5)
30.915: (grasp right shot5)
30.915: (leave left shot4)
30.915: (leave left shot4)
31.193: (grasp right shot7)
31.193: (grasp left shot7)
31.193: (grasp left shot7)
31.396: (grasp right shaker1)
31.396: (grasp left shaker1)
31.396: (grasp right shaker1)
31.396: (grasp left shaker1)
32.645: (empty-shot right shot5 ingredient2)
32.645: (empty-shot right shot6 ingredient2)
32.645: (empty-shot left shot6 ingredient2)
32.645: (empty-shot left shot5 ingredient2)
inf: (leave left shot6)
31.471: (grasp right shot7)
31.471: (grasp right shot7)
31.471: (grasp left shot7)
31.471: (grasp left shot7)
31.471: (grasp right shot5)
31.471: (grasp left shot6)
31.471: (grasp right shot6)
31.798: (grasp left shot6)
31.798: (grasp right shot6)
31.798: (grasp left shot5)
31.798: (grasp right shaker1)
31.798: (grasp right shaker1)
31.798: (grasp left shaker1)
31.798: (grasp left shaker1)
31.798: (grasp right shot5)
32.019: (grasp left shot1)
32.019: (grasp right shot1)
32.019: (grasp right shot3)
32.019: (grasp right shot2)
32.019: (grasp left shot2)
32.219: (empty-shot right shot5 ingredient2)
32.219: (empty-shot left shot6 ingredient2)
32.219: (empty-shot left shot5 ingredient2)
32.219: (empty-shot right shot6 ingredient2)
32.755: (empty-shot right shot6 ingredient2)
32.755: (empty-shot left shot6 ingredient2)
32.755: (empty-shot left shot6 ingredient2)
32.755: (empty-shot left shot6 ingredient2)
32.755: (empty-shot right shot6 ingredient2)
32.761: (empty-shot right shot5 ingredient2)
32.761: (empty-shot left shot5 ingredient2)
32.761: (empty-shot left shot6 ingredient2)
32.761: (empty-shot right shot6 ingredient2)
inf: (leave left shot6)
inf: (leave right shot2)
inf: (leave right shot3)
inf: (leave left shot6)
inf: (leave right shot6)
inf: (leave right shot1)
inf: (leave left shot6)
34.826: (leave left shot5)
34.826: (leave left shot6)
34.826: (leave right shot5)
34.826: (leave right shot6)
35.205: (leave right shot5)
35.205: (leave left shot5)
35.205: (leave left shot6)
35.205: (leave right shot6)
35.351: (leave right shot6)
35.351: (leave left shot6)
35.351: (leave right shot6)
35.351: (leave left shot6)
35.351: (leave left shot6)
inf: (leave right shaker1)
inf: (leave right shaker1)
inf: (leave left shaker1)
inf: (leave right shot2)
inf: (leave left shaker1)
inf: (leave left shot1)
inf: (leave right shot1)
32.755: (grasp left shot5)
32.755: (grasp left shot5)
32.755: (grasp right shot5)
32.755: (grasp left shot5)
32.755: (grasp right shot5)
34.087: (refill-shot shot7 ingredient2 right left dispenser2)
34.087: (refill-shot shot7 ingredient2 left right dispenser2)
34.249: (clean-shot shot7 ingredient2 right left)
34.249: (clean-shot shot7 ingredient2 left right)
34.271: (leave right shot3)
34.271: (leave left shaker1)
34.271: (leave right shaker1)
34.272: (leave right shot2)
34.272: (leave right shot7)
34.272: (leave left shot7)
34.272: (leave left shot2)
34.272: (leave left shot1)
34.272: (leave right shot1)
35.805: (grasp right shaker1)
35.805: (grasp left shaker1)
31.482: (grasp right shot6)
31.482: (grasp left shot6)
31.482: (grasp right shot5)
31.482: (grasp left shot5)
31.644: (grasp right shot6)
31.644: (grasp right shot5)
31.644: (grasp left shot6)
31.644: (grasp left shot5)
33.494: (leave right shot7)
33.494: (leave left shot7)
33.640: (fill-shot shot7 ingredient1 right left dispenser1)
33.640: (fill-shot shot7 ingredient1 left right dispenser1)
34.408: (leave right shot7)
34.408: (leave left shot7)
35.020: (grasp right shaker1)
35.020: (grasp left shaker1)
35.044: (grasp right shaker1)
35.044: (grasp left shaker1)
35.086: (grasp right shot4)
35.087: (grasp left shot4)
30.881: (grasp left shot5)
30.881: (grasp left shot6)
30.881: (leave right shot7)
30.881: (leave right shot7)
30.881: (leave left shot7)
30.881: (leave left shot7)
30.881: (grasp right shot5)
30.881: (grasp right shot6)
31.810: (grasp right shot6)
31.810: (leave right shot7)
31.810: (leave left shot7)
31.810: (leave right shot7)
31.810: (leave left shot7)
31.810: (grasp right shot5)
31.810: (grasp left shot6)
31.810: (grasp left shot5)
33.186: (leave left shot7)
33.187: (leave right shot7)
34.293: (empty-shot right shot7 ingredient1)
34.293: (empty-shot left shot7 ingredient1)
29.278: (grasp left shot5)
29.278: (grasp right shot6)
29.278: (grasp right shot5)
29.278: (grasp left shot6)
30.143: (refill-shot shot5 ingredient2 left right dispenser2)
31.527: (clean-shot shot5 ingredient2 right left)
31.527: (clean-shot shot6 ingredient2 right left)
31.527: (clean-shot shot5 ingredient2 left right)
31.527: (clean-shot shot6 ingredient2 left right)
31.683: (grasp right shot5)
31.683: (grasp right shot6)
31.684: (grasp left shot5)
31.684: (grasp left shot6)
31.881: (grasp right shot4)
31.881: (grasp right shot4)
31.881: (grasp left shot4)
31.881: (grasp left shot4)
31.978: (grasp left shot3)
31.978: (grasp right shot2)
31.978: (grasp right shot1)
29.064: (grasp right shot5)
29.064: (grasp right shot6)
29.064: (grasp left shot5)
31.086: (grasp right shaker1)
31.247: (grasp right shot4)
31.270: (grasp right shot2)
31.270: (grasp right shot3)
31.270: (grasp right shot1)
31.471: (leave left shot7)
31.471: (leave left shot7)
31.471: (leave right shot7)
31.471: (leave right shot7)
32.138: (grasp right shot7)
32.138: (grasp left shot7)
32.138: (grasp left shot7)
32.138: (grasp right shot7)
32.538: (grasp right shot4)
32.539: (grasp left shot4)
32.539: (grasp left shot4)
32.539: (grasp right shot4)
28.932: (grasp right shot5)
28.932: (grasp left shot6)
28.932: (grasp right shot6)
28.932: (grasp left shot5)
30.759: (leave left shot5)
30.956: (leave left shot5)
30.976: (leave left shot5)
30.976: (leave left shot5)
30.976: (leave left shot5)
31.955: (leave right shot6)
31.955: (leave left shot5)
31.955: (leave left shot6)
31.978: (empty-shot left shot5 ingredient2)
31.978: (empty-shot left shot5 ingredient2)
32.044: (empty-shot left shot5 ingredient2)
32.101: (clean-shot shot6 ingredient2 right left)
32.102: (clean-shot shot5 ingredient2 left right)
32.102: (clean-shot shot5 ingredient2 right left)
32.102: (clean-shot shot6 ingredient2 left right)
32.454: (grasp right shot4)
28.395: (grasp left shot6)
28.417: (grasp left shot6)
28.417: (grasp left shot6)
28.417: (grasp left shot6)
31.191: (refill-shot shot5 ingredient2 left right dispenser2)
31.191: (refill-shot shot5 ingredient2 right left dispenser2)
31.191: (refill-shot shot6 ingredient2 right left dispenser2)
31.343: (grasp left shot7)
31.520: (grasp left shot7)
31.538: (grasp left shot7)
31.538: (grasp left shot7)
31.538: (grasp left shot7)
31.764: (grasp left shaker1)
31.764: (grasp left shot1)
31.764: (grasp left shot3)
31.764: (grasp left shaker1)
31.764: (grasp left shot2)
31.764: (grasp left shaker1)
31.936: (grasp left shot4)
31.936: (grasp left shaker1)
30.759: (leave right shot3)
30.759: (leave right shot2)
30.759: (leave right shot1)
30.759: (leave right shot4)
30.909: (leave left shot5)
30.909: (leave right shot5)
30.909: (leave right shot6)
30.955: (leave right shaker1)
30.977: (leave right shaker1)
30.977: (leave right shaker1)
30.977: (leave right shaker1)
31.746: (grasp right shot7)
31.746: (grasp left shot7)
31.746: (grasp left shot7)
31.899: (grasp left shaker1)
31.899: (grasp left shaker1)
31.899: (grasp right shaker1)
32.073: (empty-shot left shot7 ingredient2)
32.163: (grasp left shot4)
32.164: (grasp left shot4)
28.395: (grasp right shot6)
28.417: (grasp right shot6)
28.417: (grasp right shot6)
28.417: (grasp right shot6)
31.086: (grasp right shot5)
31.191: (grasp left shot6)
31.247: (grasp right shot5)
31.270: (grasp right shot5)
31.270: (grasp right shot5)
31.270: (grasp right shot5)
31.343: (grasp right shot7)
31.463: (leave left shot5)
31.463: (leave right shot5)
31.463: (leave right shot6)
31.463: (grasp right shot7)
31.463: (grasp left shot7)
31.463: (grasp left shot7)
31.463: (grasp right shot7)
31.520: (grasp right shot7)
31.538: (grasp right shot7)
28.491: (grasp left shot5)
28.491: (grasp right shot6)
28.491: (grasp right shot5)
28.491: (grasp left shot6)
31.746: (grasp right shot7)
31.746: (grasp left shot6)
31.899: (grasp right shaker1)
31.955: (empty-shot left shot6 ingredient2)
31.978: (empty-shot right shot5 ingredient2)
31.978: (empty-shot right shot5 ingredient2)
32.044: (empty-shot right shot5 ingredient2)
32.073: (empty-shot right shot7 ingredient2)
32.162: (grasp left shaker1)
32.162: (grasp right shaker1)
32.162: (grasp right shaker1)
32.162: (grasp left shaker1)
32.164: (grasp right shot4)
32.173: (empty-shot left shot7 ingredient2)
32.173: (empty-shot right shot7 ingredient2)
32.173: (empty-shot left shot7 ingredient2)
29.271: (empty-shot right shot7 ingredient2)
29.271: (empty-shot left shot7 ingredient2)
29.271: (empty-shot left shot7 ingredient2)
29.271: (empty-shot right shot7 ingredient2)
29.271: (grasp right shot5)
29.271: (grasp right shot6)
29.271: (grasp left shot5)
31.551: (leave left shot6)
31.551: (leave right shot7)
31.551: (leave left shot7)
31.551: (leave right shot7)
31.552: (leave left shot7)
31.590: (leave right shot7)
31.590: (leave left shot7)
31.590: (leave left shot7)
31.870: (leave left shot6)
32.439: (empty-shot right shot7 ingredient2)
32.439: (grasp left shot6)
32.440: (grasp right shot5)
32.440: (grasp right shot6)
28.726: (grasp right shot5)
28.726: (grasp left shot5)
28.726: (leave right shot7)
28.726: (leave left shot7)
28.726: (leave left shot7)
28.726: (grasp left shot6)
28.726: (grasp right shot6)
28.726: (leave right shot7)
28.819: (grasp right shot5)
28.819: (grasp left shot6)
28.819: (grasp right shot6)
28.819: (grasp left shot5)
28.988: (grasp left shot5)
31.895: (grasp right shot6)
31.895: (grasp left shot6)
31.895: (grasp right shot5)
31.895: (leave right shot7)
31.895: (grasp left shot5)
31.895: (leave left shot7)
31.895: (leave left shot7)
29.027: (grasp left shot5)
29.027: (grasp right shot5)
29.027: (grasp right shot6)
29.027: (grasp left shot6)
29.027: (grasp right shot6)
29.027: (grasp left shot5)
29.027: (grasp left shot6)
29.027: (grasp right shot5)
29.634: (grasp right shaker1)
29.634: (grasp left shaker1)
29.634: (grasp right shaker1)
29.634: (grasp left shaker1)
29.803: (grasp right shot4)
29.803: (grasp left shot4)
29.803: (grasp left shot4)
29.803: (grasp right shot4)
29.843: (grasp right shot3)
29.843: (grasp left shot2)
29.843: (grasp left shot1)
29.843: (grasp left shot3)
29.871: (empty-shot right shot6 ingredient2)
29.871: (empty-shot left shot6 ingredient2)
29.871: (empty-shot left shot5 ingredient2)
29.871: (empty-shot right shot5 ingredient2)
32.236: (leave right shot6)
32.236: (leave left shot5)
32.236: (leave right shot5)
32.236: (leave left shot6)
32.601: (leave left shot6)
32.601: (leave right shot5)
32.601: (leave right shot6)
32.601: (leave left shot5)
32.683: (leave right shot6)
32.683: (leave left shot5)
32.683: (leave right shot6)
32.683: (leave right shot6)
inf: (leave right shot3)
inf: (leave right shot4)
inf: (leave left shot2)
inf: (leave left shot4)
32.297: (leave left shot5)
32.297: (leave right shot5)
32.297: (leave right shot6)
32.297: (leave left shot6)
32.605: (grasp left shot6)
32.605: (grasp right shot6)
32.606: (grasp right shot5)
32.606: (grasp left shot5)
32.648: (leave left shot6)
32.648: (leave left shot5)
32.648: (leave right shot5)
32.648: (leave right shot6)
32.869: (grasp right shot6)
32.869: (grasp left shot5)
32.869: (grasp right shot5)
32.869: (grasp left shot6)
32.883: (grasp left shot7)
32.883: (grasp right shot7)
32.883: (grasp right shot7)
32.883: (grasp left shot7)
32.173: (leave left shaker1)
32.859: (grasp left shot7)
32.859: (grasp right shot7)
32.859: (grasp left shot7)
32.859: (grasp right shot7)
33.190: (grasp right shot7)
33.190: (grasp right shot7)
33.190: (grasp left shot7)
33.191: (grasp left shot7)
33.255: (grasp right shaker1)
33.255: (grasp left shaker1)
33.255: (grasp right shaker1)
33.255: (grasp left shaker1)
33.287: (clean-shot shot5 ingredient2 left right)
33.287: (clean-shot shot6 ingredient2 left right)
33.287: (clean-shot shot6 ingredient2 right left)
33.288: (clean-shot shot5 ingredient2 right left)
33.297: (grasp right shot4)
33.297: (grasp right shot4)
33.297: (grasp left shot4)
30.436: (grasp left shot6)
30.436: (grasp right shot6)
30.436: (grasp right shot5)
30.436: (grasp left shot5)
32.439: (grasp left shot5)
33.143: (grasp left shot4)
33.223: (grasp left shot1)
33.223: (grasp left shot3)
33.223: (grasp left shot2)
33.838: (grasp left shot7)
33.838: (grasp right shot7)
33.838: (grasp right shot7)
33.838: (grasp left shot7)
34.131: (grasp left shaker1)
34.131: (grasp left shaker1)
34.131: (grasp right shaker1)
34.132: (grasp right shaker1)
34.204: (grasp right shot4)
34.204: (grasp right shot4)
34.205: (grasp left shot4)
36.848: (leave right shot6)
36.848: (leave left shot6)
36.848: (leave left shot5)
36.848: (leave right shot5)
36.869: (leave right shot6)
36.869: (leave right shot5)
36.870: (leave left shot6)
36.870: (leave left shot5)
37.128: (leave left shot6)
37.128: (leave right shot6)
37.128: (leave left shot5)
inf: (leave right shaker1)
inf: (leave left shot7)
inf: (leave left shaker1)
inf: (leave left shaker1)
inf: (leave right shot7)
inf: (leave right shaker1)
inf: (leave right shot4)
inf: (leave right shot4)
inf: (leave left shot4)
34.204: (grasp right shot5)
36.234: (clean-shot shot7 ingredient2 left right)
36.234: (clean-shot shot7 ingredient2 right left)
36.256: (refill-shot shot7 ingredient2 right left dispenser2)
36.256: (refill-shot shot7 ingredient2 left right dispenser2)
36.314: (leave left shot4)
36.314: (leave right shot4)
36.314: (leave left shot7)
36.314: (leave right shot7)
36.314: (leave left shaker1)
36.314: (leave right shaker1)
37.465: (grasp left shot7)
37.465: (grasp left shaker1)
37.465: (grasp right shaker1)
37.465: (grasp right shot7)
37.670: (grasp right shot4)
37.670: (grasp left shot4)
37.670: (grasp left shot7)
37.670: (grasp right shot7)
37.686: (grasp left shaker1)
33.166: (grasp left shot6)
33.166: (grasp left shot5)
33.166: (grasp right shot5)
33.166: (grasp right shot6)
33.182: (grasp right shot6)
33.182: (grasp right shot5)
33.182: (grasp left shot6)
33.182: (grasp left shot5)
35.641: (fill-shot shot7 ingredient1 left right dispenser1)
35.641: (fill-shot shot7 ingredient1 right left dispenser1)
35.704: (leave left shot7)
35.704: (leave right shot7)
36.402: (leave left shot7)
36.402: (leave right shot7)
36.618: (grasp left shaker1)
36.618: (grasp right shaker1)
36.843: (grasp left shaker1)
36.843: (grasp right shaker1)
37.056: (grasp right shot4)
37.056: (grasp left shot4)
32.559: (grasp left shot5)
32.559: (grasp left shot6)
32.559: (grasp right shot5)
32.559: (grasp right shot6)
32.589: (leave right shot7)
32.589: (leave left shot7)
32.589: (leave left shot7)
32.589: (leave right shot7)
32.589: (grasp left shot5)
32.589: (grasp right shot5)
32.589: (grasp left shot6)
32.589: (grasp right shot6)
33.323: (leave right shot7)
33.323: (leave left shot7)
33.323: (leave right shot7)
33.323: (leave left shot7)
33.323: (grasp right shot6)
33.323: (grasp right shot5)
33.323: (grasp left shot6)
33.323: (grasp left shot5)
29.642: (grasp right shot6)
29.642: (grasp left shot6)
29.642: (grasp left shot5)
29.642: (grasp right shot5)
30.395: (grasp left shot6)
30.395: (grasp left shot5)
30.395: (grasp right shot6)
30.395: (grasp right shot5)
32.103: (leave left shot7)
32.103: (leave right shot7)
32.103: (leave right shot7)
32.103: (leave left shot7)
33.199: (empty-shot right shot7 ingredient1)
33.199: (empty-shot left shot7 ingredient1)
33.199: (empty-shot left shot7 ingredient1)
33.199: (empty-shot right shot7 ingredient1)
33.441: (grasp left shaker1)
33.441: (grasp left shaker1)
33.441: (grasp right shaker1)
33.441: (grasp right shaker1)
29.163: (grasp right shot6)
29.163: (grasp left shot5)
29.163: (grasp right shot5)
29.163: (grasp left shot6)
32.986: (leave left shot7)
32.986: (leave right shot7)
32.986: (leave left shot7)
32.986: (leave right shot7)
33.009: (grasp right shaker1)
33.009: (grasp left shaker1)
33.009: (grasp right shaker1)
33.009: (grasp left shaker1)
33.048: (grasp left shot4)
33.048: (grasp left shot4)
33.048: (grasp right shot4)
33.048: (grasp right shot4)
33.179: (grasp left shot3)
33.179: (grasp left shot1)
33.179: (grasp left shot2)
33.179: (grasp left shot3)
30.054: (grasp left shot5)
30.054: (grasp right shot6)
30.055: (grasp right shot5)
30.055: (grasp left shot6)
33.827: (grasp right shaker1)
33.827: (grasp left shaker1)
33.827: (grasp left shaker1)
33.827: (grasp right shaker1)
33.911: (grasp left shot4)
33.911: (grasp right shot4)
33.911: (grasp right shot4)
33.911: (grasp left shot4)
34.053: (grasp left shot3)
34.053: (grasp left shot1)
34.053: (grasp left shot2)
34.053: (grasp right shot1)
34.053: (grasp right shot2)
34.053: (grasp right shot1)
34.053: (grasp right shot3)
34.053: (grasp right shot2)
36.671: (leave right shot5)
36.671: (leave left shot6)
36.671: (leave right shot6)
36.671: (leave left shot5)
36.911: (leave left shot5)
36.911: (leave left shot6)
36.911: (leave right shot5)
36.911: (leave right shot6)
37.096: (leave right shot5)
37.096: (leave left shot6)
37.096: (leave left shot6)
37.096: (leave right shot5)
37.096: (leave left shot5)
37.096: (leave left shot5)
37.096: (leave right shot5)
37.096: (leave left shot6)
inf: (leave right shot2)
inf: (leave right shot1)
inf: (leave right shot1)
inf: (leave right shot3)
34.053: (grasp right shot6)
34.053: (grasp right shot6)
34.053: (grasp left shot5)
34.053: (grasp right shot6)
36.086: (leave left shaker1)
36.086: (leave right shot4)
36.086: (leave left shot4)
36.086: (leave right shaker1)
36.086: (leave left shot2)
36.086: (leave right shot1)
36.086: (leave left shot3)
36.086: (leave right shot2)
36.086: (leave left shot1)
36.086: (leave right shot3)
36.975: (grasp left shot7)
36.975: (grasp right shot7)
37.113: (grasp right shot7)
37.113: (grasp left shot7)
37.302: (grasp right shot7)
37.302: (grasp right shot7)
36.284: (leave left shot3)
36.284: (leave left shaker1)
36.284: (leave right shot4)
36.284: (leave left shot4)
36.284: (grasp left shot7)
36.284: (leave right shaker1)
36.284: (grasp right shot7)
36.284: (leave left shot1)
inf: (leave right shot7)
inf: (grasp right shot3)
inf: (grasp right shot4)
inf: (grasp right shot5)
inf: (grasp right shot6)
inf: (leave left shot7)
inf: (grasp right shot2)
inf: (leave right shot7)
inf: (leave left shot7)
inf: (leave right shot7)
inf: (leave right shot7)
inf: (grasp left shot1)
37.302: (grasp left shot2)
37.302: (grasp right shot1)
37.302: (grasp right shot2)
37.302: (grasp right shot3)
inf: (grasp right shaker1)
inf: (clean-shot shot7 ingredient1 left right)
inf: (refill-shot shot7 ingredient1 left right dispenser1)
inf: (leave left shot7)
inf: (grasp right shot6)
inf: (grasp right shot5)
inf: (grasp right shot4)
inf: (grasp left shaker1)
inf: (clean-shot shot7 ingredient1 right left)
inf: (refill-shot shot7 ingredient1 right left dispenser1)
inf: (leave right shot7)
inf: (grasp left shot6)
inf: (grasp left shot5)
inf: (grasp left shot4)
inf: (grasp left shot3)
inf: (grasp left shot1)
36.284: (leave left shot2)
36.284: (leave right shot1)
36.284: (leave right shot2)
36.284: (leave right shot3)
37.096: (leave left shot7)
37.096: (leave right shot7)
37.096: (leave left shot7)
37.096: (leave left shot7)
Failed to find a solution!
