Torch: 2.12.0+cu130
Using GPU:  NVIDIA L40S
[Bellman] lambda=0 -> baseline (no widening signal)
[Sib] OPTION5 sib_beta=4.0 signal=QR-DQN raw width vs SIBLINGS (boosts exploration toward wider/uncertain children; prior untouched) [SHUFFLE CONTROL: width-blind placement]
[Value] SELF-CONSISTENT: leaf value = QR-DQN max_a mean Z(s,a) (SAC critics bypassed; prior still SAC policy)
/u/ibrahim.eisawy/Neural-Guided-Search/venv/lib/python3.10/site-packages/pymimir_rgnn/model.py:162: UserWarning: index_reduce() is in beta and the API may change at any time. (Triggered internally at /pytorch/aten/src/ATen/native/cuda/Indexing.cu:1541.)
  exps_max.index_reduce_(0, output_indices, output_messages, reduce="amax", include_self=False)
  [sim 500] root visits=500, unique states=836, generated=835, iqn_calls=309
  [sim 1000] root visits=1000, unique states=1272, generated=1271, iqn_calls=451
  [sim 1500] root visits=1500, unique states=1490, generated=1489, iqn_calls=541
  [sim 2000] root visits=2000, unique states=1782, generated=1781, iqn_calls=640
  [sim 2500] root visits=2500, unique states=1988, generated=1987, iqn_calls=724
  [sim 3000] root visits=3000, unique states=2170, generated=2169, iqn_calls=786
  [sim 3500] root visits=3500, unique states=2329, generated=2328, iqn_calls=855
  [sim 4000] root visits=4000, unique states=2454, generated=2453, iqn_calls=908
  [sim 4500] root visits=4500, unique states=2659, generated=2658, iqn_calls=982
  [sim 5000] root visits=5000, unique states=2816, generated=2815, iqn_calls=1044
  [sim 5500] root visits=5500, unique states=3051, generated=3050, iqn_calls=1121
  [sim 6000] root visits=6000, unique states=3189, generated=3188, iqn_calls=1173
  [sim 6500] root visits=6500, unique states=3317, generated=3316, iqn_calls=1230
  [sim 7000] root visits=7000, unique states=3421, generated=3420, iqn_calls=1279
  [sim 7500] root visits=7500, unique states=3501, generated=3500, iqn_calls=1306
  [sim 8000] root visits=8000, unique states=3616, generated=3615, iqn_calls=1344
  [sim 8500] root visits=8500, unique states=3691, generated=3690, iqn_calls=1370
  [sim 9000] root visits=9000, unique states=3789, generated=3788, iqn_calls=1403
  [sim 9500] root visits=9500, unique states=3838, generated=3837, iqn_calls=1428
  [sim 10000] root visits=10000, unique states=3936, generated=3935, iqn_calls=1456
  [sim 10500] root visits=10500, unique states=4002, generated=4001, iqn_calls=1481
  [sim 11000] root visits=11000, unique states=4091, generated=4090, iqn_calls=1510
  [sim 11500] root visits=11500, unique states=4156, generated=4155, iqn_calls=1536
  [sim 12000] root visits=12000, unique states=4214, generated=4213, iqn_calls=1556
  [sim 12500] root visits=12500, unique states=4284, generated=4283, iqn_calls=1581
[Final] Expanded: 4313, Generated: 4313
[Cost] IQN forward calls (Bellman signal): 1593
[Widen] nodes widened: 0, mean w: 0.0000
[Sib] child-edges modulated: 8517, mean mult: 1.0000 (1.0 = no change; >1 = boosted toward wide)
[search done] simulations=12723, unique states generated=4313
Failed to find a solution!
