Torch: 2.12.0+cu130
Using GPU:  NVIDIA L40S
[Bellman] lambda=0 -> baseline (no widening signal)
[Sib] OPTION5 sib_beta=4.0 signal=QR-DQN raw width vs SIBLINGS (boosts exploration toward wider/uncertain children; prior untouched) [SHUFFLE CONTROL: width-blind placement]
[Value] SELF-CONSISTENT: leaf value = QR-DQN max_a mean Z(s,a) (SAC critics bypassed; prior still SAC policy)
/u/ibrahim.eisawy/Neural-Guided-Search/venv/lib/python3.10/site-packages/pymimir_rgnn/model.py:162: UserWarning: index_reduce() is in beta and the API may change at any time. (Triggered internally at /pytorch/aten/src/ATen/native/cuda/Indexing.cu:1541.)
  exps_max.index_reduce_(0, output_indices, output_messages, reduce="amax", include_self=False)
  [sim 30] found goal path of length 28
[Final] Expanded: 90, Generated: 90
[Cost] IQN forward calls (Bellman signal): 30
[Widen] nodes widened: 0, mean w: 0.0000
[Sib] child-edges modulated: 134, mean mult: 1.0298 (1.0 = no change; >1 = boosted toward wide)
[search done] simulations=30, unique states generated=90
Found a solution of length 28!
   1: (pickup-laser f1-0f)
   2: (move f1-0f f1-1f)
   3: (move f1-1f f1-2f)
   4: (fire-laser f1-2f f1-3f)
   5: (move f1-2f f1-3f)
   6: (fire-laser f1-3f f1-4f)
   7: (move f1-3f f1-4f)
   8: (fire-laser f1-4f f1-5f)
   9: (move f1-4f f1-5f)
  10: (fire-laser f1-5f f1-6f)
  11: (move f1-5f f1-6f)
  12: (putdown-laser f1-6f)
  13: (move f1-6f f1-5f)
  14: (move f1-5f f1-4f)
  15: (move f1-4f f1-3f)
  16: (move f1-3f f1-2f)
  17: (move f1-2f f1-1f)
  18: (move f1-1f f1-0f)
  19: (pickup-bomb f1-0f)
  20: (move f1-0f f1-1f)
  21: (move f1-1f f1-2f)
  22: (move f1-2f f1-3f)
  23: (move f1-3f f1-4f)
  24: (move f1-4f f1-5f)
  25: (move f1-5f f1-6f)
  26: (detonate-bomb f1-6f f1-7f)
  27: (move f1-6f f1-7f)
  28: (pick-gold f1-7f)
