Torch: 2.12.0+cu130
Using GPU:  NVIDIA L40S
[Bellman] lambda=0 -> baseline (no widening signal)
[Binc] OPTION6 binc_beta=2.0 signal=BELLMAN INCONSISTENCY (1-step min-W1 parent-vs-child) vs SIBLINGS (boosts exploration toward inconsistent children; prior untouched)
/u/ibrahim.eisawy/Neural-Guided-Search/venv/lib/python3.10/site-packages/pymimir_rgnn/model.py:162: UserWarning: index_reduce() is in beta and the API may change at any time. (Triggered internally at /pytorch/aten/src/ATen/native/cuda/Indexing.cu:1541.)
  exps_max.index_reduce_(0, output_indices, output_messages, reduce="amax", include_self=False)
  [sim 57] found goal path of length 53
[Final] Expanded: 156, Generated: 156
[Cost] IQN forward calls (Bellman signal): 302
[Widen] nodes widened: 0, mean w: 0.0000
[Binc] child-edges modulated: 246, mean mult: 1.1118 (1.0 = no change; >1 = boosted toward inconsistent)
[search done] simulations=57, unique states generated=156
Found a solution of length 53!
   1: (pickup f0-3f key1-0)
   2: (move f0-3f f0-4f)
   3: (move f0-4f f0-5f)
   4: (move f0-5f f1-5f)
   5: (move f1-5f f1-6f)
   6: (move f1-6f f1-7f)
   7: (move f1-7f f0-7f)
   8: (move f0-7f f0-6f)
   9: (putdown f0-6f key1-0)
  10: (move f0-6f f0-5f)
  11: (move f0-5f f1-5f)
  12: (move f1-5f f1-6f)
  13: (pickup f1-6f key2-3)
  14: (move f1-6f f0-6f)
  15: (move f0-6f f0-7f)
  16: (move f0-7f f1-7f)
  17: (move f1-7f f2-7f)
  18: (move f2-7f f2-6f)
  19: (move f2-6f f2-5f)
  20: (move f2-5f f1-5f)
  21: (move f1-5f f0-5f)
  22: (move f0-5f f0-4f)
  23: (move f0-4f f1-4f)
  24: (unlock f1-4f f1-3f key2-3 shape2)
  25: (move f1-4f f1-5f)
  26: (move f1-5f f1-6f)
  27: (move f1-6f f0-6f)
  28: (move f0-6f f0-7f)
  29: (move f0-7f f1-7f)
  30: (move f1-7f f2-7f)
  31: (move f2-7f f2-6f)
  32: (move f2-6f f2-5f)
  33: (move f2-5f f3-5f)
  34: (move f3-5f f4-5f)
  35: (move f4-5f f5-5f)
  36: (move f5-5f f6-5f)
  37: (move f6-5f f6-4f)
  38: (putdown f6-4f key2-3)
  39: (move f6-4f f5-4f)
  40: (move f5-4f f5-5f)
  41: (move f5-5f f5-6f)
  42: (move f5-6f f5-7f)
  43: (move f5-7f f4-7f)
  44: (move f4-7f f4-6f)
  45: (move f4-6f f3-6f)
  46: (move f3-6f f2-6f)
  47: (move f2-6f f1-6f)
  48: (move f1-6f f0-6f)
  49: (pickup f0-6f key1-0)
  50: (move f0-6f f0-5f)
  51: (move f0-5f f0-4f)
  52: (move f0-4f f0-3f)
  53: (putdown f0-3f key1-0)
