/u/ibrahim.eisawy/Neural-Guided-Search/venv/lib/python3.10/site-packages/pymimir_rgnn/model.py:151: UserWarning: index_reduce() is in beta and the API may change at any time. (Triggered internally at /pytorch/aten/src/ATen/native/cuda/Indexing.cu:1541.)
  max_msg.index_reduce_(0, output_indices, output_messages, reduce='amax', include_self=True)
Torch: 2.12.0+cu130
Using GPU:  NVIDIA L40S
55.837: (grasp right shot6)
54.235: (fill-shot shot6 ingredient3 right left dispenser3)
52.809: (pour-shot-to-clean-shaker shot6 ingredient3 shaker1 right l0 l1)
51.867: (clean-shot shot6 ingredient3 right left)
51.269: (fill-shot shot6 ingredient4 right left dispenser4)
51.191: (grasp left shot8)
50.705: (leave right shot6)
49.105: (fill-shot shot8 ingredient2 left right dispenser2)
49.627: (grasp right shot6)
50.007: (leave left shot8)
50.389: (leave right shot6)
49.104: (grasp right shot8)
49.627: (grasp left shot6)
50.007: (leave right shot8)
50.648: (grasp right shot9)
50.147: (leave left shot6)
47.798: (fill-shot shot9 ingredient2 right left dispenser2)
48.005: (pour-shot-to-used-shaker shot9 ingredient2 shaker1 right l1 l2)
47.077: (clean-shot shot9 ingredient2 right left)
45.778: (fill-shot shot9 ingredient5 right left dispenser5)
44.768: (leave right shot9)
45.218: (grasp left shaker1)
45.784: (grasp right shot6)
45.420: (leave left shaker1)
45.996: (grasp left shot4)
45.298: (leave right shot6)
44.801: (fill-shot shot4 ingredient5 left right dispenser5)
44.310: (leave left shot4)
44.801: (grasp right shot4)
45.541: (grasp left shaker1)
44.903: (leave right shot4)
45.701: (grasp right shot6)
45.081: (leave left shaker1)
45.607: (grasp left shot4)
46.462: (empty-shot left shot4 ingredient5)
45.728: (leave left shot4)
44.911: (leave right shot6)
45.587: (grasp right shaker1)
46.426: (grasp left shot4)
45.745: (leave right shaker1)
46.654: (grasp right shot8)
45.820: (leave left shot4)
46.498: (grasp left shaker1)
45.587: (leave right shot8)
46.426: (grasp right shot4)
45.745: (leave left shaker1)
45.298: (clean-shot shot4 ingredient5 right left)
45.260: (fill-shot shot4 ingredient1 right left dispenser1)
44.620: (leave right shot4)
45.207: (grasp left shaker1)
45.934: (grasp right shot6)
45.293: (leave left shaker1)
46.009: (grasp left shot4)
45.260: (leave right shot6)
46.168: (grasp right shot8)
45.527: (leave left shot4)
46.120: (grasp left shaker1)
70.979: (empty-shot right shot8 ingredient2)
57.862: (leave left shaker1)
55.913: (clean-shot shot8 ingredient2 right left)
52.790: (leave right shot8)
52.283: (grasp left shot7)
52.090: (grasp right shot10)
52.283: (leave left shot7)
52.090: (grasp left shot5)
52.283: (leave right shot10)
52.090: (grasp right shot7)
52.283: (leave left shot5)
52.090: (grasp left shot10)
52.283: (leave right shot7)
52.090: (grasp right shot5)
52.283: (leave left shot10)
52.090: (grasp left shot7)
52.283: (leave left shot7)
52.090: (grasp left shot2)
52.283: (leave right shot5)
52.090: (grasp right shot10)
52.283: (leave right shot10)
52.090: (grasp right shot7)
52.283: (leave right shot7)
53.171: (grasp right shot4)
53.799: (leave left shot2)
53.171: (grasp left shot7)
58.710: (empty-shot right shot4 ingredient1)
53.869: (leave right shot4)
53.592: (grasp right shot10)
53.869: (leave left shot7)
53.592: (grasp left shot5)
53.869: (leave right shot10)
53.592: (grasp right shot7)
53.869: (leave left shot5)
53.592: (grasp left shot10)
53.869: (leave right shot7)
53.592: (grasp right shot5)
53.869: (leave left shot10)
53.592: (grasp left shot7)
53.869: (leave left shot7)
53.592: (grasp left shot2)
53.869: (leave right shot5)
53.592: (grasp right shot10)
53.869: (leave right shot10)
53.592: (grasp right shot7)
53.869: (leave right shot7)
54.287: (fill-shot shot2 ingredient2 left right dispenser2)
52.718: (leave left shot2)
53.231: (grasp right shot8)
49.787: (fill-shot shot8 ingredient2 right left dispenser2)
48.886: (leave right shot8)
49.576: (grasp right shot4)
48.543: (clean-shot shot4 ingredient1 right left)
47.951: (leave right shot4)
48.543: (grasp left shot4)
48.164: (fill-shot shot4 ingredient5 left right dispenser5)
47.679: (leave left shot4)
48.164: (grasp right shot4)
48.974: (grasp left shot6)
48.465: (leave right shot4)
49.323: (grasp right shot8)
48.545: (leave left shot6)
49.022: (grasp left shot4)
49.938: (empty-shot left shot4 ingredient5)
49.081: (leave right shot8)
48.258: (leave left shot4)
49.081: (grasp right shot4)
49.792: (grasp left shot6)
49.089: (leave right shot4)
49.946: (grasp right shot8)
49.122: (leave left shot6)
50.012: (grasp left shot7)
49.159: (leave right shot8)
49.964: (grasp right shot4)
49.081: (leave left shot7)
49.938: (grasp left shot8)
49.122: (leave right shot4)
49.946: (grasp right shot6)
49.089: (leave left shot8)
49.792: (grasp left shot4)
50.865: (empty-shot right shot6 ingredient4)
50.144: (leave left shot4)
49.336: (leave right shot6)
50.144: (grasp left shot6)
50.310: (clean-shot shot6 ingredient4 left right)
49.801: (leave left shot6)
50.310: (grasp right shot6)
50.156: (fill-shot shot6 ingredient5 right left dispenser5)
49.486: (leave right shot6)
50.156: (grasp left shot6)
50.804: (empty-shot left shot6 ingredient5)
50.207: (leave left shot6)
50.804: (grasp right shot6)
51.487: (grasp left shot4)
50.957: (leave right shot6)
50.024: (clean-shot shot4 ingredient5 left right)
49.439: (leave left shot4)
49.903: (grasp right shot6)
49.093: (refill-shot shot6 ingredient5 right left dispenser5)
48.688: (leave right shot6)
49.093: (grasp left shot6)
49.786: (grasp right shot4)
49.295: (leave left shot6)
48.624: (fill-shot shot4 ingredient4 right left dispenser4)
48.208: (leave right shot4)
48.624: (grasp left shot4)
49.329: (grasp right shot6)
48.856: (leave left shot4)
49.714: (grasp left shot8)
49.061: (leave right shot6)
49.482: (grasp right shot4)
50.610: (empty-shot right shot4 ingredient4)
49.753: (leave left shot8)
49.014: (leave right shot4)
49.674: (grasp left shot6)
50.304: (grasp right shot4)
51.085: (empty-shot left shot6 ingredient5)
50.453: (leave right shot4)
49.800: (leave left shot6)
50.453: (grasp right shot6)
49.674: (refill-shot shot6 ingredient5 right left dispenser5)
50.304: (grasp left shot4)
49.753: (leave right shot6)
49.295: (clean-shot shot4 ingredient4 left right)
49.488: (fill-shot shot4 ingredient1 left right dispenser1)
48.814: (leave left shot4)
49.327: (grasp right shot6)
50.021: (grasp left shot4)
50.709: (empty-shot right shot6 ingredient5)
50.030: (leave left shot4)
49.641: (leave right shot6)
50.030: (grasp left shot6)
49.327: (refill-shot shot6 ingredient5 left right dispenser5)
50.021: (grasp right shot4)
49.488: (leave left shot6)
50.345: (grasp left shot8)
49.670: (leave right shot4)
50.183: (grasp right shot6)
50.886: (empty-shot right shot6 ingredient5)
50.492: (leave right shot6)
51.135: (grasp right shot4)
50.279: (leave left shot8)
50.710: (grasp left shot6)
51.421: (empty-shot right shot4 ingredient1)
50.987: (leave right shot4)
50.275: (refill-shot shot6 ingredient5 left right dispenser5)
49.617: (leave left shot6)
50.275: (grasp right shot6)
50.730: (grasp left shot4)
50.356: (leave right shot6)
51.214: (grasp right shot8)
50.471: (leave left shot4)
51.133: (grasp left shot6)
51.844: (empty-shot left shot6 ingredient5)
51.307: (leave left shot6)
50.443: (leave right shot8)
50.987: (grasp right shot6)
50.825: (clean-shot shot6 ingredient5 right left)
49.658: (fill-shot shot6 ingredient4 right left dispenser4)
50.125: (grasp left shot4)
49.576: (leave right shot6)
48.676: (refill-shot shot4 ingredient1 left right dispenser1)
48.031: (leave left shot4)
48.675: (grasp right shot4)
49.411: (grasp left shot6)
48.713: (leave right shot4)
49.570: (grasp right shot8)
48.904: (leave left shot6)
49.532: (grasp left shot4)
50.434: (empty-shot left shot4 ingredient1)
59.534: (empty-shot right shot8 ingredient2)
54.861: (leave left shot4)
54.885: (grasp left shot10)
55.268: (leave right shot8)
55.195: (grasp right shot7)
55.268: (leave left shot10)
54.885: (grasp left shot8)
54.861: (leave right shot7)
49.787: (refill-shot shot8 ingredient2 left right dispenser2)
50.434: (grasp right shot4)
59.534: (empty-shot left shot8 ingredient2)
60.391: (leave left shot8)
55.699: (leave right shot4)
55.268: (grasp left shot7)
54.885: (grasp right shot8)
54.861: (leave left shot7)
54.885: (grasp left shot5)
55.268: (leave right shot8)
55.195: (grasp right shot10)
55.268: (leave left shot5)
54.885: (grasp left shot8)
54.861: (leave right shot10)
53.231: (clean-shot shot8 ingredient2 left right)
53.889: (fill-shot shot8 ingredient5 left right dispenser5)
53.795: (leave left shot8)
53.889: (grasp right shot8)
53.854: (empty-shot right shot8 ingredient5)
53.282: (leave right shot8)
53.854: (grasp left shot8)
54.970: (grasp right shot10)
54.390: (leave left shot8)
55.469: (grasp left shot7)
54.390: (leave right shot10)
54.970: (grasp right shot8)
53.854: (leave left shot7)
54.970: (grasp left shot5)
54.390: (leave right shot8)
55.469: (grasp right shot10)
54.390: (leave right shot10)
55.469: (grasp right shot7)
54.390: (leave left shot5)
54.970: (grasp left shot8)
53.854: (leave right shot7)
54.970: (grasp right shot5)
54.390: (leave left shot8)
55.469: (grasp left shot10)
54.390: (leave right shot5)
54.970: (grasp right shot8)
53.854: (leave left shot10)
55.221: (grasp left shot11)
54.705: (leave right shot8)
54.133: (fill-shot shot11 ingredient3 left right dispenser3)
53.084: (leave left shot11)
53.442: (grasp left shot8)
52.821: (clean-shot shot8 ingredient5 left right)
49.582: (fill-shot shot8 ingredient2 left right dispenser2)
48.706: (leave left shot8)
49.429: (grasp right shot4)
48.433: (clean-shot shot4 ingredient1 right left)
47.846: (leave right shot4)
48.433: (grasp left shot4)
48.001: (fill-shot shot4 ingredient5 left right dispenser5)
47.523: (leave left shot4)
48.001: (grasp right shot4)
48.832: (grasp left shot6)
48.311: (leave right shot4)
49.173: (grasp right shot8)
48.378: (leave left shot6)
48.862: (grasp left shot4)
49.772: (empty-shot left shot4 ingredient5)
48.912: (leave right shot8)
48.134: (leave left shot4)
48.912: (grasp right shot4)
49.676: (grasp left shot6)
48.927: (leave right shot4)
49.788: (grasp right shot8)
48.989: (leave left shot6)
49.880: (grasp left shot10)
49.026: (leave right shot8)
49.783: (grasp right shot4)
48.912: (leave left shot10)
49.772: (grasp left shot8)
48.989: (leave right shot4)
49.788: (grasp right shot6)
48.927: (leave left shot8)
49.676: (grasp left shot4)
50.761: (empty-shot right shot6 ingredient4)
50.004: (leave right shot6)
49.096: (refill-shot shot4 ingredient5 left right dispenser5)
48.632: (leave left shot4)
49.096: (grasp right shot4)
49.916: (grasp left shot6)
49.455: (leave right shot4)
49.553: (clean-shot shot6 ingredient4 left right)
49.112: (fill-shot shot6 ingredient1 left right dispenser1)
48.169: (leave left shot6)
48.715: (grasp left shot4)
49.572: (grasp right shot8)
49.023: (leave left shot4)
49.908: (grasp left shot7)
49.053: (leave right shot8)
49.577: (grasp right shot4)
48.715: (leave left shot7)
49.572: (grasp left shot8)
49.023: (leave right shot4)
49.908: (grasp right shot7)
49.053: (leave left shot8)
49.577: (grasp left shot4)
50.448: (empty-shot left shot4 ingredient5)
49.588: (leave right shot7)
48.916: (leave left shot4)
49.588: (grasp right shot4)
49.201: (clean-shot shot4 ingredient5 right left)
48.335: (fill-shot shot4 ingredient1 right left dispenser1)
47.646: (leave right shot4)
48.335: (grasp left shot4)
49.126: (grasp right shaker1)
48.576: (leave left shot4)
48.551: (shake cocktail1 ingredient3 ingredient2 shaker1 right left)
47.458: (grasp left shot2)
46.479: (empty-shot left shot2 ingredient2)
47.609: (leave left shot2)
46.566: (leave right shaker1)
47.322: (grasp left shot4)
48.254: (grasp right shot9)
47.467: (leave left shot4)
48.474: (grasp left shot11)
47.538: (leave right shot9)
47.596: (empty-shot left shot11 ingredient3)
46.581: (leave left shot11)
47.399: (grasp left shot4)
48.330: (grasp right shot10)
47.552: (leave left shot4)
48.481: (grasp left shot9)
47.529: (leave right shot10)
48.336: (grasp right shot4)
47.399: (leave left shot9)
48.330: (grasp left shot10)
47.552: (leave right shot4)
48.481: (grasp right shot9)
47.529: (leave left shot10)
48.336: (grasp left shot4)
49.750: (empty-shot left shot4 ingredient1)
48.876: (leave left shot4)
48.070: (leave right shot9)
48.739: (grasp right shaker1)
47.601: (grasp left shot2)
50.984: (leave right shaker1)
51.209: (refill-shot shot2 ingredient2 left right dispenser2)
48.567: (leave left shot2)
49.476: (grasp right shot4)
48.377: (refill-shot shot4 ingredient1 right left dispenser1)
47.557: (leave right shot4)
48.377: (grasp left shot4)
49.092: (grasp right shot2)
48.834: (empty-shot right shot2 ingredient2)
48.752: (leave left shot4)
46.554: (grasp left shaker1)
47.628: (leave right shot2)
48.388: (grasp right shot4)
49.635: (empty-shot right shot4 ingredient1)
48.739: (leave right shot4)
47.601: (grasp right shot2)
50.984: (leave left shaker1)
51.209: (refill-shot shot2 ingredient2 right left dispenser2)
48.587: (grasp left shaker1)
49.660: (leave right shot2)
50.551: (grasp right shot4)
56.426: (empty-shaker left shaker1 cocktail1 l2 l0)
55.631: (leave right shot4)
54.299: (clean-shaker left right shaker1)
53.322: (leave left shaker1)
52.463: (grasp right shot4)
51.318: (refill-shot shot4 ingredient1 right left dispenser1)
51.539: (pour-shot-to-clean-shaker shot4 ingredient1 shaker1 right l0 l1)
50.516: (clean-shot shot4 ingredient1 right left)
48.472: (fill-shot shot4 ingredient4 right left dispenser4)
47.882: (pour-shot-to-used-shaker shot4 ingredient4 shaker1 right l1 l2)
46.558: (clean-shot shot4 ingredient4 right left)
45.681: (fill-shot shot4 ingredient1 right left dispenser1)
45.263: (leave right shot4)
44.640: (grasp left shaker1)
44.196: (shake cocktail2 ingredient4 ingredient1 shaker1 left right)
42.610: (pour-shaker-to-shot cocktail2 shot1 left shaker1 l2 l1)
41.826: (empty-shaker left shaker1 cocktail2 l1 l0)
40.873: (clean-shaker left right shaker1)
39.700: (grasp right shot4)
38.719: (leave left shaker1)
38.282: (pour-shot-to-clean-shaker shot4 ingredient1 shaker1 right l0 l1)
37.421: (clean-shot shot4 ingredient1 right left)
35.442: (fill-shot shot4 ingredient5 right left dispenser5)
34.849: (pour-shot-to-used-shaker shot4 ingredient5 shaker1 right l1 l2)
33.453: (clean-shot shot4 ingredient5 right left)
32.440: (fill-shot shot4 ingredient3 right left dispenser3)
32.412: (grasp left shaker1)
33.083: (leave right shot4)
31.738: (shake cocktail3 ingredient1 ingredient5 shaker1 left right)
30.205: (pour-shaker-to-shot cocktail3 shot3 left shaker1 l2 l1)
29.186: (empty-shaker left shaker1 cocktail3 l1 l0)
28.215: (clean-shaker left right shaker1)
27.138: (grasp right shot4)
26.159: (leave left shaker1)
25.321: (pour-shot-to-clean-shaker shot4 ingredient3 shaker1 right l0 l1)
24.156: (clean-shot shot4 ingredient3 right left)
23.520: (fill-shot shot4 ingredient1 right left dispenser1)
22.391: (pour-shot-to-used-shaker shot4 ingredient1 shaker1 right l1 l2)
20.428: (grasp left shot2)
21.034: (empty-shot left shot2 ingredient2)
22.482: (leave right shot4)
21.936: (refill-shot shot2 ingredient2 left right dispenser2)
21.384: (grasp right shot5)
21.961: (empty-shot left shot2 ingredient2)
23.383: (leave left shot2)
21.881: (grasp left shot4)
22.639: (leave right shot5)
20.960: (clean-shot shot4 ingredient1 left right)
19.457: (grasp right shot2)
19.067: (leave left shot4)
18.401: (refill-shot shot2 ingredient2 right left dispenser2)
17.803: (grasp left shaker1)
18.406: (empty-shot right shot2 ingredient2)
19.438: (leave right shot2)
19.011: (grasp right shot10)
19.903: (leave left shaker1)
18.851: (grasp left shot2)
19.067: (leave right shot10)
18.401: (refill-shot shot2 ingredient2 left right dispenser2)
17.803: (grasp right shaker1)
18.406: (empty-shot left shot2 ingredient2)
19.438: (leave left shot2)
19.011: (grasp left shot10)
19.903: (leave right shaker1)
18.851: (grasp right shot2)
19.067: (leave left shot10)
18.851: (grasp left shot7)
19.903: (leave right shot2)
19.011: (grasp right shaker1)
19.438: (leave left shot7)
19.011: (grasp left shot5)
19.903: (leave right shaker1)
18.851: (grasp right shot2)
19.067: (leave left shot5)
19.211: (grasp left shot8)
20.353: (leave right shot2)
19.587: (grasp right shaker1)
21.408: (empty-shot left shot8 ingredient2)
22.280: (leave left shot8)
21.010: (grasp left shot2)
21.820: (leave right shaker1)
20.998: (grasp right shot8)
22.423: (leave left shot2)
20.353: (refill-shot shot8 ingredient2 right left dispenser2)
19.211: (grasp left shot2)
19.067: (leave right shot8)
18.851: (grasp right shot7)
19.903: (leave left shot2)
19.011: (grasp left shaker1)
19.438: (leave right shot7)
19.011: (grasp right shot5)
19.903: (leave left shaker1)
18.851: (grasp left shot2)
19.067: (leave right shot5)
19.356: (clean-shot shot2 ingredient2 left right)
18.917: (grasp right shaker1)
19.209: (leave left shot2)
18.392: (shake cocktail4 ingredient3 ingredient1 shaker1 right left)
17.140: (pour-shaker-to-shot cocktail4 shot4 right shaker1 l2 l1)
16.736: (leave right shaker1)
16.508: (grasp left shot11)
14.992: (refill-shot shot11 ingredient3 left right dispenser3)
14.941: (grasp right shot8)
16.002: (leave left shot11)
15.988: (grasp left shot10)
16.039: (leave right shot8)
15.175: (grasp right shot11)
14.992: (leave left shot10)
14.941: (grasp left shot8)
16.002: (leave right shot11)
15.988: (grasp right shot10)
16.039: (leave left shot8)
15.175: (grasp left shot11)
16.412: (empty-shot left shot11 ingredient3)
16.622: (leave left shot11)
16.452: (grasp left shot7)
16.622: (leave right shot10)
16.412: (grasp right shot11)
16.508: (leave left shot7)
16.385: (grasp left shot8)
16.588: (leave right shot11)
16.514: (grasp right shot5)
16.622: (leave left shot8)
16.412: (grasp left shot11)
16.508: (leave right shot5)
16.385: (grasp right shot8)
16.588: (leave left shot11)
16.514: (grasp left shot5)
16.622: (leave right shot8)
16.412: (grasp right shot11)
16.508: (leave left shot5)
16.412: (grasp left shot2)
16.622: (leave right shot11)
16.452: (grasp right shot10)
16.622: (leave left shot2)
16.452: (grasp left shot5)
16.622: (leave left shot5)
16.514: (grasp left shot8)
17.706: (empty-shot left shot8 ingredient2)
17.769: (leave right shot10)
17.641: (grasp right shot11)
18.317: (leave left shot8)
17.286: (refill-shot shot11 ingredient3 right left dispenser3)
16.456: (grasp left shot8)
17.405: (leave right shot11)
17.362: (grasp right shot2)
18.049: (leave left shot8)
17.313: (grasp left shot11)
17.286: (leave right shot2)
16.456: (grasp right shot8)
17.405: (leave left shot11)
17.362: (grasp left shot2)
18.049: (leave right shot8)
17.313: (grasp right shot11)
18.253: (empty-shot right shot11 ingredient3)
18.397: (leave right shot11)
17.706: (grasp right shot8)
17.769: (leave left shot2)
17.641: (grasp left shot11)
18.317: (leave right shot8)
18.253: (grasp right shot2)
18.397: (leave left shot11)
17.706: (grasp left shot8)
17.769: (leave right shot2)
17.706: (grasp right shot7)
18.397: (leave left shot8)
18.253: (grasp left shot11)
18.317: (leave right shot7)
18.253: (grasp right shot10)
18.397: (leave left shot11)
18.294: (grasp left shot2)
18.397: (leave left shot2)
18.294: (grasp left shot5)
18.397: (leave right shot10)
17.706: (grasp right shot8)
17.769: (leave left shot5)
17.706: (grasp left shot7)
18.397: (leave right shot8)
18.253: (grasp right shot11)
18.317: (leave left shot7)
18.253: (grasp left shot10)
18.397: (leave right shot11)
17.706: (grasp right shot8)
17.769: (leave left shot10)
17.968: (grasp left shaker1)
19.179: (leave right shot8)
18.464: (leave left shaker1)
18.397: (grasp right shot5)
17.706: (grasp left shot8)
17.769: (leave right shot5)
17.968: (grasp right shaker1)
19.179: (leave left shot8)
19.024: (grasp left shot11)
21.059: (empty-shaker right shaker1 cocktail4 l1 l0)
20.685: (leave right shaker1)
19.471: (refill-shot shot11 ingredient3 left right dispenser3)
18.404: (grasp right shot8)
19.504: (leave left shot11)
18.022: (refill-shot shot8 ingredient2 right left dispenser2)
17.300: (grasp left shot11)
17.310: (leave right shot8)
17.314: (grasp right shaker1)
18.647: (leave left shot11)
18.069: (leave right shaker1)
17.310: (grasp right shot11)
17.300: (grasp left shot8)
18.022: (leave right shot11)
17.966: (grasp right shot7)
18.011: (leave left shot8)
17.331: (grasp left shot11)
18.702: (empty-shot left shot11 ingredient3)
18.820: (leave right shot7)
18.702: (grasp right shot2)
18.948: (leave left shot11)
18.465: (fill-shot shot2 ingredient2 right left dispenser2)
18.109: (grasp left shot10)
18.978: (empty-shot right shot2 ingredient2)
19.337: (leave left shot10)
18.978: (grasp left shot7)
20.423: (leave right shot2)
19.765: (fill-shot shot7 ingredient3 left right dispenser3)
18.347: (grasp right shot2)
18.954: (empty-shot left shot7 ingredient3)
20.605: (leave right shot2)
20.162: (grasp right shot5)
21.266: (leave left shot7)
20.231: (grasp left shot2)
20.674: (leave right shot5)
18.954: (grasp right shot7)
20.605: (leave left shot2)
19.765: (refill-shot shot7 ingredient3 right left dispenser3)
18.347: (grasp left shot2)
19.780: (leave right shot7)
18.910: (refill-shot shot2 ingredient2 left right dispenser2)
17.545: (grasp right shot7)
18.284: (empty-shot right shot7 ingredient3)
19.750: (leave right shot7)
19.280: (grasp right shot5)
20.450: (leave left shot2)
19.415: (grasp left shot7)
19.847: (leave right shot5)
18.284: (grasp right shot2)
19.750: (leave left shot7)
19.280: (grasp left shot5)
20.231: (empty-shot right shot2 ingredient2)
20.674: (leave left shot5)
20.231: (grasp left shot10)
21.266: (leave right shot2)
20.162: (grasp right shot7)
20.605: (leave left shot10)
20.162: (grasp left shot5)
21.267: (leave right shot7)
20.760: (fill-shot shot5 ingredient2 left right dispenser2)
19.605: (grasp right shot7)
20.457: (empty-shot left shot5 ingredient2)
21.535: (leave left shot5)
20.457: (grasp left shot2)
21.572: (leave right shot7)
20.530: (grasp right shot5)
21.572: (leave left shot2)
20.456: (grasp left shot7)
21.535: (leave right shot5)
20.457: (grasp right shot2)
21.572: (leave left shot7)
20.530: (grasp left shot5)
21.572: (leave right shot2)
21.350: (grasp right shot10)
22.385: (leave left shot5)
21.316: (grasp left shot7)
21.535: (leave right shot10)
20.722: (refill-shot shot7 ingredient3 left right dispenser3)
19.623: (grasp right shot2)
20.737: (leave left shot7)
19.695: (grasp left shot5)
20.737: (leave right shot2)
19.623: (grasp right shot7)
20.722: (leave left shot5)
19.623: (grasp left shot2)
20.737: (leave right shot7)
19.695: (grasp right shot5)
20.737: (leave left shot2)
19.623: (grasp left shot7)
20.457: (empty-shot left shot7 ingredient3)
21.535: (leave right shot5)
21.370: (clean-shot shot7 ingredient3 left right)
20.330: (grasp right shot5)
20.762: (leave left shot7)
19.149: (grasp left shot2)
20.762: (leave right shot5)
19.890: (refill-shot shot2 ingredient2 left right dispenser2)
18.564: (grasp right shot5)
20.066: (leave left shot2)
19.266: (refill-shot shot5 ingredient2 right left dispenser2)
17.858: (grasp left shot2)
18.564: (empty-shot left shot2 ingredient2)
19.890: (leave left shot2)
19.435: (grasp left shot10)
20.330: (empty-shot right shot5 ingredient2)
21.370: (leave right shot5)
20.330: (grasp right shot2)
20.762: (leave left shot10)
19.149: (grasp left shot5)
20.762: (leave right shot2)
19.890: (refill-shot shot5 ingredient2 left right dispenser2)
18.564: (grasp right shot2)
20.066: (leave left shot5)
19.266: (refill-shot shot2 ingredient2 right left dispenser2)
17.858: (grasp left shot5)
18.564: (empty-shot left shot5 ingredient2)
19.890: (leave left shot5)
19.435: (grasp left shot10)
20.637: (leave right shot2)
19.642: (grasp right shot5)
20.066: (leave left shot10)
19.489: (clean-shot shot5 ingredient2 right left)
18.109: (grasp left shot2)
18.465: (leave right shot5)
18.109: (grasp right shot10)
18.978: (empty-shot left shot2 ingredient2)
19.337: (leave right shot10)
18.948: (clean-shot shot2 ingredient2 left right)
18.702: (grasp right shot11)
18.820: (leave left shot2)
18.702: (grasp left shot5)
18.948: (leave right shot11)
18.465: (fill-shot shot5 ingredient2 left right dispenser2)
18.109: (grasp right shot10)
18.978: (empty-shot left shot5 ingredient2)
19.337: (leave right shot10)
18.978: (grasp right shot7)
20.423: (leave left shot5)
19.765: (fill-shot shot7 ingredient3 right left dispenser3)
18.347: (grasp left shot5)
18.954: (empty-shot right shot7 ingredient3)
20.605: (leave left shot5)
20.162: (grasp left shot2)
21.266: (leave right shot7)
20.231: (grasp right shot5)
20.674: (leave left shot2)
18.954: (grasp left shot7)
20.605: (leave right shot5)
19.765: (refill-shot shot7 ingredient3 left right dispenser3)
18.347: (grasp right shot5)
19.780: (leave left shot7)
18.910: (refill-shot shot5 ingredient2 right left dispenser2)
17.545: (grasp left shot7)
18.284: (empty-shot left shot7 ingredient3)
19.750: (leave left shot7)
19.280: (grasp left shot2)
20.450: (leave right shot5)
19.415: (grasp right shot7)
19.847: (leave left shot2)
18.284: (grasp left shot5)
19.750: (leave right shot7)
19.280: (grasp right shot2)
20.231: (empty-shot left shot5 ingredient2)
20.674: (leave right shot2)
20.231: (grasp right shot10)
21.266: (leave left shot5)
20.162: (grasp left shot7)
20.605: (leave right shot10)
20.162: (grasp right shot2)
21.266: (leave left shot7)
20.760: (fill-shot shot2 ingredient2 right left dispenser2)
19.605: (grasp left shot7)
20.835: (leave right shot2)
19.800: (grasp right shot5)
20.852: (leave left shot7)
19.658: (grasp left shot2)
20.760: (leave right shot5)
19.605: (grasp right shot7)
20.835: (leave left shot2)
19.800: (grasp left shot5)
20.852: (leave right shot7)
19.658: (grasp right shot2)
20.530: (empty-shot right shot2 ingredient2)
21.572: (leave right shot2)
21.578: (grasp right shot11)
22.150: (leave left shot5)
20.549: (refill-shot shot11 ingredient3 right left dispenser3)
20.142: (grasp left shot7)
21.316: (leave right shot11)
20.310: (grasp right shot2)
21.383: (leave left shot7)
20.217: (grasp left shot11)
20.549: (leave right shot2)
20.142: (grasp right shot7)
21.316: (leave left shot11)
20.310: (grasp left shot2)
21.383: (leave right shot7)
20.217: (grasp right shot11)
21.578: (empty-shot right shot11 ingredient3)
21.572: (leave right shot11)
21.350: (grasp right shot10)
21.572: (leave right shot10)
21.593: (grasp right shaker1)
22.623: (leave left shot2)
21.553: (grasp left shot7)
21.535: (leave right shaker1)
21.536: (grasp right shot11)
21.535: (leave right shot11)
21.592: (grasp right shot8)
22.321: (leave left shot7)
21.628: (grasp left shot5)
23.360: (empty-shot right shot8 ingredient2)
24.495: (leave left shot5)
23.360: (grasp left shot2)
24.639: (leave right shot8)
23.371: (grasp right shot5)
24.639: (leave left shot2)
23.360: (grasp left shot8)
24.495: (leave right shot5)
22.321: (refill-shot shot8 ingredient2 left right dispenser2)
21.592: (grasp right shot7)
23.383: (empty-shot left shot8 ingredient2)
24.661: (leave left shot8)
23.446: (grasp left shot2)
24.639: (leave right shot7)
23.834: (refill-shot shot2 ingredient2 left right dispenser2)
22.575: (grasp right shot5)
23.732: (leave left shot2)
22.575: (grasp left shot8)
23.684: (leave right shot5)
21.759: (refill-shot shot8 ingredient2 left right dispenser2)
20.822: (grasp right shot2)
21.628: (empty-shot right shot2 ingredient2)
23.360: (empty-shot left shot8 ingredient2)
24.639: (leave left shot8)
23.371: (grasp left shot5)
24.639: (leave right shot2)
23.446: (grasp right shot7)
24.639: (leave right shot7)
23.834: (refill-shot shot5 ingredient2 left right dispenser2)
22.575: (grasp right shot2)
23.732: (leave left shot5)
22.575: (grasp left shot8)
23.684: (leave right shot2)
21.759: (refill-shot shot8 ingredient2 left right dispenser2)
20.822: (grasp right shot5)
20.760: (leave left shot8)
19.605: (grasp left shot7)
20.835: (leave right shot5)
19.800: (grasp right shot2)
20.852: (leave left shot7)
19.658: (grasp left shot5)
20.530: (empty-shot left shot5 ingredient2)
21.572: (leave right shot2)
21.593: (grasp right shaker1)
21.572: (leave right shaker1)
22.067: (grasp right shot6)
21.487: (empty-shot right shot6 ingredient1)
21.965: (leave left shot5)
21.451: (grasp left shot7)
22.612: (leave right shot6)
21.594: (grasp right shot5)
22.660: (leave left shot7)
21.488: (grasp left shot6)
21.965: (leave right shot5)
21.451: (grasp right shot7)
22.612: (leave left shot6)
21.594: (grasp left shot5)
22.660: (leave right shot7)
21.665: (grasp right shot2)
22.660: (leave left shot5)
21.488: (grasp left shot6)
21.965: (leave right shot2)
21.475: (clean-shot shot6 ingredient1 left right)
20.805: (grasp right shot7)
22.181: (leave left shot6)
21.119: (grasp left shot5)
22.221: (leave right shot7)
20.844: (grasp right shot6)
21.475: (leave left shot5)
20.805: (grasp left shot7)
22.181: (leave right shot6)
21.119: (grasp right shot5)
22.221: (leave left shot7)
20.844: (grasp left shot6)
21.475: (leave right shot5)
20.844: (grasp right shot2)
22.221: (leave left shot6)
21.119: (grasp left shot7)
22.181: (leave right shot2)
21.371: (refill-shot shot7 ingredient3 left right dispenser3)
20.009: (grasp right shot6)
20.565: (leave left shot7)
20.039: (grasp left shot5)
21.404: (leave right shot6)
20.288: (grasp right shot7)
21.371: (leave left shot5)
20.009: (grasp left shot6)
20.565: (leave right shot7)
20.039: (grasp right shot5)
21.404: (leave left shot6)
20.288: (grasp left shot7)
21.119: (empty-shot left shot7 ingredient3)
22.181: (leave right shot5)
21.882: (grasp right shaker1)
23.048: (leave left shot7)
21.777: (grasp left shot6)
21.475: (leave right shaker1)
21.458: (fill-shot shot6 ingredient3 left right dispenser3)
21.097: (grasp right shot7)
21.731: (empty-shot left shot6 ingredient3)
22.283: (leave right shot7)
21.776: (grasp right shot2)
23.244: (leave left shot6)
22.111: (grasp left shot7)
23.195: (leave right shot2)
21.731: (grasp right shot6)
22.283: (leave left shot7)
21.458: (refill-shot shot6 ingredient3 right left dispenser3)
21.097: (grasp left shot7)
22.435: (leave right shot6)
21.847: (grasp right shot2)
22.502: (leave left shot7)
21.187: (grasp left shot6)
21.458: (leave right shot2)
21.187: (grasp right shot5)
21.776: (empty-shot left shot6 ingredient3)
23.244: (leave left shot6)
22.111: (grasp left shot7)
23.195: (leave right shot5)
22.339: (refill-shot shot7 ingredient3 left right dispenser3)
20.932: (grasp right shot6)
21.470: (leave left shot7)
20.996: (grasp left shot2)
22.445: (leave right shot6)
21.288: (grasp right shot7)
22.111: (empty-shot right shot7 ingredient3)
23.195: (leave left shot2)
22.111: (grasp left shot5)
23.244: (leave right shot7)
21.776: (grasp right shot6)
22.283: (leave left shot5)
21.776: (grasp left shot2)
23.244: (leave right shot6)
22.197: (grasp right shot5)
23.244: (leave left shot2)
22.448: (refill-shot shot5 ingredient2 right left dispenser2)
20.973: (grasp left shot6)
21.734: (leave right shot5)
20.865: (clean-shot shot6 ingredient3 left right)
20.033: (grasp right shot5)
21.410: (leave left shot6)
20.263: (grasp left shot7)
21.500: (leave right shot5)
20.118: (grasp right shot6)
20.865: (leave left shot7)
20.033: (grasp left shot5)
21.410: (leave right shot6)
20.263: (grasp right shot7)
21.500: (leave left shot5)
20.118: (grasp left shot6)
20.865: (leave right shot7)
20.136: (grasp right shot2)
21.518: (leave left shot6)
20.317: (grasp left shot5)
21.196: (empty-shot left shot5 ingredient2)
22.221: (leave left shot5)
21.410: (refill-shot shot2 ingredient2 right left dispenser2)
20.033: (grasp left shot6)
20.865: (leave right shot2)
20.118: (grasp right shot7)
21.500: (leave left shot6)
20.263: (grasp left shot2)
21.119: (empty-shot left shot2 ingredient2)
22.221: (leave right shot7)
20.844: (grasp right shot6)
21.475: (leave left shot2)
21.533: (grasp left shot11)
23.147: (leave right shot6)
21.419: (refill-shot shot11 ingredient3 left right dispenser3)
19.844: (grasp right shot6)
20.962: (leave left shot11)
20.579: (grasp left shot7)
22.008: (leave right shot6)
20.766: (grasp right shot11)
21.419: (leave left shot7)
19.844: (grasp left shot6)
20.962: (leave right shot11)
20.579: (grasp right shot7)
22.008: (leave left shot6)
20.766: (grasp left shot11)
22.173: (empty-shot left shot11 ingredient3)
22.181: (leave left shot11)
21.882: (grasp left shaker1)
23.048: (leave right shot7)
21.777: (grasp right shot6)
21.475: (leave left shaker1)
21.695: (grasp left shot10)
23.081: (leave right shot6)
21.988: (grasp right shot7)
22.181: (leave left shot10)
22.035: (clean-shot shot7 ingredient3 right left)
20.644: (grasp left shot6)
21.031: (leave right shot7)
20.051: (grasp right shot2)
21.424: (leave left shot6)
19.799: (grasp left shot5)
21.424: (leave right shot2)
20.051: (grasp right shot6)
21.031: (leave left shot5)
20.051: (grasp left shot2)
21.424: (leave right shot6)
[Final] Expanded: 1000, Generated: 10002
Failed to find a solution!
