Torch: 2.12.0+cu130
Using GPU:  NVIDIA L40S
[Bellman] lambda=0 -> baseline (no widening signal)
[W1raw] OPTION7 w1raw_beta=1.0 signal=RAW edge-W1 (parent-best vs child-best, no reward/discount) vs SIBLINGS (boosts exploration toward larger-shift children; prior untouched) [SHUFFLE CONTROL: signal-blind placement]
[Value] SELF-CONSISTENT: leaf value = QR-DQN max_a mean Z(s,a) (SAC critics bypassed; prior still SAC policy)
/u/ibrahim.eisawy/Neural-Guided-Search/venv/lib/python3.10/site-packages/pymimir_rgnn/model.py:162: UserWarning: index_reduce() is in beta and the API may change at any time. (Triggered internally at /pytorch/aten/src/ATen/native/cuda/Indexing.cu:1541.)
  exps_max.index_reduce_(0, output_indices, output_messages, reduce="amax", include_self=False)
  [sim 31] found goal path of length 31
[Final] Expanded: 95, Generated: 95
[Cost] IQN forward calls (Bellman signal): 176
[Widen] nodes widened: 0, mean w: 0.0000
[W1raw] child-edges modulated: 145, mean mult: 1.0018 (1.0 = no change; >1 = boosted toward larger shift)
[search done] simulations=31, unique states generated=95
Found a solution of length 31!
   1: (move f7-7f f6-7f)
   2: (move f6-7f f5-7f)
   3: (move f5-7f f5-6f)
   4: (move f5-6f f6-6f)
   5: (move f6-6f f7-6f)
   6: (move f7-6f f7-5f)
   7: (move f7-5f f6-5f)
   8: (move f6-5f f5-5f)
   9: (move f5-5f f4-5f)
  10: (move f4-5f f3-5f)
  11: (move f3-5f f3-4f)
  12: (move f3-4f f2-4f)
  13: (move f2-4f f1-4f)
  14: (move f1-4f f0-4f)
  15: (move f0-4f f0-3f)
  16: (unlock f0-3f f0-2f key1-1 shape1)
  17: (move f0-3f f0-4f)
  18: (move f0-4f f0-5f)
  19: (move f0-5f f1-5f)
  20: (move f1-5f f1-6f)
  21: (move f1-6f f2-6f)
  22: (move f2-6f f2-5f)
  23: (move f2-5f f2-4f)
  24: (move f2-4f f1-4f)
  25: (move f1-4f f1-3f)
  26: (move f1-3f f1-2f)
  27: (move f1-2f f2-2f)
  28: (move f2-2f f2-1f)
  29: (move f2-1f f2-0f)
  30: (move f2-0f f1-0f)
  31: (putdown f1-0f key1-1)
