Torch: 2.12.0+cu130
Using GPU:  NVIDIA L40S
[Bellman] lambda=0 -> baseline (no widening signal)
[W1raw] OPTION7 w1raw_beta=1.0 signal=RAW edge-W1 (parent-best vs child-best, no reward/discount) vs SIBLINGS (boosts exploration toward larger-shift children; prior untouched) [SHUFFLE CONTROL: signal-blind placement]
[Value] SELF-CONSISTENT: leaf value = QR-DQN max_a mean Z(s,a) (SAC critics bypassed; prior still SAC policy)
/u/ibrahim.eisawy/Neural-Guided-Search/venv/lib/python3.10/site-packages/pymimir_rgnn/model.py:162: UserWarning: index_reduce() is in beta and the API may change at any time. (Triggered internally at /pytorch/aten/src/ATen/native/cuda/Indexing.cu:1541.)
  exps_max.index_reduce_(0, output_indices, output_messages, reduce="amax", include_self=False)
  [sim 500] root visits=500, unique states=228, generated=227, iqn_calls=608
  [sim 1000] root visits=1000, unique states=242, generated=241, iqn_calls=643
  [sim 1500] root visits=1500, unique states=249, generated=248, iqn_calls=660
  [sim 2000] root visits=2000, unique states=263, generated=262, iqn_calls=691
  [sim 2500] root visits=2500, unique states=272, generated=271, iqn_calls=703
  [sim 2726] found goal path of length 54
[Final] Expanded: 401, Generated: 401
[Cost] IQN forward calls (Bellman signal): 1003
[Widen] nodes widened: 0, mean w: 0.0000
[W1raw] child-edges modulated: 813, mean mult: 1.0035 (1.0 = no change; >1 = boosted toward larger shift)
[search done] simulations=2726, unique states generated=401
Found a solution of length 54!
   1: (move f3-5f f4-5f)
   2: (move f4-5f f5-5f)
   3: (move f5-5f f6-5f)
   4: (move f6-5f f6-4f)
   5: (move f6-4f f7-4f)
   6: (move f7-4f f7-5f)
   7: (move f7-5f f8-5f)
   8: (move f8-5f f8-6f)
   9: (move f8-6f f7-6f)
  10: (move f7-6f f6-6f)
  11: (move f6-6f f5-6f)
  12: (move f5-6f f5-7f)
  13: (move f5-7f f5-8f)
  14: (move f5-8f f4-8f)
  15: (move f4-8f f3-8f)
  16: (move f3-8f f2-8f)
  17: (move f2-8f f1-8f)
  18: (pickup f1-8f key1-3)
  19: (move f1-8f f2-8f)
  20: (move f2-8f f2-7f)
  21: (move f2-7f f3-7f)
  22: (move f3-7f f4-7f)
  23: (move f4-7f f4-6f)
  24: (move f4-6f f4-5f)
  25: (move f4-5f f4-4f)
  26: (move f4-4f f4-3f)
  27: (move f4-3f f5-3f)
  28: (move f5-3f f5-4f)
  29: (move f5-4f f5-5f)
  30: (move f5-5f f5-6f)
  31: (move f5-6f f5-7f)
  32: (move f5-7f f5-8f)
  33: (move f5-8f f6-8f)
  34: (move f6-8f f7-8f)
  35: (move f7-8f f7-7f)
  36: (move f7-7f f6-7f)
  37: (move f6-7f f6-6f)
  38: (move f6-6f f7-6f)
  39: (move f7-6f f7-5f)
  40: (move f7-5f f6-5f)
  41: (move f6-5f f6-4f)
  42: (move f6-4f f7-4f)
  43: (move f7-4f f7-3f)
  44: (move f7-3f f7-2f)
  45: (move f7-2f f6-2f)
  46: (move f6-2f f5-2f)
  47: (move f5-2f f5-1f)
  48: (move f5-1f f4-1f)
  49: (move f4-1f f4-0f)
  50: (move f4-0f f3-0f)
  51: (move f3-0f f2-0f)
  52: (move f2-0f f1-0f)
  53: (move f1-0f f0-0f)
  54: (putdown f0-0f key1-3)
