Torch: 2.12.0+cu130
Using GPU:  NVIDIA L40S
[Bellman] lambda=0 -> baseline (no widening signal)
[W1raw] OPTION7 w1raw_beta=1.0 signal=RAW edge-W1 (parent-best vs child-best, no reward/discount) vs SIBLINGS (boosts exploration toward larger-shift children; prior untouched) [SHUFFLE CONTROL: signal-blind placement]
[Value] SELF-CONSISTENT: leaf value = QR-DQN max_a mean Z(s,a) (SAC critics bypassed; prior still SAC policy)
/u/ibrahim.eisawy/Neural-Guided-Search/venv/lib/python3.10/site-packages/pymimir_rgnn/model.py:162: UserWarning: index_reduce() is in beta and the API may change at any time. (Triggered internally at /pytorch/aten/src/ATen/native/cuda/Indexing.cu:1541.)
  exps_max.index_reduce_(0, output_indices, output_messages, reduce="amax", include_self=False)
  [sim 500] root visits=500, unique states=148, generated=147, iqn_calls=389
  [sim 1000] root visits=1000, unique states=148, generated=147, iqn_calls=389
  [sim 1500] root visits=1500, unique states=148, generated=147, iqn_calls=389
  [sim 2000] root visits=2000, unique states=148, generated=147, iqn_calls=389
  [sim 2500] root visits=2500, unique states=148, generated=147, iqn_calls=397
  [sim 2583] found goal path of length 62
[Final] Expanded: 299, Generated: 299
[Cost] IQN forward calls (Bellman signal): 711
[Widen] nodes widened: 0, mean w: 0.0000
[W1raw] child-edges modulated: 569, mean mult: 1.0011 (1.0 = no change; >1 = boosted toward larger shift)
[search done] simulations=2583, unique states generated=299
Found a solution of length 62!
   1: (move f3-1f f2-1f)
   2: (move f2-1f f1-1f)
   3: (move f1-1f f0-1f)
   4: (pickup f0-1f key0-2)
   5: (move f0-1f f1-1f)
   6: (move f1-1f f1-2f)
   7: (move f1-2f f1-3f)
   8: (move f1-3f f2-3f)
   9: (move f2-3f f2-4f)
  10: (move f2-4f f3-4f)
  11: (move f3-4f f4-4f)
  12: (move f4-4f f5-4f)
  13: (move f5-4f f5-3f)
  14: (move f5-3f f5-2f)
  15: (move f5-2f f4-2f)
  16: (move f4-2f f3-2f)
  17: (move f3-2f f3-3f)
  18: (putdown f3-3f key0-2)
  19: (move f3-3f f3-2f)
  20: (move f3-2f f3-1f)
  21: (move f3-1f f3-0f)
  22: (move f3-0f f4-0f)
  23: (move f4-0f f4-1f)
  24: (move f4-1f f4-2f)
  25: (move f4-2f f5-2f)
  26: (move f5-2f f5-3f)
  27: (move f5-3f f6-3f)
  28: (move f6-3f f7-3f)
  29: (move f7-3f f8-3f)
  30: (move f8-3f f8-4f)
  31: (move f8-4f f7-4f)
  32: (move f7-4f f6-4f)
  33: (move f6-4f f5-4f)
  34: (move f5-4f f4-4f)
  35: (move f4-4f f3-4f)
  36: (move f3-4f f2-4f)
  37: (move f2-4f f2-3f)
  38: (move f2-3f f1-3f)
  39: (move f1-3f f0-3f)
  40: (pickup f0-3f key3-0)
  41: (move f0-3f f1-3f)
  42: (move f1-3f f2-3f)
  43: (move f2-3f f3-3f)
  44: (pickup-and-loose f3-3f key0-2 key3-0)
  45: (move f3-3f f3-2f)
  46: (move f3-2f f3-1f)
  47: (move f3-1f f4-1f)
  48: (move f4-1f f4-2f)
  49: (move f4-2f f5-2f)
  50: (move f5-2f f5-3f)
  51: (move f5-3f f5-4f)
  52: (move f5-4f f4-4f)
  53: (move f4-4f f3-4f)
  54: (move f3-4f f3-5f)
  55: (move f3-5f f4-5f)
  56: (move f4-5f f5-5f)
  57: (move f5-5f f6-5f)
  58: (move f6-5f f6-6f)
  59: (move f6-6f f7-6f)
  60: (move f7-6f f7-7f)
  61: (move f7-7f f8-7f)
  62: (putdown f8-7f key0-2)
