/u/ibrahim.eisawy/Neural-Guided-Search/venv/lib/python3.10/site-packages/pymimir_rgnn/model.py:151: UserWarning: index_reduce() is in beta and the API may change at any time. (Triggered internally at /pytorch/aten/src/ATen/native/cuda/Indexing.cu:1541.)
  max_msg.index_reduce_(0, output_indices, output_messages, reduce='amax', include_self=True)
Torch: 2.12.0+cu130
Using GPU:  NVIDIA L40S
51.206: (move f1-2f f2-2f)
55.512: (move f1-2f f1-1f)
55.572: (move f1-2f f0-2f)
50.098: (move f2-2f f2-3f)
51.907: (move f2-2f f3-2f)
58.829: (move f0-2f f0-1f)
58.829: (move f1-1f f0-1f)
60.207: (move f1-1f f1-0f)
49.938: (move f3-2f f3-3f)
49.938: (move f2-3f f3-3f)
50.614: (pickup f2-3f key1-2)
50.675: (move f2-3f f2-4f)
51.276: (move f3-2f f4-2f)
47.843: (move f4-2f f4-3f)
47.843: (move f3-3f f4-3f)
48.881: (move f4-2f f5-2f)
48.941: (move f2-3f f2-2f)
50.540: (unlock f2-3f f1-3f key1-2 shape1)
47.042: (unlock f2-2f f2-1f key1-2 shape1)
47.117: (move f5-2f f6-2f)
47.405: (move f4-3f f4-4f)
48.910: (move f2-3f f2-2f)
49.453: (putdown f2-2f key1-2)
45.866: (move f2-2f f2-3f)
46.175: (move f4-4f f5-4f)
46.182: (move f2-2f f3-2f)
46.774: (pickup f4-4f key2-1)
46.890: (putdown f2-2f key1-2)
44.818: (move f3-2f f4-2f)
45.007: (move f4-4f f4-3f)
45.794: (putdown f2-3f key1-2)
45.824: (unlock f2-3f f1-3f key1-2 shape1)
46.019: (putdown f3-2f key1-2)
42.957: (move f4-2f f5-2f)
44.310: (move f4-2f f4-3f)
44.701: (putdown f4-2f key1-2)
44.847: (unlock f4-3f f5-3f key2-1 shape2)
44.859: (move f3-2f f4-2f)
41.600: (move f5-2f f6-2f)
42.779: (putdown f5-2f key1-2)
42.887: (move f4-2f f5-2f)
43.047: (move f4-2f f5-2f)
43.230: (move f4-3f f4-4f)
41.134: (move f5-2f f6-2f)
41.148: (move f5-2f f6-2f)
41.152: (putdown f6-2f key1-2)
41.210: (move f5-2f f6-2f)
41.375: (move f4-4f f5-4f)
41.133: (putdown f5-4f key1-2)
41.489: (move f5-4f f6-4f)
42.144: (move f6-2f f6-3f)
42.169: (move f6-2f f6-3f)
42.204: (move f6-2f f6-3f)
40.433: (move f6-4f f6-5f)
40.763: (move f6-3f f6-4f)
40.860: (move f6-3f f6-4f)
40.947: (move f6-3f f6-4f)
40.972: (putdown f6-4f key1-2)
39.432: (move f6-5f f6-6f)
39.673: (move f6-4f f6-5f)
39.765: (move f6-4f f6-5f)
39.872: (move f6-4f f6-5f)
39.928: (putdown f6-5f key1-2)
37.508: (pickup-and-loose f6-6f key3-2 key1-2)
38.040: (pickup-and-loose f6-6f key0-0 key1-2)
38.665: (move f6-5f f6-6f)
38.762: (move f6-5f f6-6f)
38.914: (move f6-5f f6-6f)
37.233: (pickup f6-6f key3-2)
37.333: (pickup f6-6f key3-2)
37.468: (pickup f6-6f key3-2)
37.651: (move f6-6f f6-5f)
37.739: (pickup f6-6f key0-0)
37.319: (move f6-6f f6-5f)
37.835: (pickup-and-loose f6-6f key0-0 key3-2)
37.938: (move f6-6f f6-5f)
37.977: (move f6-6f f6-5f)
37.989: (pickup-and-loose f6-6f key0-0 key3-2)
36.945: (move f6-5f f6-4f)
37.010: (move f6-5f f6-4f)
37.231: (move f6-6f f6-5f)
37.436: (move f6-6f f6-5f)
37.940: (unlock f6-5f f5-5f key3-2 shape3)
36.584: (move f6-4f f5-4f)
36.630: (move f6-4f f5-4f)
36.902: (move f6-5f f6-4f)
36.966: (move f6-5f f5-5f)
37.279: (move f6-5f f6-6f)
36.308: (unlock f5-4f f5-5f key3-2 shape3)
36.350: (move f6-4f f5-4f)
36.350: (unlock f5-4f f5-5f key3-2 shape3)
36.350: (move f5-5f f5-4f)
37.560: (move f5-4f f4-4f)
36.913: (move f5-4f f5-5f)
36.968: (move f5-4f f6-4f)
37.525: (move f5-4f f4-4f)
37.596: (move f5-4f f4-4f)
37.620: (putdown f5-4f key3-2)
36.542: (move f5-4f f5-5f)
37.471: (move f5-4f f6-4f)
37.578: (putdown f5-5f key3-2)
37.799: (pickup-and-loose f4-4f key2-1 key3-2)
37.886: (pickup-and-loose f4-4f key2-1 key3-2)
36.047: (move f4-4f f4-3f)
36.164: (move f4-4f f4-3f)
37.441: (move f5-5f f5-6f)
37.774: (move f4-4f f5-4f)
37.842: (move f4-4f f5-4f)
35.553: (unlock f4-3f f5-3f key2-1 shape2)
35.675: (unlock f4-3f f5-3f key2-1 shape2)
36.942: (putdown f4-3f key2-1)
37.020: (putdown f4-3f key2-1)
37.319: (unlock f5-4f f5-3f key2-1 shape2)
36.141: (putdown f4-3f key2-1)
36.213: (putdown f4-3f key2-1)
36.429: (move f4-3f f4-4f)
36.448: (move f4-3f f4-4f)
36.448: (move f5-4f f4-4f)
34.047: (move f4-3f f5-3f)
34.139: (move f4-3f f5-3f)
34.492: (move f4-4f f5-4f)
34.779: (move f4-3f f4-4f)
34.866: (move f4-3f f4-4f)
32.663: (move f5-3f f6-3f)
32.669: (move f5-3f f6-3f)
33.500: (pickup f4-4f key3-2)
33.584: (pickup f4-4f key3-2)
33.980: (move f5-3f f5-4f)
32.340: (pickup f6-3f key0-1)
32.340: (pickup f6-3f key0-1)
32.899: (move f4-4f f5-4f)
33.001: (move f4-4f f5-4f)
33.178: (move f6-3f f6-4f)
32.081: (move f5-4f f5-3f)
32.172: (move f5-4f f5-3f)
32.306: (move f6-3f f5-3f)
32.405: (move f6-3f f5-3f)
32.798: (move f5-4f f6-4f)
31.145: (move f5-3f f5-2f)
31.396: (move f5-3f f5-2f)
32.113: (move f5-3f f4-3f)
32.229: (move f5-3f f4-3f)
32.474: (move f5-3f f5-4f)
30.400: (move f4-3f f4-2f)
30.400: (move f5-2f f4-2f)
30.475: (move f5-2f f4-2f)
30.475: (move f4-3f f4-2f)
30.999: (move f4-3f f3-3f)
29.486: (move f3-3f f2-3f)
29.940: (move f3-3f f3-2f)
29.940: (move f4-2f f3-2f)
29.990: (move f4-2f f3-2f)
31.203: (putdown f4-2f key0-1)
29.388: (move f3-2f f3-1f)
29.444: (move f3-2f f3-1f)
29.489: (putdown f3-2f key0-1)
29.513: (putdown f3-2f key0-1)
30.421: (move f3-2f f2-2f)
29.501: (move f3-2f f4-2f)
29.632: (move f3-2f f4-2f)
30.152: (move f3-2f f3-3f)
30.153: (move f3-2f f3-1f)
30.187: (move f3-2f f3-3f)
28.609: (move f3-3f f4-3f)
28.610: (move f4-2f f4-3f)
28.640: (move f4-2f f4-3f)
28.640: (move f3-3f f4-3f)
29.558: (pickup f4-2f key1-2)
27.467: (move f4-3f f4-4f)
27.513: (move f4-3f f4-4f)
28.433: (pickup f4-3f key2-1)
28.450: (pickup f4-3f key2-1)
28.657: (move f4-2f f4-3f)
26.483: (pickup f4-4f key3-2)
26.534: (pickup f4-4f key3-2)
27.252: (move f4-4f f5-4f)
27.305: (move f4-4f f5-4f)
27.359: (pickup f4-4f key3-1)
26.381: (move f4-4f f5-4f)
26.428: (move f4-4f f5-4f)
27.016: (move f4-4f f4-3f)
27.066: (move f4-4f f5-4f)
27.067: (move f4-4f f4-3f)
26.211: (pickup-and-loose f4-3f key2-1 key3-2)
26.277: (pickup-and-loose f4-3f key2-1 key3-2)
26.306: (move f4-3f f5-3f)
26.306: (move f5-4f f5-3f)
26.339: (move f4-3f f5-3f)
25.767: (move f4-3f f4-2f)
25.917: (move f4-3f f4-2f)
26.110: (move f4-3f f3-3f)
26.139: (move f4-3f f3-3f)
26.541: (move f4-3f f4-4f)
24.934: (unlock f3-3f f3-4f key2-1 shape2)
24.949: (unlock f3-3f f3-4f key2-1 shape2)
25.185: (move f3-3f f3-2f)
25.185: (move f4-2f f3-2f)
25.256: (move f3-3f f3-2f)
23.462: (pickup-and-loose f3-2f key0-1 key2-1)
23.560: (pickup-and-loose f3-2f key0-1 key2-1)
24.246: (move f3-3f f3-2f)
24.311: (move f3-3f f3-2f)
24.901: (move f3-3f f3-4f)
22.293: (pickup-and-loose f3-2f key0-1 key2-1)
22.400: (pickup-and-loose f3-2f key0-1 key2-1)
22.691: (move f3-2f f2-2f)
22.747: (move f3-2f f2-2f)
23.035: (move f3-2f f3-1f)
21.734: (move f3-1f f2-1f)
21.734: (move f2-2f f2-1f)
21.757: (move f2-2f f2-1f)
21.982: (move f3-2f f2-2f)
22.038: (move f3-2f f2-2f)
19.194: (putdown f2-1f key0-1)
19.206: (putdown f2-1f key0-1)
21.036: (move f2-2f f2-1f)
21.058: (move f2-2f f2-1f)
22.127: (move f2-2f f2-3f)
18.707: (putdown f2-1f key0-1)
18.721: (putdown f2-1f key0-1)
19.111: (move f2-1f f2-2f)
19.117: (move f2-1f f2-2f)
19.474: (move f2-1f f1-1f)
18.558: (move f2-1f f2-2f)
18.560: (move f2-1f f2-2f)
18.572: (move f2-2f f2-3f)
18.593: (move f2-2f f2-3f)
19.289: (move f2-1f f3-1f)
17.923: (move f2-2f f2-3f)
17.945: (move f2-2f f2-3f)
18.118: (move f2-3f f2-4f)
18.146: (move f2-3f f2-4f)
18.432: (move f2-2f f3-2f)
16.808: (move f2-3f f2-4f)
16.824: (move f2-3f f2-4f)
17.189: (move f2-4f f1-4f)
17.206: (move f2-4f f1-4f)
17.292: (move f3-2f f3-3f)
15.857: (move f2-4f f3-4f)
15.871: (move f2-4f f3-4f)
15.871: (move f3-3f f3-4f)
15.943: (move f1-4f f1-5f)
15.968: (move f1-4f f1-5f)
14.357: (move f3-4f f3-5f)
14.376: (move f3-4f f3-5f)
14.541: (move f1-5f f1-6f)
14.545: (move f1-5f f1-6f)
15.679: (move f3-4f f4-4f)
13.233: (move f3-5f f3-6f)
13.245: (move f3-5f f3-6f)
13.768: (move f1-6f f2-6f)
13.776: (move f1-6f f2-6f)
14.392: (move f4-4f f5-4f)
12.534: (move f3-6f f4-6f)
12.548: (move f3-6f f4-6f)
13.010: (move f5-4f f5-5f)
13.016: (move f2-6f f3-6f)
13.018: (move f2-6f f3-6f)
12.099: (move f5-5f f5-6f)
12.099: (move f4-6f f5-6f)
12.115: (move f5-5f f6-5f)
12.117: (move f4-6f f5-6f)
12.323: (move f3-6f f4-6f)
9.980: (move f6-5f f6-6f)
9.980: (move f5-6f f6-6f)
10.005: (move f5-6f f6-6f)
11.909: (move f4-6f f5-6f)
13.012: (move f5-6f f5-5f)
9.162: (pickup f6-6f key0-0)
9.189: (pickup f6-6f key0-0)
9.949: (move f5-6f f6-6f)
12.122: (move f6-6f f6-5f)
12.122: (move f5-5f f6-5f)
8.417: (move f6-6f f5-6f)
8.436: (move f6-6f f5-6f)
9.133: (pickup f6-6f key0-0)
9.304: (move f6-6f f6-5f)
9.309: (move f6-6f f6-5f)
6.963: (move f5-6f f4-6f)
6.990: (move f5-6f f4-6f)
8.247: (move f6-6f f5-6f)
8.763: (move f5-6f f5-5f)
8.763: (move f6-5f f5-5f)
5.794: (move f4-6f f3-6f)
5.797: (move f4-6f f3-6f)
6.824: (move f5-6f f4-6f)
6.868: (unlock f4-6f f4-5f key0-0 shape0)
6.884: (unlock f4-6f f4-5f key0-0 shape0)
4.034: (move f3-6f f2-6f)
4.051: (move f3-6f f2-6f)
5.449: (move f3-6f f3-5f)
5.466: (move f3-6f f3-5f)
5.737: (move f4-6f f3-6f)
2.961: (move f2-6f f1-6f)
2.967: (move f2-6f f1-6f)
4.030: (move f3-6f f2-6f)
4.092: (unlock f3-5f f2-5f key0-0 shape0)
4.094: (unlock f2-6f f2-5f key0-0 shape0)
1.796: (move f1-6f f1-5f)
1.818: (move f1-6f f1-5f)
2.957: (move f2-6f f1-6f)
2.973: (move f3-5f f2-5f)
2.977: (move f2-6f f2-5f)
0.172: (putdown f1-5f key0-0)
[Final] Expanded: 285, Generated: 1144
Found a solution of length 62!
   1: (move f1-2f f2-2f)
   2: (move f2-2f f2-3f)
   3: (pickup f2-3f key1-2)
   4: (move f2-3f f2-2f)
   5: (unlock f2-2f f2-1f key1-2 shape1)
   6: (move f2-2f f3-2f)
   7: (move f3-2f f4-2f)
   8: (putdown f4-2f key1-2)
   9: (move f4-2f f5-2f)
  10: (move f5-2f f6-2f)
  11: (move f6-2f f6-3f)
  12: (move f6-3f f6-4f)
  13: (move f6-4f f6-5f)
  14: (move f6-5f f6-6f)
  15: (pickup f6-6f key3-2)
  16: (move f6-6f f6-5f)
  17: (unlock f6-5f f5-5f key3-2 shape3)
  18: (move f6-5f f6-4f)
  19: (move f6-4f f5-4f)
  20: (move f5-4f f4-4f)
  21: (pickup-and-loose f4-4f key2-1 key3-2)
  22: (move f4-4f f4-3f)
  23: (unlock f4-3f f5-3f key2-1 shape2)
  24: (putdown f4-3f key2-1)
  25: (move f4-3f f5-3f)
  26: (move f5-3f f6-3f)
  27: (pickup f6-3f key0-1)
  28: (move f6-3f f5-3f)
  29: (move f5-3f f4-3f)
  30: (move f4-3f f4-2f)
  31: (move f4-2f f3-2f)
  32: (putdown f3-2f key0-1)
  33: (move f3-2f f3-3f)
  34: (move f3-3f f4-3f)
  35: (move f4-3f f4-4f)
  36: (pickup f4-4f key3-2)
  37: (move f4-4f f4-3f)
  38: (pickup-and-loose f4-3f key2-1 key3-2)
  39: (move f4-3f f3-3f)
  40: (unlock f3-3f f3-4f key2-1 shape2)
  41: (move f3-3f f3-2f)
  42: (pickup-and-loose f3-2f key0-1 key2-1)
  43: (move f3-2f f2-2f)
  44: (move f2-2f f2-1f)
  45: (putdown f2-1f key0-1)
  46: (move f2-1f f2-2f)
  47: (move f2-2f f2-3f)
  48: (move f2-3f f2-4f)
  49: (move f2-4f f3-4f)
  50: (move f3-4f f4-4f)
  51: (move f4-4f f5-4f)
  52: (move f5-4f f5-5f)
  53: (move f5-5f f6-5f)
  54: (move f6-5f f6-6f)
  55: (pickup f6-6f key0-0)
  56: (move f6-6f f5-6f)
  57: (move f5-6f f4-6f)
  58: (move f4-6f f3-6f)
  59: (move f3-6f f2-6f)
  60: (move f2-6f f1-6f)
  61: (move f1-6f f1-5f)
  62: (putdown f1-5f key0-0)
