/u/ibrahim.eisawy/Neural-Guided-Search/venv/lib/python3.10/site-packages/pymimir_rgnn/model.py:151: UserWarning: index_reduce() is in beta and the API may change at any time. (Triggered internally at /pytorch/aten/src/ATen/native/cuda/Indexing.cu:1541.)
  max_msg.index_reduce_(0, output_indices, output_messages, reduce='amax', include_self=True)
Torch: 2.12.0+cu130
Using GPU:  NVIDIA L40S
42.633: (grasp left shot5)
42.116: (fill-shot shot5 ingredient3 left right dispenser3)
41.537: (pour-shot-to-clean-shaker shot5 ingredient3 shaker1 left l0 l1)
40.337: (clean-shot shot5 ingredient3 left right)
40.142: (fill-shot shot5 ingredient5 left right dispenser5)
39.822: (grasp right shot9)
39.694: (leave left shot5)
39.107: (fill-shot shot9 ingredient2 right left dispenser2)
37.981: (pour-shot-to-used-shaker shot9 ingredient2 shaker1 right l1 l2)
36.261: (refill-shot shot9 ingredient2 right left dispenser2)
34.751: (grasp left shaker1)
33.729: (leave right shot9)
33.106: (shake cocktail1 ingredient3 ingredient2 shaker1 left right)
33.176: (grasp right shot7)
34.079: (leave left shaker1)
32.645: (fill-shot shot7 ingredient1 right left dispenser1)
31.712: (leave right shot7)
30.815: (grasp left shaker1)
31.268: (grasp right shot4)
32.169: (leave left shaker1)
31.615: (fill-shot shot4 ingredient1 right left dispenser1)
30.633: (leave right shot4)
29.732: (grasp left shaker1)
30.452: (grasp right shot5)
31.203: (empty-shot right shot5 ingredient5)
30.803: (leave right shot5)
31.690: (leave left shaker1)
30.803: (grasp right shaker1)
31.203: (grasp left shot5)
32.199: (leave right shaker1)
31.395: (refill-shot shot5 ingredient5 left right dispenser5)
30.452: (grasp right shaker1)
29.732: (leave left shot5)
30.680: (grasp left shot2)
31.581: (leave right shaker1)
32.155: (fill-shot shot2 ingredient1 left right dispenser1)
31.255: (grasp right shaker1)
31.083: (leave left shot2)
31.479: (grasp left shot5)
32.065: (empty-shot left shot5 ingredient5)
32.073: (leave left shot5)
32.299: (grasp left shot2)
32.685: (empty-shot left shot2 ingredient1)
32.845: (leave left shot2)
32.944: (grasp left shot5)
33.794: (leave right shaker1)
33.185: (refill-shot shot5 ingredient5 left right dispenser5)
32.344: (grasp right shaker1)
31.831: (leave left shot5)
31.760: (grasp left shot2)
32.745: (leave right shaker1)
32.732: (leave left shot2)
31.831: (grasp left shaker1)
31.760: (grasp right shot2)
32.745: (leave left shaker1)
31.581: (clean-shot shot2 ingredient1 right left)
30.680: (grasp left shaker1)
34.966: (pour-shaker-to-shot cocktail1 shot1 left shaker1 l2 l1)
34.023: (leave right shot2)
34.677: (grasp right shot5)
35.587: (empty-shot right shot5 ingredient5)
34.972: (leave right shot5)
35.844: (grasp right shot4)
37.982: (empty-shot right shot4 ingredient1)
37.057: (leave right shot4)
37.703: (grasp right shot5)
41.921: (leave left shaker1)
40.726: (refill-shot shot5 ingredient5 right left dispenser5)
36.599: (grasp left shaker1)
36.048: (leave right shot5)
36.840: (grasp right shot7)
38.687: (empty-shot right shot7 ingredient1)
38.577: (leave right shot7)
38.687: (grasp right shot4)
42.005: (leave left shaker1)
40.939: (refill-shot shot4 ingredient1 right left dispenser1)
36.840: (grasp left shaker1)
36.048: (leave right shot4)
36.599: (grasp right shot5)
37.703: (empty-shot right shot5 ingredient5)
37.057: (leave right shot5)
37.879: (grasp right shot4)
39.521: (empty-shot right shot4 ingredient1)
39.574: (leave right shot4)
39.521: (grasp right shot7)
43.091: (leave left shaker1)
42.040: (refill-shot shot7 ingredient1 right left dispenser1)
37.879: (grasp left shaker1)
43.396: (pour-shaker-to-shot cocktail1 shot8 left shaker1 l1 l0)
42.395: (empty-shaker left shaker1 cocktail1 l0 l0)
41.553: (leave right shot7)
40.141: (clean-shaker left right shaker1)
38.670: (grasp right shot5)
37.651: (leave left shaker1)
36.665: (refill-shot shot5 ingredient5 right left dispenser5)
35.484: (pour-shot-to-clean-shaker shot5 ingredient5 shaker1 right l0 l1)
34.421: (clean-shot shot5 ingredient5 right left)
33.807: (fill-shot shot5 ingredient3 right left dispenser3)
34.253: (grasp left shot7)
35.025: (leave right shot5)
34.743: (grasp right shot9)
35.255: (leave left shot7)
34.523: (grasp left shot5)
33.807: (leave right shot9)
34.253: (grasp right shot7)
35.025: (leave left shot5)
34.743: (grasp left shot9)
35.255: (leave right shot7)
34.523: (grasp right shot5)
35.357: (empty-shot right shot5 ingredient3)
34.536: (leave left shot9)
35.084: (grasp left shot7)
35.891: (leave right shot5)
35.573: (grasp right shot4)
34.897: (leave left shot7)
33.514: (refill-shot shot4 ingredient1 right left dispenser1)
33.696: (grasp left shot5)
32.947: (leave right shot4)
32.114: (refill-shot shot5 ingredient3 left right dispenser3)
32.865: (grasp right shot7)
32.627: (leave left shot5)
33.007: (pour-shot-to-used-shaker shot7 ingredient1 shaker1 right l1 l2)
30.124: (refill-shot shot7 ingredient1 right left dispenser1)
29.051: (leave right shot7)
28.323: (grasp left shaker1)
27.832: (shake cocktail3 ingredient1 ingredient5 shaker1 left right)
26.826: (pour-shaker-to-shot cocktail3 shot3 left shaker1 l2 l1)
25.850: (empty-shaker left shaker1 cocktail3 l1 l0)
24.465: (clean-shaker left right shaker1)
23.263: (grasp right shot5)
21.889: (pour-shot-to-clean-shaker shot5 ingredient3 shaker1 right l0 l1)
20.897: (leave left shaker1)
20.121: (clean-shot shot5 ingredient3 right left)
19.158: (fill-shot shot5 ingredient4 right left dispenser4)
19.235: (leave right shot5)
18.601: (grasp right shot9)
19.390: (grasp left shot5)
19.158: (leave right shot9)
19.419: (grasp right shot4)
19.012: (leave left shot5)
19.423: (grasp left shot9)
18.601: (leave right shot4)
19.390: (grasp right shot5)
20.644: (pour-shot-to-used-shaker shot9 ingredient2 shaker1 left l1 l2)
19.713: (leave right shot5)
17.991: (refill-shot shot9 ingredient2 left right dispenser2)
16.542: (grasp right shaker1)
15.379: (leave left shot9)
14.087: (shake cocktail1 ingredient3 ingredient2 shaker1 right left)
13.885: (pour-shaker-to-shot cocktail1 shot6 right shaker1 l2 l1)
11.970: (empty-shaker right shaker1 cocktail1 l1 l0)
11.311: (clean-shaker right left shaker1)
10.349: (leave right shaker1)
10.902: (grasp left shot10)
9.287: (fill-shot shot10 ingredient4 left right dispenser4)
6.974: (pour-shot-to-clean-shaker shot10 ingredient4 shaker1 left l0 l1)
6.875: (leave left shot10)
6.973: (grasp right shot10)
7.265: (refill-shot shot10 ingredient4 right left dispenser4)
6.785: (leave right shot10)
7.265: (grasp left shot10)
8.074: (grasp right shot7)
6.136: (pour-shot-to-used-shaker shot7 ingredient1 shaker1 right l1 l2)
5.123: (leave left shot10)
4.176: (refill-shot shot7 ingredient1 right left dispenser1)
3.108: (leave right shot7)
2.117: (grasp right shaker1)
0.807: (shake cocktail2 ingredient4 ingredient1 shaker1 right left)
-0.178: (pour-shaker-to-shot cocktail2 shot2 right shaker1 l2 l1)
[Final] Expanded: 169, Generated: 2043
Found a solution of length 169!
   1: (grasp left shot5)
   2: (fill-shot shot5 ingredient3 left right dispenser3)
   3: (pour-shot-to-clean-shaker shot5 ingredient3 shaker1 left l0 l1)
   4: (clean-shot shot5 ingredient3 left right)
   5: (fill-shot shot5 ingredient5 left right dispenser5)
   6: (grasp right shot9)
   7: (leave left shot5)
   8: (fill-shot shot9 ingredient2 right left dispenser2)
   9: (pour-shot-to-used-shaker shot9 ingredient2 shaker1 right l1 l2)
  10: (refill-shot shot9 ingredient2 right left dispenser2)
  11: (grasp left shaker1)
  12: (leave right shot9)
  13: (shake cocktail1 ingredient3 ingredient2 shaker1 left right)
  14: (grasp right shot7)
  15: (leave left shaker1)
  16: (fill-shot shot7 ingredient1 right left dispenser1)
  17: (leave right shot7)
  18: (grasp left shaker1)
  19: (grasp right shot4)
  20: (leave left shaker1)
  21: (fill-shot shot4 ingredient1 right left dispenser1)
  22: (leave right shot4)
  23: (grasp left shaker1)
  24: (grasp right shot5)
  25: (empty-shot right shot5 ingredient5)
  26: (leave right shot5)
  27: (leave left shaker1)
  28: (grasp right shaker1)
  29: (grasp left shot5)
  30: (leave right shaker1)
  31: (refill-shot shot5 ingredient5 left right dispenser5)
  32: (grasp right shaker1)
  33: (leave left shot5)
  34: (grasp left shot2)
  35: (leave right shaker1)
  36: (fill-shot shot2 ingredient1 left right dispenser1)
  37: (grasp right shaker1)
  38: (leave left shot2)
  39: (grasp left shot5)
  40: (empty-shot left shot5 ingredient5)
  41: (leave left shot5)
  42: (grasp left shot2)
  43: (empty-shot left shot2 ingredient1)
  44: (leave left shot2)
  45: (grasp left shot5)
  46: (leave right shaker1)
  47: (refill-shot shot5 ingredient5 left right dispenser5)
  48: (grasp right shaker1)
  49: (leave left shot5)
  50: (grasp left shot2)
  51: (leave right shaker1)
  52: (leave left shot2)
  53: (grasp left shaker1)
  54: (grasp right shot2)
  55: (leave left shaker1)
  56: (clean-shot shot2 ingredient1 right left)
  57: (grasp left shaker1)
  58: (pour-shaker-to-shot cocktail1 shot1 left shaker1 l2 l1)
  59: (leave right shot2)
  60: (grasp right shot5)
  61: (empty-shot right shot5 ingredient5)
  62: (leave right shot5)
  63: (grasp right shot4)
  64: (empty-shot right shot4 ingredient1)
  65: (leave right shot4)
  66: (grasp right shot5)
  67: (leave left shaker1)
  68: (refill-shot shot5 ingredient5 right left dispenser5)
  69: (grasp left shaker1)
  70: (leave right shot5)
  71: (grasp right shot7)
  72: (empty-shot right shot7 ingredient1)
  73: (leave right shot7)
  74: (grasp right shot4)
  75: (leave left shaker1)
  76: (refill-shot shot4 ingredient1 right left dispenser1)
  77: (grasp left shaker1)
  78: (leave right shot4)
  79: (grasp right shot5)
  80: (empty-shot right shot5 ingredient5)
  81: (leave right shot5)
  82: (grasp right shot4)
  83: (empty-shot right shot4 ingredient1)
  84: (leave right shot4)
  85: (grasp right shot7)
  86: (leave left shaker1)
  87: (refill-shot shot7 ingredient1 right left dispenser1)
  88: (grasp left shaker1)
  89: (pour-shaker-to-shot cocktail1 shot8 left shaker1 l1 l0)
  90: (empty-shaker left shaker1 cocktail1 l0 l0)
  91: (leave right shot7)
  92: (clean-shaker left right shaker1)
  93: (grasp right shot5)
  94: (leave left shaker1)
  95: (refill-shot shot5 ingredient5 right left dispenser5)
  96: (pour-shot-to-clean-shaker shot5 ingredient5 shaker1 right l0 l1)
  97: (clean-shot shot5 ingredient5 right left)
  98: (fill-shot shot5 ingredient3 right left dispenser3)
  99: (grasp left shot7)
 100: (leave right shot5)
 101: (grasp right shot9)
 102: (leave left shot7)
 103: (grasp left shot5)
 104: (leave right shot9)
 105: (grasp right shot7)
 106: (leave left shot5)
 107: (grasp left shot9)
 108: (leave right shot7)
 109: (grasp right shot5)
 110: (empty-shot right shot5 ingredient3)
 111: (leave left shot9)
 112: (grasp left shot7)
 113: (leave right shot5)
 114: (grasp right shot4)
 115: (leave left shot7)
 116: (refill-shot shot4 ingredient1 right left dispenser1)
 117: (grasp left shot5)
 118: (leave right shot4)
 119: (refill-shot shot5 ingredient3 left right dispenser3)
 120: (grasp right shot7)
 121: (leave left shot5)
 122: (pour-shot-to-used-shaker shot7 ingredient1 shaker1 right l1 l2)
 123: (refill-shot shot7 ingredient1 right left dispenser1)
 124: (leave right shot7)
 125: (grasp left shaker1)
 126: (shake cocktail3 ingredient1 ingredient5 shaker1 left right)
 127: (pour-shaker-to-shot cocktail3 shot3 left shaker1 l2 l1)
 128: (empty-shaker left shaker1 cocktail3 l1 l0)
 129: (clean-shaker left right shaker1)
 130: (grasp right shot5)
 131: (pour-shot-to-clean-shaker shot5 ingredient3 shaker1 right l0 l1)
 132: (leave left shaker1)
 133: (clean-shot shot5 ingredient3 right left)
 134: (fill-shot shot5 ingredient4 right left dispenser4)
 135: (leave right shot5)
 136: (grasp right shot9)
 137: (grasp left shot5)
 138: (leave right shot9)
 139: (grasp right shot4)
 140: (leave left shot5)
 141: (grasp left shot9)
 142: (leave right shot4)
 143: (grasp right shot5)
 144: (pour-shot-to-used-shaker shot9 ingredient2 shaker1 left l1 l2)
 145: (leave right shot5)
 146: (refill-shot shot9 ingredient2 left right dispenser2)
 147: (grasp right shaker1)
 148: (leave left shot9)
 149: (shake cocktail1 ingredient3 ingredient2 shaker1 right left)
 150: (pour-shaker-to-shot cocktail1 shot6 right shaker1 l2 l1)
 151: (empty-shaker right shaker1 cocktail1 l1 l0)
 152: (clean-shaker right left shaker1)
 153: (leave right shaker1)
 154: (grasp left shot10)
 155: (fill-shot shot10 ingredient4 left right dispenser4)
 156: (pour-shot-to-clean-shaker shot10 ingredient4 shaker1 left l0 l1)
 157: (leave left shot10)
 158: (grasp right shot10)
 159: (refill-shot shot10 ingredient4 right left dispenser4)
 160: (leave right shot10)
 161: (grasp left shot10)
 162: (grasp right shot7)
 163: (pour-shot-to-used-shaker shot7 ingredient1 shaker1 right l1 l2)
 164: (leave left shot10)
 165: (refill-shot shot7 ingredient1 right left dispenser1)
 166: (leave right shot7)
 167: (grasp right shaker1)
 168: (shake cocktail2 ingredient4 ingredient1 shaker1 right left)
 169: (pour-shaker-to-shot cocktail2 shot2 right shaker1 l2 l1)
