Torch: 2.12.0+cu130
Using GPU:  NVIDIA L40S
[Bellman] lambda=0 -> baseline (no widening signal)
/u/ibrahim.eisawy/Neural-Guided-Search/venv/lib/python3.10/site-packages/pymimir_rgnn/model.py:162: UserWarning: index_reduce() is in beta and the API may change at any time. (Triggered internally at /pytorch/aten/src/ATen/native/cuda/Indexing.cu:1541.)
  exps_max.index_reduce_(0, output_indices, output_messages, reduce="amax", include_self=False)
  [sim 117] found goal path of length 68
[Final] Expanded: 353, Generated: 353
[Cost] IQN forward calls (Bellman signal): 0
[Widen] nodes widened: 0, mean w: 0.0000
[search done] simulations=117, unique states generated=353
Found a solution of length 68!
   1: (move f6-6f f5-6f)
   2: (pickup f5-6f key0-3)
   3: (move f5-6f f5-5f)
   4: (move f5-5f f4-5f)
   5: (move f4-5f f3-5f)
   6: (move f3-5f f3-6f)
   7: (move f3-6f f4-6f)
   8: (putdown f4-6f key0-3)
   9: (move f4-6f f3-6f)
  10: (pickup f3-6f key0-1)
  11: (move f3-6f f3-5f)
  12: (move f3-5f f3-4f)
  13: (move f3-4f f2-4f)
  14: (move f2-4f f1-4f)
  15: (unlock f1-4f f1-3f key0-1 shape0)
  16: (move f1-4f f2-4f)
  17: (move f2-4f f3-4f)
  18: (move f3-4f f3-5f)
  19: (move f3-5f f4-5f)
  20: (move f4-5f f4-4f)
  21: (move f4-4f f4-3f)
  22: (move f4-3f f3-3f)
  23: (move f3-3f f3-2f)
  24: (move f3-2f f2-2f)
  25: (move f2-2f f2-3f)
  26: (move f2-3f f1-3f)
  27: (move f1-3f f1-2f)
  28: (move f1-2f f0-2f)
  29: (move f0-2f f0-3f)
  30: (move f0-3f f0-4f)
  31: (move f0-4f f0-5f)
  32: (move f0-5f f1-5f)
  33: (move f1-5f f2-5f)
  34: (move f2-5f f2-6f)
  35: (move f2-6f f3-6f)
  36: (move f3-6f f4-6f)
  37: (move f4-6f f5-6f)
  38: (move f5-6f f5-5f)
  39: (move f5-5f f6-5f)
  40: (unlock f6-5f f6-4f key0-1 shape0)
  41: (move f6-5f f6-4f)
  42: (move f6-4f f7-4f)
  43: (unlock f7-4f f7-3f key0-1 shape0)
  44: (move f7-4f f8-4f)
  45: (move f8-4f f9-4f)
  46: (move f9-4f f9-5f)
  47: (move f9-5f f9-6f)
  48: (move f9-6f f9-7f)
  49: (pickup-and-loose f9-7f key0-2 key0-1)
  50: (move f9-7f f9-6f)
  51: (move f9-6f f9-5f)
  52: (move f9-5f f9-4f)
  53: (move f9-4f f8-4f)
  54: (move f8-4f f8-5f)
  55: (move f8-5f f7-5f)
  56: (move f7-5f f7-4f)
  57: (move f7-4f f6-4f)
  58: (move f6-4f f6-5f)
  59: (move f6-5f f5-5f)
  60: (move f5-5f f4-5f)
  61: (move f4-5f f4-4f)
  62: (move f4-4f f3-4f)
  63: (move f3-4f f3-3f)
  64: (move f3-3f f3-2f)
  65: (move f3-2f f2-2f)
  66: (move f2-2f f1-2f)
  67: (move f1-2f f1-1f)
  68: (putdown f1-1f key0-2)
