Torch: 2.12.0+cu130
Using GPU:  NVIDIA L40S
[Bellman] lambda=0 -> baseline (no widening signal)
/u/ibrahim.eisawy/Neural-Guided-Search/venv/lib/python3.10/site-packages/pymimir_rgnn/model.py:162: UserWarning: index_reduce() is in beta and the API may change at any time. (Triggered internally at /pytorch/aten/src/ATen/native/cuda/Indexing.cu:1541.)
  exps_max.index_reduce_(0, output_indices, output_messages, reduce="amax", include_self=False)
  [sim 500] root visits=500, unique states=111, generated=110, iqn_calls=0
  [sim 830] found goal path of length 30
[Final] Expanded: 157, Generated: 157
[Cost] IQN forward calls (Bellman signal): 0
[Widen] nodes widened: 0, mean w: 0.0000
[search done] simulations=830, unique states generated=157
Found a solution of length 30!
   1: (move f4-1f f3-1f)
   2: (move f3-1f f2-1f)
   3: (move f2-1f f1-1f)
   4: (move f1-1f f0-1f)
   5: (pickup f0-1f key0-2)
   6: (move f0-1f f1-1f)
   7: (move f1-1f f1-2f)
   8: (move f1-2f f1-3f)
   9: (move f1-3f f2-3f)
  10: (move f2-3f f2-4f)
  11: (move f2-4f f3-4f)
  12: (move f3-4f f4-4f)
  13: (move f4-4f f5-4f)
  14: (move f5-4f f5-3f)
  15: (move f5-3f f5-2f)
  16: (move f5-2f f4-2f)
  17: (move f4-2f f3-2f)
  18: (move f3-2f f3-1f)
  19: (move f3-1f f4-1f)
  20: (move f4-1f f5-1f)
  21: (move f5-1f f6-1f)
  22: (move f6-1f f6-2f)
  23: (move f6-2f f6-3f)
  24: (move f6-3f f6-4f)
  25: (move f6-4f f7-4f)
  26: (move f7-4f f7-5f)
  27: (move f7-5f f7-6f)
  28: (move f7-6f f7-7f)
  29: (move f7-7f f8-7f)
  30: (putdown f8-7f key0-2)
