/u/ibrahim.eisawy/Neural-Guided-Search/venv/lib/python3.10/site-packages/pymimir_rgnn/model.py:151: UserWarning: index_reduce() is in beta and the API may change at any time. (Triggered internally at /pytorch/aten/src/ATen/native/cuda/Indexing.cu:1541.)
  max_msg.index_reduce_(0, output_indices, output_messages, reduce='amax', include_self=True)
Torch: 2.12.0+cu130
Using GPU:  NVIDIA L40S
14.085: (calibrate rover0 camera2 objective14 waypoint24)
14.203: (calibrate rover0 camera3 objective0 waypoint24)
14.616: (calibrate rover0 camera10 objective14 waypoint24)
14.673: (calibrate rover0 camera9 objective2 waypoint24)
14.924: (navigate rover0 waypoint24 waypoint14)
11.118: (take_image rover0 waypoint24 objective4 camera9 low_res)
11.118: (take_image rover0 waypoint24 objective4 camera10 low_res)
11.118: (take_image rover0 waypoint24 objective4 camera2 low_res)
11.671: (take_image rover0 waypoint24 objective0 camera3 colour)
11.671: (take_image rover0 waypoint24 objective0 camera2 colour)
9.292: (calibrate rover0 camera2 objective14 waypoint24)
9.540: (calibrate rover0 camera3 objective0 waypoint24)
9.558: (calibrate rover0 camera2 objective14 waypoint24)
9.599: (navigate rover0 waypoint24 waypoint14)
9.840: (calibrate rover0 camera3 objective0 waypoint24)
7.376: (navigate rover0 waypoint24 waypoint14)
7.538: (calibrate rover0 camera7 objective9 waypoint14)
7.691: (navigate rover0 waypoint24 waypoint14)
7.955: (calibrate rover0 camera13 objective1 waypoint14)
7.956: (calibrate rover0 camera8 objective5 waypoint14)
6.606: (calibrate rover0 camera13 objective1 waypoint14)
6.607: (calibrate rover0 camera8 objective5 waypoint14)
6.614: (calibrate rover0 camera7 objective9 waypoint14)
6.624: (calibrate rover0 camera1 objective10 waypoint14)
6.632: (calibrate rover0 camera13 objective1 waypoint14)
4.881: (take_image rover0 waypoint14 objective11 camera3 high_res)
4.963: (take_image rover0 waypoint14 objective11 camera3 high_res)
4.967: (take_image rover0 waypoint14 objective11 camera3 high_res)
4.967: (take_image rover0 waypoint14 objective11 camera2 high_res)
4.974: (take_image rover0 waypoint14 objective11 camera1 high_res)
4.554: (navigate rover0 waypoint14 waypoint30)
4.597: (navigate rover0 waypoint14 waypoint30)
4.619: (navigate rover0 waypoint14 waypoint1)
4.650: (navigate rover0 waypoint14 waypoint24)
4.652: (navigate rover0 waypoint14 waypoint1)
3.398: (take_image rover0 waypoint30 objective0 camera7 colour)
3.398: (take_image rover0 waypoint30 objective0 camera13 colour)
3.418: (take_image rover0 waypoint1 objective0 camera13 colour)
3.423: (take_image rover0 waypoint1 objective0 camera7 colour)
3.534: (take_image rover0 waypoint24 objective0 camera7 colour)
2.942: (navigate rover0 waypoint24 waypoint20)
3.242: (calibrate rover0 camera7 objective9 waypoint1)
3.249: (calibrate rover0 camera2 objective14 waypoint1)
3.255: (calibrate rover0 camera8 objective5 waypoint1)
3.259: (calibrate rover0 camera10 objective14 waypoint1)
2.823: (calibrate rover0 camera10 objective14 waypoint20)
2.830: (calibrate rover0 camera11 objective12 waypoint20)
2.834: (calibrate rover0 camera2 objective14 waypoint20)
2.890: (calibrate rover0 camera3 objective0 waypoint20)
3.125: (take_image rover0 waypoint1 objective12 camera2 colour)
2.664: (take_image rover0 waypoint20 objective12 camera3 colour)
2.664: (take_image rover0 waypoint20 objective12 camera2 colour)
2.664: (take_image rover0 waypoint20 objective12 camera10 colour)
2.664: (take_image rover0 waypoint20 objective12 camera11 colour)
2.675: (take_image rover0 waypoint20 objective14 camera2 colour)
2.485: (calibrate rover0 camera2 objective14 waypoint20)
2.496: (calibrate rover0 camera10 objective14 waypoint20)
2.501: (calibrate rover0 camera2 objective14 waypoint20)
2.509: (calibrate rover0 camera10 objective14 waypoint20)
2.541: (calibrate rover0 camera11 objective12 waypoint20)
2.462: (calibrate rover0 camera11 objective12 waypoint20)
2.473: (calibrate rover0 camera11 objective12 waypoint20)
2.480: (calibrate rover0 camera11 objective12 waypoint20)
2.482: (calibrate rover0 camera10 objective14 waypoint20)
2.482: (calibrate rover0 camera2 objective14 waypoint20)
2.460: (calibrate rover0 camera10 objective14 waypoint20)
2.464: (calibrate rover0 camera11 objective12 waypoint20)
2.469: (calibrate rover0 camera10 objective14 waypoint20)
2.469: (calibrate rover0 camera2 objective14 waypoint20)
2.474: (take_image rover0 waypoint20 objective6 camera11 colour)
2.450: (take_image rover0 waypoint20 objective6 camera10 colour)
2.451: (calibrate rover0 camera11 objective12 waypoint20)
2.467: (take_image rover0 waypoint20 objective14 camera10 colour)
2.467: (take_image rover0 waypoint20 objective12 camera10 colour)
2.468: (take_image rover0 waypoint20 objective6 camera10 colour)
2.448: (calibrate rover0 camera10 objective14 waypoint20)
2.454: (calibrate rover0 camera10 objective14 waypoint20)
2.470: (calibrate rover0 camera10 objective14 waypoint20)
2.474: (take_image rover0 waypoint20 objective14 camera11 colour)
2.475: (take_image rover0 waypoint20 objective6 camera11 colour)
2.453: (take_image rover0 waypoint20 objective12 camera10 colour)
2.453: (take_image rover0 waypoint20 objective14 camera10 colour)
2.453: (calibrate rover0 camera11 objective12 waypoint20)
2.454: (take_image rover0 waypoint20 objective6 camera10 colour)
2.466: (take_image rover0 waypoint20 objective14 camera11 colour)
2.451: (calibrate rover0 camera11 objective12 waypoint20)
2.452: (calibrate rover0 camera10 objective14 waypoint20)
2.477: (calibrate rover0 camera3 objective0 waypoint20)
2.492: (calibrate rover0 camera3 objective0 waypoint20)
2.494: (take_image rover0 waypoint20 objective0 camera2 colour)
2.472: (take_image rover0 waypoint20 objective6 camera2 colour)
2.472: (take_image rover0 waypoint20 objective12 camera2 colour)
2.472: (take_image rover0 waypoint20 objective14 camera2 colour)
2.472: (take_image rover0 waypoint20 objective0 camera2 colour)
2.472: (calibrate rover0 camera11 objective12 waypoint20)
2.478: (calibrate rover0 camera3 objective0 waypoint20)
2.543: (take_image rover0 waypoint20 objective0 camera10 colour)
2.543: (take_image rover0 waypoint20 objective6 camera10 colour)
2.543: (take_image rover0 waypoint20 objective14 camera10 colour)
2.543: (take_image rover0 waypoint20 objective12 camera10 colour)
2.480: (calibrate rover0 camera2 objective14 waypoint20)
2.498: (take_image rover0 waypoint20 objective6 camera11 colour)
2.498: (take_image rover0 waypoint20 objective12 camera11 colour)
2.498: (take_image rover0 waypoint20 objective0 camera11 colour)
2.499: (take_image rover0 waypoint20 objective14 camera11 colour)
2.546: (take_image rover0 waypoint20 objective14 camera3 high_res)
2.551: (take_image rover0 waypoint20 objective12 camera3 high_res)
2.557: (take_image rover0 waypoint20 objective6 camera3 high_res)
2.562: (take_image rover0 waypoint20 objective6 camera10 colour)
2.562: (take_image rover0 waypoint20 objective12 camera10 colour)
2.496: (calibrate rover0 camera2 objective14 waypoint20)
2.535: (calibrate rover0 camera11 objective12 waypoint20)
2.546: (take_image rover0 waypoint20 objective0 camera10 colour)
2.546: (take_image rover0 waypoint20 objective14 camera10 colour)
2.546: (take_image rover0 waypoint20 objective6 camera10 colour)
2.567: (take_image rover0 waypoint20 objective14 camera3 high_res)
2.567: (take_image rover0 waypoint20 objective6 camera11 colour)
2.567: (take_image rover0 waypoint20 objective0 camera11 colour)
2.567: (take_image rover0 waypoint20 objective12 camera11 colour)
2.568: (take_image rover0 waypoint20 objective14 camera11 colour)
2.562: (calibrate rover0 camera10 objective14 waypoint20)
2.592: (calibrate rover0 camera3 objective0 waypoint20)
2.739: (navigate rover0 waypoint20 waypoint22)
2.790: (take_image rover0 waypoint20 objective14 camera2 high_res)
2.790: (take_image rover0 waypoint20 objective14 camera2 colour)
0.860: (communicate_image_data rover0 general objective0 colour waypoint22 waypoint32)
0.921: (communicate_image_data rover0 general objective4 low_res waypoint22 waypoint32)
1.074: (communicate_image_data rover0 general objective11 high_res waypoint22 waypoint32)
2.573: (calibrate rover0 camera11 objective12 waypoint20)
2.586: (take_image rover0 waypoint20 objective12 camera3 high_res)
-0.670: (communicate_image_data rover0 general objective4 low_res waypoint22 waypoint32)
-0.670: (communicate_image_data rover0 general objective11 high_res waypoint22 waypoint32)
-0.111: (communicate_image_data rover0 general objective11 high_res waypoint22 waypoint32)
-0.109: (communicate_image_data rover0 general objective0 colour waypoint22 waypoint32)
-0.087: (communicate_image_data rover0 general objective4 low_res waypoint22 waypoint32)
-0.764: (take_image rover0 waypoint22 objective3 camera2 colour)
-0.762: (take_image rover0 waypoint22 objective2 camera2 colour)
-0.761: (take_image rover0 waypoint22 objective3 camera2 low_res)
-0.761: (take_image rover0 waypoint22 objective4 camera2 high_res)
-0.760: (take_image rover0 waypoint22 objective14 camera2 low_res)
-0.772: (communicate_image_data rover0 general objective12 colour waypoint22 waypoint32)
-0.772: (communicate_image_data rover0 general objective12 colour waypoint22 waypoint32)
-0.771: (communicate_image_data rover0 general objective14 high_res waypoint22 waypoint32)
-0.770: (communicate_image_data rover0 general objective14 colour waypoint22 waypoint32)
-0.770: (communicate_image_data rover0 general objective3 colour waypoint22 waypoint32)
-0.778: (communicate_image_data rover0 general objective14 high_res waypoint22 waypoint32)
-0.778: (communicate_image_data rover0 general objective12 colour waypoint22 waypoint32)
-0.777: (communicate_image_data rover0 general objective14 high_res waypoint22 waypoint32)
-0.777: (communicate_image_data rover0 general objective3 colour waypoint22 waypoint32)
-0.776: (communicate_image_data rover0 general objective6 colour waypoint22 waypoint32)
-0.776: (communicate_image_data rover0 general objective12 colour waypoint22 waypoint32)
-0.775: (communicate_image_data rover0 general objective3 colour waypoint22 waypoint32)
-0.774: (communicate_image_data rover0 general objective12 colour waypoint22 waypoint32)
-0.774: (communicate_image_data rover0 general objective6 colour waypoint22 waypoint32)
-0.773: (communicate_image_data rover0 general objective3 colour waypoint22 waypoint32)
-0.770: (communicate_image_data rover0 general objective12 colour waypoint22 waypoint32)
-0.770: (communicate_image_data rover0 general objective3 colour waypoint22 waypoint32)
-0.770: (communicate_image_data rover0 general objective6 colour waypoint22 waypoint32)
-0.767: (communicate_image_data rover0 general objective14 colour waypoint22 waypoint32)
-0.766: (communicate_image_data rover0 general objective14 colour waypoint22 waypoint32)
-0.762: (communicate_image_data rover0 general objective14 colour waypoint22 waypoint32)
-0.762: (communicate_image_data rover0 general objective3 colour waypoint22 waypoint32)
-0.761: (communicate_image_data rover0 general objective6 colour waypoint22 waypoint32)
-0.738: (calibrate rover0 camera9 objective2 waypoint22)
-0.725: (calibrate rover0 camera9 objective2 waypoint22)
-0.783: (take_image rover0 waypoint22 objective3 camera9 low_res)
-0.779: (take_image rover0 waypoint22 objective3 camera9 low_res)
-0.779: (take_image rover0 waypoint22 objective2 camera9 colour)
-0.777: (take_image rover0 waypoint22 objective2 camera9 colour)
-0.776: (take_image rover0 waypoint22 objective14 camera9 low_res)
-0.782: (communicate_image_data rover0 general objective3 low_res waypoint22 waypoint32)
-0.780: (communicate_image_data rover0 general objective3 low_res waypoint22 waypoint32)
-0.777: (communicate_image_data rover0 general objective14 low_res waypoint22 waypoint32)
-0.775: (communicate_image_data rover0 general objective14 colour waypoint22 waypoint32)
-0.775: (communicate_image_data rover0 general objective6 colour waypoint22 waypoint32)
-0.775: (communicate_image_data rover0 general objective3 low_res waypoint22 waypoint32)
-0.775: (communicate_image_data rover0 general objective14 colour waypoint22 waypoint32)
-0.774: (communicate_image_data rover0 general objective6 colour waypoint22 waypoint32)
-0.770: (communicate_image_data rover0 general objective14 colour waypoint22 waypoint32)
-0.767: (communicate_image_data rover0 general objective2 colour waypoint22 waypoint32)
-0.755: (calibrate rover0 camera9 objective2 waypoint22)
-0.749: (calibrate rover0 camera2 objective14 waypoint22)
-0.747: (calibrate rover0 camera10 objective14 waypoint22)
-0.745: (calibrate rover0 camera9 objective2 waypoint22)
-0.731: (calibrate rover0 camera2 objective14 waypoint22)
-0.782: (take_image rover0 waypoint22 objective2 camera9 colour)
-0.781: (take_image rover0 waypoint22 objective2 camera2 colour)
-0.781: (take_image rover0 waypoint22 objective3 camera2 low_res)
-0.781: (take_image rover0 waypoint22 objective3 camera10 low_res)
-0.781: (take_image rover0 waypoint22 objective3 camera9 low_res)
-0.780: (communicate_image_data rover0 general objective3 low_res waypoint22 waypoint32)
-0.776: (communicate_image_data rover0 general objective2 colour waypoint22 waypoint32)
-0.770: (calibrate rover0 camera9 objective2 waypoint22)
-0.764: (calibrate rover0 camera2 objective14 waypoint22)
-0.762: (calibrate rover0 camera10 objective14 waypoint22)
-0.796: (take_image rover0 waypoint22 objective3 camera10 low_res)
-0.795: (take_image rover0 waypoint22 objective3 camera2 low_res)
-0.794: (take_image rover0 waypoint22 objective3 camera2 high_res)
-0.793: (take_image rover0 waypoint22 objective3 camera9 low_res)
-0.787: (take_image rover0 waypoint22 objective2 camera9 low_res)
-0.791: (communicate_image_data rover0 general objective3 high_res waypoint22 waypoint32)
-0.790: (communicate_image_data rover0 general objective3 low_res waypoint22 waypoint32)
-0.786: (communicate_image_data rover0 general objective2 colour waypoint22 waypoint32)
-0.786: (communicate_image_data rover0 general objective2 low_res waypoint22 waypoint32)
-0.785: (communicate_image_data rover0 general objective2 colour waypoint22 waypoint32)
-0.785: (communicate_image_data rover0 general objective2 colour waypoint22 waypoint32)
-0.785: (communicate_image_data rover0 general objective3 high_res waypoint22 waypoint32)
-0.784: (communicate_image_data rover0 general objective3 low_res waypoint22 waypoint32)
-0.784: (communicate_image_data rover0 general objective2 colour waypoint22 waypoint32)
-0.778: (communicate_image_data rover0 general objective2 colour waypoint22 waypoint32)
-0.765: (calibrate rover0 camera9 objective2 waypoint22)
-0.762: (calibrate rover0 camera9 objective2 waypoint22)
-0.761: (calibrate rover0 camera9 objective2 waypoint22)
-0.760: (calibrate rover0 camera2 objective14 waypoint22)
-0.758: (calibrate rover0 camera10 objective14 waypoint22)
-0.790: (take_image rover0 waypoint22 objective3 camera2 low_res)
-0.790: (take_image rover0 waypoint22 objective3 camera2 high_res)
-0.789: (take_image rover0 waypoint22 objective3 camera10 low_res)
-0.789: (take_image rover0 waypoint22 objective2 camera9 low_res)
-0.787: (take_image rover0 waypoint22 objective3 camera9 low_res)
-0.786: (communicate_image_data rover0 general objective3 high_res waypoint22 waypoint32)
-0.786: (communicate_image_data rover0 general objective2 low_res waypoint22 waypoint32)
-0.786: (communicate_image_data rover0 general objective3 low_res waypoint22 waypoint32)
-0.762: (calibrate rover0 camera9 objective2 waypoint22)
-0.761: (calibrate rover0 camera9 objective2 waypoint22)
-0.789: (take_image rover0 waypoint22 objective4 camera9 colour)
-0.788: (take_image rover0 waypoint22 objective3 camera9 low_res)
-0.787: (take_image rover0 waypoint22 objective4 camera9 colour)
-0.762: (communicate_image_data rover0 general objective3 low_res waypoint22 waypoint32)
-0.761: (calibrate rover0 camera9 objective2 waypoint22)
-0.789: (calibrate rover0 camera9 objective2 waypoint22)
-0.787: (calibrate rover0 camera9 objective2 waypoint22)
-0.787: (take_image rover0 waypoint22 objective4 camera9 colour)
-0.787: (communicate_image_data rover0 general objective3 low_res waypoint22 waypoint32)
-0.786: (communicate_image_data rover0 general objective3 high_res waypoint22 waypoint32)
-0.793: (calibrate rover0 camera9 objective2 waypoint22)
-0.788: (take_image rover0 waypoint22 objective3 camera9 low_res)
-0.787: (communicate_image_data rover0 general objective3 high_res waypoint22 waypoint32)
-0.787: (communicate_image_data rover0 general objective3 high_res waypoint22 waypoint32)
-0.786: (communicate_image_data rover0 general objective3 low_res waypoint22 waypoint32)
-0.787: (calibrate rover0 camera9 objective2 waypoint22)
-0.787: (take_image rover0 waypoint22 objective3 camera9 low_res)
-0.786: (communicate_image_data rover0 general objective3 high_res waypoint22 waypoint32)
-0.785: (communicate_image_data rover0 general objective3 low_res waypoint22 waypoint32)
-0.780: (calibrate rover0 camera2 objective14 waypoint22)
-0.790: (take_image rover0 waypoint22 objective4 camera2 high_res)
-0.789: (take_image rover0 waypoint22 objective2 camera2 high_res)
-0.787: (communicate_image_data rover0 general objective3 low_res waypoint22 waypoint32)
-0.786: (calibrate rover0 camera9 objective2 waypoint22)
-0.786: (communicate_image_data rover0 general objective3 high_res waypoint22 waypoint32)
-0.789: (communicate_image_data rover0 general objective3 low_res waypoint22 waypoint32)
-0.788: (communicate_image_data rover0 general objective4 high_res waypoint22 waypoint32)
-0.788: (calibrate rover0 camera9 objective2 waypoint22)
-0.787: (calibrate rover0 camera9 objective2 waypoint22)
-0.787: (communicate_image_data rover0 general objective3 high_res waypoint22 waypoint32)
-0.792: (communicate_image_data rover0 general objective2 high_res waypoint22 waypoint32)
-0.792: (calibrate rover0 camera9 objective2 waypoint22)
-0.791: (communicate_image_data rover0 general objective3 high_res waypoint22 waypoint32)
-0.791: (communicate_image_data rover0 general objective3 high_res waypoint22 waypoint32)
-0.790: (communicate_image_data rover0 general objective3 low_res waypoint22 waypoint32)
-0.790: (communicate_image_data rover0 general objective2 high_res waypoint22 waypoint32)
-0.790: (communicate_image_data rover0 general objective2 high_res waypoint22 waypoint32)
-0.789: (communicate_image_data rover0 general objective4 high_res waypoint22 waypoint32)
-0.789: (communicate_image_data rover0 general objective3 high_res waypoint22 waypoint32)
-0.788: (take_image rover0 waypoint22 objective14 camera9 low_res)
-0.790: (communicate_image_data rover0 general objective3 low_res waypoint22 waypoint32)
-0.789: (take_image rover0 waypoint22 objective14 camera9 low_res)
-0.789: (take_image rover0 waypoint22 objective2 camera9 colour)
-0.789: (take_image rover0 waypoint22 objective3 camera9 low_res)
-0.789: (take_image rover0 waypoint22 objective4 camera9 low_res)
-0.786: (take_image rover0 waypoint22 objective14 camera9 low_res)
-0.786: (take_image rover0 waypoint22 objective4 camera9 low_res)
-0.786: (take_image rover0 waypoint22 objective3 camera9 low_res)
-0.786: (take_image rover0 waypoint22 objective14 camera9 colour)
-0.786: (take_image rover0 waypoint22 objective2 camera9 low_res)
-0.780: (calibrate rover0 camera2 objective14 waypoint22)
-0.777: (calibrate rover0 camera10 objective14 waypoint22)
-0.774: (communicate_image_data rover0 general objective4 colour waypoint22 waypoint32)
-0.639: (navigate rover0 waypoint22 waypoint20)
0.440: (communicate_image_data rover0 general objective0 colour waypoint22 waypoint32)
[Final] Expanded: 205, Generated: 4343
Found a solution of length 56!
   1: (calibrate rover0 camera9 objective2 waypoint24)
   2: (take_image rover0 waypoint24 objective4 camera9 low_res)
   3: (calibrate rover0 camera3 objective0 waypoint24)
   4: (navigate rover0 waypoint24 waypoint14)
   5: (calibrate rover0 camera7 objective9 waypoint14)
   6: (take_image rover0 waypoint14 objective11 camera3 high_res)
   7: (navigate rover0 waypoint14 waypoint24)
   8: (take_image rover0 waypoint24 objective0 camera7 colour)
   9: (navigate rover0 waypoint24 waypoint20)
  10: (calibrate rover0 camera3 objective0 waypoint20)
  11: (take_image rover0 waypoint20 objective12 camera3 colour)
  12: (calibrate rover0 camera2 objective14 waypoint20)
  13: (calibrate rover0 camera11 objective12 waypoint20)
  14: (calibrate rover0 camera10 objective14 waypoint20)
  15: (take_image rover0 waypoint20 objective6 camera10 colour)
  16: (calibrate rover0 camera10 objective14 waypoint20)
  17: (take_image rover0 waypoint20 objective14 camera11 colour)
  18: (calibrate rover0 camera11 objective12 waypoint20)
  19: (take_image rover0 waypoint20 objective6 camera2 colour)
  20: (calibrate rover0 camera3 objective0 waypoint20)
  21: (take_image rover0 waypoint20 objective6 camera11 colour)
  22: (take_image rover0 waypoint20 objective6 camera10 colour)
  23: (calibrate rover0 camera2 objective14 waypoint20)
  24: (take_image rover0 waypoint20 objective14 camera3 high_res)
  25: (navigate rover0 waypoint20 waypoint22)
  26: (communicate_image_data rover0 general objective11 high_res waypoint22 waypoint32)
  27: (communicate_image_data rover0 general objective4 low_res waypoint22 waypoint32)
  28: (take_image rover0 waypoint22 objective3 camera2 colour)
  29: (communicate_image_data rover0 general objective14 high_res waypoint22 waypoint32)
  30: (communicate_image_data rover0 general objective6 colour waypoint22 waypoint32)
  31: (communicate_image_data rover0 general objective3 colour waypoint22 waypoint32)
  32: (communicate_image_data rover0 general objective12 colour waypoint22 waypoint32)
  33: (calibrate rover0 camera9 objective2 waypoint22)
  34: (take_image rover0 waypoint22 objective14 camera9 low_res)
  35: (communicate_image_data rover0 general objective14 low_res waypoint22 waypoint32)
  36: (communicate_image_data rover0 general objective14 colour waypoint22 waypoint32)
  37: (calibrate rover0 camera9 objective2 waypoint22)
  38: (take_image rover0 waypoint22 objective2 camera9 colour)
  39: (calibrate rover0 camera9 objective2 waypoint22)
  40: (take_image rover0 waypoint22 objective2 camera9 low_res)
  41: (communicate_image_data rover0 general objective2 low_res waypoint22 waypoint32)
  42: (communicate_image_data rover0 general objective2 colour waypoint22 waypoint32)
  43: (calibrate rover0 camera2 objective14 waypoint22)
  44: (take_image rover0 waypoint22 objective3 camera2 high_res)
  45: (calibrate rover0 camera9 objective2 waypoint22)
  46: (take_image rover0 waypoint22 objective4 camera9 colour)
  47: (calibrate rover0 camera9 objective2 waypoint22)
  48: (take_image rover0 waypoint22 objective3 camera9 low_res)
  49: (calibrate rover0 camera2 objective14 waypoint22)
  50: (take_image rover0 waypoint22 objective4 camera2 high_res)
  51: (communicate_image_data rover0 general objective3 high_res waypoint22 waypoint32)
  52: (calibrate rover0 camera9 objective2 waypoint22)
  53: (communicate_image_data rover0 general objective4 high_res waypoint22 waypoint32)
  54: (communicate_image_data rover0 general objective3 low_res waypoint22 waypoint32)
  55: (take_image rover0 waypoint22 objective14 camera9 low_res)
  56: (communicate_image_data rover0 general objective0 colour waypoint22 waypoint32)
