/u/ibrahim.eisawy/Neural-Guided-Search/venv/lib/python3.10/site-packages/pymimir_rgnn/model.py:162: UserWarning: index_reduce() is in beta and the API may change at any time. (Triggered internally at /pytorch/aten/src/ATen/native/cuda/Indexing.cu:1541.)
  exps_max.index_reduce_(0, output_indices, output_messages, reduce="amax", include_self=False)
Torch: 2.12.0+cu130
Using GPU:  NVIDIA L40S
29.742: (calibrate rover0 camera14 objective9 waypoint21)
25.400: (calibrate rover0 camera1 objective5 waypoint21)
23.547: (calibrate rover0 camera3 objective5 waypoint21)
21.723: (calibrate rover0 camera10 objective7 waypoint21)
20.053: (calibrate rover0 camera12 objective7 waypoint21)
19.359: (calibrate rover0 camera8 objective7 waypoint21)
13.262: (take_image rover0 waypoint21 objective3 camera1 low_res)
29.447: (navigate rover0 waypoint21 waypoint7)
30.118: (navigate rover0 waypoint7 waypoint30)
21.305: (take_image rover0 waypoint30 objective4 camera14 high_res)
27.566: (navigate rover0 waypoint30 waypoint7)
28.321: (navigate rover0 waypoint7 waypoint35)
22.233: (calibrate rover0 camera11 objective2 waypoint35)
28.275: (navigate rover0 waypoint35 waypoint7)
29.666: (navigate rover0 waypoint7 waypoint30)
21.132: (take_image rover0 waypoint30 objective6 camera8 colour)
27.492: (navigate rover0 waypoint30 waypoint7)
27.891: (navigate rover0 waypoint7 waypoint35)
22.146: (calibrate rover0 camera4 objective2 waypoint35)
28.132: (navigate rover0 waypoint35 waypoint7)
29.379: (navigate rover0 waypoint7 waypoint30)
21.038: (take_image rover0 waypoint30 objective3 camera11 low_res)
27.492: (navigate rover0 waypoint30 waypoint7)
27.891: (navigate rover0 waypoint7 waypoint35)
22.144: (calibrate rover0 camera14 objective9 waypoint35)
28.149: (navigate rover0 waypoint35 waypoint7)
29.614: (navigate rover0 waypoint7 waypoint30)
21.036: (take_image rover0 waypoint30 objective3 camera4 high_res)
27.543: (navigate rover0 waypoint30 waypoint7)
28.284: (navigate rover0 waypoint7 waypoint35)
22.164: (calibrate rover0 camera4 objective2 waypoint35)
28.144: (navigate rover0 waypoint35 waypoint7)
29.622: (navigate rover0 waypoint7 waypoint30)
21.035: (take_image rover0 waypoint30 objective3 camera14 high_res)
27.512: (navigate rover0 waypoint30 waypoint7)
27.895: (navigate rover0 waypoint7 waypoint35)
22.145: (calibrate rover0 camera11 objective2 waypoint35)
28.126: (navigate rover0 waypoint35 waypoint7)
29.385: (navigate rover0 waypoint7 waypoint30)
21.037: (take_image rover0 waypoint30 objective3 camera4 low_res)
27.512: (navigate rover0 waypoint30 waypoint7)
27.895: (navigate rover0 waypoint7 waypoint35)
22.143: (calibrate rover0 camera14 objective9 waypoint35)
28.144: (navigate rover0 waypoint35 waypoint7)
29.622: (navigate rover0 waypoint7 waypoint30)
21.034: (take_image rover0 waypoint30 objective3 camera14 colour)
27.531: (navigate rover0 waypoint30 waypoint7)
27.900: (navigate rover0 waypoint7 waypoint35)
22.147: (calibrate rover0 camera4 objective2 waypoint35)
28.124: (navigate rover0 waypoint35 waypoint7)
29.392: (navigate rover0 waypoint7 waypoint30)
21.038: (take_image rover0 waypoint30 objective3 camera11 low_res)
27.531: (navigate rover0 waypoint30 waypoint7)
27.900: (navigate rover0 waypoint7 waypoint35)
22.145: (calibrate rover0 camera14 objective9 waypoint35)
28.140: (navigate rover0 waypoint35 waypoint7)
29.629: (navigate rover0 waypoint7 waypoint30)
21.036: (take_image rover0 waypoint30 objective3 camera4 high_res)
27.560: (navigate rover0 waypoint30 waypoint7)
28.289: (navigate rover0 waypoint7 waypoint35)
22.164: (calibrate rover0 camera11 objective2 waypoint35)
28.140: (navigate rover0 waypoint35 waypoint7)
29.629: (navigate rover0 waypoint7 waypoint30)
21.032: (take_image rover0 waypoint30 objective3 camera3 low_res)
27.574: (navigate rover0 waypoint30 waypoint7)
27.910: (navigate rover0 waypoint7 waypoint35)
22.127: (calibrate rover0 camera4 objective2 waypoint35)
28.159: (navigate rover0 waypoint35 waypoint7)
29.409: (navigate rover0 waypoint7 waypoint30)
21.088: (take_image rover0 waypoint30 objective3 camera11 high_res)
27.574: (navigate rover0 waypoint30 waypoint7)
27.910: (navigate rover0 waypoint7 waypoint35)
22.121: (calibrate rover0 camera8 objective7 waypoint35)
28.155: (navigate rover0 waypoint35 waypoint7)
29.586: (navigate rover0 waypoint7 waypoint30)
20.997: (take_image rover0 waypoint30 objective3 camera4 high_res)
27.540: (navigate rover0 waypoint30 waypoint7)
28.240: (navigate rover0 waypoint7 waypoint35)
22.113: (calibrate rover0 camera11 objective2 waypoint35)
28.155: (navigate rover0 waypoint35 waypoint7)
29.586: (navigate rover0 waypoint7 waypoint30)
20.997: (take_image rover0 waypoint30 objective3 camera14 high_res)
27.515: (navigate rover0 waypoint30 waypoint7)
27.868: (navigate rover0 waypoint7 waypoint35)
22.117: (calibrate rover0 camera4 objective2 waypoint35)
28.157: (navigate rover0 waypoint35 waypoint7)
29.372: (navigate rover0 waypoint7 waypoint30)
21.014: (take_image rover0 waypoint30 objective3 camera11 high_res)
27.515: (navigate rover0 waypoint30 waypoint7)
27.868: (navigate rover0 waypoint7 waypoint35)
18.462: (calibrate rover0 camera5 objective6 waypoint35)
27.949: (navigate rover0 waypoint35 waypoint7)
29.303: (navigate rover0 waypoint7 waypoint30)
20.905: (take_image rover0 waypoint30 objective3 camera4 high_res)
27.442: (navigate rover0 waypoint30 waypoint7)
27.887: (navigate rover0 waypoint7 waypoint35)
21.939: (calibrate rover0 camera11 objective2 waypoint35)
27.949: (navigate rover0 waypoint35 waypoint7)
29.303: (navigate rover0 waypoint7 waypoint30)
20.902: (take_image rover0 waypoint30 objective4 camera5 colour)
27.527: (navigate rover0 waypoint30 waypoint7)
27.871: (navigate rover0 waypoint7 waypoint35)
22.118: (calibrate rover0 camera4 objective2 waypoint35)
28.155: (navigate rover0 waypoint35 waypoint7)
29.377: (navigate rover0 waypoint7 waypoint30)
21.014: (take_image rover0 waypoint30 objective3 camera11 high_res)
27.527: (navigate rover0 waypoint30 waypoint7)
27.871: (navigate rover0 waypoint7 waypoint35)
22.114: (calibrate rover0 camera14 objective9 waypoint35)
28.152: (navigate rover0 waypoint35 waypoint7)
29.591: (navigate rover0 waypoint7 waypoint30)
20.997: (take_image rover0 waypoint30 objective3 camera4 high_res)
27.553: (navigate rover0 waypoint30 waypoint7)
28.243: (navigate rover0 waypoint7 waypoint35)
22.114: (calibrate rover0 camera11 objective2 waypoint35)
28.152: (navigate rover0 waypoint35 waypoint7)
29.591: (navigate rover0 waypoint7 waypoint30)
20.990: (take_image rover0 waypoint30 objective4 camera11 low_res)
27.564: (navigate rover0 waypoint30 waypoint7)
28.246: (navigate rover0 waypoint7 waypoint35)
22.115: (calibrate rover0 camera4 objective2 waypoint35)
28.149: (navigate rover0 waypoint35 waypoint7)
29.595: (navigate rover0 waypoint7 waypoint30)
20.996: (take_image rover0 waypoint30 objective3 camera14 high_res)
27.538: (navigate rover0 waypoint30 waypoint7)
27.873: (navigate rover0 waypoint7 waypoint35)
22.118: (calibrate rover0 camera11 objective2 waypoint35)
28.152: (navigate rover0 waypoint35 waypoint7)
29.380: (navigate rover0 waypoint7 waypoint30)
21.014: (take_image rover0 waypoint30 objective3 camera4 high_res)
27.538: (navigate rover0 waypoint30 waypoint7)
27.873: (navigate rover0 waypoint7 waypoint35)
22.115: (calibrate rover0 camera14 objective9 waypoint35)
28.149: (navigate rover0 waypoint35 waypoint7)
29.595: (navigate rover0 waypoint7 waypoint30)
20.989: (take_image rover0 waypoint30 objective6 camera11 high_res)
27.572: (navigate rover0 waypoint30 waypoint7)
28.248: (navigate rover0 waypoint7 waypoint35)
22.114: (calibrate rover0 camera11 objective2 waypoint35)
28.147: (navigate rover0 waypoint35 waypoint7)
29.598: (navigate rover0 waypoint7 waypoint30)
20.995: (take_image rover0 waypoint30 objective3 camera14 high_res)
27.546: (navigate rover0 waypoint30 waypoint7)
27.874: (navigate rover0 waypoint7 waypoint35)
22.118: (calibrate rover0 camera4 objective2 waypoint35)
28.149: (navigate rover0 waypoint35 waypoint7)
29.382: (navigate rover0 waypoint7 waypoint30)
21.013: (take_image rover0 waypoint30 objective3 camera11 high_res)
27.546: (navigate rover0 waypoint30 waypoint7)
27.874: (navigate rover0 waypoint7 waypoint35)
22.114: (calibrate rover0 camera14 objective9 waypoint35)
28.147: (navigate rover0 waypoint35 waypoint7)
29.598: (navigate rover0 waypoint7 waypoint30)
20.988: (take_image rover0 waypoint30 objective3 camera8 high_res)
27.606: (navigate rover0 waypoint30 waypoint7)
27.916: (navigate rover0 waypoint7 waypoint35)
22.128: (calibrate rover0 camera11 objective2 waypoint35)
28.151: (navigate rover0 waypoint35 waypoint7)
29.419: (navigate rover0 waypoint7 waypoint30)
21.087: (take_image rover0 waypoint30 objective3 camera4 high_res)
27.606: (navigate rover0 waypoint30 waypoint7)
27.916: (navigate rover0 waypoint7 waypoint35)
18.472: (calibrate rover0 camera5 objective6 waypoint35)
27.941: (navigate rover0 waypoint35 waypoint7)
29.350: (navigate rover0 waypoint7 waypoint30)
20.976: (take_image rover0 waypoint30 objective3 camera11 high_res)
27.530: (navigate rover0 waypoint30 waypoint7)
27.917: (navigate rover0 waypoint7 waypoint35)
21.934: (calibrate rover0 camera4 objective2 waypoint35)
27.941: (navigate rover0 waypoint35 waypoint7)
29.350: (navigate rover0 waypoint7 waypoint30)
20.976: (take_image rover0 waypoint30 objective3 camera14 high_res)
27.507: (navigate rover0 waypoint30 waypoint7)
27.576: (navigate rover0 waypoint7 waypoint35)
21.956: (calibrate rover0 camera11 objective2 waypoint35)
27.944: (navigate rover0 waypoint35 waypoint7)
29.095: (navigate rover0 waypoint7 waypoint30)
20.997: (take_image rover0 waypoint30 objective3 camera5 colour)
27.620: (navigate rover0 waypoint30 waypoint7)
27.620: (navigate rover0 waypoint7 waypoint35)
18.454: (calibrate rover0 camera9 objective4 waypoint35)
27.930: (navigate rover0 waypoint35 waypoint7)
29.072: (navigate rover0 waypoint7 waypoint30)
20.977: (take_image rover0 waypoint30 objective3 camera11 high_res)
27.503: (navigate rover0 waypoint30 waypoint7)
27.553: (navigate rover0 waypoint7 waypoint35)
21.940: (calibrate rover0 camera14 objective9 waypoint35)
27.945: (navigate rover0 waypoint35 waypoint7)
29.348: (navigate rover0 waypoint7 waypoint30)
20.974: (take_image rover0 waypoint30 objective3 camera4 high_res)
27.528: (navigate rover0 waypoint30 waypoint7)
27.917: (navigate rover0 waypoint7 waypoint35)
21.940: (calibrate rover0 camera11 objective2 waypoint35)
27.945: (navigate rover0 waypoint35 waypoint7)
29.348: (navigate rover0 waypoint7 waypoint30)
20.973: (take_image rover0 waypoint30 objective3 camera14 high_res)
27.503: (navigate rover0 waypoint30 waypoint7)
27.553: (navigate rover0 waypoint7 waypoint35)
21.938: (calibrate rover0 camera8 objective7 waypoint35)
27.944: (navigate rover0 waypoint35 waypoint7)
29.311: (navigate rover0 waypoint7 waypoint30)
20.901: (take_image rover0 waypoint30 objective3 camera11 high_res)
27.473: (navigate rover0 waypoint30 waypoint7)
27.893: (navigate rover0 waypoint7 waypoint35)
21.946: (calibrate rover0 camera4 objective2 waypoint35)
27.944: (navigate rover0 waypoint35 waypoint7)
29.311: (navigate rover0 waypoint7 waypoint30)
20.893: (take_image rover0 waypoint30 objective6 camera4 low_res)
27.482: (navigate rover0 waypoint30 waypoint7)
27.895: (navigate rover0 waypoint7 waypoint35)
21.946: (calibrate rover0 camera4 objective2 waypoint35)
27.943: (navigate rover0 waypoint35 waypoint7)
29.314: (navigate rover0 waypoint7 waypoint30)
20.905: (take_image rover0 waypoint30 objective3 camera9 high_res)
27.554: (navigate rover0 waypoint30 waypoint7)
27.876: (navigate rover0 waypoint7 waypoint35)
22.118: (calibrate rover0 camera11 objective2 waypoint35)
28.147: (navigate rover0 waypoint35 waypoint7)
29.385: (navigate rover0 waypoint7 waypoint30)
21.013: (take_image rover0 waypoint30 objective3 camera4 high_res)
27.554: (navigate rover0 waypoint30 waypoint7)
27.876: (navigate rover0 waypoint7 waypoint35)
22.115: (calibrate rover0 camera14 objective9 waypoint35)
28.145: (navigate rover0 waypoint35 waypoint7)
29.601: (navigate rover0 waypoint7 waypoint30)
20.996: (take_image rover0 waypoint30 objective3 camera11 high_res)
27.580: (navigate rover0 waypoint30 waypoint7)
28.250: (navigate rover0 waypoint7 waypoint35)
22.115: (calibrate rover0 camera4 objective2 waypoint35)
28.145: (navigate rover0 waypoint35 waypoint7)
29.601: (navigate rover0 waypoint7 waypoint30)
20.988: (take_image rover0 waypoint30 objective3 camera8 high_res)
27.614: (navigate rover0 waypoint30 waypoint7)
27.918: (navigate rover0 waypoint7 waypoint35)
22.129: (calibrate rover0 camera11 objective2 waypoint35)
28.149: (navigate rover0 waypoint35 waypoint7)
29.422: (navigate rover0 waypoint7 waypoint30)
21.086: (take_image rover0 waypoint30 objective3 camera4 high_res)
27.614: (navigate rover0 waypoint30 waypoint7)
27.918: (navigate rover0 waypoint7 waypoint35)
18.472: (calibrate rover0 camera5 objective6 waypoint35)
27.940: (navigate rover0 waypoint35 waypoint7)
29.353: (navigate rover0 waypoint7 waypoint30)
20.976: (take_image rover0 waypoint30 objective3 camera11 high_res)
27.539: (navigate rover0 waypoint30 waypoint7)
27.920: (navigate rover0 waypoint7 waypoint35)
21.935: (calibrate rover0 camera4 objective2 waypoint35)
27.940: (navigate rover0 waypoint35 waypoint7)
29.353: (navigate rover0 waypoint7 waypoint30)
20.976: (take_image rover0 waypoint30 objective3 camera14 high_res)
27.515: (navigate rover0 waypoint30 waypoint7)
27.578: (navigate rover0 waypoint7 waypoint35)
21.957: (calibrate rover0 camera11 objective2 waypoint35)
27.942: (navigate rover0 waypoint35 waypoint7)
29.097: (navigate rover0 waypoint7 waypoint30)
20.997: (take_image rover0 waypoint30 objective3 camera5 colour)
27.628: (navigate rover0 waypoint30 waypoint7)
27.621: (navigate rover0 waypoint7 waypoint35)
18.454: (calibrate rover0 camera9 objective4 waypoint35)
27.928: (navigate rover0 waypoint35 waypoint7)
29.074: (navigate rover0 waypoint7 waypoint30)
20.977: (take_image rover0 waypoint30 objective3 camera11 high_res)
27.511: (navigate rover0 waypoint30 waypoint7)
27.554: (navigate rover0 waypoint7 waypoint35)
21.941: (calibrate rover0 camera14 objective9 waypoint35)
27.943: (navigate rover0 waypoint35 waypoint7)
29.351: (navigate rover0 waypoint7 waypoint30)
20.974: (take_image rover0 waypoint30 objective3 camera4 high_res)
27.538: (navigate rover0 waypoint30 waypoint7)
27.919: (navigate rover0 waypoint7 waypoint35)
21.941: (calibrate rover0 camera11 objective2 waypoint35)
27.943: (navigate rover0 waypoint35 waypoint7)
29.351: (navigate rover0 waypoint7 waypoint30)
20.974: (take_image rover0 waypoint30 objective3 camera14 high_res)
27.511: (navigate rover0 waypoint30 waypoint7)
27.554: (navigate rover0 waypoint7 waypoint35)
21.938: (calibrate rover0 camera8 objective7 waypoint35)
27.943: (navigate rover0 waypoint35 waypoint7)
29.314: (navigate rover0 waypoint7 waypoint30)
20.892: (take_image rover0 waypoint30 objective3 camera10 high_res)
27.528: (navigate rover0 waypoint30 waypoint7)
27.561: (navigate rover0 waypoint7 waypoint35)
21.942: (calibrate rover0 camera4 objective2 waypoint35)
27.939: (navigate rover0 waypoint35 waypoint7)
29.084: (navigate rover0 waypoint7 waypoint30)
21.003: (take_image rover0 waypoint30 objective3 camera9 high_res)
27.643: (navigate rover0 waypoint30 waypoint7)
27.630: (navigate rover0 waypoint7 waypoint35)
22.108: (calibrate rover0 camera14 objective9 waypoint35)
28.143: (navigate rover0 waypoint35 waypoint7)
29.415: (navigate rover0 waypoint7 waypoint30)
21.093: (take_image rover0 waypoint30 objective3 camera11 high_res)
27.627: (navigate rover0 waypoint30 waypoint7)
27.908: (navigate rover0 waypoint7 waypoint35)
18.456: (calibrate rover0 camera5 objective6 waypoint35)
27.933: (navigate rover0 waypoint35 waypoint7)
29.344: (navigate rover0 waypoint7 waypoint30)
20.984: (take_image rover0 waypoint30 objective3 camera4 high_res)
27.556: (navigate rover0 waypoint30 waypoint7)
27.924: (navigate rover0 waypoint7 waypoint35)
21.932: (calibrate rover0 camera11 objective2 waypoint35)
27.933: (navigate rover0 waypoint35 waypoint7)
29.344: (navigate rover0 waypoint7 waypoint30)
20.987: (take_image rover0 waypoint30 objective3 camera5 colour)
27.627: (navigate rover0 waypoint30 waypoint7)
27.908: (navigate rover0 waypoint7 waypoint35)
18.455: (calibrate rover0 camera9 objective4 waypoint35)
27.938: (navigate rover0 waypoint35 waypoint7)
29.344: (navigate rover0 waypoint7 waypoint30)
20.983: (take_image rover0 waypoint30 objective3 camera11 high_res)
27.555: (navigate rover0 waypoint30 waypoint7)
27.925: (navigate rover0 waypoint7 waypoint35)
21.940: (calibrate rover0 camera4 objective2 waypoint35)
27.938: (navigate rover0 waypoint35 waypoint7)
29.344: (navigate rover0 waypoint7 waypoint30)
20.982: (take_image rover0 waypoint30 objective3 camera14 high_res)
27.528: (navigate rover0 waypoint30 waypoint7)
27.561: (navigate rover0 waypoint7 waypoint35)
18.287: (calibrate rover0 camera5 objective6 waypoint35)
27.733: (navigate rover0 waypoint35 waypoint7)
29.014: (navigate rover0 waypoint7 waypoint30)
20.894: (take_image rover0 waypoint30 objective3 camera9 high_res)
27.529: (navigate rover0 waypoint30 waypoint7)
27.562: (navigate rover0 waypoint7 waypoint35)
21.936: (calibrate rover0 camera11 objective2 waypoint35)
27.935: (navigate rover0 waypoint35 waypoint7)
29.086: (navigate rover0 waypoint7 waypoint30)
21.002: (take_image rover0 waypoint30 objective3 camera4 high_res)
27.529: (navigate rover0 waypoint30 waypoint7)
27.562: (navigate rover0 waypoint7 waypoint35)
21.931: (calibrate rover0 camera10 objective7 waypoint35)
27.939: (navigate rover0 waypoint35 waypoint7)
29.316: (navigate rover0 waypoint7 waypoint30)
20.904: (take_image rover0 waypoint30 objective3 camera11 high_res)
27.483: (navigate rover0 waypoint30 waypoint7)
27.896: (navigate rover0 waypoint7 waypoint35)
21.941: (calibrate rover0 camera4 objective2 waypoint35)
27.939: (navigate rover0 waypoint35 waypoint7)
29.316: (navigate rover0 waypoint7 waypoint30)
20.895: (take_image rover0 waypoint30 objective3 camera12 high_res)
27.529: (navigate rover0 waypoint30 waypoint7)
27.562: (navigate rover0 waypoint7 waypoint35)
21.936: (calibrate rover0 camera11 objective2 waypoint35)
27.935: (navigate rover0 waypoint35 waypoint7)
29.086: (navigate rover0 waypoint7 waypoint30)
21.005: (take_image rover0 waypoint30 objective3 camera5 colour)
27.643: (navigate rover0 waypoint30 waypoint7)
27.630: (navigate rover0 waypoint7 waypoint35)
22.108: (calibrate rover0 camera14 objective9 waypoint35)
28.143: (navigate rover0 waypoint35 waypoint7)
29.415: (navigate rover0 waypoint7 waypoint30)
21.093: (take_image rover0 waypoint30 objective3 camera11 high_res)
27.627: (navigate rover0 waypoint30 waypoint7)
27.908: (navigate rover0 waypoint7 waypoint35)
18.456: (calibrate rover0 camera5 objective6 waypoint35)
27.933: (navigate rover0 waypoint35 waypoint7)
29.344: (navigate rover0 waypoint7 waypoint30)
20.984: (take_image rover0 waypoint30 objective3 camera4 high_res)
27.556: (navigate rover0 waypoint30 waypoint7)
27.924: (navigate rover0 waypoint7 waypoint35)
21.932: (calibrate rover0 camera11 objective2 waypoint35)
27.933: (navigate rover0 waypoint35 waypoint7)
29.344: (navigate rover0 waypoint7 waypoint30)
20.987: (take_image rover0 waypoint30 objective3 camera5 colour)
27.627: (navigate rover0 waypoint30 waypoint7)
27.908: (navigate rover0 waypoint7 waypoint35)
18.455: (calibrate rover0 camera9 objective4 waypoint35)
27.938: (navigate rover0 waypoint35 waypoint7)
29.344: (navigate rover0 waypoint7 waypoint30)
20.983: (take_image rover0 waypoint30 objective3 camera11 high_res)
27.555: (navigate rover0 waypoint30 waypoint7)
27.925: (navigate rover0 waypoint7 waypoint35)
21.940: (calibrate rover0 camera4 objective2 waypoint35)
27.938: (navigate rover0 waypoint35 waypoint7)
29.344: (navigate rover0 waypoint7 waypoint30)
20.982: (take_image rover0 waypoint30 objective3 camera14 high_res)
27.528: (navigate rover0 waypoint30 waypoint7)
27.561: (navigate rover0 waypoint7 waypoint35)
21.942: (calibrate rover0 camera11 objective2 waypoint35)
27.939: (navigate rover0 waypoint35 waypoint7)
29.084: (navigate rover0 waypoint7 waypoint30)
21.000: (take_image rover0 waypoint30 objective3 camera4 high_res)
27.528: (navigate rover0 waypoint30 waypoint7)
27.561: (navigate rover0 waypoint7 waypoint35)
18.287: (calibrate rover0 camera5 objective6 waypoint35)
27.733: (navigate rover0 waypoint35 waypoint7)
29.014: (navigate rover0 waypoint7 waypoint30)
20.894: (take_image rover0 waypoint30 objective3 camera9 high_res)
27.529: (navigate rover0 waypoint30 waypoint7)
27.562: (navigate rover0 waypoint7 waypoint35)
18.276: (calibrate rover0 camera13 objective4 waypoint35)
27.727: (navigate rover0 waypoint35 waypoint7)
29.023: (navigate rover0 waypoint7 waypoint30)
20.903: (take_image rover0 waypoint30 objective3 camera5 colour)
27.545: (navigate rover0 waypoint30 waypoint7)
27.569: (navigate rover0 waypoint7 waypoint35)
21.929: (calibrate rover0 camera4 objective2 waypoint35)
27.935: (navigate rover0 waypoint35 waypoint7)
29.095: (navigate rover0 waypoint7 waypoint30)
21.008: (take_image rover0 waypoint30 objective3 camera11 high_res)
27.545: (navigate rover0 waypoint30 waypoint7)
27.569: (navigate rover0 waypoint7 waypoint35)
21.925: (calibrate rover0 camera14 objective9 waypoint35)
27.933: (navigate rover0 waypoint35 waypoint7)
29.355: (navigate rover0 waypoint7 waypoint30)
20.991: (take_image rover0 waypoint30 objective3 camera4 high_res)
27.572: (navigate rover0 waypoint30 waypoint7)
27.935: (navigate rover0 waypoint7 waypoint35)
21.927: (calibrate rover0 camera11 objective2 waypoint35)
27.933: (navigate rover0 waypoint35 waypoint7)
29.355: (navigate rover0 waypoint7 waypoint30)
20.983: (take_image rover0 waypoint30 objective3 camera8 high_res)
27.600: (navigate rover0 waypoint30 waypoint7)
27.603: (navigate rover0 waypoint7 waypoint35)
21.937: (calibrate rover0 camera4 objective2 waypoint35)
28.008: (navigate rover0 waypoint35 waypoint7)
29.129: (navigate rover0 waypoint7 waypoint30)
21.086: (take_image rover0 waypoint30 objective3 camera13 high_res)
27.698: (navigate rover0 waypoint30 waypoint7)
27.667: (navigate rover0 waypoint7 waypoint35)
18.466: (calibrate rover0 camera5 objective6 waypoint35)
28.009: (navigate rover0 waypoint35 waypoint7)
29.122: (navigate rover0 waypoint7 waypoint30)
21.074: (take_image rover0 waypoint30 objective3 camera11 high_res)
27.584: (navigate rover0 waypoint30 waypoint7)
27.599: (navigate rover0 waypoint7 waypoint35)
18.289: (calibrate rover0 camera9 objective4 waypoint35)
27.806: (navigate rover0 waypoint35 waypoint7)
29.051: (navigate rover0 waypoint7 waypoint30)
20.964: (take_image rover0 waypoint30 objective3 camera5 colour)
27.583: (navigate rover0 waypoint30 waypoint7)
27.598: (navigate rover0 waypoint7 waypoint35)
21.952: (calibrate rover0 camera11 objective2 waypoint35)
28.013: (navigate rover0 waypoint35 waypoint7)
29.120: (navigate rover0 waypoint7 waypoint30)
21.072: (take_image rover0 waypoint30 objective3 camera4 high_res)
27.583: (navigate rover0 waypoint30 waypoint7)
27.598: (navigate rover0 waypoint7 waypoint35)
18.296: (calibrate rover0 camera5 objective6 waypoint35)
27.806: (navigate rover0 waypoint35 waypoint7)
29.051: (navigate rover0 waypoint7 waypoint30)
20.964: (take_image rover0 waypoint30 objective3 camera9 high_res)
27.584: (navigate rover0 waypoint30 waypoint7)
27.599: (navigate rover0 waypoint7 waypoint35)
18.286: (calibrate rover0 camera13 objective4 waypoint35)
27.800: (navigate rover0 waypoint35 waypoint7)
29.057: (navigate rover0 waypoint7 waypoint30)
20.971: (take_image rover0 waypoint30 objective3 camera14 colour)
27.500: (navigate rover0 waypoint30 waypoint7)
27.261: (navigate rover0 waypoint7 waypoint35)
21.761: (calibrate rover0 camera4 objective2 waypoint35)
27.801: (navigate rover0 waypoint35 waypoint7)
28.780: (navigate rover0 waypoint7 waypoint30)
20.993: (take_image rover0 waypoint30 objective3 camera13 low_res)
27.600: (navigate rover0 waypoint30 waypoint7)
27.328: (navigate rover0 waypoint7 waypoint35)
18.289: (calibrate rover0 camera9 objective4 waypoint35)
27.808: (navigate rover0 waypoint35 waypoint7)
28.776: (navigate rover0 waypoint7 waypoint30)
20.981: (take_image rover0 waypoint30 objective3 camera5 colour)
27.597: (navigate rover0 waypoint30 waypoint7)
27.304: (navigate rover0 waypoint7 waypoint35)
18.277: (calibrate rover0 camera13 objective4 waypoint35)
27.800: (navigate rover0 waypoint35 waypoint7)
28.779: (navigate rover0 waypoint7 waypoint30)
20.990: (take_image rover0 waypoint30 objective3 camera9 high_res)
27.615: (navigate rover0 waypoint30 waypoint7)
27.329: (navigate rover0 waypoint7 waypoint35)
21.930: (calibrate rover0 camera12 objective7 waypoint35)
27.939: (navigate rover0 waypoint35 waypoint7)
29.101: (navigate rover0 waypoint7 waypoint30)
21.002: (take_image rover0 waypoint30 objective3 camera11 high_res)
27.532: (navigate rover0 waypoint30 waypoint7)
27.578: (navigate rover0 waypoint7 waypoint35)
21.939: (calibrate rover0 camera14 objective9 waypoint35)
27.939: (navigate rover0 waypoint35 waypoint7)
29.360: (navigate rover0 waypoint7 waypoint30)
20.985: (take_image rover0 waypoint30 objective3 camera4 high_res)
27.559: (navigate rover0 waypoint30 waypoint7)
27.944: (navigate rover0 waypoint7 waypoint35)
21.940: (calibrate rover0 camera11 objective2 waypoint35)
27.939: (navigate rover0 waypoint35 waypoint7)
29.360: (navigate rover0 waypoint7 waypoint30)
20.985: (take_image rover0 waypoint30 objective3 camera14 high_res)
27.532: (navigate rover0 waypoint30 waypoint7)
27.578: (navigate rover0 waypoint7 waypoint35)
21.937: (calibrate rover0 camera8 objective7 waypoint35)
27.938: (navigate rover0 waypoint35 waypoint7)
29.325: (navigate rover0 waypoint7 waypoint30)
20.912: (take_image rover0 waypoint30 objective3 camera11 high_res)
27.499: (navigate rover0 waypoint30 waypoint7)
27.904: (navigate rover0 waypoint7 waypoint35)
21.932: (calibrate rover0 camera4 objective2 waypoint35)
27.938: (navigate rover0 waypoint35 waypoint7)
29.325: (navigate rover0 waypoint7 waypoint30)
20.902: (take_image rover0 waypoint30 objective3 camera10 high_res)
27.545: (navigate rover0 waypoint30 waypoint7)
27.569: (navigate rover0 waypoint7 waypoint35)
21.929: (calibrate rover0 camera11 objective2 waypoint35)
27.935: (navigate rover0 waypoint35 waypoint7)
29.095: (navigate rover0 waypoint7 waypoint30)
21.008: (take_image rover0 waypoint30 objective3 camera4 high_res)
27.545: (navigate rover0 waypoint30 waypoint7)
27.569: (navigate rover0 waypoint7 waypoint35)
21.925: (calibrate rover0 camera14 objective9 waypoint35)
27.933: (navigate rover0 waypoint35 waypoint7)
29.355: (navigate rover0 waypoint7 waypoint30)
20.991: (take_image rover0 waypoint30 objective3 camera11 high_res)
27.572: (navigate rover0 waypoint30 waypoint7)
27.935: (navigate rover0 waypoint7 waypoint35)
21.927: (calibrate rover0 camera4 objective2 waypoint35)
27.933: (navigate rover0 waypoint35 waypoint7)
29.355: (navigate rover0 waypoint7 waypoint30)
20.983: (take_image rover0 waypoint30 objective3 camera8 high_res)
27.600: (navigate rover0 waypoint30 waypoint7)
27.603: (navigate rover0 waypoint7 waypoint35)
21.937: (calibrate rover0 camera11 objective2 waypoint35)
28.008: (navigate rover0 waypoint35 waypoint7)
29.129: (navigate rover0 waypoint7 waypoint30)
21.086: (take_image rover0 waypoint30 objective3 camera13 high_res)
27.698: (navigate rover0 waypoint30 waypoint7)
27.667: (navigate rover0 waypoint7 waypoint35)
18.466: (calibrate rover0 camera5 objective6 waypoint35)
28.009: (navigate rover0 waypoint35 waypoint7)
29.122: (navigate rover0 waypoint7 waypoint30)
21.074: (take_image rover0 waypoint30 objective3 camera11 high_res)
27.584: (navigate rover0 waypoint30 waypoint7)
27.599: (navigate rover0 waypoint7 waypoint35)
18.289: (calibrate rover0 camera9 objective4 waypoint35)
27.806: (navigate rover0 waypoint35 waypoint7)
29.051: (navigate rover0 waypoint7 waypoint30)
20.964: (take_image rover0 waypoint30 objective3 camera5 colour)
27.583: (navigate rover0 waypoint30 waypoint7)
27.598: (navigate rover0 waypoint7 waypoint35)
21.952: (calibrate rover0 camera11 objective2 waypoint35)
28.013: (navigate rover0 waypoint35 waypoint7)
29.120: (navigate rover0 waypoint7 waypoint30)
21.072: (take_image rover0 waypoint30 objective3 camera4 high_res)
27.583: (navigate rover0 waypoint30 waypoint7)
27.598: (navigate rover0 waypoint7 waypoint35)
18.296: (calibrate rover0 camera5 objective6 waypoint35)
27.806: (navigate rover0 waypoint35 waypoint7)
29.051: (navigate rover0 waypoint7 waypoint30)
20.964: (take_image rover0 waypoint30 objective3 camera9 high_res)
27.584: (navigate rover0 waypoint30 waypoint7)
27.599: (navigate rover0 waypoint7 waypoint35)
18.286: (calibrate rover0 camera13 objective4 waypoint35)
27.800: (navigate rover0 waypoint35 waypoint7)
29.057: (navigate rover0 waypoint7 waypoint30)
20.974: (take_image rover0 waypoint30 objective3 camera5 colour)
27.600: (navigate rover0 waypoint30 waypoint7)
27.603: (navigate rover0 waypoint7 waypoint35)
18.280: (calibrate rover0 camera9 objective4 waypoint35)
27.799: (navigate rover0 waypoint35 waypoint7)
29.057: (navigate rover0 waypoint7 waypoint30)
20.971: (take_image rover0 waypoint30 objective3 camera11 high_res)
27.528: (navigate rover0 waypoint30 waypoint7)
27.623: (navigate rover0 waypoint7 waypoint35)
21.754: (calibrate rover0 camera4 objective2 waypoint35)
27.799: (navigate rover0 waypoint35 waypoint7)
29.057: (navigate rover0 waypoint7 waypoint30)
20.971: (take_image rover0 waypoint30 objective3 camera14 high_res)
27.501: (navigate rover0 waypoint30 waypoint7)
27.260: (navigate rover0 waypoint7 waypoint35)
21.759: (calibrate rover0 camera11 objective2 waypoint35)
27.800: (navigate rover0 waypoint35 waypoint7)
28.779: (navigate rover0 waypoint7 waypoint30)
20.992: (take_image rover0 waypoint30 objective3 camera13 high_res)
27.597: (navigate rover0 waypoint30 waypoint7)
27.304: (navigate rover0 waypoint7 waypoint35)
18.282: (calibrate rover0 camera5 objective6 waypoint35)
27.808: (navigate rover0 waypoint35 waypoint7)
28.776: (navigate rover0 waypoint7 waypoint30)
20.982: (take_image rover0 waypoint30 objective3 camera9 high_res)
27.600: (navigate rover0 waypoint30 waypoint7)
27.328: (navigate rover0 waypoint7 waypoint35)
18.286: (calibrate rover0 camera13 objective4 waypoint35)
27.801: (navigate rover0 waypoint35 waypoint7)
28.780: (navigate rover0 waypoint7 waypoint30)
20.991: (take_image rover0 waypoint30 objective3 camera5 colour)
27.615: (navigate rover0 waypoint30 waypoint7)
27.329: (navigate rover0 waypoint7 waypoint35)
7.290: (take_image rover0 waypoint35 objective3 camera13 colour)
30.865: (navigate rover0 waypoint35 waypoint7)
31.342: (navigate rover0 waypoint7 waypoint30)
24.480: (take_image rover0 waypoint30 objective3 camera11 high_res)
30.974: (navigate rover0 waypoint30 waypoint7)
29.842: (navigate rover0 waypoint7 waypoint35)
25.191: (calibrate rover0 camera14 objective9 waypoint35)
30.884: (navigate rover0 waypoint35 waypoint7)
31.636: (navigate rover0 waypoint7 waypoint30)
24.476: (take_image rover0 waypoint30 objective3 camera4 high_res)
31.001: (navigate rover0 waypoint30 waypoint7)
30.260: (navigate rover0 waypoint7 waypoint35)
25.187: (calibrate rover0 camera11 objective2 waypoint35)
30.884: (navigate rover0 waypoint35 waypoint7)
31.636: (navigate rover0 waypoint7 waypoint30)
24.476: (take_image rover0 waypoint30 objective3 camera14 high_res)
30.974: (navigate rover0 waypoint30 waypoint7)
29.842: (navigate rover0 waypoint7 waypoint35)
25.188: (calibrate rover0 camera8 objective7 waypoint35)
30.875: (navigate rover0 waypoint35 waypoint7)
31.598: (navigate rover0 waypoint7 waypoint30)
24.419: (take_image rover0 waypoint30 objective3 camera11 high_res)
30.958: (navigate rover0 waypoint30 waypoint7)
30.239: (navigate rover0 waypoint7 waypoint35)
25.193: (calibrate rover0 camera4 objective2 waypoint35)
30.875: (navigate rover0 waypoint35 waypoint7)
31.598: (navigate rover0 waypoint7 waypoint30)
24.410: (take_image rover0 waypoint30 objective3 camera12 high_res)
30.997: (navigate rover0 waypoint30 waypoint7)
29.839: (navigate rover0 waypoint7 waypoint35)
25.186: (calibrate rover0 camera11 objective2 waypoint35)
30.868: (navigate rover0 waypoint35 waypoint7)
31.350: (navigate rover0 waypoint7 waypoint30)
24.500: (take_image rover0 waypoint30 objective3 camera4 low_res)
30.997: (navigate rover0 waypoint30 waypoint7)
29.839: (navigate rover0 waypoint7 waypoint35)
25.182: (calibrate rover0 camera14 objective9 waypoint35)
30.870: (navigate rover0 waypoint35 waypoint7)
31.624: (navigate rover0 waypoint7 waypoint30)
24.486: (take_image rover0 waypoint30 objective3 camera11 high_res)
31.024: (navigate rover0 waypoint30 waypoint7)
30.256: (navigate rover0 waypoint7 waypoint35)
25.179: (calibrate rover0 camera4 objective2 waypoint35)
30.870: (navigate rover0 waypoint35 waypoint7)
31.624: (navigate rover0 waypoint7 waypoint30)
24.478: (take_image rover0 waypoint30 objective3 camera8 high_res)
30.990: (navigate rover0 waypoint30 waypoint7)
29.845: (navigate rover0 waypoint7 waypoint35)
25.190: (calibrate rover0 camera11 objective2 waypoint35)
30.872: (navigate rover0 waypoint35 waypoint7)
31.351: (navigate rover0 waypoint7 waypoint30)
24.497: (take_image rover0 waypoint30 objective3 camera4 high_res)
30.990: (navigate rover0 waypoint30 waypoint7)
29.845: (navigate rover0 waypoint7 waypoint35)
25.184: (calibrate rover0 camera10 objective7 waypoint35)
30.884: (navigate rover0 waypoint35 waypoint7)
31.636: (navigate rover0 waypoint7 waypoint30)
24.476: (take_image rover0 waypoint30 objective3 camera11 high_res)
31.001: (navigate rover0 waypoint30 waypoint7)
30.260: (navigate rover0 waypoint7 waypoint35)
25.187: (calibrate rover0 camera4 objective2 waypoint35)
30.884: (navigate rover0 waypoint35 waypoint7)
31.636: (navigate rover0 waypoint7 waypoint30)
24.476: (take_image rover0 waypoint30 objective3 camera14 high_res)
30.974: (navigate rover0 waypoint30 waypoint7)
29.842: (navigate rover0 waypoint7 waypoint35)
25.193: (calibrate rover0 camera11 objective2 waypoint35)
30.865: (navigate rover0 waypoint35 waypoint7)
31.342: (navigate rover0 waypoint7 waypoint30)
24.480: (take_image rover0 waypoint30 objective3 camera4 high_res)
30.974: (navigate rover0 waypoint30 waypoint7)
29.842: (navigate rover0 waypoint7 waypoint35)
25.188: (calibrate rover0 camera8 objective7 waypoint35)
30.875: (navigate rover0 waypoint35 waypoint7)
31.598: (navigate rover0 waypoint7 waypoint30)
24.419: (take_image rover0 waypoint30 objective3 camera11 high_res)
30.958: (navigate rover0 waypoint30 waypoint7)
30.239: (navigate rover0 waypoint7 waypoint35)
25.193: (calibrate rover0 camera4 objective2 waypoint35)
30.875: (navigate rover0 waypoint35 waypoint7)
31.598: (navigate rover0 waypoint7 waypoint30)
-7.378: (sample_rock rover0 rover0store waypoint30)
30.842: (navigate rover0 waypoint30 waypoint7)
27.957: (navigate rover0 waypoint7 waypoint35)
24.966: (calibrate rover0 camera11 objective2 waypoint35)
29.972: (navigate rover0 waypoint35 waypoint7)
29.326: (navigate rover0 waypoint7 waypoint30)
23.500: (take_image rover0 waypoint30 objective3 camera4 high_res)
30.842: (navigate rover0 waypoint30 waypoint7)
27.957: (navigate rover0 waypoint7 waypoint35)
24.961: (calibrate rover0 camera14 objective9 waypoint35)
29.976: (navigate rover0 waypoint35 waypoint7)
29.704: (navigate rover0 waypoint7 waypoint30)
23.479: (take_image rover0 waypoint30 objective3 camera11 high_res)
30.858: (navigate rover0 waypoint30 waypoint7)
28.433: (navigate rover0 waypoint7 waypoint35)
24.956: (calibrate rover0 camera4 objective2 waypoint35)
29.976: (navigate rover0 waypoint35 waypoint7)
29.704: (navigate rover0 waypoint7 waypoint30)
23.462: (take_image rover0 waypoint30 objective3 camera8 high_res)
30.889: (navigate rover0 waypoint30 waypoint7)
28.001: (navigate rover0 waypoint7 waypoint35)
24.971: (calibrate rover0 camera11 objective2 waypoint35)
29.974: (navigate rover0 waypoint35 waypoint7)
29.366: (navigate rover0 waypoint7 waypoint30)
23.566: (take_image rover0 waypoint30 objective3 camera4 high_res)
30.889: (navigate rover0 waypoint30 waypoint7)
28.001: (navigate rover0 waypoint7 waypoint35)
24.964: (calibrate rover0 camera12 objective7 waypoint35)
29.983: (navigate rover0 waypoint35 waypoint7)
29.705: (navigate rover0 waypoint7 waypoint30)
23.478: (take_image rover0 waypoint30 objective3 camera11 high_res)
30.854: (navigate rover0 waypoint30 waypoint7)
28.424: (navigate rover0 waypoint7 waypoint35)
24.960: (calibrate rover0 camera4 objective2 waypoint35)
29.983: (navigate rover0 waypoint35 waypoint7)
29.705: (navigate rover0 waypoint7 waypoint30)
23.477: (take_image rover0 waypoint30 objective3 camera14 high_res)
30.838: (navigate rover0 waypoint30 waypoint7)
27.950: (navigate rover0 waypoint7 waypoint35)
24.969: (calibrate rover0 camera11 objective2 waypoint35)
29.967: (navigate rover0 waypoint35 waypoint7)
29.312: (navigate rover0 waypoint7 waypoint30)
23.493: (take_image rover0 waypoint30 objective3 camera4 high_res)
30.838: (navigate rover0 waypoint30 waypoint7)
27.950: (navigate rover0 waypoint7 waypoint35)
24.964: (calibrate rover0 camera8 objective7 waypoint35)
29.976: (navigate rover0 waypoint35 waypoint7)
29.658: (navigate rover0 waypoint7 waypoint30)
23.399: (take_image rover0 waypoint30 objective3 camera11 high_res)
30.812: (navigate rover0 waypoint30 waypoint7)
28.388: (navigate rover0 waypoint7 waypoint35)
24.961: (calibrate rover0 camera4 objective2 waypoint35)
29.976: (navigate rover0 waypoint35 waypoint7)
29.658: (navigate rover0 waypoint7 waypoint30)
23.382: (take_image rover0 waypoint30 objective3 camera10 high_res)
30.842: (navigate rover0 waypoint30 waypoint7)
27.957: (navigate rover0 waypoint7 waypoint35)
24.965: (calibrate rover0 camera11 objective2 waypoint35)
29.972: (navigate rover0 waypoint35 waypoint7)
29.326: (navigate rover0 waypoint7 waypoint30)
23.500: (take_image rover0 waypoint30 objective3 camera4 high_res)
30.842: (navigate rover0 waypoint30 waypoint7)
27.957: (navigate rover0 waypoint7 waypoint35)
24.961: (calibrate rover0 camera14 objective9 waypoint35)
29.976: (navigate rover0 waypoint35 waypoint7)
29.704: (navigate rover0 waypoint7 waypoint30)
23.479: (take_image rover0 waypoint30 objective3 camera11 high_res)
30.858: (navigate rover0 waypoint30 waypoint7)
28.433: (navigate rover0 waypoint7 waypoint35)
24.956: (calibrate rover0 camera4 objective2 waypoint35)
29.976: (navigate rover0 waypoint35 waypoint7)
29.704: (navigate rover0 waypoint7 waypoint30)
23.462: (take_image rover0 waypoint30 objective3 camera8 high_res)
30.889: (navigate rover0 waypoint30 waypoint7)
28.001: (navigate rover0 waypoint7 waypoint35)
24.971: (calibrate rover0 camera11 objective2 waypoint35)
29.974: (navigate rover0 waypoint35 waypoint7)
29.366: (navigate rover0 waypoint7 waypoint30)
23.566: (take_image rover0 waypoint30 objective3 camera4 high_res)
30.889: (navigate rover0 waypoint30 waypoint7)
28.001: (navigate rover0 waypoint7 waypoint35)
21.179: (calibrate rover0 camera5 objective6 waypoint35)
29.803: (navigate rover0 waypoint35 waypoint7)
29.299: (navigate rover0 waypoint7 waypoint30)
23.461: (take_image rover0 waypoint30 objective3 camera11 high_res)
30.818: (navigate rover0 waypoint30 waypoint7)
28.001: (navigate rover0 waypoint7 waypoint35)
24.770: (calibrate rover0 camera4 objective2 waypoint35)
29.803: (navigate rover0 waypoint35 waypoint7)
29.299: (navigate rover0 waypoint7 waypoint30)
23.461: (take_image rover0 waypoint30 objective3 camera14 colour)
30.804: (navigate rover0 waypoint30 waypoint7)
27.695: (navigate rover0 waypoint7 waypoint35)
24.795: (calibrate rover0 camera11 objective2 waypoint35)
29.799: (navigate rover0 waypoint35 waypoint7)
29.054: (navigate rover0 waypoint7 waypoint30)
23.481: (take_image rover0 waypoint30 objective3 camera4 high_res)
30.804: (navigate rover0 waypoint30 waypoint7)
27.695: (navigate rover0 waypoint7 waypoint35)
24.789: (calibrate rover0 camera10 objective7 waypoint35)
29.812: (navigate rover0 waypoint35 waypoint7)
29.265: (navigate rover0 waypoint7 waypoint30)
23.393: (take_image rover0 waypoint30 objective3 camera11 high_res)
30.770: (navigate rover0 waypoint30 waypoint7)
27.975: (navigate rover0 waypoint7 waypoint35)
24.789: (calibrate rover0 camera4 objective2 waypoint35)
29.812: (navigate rover0 waypoint35 waypoint7)
29.265: (navigate rover0 waypoint7 waypoint30)
23.376: (take_image rover0 waypoint30 objective3 camera12 high_res)
30.804: (navigate rover0 waypoint30 waypoint7)
27.695: (navigate rover0 waypoint7 waypoint35)
24.795: (calibrate rover0 camera11 objective2 waypoint35)
29.799: (navigate rover0 waypoint35 waypoint7)
29.054: (navigate rover0 waypoint7 waypoint30)
23.481: (take_image rover0 waypoint30 objective3 camera4 high_res)
30.804: (navigate rover0 waypoint30 waypoint7)
27.695: (navigate rover0 waypoint7 waypoint35)
24.791: (calibrate rover0 camera14 objective9 waypoint35)
29.803: (navigate rover0 waypoint35 waypoint7)
29.299: (navigate rover0 waypoint7 waypoint30)
23.461: (take_image rover0 waypoint30 objective3 camera11 high_res)
30.818: (navigate rover0 waypoint30 waypoint7)
28.001: (navigate rover0 waypoint7 waypoint35)
24.769: (calibrate rover0 camera4 objective2 waypoint35)
29.803: (navigate rover0 waypoint35 waypoint7)
29.299: (navigate rover0 waypoint7 waypoint30)
23.444: (take_image rover0 waypoint30 objective3 camera10 high_res)
30.780: (navigate rover0 waypoint30 waypoint7)
27.682: (navigate rover0 waypoint7 waypoint35)
24.774: (calibrate rover0 camera11 objective2 waypoint35)
29.786: (navigate rover0 waypoint35 waypoint7)
29.045: (navigate rover0 waypoint7 waypoint30)
23.457: (take_image rover0 waypoint30 objective3 camera14 colour)
30.800: (navigate rover0 waypoint30 waypoint7)
27.434: (navigate rover0 waypoint7 waypoint35)
24.761: (calibrate rover0 camera8 objective7 waypoint35)
29.791: (navigate rover0 waypoint35 waypoint7)
29.046: (navigate rover0 waypoint7 waypoint30)
23.482: (take_image rover0 waypoint30 objective3 camera11 low_res)
30.806: (navigate rover0 waypoint30 waypoint7)
27.679: (navigate rover0 waypoint7 waypoint35)
24.771: (calibrate rover0 camera14 objective9 waypoint35)
29.795: (navigate rover0 waypoint35 waypoint7)
29.294: (navigate rover0 waypoint7 waypoint30)
23.462: (take_image rover0 waypoint30 objective3 camera4 high_res)
30.821: (navigate rover0 waypoint30 waypoint7)
28.004: (navigate rover0 waypoint7 waypoint35)
24.764: (calibrate rover0 camera11 objective2 waypoint35)
29.795: (navigate rover0 waypoint35 waypoint7)
29.294: (navigate rover0 waypoint7 waypoint30)
23.462: (take_image rover0 waypoint30 objective3 camera14 colour)
30.806: (navigate rover0 waypoint30 waypoint7)
27.679: (navigate rover0 waypoint7 waypoint35)
24.769: (calibrate rover0 camera10 objective7 waypoint35)
29.803: (navigate rover0 waypoint35 waypoint7)
29.259: (navigate rover0 waypoint7 waypoint30)
23.395: (take_image rover0 waypoint30 objective3 camera11 high_res)
30.774: (navigate rover0 waypoint30 waypoint7)
27.972: (navigate rover0 waypoint7 waypoint35)
24.779: (calibrate rover0 camera4 objective2 waypoint35)
29.803: (navigate rover0 waypoint35 waypoint7)
29.259: (navigate rover0 waypoint7 waypoint30)
15.553: (calibrate rover0 camera9 objective4 waypoint30)
27.263: (navigate rover0 waypoint30 waypoint7)
25.395: (navigate rover0 waypoint7 waypoint35)
21.513: (calibrate rover0 camera11 objective2 waypoint35)
27.347: (navigate rover0 waypoint35 waypoint7)
26.849: (navigate rover0 waypoint7 waypoint30)
19.971: (take_image rover0 waypoint30 objective3 camera4 high_res)
27.263: (navigate rover0 waypoint30 waypoint7)
25.395: (navigate rover0 waypoint7 waypoint35)
21.509: (calibrate rover0 camera14 objective9 waypoint35)
27.348: (navigate rover0 waypoint35 waypoint7)
27.216: (navigate rover0 waypoint7 waypoint30)
19.948: (take_image rover0 waypoint30 objective3 camera11 high_res)
27.279: (navigate rover0 waypoint30 waypoint7)
25.837: (navigate rover0 waypoint7 waypoint35)
21.506: (calibrate rover0 camera4 objective2 waypoint35)
27.348: (navigate rover0 waypoint35 waypoint7)
27.216: (navigate rover0 waypoint7 waypoint30)
19.947: (take_image rover0 waypoint30 objective3 camera9 high_res)
27.346: (navigate rover0 waypoint30 waypoint7)
25.827: (navigate rover0 waypoint7 waypoint35)
21.675: (calibrate rover0 camera11 objective2 waypoint35)
27.549: (navigate rover0 waypoint35 waypoint7)
27.276: (navigate rover0 waypoint7 waypoint30)
20.054: (take_image rover0 waypoint30 objective3 camera4 high_res)
27.346: (navigate rover0 waypoint30 waypoint7)
25.827: (navigate rover0 waypoint7 waypoint35)
21.669: (calibrate rover0 camera12 objective7 waypoint35)
27.549: (navigate rover0 waypoint35 waypoint7)
27.594: (navigate rover0 waypoint7 waypoint30)
19.956: (take_image rover0 waypoint30 objective3 camera11 high_res)
27.289: (navigate rover0 waypoint30 waypoint7)
26.210: (navigate rover0 waypoint7 waypoint35)
21.672: (calibrate rover0 camera4 objective2 waypoint35)
27.549: (navigate rover0 waypoint35 waypoint7)
27.594: (navigate rover0 waypoint7 waypoint30)
19.956: (take_image rover0 waypoint30 objective3 camera14 high_res)
27.273: (navigate rover0 waypoint30 waypoint7)
25.784: (navigate rover0 waypoint7 waypoint35)
21.679: (calibrate rover0 camera11 objective2 waypoint35)
27.549: (navigate rover0 waypoint35 waypoint7)
27.232: (navigate rover0 waypoint7 waypoint30)
19.979: (take_image rover0 waypoint30 objective3 camera4 high_res)
27.273: (navigate rover0 waypoint30 waypoint7)
25.784: (navigate rover0 waypoint7 waypoint35)
17.889: (calibrate rover0 camera9 objective4 waypoint35)
27.349: (navigate rover0 waypoint35 waypoint7)
27.172: (navigate rover0 waypoint7 waypoint30)
19.872: (take_image rover0 waypoint30 objective3 camera11 high_res)
27.206: (navigate rover0 waypoint30 waypoint7)
25.795: (navigate rover0 waypoint7 waypoint35)
21.512: (calibrate rover0 camera4 objective2 waypoint35)
27.349: (navigate rover0 waypoint35 waypoint7)
27.172: (navigate rover0 waypoint7 waypoint30)
19.870: (take_image rover0 waypoint30 objective3 camera5 colour)
27.271: (navigate rover0 waypoint30 waypoint7)
25.781: (navigate rover0 waypoint7 waypoint35)
21.684: (calibrate rover0 camera11 objective2 waypoint35)
27.552: (navigate rover0 waypoint35 waypoint7)
27.229: (navigate rover0 waypoint7 waypoint30)
19.977: (take_image rover0 waypoint30 objective3 camera4 high_res)
27.271: (navigate rover0 waypoint30 waypoint7)
25.781: (navigate rover0 waypoint7 waypoint35)
21.680: (calibrate rover0 camera14 objective9 waypoint35)
27.552: (navigate rover0 waypoint35 waypoint7)
27.593: (navigate rover0 waypoint7 waypoint30)
19.956: (take_image rover0 waypoint30 objective3 camera11 high_res)
27.288: (navigate rover0 waypoint30 waypoint7)
26.211: (navigate rover0 waypoint7 waypoint35)
21.678: (calibrate rover0 camera4 objective2 waypoint35)
27.552: (navigate rover0 waypoint35 waypoint7)
27.593: (navigate rover0 waypoint7 waypoint30)
19.954: (take_image rover0 waypoint30 objective3 camera9 high_res)
27.357: (navigate rover0 waypoint30 waypoint7)
26.203: (navigate rover0 waypoint7 waypoint35)
21.849: (calibrate rover0 camera11 objective2 waypoint35)
27.756: (navigate rover0 waypoint35 waypoint7)
27.654: (navigate rover0 waypoint7 waypoint30)
20.064: (take_image rover0 waypoint30 objective3 camera4 high_res)
27.357: (navigate rover0 waypoint30 waypoint7)
26.203: (navigate rover0 waypoint7 waypoint35)
18.055: (calibrate rover0 camera13 objective4 waypoint35)
27.553: (navigate rover0 waypoint35 waypoint7)
27.610: (navigate rover0 waypoint7 waypoint30)
19.957: (take_image rover0 waypoint30 objective3 camera11 high_res)
27.291: (navigate rover0 waypoint30 waypoint7)
26.228: (navigate rover0 waypoint7 waypoint35)
21.668: (calibrate rover0 camera4 objective2 waypoint35)
27.553: (navigate rover0 waypoint35 waypoint7)
27.610: (navigate rover0 waypoint7 waypoint30)
19.957: (take_image rover0 waypoint30 objective3 camera14 high_res)
27.274: (navigate rover0 waypoint30 waypoint7)
25.795: (navigate rover0 waypoint7 waypoint35)
21.674: (calibrate rover0 camera11 objective2 waypoint35)
27.553: (navigate rover0 waypoint35 waypoint7)
27.245: (navigate rover0 waypoint7 waypoint30)
19.979: (take_image rover0 waypoint30 objective3 camera4 high_res)
27.274: (navigate rover0 waypoint30 waypoint7)
25.795: (navigate rover0 waypoint7 waypoint35)
17.886: (calibrate rover0 camera5 objective6 waypoint35)
27.349: (navigate rover0 waypoint35 waypoint7)
27.186: (navigate rover0 waypoint7 waypoint30)
19.873: (take_image rover0 waypoint30 objective3 camera11 high_res)
27.208: (navigate rover0 waypoint30 waypoint7)
25.807: (navigate rover0 waypoint7 waypoint35)
21.499: (calibrate rover0 camera4 objective2 waypoint35)
27.349: (navigate rover0 waypoint35 waypoint7)
27.186: (navigate rover0 waypoint7 waypoint30)
19.856: (take_image rover0 waypoint30 objective3 camera10 high_res)
27.265: (navigate rover0 waypoint30 waypoint7)
25.405: (navigate rover0 waypoint7 waypoint35)
21.501: (calibrate rover0 camera11 objective2 waypoint35)
27.347: (navigate rover0 waypoint35 waypoint7)
26.862: (navigate rover0 waypoint7 waypoint30)
19.971: (take_image rover0 waypoint30 objective3 camera4 high_res)
27.265: (navigate rover0 waypoint30 waypoint7)
25.405: (navigate rover0 waypoint7 waypoint35)
21.496: (calibrate rover0 camera14 objective9 waypoint35)
27.348: (navigate rover0 waypoint35 waypoint7)
27.230: (navigate rover0 waypoint7 waypoint30)
19.949: (take_image rover0 waypoint30 objective3 camera11 high_res)
27.281: (navigate rover0 waypoint30 waypoint7)
25.850: (navigate rover0 waypoint7 waypoint35)
21.495: (calibrate rover0 camera4 objective2 waypoint35)
27.348: (navigate rover0 waypoint35 waypoint7)
27.230: (navigate rover0 waypoint7 waypoint30)
19.947: (take_image rover0 waypoint30 objective3 camera13 high_res)
27.346: (navigate rover0 waypoint30 waypoint7)
25.827: (navigate rover0 waypoint7 waypoint35)
21.675: (calibrate rover0 camera11 objective2 waypoint35)
27.549: (navigate rover0 waypoint35 waypoint7)
27.276: (navigate rover0 waypoint7 waypoint30)
20.054: (take_image rover0 waypoint30 objective3 camera4 high_res)
27.346: (navigate rover0 waypoint30 waypoint7)
25.827: (navigate rover0 waypoint7 waypoint35)
17.885: (calibrate rover0 camera9 objective4 waypoint35)
27.348: (navigate rover0 waypoint35 waypoint7)
27.216: (navigate rover0 waypoint7 waypoint30)
19.948: (take_image rover0 waypoint30 objective3 camera11 high_res)
27.279: (navigate rover0 waypoint30 waypoint7)
25.837: (navigate rover0 waypoint7 waypoint35)
21.506: (calibrate rover0 camera4 objective2 waypoint35)
27.348: (navigate rover0 waypoint35 waypoint7)
27.216: (navigate rover0 waypoint7 waypoint30)
19.948: (take_image rover0 waypoint30 objective3 camera14 high_res)
27.263: (navigate rover0 waypoint30 waypoint7)
25.395: (navigate rover0 waypoint7 waypoint35)
21.513: (calibrate rover0 camera11 objective2 waypoint35)
27.347: (navigate rover0 waypoint35 waypoint7)
26.849: (navigate rover0 waypoint7 waypoint30)
19.971: (take_image rover0 waypoint30 objective3 camera4 high_res)
27.263: (navigate rover0 waypoint30 waypoint7)
25.395: (navigate rover0 waypoint7 waypoint35)
17.722: (calibrate rover0 camera13 objective4 waypoint35)
27.379: (navigate rover0 waypoint35 waypoint7)
26.803: (navigate rover0 waypoint7 waypoint30)
20.285: (take_image rover0 waypoint30 objective3 camera11 high_res)
27.385: (navigate rover0 waypoint30 waypoint7)
25.416: (navigate rover0 waypoint7 waypoint35)
21.659: (calibrate rover0 camera4 objective2 waypoint35)
27.379: (navigate rover0 waypoint35 waypoint7)
26.803: (navigate rover0 waypoint7 waypoint30)
20.284: (take_image rover0 waypoint30 objective3 camera5 colour)
27.265: (navigate rover0 waypoint30 waypoint7)
25.405: (navigate rover0 waypoint7 waypoint35)
21.500: (calibrate rover0 camera11 objective2 waypoint35)
27.346: (navigate rover0 waypoint35 waypoint7)
26.861: (navigate rover0 waypoint7 waypoint30)
19.970: (take_image rover0 waypoint30 objective3 camera4 high_res)
27.265: (navigate rover0 waypoint30 waypoint7)
25.405: (navigate rover0 waypoint7 waypoint35)
21.495: (calibrate rover0 camera14 objective9 waypoint35)
27.348: (navigate rover0 waypoint35 waypoint7)
27.230: (navigate rover0 waypoint7 waypoint30)
19.949: (take_image rover0 waypoint30 objective3 camera11 high_res)
Failed to find a solution!
