/u/ibrahim.eisawy/Neural-Guided-Search/venv/lib/python3.10/site-packages/pymimir_rgnn/model.py:162: UserWarning: index_reduce() is in beta and the API may change at any time. (Triggered internally at /pytorch/aten/src/ATen/native/cuda/Indexing.cu:1541.)
  exps_max.index_reduce_(0, output_indices, output_messages, reduce="amax", include_self=False)
Torch: 2.12.0+cu130
Using GPU:  NVIDIA L40S
19.141: (navigate rover2 waypoint27 waypoint2)
18.332: (navigate rover4 waypoint5 waypoint29)
18.225: (calibrate rover1 camera5 objective4 waypoint25)
12.277: (calibrate rover4 camera10 objective8 waypoint29)
8.405: (navigate rover5 waypoint7 waypoint37)
4.409: (take_image rover4 waypoint29 objective11 camera10 high_res)
15.359: (communicate_image_data rover4 general objective11 high_res waypoint29 waypoint31)
16.677: (calibrate rover1 camera6 objective11 waypoint25)
8.770: (navigate rover0 waypoint11 waypoint19)
9.325: (calibrate rover0 camera12 objective9 waypoint19)
1.851: (take_image rover0 waypoint19 objective3 camera12 low_res)
14.915: (navigate rover0 waypoint19 waypoint1)
5.673: (take_image rover1 waypoint25 objective0 camera6 low_res)
23.976: (navigate rover1 waypoint25 waypoint38)
23.618: (navigate rover1 waypoint38 waypoint20)
23.858: (navigate rover0 waypoint1 waypoint19)
25.699: (navigate rover1 waypoint20 waypoint38)
24.231: (navigate rover1 waypoint38 waypoint25)
25.064: (navigate rover0 waypoint19 waypoint16)
24.620: (navigate rover1 waypoint25 waypoint38)
24.241: (navigate rover1 waypoint38 waypoint20)
24.515: (navigate rover0 waypoint16 waypoint15)
24.738: (navigate rover1 waypoint20 waypoint38)
23.576: (navigate rover1 waypoint38 waypoint19)
25.018: (navigate rover1 waypoint19 waypoint44)
18.392: (communicate_image_data rover1 general objective0 low_res waypoint44 waypoint31)
20.098: (navigate rover0 waypoint15 waypoint16)
21.056: (navigate rover0 waypoint16 waypoint19)
21.124: (navigate rover0 waypoint19 waypoint1)
17.286: (navigate rover1 waypoint44 waypoint19)
22.600: (navigate rover0 waypoint1 waypoint19)
23.806: (navigate rover0 waypoint19 waypoint16)
23.442: (navigate rover0 waypoint16 waypoint15)
19.470: (calibrate rover1 camera6 objective11 waypoint19)
17.764: (navigate rover0 waypoint15 waypoint16)
18.538: (navigate rover0 waypoint16 waypoint19)
18.794: (navigate rover0 waypoint19 waypoint1)
10.206: (take_image rover1 waypoint19 objective3 camera6 low_res)
27.652: (navigate rover1 waypoint19 waypoint38)
25.993: (navigate rover1 waypoint38 waypoint20)
26.210: (navigate rover0 waypoint1 waypoint19)
28.239: (navigate rover1 waypoint20 waypoint38)
26.574: (navigate rover1 waypoint38 waypoint25)
27.715: (navigate rover0 waypoint19 waypoint1)
26.013: (navigate rover1 waypoint25 waypoint37)
26.413: (navigate rover1 waypoint37 waypoint2)
19.827: (communicate_image_data rover1 general objective3 low_res waypoint2 waypoint31)
59.197: (navigate rover5 waypoint37 waypoint7)
59.810: (navigate rover4 waypoint29 waypoint5)
59.700: (navigate rover2 waypoint2 waypoint3)
60.053: (navigate rover4 waypoint5 waypoint34)
55.330: (navigate rover3 waypoint23 waypoint10)
55.446: (navigate rover5 waypoint7 waypoint18)
54.005: (sample_rock rover4 rover4store waypoint34)
47.280: (navigate rover4 waypoint34 waypoint6)
44.865: (navigate rover1 waypoint2 waypoint37)
64.458: (navigate rover1 waypoint37 waypoint17)
43.212: (navigate rover4 waypoint6 waypoint34)
43.199: (navigate rover1 waypoint17 waypoint37)
65.998: (navigate rover1 waypoint37 waypoint6)
45.091: (navigate rover4 waypoint34 waypoint5)
59.876: (navigate rover4 waypoint5 waypoint10)
45.130: (navigate rover1 waypoint6 waypoint37)
66.618: (navigate rover1 waypoint37 waypoint17)
40.928: (drop rover4 rover4store)
51.660: (sample_rock rover4 rover4store waypoint10)
58.666: (navigate rover3 waypoint10 waypoint31)
57.345: (navigate rover4 waypoint10 waypoint8)
40.388: (navigate rover1 waypoint17 waypoint37)
64.023: (navigate rover1 waypoint37 waypoint6)
41.182: (drop rover4 rover4store)
51.622: (sample_rock rover4 rover4store waypoint8)
43.069: (navigate rover1 waypoint6 waypoint37)
64.119: (navigate rover1 waypoint37 waypoint17)
39.107: (navigate rover0 waypoint1 waypoint19)
59.155: (navigate rover0 waypoint19 waypoint22)
39.758: (navigate rover1 waypoint17 waypoint37)
63.424: (navigate rover1 waypoint37 waypoint6)
43.289: (navigate rover0 waypoint22 waypoint19)
61.393: (navigate rover0 waypoint19 waypoint11)
58.628: (navigate rover0 waypoint11 waypoint3)
52.384: (sample_rock rover0 rover0store waypoint3)
52.226: (navigate rover1 waypoint6 waypoint37)
66.307: (navigate rover1 waypoint37 waypoint2)
51.766: (navigate rover0 waypoint3 waypoint12)
65.147: (navigate rover2 waypoint3 waypoint20)
50.265: (navigate rover0 waypoint12 waypoint40)
49.361: (navigate rover2 waypoint20 waypoint3)
45.339: (navigate rover1 waypoint2 waypoint37)
60.768: (navigate rover1 waypoint37 waypoint7)
44.438: (navigate rover1 waypoint7 waypoint29)
42.799: (drop rover4 rover4store)
57.625: (navigate rover1 waypoint29 waypoint7)
44.746: (navigate rover1 waypoint7 waypoint37)
62.220: (navigate rover1 waypoint37 waypoint2)
43.704: (navigate rover2 waypoint3 waypoint13)
43.981: (navigate rover1 waypoint2 waypoint37)
59.134: (navigate rover1 waypoint37 waypoint7)
42.733: (navigate rover1 waypoint7 waypoint29)
40.004: (drop rover0 rover0store)
57.108: (navigate rover1 waypoint29 waypoint7)
51.808: (sample_rock rover0 rover0store waypoint40)
46.460: (navigate rover2 waypoint13 waypoint3)
46.395: (navigate rover1 waypoint7 waypoint37)
64.327: (navigate rover1 waypoint37 waypoint2)
45.756: (navigate rover0 waypoint40 waypoint12)
67.338: (navigate rover2 waypoint3 waypoint20)
48.565: (navigate rover0 waypoint12 waypoint33)
51.281: (navigate rover2 waypoint20 waypoint3)
50.249: (navigate rover0 waypoint33 waypoint35)
48.094: (navigate rover1 waypoint2 waypoint37)
64.252: (navigate rover1 waypoint37 waypoint7)
54.375: (navigate rover0 waypoint35 waypoint33)
49.197: (navigate rover0 waypoint33 waypoint12)
66.830: (navigate rover2 waypoint3 waypoint2)
61.743: (navigate rover2 waypoint2 waypoint31)
55.293: (sample_soil rover2 rover2store waypoint31)
50.856: (navigate rover0 waypoint12 waypoint33)
48.507: (navigate rover0 waypoint33 waypoint35)
45.771: (navigate rover1 waypoint7 waypoint37)
61.495: (navigate rover1 waypoint37 waypoint17)
48.283: (navigate rover0 waypoint35 waypoint33)
44.683: (navigate rover0 waypoint33 waypoint12)
52.101: (navigate rover1 waypoint17 waypoint37)
65.077: (navigate rover1 waypoint37 waypoint2)
50.864: (navigate rover0 waypoint12 waypoint33)
48.622: (navigate rover0 waypoint33 waypoint35)
43.062: (navigate rover5 waypoint18 waypoint39)
48.697: (navigate rover0 waypoint35 waypoint33)
42.809: (navigate rover0 waypoint33 waypoint12)
45.483: (navigate rover0 waypoint12 waypoint28)
51.381: (navigate rover5 waypoint39 waypoint18)
45.985: (navigate rover1 waypoint2 waypoint37)
62.425: (navigate rover1 waypoint37 waypoint7)
45.098: (navigate rover1 waypoint7 waypoint29)
47.818: (navigate rover0 waypoint28 waypoint12)
49.954: (navigate rover0 waypoint12 waypoint33)
47.876: (navigate rover0 waypoint33 waypoint35)
42.438: (navigate rover2 waypoint31 waypoint2)
72.597: (communicate_soil_data rover2 general waypoint31 waypoint2 waypoint31)
62.805: (navigate rover1 waypoint29 waypoint7)
62.828: (navigate rover2 waypoint2 waypoint48)
62.255: (navigate rover2 waypoint48 waypoint46)
59.164: (navigate rover3 waypoint31 waypoint10)
57.296: (navigate rover0 waypoint35 waypoint33)
55.664: (navigate rover3 waypoint10 waypoint8)
49.211: (navigate rover0 waypoint33 waypoint35)
46.545: (navigate rover1 waypoint7 waypoint29)
53.071: (navigate rover0 waypoint35 waypoint33)
45.487: (navigate rover0 waypoint33 waypoint12)
63.744: (navigate rover1 waypoint29 waypoint7)
64.923: (navigate rover0 waypoint12 waypoint28)
45.446: (navigate rover1 waypoint7 waypoint29)
42.277: (navigate rover5 waypoint18 waypoint39)
62.630: (navigate rover1 waypoint29 waypoint7)
42.187: (navigate rover0 waypoint28 waypoint12)
62.037: (navigate rover0 waypoint12 waypoint33)
45.245: (navigate rover0 waypoint33 waypoint35)
42.916: (navigate rover1 waypoint7 waypoint29)
48.811: (navigate rover0 waypoint35 waypoint33)
40.918: (navigate rover0 waypoint33 waypoint12)
45.340: (communicate_rock_data rover0 general waypoint40 waypoint12 waypoint31)
64.108: (navigate rover1 waypoint29 waypoint7)
61.808: (navigate rover0 waypoint12 waypoint33)
53.819: (navigate rover5 waypoint39 waypoint18)
49.893: (navigate rover0 waypoint33 waypoint35)
47.621: (navigate rover1 waypoint7 waypoint29)
53.328: (navigate rover0 waypoint35 waypoint33)
45.943: (navigate rover0 waypoint33 waypoint12)
63.528: (navigate rover1 waypoint29 waypoint7)
64.744: (navigate rover0 waypoint12 waypoint28)
46.459: (navigate rover1 waypoint7 waypoint29)
42.830: (navigate rover5 waypoint18 waypoint39)
62.910: (navigate rover1 waypoint29 waypoint7)
42.085: (navigate rover1 waypoint7 waypoint37)
56.265: (navigate rover1 waypoint37 waypoint17)
47.858: (navigate rover5 waypoint39 waypoint18)
43.281: (navigate rover1 waypoint17 waypoint37)
60.116: (navigate rover1 waypoint37 waypoint2)
47.246: (navigate rover0 waypoint28 waypoint12)
66.363: (navigate rover0 waypoint12 waypoint33)
50.571: (navigate rover0 waypoint33 waypoint35)
49.165: (navigate rover1 waypoint2 waypoint37)
62.650: (navigate rover1 waypoint37 waypoint17)
48.707: (navigate rover0 waypoint35 waypoint33)
43.878: (navigate rover1 waypoint17 waypoint37)
59.807: (navigate rover1 waypoint37 waypoint6)
49.494: (navigate rover0 waypoint33 waypoint35)
42.667: (navigate rover5 waypoint18 waypoint39)
48.649: (navigate rover0 waypoint35 waypoint33)
43.907: (navigate rover1 waypoint6 waypoint37)
56.580: (navigate rover1 waypoint37 waypoint17)
42.047: (navigate rover0 waypoint33 waypoint35)
41.907: (navigate rover1 waypoint17 waypoint37)
64.118: (navigate rover1 waypoint37 waypoint7)
43.423: (navigate rover1 waypoint7 waypoint29)
48.824: (navigate rover0 waypoint35 waypoint33)
37.667: (navigate rover4 waypoint8 waypoint10)
65.501: (navigate rover1 waypoint29 waypoint7)
55.591: (navigate rover5 waypoint39 waypoint18)
57.745: (navigate rover4 waypoint10 waypoint20)
50.631: (navigate rover0 waypoint33 waypoint35)
50.489: (navigate rover4 waypoint20 waypoint10)
56.576: (communicate_rock_data rover4 general waypoint10 waypoint10 waypoint31)
68.126: (navigate rover4 waypoint10 waypoint8)
54.898: (navigate rover0 waypoint35 waypoint33)
48.281: (navigate rover1 waypoint7 waypoint29)
49.117: (navigate rover0 waypoint33 waypoint35)
44.840: (navigate rover5 waypoint18 waypoint39)
64.468: (navigate rover1 waypoint29 waypoint7)
51.073: (navigate rover0 waypoint35 waypoint33)
43.268: (navigate rover1 waypoint7 waypoint29)
41.197: (navigate rover0 waypoint33 waypoint12)
64.095: (navigate rover1 waypoint29 waypoint7)
61.920: (navigate rover0 waypoint12 waypoint28)
53.624: (navigate rover5 waypoint39 waypoint18)
47.503: (navigate rover0 waypoint28 waypoint12)
55.155: (communicate_rock_data rover0 general waypoint3 waypoint12 waypoint31)
66.280: (navigate rover0 waypoint12 waypoint33)
51.917: (navigate rover0 waypoint33 waypoint35)
50.194: (navigate rover1 waypoint7 waypoint29)
55.099: (navigate rover0 waypoint35 waypoint33)
48.547: (navigate rover0 waypoint33 waypoint12)
63.669: (navigate rover0 waypoint12 waypoint28)
63.777: (navigate rover1 waypoint29 waypoint7)
49.001: (navigate rover1 waypoint7 waypoint37)
60.042: (navigate rover1 waypoint37 waypoint6)
46.742: (navigate rover0 waypoint28 waypoint12)
64.681: (navigate rover0 waypoint12 waypoint33)
51.140: (navigate rover0 waypoint33 waypoint35)
49.668: (navigate rover1 waypoint6 waypoint37)
57.341: (navigate rover1 waypoint37 waypoint25)
67.251: (navigate rover1 waypoint25 waypoint32)
66.338: (navigate rover1 waypoint32 waypoint18)
56.286: (navigate rover0 waypoint35 waypoint33)
53.952: (sample_rock rover1 rover1store waypoint18)
52.471: (navigate rover0 waypoint33 waypoint35)
47.216: (navigate rover1 waypoint18 waypoint42)
51.865: (navigate rover0 waypoint35 waypoint33)
49.271: (communicate_rock_data rover1 general waypoint18 waypoint42 waypoint31)
63.616: (navigate rover1 waypoint42 waypoint18)
52.263: (navigate rover0 waypoint33 waypoint35)
46.881: (navigate rover1 waypoint18 waypoint42)
45.475: (navigate rover5 waypoint18 waypoint39)
59.022: (navigate rover1 waypoint42 waypoint18)
51.308: (navigate rover0 waypoint35 waypoint33)
42.045: (navigate rover0 waypoint33 waypoint12)
60.292: (navigate rover0 waypoint12 waypoint28)
50.875: (navigate rover5 waypoint39 waypoint18)
47.915: (navigate rover0 waypoint28 waypoint12)
45.843: (navigate rover0 waypoint12 waypoint3)
70.455: (navigate rover0 waypoint3 waypoint13)
47.609: (navigate rover0 waypoint13 waypoint41)
45.504: (navigate rover1 waypoint18 waypoint42)
66.831: (navigate rover0 waypoint41 waypoint13)
45.260: (navigate rover0 waypoint13 waypoint3)
60.385: (navigate rover0 waypoint3 waypoint39)
62.015: (navigate rover1 waypoint42 waypoint18)
44.530: (navigate rover5 waypoint18 waypoint49)
39.957: (navigate rover0 waypoint39 waypoint3)
64.934: (navigate rover0 waypoint3 waypoint13)
41.232: (navigate rover0 waypoint13 waypoint41)
39.165: (navigate rover1 waypoint18 waypoint42)
62.125: (navigate rover0 waypoint41 waypoint13)
39.983: (navigate rover0 waypoint13 waypoint3)
64.310: (navigate rover0 waypoint3 waypoint39)
37.734: (navigate rover4 waypoint8 waypoint10)
61.737: (navigate rover1 waypoint42 waypoint18)
60.493: (navigate rover5 waypoint49 waypoint18)
62.007: (navigate rover4 waypoint10 waypoint20)
47.813: (navigate rover0 waypoint39 waypoint3)
72.037: (navigate rover0 waypoint3 waypoint13)
49.773: (navigate rover4 waypoint20 waypoint10)
58.605: (communicate_rock_data rover4 general waypoint34 waypoint10 waypoint31)
70.786: (navigate rover4 waypoint10 waypoint8)
50.636: (navigate rover0 waypoint13 waypoint41)
48.370: (navigate rover5 waypoint18 waypoint39)
63.011: (navigate rover0 waypoint41 waypoint13)
42.517: (navigate rover0 waypoint13 waypoint3)
64.391: (navigate rover0 waypoint3 waypoint39)
50.922: (navigate rover5 waypoint39 waypoint18)
48.961: (navigate rover0 waypoint39 waypoint3)
61.344: (navigate rover0 waypoint3 waypoint11)
69.813: (navigate rover0 waypoint11 waypoint23)
59.670: (navigate rover0 waypoint23 waypoint18)
50.280: (navigate rover1 waypoint18 waypoint42)
47.777: (navigate rover5 waypoint18 waypoint39)
61.083: (navigate rover1 waypoint42 waypoint18)
43.032: (navigate rover1 waypoint18 waypoint32)
57.152: (navigate rover1 waypoint32 waypoint49)
55.976: (navigate rover5 waypoint39 waypoint18)
70.219: (navigate rover1 waypoint49 waypoint32)
54.095: (navigate rover1 waypoint32 waypoint23)
50.191: (navigate rover1 waypoint23 waypoint45)
46.994: (navigate rover5 waypoint18 waypoint39)
60.305: (navigate rover1 waypoint45 waypoint23)
40.697: (navigate rover0 waypoint18 waypoint23)
56.422: (navigate rover1 waypoint23 waypoint32)
62.769: (navigate rover1 waypoint32 waypoint18)
44.909: (navigate rover0 waypoint23 waypoint14)
53.199: (navigate rover5 waypoint39 waypoint18)
49.310: (navigate rover1 waypoint18 waypoint42)
68.059: (navigate rover0 waypoint14 waypoint23)
52.760: (navigate rover0 waypoint23 waypoint32)
64.464: (navigate rover1 waypoint42 waypoint18)
50.070: (navigate rover0 waypoint32 waypoint25)
49.923: (navigate rover1 waypoint18 waypoint42)
48.227: (navigate rover5 waypoint18 waypoint39)
64.756: (navigate rover0 waypoint25 waypoint32)
58.684: (navigate rover1 waypoint42 waypoint18)
42.498: (navigate rover0 waypoint32 waypoint25)
42.677: (navigate rover1 waypoint18 waypoint32)
60.171: (navigate rover0 waypoint25 waypoint32)
53.863: (navigate rover1 waypoint32 waypoint49)
53.481: (navigate rover5 waypoint39 waypoint18)
67.645: (navigate rover1 waypoint49 waypoint32)
60.514: (navigate rover1 waypoint32 waypoint23)
48.574: (navigate rover1 waypoint23 waypoint45)
48.575: (navigate rover0 waypoint32 waypoint23)
70.643: (navigate rover1 waypoint45 waypoint23)
63.387: (navigate rover1 waypoint23 waypoint32)
54.498: (navigate rover1 waypoint32 waypoint49)
51.981: (navigate rover0 waypoint23 waypoint14)
69.432: (navigate rover1 waypoint49 waypoint32)
62.495: (navigate rover1 waypoint32 waypoint23)
49.666: (navigate rover1 waypoint23 waypoint45)
46.434: (navigate rover5 waypoint18 waypoint39)
64.437: (navigate rover1 waypoint45 waypoint23)
53.422: (navigate rover1 waypoint23 waypoint32)
55.448: (navigate rover1 waypoint32 waypoint49)
64.380: (navigate rover0 waypoint14 waypoint23)
44.884: (navigate rover0 waypoint23 waypoint0)
55.868: (navigate rover1 waypoint49 waypoint32)
60.010: (navigate rover1 waypoint32 waypoint18)
52.005: (navigate rover5 waypoint39 waypoint18)
48.464: (navigate rover1 waypoint18 waypoint42)
46.422: (navigate rover5 waypoint18 waypoint39)
61.237: (navigate rover0 waypoint0 waypoint23)
44.498: (navigate rover0 waypoint23 waypoint14)
40.585: (navigate rover4 waypoint8 waypoint10)
64.463: (navigate rover0 waypoint14 waypoint23)
63.023: (navigate rover1 waypoint42 waypoint18)
57.399: (navigate rover4 waypoint10 waypoint20)
55.332: (navigate rover5 waypoint39 waypoint18)
61.582: (navigate rover0 waypoint23 waypoint18)
54.935: (navigate rover4 waypoint20 waypoint10)
58.871: (communicate_rock_data rover4 general waypoint8 waypoint10 waypoint31)
72.584: (navigate rover4 waypoint10 waypoint8)
49.643: (navigate rover1 waypoint18 waypoint42)
47.388: (navigate rover5 waypoint18 waypoint39)
60.849: (navigate rover1 waypoint42 waypoint18)
42.780: (drop rover0 rover0store)
57.608: (sample_soil rover0 rover0store waypoint18)
52.819: (navigate rover5 waypoint39 waypoint18)
49.890: (navigate rover1 waypoint18 waypoint42)
47.291: (navigate rover5 waypoint18 waypoint39)
41.458: (navigate rover0 waypoint18 waypoint23)
59.602: (navigate rover1 waypoint42 waypoint18)
52.488: (navigate rover5 waypoint39 waypoint18)
52.337: (navigate rover0 waypoint23 waypoint14)
50.059: (navigate rover1 waypoint18 waypoint42)
68.176: (navigate rover0 waypoint14 waypoint23)
52.423: (navigate rover0 waypoint23 waypoint32)
63.362: (navigate rover1 waypoint42 waypoint18)
50.086: (navigate rover0 waypoint32 waypoint25)
50.517: (navigate rover1 waypoint18 waypoint42)
48.239: (navigate rover5 waypoint18 waypoint39)
64.942: (navigate rover0 waypoint25 waypoint32)
57.470: (navigate rover1 waypoint42 waypoint18)
42.292: (navigate rover0 waypoint32 waypoint25)
43.011: (navigate rover1 waypoint18 waypoint32)
60.927: (navigate rover0 waypoint25 waypoint32)
54.879: (navigate rover0 waypoint32 waypoint23)
55.962: (navigate rover1 waypoint32 waypoint49)
53.474: (navigate rover5 waypoint39 waypoint18)
69.798: (navigate rover1 waypoint49 waypoint32)
61.538: (navigate rover0 waypoint23 waypoint18)
53.254: (navigate rover1 waypoint32 waypoint23)
49.778: (navigate rover1 waypoint23 waypoint45)
46.524: (navigate rover5 waypoint18 waypoint39)
59.585: (navigate rover1 waypoint45 waypoint23)
60.640: (navigate rover1 waypoint23 waypoint32)
56.330: (navigate rover1 waypoint32 waypoint49)
54.469: (navigate rover5 waypoint39 waypoint18)
48.429: (navigate rover5 waypoint18 waypoint49)
61.260: (navigate rover1 waypoint49 waypoint32)
62.146: (navigate rover1 waypoint32 waypoint18)
43.398: (drop rover0 rover0store)
58.050: (navigate rover5 waypoint49 waypoint18)
50.488: (navigate rover1 waypoint18 waypoint42)
47.668: (navigate rover5 waypoint18 waypoint39)
60.309: (navigate rover1 waypoint42 waypoint18)
43.200: (navigate rover1 waypoint18 waypoint32)
56.791: (navigate rover1 waypoint32 waypoint49)
54.921: (navigate rover5 waypoint39 waypoint18)
70.215: (navigate rover1 waypoint49 waypoint32)
53.976: (navigate rover1 waypoint32 waypoint23)
50.247: (navigate rover1 waypoint23 waypoint45)
47.107: (navigate rover5 waypoint18 waypoint39)
60.056: (navigate rover1 waypoint45 waypoint23)
40.625: (navigate rover0 waypoint18 waypoint23)
60.535: (navigate rover1 waypoint23 waypoint32)
60.948: (navigate rover1 waypoint32 waypoint18)
52.881: (navigate rover5 waypoint39 waypoint18)
55.053: (navigate rover0 waypoint23 waypoint32)
51.684: (sample_soil rover0 rover0store waypoint32)
62.551: (navigate rover0 waypoint32 waypoint23)
59.088: (navigate rover0 waypoint23 waypoint18)
49.916: (navigate rover1 waypoint18 waypoint42)
47.404: (navigate rover5 waypoint18 waypoint39)
60.046: (navigate rover1 waypoint42 waypoint18)
42.837: (drop rover0 rover0store)
53.331: (navigate rover5 waypoint39 waypoint18)
50.516: (navigate rover1 waypoint18 waypoint42)
47.791: (navigate rover5 waypoint18 waypoint39)
42.141: (navigate rover0 waypoint18 waypoint23)
59.615: (navigate rover1 waypoint42 waypoint18)
52.978: (navigate rover5 waypoint39 waypoint18)
54.644: (navigate rover0 waypoint23 waypoint32)
50.854: (navigate rover0 waypoint32 waypoint25)
48.054: (navigate rover1 waypoint18 waypoint42)
68.277: (navigate rover0 waypoint25 waypoint32)
49.583: (navigate rover0 waypoint32 waypoint23)
50.845: (navigate rover0 waypoint23 waypoint14)
64.816: (navigate rover1 waypoint42 waypoint18)
50.460: (navigate rover5 waypoint18 waypoint39)
43.413: (navigate rover1 waypoint18 waypoint42)
40.886: (navigate rover4 waypoint8 waypoint10)
65.378: (navigate rover0 waypoint14 waypoint23)
61.651: (navigate rover0 waypoint23 waypoint18)
62.199: (navigate rover1 waypoint42 waypoint18)
57.330: (navigate rover4 waypoint10 waypoint20)
54.862: (navigate rover5 waypoint39 waypoint18)
55.191: (navigate rover4 waypoint20 waypoint10)
54.191: (navigate rover1 waypoint18 waypoint42)
59.573: (navigate rover4 waypoint10 waypoint20)
49.359: (navigate rover5 waypoint18 waypoint39)
43.626: (navigate rover0 waypoint18 waypoint23)
60.983: (navigate rover1 waypoint42 waypoint18)
54.519: (navigate rover5 waypoint39 waypoint18)
56.773: (navigate rover0 waypoint23 waypoint32)
53.660: (navigate rover4 waypoint20 waypoint10)
66.707: (navigate rover0 waypoint32 waypoint23)
57.342: (navigate rover0 waypoint23 waypoint11)
74.608: (navigate rover0 waypoint11 waypoint26)
76.326: (navigate rover0 waypoint26 waypoint46)
76.515: (navigate rover4 waypoint10 waypoint8)
65.796: (sample_soil rover0 rover0store waypoint46)
49.611: (navigate rover1 waypoint18 waypoint42)
47.539: (navigate rover5 waypoint18 waypoint39)
59.263: (navigate rover1 waypoint42 waypoint18)
41.953: (drop rover0 rover0store)
53.993: (navigate rover5 waypoint39 waypoint18)
59.644: (sample_rock rover0 rover0store waypoint46)
50.151: (navigate rover1 waypoint18 waypoint42)
48.150: (navigate rover5 waypoint18 waypoint39)
59.818: (navigate rover1 waypoint42 waypoint18)
42.287: (navigate rover0 waypoint46 waypoint26)
57.585: (navigate rover0 waypoint26 waypoint49)
52.662: (navigate rover5 waypoint39 waypoint18)
66.830: (navigate rover0 waypoint49 waypoint26)
54.586: (navigate rover0 waypoint26 waypoint9)
51.876: (navigate rover1 waypoint18 waypoint42)
69.450: (navigate rover0 waypoint9 waypoint26)
52.050: (navigate rover0 waypoint26 waypoint49)
47.610: (navigate rover5 waypoint18 waypoint49)
59.698: (navigate rover1 waypoint42 waypoint18)
54.609: (navigate rover0 waypoint49 waypoint26)
62.323: (navigate rover0 waypoint26 waypoint46)
42.968: (navigate rover1 waypoint18 waypoint42)
42.518: (navigate rover0 waypoint46 waypoint26)
47.058: (navigate rover0 waypoint26 waypoint9)
61.521: (navigate rover1 waypoint42 waypoint18)
45.361: (navigate rover1 waypoint18 waypoint32)
67.345: (navigate rover0 waypoint9 waypoint26)
61.866: (navigate rover0 waypoint26 waypoint46)
59.228: (navigate rover5 waypoint49 waypoint18)
62.605: (navigate rover1 waypoint32 waypoint23)
51.033: (navigate rover1 waypoint23 waypoint45)
47.059: (navigate rover5 waypoint18 waypoint39)
64.572: (navigate rover1 waypoint45 waypoint23)
54.343: (navigate rover1 waypoint23 waypoint32)
56.085: (navigate rover1 waypoint32 waypoint49)
53.887: (navigate rover5 waypoint39 waypoint18)
48.704: (navigate rover5 waypoint18 waypoint49)
42.186: (navigate rover0 waypoint46 waypoint26)
62.260: (navigate rover5 waypoint49 waypoint18)
70.080: (navigate rover1 waypoint49 waypoint32)
63.546: (navigate rover1 waypoint32 waypoint23)
52.202: (navigate rover0 waypoint26 waypoint49)
60.271: (navigate rover1 waypoint23 waypoint32)
53.092: (navigate rover1 waypoint32 waypoint49)
48.444: (navigate rover5 waypoint18 waypoint39)
56.184: (navigate rover1 waypoint49 waypoint32)
56.278: (navigate rover1 waypoint32 waypoint23)
46.445: (navigate rover0 waypoint49 waypoint26)
55.522: (navigate rover1 waypoint23 waypoint32)
57.188: (navigate rover1 waypoint32 waypoint49)
46.671: (navigate rover0 waypoint26 waypoint9)
58.121: (navigate rover1 waypoint49 waypoint32)
63.327: (navigate rover1 waypoint32 waypoint18)
44.693: (navigate rover1 waypoint18 waypoint42)
64.615: (navigate rover0 waypoint9 waypoint26)
52.769: (navigate rover0 waypoint26 waypoint49)
40.873: (navigate rover4 waypoint8 waypoint10)
62.358: (navigate rover1 waypoint42 waypoint18)
57.778: (navigate rover4 waypoint10 waypoint20)
54.503: (navigate rover5 waypoint39 waypoint18)
69.452: (navigate rover0 waypoint49 waypoint26)
71.590: (navigate rover0 waypoint26 waypoint46)
54.896: (navigate rover4 waypoint20 waypoint10)
54.833: (navigate rover1 waypoint18 waypoint42)
60.739: (navigate rover4 waypoint10 waypoint20)
49.671: (navigate rover5 waypoint18 waypoint39)
60.921: (navigate rover1 waypoint42 waypoint18)
46.864: (navigate rover4 waypoint20 waypoint10)
47.162: (navigate rover1 waypoint18 waypoint42)
44.562: (navigate rover0 waypoint46 waypoint26)
63.871: (navigate rover1 waypoint42 waypoint18)
59.192: (navigate rover4 waypoint10 waypoint20)
49.438: (navigate rover0 waypoint26 waypoint9)
56.239: (navigate rover5 waypoint39 waypoint18)
56.815: (navigate rover4 waypoint20 waypoint10)
79.238: (navigate rover0 waypoint9 waypoint26)
58.859: (navigate rover0 waypoint26 waypoint4)
94.922: (communicate_soil_data rover0 general waypoint46 waypoint4 waypoint31)
97.885: (communicate_soil_data rover0 general waypoint18 waypoint4 waypoint31)
89.375: (navigate rover4 waypoint10 waypoint8)
76.091: (navigate rover2 waypoint46 waypoint48)
77.362: (navigate rover5 waypoint18 waypoint49)
70.672: (communicate_rock_data rover0 general waypoint46 waypoint4 waypoint31)
67.478: (navigate rover1 waypoint18 waypoint32)
74.675: (navigate rover1 waypoint32 waypoint49)
67.267: (navigate rover2 waypoint48 waypoint2)
69.852: (navigate rover2 waypoint2 waypoint3)
84.383: (navigate rover2 waypoint3 waypoint20)
67.569: (navigate rover1 waypoint49 waypoint32)
71.894: (navigate rover1 waypoint32 waypoint27)
63.919: (navigate rover5 waypoint49 waypoint18)
72.333: (navigate rover5 waypoint18 waypoint7)
67.291: (navigate rover1 waypoint27 waypoint32)
78.561: (navigate rover1 waypoint32 waypoint49)
68.846: (navigate rover5 waypoint7 waypoint12)
85.727: (navigate rover5 waypoint12 waypoint36)
72.053: (navigate rover1 waypoint49 waypoint32)
75.640: (navigate rover1 waypoint32 waypoint27)
66.181: (navigate rover5 waypoint36 waypoint14)
66.047: (navigate rover1 waypoint27 waypoint32)
76.872: (navigate rover1 waypoint32 waypoint49)
65.135: (navigate rover2 waypoint20 waypoint3)
86.478: (navigate rover5 waypoint14 waypoint36)
72.286: (navigate rover1 waypoint49 waypoint32)
75.751: (navigate rover1 waypoint32 waypoint23)
87.720: (navigate rover2 waypoint3 waypoint20)
70.657: (navigate rover1 waypoint23 waypoint45)
68.552: (navigate rover5 waypoint36 waypoint14)
71.351: (navigate rover1 waypoint45 waypoint23)
63.916: (navigate rover2 waypoint20 waypoint3)
68.734: (navigate rover1 waypoint23 waypoint32)
72.584: (navigate rover1 waypoint32 waypoint27)
83.792: (navigate rover5 waypoint14 waypoint36)
66.724: (navigate rover5 waypoint36 waypoint9)
84.461: (navigate rover2 waypoint3 waypoint20)
67.524: (navigate rover1 waypoint27 waypoint32)
78.360: (navigate rover1 waypoint32 waypoint49)
65.941: (navigate rover2 waypoint20 waypoint3)
70.730: (navigate rover1 waypoint49 waypoint32)
74.043: (navigate rover1 waypoint32 waypoint23)
86.327: (navigate rover2 waypoint3 waypoint20)
69.851: (navigate rover1 waypoint23 waypoint45)
64.501: (navigate rover2 waypoint20 waypoint3)
86.272: (navigate rover5 waypoint9 waypoint36)
68.757: (navigate rover5 waypoint36 waypoint14)
66.021: (navigate rover2 waypoint3 waypoint2)
84.982: (navigate rover5 waypoint14 waypoint36)
74.442: (navigate rover2 waypoint2 waypoint48)
74.512: (navigate rover1 waypoint45 waypoint23)
71.636: (navigate rover1 waypoint23 waypoint32)
76.455: (navigate rover1 waypoint32 waypoint49)
71.402: (navigate rover2 waypoint48 waypoint2)
71.941: (navigate rover1 waypoint49 waypoint32)
75.613: (navigate rover1 waypoint32 waypoint23)
70.746: (navigate rover2 waypoint2 waypoint27)
84.062: (navigate rover2 waypoint27 waypoint10)
85.744: (navigate rover2 waypoint10 waypoint8)
71.039: (navigate rover1 waypoint23 waypoint32)
75.925: (navigate rover1 waypoint32 waypoint27)
66.638: (navigate rover5 waypoint36 waypoint14)
67.567: (navigate rover1 waypoint27 waypoint32)
74.381: (navigate rover1 waypoint32 waypoint23)
69.853: (navigate rover1 waypoint23 waypoint45)
81.660: (navigate rover5 waypoint14 waypoint36)
68.720: (navigate rover5 waypoint36 waypoint9)
73.648: (navigate rover1 waypoint45 waypoint23)
71.437: (navigate rover1 waypoint23 waypoint32)
75.890: (navigate rover1 waypoint32 waypoint27)
64.343: (navigate rover0 waypoint4 waypoint26)
82.951: (navigate rover5 waypoint9 waypoint36)
75.606: (navigate rover0 waypoint26 waypoint11)
87.458: (navigate rover0 waypoint11 waypoint20)
85.738: (navigate rover0 waypoint20 waypoint8)
70.550: (navigate rover1 waypoint27 waypoint32)
78.519: (navigate rover1 waypoint32 waypoint23)
72.108: (navigate rover1 waypoint23 waypoint45)
70.036: (navigate rover5 waypoint36 waypoint14)
74.576: (navigate rover1 waypoint45 waypoint23)
71.114: (navigate rover1 waypoint23 waypoint32)
77.429: (navigate rover1 waypoint32 waypoint27)
65.221: (navigate rover0 waypoint8 waypoint20)
72.458: (navigate rover1 waypoint27 waypoint32)
86.351: (navigate rover5 waypoint14 waypoint36)
81.433: (navigate rover1 waypoint32 waypoint23)
75.267: (navigate rover1 waypoint23 waypoint45)
73.427: (navigate rover0 waypoint20 waypoint38)
75.085: (navigate rover1 waypoint45 waypoint23)
71.428: (navigate rover1 waypoint23 waypoint32)
78.122: (navigate rover1 waypoint32 waypoint27)
68.187: (navigate rover5 waypoint36 waypoint14)
68.585: (navigate rover1 waypoint27 waypoint32)
76.407: (navigate rover1 waypoint32 waypoint23)
86.179: (navigate rover0 waypoint38 waypoint20)
74.051: (navigate rover1 waypoint23 waypoint45)
72.374: (navigate rover0 waypoint20 waypoint38)
65.172: (navigate rover4 waypoint8 waypoint10)
93.962: (navigate rover0 waypoint38 waypoint20)
94.532: (navigate rover0 waypoint20 waypoint8)
89.195: (navigate rover5 waypoint14 waypoint36)
78.810: (navigate rover1 waypoint45 waypoint23)
78.814: (navigate rover1 waypoint23 waypoint32)
83.580: (navigate rover1 waypoint32 waypoint49)
96.546: (navigate rover4 waypoint10 waypoint8)
71.392: (navigate rover5 waypoint36 waypoint14)
67.704: (navigate rover0 waypoint8 waypoint20)
85.955: (navigate rover5 waypoint14 waypoint36)
74.748: (navigate rover0 waypoint20 waypoint38)
70.818: (navigate rover5 waypoint36 waypoint14)
66.625: (navigate rover4 waypoint8 waypoint10)
95.303: (navigate rover0 waypoint38 waypoint20)
95.800: (navigate rover0 waypoint20 waypoint8)
79.255: (navigate rover1 waypoint49 waypoint32)
81.360: (navigate rover1 waypoint32 waypoint27)
88.591: (navigate rover5 waypoint14 waypoint36)
75.715: (navigate rover4 waypoint10 waypoint20)
72.882: (navigate rover1 waypoint27 waypoint32)
81.026: (navigate rover1 waypoint32 waypoint23)
74.453: (navigate rover1 waypoint23 waypoint45)
72.409: (navigate rover5 waypoint36 waypoint14)
76.795: (navigate rover1 waypoint45 waypoint23)
75.263: (navigate rover4 waypoint20 waypoint10)
73.175: (navigate rover0 waypoint8 waypoint20)
92.505: (navigate rover5 waypoint14 waypoint36)
84.861: (navigate rover4 waypoint10 waypoint20)
77.685: (navigate rover1 waypoint23 waypoint45)
76.274: (navigate rover4 waypoint20 waypoint10)
81.380: (navigate rover0 waypoint20 waypoint47)
94.436: (navigate rover4 waypoint10 waypoint8)
74.866: (navigate rover1 waypoint45 waypoint23)
71.995: (navigate rover1 waypoint23 waypoint32)
78.689: (navigate rover1 waypoint32 waypoint27)
68.769: (navigate rover5 waypoint36 waypoint14)
69.343: (navigate rover1 waypoint27 waypoint32)
77.137: (navigate rover1 waypoint32 waypoint23)
71.030: (navigate rover1 waypoint23 waypoint45)
65.107: (navigate rover4 waypoint8 waypoint10)
84.599: (navigate rover4 waypoint10 waypoint20)
87.016: (navigate rover0 waypoint47 waypoint20)
79.161: (navigate rover1 waypoint45 waypoint23)
76.417: (navigate rover1 waypoint23 waypoint32)
89.355: (navigate rover0 waypoint20 waypoint8)
79.600: (navigate rover1 waypoint32 waypoint27)
67.525: (navigate rover0 waypoint8 waypoint20)
85.970: (navigate rover5 waypoint14 waypoint36)
76.220: (navigate rover1 waypoint27 waypoint32)
81.068: (navigate rover1 waypoint32 waypoint49)
89.297: (navigate rover0 waypoint20 waypoint8)
73.789: (navigate rover5 waypoint36 waypoint14)
70.060: (navigate rover0 waypoint8 waypoint20)
76.102: (navigate rover0 waypoint20 waypoint10)
87.813: (navigate rover5 waypoint14 waypoint36)
77.849: (navigate rover1 waypoint49 waypoint32)
77.298: (navigate rover1 waypoint32 waypoint27)
70.791: (navigate rover5 waypoint36 waypoint14)
71.531: (navigate rover1 waypoint27 waypoint32)
75.428: (navigate rover1 waypoint32 waypoint25)
86.942: (navigate rover5 waypoint14 waypoint36)
82.277: (navigate rover0 waypoint10 waypoint20)
88.442: (navigate rover0 waypoint20 waypoint8)
79.110: (navigate rover1 waypoint25 waypoint4)
85.536: (navigate rover1 waypoint4 waypoint10)
76.279: (navigate rover4 waypoint20 waypoint10)
95.686: (navigate rover4 waypoint10 waypoint8)
73.347: (navigate rover5 waypoint36 waypoint14)
69.541: (navigate rover4 waypoint8 waypoint10)
75.859: (navigate rover4 waypoint10 waypoint20)
72.093: (navigate rover1 waypoint10 waypoint47)
83.496: (navigate rover5 waypoint14 waypoint36)
75.459: (navigate rover4 waypoint20 waypoint10)
93.526: (navigate rover4 waypoint10 waypoint8)
69.402: (navigate rover5 waypoint36 waypoint14)
65.700: (navigate rover0 waypoint8 waypoint20)
85.031: (navigate rover1 waypoint47 waypoint10)
89.204: (navigate rover5 waypoint14 waypoint36)
76.774: (navigate rover0 waypoint20 waypoint47)
73.200: (navigate rover5 waypoint36 waypoint14)
69.699: (navigate rover4 waypoint8 waypoint10)
94.567: (navigate rover0 waypoint47 waypoint20)
92.217: (navigate rover5 waypoint14 waypoint36)
85.167: (navigate rover4 waypoint10 waypoint20)
79.841: (navigate rover0 waypoint20 waypoint47)
76.869: (navigate rover4 waypoint20 waypoint10)
76.430: (navigate rover5 waypoint36 waypoint9)
95.017: (navigate rover0 waypoint47 waypoint20)
98.044: (navigate rover4 waypoint10 waypoint8)
89.741: (navigate rover0 waypoint20 waypoint8)
71.501: (navigate rover4 waypoint8 waypoint10)
77.594: (navigate rover4 waypoint10 waypoint20)
74.039: (navigate rover1 waypoint10 waypoint47)
75.086: (navigate rover4 waypoint20 waypoint10)
92.988: (navigate rover4 waypoint10 waypoint8)
66.400: (navigate rover0 waypoint8 waypoint20)
84.022: (navigate rover5 waypoint9 waypoint36)
72.092: (navigate rover0 waypoint20 waypoint10)
72.472: (navigate rover1 waypoint47 waypoint10)
71.101: (navigate rover5 waypoint36 waypoint14)
67.583: (navigate rover4 waypoint8 waypoint10)
89.042: (navigate rover4 waypoint10 waypoint20)
88.195: (navigate rover5 waypoint14 waypoint36)
74.677: (navigate rover5 waypoint36 waypoint9)
85.691: (navigate rover0 waypoint10 waypoint20)
79.621: (navigate rover0 waypoint20 waypoint47)
73.301: (navigate rover1 waypoint10 waypoint15)
90.484: (navigate rover0 waypoint47 waypoint20)
90.738: (navigate rover0 waypoint20 waypoint8)
87.956: (navigate rover5 waypoint9 waypoint36)
78.432: (navigate rover4 waypoint20 waypoint10)
97.977: (navigate rover4 waypoint10 waypoint8)
72.384: (navigate rover5 waypoint36 waypoint14)
68.762: (navigate rover0 waypoint8 waypoint20)
86.640: (navigate rover5 waypoint14 waypoint36)
75.581: (navigate rover0 waypoint20 waypoint10)
72.098: (navigate rover5 waypoint36 waypoint14)
68.511: (navigate rover4 waypoint8 waypoint10)
89.015: (navigate rover5 waypoint14 waypoint36)
89.983: (navigate rover4 waypoint10 waypoint20)
83.032: (navigate rover0 waypoint10 waypoint20)
78.278: (navigate rover4 waypoint20 waypoint10)
84.643: (navigate rover0 waypoint20 waypoint47)
97.192: (navigate rover4 waypoint10 waypoint8)
72.189: (navigate rover5 waypoint36 waypoint14)
68.259: (navigate rover4 waypoint8 waypoint10)
97.124: (navigate rover0 waypoint47 waypoint20)
97.613: (navigate rover0 waypoint20 waypoint8)
78.609: (navigate rover4 waypoint10 waypoint20)
70.909: (navigate rover0 waypoint8 waypoint20)
90.463: (navigate rover1 waypoint15 waypoint10)
78.414: (navigate rover0 waypoint20 waypoint47)
72.699: (navigate rover1 waypoint10 waypoint15)
86.882: (navigate rover5 waypoint14 waypoint36)
74.871: (navigate rover5 waypoint36 waypoint12)
91.665: (navigate rover5 waypoint12 waypoint28)
92.825: (navigate rover0 waypoint47 waypoint20)
94.085: (navigate rover1 waypoint15 waypoint10)
94.620: (navigate rover0 waypoint20 waypoint8)
92.514: (navigate rover5 waypoint28 waypoint8)
75.908: (navigate rover4 waypoint20 waypoint10)
95.558: (navigate rover4 waypoint10 waypoint8)
70.045: (navigate rover1 waypoint10 waypoint47)
66.275: (navigate rover0 waypoint8 waypoint20)
86.844: (navigate rover1 waypoint47 waypoint10)
76.607: (navigate rover0 waypoint20 waypoint47)
69.996: (navigate rover4 waypoint8 waypoint10)
95.297: (navigate rover0 waypoint47 waypoint20)
85.199: (navigate rover4 waypoint10 waypoint20)
79.712: (navigate rover0 waypoint20 waypoint47)
73.378: (navigate rover1 waypoint10 waypoint15)
90.673: (navigate rover0 waypoint47 waypoint20)
91.457: (navigate rover0 waypoint20 waypoint8)
78.054: (navigate rover4 waypoint20 waypoint10)
97.538: (navigate rover4 waypoint10 waypoint8)
69.325: (navigate rover0 waypoint8 waypoint20)
76.139: (navigate rover0 waypoint20 waypoint10)
80.412: (navigate rover1 waypoint15 waypoint10)
68.049: (navigate rover4 waypoint8 waypoint10)
89.654: (navigate rover4 waypoint10 waypoint20)
71.841: (navigate rover1 waypoint10 waypoint47)
80.102: (navigate rover0 waypoint10 waypoint20)
88.035: (navigate rover0 waypoint20 waypoint8)
75.065: (navigate rover4 waypoint20 waypoint10)
71.279: (navigate rover0 waypoint8 waypoint20)
78.617: (navigate rover0 waypoint20 waypoint38)
93.781: (navigate rover4 waypoint10 waypoint8)
83.343: (navigate rover1 waypoint47 waypoint10)
70.566: (navigate rover4 waypoint8 waypoint10)
87.873: (navigate rover4 waypoint10 waypoint20)
74.004: (navigate rover1 waypoint10 waypoint47)
68.396: (navigate rover5 waypoint8 waypoint28)
89.634: (navigate rover0 waypoint38 waypoint20)
89.592: (navigate rover0 waypoint20 waypoint8)
77.323: (navigate rover4 waypoint20 waypoint10)
94.890: (navigate rover4 waypoint10 waypoint8)
85.997: (navigate rover1 waypoint47 waypoint10)
75.325: (navigate rover5 waypoint28 waypoint35)
71.850: (navigate rover4 waypoint8 waypoint10)
96.153: (navigate rover5 waypoint35 waypoint28)
77.955: (navigate rover5 waypoint28 waypoint12)
96.607: (navigate rover4 waypoint10 waypoint8)
75.113: (navigate rover5 waypoint12 waypoint7)
75.233: (navigate rover5 waypoint7 waypoint37)
73.147: (navigate rover5 waypoint37 waypoint2)
68.708: (navigate rover4 waypoint8 waypoint10)
75.171: (navigate rover4 waypoint10 waypoint20)
74.003: (navigate rover5 waypoint2 waypoint37)
81.551: (navigate rover5 waypoint37 waypoint7)
78.111: (navigate rover4 waypoint20 waypoint10)
77.532: (navigate rover5 waypoint7 waypoint37)
75.259: (navigate rover5 waypoint37 waypoint17)
94.554: (navigate rover4 waypoint10 waypoint8)
69.703: (navigate rover1 waypoint10 waypoint47)
69.495: (navigate rover5 waypoint17 waypoint37)
73.419: (navigate rover5 waypoint37 waypoint7)
70.478: (navigate rover5 waypoint7 waypoint12)
68.847: (navigate rover5 waypoint12 waypoint43)
83.147: (navigate rover1 waypoint47 waypoint10)
70.053: (navigate rover4 waypoint8 waypoint10)
76.473: (navigate rover4 waypoint10 waypoint20)
77.579: (navigate rover5 waypoint43 waypoint12)
77.110: (navigate rover5 waypoint12 waypoint32)
75.595: (navigate rover4 waypoint20 waypoint10)
94.610: (navigate rover4 waypoint10 waypoint8)
69.852: (navigate rover1 waypoint10 waypoint47)
65.336: (navigate rover0 waypoint8 waypoint20)
85.274: (navigate rover1 waypoint47 waypoint10)
82.751: (navigate rover5 waypoint32 waypoint12)
94.740: (navigate rover5 waypoint12 waypoint28)
78.548: (navigate rover0 waypoint20 waypoint47)
75.314: (navigate rover5 waypoint28 waypoint35)
92.063: (navigate rover0 waypoint47 waypoint20)
77.751: (navigate rover0 waypoint20 waypoint38)
92.147: (navigate rover5 waypoint35 waypoint28)
75.259: (navigate rover5 waypoint28 waypoint12)
84.423: (navigate rover5 waypoint12 waypoint36)
73.145: (navigate rover5 waypoint36 waypoint14)
69.199: (navigate rover4 waypoint8 waypoint10)
89.237: (navigate rover5 waypoint14 waypoint36)
87.867: (navigate rover4 waypoint10 waypoint20)
76.774: (navigate rover5 waypoint36 waypoint14)
72.567: (navigate rover1 waypoint10 waypoint47)
86.540: (navigate rover0 waypoint38 waypoint20)
85.194: (navigate rover5 waypoint14 waypoint36)
74.684: (navigate rover4 waypoint20 waypoint10)
78.778: (navigate rover0 waypoint20 waypoint38)
93.533: (navigate rover4 waypoint10 waypoint8)
68.721: (navigate rover5 waypoint36 waypoint14)
64.545: (navigate rover4 waypoint8 waypoint10)
92.905: (navigate rover0 waypoint38 waypoint20)
93.492: (navigate rover0 waypoint20 waypoint8)
71.081: (navigate rover0 waypoint8 waypoint36)
93.283: (navigate rover4 waypoint10 waypoint8)
83.018: (navigate rover1 waypoint47 waypoint10)
84.968: (navigate rover5 waypoint14 waypoint36)
72.567: (navigate rover5 waypoint36 waypoint9)
71.623: (navigate rover4 waypoint8 waypoint10)
89.032: (navigate rover5 waypoint9 waypoint36)
87.669: (navigate rover4 waypoint10 waypoint20)
76.693: (navigate rover5 waypoint36 waypoint14)
76.128: (navigate rover4 waypoint20 waypoint10)
72.746: (navigate rover1 waypoint10 waypoint4)
96.827: (navigate rover0 waypoint36 waypoint8)
95.879: (navigate rover4 waypoint10 waypoint8)
84.637: (navigate rover5 waypoint14 waypoint36)
82.309: (navigate rover1 waypoint4 waypoint36)
90.117: (navigate rover1 waypoint36 waypoint8)
72.544: (navigate rover5 waypoint36 waypoint14)
69.495: (navigate rover1 waypoint8 waypoint36)
70.097: (navigate rover1 waypoint36 waypoint14)
83.212: (navigate rover5 waypoint14 waypoint36)
69.689: (navigate rover5 waypoint36 waypoint9)
85.561: (navigate rover1 waypoint14 waypoint36)
89.896: (navigate rover1 waypoint36 waypoint8)
70.759: (navigate rover0 waypoint8 waypoint20)
87.384: (navigate rover5 waypoint9 waypoint36)
75.145: (navigate rover0 waypoint20 waypoint38)
71.521: (navigate rover5 waypoint36 waypoint14)
88.238: (navigate rover0 waypoint38 waypoint20)
74.429: (navigate rover0 waypoint20 waypoint47)
82.982: (navigate rover5 waypoint14 waypoint36)
72.094: (navigate rover5 waypoint36 waypoint9)
69.657: (navigate rover1 waypoint8 waypoint36)
88.112: (navigate rover0 waypoint47 waypoint20)
82.667: (navigate rover5 waypoint9 waypoint36)
74.138: (navigate rover1 waypoint36 waypoint14)
73.006: (navigate rover0 waypoint20 waypoint10)
86.044: (navigate rover1 waypoint14 waypoint36)
92.092: (navigate rover1 waypoint36 waypoint8)
71.081: (navigate rover5 waypoint36 waypoint14)
67.983: (navigate rover4 waypoint8 waypoint10)
88.363: (navigate rover4 waypoint10 waypoint20)
86.476: (navigate rover5 waypoint14 waypoint36)
83.007: (navigate rover0 waypoint10 waypoint20)
88.515: (navigate rover0 waypoint20 waypoint8)
77.682: (navigate rover4 waypoint20 waypoint10)
78.396: (navigate rover5 waypoint36 waypoint14)
77.164: (navigate rover4 waypoint10 waypoint20)
71.633: (navigate rover1 waypoint8 waypoint36)
81.626: (navigate rover5 waypoint14 waypoint36)
76.405: (navigate rover4 waypoint20 waypoint10)
77.318: (navigate rover1 waypoint36 waypoint14)
76.186: (navigate rover4 waypoint10 waypoint20)
71.988: (navigate rover5 waypoint36 waypoint9)
87.670: (navigate rover1 waypoint14 waypoint36)
92.291: (navigate rover1 waypoint36 waypoint8)
78.468: (navigate rover4 waypoint20 waypoint10)
77.217: (navigate rover1 waypoint8 waypoint36)
78.367: (navigate rover1 waypoint36 waypoint14)
74.912: (navigate rover0 waypoint8 waypoint20)
97.622: (navigate rover4 waypoint10 waypoint8)
74.032: (navigate rover0 waypoint20 waypoint38)
84.447: (navigate rover1 waypoint14 waypoint36)
88.816: (navigate rover1 waypoint36 waypoint8)
69.200: (navigate rover4 waypoint8 waypoint10)
96.963: (navigate rover0 waypoint38 waypoint20)
94.724: (navigate rover5 waypoint9 waypoint36)
82.871: (navigate rover0 waypoint20 waypoint47)
88.305: (navigate rover4 waypoint10 waypoint20)
74.969: (navigate rover5 waypoint36 waypoint14)
89.646: (navigate rover0 waypoint47 waypoint20)
76.528: (navigate rover0 waypoint20 waypoint38)
84.970: (navigate rover5 waypoint14 waypoint36)
74.286: (navigate rover5 waypoint36 waypoint9)
90.532: (navigate rover0 waypoint38 waypoint20)
77.986: (navigate rover0 waypoint20 waypoint47)
74.620: (navigate rover4 waypoint20 waypoint10)
77.084: (navigate rover1 waypoint8 waypoint36)
96.750: (navigate rover0 waypoint47 waypoint20)
91.095: (navigate rover5 waypoint9 waypoint36)
84.758: (navigate rover4 waypoint10 waypoint20)
76.642: (navigate rover1 waypoint36 waypoint14)
75.491: (navigate rover0 waypoint20 waypoint10)
88.784: (navigate rover1 waypoint14 waypoint36)
73.949: (navigate rover1 waypoint36 waypoint4)
83.380: (navigate rover0 waypoint10 waypoint20)
77.320: (navigate rover4 waypoint20 waypoint10)
99.020: (navigate rover4 waypoint10 waypoint8)
74.894: (navigate rover0 waypoint20 waypoint38)
81.737: (navigate rover1 waypoint4 waypoint36)
70.301: (navigate rover1 waypoint36 waypoint14)
68.741: (navigate rover5 waypoint36 waypoint14)
86.180: (navigate rover0 waypoint38 waypoint20)
85.975: (navigate rover1 waypoint14 waypoint36)
73.091: (navigate rover0 waypoint20 waypoint38)
69.006: (navigate rover1 waypoint36 waypoint4)
88.203: (navigate rover0 waypoint38 waypoint20)
74.165: (navigate rover0 waypoint20 waypoint47)
84.350: (navigate rover5 waypoint14 waypoint36)
82.148: (navigate rover1 waypoint4 waypoint36)
70.964: (navigate rover1 waypoint36 waypoint14)
69.482: (navigate rover5 waypoint36 waypoint9)
66.777: (navigate rover4 waypoint8 waypoint10)
90.570: (navigate rover5 waypoint9 waypoint36)
95.972: (navigate rover0 waypoint47 waypoint20)
80.858: (navigate rover0 waypoint20 waypoint38)
91.828: (navigate rover1 waypoint14 waypoint36)
99.465: (navigate rover1 waypoint36 waypoint8)
78.679: (navigate rover5 waypoint36 waypoint14)
95.792: (navigate rover0 waypoint38 waypoint20)
81.782: (navigate rover0 waypoint20 waypoint47)
76.131: (navigate rover1 waypoint8 waypoint36)
95.947: (navigate rover0 waypoint47 waypoint20)
96.247: (navigate rover0 waypoint20 waypoint8)
76.175: (navigate rover1 waypoint36 waypoint14)
74.826: (navigate rover4 waypoint10 waypoint20)
68.486: (navigate rover0 waypoint8 waypoint20)
87.884: (navigate rover1 waypoint14 waypoint36)
75.582: (navigate rover0 waypoint20 waypoint10)
72.817: (navigate rover1 waypoint36 waypoint14)
70.690: (navigate rover4 waypoint20 waypoint10)
90.547: (navigate rover4 waypoint10 waypoint8)
84.789: (navigate rover1 waypoint14 waypoint36)
69.289: (navigate rover1 waypoint36 waypoint4)
86.090: (navigate rover5 waypoint14 waypoint36)
74.682: (navigate rover1 waypoint4 waypoint43)
91.445: (navigate rover1 waypoint43 waypoint28)
85.273: (navigate rover0 waypoint10 waypoint20)
87.504: (navigate rover0 waypoint20 waypoint8)
72.920: (navigate rover1 waypoint28 waypoint43)
69.407: (navigate rover5 waypoint36 waypoint14)
88.480: (navigate rover1 waypoint43 waypoint28)
68.404: (navigate rover0 waypoint8 waypoint20)
74.455: (navigate rover1 waypoint28 waypoint43)
83.515: (navigate rover5 waypoint14 waypoint36)
72.653: (navigate rover0 waypoint20 waypoint38)
88.825: (navigate rover1 waypoint43 waypoint28)
71.428: (navigate rover5 waypoint36 waypoint14)
71.019: (navigate rover1 waypoint28 waypoint43)
64.359: (navigate rover4 waypoint8 waypoint10)
96.281: (navigate rover1 waypoint43 waypoint28)
97.103: (navigate rover0 waypoint38 waypoint20)
97.115: (navigate rover0 waypoint20 waypoint8)
91.757: (navigate rover5 waypoint14 waypoint36)
79.712: (navigate rover1 waypoint28 waypoint43)
Failed to find a solution!
