/u/ibrahim.eisawy/Neural-Guided-Search/venv/lib/python3.10/site-packages/pymimir_rgnn/model.py:162: UserWarning: index_reduce() is in beta and the API may change at any time. (Triggered internally at /pytorch/aten/src/ATen/native/cuda/Indexing.cu:1541.)
  exps_max.index_reduce_(0, output_indices, output_messages, reduce="amax", include_self=False)
Torch: 2.12.0+cu130
Using GPU:  NVIDIA L40S
14.170: (calibrate rover4 camera5 objective4 waypoint37)
5.067: (take_image rover4 waypoint37 objective12 camera5 high_res)
20.132: (navigate rover4 waypoint37 waypoint12)
17.602: (communicate_image_data rover4 general objective12 high_res waypoint12 waypoint16)
10.717: (calibrate rover4 camera5 objective4 waypoint12)
3.399: (calibrate rover2 camera0 objective11 waypoint1)
1.886: (take_image rover2 waypoint1 objective13 camera0 low_res)
13.571: (navigate rover2 waypoint1 waypoint2)
15.302: (communicate_image_data rover2 general objective13 low_res waypoint2 waypoint16)
0.906: (take_image rover4 waypoint12 objective11 camera5 high_res)
18.576: (communicate_image_data rover4 general objective11 high_res waypoint12 waypoint16)
4.340: (calibrate rover1 camera4 objective9 waypoint36)
7.035: (take_image rover1 waypoint36 objective9 camera4 low_res)
13.133: (communicate_image_data rover1 general objective9 low_res waypoint36 waypoint16)
75.035: (navigate rover3 waypoint25 waypoint37)
70.954: (calibrate rover3 camera3 objective0 waypoint37)
56.640: (navigate rover0 waypoint49 waypoint37)
56.659: (calibrate rover0 camera8 objective4 waypoint37)
52.521: (navigate rover5 waypoint22 waypoint37)
54.918: (calibrate rover5 camera11 objective0 waypoint37)
48.001: (navigate rover4 waypoint12 waypoint37)
40.959: (take_image rover0 waypoint37 objective12 camera8 low_res)
58.826: (navigate rover0 waypoint37 waypoint49)
57.795: (navigate rover0 waypoint49 waypoint10)
53.799: (navigate rover0 waypoint10 waypoint0)
46.961: (take_image rover5 waypoint37 objective12 camera11 low_res)
64.974: (navigate rover0 waypoint0 waypoint10)
66.521: (navigate rover5 waypoint37 waypoint26)
57.975: (communicate_image_data rover5 general objective12 low_res waypoint26 waypoint16)
70.577: (navigate rover4 waypoint37 waypoint3)
69.964: (navigate rover3 waypoint37 waypoint25)
69.129: (navigate rover3 waypoint25 waypoint45)
62.802: (navigate rover4 waypoint3 waypoint46)
62.433: (sample_soil rover3 rover3store waypoint45)
60.617: (sample_rock rover1 rover1store waypoint36)
59.029: (navigate rover2 waypoint2 waypoint43)
63.324: (navigate rover2 waypoint43 waypoint10)
55.854: (sample_rock rover0 rover0store waypoint10)
65.989: (navigate rover2 waypoint10 waypoint43)
56.945: (navigate rover0 waypoint10 waypoint0)
48.408: (navigate rover2 waypoint43 waypoint10)
45.059: (drop rover1 rover1store)
58.025: (navigate rover2 waypoint10 waypoint43)
46.848: (navigate rover2 waypoint43 waypoint2)
65.126: (navigate rover2 waypoint2 waypoint9)
57.200: (navigate rover2 waypoint9 waypoint45)
45.996: (navigate rover0 waypoint0 waypoint10)
51.635: (navigate rover0 waypoint10 waypoint49)
58.532: (navigate rover0 waypoint49 waypoint29)
48.908: (navigate rover0 waypoint29 waypoint44)
48.288: (navigate rover4 waypoint46 waypoint3)
57.046: (navigate rover4 waypoint3 waypoint15)
49.692: (navigate rover0 waypoint44 waypoint29)
45.323: (navigate rover0 waypoint29 waypoint49)
56.666: (navigate rover0 waypoint49 waypoint24)
55.092: (navigate rover0 waypoint24 waypoint45)
44.877: (drop rover0 rover0store)
45.047: (navigate rover2 waypoint45 waypoint9)
48.815: (navigate rover2 waypoint9 waypoint2)
65.838: (navigate rover2 waypoint2 waypoint43)
50.948: (navigate rover2 waypoint43 waypoint10)
45.296: (navigate rover5 waypoint26 waypoint37)
62.199: (navigate rover2 waypoint10 waypoint43)
60.734: (navigate rover5 waypoint37 waypoint33)
49.936: (navigate rover2 waypoint43 waypoint10)
44.181: (navigate rover4 waypoint15 waypoint3)
60.490: (navigate rover2 waypoint10 waypoint43)
56.949: (navigate rover4 waypoint3 waypoint46)
50.614: (navigate rover2 waypoint43 waypoint10)
47.596: (navigate rover5 waypoint33 waypoint37)
63.887: (navigate rover5 waypoint37 waypoint26)
62.703: (navigate rover2 waypoint10 waypoint43)
48.453: (navigate rover2 waypoint43 waypoint2)
65.942: (navigate rover2 waypoint2 waypoint9)
58.526: (navigate rover2 waypoint9 waypoint45)
45.700: (navigate rover4 waypoint46 waypoint3)
50.697: (navigate rover4 waypoint3 waypoint4)
63.838: (navigate rover4 waypoint4 waypoint35)
46.395: (sample_rock rover5 rover5store waypoint26)
45.591: (navigate rover2 waypoint45 waypoint9)
49.343: (navigate rover2 waypoint9 waypoint2)
66.458: (navigate rover2 waypoint2 waypoint43)
51.125: (navigate rover2 waypoint43 waypoint10)
45.968: (navigate rover4 waypoint35 waypoint4)
65.975: (navigate rover2 waypoint10 waypoint43)
56.262: (navigate rover4 waypoint4 waypoint3)
57.332: (navigate rover4 waypoint3 waypoint46)
50.530: (navigate rover2 waypoint43 waypoint10)
45.189: (navigate rover4 waypoint46 waypoint3)
54.344: (navigate rover4 waypoint3 waypoint15)
63.166: (navigate rover2 waypoint10 waypoint43)
46.941: (navigate rover2 waypoint43 waypoint2)
64.425: (navigate rover2 waypoint2 waypoint9)
57.250: (navigate rover2 waypoint9 waypoint45)
43.938: (navigate rover4 waypoint15 waypoint3)
57.284: (navigate rover4 waypoint3 waypoint46)
45.091: (navigate rover2 waypoint45 waypoint9)
48.794: (navigate rover2 waypoint9 waypoint2)
64.136: (navigate rover2 waypoint2 waypoint28)
57.910: (navigate rover2 waypoint28 waypoint4)
44.252: (navigate rover4 waypoint46 waypoint3)
53.390: (navigate rover4 waypoint3 waypoint15)
50.970: (navigate rover2 waypoint4 waypoint28)
41.617: (navigate rover4 waypoint15 waypoint3)
47.454: (navigate rover4 waypoint3 waypoint4)
60.926: (navigate rover4 waypoint4 waypoint35)
48.188: (navigate rover2 waypoint28 waypoint4)
44.409: (navigate rover4 waypoint35 waypoint4)
48.657: (navigate rover4 waypoint4 waypoint18)
51.098: (navigate rover2 waypoint4 waypoint28)
42.598: (navigate rover2 waypoint28 waypoint2)
65.198: (navigate rover2 waypoint2 waypoint43)
50.078: (navigate rover2 waypoint43 waypoint10)
44.627: (navigate rover0 waypoint45 waypoint24)
67.013: (navigate rover4 waypoint18 waypoint4)
65.413: (navigate rover2 waypoint10 waypoint43)
62.488: (navigate rover4 waypoint4 waypoint35)
50.938: (navigate rover2 waypoint43 waypoint10)
48.703: (navigate rover0 waypoint24 waypoint11)
64.380: (navigate rover2 waypoint10 waypoint43)
61.976: (navigate rover0 waypoint11 waypoint5)
50.283: (navigate rover2 waypoint43 waypoint10)
45.020: (navigate rover4 waypoint35 waypoint4)
65.730: (navigate rover2 waypoint10 waypoint43)
55.247: (navigate rover4 waypoint4 waypoint3)
56.227: (navigate rover4 waypoint3 waypoint46)
49.656: (navigate rover2 waypoint43 waypoint10)
46.747: (navigate rover0 waypoint5 waypoint11)
63.720: (navigate rover2 waypoint10 waypoint43)
59.844: (navigate rover0 waypoint11 waypoint24)
50.355: (navigate rover2 waypoint43 waypoint10)
47.955: (navigate rover0 waypoint24 waypoint49)
65.189: (navigate rover0 waypoint49 waypoint9)
66.309: (navigate rover2 waypoint10 waypoint43)
58.493: (navigate rover0 waypoint9 waypoint15)
59.072: (sample_rock rover0 rover0store waypoint15)
57.068: (navigate rover0 waypoint15 waypoint38)
51.547: (navigate rover2 waypoint43 waypoint2)
70.771: (navigate rover2 waypoint2 waypoint28)
61.126: (navigate rover2 waypoint28 waypoint4)
49.303: (drop rover0 rover0store)
66.729: (sample_soil rover0 rover0store waypoint38)
82.295: (communicate_soil_data rover0 general waypoint38 waypoint38 waypoint16)
61.569: (navigate rover0 waypoint38 waypoint15)
54.940: (navigate rover2 waypoint4 waypoint28)
49.332: (navigate rover0 waypoint15 waypoint9)
62.314: (navigate rover2 waypoint28 waypoint4)
52.660: (navigate rover0 waypoint9 waypoint34)
54.606: (navigate rover2 waypoint4 waypoint28)
49.366: (navigate rover0 waypoint34 waypoint6)
59.891: (navigate rover2 waypoint28 waypoint4)
47.765: (navigate rover4 waypoint46 waypoint3)
56.684: (navigate rover0 waypoint6 waypoint34)
69.596: (navigate rover0 waypoint34 waypoint9)
55.580: (navigate rover2 waypoint4 waypoint28)
51.718: (navigate rover4 waypoint3 waypoint4)
65.134: (navigate rover4 waypoint4 waypoint35)
52.256: (navigate rover2 waypoint28 waypoint4)
52.288: (navigate rover0 waypoint9 waypoint34)
61.491: (navigate rover2 waypoint4 waypoint28)
49.180: (navigate rover0 waypoint34 waypoint6)
49.849: (navigate rover2 waypoint28 waypoint4)
47.566: (navigate rover4 waypoint35 waypoint4)
58.085: (navigate rover0 waypoint6 waypoint34)
71.035: (navigate rover0 waypoint34 waypoint9)
53.653: (navigate rover4 waypoint4 waypoint18)
55.313: (navigate rover2 waypoint4 waypoint28)
49.244: (navigate rover0 waypoint9 waypoint34)
63.910: (navigate rover4 waypoint18 waypoint4)
56.437: (navigate rover4 waypoint4 waypoint3)
48.576: (navigate rover0 waypoint34 waypoint6)
49.391: (navigate rover4 waypoint3 waypoint4)
49.280: (navigate rover4 waypoint4 waypoint18)
57.949: (navigate rover2 waypoint28 waypoint4)
56.216: (navigate rover0 waypoint6 waypoint34)
46.567: (navigate rover3 waypoint45 waypoint48)
68.055: (navigate rover0 waypoint34 waypoint9)
61.727: (navigate rover4 waypoint18 waypoint4)
65.867: (navigate rover4 waypoint4 waypoint35)
64.942: (navigate rover2 waypoint4 waypoint28)
52.126: (navigate rover0 waypoint9 waypoint25)
60.290: (navigate rover3 waypoint48 waypoint45)
63.627: (navigate rover0 waypoint25 waypoint47)
48.491: (navigate rover2 waypoint28 waypoint4)
47.742: (navigate rover0 waypoint47 waypoint25)
51.971: (navigate rover4 waypoint35 waypoint4)
62.429: (navigate rover0 waypoint25 waypoint47)
56.003: (navigate rover4 waypoint4 waypoint3)
57.697: (navigate rover4 waypoint3 waypoint46)
52.870: (navigate rover2 waypoint4 waypoint28)
44.574: (navigate rover0 waypoint47 waypoint25)
63.899: (navigate rover2 waypoint28 waypoint4)
52.148: (navigate rover4 waypoint46 waypoint3)
56.700: (navigate rover2 waypoint4 waypoint28)
62.745: (navigate rover0 waypoint25 waypoint47)
47.659: (navigate rover4 waypoint3 waypoint4)
47.965: (navigate rover4 waypoint4 waypoint18)
56.737: (navigate rover2 waypoint28 waypoint4)
47.344: (navigate rover0 waypoint47 waypoint25)
56.706: (navigate rover2 waypoint4 waypoint28)
69.859: (navigate rover4 waypoint18 waypoint4)
53.945: (navigate rover4 waypoint4 waypoint42)
64.605: (navigate rover0 waypoint25 waypoint47)
58.398: (navigate rover2 waypoint28 waypoint4)
48.828: (navigate rover0 waypoint47 waypoint25)
59.622: (navigate rover0 waypoint25 waypoint9)
56.652: (navigate rover2 waypoint4 waypoint28)
50.566: (navigate rover0 waypoint9 waypoint34)
60.390: (navigate rover2 waypoint28 waypoint4)
52.395: (navigate rover0 waypoint34 waypoint6)
54.445: (navigate rover2 waypoint4 waypoint28)
45.620: (navigate rover2 waypoint28 waypoint2)
72.612: (navigate rover4 waypoint42 waypoint4)
67.503: (navigate rover2 waypoint2 waypoint9)
66.250: (navigate rover4 waypoint4 waypoint35)
62.458: (navigate rover2 waypoint9 waypoint45)
53.601: (navigate rover0 waypoint6 waypoint34)
64.094: (navigate rover0 waypoint34 waypoint9)
59.026: (navigate rover0 waypoint9 waypoint15)
50.221: (navigate rover0 waypoint15 waypoint38)
56.462: (communicate_rock_data rover0 general waypoint15 waypoint38 waypoint16)
59.521: (navigate rover0 waypoint38 waypoint15)
52.628: (navigate rover0 waypoint15 waypoint9)
56.445: (navigate rover0 waypoint9 waypoint25)
62.329: (navigate rover0 waypoint25 waypoint47)
48.507: (navigate rover4 waypoint35 waypoint4)
58.102: (navigate rover4 waypoint4 waypoint3)
59.456: (navigate rover4 waypoint3 waypoint46)
49.595: (navigate rover0 waypoint47 waypoint25)
52.068: (navigate rover2 waypoint45 waypoint9)
62.960: (navigate rover0 waypoint25 waypoint47)
52.179: (navigate rover2 waypoint9 waypoint34)
55.518: (navigate rover2 waypoint34 waypoint17)
49.635: (navigate rover0 waypoint47 waypoint25)
59.328: (navigate rover0 waypoint25 waypoint9)
54.304: (navigate rover2 waypoint17 waypoint34)
71.883: (navigate rover2 waypoint34 waypoint9)
62.927: (navigate rover2 waypoint9 waypoint45)
54.929: (navigate rover0 waypoint9 waypoint49)
61.961: (navigate rover0 waypoint49 waypoint24)
60.812: (navigate rover0 waypoint24 waypoint45)
49.118: (navigate rover2 waypoint45 waypoint9)
53.245: (navigate rover2 waypoint9 waypoint34)
56.734: (navigate rover2 waypoint34 waypoint17)
49.124: (navigate rover4 waypoint46 waypoint3)
53.592: (navigate rover4 waypoint3 waypoint4)
66.548: (navigate rover4 waypoint4 waypoint35)
54.694: (navigate rover2 waypoint17 waypoint34)
72.183: (navigate rover2 waypoint34 waypoint9)
63.814: (navigate rover2 waypoint9 waypoint45)
49.694: (navigate rover4 waypoint35 waypoint4)
59.345: (navigate rover4 waypoint4 waypoint3)
50.145: (navigate rover4 waypoint3 waypoint37)
64.114: (navigate rover4 waypoint37 waypoint25)
62.693: (navigate rover4 waypoint25 waypoint47)
46.952: (navigate rover2 waypoint45 waypoint9)
50.890: (navigate rover2 waypoint9 waypoint34)
54.808: (navigate rover2 waypoint34 waypoint17)
48.959: (navigate rover4 waypoint47 waypoint25)
59.467: (navigate rover4 waypoint25 waypoint9)
51.595: (navigate rover2 waypoint17 waypoint34)
67.751: (navigate rover2 waypoint34 waypoint9)
61.646: (navigate rover2 waypoint9 waypoint45)
47.210: (navigate rover0 waypoint45 waypoint24)
54.557: (navigate rover4 waypoint9 waypoint25)
63.123: (navigate rover4 waypoint25 waypoint47)
50.274: (navigate rover0 waypoint24 waypoint42)
53.432: (navigate rover4 waypoint47 waypoint25)
56.931: (navigate rover4 waypoint25 waypoint38)
73.144: (navigate rover0 waypoint42 waypoint24)
61.748: (navigate rover0 waypoint24 waypoint45)
49.877: (navigate rover2 waypoint45 waypoint9)
62.958: (navigate rover4 waypoint38 waypoint25)
54.295: (navigate rover2 waypoint9 waypoint34)
52.823: (navigate rover4 waypoint25 waypoint38)
57.418: (navigate rover2 waypoint34 waypoint17)
49.325: (navigate rover0 waypoint45 waypoint24)
61.399: (navigate rover4 waypoint38 waypoint25)
63.215: (navigate rover4 waypoint25 waypoint47)
51.638: (navigate rover2 waypoint17 waypoint34)
69.743: (navigate rover2 waypoint34 waypoint9)
51.947: (navigate rover2 waypoint9 waypoint2)
66.386: (navigate rover2 waypoint2 waypoint28)
59.093: (navigate rover2 waypoint28 waypoint4)
58.408: (navigate rover0 waypoint24 waypoint45)
53.169: (navigate rover2 waypoint4 waypoint28)
45.032: (navigate rover4 waypoint47 waypoint25)
62.170: (navigate rover2 waypoint28 waypoint4)
59.326: (navigate rover4 waypoint25 waypoint9)
54.199: (navigate rover2 waypoint4 waypoint28)
45.673: (navigate rover2 waypoint28 waypoint2)
58.577: (navigate rover2 waypoint2 waypoint16)
66.102: (navigate rover2 waypoint16 waypoint36)
49.101: (navigate rover4 waypoint9 waypoint25)
60.908: (navigate rover4 waypoint25 waypoint47)
44.004: (navigate rover0 waypoint45 waypoint24)
47.752: (navigate rover0 waypoint24 waypoint42)
51.115: (navigate rover4 waypoint47 waypoint25)
72.712: (navigate rover0 waypoint42 waypoint24)
57.583: (navigate rover4 waypoint25 waypoint9)
48.926: (navigate rover0 waypoint24 waypoint42)
51.374: (communicate_rock_data rover0 general waypoint10 waypoint42 waypoint16)
69.138: (navigate rover0 waypoint42 waypoint24)
60.079: (navigate rover0 waypoint24 waypoint45)
51.058: (navigate rover4 waypoint9 waypoint25)
62.981: (navigate rover4 waypoint25 waypoint47)
46.475: (navigate rover0 waypoint45 waypoint24)
50.144: (navigate rover0 waypoint24 waypoint42)
50.835: (navigate rover4 waypoint47 waypoint25)
72.400: (navigate rover0 waypoint42 waypoint24)
54.303: (navigate rover4 waypoint25 waypoint38)
62.325: (navigate rover0 waypoint24 waypoint45)
49.264: (navigate rover3 waypoint45 waypoint48)
70.756: (navigate rover4 waypoint38 waypoint25)
53.911: (navigate rover4 waypoint25 waypoint47)
45.229: (navigate rover0 waypoint45 waypoint24)
51.468: (navigate rover4 waypoint47 waypoint25)
53.715: (navigate rover0 waypoint24 waypoint42)
55.816: (navigate rover4 waypoint25 waypoint47)
46.362: (communicate_rock_data rover5 general waypoint26 waypoint26 waypoint16)
67.706: (navigate rover0 waypoint42 waypoint24)
59.530: (navigate rover0 waypoint24 waypoint45)
57.832: (navigate rover3 waypoint48 waypoint45)
48.730: (navigate rover4 waypoint47 waypoint25)
59.057: (navigate rover4 waypoint25 waypoint9)
47.726: (navigate rover0 waypoint45 waypoint24)
51.385: (navigate rover4 waypoint9 waypoint25)
63.462: (navigate rover4 waypoint25 waypoint47)
50.071: (navigate rover0 waypoint24 waypoint42)
50.728: (navigate rover4 waypoint47 waypoint25)
60.796: (navigate rover4 waypoint25 waypoint9)
48.698: (navigate rover3 waypoint45 waypoint48)
68.332: (navigate rover0 waypoint42 waypoint24)
60.765: (navigate rover0 waypoint24 waypoint45)
56.668: (navigate rover4 waypoint9 waypoint25)
52.558: (navigate rover4 waypoint25 waypoint38)
59.957: (navigate rover3 waypoint48 waypoint45)
49.696: (navigate rover0 waypoint45 waypoint24)
52.857: (navigate rover0 waypoint24 waypoint42)
50.684: (navigate rover3 waypoint45 waypoint48)
71.734: (navigate rover4 waypoint38 waypoint25)
72.105: (navigate rover0 waypoint42 waypoint24)
53.558: (navigate rover0 waypoint24 waypoint11)
67.277: (navigate rover0 waypoint11 waypoint5)
60.320: (navigate rover3 waypoint48 waypoint45)
61.728: (navigate rover4 waypoint25 waypoint47)
47.475: (navigate rover0 waypoint5 waypoint11)
49.636: (navigate rover4 waypoint47 waypoint25)
59.697: (navigate rover4 waypoint25 waypoint9)
65.362: (navigate rover0 waypoint11 waypoint5)
46.191: (navigate rover3 waypoint45 waypoint48)
47.512: (navigate rover0 waypoint5 waypoint11)
45.095: (navigate rover5 waypoint26 waypoint37)
67.917: (navigate rover0 waypoint11 waypoint24)
64.988: (navigate rover0 waypoint24 waypoint45)
62.298: (navigate rover3 waypoint48 waypoint45)
60.417: (navigate rover5 waypoint37 waypoint31)
55.774: (navigate rover4 waypoint9 waypoint25)
65.021: (navigate rover4 waypoint25 waypoint47)
54.975: (navigate rover5 waypoint31 waypoint37)
61.052: (navigate rover5 waypoint37 waypoint33)
50.501: (navigate rover4 waypoint47 waypoint25)
58.381: (navigate rover4 waypoint25 waypoint9)
49.401: (navigate rover0 waypoint45 waypoint24)
53.517: (navigate rover5 waypoint33 waypoint37)
60.710: (navigate rover5 waypoint37 waypoint17)
64.603: (navigate rover0 waypoint24 waypoint45)
55.871: (navigate rover4 waypoint9 waypoint25)
65.154: (navigate rover4 waypoint25 waypoint47)
51.152: (navigate rover0 waypoint45 waypoint24)
56.040: (navigate rover5 waypoint17 waypoint37)
61.809: (navigate rover5 waypoint37 waypoint33)
51.934: (navigate rover0 waypoint24 waypoint42)
51.440: (navigate rover5 waypoint33 waypoint37)
58.249: (navigate rover5 waypoint37 waypoint17)
53.511: (navigate rover4 waypoint47 waypoint25)
74.576: (navigate rover0 waypoint42 waypoint24)
57.734: (navigate rover5 waypoint17 waypoint37)
65.771: (navigate rover5 waypoint37 waypoint33)
53.902: (navigate rover0 waypoint24 waypoint42)
60.121: (navigate rover4 waypoint25 waypoint9)
52.619: (navigate rover5 waypoint33 waypoint37)
59.373: (navigate rover5 waypoint37 waypoint17)
51.401: (navigate rover3 waypoint45 waypoint48)
70.464: (navigate rover0 waypoint42 waypoint24)
65.450: (navigate rover0 waypoint24 waypoint45)
61.742: (navigate rover4 waypoint9 waypoint25)
56.303: (navigate rover4 waypoint25 waypoint47)
54.408: (navigate rover5 waypoint17 waypoint37)
58.464: (navigate rover5 waypoint37 waypoint33)
53.104: (navigate rover4 waypoint47 waypoint25)
52.716: (navigate rover5 waypoint33 waypoint37)
63.402: (navigate rover3 waypoint48 waypoint45)
60.811: (navigate rover5 waypoint37 waypoint22)
73.395: (navigate rover5 waypoint22 waypoint44)
65.040: (navigate rover4 waypoint25 waypoint47)
58.973: (navigate rover5 waypoint44 waypoint35)
51.903: (navigate rover4 waypoint47 waypoint25)
60.212: (navigate rover4 waypoint25 waypoint9)
51.009: (navigate rover0 waypoint45 waypoint24)
54.887: (navigate rover4 waypoint9 waypoint25)
64.525: (navigate rover4 waypoint25 waypoint47)
53.287: (navigate rover0 waypoint24 waypoint42)
51.796: (navigate rover4 waypoint47 waypoint25)
62.018: (navigate rover4 waypoint25 waypoint9)
50.390: (navigate rover5 waypoint35 waypoint44)
71.118: (navigate rover0 waypoint42 waypoint24)
61.579: (navigate rover0 waypoint24 waypoint45)
49.305: (navigate rover3 waypoint45 waypoint48)
58.903: (navigate rover5 waypoint44 waypoint35)
60.710: (navigate rover4 waypoint9 waypoint25)
55.225: (navigate rover4 waypoint25 waypoint47)
48.278: (navigate rover5 waypoint35 waypoint44)
53.116: (navigate rover4 waypoint47 waypoint25)
55.393: (navigate rover4 waypoint25 waypoint38)
62.039: (navigate rover3 waypoint48 waypoint45)
62.108: (navigate rover5 waypoint44 waypoint35)
50.530: (navigate rover0 waypoint45 waypoint24)
53.728: (navigate rover0 waypoint24 waypoint42)
52.065: (navigate rover5 waypoint35 waypoint44)
72.921: (navigate rover0 waypoint42 waypoint24)
64.467: (navigate rover4 waypoint38 waypoint25)
65.530: (navigate rover4 waypoint25 waypoint47)
52.004: (navigate rover0 waypoint24 waypoint42)
52.929: (navigate rover4 waypoint47 waypoint25)
57.722: (navigate rover4 waypoint25 waypoint32)
70.495: (navigate rover0 waypoint42 waypoint24)
60.584: (navigate rover0 waypoint24 waypoint45)
59.304: (navigate rover5 waypoint44 waypoint35)
49.779: (navigate rover0 waypoint45 waypoint24)
53.589: (navigate rover0 waypoint24 waypoint42)
49.246: (navigate rover3 waypoint45 waypoint48)
71.048: (navigate rover4 waypoint32 waypoint25)
73.533: (navigate rover0 waypoint42 waypoint24)
56.176: (navigate rover4 waypoint25 waypoint47)
52.276: (navigate rover0 waypoint24 waypoint42)
48.276: (navigate rover5 waypoint35 waypoint44)
69.652: (navigate rover0 waypoint42 waypoint24)
53.361: (navigate rover4 waypoint47 waypoint25)
56.508: (navigate rover0 waypoint24 waypoint42)
57.771: (navigate rover4 waypoint25 waypoint9)
70.430: (navigate rover0 waypoint42 waypoint24)
59.057: (navigate rover5 waypoint44 waypoint35)
53.222: (navigate rover0 waypoint24 waypoint42)
48.110: (drop rover5 rover5store)
70.981: (navigate rover0 waypoint42 waypoint24)
65.706: (navigate rover0 waypoint24 waypoint45)
63.156: (navigate rover3 waypoint48 waypoint45)
61.691: (sample_rock rover5 rover5store waypoint35)
55.345: (navigate rover4 waypoint9 waypoint25)
62.086: (navigate rover4 waypoint25 waypoint47)
50.663: (navigate rover5 waypoint35 waypoint44)
52.225: (navigate rover4 waypoint47 waypoint25)
62.118: (navigate rover4 waypoint25 waypoint9)
50.850: (navigate rover0 waypoint45 waypoint24)
62.951: (navigate rover5 waypoint44 waypoint35)
55.795: (navigate rover4 waypoint9 waypoint25)
62.348: (navigate rover4 waypoint25 waypoint47)
54.262: (navigate rover0 waypoint24 waypoint42)
52.903: (navigate rover4 waypoint47 waypoint25)
62.513: (navigate rover4 waypoint25 waypoint9)
51.487: (navigate rover5 waypoint35 waypoint44)
55.793: (navigate rover4 waypoint9 waypoint25)
76.106: (navigate rover0 waypoint42 waypoint24)
62.335: (navigate rover4 waypoint25 waypoint47)
53.068: (navigate rover0 waypoint24 waypoint42)
50.914: (navigate rover3 waypoint45 waypoint48)
70.763: (navigate rover0 waypoint42 waypoint24)
61.950: (navigate rover0 waypoint24 waypoint45)
60.747: (navigate rover5 waypoint44 waypoint35)
58.425: (navigate rover4 waypoint47 waypoint25)
55.462: (navigate rover4 waypoint25 waypoint9)
50.758: (navigate rover5 waypoint35 waypoint44)
59.375: (navigate rover4 waypoint9 waypoint25)
56.489: (navigate rover4 waypoint25 waypoint38)
63.290: (navigate rover3 waypoint48 waypoint45)
64.886: (navigate rover5 waypoint44 waypoint35)
51.418: (navigate rover0 waypoint45 waypoint24)
54.610: (navigate rover0 waypoint24 waypoint42)
53.129: (navigate rover5 waypoint35 waypoint44)
74.048: (navigate rover0 waypoint42 waypoint24)
55.705: (navigate rover0 waypoint24 waypoint11)
69.592: (navigate rover0 waypoint11 waypoint5)
63.808: (navigate rover4 waypoint38 waypoint25)
65.131: (navigate rover5 waypoint44 waypoint35)
60.796: (navigate rover4 waypoint25 waypoint47)
51.546: (navigate rover0 waypoint5 waypoint11)
54.080: (navigate rover4 waypoint47 waypoint25)
61.383: (navigate rover4 waypoint25 waypoint9)
69.782: (navigate rover0 waypoint11 waypoint5)
51.131: (navigate rover5 waypoint35 waypoint44)
52.071: (navigate rover0 waypoint5 waypoint11)
54.663: (navigate rover4 waypoint9 waypoint25)
62.506: (navigate rover4 waypoint25 waypoint47)
66.805: (navigate rover0 waypoint11 waypoint5)
47.796: (navigate rover3 waypoint45 waypoint48)
59.477: (navigate rover5 waypoint44 waypoint35)
57.000: (navigate rover4 waypoint47 waypoint25)
54.089: (navigate rover4 waypoint25 waypoint9)
51.747: (navigate rover0 waypoint5 waypoint11)
68.069: (navigate rover0 waypoint11 waypoint24)
61.968: (navigate rover4 waypoint9 waypoint25)
56.307: (navigate rover4 waypoint25 waypoint47)
53.289: (navigate rover0 waypoint24 waypoint42)
57.026: (navigate rover4 waypoint47 waypoint25)
57.415: (navigate rover4 waypoint25 waypoint9)
50.322: (navigate rover5 waypoint35 waypoint44)
71.554: (navigate rover0 waypoint42 waypoint24)
59.719: (navigate rover4 waypoint9 waypoint25)
57.591: (navigate rover0 waypoint24 waypoint42)
58.473: (navigate rover4 waypoint25 waypoint38)
72.603: (navigate rover0 waypoint42 waypoint24)
63.082: (navigate rover5 waypoint44 waypoint35)
63.464: (navigate rover0 waypoint24 waypoint45)
48.470: (drop rover5 rover5store)
72.772: (navigate rover4 waypoint38 waypoint25)
64.648: (navigate rover3 waypoint48 waypoint45)
62.038: (navigate rover4 waypoint25 waypoint47)
51.166: (navigate rover5 waypoint35 waypoint44)
52.068: (navigate rover4 waypoint47 waypoint25)
61.685: (navigate rover4 waypoint25 waypoint9)
65.144: (navigate rover5 waypoint44 waypoint35)
52.298: (navigate rover0 waypoint45 waypoint24)
56.159: (navigate rover4 waypoint9 waypoint25)
62.410: (navigate rover4 waypoint25 waypoint47)
54.666: (navigate rover0 waypoint24 waypoint42)
53.278: (navigate rover4 waypoint47 waypoint25)
62.737: (navigate rover4 waypoint25 waypoint9)
51.871: (navigate rover5 waypoint35 waypoint44)
71.748: (navigate rover0 waypoint42 waypoint24)
54.313: (navigate rover4 waypoint9 waypoint25)
62.232: (navigate rover4 waypoint25 waypoint47)
52.846: (navigate rover0 waypoint24 waypoint42)
54.137: (navigate rover4 waypoint47 waypoint25)
58.978: (navigate rover4 waypoint25 waypoint38)
73.660: (navigate rover0 waypoint42 waypoint24)
66.915: (navigate rover5 waypoint44 waypoint35)
63.288: (navigate rover0 waypoint24 waypoint45)
52.108: (navigate rover5 waypoint35 waypoint44)
52.012: (sample_rock rover5 rover5store waypoint44)
66.294: (navigate rover5 waypoint44 waypoint35)
63.997: (navigate rover4 waypoint38 waypoint25)
62.209: (navigate rover4 waypoint25 waypoint47)
50.626: (navigate rover0 waypoint45 waypoint24)
54.479: (navigate rover0 waypoint24 waypoint42)
53.084: (navigate rover4 waypoint47 waypoint25)
74.994: (navigate rover0 waypoint42 waypoint24)
61.380: (navigate rover4 waypoint25 waypoint9)
64.416: (navigate rover0 waypoint24 waypoint45)
51.940: (navigate rover5 waypoint35 waypoint44)
54.195: (navigate rover4 waypoint9 waypoint25)
60.539: (navigate rover4 waypoint25 waypoint47)
49.698: (communicate_rock_data rover5 general waypoint35 waypoint44 waypoint16)
64.098: (navigate rover5 waypoint44 waypoint35)
53.253: (navigate rover4 waypoint47 waypoint25)
61.063: (navigate rover4 waypoint25 waypoint9)
52.132: (navigate rover0 waypoint45 waypoint24)
56.034: (navigate rover4 waypoint9 waypoint25)
63.290: (navigate rover4 waypoint25 waypoint47)
54.499: (navigate rover0 waypoint24 waypoint42)
53.012: (navigate rover4 waypoint47 waypoint25)
62.720: (navigate rover4 waypoint25 waypoint9)
51.042: (navigate rover5 waypoint35 waypoint44)
72.282: (navigate rover0 waypoint42 waypoint24)
62.614: (navigate rover0 waypoint24 waypoint45)
54.324: (navigate rover4 waypoint9 waypoint25)
57.271: (navigate rover4 waypoint25 waypoint38)
66.917: (navigate rover5 waypoint44 waypoint35)
51.552: (navigate rover0 waypoint45 waypoint24)
54.779: (navigate rover0 waypoint24 waypoint42)
52.661: (navigate rover5 waypoint35 waypoint44)
74.034: (navigate rover0 waypoint42 waypoint24)
65.074: (navigate rover4 waypoint38 waypoint25)
61.755: (navigate rover4 waypoint25 waypoint47)
53.241: (navigate rover0 waypoint24 waypoint42)
54.415: (navigate rover4 waypoint47 waypoint25)
58.543: (navigate rover4 waypoint25 waypoint32)
71.763: (navigate rover0 waypoint42 waypoint24)
64.688: (navigate rover5 waypoint44 waypoint35)
63.372: (navigate rover0 waypoint24 waypoint45)
50.517: (navigate rover5 waypoint35 waypoint44)
49.257: (navigate rover3 waypoint45 waypoint48)
71.163: (navigate rover4 waypoint32 waypoint25)
67.673: (navigate rover5 waypoint44 waypoint35)
55.758: (navigate rover4 waypoint25 waypoint47)
49.347: (navigate rover0 waypoint45 waypoint24)
57.770: (navigate rover4 waypoint47 waypoint25)
56.395: (navigate rover0 waypoint24 waypoint42)
57.788: (navigate rover4 waypoint25 waypoint47)
49.002: (navigate rover5 waypoint35 waypoint44)
70.706: (navigate rover0 waypoint42 waypoint24)
62.138: (navigate rover0 waypoint24 waypoint45)
47.549: (communicate_rock_data rover5 general waypoint44 waypoint44 waypoint16)
62.319: (navigate rover5 waypoint44 waypoint35)
62.035: (navigate rover3 waypoint48 waypoint45)
53.192: (navigate rover4 waypoint47 waypoint25)
61.003: (navigate rover4 waypoint25 waypoint9)
52.096: (navigate rover5 waypoint35 waypoint44)
54.275: (navigate rover4 waypoint9 waypoint25)
61.019: (navigate rover4 waypoint25 waypoint47)
49.461: (navigate rover0 waypoint45 waypoint24)
63.956: (navigate rover5 waypoint44 waypoint35)
54.440: (navigate rover0 waypoint24 waypoint42)
52.947: (navigate rover4 waypoint47 waypoint25)
74.834: (navigate rover0 waypoint42 waypoint24)
61.339: (navigate rover4 waypoint25 waypoint9)
55.494: (navigate rover0 waypoint24 waypoint42)
51.404: (navigate rover5 waypoint35 waypoint44)
72.241: (navigate rover0 waypoint42 waypoint24)
54.652: (navigate rover4 waypoint9 waypoint25)
57.961: (navigate rover0 waypoint24 waypoint42)
62.878: (navigate rover4 waypoint25 waypoint47)
50.823: (navigate rover3 waypoint45 waypoint48)
70.651: (navigate rover0 waypoint42 waypoint24)
62.685: (navigate rover5 waypoint44 waypoint35)
57.709: (navigate rover4 waypoint47 waypoint25)
66.280: (navigate rover0 waypoint24 waypoint45)
55.505: (navigate rover4 waypoint25 waypoint9)
50.606: (navigate rover5 waypoint35 waypoint44)
59.306: (navigate rover4 waypoint9 waypoint25)
56.269: (navigate rover4 waypoint25 waypoint38)
64.483: (navigate rover5 waypoint44 waypoint35)
61.939: (navigate rover3 waypoint48 waypoint45)
51.517: (navigate rover5 waypoint35 waypoint44)
52.581: (navigate rover0 waypoint45 waypoint24)
66.425: (navigate rover5 waypoint44 waypoint35)
54.718: (navigate rover0 waypoint24 waypoint42)
53.008: (navigate rover5 waypoint35 waypoint44)
53.446: (navigate rover3 waypoint45 waypoint48)
74.368: (navigate rover4 waypoint38 waypoint25)
75.611: (navigate rover0 waypoint42 waypoint24)
57.295: (navigate rover4 waypoint25 waypoint9)
63.496: (navigate rover5 waypoint44 waypoint35)
54.367: (navigate rover0 waypoint24 waypoint42)
60.068: (navigate rover4 waypoint9 waypoint25)
57.730: (navigate rover4 waypoint25 waypoint47)
47.915: (drop rover5 rover5store)
69.754: (navigate rover0 waypoint42 waypoint24)
64.099: (navigate rover0 waypoint24 waypoint45)
62.084: (navigate rover3 waypoint48 waypoint45)
53.580: (navigate rover4 waypoint47 waypoint25)
60.896: (navigate rover4 waypoint25 waypoint9)
52.447: (navigate rover5 waypoint35 waypoint44)
55.065: (navigate rover4 waypoint9 waypoint25)
61.767: (navigate rover4 waypoint25 waypoint47)
50.283: (navigate rover0 waypoint45 waypoint24)
64.341: (navigate rover5 waypoint44 waypoint35)
54.765: (navigate rover0 waypoint24 waypoint42)
53.266: (navigate rover4 waypoint47 waypoint25)
74.805: (navigate rover0 waypoint42 waypoint24)
61.477: (navigate rover4 waypoint25 waypoint9)
55.779: (navigate rover0 waypoint24 waypoint42)
51.731: (navigate rover5 waypoint35 waypoint44)
72.478: (navigate rover0 waypoint42 waypoint24)
55.418: (navigate rover4 waypoint9 waypoint25)
58.755: (navigate rover0 waypoint24 waypoint42)
63.698: (navigate rover4 waypoint25 waypoint47)
51.600: (navigate rover3 waypoint45 waypoint48)
71.036: (navigate rover0 waypoint42 waypoint24)
62.486: (navigate rover0 waypoint24 waypoint45)
58.757: (navigate rover4 waypoint47 waypoint25)
67.557: (navigate rover5 waypoint44 waypoint35)
55.845: (navigate rover4 waypoint25 waypoint9)
50.968: (navigate rover5 waypoint35 waypoint44)
50.223: (navigate rover0 waypoint45 waypoint24)
63.795: (navigate rover5 waypoint44 waypoint35)
61.887: (navigate rover4 waypoint9 waypoint25)
56.668: (navigate rover0 waypoint24 waypoint42)
57.828: (navigate rover4 waypoint25 waypoint9)
50.492: (navigate rover5 waypoint35 waypoint44)
61.027: (navigate rover4 waypoint9 waypoint25)
75.997: (navigate rover0 waypoint42 waypoint24)
58.050: (navigate rover0 waypoint24 waypoint11)
70.951: (navigate rover0 waypoint11 waypoint5)
66.128: (navigate rover5 waypoint44 waypoint35)
62.798: (navigate rover3 waypoint48 waypoint45)
61.557: (navigate rover4 waypoint25 waypoint47)
52.058: (navigate rover0 waypoint5 waypoint11)
54.446: (navigate rover4 waypoint47 waypoint25)
61.580: (navigate rover4 waypoint25 waypoint9)
69.797: (navigate rover0 waypoint11 waypoint5)
51.393: (navigate rover5 waypoint35 waypoint44)
54.063: (navigate rover4 waypoint9 waypoint25)
60.597: (navigate rover4 waypoint25 waypoint47)
51.418: (navigate rover0 waypoint5 waypoint11)
54.179: (navigate rover4 waypoint47 waypoint25)
63.408: (navigate rover4 waypoint25 waypoint9)
51.685: (navigate rover3 waypoint45 waypoint48)
66.595: (navigate rover0 waypoint11 waypoint5)
62.555: (navigate rover5 waypoint44 waypoint35)
52.152: (navigate rover0 waypoint5 waypoint11)
61.562: (navigate rover4 waypoint9 waypoint25)
56.671: (navigate rover4 waypoint25 waypoint47)
67.375: (navigate rover0 waypoint11 waypoint5)
48.696: (navigate rover5 waypoint35 waypoint44)
50.118: (navigate rover0 waypoint5 waypoint11)
48.090: (navigate rover2 waypoint36 waypoint16)
68.178: (navigate rover0 waypoint11 waypoint24)
64.925: (navigate rover5 waypoint44 waypoint35)
65.771: (navigate rover0 waypoint24 waypoint45)
63.611: (navigate rover3 waypoint48 waypoint45)
55.739: (navigate rover2 waypoint16 waypoint38)
56.052: (navigate rover4 waypoint47 waypoint25)
71.399: (navigate rover2 waypoint38 waypoint16)
61.788: (navigate rover4 waypoint25 waypoint9)
57.036: (navigate rover2 waypoint16 waypoint38)
54.494: (navigate rover5 waypoint35 waypoint44)
68.361: (navigate rover2 waypoint38 waypoint16)
56.309: (navigate rover2 waypoint16 waypoint23)
65.614: (navigate rover5 waypoint44 waypoint35)
56.001: (navigate rover4 waypoint9 waypoint25)
64.675: (navigate rover4 waypoint25 waypoint47)
51.582: (navigate rover5 waypoint35 waypoint44)
66.680: (navigate rover2 waypoint23 waypoint16)
55.277: (navigate rover2 waypoint16 waypoint38)
55.780: (navigate rover4 waypoint47 waypoint25)
71.831: (navigate rover2 waypoint38 waypoint16)
58.584: (navigate rover2 waypoint16 waypoint23)
58.541: (navigate rover4 waypoint25 waypoint38)
69.672: (navigate rover2 waypoint23 waypoint16)
72.520: (navigate rover2 waypoint16 waypoint36)
66.922: (navigate rover5 waypoint44 waypoint35)
51.827: (navigate rover0 waypoint45 waypoint24)
55.027: (navigate rover0 waypoint24 waypoint42)
53.337: (navigate rover5 waypoint35 waypoint44)
74.330: (navigate rover0 waypoint42 waypoint24)
56.467: (navigate rover0 waypoint24 waypoint11)
70.320: (navigate rover0 waypoint11 waypoint5)
65.627: (navigate rover5 waypoint44 waypoint35)
52.766: (navigate rover0 waypoint5 waypoint11)
51.520: (navigate rover3 waypoint45 waypoint48)
66.003: (navigate rover0 waypoint11 waypoint5)
48.675: (navigate rover5 waypoint35 waypoint44)
52.296: (navigate rover0 waypoint5 waypoint11)
67.452: (navigate rover0 waypoint11 waypoint24)
65.092: (navigate rover0 waypoint24 waypoint45)
64.949: (navigate rover5 waypoint44 waypoint35)
49.773: (navigate rover0 waypoint45 waypoint24)
53.303: (navigate rover0 waypoint24 waypoint42)
51.440: (navigate rover5 waypoint35 waypoint44)
51.233: (navigate rover2 waypoint36 waypoint16)
76.192: (navigate rover4 waypoint38 waypoint25)
76.498: (navigate rover0 waypoint42 waypoint24)
68.530: (navigate rover5 waypoint44 waypoint35)
66.636: (navigate rover0 waypoint24 waypoint45)
57.024: (navigate rover2 waypoint16 waypoint38)
57.018: (navigate rover4 waypoint25 waypoint47)
52.163: (navigate rover5 waypoint35 waypoint44)
66.397: (navigate rover2 waypoint38 waypoint16)
61.111: (navigate rover4 waypoint47 waypoint25)
58.743: (navigate rover2 waypoint16 waypoint23)
67.934: (navigate rover5 waypoint44 waypoint35)
56.780: (navigate rover4 waypoint25 waypoint47)
50.270: (navigate rover5 waypoint35 waypoint44)
49.621: (navigate rover0 waypoint45 waypoint24)
63.604: (navigate rover5 waypoint44 waypoint35)
62.101: (navigate rover3 waypoint48 waypoint45)
69.176: (navigate rover2 waypoint23 waypoint16)
56.573: (navigate rover2 waypoint16 waypoint38)
57.009: (navigate rover0 waypoint24 waypoint42)
68.437: (navigate rover2 waypoint38 waypoint16)
55.085: (navigate rover2 waypoint16 waypoint41)
71.262: (navigate rover0 waypoint42 waypoint24)
63.801: (navigate rover0 waypoint24 waypoint45)
54.673: (navigate rover4 waypoint47 waypoint25)
61.946: (navigate rover4 waypoint25 waypoint9)
53.642: (navigate rover5 waypoint35 waypoint44)
56.259: (navigate rover4 waypoint9 waypoint25)
62.955: (navigate rover4 waypoint25 waypoint47)
51.383: (navigate rover0 waypoint45 waypoint24)
66.237: (navigate rover2 waypoint41 waypoint16)
55.998: (navigate rover2 waypoint16 waypoint38)
56.542: (navigate rover4 waypoint47 waypoint25)
72.122: (navigate rover2 waypoint38 waypoint16)
68.636: (navigate rover5 waypoint44 waypoint35)
62.433: (navigate rover4 waypoint25 waypoint9)
57.390: (navigate rover2 waypoint16 waypoint38)
58.373: (navigate rover4 waypoint9 waypoint25)
58.381: (navigate rover0 waypoint24 waypoint42)
73.075: (navigate rover2 waypoint38 waypoint16)
63.765: (navigate rover4 waypoint25 waypoint9)
56.329: (navigate rover2 waypoint16 waypoint38)
53.706: (navigate rover5 waypoint35 waypoint44)
74.096: (navigate rover0 waypoint42 waypoint24)
68.216: (navigate rover2 waypoint38 waypoint16)
56.571: (navigate rover2 waypoint16 waypoint23)
65.526: (navigate rover5 waypoint44 waypoint35)
56.457: (navigate rover4 waypoint9 waypoint25)
57.461: (navigate rover0 waypoint24 waypoint42)
66.282: (navigate rover4 waypoint25 waypoint47)
51.363: (navigate rover5 waypoint35 waypoint44)
72.420: (navigate rover0 waypoint42 waypoint24)
54.590: (navigate rover0 waypoint24 waypoint11)
69.440: (navigate rover0 waypoint11 waypoint5)
65.389: (navigate rover2 waypoint23 waypoint16)
63.961: (navigate rover5 waypoint44 waypoint35)
54.657: (navigate rover2 waypoint16 waypoint38)
54.980: (navigate rover4 waypoint47 waypoint25)
70.136: (navigate rover2 waypoint38 waypoint16)
60.527: (navigate rover4 waypoint25 waypoint9)
55.970: (navigate rover2 waypoint16 waypoint38)
55.753: (navigate rover0 waypoint5 waypoint11)
69.943: (navigate rover2 waypoint38 waypoint16)
57.009: (navigate rover4 waypoint9 waypoint25)
63.892: (navigate rover4 waypoint25 waypoint47)
56.498: (navigate rover2 waypoint16 waypoint38)
56.873: (navigate rover4 waypoint47 waypoint25)
58.037: (navigate rover4 waypoint25 waypoint38)
68.521: (navigate rover2 waypoint38 waypoint16)
69.205: (navigate rover0 waypoint11 waypoint5)
54.403: (navigate rover2 waypoint16 waypoint38)
51.350: (navigate rover5 waypoint35 waypoint44)
67.827: (navigate rover2 waypoint38 waypoint16)
64.498: (navigate rover4 waypoint38 waypoint25)
62.268: (navigate rover4 waypoint25 waypoint9)
55.555: (navigate rover2 waypoint16 waypoint38)
56.218: (navigate rover4 waypoint9 waypoint25)
61.781: (navigate rover4 waypoint25 waypoint47)
53.897: (navigate rover0 waypoint5 waypoint11)
67.899: (navigate rover2 waypoint38 waypoint16)
55.628: (navigate rover2 waypoint16 waypoint2)
74.441: (navigate rover2 waypoint2 waypoint28)
69.821: (navigate rover0 waypoint11 waypoint5)
61.576: (navigate rover5 waypoint44 waypoint35)
60.734: (navigate rover2 waypoint28 waypoint4)
54.631: (navigate rover4 waypoint47 waypoint25)
62.022: (navigate rover4 waypoint25 waypoint9)
60.201: (navigate rover2 waypoint4 waypoint28)
53.303: (navigate rover4 waypoint9 waypoint25)
53.641: (navigate rover4 waypoint25 waypoint38)
61.606: (navigate rover2 waypoint28 waypoint4)
54.799: (navigate rover0 waypoint5 waypoint11)
67.995: (navigate rover0 waypoint11 waypoint24)
65.028: (navigate rover4 waypoint38 waypoint25)
65.592: (navigate rover0 waypoint24 waypoint45)
64.643: (navigate rover4 waypoint25 waypoint47)
60.146: (navigate rover2 waypoint4 waypoint28)
51.667: (navigate rover4 waypoint47 waypoint25)
64.327: (navigate rover4 waypoint25 waypoint9)
63.877: (navigate rover2 waypoint28 waypoint4)
54.204: (navigate rover5 waypoint35 waypoint44)
62.649: (navigate rover2 waypoint4 waypoint28)
54.198: (navigate rover4 waypoint9 waypoint25)
65.221: (navigate rover4 waypoint25 waypoint47)
59.227: (navigate rover2 waypoint28 waypoint4)
55.595: (navigate rover4 waypoint47 waypoint25)
59.729: (navigate rover4 waypoint25 waypoint38)
68.212: (navigate rover5 waypoint44 waypoint35)
60.826: (navigate rover2 waypoint4 waypoint28)
51.257: (navigate rover2 waypoint28 waypoint2)
75.022: (navigate rover2 waypoint2 waypoint9)
67.423: (navigate rover2 waypoint9 waypoint45)
65.271: (navigate rover4 waypoint38 waypoint25)
64.620: (navigate rover4 waypoint25 waypoint47)
53.667: (navigate rover2 waypoint45 waypoint9)
57.666: (navigate rover2 waypoint9 waypoint34)
60.072: (navigate rover2 waypoint34 waypoint17)
55.978: (navigate rover4 waypoint47 waypoint25)
63.148: (navigate rover4 waypoint25 waypoint9)
58.390: (navigate rover2 waypoint17 waypoint34)
73.742: (navigate rover2 waypoint34 waypoint9)
67.275: (navigate rover2 waypoint9 waypoint45)
53.806: (navigate rover5 waypoint35 waypoint44)
59.396: (navigate rover4 waypoint9 waypoint25)
64.077: (navigate rover4 waypoint25 waypoint47)
53.374: (navigate rover2 waypoint45 waypoint9)
57.234: (navigate rover2 waypoint9 waypoint34)
58.613: (navigate rover2 waypoint34 waypoint17)
55.765: (navigate rover4 waypoint47 waypoint25)
64.909: (navigate rover4 waypoint25 waypoint9)
57.975: (navigate rover2 waypoint17 waypoint34)
73.082: (navigate rover2 waypoint34 waypoint9)
57.912: (navigate rover4 waypoint9 waypoint25)
70.606: (navigate rover5 waypoint44 waypoint35)
59.304: (navigate rover2 waypoint9 waypoint34)
57.946: (navigate rover4 waypoint25 waypoint38)
60.586: (navigate rover2 waypoint34 waypoint17)
53.817: (navigate rover5 waypoint35 waypoint44)
59.958: (navigate rover2 waypoint17 waypoint34)
77.252: (navigate rover2 waypoint34 waypoint9)
68.783: (navigate rover2 waypoint9 waypoint45)
55.775: (navigate rover0 waypoint45 waypoint24)
68.719: (navigate rover5 waypoint44 waypoint35)
65.305: (navigate rover4 waypoint38 waypoint25)
64.861: (navigate rover4 waypoint25 waypoint47)
57.006: (navigate rover0 waypoint24 waypoint42)
55.797: (navigate rover4 waypoint47 waypoint25)
59.552: (navigate rover4 waypoint25 waypoint38)
55.839: (navigate rover2 waypoint45 waypoint9)
75.487: (navigate rover0 waypoint42 waypoint24)
66.769: (navigate rover4 waypoint38 waypoint25)
66.407: (navigate rover4 waypoint25 waypoint47)
58.634: (navigate rover2 waypoint9 waypoint34)
61.011: (navigate rover2 waypoint34 waypoint17)
57.061: (navigate rover0 waypoint24 waypoint42)
57.542: (navigate rover2 waypoint17 waypoint34)
74.736: (navigate rover2 waypoint34 waypoint9)
57.449: (navigate rover2 waypoint9 waypoint2)
74.464: (navigate rover2 waypoint2 waypoint28)
69.192: (navigate rover0 waypoint42 waypoint24)
62.765: (navigate rover2 waypoint28 waypoint4)
56.759: (navigate rover0 waypoint24 waypoint42)
55.454: (navigate rover4 waypoint47 waypoint25)
65.183: (navigate rover4 waypoint25 waypoint9)
72.380: (navigate rover0 waypoint42 waypoint24)
61.637: (navigate rover2 waypoint4 waypoint28)
55.207: (navigate rover0 waypoint24 waypoint42)
54.059: (navigate rover4 waypoint9 waypoint25)
73.312: (navigate rover0 waypoint42 waypoint24)
55.892: (navigate rover4 waypoint25 waypoint38)
53.977: (navigate rover0 waypoint24 waypoint42)
64.405: (navigate rover2 waypoint28 waypoint4)
55.249: (navigate rover5 waypoint35 waypoint44)
75.633: (navigate rover0 waypoint42 waypoint24)
66.641: (navigate rover4 waypoint38 waypoint25)
66.358: (navigate rover2 waypoint4 waypoint28)
66.387: (navigate rover4 waypoint25 waypoint9)
60.920: (navigate rover2 waypoint28 waypoint4)
56.892: (navigate rover0 waypoint24 waypoint42)
64.032: (navigate rover2 waypoint4 waypoint28)
55.728: (navigate rover4 waypoint9 waypoint25)
66.736: (navigate rover4 waypoint25 waypoint47)
70.950: (navigate rover0 waypoint42 waypoint24)
59.649: (navigate rover2 waypoint28 waypoint4)
56.103: (navigate rover0 waypoint24 waypoint42)
57.352: (navigate rover4 waypoint47 waypoint25)
60.877: (navigate rover4 waypoint25 waypoint32)
73.602: (navigate rover0 waypoint42 waypoint24)
65.998: (navigate rover5 waypoint44 waypoint35)
64.225: (navigate rover0 waypoint24 waypoint45)
60.309: (navigate rover2 waypoint4 waypoint28)
50.584: (navigate rover2 waypoint28 waypoint2)
73.797: (navigate rover2 waypoint2 waypoint9)
67.075: (navigate rover2 waypoint9 waypoint45)
53.673: (navigate rover5 waypoint35 waypoint44)
53.709: (navigate rover2 waypoint45 waypoint9)
57.551: (navigate rover2 waypoint9 waypoint34)
68.501: (navigate rover4 waypoint32 waypoint25)
58.919: (navigate rover4 waypoint25 waypoint37)
77.300: (navigate rover4 waypoint37 waypoint3)
76.512: (navigate rover2 waypoint34 waypoint9)
68.762: (navigate rover5 waypoint44 waypoint35)
72.240: (navigate rover4 waypoint3 waypoint46)
68.394: (navigate rover2 waypoint9 waypoint45)
55.090: (navigate rover4 waypoint46 waypoint3)
63.367: (navigate rover4 waypoint3 waypoint4)
72.960: (navigate rover4 waypoint4 waypoint35)
56.262: (navigate rover2 waypoint45 waypoint9)
60.423: (navigate rover2 waypoint9 waypoint34)
60.618: (navigate rover2 waypoint34 waypoint17)
56.553: (navigate rover4 waypoint35 waypoint4)
64.989: (navigate rover4 waypoint4 waypoint3)
71.269: (navigate rover4 waypoint3 waypoint46)
59.143: (navigate rover2 waypoint17 waypoint34)
55.547: (navigate rover4 waypoint46 waypoint3)
63.589: (navigate rover4 waypoint3 waypoint4)
78.847: (navigate rover2 waypoint34 waypoint9)
61.842: (navigate rover4 waypoint4 waypoint42)
67.306: (navigate rover2 waypoint9 waypoint45)
53.956: (navigate rover5 waypoint35 waypoint44)
77.217: (navigate rover4 waypoint42 waypoint4)
71.420: (navigate rover4 waypoint4 waypoint35)
55.920: (navigate rover2 waypoint45 waypoint9)
59.926: (navigate rover2 waypoint9 waypoint34)
59.840: (navigate rover2 waypoint34 waypoint17)
56.140: (navigate rover4 waypoint35 waypoint4)
67.430: (navigate rover4 waypoint4 waypoint3)
66.050: (navigate rover4 waypoint3 waypoint46)
59.419: (navigate rover2 waypoint17 waypoint34)
76.666: (navigate rover2 waypoint34 waypoint9)
68.137: (navigate rover2 waypoint9 waypoint45)
55.263: (navigate rover4 waypoint46 waypoint3)
57.066: (navigate rover4 waypoint3 waypoint37)
68.096: (navigate rover5 waypoint44 waypoint35)
68.934: (navigate rover4 waypoint37 waypoint40)
73.141: (navigate rover4 waypoint40 waypoint36)
53.452: (navigate rover2 waypoint45 waypoint9)
57.504: (navigate rover2 waypoint9 waypoint34)
59.771: (navigate rover2 waypoint34 waypoint17)
53.447: (navigate rover4 waypoint36 waypoint40)
72.121: (navigate rover4 waypoint40 waypoint45)
57.274: (navigate rover2 waypoint17 waypoint34)
75.226: (navigate rover2 waypoint34 waypoint9)
66.679: (navigate rover2 waypoint9 waypoint45)
53.004: (navigate rover4 waypoint45 waypoint24)
54.301: (navigate rover2 waypoint45 waypoint9)
58.727: (navigate rover2 waypoint9 waypoint34)
60.752: (navigate rover2 waypoint34 waypoint17)
54.102: (navigate rover0 waypoint45 waypoint24)
67.190: (navigate rover4 waypoint24 waypoint45)
59.196: (navigate rover0 waypoint24 waypoint49)
69.155: (navigate rover0 waypoint49 waypoint9)
60.007: (navigate rover2 waypoint17 waypoint34)
76.777: (navigate rover2 waypoint34 waypoint9)
67.514: (navigate rover2 waypoint9 waypoint45)
61.595: (navigate rover0 waypoint9 waypoint25)
59.218: (navigate rover0 waypoint25 waypoint47)
53.291: (navigate rover2 waypoint45 waypoint9)
57.369: (navigate rover2 waypoint9 waypoint34)
59.935: (navigate rover2 waypoint34 waypoint17)
Failed to find a solution!
