Torch: 2.12.0+cu130
Using GPU:  NVIDIA L40S
[Bellman] CONTROL signal=constant const_w=0.93 (no IQN, no Bellman check)
/u/ibrahim.eisawy/Neural-Guided-Search/venv/lib/python3.10/site-packages/pymimir_rgnn/model.py:162: UserWarning: index_reduce() is in beta and the API may change at any time. (Triggered internally at /pytorch/aten/src/ATen/native/cuda/Indexing.cu:1541.)
  exps_max.index_reduce_(0, output_indices, output_messages, reduce="amax", include_self=False)
  [sim 500] root visits=500, unique states=236, generated=235, iqn_calls=0
  [sim 1000] root visits=1000, unique states=365, generated=364, iqn_calls=0
  [sim 1500] root visits=1500, unique states=881, generated=880, iqn_calls=0
  [sim 2000] root visits=2000, unique states=1007, generated=1006, iqn_calls=0
  [sim 2500] root visits=2500, unique states=1135, generated=1134, iqn_calls=0
  [sim 3000] root visits=3000, unique states=1274, generated=1273, iqn_calls=0
  [sim 3500] root visits=3500, unique states=1417, generated=1416, iqn_calls=0
  [sim 4000] root visits=4000, unique states=1564, generated=1563, iqn_calls=0
  [sim 4500] root visits=4500, unique states=1570, generated=1569, iqn_calls=0
  [sim 5000] root visits=5000, unique states=1592, generated=1591, iqn_calls=0
  [sim 5500] root visits=5500, unique states=1622, generated=1621, iqn_calls=0
  [sim 6000] root visits=6000, unique states=1656, generated=1655, iqn_calls=0
  [sim 6500] root visits=6500, unique states=1697, generated=1696, iqn_calls=0
  [sim 7000] root visits=7000, unique states=1788, generated=1787, iqn_calls=0
  [sim 7500] root visits=7500, unique states=1859, generated=1858, iqn_calls=0
  [sim 8000] root visits=8000, unique states=1916, generated=1915, iqn_calls=0
  [sim 8500] root visits=8500, unique states=1916, generated=1915, iqn_calls=0
  [sim 9000] root visits=9000, unique states=1916, generated=1915, iqn_calls=0
  [sim 9500] root visits=9500, unique states=1916, generated=1915, iqn_calls=0
  [sim 10000] root visits=10000, unique states=1916, generated=1915, iqn_calls=0
  [sim 10500] root visits=10500, unique states=1916, generated=1915, iqn_calls=0
  [sim 11000] root visits=11000, unique states=1916, generated=1915, iqn_calls=0
  [sim 11500] root visits=11500, unique states=1916, generated=1915, iqn_calls=0
  [sim 12000] root visits=12000, unique states=1916, generated=1915, iqn_calls=0
  [sim 12500] root visits=12500, unique states=1916, generated=1915, iqn_calls=0
  [sim 13000] root visits=13000, unique states=1916, generated=1915, iqn_calls=0
  [sim 13500] root visits=13500, unique states=1916, generated=1915, iqn_calls=0
  [sim 14000] root visits=14000, unique states=1916, generated=1915, iqn_calls=0
  [sim 14500] root visits=14500, unique states=1916, generated=1915, iqn_calls=0
  [sim 15000] root visits=15000, unique states=1916, generated=1915, iqn_calls=0
  [sim 15500] root visits=15500, unique states=1916, generated=1915, iqn_calls=0
  [sim 16000] root visits=16000, unique states=1916, generated=1915, iqn_calls=0
  [sim 16500] root visits=16500, unique states=1916, generated=1915, iqn_calls=0
  [sim 17000] root visits=17000, unique states=1916, generated=1915, iqn_calls=0
  [sim 17500] root visits=17500, unique states=1916, generated=1915, iqn_calls=0
  [sim 18000] root visits=18000, unique states=1916, generated=1915, iqn_calls=0
  [sim 18500] root visits=18500, unique states=1916, generated=1915, iqn_calls=0
  [sim 19000] root visits=19000, unique states=1917, generated=1916, iqn_calls=0
  [sim 19500] root visits=19500, unique states=1917, generated=1916, iqn_calls=0
  [sim 20000] root visits=20000, unique states=1917, generated=1916, iqn_calls=0
  [sim 20500] root visits=20500, unique states=1917, generated=1916, iqn_calls=0
  [sim 21000] root visits=21000, unique states=1917, generated=1916, iqn_calls=0
  [sim 21500] root visits=21500, unique states=1917, generated=1916, iqn_calls=0
  [sim 22000] root visits=22000, unique states=1917, generated=1916, iqn_calls=0
  [sim 22500] root visits=22500, unique states=1919, generated=1918, iqn_calls=0
  [sim 23000] root visits=23000, unique states=1919, generated=1918, iqn_calls=0
  [sim 23500] root visits=23500, unique states=1920, generated=1919, iqn_calls=0
  [sim 24000] root visits=24000, unique states=1947, generated=1946, iqn_calls=0
  [sim 24500] root visits=24500, unique states=1974, generated=1973, iqn_calls=0
  [sim 25000] root visits=25000, unique states=2004, generated=2003, iqn_calls=0
  [sim 25500] root visits=25500, unique states=2026, generated=2025, iqn_calls=0
  [sim 26000] root visits=26000, unique states=2061, generated=2060, iqn_calls=0
  [sim 26500] root visits=26500, unique states=2084, generated=2083, iqn_calls=0
  [sim 27000] root visits=27000, unique states=2098, generated=2097, iqn_calls=0
  [sim 27500] root visits=27500, unique states=2126, generated=2125, iqn_calls=0
  [sim 28000] root visits=28000, unique states=2145, generated=2144, iqn_calls=0
  [sim 28500] root visits=28500, unique states=2169, generated=2168, iqn_calls=0
  [sim 29000] root visits=29000, unique states=2190, generated=2189, iqn_calls=0
  [sim 29500] root visits=29500, unique states=2217, generated=2216, iqn_calls=0
  [sim 30000] root visits=30000, unique states=2251, generated=2250, iqn_calls=0
  [sim 30500] root visits=30500, unique states=2261, generated=2260, iqn_calls=0
  [sim 31000] root visits=31000, unique states=2279, generated=2278, iqn_calls=0
  [sim 31500] root visits=31500, unique states=2301, generated=2300, iqn_calls=0
  [sim 32000] root visits=32000, unique states=2333, generated=2332, iqn_calls=0
  [sim 32500] root visits=32500, unique states=2359, generated=2358, iqn_calls=0
  [sim 33000] root visits=33000, unique states=2374, generated=2373, iqn_calls=0
  [sim 33500] root visits=33500, unique states=2384, generated=2383, iqn_calls=0
  [sim 34000] root visits=34000, unique states=2399, generated=2398, iqn_calls=0
  [sim 34500] root visits=34500, unique states=2421, generated=2420, iqn_calls=0
  [sim 35000] root visits=35000, unique states=2435, generated=2434, iqn_calls=0
  [sim 35500] root visits=35500, unique states=2450, generated=2449, iqn_calls=0
  [sim 36000] root visits=36000, unique states=2466, generated=2465, iqn_calls=0
  [sim 36500] root visits=36500, unique states=2476, generated=2475, iqn_calls=0
  [sim 37000] root visits=37000, unique states=2487, generated=2486, iqn_calls=0
  [sim 37500] root visits=37500, unique states=2505, generated=2504, iqn_calls=0
  [sim 38000] root visits=38000, unique states=2518, generated=2517, iqn_calls=0
  [sim 38500] root visits=38500, unique states=2531, generated=2530, iqn_calls=0
  [sim 39000] root visits=39000, unique states=2560, generated=2559, iqn_calls=0
  [sim 39500] root visits=39500, unique states=2575, generated=2574, iqn_calls=0
  [sim 40000] root visits=40000, unique states=2586, generated=2585, iqn_calls=0
  [sim 40500] root visits=40500, unique states=2599, generated=2598, iqn_calls=0
  [sim 41000] root visits=41000, unique states=2614, generated=2613, iqn_calls=0
  [sim 41500] root visits=41500, unique states=2630, generated=2629, iqn_calls=0
  [sim 42000] root visits=42000, unique states=2642, generated=2641, iqn_calls=0
  [sim 42500] root visits=42500, unique states=2650, generated=2649, iqn_calls=0
  [sim 43000] root visits=43000, unique states=2664, generated=2663, iqn_calls=0
  [sim 43500] root visits=43500, unique states=2676, generated=2675, iqn_calls=0
  [sim 44000] root visits=44000, unique states=2705, generated=2704, iqn_calls=0
  [sim 44500] root visits=44500, unique states=2716, generated=2715, iqn_calls=0
  [sim 45000] root visits=45000, unique states=2728, generated=2727, iqn_calls=0
  [sim 45500] root visits=45500, unique states=2746, generated=2745, iqn_calls=0
  [sim 46000] root visits=46000, unique states=2756, generated=2755, iqn_calls=0
  [sim 46500] root visits=46500, unique states=2772, generated=2771, iqn_calls=0
[Final] Expanded: 2782, Generated: 2782
[Cost] IQN forward calls (Bellman signal): 0
[Widen] nodes widened: 1321, mean w: 0.9300
[search done] simulations=46746, unique states generated=2782
Failed to find a solution!
