Torch: 2.12.0+cu130
Using GPU:  NVIDIA L40S
[Bellman] CONTROL signal=constant const_w=0.93 (no IQN, no Bellman check)
/u/ibrahim.eisawy/Neural-Guided-Search/venv/lib/python3.10/site-packages/pymimir_rgnn/model.py:162: UserWarning: index_reduce() is in beta and the API may change at any time. (Triggered internally at /pytorch/aten/src/ATen/native/cuda/Indexing.cu:1541.)
  exps_max.index_reduce_(0, output_indices, output_messages, reduce="amax", include_self=False)
  [sim 500] root visits=500, unique states=324, generated=323, iqn_calls=0
  [sim 1000] root visits=1000, unique states=394, generated=393, iqn_calls=0
  [sim 1500] root visits=1500, unique states=440, generated=439, iqn_calls=0
  [sim 2000] root visits=2000, unique states=495, generated=494, iqn_calls=0
  [sim 2500] root visits=2500, unique states=546, generated=545, iqn_calls=0
  [sim 3000] root visits=3000, unique states=609, generated=608, iqn_calls=0
  [sim 3500] root visits=3500, unique states=645, generated=644, iqn_calls=0
  [sim 4000] root visits=4000, unique states=698, generated=697, iqn_calls=0
  [sim 4500] root visits=4500, unique states=728, generated=727, iqn_calls=0
  [sim 5000] root visits=5000, unique states=779, generated=778, iqn_calls=0
  [sim 5500] root visits=5500, unique states=822, generated=821, iqn_calls=0
  [sim 6000] root visits=6000, unique states=860, generated=859, iqn_calls=0
  [sim 6500] root visits=6500, unique states=878, generated=877, iqn_calls=0
  [sim 7000] root visits=7000, unique states=904, generated=903, iqn_calls=0
  [sim 7500] root visits=7500, unique states=938, generated=937, iqn_calls=0
  [sim 8000] root visits=8000, unique states=970, generated=969, iqn_calls=0
  [sim 8500] root visits=8500, unique states=1003, generated=1002, iqn_calls=0
  [sim 9000] root visits=9000, unique states=1028, generated=1027, iqn_calls=0
  [sim 9500] root visits=9500, unique states=1066, generated=1065, iqn_calls=0
  [sim 10000] root visits=10000, unique states=1112, generated=1111, iqn_calls=0
  [sim 10500] root visits=10500, unique states=1141, generated=1140, iqn_calls=0
  [sim 11000] root visits=11000, unique states=1175, generated=1174, iqn_calls=0
  [sim 11500] root visits=11500, unique states=1219, generated=1218, iqn_calls=0
  [sim 12000] root visits=12000, unique states=1240, generated=1239, iqn_calls=0
  [sim 12500] root visits=12500, unique states=1294, generated=1293, iqn_calls=0
  [sim 13000] root visits=13000, unique states=1318, generated=1317, iqn_calls=0
  [sim 13500] root visits=13500, unique states=1343, generated=1342, iqn_calls=0
  [sim 14000] root visits=14000, unique states=1393, generated=1392, iqn_calls=0
  [sim 14500] root visits=14500, unique states=1424, generated=1423, iqn_calls=0
  [sim 15000] root visits=15000, unique states=1478, generated=1477, iqn_calls=0
  [sim 15500] root visits=15500, unique states=1542, generated=1541, iqn_calls=0
  [sim 16000] root visits=16000, unique states=1558, generated=1557, iqn_calls=0
  [sim 16500] root visits=16500, unique states=1602, generated=1601, iqn_calls=0
  [sim 17000] root visits=17000, unique states=1622, generated=1621, iqn_calls=0
  [sim 17500] root visits=17500, unique states=1653, generated=1652, iqn_calls=0
  [sim 18000] root visits=18000, unique states=1671, generated=1670, iqn_calls=0
  [sim 18500] root visits=18500, unique states=1682, generated=1681, iqn_calls=0
  [sim 19000] root visits=19000, unique states=1705, generated=1704, iqn_calls=0
  [sim 19500] root visits=19500, unique states=1763, generated=1762, iqn_calls=0
  [sim 20000] root visits=20000, unique states=1787, generated=1786, iqn_calls=0
  [sim 20500] root visits=20500, unique states=1802, generated=1801, iqn_calls=0
  [sim 21000] root visits=21000, unique states=1814, generated=1813, iqn_calls=0
  [sim 21500] root visits=21500, unique states=1829, generated=1828, iqn_calls=0
  [sim 22000] root visits=22000, unique states=1871, generated=1870, iqn_calls=0
  [sim 22500] root visits=22500, unique states=1898, generated=1897, iqn_calls=0
  [sim 23000] root visits=23000, unique states=1916, generated=1915, iqn_calls=0
  [sim 23500] root visits=23500, unique states=1948, generated=1947, iqn_calls=0
  [sim 24000] root visits=24000, unique states=1963, generated=1962, iqn_calls=0
  [sim 24500] root visits=24500, unique states=1971, generated=1970, iqn_calls=0
  [sim 25000] root visits=25000, unique states=1997, generated=1996, iqn_calls=0
  [sim 25500] root visits=25500, unique states=2020, generated=2019, iqn_calls=0
  [sim 26000] root visits=26000, unique states=2051, generated=2050, iqn_calls=0
  [sim 26500] root visits=26500, unique states=2065, generated=2064, iqn_calls=0
  [sim 27000] root visits=27000, unique states=2082, generated=2081, iqn_calls=0
  [sim 27500] root visits=27500, unique states=2097, generated=2096, iqn_calls=0
  [sim 28000] root visits=28000, unique states=2122, generated=2121, iqn_calls=0
  [sim 28500] root visits=28500, unique states=2130, generated=2129, iqn_calls=0
  [sim 29000] root visits=29000, unique states=2179, generated=2178, iqn_calls=0
  [sim 29500] root visits=29500, unique states=2194, generated=2193, iqn_calls=0
  [sim 30000] root visits=30000, unique states=2209, generated=2208, iqn_calls=0
  [sim 30500] root visits=30500, unique states=2215, generated=2214, iqn_calls=0
  [sim 31000] root visits=31000, unique states=2232, generated=2231, iqn_calls=0
  [sim 31500] root visits=31500, unique states=2260, generated=2259, iqn_calls=0
  [sim 32000] root visits=32000, unique states=2278, generated=2277, iqn_calls=0
  [sim 32500] root visits=32500, unique states=2300, generated=2299, iqn_calls=0
  [sim 33000] root visits=33000, unique states=2309, generated=2308, iqn_calls=0
  [sim 33500] root visits=33500, unique states=2325, generated=2324, iqn_calls=0
  [sim 34000] root visits=34000, unique states=2351, generated=2350, iqn_calls=0
  [sim 34500] root visits=34500, unique states=2368, generated=2367, iqn_calls=0
  [sim 35000] root visits=35000, unique states=2379, generated=2378, iqn_calls=0
  [sim 35500] root visits=35500, unique states=2385, generated=2384, iqn_calls=0
  [sim 36000] root visits=36000, unique states=2397, generated=2396, iqn_calls=0
  [sim 36500] root visits=36500, unique states=2410, generated=2409, iqn_calls=0
  [sim 37000] root visits=37000, unique states=2419, generated=2418, iqn_calls=0
  [sim 37500] root visits=37500, unique states=2442, generated=2441, iqn_calls=0
  [sim 38000] root visits=38000, unique states=2456, generated=2455, iqn_calls=0
  [sim 38500] root visits=38500, unique states=2461, generated=2460, iqn_calls=0
  [sim 39000] root visits=39000, unique states=2477, generated=2476, iqn_calls=0
  [sim 39500] root visits=39500, unique states=2488, generated=2487, iqn_calls=0
  [sim 40000] root visits=40000, unique states=2507, generated=2506, iqn_calls=0
  [sim 40500] root visits=40500, unique states=2531, generated=2530, iqn_calls=0
  [sim 41000] root visits=41000, unique states=2543, generated=2542, iqn_calls=0
  [sim 41500] root visits=41500, unique states=2547, generated=2546, iqn_calls=0
  [sim 42000] root visits=42000, unique states=2574, generated=2573, iqn_calls=0
  [sim 42500] root visits=42500, unique states=2581, generated=2580, iqn_calls=0
  [sim 43000] root visits=43000, unique states=2591, generated=2590, iqn_calls=0
  [sim 43500] root visits=43500, unique states=2603, generated=2602, iqn_calls=0
  [sim 44000] root visits=44000, unique states=2623, generated=2622, iqn_calls=0
  [sim 44500] root visits=44500, unique states=2632, generated=2631, iqn_calls=0
  [sim 45000] root visits=45000, unique states=2640, generated=2639, iqn_calls=0
  [sim 45500] root visits=45500, unique states=2650, generated=2649, iqn_calls=0
  [sim 46000] root visits=46000, unique states=2665, generated=2664, iqn_calls=0
  [sim 46500] root visits=46500, unique states=2681, generated=2680, iqn_calls=0
  [sim 47000] root visits=47000, unique states=2693, generated=2692, iqn_calls=0
  [sim 47500] root visits=47500, unique states=2715, generated=2714, iqn_calls=0
[Final] Expanded: 2731, Generated: 2731
[Cost] IQN forward calls (Bellman signal): 0
[Widen] nodes widened: 1227, mean w: 0.9300
[search done] simulations=47848, unique states generated=2731
Failed to find a solution!
