/u/ibrahim.eisawy/Neural-Guided-Search/venv/lib/python3.10/site-packages/pymimir_rgnn/model.py:151: UserWarning: index_reduce() is in beta and the API may change at any time. (Triggered internally at /pytorch/aten/src/ATen/native/cuda/Indexing.cu:1541.)
  max_msg.index_reduce_(0, output_indices, output_messages, reduce='amax', include_self=True)
Torch: 2.12.0+cu130
Using GPU:  NVIDIA L40S
3.325: (calibrate rover0 camera4 objective7 waypoint1)
5.711: (navigate rover0 waypoint1 waypoint9)
5.908: (navigate rover0 waypoint1 waypoint7)
5.910: (navigate rover0 waypoint1 waypoint0)
6.196: (navigate rover0 waypoint1 waypoint8)
6.279: (calibrate rover0 camera6 objective4 waypoint1)
3.332: (calibrate rover0 camera4 objective7 waypoint1)
3.332: (calibrate rover0 camera6 objective4 waypoint1)
3.563: (take_image rover0 waypoint1 objective7 camera4 high_res)
3.814: (take_image rover0 waypoint1 objective4 camera4 high_res)
3.965: (navigate rover0 waypoint1 waypoint8)
4.002: (calibrate rover0 camera2 objective5 waypoint0)
4.007: (navigate rover0 waypoint1 waypoint0)
4.008: (calibrate rover0 camera7 objective3 waypoint8)
4.008: (calibrate rover0 camera3 objective3 waypoint8)
4.012: (calibrate rover0 camera8 objective5 waypoint0)
4.044: (calibrate rover0 camera7 objective3 waypoint0)
4.044: (calibrate rover0 camera3 objective3 waypoint0)
4.331: (navigate rover0 waypoint1 waypoint7)
4.437: (navigate rover0 waypoint1 waypoint9)
4.452: (calibrate rover0 camera1 objective0 waypoint9)
4.452: (calibrate rover0 camera2 objective5 waypoint9)
4.457: (calibrate rover0 camera0 objective2 waypoint9)
4.464: (calibrate rover0 camera8 objective5 waypoint9)
5.447: (navigate rover0 waypoint0 waypoint14)
5.729: (navigate rover0 waypoint1 waypoint9)
5.798: (navigate rover0 waypoint0 waypoint11)
5.833: (navigate rover0 waypoint9 waypoint4)
5.966: (take_image rover0 waypoint1 objective6 camera4 high_res)
5.977: (navigate rover0 waypoint7 waypoint13)
5.977: (navigate rover0 waypoint1 waypoint7)
6.037: (navigate rover0 waypoint1 waypoint0)
6.037: (calibrate rover0 camera6 objective4 waypoint0)
6.080: (calibrate rover0 camera5 objective3 waypoint0)
6.083: (navigate rover0 waypoint0 waypoint6)
6.156: (take_image rover0 waypoint1 objective4 camera4 low_res)
6.156: (take_image rover0 waypoint1 objective4 camera6 low_res)
6.163: (take_image rover0 waypoint1 objective4 camera6 colour)
6.163: (take_image rover0 waypoint1 objective4 camera4 colour)
6.215: (navigate rover0 waypoint0 waypoint5)
6.223: (take_image rover0 waypoint1 objective6 camera4 low_res)
6.223: (take_image rover0 waypoint1 objective6 camera6 low_res)
6.240: (take_image rover0 waypoint1 objective6 camera6 colour)
6.241: (take_image rover0 waypoint1 objective6 camera4 colour)
6.259: (navigate rover0 waypoint8 waypoint3)
6.273: (navigate rover0 waypoint9 waypoint12)
6.292: (take_image rover0 waypoint1 objective7 camera4 colour)
6.292: (take_image rover0 waypoint1 objective7 camera6 colour)
6.297: (take_image rover0 waypoint1 objective7 camera4 low_res)
6.297: (take_image rover0 waypoint1 objective7 camera6 low_res)
6.424: (calibrate rover0 camera6 objective4 waypoint8)
6.424: (navigate rover0 waypoint1 waypoint8)
6.479: (calibrate rover0 camera5 objective3 waypoint8)
7.045: (navigate rover0 waypoint8 waypoint10)
inf: (calibrate rover0 camera4 objective7 waypoint1)
inf: (calibrate rover0 camera6 objective4 waypoint1)
inf: (navigate rover0 waypoint8 waypoint1)
inf: (navigate rover0 waypoint9 waypoint1)
inf: (navigate rover0 waypoint0 waypoint1)
inf: (navigate rover0 waypoint7 waypoint1)
2.423: (calibrate rover0 camera4 objective7 waypoint1)
2.605: (calibrate rover0 camera4 objective7 waypoint1)
3.264: (navigate rover0 waypoint9 waypoint1)
3.271: (navigate rover0 waypoint9 waypoint1)
3.272: (navigate rover0 waypoint0 waypoint1)
3.281: (navigate rover0 waypoint9 waypoint1)
3.282: (navigate rover0 waypoint0 waypoint1)
3.307: (navigate rover0 waypoint0 waypoint1)
3.307: (navigate rover0 waypoint8 waypoint1)
3.307: (navigate rover0 waypoint0 waypoint1)
3.307: (navigate rover0 waypoint8 waypoint1)
3.335: (calibrate rover0 camera4 objective7 waypoint1)
3.336: (calibrate rover0 camera4 objective7 waypoint1)
3.336: (take_image rover0 waypoint1 objective4 camera6 colour)
3.351: (calibrate rover0 camera4 objective7 waypoint1)
3.352: (take_image rover0 waypoint1 objective4 camera6 low_res)
3.373: (calibrate rover0 camera4 objective7 waypoint1)
3.373: (take_image rover0 waypoint1 objective7 camera6 colour)
3.390: (calibrate rover0 camera4 objective7 waypoint1)
3.392: (take_image rover0 waypoint1 objective7 camera6 low_res)
3.403: (navigate rover0 waypoint9 waypoint1)
3.434: (calibrate rover0 camera4 objective7 waypoint1)
3.436: (take_image rover0 waypoint1 objective6 camera6 colour)
3.438: (take_image rover0 waypoint1 objective6 camera6 low_res)
3.438: (calibrate rover0 camera4 objective7 waypoint1)
3.598: (calibrate rover0 camera6 objective4 waypoint1)
3.599: (take_image rover0 waypoint1 objective7 camera4 high_res)
3.680: (navigate rover0 waypoint1 waypoint8)
3.766: (calibrate rover0 camera1 objective0 waypoint14)
3.776: (navigate rover0 waypoint0 waypoint14)
3.777: (navigate rover0 waypoint0 waypoint11)
3.777: (calibrate rover0 camera2 objective5 waypoint14)
3.777: (calibrate rover0 camera2 objective5 waypoint11)
3.777: (calibrate rover0 camera4 objective7 waypoint11)
3.778: (navigate rover0 waypoint0 waypoint11)
3.783: (navigate rover0 waypoint0 waypoint14)
3.785: (calibrate rover0 camera4 objective7 waypoint14)
3.785: (navigate rover0 waypoint1 waypoint0)
3.786: (navigate rover0 waypoint0 waypoint14)
3.787: (calibrate rover0 camera8 objective5 waypoint11)
3.787: (calibrate rover0 camera8 objective5 waypoint14)
3.788: (navigate rover0 waypoint0 waypoint11)
3.841: (take_image rover0 waypoint1 objective4 camera4 high_res)
3.841: (calibrate rover0 camera6 objective4 waypoint1)
3.850: (navigate rover0 waypoint0 waypoint14)
3.850: (navigate rover0 waypoint0 waypoint14)
3.850: (navigate rover0 waypoint0 waypoint11)
3.850: (navigate rover0 waypoint0 waypoint11)
3.929: (calibrate rover0 camera3 objective3 waypoint8)
3.929: (calibrate rover0 camera7 objective3 waypoint8)
3.963: (calibrate rover0 camera2 objective5 waypoint0)
3.963: (calibrate rover0 camera8 objective5 waypoint0)
3.964: (calibrate rover0 camera6 objective4 waypoint8)
3.964: (navigate rover0 waypoint1 waypoint8)
3.969: (calibrate rover0 camera3 objective3 waypoint0)
3.969: (calibrate rover0 camera7 objective3 waypoint0)
3.989: (calibrate rover0 camera5 objective3 waypoint8)
3.989: (calibrate rover0 camera7 objective3 waypoint0)
3.989: (calibrate rover0 camera3 objective3 waypoint0)
3.989: (calibrate rover0 camera2 objective5 waypoint0)
3.989: (navigate rover0 waypoint9 waypoint12)
3.989: (calibrate rover0 camera2 objective5 waypoint0)
3.989: (calibrate rover0 camera6 objective4 waypoint8)
3.990: (calibrate rover0 camera6 objective4 waypoint8)
3.990: (calibrate rover0 camera7 objective3 waypoint8)
3.990: (calibrate rover0 camera3 objective3 waypoint8)
3.998: (navigate rover0 waypoint9 waypoint12)
3.998: (navigate rover0 waypoint9 waypoint12)
3.999: (calibrate rover0 camera4 objective7 waypoint12)
3.999: (calibrate rover0 camera8 objective5 waypoint0)
3.999: (calibrate rover0 camera8 objective5 waypoint0)
3.999: (calibrate rover0 camera3 objective3 waypoint0)
3.999: (calibrate rover0 camera7 objective3 waypoint0)
4.006: (calibrate rover0 camera6 objective4 waypoint0)
4.006: (calibrate rover0 camera2 objective5 waypoint0)
4.008: (calibrate rover0 camera8 objective5 waypoint0)
4.009: (calibrate rover0 camera6 objective4 waypoint0)
4.013: (calibrate rover0 camera2 objective5 waypoint0)
4.014: (calibrate rover0 camera8 objective5 waypoint0)
4.016: (navigate rover0 waypoint1 waypoint0)
4.016: (calibrate rover0 camera6 objective4 waypoint0)
4.016: (calibrate rover0 camera5 objective3 waypoint8)
4.017: (calibrate rover0 camera5 objective3 waypoint8)
4.018: (calibrate rover0 camera3 objective3 waypoint8)
4.018: (calibrate rover0 camera7 objective3 waypoint8)
4.019: (calibrate rover0 camera3 objective3 waypoint8)
4.019: (calibrate rover0 camera7 objective3 waypoint8)
4.024: (calibrate rover0 camera5 objective3 waypoint0)
4.024: (calibrate rover0 camera2 objective5 waypoint0)
4.030: (calibrate rover0 camera7 objective3 waypoint0)
4.030: (calibrate rover0 camera3 objective3 waypoint0)
4.032: (calibrate rover0 camera6 objective4 waypoint0)
4.032: (calibrate rover0 camera6 objective4 waypoint0)
4.033: (calibrate rover0 camera5 objective3 waypoint0)
4.034: (calibrate rover0 camera5 objective3 waypoint0)
4.035: (calibrate rover0 camera8 objective5 waypoint0)
4.045: (calibrate rover0 camera7 objective3 waypoint0)
4.045: (calibrate rover0 camera3 objective3 waypoint0)
4.048: (navigate rover0 waypoint1 waypoint7)
4.053: (navigate rover0 waypoint9 waypoint12)
4.056: (calibrate rover0 camera3 objective3 waypoint0)
4.056: (calibrate rover0 camera5 objective3 waypoint0)
4.056: (calibrate rover0 camera7 objective3 waypoint0)
4.056: (calibrate rover0 camera5 objective3 waypoint0)
4.068: (navigate rover0 waypoint9 waypoint12)
4.094: (navigate rover0 waypoint8 waypoint3)
4.094: (calibrate rover0 camera4 objective7 waypoint3)
4.123: (calibrate rover0 camera3 objective3 waypoint3)
4.123: (calibrate rover0 camera7 objective3 waypoint3)
4.124: (navigate rover0 waypoint8 waypoint3)
4.124: (navigate rover0 waypoint8 waypoint3)
4.132: (navigate rover0 waypoint1 waypoint9)
4.316: (navigate rover0 waypoint1 waypoint7)
4.394: (calibrate rover0 camera1 objective0 waypoint9)
4.395: (calibrate rover0 camera0 objective2 waypoint9)
4.406: (calibrate rover0 camera8 objective5 waypoint9)
4.406: (calibrate rover0 camera2 objective5 waypoint9)
4.414: (navigate rover0 waypoint1 waypoint7)
4.425: (navigate rover0 waypoint1 waypoint9)
4.426: (calibrate rover0 camera1 objective0 waypoint9)
4.432: (calibrate rover0 camera0 objective2 waypoint9)
4.433: (calibrate rover0 camera0 objective2 waypoint9)
4.433: (calibrate rover0 camera1 objective0 waypoint9)
4.435: (calibrate rover0 camera2 objective5 waypoint9)
4.438: (calibrate rover0 camera8 objective5 waypoint9)
4.440: (navigate rover0 waypoint0 waypoint5)
4.443: (calibrate rover0 camera2 objective5 waypoint9)
4.443: (calibrate rover0 camera0 objective2 waypoint9)
4.443: (calibrate rover0 camera1 objective0 waypoint9)
4.445: (calibrate rover0 camera2 objective5 waypoint9)
4.445: (calibrate rover0 camera0 objective2 waypoint9)
4.446: (calibrate rover0 camera8 objective5 waypoint9)
4.455: (calibrate rover0 camera8 objective5 waypoint9)
4.455: (calibrate rover0 camera1 objective0 waypoint9)
4.462: (calibrate rover0 camera8 objective5 waypoint9)
4.463: (calibrate rover0 camera2 objective5 waypoint9)
4.465: (navigate rover0 waypoint0 waypoint5)
4.466: (calibrate rover0 camera2 objective5 waypoint5)
4.475: (calibrate rover0 camera8 objective5 waypoint5)
4.476: (navigate rover0 waypoint0 waypoint5)
4.522: (navigate rover0 waypoint0 waypoint5)
4.522: (navigate rover0 waypoint0 waypoint5)
4.537: (navigate rover0 waypoint1 waypoint9)
4.538: (navigate rover0 waypoint0 waypoint6)
4.546: (navigate rover0 waypoint0 waypoint6)
4.547: (calibrate rover0 camera2 objective5 waypoint6)
4.554: (navigate rover0 waypoint7 waypoint13)
4.558: (calibrate rover0 camera8 objective5 waypoint6)
4.558: (navigate rover0 waypoint0 waypoint6)
4.569: (calibrate rover0 camera2 objective5 waypoint13)
4.580: (navigate rover0 waypoint0 waypoint6)
4.580: (navigate rover0 waypoint0 waypoint6)
4.581: (calibrate rover0 camera7 objective3 waypoint6)
4.581: (calibrate rover0 camera3 objective3 waypoint6)
4.582: (calibrate rover0 camera8 objective5 waypoint13)
4.605: (calibrate rover0 camera3 objective3 waypoint13)
4.605: (calibrate rover0 camera7 objective3 waypoint13)
4.608: (navigate rover0 waypoint9 waypoint4)
4.624: (take_image rover0 waypoint8 objective4 camera3 high_res)
4.624: (take_image rover0 waypoint8 objective4 camera4 high_res)
4.624: (navigate rover0 waypoint1 waypoint8)
4.625: (take_image rover0 waypoint8 objective4 camera7 high_res)
4.625: (navigate rover0 waypoint9 waypoint4)
4.626: (calibrate rover0 camera0 objective2 waypoint4)
4.640: (navigate rover0 waypoint9 waypoint4)
4.644: (navigate rover0 waypoint9 waypoint4)
4.653: (take_image rover0 waypoint0 objective4 camera8 high_res)
4.653: (take_image rover0 waypoint0 objective4 camera7 high_res)
4.653: (navigate rover0 waypoint1 waypoint0)
4.653: (take_image rover0 waypoint0 objective4 camera3 high_res)
4.653: (take_image rover0 waypoint0 objective4 camera4 high_res)
4.653: (take_image rover0 waypoint0 objective4 camera2 high_res)
4.655: (calibrate rover0 camera3 objective3 waypoint4)
4.655: (calibrate rover0 camera7 objective3 waypoint4)
4.657: (navigate rover0 waypoint9 waypoint4)
5.069: (navigate rover0 waypoint8 waypoint10)
5.084: (calibrate rover0 camera1 objective0 waypoint10)
5.158: (navigate rover0 waypoint8 waypoint10)
5.159: (navigate rover0 waypoint8 waypoint10)
5.509: (navigate rover0 waypoint0 waypoint14)
5.529: (take_image rover0 waypoint0 objective3 camera4 high_res)
5.529: (take_image rover0 waypoint0 objective3 camera2 high_res)
5.529: (take_image rover0 waypoint0 objective3 camera8 high_res)
5.529: (take_image rover0 waypoint0 objective3 camera7 high_res)
5.529: (take_image rover0 waypoint0 objective3 camera3 high_res)
5.542: (take_image rover0 waypoint0 objective5 camera2 high_res)
5.542: (take_image rover0 waypoint0 objective5 camera4 high_res)
5.542: (take_image rover0 waypoint0 objective5 camera7 high_res)
5.543: (take_image rover0 waypoint0 objective5 camera3 high_res)
5.543: (take_image rover0 waypoint0 objective5 camera8 high_res)
5.562: (navigate rover0 waypoint0 waypoint14)
5.674: (take_image rover0 waypoint9 objective5 camera4 low_res)
5.674: (take_image rover0 waypoint9 objective5 camera1 low_res)
5.675: (take_image rover0 waypoint9 objective5 camera6 low_res)
5.675: (take_image rover0 waypoint9 objective5 camera8 low_res)
5.675: (take_image rover0 waypoint9 objective5 camera2 low_res)
5.677: (take_image rover0 waypoint9 objective5 camera6 colour)
5.677: (take_image rover0 waypoint9 objective5 camera0 colour)
5.678: (take_image rover0 waypoint9 objective5 camera2 colour)
5.678: (take_image rover0 waypoint9 objective5 camera4 colour)
1.773: (take_image rover0 waypoint1 objective7 camera4 high_res)
1.773: (take_image rover0 waypoint1 objective4 camera4 high_res)
2.403: (calibrate rover0 camera3 objective3 waypoint8)
2.403: (calibrate rover0 camera7 objective3 waypoint8)
2.421: (navigate rover0 waypoint1 waypoint8)
2.429: (calibrate rover0 camera6 objective4 waypoint1)
2.430: (calibrate rover0 camera4 objective7 waypoint1)
2.496: (calibrate rover0 camera2 objective5 waypoint0)
2.509: (calibrate rover0 camera8 objective5 waypoint0)
2.524: (calibrate rover0 camera3 objective3 waypoint0)
2.524: (calibrate rover0 camera7 objective3 waypoint0)
2.536: (navigate rover0 waypoint1 waypoint0)
2.617: (calibrate rover0 camera4 objective7 waypoint1)
2.617: (calibrate rover0 camera6 objective4 waypoint1)
2.635: (communicate_image_data rover0 general objective7 high_res waypoint8 waypoint10)
2.884: (navigate rover0 waypoint1 waypoint7)
2.939: (calibrate rover0 camera1 objective0 waypoint9)
2.945: (calibrate rover0 camera2 objective5 waypoint9)
2.958: (calibrate rover0 camera0 objective2 waypoint9)
2.962: (calibrate rover0 camera8 objective5 waypoint9)
2.980: (calibrate rover0 camera4 objective7 waypoint1)
2.982: (calibrate rover0 camera4 objective7 waypoint1)
2.984: (navigate rover0 waypoint9 waypoint1)
2.984: (navigate rover0 waypoint9 waypoint1)
2.991: (calibrate rover0 camera4 objective7 waypoint1)
2.992: (navigate rover0 waypoint0 waypoint1)
2.993: (navigate rover0 waypoint0 waypoint1)
2.993: (calibrate rover0 camera4 objective7 waypoint1)
2.996: (navigate rover0 waypoint9 waypoint1)
2.997: (navigate rover0 waypoint9 waypoint1)
3.012: (navigate rover0 waypoint9 waypoint1)
3.018: (navigate rover0 waypoint1 waypoint9)
3.019: (navigate rover0 waypoint9 waypoint1)
3.020: (navigate rover0 waypoint9 waypoint1)
3.022: (navigate rover0 waypoint8 waypoint1)
3.022: (navigate rover0 waypoint0 waypoint1)
3.022: (navigate rover0 waypoint0 waypoint1)
3.023: (navigate rover0 waypoint9 waypoint1)
3.024: (navigate rover0 waypoint8 waypoint1)
3.024: (calibrate rover0 camera4 objective7 waypoint1)
3.024: (calibrate rover0 camera4 objective7 waypoint1)
3.029: (navigate rover0 waypoint9 waypoint1)
3.035: (navigate rover0 waypoint0 waypoint1)
3.035: (navigate rover0 waypoint0 waypoint1)
3.040: (navigate rover0 waypoint0 waypoint1)
3.040: (navigate rover0 waypoint0 waypoint1)
3.041: (navigate rover0 waypoint0 waypoint1)
3.046: (navigate rover0 waypoint9 waypoint1)
3.131: (navigate rover0 waypoint8 waypoint1)
3.131: (navigate rover0 waypoint0 waypoint1)
3.216: (navigate rover0 waypoint1 waypoint7)
3.255: (navigate rover0 waypoint9 waypoint1)
3.257: (navigate rover0 waypoint0 waypoint1)
3.258: (calibrate rover0 camera6 objective4 waypoint1)
3.269: (navigate rover0 waypoint0 waypoint1)
3.273: (navigate rover0 waypoint0 waypoint1)
3.275: (calibrate rover0 camera6 objective4 waypoint1)
3.277: (navigate rover0 waypoint9 waypoint1)
3.283: (navigate rover0 waypoint0 waypoint1)
3.285: (calibrate rover0 camera6 objective4 waypoint1)
3.289: (navigate rover0 waypoint9 waypoint1)
3.310: (navigate rover0 waypoint0 waypoint1)
3.311: (navigate rover0 waypoint8 waypoint1)
3.312: (navigate rover0 waypoint8 waypoint1)
3.312: (calibrate rover0 camera6 objective4 waypoint1)
3.312: (navigate rover0 waypoint0 waypoint1)
3.312: (calibrate rover0 camera6 objective4 waypoint1)
3.320: (navigate rover0 waypoint8 waypoint1)
3.322: (navigate rover0 waypoint0 waypoint1)
3.322: (calibrate rover0 camera2 objective5 waypoint9)
3.328: (calibrate rover0 camera6 objective4 waypoint1)
3.330: (calibrate rover0 camera1 objective0 waypoint9)
3.336: (calibrate rover0 camera0 objective2 waypoint9)
3.341: (calibrate rover0 camera8 objective5 waypoint9)
3.344: (calibrate rover0 camera6 objective4 waypoint1)
3.345: (calibrate rover0 camera6 objective4 waypoint1)
3.345: (navigate rover0 waypoint0 waypoint1)
3.346: (navigate rover0 waypoint0 waypoint1)
3.346: (calibrate rover0 camera3 objective3 waypoint8)
3.346: (calibrate rover0 camera7 objective3 waypoint8)
3.346: (take_image rover0 waypoint8 objective4 camera4 high_res)
3.347: (take_image rover0 waypoint8 objective4 camera4 high_res)
3.347: (navigate rover0 waypoint8 waypoint1)
3.347: (navigate rover0 waypoint8 waypoint1)
3.349: (take_image rover0 waypoint8 objective4 camera7 high_res)
3.349: (take_image rover0 waypoint8 objective4 camera3 high_res)
3.360: (navigate rover0 waypoint1 waypoint8)
3.360: (take_image rover0 waypoint8 objective4 camera3 high_res)
3.360: (take_image rover0 waypoint8 objective4 camera7 high_res)
3.371: (take_image rover0 waypoint0 objective4 camera3 high_res)
3.371: (take_image rover0 waypoint0 objective4 camera7 high_res)
3.371: (take_image rover0 waypoint0 objective4 camera8 high_res)
3.372: (calibrate rover0 camera2 objective5 waypoint0)
3.372: (take_image rover0 waypoint0 objective4 camera4 high_res)
3.384: (take_image rover0 waypoint0 objective4 camera2 high_res)
3.386: (calibrate rover0 camera8 objective5 waypoint0)
3.387: (take_image rover0 waypoint0 objective4 camera7 high_res)
3.387: (take_image rover0 waypoint0 objective4 camera3 high_res)
3.389: (take_image rover0 waypoint0 objective4 camera4 high_res)
3.390: (calibrate rover0 camera6 objective4 waypoint1)
3.391: (navigate rover0 waypoint1 waypoint9)
3.401: (calibrate rover0 camera6 objective4 waypoint1)
3.405: (calibrate rover0 camera6 objective4 waypoint1)
3.406: (navigate rover0 waypoint9 waypoint1)
3.416: (take_image rover0 waypoint0 objective4 camera4 high_res)
3.416: (take_image rover0 waypoint0 objective4 camera4 high_res)
3.417: (take_image rover0 waypoint0 objective4 camera2 high_res)
3.417: (take_image rover0 waypoint0 objective4 camera2 high_res)
3.417: (take_image rover0 waypoint0 objective4 camera8 high_res)
3.417: (take_image rover0 waypoint0 objective4 camera8 high_res)
3.419: (take_image rover0 waypoint0 objective4 camera7 high_res)
3.419: (take_image rover0 waypoint0 objective4 camera3 high_res)
3.425: (calibrate rover0 camera3 objective3 waypoint0)
3.425: (calibrate rover0 camera7 objective3 waypoint0)
3.431: (navigate rover0 waypoint1 waypoint0)
3.431: (take_image rover0 waypoint0 objective4 camera7 high_res)
3.432: (take_image rover0 waypoint0 objective4 camera3 high_res)
3.432: (take_image rover0 waypoint0 objective4 camera8 high_res)
3.432: (take_image rover0 waypoint0 objective4 camera2 high_res)
3.444: (calibrate rover0 camera6 objective4 waypoint1)
3.446: (calibrate rover0 camera6 objective4 waypoint1)
3.538: (take_image rover0 waypoint1 objective7 camera6 low_res)
3.539: (take_image rover0 waypoint1 objective7 camera4 high_res)
3.539: (take_image rover0 waypoint1 objective7 camera4 low_res)
3.541: (take_image rover0 waypoint1 objective7 camera4 high_res)
3.541: (take_image rover0 waypoint1 objective7 camera6 colour)
3.541: (take_image rover0 waypoint1 objective7 camera4 colour)
3.548: (take_image rover0 waypoint1 objective6 camera4 high_res)
3.548: (take_image rover0 waypoint1 objective7 camera4 high_res)
3.571: (take_image rover0 waypoint1 objective7 camera4 high_res)
3.571: (take_image rover0 waypoint1 objective6 camera6 low_res)
3.571: (take_image rover0 waypoint1 objective6 camera4 colour)
3.571: (take_image rover0 waypoint1 objective6 camera4 low_res)
3.572: (take_image rover0 waypoint1 objective7 camera4 high_res)
3.572: (take_image rover0 waypoint1 objective6 camera6 colour)
3.596: (take_image rover0 waypoint1 objective7 camera4 high_res)
3.596: (take_image rover0 waypoint1 objective4 camera4 low_res)
3.596: (take_image rover0 waypoint1 objective4 camera4 colour)
3.596: (take_image rover0 waypoint1 objective4 camera6 colour)
3.596: (take_image rover0 waypoint1 objective7 camera4 high_res)
3.596: (take_image rover0 waypoint1 objective4 camera6 low_res)
3.701: (navigate rover0 waypoint9 waypoint12)
3.714: (calibrate rover0 camera1 objective0 waypoint14)
3.714: (calibrate rover0 camera4 objective7 waypoint14)
3.719: (calibrate rover0 camera5 objective3 waypoint8)
3.726: (navigate rover0 waypoint0 waypoint11)
3.728: (calibrate rover0 camera4 objective7 waypoint11)
3.728: (calibrate rover0 camera8 objective5 waypoint11)
3.728: (calibrate rover0 camera2 objective5 waypoint11)
3.728: (calibrate rover0 camera4 objective7 waypoint11)
3.729: (navigate rover0 waypoint0 waypoint11)
3.734: (calibrate rover0 camera4 objective7 waypoint14)
3.734: (calibrate rover0 camera8 objective5 waypoint14)
3.734: (navigate rover0 waypoint0 waypoint14)
3.734: (navigate rover0 waypoint0 waypoint14)
3.734: (calibrate rover0 camera2 objective5 waypoint14)
3.735: (calibrate rover0 camera4 objective7 waypoint14)
3.745: (calibrate rover0 camera6 objective4 waypoint8)
3.745: (navigate rover0 waypoint1 waypoint8)
3.755: (calibrate rover0 camera1 objective0 waypoint14)
3.755: (calibrate rover0 camera2 objective5 waypoint14)
3.756: (calibrate rover0 camera4 objective7 waypoint11)
3.756: (calibrate rover0 camera4 objective7 waypoint11)
3.757: (navigate rover0 waypoint0 waypoint11)
3.757: (navigate rover0 waypoint0 waypoint11)
3.761: (navigate rover0 waypoint0 waypoint11)
3.762: (calibrate rover0 camera4 objective7 waypoint14)
3.762: (calibrate rover0 camera4 objective7 waypoint14)
3.765: (navigate rover0 waypoint0 waypoint14)
3.765: (navigate rover0 waypoint0 waypoint14)
3.765: (calibrate rover0 camera1 objective0 waypoint14)
3.765: (calibrate rover0 camera8 objective5 waypoint14)
3.773: (calibrate rover0 camera1 objective0 waypoint14)
3.777: (navigate rover0 waypoint8 waypoint3)
3.780: (calibrate rover0 camera1 objective0 waypoint14)
3.780: (calibrate rover0 camera1 objective0 waypoint14)
3.782: (calibrate rover0 camera1 objective0 waypoint14)
3.784: (communicate_image_data rover0 general objective4 high_res waypoint8 waypoint10)
3.784: (calibrate rover0 camera2 objective5 waypoint14)
3.785: (calibrate rover0 camera8 objective5 waypoint14)
3.786: (navigate rover0 waypoint0 waypoint14)
3.786: (navigate rover0 waypoint0 waypoint11)
3.787: (navigate rover0 waypoint0 waypoint14)
3.787: (navigate rover0 waypoint0 waypoint14)
3.787: (calibrate rover0 camera2 objective5 waypoint11)
3.788: (calibrate rover0 camera8 objective5 waypoint11)
3.789: (take_image rover0 waypoint1 objective4 camera4 high_res)
3.789: (calibrate rover0 camera2 objective5 waypoint14)
3.789: (take_image rover0 waypoint1 objective4 camera4 low_res)
3.789: (navigate rover0 waypoint0 waypoint14)
3.789: (calibrate rover0 camera2 objective5 waypoint11)
3.789: (calibrate rover0 camera2 objective5 waypoint11)
3.789: (navigate rover0 waypoint0 waypoint14)
3.790: (calibrate rover0 camera2 objective5 waypoint14)
3.790: (calibrate rover0 camera2 objective5 waypoint14)
3.790: (navigate rover0 waypoint0 waypoint11)
3.790: (navigate rover0 waypoint0 waypoint11)
3.791: (navigate rover0 waypoint0 waypoint11)
3.791: (take_image rover0 waypoint1 objective4 camera6 low_res)
3.792: (take_image rover0 waypoint1 objective4 camera4 high_res)
1.500: (communicate_image_data rover0 general objective7 high_res waypoint8 waypoint10)
1.546: (calibrate rover0 camera3 objective3 waypoint8)
1.546: (calibrate rover0 camera7 objective3 waypoint8)
1.547: (communicate_image_data rover0 general objective7 high_res waypoint8 waypoint10)
1.547: (communicate_image_data rover0 general objective7 high_res waypoint8 waypoint10)
1.648: (take_image rover0 waypoint8 objective4 camera3 high_res)
1.648: (navigate rover0 waypoint1 waypoint8)
1.648: (take_image rover0 waypoint8 objective4 camera7 high_res)
1.648: (take_image rover0 waypoint8 objective4 camera4 high_res)
1.676: (navigate rover0 waypoint1 waypoint7)
1.694: (take_image rover0 waypoint0 objective4 camera8 high_res)
1.694: (take_image rover0 waypoint0 objective4 camera2 high_res)
1.694: (navigate rover0 waypoint1 waypoint0)
1.695: (take_image rover0 waypoint0 objective4 camera3 high_res)
1.695: (take_image rover0 waypoint0 objective4 camera7 high_res)
1.695: (take_image rover0 waypoint0 objective4 camera4 high_res)
1.732: (navigate rover0 waypoint1 waypoint9)
1.776: (take_image rover0 waypoint1 objective4 camera4 high_res)
1.776: (calibrate rover0 camera6 objective4 waypoint1)
1.777: (take_image rover0 waypoint1 objective7 camera4 high_res)
1.836: (calibrate rover0 camera4 objective7 waypoint1)
2.368: (take_image rover0 waypoint1 objective7 camera4 high_res)
2.368: (navigate rover0 waypoint0 waypoint1)
2.368: (navigate rover0 waypoint9 waypoint1)
2.368: (take_image rover0 waypoint1 objective7 camera0 high_res)
2.369: (take_image rover0 waypoint1 objective7 camera1 high_res)
2.369: (take_image rover0 waypoint1 objective7 camera7 high_res)
2.370: (take_image rover0 waypoint1 objective7 camera8 high_res)
2.370: (take_image rover0 waypoint1 objective7 camera3 high_res)
2.373: (take_image rover0 waypoint1 objective7 camera2 high_res)
2.373: (take_image rover0 waypoint1 objective7 camera8 high_res)
2.374: (navigate rover0 waypoint9 waypoint1)
2.374: (take_image rover0 waypoint1 objective7 camera0 high_res)
2.374: (take_image rover0 waypoint1 objective7 camera4 high_res)
2.380: (take_image rover0 waypoint1 objective7 camera0 high_res)
2.380: (take_image rover0 waypoint1 objective7 camera1 high_res)
2.380: (take_image rover0 waypoint1 objective7 camera8 high_res)
2.380: (take_image rover0 waypoint1 objective7 camera2 high_res)
2.380: (take_image rover0 waypoint1 objective7 camera4 high_res)
2.381: (navigate rover0 waypoint9 waypoint1)
2.381: (navigate rover0 waypoint0 waypoint1)
2.382: (take_image rover0 waypoint1 objective7 camera1 high_res)
2.382: (take_image rover0 waypoint1 objective7 camera2 high_res)
2.382: (take_image rover0 waypoint1 objective7 camera7 high_res)
2.382: (take_image rover0 waypoint1 objective7 camera3 high_res)
2.382: (navigate rover0 waypoint9 waypoint1)
2.382: (take_image rover0 waypoint1 objective7 camera4 high_res)
2.402: (calibrate rover0 camera7 objective3 waypoint8)
2.402: (calibrate rover0 camera3 objective3 waypoint8)
2.404: (calibrate rover0 camera5 objective3 waypoint8)
2.404: (calibrate rover0 camera7 objective3 waypoint8)
2.404: (calibrate rover0 camera3 objective3 waypoint8)
2.404: (calibrate rover0 camera5 objective3 waypoint8)
2.409: (take_image rover0 waypoint1 objective7 camera2 high_res)
2.409: (take_image rover0 waypoint1 objective7 camera4 high_res)
2.409: (navigate rover0 waypoint0 waypoint1)
2.409: (navigate rover0 waypoint0 waypoint1)
2.410: (navigate rover0 waypoint8 waypoint1)
2.410: (navigate rover0 waypoint8 waypoint1)
2.410: (take_image rover0 waypoint1 objective7 camera4 high_res)
2.410: (take_image rover0 waypoint1 objective7 camera2 high_res)
2.410: (take_image rover0 waypoint1 objective7 camera3 high_res)
2.410: (take_image rover0 waypoint1 objective7 camera7 high_res)
2.410: (take_image rover0 waypoint1 objective7 camera8 high_res)
2.410: (take_image rover0 waypoint1 objective7 camera8 high_res)
2.416: (calibrate rover0 camera4 objective7 waypoint1)
2.417: (calibrate rover0 camera7 objective3 waypoint8)
2.418: (calibrate rover0 camera3 objective3 waypoint8)
2.418: (calibrate rover0 camera7 objective3 waypoint8)
2.418: (calibrate rover0 camera3 objective3 waypoint8)
2.419: (calibrate rover0 camera6 objective4 waypoint8)
2.419: (calibrate rover0 camera6 objective4 waypoint8)
2.420: (calibrate rover0 camera4 objective7 waypoint1)
2.422: (calibrate rover0 camera4 objective7 waypoint1)
2.422: (take_image rover0 waypoint1 objective7 camera6 low_res)
2.423: (take_image rover0 waypoint1 objective7 camera6 colour)
2.423: (calibrate rover0 camera5 objective3 waypoint8)
2.432: (navigate rover0 waypoint1 waypoint8)
2.432: (calibrate rover0 camera6 objective4 waypoint8)
2.433: (calibrate rover0 camera4 objective7 waypoint1)
2.435: (calibrate rover0 camera4 objective7 waypoint1)
2.436: (take_image rover0 waypoint1 objective6 camera6 colour)
2.436: (take_image rover0 waypoint1 objective6 camera6 low_res)
2.449: (calibrate rover0 camera4 objective7 waypoint1)
2.451: (calibrate rover0 camera4 objective7 waypoint1)
2.455: (take_image rover0 waypoint1 objective4 camera6 colour)
2.456: (take_image rover0 waypoint1 objective4 camera6 low_res)
2.489: (calibrate rover0 camera2 objective5 waypoint11)
2.490: (navigate rover0 waypoint0 waypoint11)
2.496: (calibrate rover0 camera3 objective3 waypoint0)
2.496: (calibrate rover0 camera7 objective3 waypoint0)
2.496: (calibrate rover0 camera2 objective5 waypoint0)
2.496: (calibrate rover0 camera2 objective5 waypoint0)
2.498: (calibrate rover0 camera5 objective3 waypoint0)
2.498: (calibrate rover0 camera8 objective5 waypoint11)
2.499: (navigate rover0 waypoint0 waypoint11)
2.500: (calibrate rover0 camera7 objective3 waypoint3)
2.500: (calibrate rover0 camera3 objective3 waypoint3)
2.503: (navigate rover0 waypoint8 waypoint3)
2.503: (navigate rover0 waypoint8 waypoint3)
2.508: (calibrate rover0 camera3 objective3 waypoint0)
2.508: (calibrate rover0 camera7 objective3 waypoint0)
2.508: (calibrate rover0 camera8 objective5 waypoint0)
2.508: (calibrate rover0 camera8 objective5 waypoint0)
2.510: (calibrate rover0 camera5 objective3 waypoint0)
2.514: (calibrate rover0 camera2 objective5 waypoint0)
2.515: (calibrate rover0 camera8 objective5 waypoint0)
2.515: (navigate rover0 waypoint9 waypoint12)
2.520: (navigate rover0 waypoint9 waypoint12)
2.522: (navigate rover0 waypoint9 waypoint12)
2.522: (calibrate rover0 camera3 objective3 waypoint0)
2.522: (calibrate rover0 camera7 objective3 waypoint0)
2.525: (navigate rover0 waypoint9 waypoint12)
2.527: (navigate rover0 waypoint0 waypoint11)
2.527: (navigate rover0 waypoint0 waypoint11)
2.527: (navigate rover0 waypoint0 waypoint14)
2.528: (calibrate rover0 camera5 objective3 waypoint0)
2.528: (calibrate rover0 camera5 objective3 waypoint0)
2.528: (calibrate rover0 camera6 objective4 waypoint0)
2.537: (calibrate rover0 camera6 objective4 waypoint0)
2.537: (navigate rover0 waypoint0 waypoint14)
2.538: (navigate rover0 waypoint8 waypoint3)
2.538: (calibrate rover0 camera2 objective5 waypoint0)
2.538: (calibrate rover0 camera7 objective3 waypoint0)
2.538: (calibrate rover0 camera3 objective3 waypoint0)
2.539: (calibrate rover0 camera8 objective5 waypoint0)
2.539: (calibrate rover0 camera4 objective7 waypoint3)
2.542: (calibrate rover0 camera6 objective4 waypoint0)
2.542: (calibrate rover0 camera6 objective4 waypoint0)
2.545: (calibrate rover0 camera5 objective3 waypoint0)
2.547: (calibrate rover0 camera4 objective7 waypoint11)
2.549: (navigate rover0 waypoint0 waypoint11)
2.550: (navigate rover0 waypoint0 waypoint1)
2.552: (navigate rover0 waypoint9 waypoint12)
2.552: (calibrate rover0 camera6 objective4 waypoint0)
2.553: (take_image rover0 waypoint1 objective4 camera4 high_res)
2.553: (navigate rover0 waypoint1 waypoint0)
2.553: (take_image rover0 waypoint1 objective4 camera0 high_res)
2.553: (take_image rover0 waypoint1 objective4 camera8 high_res)
2.553: (calibrate rover0 camera4 objective7 waypoint12)
2.554: (take_image rover0 waypoint1 objective4 camera7 high_res)
2.554: (navigate rover0 waypoint9 waypoint1)
2.554: (take_image rover0 waypoint1 objective4 camera1 high_res)
2.554: (take_image rover0 waypoint1 objective4 camera3 high_res)
2.559: (navigate rover0 waypoint9 waypoint1)
2.559: (take_image rover0 waypoint1 objective4 camera0 high_res)
2.559: (navigate rover0 waypoint0 waypoint6)
2.559: (take_image rover0 waypoint1 objective4 camera4 high_res)
2.560: (navigate rover0 waypoint0 waypoint1)
2.560: (take_image rover0 waypoint1 objective4 camera8 high_res)
2.560: (take_image rover0 waypoint1 objective4 camera2 high_res)
2.560: (navigate rover0 waypoint0 waypoint5)
2.561: (navigate rover0 waypoint9 waypoint1)
2.562: (take_image rover0 waypoint1 objective4 camera4 high_res)
2.563: (take_image rover0 waypoint1 objective4 camera3 high_res)
2.563: (take_image rover0 waypoint1 objective4 camera7 high_res)
2.563: (take_image rover0 waypoint1 objective4 camera2 high_res)
2.563: (take_image rover0 waypoint1 objective4 camera1 high_res)
2.563: (take_image rover0 waypoint1 objective4 camera0 high_res)
2.563: (navigate rover0 waypoint9 waypoint1)
2.564: (navigate rover0 waypoint0 waypoint14)
2.565: (navigate rover0 waypoint0 waypoint14)
2.566: (take_image rover0 waypoint1 objective4 camera8 high_res)
2.566: (take_image rover0 waypoint1 objective4 camera2 high_res)
2.567: (take_image rover0 waypoint1 objective4 camera1 high_res)
2.567: (take_image rover0 waypoint1 objective4 camera4 high_res)
2.571: (navigate rover0 waypoint0 waypoint6)
2.572: (navigate rover0 waypoint0 waypoint5)
2.572: (navigate rover0 waypoint0 waypoint5)
2.579: (navigate rover0 waypoint0 waypoint6)
2.579: (navigate rover0 waypoint0 waypoint6)
2.587: (navigate rover0 waypoint8 waypoint1)
2.587: (navigate rover0 waypoint8 waypoint1)
2.587: (navigate rover0 waypoint0 waypoint6)
2.589: (navigate rover0 waypoint0 waypoint14)
2.589: (navigate rover0 waypoint0 waypoint1)
2.591: (navigate rover0 waypoint0 waypoint1)
2.591: (take_image rover0 waypoint1 objective4 camera7 high_res)
2.591: (take_image rover0 waypoint1 objective4 camera3 high_res)
2.591: (take_image rover0 waypoint1 objective4 camera8 high_res)
2.591: (take_image rover0 waypoint1 objective4 camera8 high_res)
2.592: (take_image rover0 waypoint1 objective4 camera2 high_res)
2.592: (take_image rover0 waypoint1 objective4 camera4 high_res)
2.592: (take_image rover0 waypoint1 objective4 camera2 high_res)
2.592: (take_image rover0 waypoint1 objective4 camera4 high_res)
2.597: (calibrate rover0 camera4 objective7 waypoint1)
2.598: (navigate rover0 waypoint0 waypoint5)
2.598: (navigate rover0 waypoint0 waypoint5)
2.599: (calibrate rover0 camera4 objective7 waypoint1)
2.600: (take_image rover0 waypoint1 objective4 camera6 low_res)
2.601: (take_image rover0 waypoint1 objective4 camera6 colour)
2.608: (communicate_image_data rover0 general objective4 high_res waypoint8 waypoint10)
2.617: (take_image rover0 waypoint1 objective7 camera6 colour)
2.619: (take_image rover0 waypoint1 objective7 camera6 low_res)
2.629: (take_image rover0 waypoint1 objective6 camera6 low_res)
2.629: (take_image rover0 waypoint1 objective6 camera6 colour)
2.630: (communicate_image_data rover0 general objective7 high_res waypoint8 waypoint10)
2.630: (calibrate rover0 camera5 objective3 waypoint8)
2.631: (communicate_image_data rover0 general objective7 high_res waypoint8 waypoint10)
2.633: (calibrate rover0 camera6 objective4 waypoint8)
0.760: (take_image rover0 waypoint8 objective4 camera4 high_res)
0.760: (take_image rover0 waypoint8 objective4 camera7 high_res)
0.760: (take_image rover0 waypoint8 objective4 camera3 high_res)
0.760: (communicate_image_data rover0 general objective7 high_res waypoint8 waypoint10)
0.818: (communicate_image_data rover0 general objective4 high_res waypoint8 waypoint10)
1.479: (calibrate rover0 camera6 objective4 waypoint8)
1.480: (communicate_image_data rover0 general objective7 high_res waypoint8 waypoint10)
1.503: (calibrate rover0 camera5 objective3 waypoint8)
1.503: (communicate_image_data rover0 general objective7 high_res waypoint8 waypoint10)
1.514: (communicate_image_data rover0 general objective7 high_res waypoint8 waypoint10)
1.514: (communicate_image_data rover0 general objective7 high_res waypoint8 waypoint10)
1.514: (calibrate rover0 camera7 objective3 waypoint8)
1.514: (calibrate rover0 camera3 objective3 waypoint8)
1.519: (calibrate rover0 camera7 objective3 waypoint8)
1.519: (calibrate rover0 camera3 objective3 waypoint8)
1.520: (calibrate rover0 camera6 objective4 waypoint8)
1.520: (calibrate rover0 camera6 objective4 waypoint8)
1.521: (communicate_image_data rover0 general objective7 high_res waypoint8 waypoint10)
1.521: (communicate_image_data rover0 general objective7 high_res waypoint8 waypoint10)
1.545: (navigate rover0 waypoint8 waypoint1)
1.548: (calibrate rover0 camera3 objective3 waypoint8)
1.548: (calibrate rover0 camera7 objective3 waypoint8)
1.551: (calibrate rover0 camera5 objective3 waypoint8)
1.551: (calibrate rover0 camera5 objective3 waypoint8)
1.551: (communicate_image_data rover0 general objective7 high_res waypoint8 waypoint10)
1.551: (communicate_image_data rover0 general objective7 high_res waypoint8 waypoint10)
1.585: (calibrate rover0 camera7 objective3 waypoint8)
1.585: (calibrate rover0 camera3 objective3 waypoint8)
1.585: (communicate_image_data rover0 general objective7 high_res waypoint8 waypoint10)
1.608: (communicate_image_data rover0 general objective4 high_res waypoint3 waypoint10)
1.611: (navigate rover0 waypoint8 waypoint3)
1.611: (navigate rover0 waypoint8 waypoint1)
1.612: (navigate rover0 waypoint8 waypoint1)
1.620: (navigate rover0 waypoint7 waypoint13)
1.639: (take_image rover0 waypoint8 objective4 camera4 high_res)
1.639: (calibrate rover0 camera5 objective3 waypoint8)
1.639: (take_image rover0 waypoint8 objective4 camera7 high_res)
1.640: (take_image rover0 waypoint8 objective4 camera3 high_res)
1.641: (navigate rover0 waypoint1 waypoint8)
1.641: (calibrate rover0 camera6 objective4 waypoint8)
1.641: (take_image rover0 waypoint8 objective4 camera7 high_res)
1.642: (take_image rover0 waypoint8 objective4 camera3 high_res)
1.642: (take_image rover0 waypoint8 objective4 camera7 high_res)
1.642: (take_image rover0 waypoint8 objective4 camera4 high_res)
1.642: (take_image rover0 waypoint8 objective4 camera3 high_res)
1.642: (take_image rover0 waypoint8 objective4 camera4 high_res)
1.642: (calibrate rover0 camera3 objective3 waypoint8)
1.642: (calibrate rover0 camera7 objective3 waypoint8)
1.642: (take_image rover0 waypoint8 objective4 camera4 high_res)
1.650: (navigate rover0 waypoint1 waypoint7)
1.659: (communicate_image_data rover0 general objective4 high_res waypoint3 waypoint10)
1.659: (communicate_image_data rover0 general objective4 high_res waypoint3 waypoint10)
1.666: (communicate_image_data rover0 general objective4 high_res waypoint12 waypoint10)
1.684: (calibrate rover0 camera1 objective0 waypoint9)
1.685: (calibrate rover0 camera2 objective5 waypoint9)
1.688: (navigate rover0 waypoint1 waypoint8)
1.688: (take_image rover0 waypoint8 objective4 camera7 high_res)
1.689: (calibrate rover0 camera8 objective5 waypoint9)
1.689: (take_image rover0 waypoint8 objective4 camera3 high_res)
1.690: (take_image rover0 waypoint0 objective4 camera3 high_res)
1.690: (take_image rover0 waypoint0 objective4 camera7 high_res)
1.690: (calibrate rover0 camera2 objective5 waypoint0)
1.691: (take_image rover0 waypoint0 objective4 camera8 high_res)
1.692: (take_image rover0 waypoint0 objective4 camera2 high_res)
1.692: (take_image rover0 waypoint0 objective4 camera2 high_res)
1.692: (navigate rover0 waypoint1 waypoint7)
1.693: (take_image rover0 waypoint0 objective4 camera4 high_res)
1.693: (take_image rover0 waypoint0 objective4 camera4 high_res)
1.693: (take_image rover0 waypoint0 objective4 camera8 high_res)
1.693: (take_image rover0 waypoint0 objective4 camera8 high_res)
1.693: (take_image rover0 waypoint0 objective4 camera4 high_res)
1.693: (calibrate rover0 camera3 objective3 waypoint0)
1.693: (calibrate rover0 camera7 objective3 waypoint0)
1.694: (calibrate rover0 camera8 objective5 waypoint0)
1.694: (take_image rover0 waypoint0 objective4 camera8 high_res)
1.694: (calibrate rover0 camera0 objective2 waypoint9)
1.694: (take_image rover0 waypoint0 objective4 camera2 high_res)
1.694: (take_image rover0 waypoint0 objective4 camera4 high_res)
1.694: (calibrate rover0 camera5 objective3 waypoint0)
1.695: (take_image rover0 waypoint0 objective4 camera7 high_res)
1.695: (take_image rover0 waypoint0 objective4 camera3 high_res)
1.696: (take_image rover0 waypoint0 objective4 camera2 high_res)
1.698: (take_image rover0 waypoint0 objective4 camera7 high_res)
1.698: (take_image rover0 waypoint0 objective4 camera3 high_res)
1.699: (take_image rover0 waypoint0 objective4 camera8 high_res)
1.699: (take_image rover0 waypoint0 objective4 camera2 high_res)
1.699: (take_image rover0 waypoint0 objective4 camera3 high_res)
1.699: (take_image rover0 waypoint0 objective4 camera7 high_res)
1.699: (take_image rover0 waypoint0 objective4 camera4 high_res)
1.700: (communicate_image_data rover0 general objective4 high_res waypoint12 waypoint10)
1.700: (communicate_image_data rover0 general objective4 high_res waypoint12 waypoint10)
1.701: (navigate rover0 waypoint8 waypoint3)
1.702: (take_image rover0 waypoint0 objective4 camera4 high_res)
1.702: (communicate_image_data rover0 general objective4 high_res waypoint12 waypoint10)
1.703: (take_image rover0 waypoint0 objective4 camera3 high_res)
1.703: (take_image rover0 waypoint0 objective4 camera7 high_res)
1.703: (take_image rover0 waypoint3 objective7 camera7 high_res)
1.703: (take_image rover0 waypoint3 objective7 camera3 high_res)
1.703: (navigate rover0 waypoint1 waypoint0)
1.703: (calibrate rover0 camera6 objective4 waypoint0)
1.704: (take_image rover0 waypoint3 objective7 camera4 high_res)
1.710: (communicate_image_data rover0 general objective4 high_res waypoint12 waypoint10)
1.714: (navigate rover0 waypoint1 waypoint9)
1.733: (navigate rover0 waypoint8 waypoint1)
1.733: (take_image rover0 waypoint11 objective7 camera7 high_res)
1.733: (take_image rover0 waypoint11 objective7 camera3 high_res)
1.734: (take_image rover0 waypoint11 objective7 camera2 high_res)
1.734: (navigate rover0 waypoint0 waypoint11)
1.734: (take_image rover0 waypoint11 objective7 camera8 high_res)
1.735: (take_image rover0 waypoint11 objective7 camera4 high_res)
1.741: (navigate rover0 waypoint1 waypoint9)
1.746: (take_image rover0 waypoint12 objective7 camera4 high_res)
1.747: (navigate rover0 waypoint9 waypoint12)
1.748: (take_image rover0 waypoint12 objective7 camera8 high_res)
1.748: (take_image rover0 waypoint12 objective7 camera0 high_res)
1.748: (take_image rover0 waypoint12 objective7 camera2 high_res)
1.748: (take_image rover0 waypoint12 objective7 camera1 high_res)
1.753: (take_image rover0 waypoint0 objective4 camera7 high_res)
1.753: (take_image rover0 waypoint0 objective4 camera3 high_res)
1.756: (navigate rover0 waypoint1 waypoint0)
1.758: (take_image rover0 waypoint0 objective4 camera2 high_res)
1.758: (take_image rover0 waypoint0 objective4 camera8 high_res)
1.765: (navigate rover0 waypoint0 waypoint14)
1.766: (take_image rover0 waypoint14 objective7 camera7 high_res)
1.766: (take_image rover0 waypoint14 objective7 camera3 high_res)
1.766: (take_image rover0 waypoint14 objective7 camera8 high_res)
1.766: (take_image rover0 waypoint14 objective7 camera2 high_res)
1.766: (take_image rover0 waypoint14 objective7 camera4 high_res)
1.771: (take_image rover0 waypoint1 objective7 camera4 high_res)
1.775: (take_image rover0 waypoint1 objective7 camera4 high_res)
1.775: (take_image rover0 waypoint1 objective4 camera4 high_res)
1.775: (take_image rover0 waypoint1 objective7 camera4 low_res)
1.775: (take_image rover0 waypoint1 objective7 camera6 low_res)
1.776: (take_image rover0 waypoint1 objective4 camera4 high_res)
1.776: (take_image rover0 waypoint1 objective6 camera4 high_res)
1.776: (take_image rover0 waypoint1 objective7 camera4 high_res)
1.776: (take_image rover0 waypoint1 objective7 camera6 colour)
1.777: (take_image rover0 waypoint1 objective7 camera4 colour)
1.777: (take_image rover0 waypoint1 objective4 camera6 low_res)
1.777: (take_image rover0 waypoint1 objective4 camera4 low_res)
1.777: (take_image rover0 waypoint1 objective4 camera4 high_res)
1.777: (take_image rover0 waypoint1 objective4 camera4 high_res)
1.778: (take_image rover0 waypoint1 objective7 camera4 high_res)
1.778: (take_image rover0 waypoint1 objective4 camera4 high_res)
1.778: (take_image rover0 waypoint1 objective4 camera6 colour)
1.778: (take_image rover0 waypoint1 objective4 camera4 colour)
1.785: (take_image rover0 waypoint1 objective6 camera4 low_res)
1.785: (take_image rover0 waypoint1 objective6 camera6 low_res)
1.785: (take_image rover0 waypoint1 objective7 camera4 high_res)
1.785: (take_image rover0 waypoint1 objective4 camera4 high_res)
1.785: (take_image rover0 waypoint1 objective6 camera4 colour)
1.785: (take_image rover0 waypoint1 objective6 camera6 colour)
1.785: (take_image rover0 waypoint1 objective7 camera4 high_res)
1.786: (take_image rover0 waypoint1 objective4 camera4 high_res)
1.787: (navigate rover0 waypoint9 waypoint4)
1.804: (calibrate rover0 camera6 objective4 waypoint1)
1.804: (calibrate rover0 camera4 objective7 waypoint1)
1.849: (take_image rover0 waypoint6 objective4 camera2 high_res)
1.849: (take_image rover0 waypoint6 objective4 camera8 high_res)
1.849: (take_image rover0 waypoint6 objective4 camera3 high_res)
1.850: (take_image rover0 waypoint6 objective4 camera7 high_res)
1.850: (take_image rover0 waypoint6 objective4 camera4 high_res)
1.852: (navigate rover0 waypoint0 waypoint6)
1.868: (take_image rover0 waypoint5 objective4 camera4 high_res)
1.868: (take_image rover0 waypoint5 objective4 camera8 high_res)
1.868: (take_image rover0 waypoint5 objective4 camera3 high_res)
1.868: (take_image rover0 waypoint5 objective4 camera7 high_res)
1.868: (take_image rover0 waypoint5 objective4 camera2 high_res)
1.868: (navigate rover0 waypoint0 waypoint5)
2.371: (take_image rover0 waypoint8 objective6 camera3 high_res)
2.371: (take_image rover0 waypoint8 objective6 camera7 high_res)
2.372: (take_image rover0 waypoint8 objective6 camera4 high_res)
2.372: (take_image rover0 waypoint8 objective6 camera4 high_res)
2.376: (navigate rover0 waypoint0 waypoint1)
2.381: (calibrate rover0 camera6 objective4 waypoint1)
2.382: (navigate rover0 waypoint0 waypoint1)
2.382: (calibrate rover0 camera6 objective4 waypoint1)
2.384: (calibrate rover0 camera6 objective4 waypoint1)
2.385: (navigate rover0 waypoint0 waypoint1)
2.385: (navigate rover0 waypoint0 waypoint1)
2.387: (navigate rover0 waypoint0 waypoint1)
2.388: (calibrate rover0 camera6 objective4 waypoint1)
2.390: (navigate rover0 waypoint0 waypoint1)
2.392: (navigate rover0 waypoint1 waypoint8)
2.394: (navigate rover0 waypoint1 waypoint8)
2.396: (navigate rover0 waypoint1 waypoint8)
2.397: (take_image rover0 waypoint8 objective3 camera4 high_res)
2.397: (take_image rover0 waypoint8 objective3 camera4 high_res)
2.397: (take_image rover0 waypoint8 objective3 camera7 high_res)
2.397: (take_image rover0 waypoint8 objective3 camera3 high_res)
2.397: (navigate rover0 waypoint0 waypoint1)
2.397: (navigate rover0 waypoint0 waypoint1)
2.399: (take_image rover0 waypoint8 objective4 camera5 low_res)
2.399: (take_image rover0 waypoint8 objective4 camera5 low_res)
2.400: (take_image rover0 waypoint8 objective4 camera4 colour)
2.400: (take_image rover0 waypoint8 objective4 camera4 low_res)
2.400: (take_image rover0 waypoint8 objective4 camera4 colour)
2.400: (take_image rover0 waypoint8 objective4 camera4 low_res)
2.401: (take_image rover0 waypoint8 objective4 camera6 colour)
2.401: (take_image rover0 waypoint8 objective4 camera6 colour)
-0.063: (communicate_image_data rover0 general objective4 high_res waypoint8 waypoint10)
[Final] Expanded: 447, Generated: 6157
Found a solution of length 7!
   1: (calibrate rover0 camera4 objective7 waypoint1)
   2: (take_image rover0 waypoint1 objective7 camera4 high_res)
   3: (calibrate rover0 camera4 objective7 waypoint1)
   4: (navigate rover0 waypoint1 waypoint8)
   5: (communicate_image_data rover0 general objective7 high_res waypoint8 waypoint10)
   6: (take_image rover0 waypoint8 objective4 camera4 high_res)
   7: (communicate_image_data rover0 general objective4 high_res waypoint8 waypoint10)
