Torch: 2.12.0+cu130
Using CPU.
[Bellman] lambda=0 -> baseline (no widening signal)
[Value] SELF-CONSISTENT: leaf value = QR-DQN max_a mean Z(s,a) (SAC critics bypassed; prior still SAC policy)
[Add] OPTION8 add_beta=0.1 src=binc cap=2.0 (ADDITIVE bonus, NOT gated by P(a); prior untouched)
/u/ibrahim.eisawy/Neural-Guided-Search/venv/lib/python3.10/site-packages/pymimir_rgnn/model.py:162: UserWarning: index_reduce() is in beta and the API may change at any time. (Triggered internally at /pytorch/aten/src/ATen/native/TensorAdvancedIndexing.cpp:1514.)
  exps_max.index_reduce_(0, output_indices, output_messages, reduce="amax", include_self=False)
  [sim 257] found goal path of length 56
[Final] Expanded: 661, Generated: 661
[Cost] IQN forward calls (Bellman signal): 1281
[Widen] nodes widened: 0, mean w: 0.0000
[Add] child-edges given an additive bonus: 9554, mean (rel-1): 0.5579
[search done] simulations=257, unique states generated=661
Found a solution of length 56!
   1: (unlock f2-4f f2-3f key0-3 shape0)
   2: (move f2-4f f2-5f)
   3: (putdown f2-5f key0-3)
   4: (move f2-5f f2-6f)
   5: (pickup f2-6f key3-1)
   6: (move f2-6f f1-6f)
   7: (move f1-6f f0-6f)
   8: (move f0-6f f0-5f)
   9: (putdown f0-5f key3-1)
  10: (move f0-5f f0-4f)
  11: (move f0-4f f1-4f)
  12: (move f1-4f f2-4f)
  13: (move f2-4f f2-5f)
  14: (pickup f2-5f key0-3)
  15: (move f2-5f f2-4f)
  16: (move f2-4f f1-4f)
  17: (move f1-4f f0-4f)
  18: (move f0-4f f0-5f)
  19: (move f0-5f f0-6f)
  20: (move f0-6f f1-6f)
  21: (move f1-6f f2-6f)
  22: (move f2-6f f3-6f)
  23: (pickup-and-loose f3-6f key1-1 key0-3)
  24: (move f3-6f f4-6f)
  25: (move f4-6f f5-6f)
  26: (pickup-and-loose f5-6f key2-3 key1-1)
  27: (putdown f5-6f key2-3)
  28: (move f5-6f f4-6f)
  29: (move f4-6f f3-6f)
  30: (pickup f3-6f key0-3)
  31: (move f3-6f f2-6f)
  32: (move f2-6f f1-6f)
  33: (move f1-6f f0-6f)
  34: (move f0-6f f0-5f)
  35: (move f0-5f f0-4f)
  36: (putdown f0-4f key0-3)
  37: (move f0-4f f0-5f)
  38: (pickup f0-5f key3-1)
  39: (move f0-5f f0-4f)
  40: (move f0-4f f1-4f)
  41: (move f1-4f f2-4f)
  42: (move f2-4f f2-5f)
  43: (move f2-5f f2-6f)
  44: (putdown f2-6f key3-1)
  45: (move f2-6f f3-6f)
  46: (move f3-6f f3-5f)
  47: (move f3-5f f2-5f)
  48: (move f2-5f f2-4f)
  49: (move f2-4f f1-4f)
  50: (move f1-4f f0-4f)
  51: (pickup f0-4f key0-3)
  52: (move f0-4f f0-3f)
  53: (move f0-3f f0-2f)
  54: (move f0-2f f0-1f)
  55: (move f0-1f f0-0f)
  56: (putdown f0-0f key0-3)
