/u/ibrahim.eisawy/Neural-Guided-Search/venv/lib/python3.10/site-packages/pymimir_rgnn/model.py:151: UserWarning: index_reduce() is in beta and the API may change at any time. (Triggered internally at /pytorch/aten/src/ATen/native/cuda/Indexing.cu:1541.)
  max_msg.index_reduce_(0, output_indices, output_messages, reduce='amax', include_self=True)
Torch: 2.12.0+cu130
Using GPU:  NVIDIA L40S
28.178: (grasp left shaker1)
29.343: (grasp right shot5)
29.205: (leave left shaker1)
28.118: (fill-shot shot5 ingredient3 right left dispenser3)
24.368: (pour-shot-to-clean-shaker shot5 ingredient3 shaker1 right l0 l1)
23.936: (leave right shot5)
24.368: (grasp left shot5)
24.457: (refill-shot shot5 ingredient3 left right dispenser3)
24.290: (leave left shot5)
24.457: (grasp right shot5)
24.980: (grasp left shaker1)
24.799: (leave right shot5)
26.170: (grasp right shot3)
25.668: (leave left shaker1)
24.530: (fill-shot shot3 ingredient1 right left dispenser1)
20.608: (pour-shot-to-used-shaker shot3 ingredient1 shaker1 right l1 l2)
19.220: (clean-shot shot3 ingredient1 right left)
18.360: (leave right shot3)
18.105: (grasp left shaker1)
18.355: (grasp right shot4)
18.381: (leave left shaker1)
16.850: (fill-shot shot4 ingredient2 right left dispenser2)
16.521: (leave right shot4)
16.526: (grasp left shaker1)
17.001: (grasp right shot4)
17.851: (empty-shot right shot4 ingredient2)
17.402: (leave right shot4)
17.392: (leave left shaker1)
17.402: (grasp right shaker1)
17.851: (grasp left shot4)
17.877: (leave right shaker1)
16.850: (refill-shot shot4 ingredient2 left right dispenser2)
17.001: (grasp right shaker1)
16.526: (leave left shot4)
17.721: (grasp left shot5)
17.637: (empty-shot left shot5 ingredient3)
16.614: (leave left shot5)
16.626: (leave right shaker1)
16.614: (grasp left shaker1)
17.088: (grasp right shot4)
16.937: (leave left shaker1)
17.927: (grasp left shot5)
17.655: (leave right shot4)
17.546: (clean-shot shot5 ingredient3 left right)
16.476: (leave left shot5)
16.445: (grasp right shaker1)
16.868: (grasp left shot4)
16.749: (leave right shaker1)
17.721: (grasp right shot5)
17.546: (leave left shot4)
17.358: (fill-shot shot5 ingredient2 right left dispenser2)
16.439: (leave right shot5)
16.330: (grasp right shaker1)
16.720: (grasp left shot4)
16.607: (leave right shaker1)
17.432: (grasp right shot5)
17.799: (empty-shot right shot5 ingredient2)
16.714: (leave right shot5)
16.442: (leave left shot4)
16.410: (grasp right shaker1)
16.824: (grasp left shot4)
17.726: (empty-shot left shot4 ingredient2)
17.255: (leave left shot4)
17.340: (leave right shaker1)
17.255: (grasp left shaker1)
17.726: (grasp right shot4)
17.720: (leave left shaker1)
16.714: (refill-shot shot4 ingredient2 right left dispenser2)
16.824: (grasp left shaker1)
16.410: (leave right shot4)
17.446: (grasp right shot5)
17.493: (leave left shaker1)
18.753: (grasp left shot3)
17.722: (leave right shot5)
17.702: (grasp right shaker1)
16.410: (leave left shot3)
17.446: (grasp left shot5)
17.493: (leave right shaker1)
17.358: (refill-shot shot5 ingredient2 left right dispenser2)
17.399: (grasp right shaker1)
16.330: (leave left shot5)
17.612: (grasp left shot3)
17.651: (leave right shaker1)
17.819: (grasp right shot4)
16.608: (leave left shot3)
16.720: (grasp left shaker1)
16.330: (leave right shot4)
17.399: (grasp right shot5)
16.330: (leave right shot5)
17.612: (grasp right shot3)
17.651: (leave left shaker1)
17.819: (grasp left shot4)
18.624: (empty-shot left shot4 ingredient2)
17.443: (leave right shot3)
16.759: (clean-shot shot4 ingredient2 left right)
15.521: (leave left shot4)
15.022: (grasp left shot5)
15.499: (grasp right shaker1)
15.324: (leave left shot5)
16.323: (grasp left shot3)
16.402: (leave right shaker1)
16.276: (grasp right shot5)
15.022: (leave left shot3)
15.499: (grasp left shaker1)
15.324: (leave right shot5)
16.323: (grasp right shot1)
16.402: (leave left shaker1)
16.276: (grasp left shot5)
17.700: (empty-shot left shot5 ingredient2)
16.399: (leave right shot1)
16.211: (leave left shot5)
15.888: (grasp right shaker1)
16.401: (grasp left shot5)
15.888: (leave left shot5)
16.777: (grasp left shot1)
17.087: (leave right shaker1)
17.700: (grasp right shot5)
16.399: (leave left shot1)
16.401: (grasp left shaker1)
15.888: (leave right shot5)
16.777: (grasp right shot1)
17.087: (leave left shaker1)
17.960: (grasp left shot3)
17.087: (leave right shot1)
16.777: (grasp right shaker1)
15.888: (leave left shot3)
17.250: (grasp left shot2)
17.342: (leave right shaker1)
16.714: (fill-shot shot2 ingredient2 left right dispenser2)
16.442: (leave left shot2)
16.410: (grasp right shaker1)
16.824: (grasp left shot2)
17.726: (empty-shot left shot2 ingredient2)
17.255: (leave left shot2)
17.340: (leave right shaker1)
17.255: (grasp left shaker1)
17.726: (grasp right shot2)
17.720: (leave left shaker1)
16.714: (refill-shot shot2 ingredient2 right left dispenser2)
16.824: (grasp left shaker1)
16.410: (leave right shot2)
17.446: (grasp right shot5)
17.493: (leave left shaker1)
17.358: (refill-shot shot5 ingredient2 right left dispenser2)
16.439: (leave right shot5)
16.330: (grasp left shaker1)
16.720: (grasp right shot2)
16.607: (leave left shaker1)
17.432: (grasp left shot5)
17.358: (leave right shot2)
17.399: (grasp right shaker1)
16.330: (leave left shot5)
16.720: (grasp left shot2)
16.607: (leave right shaker1)
17.432: (grasp right shot5)
17.799: (empty-shot right shot5 ingredient2)
18.844: (empty-shot left shot2 ingredient2)
17.720: (leave right shot5)
18.943: (grasp right shot1)
18.569: (leave left shot2)
18.550: (grasp left shaker1)
17.255: (leave right shot1)
18.283: (grasp right shot5)
18.334: (leave left shaker1)
17.643: (refill-shot shot5 ingredient2 right left dispenser2)
17.235: (leave right shot5)
17.003: (grasp right shaker1)
17.559: (grasp left shot2)
17.443: (leave right shaker1)
16.759: (clean-shot shot2 ingredient2 left right)
16.699: (grasp right shot5)
18.140: (empty-shot right shot5 ingredient2)
16.399: (leave left shot2)
17.700: (grasp left shot3)
16.399: (leave left shot3)
18.140: (grasp left shot4)
17.342: (leave right shot5)
17.250: (grasp right shaker1)
15.888: (leave left shot4)
18.971: (shake cocktail1 ingredient1 ingredient3 shaker1 right left)
15.729: (pour-shaker-to-shot cocktail1 shot1 right shaker1 l2 l1)
13.823: (pour-shaker-to-shot cocktail1 shot3 right shaker1 l1 l0)
13.125: (empty-shaker right shaker1 cocktail1 l0 l0)
10.731: (clean-shaker right left shaker1)
9.984: (leave right shaker1)
9.370: (grasp right shot5)
8.444: (refill-shot shot5 ingredient2 right left dispenser2)
8.927: (grasp left shot1)
9.458: (leave right shot5)
9.297: (leave left shot1)
8.444: (grasp left shot5)
8.927: (grasp right shot1)
9.458: (leave left shot5)
9.887: (grasp left shot3)
9.458: (leave right shot1)
8.927: (grasp right shot5)
9.712: (empty-shot right shot5 ingredient2)
10.178: (leave right shot5)
10.335: (grasp right shot1)
10.178: (leave left shot3)
9.712: (grasp left shot5)
9.370: (leave right shot1)
9.712: (grasp right shot3)
10.178: (leave left shot5)
10.335: (grasp left shot1)
10.178: (leave right shot3)
9.712: (grasp right shot5)
28.664: (empty-shot left shot1 cocktail1)
27.464: (leave left shot1)
26.513: (leave right shot5)
26.665: (grasp left shaker1)
27.624: (grasp right shot3)
27.487: (leave left shaker1)
28.423: (grasp left shot5)
27.464: (leave right shot3)
26.802: (refill-shot shot5 ingredient2 left right dispenser2)
25.184: (pour-shot-to-clean-shaker shot5 ingredient2 shaker1 left l0 l1)
25.030: (leave left shot5)
24.951: (grasp right shot4)
23.115: (fill-shot shot4 ingredient1 right left dispenser1)
19.923: (pour-shot-to-used-shaker shot4 ingredient1 shaker1 right l1 l2)
18.260: (clean-shot shot4 ingredient1 right left)
17.062: (leave right shot4)
17.189: (grasp left shaker1)
17.324: (shake cocktail2 ingredient2 ingredient1 shaker1 left right)
16.052: (pour-shaker-to-shot cocktail2 shot4 left shaker1 l2 l1)
14.717: (pour-shaker-to-shot cocktail2 shot2 left shaker1 l1 l0)
13.498: (empty-shaker left shaker1 cocktail2 l0 l0)
12.691: (clean-shaker left right shaker1)
11.675: (leave left shaker1)
10.681: (grasp left shot1)
9.578: (clean-shot shot1 cocktail1 left right)
8.602: (fill-shot shot1 ingredient1 left right dispenser1)
7.725: (pour-shot-to-clean-shaker shot1 ingredient1 shaker1 left l0 l1)
6.724: (clean-shot shot1 ingredient1 left right)
5.731: (fill-shot shot1 ingredient3 left right dispenser3)
3.544: (pour-shot-to-used-shaker shot1 ingredient3 shaker1 left l1 l2)
2.409: (clean-shot shot1 ingredient3 left right)
1.601: (leave left shot1)
0.963: (grasp left shaker1)
0.592: (shake cocktail1 ingredient1 ingredient3 shaker1 left right)
-0.600: (pour-shaker-to-shot cocktail1 shot1 left shaker1 l2 l1)
[Final] Expanded: 242, Generated: 1554
Found a solution of length 242!
   1: (grasp left shaker1)
   2: (grasp right shot5)
   3: (leave left shaker1)
   4: (fill-shot shot5 ingredient3 right left dispenser3)
   5: (pour-shot-to-clean-shaker shot5 ingredient3 shaker1 right l0 l1)
   6: (leave right shot5)
   7: (grasp left shot5)
   8: (refill-shot shot5 ingredient3 left right dispenser3)
   9: (leave left shot5)
  10: (grasp right shot5)
  11: (grasp left shaker1)
  12: (leave right shot5)
  13: (grasp right shot3)
  14: (leave left shaker1)
  15: (fill-shot shot3 ingredient1 right left dispenser1)
  16: (pour-shot-to-used-shaker shot3 ingredient1 shaker1 right l1 l2)
  17: (clean-shot shot3 ingredient1 right left)
  18: (leave right shot3)
  19: (grasp left shaker1)
  20: (grasp right shot4)
  21: (leave left shaker1)
  22: (fill-shot shot4 ingredient2 right left dispenser2)
  23: (leave right shot4)
  24: (grasp left shaker1)
  25: (grasp right shot4)
  26: (empty-shot right shot4 ingredient2)
  27: (leave right shot4)
  28: (leave left shaker1)
  29: (grasp right shaker1)
  30: (grasp left shot4)
  31: (leave right shaker1)
  32: (refill-shot shot4 ingredient2 left right dispenser2)
  33: (grasp right shaker1)
  34: (leave left shot4)
  35: (grasp left shot5)
  36: (empty-shot left shot5 ingredient3)
  37: (leave left shot5)
  38: (leave right shaker1)
  39: (grasp left shaker1)
  40: (grasp right shot4)
  41: (leave left shaker1)
  42: (grasp left shot5)
  43: (leave right shot4)
  44: (clean-shot shot5 ingredient3 left right)
  45: (leave left shot5)
  46: (grasp right shaker1)
  47: (grasp left shot4)
  48: (leave right shaker1)
  49: (grasp right shot5)
  50: (leave left shot4)
  51: (fill-shot shot5 ingredient2 right left dispenser2)
  52: (leave right shot5)
  53: (grasp right shaker1)
  54: (grasp left shot4)
  55: (leave right shaker1)
  56: (grasp right shot5)
  57: (empty-shot right shot5 ingredient2)
  58: (leave right shot5)
  59: (leave left shot4)
  60: (grasp right shaker1)
  61: (grasp left shot4)
  62: (empty-shot left shot4 ingredient2)
  63: (leave left shot4)
  64: (leave right shaker1)
  65: (grasp left shaker1)
  66: (grasp right shot4)
  67: (leave left shaker1)
  68: (refill-shot shot4 ingredient2 right left dispenser2)
  69: (grasp left shaker1)
  70: (leave right shot4)
  71: (grasp right shot5)
  72: (leave left shaker1)
  73: (grasp left shot3)
  74: (leave right shot5)
  75: (grasp right shaker1)
  76: (leave left shot3)
  77: (grasp left shot5)
  78: (leave right shaker1)
  79: (refill-shot shot5 ingredient2 left right dispenser2)
  80: (grasp right shaker1)
  81: (leave left shot5)
  82: (grasp left shot3)
  83: (leave right shaker1)
  84: (grasp right shot4)
  85: (leave left shot3)
  86: (grasp left shaker1)
  87: (leave right shot4)
  88: (grasp right shot5)
  89: (leave right shot5)
  90: (grasp right shot3)
  91: (leave left shaker1)
  92: (grasp left shot4)
  93: (empty-shot left shot4 ingredient2)
  94: (leave right shot3)
  95: (clean-shot shot4 ingredient2 left right)
  96: (leave left shot4)
  97: (grasp left shot5)
  98: (grasp right shaker1)
  99: (leave left shot5)
 100: (grasp left shot3)
 101: (leave right shaker1)
 102: (grasp right shot5)
 103: (leave left shot3)
 104: (grasp left shaker1)
 105: (leave right shot5)
 106: (grasp right shot1)
 107: (leave left shaker1)
 108: (grasp left shot5)
 109: (empty-shot left shot5 ingredient2)
 110: (leave right shot1)
 111: (leave left shot5)
 112: (grasp right shaker1)
 113: (grasp left shot5)
 114: (leave left shot5)
 115: (grasp left shot1)
 116: (leave right shaker1)
 117: (grasp right shot5)
 118: (leave left shot1)
 119: (grasp left shaker1)
 120: (leave right shot5)
 121: (grasp right shot1)
 122: (leave left shaker1)
 123: (grasp left shot3)
 124: (leave right shot1)
 125: (grasp right shaker1)
 126: (leave left shot3)
 127: (grasp left shot2)
 128: (leave right shaker1)
 129: (fill-shot shot2 ingredient2 left right dispenser2)
 130: (leave left shot2)
 131: (grasp right shaker1)
 132: (grasp left shot2)
 133: (empty-shot left shot2 ingredient2)
 134: (leave left shot2)
 135: (leave right shaker1)
 136: (grasp left shaker1)
 137: (grasp right shot2)
 138: (leave left shaker1)
 139: (refill-shot shot2 ingredient2 right left dispenser2)
 140: (grasp left shaker1)
 141: (leave right shot2)
 142: (grasp right shot5)
 143: (leave left shaker1)
 144: (refill-shot shot5 ingredient2 right left dispenser2)
 145: (leave right shot5)
 146: (grasp left shaker1)
 147: (grasp right shot2)
 148: (leave left shaker1)
 149: (grasp left shot5)
 150: (leave right shot2)
 151: (grasp right shaker1)
 152: (leave left shot5)
 153: (grasp left shot2)
 154: (leave right shaker1)
 155: (grasp right shot5)
 156: (empty-shot right shot5 ingredient2)
 157: (empty-shot left shot2 ingredient2)
 158: (leave right shot5)
 159: (grasp right shot1)
 160: (leave left shot2)
 161: (grasp left shaker1)
 162: (leave right shot1)
 163: (grasp right shot5)
 164: (leave left shaker1)
 165: (refill-shot shot5 ingredient2 right left dispenser2)
 166: (leave right shot5)
 167: (grasp right shaker1)
 168: (grasp left shot2)
 169: (leave right shaker1)
 170: (clean-shot shot2 ingredient2 left right)
 171: (grasp right shot5)
 172: (empty-shot right shot5 ingredient2)
 173: (leave left shot2)
 174: (grasp left shot3)
 175: (leave left shot3)
 176: (grasp left shot4)
 177: (leave right shot5)
 178: (grasp right shaker1)
 179: (leave left shot4)
 180: (shake cocktail1 ingredient1 ingredient3 shaker1 right left)
 181: (pour-shaker-to-shot cocktail1 shot1 right shaker1 l2 l1)
 182: (pour-shaker-to-shot cocktail1 shot3 right shaker1 l1 l0)
 183: (empty-shaker right shaker1 cocktail1 l0 l0)
 184: (clean-shaker right left shaker1)
 185: (leave right shaker1)
 186: (grasp right shot5)
 187: (refill-shot shot5 ingredient2 right left dispenser2)
 188: (grasp left shot1)
 189: (leave right shot5)
 190: (leave left shot1)
 191: (grasp left shot5)
 192: (grasp right shot1)
 193: (leave left shot5)
 194: (grasp left shot3)
 195: (leave right shot1)
 196: (grasp right shot5)
 197: (empty-shot right shot5 ingredient2)
 198: (leave right shot5)
 199: (grasp right shot1)
 200: (leave left shot3)
 201: (grasp left shot5)
 202: (leave right shot1)
 203: (grasp right shot3)
 204: (leave left shot5)
 205: (grasp left shot1)
 206: (leave right shot3)
 207: (grasp right shot5)
 208: (empty-shot left shot1 cocktail1)
 209: (leave left shot1)
 210: (leave right shot5)
 211: (grasp left shaker1)
 212: (grasp right shot3)
 213: (leave left shaker1)
 214: (grasp left shot5)
 215: (leave right shot3)
 216: (refill-shot shot5 ingredient2 left right dispenser2)
 217: (pour-shot-to-clean-shaker shot5 ingredient2 shaker1 left l0 l1)
 218: (leave left shot5)
 219: (grasp right shot4)
 220: (fill-shot shot4 ingredient1 right left dispenser1)
 221: (pour-shot-to-used-shaker shot4 ingredient1 shaker1 right l1 l2)
 222: (clean-shot shot4 ingredient1 right left)
 223: (leave right shot4)
 224: (grasp left shaker1)
 225: (shake cocktail2 ingredient2 ingredient1 shaker1 left right)
 226: (pour-shaker-to-shot cocktail2 shot4 left shaker1 l2 l1)
 227: (pour-shaker-to-shot cocktail2 shot2 left shaker1 l1 l0)
 228: (empty-shaker left shaker1 cocktail2 l0 l0)
 229: (clean-shaker left right shaker1)
 230: (leave left shaker1)
 231: (grasp left shot1)
 232: (clean-shot shot1 cocktail1 left right)
 233: (fill-shot shot1 ingredient1 left right dispenser1)
 234: (pour-shot-to-clean-shaker shot1 ingredient1 shaker1 left l0 l1)
 235: (clean-shot shot1 ingredient1 left right)
 236: (fill-shot shot1 ingredient3 left right dispenser3)
 237: (pour-shot-to-used-shaker shot1 ingredient3 shaker1 left l1 l2)
 238: (clean-shot shot1 ingredient3 left right)
 239: (leave left shot1)
 240: (grasp left shaker1)
 241: (shake cocktail1 ingredient1 ingredient3 shaker1 left right)
 242: (pour-shaker-to-shot cocktail1 shot1 left shaker1 l2 l1)
