/u/ibrahim.eisawy/Neural-Guided-Search/venv/lib/python3.10/site-packages/pymimir_rgnn/model.py:151: UserWarning: index_reduce() is in beta and the API may change at any time. (Triggered internally at /pytorch/aten/src/ATen/native/cuda/Indexing.cu:1541.)
  max_msg.index_reduce_(0, output_indices, output_messages, reduce='amax', include_self=True)
Torch: 2.12.0+cu130
Using GPU:  NVIDIA L40S
39.819: (grasp left shaker1)
40.013: (grasp right shot4)
39.874: (leave left shaker1)
38.366: (fill-shot shot4 ingredient3 right left dispenser3)
36.259: (pour-shot-to-clean-shaker shot4 ingredient3 shaker1 right l0 l1)
36.071: (refill-shot shot4 ingredient3 right left dispenser3)
34.991: (leave right shot4)
35.494: (grasp right shaker1)
36.576: (grasp left shot4)
36.071: (leave right shaker1)
36.259: (empty-shot left shot4 ingredient3)
36.233: (clean-shot shot4 ingredient3 left right)
35.791: (fill-shot shot4 ingredient2 left right dispenser2)
36.319: (grasp right shaker1)
37.729: (leave left shot4)
37.007: (leave right shaker1)
35.791: (grasp right shot4)
36.319: (grasp left shaker1)
37.729: (leave right shot4)
38.932: (grasp right shot5)
38.276: (leave left shaker1)
36.753: (fill-shot shot5 ingredient3 right left dispenser3)
35.430: (grasp left shot4)
35.552: (leave right shot5)
36.062: (grasp right shaker1)
37.300: (leave left shot4)
36.579: (leave right shaker1)
35.552: (grasp right shot4)
35.430: (grasp left shot5)
35.720: (empty-shot left shot5 ingredient3)
35.354: (leave left shot5)
35.893: (grasp left shaker1)
37.336: (leave right shot4)
36.631: (leave left shaker1)
35.354: (grasp left shot4)
35.720: (grasp right shot5)
37.178: (leave left shot4)
37.713: (grasp left shaker1)
37.178: (leave left shaker1)
38.749: (grasp left shot3)
37.886: (leave right shot5)
36.577: (grasp right shot4)
37.937: (empty-shot right shot4 ingredient2)
36.841: (leave left shot3)
35.619: (clean-shot shot4 ingredient2 right left)
35.387: (fill-shot shot4 ingredient3 right left dispenser3)
34.294: (leave right shot4)
34.653: (grasp left shot5)
34.710: (refill-shot shot5 ingredient3 left right dispenser3)
34.441: (leave left shot5)
34.710: (grasp right shot5)
34.653: (empty-shot right shot5 ingredient3)
35.172: (grasp left shaker1)
34.811: (leave right shot5)
35.904: (grasp right shot4)
36.172: (empty-shot right shot4 ingredient3)
35.665: (leave left shaker1)
36.075: (grasp left shot5)
36.743: (leave right shot4)
36.294: (leave left shot5)
35.665: (grasp left shot4)
35.387: (refill-shot shot4 ingredient3 left right dispenser3)
35.752: (grasp right shot5)
36.075: (empty-shot left shot4 ingredient3)
36.743: (leave left shot4)
36.329: (refill-shot shot5 ingredient3 right left dispenser3)
35.721: (grasp left shot4)
35.769: (leave right shot5)
35.503: (refill-shot shot4 ingredient3 left right dispenser3)
35.781: (grasp right shot5)
1003.345: (pour-shot-to-used-shaker shot5 ingredient3 shaker1 right l1 l2)
1003.165: (leave right shot5)
1003.268: (grasp right shot3)
1003.503: (leave left shot4)
1003.390: (leave right shot3)
1003.165: (grasp right shot4)
1003.268: (grasp left shot3)
1003.503: (leave right shot4)
1003.757: (fill-shot shot3 ingredient3 left right dispenser3)
1002.704: (leave left shot3)
1002.013: (grasp left shot4)
1001.582: (grasp right shot5)
1002.078: (leave left shot4)
1002.041: (clean-shot shot5 ingredient3 right left)
1001.358: (grasp left shot4)
1001.629: (leave right shot5)
1001.553: (grasp right shot2)
1001.961: (leave left shot4)
1001.647: (fill-shot shot2 ingredient2 right left dispenser2)
1001.028: (grasp left shot4)
1001.545: (empty-shot right shot2 ingredient2)
1001.235: (leave right shot2)
1000.783: (grasp right shot1)
1001.496: (leave left shot4)
1001.005: (fill-shot shot1 ingredient2 right left dispenser2)
1000.262: (grasp left shot4)
1000.404: (leave right shot1)
1000.164: (grasp right shot5)
1000.516: (empty-shot left shot4 ingredient3)
1000.776: (leave right shot5)
1001.005: (grasp right shot1)
1001.217: (leave left shot4)
1001.210: (grasp left shot5)
1001.035: (leave right shot1)
1000.475: (fill-shot shot5 ingredient1 left right dispenser1)
1000.288: (grasp right shot4)
1000.948: (empty-shot left shot5 ingredient1)
1001.094: (leave left shot5)
1000.549: (refill-shot shot4 ingredient3 right left dispenser3)
1000.374: (grasp left shot1)
1000.843: (empty-shot left shot1 ingredient2)
1000.470: (leave left shot1)
1000.362: (grasp left shot5)
1001.023: (empty-shot right shot4 ingredient3)
1000.926: (leave left shot5)
1001.406: (clean-shot shot4 ingredient3 right left)
1000.930: (fill-shot shot4 ingredient2 right left dispenser2)
1000.995: (empty-shot right shot4 ingredient2)
1001.177: (leave right shot4)
1000.995: (grasp left shot4)
1000.930: (refill-shot shot4 ingredient2 left right dispenser2)
1001.266: (grasp right shot5)
1001.222: (empty-shot left shot4 ingredient2)
1001.255: (leave left shot4)
1000.457: (refill-shot shot5 ingredient1 right left dispenser1)
1000.532: (grasp left shot4)
1001.083: (leave right shot5)
1001.125: (leave left shot4)
1000.457: (grasp left shot5)
1000.532: (grasp right shot4)
1001.083: (leave left shot5)
1001.238: (refill-shot shot4 ingredient2 right left dispenser2)
1000.717: (grasp left shot5)
1000.743: (leave right shot4)
1001.353: (leave left shot5)
1000.744: (grasp right shot5)
1000.718: (grasp left shot4)
1001.238: (leave right shot5)
1002.170: (grasp right shaker1)
1002.011: (empty-shot left shot4 ingredient2)
1002.051: (leave left shot4)
1001.411: (grasp left shot5)
1002.183: (empty-shot left shot5 ingredient1)
1001.255: (leave right shaker1)
1000.594: (clean-shot shot5 ingredient1 left right)
1000.376: (grasp right shot4)
1000.647: (leave left shot5)
1000.508: (refill-shot shot4 ingredient2 right left dispenser2)
1000.245: (grasp left shot5)
1000.750: (leave right shot4)
1001.022: (leave left shot5)
1000.508: (grasp left shot4)
1000.245: (grasp right shot5)
1000.377: (empty-shot left shot4 ingredient2)
1000.594: (leave left shot4)
1000.864: (leave right shot5)
1000.647: (grasp left shot4)
1000.926: (grasp right shaker1)
1001.091: (leave left shot4)
1001.022: (grasp left shot5)
1000.594: (leave right shaker1)
1001.146: (fill-shot shot5 ingredient3 left right dispenser3)
1000.861: (empty-shot left shot5 ingredient3)
1000.651: (grasp right shot4)
1001.042: (leave left shot5)
1000.920: (refill-shot shot4 ingredient2 right left dispenser2)
1000.557: (grasp left shot5)
1000.994: (leave right shot4)
1001.205: (refill-shot shot5 ingredient3 left right dispenser3)
1000.804: (grasp right shot4)
1000.889: (leave left shot5)
1001.035: (empty-shot right shot4 ingredient2)
1000.920: (grasp left shot5)
1000.650: (empty-shot left shot5 ingredient3)
1000.861: (leave right shot4)
1001.223: (grasp right shaker1)
1001.425: (leave left shot5)
1001.223: (leave right shaker1)
1000.861: (grasp right shot5)
1000.651: (grasp left shot4)
1001.042: (leave right shot5)
1000.920: (refill-shot shot4 ingredient2 left right dispenser2)
1000.557: (grasp right shot5)
1000.994: (leave left shot4)
1000.750: (clean-shot shot5 ingredient3 right left)
1001.176: (grasp left shaker1)
1001.266: (leave right shot5)
1000.900: (grasp right shot4)
1000.926: (empty-shot right shot4 ingredient2)
1001.091: (leave right shot4)
1001.022: (grasp right shot5)
1000.594: (leave left shaker1)
1001.146: (fill-shot shot5 ingredient3 right left dispenser3)
1000.920: (grasp left shot4)
1001.036: (leave right shot5)
1000.889: (refill-shot shot4 ingredient2 left right dispenser2)
1000.803: (grasp right shot5)
1001.204: (leave left shot4)
1001.354: (leave right shot5)
1001.583: (grasp left shaker1)
1001.177: (grasp right shot4)
1001.248: (empty-shot right shot4 ingredient2)
1001.414: (leave right shot4)
1001.213: (leave left shaker1)
1001.414: (grasp right shaker1)
1001.248: (grasp left shot4)
1001.035: (leave right shaker1)
1001.465: (clean-shot shot4 ingredient2 left right)
1000.525: (fill-shot shot4 ingredient3 left right dispenser3)
1000.532: (grasp right shot3)
1000.798: (empty-shot right shot3 ingredient3)
1000.700: (leave right shot3)
1000.825: (grasp right shaker1)
1001.274: (empty-shot left shot4 ingredient3)
1000.878: (leave right shaker1)
1000.959: (grasp right shot5)
1000.552: (empty-shot right shot5 ingredient3)
1001.009: (leave right shot5)
1000.892: (refill-shot shot4 ingredient3 left right dispenser3)
1000.485: (grasp right shot5)
1001.204: (leave left shot4)
1001.157: (clean-shot shot5 ingredient3 right left)
1000.296: (grasp left shot4)
1000.439: (empty-shot left shot4 ingredient3)
1000.649: (leave right shot5)
1000.538: (refill-shot shot4 ingredient3 left right dispenser3)
1000.630: (grasp right shot3)
1001.485: (leave left shot4)
1000.868: (clean-shot shot3 ingredient3 right left)
1000.397: (grasp left shot4)
1001.084: (leave right shot3)
1001.100: (grasp right shot5)
1001.527: (leave left shot4)
999.613: (fill-shot shot5 ingredient1 right left dispenser1)
999.314: (grasp left shot4)
999.554: (leave right shot5)
999.827: (leave left shot4)
999.555: (grasp right shot4)
999.314: (grasp left shot5)
999.613: (leave right shot4)
1000.450: (grasp right shaker1)
1000.662: (leave left shot5)
1000.412: (grasp left shot4)
1002.435: (empty-shot left shot4 ingredient3)
1001.498: (leave right shaker1)
1000.990: (grasp right shot5)
1001.135: (leave left shot4)
1001.685: (leave right shot5)
1001.136: (grasp left shot5)
1000.990: (grasp right shot4)
1001.498: (leave left shot5)
1001.323: (clean-shot shot4 ingredient3 right left)
1000.120: (fill-shot shot4 ingredient2 right left dispenser2)
999.538: (grasp left shot5)
999.826: (leave right shot4)
1000.338: (leave left shot5)
999.825: (grasp right shot5)
999.538: (grasp left shot4)
1000.120: (leave right shot5)
1000.836: (empty-shot left shot4 ingredient2)
1000.380: (grasp right shot5)
1000.770: (leave left shot4)
1001.240: (leave right shot5)
1000.770: (grasp left shot5)
1000.380: (grasp right shot4)
1000.835: (leave left shot5)
1001.814: (grasp left shaker1)
1002.213: (leave right shot4)
1001.781: (grasp right shot5)
1003.169: (empty-shot right shot5 ingredient1)
1002.199: (leave left shaker1)
1001.788: (grasp left shot4)
1001.727: (leave right shot5)
1000.887: (refill-shot shot4 ingredient2 left right dispenser2)
1001.029: (grasp right shot5)
1001.293: (leave left shot4)
1001.187: (leave right shot5)
1000.887: (grasp right shot4)
1001.029: (grasp left shot5)
1001.293: (leave right shot4)
1002.251: (grasp right shaker1)
1002.135: (leave left shot5)
1001.850: (grasp left shot4)
1002.688: (empty-shot left shot4 ingredient2)
1003.123: (leave left shot4)
1002.164: (leave right shaker1)
1001.726: (grasp right shot4)
1001.788: (grasp left shot5)
1002.199: (leave right shot4)
1002.633: (clean-shot shot5 ingredient1 left right)
1001.933: (grasp right shot3)
1001.881: (leave left shot5)
1001.553: (grasp left shot4)
1002.238: (leave right shot3)
1002.141: (refill-shot shot4 ingredient2 left right dispenser2)
1001.893: (grasp right shot3)
1001.827: (leave left shot4)
1001.573: (fill-shot shot3 ingredient2 right left dispenser2)
1000.688: (leave right shot3)
1000.305: (grasp right shot4)
1000.037: (grasp left shot5)
999.907: (empty-shot right shot4 ingredient2)
1000.177: (leave left shot5)
1000.097: (clean-shot shot4 ingredient2 right left)
999.878: (grasp left shot5)
1000.999: (leave right shot4)
1000.950: (leave left shot5)
1000.097: (grasp left shot4)
999.878: (grasp right shot5)
1000.999: (leave left shot4)
1001.596: (fill-shot shot5 ingredient1 right left dispenser1)
1000.403: (grasp left shot4)
1000.997: (leave right shot5)
1000.289: (fill-shot shot4 ingredient3 left right dispenser3)
999.548: (grasp right shot5)
1000.182: (empty-shot right shot5 ingredient1)
1000.302: (leave right shot5)
1000.428: (grasp right shot3)
1000.753: (empty-shot right shot3 ingredient2)
1000.322: (leave right shot3)
1000.191: (grasp right shot5)
1000.901: (leave left shot4)
1000.132: (refill-shot shot5 ingredient1 right left dispenser1)
999.405: (grasp left shot4)
1000.166: (leave right shot5)
1000.319: (grasp right shaker1)
1001.008: (leave left shot4)
1000.266: (grasp left shot5)
1000.132: (leave right shaker1)
999.405: (grasp right shot4)
1000.166: (leave left shot5)
1000.319: (grasp left shaker1)
1001.008: (leave right shot4)
1000.266: (grasp right shot5)
1001.020: (empty-shot right shot5 ingredient1)
1001.182: (leave right shot5)
1000.486: (grasp right shot4)
1000.322: (leave left shaker1)
1000.191: (grasp left shot5)
1000.901: (leave right shot4)
1000.637: (clean-shot shot5 ingredient1 left right)
999.908: (grasp right shot4)
1000.072: (empty-shot right shot4 ingredient3)
1000.298: (leave left shot5)
1000.072: (clean-shot shot4 ingredient3 right left)
999.823: (fill-shot shot4 ingredient2 right left dispenser2)
999.608: (grasp left shot5)
999.605: (empty-shot right shot4 ingredient2)
999.864: (leave left shot5)
1000.313: (grasp left shaker1)
1000.780: (leave right shot4)
1000.495: (leave left shaker1)
999.863: (grasp left shot4)
999.605: (grasp right shot5)
1000.224: (leave left shot4)
1000.054: (fill-shot shot5 ingredient1 right left dispenser1)
999.813: (grasp left shot4)
1000.362: (leave right shot5)
1000.675: (leave left shot4)
1000.054: (grasp left shot5)
999.813: (grasp right shot4)
1000.362: (leave left shot5)
1000.688: (refill-shot shot4 ingredient2 right left dispenser2)
1000.128: (grasp left shot5)
999.845: (leave right shot4)
1000.428: (leave left shot5)
999.845: (grasp right shot5)
1000.128: (grasp left shot4)
1000.688: (leave right shot5)
1001.681: (grasp right shaker1)
1001.366: (empty-shot left shot4 ingredient2)
1001.660: (leave left shot4)
1001.073: (grasp left shot5)
1001.883: (empty-shot left shot5 ingredient1)
1000.892: (leave right shaker1)
1000.223: (clean-shot shot5 ingredient1 left right)
1000.749: (grasp right shaker1)
1000.780: (leave left shot5)
1000.313: (grasp left shot4)
999.863: (leave right shaker1)
999.823: (refill-shot shot4 ingredient2 left right dispenser2)
999.607: (grasp right shot5)
999.981: (leave left shot4)
1000.253: (leave right shot5)
999.981: (grasp left shot5)
1000.454: (grasp right shaker1)
1000.522: (leave left shot5)
1000.442: (grasp left shot4)
999.823: (leave right shaker1)
1001.228: (grasp right shot1)
1001.185: (empty-shot left shot4 ingredient2)
1001.411: (leave left shot4)
1000.762: (refill-shot shot1 ingredient2 right left dispenser2)
1000.607: (leave right shot1)
1000.319: (grasp right shot4)
1000.050: (grasp left shot5)
1000.346: (leave right shot4)
1000.057: (fill-shot shot5 ingredient1 left right dispenser1)
1000.159: (grasp right shot4)
1000.745: (leave left shot5)
1000.647: (clean-shot shot4 ingredient2 right left)
1000.087: (grasp left shot5)
1000.806: (empty-shot left shot5 ingredient1)
1000.499: (leave left shot5)
1000.283: (fill-shot shot4 ingredient3 right left dispenser3)
1000.021: (grasp left shot1)
1000.595: (empty-shot left shot1 ingredient2)
1001.287: (leave right shot4)
1000.724: (refill-shot shot1 ingredient2 left right dispenser2)
1000.516: (grasp right shot5)
1000.855: (leave left shot1)
1000.149: (grasp left shot4)
1000.283: (leave right shot5)
1000.021: (grasp right shot1)
1000.595: (empty-shot right shot1 ingredient2)
1001.287: (leave left shot4)
1000.725: (refill-shot shot1 ingredient2 right left dispenser2)
1000.516: (grasp left shot5)
1000.855: (leave right shot1)
1000.149: (grasp right shot4)
1000.917: (empty-shot right shot4 ingredient3)
1000.666: (leave left shot5)
1001.250: (leave right shot4)
1000.666: (grasp left shot4)
1000.499: (clean-shot shot4 ingredient3 left right)
1000.788: (fill-shot shot4 ingredient2 left right dispenser2)
1000.702: (empty-shot left shot4 ingredient2)
1000.801: (grasp right shot5)
1000.793: (leave left shot4)
1000.057: (refill-shot shot5 ingredient1 right left dispenser1)
1000.159: (grasp left shot4)
1000.745: (leave right shot5)
1000.647: (clean-shot shot4 ingredient2 left right)
1000.087: (grasp right shot5)
1000.806: (empty-shot right shot5 ingredient1)
1002.004: (leave left shot4)
1000.803: (clean-shot shot5 ingredient1 right left)
999.851: (grasp left shot4)
1000.118: (leave right shot5)
1000.116: (fill-shot shot4 ingredient3 left right dispenser3)
999.877: (grasp right shot5)
1000.070: (empty-shot left shot4 ingredient3)
1000.340: (leave right shot5)
1000.701: (grasp right shaker1)
1001.150: (leave left shot4)
1000.936: (grasp left shot5)
1000.688: (leave right shaker1)
1000.070: (grasp right shot4)
1000.340: (leave left shot5)
1000.117: (refill-shot shot4 ingredient3 right left dispenser3)
999.877: (grasp left shot5)
1000.594: (leave right shot4)
1000.152: (fill-shot shot5 ingredient1 left right dispenser1)
999.432: (grasp right shot4)
1000.171: (leave left shot5)
999.911: (grasp left shot1)
1000.487: (empty-shot left shot1 ingredient2)
1001.088: (leave right shot4)
1000.445: (grasp right shot5)
1001.153: (empty-shot right shot5 ingredient1)
1000.901: (leave left shot1)
1000.637: (clean-shot shot5 ingredient1 right left)
999.908: (grasp left shot4)
1000.072: (empty-shot left shot4 ingredient3)
1000.298: (leave right shot5)
1000.072: (clean-shot shot4 ingredient3 left right)
999.868: (grasp right shot5)
1000.999: (leave left shot4)
1000.941: (leave right shot5)
1000.999: (grasp left shot5)
999.868: (grasp right shot4)
1000.072: (leave left shot5)
1000.150: (fill-shot shot4 ingredient3 right left dispenser3)
1000.319: (grasp left shot2)
1001.004: (leave right shot4)
1000.406: (refill-shot shot2 ingredient2 left right dispenser2)
999.707: (grasp right shot4)
1000.181: (leave left shot2)
999.941: (grasp left shot5)
1000.172: (empty-shot right shot4 ingredient3)
1000.443: (leave left shot5)
1000.224: (clean-shot shot4 ingredient3 right left)
999.955: (grasp left shot5)
1000.880: (leave right shot4)
1000.938: (leave left shot5)
1000.224: (grasp left shot4)
999.955: (grasp right shot5)
1000.880: (leave left shot4)
1001.487: (fill-shot shot5 ingredient1 right left dispenser1)
1000.313: (grasp left shot4)
1000.823: (leave right shot5)
1000.016: (fill-shot shot4 ingredient3 left right dispenser3)
999.225: (grasp right shot5)
999.941: (leave left shot4)
999.467: (grasp left shot2)
1000.337: (empty-shot left shot2 ingredient2)
1001.027: (leave right shot5)
1000.369: (grasp right shot4)
1002.568: (empty-shot right shot4 ingredient3)
1000.915: (leave left shot2)
1000.233: (grasp left shot5)
1000.370: (leave right shot4)
1001.115: (leave left shot5)
1000.370: (grasp right shot5)
1000.233: (grasp left shot4)
1000.915: (leave right shot5)
1000.732: (clean-shot shot4 ingredient3 left right)
1000.113: (grasp right shot5)
1000.975: (empty-shot right shot5 ingredient1)
1000.560: (leave right shot5)
1000.342: (fill-shot shot4 ingredient2 left right dispenser2)
1000.209: (empty-shot left shot4 ingredient2)
1000.572: (grasp right shot5)
1000.892: (leave left shot4)
1000.741: (leave right shot5)
1000.210: (grasp right shot4)
1000.342: (refill-shot shot4 ingredient2 right left dispenser2)
1000.464: (leave right shot4)
1000.582: (grasp left shot5)
1000.766: (grasp right shot4)
1000.572: (empty-shot right shot4 ingredient2)
1000.210: (leave left shot5)
1000.560: (clean-shot shot4 ingredient2 right left)
1000.739: (fill-shot shot4 ingredient1 right left dispenser1)
1000.393: (empty-shot right shot4 ingredient1)
1000.462: (grasp left shot5)
1000.993: (leave right shot4)
1000.567: (clean-shot shot5 ingredient1 left right)
1000.127: (grasp right shot4)
1000.092: (leave left shot5)
1000.497: (refill-shot shot4 ingredient1 right left dispenser1)
1000.532: (grasp left shot5)
1000.653: (leave right shot4)
1000.905: (leave left shot5)
1000.498: (grasp left shot4)
1000.091: (empty-shot left shot4 ingredient1)
1000.127: (grasp right shot5)
1000.568: (leave left shot4)
1000.735: (leave right shot5)
1001.463: (grasp right shaker1)
1001.058: (grasp left shot4)
1000.092: (leave right shaker1)
1001.663: (grasp right shot2)
1002.097: (leave left shot4)
1001.555: (refill-shot shot2 ingredient2 right left dispenser2)
1000.803: (leave right shot2)
1000.106: (grasp left shot4)
1000.002: (grasp right shot5)
1000.542: (leave left shot4)
1001.321: (fill-shot shot5 ingredient3 right left dispenser3)
1000.995: (empty-shot right shot5 ingredient3)
1000.904: (grasp left shot4)
1000.608: (leave right shot5)
1000.670: (clean-shot shot4 ingredient1 left right)
1000.542: (fill-shot shot4 ingredient3 left right dispenser3)
1000.064: (grasp right shot2)
1000.681: (empty-shot right shot2 ingredient2)
1000.513: (leave right shot2)
1000.189: (grasp right shot5)
1000.263: (empty-shot left shot4 ingredient3)
1000.675: (leave right shot5)
1000.563: (clean-shot shot4 ingredient3 left right)
1000.187: (fill-shot shot4 ingredient2 left right dispenser2)
1000.229: (grasp right shot5)
1000.366: (empty-shot left shot4 ingredient2)
1000.328: (leave right shot5)
1000.809: (grasp right shaker1)
1001.134: (leave left shot4)
1000.861: (leave right shaker1)
1000.328: (grasp right shot4)
1000.187: (refill-shot shot4 ingredient2 right left dispenser2)
1000.229: (grasp left shot5)
1000.366: (empty-shot right shot4 ingredient2)
1000.625: (leave right shot4)
1001.010: (refill-shot shot5 ingredient3 left right dispenser3)
1000.718: (leave left shot5)
1000.345: (grasp right shot4)
1000.107: (refill-shot shot4 ingredient2 right left dispenser2)
1000.424: (leave right shot4)
1000.107: (grasp left shot4)
1000.346: (empty-shot left shot4 ingredient2)
1000.623: (clean-shot shot4 ingredient2 left right)
1000.346: (fill-shot shot4 ingredient3 left right dispenser3)
1000.443: (grasp right shot5)
1000.675: (empty-shot left shot4 ingredient3)
1000.541: (leave right shot5)
1000.901: (grasp right shaker1)
1001.293: (leave left shot4)
1001.071: (leave right shaker1)
1000.541: (grasp right shot4)
1000.346: (refill-shot shot4 ingredient3 right left dispenser3)
1000.443: (grasp left shot5)
1000.189: (empty-shot left shot5 ingredient3)
1000.263: (empty-shot right shot4 ingredient3)
1000.675: (leave left shot5)
1000.513: (refill-shot shot4 ingredient3 right left dispenser3)
1000.682: (grasp left shot2)
1001.392: (leave right shot4)
1000.790: (refill-shot shot2 ingredient2 left right dispenser2)
1000.064: (grasp right shot4)
1000.542: (leave left shot2)
1000.218: (grasp left shot5)
1000.374: (empty-shot right shot4 ingredient3)
1000.819: (leave left shot5)
1000.670: (clean-shot shot4 ingredient3 right left)
1000.694: (grasp left shot5)
1001.795: (leave right shot4)
1001.477: (leave left shot5)
1001.794: (grasp right shot5)
1000.694: (grasp left shot4)
1000.670: (leave right shot5)
1000.915: (fill-shot shot4 ingredient2 left right dispenser2)
1000.852: (grasp right shot5)
1000.904: (leave left shot4)
1000.548: (clean-shot shot5 ingredient3 right left)
999.993: (fill-shot shot5 ingredient1 right left dispenser1)
1000.316: (grasp left shot4)
1000.294: (empty-shot left shot4 ingredient2)
1000.241: (leave left shot4)
1000.810: (empty-shot right shot5 ingredient1)
1000.473: (clean-shot shot5 ingredient1 right left)
1000.228: (grasp left shot4)
1000.497: (leave right shot5)
1000.581: (refill-shot shot4 ingredient2 left right dispenser2)
1000.311: (grasp right shot5)
1000.229: (empty-shot left shot4 ingredient2)
1000.474: (leave left shot4)
1000.735: (leave right shot5)
1000.474: (grasp left shot5)
1000.229: (grasp right shot4)
1000.497: (leave left shot5)
1000.581: (refill-shot shot4 ingredient2 right left dispenser2)
1000.310: (grasp left shot5)
1000.548: (leave right shot4)
999.993: (fill-shot shot5 ingredient1 left right dispenser1)
1000.316: (grasp right shot4)
1000.294: (empty-shot right shot4 ingredient2)
1000.241: (leave right shot4)
1000.810: (empty-shot left shot5 ingredient1)
1000.803: (grasp right shot4)
1000.725: (leave left shot5)
1000.507: (clean-shot shot4 ingredient2 right left)
1000.282: (fill-shot shot4 ingredient3 right left dispenser3)
1000.032: (grasp left shot2)
1000.606: (empty-shot left shot2 ingredient2)
1001.323: (leave right shot4)
1000.741: (refill-shot shot2 ingredient2 left right dispenser2)
1000.626: (grasp right shot5)
1000.785: (leave left shot2)
1000.086: (grasp left shot4)
1000.281: (leave right shot5)
1000.032: (grasp right shot2)
1000.606: (empty-shot right shot2 ingredient2)
1001.323: (leave left shot4)
1000.741: (refill-shot shot2 ingredient2 right left dispenser2)
1000.626: (grasp left shot5)
1000.785: (leave right shot2)
999.941: (refill-shot shot5 ingredient1 left right dispenser1)
999.225: (grasp right shot4)
1000.016: (leave left shot5)
999.793: (grasp left shot2)
1000.488: (leave right shot4)
1000.626: (grasp right shaker1)
1000.862: (leave left shot2)
1000.109: (grasp left shot5)
1000.922: (empty-shot left shot5 ingredient1)
1001.133: (leave left shot5)
1000.449: (grasp left shot4)
1001.508: (empty-shot left shot4 ingredient3)
1000.688: (leave right shaker1)
1000.507: (clean-shot shot4 ingredient3 left right)
1000.807: (fill-shot shot4 ingredient2 left right dispenser2)
1000.726: (empty-shot left shot4 ingredient2)
1000.803: (grasp right shot5)
1000.725: (leave right shot5)
1000.902: (leave left shot4)
1001.363: (grasp left shaker1)
1001.406: (grasp right shot4)
1000.725: (leave left shaker1)
1000.807: (refill-shot shot4 ingredient2 right left dispenser2)
1000.878: (grasp left shot5)
1000.691: (leave right shot4)
1000.897: (leave left shot5)
1000.690: (grasp right shot5)
1000.878: (grasp left shot4)
1000.691: (leave left shot4)
1001.586: (grasp left shaker1)
1001.203: (leave right shot5)
1001.486: (grasp right shot4)
1000.807: (leave left shaker1)
1001.426: (grasp left shot2)
1001.494: (empty-shot right shot4 ingredient2)
1001.647: (leave right shot4)
1001.988: (grasp right shot5)
1002.518: (empty-shot left shot2 ingredient2)
1002.173: (leave right shot5)
1001.901: (grasp right shot4)
1000.210: (leave left shot2)
1001.144: (grasp left shaker1)
1001.474: (leave right shot4)
1001.883: (grasp right shot5)
1000.892: (leave left shaker1)
1002.647: (grasp left shot1)
1002.243: (leave right shot5)
1001.599: (refill-shot shot1 ingredient2 left right dispenser2)
1000.912: (leave left shot1)
1000.703: (grasp right shot4)
1000.788: (refill-shot shot4 ingredient2 right left dispenser2)
1000.877: (leave right shot4)
1000.631: (grasp right shot5)
999.808: (refill-shot shot5 ingredient1 right left dispenser1)
1000.246: (grasp left shot4)
1000.837: (leave right shot5)
1000.750: (leave left shot4)
999.808: (grasp left shot5)
1000.246: (grasp right shot4)
1000.837: (leave left shot5)
1001.709: (grasp left shot1)
1001.810: (empty-shot right shot4 ingredient2)
1001.897: (leave right shot4)
1000.805: (leave left shot1)
1001.655: (grasp right shaker1)
1001.106: (grasp left shot5)
1001.791: (empty-shot left shot5 ingredient1)
1000.793: (leave right shaker1)
1000.801: (grasp right shot4)
1000.702: (leave left shot5)
1001.387: (grasp left shaker1)
1001.378: (leave right shot4)
1001.791: (grasp right shot5)
1000.793: (leave left shaker1)
1000.345: (clean-shot shot5 ingredient1 right left)
1000.050: (grasp left shot4)
1000.318: (leave right shot5)
1000.352: (refill-shot shot4 ingredient2 left right dispenser2)
1000.081: (grasp right shot5)
1000.343: (leave left shot4)
1000.591: (grasp left shaker1)
1000.855: (leave right shot5)
1000.598: (leave left shaker1)
1000.343: (grasp left shot5)
1000.081: (grasp right shot4)
1000.351: (leave left shot5)
1000.539: (grasp left shot1)
1000.654: (empty-shot right shot4 ingredient2)
1000.762: (leave right shot4)
1000.834: (grasp right shot5)
1001.467: (empty-shot left shot1 ingredient2)
1001.411: (leave right shot5)
1001.184: (grasp right shot4)
999.864: (leave left shot1)
1001.174: (grasp left shot2)
1001.388: (leave right shot4)
1000.792: (refill-shot shot2 ingredient2 left right dispenser2)
1000.649: (grasp right shot4)
1000.497: (leave left shot2)
1000.756: (grasp left shaker1)
1000.990: (leave right shot4)
1000.794: (grasp right shot5)
1000.474: (leave left shaker1)
1000.863: (grasp left shot2)
1001.447: (empty-shot left shot2 ingredient2)
1000.224: (leave left shot2)
1000.749: (grasp left shaker1)
1000.224: (leave left shaker1)
1001.010: (fill-shot shot5 ingredient3 right left dispenser3)
1000.625: (empty-shot right shot5 ingredient3)
1001.245: (grasp left shaker1)
1001.134: (leave right shot5)
1000.809: (grasp right shot4)
1000.328: (leave left shaker1)
1000.563: (clean-shot shot4 ingredient2 right left)
1000.718: (grasp left shot5)
1001.940: (leave right shot4)
1001.560: (leave left shot5)
1001.940: (grasp right shot5)
1000.719: (grasp left shot4)
1000.563: (leave right shot5)
1000.914: (fill-shot shot4 ingredient1 left right dispenser1)
1000.616: (empty-shot left shot4 ingredient1)
1001.015: (grasp right shot5)
1001.094: (leave left shot4)
1001.116: (leave right shot5)
1000.616: (grasp right shot4)
1000.914: (refill-shot shot4 ingredient1 right left dispenser1)
1001.208: (grasp left shot5)
1001.015: (empty-shot right shot4 ingredient1)
1001.094: (leave right shot4)
1001.412: (refill-shot shot5 ingredient3 left right dispenser3)
1000.949: (leave left shot5)
1000.590: (grasp left shot4)
1000.766: (refill-shot shot4 ingredient1 left right dispenser1)
1001.138: (leave left shot4)
1000.765: (grasp right shot4)
1000.590: (empty-shot right shot4 ingredient1)
1000.623: (clean-shot shot4 ingredient1 right left)
1001.173: (leave right shot4)
1002.229: (grasp right shaker1)
1001.357: (grasp left shot4)
1000.623: (leave right shaker1)
1001.192: (grasp right shot5)
1002.248: (leave left shot4)
1003.371: (grasp left shaker1)
1002.229: (leave right shot5)
1001.357: (grasp right shot4)
1000.623: (leave left shaker1)
1001.192: (grasp left shot5)
1002.248: (leave right shot4)
1003.371: (grasp right shaker1)
1002.962: (empty-shot left shot5 ingredient3)
1002.576: (leave left shot5)
1001.297: (grasp left shot4)
1000.563: (leave right shaker1)
1002.061: (grasp right shot1)
1003.264: (leave left shot4)
1002.584: (refill-shot shot1 ingredient2 right left dispenser2)
1001.358: (grasp left shot4)
1000.579: (leave right shot1)
1000.483: (fill-shot shot4 ingredient3 left right dispenser3)
1000.159: (grasp right shot5)
1000.278: (empty-shot left shot4 ingredient3)
1000.717: (leave right shot5)
1001.023: (grasp right shaker1)
1001.418: (leave left shot4)
1001.151: (grasp left shot5)
1000.901: (leave right shaker1)
1000.278: (grasp right shot4)
1000.717: (leave left shot5)
1000.483: (refill-shot shot4 ingredient3 right left dispenser3)
1000.159: (grasp left shot5)
1000.876: (leave right shot4)
1000.692: (grasp right shot1)
1000.986: (leave left shot5)
1000.272: (grasp left shot4)
1000.846: (empty-shot right shot1 ingredient2)
1001.582: (leave left shot4)
1001.252: (leave right shot1)
1000.920: (grasp right shot5)
1001.099: (grasp left shaker1)
1001.397: (leave right shot5)
1000.681: (grasp right shot4)
1001.163: (empty-shot right shot4 ingredient3)
1001.385: (leave right shot4)
1001.185: (leave left shaker1)
1000.857: (grasp right shot5)
1000.649: (clean-shot shot5 ingredient3 right left)
1000.918: (leave right shot5)
1000.650: (grasp left shot5)
1001.052: (grasp right shaker1)
1001.132: (leave left shot5)
1000.874: (grasp left shot4)
1000.298: (leave right shaker1)
1000.150: (refill-shot shot4 ingredient3 left right dispenser3)
1000.319: (grasp right shot2)
1001.004: (leave left shot4)
1000.406: (refill-shot shot2 ingredient2 right left dispenser2)
999.707: (grasp left shot4)
1000.181: (leave right shot2)
999.941: (grasp right shot5)
1000.172: (empty-shot left shot4 ingredient3)
1000.443: (leave right shot5)
1000.791: (grasp right shaker1)
1001.261: (leave left shot4)
1001.040: (grasp left shot5)
1000.798: (leave right shaker1)
1000.620: (fill-shot shot5 ingredient1 left right dispenser1)
1000.488: (grasp right shot4)
1000.999: (empty-shot left shot5 ingredient1)
1000.688: (leave left shot5)
1001.270: (leave right shot4)
1001.175: (grasp left shot5)
1002.084: (grasp right shaker1)
1001.638: (leave left shot5)
1002.892: (grasp left shot2)
1001.981: (leave right shaker1)
1001.796: (grasp right shot4)
1002.405: (empty-shot left shot2 ingredient2)
1000.728: (leave left shot2)
1001.117: (grasp left shot5)
1001.286: (leave right shot4)
1001.189: (leave left shot5)
1000.728: (grasp left shot4)
1001.118: (grasp right shot5)
1001.286: (leave left shot4)
1002.207: (grasp left shaker1)
1001.805: (leave right shot5)
1001.679: (grasp right shot4)
1000.728: (leave left shaker1)
1002.579: (grasp left shot1)
1002.748: (leave right shot4)
1001.977: (refill-shot shot1 ingredient2 left right dispenser2)
1001.797: (grasp right shot4)
1000.665: (leave left shot1)
1001.494: (grasp left shaker1)
1001.629: (leave right shot4)
1002.013: (grasp right shot5)
1001.099: (leave left shaker1)
1000.298: (refill-shot shot5 ingredient1 right left dispenser1)
1000.174: (grasp left shot4)
1000.796: (leave right shot5)
1000.171: (refill-shot shot4 ingredient3 left right dispenser3)
999.432: (grasp right shot5)
1000.151: (leave left shot4)
999.860: (grasp left shot1)
1000.608: (leave right shot5)
1000.775: (grasp right shaker1)
1001.032: (leave left shot1)
1000.312: (grasp left shot5)
1000.998: (empty-shot left shot5 ingredient1)
1001.153: (leave left shot5)
1000.460: (grasp left shot4)
1001.494: (empty-shot left shot4 ingredient3)
1001.629: (leave left shot4)
1002.013: (grasp left shot5)
1001.099: (leave right shaker1)
1000.298: (refill-shot shot5 ingredient1 left right dispenser1)
1000.174: (grasp right shot4)
1000.796: (leave left shot5)
1001.137: (leave right shot4)
1001.900: (grasp right shaker1)
1001.256: (grasp left shot5)
1000.299: (leave right shaker1)
1001.575: (grasp right shot1)
1002.235: (empty-shot right shot1 ingredient2)
1002.994: (leave left shot5)
1002.280: (refill-shot shot1 ingredient2 right left dispenser2)
1002.098: (grasp left shot4)
1002.831: (empty-shot right shot1 ingredient2)
1000.915: (leave right shot1)
1001.868: (grasp right shaker1)
1002.015: (leave left shot4)
1001.313: (grasp left shot5)
1002.207: (empty-shot left shot5 ingredient1)
1001.805: (leave left shot5)
1001.679: (grasp left shot4)
1000.728: (leave right shaker1)
1002.405: (grasp right shot2)
1002.618: (leave left shot4)
1001.980: (refill-shot shot2 ingredient2 right left dispenser2)
1001.796: (grasp left shot4)
1000.688: (leave right shot2)
1000.999: (grasp right shot5)
1001.175: (leave left shot4)
1000.620: (refill-shot shot5 ingredient1 right left dispenser1)
1000.488: (grasp left shot4)
1001.002: (leave right shot5)
1001.340: (leave left shot4)
1001.002: (grasp right shot4)
1000.823: (clean-shot shot4 ingredient3 right left)
1000.313: (grasp left shot5)
1000.855: (empty-shot left shot5 ingredient1)
1002.078: (leave right shot4)
1001.486: (refill-shot shot5 ingredient1 left right dispenser1)
1002.040: (leave left shot5)
1002.995: (grasp right shot2)
1001.782: (grasp left shot4)
1002.435: (empty-shot right shot2 ingredient2)
1003.679: (leave left shot4)
1001.921: (leave right shot2)
1000.732: (grasp right shot4)
1000.113: (grasp left shot5)
1000.975: (empty-shot left shot5 ingredient1)
1002.172: (leave right shot4)
1001.281: (refill-shot shot5 ingredient1 left right dispenser1)
1002.354: (grasp right shaker1)
1002.956: (leave left shot5)
1001.756: (grasp left shot4)
1000.732: (leave right shaker1)
1001.296: (fill-shot shot4 ingredient1 left right dispenser1)
1001.034: (empty-shot left shot4 ingredient1)
1000.577: (grasp right shot5)
1000.461: (empty-shot right shot5 ingredient1)
1000.393: (leave right shot5)
1000.739: (refill-shot shot4 ingredient1 left right dispenser1)
1000.828: (grasp right shot5)
1001.470: (leave left shot4)
1000.652: (clean-shot shot5 ingredient1 right left)
1000.532: (grasp left shot4)
1000.127: (empty-shot left shot4 ingredient1)
1000.091: (leave right shot5)
1001.870: (grasp right shot1)
1002.174: (leave left shot4)
1001.523: (refill-shot shot1 ingredient2 right left dispenser2)
1000.810: (leave right shot1)
1000.074: (grasp left shot4)
999.973: (grasp right shot5)
1000.549: (leave left shot4)
1001.332: (fill-shot shot5 ingredient3 right left dispenser3)
1000.997: (leave right shot5)
1000.542: (grasp right shot4)
1000.633: (clean-shot shot4 ingredient1 right left)
1000.314: (fill-shot shot4 ingredient3 right left dispenser3)
1000.132: (grasp left shot1)
1000.731: (empty-shot left shot1 ingredient2)
1001.424: (leave right shot4)
1000.803: (refill-shot shot1 ingredient2 left right dispenser2)
1000.906: (grasp right shot2)
1001.266: (leave left shot1)
1000.603: (grasp left shot4)
1000.314: (leave right shot2)
[Final] Expanded: 1000, Generated: 6032
Failed to find a solution!
