/u/ibrahim.eisawy/Neural-Guided-Search/venv/lib/python3.10/site-packages/pymimir_rgnn/model.py:151: UserWarning: index_reduce() is in beta and the API may change at any time. (Triggered internally at /pytorch/aten/src/ATen/native/cuda/Indexing.cu:1541.)
  max_msg.index_reduce_(0, output_indices, output_messages, reduce='amax', include_self=True)
Torch: 2.12.0+cu130
Using GPU:  NVIDIA L40S
23.767: (grasp right shaker1)
24.669: (grasp left shot3)
23.918: (leave right shaker1)
22.122: (fill-shot shot3 ingredient7 left right dispenser7)
20.384: (pour-shot-to-clean-shaker shot3 ingredient7 shaker1 left l0 l1)
20.285: (leave left shot3)
20.384: (grasp right shot3)
20.294: (refill-shot shot3 ingredient7 right left dispenser7)
20.258: (leave right shot3)
20.294: (grasp left shot3)
20.917: (grasp right shaker1)
20.875: (leave left shot3)
21.780: (grasp left shot1)
20.882: (leave right shaker1)
19.683: (fill-shot shot1 ingredient5 left right dispenser5)
20.509: (leave left shot1)
19.683: (grasp right shot1)
20.544: (empty-shot right shot1 ingredient5)
20.882: (clean-shot shot1 ingredient5 right left)
19.689: (fill-shot shot1 ingredient2 right left dispenser2)
20.454: (leave right shot1)
19.689: (grasp left shot1)
20.592: (empty-shot left shot1 ingredient2)
21.347: (leave left shot1)
20.592: (grasp right shot1)
21.435: (grasp left shot3)
21.403: (empty-shot left shot3 ingredient7)
20.516: (leave left shot3)
19.602: (refill-shot shot1 ingredient2 right left dispenser2)
20.560: (grasp left shaker1)
21.479: (empty-shot right shot1 ingredient2)
22.362: (leave right shot1)
21.396: (leave left shaker1)
20.516: (grasp left shot1)
19.602: (refill-shot shot1 ingredient2 left right dispenser2)
20.560: (grasp right shaker1)
21.479: (empty-shot left shot1 ingredient2)
22.362: (leave left shot1)
23.152: (grasp left shot3)
22.429: (leave right shaker1)
22.388: (refill-shot shot3 ingredient7 left right dispenser7)
23.149: (grasp right shaker1)
22.251: (leave left shot3)
21.555: (grasp left shot1)
20.592: (leave right shaker1)
21.435: (grasp right shot3)
21.403: (empty-shot right shot3 ingredient7)
22.429: (leave left shot1)
22.388: (refill-shot shot3 ingredient7 right left dispenser7)
23.149: (grasp left shaker1)
22.251: (leave right shot3)
21.555: (grasp right shot1)
20.592: (leave left shaker1)
21.665: (grasp left shot2)
22.575: (leave right shot1)
21.858: (fill-shot shot2 ingredient1 left right dispenser1)
21.375: (leave left shot2)
21.242: (grasp right shot1)
20.347: (refill-shot shot1 ingredient2 right left dispenser2)
20.533: (leave right shot1)
20.347: (grasp left shot1)
20.675: (grasp right shot2)
20.954: (leave left shot1)
21.849: (grasp left shaker1)
21.434: (leave right shot2)
21.235: (grasp right shot1)
22.125: (empty-shot right shot1 ingredient2)
22.271: (leave right shot1)
22.745: (grasp right shot2)
21.858: (leave left shaker1)
21.530: (grasp left shot1)
21.242: (leave right shot2)
20.671: (clean-shot shot1 ingredient2 left right)
18.882: (leave left shot1)
19.384: (grasp right shot2)
18.980: (pour-shot-to-used-shaker shot2 ingredient1 shaker1 right l1 l2)
17.631: (clean-shot shot2 ingredient1 right left)
16.322: (leave right shot2)
16.406: (grasp right shaker1)
13.258: (shake cocktail2 ingredient7 ingredient1 shaker1 right left)
13.839: (pour-shaker-to-shot cocktail2 shot1 right shaker1 l2 l1)
13.057: (empty-shaker right shaker1 cocktail2 l1 l0)
11.108: (clean-shaker right left shaker1)
10.532: (leave right shaker1)
10.441: (grasp right shot2)
9.783: (fill-shot shot2 ingredient2 right left dispenser2)
7.916: (pour-shot-to-clean-shaker shot2 ingredient2 shaker1 right l0 l1)
6.825: (clean-shot shot2 ingredient2 right left)
6.087: (fill-shot shot2 ingredient5 right left dispenser5)
5.494: (pour-shot-to-used-shaker shot2 ingredient5 shaker1 right l1 l2)
3.972: (clean-shot shot2 ingredient5 right left)
3.116: (leave right shot2)
2.200: (grasp left shaker1)
0.989: (shake cocktail1 ingredient2 ingredient5 shaker1 left right)
-0.678: (pour-shaker-to-shot cocktail1 shot2 left shaker1 l2 l1)
[Final] Expanded: 95, Generated: 557
Found a solution of length 95!
   1: (grasp right shaker1)
   2: (grasp left shot3)
   3: (leave right shaker1)
   4: (fill-shot shot3 ingredient7 left right dispenser7)
   5: (pour-shot-to-clean-shaker shot3 ingredient7 shaker1 left l0 l1)
   6: (leave left shot3)
   7: (grasp right shot3)
   8: (refill-shot shot3 ingredient7 right left dispenser7)
   9: (leave right shot3)
  10: (grasp left shot3)
  11: (grasp right shaker1)
  12: (leave left shot3)
  13: (grasp left shot1)
  14: (leave right shaker1)
  15: (fill-shot shot1 ingredient5 left right dispenser5)
  16: (leave left shot1)
  17: (grasp right shot1)
  18: (empty-shot right shot1 ingredient5)
  19: (clean-shot shot1 ingredient5 right left)
  20: (fill-shot shot1 ingredient2 right left dispenser2)
  21: (leave right shot1)
  22: (grasp left shot1)
  23: (empty-shot left shot1 ingredient2)
  24: (leave left shot1)
  25: (grasp right shot1)
  26: (grasp left shot3)
  27: (empty-shot left shot3 ingredient7)
  28: (leave left shot3)
  29: (refill-shot shot1 ingredient2 right left dispenser2)
  30: (grasp left shaker1)
  31: (empty-shot right shot1 ingredient2)
  32: (leave right shot1)
  33: (leave left shaker1)
  34: (grasp left shot1)
  35: (refill-shot shot1 ingredient2 left right dispenser2)
  36: (grasp right shaker1)
  37: (empty-shot left shot1 ingredient2)
  38: (leave left shot1)
  39: (grasp left shot3)
  40: (leave right shaker1)
  41: (refill-shot shot3 ingredient7 left right dispenser7)
  42: (grasp right shaker1)
  43: (leave left shot3)
  44: (grasp left shot1)
  45: (leave right shaker1)
  46: (grasp right shot3)
  47: (empty-shot right shot3 ingredient7)
  48: (leave left shot1)
  49: (refill-shot shot3 ingredient7 right left dispenser7)
  50: (grasp left shaker1)
  51: (leave right shot3)
  52: (grasp right shot1)
  53: (leave left shaker1)
  54: (grasp left shot2)
  55: (leave right shot1)
  56: (fill-shot shot2 ingredient1 left right dispenser1)
  57: (leave left shot2)
  58: (grasp right shot1)
  59: (refill-shot shot1 ingredient2 right left dispenser2)
  60: (leave right shot1)
  61: (grasp left shot1)
  62: (grasp right shot2)
  63: (leave left shot1)
  64: (grasp left shaker1)
  65: (leave right shot2)
  66: (grasp right shot1)
  67: (empty-shot right shot1 ingredient2)
  68: (leave right shot1)
  69: (grasp right shot2)
  70: (leave left shaker1)
  71: (grasp left shot1)
  72: (leave right shot2)
  73: (clean-shot shot1 ingredient2 left right)
  74: (leave left shot1)
  75: (grasp right shot2)
  76: (pour-shot-to-used-shaker shot2 ingredient1 shaker1 right l1 l2)
  77: (clean-shot shot2 ingredient1 right left)
  78: (leave right shot2)
  79: (grasp right shaker1)
  80: (shake cocktail2 ingredient7 ingredient1 shaker1 right left)
  81: (pour-shaker-to-shot cocktail2 shot1 right shaker1 l2 l1)
  82: (empty-shaker right shaker1 cocktail2 l1 l0)
  83: (clean-shaker right left shaker1)
  84: (leave right shaker1)
  85: (grasp right shot2)
  86: (fill-shot shot2 ingredient2 right left dispenser2)
  87: (pour-shot-to-clean-shaker shot2 ingredient2 shaker1 right l0 l1)
  88: (clean-shot shot2 ingredient2 right left)
  89: (fill-shot shot2 ingredient5 right left dispenser5)
  90: (pour-shot-to-used-shaker shot2 ingredient5 shaker1 right l1 l2)
  91: (clean-shot shot2 ingredient5 right left)
  92: (leave right shot2)
  93: (grasp left shaker1)
  94: (shake cocktail1 ingredient2 ingredient5 shaker1 left right)
  95: (pour-shaker-to-shot cocktail1 shot2 left shaker1 l2 l1)
