Torch: 2.12.0+cu130
Using GPU:  NVIDIA L40S
[Bellman] signal=bellman lambda=8.0 k=2 err_scale=3.0 w_max=0.95
/u/ibrahim.eisawy/Neural-Guided-Search/venv/lib/python3.10/site-packages/pymimir_rgnn/model.py:162: UserWarning: index_reduce() is in beta and the API may change at any time. (Triggered internally at /pytorch/aten/src/ATen/native/cuda/Indexing.cu:1541.)
  exps_max.index_reduce_(0, output_indices, output_messages, reduce="amax", include_self=False)
  [sim 500] root visits=500, unique states=27438, generated=27437, iqn_calls=1500
  [sim 1000] root visits=1000, unique states=53153, generated=53152, iqn_calls=2982
  [sim 1500] root visits=1500, unique states=71868, generated=71867, iqn_calls=4457
  [sim 2000] root visits=2000, unique states=97898, generated=97897, iqn_calls=5954
  [sim 2500] root visits=2500, unique states=126777, generated=126776, iqn_calls=7448
  [sim 3000] root visits=3000, unique states=155433, generated=155432, iqn_calls=8944
  [sim 3500] root visits=3500, unique states=179875, generated=179874, iqn_calls=10437
  [sim 4000] root visits=4000, unique states=200664, generated=200663, iqn_calls=11935
  [sim 4500] root visits=4500, unique states=220055, generated=220054, iqn_calls=13434
  [sim 5000] root visits=5000, unique states=242050, generated=242049, iqn_calls=14933
  [sim 5500] root visits=5500, unique states=267591, generated=267590, iqn_calls=16430
  [sim 6000] root visits=6000, unique states=298397, generated=298396, iqn_calls=17930
[Final] Expanded: 303812, Generated: 303812
[Cost] IQN forward calls (Bellman signal): 18209
[Widen] nodes widened: 6094, mean w: 0.9064
[search done] simulations=6094, unique states generated=303812
Failed to find a solution!
