Torch: 2.12.0+cu130
Using CPU.
[Bellman] lambda=0 -> baseline (no widening signal)
[Value] SELF-CONSISTENT: leaf value = QR-DQN max_a mean Z(s,a) (SAC critics bypassed; prior still SAC policy)
[Add] OPTION8 add_beta=0.25 src=binc cap=2.0 (ADDITIVE bonus, NOT gated by P(a); prior untouched)
/u/ibrahim.eisawy/Neural-Guided-Search/venv/lib/python3.10/site-packages/pymimir_rgnn/model.py:162: UserWarning: index_reduce() is in beta and the API may change at any time. (Triggered internally at /pytorch/aten/src/ATen/native/TensorAdvancedIndexing.cpp:1514.)
  exps_max.index_reduce_(0, output_indices, output_messages, reduce="amax", include_self=False)
  [sim 500] root visits=500, unique states=405, generated=404, iqn_calls=933
  [sim 1000] root visits=1000, unique states=646, generated=645, iqn_calls=1472
  [sim 1500] root visits=1500, unique states=1138, generated=1137, iqn_calls=2616
  [sim 2000] root visits=2000, unique states=1245, generated=1244, iqn_calls=2857
  [sim 2500] root visits=2500, unique states=1394, generated=1393, iqn_calls=3223
  [sim 3000] root visits=3000, unique states=1394, generated=1393, iqn_calls=3223
  [sim 3500] root visits=3500, unique states=1394, generated=1393, iqn_calls=3223
  [sim 4000] root visits=4000, unique states=1394, generated=1393, iqn_calls=3223
  [sim 4500] root visits=4500, unique states=1394, generated=1393, iqn_calls=3223
  [sim 5000] root visits=5000, unique states=1394, generated=1393, iqn_calls=3223
  [sim 5500] root visits=5500, unique states=1394, generated=1393, iqn_calls=3223
  [sim 6000] root visits=6000, unique states=1394, generated=1393, iqn_calls=3223
  [sim 6500] root visits=6500, unique states=1394, generated=1393, iqn_calls=3223
  [sim 7000] root visits=7000, unique states=1394, generated=1393, iqn_calls=3223
  [sim 7500] root visits=7500, unique states=1394, generated=1393, iqn_calls=3223
  [sim 8000] root visits=8000, unique states=1394, generated=1393, iqn_calls=3223
  [sim 8500] root visits=8500, unique states=1394, generated=1393, iqn_calls=3223
  [sim 9000] root visits=9000, unique states=1394, generated=1393, iqn_calls=3223
  [sim 9500] root visits=9500, unique states=1394, generated=1393, iqn_calls=3223
  [sim 10000] root visits=10000, unique states=1394, generated=1393, iqn_calls=3223
  [sim 10500] root visits=10500, unique states=1394, generated=1393, iqn_calls=3223
  [sim 11000] root visits=11000, unique states=1394, generated=1393, iqn_calls=3223
  [sim 11500] root visits=11500, unique states=1394, generated=1393, iqn_calls=3223
  [sim 12000] root visits=12000, unique states=1394, generated=1393, iqn_calls=3223
  [sim 12500] root visits=12500, unique states=1400, generated=1399, iqn_calls=3235
  [sim 13000] root visits=13000, unique states=1455, generated=1454, iqn_calls=3354
  [sim 13500] root visits=13500, unique states=1489, generated=1488, iqn_calls=3448
  [sim 14000] root visits=14000, unique states=1531, generated=1530, iqn_calls=3541
[Final] Expanded: 1546, Generated: 1546
[Cost] IQN forward calls (Bellman signal): 3574
[Widen] nodes widened: 0, mean w: 0.0000
[Add] child-edges given an additive bonus: 99803, mean (rel-1): 0.2682
[search done] simulations=14263, unique states generated=1546
Failed to find a solution!
