/u/ibrahim.eisawy/Neural-Guided-Search/venv/lib/python3.10/site-packages/pymimir_rgnn/model.py:151: UserWarning: index_reduce() is in beta and the API may change at any time. (Triggered internally at /pytorch/aten/src/ATen/native/cuda/Indexing.cu:1541.)
  max_msg.index_reduce_(0, output_indices, output_messages, reduce='amax', include_self=True)
Torch: 2.12.0+cu130
Using GPU:  NVIDIA L40S
27.786: (grasp right shot4)
27.786: (grasp right shot5)
27.786: (grasp left shot9)
27.786: (grasp left shot8)
27.786: (grasp right shot8)
25.855: (fill-shot shot8 ingredient10 right left dispenser10)
25.855: (fill-shot shot8 ingredient10 left right dispenser10)
25.855: (fill-shot shot9 ingredient10 left right dispenser10)
25.855: (fill-shot shot5 ingredient10 right left dispenser10)
25.855: (fill-shot shot4 ingredient10 right left dispenser10)
25.294: (grasp left shot2)
25.294: (grasp left shot3)
25.294: (grasp left shot8)
25.294: (grasp left shot9)
25.294: (grasp left shot5)
25.702: (empty-shot right shot4 ingredient10)
25.702: (empty-shot right shot4 ingredient10)
25.702: (empty-shot right shot4 ingredient10)
25.702: (empty-shot right shot4 ingredient10)
25.702: (empty-shot right shot4 ingredient10)
26.263: (leave left shot2)
26.263: (leave left shot3)
26.263: (leave left shot5)
26.263: (leave left shot9)
26.263: (leave left shot8)
26.045: (grasp left shot10)
26.045: (grasp left shot11)
26.045: (grasp left shot1)
26.045: (grasp left shot7)
26.045: (grasp left shot6)
28.156: (leave right shot4)
28.156: (leave right shot4)
28.156: (leave right shot4)
28.156: (leave right shot4)
28.156: (leave right shot4)
27.530: (fill-shot shot1 ingredient5 left right dispenser5)
27.530: (fill-shot shot7 ingredient5 left right dispenser5)
27.530: (fill-shot shot10 ingredient5 left right dispenser5)
27.530: (fill-shot shot11 ingredient5 left right dispenser5)
27.531: (fill-shot shot6 ingredient5 left right dispenser5)
25.472: (grasp right shot4)
25.473: (grasp right shot4)
25.473: (grasp right shot4)
25.473: (grasp right shot4)
25.473: (grasp right shot4)
24.602: (pour-shot-to-clean-shaker shot10 ingredient5 shaker1 left l0 l1)
24.602: (pour-shot-to-clean-shaker shot7 ingredient5 shaker1 left l0 l1)
24.602: (pour-shot-to-clean-shaker shot11 ingredient5 shaker1 left l0 l1)
24.602: (pour-shot-to-clean-shaker shot6 ingredient5 shaker1 left l0 l1)
24.602: (pour-shot-to-clean-shaker shot1 ingredient5 shaker1 left l0 l1)
25.301: (leave left shot10)
25.301: (leave left shot7)
25.301: (leave left shot11)
25.301: (leave left shot1)
25.302: (leave left shot6)
24.393: (refill-shot shot4 ingredient10 right left dispenser10)
24.393: (refill-shot shot4 ingredient10 right left dispenser10)
24.394: (refill-shot shot4 ingredient10 right left dispenser10)
24.394: (refill-shot shot4 ingredient10 right left dispenser10)
24.394: (refill-shot shot4 ingredient10 right left dispenser10)
21.948: (pour-shot-to-used-shaker shot4 ingredient10 shaker1 right l1 l2)
21.948: (pour-shot-to-used-shaker shot4 ingredient10 shaker1 right l1 l2)
21.948: (pour-shot-to-used-shaker shot4 ingredient10 shaker1 right l1 l2)
21.948: (pour-shot-to-used-shaker shot4 ingredient10 shaker1 right l1 l2)
21.948: (pour-shot-to-used-shaker shot4 ingredient10 shaker1 right l1 l2)
20.816: (grasp left shot11)
20.816: (grasp left shot1)
20.817: (grasp left shot10)
20.817: (grasp left shot7)
20.817: (grasp left shot6)
22.352: (leave right shot4)
22.352: (leave right shot4)
22.352: (leave right shot4)
22.352: (leave right shot4)
22.352: (leave right shot4)
21.075: (clean-shot shot1 ingredient5 left right)
21.075: (clean-shot shot6 ingredient5 left right)
21.075: (clean-shot shot11 ingredient5 left right)
21.075: (clean-shot shot7 ingredient5 left right)
21.075: (clean-shot shot10 ingredient5 left right)
19.568: (grasp right shot4)
19.568: (grasp right shot4)
19.568: (grasp right shot4)
19.568: (grasp right shot4)
19.569: (grasp right shot4)
18.415: (leave left shot7)
18.415: (leave left shot6)
18.415: (leave left shot11)
18.415: (leave left shot1)
18.415: (leave left shot10)
17.264: (clean-shot shot4 ingredient10 right left)
17.850: (grasp left shot2)
17.850: (grasp left shot9)
17.850: (grasp left shot8)
17.850: (grasp left shot3)
16.699: (grasp left shot2)
16.699: (grasp left shot5)
16.699: (grasp left shot3)
16.699: (grasp left shot8)
16.699: (grasp left shot9)
17.264: (leave right shot4)
17.264: (leave right shot4)
17.264: (leave right shot4)
17.264: (leave right shot4)
17.264: (leave right shot4)
16.698: (grasp right shot2)
16.698: (grasp right shot3)
16.698: (grasp right shot9)
16.698: (grasp right shot8)
16.699: (grasp right shot2)
17.264: (leave left shot5)
17.264: (leave left shot5)
17.264: (leave left shot5)
17.264: (leave left shot3)
17.264: (leave left shot5)
16.698: (grasp left shot2)
16.698: (grasp left shot4)
16.698: (grasp left shot9)
16.698: (grasp left shot8)
16.699: (grasp left shot2)
17.264: (leave right shot3)
inf: (leave left shot2)
inf: (leave right shot3)
inf: (leave left shot4)
inf: (leave left shot9)
16.699: (grasp right shot5)
16.699: (grasp right shot2)
16.699: (grasp right shot8)
16.699: (grasp right shot9)
16.752: (fill-shot shot4 ingredient3 left right dispenser3)
15.999: (leave left shot4)
16.189: (grasp right shot9)
16.189: (grasp right shot8)
16.189: (grasp right shot5)
16.189: (grasp right shot3)
15.436: (leave left shot4)
15.436: (leave left shot4)
15.436: (grasp right shot8)
15.436: (leave left shot4)
15.436: (grasp right shot5)
14.858: (grasp left shot9)
14.858: (grasp left shot3)
14.858: (grasp left shot2)
14.858: (grasp left shot5)
14.858: (grasp left shot9)
15.437: (leave right shot8)
15.437: (leave right shot8)
15.437: (leave right shot8)
15.437: (leave right shot5)
15.437: (leave right shot8)
14.858: (grasp right shot9)
14.858: (grasp right shot2)
14.858: (grasp right shot5)
14.858: (grasp right shot9)
14.858: (grasp right shot3)
15.437: (leave left shot3)
15.437: (leave left shot2)
inf: (leave left shot3)
inf: (leave right shot9)
inf: (leave right shot2)
14.858: (grasp left shot9)
14.858: (grasp left shot5)
14.858: (grasp left shot8)
14.858: (grasp left shot5)
14.858: (grasp left shot8)
15.437: (leave right shot2)
15.437: (leave right shot3)
inf: (leave left shot9)
inf: (leave right shot3)
inf: (leave left shot5)
14.858: (grasp right shot5)
14.858: (grasp right shot9)
14.925: (fill-shot shot8 ingredient1 left right dispenser1)
15.067: (grasp right shaker1)
15.448: (grasp right shot12)
14.172: (leave left shot8)
14.353: (grasp right shot9)
14.353: (grasp right shot3)
14.353: (grasp right shot2)
14.353: (grasp right shot5)
13.608: (leave left shot8)
13.608: (leave left shot8)
13.608: (leave left shot8)
13.609: (leave left shot8)
13.609: (grasp right shot9)
13.098: (fill-shot shot9 ingredient7 right left dispenser7)
13.098: (fill-shot shot3 ingredient11 right left dispenser11)
13.098: (fill-shot shot2 ingredient8 right left dispenser8)
13.098: (fill-shot shot5 ingredient6 right left dispenser6)
13.592: (grasp left shot5)
12.345: (leave right shot2)
12.345: (leave right shot3)
12.346: (leave right shot9)
12.346: (leave right shot5)
12.704: (grasp left shot9)
11.764: (grasp left shot9)
11.764: (grasp right shot2)
11.764: (grasp right shot5)
11.764: (grasp right shot2)
11.764: (grasp right shot3)
11.273: (fill-shot shot5 ingredient6 right left dispenser6)
11.273: (fill-shot shot9 ingredient7 left right dispenser7)
11.273: (fill-shot shot2 ingredient8 right left dispenser8)
11.274: (fill-shot shot2 ingredient8 right left dispenser8)
11.274: (fill-shot shot3 ingredient11 right left dispenser11)
10.531: (leave right shot2)
10.531: (leave left shot9)
10.531: (leave right shot3)
10.531: (leave right shot5)
10.531: (leave right shot2)
10.510: (grasp right shot9)
10.510: (grasp right shot5)
10.510: (grasp left shot9)
10.510: (grasp left shot5)
10.510: (grasp right shot2)
9.637: (fill-shot shot2 ingredient8 right left dispenser8)
9.637: (fill-shot shot5 ingredient6 left right dispenser6)
9.638: (fill-shot shot5 ingredient6 right left dispenser6)
9.638: (fill-shot shot9 ingredient7 left right dispenser7)
9.638: (fill-shot shot9 ingredient7 right left dispenser7)
8.706: (leave left shot5)
8.706: (leave left shot9)
8.706: (leave right shot2)
8.706: (leave right shot5)
8.706: (leave right shot9)
9.283: (grasp left shot5)
9.283: (grasp right shot9)
9.283: (grasp right shot5)
9.283: (grasp left shot9)
9.396: (grasp left shaker1)
8.420: (fill-shot shot9 ingredient7 left right dispenser7)
8.421: (fill-shot shot5 ingredient6 left right dispenser6)
8.421: (fill-shot shot9 ingredient7 right left dispenser7)
8.421: (fill-shot shot5 ingredient6 right left dispenser6)
8.809: (shake cocktail1 ingredient10 ingredient5 shaker1 left right)
7.451: (leave left shot5)
7.452: (leave right shot5)
7.452: (leave left shot9)
7.452: (leave right shot9)
8.340: (grasp right shot5)
8.169: (grasp left shaker1)
8.169: (grasp right shaker1)
8.421: (grasp right shot8)
8.421: (grasp left shot4)
8.421: (grasp left shot2)
7.893: (shake cocktail1 ingredient10 ingredient5 shaker1 right left)
7.893: (shake cocktail1 ingredient10 ingredient5 shaker1 left right)
9.113: (grasp left shot10)
9.113: (grasp left shot11)
9.113: (grasp left shot7)
8.215: (grasp right shot1)
8.215: (grasp right shot7)
8.215: (grasp right shot6)
8.215: (grasp right shot10)
8.215: (grasp right shot11)
8.589: (leave left shaker1)
8.589: (leave left shaker1)
8.589: (leave left shaker1)
8.589: (leave left shaker1)
8.589: (leave left shaker1)
8.284: (leave right shot1)
8.284: (leave right shot11)
8.284: (leave right shot10)
8.284: (leave right shot6)
8.284: (leave right shot7)
8.589: (grasp left shot1)
8.589: (grasp left shot11)
8.589: (grasp left shot6)
8.589: (grasp left shot10)
8.589: (grasp left shot7)
8.215: (grasp right shaker1)
8.215: (grasp right shaker1)
8.215: (grasp right shaker1)
8.215: (grasp right shaker1)
8.215: (grasp right shaker1)
20.220: (empty-shaker right shaker1 cocktail1 l2 l0)
20.220: (empty-shaker right shaker1 cocktail1 l2 l0)
20.220: (empty-shaker right shaker1 cocktail1 l2 l0)
20.220: (empty-shaker right shaker1 cocktail1 l2 l0)
20.220: (empty-shaker right shaker1 cocktail1 l2 l0)
19.353: (leave left shot10)
19.353: (leave left shot6)
19.353: (leave left shot1)
19.353: (leave left shot7)
19.353: (leave left shot11)
18.374: (clean-shaker right left shaker1)
20.197: (leave right shaker1)
20.322: (grasp left shot3)
20.322: (grasp left shot2)
20.322: (grasp left shot4)
17.396: (leave right shaker1)
18.048: (grasp left shot1)
18.048: (grasp left shot7)
18.048: (grasp left shot11)
18.048: (grasp left shot6)
17.070: (grasp right shot7)
17.070: (grasp right shot6)
17.070: (grasp right shot11)
17.070: (leave right shaker1)
17.070: (grasp right shot10)
15.740: (fill-shot shot1 ingredient5 left right dispenser5)
15.741: (fill-shot shot10 ingredient5 right left dispenser5)
15.741: (fill-shot shot11 ingredient5 right left dispenser5)
15.741: (fill-shot shot7 ingredient5 right left dispenser5)
15.741: (fill-shot shot6 ingredient5 right left dispenser5)
15.849: (grasp left shot12)
15.850: (grasp left shot12)
15.850: (grasp left shot12)
15.850: (grasp right shot12)
15.850: (grasp left shot12)
16.925: (pour-shot-to-clean-shaker shot11 ingredient5 shaker1 right l0 l1)
16.925: (pour-shot-to-clean-shaker shot1 ingredient5 shaker1 left l0 l1)
16.925: (pour-shot-to-clean-shaker shot6 ingredient5 shaker1 right l0 l1)
16.925: (pour-shot-to-clean-shaker shot7 ingredient5 shaker1 right l0 l1)
16.925: (pour-shot-to-clean-shaker shot10 ingredient5 shaker1 right l0 l1)
16.228: (leave right shot12)
16.228: (leave left shot12)
16.228: (leave left shot12)
16.228: (leave left shot12)
16.228: (leave left shot12)
15.482: (clean-shot shot7 ingredient5 right left)
15.482: (clean-shot shot6 ingredient5 right left)
15.482: (clean-shot shot11 ingredient5 right left)
15.482: (clean-shot shot10 ingredient5 right left)
15.482: (clean-shot shot1 ingredient5 left right)
11.344: (fill-shot shot10 ingredient10 right left dispenser10)
11.344: (fill-shot shot1 ingredient10 left right dispenser10)
11.344: (fill-shot shot11 ingredient10 right left dispenser10)
11.344: (fill-shot shot6 ingredient10 right left dispenser10)
11.345: (fill-shot shot7 ingredient10 right left dispenser10)
10.845: (pour-shot-to-used-shaker shot7 ingredient10 shaker1 right l1 l2)
10.845: (pour-shot-to-used-shaker shot6 ingredient10 shaker1 right l1 l2)
10.845: (pour-shot-to-used-shaker shot11 ingredient10 shaker1 right l1 l2)
10.845: (pour-shot-to-used-shaker shot1 ingredient10 shaker1 left l1 l2)
10.846: (pour-shot-to-used-shaker shot10 ingredient10 shaker1 right l1 l2)
8.441: (clean-shot shot10 ingredient10 right left)
8.442: (clean-shot shot6 ingredient10 right left)
8.442: (clean-shot shot1 ingredient10 left right)
8.442: (clean-shot shot7 ingredient10 right left)
8.442: (clean-shot shot11 ingredient10 right left)
9.113: (grasp left shaker1)
9.113: (grasp left shaker1)
9.113: (grasp left shaker1)
9.113: (grasp right shaker1)
9.113: (grasp left shaker1)
8.169: (leave right shot10)
8.169: (leave left shot1)
8.169: (leave right shot11)
8.169: (leave right shot7)
8.169: (leave right shot6)
Failed to find a solution!
