/u/ibrahim.eisawy/Neural-Guided-Search/venv/lib/python3.10/site-packages/pymimir_rgnn/model.py:151: UserWarning: index_reduce() is in beta and the API may change at any time. (Triggered internally at /pytorch/aten/src/ATen/native/cuda/Indexing.cu:1541.)
  max_msg.index_reduce_(0, output_indices, output_messages, reduce='amax', include_self=True)
Torch: 2.12.0+cu130
Using GPU:  NVIDIA L40S
29.414: (grasp left shot11)
29.415: (grasp right shot11)
29.415: (grasp right shot3)
29.415: (grasp left shot3)
29.481: (grasp left shot10)
28.154: (fill-shot shot10 ingredient8 left right dispenser8)
28.259: (fill-shot shot10 ingredient6 left right dispenser6)
28.472: (fill-shot shot3 ingredient6 right left dispenser6)
28.472: (fill-shot shot11 ingredient6 right left dispenser6)
28.472: (fill-shot shot11 ingredient6 left right dispenser6)
27.024: (pour-shot-to-clean-shaker shot11 ingredient6 shaker1 right l0 l1)
27.024: (pour-shot-to-clean-shaker shot11 ingredient6 shaker1 left l0 l1)
27.024: (pour-shot-to-clean-shaker shot3 ingredient6 shaker1 right l0 l1)
27.102: (pour-shot-to-clean-shaker shot10 ingredient6 shaker1 left l0 l1)
27.401: (grasp right shot6)
26.065: (clean-shot shot11 ingredient6 right left)
26.066: (clean-shot shot3 ingredient6 right left)
26.066: (clean-shot shot11 ingredient6 left right)
26.132: (clean-shot shot10 ingredient6 left right)
26.183: (grasp right shot4)
24.806: (fill-shot shot10 ingredient8 left right dispenser8)
25.204: (grasp left shot2)
25.204: (grasp left shot4)
25.204: (grasp left shot4)
25.204: (grasp left shot2)
23.942: (grasp right shot2)
23.942: (grasp right shot4)
24.052: (grasp right shot6)
24.243: (grasp right shot11)
24.243: (grasp right shot3)
23.736: (leave left shot10)
23.736: (leave left shot10)
23.881: (leave left shot10)
24.037: (leave left shot10)
24.037: (leave left shot10)
22.075: (fill-shot shot2 ingredient4 right left dispenser4)
22.075: (fill-shot shot4 ingredient4 right left dispenser4)
22.955: (grasp left shot4)
22.956: (grasp left shot2)
23.019: (grasp left shot6)
20.916: (pour-shot-to-used-shaker shot2 ingredient4 shaker1 right l1 l2)
20.916: (pour-shot-to-used-shaker shot4 ingredient4 shaker1 right l1 l2)
21.201: (grasp left shot2)
21.201: (grasp left shot4)
21.357: (grasp left shot6)
20.034: (refill-shot shot4 ingredient4 right left dispenser4)
20.034: (refill-shot shot2 ingredient4 right left dispenser4)
20.111: (pour-shot-to-used-shaker shot4 ingredient4 shaker1 right l1 l2)
20.111: (pour-shot-to-used-shaker shot2 ingredient4 shaker1 right l1 l2)
20.111: (grasp left shot2)
19.097: (leave right shot2)
19.097: (leave right shot4)
19.237: (grasp left shot4)
19.237: (grasp left shot2)
19.317: (grasp left shot6)
18.300: (grasp left shot4)
18.300: (grasp right shot4)
18.300: (grasp left shot2)
18.300: (leave right shot2)
18.300: (leave right shot4)
16.774: (fill-shot shot4 ingredient4 right left dispenser4)
16.774: (fill-shot shot4 ingredient4 left right dispenser4)
16.775: (fill-shot shot2 ingredient4 left right dispenser4)
17.581: (grasp right shot6)
17.581: (grasp right shot6)
15.799: (leave left shot2)
15.799: (leave left shot4)
15.799: (leave right shot4)
16.057: (grasp right shot6)
16.057: (grasp left shot6)
15.082: (leave left shot2)
15.082: (leave right shot4)
15.082: (grasp left shot6)
15.082: (grasp right shot6)
15.238: (grasp right shot11)
14.520: (grasp left shot6)
14.520: (grasp right shot11)
14.521: (grasp left shot11)
14.521: (grasp left shot3)
14.521: (grasp right shot3)
15.238: (leave left shot6)
15.238: (leave right shot6)
15.238: (leave right shot6)
inf: (leave right shot11)
inf: (leave left shot6)
14.676: (grasp right shot11)
14.676: (grasp left shot11)
14.677: (grasp right shot3)
14.726: (fill-shot shot3 ingredient2 left right dispenser2)
14.726: (fill-shot shot11 ingredient1 left right dispenser1)
13.973: (leave left shot3)
13.973: (leave left shot11)
14.009: (grasp right shot6)
14.009: (grasp right shot6)
14.164: (grasp right shot11)
13.255: (leave left shot11)
13.255: (leave left shot3)
13.256: (grasp right shot6)
13.256: (grasp left shot6)
13.256: (grasp left shot6)
12.693: (grasp right shot11)
12.694: (grasp right shot3)
12.694: (grasp left shot11)
12.694: (grasp left shot3)
12.760: (grasp right shot9)
13.412: (leave left shot6)
13.412: (leave left shot6)
13.412: (leave right shot6)
13.412: (leave right shot6)
13.479: (leave left shot6)
12.150: (fill-shot shot9 ingredient7 right left dispenser7)
12.902: (fill-shot shot11 ingredient1 left right dispenser1)
12.902: (fill-shot shot3 ingredient2 left right dispenser2)
12.902: (fill-shot shot3 ingredient2 right left dispenser2)
12.902: (fill-shot shot11 ingredient1 right left dispenser1)
11.397: (grasp left shot5)
11.432: (grasp left shot6)
11.588: (grasp left shot11)
11.812: (grasp left shaker1)
11.944: (leave right shot9)
11.227: (grasp right shot6)
11.227: (leave right shot9)
11.227: (leave right shot9)
11.227: (grasp left shot6)
11.227: (grasp left shot5)
10.508: (grasp right shot5)
10.509: (grasp left shot5)
10.509: (grasp right shot6)
10.663: (grasp right shot11)
10.663: (grasp left shot11)
11.227: (leave left shot6)
11.382: (leave left shot6)
11.382: (leave right shot6)
inf: (leave right shot5)
inf: (leave right shot6)
10.663: (grasp right shot5)
10.663: (grasp left shot11)
10.664: (grasp left shot5)
10.878: (fill-shot shot11 ingredient1 left right dispenser1)
10.878: (fill-shot shot11 ingredient1 right left dispenser1)
10.128: (leave left shot11)
10.128: (leave right shot11)
10.164: (grasp right shot6)
10.164: (grasp right shot5)
10.164: (grasp left shot6)
9.414: (grasp left shot5)
9.414: (leave left shot11)
9.414: (grasp left shot6)
9.414: (grasp right shot5)
9.414: (leave right shot11)
8.669: (grasp left shot6)
8.669: (grasp right shot5)
8.669: (grasp left shot5)
8.669: (grasp right shot6)
9.036: (grasp left shaker1)
9.780: (leave right shot5)
inf: (leave left shot6)
inf: (leave right shot5)
inf: (leave right shot6)
inf: (leave left shot5)
9.036: (grasp right shot6)
9.200: (shake cocktail1 ingredient4 ingredient6 shaker1 left right)
9.802: (grasp right shot14)
9.982: (grasp right shot10)
9.982: (grasp right shot9)
8.481: (grasp right shot6)
8.481: (grasp right shot5)
9.096: (grasp right shot8)
9.096: (grasp right shot12)
9.096: (grasp right shot1)
9.183: (leave left shaker1)
9.183: (leave left shaker1)
9.869: (leave left shaker1)
9.869: (leave left shaker1)
9.869: (leave left shaker1)
8.804: (grasp left shot6)
8.804: (grasp left shot5)
9.191: (fill-shot shot6 ingredient8 right left dispenser8)
9.192: (fill-shot shot5 ingredient7 right left dispenser7)
9.381: (grasp left shot9)
8.407: (leave right shot6)
8.407: (leave right shot5)
8.468: (grasp left shaker1)
8.468: (grasp left shaker1)
8.470: (grasp left shot5)
7.660: (leave right shot6)
7.660: (grasp right shot6)
7.660: (grasp left shot5)
7.661: (grasp right shot5)
7.661: (grasp left shot6)
6.930: (grasp left shaker1)
6.930: (grasp right shaker1)
6.930: (grasp right shaker1)
6.930: (grasp left shaker1)
8.088: (fill-shot shot5 ingredient7 right left dispenser7)
7.236: (leave right shot5)
7.689: (leave left shot6)
7.689: (leave left shot5)
7.690: (leave right shot5)
7.690: (leave right shot6)
6.911: (grasp right shaker1)
6.911: (grasp left shaker1)
7.542: (grasp left shot12)
7.542: (grasp left shot13)
7.542: (grasp right shot7)
7.244: (grasp right shaker1)
7.244: (grasp right shaker1)
7.244: (grasp left shot12)
7.245: (grasp left shot13)
7.245: (grasp left shot1)
7.542: (leave right shaker1)
19.382: (empty-shaker right shaker1 cocktail1 l2 l0)
19.382: (empty-shaker right shaker1 cocktail1 l2 l0)
19.382: (empty-shaker right shaker1 cocktail1 l2 l0)
30.137: (pour-shaker-to-shot cocktail1 shot1 right shaker1 l2 l1)
8.610: (grasp right shot9)
8.610: (grasp right shot10)
8.610: (grasp right shot6)
8.610: (grasp right shot5)
8.633: (grasp right shot12)
7.542: (leave left shot1)
8.088: (leave left shot1)
8.088: (leave left shot1)
8.088: (leave left shot1)
9.095: (empty-shot right shot9 ingredient7)
7.245: (grasp left shaker1)
7.758: (grasp left shaker1)
7.759: (grasp left shaker1)
7.759: (grasp left shaker1)
8.124: (leave left shot1)
7.660: (clean-shot shot9 ingredient7 right left)
7.679: (empty-shot right shot9 ingredient7)
7.679: (empty-shot right shot10 ingredient8)
7.679: (grasp left shaker1)
7.680: (empty-shot right shot6 ingredient8)
6.930: (grasp left shaker1)
8.125: (leave left shaker1)
8.125: (leave left shaker1)
8.386: (grasp left shot4)
8.386: (grasp left shot2)
7.660: (clean-shot shot10 ingredient8 right left)
7.690: (leave right shot9)
8.448: (leave right shot9)
8.448: (leave right shot9)
9.095: (grasp left shot1)
6.930: (grasp left shaker1)
7.542: (grasp right shot7)
7.542: (grasp right shot12)
7.542: (grasp right shot13)
7.542: (grasp right shot8)
7.690: (leave right shot10)
8.351: (leave left shaker1)
8.352: (leave left shaker1)
8.352: (leave left shaker1)
8.352: (leave left shaker1)
7.542: (grasp right shot12)
7.542: (grasp right shot13)
7.542: (grasp right shot1)
7.542: (grasp right shot8)
7.542: (grasp right shot7)
8.351: (leave left shaker1)
8.352: (leave left shaker1)
8.352: (leave left shaker1)
8.352: (leave left shaker1)
8.352: (leave left shaker1)
8.407: (leave right shot8)
8.407: (leave right shot1)
8.407: (leave right shot13)
8.407: (leave right shot7)
8.407: (leave right shot12)
7.660: (grasp left shot10)
7.690: (grasp right shaker1)
8.351: (grasp left shot13)
8.351: (grasp left shot12)
8.352: (grasp left shot7)
6.930: (grasp right shaker1)
6.930: (grasp left shot10)
7.542: (grasp right shaker1)
7.542: (grasp right shaker1)
7.542: (grasp left shot7)
19.636: (empty-shaker right shaker1 cocktail1 l2 l0)
20.375: (empty-shaker right shaker1 cocktail1 l2 l0)
20.375: (empty-shaker right shaker1 cocktail1 l2 l0)
20.375: (empty-shaker right shaker1 cocktail1 l2 l0)
29.189: (pour-shaker-to-shot cocktail1 shot8 right shaker1 l2 l1)
18.369: (empty-shaker right shaker1 cocktail1 l1 l0)
18.707: (pour-shaker-to-shot cocktail1 shot1 right shaker1 l1 l0)
18.707: (pour-shaker-to-shot cocktail1 shot13 right shaker1 l1 l0)
18.707: (pour-shaker-to-shot cocktail1 shot12 right shaker1 l1 l0)
18.707: (pour-shaker-to-shot cocktail1 shot7 right shaker1 l1 l0)
17.413: (empty-shaker right shaker1 cocktail1 l0 l0)
17.413: (empty-shaker right shaker1 cocktail1 l0 l0)
17.413: (empty-shaker right shaker1 cocktail1 l0 l0)
17.413: (empty-shaker right shaker1 cocktail1 l0 l0)
18.023: (leave left shot10)
16.902: (clean-shaker right left shaker1)
17.076: (leave left shot10)
17.076: (leave left shot10)
17.076: (leave left shot10)
17.076: (leave left shot10)
15.829: (clean-shaker right left shaker1)
15.829: (clean-shaker right left shaker1)
15.830: (clean-shaker right left shaker1)
15.830: (clean-shaker right left shaker1)
15.924: (leave right shaker1)
14.852: (leave right shaker1)
14.852: (leave right shaker1)
14.852: (leave right shaker1)
14.852: (leave right shaker1)
15.111: (grasp left shot10)
14.133: (grasp left shot10)
14.133: (grasp left shot10)
14.133: (grasp right shot10)
14.133: (grasp right shot10)
14.133: (grasp left shot10)
13.370: (fill-shot shot10 ingredient4 right left dispenser4)
13.370: (fill-shot shot10 ingredient4 right left dispenser4)
13.370: (fill-shot shot10 ingredient4 left right dispenser4)
13.370: (fill-shot shot10 ingredient4 left right dispenser4)
13.371: (fill-shot shot10 ingredient4 left right dispenser4)
13.521: (empty-shot left shot10 ingredient4)
13.521: (empty-shot left shot10 ingredient4)
13.521: (empty-shot right shot10 ingredient4)
13.521: (empty-shot left shot10 ingredient4)
13.522: (empty-shot right shot10 ingredient4)
14.480: (grasp left shot11)
14.480: (grasp left shot3)
14.480: (grasp right shot11)
14.480: (grasp right shot3)
14.480: (grasp right shot3)
16.056: (empty-shot right shot3 ingredient2)
16.056: (empty-shot right shot3 ingredient2)
16.056: (empty-shot left shot11 ingredient1)
16.056: (empty-shot right shot11 ingredient1)
16.056: (empty-shot left shot3 ingredient2)
16.455: (leave right shot3)
16.455: (leave right shot3)
16.455: (leave left shot3)
16.455: (leave left shot11)
16.455: (leave right shot11)
16.301: (refill-shot shot10 ingredient4 left right dispenser4)
16.301: (refill-shot shot10 ingredient4 right left dispenser4)
16.301: (refill-shot shot10 ingredient4 left right dispenser4)
16.301: (refill-shot shot10 ingredient4 right left dispenser4)
16.302: (refill-shot shot10 ingredient4 left right dispenser4)
15.906: (grasp right shot3)
15.906: (grasp left shot3)
15.907: (grasp right shot11)
15.907: (grasp left shot11)
15.907: (grasp right shot3)
16.389: (pour-shot-to-clean-shaker shot10 ingredient4 shaker1 left l0 l1)
16.389: (pour-shot-to-clean-shaker shot10 ingredient4 shaker1 right l0 l1)
16.389: (pour-shot-to-clean-shaker shot10 ingredient4 shaker1 left l0 l1)
16.389: (pour-shot-to-clean-shaker shot10 ingredient4 shaker1 left l0 l1)
16.389: (pour-shot-to-clean-shaker shot10 ingredient4 shaker1 right l0 l1)
17.631: (leave right shot3)
17.631: (leave left shot3)
17.631: (leave right shot3)
17.631: (leave right shot11)
17.631: (leave left shot11)
16.547: (clean-shot shot10 ingredient4 right left)
16.547: (clean-shot shot10 ingredient4 left right)
16.547: (clean-shot shot10 ingredient4 left right)
16.547: (clean-shot shot10 ingredient4 left right)
16.548: (clean-shot shot10 ingredient4 right left)
13.721: (fill-shot shot10 ingredient6 left right dispenser6)
13.721: (fill-shot shot10 ingredient6 left right dispenser6)
13.721: (fill-shot shot10 ingredient6 right left dispenser6)
13.722: (fill-shot shot10 ingredient6 left right dispenser6)
13.722: (fill-shot shot10 ingredient6 right left dispenser6)
10.612: (pour-shot-to-used-shaker shot10 ingredient6 shaker1 left l1 l2)
10.612: (pour-shot-to-used-shaker shot10 ingredient6 shaker1 right l1 l2)
10.613: (pour-shot-to-used-shaker shot10 ingredient6 shaker1 right l1 l2)
10.613: (pour-shot-to-used-shaker shot10 ingredient6 shaker1 left l1 l2)
10.613: (pour-shot-to-used-shaker shot10 ingredient6 shaker1 left l1 l2)
9.335: (clean-shot shot10 ingredient6 left right)
9.335: (clean-shot shot10 ingredient6 left right)
9.335: (clean-shot shot10 ingredient6 right left)
9.335: (clean-shot shot10 ingredient6 right left)
9.335: (clean-shot shot10 ingredient6 left right)
8.090: (grasp left shot3)
8.090: (grasp left shot11)
8.091: (grasp right shot3)
8.091: (grasp right shot3)
8.092: (grasp right shot11)
8.816: (leave right shot10)
8.816: (leave right shot10)
8.817: (leave left shot10)
8.817: (leave left shot10)
8.817: (leave left shot10)
7.847: (refill-shot shot11 ingredient1 right left dispenser1)
7.847: (refill-shot shot3 ingredient2 right left dispenser2)
7.847: (refill-shot shot3 ingredient2 right left dispenser2)
7.847: (refill-shot shot3 ingredient2 left right dispenser2)
7.847: (refill-shot shot11 ingredient1 left right dispenser1)
7.094: (leave left shot11)
7.094: (leave left shot3)
7.095: (leave right shot11)
7.095: (leave right shot3)
7.095: (leave right shot3)
6.378: (grasp right shot10)
6.379: (grasp right shot10)
6.379: (grasp left shot10)
6.379: (grasp left shot10)
6.864: (grasp right shaker1)
5.217: (fill-shot shot10 ingredient8 left right dispenser8)
5.218: (fill-shot shot10 ingredient8 left right dispenser8)
5.218: (fill-shot shot10 ingredient8 right left dispenser8)
5.218: (fill-shot shot10 ingredient8 right left dispenser8)
5.411: (shake cocktail1 ingredient4 ingredient6 shaker1 right left)
4.334: (leave right shot10)
4.334: (leave left shot10)
4.335: (leave left shot10)
4.335: (leave right shot10)
4.659: (grasp left shot10)
4.719: (grasp left shaker1)
4.719: (grasp left shaker1)
4.719: (grasp right shaker1)
4.719: (grasp right shaker1)
5.217: (grasp right shot11)
3.917: (shake cocktail1 ingredient4 ingredient6 shaker1 right left)
3.918: (shake cocktail1 ingredient4 ingredient6 shaker1 left right)
3.918: (shake cocktail1 ingredient4 ingredient6 shaker1 right left)
3.918: (shake cocktail1 ingredient4 ingredient6 shaker1 left right)
5.478: (grasp left shot14)
4.144: (grasp right shot12)
4.144: (grasp right shot13)
4.144: (grasp right shot1)
4.144: (grasp right shot7)
4.144: (grasp right shot13)
5.181: (leave left shaker1)
5.181: (leave left shaker1)
5.181: (leave left shaker1)
5.181: (leave left shaker1)
5.181: (leave left shaker1)
4.848: (leave right shot13)
4.848: (leave right shot12)
4.848: (leave right shot1)
4.848: (leave right shot7)
4.848: (leave right shot13)
5.110: (grasp right shot4)
5.110: (grasp right shot2)
5.110: (grasp left shot2)
5.110: (grasp left shot4)
5.110: (grasp left shot4)
4.161: (grasp right shaker1)
4.161: (grasp right shaker1)
4.161: (grasp left shaker1)
4.161: (grasp left shaker1)
4.161: (grasp right shaker1)
5.888: (empty-shot right shot2 ingredient4)
5.889: (empty-shot right shot4 ingredient4)
5.889: (empty-shot left shot4 ingredient4)
5.889: (empty-shot left shot4 ingredient4)
5.889: (empty-shot left shot2 ingredient4)
6.451: (leave right shaker1)
6.451: (leave right shaker1)
6.451: (leave left shaker1)
6.451: (leave left shaker1)
6.451: (leave right shaker1)
6.785: (clean-shot shot2 ingredient4 left right)
6.785: (clean-shot shot4 ingredient4 right left)
6.786: (clean-shot shot2 ingredient4 right left)
6.786: (clean-shot shot4 ingredient4 left right)
6.786: (clean-shot shot4 ingredient4 left right)
6.217: (grasp right shaker1)
6.218: (grasp left shaker1)
6.218: (grasp right shaker1)
6.218: (grasp right shaker1)
6.218: (grasp left shaker1)
7.832: (leave left shot2)
7.832: (leave left shot4)
7.832: (leave right shot4)
7.832: (leave left shot4)
7.832: (leave right shot2)
7.971: (grasp left shot1)
7.971: (grasp right shot1)
7.971: (grasp left shot12)
7.971: (grasp left shot13)
7.971: (grasp right shot12)
8.518: (leave right shaker1)
8.518: (leave right shaker1)
8.518: (leave left shaker1)
8.518: (leave right shaker1)
8.518: (leave left shaker1)
7.659: (grasp right shot4)
7.659: (grasp left shot2)
7.659: (grasp left shot4)
7.659: (grasp right shot4)
7.659: (grasp right shot4)
6.786: (leave left shot13)
6.786: (leave left shot12)
6.786: (leave left shot1)
6.786: (leave right shot12)
6.786: (leave right shot1)
Failed to find a solution!
