/u/ibrahim.eisawy/Neural-Guided-Search/venv/lib/python3.10/site-packages/pymimir_rgnn/model.py:151: UserWarning: index_reduce() is in beta and the API may change at any time. (Triggered internally at /pytorch/aten/src/ATen/native/cuda/Indexing.cu:1541.)
  max_msg.index_reduce_(0, output_indices, output_messages, reduce='amax', include_self=True)
Torch: 2.12.0+cu130
Using GPU:  NVIDIA L40S
15.516: (switch_on instrument8 satellite2)
16.237: (turn_to satellite2 groundstation8 groundstation10)
16.238: (turn_to satellite2 star5 groundstation10)
16.247: (turn_to satellite2 star2 groundstation10)
16.249: (turn_to satellite2 star9 groundstation10)
13.077: (switch_on instrument1 satellite0)
13.534: (switch_on instrument5 satellite1)
14.420: (switch_on instrument3 satellite1)
14.463: (switch_on instrument0 satellite0)
14.777: (switch_on instrument2 satellite0)
11.106: (switch_on instrument5 satellite1)
11.106: (switch_on instrument1 satellite0)
12.095: (switch_on instrument1 satellite0)
12.095: (switch_on instrument3 satellite1)
12.239: (turn_to satellite0 groundstation10 groundstation3)
10.254: (switch_on instrument5 satellite1)
10.254: (turn_to satellite0 groundstation10 groundstation3)
10.718: (calibrate satellite1 instrument3 groundstation6)
10.798: (turn_to satellite2 star9 groundstation10)
11.107: (turn_to satellite1 star9 groundstation6)
9.772: (turn_to satellite0 groundstation10 groundstation3)
9.832: (turn_to satellite2 star9 groundstation10)
9.833: (turn_to satellite0 groundstation10 groundstation3)
9.843: (calibrate satellite2 instrument8 star9)
10.205: (turn_to satellite2 groundstation6 groundstation10)
8.630: (calibrate satellite2 instrument8 groundstation6)
8.679: (turn_to satellite2 star13 star9)
8.679: (turn_to satellite2 star12 star9)
8.680: (turn_to satellite2 planet15 star9)
8.680: (turn_to satellite2 planet14 star9)
7.834: (take_image satellite2 planet15 instrument8 thermograph1)
7.834: (take_image satellite2 star13 instrument8 infrared3)
7.835: (take_image satellite2 star12 instrument8 image4)
7.835: (take_image satellite2 planet14 instrument8 spectrograph0)
7.870: (turn_to satellite0 groundstation10 groundstation3)
6.678: (turn_to satellite2 star13 planet15)
6.678: (turn_to satellite2 star13 planet14)
6.678: (turn_to satellite2 star13 star12)
6.678: (turn_to satellite2 star12 planet15)
6.679: (turn_to satellite2 planet15 star13)
5.834: (take_image satellite2 star12 instrument8 image4)
5.834: (take_image satellite2 star13 instrument8 infrared3)
5.834: (take_image satellite2 star13 instrument8 infrared3)
5.837: (take_image satellite2 star13 instrument8 infrared3)
5.837: (take_image satellite2 planet15 instrument8 thermograph1)
4.677: (turn_to satellite2 star13 star12)
4.679: (turn_to satellite2 planet15 star13)
4.679: (turn_to satellite2 star12 star13)
4.679: (turn_to satellite2 planet15 star13)
4.679: (turn_to satellite2 planet14 star12)
3.823: (take_image satellite2 planet14 instrument8 spectrograph0)
3.826: (take_image satellite2 planet15 instrument8 thermograph1)
3.835: (take_image satellite2 star12 instrument8 image4)
3.837: (take_image satellite2 star13 instrument8 infrared3)
3.837: (take_image satellite2 planet15 instrument8 thermograph1)
2.666: (turn_to satellite2 star13 planet14)
2.676: (turn_to satellite2 star12 planet15)
2.678: (turn_to satellite2 planet15 star12)
2.688: (turn_to satellite2 planet14 planet15)
2.688: (turn_to satellite2 planet14 star13)
1.716: (take_image satellite2 star13 instrument8 infrared3)
1.717: (take_image satellite2 star12 instrument8 image4)
1.717: (take_image satellite2 planet15 instrument8 thermograph1)
1.717: (take_image satellite2 planet14 instrument8 spectrograph0)
1.867: (turn_to satellite0 groundstation10 groundstation3)
0.862: (take_image satellite2 star12 instrument8 image4)
0.862: (turn_to satellite0 groundstation10 groundstation3)
0.862: (turn_to satellite0 groundstation10 groundstation3)
0.862: (turn_to satellite0 groundstation10 groundstation3)
0.862: (turn_to satellite0 groundstation10 groundstation3)
-0.019: (turn_to satellite2 groundstation3 planet15)
[Final] Expanded: 65, Generated: 3570
Found a solution of length 15!
   1: (switch_on instrument8 satellite2)
   2: (switch_on instrument1 satellite0)
   3: (switch_on instrument5 satellite1)
   4: (turn_to satellite2 star9 groundstation10)
   5: (calibrate satellite2 instrument8 star9)
   6: (turn_to satellite2 planet14 star9)
   7: (take_image satellite2 planet14 instrument8 spectrograph0)
   8: (turn_to satellite2 star13 planet14)
   9: (take_image satellite2 star13 instrument8 infrared3)
  10: (turn_to satellite2 star12 star13)
  11: (take_image satellite2 star12 instrument8 image4)
  12: (turn_to satellite2 planet15 star12)
  13: (take_image satellite2 planet15 instrument8 thermograph1)
  14: (turn_to satellite0 groundstation10 groundstation3)
  15: (turn_to satellite2 groundstation3 planet15)
