/u/ibrahim.eisawy/Neural-Guided-Search/venv/lib/python3.10/site-packages/pymimir_rgnn/model.py:151: UserWarning: index_reduce() is in beta and the API may change at any time. (Triggered internally at /pytorch/aten/src/ATen/native/cuda/Indexing.cu:1541.)
  max_msg.index_reduce_(0, output_indices, output_messages, reduce='amax', include_self=True)
Torch: 2.12.0+cu130
Using GPU:  NVIDIA L40S
56.511: (grasp right shot10)
53.115: (fill-shot shot10 ingredient2 right left dispenser2)
53.132: (leave right shot10)
53.115: (grasp left shot10)
53.933: (grasp right shot9)
53.266: (leave left shot10)
51.843: (fill-shot shot9 ingredient4 right left dispenser4)
51.357: (leave right shot9)
51.465: (grasp left shot10)
52.213: (grasp right shot8)
51.576: (leave left shot10)
50.365: (fill-shot shot8 ingredient4 right left dispenser4)
49.773: (leave right shot8)
49.968: (grasp left shot10)
50.684: (pour-shot-to-clean-shaker shot10 ingredient2 shaker1 left l0 l1)
48.872: (clean-shot shot10 ingredient2 left right)
47.180: (fill-shot shot10 ingredient3 left right dispenser3)
47.465: (grasp right shot5)
47.816: (leave left shot10)
45.840: (fill-shot shot5 ingredient1 right left dispenser1)
46.115: (grasp left shot10)
45.171: (leave right shot5)
45.937: (grasp right shot9)
46.285: (leave left shot10)
46.372: (leave right shot9)
45.171: (grasp right shot10)
45.937: (grasp left shot9)
46.285: (leave right shot10)
46.593: (grasp right shot5)
47.409: (empty-shot right shot5 ingredient1)
46.804: (leave left shot9)
46.981: (grasp left shot10)
46.162: (leave right shot5)
46.903: (grasp right shot9)
47.347: (leave left shot10)
47.409: (grasp left shot5)
46.804: (leave right shot9)
45.840: (refill-shot shot5 ingredient1 left right dispenser1)
46.115: (grasp right shot10)
46.981: (empty-shot left shot5 ingredient1)
46.162: (leave left shot5)
46.903: (grasp left shot9)
47.347: (leave right shot10)
47.451: (leave left shot9)
47.347: (grasp left shot8)
46.903: (grasp right shot10)
48.163: (empty-shot right shot10 ingredient3)
47.436: (leave left shot8)
47.978: (clean-shot shot10 ingredient3 right left)
47.435: (fill-shot shot10 ingredient1 right left dispenser1)
47.737: (leave right shot10)
47.135: (grasp right shot3)
46.513: (fill-shot shot3 ingredient3 right left dispenser3)
47.313: (grasp left shot8)
47.694: (leave right shot3)
47.738: (leave left shot8)
46.513: (grasp left shot3)
47.313: (grasp right shot8)
47.694: (leave left shot3)
48.404: (grasp left shot5)
47.723: (leave right shot8)
45.971: (refill-shot shot5 ingredient1 left right dispenser1)
45.187: (pour-shot-to-used-shaker shot5 ingredient1 shaker1 left l1 l2)
44.167: (clean-shot shot5 ingredient1 left right)
42.617: (fill-shot shot5 ingredient4 left right dispenser4)
41.909: (leave left shot5)
42.285: (grasp left shaker1)
42.845: (grasp right shot1)
42.469: (leave left shaker1)
41.766: (fill-shot shot1 ingredient2 right left dispenser2)
39.737: (leave right shot1)
39.866: (grasp right shaker1)
40.601: (grasp left shot2)
40.445: (leave right shaker1)
41.145: (grasp right shot3)
40.466: (leave left shot2)
40.785: (grasp left shaker1)
39.866: (leave right shot3)
40.601: (grasp right shot2)
40.445: (leave left shaker1)
41.145: (grasp left shot3)
40.466: (leave right shot2)
40.785: (grasp right shaker1)
41.382: (empty-shot left shot3 ingredient3)
40.469: (leave left shot3)
40.396: (leave right shaker1)
40.469: (grasp left shaker1)
41.198: (grasp right shot2)
41.086: (leave left shaker1)
41.937: (fill-shot shot2 ingredient2 right left dispenser2)
42.028: (leave right shot2)
41.937: (grasp left shot2)
42.485: (empty-shot left shot2 ingredient2)
41.086: (clean-shot shot2 ingredient2 left right)
41.198: (grasp right shaker1)
40.469: (leave left shot2)
Failed to find a solution!
