/u/ibrahim.eisawy/Neural-Guided-Search/venv/lib/python3.10/site-packages/pymimir_rgnn/model.py:151: UserWarning: index_reduce() is in beta and the API may change at any time. (Triggered internally at /pytorch/aten/src/ATen/native/cuda/Indexing.cu:1541.)
  max_msg.index_reduce_(0, output_indices, output_messages, reduce='amax', include_self=True)
Torch: 2.12.0+cu130
Using GPU:  NVIDIA L40S
45.320: (grasp right shot6)
43.133: (fill-shot shot6 ingredient4 right left dispenser4)
43.738: (grasp left shot8)
43.260: (leave right shot6)
42.187: (fill-shot shot8 ingredient1 left right dispenser1)
42.481: (empty-shot left shot8 ingredient1)
43.367: (grasp right shot6)
43.842: (pour-shot-to-clean-shaker shot6 ingredient4 shaker1 right l0 l1)
43.676: (leave right shot6)
43.256: (refill-shot shot8 ingredient1 left right dispenser1)
43.540: (grasp right shot6)
44.444: (leave left shot8)
43.491: (clean-shot shot6 ingredient4 right left)
40.508: (fill-shot shot6 ingredient3 right left dispenser3)
39.038: (pour-shot-to-used-shaker shot6 ingredient3 shaker1 right l1 l2)
38.047: (clean-shot shot6 ingredient3 right left)
36.760: (fill-shot shot6 ingredient6 right left dispenser6)
35.738: (leave right shot6)
34.853: (grasp right shot8)
35.186: (empty-shot right shot8 ingredient1)
35.648: (clean-shot shot8 ingredient1 right left)
34.769: (fill-shot shot8 ingredient2 right left dispenser2)
33.785: (leave right shot8)
34.482: (grasp left shaker1)
32.547: (shake cocktail2 ingredient4 ingredient3 shaker1 left right)
31.492: (pour-shaker-to-shot cocktail2 shot2 left shaker1 l2 l1)
25.377: (pour-shaker-to-shot cocktail2 shot5 left shaker1 l1 l0)
24.471: (empty-shaker left shaker1 cocktail2 l0 l0)
23.535: (clean-shaker left right shaker1)
22.868: (leave left shaker1)
22.491: (grasp left shot1)
20.677: (fill-shot shot1 ingredient1 left right dispenser1)
20.424: (grasp right shot10)
21.813: (leave left shot1)
20.831: (fill-shot shot10 ingredient6 right left dispenser6)
19.439: (grasp left shot1)
19.118: (pour-shot-to-clean-shaker shot10 ingredient6 shaker1 right l0 l1)
18.464: (pour-shot-to-used-shaker shot1 ingredient1 shaker1 left l1 l2)
17.569: (leave right shot10)
16.754: (grasp right shaker1)
16.575: (leave left shot1)
14.056: (shake cocktail3 ingredient1 ingredient6 shaker1 right left)
13.098: (grasp left shot1)
13.438: (leave right shaker1)
11.946: (refill-shot shot1 ingredient1 left right dispenser1)
11.631: (grasp right shaker1)
12.986: (leave left shot1)
12.672: (grasp left shot6)
13.014: (leave right shaker1)
11.635: (grasp right shot1)
11.946: (leave left shot6)
11.631: (grasp left shaker1)
12.986: (leave right shot1)
12.672: (grasp right shot6)
13.014: (leave left shaker1)
11.635: (grasp left shot1)
12.821: (empty-shot right shot6 ingredient6)
13.931: (leave left shot1)
13.788: (grasp left shot7)
15.576: (leave right shot6)
14.476: (grasp right shot1)
14.690: (leave left shot7)
12.821: (grasp left shot6)
13.931: (leave right shot1)
13.788: (grasp right shot9)
15.576: (leave left shot6)
14.476: (grasp left shot1)
14.690: (leave right shot9)
14.476: (grasp right shot3)
15.576: (leave left shot1)
13.788: (grasp left shot6)
13.931: (leave right shot3)
Failed to find a solution!
