/u/ibrahim.eisawy/Neural-Guided-Search/venv/lib/python3.10/site-packages/pymimir_rgnn/model.py:151: UserWarning: index_reduce() is in beta and the API may change at any time. (Triggered internally at /pytorch/aten/src/ATen/native/cuda/Indexing.cu:1541.)
  max_msg.index_reduce_(0, output_indices, output_messages, reduce='amax', include_self=True)
Torch: 2.12.0+cu130
Using GPU:  NVIDIA L40S
57.063: (grasp left shot8)
55.288: (fill-shot shot8 ingredient1 left right dispenser1)
54.666: (leave left shot8)
55.288: (grasp right shot8)
54.729: (pour-shot-to-clean-shaker shot8 ingredient1 shaker1 right l0 l1)
53.516: (clean-shot shot8 ingredient1 right left)
51.088: (fill-shot shot8 ingredient6 right left dispenser6)
51.507: (leave right shot8)
51.088: (grasp left shot8)
51.807: (grasp right shot5)
51.449: (leave left shot8)
50.012: (fill-shot shot5 ingredient5 right left dispenser5)
49.934: (leave right shot5)
49.171: (grasp right shot8)
50.002: (grasp left shaker1)
50.809: (leave right shot8)
50.864: (grasp right shot5)
51.783: (empty-shot right shot5 ingredient5)
50.929: (leave left shaker1)
51.060: (leave right shot5)
50.210: (grasp right shot8)
51.040: (grasp left shaker1)
51.940: (leave right shot8)
51.997: (grasp right shot3)
51.142: (leave left shaker1)
50.199: (fill-shot shot3 ingredient2 right left dispenser2)
50.440: (grasp left shot8)
49.876: (leave right shot3)
50.599: (grasp right shot5)
50.571: (leave left shot8)
49.427: (refill-shot shot5 ingredient5 right left dispenser5)
49.492: (grasp left shot8)
48.739: (leave right shot5)
49.500: (grasp right shot3)
49.323: (leave left shot8)
50.182: (grasp left shaker1)
51.069: (leave right shot3)
49.605: (grasp right shot8)
48.739: (leave left shaker1)
49.492: (grasp left shot5)
49.427: (leave right shot8)
50.186: (leave left shot5)
49.323: (grasp left shot3)
49.500: (grasp right shot8)
50.537: (empty-shot left shot3 ingredient2)
49.607: (leave left shot3)
50.468: (grasp left shaker1)
51.884: (empty-shot right shot8 ingredient6)
51.040: (leave left shaker1)
51.879: (grasp left shot5)
51.809: (leave right shot8)
52.396: (leave left shot5)
51.040: (grasp left shot8)
49.607: (refill-shot shot8 ingredient6 left right dispenser6)
50.468: (grasp right shaker1)
51.884: (empty-shot left shot8 ingredient6)
53.262: (leave left shot8)
52.656: (grasp left shot5)
53.749: (empty-shot left shot5 ingredient5)
52.891: (leave right shaker1)
53.088: (grasp right shot8)
52.269: (leave left shot5)
50.724: (refill-shot shot8 ingredient6 right left dispenser6)
51.499: (grasp left shot3)
51.310: (leave right shot8)
50.199: (refill-shot shot3 ingredient2 left right dispenser2)
50.440: (grasp right shot8)
49.876: (leave left shot3)
50.599: (grasp left shot5)
50.571: (leave right shot8)
51.122: (clean-shot shot5 ingredient5 left right)
50.115: (fill-shot shot5 ingredient3 left right dispenser3)
49.869: (grasp right shot8)
48.826: (leave left shot5)
49.661: (grasp left shaker1)
50.727: (leave right shot8)
49.882: (leave left shaker1)
48.826: (grasp left shot8)
49.661: (grasp right shaker1)
50.727: (leave left shot8)
50.148: (grasp left shot3)
49.332: (leave right shaker1)
49.772: (grasp right shot8)
51.099: (empty-shot left shot3 ingredient2)
49.953: (leave left shot3)
50.776: (grasp left shaker1)
51.758: (leave right shot8)
50.915: (leave left shaker1)
49.953: (grasp left shot8)
50.776: (grasp right shaker1)
51.758: (leave left shot8)
51.521: (grasp left shot3)
50.706: (leave right shaker1)
50.574: (clean-shot shot3 ingredient2 left right)
49.040: (fill-shot shot3 ingredient5 left right dispenser5)
49.144: (grasp right shot8)
48.254: (leave left shot3)
49.100: (grasp left shaker1)
50.390: (leave right shot8)
49.513: (leave left shaker1)
48.254: (grasp left shot8)
49.100: (grasp right shaker1)
50.390: (leave left shot8)
49.891: (grasp left shot3)
51.610: (empty-shot left shot3 ingredient5)
50.771: (leave right shaker1)
50.932: (leave left shot3)
49.616: (grasp right shot8)
50.454: (grasp left shaker1)
51.798: (leave right shot8)
51.611: (grasp right shot3)
50.771: (leave left shaker1)
49.040: (refill-shot shot3 ingredient5 right left dispenser5)
49.144: (grasp left shot8)
50.465: (empty-shot left shot8 ingredient6)
49.609: (leave right shot3)
50.435: (grasp right shaker1)
51.699: (leave left shot8)
50.837: (leave right shaker1)
49.609: (grasp right shot8)
50.435: (grasp left shaker1)
51.699: (leave right shot8)
51.285: (grasp right shot3)
50.445: (leave left shaker1)
51.483: (grasp left shot11)
50.853: (leave right shot3)
48.864: (fill-shot shot11 ingredient6 left right dispenser6)
48.992: (grasp right shot8)
49.213: (leave left shot11)
48.081: (refill-shot shot8 ingredient6 right left dispenser6)
48.751: (grasp left shot11)
48.500: (leave right shot8)
49.311: (grasp right shot3)
48.665: (leave left shot11)
48.807: (grasp left shot8)
48.081: (leave right shot3)
48.751: (grasp right shot11)
48.500: (leave left shot8)
49.311: (grasp left shot3)
48.665: (leave right shot11)
48.807: (grasp right shot8)
49.883: (empty-shot right shot8 ingredient6)
49.803: (leave right shot8)
49.634: (grasp right shot11)
48.864: (leave left shot3)
48.992: (grasp left shot8)
49.213: (leave right shot11)
49.721: (clean-shot shot8 ingredient6 left right)
48.046: (grasp right shot11)
47.906: (leave left shot8)
48.704: (grasp left shot3)
49.871: (leave right shot11)
50.007: (grasp right shot8)
49.721: (leave left shot3)
48.046: (grasp left shot11)
47.906: (leave right shot8)
48.704: (grasp right shot3)
49.871: (leave left shot11)
50.007: (grasp left shot8)
52.160: (empty-shot right shot3 ingredient5)
51.217: (leave right shot3)
49.439: (fill-shot shot8 ingredient6 left right dispenser6)
50.158: (grasp right shot11)
49.943: (leave left shot8)
50.820: (leave right shot11)
49.439: (grasp right shot8)
50.158: (grasp left shot11)
49.943: (leave right shot8)
50.838: (grasp right shaker1)
51.694: (leave left shot11)
50.317: (grasp left shot8)
51.491: (empty-shot left shot8 ingredient6)
50.623: (leave right shaker1)
50.411: (grasp right shot11)
50.363: (leave left shot8)
51.248: (grasp left shaker1)
52.795: (leave right shot11)
51.491: (grasp right shot8)
50.623: (leave left shaker1)
50.411: (grasp left shot11)
50.363: (leave right shot8)
51.248: (grasp right shaker1)
52.795: (leave left shot11)
51.928: (leave right shaker1)
51.616: (grasp left shot3)
51.448: (grasp right shot11)
52.929: (empty-shot right shot11 ingredient6)
52.061: (leave right shot11)
50.251: (refill-shot shot3 ingredient5 left right dispenser5)
50.326: (grasp right shot8)
49.546: (leave left shot3)
48.119: (refill-shot shot8 ingredient6 right left dispenser6)
48.964: (grasp left shot3)
48.832: (leave right shot8)
49.419: (leave left shot3)
48.119: (grasp left shot8)
48.964: (grasp right shot3)
48.832: (leave left shot8)
49.683: (grasp left shaker1)
50.299: (leave right shot3)
48.991: (grasp right shot8)
50.392: (empty-shot right shot8 ingredient6)
51.607: (leave right shot8)
50.747: (leave left shaker1)
49.546: (grasp left shot8)
50.326: (grasp right shot3)
50.251: (leave left shot8)
51.087: (grasp left shaker1)
52.890: (empty-shot right shot3 ingredient5)
52.061: (leave left shaker1)
51.885: (clean-shot shot3 ingredient5 right left)
50.669: (fill-shot shot3 ingredient2 right left dispenser2)
51.106: (grasp left shot8)
50.264: (leave right shot3)
48.755: (refill-shot shot8 ingredient6 left right dispenser6)
49.600: (grasp right shot3)
49.135: (leave left shot8)
49.794: (leave right shot3)
48.755: (grasp right shot8)
49.600: (grasp left shot3)
49.135: (leave right shot8)
49.954: (grasp right shaker1)
50.645: (leave left shot3)
49.617: (grasp left shot8)
51.088: (empty-shot left shot8 ingredient6)
52.062: (leave left shot8)
51.233: (leave right shaker1)
50.264: (grasp right shot8)
51.088: (grasp left shaker1)
52.062: (leave right shot8)
51.476: (grasp right shot3)
52.829: (empty-shot right shot3 ingredient2)
52.023: (leave left shaker1)
52.244: (leave right shot3)
51.306: (grasp right shot8)
49.797: (refill-shot shot8 ingredient6 right left dispenser6)
50.643: (grasp left shaker1)
51.681: (leave right shot8)
50.832: (leave left shaker1)
49.797: (grasp left shot8)
50.643: (grasp right shaker1)
51.681: (leave left shot8)
51.332: (grasp left shot3)
50.515: (leave right shaker1)
50.388: (clean-shot shot3 ingredient2 left right)
49.498: (fill-shot shot3 ingredient4 left right dispenser4)
49.715: (leave left shot3)
48.881: (grasp right shot8)
49.716: (grasp left shaker1)
50.566: (leave right shot8)
50.320: (grasp right shot3)
49.498: (leave left shaker1)
49.876: (grasp left shot8)
48.881: (leave right shot3)
49.716: (grasp right shaker1)
50.566: (leave left shot8)
50.320: (grasp left shot3)
51.504: (empty-shot left shot3 ingredient4)
50.681: (leave right shaker1)
50.791: (leave left shot3)
50.018: (grasp right shot8)
50.853: (grasp left shaker1)
51.643: (leave right shot8)
51.504: (grasp right shot3)
50.681: (leave left shaker1)
50.388: (clean-shot shot3 ingredient4 right left)
49.659: (fill-shot shot3 ingredient3 right left dispenser3)
49.793: (leave right shot3)
48.898: (grasp right shot8)
49.731: (grasp left shaker1)
50.644: (leave right shot8)
50.481: (grasp right shot3)
51.455: (empty-shot right shot3 ingredient3)
50.633: (leave left shaker1)
50.722: (leave right shot3)
49.910: (grasp right shot8)
50.744: (grasp left shaker1)
51.573: (leave right shot8)
51.521: (grasp right shot1)
50.685: (leave left shaker1)
50.282: (fill-shot shot1 ingredient5 right left dispenser5)
50.675: (grasp left shot8)
50.414: (leave right shot1)
50.899: (grasp right shot11)
51.719: (leave left shot8)
50.675: (refill-shot shot11 ingredient6 right left dispenser6)
50.461: (grasp left shot8)
50.367: (leave right shot11)
50.505: (grasp right shot1)
50.188: (leave left shot8)
50.689: (grasp left shot11)
50.675: (leave right shot1)
50.461: (grasp right shot8)
50.367: (leave left shot11)
50.505: (grasp left shot1)
50.188: (leave right shot8)
50.689: (grasp right shot11)
51.291: (empty-shot right shot11 ingredient6)
50.282: (leave right shot11)
50.675: (grasp right shot8)
50.414: (leave left shot1)
50.899: (grasp left shot11)
51.719: (leave right shot8)
51.291: (grasp right shot1)
52.386: (empty-shot right shot1 ingredient5)
51.348: (leave left shot11)
51.689: (grasp left shot8)
51.557: (leave right shot1)
52.133: (grasp right shot11)
52.924: (leave left shot8)
51.871: (refill-shot shot11 ingredient6 right left dispenser6)
51.701: (grasp left shot8)
51.518: (leave right shot11)
51.519: (grasp right shot1)
51.210: (leave left shot8)
50.622: (clean-shot shot1 ingredient5 right left)
50.443: (fill-shot shot1 ingredient4 right left dispenser4)
50.893: (grasp left shot8)
50.717: (leave right shot1)
51.072: (grasp right shot11)
50.997: (leave left shot8)
51.094: (grasp left shot1)
50.443: (leave right shot11)
50.893: (grasp right shot8)
50.717: (leave left shot1)
51.072: (grasp left shot11)
50.997: (leave right shot8)
51.094: (grasp right shot1)
51.656: (empty-shot left shot11 ingredient6)
50.625: (leave left shot11)
51.056: (grasp left shot8)
50.750: (leave right shot1)
51.315: (grasp right shot3)
50.928: (leave left shot8)
50.297: (refill-shot shot3 ingredient3 right left dispenser3)
50.725: (grasp left shot8)
49.735: (leave right shot3)
49.939: (grasp right shot1)
49.497: (leave left shot8)
50.311: (grasp left shaker1)
51.177: (empty-shot right shot1 ingredient4)
50.360: (leave left shaker1)
49.729: (clean-shot shot1 ingredient4 right left)
49.314: (fill-shot shot1 ingredient5 right left dispenser5)
49.669: (grasp left shot8)
49.486: (leave right shot1)
49.891: (grasp right shot11)
50.790: (leave left shot8)
49.746: (refill-shot shot11 ingredient6 right left dispenser6)
49.454: (grasp left shot8)
49.438: (leave right shot11)
49.498: (grasp right shot1)
49.261: (leave left shot8)
49.682: (grasp left shot11)
49.746: (leave right shot1)
49.454: (grasp right shot8)
49.438: (leave left shot11)
49.498: (grasp left shot1)
49.261: (leave right shot8)
49.682: (grasp right shot11)
50.284: (empty-shot right shot11 ingredient6)
49.314: (leave right shot11)
49.669: (grasp right shot8)
49.486: (leave left shot1)
49.891: (grasp left shot11)
50.790: (leave right shot8)
50.284: (grasp right shot1)
51.379: (empty-shot right shot1 ingredient5)
50.351: (leave left shot11)
50.682: (grasp left shot8)
50.630: (leave right shot1)
51.125: (grasp right shot11)
51.994: (leave left shot8)
50.942: (refill-shot shot11 ingredient6 right left dispenser6)
50.694: (grasp left shot8)
50.590: (leave right shot11)
50.512: (grasp right shot1)
50.266: (leave left shot8)
49.698: (clean-shot shot1 ingredient5 right left)
49.322: (fill-shot shot1 ingredient4 right left dispenser4)
49.776: (grasp left shot8)
49.698: (leave right shot1)
49.962: (grasp right shot11)
49.977: (leave left shot8)
49.973: (grasp left shot1)
49.322: (leave right shot11)
49.776: (grasp right shot8)
49.698: (leave left shot1)
49.962: (grasp left shot11)
49.977: (leave right shot8)
49.973: (grasp right shot1)
50.535: (empty-shot left shot11 ingredient6)
51.008: (leave right shot1)
50.390: (grasp right shot8)
49.735: (leave left shot11)
49.939: (grasp left shot1)
49.497: (leave right shot8)
50.311: (grasp right shaker1)
51.177: (empty-shot left shot1 ingredient4)
50.360: (leave right shaker1)
49.729: (clean-shot shot1 ingredient4 left right)
49.742: (fill-shot shot1 ingredient2 left right dispenser2)
50.257: (grasp right shot8)
49.453: (leave left shot1)
50.306: (grasp left shaker1)
51.445: (leave right shot8)
50.556: (grasp right shot1)
49.742: (leave left shaker1)
50.257: (grasp left shot8)
49.453: (leave right shot1)
50.306: (grasp right shaker1)
51.445: (leave left shot8)
50.556: (grasp left shot1)
51.348: (empty-shot left shot1 ingredient2)
50.531: (leave right shaker1)
50.979: (grasp right shot8)
50.411: (leave left shot1)
51.265: (grasp left shot11)
51.682: (leave right shot8)
50.639: (refill-shot shot11 ingredient6 left right dispenser6)
50.828: (grasp right shot8)
50.377: (leave left shot11)
50.811: (grasp left shot1)
50.346: (leave right shot8)
49.554: (refill-shot shot1 ingredient2 left right dispenser2)
50.088: (grasp right shot8)
49.417: (leave left shot1)
49.916: (grasp left shot11)
49.674: (leave right shot8)
50.202: (grasp right shot1)
49.554: (leave left shot11)
50.088: (grasp left shot8)
49.417: (leave right shot1)
49.916: (grasp right shot11)
49.674: (leave left shot8)
50.202: (grasp left shot1)
50.767: (empty-shot right shot11 ingredient6)
50.720: (leave left shot1)
50.352: (grasp left shot8)
51.740: (empty-shot left shot8 ingredient6)
50.882: (leave right shot11)
51.695: (grasp right shaker1)
52.806: (leave left shot8)
51.984: (leave right shaker1)
50.882: (grasp right shot8)
51.695: (grasp left shaker1)
52.806: (leave right shot8)
52.104: (grasp right shot1)
51.305: (leave left shaker1)
51.718: (grasp left shot8)
52.429: (empty-shot right shot1 ingredient2)
51.845: (leave right shot1)
50.411: (refill-shot shot8 ingredient6 left right dispenser6)
50.979: (grasp right shot1)
50.531: (leave left shot8)
51.348: (grasp left shaker1)
52.406: (leave right shot1)
51.266: (grasp right shot8)
52.593: (pour-shot-to-used-shaker shot8 ingredient6 shaker1 right l1 l2)
52.002: (leave left shaker1)
51.317: (clean-shot shot8 ingredient6 right left)
50.673: (fill-shot shot8 ingredient5 right left dispenser5)
49.635: (leave right shot8)
50.174: (grasp left shaker1)
47.247: (shake cocktail3 ingredient1 ingredient6 shaker1 left right)
45.955: (pour-shaker-to-shot cocktail3 shot2 left shaker1 l2 l1)
45.176: (pour-shaker-to-shot cocktail3 shot10 left shaker1 l1 l0)
44.187: (empty-shaker left shaker1 cocktail3 l0 l0)
42.191: (clean-shaker left right shaker1)
41.213: (leave left shaker1)
41.185: (grasp left shot1)
40.442: (refill-shot shot1 ingredient2 left right dispenser2)
39.234: (pour-shot-to-clean-shaker shot1 ingredient2 shaker1 left l0 l1)
37.832: (clean-shot shot1 ingredient2 left right)
36.606: (leave left shot1)
36.347: (grasp right shot8)
36.157: (pour-shot-to-used-shaker shot8 ingredient5 shaker1 right l1 l2)
35.677: (refill-shot shot8 ingredient5 right left dispenser5)
35.166: (leave right shot8)
34.906: (grasp left shaker1)
32.085: (shake cocktail4 ingredient2 ingredient5 shaker1 left right)
32.994: (grasp right shot9)
34.064: (leave left shaker1)
33.094: (fill-shot shot9 ingredient4 right left dispenser4)
32.693: (leave right shot9)
33.094: (grasp left shot9)
34.084: (grasp right shot1)
33.322: (leave left shot9)
34.341: (grasp left shot11)
33.340: (leave right shot1)
32.438: (grasp right shaker1)
33.517: (leave left shot11)
33.692: (grasp left shot2)
33.663: (leave right shaker1)
34.178: (grasp right shot9)
35.248: (empty-shot right shot9 ingredient4)
34.164: (leave left shot2)
33.547: (leave right shot9)
34.164: (grasp left shot9)
34.064: (clean-shot shot9 ingredient4 left right)
32.994: (grasp right shaker1)
32.085: (leave left shot9)
32.994: (grasp left shot4)
34.064: (leave right shaker1)
33.094: (fill-shot shot4 ingredient4 left right dispenser4)
32.693: (leave left shot4)
33.094: (grasp right shot4)
34.084: (grasp left shot1)
33.322: (leave right shot4)
34.341: (grasp right shot11)
33.340: (leave left shot1)
32.438: (grasp left shaker1)
33.517: (leave right shot11)
33.692: (grasp right shot10)
33.663: (leave left shaker1)
34.178: (grasp left shot4)
35.248: (empty-shot left shot4 ingredient4)
34.164: (leave right shot10)
33.547: (leave left shot4)
34.164: (grasp right shot4)
34.064: (clean-shot shot4 ingredient4 right left)
32.994: (grasp left shaker1)
34.781: (pour-shaker-to-shot cocktail4 shot4 left shaker1 l2 l1)
34.044: (pour-shaker-to-shot cocktail4 shot1 left shaker1 l1 l0)
33.049: (empty-shaker left shaker1 cocktail4 l0 l0)
32.179: (empty-shot right shot4 cocktail4)
31.363: (leave right shot4)
30.258: (clean-shaker left right shaker1)
29.190: (grasp right shot4)
28.225: (leave left shaker1)
27.158: (clean-shot shot4 cocktail4 right left)
26.075: (fill-shot shot4 ingredient1 right left dispenser1)
26.254: (pour-shot-to-clean-shaker shot4 ingredient1 shaker1 right l0 l1)
25.365: (clean-shot shot4 ingredient1 right left)
23.313: (fill-shot shot4 ingredient5 right left dispenser5)
20.082: (pour-shot-to-used-shaker shot4 ingredient5 shaker1 right l1 l2)
18.657: (clean-shot shot4 ingredient5 right left)
17.401: (leave right shot4)
16.840: (grasp left shot3)
16.620: (grasp right shaker1)
17.188: (leave left shot3)
17.261: (grasp left shot6)
17.473: (leave right shaker1)
16.877: (grasp right shot3)
16.840: (leave left shot6)
16.620: (grasp left shaker1)
17.188: (leave right shot3)
17.261: (grasp right shot6)
17.473: (leave left shaker1)
16.877: (grasp left shot3)
17.739: (empty-shot left shot3 ingredient3)
17.782: (leave right shot6)
17.573: (grasp right shaker1)
18.082: (leave left shot3)
18.132: (grasp left shot6)
18.340: (leave right shaker1)
17.739: (grasp right shot3)
17.782: (leave left shot6)
17.573: (grasp left shaker1)
18.082: (leave right shot3)
18.132: (grasp right shot6)
18.340: (leave left shaker1)
18.291: (leave right shot6)
18.629: (grasp left shot5)
18.096: (grasp right shot3)
19.247: (empty-shot left shot5 ingredient3)
20.118: (leave left shot5)
19.394: (refill-shot shot3 ingredient3 right left dispenser3)
18.144: (grasp left shot5)
19.190: (leave right shot3)
17.741: (refill-shot shot5 ingredient3 left right dispenser3)
17.212: (grasp right shot3)
16.840: (leave left shot5)
Failed to find a solution!
