Torch: 2.12.0+cu130
Using GPU:  NVIDIA L40S
[oracle] IQN uncertainty oracle loaded: models/goldminer_iqn.pth (width_beta=0.0, width_gamma=0.0, width_tau=0.0, width_lambda=1.0)
/u/ibrahim.eisawy/Neural-Guided-Search/venv/lib/python3.10/site-packages/pymimir_rgnn/model.py:162: UserWarning: index_reduce() is in beta and the API may change at any time. (Triggered internally at /pytorch/aten/src/ATen/native/cuda/Indexing.cu:1541.)
  exps_max.index_reduce_(0, output_indices, output_messages, reduce="amax", include_self=False)
  [sim 312] found goal path of length 58
[Final] Expanded: 1030, Generated: 1030
[search done] simulations=312, unique states generated=1030
Found a solution of length 58!
   1: (move f1-0f f2-0f)
   2: (move f2-0f f3-0f)
   3: (move f3-0f f4-0f)
   4: (move f4-0f f5-0f)
   5: (pickup-laser f5-0f)
   6: (move f5-0f f6-0f)
   7: (move f6-0f f7-0f)
   8: (fire-laser f7-0f f7-1f)
   9: (move f7-0f f7-1f)
  10: (fire-laser f7-1f f7-2f)
  11: (fire-laser f7-1f f8-1f)
  12: (fire-laser f7-1f f6-1f)
  13: (move f7-1f f8-1f)
  14: (fire-laser f8-1f f8-2f)
  15: (move f8-1f f8-2f)
  16: (fire-laser f8-2f f8-3f)
  17: (move f8-2f f8-3f)
  18: (fire-laser f8-3f f8-4f)
  19: (move f8-3f f8-4f)
  20: (fire-laser f8-4f f8-5f)
  21: (move f8-4f f8-5f)
  22: (fire-laser f8-5f f8-6f)
  23: (move f8-5f f8-6f)
  24: (fire-laser f8-6f f8-7f)
  25: (move f8-6f f8-7f)
  26: (fire-laser f8-7f f8-8f)
  27: (move f8-7f f8-8f)
  28: (putdown-laser f8-8f)
  29: (move f8-8f f8-7f)
  30: (move f8-7f f8-6f)
  31: (move f8-6f f8-5f)
  32: (move f8-5f f8-4f)
  33: (move f8-4f f8-3f)
  34: (move f8-3f f8-2f)
  35: (move f8-2f f7-2f)
  36: (move f7-2f f7-1f)
  37: (move f7-1f f8-1f)
  38: (move f8-1f f8-0f)
  39: (move f8-0f f7-0f)
  40: (move f7-0f f6-0f)
  41: (move f6-0f f5-0f)
  42: (pickup-bomb f5-0f)
  43: (detonate-bomb f5-0f f5-1f)
  44: (pickup-bomb f5-0f)
  45: (move f5-0f f6-0f)
  46: (move f6-0f f7-0f)
  47: (move f7-0f f8-0f)
  48: (move f8-0f f8-1f)
  49: (move f8-1f f8-2f)
  50: (move f8-2f f8-3f)
  51: (move f8-3f f8-4f)
  52: (move f8-4f f8-5f)
  53: (move f8-5f f8-6f)
  54: (move f8-6f f8-7f)
  55: (move f8-7f f8-8f)
  56: (detonate-bomb f8-8f f8-9f)
  57: (move f8-8f f8-9f)
  58: (pick-gold f8-9f)
