/u/ibrahim.eisawy/Neural-Guided-Search/venv/lib/python3.10/site-packages/pymimir_rgnn/model.py:151: UserWarning: index_reduce() is in beta and the API may change at any time. (Triggered internally at /pytorch/aten/src/ATen/native/cuda/Indexing.cu:1541.)
  max_msg.index_reduce_(0, output_indices, output_messages, reduce='amax', include_self=True)
Torch: 2.12.0+cu130
Using GPU:  NVIDIA L40S
34.955: (grasp left shot1)
34.955: (grasp right shot1)
34.956: (grasp right shot2)
34.956: (grasp left shot2)
34.956: (grasp left shot3)
34.956: (grasp right shot3)
35.239: (grasp right shot4)
35.239: (grasp left shot4)
36.096: (grasp left shaker1)
36.096: (grasp right shaker1)
34.640: (fill-shot shot4 ingredient2 right left dispenser2)
34.640: (fill-shot shot4 ingredient2 left right dispenser2)
34.682: (fill-shot shot4 ingredient1 right left dispenser1)
34.682: (fill-shot shot4 ingredient1 left right dispenser1)
34.682: (fill-shot shot4 ingredient3 left right dispenser3)
34.683: (fill-shot shot4 ingredient3 right left dispenser3)
34.733: (fill-shot shot2 ingredient2 right left dispenser2)
34.733: (fill-shot shot3 ingredient2 right left dispenser2)
34.733: (fill-shot shot2 ingredient2 left right dispenser2)
34.733: (fill-shot shot3 ingredient2 left right dispenser2)
34.734: (fill-shot shot1 ingredient2 right left dispenser2)
34.734: (fill-shot shot1 ingredient2 left right dispenser2)
34.774: (fill-shot shot2 ingredient1 right left dispenser1)
34.774: (fill-shot shot2 ingredient1 left right dispenser1)
34.774: (fill-shot shot3 ingredient1 left right dispenser1)
34.774: (fill-shot shot3 ingredient1 right left dispenser1)
34.781: (fill-shot shot1 ingredient3 right left dispenser3)
34.781: (fill-shot shot1 ingredient3 left right dispenser3)
34.819: (fill-shot shot1 ingredient1 right left dispenser1)
34.819: (fill-shot shot1 ingredient1 left right dispenser1)
33.136: (pour-shot-to-clean-shaker shot1 ingredient2 shaker1 left l0 l1)
33.137: (pour-shot-to-clean-shaker shot1 ingredient2 shaker1 right l0 l1)
33.139: (pour-shot-to-clean-shaker shot3 ingredient2 shaker1 left l0 l1)
33.139: (pour-shot-to-clean-shaker shot2 ingredient2 shaker1 left l0 l1)
33.139: (pour-shot-to-clean-shaker shot3 ingredient2 shaker1 right l0 l1)
33.139: (pour-shot-to-clean-shaker shot2 ingredient2 shaker1 right l0 l1)
34.014: (pour-shot-to-clean-shaker shot2 ingredient1 shaker1 left l0 l1)
34.014: (pour-shot-to-clean-shaker shot2 ingredient1 shaker1 right l0 l1)
34.014: (pour-shot-to-clean-shaker shot3 ingredient1 shaker1 left l0 l1)
34.014: (pour-shot-to-clean-shaker shot3 ingredient1 shaker1 right l0 l1)
34.212: (pour-shot-to-clean-shaker shot1 ingredient1 shaker1 left l0 l1)
34.212: (pour-shot-to-clean-shaker shot1 ingredient1 shaker1 right l0 l1)
34.311: (pour-shot-to-clean-shaker shot4 ingredient2 shaker1 left l0 l1)
34.311: (pour-shot-to-clean-shaker shot4 ingredient2 shaker1 right l0 l1)
34.534: (pour-shot-to-clean-shaker shot1 ingredient3 shaker1 right l0 l1)
34.534: (pour-shot-to-clean-shaker shot1 ingredient3 shaker1 left l0 l1)
35.011: (empty-shot right shot4 ingredient2)
35.012: (empty-shot left shot4 ingredient2)
35.021: (empty-shot left shot4 ingredient3)
35.021: (empty-shot right shot4 ingredient3)
31.988: (clean-shot shot1 ingredient2 right left)
31.988: (clean-shot shot1 ingredient2 left right)
31.989: (clean-shot shot3 ingredient2 left right)
31.989: (clean-shot shot2 ingredient2 left right)
31.989: (clean-shot shot3 ingredient2 right left)
31.989: (clean-shot shot2 ingredient2 right left)
32.583: (clean-shot shot4 ingredient2 right left)
32.583: (clean-shot shot4 ingredient2 left right)
32.753: (clean-shot shot3 ingredient1 left right)
32.753: (clean-shot shot2 ingredient1 right left)
32.753: (clean-shot shot2 ingredient1 left right)
32.753: (clean-shot shot3 ingredient1 right left)
33.016: (clean-shot shot1 ingredient1 left right)
33.017: (clean-shot shot1 ingredient1 right left)
33.098: (leave left shot4)
33.098: (leave right shot4)
33.260: (clean-shot shot1 ingredient3 right left)
33.261: (clean-shot shot1 ingredient3 left right)
33.393: (refill-shot shot1 ingredient2 right left dispenser2)
33.393: (refill-shot shot1 ingredient2 left right dispenser2)
31.818: (fill-shot shot4 ingredient3 right left dispenser3)
31.818: (fill-shot shot4 ingredient3 left right dispenser3)
31.822: (fill-shot shot4 ingredient1 right left dispenser1)
31.822: (fill-shot shot4 ingredient1 left right dispenser1)
31.826: (fill-shot shot3 ingredient1 left right dispenser1)
31.826: (fill-shot shot3 ingredient1 right left dispenser1)
31.826: (fill-shot shot2 ingredient1 right left dispenser1)
31.826: (fill-shot shot2 ingredient1 left right dispenser1)
31.831: (fill-shot shot1 ingredient3 left right dispenser3)
31.831: (fill-shot shot1 ingredient3 right left dispenser3)
31.882: (fill-shot shot1 ingredient1 right left dispenser1)
31.882: (fill-shot shot1 ingredient1 left right dispenser1)
31.889: (fill-shot shot2 ingredient3 right left dispenser3)
31.889: (fill-shot shot3 ingredient3 right left dispenser3)
31.889: (fill-shot shot2 ingredient3 left right dispenser3)
31.889: (fill-shot shot3 ingredient3 left right dispenser3)
32.485: (leave left shot2)
32.485: (leave left shot3)
32.485: (leave left shot1)
32.485: (leave right shot2)
24.598: (pour-shot-to-used-shaker shot4 ingredient1 shaker1 right l1 l2)
24.598: (pour-shot-to-used-shaker shot4 ingredient1 shaker1 left l1 l2)
27.806: (pour-shot-to-used-shaker shot1 ingredient1 shaker1 left l1 l2)
27.806: (pour-shot-to-used-shaker shot1 ingredient1 shaker1 right l1 l2)
27.867: (pour-shot-to-used-shaker shot3 ingredient1 shaker1 left l1 l2)
27.867: (pour-shot-to-used-shaker shot2 ingredient1 shaker1 right l1 l2)
27.867: (pour-shot-to-used-shaker shot3 ingredient1 shaker1 right l1 l2)
27.867: (pour-shot-to-used-shaker shot2 ingredient1 shaker1 left l1 l2)
29.954: (pour-shot-to-used-shaker shot4 ingredient3 shaker1 left l1 l2)
29.954: (pour-shot-to-used-shaker shot4 ingredient3 shaker1 right l1 l2)
29.998: (pour-shot-to-used-shaker shot1 ingredient3 shaker1 left l1 l2)
29.999: (pour-shot-to-used-shaker shot1 ingredient3 shaker1 right l1 l2)
30.188: (pour-shot-to-used-shaker shot2 ingredient3 shaker1 right l1 l2)
30.188: (pour-shot-to-used-shaker shot3 ingredient3 shaker1 left l1 l2)
30.188: (pour-shot-to-used-shaker shot2 ingredient3 shaker1 left l1 l2)
30.188: (pour-shot-to-used-shaker shot3 ingredient3 shaker1 right l1 l2)
32.266: (leave right shot4)
32.266: (leave left shot4)
32.268: (leave right shot4)
32.268: (leave left shot4)
23.658: (grasp left shaker1)
23.658: (grasp right shaker1)
24.059: (leave right shot4)
24.059: (leave left shot4)
24.520: (refill-shot shot4 ingredient1 left right dispenser1)
24.520: (refill-shot shot4 ingredient1 right left dispenser1)
24.996: (grasp left shot1)
24.996: (grasp right shot1)
25.489: (grasp left shot2)
25.489: (grasp right shot3)
25.489: (grasp right shot2)
25.489: (grasp left shot3)
26.432: (clean-shot shot4 ingredient1 right left)
26.432: (clean-shot shot4 ingredient1 left right)
26.484: (clean-shot shot2 ingredient1 right left)
26.484: (clean-shot shot3 ingredient1 left right)
26.484: (clean-shot shot3 ingredient1 right left)
26.484: (clean-shot shot2 ingredient1 left right)
26.897: (clean-shot shot1 ingredient1 right left)
26.897: (clean-shot shot1 ingredient1 left right)
23.119: (grasp right shaker1)
23.119: (grasp left shaker1)
23.119: (leave right shot4)
23.119: (leave left shot4)
23.583: (grasp left shaker1)
23.583: (grasp right shaker1)
24.037: (leave right shot4)
24.037: (leave left shot4)
24.529: (leave left shot4)
24.530: (leave right shot4)
24.530: (grasp left shot1)
24.530: (grasp right shot1)
24.949: (leave left shot4)
24.949: (leave left shot4)
24.949: (grasp left shot3)
24.949: (grasp left shot2)
24.949: (leave right shot4)
24.949: (leave right shot4)
24.949: (grasp right shot3)
24.949: (grasp right shot2)
22.890: (fill-shot shot1 ingredient2 left right dispenser2)
22.890: (fill-shot shot1 ingredient2 right left dispenser2)
23.097: (grasp right shaker1)
23.097: (leave right shot4)
23.097: (leave left shot4)
23.097: (grasp left shaker1)
24.045: (grasp left shaker1)
24.045: (grasp left shaker1)
24.045: (grasp right shot3)
24.045: (grasp right shot2)
24.045: (grasp left shot3)
24.045: (grasp left shot2)
24.045: (grasp right shaker1)
24.045: (grasp right shaker1)
24.144: (fill-shot shot1 ingredient3 right left dispenser3)
24.144: (fill-shot shot1 ingredient3 left right dispenser3)
24.565: (grasp right shot1)
24.565: (grasp left shot1)
24.652: (grasp right shot1)
24.652: (grasp left shot1)
22.925: (fill-shot shot1 ingredient2 right left dispenser2)
22.925: (fill-shot shot1 ingredient2 left right dispenser2)
23.006: (grasp right shaker1)
23.006: (grasp left shaker1)
23.248: (leave left shot1)
23.248: (leave right shot1)
23.383: (grasp right shot4)
23.383: (grasp left shot4)
24.070: (grasp right shot3)
24.070: (grasp right shot2)
24.070: (grasp left shot2)
24.070: (grasp left shot3)
24.180: (fill-shot shot1 ingredient3 left right dispenser3)
24.180: (fill-shot shot1 ingredient3 right left dispenser3)
24.254: (grasp right shaker1)
24.254: (grasp left shaker1)
24.258: (grasp right shot3)
24.258: (grasp left shot3)
24.258: (grasp left shot2)
24.258: (grasp right shot2)
22.266: (leave right shot1)
22.266: (grasp right shaker1)
22.266: (grasp left shaker1)
22.266: (leave left shot1)
23.039: (grasp right shaker1)
23.039: (grasp left shaker1)
23.226: (leave right shot1)
23.226: (leave left shot1)
23.327: (grasp right shot4)
23.327: (grasp left shot4)
23.773: (leave right shot1)
23.773: (leave left shot1)
23.799: (grasp left shot4)
23.799: (grasp right shot4)
23.799: (leave left shot1)
23.799: (leave right shot1)
24.158: (leave left shot1)
24.158: (leave right shot1)
24.158: (grasp right shot2)
24.158: (leave right shot1)
22.245: (leave left shot1)
22.245: (grasp left shaker1)
22.245: (leave right shot1)
22.245: (grasp right shaker1)
22.808: (grasp left shaker1)
22.808: (grasp right shaker1)
22.808: (grasp left shot4)
22.808: (grasp right shot4)
23.178: (grasp right shaker1)
23.178: (grasp left shaker1)
23.178: (grasp left shaker1)
23.178: (grasp right shaker1)
23.178: (grasp left shot2)
23.178: (grasp left shot3)
23.178: (grasp right shot2)
23.178: (grasp right shot3)
23.720: (refill-shot shot4 ingredient1 left right dispenser1)
23.721: (refill-shot shot4 ingredient1 right left dispenser1)
23.721: (grasp left shot4)
23.721: (grasp right shot4)
22.720: (grasp right shot4)
22.720: (grasp left shot4)
22.720: (grasp right shaker1)
22.720: (grasp left shaker1)
23.153: (grasp left shot2)
23.153: (grasp left shot3)
23.153: (grasp right shot2)
23.153: (grasp right shot3)
24.630: (grasp left shot3)
24.630: (grasp left shot2)
24.630: (grasp right shot2)
24.630: (grasp right shot3)
27.593: (shake cocktail2 ingredient1 ingredient2 shaker1 left right)
27.593: (shake cocktail3 ingredient1 ingredient2 shaker1 left right)
27.593: (shake cocktail3 ingredient1 ingredient2 shaker1 right left)
27.593: (shake cocktail2 ingredient1 ingredient2 shaker1 right left)
inf: (empty-shot right shot4 ingredient1)
inf: (grasp left shot1)
inf: (leave right shot4)
inf: (empty-shot left shot4 ingredient1)
24.135: (leave right shaker1)
24.135: (leave right shaker1)
24.135: (leave left shaker1)
24.135: (leave left shaker1)
24.135: (leave left shot4)
24.135: (leave right shot4)
24.135: (leave left shot4)
24.135: (leave right shot4)
24.712: (empty-shot left shot4 ingredient1)
24.712: (empty-shot right shot4 ingredient1)
24.712: (empty-shot left shot4 ingredient1)
24.712: (empty-shot right shot4 ingredient1)
26.654: (pour-shaker-to-shot cocktail3 shot2 right shaker1 l2 l1)
26.654: (pour-shaker-to-shot cocktail3 shot2 left shaker1 l2 l1)
26.654: (pour-shaker-to-shot cocktail2 shot3 left shaker1 l2 l1)
26.654: (pour-shaker-to-shot cocktail2 shot3 right shaker1 l2 l1)
28.256: (grasp right shot4)
28.256: (grasp right shot4)
28.256: (grasp left shot4)
28.256: (grasp left shot4)
24.291: (grasp right shot1)
24.291: (grasp right shot1)
24.291: (grasp left shot1)
24.291: (grasp left shot1)
24.490: (fill-shot shot2 ingredient2 right left dispenser2)
24.490: (fill-shot shot2 ingredient2 left right dispenser2)
24.490: (fill-shot shot3 ingredient2 left right dispenser2)
24.490: (fill-shot shot3 ingredient2 right left dispenser2)
24.744: (fill-shot shot3 ingredient1 right left dispenser1)
24.744: (fill-shot shot3 ingredient1 left right dispenser1)
24.744: (fill-shot shot2 ingredient1 right left dispenser1)
24.744: (fill-shot shot2 ingredient1 left right dispenser1)
25.034: (grasp left shot2)
25.035: (grasp right shot2)
25.035: (grasp right shot3)
25.035: (grasp left shot3)
25.454: (empty-shaker right shaker1 cocktail2 l1 l0)
25.454: (empty-shaker left shaker1 cocktail2 l1 l0)
25.454: (empty-shaker left shaker1 cocktail3 l1 l0)
25.454: (empty-shaker right shaker1 cocktail3 l1 l0)
24.345: (clean-shaker left right shaker1)
24.345: (clean-shaker right left shaker1)
24.345: (clean-shaker right left shaker1)
24.345: (clean-shaker left right shaker1)
24.379: (empty-shot left shot2 ingredient2)
24.379: (empty-shot right shot2 ingredient2)
24.379: (empty-shot right shot3 ingredient2)
24.379: (empty-shot left shot3 ingredient2)
24.596: (empty-shot left shot2 ingredient1)
24.596: (empty-shot right shot3 ingredient1)
24.596: (empty-shot right shot2 ingredient1)
24.596: (empty-shot left shot3 ingredient1)
24.673: (grasp left shaker1)
24.673: (grasp right shaker1)
24.674: (grasp right shaker1)
24.674: (grasp left shaker1)
24.861: (grasp right shot4)
24.861: (grasp left shot4)
24.861: (grasp right shot4)
24.861: (grasp left shot4)
23.284: (leave left shaker1)
23.284: (leave right shaker1)
23.284: (leave right shaker1)
23.284: (leave left shaker1)
23.665: (grasp right shot1)
23.665: (grasp left shot1)
23.665: (grasp right shot1)
23.665: (grasp left shot1)
23.778: (grasp left shot2)
23.778: (grasp right shot2)
23.778: (grasp right shot3)
23.779: (grasp left shot3)
23.865: (grasp left shot4)
23.865: (grasp left shot4)
23.865: (grasp right shot4)
23.865: (grasp right shot4)
24.485: (grasp right shaker1)
24.485: (grasp right shaker1)
24.485: (empty-shot left shot2 ingredient2)
24.485: (empty-shot right shot2 ingredient2)
22.558: (leave right shaker1)
22.558: (leave left shaker1)
22.558: (leave right shaker1)
22.558: (grasp left shot1)
22.558: (grasp left shot1)
22.558: (grasp right shot1)
22.558: (leave left shaker1)
22.558: (grasp right shot1)
22.669: (leave left shaker1)
22.669: (leave left shaker1)
22.669: (leave right shaker1)
22.669: (leave right shaker1)
22.669: (grasp right shot3)
22.669: (grasp left shot2)
22.669: (grasp left shot3)
22.669: (grasp right shot2)
22.740: (pour-shot-to-clean-shaker shot1 ingredient2 shaker1 right l0 l1)
22.740: (pour-shot-to-clean-shaker shot1 ingredient2 shaker1 left l0 l1)
22.740: (pour-shot-to-clean-shaker shot1 ingredient2 shaker1 right l0 l1)
22.740: (pour-shot-to-clean-shaker shot1 ingredient2 shaker1 left l0 l1)
21.718: (leave right shaker1)
21.718: (leave right shaker1)
21.718: (pour-shot-to-clean-shaker shot1 ingredient2 shaker1 left l0 l1)
21.718: (leave left shaker1)
21.718: (leave left shaker1)
21.718: (pour-shot-to-clean-shaker shot1 ingredient2 shaker1 right l0 l1)
21.718: (pour-shot-to-clean-shaker shot1 ingredient2 shaker1 right l0 l1)
21.718: (pour-shot-to-clean-shaker shot1 ingredient2 shaker1 left l0 l1)
22.279: (fill-shot shot2 ingredient1 right left dispenser1)
22.280: (fill-shot shot3 ingredient1 right left dispenser1)
22.280: (fill-shot shot3 ingredient1 left right dispenser1)
22.280: (fill-shot shot2 ingredient1 left right dispenser1)
22.327: (fill-shot shot2 ingredient3 right left dispenser3)
22.327: (fill-shot shot3 ingredient3 right left dispenser3)
22.327: (fill-shot shot2 ingredient3 left right dispenser3)
22.327: (fill-shot shot3 ingredient3 left right dispenser3)
22.613: (fill-shot shot3 ingredient2 right left dispenser2)
22.613: (fill-shot shot2 ingredient2 right left dispenser2)
22.613: (fill-shot shot2 ingredient2 left right dispenser2)
22.613: (fill-shot shot3 ingredient2 left right dispenser2)
20.574: (clean-shot shot1 ingredient2 right left)
20.574: (clean-shot shot1 ingredient2 left right)
20.574: (clean-shot shot1 ingredient2 right left)
20.574: (clean-shot shot1 ingredient2 left right)
21.330: (pour-shot-to-clean-shaker shot2 ingredient1 shaker1 right l0 l1)
21.330: (pour-shot-to-clean-shaker shot3 ingredient1 shaker1 right l0 l1)
21.330: (pour-shot-to-clean-shaker shot2 ingredient1 shaker1 left l0 l1)
21.330: (pour-shot-to-clean-shaker shot3 ingredient1 shaker1 left l0 l1)
21.863: (pour-shot-to-clean-shaker shot2 ingredient3 shaker1 right l0 l1)
21.863: (pour-shot-to-clean-shaker shot3 ingredient3 shaker1 right l0 l1)
21.863: (pour-shot-to-clean-shaker shot2 ingredient3 shaker1 left l0 l1)
21.864: (pour-shot-to-clean-shaker shot3 ingredient3 shaker1 left l0 l1)
22.006: (refill-shot shot1 ingredient2 left right dispenser2)
22.006: (refill-shot shot1 ingredient2 left right dispenser2)
22.006: (refill-shot shot1 ingredient2 right left dispenser2)
22.006: (refill-shot shot1 ingredient2 right left dispenser2)
22.319: (leave right shot1)
22.319: (leave right shot1)
22.319: (leave left shot1)
22.319: (leave left shot1)
19.796: (fill-shot shot1 ingredient3 right left dispenser3)
19.796: (fill-shot shot1 ingredient3 left right dispenser3)
19.796: (fill-shot shot1 ingredient3 right left dispenser3)
19.796: (fill-shot shot1 ingredient3 left right dispenser3)
19.864: (fill-shot shot1 ingredient1 right left dispenser1)
19.864: (fill-shot shot1 ingredient1 left right dispenser1)
19.864: (fill-shot shot1 ingredient1 left right dispenser1)
19.864: (fill-shot shot1 ingredient1 right left dispenser1)
20.310: (clean-shot shot2 ingredient1 right left)
20.310: (clean-shot shot3 ingredient1 right left)
20.310: (clean-shot shot2 ingredient1 left right)
20.310: (clean-shot shot3 ingredient1 left right)
20.903: (clean-shot shot2 ingredient3 right left)
20.903: (clean-shot shot3 ingredient3 right left)
20.903: (clean-shot shot2 ingredient3 left right)
20.903: (clean-shot shot3 ingredient3 left right)
21.068: (leave left shot1)
21.068: (leave right shot1)
21.068: (leave right shot1)
21.068: (leave left shot1)
19.063: (pour-shot-to-used-shaker shot1 ingredient3 shaker1 left l1 l2)
19.063: (pour-shot-to-used-shaker shot1 ingredient3 shaker1 right l1 l2)
19.063: (pour-shot-to-used-shaker shot1 ingredient3 shaker1 right l1 l2)
19.063: (pour-shot-to-used-shaker shot1 ingredient3 shaker1 left l1 l2)
19.438: (fill-shot shot2 ingredient3 right left dispenser3)
19.438: (fill-shot shot3 ingredient3 right left dispenser3)
19.438: (fill-shot shot3 ingredient3 left right dispenser3)
19.438: (fill-shot shot2 ingredient3 left right dispenser3)
19.732: (fill-shot shot3 ingredient2 right left dispenser2)
19.732: (fill-shot shot3 ingredient2 left right dispenser2)
19.732: (fill-shot shot2 ingredient2 left right dispenser2)
19.732: (fill-shot shot2 ingredient2 right left dispenser2)
19.865: (fill-shot shot2 ingredient1 left right dispenser1)
19.865: (fill-shot shot3 ingredient1 left right dispenser1)
19.865: (fill-shot shot2 ingredient1 right left dispenser1)
19.865: (fill-shot shot3 ingredient1 right left dispenser1)
20.220: (fill-shot shot2 ingredient2 left right dispenser2)
20.220: (fill-shot shot3 ingredient2 left right dispenser2)
20.220: (fill-shot shot2 ingredient2 right left dispenser2)
20.220: (fill-shot shot3 ingredient2 right left dispenser2)
17.157: (clean-shot shot1 ingredient3 right left)
17.157: (clean-shot shot1 ingredient3 right left)
17.157: (clean-shot shot1 ingredient3 left right)
17.157: (clean-shot shot1 ingredient3 left right)
19.715: (grasp left shot4)
19.715: (grasp right shot4)
19.715: (grasp left shot4)
19.715: (grasp right shot4)
19.826: (leave left shot1)
19.826: (leave right shot1)
19.826: (leave left shot1)
19.826: (leave right shot1)
19.940: (refill-shot shot1 ingredient3 left right dispenser3)
19.940: (refill-shot shot1 ingredient3 left right dispenser3)
19.940: (refill-shot shot1 ingredient3 right left dispenser3)
19.940: (refill-shot shot1 ingredient3 right left dispenser3)
19.964: (grasp left shaker1)
19.964: (grasp right shaker1)
19.964: (grasp right shaker1)
19.964: (grasp left shaker1)
16.314: (leave left shot1)
16.314: (leave left shot1)
16.314: (leave right shot1)
16.314: (leave right shot1)
16.685: (grasp right shot4)
16.685: (grasp left shot4)
16.685: (grasp right shot4)
16.685: (grasp left shot4)
17.052: (grasp left shaker1)
17.052: (grasp left shaker1)
17.052: (grasp right shaker1)
17.052: (grasp right shaker1)
17.069: (grasp left shot2)
17.069: (grasp right shot3)
17.069: (grasp left shot3)
17.069: (grasp right shot2)
18.186: (grasp left shot3)
18.186: (grasp right shot3)
18.186: (grasp right shot2)
18.186: (grasp left shot2)
15.800: (grasp right shot2)
15.800: (grasp left shot2)
15.800: (grasp right shot3)
15.800: (grasp left shot3)
15.800: (leave right shot1)
15.800: (leave left shot1)
15.800: (leave left shot1)
15.800: (leave right shot1)
15.822: (leave right shot1)
15.822: (leave left shot1)
15.822: (grasp right shot4)
15.822: (leave right shot1)
15.822: (grasp left shot4)
15.822: (leave left shot1)
15.822: (grasp right shot4)
15.822: (grasp left shot4)
16.219: (leave left shot1)
16.219: (leave left shot1)
16.219: (leave right shot1)
16.219: (leave right shot1)
14.687: (fill-shot shot3 ingredient1 left right dispenser1)
14.687: (fill-shot shot2 ingredient1 left right dispenser1)
14.687: (fill-shot shot3 ingredient1 right left dispenser1)
14.687: (fill-shot shot2 ingredient1 right left dispenser1)
15.108: (fill-shot shot3 ingredient2 left right dispenser2)
15.108: (fill-shot shot2 ingredient2 right left dispenser2)
15.108: (fill-shot shot2 ingredient2 left right dispenser2)
15.108: (fill-shot shot3 ingredient2 right left dispenser2)
15.186: (shake cocktail1 ingredient3 ingredient2 shaker1 right left)
15.186: (shake cocktail1 ingredient3 ingredient2 shaker1 right left)
15.186: (shake cocktail1 ingredient3 ingredient2 shaker1 left right)
15.186: (shake cocktail1 ingredient3 ingredient2 shaker1 left right)
16.323: (empty-shot right shot4 ingredient1)
16.323: (empty-shot left shot4 ingredient1)
16.323: (empty-shot left shot4 ingredient1)
16.323: (empty-shot right shot4 ingredient1)
16.404: (grasp right shot4)
16.404: (grasp left shot4)
16.404: (grasp right shot4)
16.404: (grasp left shot4)
14.104: (pour-shaker-to-shot cocktail1 shot1 right shaker1 l2 l1)
14.104: (pour-shaker-to-shot cocktail1 shot1 left shaker1 l2 l1)
14.104: (pour-shaker-to-shot cocktail1 shot1 right shaker1 l2 l1)
14.104: (pour-shaker-to-shot cocktail1 shot1 left shaker1 l2 l1)
15.464: (grasp left shot4)
15.464: (grasp left shot4)
15.464: (grasp right shot4)
15.464: (grasp right shot4)
15.473: (leave right shot2)
15.473: (leave left shot2)
15.473: (leave right shot3)
15.473: (leave left shot3)
15.519: (leave left shot3)
15.519: (leave right shot2)
15.519: (leave right shot3)
15.519: (leave left shot2)
15.654: (grasp right shaker1)
15.654: (grasp right shaker1)
15.654: (grasp left shaker1)
15.654: (grasp left shaker1)
13.123: (empty-shaker left shaker1 cocktail1 l1 l0)
13.123: (empty-shaker right shaker1 cocktail1 l1 l0)
13.123: (empty-shaker left shaker1 cocktail1 l1 l0)
13.123: (empty-shaker right shaker1 cocktail1 l1 l0)
14.780: (grasp left shot4)
14.780: (grasp right shot4)
14.780: (grasp left shot4)
14.780: (grasp right shot4)
14.835: (leave right shaker1)
14.835: (leave left shaker1)
14.835: (leave right shaker1)
14.835: (leave left shaker1)
15.019: (grasp right shot4)
15.019: (grasp left shot4)
15.019: (grasp right shot4)
15.019: (grasp left shot4)
15.090: (grasp left shot2)
15.090: (grasp left shot3)
15.090: (grasp right shot2)
15.090: (grasp right shot3)
12.116: (clean-shaker right left shaker1)
12.116: (clean-shaker left right shaker1)
12.116: (clean-shaker left right shaker1)
12.116: (clean-shaker right left shaker1)
13.739: (leave left shaker1)
13.739: (leave right shaker1)
13.739: (leave left shaker1)
13.739: (leave right shaker1)
13.774: (empty-shaker left shaker1 cocktail1 l1 l0)
13.774: (empty-shaker right shaker1 cocktail1 l1 l0)
13.774: (empty-shaker right shaker1 cocktail1 l1 l0)
13.774: (empty-shaker left shaker1 cocktail1 l1 l0)
13.774: (grasp right shot4)
13.774: (grasp left shot4)
13.774: (grasp right shot4)
13.774: (grasp left shot4)
14.167: (grasp right shot3)
14.167: (grasp right shot2)
14.167: (grasp left shot2)
14.167: (grasp left shot3)
11.146: (leave right shaker1)
11.146: (leave left shaker1)
11.146: (leave left shaker1)
11.146: (leave right shaker1)
11.287: (grasp left shot3)
11.287: (grasp right shot2)
11.287: (grasp right shot3)
11.287: (grasp left shot2)
11.628: (grasp right shot4)
11.628: (grasp left shot4)
11.628: (grasp right shot4)
11.628: (grasp left shot4)
13.008: (grasp right shot3)
13.008: (grasp right shot2)
13.008: (grasp left shot3)
13.008: (grasp left shot2)
13.046: (grasp left shot1)
13.046: (grasp right shot1)
13.046: (grasp left shot1)
13.046: (grasp right shot1)
10.163: (pour-shot-to-clean-shaker shot4 ingredient1 shaker1 right l0 l1)
10.163: (pour-shot-to-clean-shaker shot4 ingredient1 shaker1 left l0 l1)
10.163: (pour-shot-to-clean-shaker shot4 ingredient1 shaker1 right l0 l1)
10.163: (pour-shot-to-clean-shaker shot4 ingredient1 shaker1 left l0 l1)
10.311: (leave right shaker1)
10.311: (leave left shaker1)
10.311: (leave left shaker1)
10.311: (grasp right shot3)
10.311: (leave right shaker1)
10.311: (grasp left shot3)
10.311: (grasp left shot2)
10.311: (grasp right shot2)
10.652: (leave right shaker1)
10.652: (leave left shaker1)
10.652: (leave left shaker1)
10.652: (leave right shaker1)
10.652: (grasp right shot4)
10.652: (grasp left shot4)
10.652: (grasp left shot4)
10.652: (grasp right shot4)
9.169: (leave right shaker1)
9.169: (pour-shot-to-clean-shaker shot4 ingredient1 shaker1 left l0 l1)
9.169: (leave left shaker1)
9.169: (leave left shaker1)
9.169: (leave right shaker1)
9.169: (pour-shot-to-clean-shaker shot4 ingredient1 shaker1 right l0 l1)
9.169: (pour-shot-to-clean-shaker shot4 ingredient1 shaker1 right l0 l1)
9.169: (pour-shot-to-clean-shaker shot4 ingredient1 shaker1 left l0 l1)
9.180: (leave right shot4)
9.180: (leave right shot4)
9.180: (leave left shot4)
9.180: (leave left shot4)
9.183: (fill-shot shot2 ingredient2 right left dispenser2)
9.183: (fill-shot shot3 ingredient2 right left dispenser2)
9.183: (fill-shot shot3 ingredient2 left right dispenser2)
9.183: (fill-shot shot2 ingredient2 left right dispenser2)
9.230: (fill-shot shot2 ingredient1 right left dispenser1)
9.230: (fill-shot shot3 ingredient1 right left dispenser1)
9.230: (fill-shot shot3 ingredient1 left right dispenser1)
9.230: (fill-shot shot2 ingredient1 left right dispenser1)
8.103: (pour-shot-to-clean-shaker shot3 ingredient2 shaker1 right l0 l1)
8.103: (pour-shot-to-clean-shaker shot2 ingredient2 shaker1 left l0 l1)
8.103: (pour-shot-to-clean-shaker shot2 ingredient2 shaker1 right l0 l1)
8.103: (pour-shot-to-clean-shaker shot3 ingredient2 shaker1 left l0 l1)
8.140: (grasp left shot2)
8.140: (grasp right shot3)
8.140: (grasp right shot2)
8.140: (grasp left shot3)
8.154: (grasp right shot3)
8.154: (grasp left shot3)
8.154: (grasp right shot2)
8.154: (grasp left shot2)
8.186: (leave right shaker1)
8.186: (leave left shaker1)
8.186: (leave right shaker1)
8.186: (leave right shot4)
8.186: (leave left shaker1)
8.186: (leave left shot4)
8.186: (leave right shot4)
8.186: (leave left shot4)
7.089: (clean-shot shot2 ingredient2 right left)
7.089: (clean-shot shot3 ingredient2 left right)
7.089: (clean-shot shot3 ingredient2 right left)
7.089: (clean-shot shot2 ingredient2 left right)
7.160: (grasp left shot2)
7.160: (leave right shaker1)
7.160: (leave left shot4)
7.160: (leave right shot4)
7.160: (grasp left shot3)
7.160: (grasp right shot3)
7.160: (leave left shot4)
7.160: (leave right shaker1)
7.160: (leave left shaker1)
7.160: (leave left shaker1)
7.160: (grasp right shot2)
7.160: (leave right shot4)
8.655: (grasp right shot4)
8.655: (grasp left shot4)
8.655: (grasp left shot4)
8.655: (grasp right shot4)
5.344: (pour-shot-to-used-shaker shot4 ingredient1 shaker1 left l1 l2)
5.344: (pour-shot-to-used-shaker shot4 ingredient1 shaker1 right l1 l2)
5.344: (pour-shot-to-used-shaker shot4 ingredient1 shaker1 left l1 l2)
5.344: (pour-shot-to-used-shaker shot4 ingredient1 shaker1 right l1 l2)
6.032: (fill-shot shot2 ingredient2 left right dispenser2)
6.032: (fill-shot shot3 ingredient2 left right dispenser2)
6.032: (fill-shot shot2 ingredient2 right left dispenser2)
6.032: (fill-shot shot3 ingredient2 right left dispenser2)
6.107: (fill-shot shot3 ingredient1 left right dispenser1)
6.107: (fill-shot shot3 ingredient1 right left dispenser1)
6.107: (fill-shot shot2 ingredient1 right left dispenser1)
6.107: (fill-shot shot2 ingredient1 left right dispenser1)
7.716: (grasp right shot4)
7.716: (grasp left shot4)
7.716: (grasp right shot4)
7.716: (grasp left shot4)
8.045: (grasp left shot1)
8.045: (grasp right shot1)
8.045: (grasp right shot1)
8.045: (grasp left shot1)
3.269: (pour-shot-to-used-shaker shot4 ingredient1 shaker1 left l1 l2)
3.269: (pour-shot-to-used-shaker shot4 ingredient1 shaker1 right l1 l2)
3.269: (pour-shot-to-used-shaker shot4 ingredient1 shaker1 right l1 l2)
3.269: (pour-shot-to-used-shaker shot4 ingredient1 shaker1 left l1 l2)
4.550: (leave right shot4)
4.550: (leave left shot4)
4.550: (pour-shot-to-used-shaker shot2 ingredient2 shaker1 left l1 l2)
4.550: (pour-shot-to-used-shaker shot3 ingredient2 shaker1 left l1 l2)
4.550: (leave left shot4)
4.550: (leave right shot4)
4.550: (pour-shot-to-used-shaker shot2 ingredient2 shaker1 right l1 l2)
4.550: (pour-shot-to-used-shaker shot3 ingredient2 shaker1 right l1 l2)
4.565: (pour-shot-to-used-shaker shot2 ingredient1 shaker1 left l1 l2)
4.565: (pour-shot-to-used-shaker shot2 ingredient1 shaker1 right l1 l2)
4.565: (pour-shot-to-used-shaker shot3 ingredient1 shaker1 left l1 l2)
4.565: (pour-shot-to-used-shaker shot3 ingredient1 shaker1 right l1 l2)
6.174: (leave left shot2)
6.174: (leave right shot3)
6.174: (leave left shot3)
6.174: (leave right shot2)
2.335: (leave right shot2)
2.335: (leave right shot3)
2.335: (leave left shot2)
2.335: (leave left shot3)
2.469: (clean-shot shot3 ingredient1 right left)
2.469: (clean-shot shot2 ingredient1 right left)
2.469: (clean-shot shot3 ingredient1 left right)
2.469: (clean-shot shot2 ingredient1 left right)
2.472: (clean-shot shot2 ingredient2 right left)
2.472: (clean-shot shot3 ingredient2 left right)
2.472: (clean-shot shot3 ingredient2 right left)
2.472: (leave right shot4)
2.472: (clean-shot shot2 ingredient2 left right)
2.472: (leave left shot4)
2.472: (leave right shot4)
2.472: (leave left shot4)
4.799: (grasp left shaker1)
4.799: (grasp right shaker1)
4.799: (grasp right shaker1)
4.799: (grasp left shaker1)
1.537: (leave right shot3)
1.537: (leave right shot2)
1.537: (leave left shot3)
1.537: (leave left shot2)
1.538: (leave right shot2)
1.538: (leave left shot2)
1.538: (leave right shot3)
1.538: (leave right shot4)
1.538: (leave right shot4)
1.538: (leave left shot3)
1.538: (leave left shot4)
1.538: (leave left shot4)
1.710: (clean-shot shot4 ingredient1 right left)
1.710: (clean-shot shot4 ingredient1 left right)
1.710: (clean-shot shot4 ingredient1 left right)
1.710: (clean-shot shot4 ingredient1 right left)
2.350: (refill-shot shot4 ingredient1 right left dispenser1)
2.350: (refill-shot shot4 ingredient1 left right dispenser1)
2.350: (refill-shot shot4 ingredient1 left right dispenser1)
2.350: (refill-shot shot4 ingredient1 right left dispenser1)
1.486: (leave right shot4)
1.486: (leave left shot4)
1.486: (leave left shot4)
1.486: (leave right shot4)
1.780: (grasp right shaker1)
1.780: (grasp left shaker1)
1.780: (grasp left shaker1)
1.780: (grasp right shaker1)
1.783: (grasp right shaker1)
1.783: (grasp left shaker1)
1.783: (grasp left shaker1)
1.783: (grasp right shaker1)
1.965: (grasp left shaker1)
1.965: (grasp right shaker1)
1.966: (grasp right shaker1)
1.966: (grasp left shaker1)
2.127: (fill-shot shot4 ingredient3 left right dispenser3)
2.127: (fill-shot shot4 ingredient3 right left dispenser3)
2.127: (fill-shot shot4 ingredient3 right left dispenser3)
2.127: (fill-shot shot4 ingredient3 left right dispenser3)
1.198: (shake cocktail3 ingredient1 ingredient2 shaker1 right left)
1.199: (shake cocktail3 ingredient1 ingredient2 shaker1 left right)
1.199: (shake cocktail2 ingredient1 ingredient2 shaker1 left right)
1.199: (shake cocktail2 ingredient1 ingredient2 shaker1 right left)
1.276: (shake cocktail3 ingredient1 ingredient2 shaker1 left right)
1.276: (shake cocktail2 ingredient1 ingredient2 shaker1 right left)
1.276: (shake cocktail2 ingredient1 ingredient2 shaker1 left right)
1.276: (shake cocktail3 ingredient1 ingredient2 shaker1 right left)
1.347: (leave right shot4)
1.347: (leave left shot4)
1.347: (leave right shot4)
1.347: (leave left shot4)
1.723: (leave right shot4)
1.723: (grasp left shaker1)
1.723: (grasp right shaker1)
1.723: (grasp right shaker1)
1.723: (grasp left shaker1)
1.723: (leave right shot4)
1.723: (leave left shot4)
1.723: (leave left shot4)
-0.372: (pour-shaker-to-shot cocktail2 shot3 right shaker1 l2 l1)
[Final] Expanded: 646, Generated: 3834
Found a solution of length 41!
   1: (grasp right shot4)
   2: (fill-shot shot4 ingredient2 right left dispenser2)
   3: (pour-shot-to-clean-shaker shot4 ingredient2 shaker1 right l0 l1)
   4: (clean-shot shot4 ingredient2 right left)
   5: (fill-shot shot4 ingredient1 right left dispenser1)
   6: (pour-shot-to-used-shaker shot4 ingredient1 shaker1 right l1 l2)
   7: (refill-shot shot4 ingredient1 right left dispenser1)
   8: (leave right shot4)
   9: (grasp right shot1)
  10: (fill-shot shot1 ingredient2 right left dispenser2)
  11: (leave right shot1)
  12: (grasp left shaker1)
  13: (shake cocktail3 ingredient1 ingredient2 shaker1 left right)
  14: (pour-shaker-to-shot cocktail3 shot2 left shaker1 l2 l1)
  15: (empty-shaker left shaker1 cocktail3 l1 l0)
  16: (clean-shaker left right shaker1)
  17: (grasp right shot1)
  18: (pour-shot-to-clean-shaker shot1 ingredient2 shaker1 right l0 l1)
  19: (leave left shaker1)
  20: (clean-shot shot1 ingredient2 right left)
  21: (fill-shot shot1 ingredient3 right left dispenser3)
  22: (pour-shot-to-used-shaker shot1 ingredient3 shaker1 right l1 l2)
  23: (clean-shot shot1 ingredient3 right left)
  24: (grasp left shaker1)
  25: (leave right shot1)
  26: (shake cocktail1 ingredient3 ingredient2 shaker1 left right)
  27: (pour-shaker-to-shot cocktail1 shot1 left shaker1 l2 l1)
  28: (empty-shaker left shaker1 cocktail1 l1 l0)
  29: (clean-shaker left right shaker1)
  30: (grasp right shot3)
  31: (leave left shaker1)
  32: (fill-shot shot3 ingredient2 right left dispenser2)
  33: (pour-shot-to-clean-shaker shot3 ingredient2 shaker1 right l0 l1)
  34: (clean-shot shot3 ingredient2 right left)
  35: (fill-shot shot3 ingredient1 right left dispenser1)
  36: (pour-shot-to-used-shaker shot3 ingredient1 shaker1 right l1 l2)
  37: (clean-shot shot3 ingredient1 right left)
  38: (leave right shot3)
  39: (grasp right shaker1)
  40: (shake cocktail2 ingredient1 ingredient2 shaker1 right left)
  41: (pour-shaker-to-shot cocktail2 shot3 right shaker1 l2 l1)
