/u/ibrahim.eisawy/Neural-Guided-Search/venv/lib/python3.10/site-packages/pymimir_rgnn/model.py:151: UserWarning: index_reduce() is in beta and the API may change at any time. (Triggered internally at /pytorch/aten/src/ATen/native/cuda/Indexing.cu:1541.)
  max_msg.index_reduce_(0, output_indices, output_messages, reduce='amax', include_self=True)
Torch: 2.12.0+cu130
Using GPU:  NVIDIA L40S
26.619: (grasp right shot4)
26.619: (grasp right shot3)
26.619: (grasp left shot2)
26.619: (grasp left shot1)
26.619: (grasp left shot3)
26.619: (grasp right shot2)
26.619: (grasp left shot4)
26.619: (grasp right shot1)
27.071: (grasp right shot5)
27.071: (grasp left shot5)
28.072: (grasp left shaker1)
28.072: (grasp right shaker1)
26.267: (fill-shot shot2 ingredient3 left right dispenser3)
26.267: (fill-shot shot1 ingredient3 left right dispenser3)
26.267: (fill-shot shot3 ingredient3 left right dispenser3)
26.267: (fill-shot shot3 ingredient3 right left dispenser3)
26.267: (fill-shot shot1 ingredient3 right left dispenser3)
26.267: (fill-shot shot4 ingredient3 right left dispenser3)
26.267: (fill-shot shot4 ingredient3 left right dispenser3)
26.267: (fill-shot shot2 ingredient3 right left dispenser3)
26.279: (fill-shot shot1 ingredient1 left right dispenser1)
26.279: (fill-shot shot3 ingredient2 right left dispenser2)
26.279: (fill-shot shot2 ingredient2 left right dispenser2)
26.279: (fill-shot shot3 ingredient2 left right dispenser2)
26.279: (fill-shot shot1 ingredient1 right left dispenser1)
26.279: (fill-shot shot4 ingredient1 right left dispenser1)
26.279: (fill-shot shot4 ingredient1 left right dispenser1)
26.279: (fill-shot shot2 ingredient2 right left dispenser2)
26.282: (fill-shot shot2 ingredient1 left right dispenser1)
26.282: (fill-shot shot1 ingredient2 left right dispenser2)
26.282: (fill-shot shot3 ingredient1 right left dispenser1)
26.282: (fill-shot shot3 ingredient1 left right dispenser1)
25.445: (pour-shot-to-clean-shaker shot3 ingredient3 shaker1 right l0 l1)
25.445: (pour-shot-to-clean-shaker shot3 ingredient3 shaker1 left l0 l1)
25.445: (pour-shot-to-clean-shaker shot1 ingredient3 shaker1 left l0 l1)
25.445: (pour-shot-to-clean-shaker shot2 ingredient3 shaker1 left l0 l1)
25.445: (pour-shot-to-clean-shaker shot1 ingredient3 shaker1 right l0 l1)
25.445: (pour-shot-to-clean-shaker shot4 ingredient3 shaker1 right l0 l1)
25.445: (pour-shot-to-clean-shaker shot2 ingredient3 shaker1 right l0 l1)
25.445: (pour-shot-to-clean-shaker shot4 ingredient3 shaker1 left l0 l1)
26.130: (pour-shot-to-clean-shaker shot2 ingredient1 shaker1 left l0 l1)
26.130: (pour-shot-to-clean-shaker shot1 ingredient2 shaker1 left l0 l1)
26.131: (pour-shot-to-clean-shaker shot3 ingredient1 shaker1 right l0 l1)
26.131: (pour-shot-to-clean-shaker shot3 ingredient1 shaker1 left l0 l1)
26.191: (pour-shot-to-clean-shaker shot2 ingredient2 shaker1 left l0 l1)
26.191: (pour-shot-to-clean-shaker shot2 ingredient2 shaker1 right l0 l1)
26.191: (pour-shot-to-clean-shaker shot1 ingredient1 shaker1 right l0 l1)
26.191: (pour-shot-to-clean-shaker shot3 ingredient2 shaker1 left l0 l1)
26.191: (pour-shot-to-clean-shaker shot4 ingredient1 shaker1 left l0 l1)
26.191: (pour-shot-to-clean-shaker shot3 ingredient2 shaker1 right l0 l1)
26.191: (pour-shot-to-clean-shaker shot4 ingredient1 shaker1 right l0 l1)
26.191: (pour-shot-to-clean-shaker shot1 ingredient1 shaker1 left l0 l1)
24.254: (clean-shot shot4 ingredient3 right left)
24.254: (clean-shot shot3 ingredient3 right left)
24.254: (clean-shot shot4 ingredient3 left right)
24.254: (clean-shot shot2 ingredient3 right left)
24.254: (clean-shot shot1 ingredient3 right left)
24.254: (clean-shot shot3 ingredient3 left right)
24.254: (clean-shot shot2 ingredient3 left right)
24.254: (clean-shot shot1 ingredient3 left right)
24.962: (clean-shot shot1 ingredient2 left right)
24.962: (clean-shot shot3 ingredient1 left right)
24.962: (clean-shot shot2 ingredient1 left right)
24.962: (clean-shot shot3 ingredient1 right left)
25.131: (clean-shot shot4 ingredient1 right left)
25.131: (clean-shot shot1 ingredient1 left right)
25.131: (clean-shot shot4 ingredient1 left right)
25.131: (clean-shot shot3 ingredient2 right left)
25.131: (clean-shot shot2 ingredient2 right left)
25.131: (clean-shot shot1 ingredient1 right left)
25.131: (clean-shot shot2 ingredient2 left right)
25.131: (clean-shot shot3 ingredient2 left right)
24.129: (fill-shot shot2 ingredient1 left right dispenser1)
24.129: (fill-shot shot1 ingredient2 left right dispenser2)
24.129: (fill-shot shot3 ingredient1 left right dispenser1)
24.129: (fill-shot shot1 ingredient2 right left dispenser2)
24.130: (fill-shot shot3 ingredient1 right left dispenser1)
24.130: (fill-shot shot4 ingredient2 right left dispenser2)
24.130: (fill-shot shot4 ingredient2 left right dispenser2)
24.130: (fill-shot shot2 ingredient1 right left dispenser1)
24.193: (fill-shot shot3 ingredient2 right left dispenser2)
24.193: (fill-shot shot2 ingredient2 right left dispenser2)
24.193: (fill-shot shot4 ingredient1 left right dispenser1)
24.193: (fill-shot shot4 ingredient1 right left dispenser1)
24.193: (fill-shot shot1 ingredient1 right left dispenser1)
24.193: (fill-shot shot1 ingredient1 left right dispenser1)
24.193: (fill-shot shot3 ingredient2 left right dispenser2)
24.193: (fill-shot shot2 ingredient2 left right dispenser2)
24.759: (fill-shot shot1 ingredient3 left right dispenser3)
24.759: (fill-shot shot3 ingredient3 left right dispenser3)
24.759: (fill-shot shot2 ingredient3 left right dispenser3)
24.759: (fill-shot shot3 ingredient3 right left dispenser3)
23.796: (pour-shot-to-used-shaker shot3 ingredient3 shaker1 right l1 l2)
23.796: (pour-shot-to-used-shaker shot2 ingredient3 shaker1 left l1 l2)
23.796: (pour-shot-to-used-shaker shot3 ingredient3 shaker1 left l1 l2)
23.796: (pour-shot-to-used-shaker shot1 ingredient3 shaker1 left l1 l2)
24.093: (pour-shot-to-used-shaker shot4 ingredient1 shaker1 left l1 l2)
24.093: (pour-shot-to-used-shaker shot2 ingredient2 shaker1 right l1 l2)
24.093: (pour-shot-to-used-shaker shot1 ingredient1 shaker1 right l1 l2)
24.093: (pour-shot-to-used-shaker shot4 ingredient1 shaker1 right l1 l2)
24.093: (pour-shot-to-used-shaker shot1 ingredient1 shaker1 left l1 l2)
24.093: (pour-shot-to-used-shaker shot3 ingredient2 shaker1 left l1 l2)
24.093: (pour-shot-to-used-shaker shot3 ingredient2 shaker1 right l1 l2)
24.093: (pour-shot-to-used-shaker shot2 ingredient2 shaker1 left l1 l2)
24.187: (pour-shot-to-used-shaker shot3 ingredient1 shaker1 right l1 l2)
24.187: (pour-shot-to-used-shaker shot1 ingredient2 shaker1 right l1 l2)
24.187: (pour-shot-to-used-shaker shot3 ingredient1 shaker1 left l1 l2)
24.187: (pour-shot-to-used-shaker shot2 ingredient1 shaker1 left l1 l2)
24.187: (pour-shot-to-used-shaker shot1 ingredient2 shaker1 left l1 l2)
24.187: (pour-shot-to-used-shaker shot2 ingredient1 shaker1 right l1 l2)
24.187: (pour-shot-to-used-shaker shot4 ingredient2 shaker1 right l1 l2)
24.187: (pour-shot-to-used-shaker shot4 ingredient2 shaker1 left l1 l2)
22.922: (clean-shot shot2 ingredient1 right left)
22.922: (clean-shot shot4 ingredient2 left right)
22.922: (clean-shot shot4 ingredient2 right left)
22.922: (clean-shot shot1 ingredient2 left right)
22.922: (clean-shot shot2 ingredient1 left right)
22.922: (clean-shot shot1 ingredient3 left right)
22.922: (clean-shot shot3 ingredient3 right left)
22.922: (clean-shot shot3 ingredient3 left right)
22.922: (clean-shot shot2 ingredient3 left right)
22.922: (clean-shot shot3 ingredient1 left right)
22.922: (clean-shot shot1 ingredient2 right left)
22.922: (clean-shot shot3 ingredient1 right left)
23.135: (clean-shot shot2 ingredient2 left right)
23.135: (clean-shot shot4 ingredient1 left right)
23.135: (clean-shot shot2 ingredient2 right left)
23.135: (clean-shot shot1 ingredient1 right left)
23.135: (clean-shot shot4 ingredient1 right left)
23.135: (clean-shot shot3 ingredient2 left right)
23.135: (clean-shot shot3 ingredient2 right left)
23.135: (clean-shot shot1 ingredient1 left right)
21.432: (fill-shot shot3 ingredient3 right left dispenser3)
21.432: (fill-shot shot1 ingredient3 left right dispenser3)
21.432: (fill-shot shot3 ingredient3 left right dispenser3)
21.432: (fill-shot shot4 ingredient3 right left dispenser3)
21.433: (fill-shot shot1 ingredient3 right left dispenser3)
21.433: (fill-shot shot4 ingredient3 left right dispenser3)
21.433: (fill-shot shot2 ingredient3 left right dispenser3)
21.433: (fill-shot shot2 ingredient3 right left dispenser3)
22.122: (leave right shot3)
22.123: (leave right shot4)
22.123: (leave left shot1)
22.123: (leave left shot3)
22.123: (leave right shot4)
22.123: (leave left shot1)
22.123: (leave left shot2)
22.123: (leave left shot4)
22.123: (leave right shot3)
22.123: (leave right shot2)
22.123: (leave right shot2)
22.123: (leave right shot1)
20.790: (leave right shot1)
20.790: (leave left shot2)
20.790: (leave right shot3)
20.790: (leave left shot4)
20.790: (leave left shot1)
20.790: (leave left shot3)
20.790: (leave right shot2)
20.790: (leave right shot4)
21.526: (grasp left shaker1)
21.526: (grasp right shaker1)
21.526: (grasp left shaker1)
21.526: (grasp left shaker1)
21.526: (grasp right shaker1)
21.526: (grasp left shaker1)
21.526: (grasp right shaker1)
21.526: (grasp right shaker1)
21.612: (grasp right shaker1)
21.612: (grasp left shaker1)
21.612: (grasp left shaker1)
21.612: (grasp right shaker1)
19.159: (shake cocktail2 ingredient3 ingredient1 shaker1 right left)
19.159: (shake cocktail2 ingredient3 ingredient1 shaker1 left right)
19.159: (shake cocktail1 ingredient3 ingredient2 shaker1 right left)
19.159: (shake cocktail1 ingredient3 ingredient2 shaker1 left right)
20.041: (leave left shot4)
20.041: (leave left shot2)
20.041: (leave right shot2)
20.041: (leave left shot1)
20.041: (leave right shot1)
20.041: (leave right shot3)
20.041: (grasp right shaker1)
20.041: (grasp right shaker1)
20.041: (grasp left shaker1)
20.041: (grasp right shaker1)
20.041: (grasp left shaker1)
20.041: (grasp left shaker1)
20.041: (grasp left shaker1)
20.041: (leave left shot3)
20.041: (grasp right shaker1)
20.041: (leave right shot4)
17.147: (pour-shaker-to-shot cocktail1 shot4 right shaker1 l2 l1)
17.147: (pour-shaker-to-shot cocktail2 shot2 left shaker1 l2 l1)
17.147: (pour-shaker-to-shot cocktail2 shot3 left shaker1 l2 l1)
17.147: (pour-shaker-to-shot cocktail1 shot1 right shaker1 l2 l1)
17.147: (pour-shaker-to-shot cocktail2 shot2 right shaker1 l2 l1)
17.147: (pour-shaker-to-shot cocktail2 shot3 right shaker1 l2 l1)
17.147: (pour-shaker-to-shot cocktail1 shot4 left shaker1 l2 l1)
17.147: (pour-shaker-to-shot cocktail1 shot1 left shaker1 l2 l1)
18.077: (shake cocktail2 ingredient3 ingredient1 shaker1 left right)
18.077: (shake cocktail1 ingredient3 ingredient2 shaker1 right left)
18.078: (shake cocktail1 ingredient3 ingredient2 shaker1 left right)
18.078: (shake cocktail2 ingredient3 ingredient1 shaker1 right left)
18.078: (shake cocktail1 ingredient3 ingredient2 shaker1 right left)
18.078: (shake cocktail1 ingredient3 ingredient2 shaker1 left right)
18.078: (shake cocktail2 ingredient3 ingredient1 shaker1 left right)
18.078: (shake cocktail2 ingredient3 ingredient1 shaker1 right left)
19.090: (pour-shaker-to-shot cocktail2 shot5 left shaker1 l2 l1)
19.090: (pour-shaker-to-shot cocktail2 shot5 right shaker1 l2 l1)
19.090: (pour-shaker-to-shot cocktail1 shot5 right shaker1 l2 l1)
19.090: (pour-shaker-to-shot cocktail1 shot5 left shaker1 l2 l1)
15.485: (pour-shaker-to-shot cocktail1 shot4 right shaker1 l1 l0)
15.485: (pour-shaker-to-shot cocktail1 shot1 left shaker1 l1 l0)
15.485: (pour-shaker-to-shot cocktail2 shot3 right shaker1 l1 l0)
15.485: (pour-shaker-to-shot cocktail2 shot2 right shaker1 l1 l0)
15.485: (pour-shaker-to-shot cocktail2 shot3 left shaker1 l1 l0)
15.485: (pour-shaker-to-shot cocktail2 shot2 left shaker1 l1 l0)
15.485: (pour-shaker-to-shot cocktail1 shot1 right shaker1 l1 l0)
15.485: (pour-shaker-to-shot cocktail1 shot4 left shaker1 l1 l0)
16.510: (pour-shaker-to-shot cocktail2 shot2 right shaker1 l2 l1)
16.510: (pour-shaker-to-shot cocktail2 shot3 right shaker1 l2 l1)
16.510: (pour-shaker-to-shot cocktail1 shot4 left shaker1 l2 l1)
16.510: (pour-shaker-to-shot cocktail1 shot4 right shaker1 l2 l1)
16.510: (pour-shaker-to-shot cocktail1 shot1 left shaker1 l2 l1)
16.510: (pour-shaker-to-shot cocktail1 shot1 right shaker1 l2 l1)
16.510: (pour-shaker-to-shot cocktail1 shot4 right shaker1 l2 l1)
16.510: (pour-shaker-to-shot cocktail1 shot1 right shaker1 l2 l1)
16.510: (pour-shaker-to-shot cocktail2 shot2 left shaker1 l2 l1)
16.510: (pour-shaker-to-shot cocktail2 shot3 left shaker1 l2 l1)
16.510: (pour-shaker-to-shot cocktail1 shot4 left shaker1 l2 l1)
16.510: (pour-shaker-to-shot cocktail1 shot1 left shaker1 l2 l1)
14.374: (empty-shaker right shaker1 cocktail2 l0 l0)
14.374: (empty-shaker left shaker1 cocktail1 l0 l0)
14.374: (empty-shaker left shaker1 cocktail2 l0 l0)
14.374: (empty-shaker right shaker1 cocktail1 l0 l0)
15.265: (pour-shaker-to-shot cocktail1 shot1 left shaker1 l1 l0)
15.265: (pour-shaker-to-shot cocktail2 shot3 left shaker1 l1 l0)
15.265: (pour-shaker-to-shot cocktail1 shot1 right shaker1 l1 l0)
15.265: (pour-shaker-to-shot cocktail2 shot2 left shaker1 l1 l0)
15.265: (pour-shaker-to-shot cocktail1 shot4 right shaker1 l1 l0)
15.265: (pour-shaker-to-shot cocktail1 shot4 left shaker1 l1 l0)
15.265: (pour-shaker-to-shot cocktail1 shot4 right shaker1 l1 l0)
15.265: (pour-shaker-to-shot cocktail2 shot3 right shaker1 l1 l0)
15.265: (pour-shaker-to-shot cocktail1 shot4 left shaker1 l1 l0)
15.265: (pour-shaker-to-shot cocktail1 shot1 left shaker1 l1 l0)
15.265: (pour-shaker-to-shot cocktail2 shot2 right shaker1 l1 l0)
15.265: (pour-shaker-to-shot cocktail1 shot1 right shaker1 l1 l0)
16.048: (leave left shaker1)
16.048: (leave right shaker1)
16.048: (leave left shaker1)
16.048: (leave right shaker1)
13.322: (clean-shaker left right shaker1)
13.322: (clean-shaker right left shaker1)
13.322: (clean-shaker left right shaker1)
13.322: (clean-shaker right left shaker1)
14.152: (empty-shaker left shaker1 cocktail1 l0 l0)
14.152: (empty-shaker left shaker1 cocktail2 l0 l0)
14.152: (empty-shaker right shaker1 cocktail1 l0 l0)
14.152: (empty-shaker right shaker1 cocktail2 l0 l0)
14.152: (empty-shaker right shaker1 cocktail1 l0 l0)
14.152: (empty-shaker left shaker1 cocktail1 l0 l0)
14.996: (leave right shaker1)
14.996: (leave left shaker1)
14.996: (leave left shaker1)
14.996: (leave right shaker1)
15.280: (grasp right shot5)
15.280: (grasp right shot5)
15.280: (grasp left shot5)
15.280: (grasp left shot5)
15.394: (grasp left shot3)
15.394: (grasp left shot4)
12.261: (leave left shaker1)
12.261: (leave right shaker1)
12.261: (leave right shaker1)
12.261: (leave left shaker1)
12.689: (grasp left shot2)
12.689: (grasp left shot3)
12.689: (grasp right shot4)
12.689: (grasp left shot1)
12.689: (grasp right shot1)
12.689: (grasp left shot4)
12.689: (grasp right shot3)
12.689: (grasp right shot2)
13.078: (clean-shaker left right shaker1)
13.078: (clean-shaker left right shaker1)
13.078: (clean-shaker right left shaker1)
13.078: (clean-shaker right left shaker1)
13.078: (clean-shaker right left shaker1)
13.078: (clean-shaker left right shaker1)
13.403: (grasp right shot5)
13.403: (grasp left shot5)
11.581: (grasp right shot4)
11.581: (grasp right shot1)
11.581: (grasp left shot4)
11.581: (leave left shaker1)
11.581: (leave right shaker1)
11.581: (leave right shaker1)
11.581: (grasp left shot3)
11.581: (leave left shaker1)
11.581: (leave right shaker1)
11.581: (grasp left shot1)
11.581: (grasp left shot2)
11.581: (leave right shaker1)
11.581: (leave left shaker1)
11.581: (grasp right shot3)
11.581: (leave left shaker1)
11.581: (grasp right shot2)
12.053: (leave right shaker1)
12.053: (leave left shaker1)
12.053: (leave left shaker1)
12.053: (leave right shaker1)
11.231: (fill-shot shot1 ingredient3 left right dispenser3)
11.231: (fill-shot shot3 ingredient3 left right dispenser3)
11.231: (grasp right shot3)
11.231: (fill-shot shot2 ingredient3 left right dispenser3)
11.231: (fill-shot shot4 ingredient3 left right dispenser3)
11.231: (fill-shot shot1 ingredient3 right left dispenser3)
11.231: (fill-shot shot2 ingredient3 right left dispenser3)
11.231: (fill-shot shot4 ingredient3 right left dispenser3)
11.231: (grasp left shot1)
11.231: (grasp left shot3)
11.231: (fill-shot shot3 ingredient3 right left dispenser3)
11.231: (grasp right shot4)
11.231: (grasp left shot4)
11.231: (grasp right shot1)
11.252: (fill-shot shot1 ingredient2 left right dispenser2)
11.252: (fill-shot shot1 ingredient2 right left dispenser2)
11.252: (fill-shot shot4 ingredient2 left right dispenser2)
11.252: (fill-shot shot2 ingredient1 left right dispenser1)
11.252: (fill-shot shot4 ingredient2 right left dispenser2)
11.252: (fill-shot shot3 ingredient1 left right dispenser1)
10.548: (pour-shot-to-clean-shaker shot2 ingredient1 shaker1 left l0 l1)
10.548: (pour-shot-to-clean-shaker shot4 ingredient2 shaker1 right l0 l1)
10.548: (pour-shot-to-clean-shaker shot3 ingredient1 shaker1 left l0 l1)
10.548: (pour-shot-to-clean-shaker shot4 ingredient2 shaker1 left l0 l1)
10.548: (pour-shot-to-clean-shaker shot1 ingredient2 shaker1 right l0 l1)
10.548: (pour-shot-to-clean-shaker shot1 ingredient2 shaker1 left l0 l1)
10.555: (pour-shot-to-clean-shaker shot3 ingredient3 shaker1 left l0 l1)
10.555: (pour-shot-to-clean-shaker shot1 ingredient3 shaker1 left l0 l1)
10.555: (pour-shot-to-clean-shaker shot3 ingredient3 shaker1 right l0 l1)
10.555: (pour-shot-to-clean-shaker shot2 ingredient3 shaker1 left l0 l1)
10.555: (pour-shot-to-clean-shaker shot4 ingredient3 shaker1 left l0 l1)
10.555: (pour-shot-to-clean-shaker shot1 ingredient3 shaker1 right l0 l1)
10.555: (pour-shot-to-clean-shaker shot2 ingredient3 shaker1 right l0 l1)
10.555: (pour-shot-to-clean-shaker shot4 ingredient3 shaker1 right l0 l1)
12.052: (leave left shot2)
12.053: (leave right shot2)
12.070: (leave left shot3)
12.070: (leave left shot2)
12.070: (leave right shot4)
12.070: (leave right shot1)
9.435: (clean-shot shot4 ingredient3 left right)
9.435: (clean-shot shot2 ingredient3 left right)
9.435: (clean-shot shot2 ingredient3 right left)
9.435: (clean-shot shot1 ingredient3 right left)
9.435: (clean-shot shot4 ingredient3 right left)
9.435: (clean-shot shot3 ingredient3 left right)
9.435: (clean-shot shot3 ingredient3 right left)
9.435: (clean-shot shot1 ingredient3 left right)
9.548: (clean-shot shot1 ingredient2 right left)
9.548: (clean-shot shot1 ingredient2 left right)
9.548: (clean-shot shot4 ingredient2 left right)
9.548: (clean-shot shot4 ingredient2 right left)
9.548: (clean-shot shot2 ingredient1 left right)
9.548: (clean-shot shot3 ingredient1 left right)
9.909: (grasp right shot4)
9.909: (grasp right shot2)
9.909: (grasp left shot3)
9.909: (grasp left shot1)
9.909: (grasp left shot2)
9.909: (grasp right shot3)
8.267: (fill-shot shot3 ingredient1 right left dispenser1)
8.267: (fill-shot shot1 ingredient2 left right dispenser2)
8.267: (fill-shot shot2 ingredient1 right left dispenser1)
8.267: (fill-shot shot4 ingredient2 right left dispenser2)
8.267: (fill-shot shot4 ingredient2 left right dispenser2)
8.267: (fill-shot shot3 ingredient1 left right dispenser1)
8.267: (fill-shot shot1 ingredient2 right left dispenser2)
8.267: (fill-shot shot2 ingredient1 left right dispenser1)
8.498: (fill-shot shot2 ingredient3 left right dispenser3)
8.499: (fill-shot shot1 ingredient3 right left dispenser3)
8.499: (fill-shot shot4 ingredient3 left right dispenser3)
8.499: (fill-shot shot1 ingredient3 left right dispenser3)
8.499: (fill-shot shot4 ingredient3 right left dispenser3)
8.499: (fill-shot shot3 ingredient3 left right dispenser3)
8.775: (grasp right shot2)
8.775: (grasp left shot1)
8.775: (grasp right shot1)
8.775: (grasp left shot4)
8.775: (grasp right shot3)
8.775: (grasp right shot4)
4.699: (pour-shot-to-used-shaker shot1 ingredient2 shaker1 left l1 l2)
4.699: (pour-shot-to-used-shaker shot2 ingredient1 shaker1 right l1 l2)
4.699: (pour-shot-to-used-shaker shot4 ingredient2 shaker1 right l1 l2)
4.699: (pour-shot-to-used-shaker shot3 ingredient1 shaker1 right l1 l2)
4.699: (pour-shot-to-used-shaker shot4 ingredient2 shaker1 left l1 l2)
4.699: (pour-shot-to-used-shaker shot1 ingredient2 shaker1 right l1 l2)
4.699: (pour-shot-to-used-shaker shot2 ingredient1 shaker1 left l1 l2)
4.699: (pour-shot-to-used-shaker shot3 ingredient1 shaker1 left l1 l2)
4.731: (pour-shot-to-used-shaker shot3 ingredient3 shaker1 left l1 l2)
4.731: (pour-shot-to-used-shaker shot4 ingredient3 shaker1 right l1 l2)
4.731: (pour-shot-to-used-shaker shot1 ingredient3 shaker1 left l1 l2)
4.731: (pour-shot-to-used-shaker shot2 ingredient3 shaker1 left l1 l2)
4.731: (pour-shot-to-used-shaker shot4 ingredient3 shaker1 left l1 l2)
4.731: (pour-shot-to-used-shaker shot1 ingredient3 shaker1 right l1 l2)
7.914: (grasp right shot3)
7.914: (grasp left shot4)
7.914: (grasp left shot3)
7.914: (grasp left shot1)
7.914: (grasp right shot2)
7.914: (grasp right shot4)
2.420: (clean-shot shot4 ingredient3 right left)
2.420: (clean-shot shot2 ingredient3 left right)
2.420: (clean-shot shot1 ingredient3 left right)
2.420: (clean-shot shot3 ingredient1 right left)
2.420: (clean-shot shot2 ingredient1 right left)
2.420: (clean-shot shot1 ingredient2 left right)
2.420: (clean-shot shot4 ingredient2 right left)
2.420: (clean-shot shot2 ingredient1 left right)
2.420: (clean-shot shot4 ingredient2 left right)
2.420: (clean-shot shot4 ingredient3 left right)
2.420: (clean-shot shot1 ingredient3 right left)
2.420: (clean-shot shot3 ingredient1 left right)
2.420: (clean-shot shot1 ingredient2 right left)
2.420: (clean-shot shot3 ingredient3 left right)
5.062: (grasp left shaker1)
5.062: (grasp right shaker1)
5.062: (grasp left shaker1)
5.062: (grasp right shaker1)
5.062: (grasp left shaker1)
5.062: (grasp right shaker1)
1.612: (leave right shot1)
1.612: (leave right shot3)
1.612: (leave right shot4)
1.612: (leave right shot2)
1.612: (leave left shot2)
1.612: (leave left shot4)
1.612: (leave left shot3)
1.612: (leave left shot1)
2.708: (grasp right shaker1)
2.708: (grasp right shaker1)
2.708: (grasp left shaker1)
2.708: (grasp left shaker1)
2.708: (grasp right shaker1)
2.708: (grasp left shaker1)
2.708: (grasp left shaker1)
2.708: (grasp right shaker1)
2.790: (grasp left shot5)
2.790: (grasp left shot5)
2.790: (grasp right shot5)
2.790: (grasp right shot5)
1.841: (leave left shot4)
1.841: (leave right shot2)
1.841: (grasp left shaker1)
1.841: (grasp left shaker1)
1.841: (grasp right shaker1)
1.841: (leave right shot1)
1.841: (grasp right shaker1)
1.841: (leave right shot3)
1.841: (leave left shot1)
1.841: (leave right shot4)
1.841: (leave left shot2)
1.841: (leave left shot3)
1.846: (leave left shot1)
1.846: (leave left shot2)
1.846: (leave right shot4)
1.846: (leave right shot3)
1.846: (grasp right shot5)
1.846: (grasp left shot5)
1.846: (grasp right shot5)
1.846: (grasp left shot5)
1.231: (shake cocktail1 ingredient3 ingredient2 shaker1 left right)
1.231: (shake cocktail1 ingredient3 ingredient2 shaker1 right left)
1.231: (shake cocktail2 ingredient3 ingredient1 shaker1 left right)
1.231: (shake cocktail2 ingredient3 ingredient1 shaker1 right left)
2.129: (grasp right shaker1)
2.129: (grasp right shaker1)
2.129: (grasp left shaker1)
2.129: (grasp right shot5)
2.129: (grasp left shot5)
2.129: (grasp right shot5)
2.129: (grasp left shot5)
2.129: (grasp left shaker1)
2.282: (fill-shot shot5 ingredient2 left right dispenser2)
2.282: (fill-shot shot5 ingredient1 right left dispenser1)
2.282: (fill-shot shot5 ingredient1 left right dispenser1)
2.282: (fill-shot shot5 ingredient2 right left dispenser2)
2.458: (fill-shot shot5 ingredient2 right left dispenser2)
2.458: (fill-shot shot5 ingredient1 right left dispenser1)
2.458: (fill-shot shot5 ingredient2 left right dispenser2)
2.459: (fill-shot shot5 ingredient1 left right dispenser1)
0.588: (pour-shaker-to-shot cocktail2 shot3 left shaker1 l2 l1)
0.588: (pour-shaker-to-shot cocktail1 shot4 right shaker1 l2 l1)
0.588: (pour-shaker-to-shot cocktail1 shot1 right shaker1 l2 l1)
0.588: (pour-shaker-to-shot cocktail1 shot4 left shaker1 l2 l1)
0.588: (pour-shaker-to-shot cocktail2 shot2 left shaker1 l2 l1)
0.588: (pour-shaker-to-shot cocktail1 shot1 left shaker1 l2 l1)
0.588: (pour-shaker-to-shot cocktail2 shot3 right shaker1 l2 l1)
0.588: (pour-shaker-to-shot cocktail2 shot2 right shaker1 l2 l1)
1.191: (pour-shaker-to-shot cocktail2 shot5 left shaker1 l2 l1)
1.191: (pour-shaker-to-shot cocktail1 shot5 right shaker1 l2 l1)
1.191: (pour-shaker-to-shot cocktail1 shot5 left shaker1 l2 l1)
1.191: (pour-shaker-to-shot cocktail2 shot5 right shaker1 l2 l1)
1.240: (grasp left shot1)
1.240: (grasp right shot4)
1.240: (grasp right shot1)
1.240: (grasp right shot2)
1.240: (grasp right shot3)
1.240: (grasp left shot2)
1.240: (grasp left shot3)
1.240: (grasp left shot4)
-0.276: (pour-shaker-to-shot cocktail2 shot3 left shaker1 l1 l0)
[Final] Expanded: 425, Generated: 3268
Found a solution of length 27!
   1: (grasp right shot3)
   2: (fill-shot shot3 ingredient3 right left dispenser3)
   3: (pour-shot-to-clean-shaker shot3 ingredient3 shaker1 right l0 l1)
   4: (clean-shot shot3 ingredient3 right left)
   5: (fill-shot shot3 ingredient2 right left dispenser2)
   6: (pour-shot-to-used-shaker shot3 ingredient2 shaker1 right l1 l2)
   7: (clean-shot shot3 ingredient2 right left)
   8: (leave right shot3)
   9: (grasp left shaker1)
  10: (shake cocktail1 ingredient3 ingredient2 shaker1 left right)
  11: (pour-shaker-to-shot cocktail1 shot4 left shaker1 l2 l1)
  12: (pour-shaker-to-shot cocktail1 shot1 left shaker1 l1 l0)
  13: (empty-shaker left shaker1 cocktail1 l0 l0)
  14: (clean-shaker left right shaker1)
  15: (grasp right shot2)
  16: (leave left shaker1)
  17: (fill-shot shot2 ingredient3 right left dispenser3)
  18: (pour-shot-to-clean-shaker shot2 ingredient3 shaker1 right l0 l1)
  19: (clean-shot shot2 ingredient3 right left)
  20: (fill-shot shot2 ingredient1 right left dispenser1)
  21: (pour-shot-to-used-shaker shot2 ingredient1 shaker1 right l1 l2)
  22: (clean-shot shot2 ingredient1 right left)
  23: (grasp left shaker1)
  24: (leave right shot2)
  25: (shake cocktail2 ingredient3 ingredient1 shaker1 left right)
  26: (pour-shaker-to-shot cocktail2 shot2 left shaker1 l2 l1)
  27: (pour-shaker-to-shot cocktail2 shot3 left shaker1 l1 l0)
