/u/ibrahim.eisawy/Neural-Guided-Search/venv/lib/python3.10/site-packages/pymimir_rgnn/model.py:151: UserWarning: index_reduce() is in beta and the API may change at any time. (Triggered internally at /pytorch/aten/src/ATen/native/cuda/Indexing.cu:1541.)
  max_msg.index_reduce_(0, output_indices, output_messages, reduce='amax', include_self=True)
Torch: 2.12.0+cu130
Using GPU:  NVIDIA L40S
43.396: (grasp right shot4)
43.396: (grasp right shot3)
43.396: (grasp right shot2)
43.396: (grasp right shot1)
43.396: (grasp left shot1)
43.396: (grasp left shot2)
43.396: (grasp left shot4)
43.396: (grasp left shot3)
43.757: (grasp right shot5)
43.758: (grasp left shot5)
44.621: (grasp left shaker1)
44.621: (grasp right shaker1)
43.311: (fill-shot shot5 ingredient1 right left dispenser1)
43.311: (fill-shot shot5 ingredient1 left right dispenser1)
43.339: (fill-shot shot5 ingredient2 left right dispenser2)
43.339: (fill-shot shot5 ingredient2 right left dispenser2)
43.555: (fill-shot shot3 ingredient1 left right dispenser1)
43.555: (fill-shot shot4 ingredient1 left right dispenser1)
43.555: (fill-shot shot2 ingredient1 left right dispenser1)
43.555: (fill-shot shot3 ingredient1 right left dispenser1)
43.555: (fill-shot shot4 ingredient1 right left dispenser1)
43.555: (fill-shot shot2 ingredient1 right left dispenser1)
43.555: (fill-shot shot1 ingredient1 left right dispenser1)
43.555: (fill-shot shot1 ingredient1 right left dispenser1)
43.597: (fill-shot shot4 ingredient2 right left dispenser2)
43.597: (fill-shot shot3 ingredient2 left right dispenser2)
43.597: (fill-shot shot2 ingredient2 right left dispenser2)
43.597: (fill-shot shot3 ingredient2 right left dispenser2)
43.597: (fill-shot shot4 ingredient2 left right dispenser2)
43.597: (fill-shot shot2 ingredient2 left right dispenser2)
43.597: (fill-shot shot1 ingredient2 right left dispenser2)
43.597: (fill-shot shot1 ingredient2 left right dispenser2)
41.868: (pour-shot-to-clean-shaker shot2 ingredient1 shaker1 right l0 l1)
41.868: (pour-shot-to-clean-shaker shot3 ingredient1 shaker1 right l0 l1)
41.868: (pour-shot-to-clean-shaker shot4 ingredient1 shaker1 right l0 l1)
41.868: (pour-shot-to-clean-shaker shot1 ingredient1 shaker1 left l0 l1)
41.868: (pour-shot-to-clean-shaker shot1 ingredient1 shaker1 right l0 l1)
41.868: (pour-shot-to-clean-shaker shot2 ingredient1 shaker1 left l0 l1)
41.868: (pour-shot-to-clean-shaker shot4 ingredient1 shaker1 left l0 l1)
41.868: (pour-shot-to-clean-shaker shot3 ingredient1 shaker1 left l0 l1)
42.574: (pour-shot-to-clean-shaker shot5 ingredient1 shaker1 right l0 l1)
42.574: (pour-shot-to-clean-shaker shot5 ingredient1 shaker1 left l0 l1)
43.526: (empty-shot right shot5 ingredient1)
43.526: (empty-shot left shot5 ingredient1)
43.550: (empty-shot left shot5 ingredient2)
43.550: (empty-shot right shot5 ingredient2)
43.875: (leave right shot5)
43.875: (leave left shot5)
43.962: (leave right shot5)
43.962: (leave left shot5)
44.112: (grasp left shaker1)
44.112: (grasp right shaker1)
40.683: (clean-shot shot3 ingredient1 right left)
40.683: (clean-shot shot2 ingredient1 right left)
40.683: (clean-shot shot4 ingredient1 right left)
40.683: (clean-shot shot3 ingredient1 left right)
40.683: (clean-shot shot1 ingredient1 right left)
40.683: (clean-shot shot2 ingredient1 left right)
40.683: (clean-shot shot1 ingredient1 left right)
40.683: (clean-shot shot4 ingredient1 left right)
40.843: (clean-shot shot5 ingredient1 right left)
40.843: (clean-shot shot5 ingredient1 left right)
41.588: (leave left shot5)
41.588: (leave right shot5)
41.946: (refill-shot shot3 ingredient1 left right dispenser1)
41.946: (refill-shot shot4 ingredient1 left right dispenser1)
41.946: (refill-shot shot2 ingredient1 left right dispenser1)
41.946: (refill-shot shot3 ingredient1 right left dispenser1)
41.946: (refill-shot shot2 ingredient1 right left dispenser1)
41.946: (refill-shot shot1 ingredient1 right left dispenser1)
41.946: (refill-shot shot4 ingredient1 right left dispenser1)
41.946: (refill-shot shot1 ingredient1 left right dispenser1)
40.453: (fill-shot shot5 ingredient2 left right dispenser2)
40.453: (fill-shot shot5 ingredient2 right left dispenser2)
40.905: (leave left shot4)
40.905: (leave right shot5)
40.905: (leave left shot5)
40.905: (leave right shot4)
40.905: (leave right shot3)
40.905: (leave left shot3)
40.905: (leave left shot2)
40.905: (leave right shot2)
40.905: (leave right shot1)
40.905: (leave left shot1)
41.071: (fill-shot shot4 ingredient2 right left dispenser2)
41.071: (fill-shot shot3 ingredient2 right left dispenser2)
41.071: (fill-shot shot2 ingredient2 right left dispenser2)
41.071: (fill-shot shot3 ingredient2 left right dispenser2)
41.071: (fill-shot shot4 ingredient2 left right dispenser2)
41.072: (fill-shot shot1 ingredient2 right left dispenser2)
41.072: (fill-shot shot1 ingredient2 left right dispenser2)
41.072: (fill-shot shot2 ingredient2 left right dispenser2)
34.955: (pour-shot-to-used-shaker shot5 ingredient2 shaker1 left l1 l2)
34.955: (pour-shot-to-used-shaker shot5 ingredient2 shaker1 right l1 l2)
40.421: (pour-shot-to-used-shaker shot4 ingredient2 shaker1 left l1 l2)
40.421: (pour-shot-to-used-shaker shot1 ingredient2 shaker1 right l1 l2)
40.421: (pour-shot-to-used-shaker shot2 ingredient2 shaker1 left l1 l2)
40.421: (pour-shot-to-used-shaker shot1 ingredient2 shaker1 left l1 l2)
40.421: (pour-shot-to-used-shaker shot3 ingredient2 shaker1 left l1 l2)
40.421: (pour-shot-to-used-shaker shot2 ingredient2 shaker1 right l1 l2)
40.421: (pour-shot-to-used-shaker shot3 ingredient2 shaker1 right l1 l2)
40.421: (pour-shot-to-used-shaker shot4 ingredient2 shaker1 right l1 l2)
40.667: (empty-shot left shot5 ingredient2)
40.667: (empty-shot right shot5 ingredient2)
41.070: (leave right shot5)
41.070: (leave left shot5)
41.438: (grasp left shot2)
41.438: (grasp right shot2)
41.438: (grasp left shot3)
41.438: (grasp right shot1)
41.438: (grasp right shot4)
41.438: (grasp left shot1)
34.614: (grasp left shaker1)
34.614: (grasp right shaker1)
34.669: (leave left shot5)
34.669: (leave right shot5)
34.847: (refill-shot shot5 ingredient2 right left dispenser2)
34.847: (refill-shot shot5 ingredient2 left right dispenser2)
35.836: (grasp left shot1)
35.836: (pour-shot-to-used-shaker shot5 ingredient2 shaker1 right l1 l2)
35.836: (grasp left shot2)
35.837: (grasp right shot1)
35.837: (grasp left shot3)
35.837: (grasp right shot2)
35.837: (grasp right shot4)
35.837: (grasp right shot3)
35.837: (grasp left shot4)
35.837: (pour-shot-to-used-shaker shot5 ingredient2 shaker1 left l1 l2)
35.837: (pour-shot-to-used-shaker shot5 ingredient2 shaker1 right l1 l2)
35.837: (pour-shot-to-used-shaker shot5 ingredient2 shaker1 right l1 l2)
35.837: (pour-shot-to-used-shaker shot5 ingredient2 shaker1 left l1 l2)
35.837: (pour-shot-to-used-shaker shot5 ingredient2 shaker1 left l1 l2)
34.397: (leave right shot5)
34.397: (grasp left shaker1)
34.397: (leave left shot5)
34.397: (grasp right shaker1)
34.532: (grasp left shaker1)
34.532: (grasp right shaker1)
34.623: (leave right shot5)
34.623: (leave left shot5)
35.600: (grasp right shot2)
35.600: (grasp right shot3)
35.600: (leave right shot5)
35.600: (grasp left shot1)
35.600: (grasp right shot4)
35.600: (grasp left shot3)
35.600: (grasp left shot2)
35.600: (grasp left shot4)
35.600: (leave right shot5)
35.600: (grasp right shot1)
35.600: (leave left shot5)
35.600: (leave right shot5)
34.408: (leave right shot5)
34.408: (grasp left shaker1)
34.408: (leave left shot5)
34.408: (grasp right shaker1)
35.611: (grasp right shot3)
35.611: (grasp right shot2)
35.611: (grasp right shot4)
35.611: (grasp right shot1)
35.611: (grasp left shot4)
35.611: (grasp left shot3)
35.611: (grasp left shot2)
35.611: (grasp left shot1)
35.647: (grasp left shaker1)
35.647: (grasp left shaker1)
35.647: (grasp left shaker1)
35.647: (grasp right shot2)
35.647: (grasp right shot3)
35.647: (grasp right shot4)
35.647: (grasp right shot1)
35.647: (grasp right shaker1)
35.658: (grasp right shaker1)
35.658: (grasp right shaker1)
35.658: (grasp right shaker1)
35.658: (grasp left shaker1)
35.658: (grasp right shot2)
35.658: (grasp right shot4)
35.658: (grasp left shot1)
35.658: (grasp right shaker1)
35.658: (grasp right shot1)
35.658: (grasp left shot4)
35.658: (grasp right shot3)
35.658: (grasp left shot2)
35.658: (grasp left shaker1)
35.658: (grasp left shot3)
35.658: (grasp left shaker1)
35.658: (grasp left shaker1)
35.744: (grasp right shot5)
35.744: (grasp right shot5)
35.744: (grasp right shot5)
35.744: (grasp right shot5)
34.408: (leave left shot3)
34.408: (leave right shot3)
34.408: (leave left shot4)
34.408: (leave right shot2)
34.408: (leave left shot2)
34.408: (leave right shot4)
34.408: (leave right shot1)
34.408: (leave left shot1)
34.847: (leave left shot4)
34.847: (leave left shot3)
34.847: (leave left shot2)
34.847: (leave left shot1)
35.611: (leave right shot5)
35.611: (leave right shot5)
35.611: (leave left shaker1)
35.611: (leave right shaker1)
35.611: (leave right shot5)
35.611: (leave left shaker1)
35.611: (leave right shaker1)
35.611: (leave right shaker1)
Failed to find a solution!
