/u/ibrahim.eisawy/Neural-Guided-Search/venv/lib/python3.10/site-packages/pymimir_rgnn/model.py:151: UserWarning: index_reduce() is in beta and the API may change at any time. (Triggered internally at /pytorch/aten/src/ATen/native/cuda/Indexing.cu:1541.)
  max_msg.index_reduce_(0, output_indices, output_messages, reduce='amax', include_self=True)
Torch: 2.12.0+cu130
Using GPU:  NVIDIA L40S
44.776: (grasp right shot6)
44.776: (grasp right shot5)
44.776: (grasp left shot5)
44.776: (grasp left shot6)
45.493: (grasp left shot3)
45.493: (grasp left shot2)
45.493: (grasp right shot2)
45.493: (grasp right shot3)
45.493: (grasp right shot1)
45.493: (grasp left shot1)
45.517: (grasp right shot4)
45.517: (grasp left shot4)
45.822: (grasp left shot7)
45.822: (grasp right shot7)
46.685: (grasp left shaker1)
46.685: (grasp right shaker1)
45.041: (grasp left shot6)
45.041: (grasp right shot5)
45.041: (grasp left shot5)
45.042: (grasp right shot6)
45.290: (fill-shot shot6 ingredient1 left right dispenser1)
45.290: (fill-shot shot6 ingredient1 right left dispenser1)
45.290: (fill-shot shot5 ingredient1 right left dispenser1)
45.290: (fill-shot shot5 ingredient1 left right dispenser1)
45.415: (fill-shot shot7 ingredient1 left right dispenser1)
45.415: (fill-shot shot7 ingredient1 right left dispenser1)
45.417: (grasp left shot5)
45.417: (grasp left shot6)
45.417: (grasp right shot5)
45.417: (grasp right shot6)
45.417: (grasp right shot7)
45.417: (grasp left shot7)
45.417: (grasp right shot7)
45.417: (grasp left shot7)
45.564: (fill-shot shot6 ingredient2 right left dispenser2)
45.564: (fill-shot shot5 ingredient2 right left dispenser2)
43.367: (pour-shot-to-clean-shaker shot6 ingredient1 shaker1 right l0 l1)
43.367: (pour-shot-to-clean-shaker shot6 ingredient1 shaker1 left l0 l1)
43.367: (pour-shot-to-clean-shaker shot5 ingredient1 shaker1 right l0 l1)
43.367: (pour-shot-to-clean-shaker shot5 ingredient1 shaker1 left l0 l1)
44.941: (pour-shot-to-clean-shaker shot7 ingredient1 shaker1 left l0 l1)
44.942: (pour-shot-to-clean-shaker shot7 ingredient1 shaker1 right l0 l1)
45.135: (grasp left shot5)
45.135: (grasp left shot6)
45.252: (leave right shot6)
45.252: (leave right shot5)
45.427: (grasp left shot6)
45.428: (grasp left shot5)
45.428: (grasp right shot6)
45.428: (grasp right shot5)
45.489: (grasp left shot7)
45.489: (grasp left shot7)
45.551: (empty-shot left shot6 ingredient1)
45.551: (empty-shot right shot6 ingredient1)
45.551: (empty-shot left shot5 ingredient1)
45.551: (empty-shot right shot5 ingredient1)
42.310: (clean-shot shot6 ingredient1 left right)
42.310: (clean-shot shot6 ingredient1 right left)
42.310: (clean-shot shot5 ingredient1 left right)
42.310: (clean-shot shot5 ingredient1 right left)
43.251: (clean-shot shot7 ingredient1 right left)
43.251: (clean-shot shot7 ingredient1 left right)
43.705: (refill-shot shot6 ingredient1 right left dispenser1)
43.705: (refill-shot shot6 ingredient1 left right dispenser1)
43.705: (refill-shot shot5 ingredient1 right left dispenser1)
43.705: (refill-shot shot5 ingredient1 left right dispenser1)
43.742: (grasp right shot6)
43.743: (grasp left shot5)
43.743: (grasp right shot5)
43.743: (grasp left shot6)
43.979: (leave left shot7)
43.979: (leave right shot7)
44.012: (grasp left shot6)
44.012: (grasp left shot5)
44.013: (grasp right shot5)
44.013: (grasp right shot6)
42.711: (grasp right shot5)
42.711: (grasp left shot5)
42.711: (grasp right shot6)
42.711: (grasp left shot6)
42.916: (fill-shot shot6 ingredient2 left right dispenser2)
42.916: (fill-shot shot5 ingredient2 right left dispenser2)
42.916: (fill-shot shot5 ingredient2 left right dispenser2)
42.916: (fill-shot shot6 ingredient2 right left dispenser2)
42.963: (leave left shot7)
42.963: (leave right shot7)
42.963: (leave right shot7)
42.963: (grasp right shot6)
42.963: (grasp right shot5)
42.963: (grasp left shot5)
42.963: (grasp left shot6)
42.963: (leave left shot7)
43.042: (leave right shot6)
43.042: (leave left shot5)
43.042: (leave left shot6)
43.042: (leave right shot5)
42.568: (leave left shot6)
42.568: (leave right shot5)
42.568: (leave left shot5)
42.568: (leave right shot6)
42.725: (grasp left shot5)
42.725: (grasp right shot5)
42.725: (grasp left shot6)
42.726: (grasp right shot6)
43.031: (grasp right shot7)
43.031: (grasp left shot7)
43.031: (grasp right shot7)
43.031: (grasp left shot7)
43.314: (grasp left shot4)
43.314: (grasp right shot4)
43.314: (grasp right shot4)
43.314: (grasp left shot4)
43.353: (empty-shot right shot5 ingredient2)
43.353: (empty-shot left shot6 ingredient2)
43.353: (empty-shot left shot5 ingredient2)
43.353: (empty-shot right shot6 ingredient2)
41.754: (grasp right shot5)
41.754: (grasp left shot6)
41.754: (grasp left shot5)
41.754: (leave right shot5)
41.754: (leave left shot6)
41.754: (leave left shot5)
41.754: (leave right shot6)
41.754: (grasp right shot6)
42.360: (leave right shot6)
42.360: (leave left shot6)
42.360: (grasp left shot4)
42.360: (grasp left shot4)
42.360: (leave right shot5)
42.360: (leave left shot5)
42.360: (grasp right shot4)
42.360: (grasp right shot4)
42.505: (grasp right shot7)
42.505: (leave left shot6)
42.505: (leave right shot5)
42.505: (leave right shot6)
42.297: (fill-shot shot6 ingredient2 left right dispenser2)
42.297: (fill-shot shot5 ingredient2 right left dispenser2)
42.297: (fill-shot shot6 ingredient2 right left dispenser2)
42.298: (fill-shot shot5 ingredient2 left right dispenser2)
42.460: (fill-shot shot7 ingredient2 right left dispenser2)
42.461: (fill-shot shot7 ingredient2 left right dispenser2)
42.461: (fill-shot shot7 ingredient2 left right dispenser2)
42.510: (grasp right shot6)
42.510: (grasp left shot5)
42.510: (grasp right shot7)
42.510: (grasp left shot7)
42.510: (grasp right shot7)
42.510: (grasp left shot7)
42.511: (grasp right shot5)
42.764: (grasp right shot4)
42.764: (grasp right shot4)
42.764: (grasp left shot4)
42.764: (grasp left shot4)
42.764: (grasp right shot5)
42.764: (grasp left shot5)
37.181: (pour-shot-to-used-shaker shot7 ingredient2 shaker1 left l1 l2)
37.181: (pour-shot-to-used-shaker shot7 ingredient2 shaker1 left l1 l2)
37.181: (pour-shot-to-used-shaker shot7 ingredient2 shaker1 right l1 l2)
39.089: (pour-shot-to-used-shaker shot5 ingredient2 shaker1 right l1 l2)
39.089: (pour-shot-to-used-shaker shot6 ingredient2 shaker1 left l1 l2)
39.089: (pour-shot-to-used-shaker shot6 ingredient2 shaker1 right l1 l2)
39.089: (pour-shot-to-used-shaker shot5 ingredient2 shaker1 left l1 l2)
42.108: (leave left shot6)
42.108: (leave left shot5)
42.108: (leave right shot6)
42.108: (leave right shot5)
42.444: (empty-shot right shot6 ingredient2)
42.444: (empty-shot right shot5 ingredient2)
42.444: (empty-shot left shot5 ingredient2)
42.444: (empty-shot left shot6 ingredient2)
42.504: (leave left shot6)
42.550: (grasp right shot5)
42.550: (grasp left shot5)
42.550: (grasp right shot6)
42.562: (grasp right shot7)
32.997: (refill-shot shot5 ingredient2 left right dispenser2)
32.997: (refill-shot shot6 ingredient2 right left dispenser2)
32.997: (refill-shot shot6 ingredient2 left right dispenser2)
32.997: (refill-shot shot5 ingredient2 right left dispenser2)
36.636: (grasp right shot5)
36.636: (grasp right shot6)
36.636: (grasp left shot5)
36.636: (pour-shot-to-used-shaker shot7 ingredient2 shaker1 left l1 l2)
36.636: (pour-shot-to-used-shaker shot7 ingredient2 shaker1 right l1 l2)
36.636: (pour-shot-to-used-shaker shot7 ingredient2 shaker1 left l1 l2)
36.719: (leave right shot7)
36.719: (leave left shot7)
36.719: (leave left shot7)
36.727: (grasp left shaker1)
36.727: (grasp right shaker1)
36.727: (grasp right shaker1)
37.053: (refill-shot shot7 ingredient2 right left dispenser2)
37.053: (refill-shot shot7 ingredient2 left right dispenser2)
37.053: (refill-shot shot7 ingredient2 left right dispenser2)
37.455: (grasp left shot6)
32.435: (grasp left shaker1)
32.435: (grasp right shaker1)
32.435: (grasp left shaker1)
32.435: (grasp right shaker1)
32.750: (leave right shot5)
32.750: (leave right shot6)
32.750: (leave left shot5)
32.750: (leave left shot6)
33.241: (grasp right shot5)
33.241: (grasp left shot6)
33.241: (grasp right shot6)
33.241: (grasp left shot5)
33.404: (grasp left shot7)
33.404: (grasp right shot7)
33.404: (grasp right shot7)
33.404: (grasp left shot7)
33.822: (grasp right shot1)
33.822: (grasp right shot2)
33.822: (grasp right shot3)
33.822: (grasp right shot3)
32.231: (grasp right shaker1)
32.231: (grasp left shaker1)
32.231: (leave right shot5)
32.231: (leave left shot6)
32.231: (leave right shot6)
32.231: (leave left shot5)
33.196: (leave left shot6)
33.196: (leave right shot5)
33.196: (leave left shot5)
33.196: (grasp right shot7)
33.196: (grasp left shot7)
33.196: (leave right shot6)
33.566: (leave left shot5)
33.566: (leave left shot6)
33.566: (leave left shot6)
33.566: (grasp left shot1)
33.566: (grasp left shot2)
33.566: (grasp left shot3)
33.566: (leave left shot6)
33.566: (grasp right shot1)
31.099: (fill-shot shot7 ingredient2 left right dispenser2)
31.099: (fill-shot shot7 ingredient2 right left dispenser2)
31.122: (fill-shot shot7 ingredient1 right left dispenser1)
31.122: (fill-shot shot7 ingredient1 left right dispenser1)
33.300: (grasp right shot7)
33.300: (grasp right shaker1)
33.300: (grasp left shaker1)
33.300: (grasp left shot7)
33.454: (grasp left shaker1)
33.454: (grasp left shot2)
33.454: (grasp left shot3)
33.454: (grasp left shot1)
33.454: (grasp right shot2)
33.454: (grasp right shot3)
33.454: (grasp right shot1)
33.454: (grasp left shaker1)
33.454: (grasp right shaker1)
33.454: (grasp right shaker1)
33.454: (grasp left shaker1)
33.454: (grasp right shaker1)
30.078: (grasp left shaker1)
30.078: (grasp right shaker1)
30.106: (grasp right shaker1)
30.106: (grasp left shaker1)
30.806: (leave left shot7)
30.806: (leave right shot7)
30.838: (leave left shot7)
30.838: (leave right shot7)
31.185: (empty-shot left shot7 ingredient2)
31.185: (empty-shot right shot7 ingredient2)
31.192: (empty-shot left shot7 ingredient1)
31.192: (empty-shot right shot7 ingredient1)
31.363: (grasp left shot5)
31.363: (grasp left shot6)
31.363: (grasp right shot6)
31.363: (grasp right shot5)
31.384: (grasp left shot5)
31.384: (grasp left shot6)
31.385: (grasp right shot6)
31.385: (grasp right shot5)
29.781: (grasp left shaker1)
29.781: (grasp right shaker1)
29.781: (leave right shot7)
29.781: (leave left shot7)
29.817: (grasp left shaker1)
29.817: (leave right shot7)
29.817: (leave left shot7)
29.817: (grasp right shaker1)
30.164: (grasp right shaker1)
30.164: (grasp left shaker1)
30.164: (empty-shot left shot7 ingredient2)
30.164: (empty-shot right shot7 ingredient2)
30.173: (grasp right shaker1)
30.173: (grasp left shaker1)
30.173: (empty-shot right shot7 ingredient1)
30.173: (empty-shot left shot7 ingredient1)
30.862: (leave left shot7)
30.862: (leave right shot7)
30.882: (leave left shot7)
30.883: (leave right shot7)
29.838: (grasp left shaker1)
29.838: (leave right shot7)
29.838: (leave left shot7)
29.838: (grasp right shaker1)
29.861: (grasp right shaker1)
29.861: (leave right shot7)
29.861: (leave left shot7)
29.861: (grasp left shaker1)
30.044: (grasp right shot5)
30.044: (grasp right shot6)
30.044: (grasp left shot6)
30.044: (grasp left shot5)
30.081: (grasp right shot5)
30.081: (grasp right shot6)
30.081: (grasp left shot5)
30.081: (grasp left shot6)
30.698: (grasp right shot2)
30.698: (grasp right shot3)
30.698: (grasp right shot1)
30.698: (grasp left shot3)
30.102: (grasp right shot5)
30.102: (grasp right shot6)
30.102: (grasp left shot5)
30.102: (grasp left shot6)
30.124: (grasp left shot5)
30.124: (grasp left shot6)
30.124: (grasp right shot5)
30.124: (grasp right shot6)
30.731: (grasp left shot1)
30.731: (grasp left shot2)
30.731: (grasp right shot3)
30.731: (grasp left shot3)
30.731: (grasp right shot1)
30.731: (grasp right shot2)
30.737: (grasp right shot4)
30.737: (grasp left shot4)
30.750: (grasp right shot3)
30.750: (grasp left shot3)
30.750: (grasp left shot1)
30.750: (grasp left shot2)
31.124: (leave right shaker1)
31.124: (leave left shaker1)
31.124: (leave left shaker1)
31.124: (leave right shaker1)
31.144: (leave right shaker1)
31.144: (leave right shaker1)
31.144: (leave left shaker1)
31.144: (leave left shaker1)
31.692: (leave left shaker1)
31.692: (leave left shaker1)
31.692: (leave right shaker1)
31.692: (leave right shaker1)
31.692: (leave right shaker1)
31.692: (leave left shaker1)
31.699: (leave right shaker1)
31.699: (leave left shaker1)
31.711: (leave right shaker1)
31.711: (leave right shaker1)
31.711: (leave right shaker1)
31.711: (leave left shaker1)
31.373: (grasp left shot5)
31.373: (grasp right shot6)
31.373: (grasp left shot6)
31.373: (grasp right shot5)
31.393: (grasp right shot5)
31.393: (grasp right shot6)
31.393: (grasp left shot6)
31.393: (grasp left shot5)
31.448: (grasp left shot7)
31.448: (grasp right shot7)
31.448: (grasp left shot7)
31.448: (grasp right shot7)
31.455: (grasp left shot7)
31.455: (grasp left shot7)
31.455: (grasp right shot7)
31.455: (grasp right shot7)
31.956: (grasp left shot5)
31.956: (grasp left shot6)
31.956: (grasp right shot6)
31.956: (grasp right shot5)
36.600: (empty-shot left shot5 ingredient2)
36.600: (empty-shot right shot5 ingredient2)
36.600: (empty-shot left shot6 ingredient2)
36.600: (empty-shot right shot6 ingredient2)
36.617: (empty-shot left shot5 ingredient2)
36.617: (empty-shot right shot5 ingredient2)
36.617: (empty-shot left shot6 ingredient2)
36.617: (empty-shot right shot6 ingredient2)
36.619: (empty-shot left shot6 ingredient2)
36.619: (empty-shot right shot5 ingredient2)
36.619: (empty-shot left shot5 ingredient2)
36.619: (empty-shot right shot6 ingredient2)
36.624: (empty-shot left shot5 ingredient2)
36.624: (empty-shot left shot6 ingredient2)
36.624: (empty-shot right shot5 ingredient2)
36.625: (empty-shot right shot6 ingredient2)
37.522: (empty-shot right shot5 ingredient2)
37.522: (empty-shot left shot5 ingredient2)
37.522: (empty-shot right shot6 ingredient2)
37.522: (empty-shot left shot6 ingredient2)
36.365: (leave left shot7)
36.365: (leave left shot7)
36.365: (leave right shot2)
36.365: (leave right shot7)
36.365: (leave left shot2)
36.365: (leave right shot2)
36.365: (leave right shot7)
36.365: (leave left shot2)
36.365: (leave left shot5)
36.365: (leave right shot5)
36.365: (leave left shot6)
36.365: (leave right shot6)
36.381: (leave left shot5)
36.381: (leave right shot7)
36.381: (leave right shot7)
36.381: (leave left shot7)
36.381: (leave left shot7)
36.381: (leave left shot6)
36.381: (leave right shot5)
36.381: (leave right shot6)
36.351: (grasp right shaker1)
36.351: (grasp right shaker1)
36.351: (grasp left shaker1)
36.351: (grasp left shaker1)
36.368: (grasp left shaker1)
36.368: (grasp right shaker1)
36.368: (grasp left shaker1)
36.368: (grasp right shaker1)
36.404: (clean-shot shot5 ingredient2 left right)
36.404: (clean-shot shot5 ingredient2 right left)
36.404: (clean-shot shot6 ingredient2 left right)
36.404: (clean-shot shot6 ingredient2 right left)
36.409: (clean-shot shot5 ingredient2 left right)
36.409: (clean-shot shot6 ingredient2 left right)
36.409: (clean-shot shot5 ingredient2 right left)
36.409: (clean-shot shot6 ingredient2 right left)
36.969: (leave left shot5)
36.969: (leave right shot6)
36.969: (leave right shot5)
36.969: (leave left shot6)
36.441: (grasp left shaker1)
36.441: (grasp right shaker1)
36.441: (grasp right shaker1)
36.441: (grasp left shaker1)
36.445: (grasp left shaker1)
36.445: (grasp left shaker1)
36.445: (grasp right shaker1)
36.445: (grasp right shaker1)
36.628: (grasp left shot7)
36.628: (grasp left shot7)
36.628: (grasp right shot7)
36.629: (grasp right shot7)
36.636: (grasp right shot7)
36.653: (grasp left shot5)
36.653: (grasp left shot6)
36.653: (grasp right shot5)
36.653: (grasp right shot6)
36.660: (grasp left shaker1)
36.660: (grasp left shaker1)
36.660: (grasp right shaker1)
36.431: (leave left shot6)
36.431: (leave left shot5)
36.431: (leave right shot6)
36.431: (leave right shot5)
36.450: (leave right shot6)
36.450: (leave right shot5)
36.450: (leave left shot5)
36.450: (leave left shot6)
36.879: (grasp left shot5)
36.879: (grasp right shot5)
36.879: (grasp right shot6)
36.906: (grasp left shot7)
36.906: (grasp right shot7)
36.906: (grasp right shot7)
37.148: (leave left shot5)
37.148: (leave right shot5)
37.148: (leave right shot6)
37.148: (leave left shot6)
37.181: (leave left shot6)
37.186: (leave left shot6)
36.718: (grasp left shot7)
36.718: (grasp left shot7)
36.718: (grasp right shot7)
36.718: (grasp right shot7)
36.718: (grasp left shaker1)
36.721: (grasp right shaker1)
36.721: (grasp right shaker1)
36.721: (grasp left shaker1)
36.721: (grasp right shot6)
36.721: (grasp left shot5)
36.721: (grasp right shot5)
36.721: (grasp left shot6)
36.721: (grasp left shaker1)
36.725: (grasp right shot5)
36.726: (grasp left shot6)
36.726: (grasp right shot6)
36.726: (grasp left shot5)
36.727: (grasp right shot7)
36.728: (grasp left shaker1)
36.752: (leave left shaker1)
37.161: (grasp left shot5)
37.161: (leave left shaker1)
37.161: (leave right shaker1)
37.161: (grasp right shot5)
37.161: (leave left shaker1)
37.161: (leave right shaker1)
37.186: (grasp left shot7)
37.186: (leave right shaker1)
37.186: (leave right shaker1)
37.186: (leave left shaker1)
37.604: (grasp right shot1)
37.604: (grasp right shot3)
37.604: (grasp right shot2)
37.605: (grasp left shot2)
37.605: (grasp left shot1)
37.605: (grasp left shot3)
37.649: (grasp left shot4)
37.649: (grasp right shot4)
42.912: (empty-shot left shot6 ingredient2)
42.912: (empty-shot left shot5 ingredient2)
36.661: (grasp left shot6)
36.661: (grasp right shot6)
36.661: (grasp left shot5)
36.661: (grasp right shot5)
36.752: (leave left shot7)
36.752: (leave right shot6)
36.752: (leave right shot7)
36.752: (leave left shot6)
37.105: (refill-shot shot7 ingredient1 left right dispenser1)
37.105: (refill-shot shot7 ingredient1 left right dispenser1)
37.105: (refill-shot shot7 ingredient1 right left dispenser1)
37.453: (grasp left shot7)
37.453: (grasp left shot7)
37.453: (grasp right shot7)
37.453: (grasp right shot7)
37.454: (grasp right shot5)
37.454: (grasp left shot6)
37.454: (grasp right shot6)
37.582: (grasp right shot6)
37.582: (grasp left shot6)
36.557: (grasp right shot6)
36.557: (grasp left shot5)
36.557: (grasp right shot5)
36.643: (grasp right shaker1)
36.643: (grasp left shaker1)
36.643: (grasp right shaker1)
36.713: (leave right shot7)
36.713: (leave left shot7)
36.714: (leave left shot7)
37.371: (grasp right shot5)
37.371: (grasp right shot6)
37.371: (grasp left shot6)
37.604: (grasp left shot2)
37.604: (grasp left shot3)
37.604: (grasp left shot1)
37.605: (grasp right shot1)
37.605: (grasp right shot3)
37.605: (grasp right shot2)
37.649: (grasp right shot4)
37.649: (grasp left shot4)
36.391: (grasp right shot6)
36.391: (grasp left shot6)
36.391: (leave left shot7)
36.391: (leave right shot7)
36.391: (leave left shot7)
36.391: (grasp right shot5)
36.391: (grasp left shot5)
36.436: (grasp right shaker1)
36.437: (leave right shot7)
36.437: (leave left shot7)
36.437: (leave left shot7)
36.437: (grasp left shaker1)
36.437: (grasp left shaker1)
36.437: (grasp right shaker1)
37.105: (grasp right shot7)
37.111: (grasp right shot6)
37.111: (grasp left shot6)
37.111: (grasp right shot5)
37.111: (leave left shot7)
37.111: (grasp left shot5)
31.099: (fill-shot shot5 ingredient2 left right dispenser2)
31.099: (fill-shot shot5 ingredient2 right left dispenser2)
31.099: (fill-shot shot6 ingredient2 left right dispenser2)
31.099: (fill-shot shot6 ingredient2 right left dispenser2)
36.424: (grasp right shaker1)
36.424: (grasp left shaker1)
36.424: (grasp left shaker1)
36.424: (grasp left shot6)
36.424: (grasp right shaker1)
36.424: (grasp left shot5)
36.424: (grasp right shot6)
36.424: (grasp right shot5)
36.557: (grasp left shot6)
36.557: (grasp right shot7)
36.642: (grasp right shot7)
36.642: (grasp left shaker1)
36.644: (grasp left shot6)
36.644: (grasp right shot5)
36.644: (grasp right shot6)
36.644: (grasp right shot5)
31.348: (grasp left shot5)
31.348: (grasp left shot6)
31.348: (grasp right shot5)
31.348: (grasp right shot6)
31.929: (grasp right shot1)
31.929: (grasp right shot2)
31.929: (grasp right shot2)
31.929: (grasp left shot2)
31.929: (grasp left shot1)
31.929: (grasp right shot3)
31.929: (grasp left shot1)
31.929: (grasp left shot2)
31.929: (grasp left shot3)
31.929: (grasp right shot1)
31.929: (grasp right shot3)
31.929: (grasp left shot3)
31.936: (grasp right shot4)
31.937: (grasp left shot4)
31.937: (grasp right shot4)
31.937: (grasp left shot4)
31.665: (leave right shot5)
31.665: (leave left shot6)
31.665: (leave left shot6)
31.665: (leave right shot6)
31.665: (leave left shot5)
31.665: (leave left shot5)
31.665: (leave right shot6)
31.665: (leave left shot6)
31.665: (leave right shot5)
31.665: (leave right shot6)
31.665: (leave right shot5)
31.665: (leave left shot5)
31.673: (leave right shot6)
31.673: (leave left shot5)
31.673: (leave left shot6)
31.673: (leave right shot5)
36.602: (empty-shot left shot6 ingredient2)
36.602: (empty-shot right shot5 ingredient2)
36.602: (empty-shot left shot5 ingredient2)
36.602: (empty-shot right shot6 ingredient2)
30.743: (grasp left shaker1)
30.743: (grasp right shaker1)
30.743: (grasp left shaker1)
30.743: (grasp right shaker1)
30.743: (grasp right shaker1)
30.743: (grasp left shaker1)
30.749: (grasp right shaker1)
30.750: (grasp left shaker1)
31.950: (grasp right shot7)
31.950: (grasp left shot7)
31.950: (grasp left shot7)
31.950: (grasp left shot7)
31.950: (grasp right shot7)
31.950: (grasp right shot7)
31.957: (grasp right shot7)
31.958: (grasp left shot7)
32.500: (grasp right shot4)
32.500: (grasp left shot1)
32.500: (grasp right shot3)
32.500: (grasp right shot2)
32.022: (empty-shot left shot7 ingredient1)
32.022: (empty-shot left shot7 ingredient1)
32.022: (empty-shot right shot7 ingredient1)
32.022: (empty-shot left shot7 ingredient1)
32.022: (empty-shot right shot7 ingredient1)
32.022: (empty-shot right shot7 ingredient1)
32.028: (empty-shot right shot7 ingredient1)
32.028: (empty-shot left shot7 ingredient1)
inf: (leave left shot4)
inf: (leave right shot1)
inf: (leave left shot7)
inf: (leave left shot3)
inf: (leave right shot7)
inf: (leave left shot1)
inf: (leave right shot7)
inf: (leave left shot7)
inf: (leave right shot7)
inf: (leave right shot4)
inf: (leave left shot7)
inf: (leave left shot1)
31.711: (leave left shot7)
31.711: (leave left shot7)
31.717: (leave right shot7)
31.717: (leave left shot7)
inf: (leave right shot3)
inf: (leave left shot7)
inf: (leave right shot2)
inf: (leave left shot2)
inf: (leave right shot7)
inf: (leave right shot1)
inf: (leave left shot3)
inf: (leave right shot7)
inf: (leave left shot1)
inf: (leave right shot7)
inf: (leave left shot4)
inf: (leave right shot4)
30.750: (grasp left shaker1)
30.750: (grasp left shaker1)
30.756: (grasp right shaker1)
30.756: (grasp left shaker1)
31.975: (grasp left shot6)
31.975: (grasp left shot5)
31.975: (grasp left shot5)
31.975: (grasp left shot6)
31.981: (grasp right shot5)
31.981: (grasp right shot6)
31.981: (grasp left shot5)
31.981: (grasp left shot6)
32.547: (grasp right shot3)
32.547: (grasp left shot3)
32.547: (grasp left shot1)
32.547: (grasp right shot2)
32.547: (grasp left shot2)
32.547: (grasp left shot4)
32.547: (grasp right shot1)
32.547: (grasp left shot4)
37.538: (empty-shot left shot6 ingredient2)
37.538: (empty-shot left shot5 ingredient2)
37.538: (empty-shot left shot6 ingredient2)
37.538: (empty-shot left shot5 ingredient2)
37.596: (empty-shot right shot6 ingredient2)
37.596: (empty-shot right shot5 ingredient2)
37.596: (empty-shot left shot5 ingredient2)
37.596: (empty-shot left shot6 ingredient2)
inf: (leave left shot4)
inf: (leave left shot5)
inf: (leave right shot4)
inf: (leave left shot6)
inf: (leave right shot4)
inf: (leave right shot3)
inf: (leave left shot4)
inf: (leave left shot3)
inf: (leave right shot4)
inf: (leave left shot1)
inf: (leave right shot4)
inf: (leave right shot2)
37.795: (leave left shot5)
37.795: (leave left shot6)
37.795: (leave left shot6)
37.795: (leave left shot5)
37.841: (leave left shot6)
37.841: (leave right shot5)
37.841: (leave left shot5)
37.841: (leave right shot6)
inf: (leave right shot1)
inf: (leave right shot1)
inf: (leave right shot2)
inf: (leave right shot2)
inf: (leave left shot4)
inf: (leave left shot4)
inf: (leave right shot4)
inf: (leave right shot4)
36.979: (leave right shot4)
36.979: (leave left shot4)
36.979: (leave right shot4)
36.979: (leave right shot1)
36.979: (leave right shot1)
36.979: (leave right shot2)
36.979: (leave right shot2)
36.979: (leave left shot4)
37.826: (grasp left shaker1)
37.826: (grasp left shaker1)
37.826: (grasp left shaker1)
37.826: (grasp left shaker1)
37.883: (grasp left shaker1)
37.883: (grasp left shaker1)
37.883: (grasp right shaker1)
37.883: (grasp right shaker1)
38.025: (grasp left shot5)
38.026: (grasp left shot5)
38.026: (grasp left shot6)
38.026: (grasp left shot6)
36.671: (grasp right shaker1)
36.671: (leave right shot2)
36.671: (leave right shot2)
36.671: (leave right shot1)
36.671: (leave right shot1)
36.671: (leave right shot4)
36.671: (grasp right shaker1)
36.671: (grasp left shaker1)
36.671: (grasp left shaker1)
36.671: (leave left shot4)
36.671: (leave right shot4)
36.671: (leave left shot4)
37.236: (leave right shot1)
37.236: (leave right shot1)
37.236: (leave right shot2)
37.236: (leave right shot2)
37.236: (grasp right shot6)
37.236: (grasp left shot6)
37.236: (grasp right shot5)
37.236: (grasp left shot5)
36.891: (grasp left shaker1)
36.891: (grasp right shot6)
36.891: (grasp right shot5)
36.891: (grasp right shaker1)
36.891: (grasp left shaker1)
36.891: (grasp left shot5)
36.891: (grasp right shaker1)
36.891: (grasp left shot6)
36.902: (grasp right shot7)
36.902: (grasp right shot7)
36.902: (grasp left shot7)
36.902: (grasp left shot7)
37.541: (grasp right shot7)
37.542: (grasp right shot7)
37.542: (grasp left shot7)
37.542: (grasp left shot7)
37.826: (grasp left shot2)
37.826: (grasp left shot1)
37.826: (grasp left shot3)
37.826: (grasp right shot3)
37.272: (leave left shot6)
37.272: (leave right shaker1)
37.272: (leave left shot5)
37.272: (leave left shaker1)
37.272: (leave left shaker1)
37.272: (leave right shot6)
37.272: (leave right shaker1)
37.272: (leave right shot5)
37.795: (leave right shaker1)
37.795: (leave right shaker1)
37.795: (leave right shaker1)
37.795: (leave left shaker1)
43.374: (empty-shot right shot6 ingredient2)
43.374: (empty-shot left shot5 ingredient2)
43.374: (empty-shot right shot5 ingredient2)
43.374: (empty-shot left shot6 ingredient2)
43.609: (empty-shot left shot6 ingredient2)
43.609: (empty-shot left shot5 ingredient2)
43.609: (empty-shot right shot5 ingredient2)
43.609: (empty-shot right shot6 ingredient2)
37.191: (refill-shot shot7 ingredient1 left right dispenser1)
37.191: (refill-shot shot7 ingredient1 right left dispenser1)
37.191: (refill-shot shot7 ingredient1 right left dispenser1)
37.191: (refill-shot shot7 ingredient1 left right dispenser1)
37.538: (grasp right shot6)
37.538: (grasp right shot6)
37.538: (grasp right shot6)
37.538: (grasp left shot5)
38.025: (grasp right shot5)
38.025: (grasp right shot5)
38.025: (grasp right shot5)
38.026: (grasp left shot6)
38.058: (grasp left shot7)
38.058: (grasp right shot3)
38.058: (grasp right shot2)
38.058: (grasp right shot1)
38.058: (grasp right shot7)
38.058: (grasp left shot1)
38.058: (grasp left shot2)
38.058: (grasp left shot3)
36.548: (grasp right shot5)
36.548: (grasp left shot6)
36.548: (grasp left shot5)
36.548: (grasp right shot6)
36.829: (grasp right shaker1)
36.829: (grasp left shaker1)
36.829: (grasp left shaker1)
36.829: (grasp right shaker1)
36.928: (leave right shot7)
36.928: (leave left shot7)
36.928: (leave left shot7)
36.928: (leave right shot7)
37.462: (grasp right shot5)
37.462: (grasp left shot6)
37.462: (grasp right shot6)
37.462: (grasp left shot5)
37.795: (leave right shot7)
37.795: (leave right shot7)
37.795: (leave right shot7)
37.976: (grasp left shot1)
36.363: (grasp right shot6)
36.363: (grasp left shot5)
36.363: (grasp left shot6)
36.363: (grasp right shot5)
36.363: (leave right shot7)
36.363: (leave left shot7)
36.363: (leave right shot7)
36.363: (leave left shot7)
36.650: (grasp left shaker1)
36.650: (grasp right shaker1)
36.650: (grasp right shaker1)
36.650: (leave left shot7)
36.650: (leave right shot7)
36.650: (grasp left shaker1)
36.650: (leave right shot7)
36.650: (leave left shot7)
37.186: (grasp right shot6)
37.186: (leave left shot7)
37.186: (grasp left shot6)
37.186: (leave left shot7)
36.349: (grasp left shaker1)
36.349: (grasp right shaker1)
36.349: (grasp right shot5)
36.349: (grasp left shaker1)
36.349: (grasp right shaker1)
36.349: (grasp left shot5)
36.349: (grasp left shot6)
36.349: (grasp right shot6)
36.871: (grasp right shot6)
36.872: (grasp right shot5)
36.872: (grasp left shot5)
36.872: (grasp left shot6)
36.872: (grasp left shaker1)
36.872: (grasp right shaker1)
36.872: (grasp left shaker1)
37.517: (grasp right shot2)
37.517: (grasp left shot1)
37.517: (grasp right shot1)
37.517: (grasp left shot2)
37.517: (grasp left shot3)
37.186: (leave right shaker1)
37.766: (leave right shot6)
37.766: (leave left shot5)
37.766: (leave right shot6)
37.766: (leave right shot6)
37.766: (leave left shot5)
43.354: (empty-shot right shot6 ingredient2)
43.354: (empty-shot right shot5 ingredient2)
43.354: (empty-shot left shot5 ingredient2)
43.354: (empty-shot left shot6 ingredient2)
inf: (leave right shot2)
inf: (leave left shot1)
inf: (leave right shot1)
inf: (leave left shot2)
inf: (leave right shaker1)
inf: (leave right shot5)
inf: (leave left shot3)
inf: (leave left shot6)
inf: (leave left shot5)
inf: (leave left shaker1)
37.803: (grasp left shaker1)
37.803: (grasp right shaker1)
37.803: (grasp right shaker1)
37.803: (grasp right shaker1)
37.803: (grasp left shaker1)
37.976: (grasp right shot7)
37.976: (grasp left shot7)
37.976: (grasp right shot7)
37.977: (grasp right shot7)
37.977: (grasp left shot7)
37.989: (grasp right shot5)
37.989: (grasp right shot2)
37.989: (grasp right shot1)
37.989: (grasp right shot3)
37.989: (grasp left shot6)
37.989: (grasp right shot5)
37.989: (grasp left shot6)
37.989: (grasp right shot5)
38.041: (grasp right shot4)
38.948: (grasp left shot1)
37.766: (leave right shot2)
37.766: (leave left shot5)
37.766: (leave left shot5)
37.766: (leave left shot5)
37.816: (leave left shot5)
38.058: (empty-shot right shot7 ingredient1)
38.058: (empty-shot right shot7 ingredient1)
44.491: (empty-shot right shot5 ingredient2)
44.491: (empty-shot right shot5 ingredient2)
44.491: (empty-shot left shot6 ingredient2)
44.491: (empty-shot left shot6 ingredient2)
44.491: (empty-shot left shot5 ingredient2)
44.491: (empty-shot left shot5 ingredient2)
44.491: (empty-shot left shot5 ingredient2)
44.491: (empty-shot right shot5 ingredient2)
44.581: (empty-shot left shot5 ingredient2)
inf: (leave right shot1)
inf: (leave left shot2)
inf: (leave right shot3)
inf: (leave left shot6)
37.517: (grasp left shot6)
37.517: (grasp right shot5)
37.517: (grasp left shot6)
37.517: (grasp left shot6)
37.578: (grasp left shot6)
37.803: (grasp left shaker1)
37.803: (grasp left shaker1)
37.803: (grasp left shaker1)
37.803: (grasp right shaker1)
37.863: (grasp left shaker1)
37.976: (grasp left shot7)
37.976: (grasp left shot7)
37.976: (grasp left shot7)
37.989: (grasp right shot6)
38.024: (grasp left shot7)
38.948: (grasp left shot1)
38.948: (grasp left shot2)
38.948: (grasp left shot3)
38.948: (grasp left shot3)
38.948: (grasp left shot2)
38.058: (empty-shot left shot7 ingredient1)
38.058: (empty-shot left shot7 ingredient1)
38.058: (empty-shot left shot7 ingredient1)
38.102: (empty-shot left shot7 ingredient1)
44.491: (empty-shot right shot6 ingredient2)
inf: (leave right shot4)
inf: (leave left shot6)
inf: (leave left shot7)
inf: (leave left shot2)
inf: (leave right shot3)
inf: (leave left shot7)
inf: (leave right shot2)
inf: (leave right shot6)
inf: (leave left shot1)
inf: (leave left shot3)
inf: (leave left shot7)
inf: (leave right shot1)
inf: (leave right shot3)
inf: (leave left shot1)
inf: (leave left shot2)
37.795: (leave left shot7)
43.322: (leave left shot1)
44.687: (leave right shot6)
inf: (leave right shot3)
inf: (leave right shot2)
inf: (leave left shot7)
inf: (leave right shot1)
inf: (leave left shot7)
inf: (leave right shot4)
inf: (leave left shot7)
37.538: (grasp left shot6)
37.826: (grasp left shaker1)
38.026: (grasp left shot5)
38.970: (grasp left shot1)
38.970: (grasp left shot2)
39.018: (grasp left shot4)
39.751: (fill-shot shot3 ingredient1 right left dispenser1)
40.275: (fill-shot shot3 ingredient2 right left dispenser2)
43.118: (grasp left shot5)
43.235: (clean-shot shot6 ingredient2 right left)
43.475: (leave right shot6)
43.475: (leave left shot1)
43.539: (grasp left shot7)
44.491: (grasp left shot3)
44.491: (grasp left shot2)
44.581: (grasp left shot4)
44.858: (grasp right shaker1)
45.084: (grasp right shot7)
45.947: (grasp right shot3)
45.947: (grasp right shot2)
39.134: (leave right shot3)
39.336: (leave right shot3)
39.711: (grasp left shot6)
39.764: (empty-shot right shot3 ingredient1)
39.808: (empty-shot right shot3 ingredient2)
39.883: (grasp left shaker1)
40.181: (grasp left shot5)
40.218: (grasp left shot7)
40.293: (grasp left shot6)
40.423: (grasp left shaker1)
40.714: (grasp left shot5)
40.730: (grasp left shot7)
40.961: (grasp left shot2)
40.961: (grasp left shot1)
41.054: (grasp left shot4)
41.498: (grasp left shot2)
41.498: (grasp left shot1)
41.592: (grasp left shot4)
42.857: (leave right shot6)
43.251: (grasp left shot5)
38.833: (leave right shot3)
38.833: (grasp right shot6)
38.833: (grasp left shot6)
38.964: (grasp left shaker1)
38.964: (grasp right shaker1)
38.964: (leave right shot3)
39.127: (leave right shot3)
39.127: (grasp right shot6)
39.127: (grasp left shot6)
39.226: (leave right shot3)
39.226: (grasp left shaker1)
39.226: (grasp right shaker1)
39.654: (grasp right shot5)
39.654: (grasp left shot5)
39.654: (leave right shot3)
39.715: (leave right shot3)
39.715: (grasp left shot7)
39.715: (grasp right shot7)
39.735: (empty-shot right shot3 ingredient1)
39.735: (grasp left shot6)
33.730: (refill-shot shot6 ingredient2 right left dispenser2)
33.730: (refill-shot shot6 ingredient2 left right dispenser2)
33.744: (refill-shot shot6 ingredient2 left right dispenser2)
33.744: (refill-shot shot6 ingredient2 right left dispenser2)
38.513: (clean-shot shot6 ingredient2 left right)
38.513: (clean-shot shot6 ingredient2 right left)
38.693: (clean-shot shot6 ingredient2 right left)
38.693: (clean-shot shot6 ingredient2 left right)
38.943: (grasp left shaker1)
38.943: (grasp right shaker1)
38.943: (grasp left shot6)
38.943: (grasp right shot6)
39.251: (grasp left shot6)
39.251: (grasp right shot6)
39.251: (grasp left shaker1)
39.251: (grasp right shaker1)
39.287: (grasp left shot5)
39.287: (grasp right shot6)
39.287: (grasp left shot6)
39.287: (grasp right shot5)
32.698: (grasp left shaker1)
32.698: (grasp right shaker1)
32.722: (grasp left shaker1)
32.722: (grasp right shaker1)
32.885: (grasp right shot3)
32.885: (grasp left shot3)
32.952: (grasp right shot3)
32.952: (grasp left shot3)
33.431: (leave left shot6)
33.431: (leave right shot6)
33.439: (leave right shot6)
33.439: (leave left shot6)
33.964: (grasp left shot5)
33.964: (grasp right shot5)
33.979: (grasp right shot5)
33.979: (grasp left shot5)
34.023: (grasp right shot7)
34.023: (grasp left shot7)
34.054: (grasp right shot7)
34.054: (grasp left shot7)
32.441: (grasp left shaker1)
32.441: (grasp right shaker1)
32.441: (leave left shot6)
32.441: (leave right shot6)
32.476: (grasp left shaker1)
32.476: (grasp right shaker1)
32.476: (leave right shot6)
32.476: (leave left shot6)
32.690: (grasp right shot3)
32.690: (grasp left shot3)
32.690: (leave left shot6)
32.690: (leave right shot6)
32.770: (grasp left shot3)
32.770: (grasp right shot3)
32.770: (leave left shot6)
32.770: (leave right shot6)
33.039: (empty-shot right shot3 ingredient1)
33.039: (empty-shot left shot3 ingredient1)
33.054: (empty-shot right shot3 ingredient2)
33.054: (empty-shot left shot3 ingredient2)
32.698: (grasp right shot5)
32.698: (grasp left shot5)
32.722: (grasp right shot5)
32.722: (grasp left shot5)
32.741: (grasp right shot7)
32.741: (grasp left shot7)
32.769: (grasp left shot3)
32.769: (grasp left shaker1)
32.769: (grasp right shot3)
32.770: (grasp right shaker1)
32.798: (grasp right shot7)
32.798: (grasp left shot7)
32.848: (empty-shot right shot3 ingredient2)
32.848: (empty-shot left shot3 ingredient2)
32.848: (leave right shot6)
32.848: (leave left shot6)
32.854: (leave right shot6)
32.854: (leave left shot6)
32.854: (empty-shot right shot3 ingredient1)
32.855: (empty-shot left shot3 ingredient1)
32.923: (empty-shot left shot3 ingredient2)
32.924: (empty-shot right shot3 ingredient2)
32.924: (grasp left shaker1)
32.924: (grasp right shaker1)
32.939: (grasp right shaker1)
32.939: (grasp left shaker1)
33.039: (grasp left shot5)
33.039: (grasp right shot5)
33.054: (grasp left shot5)
33.054: (grasp right shot5)
33.067: (grasp right shot7)
33.067: (grasp left shot7)
33.085: (grasp right shot7)
33.085: (grasp left shot7)
33.730: (leave right shaker1)
33.730: (leave left shaker1)
33.744: (leave left shaker1)
33.744: (leave right shaker1)
33.770: (leave left shot3)
33.770: (leave right shot3)
32.885: (grasp left shot3)
32.885: (grasp right shot3)
32.952: (grasp right shot3)
32.952: (grasp left shot3)
33.264: (grasp left shaker1)
33.264: (grasp right shaker1)
33.264: (leave right shot3)
33.264: (leave left shot3)
33.270: (leave left shot3)
33.270: (leave right shot3)
34.023: (grasp right shot7)
34.023: (grasp left shot7)
34.054: (grasp right shot7)
34.054: (grasp left shot7)
34.062: (grasp right shot5)
34.062: (grasp right shot6)
34.062: (grasp left shot6)
34.062: (grasp left shot5)
34.062: (leave left shot3)
34.062: (leave right shot3)
33.452: (grasp left shaker1)
33.452: (grasp right shaker1)
33.452: (grasp left shaker1)
33.452: (grasp right shaker1)
33.452: (grasp right shot5)
33.452: (grasp right shot6)
33.452: (grasp left shot5)
33.452: (grasp left shot6)
33.470: (grasp left shot6)
33.470: (grasp left shot5)
33.470: (grasp right shot6)
33.470: (grasp right shot5)
33.489: (grasp right shot7)
33.489: (grasp left shot7)
33.504: (grasp left shot7)
33.504: (grasp right shot7)
33.772: (leave left shot5)
33.772: (leave right shot5)
33.799: (leave left shaker1)
33.799: (leave right shaker1)
32.906: (grasp left shot3)
32.906: (grasp right shot3)
33.697: (refill-shot shot7 ingredient1 right left dispenser1)
33.697: (refill-shot shot7 ingredient1 left right dispenser1)
34.084: (leave left shaker1)
34.084: (leave left shaker1)
34.084: (leave right shaker1)
34.084: (leave right shaker1)
34.085: (grasp left shot5)
34.085: (grasp left shot6)
34.085: (grasp right shot5)
34.085: (grasp right shot6)
34.128: (grasp left shot7)
34.128: (leave left shaker1)
34.128: (leave right shaker1)
34.128: (grasp right shot7)
34.134: (leave left shaker1)
34.134: (leave right shaker1)
34.584: (grasp left shot1)
34.584: (grasp left shot2)
32.671: (grasp left shaker1)
32.671: (grasp right shaker1)
32.857: (grasp left shot3)
32.857: (grasp right shot3)
33.392: (leave left shot7)
33.392: (leave right shot7)
33.949: (grasp left shot5)
33.950: (grasp right shot6)
33.950: (grasp right shot5)
33.950: (grasp left shot6)
34.050: (refill-shot shot7 ingredient1 left right dispenser1)
34.050: (refill-shot shot7 ingredient1 right left dispenser1)
34.055: (refill-shot shot7 ingredient1 right left dispenser1)
34.055: (refill-shot shot7 ingredient1 left right dispenser1)
34.281: (leave right shot7)
34.281: (leave right shot7)
34.317: (grasp right shot5)
34.317: (grasp right shot6)
34.317: (grasp left shot5)
34.318: (grasp left shot6)
32.394: (grasp right shaker1)
32.394: (leave right shot7)
32.394: (leave left shot7)
32.394: (grasp left shaker1)
32.687: (grasp right shot3)
32.687: (leave left shot7)
32.687: (leave right shot7)
32.687: (grasp left shot3)
33.016: (empty-shot right shot3 ingredient2)
33.016: (empty-shot left shot3 ingredient2)
33.017: (grasp left shot3)
33.017: (grasp right shot3)
33.017: (grasp left shot3)
33.017: (grasp right shot3)
33.406: (grasp right shaker1)
33.406: (grasp right shaker1)
33.434: (grasp right shaker1)
33.434: (grasp left shaker1)
33.442: (grasp left shaker1)
33.442: (grasp right shaker1)
32.651: (grasp right shot5)
32.651: (grasp right shot6)
32.651: (grasp left shot6)
32.651: (grasp left shot5)
32.765: (grasp right shaker1)
32.765: (grasp left shaker1)
32.765: (grasp right shot3)
32.765: (grasp left shot3)
32.842: (leave right shot7)
32.843: (empty-shot right shot3 ingredient2)
32.843: (leave left shot7)
32.843: (empty-shot left shot3 ingredient2)
32.843: (leave right shot7)
32.843: (leave left shot7)
32.883: (grasp left shot5)
32.883: (grasp left shot6)
32.883: (grasp right shot5)
32.883: (grasp right shot6)
33.252: (leave right shot7)
33.252: (leave left shot7)
32.764: (refill-shot shot3 ingredient1 left right dispenser1)
32.764: (refill-shot shot3 ingredient1 right left dispenser1)
32.919: (grasp right shaker1)
32.919: (empty-shot left shot3 ingredient2)
32.919: (empty-shot right shot3 ingredient2)
32.919: (grasp left shaker1)
32.924: (grasp left shaker1)
32.924: (grasp right shot3)
32.924: (grasp right shaker1)
32.924: (grasp left shot3)
33.027: (grasp left shot6)
33.027: (grasp left shot5)
33.027: (grasp right shot5)
33.027: (grasp right shot6)
33.049: (grasp left shot5)
33.049: (grasp left shot6)
33.049: (empty-shot left shot3 ingredient2)
33.049: (empty-shot left shot3 ingredient2)
33.049: (grasp right shot6)
33.049: (empty-shot right shot3 ingredient2)
32.851: (grasp left shaker1)
32.851: (grasp right shaker1)
32.934: (grasp left shot7)
32.934: (grasp right shot7)
32.947: (grasp left shot6)
32.947: (grasp left shot5)
32.947: (grasp right shot5)
32.947: (grasp right shot6)
33.267: (leave left shot3)
33.268: (leave right shot3)
33.399: (leave right shot3)
33.399: (leave left shot3)
33.979: (grasp right shot1)
33.979: (grasp left shot2)
33.979: (grasp right shot2)
33.979: (grasp left shot1)
33.983: (grasp right shot4)
33.983: (grasp left shot4)
34.014: (leave left shot3)
34.014: (leave left shot3)
32.426: (grasp right shaker1)
32.426: (grasp left shaker1)
32.426: (leave right shot3)
32.426: (leave left shot3)
33.002: (empty-shot left shot7 ingredient1)
33.002: (empty-shot right shot7 ingredient1)
33.438: (grasp left shaker1)
33.438: (grasp left shaker1)
33.467: (grasp left shot6)
33.467: (grasp left shot5)
33.467: (grasp right shot5)
33.467: (grasp right shot6)
33.694: (grasp left shot6)
33.694: (grasp left shot5)
33.694: (leave right shot3)
33.694: (grasp right shot5)
33.694: (leave right shot3)
33.694: (leave left shot3)
33.694: (leave left shot3)
33.694: (grasp right shot6)
32.671: (grasp right shaker1)
32.671: (grasp left shaker1)
32.671: (grasp right shaker1)
32.671: (grasp left shot5)
32.671: (grasp left shot6)
32.671: (grasp right shot5)
32.671: (grasp right shot6)
32.671: (grasp left shaker1)
32.712: (grasp left shot7)
32.712: (grasp right shot7)
33.434: (grasp right shot2)
33.434: (grasp left shot1)
33.434: (grasp right shot1)
33.434: (grasp left shot2)
33.438: (grasp right shot4)
33.438: (grasp left shot4)
33.817: (leave right shot3)
33.817: (leave left shot3)
33.930: (grasp right shot5)
33.930: (grasp right shot6)
33.731: (leave left shaker1)
33.731: (refill-shot shot7 ingredient1 right left dispenser1)
33.731: (leave right shaker1)
33.731: (refill-shot shot7 ingredient1 left right dispenser1)
34.255: (leave left shaker1)
34.255: (leave right shaker1)
34.255: (leave left shaker1)
34.255: (leave right shaker1)
34.255: (leave left shaker1)
34.255: (leave right shaker1)
34.629: (grasp left shot4)
34.629: (grasp right shot4)
34.631: (grasp left shot1)
34.631: (grasp left shot2)
34.631: (grasp right shot2)
34.631: (grasp right shot1)
35.886: (clean-shot shot7 ingredient1 left right)
35.886: (clean-shot shot7 ingredient1 right left)
38.938: (empty-shot right shot6 ingredient2)
38.938: (empty-shot left shot5 ingredient2)
33.725: (fill-shot shot7 ingredient2 left right dispenser2)
33.725: (fill-shot shot7 ingredient2 right left dispenser2)
33.968: (grasp right shot6)
33.968: (grasp right shot5)
33.968: (grasp left shot5)
33.968: (grasp left shot6)
34.300: (leave right shot7)
34.300: (leave left shot7)
34.301: (leave left shot7)
34.301: (leave left shot7)
34.301: (leave right shot7)
34.301: (leave right shot7)
34.505: (grasp right shot6)
34.505: (grasp right shot5)
34.506: (grasp left shot5)
34.506: (grasp left shot6)
34.507: (grasp left shot5)
34.507: (grasp left shot6)
34.507: (grasp left shot6)
34.507: (grasp left shot5)
32.705: (grasp right shaker1)
32.705: (grasp left shaker1)
32.933: (grasp left shot3)
32.933: (grasp right shot3)
33.400: (leave right shot7)
33.400: (leave left shot7)
33.446: (grasp right shaker1)
33.446: (grasp right shaker1)
33.447: (grasp left shaker1)
33.447: (grasp left shaker1)
33.450: (grasp right shaker1)
33.450: (grasp left shaker1)
33.811: (empty-shot right shot7 ingredient2)
33.811: (empty-shot left shot7 ingredient2)
33.961: (grasp left shot5)
33.961: (grasp left shot6)
33.961: (grasp right shot6)
33.961: (grasp right shot5)
33.989: (grasp right shot3)
33.989: (grasp right shot3)
32.422: (grasp right shaker1)
32.422: (leave left shot7)
32.422: (leave right shot7)
32.422: (grasp left shaker1)
32.749: (leave left shot7)
32.749: (leave right shot7)
32.750: (grasp left shot3)
32.750: (grasp right shot3)
32.792: (grasp right shaker1)
32.792: (grasp left shaker1)
32.792: (empty-shot left shot7 ingredient2)
32.792: (empty-shot right shot7 ingredient2)
33.010: (grasp right shot3)
33.010: (empty-shot left shot7 ingredient2)
33.010: (empty-shot right shot7 ingredient2)
33.010: (grasp left shot3)
33.014: (empty-shot left shot3 ingredient1)
33.014: (empty-shot right shot3 ingredient1)
33.447: (leave right shot7)
33.447: (leave left shot7)
32.479: (grasp right shaker1)
32.479: (grasp left shaker1)
32.479: (leave left shot7)
32.479: (leave right shot7)
32.664: (grasp left shot6)
32.664: (grasp left shot5)
32.664: (grasp right shot5)
32.664: (grasp right shot6)
32.778: (grasp right shot3)
32.778: (grasp left shot3)
32.778: (leave left shot7)
32.778: (leave right shot7)
32.826: (empty-shot left shot3 ingredient1)
32.826: (leave left shot7)
32.826: (leave right shot7)
32.827: (empty-shot right shot3 ingredient1)
32.838: (grasp right shaker1)
32.838: (grasp right shot3)
32.838: (grasp left shot3)
32.838: (grasp left shaker1)
31.636: (clean-shot shot3 ingredient1 right left)
31.636: (clean-shot shot3 ingredient1 left right)
32.723: (grasp left shot5)
32.723: (grasp left shot6)
32.723: (grasp right shot5)
32.723: (grasp right shot6)
32.857: (empty-shot right shot3 ingredient1)
32.857: (empty-shot left shot3 ingredient1)
32.870: (grasp right shaker1)
32.870: (grasp left shaker1)
32.870: (grasp right shot3)
32.870: (grasp left shot3)
32.909: (empty-shot right shot3 ingredient1)
32.909: (grasp right shaker1)
32.909: (grasp left shaker1)
32.909: (empty-shot left shot3 ingredient1)
32.959: (grasp left shot6)
32.960: (grasp right shot6)
32.960: (grasp left shot5)
32.960: (grasp right shot5)
31.900: (grasp right shot6)
31.900: (grasp right shot5)
31.900: (grasp left shot6)
31.900: (grasp left shot5)
31.931: (grasp right shot7)
31.931: (grasp left shot7)
32.473: (grasp right shot4)
32.473: (grasp left shot4)
32.474: (grasp right shot2)
32.474: (grasp right shot1)
32.474: (grasp left shot2)
32.474: (grasp left shot1)
32.632: (fill-shot shot3 ingredient2 left right dispenser2)
32.632: (fill-shot shot3 ingredient2 right left dispenser2)
32.941: (empty-shot right shot3 ingredient1)
32.941: (empty-shot left shot3 ingredient1)
32.941: (grasp right shaker1)
32.941: (grasp left shaker1)
33.040: (grasp left shot6)
33.040: (grasp right shot5)
31.068: (leave right shot3)
31.068: (leave right shot3)
31.068: (leave left shot3)
31.068: (leave left shot3)
31.636: (leave right shot3)
31.636: (leave right shot3)
31.636: (leave left shot3)
31.636: (leave left shot3)
31.642: (leave left shot3)
31.643: (leave right shot3)
32.016: (empty-shot right shot7 ingredient2)
32.016: (empty-shot left shot7 ingredient2)
32.707: (grasp right shaker1)
32.707: (grasp left shaker1)
32.792: (empty-shot left shot3 ingredient2)
32.792: (empty-shot right shot3 ingredient2)
32.824: (grasp right shot7)
32.824: (grasp left shot7)
32.828: (grasp left shot5)
32.828: (grasp left shot6)
30.698: (grasp right shaker1)
30.698: (grasp right shaker1)
30.704: (grasp right shaker1)
30.704: (grasp left shaker1)
31.315: (grasp left shot6)
31.315: (grasp right shot6)
31.315: (grasp right shot5)
31.315: (grasp left shot5)
31.900: (grasp left shot5)
31.900: (grasp left shot6)
31.900: (grasp left shot2)
31.900: (grasp left shot5)
31.900: (grasp left shot1)
31.900: (grasp left shot6)
31.900: (grasp right shot2)
31.900: (grasp left shot2)
31.900: (grasp right shot1)
31.900: (grasp left shot1)
31.900: (grasp right shot1)
31.900: (grasp right shot5)
36.582: (empty-shot right shot5 ingredient2)
36.582: (empty-shot left shot6 ingredient2)
36.582: (empty-shot left shot5 ingredient2)
36.582: (empty-shot right shot6 ingredient2)
37.504: (empty-shot right shot5 ingredient2)
37.504: (empty-shot right shot5 ingredient2)
37.504: (empty-shot right shot6 ingredient2)
37.504: (empty-shot left shot5 ingredient2)
37.504: (empty-shot right shot6 ingredient2)
37.504: (empty-shot left shot6 ingredient2)
37.504: (empty-shot left shot5 ingredient2)
37.504: (empty-shot left shot6 ingredient2)
inf: (leave left shot1)
inf: (leave left shot5)
inf: (leave right shot2)
inf: (leave right shot6)
inf: (leave right shot1)
inf: (leave left shot2)
inf: (leave left shot1)
inf: (leave right shot5)
36.346: (leave right shot2)
36.346: (leave right shot2)
36.346: (leave right shot1)
36.346: (leave left shot2)
36.346: (leave right shot1)
36.346: (leave left shot6)
36.346: (leave left shot5)
36.346: (leave right shot6)
36.346: (leave right shot5)
36.346: (leave left shot1)
36.346: (leave left shot1)
36.346: (leave left shot2)
37.162: (leave left shot6)
37.162: (leave right shot5)
37.162: (leave left shot5)
37.162: (leave right shot6)
37.759: (leave left shot6)
37.759: (leave right shot5)
37.759: (leave right shot5)
37.759: (leave right shot6)
36.334: (grasp left shaker1)
36.334: (grasp left shaker1)
36.334: (grasp right shaker1)
36.334: (grasp right shaker1)
36.385: (clean-shot shot6 ingredient2 right left)
36.385: (clean-shot shot5 ingredient2 left right)
36.385: (clean-shot shot5 ingredient2 right left)
36.386: (clean-shot shot6 ingredient2 left right)
36.506: (grasp left shot7)
36.506: (grasp left shot7)
36.506: (grasp right shot7)
36.506: (grasp right shot7)
36.861: (grasp right shaker1)
36.861: (grasp left shaker1)
36.861: (grasp right shaker1)
36.861: (grasp left shaker1)
36.907: (leave left shot2)
36.907: (leave left shot1)
36.907: (leave right shot5)
36.907: (leave right shot2)
36.420: (grasp right shaker1)
36.420: (grasp left shaker1)
36.420: (grasp left shaker1)
36.420: (grasp right shaker1)
36.528: (grasp left shot7)
36.528: (grasp right shot7)
36.528: (grasp right shot7)
36.528: (grasp left shot7)
36.634: (grasp right shot6)
36.634: (grasp left shot5)
36.634: (grasp left shot6)
36.634: (grasp right shot5)
36.641: (leave left shot6)
36.641: (leave right shot6)
36.641: (leave left shot5)
36.641: (leave right shot5)
36.641: (grasp left shaker1)
36.641: (leave left shot6)
36.641: (leave left shot5)
36.641: (leave right shot6)
36.429: (leave right shot6)
36.429: (leave right shot5)
36.429: (leave left shot5)
36.429: (leave left shot6)
36.789: (grasp right shot7)
36.789: (grasp left shot7)
36.789: (grasp right shot7)
36.790: (grasp left shot7)
37.053: (leave left shot6)
37.091: (leave right shot6)
37.091: (leave right shot5)
37.091: (leave left shot5)
37.091: (leave left shot6)
37.797: (grasp left shot1)
37.797: (grasp left shot2)
37.797: (grasp left shot3)
37.797: (grasp right shot3)
37.797: (grasp right shot1)
37.797: (grasp right shot2)
37.798: (grasp left shot3)
36.617: (grasp left shot7)
36.617: (grasp left shot7)
36.617: (grasp right shot7)
36.617: (grasp right shot7)
36.617: (grasp left shaker1)
36.685: (leave left shot5)
36.685: (leave left shaker1)
36.685: (leave right shot7)
36.685: (leave left shaker1)
36.685: (leave right shaker1)
36.685: (leave right shaker1)
36.685: (leave left shot6)
36.686: (leave right shot5)
36.686: (leave right shot6)
36.703: (grasp left shaker1)
36.703: (grasp left shaker1)
36.703: (grasp left shot6)
36.704: (grasp right shot5)
36.704: (grasp right shot6)
36.704: (grasp left shot5)
37.549: (grasp right shot3)
37.549: (grasp right shot1)
37.549: (grasp left shot2)
37.549: (grasp left shot3)
37.549: (grasp right shot2)
37.550: (grasp left shot1)
37.550: (grasp right shot2)
37.550: (grasp right shot3)
37.550: (grasp right shot1)
37.550: (grasp left shot1)
37.550: (grasp left shot2)
37.550: (grasp left shot3)
37.597: (grasp right shot4)
37.597: (grasp right shot4)
37.597: (grasp left shot4)
37.597: (grasp left shot4)
42.904: (empty-shot right shot5 ingredient2)
42.904: (empty-shot left shot5 ingredient2)
42.904: (empty-shot left shot6 ingredient2)
42.904: (empty-shot right shot6 ingredient2)
37.558: (grasp right shot5)
37.558: (grasp left shot6)
37.558: (grasp left shot5)
37.559: (grasp left shot5)
37.559: (grasp left shot5)
37.559: (grasp right shot5)
37.559: (grasp right shot5)
37.559: (grasp left shot6)
37.559: (grasp left shot6)
37.559: (grasp right shot6)
37.559: (grasp right shot6)
37.559: (grasp right shot6)
37.592: (grasp right shot5)
37.592: (grasp right shot6)
37.592: (grasp left shot6)
37.592: (grasp left shot5)
37.635: (grasp right shaker1)
37.635: (grasp right shaker1)
37.635: (grasp left shaker1)
37.635: (grasp left shaker1)
36.385: (leave right shot1)
36.385: (leave left shot4)
36.385: (leave right shot3)
36.385: (leave left shot3)
36.385: (leave right shot4)
36.385: (leave left shot2)
36.385: (leave left shot4)
36.385: (leave right shot4)
36.385: (leave right shot2)
36.385: (leave left shot1)
36.385: (leave right shot2)
36.385: (leave right shot1)
36.385: (leave left shot1)
36.385: (leave right shot3)
36.385: (leave left shot2)
36.385: (leave left shot3)
36.429: (leave left shot2)
36.429: (leave right shot1)
36.429: (leave right shot1)
36.429: (leave left shot1)
Failed to find a solution!
