Torch: 2.12.0+cu130
Using GPU:  NVIDIA L40S
[Bellman] lambda=0 -> baseline (no widening signal)
[W1raw] OPTION7 w1raw_beta=2.0 signal=RAW edge-W1 (parent-best vs child-best, no reward/discount) vs SIBLINGS (boosts exploration toward larger-shift children; prior untouched) [SHUFFLE CONTROL: signal-blind placement]
/u/ibrahim.eisawy/Neural-Guided-Search/venv/lib/python3.10/site-packages/pymimir_rgnn/model.py:162: UserWarning: index_reduce() is in beta and the API may change at any time. (Triggered internally at /pytorch/aten/src/ATen/native/cuda/Indexing.cu:1541.)
  exps_max.index_reduce_(0, output_indices, output_messages, reduce="amax", include_self=False)
  [sim 56] found goal path of length 40
[Final] Expanded: 162, Generated: 162
[Cost] IQN forward calls (Bellman signal): 313
[Widen] nodes widened: 0, mean w: 0.0000
[W1raw] child-edges modulated: 257, mean mult: 1.1030 (1.0 = no change; >1 = boosted toward larger shift)
[search done] simulations=56, unique states generated=162
Found a solution of length 40!
   1: (move f2-4f f2-5f)
   2: (move f2-5f f1-5f)
   3: (move f1-5f f1-4f)
   4: (move f1-4f f1-3f)
   5: (move f1-3f f2-3f)
   6: (unlock f2-3f f2-2f key1-3 shape1)
   7: (move f2-3f f2-4f)
   8: (move f2-4f f2-5f)
   9: (move f2-5f f2-6f)
  10: (move f2-6f f1-6f)
  11: (move f1-6f f1-5f)
  12: (move f1-5f f0-5f)
  13: (move f0-5f f0-6f)
  14: (move f0-6f f0-7f)
  15: (move f0-7f f1-7f)
  16: (move f1-7f f2-7f)
  17: (move f2-7f f3-7f)
  18: (move f3-7f f3-6f)
  19: (move f3-6f f4-6f)
  20: (move f4-6f f4-7f)
  21: (move f4-7f f5-7f)
  22: (pickup-and-loose f5-7f key0-0 key1-3)
  23: (putdown f5-7f key0-0)
  24: (move f5-7f f4-7f)
  25: (move f4-7f f4-6f)
  26: (move f4-6f f4-5f)
  27: (pickup f4-5f key1-0)
  28: (move f4-5f f4-6f)
  29: (move f4-6f f4-7f)
  30: (move f4-7f f5-7f)
  31: (pickup-and-loose f5-7f key1-3 key1-0)
  32: (move f5-7f f4-7f)
  33: (move f4-7f f4-6f)
  34: (move f4-6f f4-5f)
  35: (move f4-5f f5-5f)
  36: (move f5-5f f5-4f)
  37: (move f5-4f f6-4f)
  38: (move f6-4f f6-3f)
  39: (move f6-3f f6-2f)
  40: (putdown f6-2f key1-3)
