Torch: 2.12.0+cu130
Using GPU:  NVIDIA L40S
[Bellman] lambda=0 -> baseline (no widening signal)
[W1raw] OPTION7 w1raw_beta=2.0 signal=RAW edge-W1 (parent-best vs child-best, no reward/discount) vs SIBLINGS (boosts exploration toward larger-shift children; prior untouched) [SHUFFLE CONTROL: signal-blind placement]
/u/ibrahim.eisawy/Neural-Guided-Search/venv/lib/python3.10/site-packages/pymimir_rgnn/model.py:162: UserWarning: index_reduce() is in beta and the API may change at any time. (Triggered internally at /pytorch/aten/src/ATen/native/cuda/Indexing.cu:1541.)
  exps_max.index_reduce_(0, output_indices, output_messages, reduce="amax", include_self=False)
  [sim 44] found goal path of length 32
[Final] Expanded: 138, Generated: 138
[Cost] IQN forward calls (Bellman signal): 255
[Widen] nodes widened: 0, mean w: 0.0000
[W1raw] child-edges modulated: 211, mean mult: 1.3477 (1.0 = no change; >1 = boosted toward larger shift)
[search done] simulations=44, unique states generated=138
Found a solution of length 32!
   1: (move f4-5f f3-5f)
   2: (move f3-5f f2-5f)
   3: (move f2-5f f2-6f)
   4: (move f2-6f f1-6f)
   5: (move f1-6f f0-6f)
   6: (move f0-6f f0-5f)
   7: (move f0-5f f0-4f)
   8: (move f0-4f f1-4f)
   9: (move f1-4f f1-5f)
  10: (putdown f1-5f key1-2)
  11: (move f1-5f f1-4f)
  12: (pickup f1-4f key1-1)
  13: (move f1-4f f1-5f)
  14: (pickup-and-loose f1-5f key1-2 key1-1)
  15: (move f1-5f f1-4f)
  16: (move f1-4f f1-3f)
  17: (move f1-3f f1-2f)
  18: (unlock f1-2f f0-2f key1-2 shape1)
  19: (move f1-2f f1-3f)
  20: (move f1-3f f2-3f)
  21: (move f2-3f f3-3f)
  22: (move f3-3f f3-4f)
  23: (move f3-4f f3-5f)
  24: (move f3-5f f4-5f)
  25: (move f4-5f f4-6f)
  26: (move f4-6f f5-6f)
  27: (move f5-6f f5-7f)
  28: (move f5-7f f6-7f)
  29: (move f6-7f f6-8f)
  30: (move f6-8f f7-8f)
  31: (move f7-8f f8-8f)
  32: (putdown f8-8f key1-2)
