Torch: 2.12.0+cu130
Using GPU:  NVIDIA L40S
[Bellman] lambda=0 -> baseline (no widening signal)
[W1raw] OPTION7 w1raw_beta=2.0 signal=RAW edge-W1 (parent-best vs child-best, no reward/discount) vs SIBLINGS (boosts exploration toward larger-shift children; prior untouched) [SHUFFLE CONTROL: signal-blind placement]
/u/ibrahim.eisawy/Neural-Guided-Search/venv/lib/python3.10/site-packages/pymimir_rgnn/model.py:162: UserWarning: index_reduce() is in beta and the API may change at any time. (Triggered internally at /pytorch/aten/src/ATen/native/cuda/Indexing.cu:1541.)
  exps_max.index_reduce_(0, output_indices, output_messages, reduce="amax", include_self=False)
  [sim 248] found goal path of length 149
[Final] Expanded: 697, Generated: 697
[Cost] IQN forward calls (Bellman signal): 1401
[Widen] nodes widened: 0, mean w: 0.0000
[W1raw] child-edges modulated: 1154, mean mult: 1.1333 (1.0 = no change; >1 = boosted toward larger shift)
[search done] simulations=248, unique states generated=697
Found a solution of length 149!
   1: (move f6-0f f7-0f)
   2: (move f7-0f f8-0f)
   3: (move f8-0f f8-1f)
   4: (putdown f8-1f key2-2)
   5: (move f8-1f f7-1f)
   6: (move f7-1f f7-0f)
   7: (move f7-0f f6-0f)
   8: (pickup f6-0f key2-0)
   9: (move f6-0f f6-1f)
  10: (move f6-1f f7-1f)
  11: (move f7-1f f8-1f)
  12: (move f8-1f f8-2f)
  13: (move f8-2f f8-3f)
  14: (unlock f8-3f f7-3f key2-0 shape2)
  15: (move f8-3f f8-2f)
  16: (move f8-2f f8-1f)
  17: (move f8-1f f7-1f)
  18: (move f7-1f f6-1f)
  19: (move f6-1f f6-2f)
  20: (move f6-2f f6-3f)
  21: (move f6-3f f6-4f)
  22: (move f6-4f f7-4f)
  23: (move f7-4f f7-3f)
  24: (move f7-3f f7-2f)
  25: (putdown f7-2f key2-0)
  26: (move f7-2f f7-1f)
  27: (move f7-1f f8-1f)
  28: (move f8-1f f8-2f)
  29: (move f8-2f f8-3f)
  30: (move f8-3f f7-3f)
  31: (move f7-3f f7-4f)
  32: (move f7-4f f8-4f)
  33: (move f8-4f f8-5f)
  34: (move f8-5f f8-6f)
  35: (move f8-6f f7-6f)
  36: (move f7-6f f6-6f)
  37: (move f6-6f f6-7f)
  38: (move f6-7f f6-8f)
  39: (move f6-8f f5-8f)
  40: (move f5-8f f5-7f)
  41: (move f5-7f f5-6f)
  42: (move f5-6f f4-6f)
  43: (move f4-6f f3-6f)
  44: (move f3-6f f2-6f)
  45: (pickup f2-6f key0-0)
  46: (unlock f2-6f f1-6f key0-0 shape0)
  47: (move f2-6f f1-6f)
  48: (move f1-6f f1-7f)
  49: (move f1-7f f0-7f)
  50: (move f0-7f f0-6f)
  51: (move f0-6f f0-5f)
  52: (move f0-5f f1-5f)
  53: (move f1-5f f2-5f)
  54: (move f2-5f f2-4f)
  55: (move f2-4f f3-4f)
  56: (move f3-4f f3-5f)
  57: (move f3-5f f3-6f)
  58: (move f3-6f f3-7f)
  59: (move f3-7f f2-7f)
  60: (move f2-7f f2-8f)
  61: (move f2-8f f1-8f)
  62: (move f1-8f f0-8f)
  63: (pickup-and-loose f0-8f key0-1 key0-0)
  64: (move f0-8f f0-7f)
  65: (move f0-7f f1-7f)
  66: (move f1-7f f1-6f)
  67: (move f1-6f f2-6f)
  68: (move f2-6f f2-5f)
  69: (move f2-5f f1-5f)
  70: (move f1-5f f0-5f)
  71: (move f0-5f f0-6f)
  72: (putdown f0-6f key0-1)
  73: (move f0-6f f0-7f)
  74: (pickup f0-7f key0-3)
  75: (move f0-7f f1-7f)
  76: (move f1-7f f1-6f)
  77: (move f1-6f f2-6f)
  78: (move f2-6f f2-5f)
  79: (move f2-5f f1-5f)
  80: (move f1-5f f0-5f)
  81: (move f0-5f f0-6f)
  82: (pickup-and-loose f0-6f key0-1 key0-3)
  83: (move f0-6f f1-6f)
  84: (move f1-6f f2-6f)
  85: (move f2-6f f2-5f)
  86: (move f2-5f f1-5f)
  87: (move f1-5f f0-5f)
  88: (move f0-5f f0-4f)
  89: (move f0-4f f0-3f)
  90: (move f0-3f f1-3f)
  91: (move f1-3f f2-3f)
  92: (move f2-3f f2-4f)
  93: (move f2-4f f3-4f)
  94: (move f3-4f f3-5f)
  95: (move f3-5f f3-6f)
  96: (move f3-6f f3-7f)
  97: (move f3-7f f2-7f)
  98: (move f2-7f f1-7f)
  99: (move f1-7f f0-7f)
 100: (move f0-7f f0-8f)
 101: (move f0-8f f1-8f)
 102: (move f1-8f f2-8f)
 103: (move f2-8f f3-8f)
 104: (move f3-8f f4-8f)
 105: (move f4-8f f4-7f)
 106: (move f4-7f f4-6f)
 107: (move f4-6f f4-5f)
 108: (unlock f4-5f f5-5f key0-1 shape0)
 109: (move f4-5f f3-5f)
 110: (move f3-5f f2-5f)
 111: (move f2-5f f1-5f)
 112: (move f1-5f f1-6f)
 113: (move f1-6f f2-6f)
 114: (move f2-6f f2-7f)
 115: (move f2-7f f3-7f)
 116: (move f3-7f f3-8f)
 117: (move f3-8f f4-8f)
 118: (move f4-8f f4-7f)
 119: (move f4-7f f4-6f)
 120: (move f4-6f f5-6f)
 121: (move f5-6f f5-5f)
 122: (move f5-5f f5-4f)
 123: (move f5-4f f6-4f)
 124: (move f6-4f f6-3f)
 125: (move f6-3f f6-2f)
 126: (move f6-2f f7-2f)
 127: (pickup-and-loose f7-2f key2-0 key0-1)
 128: (move f7-2f f8-2f)
 129: (move f8-2f f8-1f)
 130: (move f8-1f f8-0f)
 131: (move f8-0f f7-0f)
 132: (move f7-0f f7-1f)
 133: (move f7-1f f6-1f)
 134: (move f6-1f f6-2f)
 135: (move f6-2f f6-3f)
 136: (move f6-3f f6-4f)
 137: (move f6-4f f7-4f)
 138: (move f7-4f f7-3f)
 139: (move f7-3f f8-3f)
 140: (move f8-3f f8-4f)
 141: (move f8-4f f8-5f)
 142: (move f8-5f f8-6f)
 143: (move f8-6f f7-6f)
 144: (move f7-6f f7-7f)
 145: (move f7-7f f6-7f)
 146: (move f6-7f f5-7f)
 147: (move f5-7f f4-7f)
 148: (move f4-7f f3-7f)
 149: (pickup-and-loose f3-7f key2-1 key2-0)
