Torch: 2.12.0+cu130
Using GPU:  NVIDIA L40S
[Bellman] lambda=0 -> baseline (no widening signal)
[Binc] OPTION6 binc_beta=1.0 binc_eps=1.0 signal=BELLMAN INCONSISTENCY (1-step min-W1 parent-vs-child, B_good within eps) vs SIBLINGS (boosts exploration toward inconsistent children; prior untouched)
[Value] SELF-CONSISTENT: leaf value = QR-DQN max_a mean Z(s,a) (SAC critics bypassed; prior still SAC policy)
/u/ibrahim.eisawy/Neural-Guided-Search/venv/lib/python3.10/site-packages/pymimir_rgnn/model.py:162: UserWarning: index_reduce() is in beta and the API may change at any time. (Triggered internally at /pytorch/aten/src/ATen/native/cuda/Indexing.cu:1541.)
  exps_max.index_reduce_(0, output_indices, output_messages, reduce="amax", include_self=False)
  [sim 500] root visits=500, unique states=171, generated=170, iqn_calls=421
  [sim 1000] root visits=1000, unique states=329, generated=328, iqn_calls=827
  [sim 1500] root visits=1500, unique states=480, generated=479, iqn_calls=1215
  [sim 2000] root visits=2000, unique states=652, generated=651, iqn_calls=1648
  [sim 2500] root visits=2500, unique states=804, generated=803, iqn_calls=2049
  [sim 3000] root visits=3000, unique states=940, generated=939, iqn_calls=2462
  [sim 3500] root visits=3500, unique states=1104, generated=1103, iqn_calls=2861
  [sim 4000] root visits=4000, unique states=1586, generated=1585, iqn_calls=4135
  [sim 4500] root visits=4500, unique states=2777, generated=2776, iqn_calls=7407
[Final] Expanded: 3527, Generated: 3527
[Cost] IQN forward calls (Bellman signal): 9391
[Widen] nodes widened: 0, mean w: 0.0000
[Binc] child-edges modulated: 8186, mean mult: 1.0001 (1.0 = no change; >1 = boosted toward inconsistent)
[search done] simulations=4806, unique states generated=3527
Failed to find a solution!
