Torch: 2.12.0+cu130
Using GPU:  NVIDIA L40S
[Bellman] lambda=0 -> baseline (no widening signal)
[Binc] OPTION6 binc_beta=1.0 binc_eps=1.0 signal=BELLMAN INCONSISTENCY (1-step min-W1 parent-vs-child, B_good within eps) vs SIBLINGS (boosts exploration toward inconsistent children; prior untouched)
[Value] SELF-CONSISTENT: leaf value = QR-DQN max_a mean Z(s,a) (SAC critics bypassed; prior still SAC policy)
/u/ibrahim.eisawy/Neural-Guided-Search/venv/lib/python3.10/site-packages/pymimir_rgnn/model.py:162: UserWarning: index_reduce() is in beta and the API may change at any time. (Triggered internally at /pytorch/aten/src/ATen/native/cuda/Indexing.cu:1541.)
  exps_max.index_reduce_(0, output_indices, output_messages, reduce="amax", include_self=False)
  [sim 500] root visits=500, unique states=114, generated=113, iqn_calls=316
  [sim 1000] root visits=1000, unique states=114, generated=113, iqn_calls=316
  [sim 1500] root visits=1500, unique states=137, generated=136, iqn_calls=370
  [sim 2000] root visits=2000, unique states=158, generated=157, iqn_calls=416
  [sim 2500] root visits=2500, unique states=158, generated=157, iqn_calls=416
  [sim 3000] root visits=3000, unique states=158, generated=157, iqn_calls=416
  [sim 3500] root visits=3500, unique states=170, generated=169, iqn_calls=454
  [sim 4000] root visits=4000, unique states=191, generated=190, iqn_calls=506
  [sim 4500] root visits=4500, unique states=212, generated=211, iqn_calls=562
  [sim 5000] root visits=5000, unique states=231, generated=230, iqn_calls=615
  [sim 5500] root visits=5500, unique states=258, generated=257, iqn_calls=672
  [sim 6000] root visits=6000, unique states=278, generated=277, iqn_calls=716
  [sim 6500] root visits=6500, unique states=299, generated=298, iqn_calls=768
  [sim 7000] root visits=7000, unique states=321, generated=320, iqn_calls=823
  [sim 7500] root visits=7500, unique states=337, generated=336, iqn_calls=864
  [sim 8000] root visits=8000, unique states=357, generated=356, iqn_calls=912
  [sim 8500] root visits=8500, unique states=372, generated=371, iqn_calls=950
  [sim 9000] root visits=9000, unique states=394, generated=393, iqn_calls=994
  [sim 9500] root visits=9500, unique states=416, generated=415, iqn_calls=1045
  [sim 10000] root visits=10000, unique states=437, generated=436, iqn_calls=1096
  [sim 10500] root visits=10500, unique states=455, generated=454, iqn_calls=1138
  [sim 11000] root visits=11000, unique states=472, generated=471, iqn_calls=1187
  [sim 11500] root visits=11500, unique states=489, generated=488, iqn_calls=1236
  [sim 12000] root visits=12000, unique states=507, generated=506, iqn_calls=1285
  [sim 12500] root visits=12500, unique states=523, generated=522, iqn_calls=1320
  [sim 13000] root visits=13000, unique states=542, generated=541, iqn_calls=1364
  [sim 13500] root visits=13500, unique states=561, generated=560, iqn_calls=1407
  [sim 14000] root visits=14000, unique states=580, generated=579, iqn_calls=1448
[Final] Expanded: 587, Generated: 587
[Cost] IQN forward calls (Bellman signal): 1475
[Widen] nodes widened: 0, mean w: 0.0000
[Binc] child-edges modulated: 1272, mean mult: 1.0004 (1.0 = no change; >1 = boosted toward inconsistent)
[search done] simulations=14363, unique states generated=587
Failed to find a solution!
