Torch: 2.12.0+cu130
Using GPU:  NVIDIA L40S
[Bellman] lambda=0 -> baseline (no widening signal)
[Binc] OPTION6 binc_beta=1.0 binc_eps=1.0 signal=BELLMAN INCONSISTENCY (1-step min-W1 parent-vs-child, B_good within eps) vs SIBLINGS (boosts exploration toward inconsistent children; prior untouched)
[Value] SELF-CONSISTENT: leaf value = QR-DQN max_a mean Z(s,a) (SAC critics bypassed; prior still SAC policy)
/u/ibrahim.eisawy/Neural-Guided-Search/venv/lib/python3.10/site-packages/pymimir_rgnn/model.py:162: UserWarning: index_reduce() is in beta and the API may change at any time. (Triggered internally at /pytorch/aten/src/ATen/native/cuda/Indexing.cu:1541.)
  exps_max.index_reduce_(0, output_indices, output_messages, reduce="amax", include_self=False)
  [sim 500] root visits=500, unique states=629, generated=628, iqn_calls=1463
  [sim 1000] root visits=1000, unique states=736, generated=735, iqn_calls=1729
  [sim 1500] root visits=1500, unique states=815, generated=814, iqn_calls=1921
  [sim 2000] root visits=2000, unique states=871, generated=870, iqn_calls=2080
  [sim 2500] root visits=2500, unique states=925, generated=924, iqn_calls=2215
  [sim 3000] root visits=3000, unique states=979, generated=978, iqn_calls=2350
  [sim 3500] root visits=3500, unique states=1023, generated=1022, iqn_calls=2459
  [sim 4000] root visits=4000, unique states=1066, generated=1065, iqn_calls=2572
  [sim 4500] root visits=4500, unique states=1112, generated=1111, iqn_calls=2684
  [sim 5000] root visits=5000, unique states=1138, generated=1137, iqn_calls=2766
  [sim 5500] root visits=5500, unique states=1174, generated=1173, iqn_calls=2854
  [sim 6000] root visits=6000, unique states=1203, generated=1202, iqn_calls=2950
  [sim 6500] root visits=6500, unique states=1238, generated=1237, iqn_calls=3035
  [sim 7000] root visits=7000, unique states=1266, generated=1265, iqn_calls=3113
  [sim 7500] root visits=7500, unique states=1303, generated=1302, iqn_calls=3198
  [sim 8000] root visits=8000, unique states=1329, generated=1328, iqn_calls=3272
  [sim 8500] root visits=8500, unique states=1349, generated=1348, iqn_calls=3330
  [sim 9000] root visits=9000, unique states=1378, generated=1377, iqn_calls=3407
  [sim 9500] root visits=9500, unique states=1404, generated=1403, iqn_calls=3470
  [sim 10000] root visits=10000, unique states=1431, generated=1430, iqn_calls=3544
  [sim 10500] root visits=10500, unique states=1452, generated=1451, iqn_calls=3600
  [sim 11000] root visits=11000, unique states=1475, generated=1474, iqn_calls=3659
  [sim 11500] root visits=11500, unique states=1498, generated=1497, iqn_calls=3719
[Final] Expanded: 1512, Generated: 1512
[Cost] IQN forward calls (Bellman signal): 3752
[Widen] nodes widened: 0, mean w: 0.0000
[Binc] child-edges modulated: 3288, mean mult: 1.0002 (1.0 = no change; >1 = boosted toward inconsistent)
[search done] simulations=11717, unique states generated=1512
Failed to find a solution!
