Torch: 2.12.0+cu130
Using CPU.
[Bellman] lambda=0 -> baseline (no widening signal)
[Value] SELF-CONSISTENT: leaf value = QR-DQN max_a mean Z(s,a) (SAC critics bypassed; prior still SAC policy)
[Gate] prior_gamma=0.5 (P-gate softened: u ~ c*P**gamma; P==0 still stays 0)
/u/ibrahim.eisawy/Neural-Guided-Search/venv/lib/python3.10/site-packages/pymimir_rgnn/model.py:162: UserWarning: index_reduce() is in beta and the API may change at any time. (Triggered internally at /pytorch/aten/src/ATen/native/TensorAdvancedIndexing.cpp:1514.)
  exps_max.index_reduce_(0, output_indices, output_messages, reduce="amax", include_self=False)
  [sim 500] root visits=500, unique states=1570, generated=1569, iqn_calls=0
  [sim 1000] root visits=1000, unique states=2820, generated=2819, iqn_calls=0
  [sim 1500] root visits=1500, unique states=4176, generated=4175, iqn_calls=0
  [sim 2000] root visits=2000, unique states=5316, generated=5315, iqn_calls=0
  [sim 2500] root visits=2500, unique states=6442, generated=6441, iqn_calls=0
  [sim 3000] root visits=3000, unique states=7859, generated=7858, iqn_calls=0
  [sim 3500] root visits=3500, unique states=9298, generated=9297, iqn_calls=0
  [sim 4000] root visits=4000, unique states=10651, generated=10650, iqn_calls=0
  [sim 4500] root visits=4500, unique states=11860, generated=11859, iqn_calls=0
  [sim 5000] root visits=5000, unique states=13105, generated=13104, iqn_calls=0
  [sim 5500] root visits=5500, unique states=14352, generated=14351, iqn_calls=0
  [sim 6000] root visits=6000, unique states=15541, generated=15540, iqn_calls=0
  [sim 6500] root visits=6500, unique states=16678, generated=16677, iqn_calls=0
  [sim 7000] root visits=7000, unique states=17780, generated=17779, iqn_calls=0
  [sim 7500] root visits=7500, unique states=18839, generated=18838, iqn_calls=0
  [sim 8000] root visits=8000, unique states=19975, generated=19974, iqn_calls=0
  [sim 8500] root visits=8500, unique states=21044, generated=21043, iqn_calls=0
  [sim 9000] root visits=9000, unique states=22088, generated=22087, iqn_calls=0
  [sim 9500] root visits=9500, unique states=23137, generated=23136, iqn_calls=0
[Final] Expanded: 23653, Generated: 23653
[Cost] IQN forward calls (Bellman signal): 0
[Widen] nodes widened: 0, mean w: 0.0000
[search done] simulations=9774, unique states generated=23653
Failed to find a solution!
