Torch: 2.12.0+cu130
Using GPU:  NVIDIA L40S
[Bellman] lambda=0 -> baseline (no widening signal)
[Value] SELF-CONSISTENT: leaf value = QR-DQN max_a mean Z(s,a) (SAC critics bypassed; prior still SAC policy)
/u/ibrahim.eisawy/Neural-Guided-Search/venv/lib/python3.10/site-packages/pymimir_rgnn/model.py:162: UserWarning: index_reduce() is in beta and the API may change at any time. (Triggered internally at /pytorch/aten/src/ATen/native/cuda/Indexing.cu:1541.)
  exps_max.index_reduce_(0, output_indices, output_messages, reduce="amax", include_self=False)
  [sim 500] root visits=500, unique states=88, generated=87, iqn_calls=0
  [sim 1000] root visits=1000, unique states=107, generated=106, iqn_calls=0
  [sim 1500] root visits=1500, unique states=121, generated=120, iqn_calls=0
  [sim 2000] root visits=2000, unique states=129, generated=128, iqn_calls=0
  [sim 2500] root visits=2500, unique states=143, generated=142, iqn_calls=0
  [sim 3000] root visits=3000, unique states=150, generated=149, iqn_calls=0
  [sim 3500] root visits=3500, unique states=155, generated=154, iqn_calls=0
  [sim 4000] root visits=4000, unique states=161, generated=160, iqn_calls=0
  [sim 4500] root visits=4500, unique states=167, generated=166, iqn_calls=0
  [sim 5000] root visits=5000, unique states=176, generated=175, iqn_calls=0
  [sim 5500] root visits=5500, unique states=182, generated=181, iqn_calls=0
  [sim 6000] root visits=6000, unique states=184, generated=183, iqn_calls=0
  [sim 6500] root visits=6500, unique states=192, generated=191, iqn_calls=0
  [sim 7000] root visits=7000, unique states=198, generated=197, iqn_calls=0
  [sim 7500] root visits=7500, unique states=200, generated=199, iqn_calls=0
  [sim 8000] root visits=8000, unique states=205, generated=204, iqn_calls=0
  [sim 8500] root visits=8500, unique states=207, generated=206, iqn_calls=0
  [sim 9000] root visits=9000, unique states=211, generated=210, iqn_calls=0
  [sim 9500] root visits=9500, unique states=214, generated=213, iqn_calls=0
  [sim 10000] root visits=10000, unique states=219, generated=218, iqn_calls=0
  [sim 10500] root visits=10500, unique states=222, generated=221, iqn_calls=0
  [sim 11000] root visits=11000, unique states=227, generated=226, iqn_calls=0
  [sim 11500] root visits=11500, unique states=234, generated=233, iqn_calls=0
  [sim 12000] root visits=12000, unique states=239, generated=238, iqn_calls=0
  [sim 12500] root visits=12500, unique states=242, generated=241, iqn_calls=0
  [sim 13000] root visits=13000, unique states=244, generated=243, iqn_calls=0
  [sim 13500] root visits=13500, unique states=249, generated=248, iqn_calls=0
  [sim 14000] root visits=14000, unique states=251, generated=250, iqn_calls=0
  [sim 14500] root visits=14500, unique states=254, generated=253, iqn_calls=0
  [sim 15000] root visits=15000, unique states=257, generated=256, iqn_calls=0
  [sim 15500] root visits=15500, unique states=260, generated=259, iqn_calls=0
  [sim 16000] root visits=16000, unique states=263, generated=262, iqn_calls=0
  [sim 16500] root visits=16500, unique states=266, generated=265, iqn_calls=0
[Final] Expanded: 267, Generated: 267
[Cost] IQN forward calls (Bellman signal): 0
[Widen] nodes widened: 0, mean w: 0.0000
[search done] simulations=16603, unique states generated=267
Failed to find a solution!
