Torch: 2.12.0+cu130
Using GPU:  NVIDIA L40S
[Bellman] lambda=0 -> baseline (no widening signal)
[Value] SELF-CONSISTENT: leaf value = QR-DQN max_a mean Z(s,a) (SAC critics bypassed; prior still SAC policy)
/u/ibrahim.eisawy/Neural-Guided-Search/venv/lib/python3.10/site-packages/pymimir_rgnn/model.py:162: UserWarning: index_reduce() is in beta and the API may change at any time. (Triggered internally at /pytorch/aten/src/ATen/native/cuda/Indexing.cu:1541.)
  exps_max.index_reduce_(0, output_indices, output_messages, reduce="amax", include_self=False)
  [sim 500] root visits=500, unique states=1579, generated=1578, iqn_calls=0
  [sim 1000] root visits=1000, unique states=2846, generated=2845, iqn_calls=0
  [sim 1500] root visits=1500, unique states=4182, generated=4181, iqn_calls=0
  [sim 2000] root visits=2000, unique states=5483, generated=5482, iqn_calls=0
  [sim 2500] root visits=2500, unique states=6719, generated=6718, iqn_calls=0
  [sim 3000] root visits=3000, unique states=7940, generated=7939, iqn_calls=0
  [sim 3500] root visits=3500, unique states=9047, generated=9046, iqn_calls=0
  [sim 4000] root visits=4000, unique states=10025, generated=10024, iqn_calls=0
  [sim 4500] root visits=4500, unique states=10877, generated=10876, iqn_calls=0
  [sim 5000] root visits=5000, unique states=11778, generated=11777, iqn_calls=0
  [sim 5500] root visits=5500, unique states=12742, generated=12741, iqn_calls=0
  [sim 6000] root visits=6000, unique states=13654, generated=13653, iqn_calls=0
  [sim 6500] root visits=6500, unique states=14398, generated=14397, iqn_calls=0
  [sim 7000] root visits=7000, unique states=15239, generated=15238, iqn_calls=0
  [sim 7500] root visits=7500, unique states=16216, generated=16215, iqn_calls=0
  [sim 8000] root visits=8000, unique states=17193, generated=17192, iqn_calls=0
  [sim 8500] root visits=8500, unique states=18008, generated=18007, iqn_calls=0
  [sim 9000] root visits=9000, unique states=18771, generated=18770, iqn_calls=0
  [sim 9500] root visits=9500, unique states=19541, generated=19540, iqn_calls=0
  [sim 10000] root visits=10000, unique states=20351, generated=20350, iqn_calls=0
[Final] Expanded: 20598, Generated: 20598
[Cost] IQN forward calls (Bellman signal): 0
[Widen] nodes widened: 0, mean w: 0.0000
[search done] simulations=10141, unique states generated=20598
Failed to find a solution!
