/u/ibrahim.eisawy/Neural-Guided-Search/venv/lib/python3.10/site-packages/pymimir_rgnn/model.py:151: UserWarning: index_reduce() is in beta and the API may change at any time. (Triggered internally at /pytorch/aten/src/ATen/native/cuda/Indexing.cu:1541.)
  max_msg.index_reduce_(0, output_indices, output_messages, reduce='amax', include_self=True)
Torch: 2.12.0+cu130
Using GPU:  NVIDIA L40S
68.978: (load-truck p13 t2 l2-2)
67.743: (load-truck p4 t3 l3-4)
66.735: (fly-airplane a1 l4-0 l1-0)
65.698: (load-truck p0 t4 l4-1)
64.728: (load-truck p10 t2 l2-2)
63.479: (load-truck p14 t5 l5-3)
62.340: (drive-truck t4 l4-1 l4-4 c4)
61.276: (load-truck p21 t5 l5-3)
59.953: (load-airplane p15 a1 l1-0)
58.917: (load-airplane p16 a1 l1-0)
58.437: (drive-truck t3 l3-4 l3-2 c3)
57.443: (load-truck p8 t3 l3-2)
56.491: (load-truck p12 t3 l3-2)
56.029: (fly-airplane a1 l1-0 l3-0)
55.058: (unload-airplane p16 a1 l3-0)
54.604: (drive-truck t1 l1-4 l1-0 c1)
53.304: (load-truck p6 t3 l3-2)
52.891: (fly-airplane a1 l3-0 l0-0)
52.598: (drive-truck t2 l2-2 l2-0 c2)
52.328: (drive-truck t5 l5-3 l5-0 c5)
51.310: (load-truck p19 t5 l5-0)
51.310: (drive-truck t0 l0-1 l0-2 c0)
51.314: (drive-truck t5 l5-0 l5-2 c5)
49.651: (load-truck p18 t5 l5-2)
49.368: (drive-truck t5 l5-2 l5-0 c5)
49.368: (drive-truck t0 l0-2 l0-1 c0)
49.371: (fly-airplane a0 l3-0 l0-0)
49.260: (fly-airplane a1 l0-0 l1-0)
49.260: (drive-truck t0 l0-1 l0-2 c0)
49.283: (drive-truck t1 l1-0 l1-2 c1)
47.520: (load-truck p23 t1 l1-2)
46.544: (drive-truck t1 l1-2 l1-4 c1)
46.544: (drive-truck t0 l0-2 l0-1 c0)
46.565: (drive-truck t3 l3-2 l3-3 c3)
45.203: (load-truck p7 t3 l3-3)
44.231: (load-truck p1 t3 l3-3)
44.079: (drive-truck t2 l2-0 l2-2 c2)
44.044: (drive-truck t3 l3-3 l3-2 c3)
44.044: (drive-truck t0 l0-1 l0-2 c0)
44.079: (drive-truck t3 l3-2 l3-3 c3)
44.201: (drive-truck t4 l4-4 l4-0 c4)
44.182: (drive-truck t3 l3-3 l3-2 c3)
44.182: (drive-truck t0 l0-2 l0-1 c0)
44.201: (drive-truck t3 l3-2 l3-3 c3)
44.361: (drive-truck t2 l2-2 l2-0 c2)
44.339: (drive-truck t3 l3-3 l3-2 c3)
44.189: (drive-truck t4 l4-0 l4-4 c4)
44.189: (drive-truck t0 l0-1 l0-2 c0)
44.207: (unload-truck p13 t2 l2-0)
42.861: (drive-truck t2 l2-0 l2-2 c2)
42.861: (drive-truck t0 l0-2 l0-1 c0)
42.897: (drive-truck t3 l3-2 l3-3 c3)
42.897: (drive-truck t0 l0-1 l0-2 c0)
43.022: (drive-truck t4 l4-4 l4-0 c4)
43.003: (drive-truck t3 l3-3 l3-2 c3)
43.003: (drive-truck t0 l0-2 l0-1 c0)
43.022: (drive-truck t3 l3-2 l3-3 c3)
43.206: (drive-truck t0 l0-1 l0-3 c0)
41.604: (load-truck p5 t0 l0-3)
40.742: (drive-truck t0 l0-3 l0-4 c0)
39.673: (unload-truck p5 t0 l0-4)
39.484: (drive-truck t0 l0-4 l0-1 c0)
39.359: (drive-truck t4 l4-0 l4-4 c4)
39.323: (drive-truck t3 l3-3 l3-2 c3)
39.323: (drive-truck t0 l0-1 l0-3 c0)
39.323: (drive-truck t0 l0-3 l0-2 c0)
39.359: (drive-truck t3 l3-2 l3-3 c3)
39.359: (drive-truck t0 l0-2 l0-3 c0)
39.484: (drive-truck t4 l4-4 l4-0 c4)
39.465: (drive-truck t3 l3-3 l3-2 c3)
39.465: (drive-truck t0 l0-3 l0-1 c0)
39.465: (drive-truck t0 l0-1 l0-2 c0)
39.484: (drive-truck t3 l3-2 l3-3 c3)
39.686: (drive-truck t0 l0-2 l0-0 c0)
39.561: (drive-truck t4 l4-0 l4-4 c4)
39.525: (drive-truck t3 l3-3 l3-2 c3)
39.508: (fly-airplane a0 l0-0 l2-0)
39.510: (fly-airplane a0 l2-0 l3-0)
39.513: (fly-airplane a0 l3-0 l1-0)
39.493: (fly-airplane a1 l1-0 l0-0)
39.346: (drive-truck t0 l0-0 l0-1 c0)
39.346: (drive-truck t0 l0-1 l0-3 c0)
39.346: (drive-truck t0 l0-3 l0-2 c0)
39.382: (drive-truck t3 l3-2 l3-3 c3)
39.382: (drive-truck t0 l0-2 l0-1 c0)
39.382: (drive-truck t0 l0-1 l0-3 c0)
39.509: (drive-truck t4 l4-4 l4-0 c4)
39.490: (drive-truck t3 l3-3 l3-2 c3)
39.490: (drive-truck t0 l0-3 l0-2 c0)
39.490: (drive-truck t0 l0-2 l0-1 c0)
39.509: (drive-truck t3 l3-2 l3-3 c3)
39.509: (drive-truck t0 l0-1 l0-2 c0)
39.656: (drive-truck t0 l0-2 l0-0 c0)
39.529: (drive-truck t4 l4-0 l4-4 c4)
39.529: (fly-airplane a1 l0-0 l2-0)
39.493: (drive-truck t3 l3-3 l3-2 c3)
39.533: (fly-airplane a1 l2-0 l3-0)
39.565: (drive-truck t3 l3-2 l3-3 c3)
39.549: (fly-airplane a1 l3-0 l1-0)
39.544: (fly-airplane a0 l1-0 l2-0)
39.546: (fly-airplane a0 l2-0 l3-0)
39.671: (drive-truck t4 l4-4 l4-0 c4)
39.652: (drive-truck t3 l3-3 l3-2 c3)
39.651: (fly-airplane a0 l3-0 l2-0)
39.654: (fly-airplane a0 l2-0 l1-0)
39.636: (fly-airplane a1 l1-0 l0-0)
39.638: (fly-airplane a1 l0-0 l2-0)
39.657: (drive-truck t3 l3-2 l3-3 c3)
39.673: (fly-airplane a1 l2-0 l1-0)
39.669: (fly-airplane a0 l1-0 l2-0)
39.892: (drive-truck t0 l0-0 l0-3 c0)
39.766: (drive-truck t4 l4-0 l4-4 c4)
39.731: (drive-truck t3 l3-3 l3-2 c3)
39.727: (fly-airplane a1 l1-0 l0-0)
39.724: (fly-airplane a0 l2-0 l0-0)
39.689: (fly-airplane a1 l0-0 l2-0)
39.689: (drive-truck t0 l0-3 l0-1 c0)
39.689: (drive-truck t0 l0-1 l0-2 c0)
39.715: (fly-airplane a0 l0-0 l1-0)
39.715: (drive-truck t0 l0-2 l0-3 c0)
39.715: (drive-truck t0 l0-3 l0-1 c0)
39.735: (fly-airplane a1 l2-0 l1-0)
39.731: (fly-airplane a0 l1-0 l2-0)
39.727: (fly-airplane a1 l1-0 l0-0)
39.724: (fly-airplane a0 l2-0 l0-0)
39.724: (drive-truck t0 l0-1 l0-2 c0)
39.727: (fly-airplane a0 l0-0 l2-0)
39.728: (fly-airplane a0 l2-0 l3-0)
39.728: (drive-truck t0 l0-2 l0-1 c0)
39.729: (drive-truck t0 l0-1 l0-3 c0)
39.732: (fly-airplane a1 l0-0 l1-0)
39.732: (drive-truck t0 l0-3 l0-2 c0)
39.731: (fly-airplane a0 l3-0 l2-0)
39.735: (fly-airplane a0 l2-0 l1-0)
39.735: (drive-truck t0 l0-2 l0-3 c0)
39.755: (fly-airplane a1 l1-0 l3-0)
39.728: (fly-airplane a0 l1-0 l0-0)
39.729: (drive-truck t0 l0-3 l0-2 c0)
39.728: (drive-truck t0 l0-2 l0-1 c0)
39.755: (fly-airplane a0 l0-0 l1-0)
39.755: (drive-truck t0 l0-1 l0-2 c0)
39.787: (drive-truck t3 l3-2 l3-3 c3)
39.751: (fly-airplane a1 l3-0 l2-0)
39.725: (fly-airplane a0 l1-0 l0-0)
39.725: (drive-truck t0 l0-2 l0-3 c0)
39.725: (drive-truck t0 l0-3 l0-1 c0)
39.751: (fly-airplane a0 l0-0 l1-0)
39.751: (drive-truck t0 l0-1 l0-3 c0)
39.771: (fly-airplane a1 l2-0 l1-0)
39.768: (fly-airplane a0 l1-0 l3-0)
39.764: (fly-airplane a1 l1-0 l0-0)
39.760: (fly-airplane a0 l3-0 l0-0)
39.760: (drive-truck t0 l0-3 l0-1 c0)
39.760: (drive-truck t0 l0-1 l0-2 c0)
39.761: (fly-airplane a1 l0-0 l3-0)
39.761: (drive-truck t0 l0-2 l0-1 c0)
39.761: (drive-truck t0 l0-1 l0-3 c0)
39.787: (fly-airplane a0 l0-0 l1-0)
39.787: (drive-truck t0 l0-3 l0-1 c0)
39.771: (fly-airplane a1 l3-0 l1-0)
39.767: (fly-airplane a0 l1-0 l2-0)
39.763: (fly-airplane a1 l1-0 l0-0)
39.763: (drive-truck t0 l0-1 l0-2 c0)
39.763: (drive-truck t0 l0-2 l0-3 c0)
39.890: (drive-truck t4 l4-4 l4-0 c4)
39.871: (drive-truck t3 l3-3 l3-2 c3)
39.868: (fly-airplane a0 l2-0 l0-0)
39.833: (fly-airplane a1 l0-0 l2-0)
39.833: (drive-truck t0 l0-3 l0-1 c0)
39.833: (drive-truck t0 l0-1 l0-2 c0)
39.852: (drive-truck t3 l3-2 l3-3 c3)
39.852: (drive-truck t0 l0-2 l0-3 c0)
39.852: (drive-truck t0 l0-3 l0-1 c0)
39.879: (fly-airplane a0 l0-0 l1-0)
39.860: (drive-truck t3 l3-3 l3-2 c3)
39.860: (drive-truck t0 l0-1 l0-2 c0)
39.860: (drive-truck t0 l0-2 l0-3 c0)
39.877: (fly-airplane a1 l2-0 l1-0)
39.873: (fly-airplane a0 l1-0 l2-0)
39.873: (drive-truck t0 l0-3 l0-2 c0)
39.871: (fly-airplane a1 l1-0 l0-0)
39.868: (fly-airplane a0 l2-0 l0-0)
39.868: (drive-truck t0 l0-2 l0-1 c0)
39.871: (fly-airplane a0 l0-0 l2-0)
39.872: (fly-airplane a0 l2-0 l3-0)
39.872: (drive-truck t0 l0-1 l0-3 c0)
39.872: (drive-truck t0 l0-3 l0-2 c0)
39.874: (fly-airplane a1 l0-0 l1-0)
39.874: (drive-truck t0 l0-2 l0-1 c0)
39.732: (drive-truck t4 l4-0 l4-4 c4)
39.768: (drive-truck t3 l3-2 l3-3 c3)
39.764: (fly-airplane a1 l1-0 l0-0)
39.764: (drive-truck t0 l0-1 l0-2 c0)
39.768: (fly-airplane a1 l0-0 l1-0)
39.767: (fly-airplane a0 l3-0 l2-0)
39.771: (fly-airplane a0 l2-0 l1-0)
39.895: (drive-truck t4 l4-4 l4-0 c4)
39.877: (drive-truck t3 l3-3 l3-2 c3)
39.877: (drive-truck t0 l0-2 l0-1 c0)
39.873: (fly-airplane a0 l1-0 l2-0)
39.892: (drive-truck t3 l3-2 l3-3 c3)
39.890: (fly-airplane a1 l1-0 l0-0)
39.887: (fly-airplane a0 l2-0 l0-0)
39.887: (drive-truck t0 l0-1 l0-2 c0)
39.887: (drive-truck t0 l0-2 l0-3 c0)
39.887: (fly-airplane a1 l0-0 l3-0)
39.872: (drive-truck t3 l3-3 l3-2 c3)
39.872: (drive-truck t0 l0-3 l0-2 c0)
39.872: (drive-truck t0 l0-2 l0-1 c0)
39.887: (drive-truck t3 l3-2 l3-3 c3)
39.887: (drive-truck t0 l0-1 l0-2 c0)
39.914: (fly-airplane a0 l0-0 l1-0)
39.692: (drive-truck t0 l0-2 l0-0 c0)
39.677: (drive-truck t3 l3-3 l3-2 c3)
39.899: (drive-truck t0 l0-0 l0-2 c0)
39.899: (drive-truck t0 l0-2 l0-1 c0)
39.899: (drive-truck t0 l0-1 l0-3 c0)
39.914: (drive-truck t3 l3-2 l3-3 c3)
39.879: (fly-airplane a1 l3-0 l2-0)
39.879: (drive-truck t0 l0-3 l0-2 c0)
40.068: (drive-truck t0 l0-2 l0-4 c0)
39.715: (fly-airplane a1 l2-0 l0-0)
39.588: (drive-truck t4 l4-0 l4-4 c4)
39.552: (drive-truck t3 l3-3 l3-2 c3)
39.696: (drive-truck t4 l4-4 l4-0 c4)
39.958: (drive-truck t5 l5-0 l5-4 c5)
39.752: (drive-truck t0 l0-4 l0-2 c0)
39.603: (drive-truck t4 l4-0 l4-4 c4)
39.603: (drive-truck t0 l0-2 l0-3 c0)
39.603: (drive-truck t0 l0-3 l0-1 c0)
39.633: (drive-truck t5 l5-4 l5-2 c5)
39.633: (drive-truck t0 l0-1 l0-2 c0)
39.633: (drive-truck t0 l0-2 l0-3 c0)
39.669: (drive-truck t3 l3-2 l3-3 c3)
39.637: (drive-truck t5 l5-2 l5-4 c5)
39.637: (drive-truck t0 l0-3 l0-1 c0)
39.637: (drive-truck t0 l0-1 l0-2 c0)
39.669: (drive-truck t5 l5-4 l5-2 c5)
39.669: (drive-truck t0 l0-2 l0-1 c0)
39.804: (drive-truck t4 l4-4 l4-0 c4)
39.769: (drive-truck t5 l5-2 l5-4 c5)
39.752: (drive-truck t3 l3-3 l3-2 c3)
39.752: (drive-truck t0 l0-1 l0-3 c0)
39.769: (drive-truck t3 l3-2 l3-3 c3)
39.769: (drive-truck t0 l0-3 l0-2 c0)
39.804: (drive-truck t5 l5-4 l5-2 c5)
39.784: (drive-truck t3 l3-3 l3-2 c3)
39.784: (drive-truck t0 l0-2 l0-3 c0)
39.784: (drive-truck t0 l0-3 l0-1 c0)
39.931: (drive-truck t0 l0-1 l0-0 c0)
39.780: (drive-truck t4 l4-0 l4-4 c4)
39.750: (drive-truck t5 l5-2 l5-4 c5)
39.751: (fly-airplane a1 l0-0 l2-0)
39.770: (fly-airplane a1 l2-0 l1-0)
39.766: (fly-airplane a0 l1-0 l2-0)
39.767: (fly-airplane a0 l2-0 l3-0)
39.782: (fly-airplane a0 l3-0 l0-0)
39.580: (drive-truck t0 l0-0 l0-1 c0)
39.580: (drive-truck t0 l0-1 l0-2 c0)
39.580: (drive-truck t0 l0-2 l0-3 c0)
39.610: (drive-truck t5 l5-4 l5-2 c5)
39.610: (drive-truck t0 l0-3 l0-2 c0)
39.611: (drive-truck t0 l0-2 l0-1 c0)
39.646: (drive-truck t3 l3-2 l3-3 c3)
39.614: (drive-truck t5 l5-2 l5-4 c5)
39.614: (drive-truck t0 l0-1 l0-3 c0)
39.614: (drive-truck t0 l0-3 l0-2 c0)
39.646: (drive-truck t5 l5-4 l5-2 c5)
39.646: (drive-truck t0 l0-2 l0-3 c0)
39.779: (drive-truck t4 l4-4 l4-0 c4)
39.744: (drive-truck t5 l5-2 l5-4 c5)
39.727: (drive-truck t3 l3-3 l3-2 c3)
39.728: (drive-truck t0 l0-3 l0-1 c0)
39.728: (drive-truck t0 l0-1 l0-2 c0)
39.744: (drive-truck t3 l3-2 l3-3 c3)
39.744: (drive-truck t0 l0-2 l0-1 c0)
39.779: (drive-truck t5 l5-4 l5-2 c5)
39.760: (drive-truck t3 l3-3 l3-2 c3)
39.760: (drive-truck t0 l0-1 l0-2 c0)
39.760: (drive-truck t0 l0-2 l0-3 c0)
39.950: (drive-truck t0 l0-3 l0-4 c0)
39.655: (drive-truck t5 l5-2 l5-0 c5)
39.512: (drive-truck t4 l4-0 l4-4 c4)
39.549: (drive-truck t3 l3-2 l3-3 c3)
39.804: (drive-truck t5 l5-0 l5-4 c5)
39.770: (drive-truck t3 l3-3 l3-2 c3)
39.800: (drive-truck t5 l5-4 l5-2 c5)
39.813: (drive-truck t0 l0-4 l0-0 c0)
39.796: (fly-airplane a0 l0-0 l2-0)
39.797: (fly-airplane a0 l2-0 l3-0)
39.800: (fly-airplane a0 l3-0 l1-0)
39.781: (fly-airplane a1 l1-0 l2-0)
39.817: (drive-truck t3 l3-2 l3-3 c3)
39.784: (drive-truck t5 l5-2 l5-4 c5)
39.783: (fly-airplane a1 l2-0 l0-0)
39.804: (fly-airplane a1 l0-0 l1-0)
39.799: (fly-airplane a0 l1-0 l2-0)
39.801: (fly-airplane a0 l2-0 l3-0)
39.816: (fly-airplane a0 l3-0 l0-0)
39.848: (drive-truck t5 l5-4 l5-2 c5)
39.831: (fly-airplane a0 l0-0 l2-0)
39.833: (fly-airplane a0 l2-0 l3-0)
39.836: (fly-airplane a0 l3-0 l1-0)
39.816: (fly-airplane a1 l1-0 l0-0)
39.852: (fly-airplane a1 l0-0 l3-0)
39.820: (drive-truck t5 l5-2 l5-4 c5)
39.790: (drive-truck t3 l3-3 l3-2 c3)
39.820: (drive-truck t5 l5-4 l5-2 c5)
39.972: (drive-truck t4 l4-4 l4-0 c4)
39.933: (fly-airplane a1 l3-0 l2-0)
39.901: (drive-truck t5 l5-2 l5-4 c5)
39.899: (fly-airplane a1 l2-0 l0-0)
39.916: (drive-truck t3 l3-2 l3-3 c3)
39.918: (fly-airplane a1 l0-0 l2-0)
39.934: (fly-airplane a1 l2-0 l1-0)
39.917: (drive-truck t3 l3-3 l3-2 c3)
39.914: (fly-airplane a0 l1-0 l2-0)
39.915: (fly-airplane a0 l2-0 l3-0)
39.930: (fly-airplane a0 l3-0 l0-0)
39.667: (drive-truck t5 l5-4 l5-0 c5)
39.950: (drive-truck t4 l4-0 l4-2 c4)
38.940: (load-truck p9 t4 l4-2)
37.974: (load-truck p3 t4 l4-2)
37.554: (drive-truck t4 l4-2 l4-4 c4)
37.352: (drive-truck t0 l0-0 l0-1 c0)
37.352: (drive-truck t0 l0-1 l0-3 c0)
37.352: (drive-truck t0 l0-3 l0-2 c0)
37.354: (drive-truck t3 l3-2 l3-3 c3)
37.354: (drive-truck t0 l0-2 l0-3 c0)
37.354: (drive-truck t0 l0-3 l0-1 c0)
37.488: (drive-truck t4 l4-4 l4-0 c4)
37.486: (drive-truck t3 l3-3 l3-2 c3)
37.486: (drive-truck t0 l0-1 l0-3 c0)
37.486: (drive-truck t0 l0-3 l0-2 c0)
37.488: (drive-truck t3 l3-2 l3-3 c3)
37.487: (drive-truck t0 l0-2 l0-3 c0)
37.677: (drive-truck t0 l0-3 l0-4 c0)
37.544: (drive-truck t4 l4-0 l4-4 c4)
37.542: (drive-truck t3 l3-3 l3-2 c3)
37.676: (drive-truck t4 l4-4 l4-0 c4)
37.688: (drive-truck t0 l0-4 l0-0 c0)
37.672: (fly-airplane a0 l0-0 l2-0)
37.537: (drive-truck t4 l4-0 l4-4 c4)
37.539: (fly-airplane a0 l2-0 l3-0)
37.541: (fly-airplane a0 l3-0 l1-0)
37.521: (fly-airplane a1 l1-0 l0-0)
37.374: (drive-truck t0 l0-0 l0-1 c0)
37.374: (drive-truck t0 l0-1 l0-3 c0)
37.374: (drive-truck t0 l0-3 l0-2 c0)
37.376: (drive-truck t3 l3-2 l3-3 c3)
37.376: (drive-truck t0 l0-2 l0-3 c0)
37.376: (drive-truck t0 l0-3 l0-1 c0)
37.512: (drive-truck t4 l4-4 l4-0 c4)
37.510: (drive-truck t3 l3-3 l3-2 c3)
37.510: (drive-truck t0 l0-1 l0-2 c0)
37.510: (drive-truck t0 l0-2 l0-3 c0)
37.512: (drive-truck t3 l3-2 l3-3 c3)
37.511: (drive-truck t0 l0-3 l0-2 c0)
37.658: (drive-truck t0 l0-2 l0-0 c0)
37.523: (drive-truck t4 l4-0 l4-4 c4)
37.524: (fly-airplane a1 l0-0 l2-0)
37.522: (drive-truck t3 l3-3 l3-2 c3)
37.561: (fly-airplane a1 l2-0 l3-0)
37.563: (drive-truck t3 l3-2 l3-3 c3)
37.543: (fly-airplane a1 l3-0 l1-0)
37.539: (fly-airplane a0 l1-0 l2-0)
37.541: (fly-airplane a0 l2-0 l3-0)
37.556: (fly-airplane a0 l3-0 l0-0)
37.690: (drive-truck t4 l4-4 l4-0 c4)
37.673: (fly-airplane a0 l0-0 l2-0)
37.674: (fly-airplane a0 l2-0 l3-0)
37.673: (drive-truck t3 l3-3 l3-2 c3)
37.675: (fly-airplane a0 l3-0 l1-0)
37.657: (fly-airplane a1 l1-0 l0-0)
37.658: (fly-airplane a1 l0-0 l2-0)
37.660: (drive-truck t3 l3-2 l3-3 c3)
37.676: (fly-airplane a1 l2-0 l1-0)
37.699: (fly-airplane a1 l1-0 l3-0)
37.697: (drive-truck t3 l3-3 l3-2 c3)
37.919: (drive-truck t0 l0-0 l0-1 c0)
37.783: (drive-truck t4 l4-0 l4-4 c4)
37.744: (fly-airplane a1 l3-0 l2-0)
37.717: (fly-airplane a0 l1-0 l0-0)
37.717: (drive-truck t0 l0-1 l0-3 c0)
37.717: (drive-truck t0 l0-3 l0-2 c0)
37.719: (drive-truck t3 l3-2 l3-3 c3)
37.719: (drive-truck t0 l0-2 l0-3 c0)
37.719: (drive-truck t0 l0-3 l0-1 c0)
37.746: (fly-airplane a0 l0-0 l1-0)
37.746: (drive-truck t0 l0-1 l0-2 c0)
37.744: (drive-truck t3 l3-3 l3-2 c3)
37.744: (drive-truck t0 l0-2 l0-3 c0)
37.746: (drive-truck t3 l3-2 l3-3 c3)
37.765: (fly-airplane a1 l2-0 l1-0)
37.762: (fly-airplane a0 l1-0 l2-0)
37.757: (fly-airplane a1 l1-0 l0-0)
37.754: (fly-airplane a0 l2-0 l0-0)
37.752: (drive-truck t3 l3-3 l3-2 c3)
37.752: (drive-truck t0 l0-3 l0-2 c0)
37.752: (drive-truck t0 l0-2 l0-1 c0)
37.754: (drive-truck t3 l3-2 l3-3 c3)
37.754: (drive-truck t0 l0-1 l0-2 c0)
37.757: (fly-airplane a0 l0-0 l2-0)
37.755: (drive-truck t3 l3-3 l3-2 c3)
37.755: (drive-truck t0 l0-2 l0-1 c0)
37.755: (drive-truck t0 l0-1 l0-3 c0)
37.756: (fly-airplane a0 l2-0 l3-0)
37.756: (drive-truck t0 l0-3 l0-2 c0)
37.756: (drive-truck t0 l0-2 l0-1 c0)
37.758: (drive-truck t3 l3-2 l3-3 c3)
37.757: (fly-airplane a0 l3-0 l2-0)
37.762: (fly-airplane a1 l0-0 l1-0)
37.759: (drive-truck t3 l3-3 l3-2 c3)
37.760: (drive-truck t0 l0-1 l0-2 c0)
37.759: (drive-truck t0 l0-2 l0-3 c0)
37.761: (fly-airplane a0 l2-0 l3-0)
37.761: (drive-truck t0 l0-3 l0-2 c0)
37.761: (drive-truck t0 l0-2 l0-1 c0)
37.763: (drive-truck t3 l3-2 l3-3 c3)
37.763: (drive-truck t0 l0-1 l0-2 c0)
37.759: (fly-airplane a1 l1-0 l0-0)
37.758: (drive-truck t0 l0-2 l0-3 c0)
37.764: (fly-airplane a1 l0-0 l1-0)
37.897: (drive-truck t4 l4-4 l4-0 c4)
37.894: (fly-airplane a1 l1-0 l0-0)
37.890: (fly-airplane a0 l3-0 l0-0)
37.855: (fly-airplane a1 l0-0 l2-0)
37.853: (drive-truck t3 l3-3 l3-2 c3)
37.853: (drive-truck t0 l0-3 l0-1 c0)
37.853: (drive-truck t0 l0-1 l0-2 c0)
37.855: (drive-truck t3 l3-2 l3-3 c3)
37.855: (drive-truck t0 l0-2 l0-1 c0)
37.882: (fly-airplane a0 l0-0 l1-0)
37.880: (drive-truck t3 l3-3 l3-2 c3)
37.880: (drive-truck t0 l0-1 l0-2 c0)
37.880: (drive-truck t0 l0-2 l0-3 c0)
37.882: (drive-truck t3 l3-2 l3-3 c3)
37.882: (drive-truck t0 l0-3 l0-2 c0)
37.899: (fly-airplane a1 l2-0 l1-0)
37.765: (drive-truck t4 l4-0 l4-4 c4)
37.762: (fly-airplane a0 l1-0 l2-0)
37.896: (drive-truck t4 l4-4 l4-0 c4)
37.893: (fly-airplane a1 l1-0 l0-0)
37.890: (fly-airplane a0 l2-0 l0-0)
37.888: (drive-truck t3 l3-3 l3-2 c3)
37.888: (drive-truck t0 l0-2 l0-3 c0)
37.888: (drive-truck t0 l0-3 l0-1 c0)
37.889: (drive-truck t3 l3-2 l3-3 c3)
37.892: (fly-airplane a0 l0-0 l2-0)
37.891: (drive-truck t3 l3-3 l3-2 c3)
37.891: (drive-truck t0 l0-1 l0-2 c0)
37.891: (drive-truck t0 l0-2 l0-3 c0)
37.892: (fly-airplane a0 l2-0 l3-0)
37.892: (drive-truck t0 l0-3 l0-1 c0)
37.892: (drive-truck t0 l0-1 l0-2 c0)
37.894: (drive-truck t3 l3-2 l3-3 c3)
37.893: (drive-truck t0 l0-2 l0-1 c0)
37.897: (fly-airplane a1 l0-0 l1-0)
37.895: (drive-truck t3 l3-3 l3-2 c3)
37.894: (fly-airplane a0 l3-0 l2-0)
37.894: (drive-truck t0 l0-1 l0-3 c0)
37.894: (drive-truck t0 l0-3 l0-2 c0)
37.895: (fly-airplane a0 l2-0 l3-0)
37.895: (drive-truck t0 l0-2 l0-3 c0)
37.897: (fly-airplane a0 l3-0 l1-0)
37.763: (drive-truck t4 l4-0 l4-4 c4)
37.763: (drive-truck t0 l0-3 l0-1 c0)
37.763: (drive-truck t0 l0-1 l0-2 c0)
37.783: (fly-airplane a1 l1-0 l3-0)
37.756: (fly-airplane a0 l1-0 l0-0)
37.756: (drive-truck t0 l0-2 l0-1 c0)
37.756: (drive-truck t0 l0-1 l0-3 c0)
37.759: (drive-truck t3 l3-2 l3-3 c3)
37.759: (drive-truck t0 l0-3 l0-1 c0)
37.759: (drive-truck t0 l0-1 l0-2 c0)
37.785: (fly-airplane a0 l0-0 l1-0)
37.786: (drive-truck t0 l0-2 l0-3 c0)
37.783: (drive-truck t3 l3-3 l3-2 c3)
37.919: (drive-truck t4 l4-4 l4-0 c4)
37.892: (fly-airplane a0 l1-0 l0-0)
37.892: (drive-truck t0 l0-3 l0-1 c0)
37.892: (drive-truck t0 l0-1 l0-2 c0)
37.894: (drive-truck t3 l3-2 l3-3 c3)
37.894: (drive-truck t0 l0-2 l0-3 c0)
37.894: (drive-truck t0 l0-3 l0-1 c0)
37.921: (fly-airplane a0 l0-0 l1-0)
37.785: (drive-truck t4 l4-0 l4-4 c4)
37.765: (fly-airplane a1 l3-0 l1-0)
37.899: (drive-truck t4 l4-4 l4-0 c4)
37.896: (fly-airplane a0 l1-0 l2-0)
37.896: (drive-truck t0 l0-1 l0-3 c0)
37.893: (fly-airplane a1 l1-0 l0-0)
38.039: (drive-truck t0 l0-3 l0-0 c0)
37.903: (drive-truck t4 l4-0 l4-4 c4)
37.899: (fly-airplane a0 l2-0 l0-0)
37.897: (drive-truck t3 l3-3 l3-2 c3)
37.901: (fly-airplane a0 l0-0 l2-0)
37.903: (fly-airplane a0 l2-0 l3-0)
37.904: (fly-airplane a1 l0-0 l2-0)
37.906: (drive-truck t3 l3-2 l3-3 c3)
37.905: (fly-airplane a1 l2-0 l0-0)
37.946: (fly-airplane a1 l0-0 l3-0)
37.943: (drive-truck t3 l3-3 l3-2 c3)
37.942: (fly-airplane a0 l3-0 l2-0)
37.911: (fly-airplane a1 l3-0 l2-0)
37.913: (drive-truck t3 l3-2 l3-3 c3)
37.921: (fly-airplane a0 l2-0 l0-0)
37.908: (drive-truck t0 l0-0 l0-4 c0)
37.907: (drive-truck t3 l3-3 l3-2 c3)
37.919: (drive-truck t0 l0-4 l0-0 c0)
37.959: (fly-airplane a1 l2-0 l3-0)
37.946: (drive-truck t0 l0-0 l0-4 c0)
37.948: (drive-truck t3 l3-2 l3-3 c3)
37.954: (fly-airplane a1 l3-0 l0-0)
37.582: (fly-airplane a0 l0-0 l1-0)
37.580: (drive-truck t3 l3-3 l3-2 c3)
37.716: (drive-truck t4 l4-4 l4-0 c4)
37.718: (drive-truck t3 l3-2 l3-3 c3)
37.979: (drive-truck t5 l5-0 l5-4 c5)
37.774: (drive-truck t0 l0-4 l0-3 c0)
37.633: (drive-truck t4 l4-0 l4-4 c4)
37.630: (drive-truck t3 l3-3 l3-2 c3)
37.630: (drive-truck t0 l0-3 l0-1 c0)
37.631: (drive-truck t0 l0-1 l0-2 c0)
37.633: (drive-truck t3 l3-2 l3-3 c3)
37.633: (drive-truck t0 l0-2 l0-1 c0)
37.664: (drive-truck t5 l5-4 l5-2 c5)
37.661: (drive-truck t3 l3-3 l3-2 c3)
37.661: (drive-truck t0 l0-1 l0-2 c0)
37.661: (drive-truck t0 l0-2 l0-3 c0)
37.663: (drive-truck t3 l3-2 l3-3 c3)
37.664: (drive-truck t0 l0-3 l0-2 c0)
37.806: (drive-truck t4 l4-4 l4-0 c4)
37.774: (drive-truck t5 l5-2 l5-4 c5)
37.771: (drive-truck t3 l3-3 l3-2 c3)
37.771: (drive-truck t0 l0-2 l0-3 c0)
37.771: (drive-truck t0 l0-3 l0-1 c0)
37.774: (drive-truck t3 l3-2 l3-3 c3)
37.806: (drive-truck t5 l5-4 l5-2 c5)
37.804: (drive-truck t3 l3-3 l3-2 c3)
37.804: (drive-truck t0 l0-1 l0-2 c0)
37.804: (drive-truck t0 l0-2 l0-3 c0)
37.806: (drive-truck t3 l3-2 l3-3 c3)
37.953: (drive-truck t0 l0-3 l0-0 c0)
37.810: (drive-truck t4 l4-0 l4-4 c4)
37.780: (drive-truck t5 l5-2 l5-4 c5)
37.777: (drive-truck t3 l3-3 l3-2 c3)
37.778: (fly-airplane a1 l0-0 l2-0)
37.781: (drive-truck t3 l3-2 l3-3 c3)
37.800: (fly-airplane a1 l2-0 l1-0)
37.796: (fly-airplane a0 l1-0 l2-0)
37.794: (drive-truck t3 l3-3 l3-2 c3)
37.796: (fly-airplane a0 l2-0 l3-0)
37.798: (fly-airplane a0 l3-0 l1-0)
37.811: (fly-airplane a0 l1-0 l0-0)
37.609: (drive-truck t0 l0-0 l0-1 c0)
37.609: (drive-truck t0 l0-1 l0-2 c0)
37.609: (drive-truck t0 l0-2 l0-3 c0)
37.611: (drive-truck t3 l3-2 l3-3 c3)
37.611: (drive-truck t0 l0-3 l0-1 c0)
37.611: (drive-truck t0 l0-1 l0-2 c0)
37.642: (drive-truck t5 l5-4 l5-2 c5)
37.640: (drive-truck t3 l3-3 l3-2 c3)
37.640: (drive-truck t0 l0-2 l0-3 c0)
37.640: (drive-truck t0 l0-3 l0-1 c0)
37.641: (drive-truck t3 l3-2 l3-3 c3)
37.642: (drive-truck t0 l0-1 l0-3 c0)
37.782: (drive-truck t4 l4-4 l4-0 c4)
37.750: (drive-truck t5 l5-2 l5-4 c5)
37.748: (drive-truck t3 l3-3 l3-2 c3)
37.748: (drive-truck t0 l0-3 l0-2 c0)
37.748: (drive-truck t0 l0-2 l0-1 c0)
37.750: (drive-truck t3 l3-2 l3-3 c3)
37.750: (drive-truck t0 l0-1 l0-2 c0)
37.782: (drive-truck t5 l5-4 l5-2 c5)
37.780: (drive-truck t3 l3-3 l3-2 c3)
37.780: (drive-truck t0 l0-2 l0-1 c0)
37.780: (drive-truck t0 l0-1 l0-3 c0)
37.970: (drive-truck t0 l0-3 l0-4 c0)
37.829: (drive-truck t4 l4-0 l4-4 c4)
37.798: (drive-truck t5 l5-2 l5-4 c5)
37.801: (drive-truck t3 l3-2 l3-3 c3)
37.813: (drive-truck t0 l0-4 l0-0 c0)
37.798: (fly-airplane a0 l0-0 l3-0)
37.829: (drive-truck t5 l5-4 l5-2 c5)
37.827: (drive-truck t3 l3-3 l3-2 c3)
37.825: (fly-airplane a0 l3-0 l2-0)
37.827: (drive-truck t3 l3-2 l3-3 c3)
37.830: (fly-airplane a0 l2-0 l1-0)
37.811: (fly-airplane a1 l1-0 l2-0)
37.809: (drive-truck t3 l3-3 l3-2 c3)
37.809: (fly-airplane a1 l2-0 l0-0)
37.828: (fly-airplane a1 l0-0 l1-0)
37.842: (fly-airplane a0 l1-0 l0-0)
37.844: (drive-truck t3 l3-2 l3-3 c3)
37.831: (drive-truck t0 l0-0 l0-4 c0)
37.972: (drive-truck t4 l4-4 l4-0 c4)
37.782: (drive-truck t0 l0-4 l0-1 c0)
37.984: (drive-truck t0 l0-1 l0-0 c0)
37.952: (drive-truck t5 l5-2 l5-4 c5)
37.936: (fly-airplane a0 l0-0 l2-0)
37.934: (drive-truck t3 l3-3 l3-2 c3)
37.935: (fly-airplane a0 l2-0 l3-0)
37.936: (fly-airplane a0 l3-0 l1-0)
37.918: (fly-airplane a1 l1-0 l0-0)
37.920: (fly-airplane a1 l0-0 l2-0)
37.922: (drive-truck t3 l3-2 l3-3 c3)
37.921: (fly-airplane a1 l2-0 l0-0)
37.938: (fly-airplane a1 l0-0 l1-0)
37.937: (fly-airplane a0 l1-0 l3-0)
37.969: (drive-truck t5 l5-4 l5-2 c5)
37.967: (drive-truck t3 l3-3 l3-2 c3)
37.966: (fly-airplane a0 l3-0 l2-0)
37.968: (drive-truck t3 l3-2 l3-3 c3)
37.971: (fly-airplane a0 l2-0 l1-0)
37.955: (fly-airplane a1 l1-0 l2-0)
37.953: (drive-truck t3 l3-3 l3-2 c3)
37.951: (fly-airplane a1 l2-0 l0-0)
37.969: (fly-airplane a1 l0-0 l1-0)
37.983: (fly-airplane a0 l1-0 l0-0)
37.950: (drive-truck t5 l5-2 l5-4 c5)
37.938: (drive-truck t0 l0-0 l0-4 c0)
37.939: (drive-truck t3 l3-2 l3-3 c3)
38.226: (drive-truck t4 l4-0 l4-2 c4)
37.964: (drive-truck t5 l5-4 l5-0 c5)
37.774: (drive-truck t0 l0-4 l0-1 c0)
37.772: (drive-truck t3 l3-3 l3-2 c3)
37.772: (drive-truck t0 l0-1 l0-3 c0)
37.772: (drive-truck t0 l0-3 l0-2 c0)
37.774: (drive-truck t3 l3-2 l3-3 c3)
37.774: (drive-truck t0 l0-2 l0-3 c0)
37.976: (drive-truck t0 l0-3 l0-0 c0)
37.960: (fly-airplane a0 l0-0 l2-0)
37.958: (drive-truck t3 l3-3 l3-2 c3)
37.959: (fly-airplane a0 l2-0 l3-0)
37.961: (drive-truck t3 l3-2 l3-3 c3)
37.963: (fly-airplane a0 l3-0 l1-0)
37.943: (fly-airplane a1 l1-0 l0-0)
37.796: (drive-truck t0 l0-0 l0-2 c0)
37.794: (drive-truck t3 l3-3 l3-2 c3)
37.794: (drive-truck t0 l0-2 l0-1 c0)
37.794: (drive-truck t0 l0-1 l0-3 c0)
37.796: (drive-truck t3 l3-2 l3-3 c3)
37.796: (drive-truck t0 l0-3 l0-1 c0)
38.002: (drive-truck t0 l0-1 l0-4 c0)
38.000: (drive-truck t3 l3-3 l3-2 c3)
37.941: (drive-truck t0 l0-4 l0-0 c0)
37.943: (fly-airplane a1 l0-0 l2-0)
37.944: (drive-truck t3 l3-2 l3-3 c3)
37.983: (fly-airplane a1 l2-0 l3-0)
37.981: (drive-truck t3 l3-3 l3-2 c3)
37.961: (fly-airplane a1 l3-0 l1-0)
38.183: (drive-truck t0 l0-0 l0-1 c0)
37.897: (drive-truck t4 l4-2 l4-0 c4)
37.897: (drive-truck t0 l0-1 l0-2 c0)
37.919: (fly-airplane a1 l1-0 l3-0)
37.921: (drive-truck t3 l3-2 l3-3 c3)
37.921: (drive-truck t0 l0-2 l0-3 c0)
37.899: (fly-airplane a1 l3-0 l1-0)
38.087: (drive-truck t0 l0-3 l0-4 c0)
37.954: (drive-truck t4 l4-0 l4-4 c4)
37.935: (fly-airplane a1 l1-0 l2-0)
37.933: (drive-truck t3 l3-3 l3-2 c3)
37.952: (fly-airplane a1 l2-0 l1-0)
37.948: (fly-airplane a0 l1-0 l2-0)
37.950: (fly-airplane a0 l2-0 l3-0)
37.952: (drive-truck t3 l3-2 l3-3 c3)
37.951: (fly-airplane a0 l3-0 l2-0)
37.963: (fly-airplane a1 l1-0 l0-0)
37.961: (drive-truck t3 l3-3 l3-2 c3)
37.952: (fly-airplane a0 l2-0 l0-0)
37.962: (fly-airplane a0 l0-0 l3-0)
37.964: (drive-truck t3 l3-2 l3-3 c3)
38.100: (drive-truck t4 l4-4 l4-0 c4)
38.040: (drive-truck t0 l0-4 l0-0 c0)
38.034: (fly-airplane a0 l3-0 l0-0)
38.032: (drive-truck t3 l3-3 l3-2 c3)
38.037: (fly-airplane a0 l0-0 l2-0)
38.039: (fly-airplane a0 l2-0 l3-0)
38.040: (fly-airplane a1 l0-0 l2-0)
38.042: (drive-truck t3 l3-2 l3-3 c3)
38.049: (fly-airplane a0 l3-0 l2-0)
38.048: (drive-truck t3 l3-3 l3-2 c3)
38.055: (fly-airplane a0 l2-0 l0-0)
38.043: (drive-truck t0 l0-0 l0-4 c0)
38.045: (drive-truck t3 l3-2 l3-3 c3)
38.057: (drive-truck t0 l0-4 l0-0 c0)
38.096: (fly-airplane a1 l2-0 l3-0)
37.961: (drive-truck t4 l4-0 l4-4 c4)
37.944: (fly-airplane a0 l0-0 l2-0)
38.080: (drive-truck t4 l4-4 l4-0 c4)
38.077: (drive-truck t3 l3-3 l3-2 c3)
38.079: (fly-airplane a0 l2-0 l3-0)
38.081: (drive-truck t3 l3-2 l3-3 c3)
38.303: (drive-truck t0 l0-0 l0-1 c0)
38.168: (drive-truck t4 l4-0 l4-4 c4)
38.128: (fly-airplane a1 l3-0 l2-0)
38.126: (drive-truck t3 l3-3 l3-2 c3)
38.126: (drive-truck t0 l0-1 l0-2 c0)
38.126: (drive-truck t0 l0-2 l0-3 c0)
38.128: (drive-truck t3 l3-2 l3-3 c3)
38.128: (drive-truck t0 l0-3 l0-2 c0)
38.135: (fly-airplane a0 l3-0 l2-0)
38.133: (drive-truck t3 l3-3 l3-2 c3)
38.133: (drive-truck t0 l0-2 l0-3 c0)
38.133: (drive-truck t0 l0-3 l0-1 c0)
38.135: (drive-truck t3 l3-2 l3-3 c3)
38.135: (drive-truck t0 l0-1 l0-3 c0)
38.166: (fly-airplane a1 l2-0 l3-0)
38.164: (drive-truck t3 l3-3 l3-2 c3)
38.164: (drive-truck t0 l0-3 l0-1 c0)
38.164: (drive-truck t0 l0-1 l0-2 c0)
38.166: (fly-airplane a0 l2-0 l3-0)
38.166: (drive-truck t0 l0-2 l0-3 c0)
38.166: (drive-truck t0 l0-3 l0-1 c0)
38.301: (drive-truck t4 l4-4 l4-0 c4)
38.262: (fly-airplane a1 l3-0 l2-0)
38.262: (drive-truck t0 l0-1 l0-2 c0)
38.262: (drive-truck t0 l0-2 l0-3 c0)
38.264: (drive-truck t3 l3-2 l3-3 c3)
38.264: (drive-truck t0 l0-3 l0-1 c0)
38.264: (drive-truck t0 l0-1 l0-2 c0)
37.897: (fly-airplane a1 l2-0 l1-0)
38.085: (drive-truck t0 l0-2 l0-4 c0)
38.083: (drive-truck t3 l3-3 l3-2 c3)
38.083: (fly-airplane a0 l3-0 l2-0)
38.084: (drive-truck t3 l3-2 l3-3 c3)
38.098: (fly-airplane a1 l1-0 l0-0)
38.090: (fly-airplane a0 l2-0 l0-0)
38.083: (fly-airplane a1 l0-0 l3-0)
38.081: (drive-truck t3 l3-3 l3-2 c3)
38.088: (fly-airplane a1 l3-0 l0-0)
38.097: (fly-airplane a0 l0-0 l2-0)
38.098: (fly-airplane a0 l2-0 l3-0)
38.360: (drive-truck t5 l5-0 l5-4 c5)
37.977: (fly-airplane a0 l3-0 l1-0)
37.836: (drive-truck t4 l4-0 l4-4 c4)
37.839: (drive-truck t3 l3-2 l3-3 c3)
37.869: (drive-truck t5 l5-4 l5-2 c5)
37.868: (drive-truck t3 l3-3 l3-2 c3)
38.010: (drive-truck t4 l4-4 l4-0 c4)
38.012: (drive-truck t3 l3-2 l3-3 c3)
38.296: (drive-truck t4 l4-0 l4-2 c4)
38.090: (drive-truck t0 l0-4 l0-3 c0)
38.058: (drive-truck t5 l5-2 l5-4 c5)
38.056: (drive-truck t3 l3-3 l3-2 c3)
38.056: (drive-truck t0 l0-3 l0-2 c0)
38.056: (drive-truck t0 l0-2 l0-1 c0)
38.058: (drive-truck t3 l3-2 l3-3 c3)
38.058: (drive-truck t0 l0-1 l0-2 c0)
38.091: (drive-truck t5 l5-4 l5-2 c5)
38.088: (drive-truck t3 l3-3 l3-2 c3)
38.088: (drive-truck t0 l0-2 l0-3 c0)
38.088: (drive-truck t0 l0-3 l0-1 c0)
38.090: (drive-truck t3 l3-2 l3-3 c3)
38.237: (drive-truck t0 l0-1 l0-0 c0)
38.205: (drive-truck t5 l5-2 l5-4 c5)
38.203: (drive-truck t3 l3-3 l3-2 c3)
38.205: (fly-airplane a1 l0-0 l2-0)
38.207: (drive-truck t3 l3-2 l3-3 c3)
38.225: (fly-airplane a1 l2-0 l1-0)
38.222: (fly-airplane a0 l1-0 l2-0)
38.220: (drive-truck t3 l3-3 l3-2 c3)
38.221: (fly-airplane a0 l2-0 l3-0)
38.223: (fly-airplane a0 l3-0 l1-0)
38.236: (fly-airplane a0 l1-0 l0-0)
38.034: (drive-truck t0 l0-0 l0-2 c0)
38.034: (drive-truck t0 l0-2 l0-3 c0)
38.034: (drive-truck t0 l0-3 l0-1 c0)
38.036: (drive-truck t3 l3-2 l3-3 c3)
38.036: (drive-truck t0 l0-1 l0-2 c0)
38.036: (drive-truck t0 l0-2 l0-3 c0)
38.069: (drive-truck t5 l5-4 l5-2 c5)
38.066: (drive-truck t3 l3-3 l3-2 c3)
38.067: (drive-truck t0 l0-3 l0-1 c0)
38.067: (drive-truck t0 l0-1 l0-2 c0)
38.069: (drive-truck t3 l3-2 l3-3 c3)
38.069: (drive-truck t0 l0-2 l0-1 c0)
38.258: (drive-truck t0 l0-1 l0-4 c0)
38.256: (drive-truck t3 l3-3 l3-2 c3)
37.962: (drive-truck t5 l5-2 l5-0 c5)
38.224: (drive-truck t5 l5-0 l5-4 c5)
38.590: (fly-airplane a1 l1-0 l2-0)
38.164: (drive-truck t4 l4-2 l4-4 c4)
37.974: (drive-truck t0 l0-4 l0-2 c0)
37.974: (drive-truck t0 l0-2 l0-3 c0)
37.974: (drive-truck t0 l0-3 l0-1 c0)
37.976: (drive-truck t3 l3-2 l3-3 c3)
37.976: (drive-truck t0 l0-1 l0-3 c0)
37.976: (drive-truck t0 l0-3 l0-2 c0)
38.003: (fly-airplane a0 l0-0 l1-0)
38.000: (drive-truck t3 l3-3 l3-2 c3)
38.000: (drive-truck t0 l0-2 l0-3 c0)
38.000: (drive-truck t0 l0-3 l0-1 c0)
38.003: (drive-truck t3 l3-2 l3-3 c3)
38.003: (drive-truck t0 l0-1 l0-3 c0)
38.022: (fly-airplane a1 l2-0 l1-0)
38.018: (fly-airplane a0 l1-0 l2-0)
38.014: (fly-airplane a1 l1-0 l0-0)
38.011: (fly-airplane a0 l2-0 l0-0)
38.009: (drive-truck t3 l3-3 l3-2 c3)
38.009: (drive-truck t0 l0-3 l0-1 c0)
38.009: (drive-truck t0 l0-1 l0-2 c0)
38.011: (drive-truck t3 l3-2 l3-3 c3)
38.011: (drive-truck t0 l0-2 l0-1 c0)
38.014: (fly-airplane a0 l0-0 l2-0)
38.011: (drive-truck t3 l3-3 l3-2 c3)
38.012: (drive-truck t0 l0-1 l0-2 c0)
38.011: (drive-truck t0 l0-2 l0-3 c0)
38.013: (fly-airplane a0 l2-0 l3-0)
38.013: (drive-truck t0 l0-3 l0-1 c0)
38.013: (drive-truck t0 l0-1 l0-2 c0)
38.015: (drive-truck t3 l3-2 l3-3 c3)
38.014: (fly-airplane a0 l3-0 l2-0)
38.019: (fly-airplane a1 l0-0 l1-0)
38.016: (drive-truck t3 l3-3 l3-2 c3)
38.016: (drive-truck t0 l0-2 l0-1 c0)
38.016: (drive-truck t0 l0-1 l0-3 c0)
38.018: (fly-airplane a0 l2-0 l3-0)
38.018: (drive-truck t0 l0-3 l0-1 c0)
38.018: (drive-truck t0 l0-1 l0-2 c0)
38.020: (fly-airplane a0 l3-0 l1-0)
38.020: (drive-truck t0 l0-2 l0-1 c0)
38.020: (drive-truck t0 l0-1 l0-3 c0)
38.040: (fly-airplane a1 l1-0 l3-0)
37.817: (drive-truck t0 l0-3 l0-0 c0)
37.820: (drive-truck t3 l3-2 l3-3 c3)
37.851: (drive-truck t5 l5-4 l5-2 c5)
37.848: (drive-truck t3 l3-3 l3-2 c3)
37.991: (drive-truck t4 l4-4 l4-0 c4)
37.958: (drive-truck t5 l5-2 l5-4 c5)
37.961: (drive-truck t3 l3-2 l3-3 c3)
37.993: (drive-truck t5 l5-4 l5-2 c5)
38.215: (drive-truck t0 l0-0 l0-1 c0)
38.073: (drive-truck t4 l4-0 l4-4 c4)
38.034: (fly-airplane a1 l3-0 l2-0)
38.006: (fly-airplane a0 l1-0 l0-0)
38.005: (drive-truck t3 l3-3 l3-2 c3)
38.005: (drive-truck t0 l0-1 l0-3 c0)
38.005: (drive-truck t0 l0-3 l0-2 c0)
38.007: (drive-truck t3 l3-2 l3-3 c3)
38.007: (drive-truck t0 l0-2 l0-3 c0)
38.034: (fly-airplane a0 l0-0 l1-0)
38.032: (drive-truck t3 l3-3 l3-2 c3)
38.031: (drive-truck t0 l0-3 l0-2 c0)
38.031: (drive-truck t0 l0-2 l0-1 c0)
38.051: (fly-airplane a1 l2-0 l1-0)
38.047: (fly-airplane a0 l1-0 l2-0)
38.042: (fly-airplane a1 l1-0 l0-0)
38.040: (fly-airplane a0 l2-0 l0-0)
38.040: (drive-truck t0 l0-1 l0-2 c0)
38.040: (drive-truck t0 l0-2 l0-3 c0)
38.042: (drive-truck t3 l3-2 l3-3 c3)
38.041: (drive-truck t0 l0-3 l0-1 c0)
38.042: (drive-truck t0 l0-1 l0-2 c0)
38.044: (fly-airplane a0 l0-0 l2-0)
38.042: (drive-truck t3 l3-3 l3-2 c3)
38.042: (drive-truck t0 l0-2 l0-3 c0)
38.044: (fly-airplane a0 l2-0 l3-0)
38.044: (drive-truck t0 l0-3 l0-1 c0)
38.044: (drive-truck t0 l0-1 l0-2 c0)
38.046: (drive-truck t3 l3-2 l3-3 c3)
38.045: (drive-truck t0 l0-2 l0-1 c0)
38.015: (drive-truck t5 l5-2 l5-4 c5)
38.015: (drive-truck t0 l0-1 l0-3 c0)
38.020: (fly-airplane a1 l0-0 l1-0)
38.020: (drive-truck t0 l0-3 l0-1 c0)
38.019: (fly-airplane a0 l3-0 l2-0)
38.022: (fly-airplane a0 l2-0 l1-0)
38.022: (drive-truck t0 l0-1 l0-2 c0)
38.020: (fly-airplane a0 l1-0 l3-0)
38.051: (drive-truck t5 l5-4 l5-2 c5)
38.049: (drive-truck t3 l3-3 l3-2 c3)
38.047: (fly-airplane a0 l3-0 l2-0)
38.047: (drive-truck t0 l0-2 l0-3 c0)
38.049: (fly-airplane a0 l2-0 l3-0)
38.049: (drive-truck t0 l0-3 l0-1 c0)
38.051: (drive-truck t3 l3-2 l3-3 c3)
38.049: (fly-airplane a0 l3-0 l2-0)
38.044: (fly-airplane a1 l1-0 l0-0)
38.044: (drive-truck t0 l0-1 l0-3 c0)
38.046: (fly-airplane a0 l2-0 l3-0)
38.051: (fly-airplane a1 l0-0 l1-0)
38.049: (fly-airplane a0 l3-0 l2-0)
38.049: (drive-truck t0 l0-3 l0-2 c0)
38.052: (fly-airplane a0 l2-0 l1-0)
38.034: (fly-airplane a1 l1-0 l2-0)
38.073: (fly-airplane a1 l2-0 l3-0)
38.042: (drive-truck t5 l5-2 l5-4 c5)
38.015: (fly-airplane a0 l1-0 l0-0)
38.013: (drive-truck t3 l3-3 l3-2 c3)
38.013: (drive-truck t0 l0-2 l0-3 c0)
38.013: (drive-truck t0 l0-3 l0-1 c0)
38.015: (drive-truck t3 l3-2 l3-3 c3)
38.015: (drive-truck t0 l0-1 l0-3 c0)
38.042: (fly-airplane a0 l0-0 l1-0)
38.042: (drive-truck t0 l0-3 l0-1 c0)
38.040: (drive-truck t3 l3-3 l3-2 c3)
38.040: (drive-truck t0 l0-1 l0-2 c0)
38.071: (drive-truck t5 l5-4 l5-2 c5)
38.044: (fly-airplane a0 l1-0 l0-0)
38.043: (drive-truck t0 l0-2 l0-3 c0)
38.044: (drive-truck t0 l0-3 l0-1 c0)
38.046: (drive-truck t3 l3-2 l3-3 c3)
38.046: (drive-truck t0 l0-1 l0-2 c0)
38.046: (drive-truck t0 l0-2 l0-3 c0)
38.073: (fly-airplane a0 l0-0 l1-0)
38.053: (fly-airplane a1 l3-0 l1-0)
38.051: (drive-truck t3 l3-3 l3-2 c3)
38.051: (drive-truck t0 l0-3 l0-2 c0)
38.191: (drive-truck t4 l4-4 l4-0 c4)
38.158: (drive-truck t5 l5-2 l5-4 c5)
38.143: (fly-airplane a1 l1-0 l2-0)
38.115: (fly-airplane a0 l1-0 l0-0)
38.115: (drive-truck t0 l0-2 l0-3 c0)
38.115: (drive-truck t0 l0-3 l0-1 c0)
38.117: (drive-truck t3 l3-2 l3-3 c3)
38.117: (drive-truck t0 l0-1 l0-3 c0)
38.117: (drive-truck t0 l0-3 l0-2 c0)
38.145: (fly-airplane a0 l0-0 l1-0)
38.145: (drive-truck t0 l0-2 l0-1 c0)
38.142: (drive-truck t3 l3-3 l3-2 c3)
38.142: (drive-truck t0 l0-1 l0-3 c0)
38.145: (drive-truck t3 l3-2 l3-3 c3)
38.161: (fly-airplane a1 l2-0 l1-0)
38.158: (fly-airplane a0 l1-0 l2-0)
38.155: (fly-airplane a1 l1-0 l0-0)
38.152: (fly-airplane a0 l2-0 l0-0)
38.149: (drive-truck t3 l3-3 l3-2 c3)
38.150: (drive-truck t0 l0-3 l0-1 c0)
38.150: (drive-truck t0 l0-1 l0-2 c0)
38.152: (drive-truck t3 l3-2 l3-3 c3)
38.152: (drive-truck t0 l0-2 l0-1 c0)
38.155: (fly-airplane a0 l0-0 l2-0)
38.153: (drive-truck t3 l3-3 l3-2 c3)
38.153: (drive-truck t0 l0-1 l0-3 c0)
38.153: (drive-truck t0 l0-3 l0-2 c0)
38.154: (fly-airplane a0 l2-0 l3-0)
38.154: (drive-truck t0 l0-2 l0-3 c0)
38.154: (drive-truck t0 l0-3 l0-1 c0)
38.156: (drive-truck t3 l3-2 l3-3 c3)
38.156: (drive-truck t0 l0-1 l0-2 c0)
38.155: (fly-airplane a0 l3-0 l2-0)
38.158: (fly-airplane a1 l0-0 l1-0)
38.156: (drive-truck t3 l3-3 l3-2 c3)
38.156: (drive-truck t0 l0-2 l0-3 c0)
38.156: (drive-truck t0 l0-3 l0-1 c0)
38.157: (fly-airplane a0 l2-0 l3-0)
38.157: (drive-truck t0 l0-1 l0-3 c0)
38.157: (drive-truck t0 l0-3 l0-2 c0)
38.159: (drive-truck t3 l3-2 l3-3 c3)
38.159: (drive-truck t0 l0-2 l0-3 c0)
38.156: (fly-airplane a1 l1-0 l0-0)
38.188: (drive-truck t5 l5-4 l5-2 c5)
38.184: (fly-airplane a0 l3-0 l0-0)
38.150: (fly-airplane a1 l0-0 l2-0)
38.148: (drive-truck t3 l3-3 l3-2 c3)
38.148: (drive-truck t0 l0-3 l0-1 c0)
38.148: (drive-truck t0 l0-1 l0-2 c0)
38.150: (drive-truck t3 l3-2 l3-3 c3)
38.150: (drive-truck t0 l0-2 l0-1 c0)
38.177: (fly-airplane a0 l0-0 l1-0)
38.175: (drive-truck t3 l3-3 l3-2 c3)
38.175: (drive-truck t0 l0-1 l0-2 c0)
38.175: (drive-truck t0 l0-2 l0-3 c0)
38.177: (drive-truck t3 l3-2 l3-3 c3)
38.177: (drive-truck t0 l0-3 l0-2 c0)
38.193: (fly-airplane a1 l2-0 l1-0)
38.161: (drive-truck t5 l5-2 l5-4 c5)
38.161: (drive-truck t0 l0-2 l0-1 c0)
38.158: (fly-airplane a0 l1-0 l2-0)
38.159: (fly-airplane a0 l2-0 l3-0)
38.191: (drive-truck t5 l5-4 l5-2 c5)
38.188: (fly-airplane a1 l1-0 l0-0)
38.184: (fly-airplane a0 l3-0 l0-0)
38.182: (drive-truck t3 l3-3 l3-2 c3)
38.182: (drive-truck t0 l0-1 l0-2 c0)
38.182: (drive-truck t0 l0-2 l0-3 c0)
38.185: (fly-airplane a0 l0-0 l2-0)
38.185: (drive-truck t0 l0-3 l0-1 c0)
38.185: (drive-truck t0 l0-1 l0-2 c0)
38.186: (fly-airplane a0 l2-0 l3-0)
38.186: (drive-truck t0 l0-2 l0-3 c0)
38.186: (drive-truck t0 l0-3 l0-1 c0)
38.189: (fly-airplane a1 l0-0 l1-0)
38.188: (fly-airplane a0 l3-0 l2-0)
38.188: (drive-truck t0 l0-1 l0-2 c0)
38.188: (drive-truck t0 l0-2 l0-3 c0)
38.189: (fly-airplane a0 l2-0 l3-0)
38.189: (drive-truck t0 l0-3 l0-2 c0)
38.191: (drive-truck t3 l3-2 l3-3 c3)
38.188: (fly-airplane a1 l1-0 l0-0)
38.184: (fly-airplane a0 l3-0 l0-0)
38.187: (fly-airplane a0 l0-0 l2-0)
38.187: (drive-truck t0 l0-2 l0-3 c0)
38.187: (drive-truck t0 l0-3 l0-1 c0)
38.190: (fly-airplane a1 l0-0 l1-0)
38.190: (drive-truck t0 l0-1 l0-2 c0)
38.190: (drive-truck t0 l0-2 l0-3 c0)
38.191: (fly-airplane a0 l2-0 l3-0)
[Final] Expanded: 1000, Generated: 57924
Failed to find a solution!
