Torch: 2.12.0+cu130
Using CPU.
[Bellman] lambda=0 -> baseline (no widening signal)
[Value] SELF-CONSISTENT: leaf value = QR-DQN max_a mean Z(s,a) (SAC critics bypassed; prior still SAC policy)
[Add] OPTION8 add_beta=0.5 src=binc cap=2.0 (ADDITIVE bonus, NOT gated by P(a); prior untouched)
/u/ibrahim.eisawy/Neural-Guided-Search/venv/lib/python3.10/site-packages/pymimir_rgnn/model.py:162: UserWarning: index_reduce() is in beta and the API may change at any time. (Triggered internally at /pytorch/aten/src/ATen/native/TensorAdvancedIndexing.cpp:1514.)
  exps_max.index_reduce_(0, output_indices, output_messages, reduce="amax", include_self=False)
  [sim 65] found goal path of length 15
[Final] Expanded: 143, Generated: 143
[Cost] IQN forward calls (Bellman signal): 326
[Widen] nodes widened: 0, mean w: 0.0000
[Add] child-edges given an additive bonus: 664, mean (rel-1): 0.6131
[search done] simulations=65, unique states generated=143
Found a solution of length 15!
   1: (move f5-4f f6-4f)
   2: (move f6-4f f7-4f)
   3: (move f7-4f f7-5f)
   4: (move f7-5f f7-6f)
   5: (move f7-6f f6-6f)
   6: (move f6-6f f6-7f)
   7: (move f6-7f f6-8f)
   8: (move f6-8f f7-8f)
   9: (move f7-8f f8-8f)
  10: (move f8-8f f9-8f)
  11: (move f9-8f f9-9f)
  12: (pickup f9-9f key0-4)
  13: (move f9-9f f8-9f)
  14: (move f8-9f f8-8f)
  15: (putdown f8-8f key0-4)
