Torch: 2.12.0+cu130
Using CPU.
[Bellman] lambda=0 -> baseline (no widening signal)
[Value] SELF-CONSISTENT: leaf value = QR-DQN max_a mean Z(s,a) (SAC critics bypassed; prior still SAC policy)
[Add] OPTION8 add_beta=0.5 src=binc cap=2.0 (ADDITIVE bonus, NOT gated by P(a); prior untouched)
/u/ibrahim.eisawy/Neural-Guided-Search/venv/lib/python3.10/site-packages/pymimir_rgnn/model.py:162: UserWarning: index_reduce() is in beta and the API may change at any time. (Triggered internally at /pytorch/aten/src/ATen/native/TensorAdvancedIndexing.cpp:1514.)
  exps_max.index_reduce_(0, output_indices, output_messages, reduce="amax", include_self=False)
  [sim 203] found goal path of length 32
[Final] Expanded: 552, Generated: 552
[Cost] IQN forward calls (Bellman signal): 1113
[Widen] nodes widened: 0, mean w: 0.0000
[Add] child-edges given an additive bonus: 6911, mean (rel-1): 0.3772
[search done] simulations=203, unique states generated=552
Found a solution of length 32!
   1: (pickup f9-7f key0-2)
   2: (move f9-7f f9-6f)
   3: (move f9-6f f9-5f)
   4: (move f9-5f f8-5f)
   5: (move f8-5f f8-4f)
   6: (move f8-4f f9-4f)
   7: (move f9-4f f9-3f)
   8: (move f9-3f f9-2f)
   9: (move f9-2f f8-2f)
  10: (move f8-2f f8-3f)
  11: (unlock f8-3f f7-3f key0-2 shape0)
  12: (move f8-3f f7-3f)
  13: (move f7-3f f7-4f)
  14: (unlock f7-4f f6-4f key0-2 shape0)
  15: (move f7-4f f6-4f)
  16: (move f6-4f f6-5f)
  17: (move f6-5f f7-5f)
  18: (move f7-5f f8-5f)
  19: (move f8-5f f8-4f)
  20: (move f8-4f f9-4f)
  21: (move f9-4f f9-3f)
  22: (move f9-3f f8-3f)
  23: (move f8-3f f7-3f)
  24: (move f7-3f f6-3f)
  25: (move f6-3f f6-2f)
  26: (move f6-2f f5-2f)
  27: (move f5-2f f4-2f)
  28: (move f4-2f f4-1f)
  29: (move f4-1f f3-1f)
  30: (move f3-1f f2-1f)
  31: (move f2-1f f1-1f)
  32: (putdown f1-1f key0-2)
