Torch: 2.12.0+cu130
Using GPU:  NVIDIA L40S
[Bellman] lambda=0 -> baseline (no widening signal)
[Binc] OPTION6 binc_beta=3.0 binc_eps=1.0 signal=BELLMAN INCONSISTENCY (1-step min-W1 parent-vs-child, B_good within eps) vs SIBLINGS (boosts exploration toward inconsistent children; prior untouched) [SHUFFLE CONTROL: signal-blind placement]
[Value] SELF-CONSISTENT: leaf value = QR-DQN max_a mean Z(s,a) (SAC critics bypassed; prior still SAC policy)
/u/ibrahim.eisawy/Neural-Guided-Search/venv/lib/python3.10/site-packages/pymimir_rgnn/model.py:162: UserWarning: index_reduce() is in beta and the API may change at any time. (Triggered internally at /pytorch/aten/src/ATen/native/cuda/Indexing.cu:1541.)
  exps_max.index_reduce_(0, output_indices, output_messages, reduce="amax", include_self=False)
  [sim 215] found goal path of length 105
[Final] Expanded: 593, Generated: 593
[Cost] IQN forward calls (Bellman signal): 1165
[Widen] nodes widened: 0, mean w: 0.0000
[Binc] child-edges modulated: 951, mean mult: 1.3365 (1.0 = no change; >1 = boosted toward inconsistent)
[search done] simulations=215, unique states generated=593
Found a solution of length 105!
   1: (move f7-5f f7-4f)
   2: (pickup f7-4f key0-2)
   3: (move f7-4f f8-4f)
   4: (unlock f8-4f f8-5f key0-2 shape0)
   5: (move f8-4f f7-4f)
   6: (move f7-4f f7-5f)
   7: (move f7-5f f7-6f)
   8: (move f7-6f f6-6f)
   9: (move f6-6f f6-5f)
  10: (move f6-5f f5-5f)
  11: (move f5-5f f5-4f)
  12: (move f5-4f f5-3f)
  13: (move f5-3f f5-2f)
  14: (move f5-2f f5-1f)
  15: (move f5-1f f6-1f)
  16: (move f6-1f f6-2f)
  17: (move f6-2f f7-2f)
  18: (move f7-2f f8-2f)
  19: (move f8-2f f8-1f)
  20: (move f8-1f f8-0f)
  21: (move f8-0f f9-0f)
  22: (move f9-0f f9-1f)
  23: (move f9-1f f9-2f)
  24: (putdown f9-2f key0-2)
  25: (move f9-2f f9-1f)
  26: (move f9-1f f9-0f)
  27: (move f9-0f f8-0f)
  28: (move f8-0f f8-1f)
  29: (move f8-1f f8-2f)
  30: (move f8-2f f7-2f)
  31: (move f7-2f f6-2f)
  32: (pickup f6-2f key1-4)
  33: (move f6-2f f7-2f)
  34: (move f7-2f f8-2f)
  35: (move f8-2f f9-2f)
  36: (pickup-and-loose f9-2f key0-2 key1-4)
  37: (move f9-2f f8-2f)
  38: (move f8-2f f7-2f)
  39: (move f7-2f f6-2f)
  40: (move f6-2f f5-2f)
  41: (move f5-2f f5-1f)
  42: (move f5-1f f5-0f)
  43: (move f5-0f f6-0f)
  44: (move f6-0f f6-1f)
  45: (putdown f6-1f key0-2)
  46: (move f6-1f f6-0f)
  47: (pickup f6-0f key2-3)
  48: (move f6-0f f6-1f)
  49: (pickup-and-loose f6-1f key0-2 key2-3)
  50: (move f6-1f f5-1f)
  51: (move f5-1f f5-0f)
  52: (move f5-0f f4-0f)
  53: (move f4-0f f4-1f)
  54: (move f4-1f f4-2f)
  55: (move f4-2f f3-2f)
  56: (move f3-2f f3-1f)
  57: (move f3-1f f2-1f)
  58: (move f2-1f f2-0f)
  59: (move f2-0f f3-0f)
  60: (putdown f3-0f key0-2)
  61: (move f3-0f f2-0f)
  62: (move f2-0f f1-0f)
  63: (move f1-0f f1-1f)
  64: (move f1-1f f2-1f)
  65: (move f2-1f f3-1f)
  66: (move f3-1f f4-1f)
  67: (move f4-1f f4-0f)
  68: (move f4-0f f5-0f)
  69: (move f5-0f f5-1f)
  70: (move f5-1f f6-1f)
  71: (pickup f6-1f key2-3)
  72: (unlock f6-1f f7-1f key2-3 shape2)
  73: (move f6-1f f5-1f)
  74: (move f5-1f f5-0f)
  75: (move f5-0f f4-0f)
  76: (move f4-0f f3-0f)
  77: (pickup-and-loose f3-0f key0-2 key2-3)
  78: (move f3-0f f4-0f)
  79: (move f4-0f f5-0f)
  80: (move f5-0f f5-1f)
  81: (move f5-1f f4-1f)
  82: (move f4-1f f4-2f)
  83: (move f4-2f f3-2f)
  84: (move f3-2f f3-3f)
  85: (move f3-3f f3-4f)
  86: (move f3-4f f3-5f)
  87: (move f3-5f f2-5f)
  88: (move f2-5f f2-6f)
  89: (putdown f2-6f key0-2)
  90: (move f2-6f f2-5f)
  91: (move f2-5f f1-5f)
  92: (move f1-5f f0-5f)
  93: (move f0-5f f0-6f)
  94: (pickup f0-6f key1-1)
  95: (move f0-6f f0-5f)
  96: (move f0-5f f1-5f)
  97: (move f1-5f f2-5f)
  98: (move f2-5f f2-6f)
  99: (pickup-and-loose f2-6f key0-2 key1-1)
 100: (move f2-6f f2-5f)
 101: (move f2-5f f1-5f)
 102: (move f1-5f f0-5f)
 103: (move f0-5f f0-6f)
 104: (move f0-6f f0-7f)
 105: (putdown f0-7f key0-2)
