/u/ibrahim.eisawy/Neural-Guided-Search/venv/lib/python3.10/site-packages/pymimir_rgnn/model.py:151: UserWarning: index_reduce() is in beta and the API may change at any time. (Triggered internally at /pytorch/aten/src/ATen/native/cuda/Indexing.cu:1541.)
  max_msg.index_reduce_(0, output_indices, output_messages, reduce='amax', include_self=True)
Torch: 2.12.0+cu130
Using GPU:  NVIDIA L40S
11.527: (pickup f0-2f key0-0)
12.840: (move f0-2f f1-2f)
10.269: (move f0-2f f1-2f)
11.050: (pickup f1-2f key1-0)
13.893: (move f1-2f f1-1f)
14.105: (move f1-2f f2-2f)
inf: (putdown f0-2f key0-0)
inf: (move f1-2f f0-2f)
10.043: (move f1-2f f1-1f)
10.241: (move f1-2f f0-2f)
10.287: (pickup-and-loose f1-2f key1-0 key0-0)
10.832: (move f1-2f f1-1f)
10.941: (move f1-2f f2-2f)
11.427: (move f1-2f f2-2f)
12.356: (putdown f1-2f key0-0)
15.303: (move f1-1f f1-0f)
15.496: (move f2-2f f2-1f)
15.496: (move f1-1f f2-1f)
inf: (move f1-2f f0-2f)
inf: (putdown f1-2f key1-0)
inf: (move f1-1f f1-2f)
inf: (move f2-2f f1-2f)
9.052: (unlock f0-2f f0-1f key1-0 shape1)
9.627: (move f1-1f f1-0f)
9.869: (unlock f1-1f f0-1f key1-0 shape1)
10.038: (move f1-2f f1-1f)
10.435: (pickup-and-loose f0-2f key0-0 key1-0)
10.473: (move f1-2f f2-2f)
10.662: (move f1-1f f1-0f)
10.873: (move f2-2f f2-1f)
10.873: (move f1-1f f2-1f)
11.460: (move f1-2f f0-2f)
11.736: (putdown f1-1f key0-0)
11.794: (move f2-2f f2-1f)
11.794: (move f1-1f f2-1f)
12.291: (putdown f2-2f key0-0)
12.332: (putdown f1-1f key1-0)
12.409: (putdown f0-2f key1-0)
12.967: (move f1-2f f1-1f)
13.035: (putdown f2-2f key1-0)
13.386: (move f1-2f f2-2f)
13.468: (move f1-2f f0-2f)
16.600: (move f1-0f f2-0f)
16.600: (move f2-1f f2-0f)
inf: (move f2-1f f2-2f)
inf: (move f1-1f f1-2f)
inf: (move f2-1f f1-1f)
inf: (move f1-0f f1-1f)
inf: (pickup f1-2f key0-0)
inf: (pickup f1-2f key1-0)
inf: (move f1-1f f1-2f)
inf: (move f2-2f f1-2f)
inf: (move f0-2f f1-2f)
inf: (move f2-2f f1-2f)
inf: (putdown f1-2f key1-0)
inf: (pickup-and-loose f1-2f key0-0 key1-0)
8.628: (unlock f1-0f f0-0f key0-0 shape0)
8.878: (pickup-and-loose f0-2f key0-0 key1-0)
9.635: (move f1-1f f1-0f)
9.698: (move f1-1f f1-0f)
9.813: (move f1-1f f2-1f)
9.825: (move f1-1f f2-1f)
9.825: (move f2-2f f2-1f)
10.000: (move f1-1f f0-1f)
10.000: (move f0-2f f0-1f)
10.018: (unlock f1-1f f0-1f key1-0 shape1)
10.033: (move f0-2f f1-2f)
10.033: (move f1-1f f1-2f)
10.161: (move f1-0f f2-0f)
10.161: (move f2-1f f2-0f)
10.922: (move f0-2f f1-2f)
10.981: (putdown f0-2f key1-0)
11.049: (unlock f0-2f f0-1f key1-0 shape1)
11.085: (putdown f1-1f key1-0)
11.168: (putdown f1-0f key0-0)
11.738: (putdown f1-1f key1-0)
11.761: (putdown f2-1f key0-0)
11.857: (putdown f1-0f key1-0)
12.020: (move f1-1f f1-2f)
12.052: (move f1-1f f1-2f)
12.184: (move f1-0f f2-0f)
12.184: (move f2-1f f2-0f)
12.219: (move f2-2f f1-2f)
12.252: (move f2-2f f1-2f)
12.317: (putdown f2-1f key1-0)
12.331: (putdown f2-2f key1-0)
12.535: (move f1-1f f2-1f)
12.633: (move f1-1f f1-0f)
12.703: (move f2-2f f2-1f)
12.932: (move f0-2f f1-2f)
13.028: (putdown f0-2f key1-0)
13.774: (move f1-1f f1-0f)
13.817: (move f1-1f f1-0f)
13.830: (move f1-1f f2-1f)
13.925: (move f1-1f f2-1f)
13.925: (move f2-2f f2-1f)
14.017: (move f2-2f f2-1f)
inf: (move f1-1f f1-2f)
inf: (pickup f2-2f key1-0)
inf: (pickup f0-2f key1-0)
inf: (move f2-0f f2-1f)
inf: (move f2-2f f1-2f)
inf: (pickup f0-2f key0-0)
inf: (move f0-2f f1-2f)
inf: (move f2-0f f1-0f)
inf: (pickup f1-1f key1-0)
inf: (pickup f2-2f key0-0)
inf: (move f2-1f f2-2f)
inf: (move f2-1f f1-1f)
inf: (pickup f1-1f key0-0)
inf: (move f0-2f f1-2f)
inf: (move f2-1f f2-2f)
inf: (move f2-1f f1-1f)
inf: (move f1-0f f1-1f)
inf: (move f2-2f f1-2f)
inf: (pickup-and-loose f0-2f key1-0 key0-0)
inf: (putdown f0-2f key0-0)
inf: (move f1-1f f1-2f)
inf: (move f1-0f f1-1f)
8.478: (move f0-2f f0-1f)
9.042: (move f1-0f f1-1f)
9.068: (move f1-0f f0-0f)
9.210: (putdown f2-0f key1-0)
9.254: (move f1-0f f2-0f)
9.254: (move f2-1f f2-0f)
9.640: (move f1-1f f1-0f)
9.763: (move f1-1f f2-1f)
9.909: (pickup f1-2f key1-0)
9.922: (move f0-2f f1-2f)
9.989: (move f1-0f f2-0f)
9.989: (move f2-1f f2-0f)
10.145: (putdown f1-0f key0-0)
10.170: (pickup f1-2f key1-0)
10.240: (move f0-2f f1-2f)
10.240: (move f1-1f f1-2f)
10.334: (move f1-2f f2-2f)
10.334: (move f2-1f f2-2f)
10.603: (putdown f0-1f key1-0)
10.794: (putdown f1-0f key1-0)
10.894: (move f1-2f f1-1f)
11.073: (putdown f1-0f key1-0)
11.183: (move f1-0f f1-1f)
11.200: (putdown f2-1f key1-0)
11.229: (move f1-0f f2-0f)
11.238: (move f1-1f f0-1f)
11.255: (move f1-1f f1-2f)
11.370: (move f2-1f f1-1f)
11.458: (putdown f2-1f key1-0)
11.719: (putdown f1-1f key1-0)
11.767: (move f2-1f f2-2f)
11.798: (move f1-0f f1-1f)
11.857: (move f0-2f f1-2f)
11.857: (move f0-2f f0-1f)
11.921: (move f1-1f f1-2f)
11.950: (move f1-1f f0-1f)
11.950: (move f0-2f f0-1f)
11.971: (move f2-1f f1-1f)
12.040: (move f2-1f f2-2f)
12.057: (putdown f0-2f key1-0)
12.068: (putdown f1-2f key1-0)
12.124: (move f2-2f f1-2f)
12.159: (move f1-2f f2-2f)
12.499: (putdown f2-0f key0-0)
12.558: (move f1-1f f1-0f)
12.581: (move f1-1f f2-1f)
12.618: (move f1-1f f1-0f)
12.644: (move f2-1f f1-1f)
12.644: (move f1-2f f1-1f)
12.691: (move f1-1f f2-1f)
12.738: (move f2-2f f2-1f)
12.740: (move f0-2f f1-2f)
12.740: (putdown f1-2f key0-0)
12.809: (move f1-2f f2-2f)
12.809: (move f2-1f f2-2f)
13.060: (move f1-0f f2-0f)
13.128: (move f2-1f f2-0f)
13.151: (move f1-2f f0-2f)
13.178: (move f1-0f f2-0f)
13.270: (move f1-2f f0-2f)
13.345: (move f2-1f f2-0f)
13.631: (move f1-2f f0-2f)
13.638: (move f1-2f f2-2f)
13.638: (move f2-1f f2-2f)
13.723: (move f1-2f f0-2f)
13.911: (move f1-2f f1-1f)
13.912: (move f2-1f f1-1f)
13.927: (move f1-2f f1-1f)
14.033: (move f1-2f f2-2f)
14.302: (move f2-1f f2-0f)
14.302: (move f1-0f f2-0f)
14.318: (move f2-1f f2-0f)
15.210: (move f1-0f f2-0f)
15.210: (move f2-1f f2-0f)
15.240: (move f2-1f f2-0f)
15.261: (move f2-1f f2-0f)
15.261: (move f1-0f f2-0f)
inf: (move f1-0f f1-1f)
inf: (pickup f2-2f key1-0)
inf: (move f2-1f f2-2f)
inf: (move f2-1f f1-1f)
inf: (move f2-0f f2-1f)
inf: (move f2-1f f1-1f)
inf: (move f2-1f f2-2f)
inf: (move f2-1f f1-1f)
inf: (move f1-0f f1-1f)
inf: (move f1-0f f1-1f)
inf: (move f2-1f f2-2f)
inf: (move f1-2f f0-2f)
inf: (pickup f0-2f key1-0)
inf: (move f2-1f f1-1f)
inf: (move f2-0f f1-0f)
inf: (move f1-2f f0-2f)
inf: (move f1-2f f0-2f)
inf: (pickup f0-2f key0-0)
inf: (move f1-2f f1-1f)
inf: (pickup f0-2f key1-0)
inf: (move f0-1f f0-2f)
inf: (move f0-1f f1-1f)
inf: (pickup f1-1f key1-0)
inf: (move f2-1f f2-2f)
inf: (pickup f1-0f key0-0)
inf: (move f2-1f f1-1f)
inf: (pickup f1-1f key1-0)
inf: (pickup f2-1f key1-0)
inf: (move f1-0f f1-1f)
inf: (pickup f2-1f key0-0)
inf: (move f1-0f f1-1f)
inf: (pickup f1-0f key1-0)
inf: (move f1-2f f1-1f)
inf: (move f1-2f f1-1f)
inf: (pickup-and-loose f0-2f key1-0 key0-0)
inf: (move f2-0f f1-0f)
inf: (move f2-0f f2-1f)
inf: (move f1-2f f2-2f)
inf: (putdown f0-2f key0-0)
inf: (move f1-2f f2-2f)
7.408: (unlock f0-1f f0-0f key0-0 shape0)
8.068: (putdown f0-0f key0-0)
8.324: (putdown f2-0f key1-0)
8.520: (move f1-2f f1-1f)
8.911: (move f2-0f f2-1f)
9.023: (move f2-0f f1-0f)
9.047: (move f1-1f f1-2f)
9.049: (putdown f2-0f key1-0)
9.166: (move f1-2f f2-2f)
9.550: (move f0-1f f0-2f)
9.779: (pickup f1-2f key0-0)
9.830: (move f1-2f f1-1f)
9.830: (move f0-1f f1-1f)
9.830: (move f1-2f f1-1f)
9.931: (move f1-2f f2-2f)
9.990: (pickup f1-2f key0-0)
10.005: (move f1-0f f2-0f)
10.005: (move f2-1f f2-0f)
10.183: (move f1-0f f1-1f)
10.307: (pickup-and-loose f1-2f key0-0 key1-0)
10.383: (putdown f0-1f key0-0)
10.435: (move f2-1f f2-2f)
10.435: (move f1-2f f2-2f)
10.645: (move f1-1f f1-0f)
10.756: (putdown f1-1f key0-0)
10.765: (move f1-0f f1-1f)
10.891: (move f2-1f f1-1f)
10.933: (move f2-0f f2-1f)
10.933: (move f1-1f f2-1f)
10.965: (move f0-1f f1-1f)
11.076: (putdown f1-0f key1-0)
11.078: (move f1-0f f1-1f)
11.178: (move f1-1f f1-2f)
11.182: (move f2-1f f1-1f)
11.394: (move f1-2f f0-2f)
11.394: (move f0-1f f0-2f)
11.441: (putdown f2-1f key1-0)
11.467: (move f2-1f f2-2f)
11.489: (putdown f2-0f key0-0)
11.508: (move f2-1f f2-2f)
11.547: (move f1-2f f2-2f)
11.573: (putdown f0-1f key1-0)
11.614: (move f1-2f f0-2f)
11.627: (move f1-1f f1-2f)
11.627: (move f2-2f f1-2f)
11.635: (pickup f0-2f key0-0)
11.785: (move f1-2f f0-2f)
11.807: (move f1-1f f1-2f)
11.847: (pickup f0-2f key0-0)
11.893: (move f1-1f f1-2f)
11.894: (move f2-0f f1-0f)
11.999: (move f1-0f f0-0f)
12.013: (move f0-2f f1-2f)
12.013: (putdown f1-2f key0-0)
12.027: (move f1-2f f0-2f)
12.078: (move f1-0f f2-0f)
12.104: (move f2-2f f1-2f)
12.104: (move f1-1f f1-2f)
12.139: (move f1-0f f2-0f)
12.159: (move f2-0f f2-1f)
12.223: (move f2-1f f2-0f)
12.277: (putdown f1-2f key1-0)
12.287: (putdown f1-1f key0-0)
12.316: (putdown f2-2f key1-0)
12.430: (move f1-1f f0-1f)
12.550: (move f1-1f f2-1f)
12.576: (move f1-1f f1-0f)
12.589: (move f0-2f f0-1f)
12.617: (move f1-1f f1-0f)
12.617: (move f2-0f f1-0f)
12.626: (move f1-2f f1-1f)
12.635: (move f1-2f f1-1f)
12.635: (move f2-1f f1-1f)
12.771: (move f1-2f f1-1f)
12.771: (move f0-1f f1-1f)
12.804: (move f2-0f f2-1f)
12.804: (move f1-1f f2-1f)
12.818: (move f1-2f f2-2f)
12.818: (move f2-1f f2-2f)
12.892: (move f1-1f f2-1f)
12.892: (move f2-2f f2-1f)
12.904: (move f1-0f f2-0f)
12.947: (move f2-1f f2-0f)
13.007: (putdown f2-2f key0-0)
13.308: (move f1-2f f2-2f)
13.317: (move f2-1f f2-2f)
13.317: (move f1-2f f2-2f)
13.468: (move f1-2f f2-2f)
13.625: (move f1-2f f0-2f)
13.650: (move f2-0f f2-1f)
13.650: (move f1-1f f2-1f)
13.663: (move f1-1f f1-0f)
13.663: (move f2-0f f1-0f)
13.708: (move f1-2f f0-2f)
13.889: (move f1-2f f1-1f)
14.104: (move f1-2f f2-2f)
14.336: (move f2-1f f2-0f)
14.336: (move f1-0f f2-0f)
14.440: (move f2-1f f2-0f)
14.440: (move f1-0f f2-0f)
14.518: (move f2-1f f2-0f)
14.591: (move f1-1f f1-0f)
14.591: (move f2-0f f1-0f)
15.061: (move f1-1f f1-0f)
15.403: (move f2-2f f2-1f)
15.403: (move f1-1f f2-1f)
15.867: (move f2-0f f1-0f)
15.867: (move f1-1f f1-0f)
inf: (move f2-1f f1-1f)
inf: (move f1-2f f0-2f)
inf: (move f1-1f f1-0f)
inf: (move f2-1f f2-2f)
inf: (move f1-1f f1-2f)
inf: (move f0-2f f1-2f)
inf: (move f2-0f f2-1f)
inf: (move f2-0f f1-0f)
inf: (move f2-0f f2-1f)
inf: (move f2-0f f2-1f)
inf: (move f2-0f f1-0f)
inf: (move f2-0f f2-1f)
6.975: (move f0-1f f0-0f)
7.049: (move f0-0f f1-0f)
7.706: (move f2-0f f2-1f)
7.859: (move f2-0f f2-1f)
7.960: (move f0-1f f0-2f)
8.016: (move f2-0f f1-0f)
8.047: (move f2-1f f2-2f)
8.075: (move f1-0f f1-1f)
8.075: (move f2-1f f1-1f)
8.076: (move f2-0f f1-0f)
8.179: (move f1-1f f1-0f)
8.264: (move f2-2f f2-1f)
8.264: (move f1-1f f2-1f)
8.363: (pickup f0-2f key0-0)
8.481: (pickup-and-loose f1-1f key0-0 key1-0)
8.481: (move f1-2f f1-1f)
8.498: (move f2-2f f2-1f)
8.498: (move f1-1f f2-1f)
8.513: (unlock f1-1f f0-1f key1-0 shape1)
8.826: (move f0-1f f1-1f)
9.052: (pickup-and-loose f1-2f key1-0 key0-0)
9.060: (putdown f2-0f key1-0)
9.258: (pickup f1-2f key1-0)
9.372: (pickup-and-loose f2-2f key0-0 key1-0)
9.372: (move f1-2f f2-2f)
9.379: (putdown f0-1f key0-0)
9.478: (pickup f1-2f key1-0)
9.599: (move f0-1f f0-2f)
9.642: (move f1-1f f1-0f)
9.646: (unlock f1-0f f0-0f key0-0 shape0)
9.739: (pickup f1-2f key0-0)
9.750: (move f1-1f f1-0f)
9.804: (unlock f1-1f f0-1f key1-0 shape1)
9.890: (pickup f0-2f key0-0)
9.901: (move f1-2f f1-1f)
10.008: (move f1-2f f1-1f)
10.064: (move f1-2f f2-2f)
10.064: (move f2-1f f2-2f)
10.090: (move f1-2f f0-2f)
10.136: (move f1-1f f1-2f)
10.170: (pickup f0-2f key0-0)
10.170: (move f1-2f f0-2f)
10.618: (putdown f2-1f key0-0)
10.713: (putdown f1-1f key1-0)
10.859: (move f1-1f f1-2f)
10.890: (move f2-0f f1-0f)
10.906: (move f1-1f f1-2f)
10.906: (move f0-2f f1-2f)
10.985: (move f0-1f f1-1f)
11.006: (unlock f0-2f f0-1f key1-0 shape1)
11.030: (move f1-1f f1-2f)
11.054: (move f1-1f f0-1f)
11.071: (putdown f1-2f key0-0)
11.075: (move f1-1f f1-2f)
11.081: (move f1-0f f1-1f)
11.094: (putdown f1-1f key0-0)
11.094: (move f2-0f f2-1f)
11.101: (putdown f1-1f key1-0)
11.111: (move f2-2f f1-2f)
11.111: (move f1-1f f1-2f)
11.156: (move f0-1f f1-1f)
11.157: (move f1-1f f0-1f)
11.157: (move f2-1f f1-1f)
11.187: (move f1-2f f2-2f)
11.262: (move f2-2f f1-2f)
11.287: (putdown f2-2f key1-0)
11.295: (move f0-1f f0-2f)
11.358: (unlock f0-2f f0-1f key1-0 shape1)
11.440: (move f1-2f f2-2f)
11.464: (move f2-1f f2-2f)
11.473: (move f1-1f f2-1f)
11.506: (move f2-1f f1-1f)
11.506: (move f1-0f f1-1f)
11.554: (putdown f2-2f key1-0)
11.610: (move f2-2f f1-2f)
11.610: (move f1-1f f1-2f)
11.610: (move f1-1f f1-0f)
11.656: (move f1-2f f0-2f)
11.717: (move f2-1f f2-2f)
11.850: (move f2-0f f2-1f)
11.850: (move f1-1f f2-1f)
11.917: (move f1-1f f2-1f)
11.917: (move f2-2f f2-1f)
11.933: (putdown f1-0f key0-0)
12.035: (move f1-1f f1-2f)
12.221: (putdown f2-2f key1-0)
12.257: (move f2-2f f1-2f)
12.291: (putdown f2-2f key0-0)
12.329: (move f1-0f f2-0f)
12.329: (move f2-1f f2-0f)
12.481: (move f1-2f f0-2f)
12.567: (move f2-0f f2-1f)
12.567: (move f1-1f f2-1f)
12.589: (putdown f2-1f key0-0)
12.610: (move f1-2f f1-1f)
12.610: (move f0-1f f1-1f)
12.626: (move f1-1f f1-0f)
12.626: (move f2-0f f1-0f)
12.634: (move f1-1f f0-1f)
12.634: (move f0-2f f0-1f)
12.656: (move f1-1f f1-0f)
12.680: (move f1-2f f0-2f)
12.680: (move f0-1f f0-2f)
12.698: (move f2-0f f1-0f)
12.698: (move f1-1f f1-0f)
12.703: (move f2-0f f2-1f)
12.703: (move f1-1f f2-1f)
12.837: (move f1-1f f2-1f)
12.842: (move f1-2f f2-2f)
12.842: (move f2-1f f2-2f)
12.846: (move f2-2f f2-1f)
12.917: (move f1-2f f0-2f)
12.925: (move f1-0f f2-0f)
12.937: (move f1-2f f1-1f)
12.948: (move f1-2f f2-2f)
12.948: (move f2-1f f2-2f)
12.952: (move f2-1f f2-0f)
13.064: (move f1-2f f0-2f)
13.289: (putdown f0-2f key1-0)
13.306: (move f1-2f f2-2f)
6.091: (move f1-0f f1-1f)
6.730: (putdown f0-0f key0-0)
6.963: (move f2-1f f1-1f)
6.963: (move f1-0f f1-1f)
7.048: (move f2-2f f1-2f)
7.048: (move f1-1f f1-2f)
7.104: (move f2-1f f1-1f)
7.104: (move f1-0f f1-1f)
7.429: (move f2-1f f2-2f)
7.431: (move f2-1f f2-2f)
7.591: (move f0-2f f0-1f)
7.658: (move f2-0f f2-1f)
7.881: (move f2-1f f2-0f)
7.881: (move f1-0f f2-0f)
7.936: (move f1-0f f2-0f)
7.936: (move f2-1f f2-0f)
8.024: (move f1-2f f1-1f)
8.025: (move f2-0f f1-0f)
8.046: (pickup-and-loose f0-2f key1-0 key0-0)
8.138: (move f1-2f f1-1f)
8.174: (move f1-1f f1-0f)
8.221: (move f1-0f f2-0f)
8.266: (move f1-1f f2-1f)
8.273: (move f1-1f f1-0f)
8.305: (pickup f1-2f key1-0)
8.319: (move f0-2f f0-1f)
8.473: (pickup-and-loose f1-1f key0-0 key1-0)
8.473: (move f1-2f f1-1f)
8.489: (move f1-1f f2-1f)
8.635: (unlock f1-0f f0-0f key0-0 shape0)
8.635: (move f0-0f f1-0f)
8.635: (move f1-1f f1-0f)
8.646: (move f0-1f f0-2f)
8.722: (move f1-2f f2-2f)
8.860: (pickup f1-2f key1-0)
8.920: (move f1-2f f2-2f)
9.011: (pickup f0-2f key1-0)
9.018: (move f0-2f f1-2f)
9.018: (move f1-1f f1-2f)
9.033: (move f1-2f f1-1f)
9.196: (move f1-2f f2-2f)
9.204: (pickup f1-2f key0-0)
9.248: (move f0-2f f1-2f)
9.485: (move f1-2f f0-2f)
9.621: (move f1-1f f1-0f)
9.642: (move f1-1f f1-0f)
9.649: (move f1-1f f1-0f)
9.683: (move f1-1f f0-1f)
9.683: (move f0-2f f0-1f)
9.695: (pickup f0-2f key0-0)
9.743: (move f2-2f f2-1f)
9.743: (move f1-1f f2-1f)
9.857: (putdown f0-2f key0-0)
9.862: (move f1-0f f0-0f)
9.891: (pickup f1-2f key0-0)
9.891: (move f1-1f f0-1f)
9.891: (move f0-2f f0-1f)
9.904: (move f1-1f f1-2f)
9.904: (move f0-2f f1-2f)
9.933: (move f2-2f f2-1f)
9.933: (move f1-1f f2-1f)
9.947: (move f1-0f f1-1f)
9.981: (putdown f1-0f key1-0)
10.030: (move f0-1f f1-1f)
10.085: (move f1-2f f0-2f)
10.090: (putdown f1-1f key0-0)
10.135: (move f0-2f f1-2f)
10.135: (move f1-1f f1-2f)
10.147: (move f1-2f f0-2f)
10.153: (move f0-1f f0-0f)
10.191: (putdown f2-1f key1-0)
10.257: (move f2-1f f1-1f)
10.373: (move f2-1f f2-2f)
10.460: (move f1-0f f1-1f)
10.460: (move f2-1f f1-1f)
10.527: (putdown f2-1f key1-0)
10.556: (move f2-1f f2-2f)
10.633: (putdown f1-1f key1-0)
10.747: (putdown f1-0f key1-0)
10.845: (putdown f1-0f key0-0)
10.868: (putdown f1-0f key0-0)
10.929: (move f1-1f f1-2f)
10.929: (move f0-2f f1-2f)
11.014: (putdown f2-2f key0-0)
11.032: (move f1-1f f2-1f)
11.054: (putdown f1-1f key1-0)
11.072: (move f1-1f f1-2f)
11.089: (putdown f1-1f key0-0)
11.139: (move f1-2f f2-2f)
11.155: (move f1-2f f0-2f)
11.155: (move f0-1f f0-2f)
11.245: (move f1-1f f0-1f)
11.255: (move f1-1f f1-2f)
11.256: (move f2-2f f1-2f)
11.257: (move f1-1f f1-2f)
11.261: (move f2-2f f1-2f)
11.276: (move f2-2f f1-2f)
11.276: (move f1-1f f1-2f)
11.314: (move f2-2f f2-1f)
11.315: (move f1-1f f2-1f)
11.330: (move f1-1f f1-2f)
11.330: (move f0-2f f1-2f)
11.331: (move f1-2f f0-2f)
11.331: (move f0-1f f0-2f)
11.394: (move f1-0f f2-0f)
11.424: (putdown f2-1f key0-0)
11.503: (putdown f0-2f key1-0)
11.506: (pickup f0-2f key0-0)
11.524: (move f2-1f f2-0f)
11.524: (move f1-0f f2-0f)
11.546: (putdown f2-2f key0-0)
11.591: (move f1-1f f1-2f)
11.591: (move f2-2f f1-2f)
11.634: (move f2-1f f2-2f)
11.635: (move f1-2f f2-2f)
11.656: (move f1-1f f1-0f)
11.674: (move f1-1f f1-2f)
11.705: (putdown f0-2f key0-0)
11.708: (move f1-1f f2-1f)
11.740: (putdown f1-1f key0-0)
5.048: (move f1-1f f1-2f)
5.977: (move f0-0f f0-1f)
6.038: (move f1-1f f0-1f)
6.079: (move f2-2f f1-2f)
6.079: (move f1-1f f1-2f)
6.217: (move f1-1f f1-2f)
6.217: (move f2-2f f1-2f)
6.280: (move f1-2f f0-2f)
6.576: (unlock f0-1f f0-0f key0-0 shape0)
7.007: (move f1-2f f1-1f)
7.007: (putdown f2-0f key1-0)
7.044: (move f1-1f f1-0f)
7.059: (move f1-1f f2-1f)
7.059: (move f2-0f f2-1f)
7.074: (move f1-0f f1-1f)
7.074: (move f2-1f f1-1f)
7.133: (move f1-1f f1-0f)
7.196: (unlock f1-0f f0-0f key0-0 shape0)
7.228: (unlock f0-1f f0-0f key0-0 shape0)
7.314: (move f2-2f f2-1f)
7.314: (move f1-1f f2-1f)
7.383: (move f2-1f f2-2f)
7.492: (move f1-2f f1-1f)
7.678: (move f2-2f f2-1f)
7.678: (move f1-1f f2-1f)
7.695: (putdown f2-0f key1-0)
7.888: (pickup f1-2f key1-0)
7.909: (move f2-1f f2-0f)
7.909: (move f1-0f f2-0f)
7.936: (move f1-2f f2-2f)
7.942: (move f1-0f f2-0f)
7.942: (move f2-1f f2-0f)
7.957: (move f1-2f f1-1f)
7.996: (move f0-1f f1-1f)
7.996: (move f1-2f f1-1f)
8.008: (pickup f0-2f key1-0)
8.012: (unlock f1-1f f0-1f key1-0 shape1)
8.046: (move f0-2f f0-1f)
8.046: (pickup-and-loose f0-1f key1-0 key0-0)
8.060: (move f1-2f f1-1f)
8.111: (move f0-0f f1-0f)
8.129: (unlock f1-1f f0-1f key1-0 shape1)
8.294: (move f1-1f f1-0f)
8.484: (move f1-2f f0-2f)
8.589: (putdown f0-1f key0-0)
8.600: (move f1-1f f1-0f)
8.623: (unlock f1-0f f0-0f key0-0 shape0)
8.651: (unlock f1-0f f0-0f key0-0 shape0)
8.685: (unlock f0-1f f0-0f key0-0 shape0)
8.737: (move f2-2f f2-1f)
8.737: (move f1-1f f2-1f)
8.819: (move f1-2f f2-2f)
8.980: (putdown f0-0f key0-0)
8.990: (move f0-2f f1-2f)
8.996: (move f0-2f f0-1f)
9.031: (unlock f1-1f f0-1f key1-0 shape1)
9.137: (move f1-2f f2-2f)
9.137: (move f2-1f f2-2f)
9.194: (pickup f1-2f key0-0)
9.197: (pickup f0-2f key0-0)
9.225: (move f1-2f f2-2f)
9.269: (move f1-0f f1-1f)
9.310: (move f2-1f f1-1f)
9.326: (putdown f1-1f key1-0)
9.429: (putdown f1-1f key1-0)
9.561: (unlock f0-2f f0-1f key1-0 shape1)
9.711: (move f1-2f f2-2f)
9.720: (move f2-2f f2-1f)
9.721: (move f1-1f f2-1f)
9.755: (unlock f0-2f f0-1f key1-0 shape1)
9.813: (putdown f1-0f key0-0)
9.867: (move f2-1f f2-2f)
9.881: (pickup f1-2f key0-0)
9.939: (move f1-1f f1-2f)
9.939: (move f0-2f f1-2f)
9.959: (move f1-2f f2-2f)
9.959: (move f2-1f f2-2f)
9.978: (move f1-1f f1-2f)
9.983: (move f0-2f f1-2f)
9.985: (putdown f2-2f key1-0)
9.986: (move f1-2f f2-2f)
10.013: (putdown f1-0f key1-0)
10.015: (move f1-0f f2-0f)
10.015: (move f2-1f f2-0f)
10.039: (move f1-0f f2-0f)
10.039: (move f2-1f f2-0f)
10.066: (move f2-2f f1-2f)
10.066: (move f1-1f f1-2f)
10.072: (unlock f0-2f f0-1f key1-0 shape1)
10.076: (putdown f1-0f key0-0)
10.155: (pickup f0-2f key0-0)
10.172: (putdown f0-1f key0-0)
10.223: (move f1-1f f1-2f)
10.228: (putdown f2-1f key1-0)
10.272: (move f1-1f f0-1f)
10.319: (move f1-2f f0-2f)
10.340: (putdown f2-1f key0-0)
10.371: (move f1-1f f1-2f)
10.371: (move f2-2f f1-2f)
10.376: (move f2-1f f2-2f)
10.376: (move f1-2f f2-2f)
10.462: (putdown f0-1f key1-0)
10.486: (move f1-0f f2-0f)
10.486: (move f2-1f f2-0f)
10.499: (putdown f2-1f key1-0)
10.513: (putdown f2-1f key0-0)
10.621: (move f1-0f f2-0f)
10.747: (putdown f1-0f key1-0)
10.763: (putdown f1-1f key1-0)
10.765: (move f1-0f f1-1f)
10.806: (move f1-0f f2-0f)
10.821: (move f0-2f f1-2f)
10.827: (move f1-0f f1-1f)
10.842: (move f2-1f f2-0f)
10.845: (putdown f2-1f key0-0)
10.856: (putdown f1-0f key0-0)
10.863: (move f0-2f f0-1f)
10.945: (move f1-0f f1-1f)
10.965: (putdown f1-2f key0-0)
10.975: (move f2-2f f1-2f)
3.961: (pickup f1-2f key1-0)
4.914: (pickup f1-2f key0-0)
5.009: (move f0-1f f0-2f)
5.078: (move f0-1f f0-2f)
5.078: (move f1-2f f0-2f)
5.229: (move f0-1f f0-0f)
5.434: (pickup f0-2f key0-0)
6.038: (move f1-1f f1-0f)
6.057: (move f1-0f f2-0f)
6.057: (move f2-1f f2-0f)
6.081: (move f2-1f f2-2f)
6.081: (move f1-2f f2-2f)
6.095: (move f2-0f f1-0f)
6.095: (move f2-0f f2-1f)
6.124: (move f1-2f f0-2f)
6.181: (move f2-2f f1-2f)
6.181: (move f1-1f f1-2f)
6.258: (move f1-0f f2-0f)
6.258: (move f2-1f f2-0f)
6.337: (move f1-1f f2-1f)
6.337: (move f2-2f f2-1f)
6.651: (move f0-1f f1-1f)
6.651: (move f1-0f f1-1f)
6.738: (pickup f1-2f key1-0)
6.938: (move f0-1f f0-0f)
7.003: (unlock f1-1f f0-1f key1-0 shape1)
7.023: (putdown f2-0f key1-0)
7.024: (pickup-and-loose f1-0f key0-0 key1-0)
7.024: (move f1-1f f1-0f)
7.031: (move f1-2f f1-1f)
7.040: (move f0-1f f1-1f)
7.049: (pickup-and-loose f0-1f key1-0 key0-0)
7.049: (move f0-2f f0-1f)
7.053: (move f1-1f f1-0f)
7.076: (move f1-0f f0-0f)
7.115: (move f2-0f f2-1f)
7.124: (move f1-1f f1-0f)
7.130: (move f1-1f f1-0f)
7.182: (move f1-1f f1-0f)
7.215: (unlock f1-0f f0-0f key0-0 shape0)
7.229: (move f1-1f f2-1f)
7.229: (move f2-2f f2-1f)
7.285: (move f1-2f f2-2f)
7.292: (move f0-2f f0-1f)
7.336: (move f1-1f f2-1f)
7.364: (move f0-1f f0-2f)
7.480: (move f1-2f f0-2f)
7.481: (pickup-and-loose f1-1f key0-0 key1-0)
7.481: (move f1-0f f1-1f)
7.484: (unlock f1-1f f0-1f key1-0 shape1)
7.492: (move f0-1f f1-1f)
7.592: (putdown f0-1f key0-0)
7.627: (move f1-1f f1-0f)
7.667: (move f1-1f f2-1f)
7.695: (putdown f2-0f key1-0)
7.927: (move f1-2f f1-1f)
7.946: (move f1-2f f1-1f)
7.962: (move f0-1f f1-1f)
7.962: (move f1-2f f1-1f)
8.017: (move f1-1f f2-1f)
8.017: (pickup-and-loose f2-1f key0-0 key1-0)
8.018: (move f2-2f f2-1f)
8.029: (move f0-2f f0-1f)
8.044: (move f1-1f f0-1f)
8.063: (putdown f1-0f key1-0)
8.144: (move f0-0f f1-0f)
8.182: (move f1-2f f0-2f)
8.350: (move f1-0f f0-0f)
8.357: (putdown f1-1f key1-0)
8.373: (pickup f1-2f key1-0)
8.400: (putdown f1-0f key1-0)
8.409: (move f1-0f f2-0f)
8.491: (unlock f0-2f f0-1f key1-0 shape1)
8.628: (move f1-1f f1-0f)
8.700: (move f1-1f f2-1f)
8.725: (putdown f2-1f key1-0)
8.727: (putdown f2-1f key1-0)
8.860: (move f0-1f f0-2f)
8.880: (move f0-1f f1-1f)
8.880: (move f1-2f f1-1f)
8.916: (move f1-0f f1-1f)
8.987: (move f0-2f f1-2f)
9.007: (move f1-2f f0-2f)
9.009: (move f1-0f f2-0f)
9.020: (move f1-0f f2-0f)
9.020: (move f2-1f f2-0f)
9.027: (pickup f1-2f key1-0)
9.029: (move f1-0f f0-0f)
9.029: (move f0-1f f0-0f)
9.033: (move f1-0f f1-1f)
9.033: (move f0-1f f1-1f)
9.054: (move f2-2f f2-1f)
9.054: (move f1-1f f2-1f)
9.057: (move f1-1f f1-2f)
9.057: (move f0-2f f1-2f)
9.060: (move f1-0f f2-0f)
9.065: (putdown f1-0f key0-0)
9.088: (move f0-1f f0-0f)
9.112: (move f2-0f f1-0f)
9.165: (putdown f0-1f key0-0)
9.192: (move f0-1f f0-2f)
9.201: (move f1-2f f2-2f)
9.226: (move f0-1f f1-1f)
9.258: (move f1-2f f2-2f)
9.262: (move f1-1f f0-1f)
9.262: (move f0-2f f0-1f)
9.264: (move f0-1f f1-1f)
9.267: (move f1-0f f1-1f)
9.271: (putdown f1-1f key0-0)
9.271: (move f0-1f f1-1f)
9.279: (move f1-1f f1-2f)
9.279: (move f0-2f f1-2f)
9.285: (move f2-1f f1-1f)
9.308: (putdown f1-1f key1-0)
9.399: (move f1-1f f0-1f)
9.399: (pickup-and-loose f2-2f key0-0 key1-0)
9.399: (move f0-2f f0-1f)
9.410: (move f1-1f f2-1f)
9.410: (move f2-2f f2-1f)
9.418: (putdown f1-1f key1-0)
2.975: (move f1-2f f1-1f)
2.996: (move f1-2f f2-2f)
3.982: (move f1-2f f1-1f)
3.986: (pickup f0-2f key1-0)
3.993: (pickup f0-2f key0-0)
4.009: (move f1-2f f0-2f)
4.913: (pickup f1-2f key0-0)
5.023: (move f1-0f f2-0f)
5.023: (move f2-1f f2-0f)
5.055: (putdown f2-0f key1-0)
5.101: (move f1-0f f1-1f)
5.101: (move f2-1f f1-1f)
5.400: (move f1-2f f2-2f)
5.961: (move f0-2f f1-2f)
5.961: (move f1-1f f1-2f)
5.999: (move f1-2f f1-1f)
6.004: (move f1-1f f1-0f)
6.032: (putdown f0-0f key0-0)
6.055: (putdown f0-0f key0-0)
6.059: (move f1-1f f1-0f)
6.069: (putdown f0-0f key0-0)
6.071: (move f2-0f f1-0f)
6.071: (move f2-1f f2-0f)
6.071: (move f1-0f f2-0f)
6.085: (unlock f1-0f f0-0f key0-0 shape0)
6.085: (pickup-and-loose f1-0f key0-0 key1-0)
6.098: (move f2-0f f2-1f)
6.122: (move f1-2f f2-2f)
6.136: (unlock f1-0f f0-0f key0-0 shape0)
6.136: (move f0-0f f1-0f)
6.136: (move f1-1f f1-0f)
6.260: (move f2-1f f2-0f)
6.260: (move f1-0f f2-0f)
6.273: (move f2-1f f2-2f)
6.327: (move f2-2f f2-1f)
6.327: (move f1-1f f2-1f)
6.336: (move f1-1f f2-1f)
6.345: (unlock f0-1f f0-0f key0-0 shape0)
6.595: (unlock f1-0f f0-0f key0-0 shape0)
6.893: (move f1-0f f2-0f)
6.893: (move f2-1f f2-0f)
6.901: (move f1-2f f0-2f)
6.904: (move f1-0f f1-1f)
6.953: (move f1-2f f1-1f)
6.953: (move f0-1f f1-1f)
7.025: (unlock f1-1f f0-1f key1-0 shape1)
7.027: (unlock f0-1f f0-0f key0-0 shape0)
7.040: (move f1-2f f1-1f)
7.048: (pickup-and-loose f1-0f key0-0 key1-0)
7.048: (move f1-1f f1-0f)
7.065: (move f1-2f f0-2f)
7.065: (move f0-1f f0-2f)
7.066: (putdown f1-0f key1-0)
7.068: (putdown f2-0f key1-0)
7.069: (move f2-0f f2-1f)
7.110: (move f1-0f f0-0f)
7.206: (move f1-1f f1-0f)
7.217: (move f1-1f f2-1f)
7.222: (move f0-1f f0-0f)
7.353: (move f1-2f f2-2f)
7.365: (putdown f0-0f key0-0)
7.437: (move f2-1f f2-2f)
7.626: (move f1-1f f1-0f)
7.633: (putdown f2-1f key1-0)
7.668: (move f1-0f f1-1f)
7.668: (move f2-1f f1-1f)
7.669: (move f1-1f f1-0f)
7.902: (move f1-2f f2-2f)
7.970: (unlock f0-2f f0-1f key1-0 shape1)
8.002: (move f1-1f f2-1f)
8.029: (move f2-2f f2-1f)
8.029: (pickup-and-loose f2-1f key0-0 key1-0)
8.029: (move f1-1f f2-1f)
8.068: (putdown f1-0f key1-0)
8.069: (putdown f2-0f key1-0)
8.072: (putdown f0-0f key0-0)
8.098: (move f1-0f f2-0f)
8.098: (move f2-1f f2-0f)
8.110: (move f1-1f f2-1f)
8.110: (move f2-0f f2-1f)
8.131: (move f1-0f f2-0f)
8.131: (move f2-1f f2-0f)
8.192: (move f0-2f f0-1f)
8.193: (move f1-1f f0-1f)
8.235: (move f0-1f f1-1f)
8.289: (move f0-1f f1-1f)
8.289: (move f0-2f f1-2f)
8.289: (move f1-1f f1-2f)
8.295: (move f1-1f f1-2f)
8.295: (move f0-2f f1-2f)
8.323: (putdown f1-1f key1-0)
8.340: (putdown f1-1f key0-0)
8.373: (move f0-1f f0-0f)
8.380: (move f1-1f f2-1f)
8.392: (putdown f1-0f key0-0)
8.411: (putdown f1-0f key1-0)
8.449: (move f0-1f f0-2f)
8.461: (move f1-0f f2-0f)
8.467: (putdown f1-0f key0-0)
8.603: (putdown f2-1f key0-0)
8.622: (putdown f0-2f key0-0)
8.653: (move f1-1f f1-0f)
8.653: (move f0-0f f1-0f)
8.696: (move f2-1f f2-2f)
8.707: (putdown f2-1f key1-0)
8.711: (move f1-2f f0-2f)
8.739: (putdown f2-1f key1-0)
8.763: (move f2-2f f2-1f)
8.763: (move f1-1f f2-1f)
8.780: (putdown f0-1f key0-0)
8.822: (move f1-1f f1-2f)
8.822: (move f0-2f f1-2f)
8.822: (move f1-2f f1-1f)
8.826: (move f1-1f f1-2f)
8.832: (move f1-1f f1-2f)
8.870: (move f1-1f f2-1f)
8.880: (move f1-1f f0-1f)
8.880: (move f1-1f f2-1f)
8.880: (move f2-0f f2-1f)
8.917: (putdown f0-1f key1-0)
1.981: (move f1-1f f2-1f)
1.981: (move f2-2f f2-1f)
1.999: (move f1-1f f1-0f)
2.958: (unlock f1-1f f0-1f key1-0 shape1)
2.970: (move f0-2f f0-1f)
2.991: (move f1-1f f1-0f)
3.928: (move f1-2f f1-1f)
3.950: (move f0-2f f1-2f)
3.962: (move f0-2f f0-1f)
4.043: (putdown f2-0f key1-0)
4.049: (move f2-0f f1-0f)
4.057: (putdown f2-2f key1-0)
4.065: (putdown f1-1f key1-0)
4.990: (move f1-1f f2-1f)
4.990: (move f2-2f f2-1f)
5.006: (move f1-1f f1-0f)
5.018: (move f0-0f f0-1f)
5.021: (putdown f0-2f key1-0)
5.025: (move f0-1f f0-0f)
5.029: (move f2-1f f2-0f)
5.029: (move f1-0f f2-0f)
5.039: (move f1-0f f0-0f)
5.050: (move f0-0f f0-1f)
5.061: (putdown f2-0f key1-0)
5.068: (move f0-0f f1-0f)
5.073: (move f0-0f f1-0f)
5.088: (move f2-1f f2-0f)
5.088: (move f1-0f f2-0f)
5.089: (move f2-1f f1-1f)
5.089: (move f1-0f f1-1f)
5.266: (move f2-2f f2-1f)
5.266: (move f1-1f f2-1f)
5.423: (move f1-2f f2-2f)
5.987: (move f2-0f f2-1f)
5.987: (move f1-1f f1-2f)
6.014: (putdown f2-0f key1-0)
6.018: (move f1-1f f1-0f)
6.026: (unlock f1-1f f0-1f key1-0 shape1)
6.072: (pickup-and-loose f1-0f key0-0 key1-0)
6.072: (unlock f1-0f f0-0f key0-0 shape0)
6.095: (move f2-2f f1-2f)
6.095: (move f1-1f f1-2f)
6.118: (move f1-1f f1-0f)
6.238: (move f2-1f f2-2f)
6.242: (move f2-0f f2-1f)
6.329: (move f1-1f f2-1f)
6.541: (move f1-1f f2-1f)
6.541: (move f2-2f f2-1f)
6.583: (move f0-0f f1-0f)
6.583: (move f1-1f f1-0f)
6.596: (unlock f1-0f f0-0f key0-0 shape0)
6.614: (move f0-0f f0-1f)
6.647: (move f2-0f f2-1f)
6.685: (move f2-1f f2-2f)
6.686: (move f1-2f f2-2f)
6.922: (move f2-1f f2-0f)
6.922: (move f1-0f f2-0f)
6.944: (unlock f0-2f f0-1f key1-0 shape1)
6.951: (move f0-1f f1-1f)
6.958: (move f1-0f f1-1f)
7.005: (move f0-1f f1-1f)
7.016: (move f2-0f f1-0f)
7.016: (move f1-1f f2-1f)
7.019: (move f0-0f f1-0f)
7.024: (putdown f0-0f key1-0)
7.033: (move f0-0f f1-0f)
7.034: (move f0-0f f1-0f)
7.042: (putdown f1-0f key1-0)
7.045: (unlock f1-1f f0-1f key1-0 shape1)
7.052: (move f1-0f f1-1f)
7.053: (move f1-1f f1-2f)
7.053: (move f2-2f f1-2f)
7.069: (putdown f2-0f key1-0)
7.072: (move f1-0f f2-0f)
7.079: (putdown f1-0f key1-0)
7.082: (putdown f0-0f key1-0)
7.093: (move f0-1f f0-0f)
7.093: (unlock f0-0f f0-1f key1-0 shape1)
7.093: (move f1-0f f0-0f)
7.147: (move f0-1f f0-0f)
7.169: (move f1-0f f0-0f)
7.197: (move f1-0f f2-0f)
7.214: (putdown f1-0f key0-0)
7.282: (putdown f1-0f key0-0)
7.353: (putdown f2-1f key1-0)
7.398: (move f1-1f f2-1f)
7.399: (move f2-2f f2-1f)
7.500: (move f2-1f f2-2f)
7.586: (putdown f0-1f key0-0)
7.602: (putdown f2-1f key1-0)
7.607: (putdown f0-1f key1-0)
7.625: (move f2-1f f1-1f)
7.893: (move f1-1f f1-2f)
7.893: (move f0-2f f1-2f)
7.940: (move f0-1f f0-2f)
7.942: (move f1-2f f2-2f)
7.942: (move f2-1f f2-2f)
7.960: (move f1-1f f0-1f)
7.960: (move f0-2f f0-1f)
7.976: (move f2-0f f1-0f)
8.026: (putdown f2-0f key0-0)
8.030: (pickup-and-loose f2-2f key0-0 key1-0)
8.055: (move f2-1f f1-1f)
8.063: (putdown f2-0f key0-0)
8.090: (putdown f2-1f key0-0)
8.099: (move f1-0f f2-0f)
8.117: (move f1-0f f0-0f)
8.122: (move f2-1f f2-0f)
8.126: (move f1-0f f2-0f)
8.153: (move f1-0f f2-0f)
8.153: (move f2-1f f2-0f)
8.158: (move f1-1f f2-1f)
8.158: (move f2-0f f2-1f)
8.169: (move f1-0f f2-0f)
8.169: (move f2-1f f2-0f)
8.184: (move f1-0f f1-1f)
8.251: (putdown f0-1f key0-0)
8.255: (move f2-1f f2-0f)
8.255: (move f1-0f f2-0f)
8.360: (putdown f1-1f key1-0)
1.033: (move f1-0f f2-0f)
1.033: (move f2-1f f2-0f)
1.977: (unlock f0-1f f0-0f key0-0 shape0)
1.980: (move f1-1f f2-1f)
2.003: (move f1-1f f1-0f)
2.004: (unlock f1-0f f0-0f key0-0 shape0)
2.989: (move f1-1f f1-0f)
3.003: (move f1-2f f2-2f)
3.039: (putdown f2-1f key1-0)
3.043: (move f1-0f f0-0f)
3.043: (move f2-0f f1-0f)
3.051: (move f0-1f f0-0f)
3.054: (putdown f1-0f key1-0)
4.019: (move f2-1f f2-0f)
4.019: (move f1-0f f2-0f)
4.019: (pickup-and-loose f2-0f key0-0 key1-0)
4.040: (putdown f0-1f key0-0)
4.042: (putdown f0-0f key0-0)
4.042: (putdown f2-0f key1-0)
4.050: (move f2-0f f1-0f)
4.074: (move f2-1f f2-0f)
4.074: (move f1-0f f2-0f)
4.086: (putdown f1-1f key1-0)
4.086: (move f0-1f f1-1f)
4.086: (move f1-0f f1-1f)
4.105: (putdown f0-0f key0-0)
4.946: (move f2-2f f2-1f)
4.946: (move f1-1f f2-1f)
5.024: (move f1-1f f1-2f)
5.026: (move f2-0f f2-1f)
5.027: (move f1-1f f1-0f)
5.038: (move f2-2f f2-1f)
5.041: (putdown f1-2f key1-0)
5.042: (move f1-1f f2-1f)
5.043: (move f1-0f f1-1f)
5.043: (move f2-1f f1-1f)
5.055: (move f2-2f f1-2f)
5.064: (move f2-0f f2-1f)
5.081: (move f2-0f f1-0f)
5.092: (putdown f2-0f key1-0)
5.093: (move f1-0f f2-0f)
5.093: (move f2-1f f2-0f)
5.241: (move f1-0f f2-0f)
5.241: (move f2-1f f2-0f)
5.308: (move f1-1f f2-1f)
5.996: (move f1-0f f1-1f)
6.003: (move f2-0f f2-1f)
6.023: (move f0-0f f1-0f)
6.031: (putdown f2-0f key1-0)
6.033: (move f1-0f f2-0f)
6.037: (move f1-0f f0-0f)
6.041: (putdown f1-0f key1-0)
6.043: (move f1-0f f2-0f)
6.051: (move f1-0f f2-0f)
6.055: (move f1-1f f0-1f)
6.080: (move f0-1f f1-1f)
6.080: (move f1-0f f1-1f)
6.086: (move f0-1f f1-1f)
6.086: (move f1-0f f1-1f)
6.089: (move f1-1f f1-2f)
6.089: (move f2-2f f1-2f)
6.103: (putdown f0-0f key0-0)
6.105: (move f0-1f f0-2f)
6.110: (move f1-0f f1-1f)
6.110: (move f2-1f f1-1f)
6.112: (move f0-1f f0-2f)
6.118: (putdown f0-0f key0-0)
6.121: (move f2-1f f2-2f)
6.140: (move f1-1f f1-0f)
6.163: (move f2-0f f2-1f)
6.222: (putdown f2-1f key1-0)
6.243: (move f0-0f f0-1f)
6.360: (move f0-1f f0-2f)
6.573: (move f1-1f f2-1f)
6.707: (move f2-1f f2-2f)
6.707: (move f1-2f f2-2f)
6.786: (move f1-1f f1-2f)
6.786: (move f0-2f f1-2f)
6.966: (move f2-1f f2-0f)
6.993: (move f0-2f f0-1f)
6.993: (move f1-1f f0-1f)
6.995: (putdown f2-0f key0-0)
7.027: (putdown f1-0f key1-0)
7.036: (move f1-1f f2-1f)
7.036: (move f2-0f f2-1f)
7.036: (pickup-and-loose f2-1f key0-0 key1-0)
7.037: (move f2-2f f1-2f)
7.038: (move f1-1f f1-2f)
7.039: (move f1-1f f2-1f)
7.061: (putdown f2-0f key0-0)
7.086: (move f1-0f f2-0f)
7.086: (putdown f0-0f key1-0)
7.096: (move f2-1f f2-2f)
7.111: (move f1-0f f1-1f)
7.111: (move f2-1f f1-1f)
7.111: (move f1-0f f2-0f)
7.111: (move f2-1f f2-0f)
7.173: (putdown f2-0f key1-0)
7.215: (putdown f1-0f key1-0)
7.222: (move f1-0f f2-0f)
7.278: (move f2-1f f2-2f)
7.278: (move f1-2f f2-2f)
7.296: (putdown f1-0f key1-0)
7.310: (putdown f1-0f key0-0)
7.319: (putdown f2-0f key1-0)
7.349: (putdown f2-1f key1-0)
7.418: (move f2-1f f2-2f)
7.564: (putdown f2-1f key1-0)
7.689: (move f1-2f f0-2f)
7.977: (move f2-0f f1-0f)
8.028: (putdown f2-0f key0-0)
8.043: (move f2-1f f1-1f)
8.043: (move f0-1f f1-1f)
8.052: (move f0-1f f1-1f)
8.052: (move f1-0f f1-1f)
8.052: (move f0-1f f1-1f)
8.053: (move f2-1f f1-1f)
8.059: (move f1-2f f0-2f)
8.071: (putdown f2-0f key0-0)
8.103: (move f1-0f f2-0f)
0.005: (putdown f2-0f key1-0)
[Final] Expanded: 894, Generated: 3004
Found a solution of length 15!
   1: (pickup f0-2f key0-0)
   2: (move f0-2f f1-2f)
   3: (move f1-2f f1-1f)
   4: (move f1-1f f1-0f)
   5: (unlock f1-0f f0-0f key0-0 shape0)
   6: (move f1-0f f0-0f)
   7: (putdown f0-0f key0-0)
   8: (move f0-0f f1-0f)
   9: (move f1-0f f1-1f)
  10: (move f1-1f f1-2f)
  11: (pickup f1-2f key1-0)
  12: (move f1-2f f1-1f)
  13: (move f1-1f f1-0f)
  14: (move f1-0f f2-0f)
  15: (putdown f2-0f key1-0)
