/u/ibrahim.eisawy/Neural-Guided-Search/venv/lib/python3.10/site-packages/pymimir_rgnn/model.py:151: UserWarning: index_reduce() is in beta and the API may change at any time. (Triggered internally at /pytorch/aten/src/ATen/native/cuda/Indexing.cu:1541.)
  max_msg.index_reduce_(0, output_indices, output_messages, reduce='amax', include_self=True)
Torch: 2.12.0+cu130
Using GPU:  NVIDIA L40S
26.526: (navigate rover0 waypoint0 waypoint4)
26.542: (navigate rover0 waypoint0 waypoint12)
26.852: (calibrate rover0 camera7 objective2 waypoint0)
26.859: (calibrate rover0 camera2 objective2 waypoint0)
26.868: (calibrate rover0 camera0 objective0 waypoint0)
27.194: (navigate rover0 waypoint0 waypoint3)
27.194: (navigate rover0 waypoint0 waypoint8)
27.702: (navigate rover0 waypoint0 waypoint13)
29.616: (sample_rock rover0 rover0store waypoint0)
23.914: (take_image rover0 waypoint0 objective0 camera7 low_res)
23.914: (take_image rover0 waypoint0 objective0 camera2 low_res)
23.914: (take_image rover0 waypoint0 objective0 camera0 low_res)
24.020: (take_image rover0 waypoint0 objective2 camera2 colour)
24.699: (take_image rover0 waypoint0 objective2 camera7 low_res)
24.699: (take_image rover0 waypoint0 objective2 camera2 low_res)
24.699: (take_image rover0 waypoint0 objective2 camera0 low_res)
24.941: (calibrate rover0 camera4 objective1 waypoint4)
25.080: (calibrate rover0 camera4 objective1 waypoint12)
25.153: (take_image rover0 waypoint0 objective0 camera2 colour)
25.176: (calibrate rover0 camera5 objective4 waypoint4)
25.177: (navigate rover0 waypoint0 waypoint4)
25.185: (calibrate rover0 camera6 objective3 waypoint4)
25.186: (calibrate rover0 camera7 objective2 waypoint4)
25.186: (navigate rover0 waypoint0 waypoint4)
25.194: (navigate rover0 waypoint3 waypoint7)
25.296: (navigate rover0 waypoint0 waypoint12)
25.307: (navigate rover0 waypoint0 waypoint12)
25.307: (calibrate rover0 camera0 objective0 waypoint12)
25.371: (calibrate rover0 camera2 objective2 waypoint4)
22.329: (take_image rover0 waypoint12 objective5 camera0 high_res)
22.329: (take_image rover0 waypoint12 objective5 camera7 high_res)
22.330: (take_image rover0 waypoint12 objective5 camera4 high_res)
22.381: (navigate rover0 waypoint0 waypoint4)
22.423: (take_image rover0 waypoint4 objective2 camera4 colour)
22.423: (take_image rover0 waypoint4 objective2 camera2 colour)
22.423: (navigate rover0 waypoint0 waypoint4)
22.429: (take_image rover0 waypoint12 objective0 camera0 low_res)
22.429: (take_image rover0 waypoint12 objective0 camera7 low_res)
22.429: (navigate rover0 waypoint0 waypoint12)
22.429: (take_image rover0 waypoint12 objective0 camera4 low_res)
22.531: (navigate rover0 waypoint0 waypoint12)
22.674: (calibrate rover0 camera7 objective2 waypoint0)
22.737: (calibrate rover0 camera0 objective0 waypoint0)
22.786: (navigate rover0 waypoint0 waypoint3)
22.797: (calibrate rover0 camera0 objective0 waypoint0)
22.839: (calibrate rover0 camera2 objective2 waypoint0)
22.842: (calibrate rover0 camera7 objective2 waypoint0)
23.024: (take_image rover0 waypoint12 objective5 camera4 low_res)
23.024: (take_image rover0 waypoint12 objective5 camera0 low_res)
20.252: (take_image rover0 waypoint0 objective0 camera7 low_res)
20.252: (take_image rover0 waypoint0 objective2 camera2 colour)
20.252: (take_image rover0 waypoint0 objective0 camera0 low_res)
20.910: (navigate rover0 waypoint3 waypoint7)
20.941: (calibrate rover0 camera4 objective1 waypoint4)
20.978: (communicate_image_data rover0 general objective2 colour waypoint4 waypoint7)
21.037: (navigate rover0 waypoint0 waypoint4)
21.037: (calibrate rover0 camera7 objective2 waypoint4)
21.060: (calibrate rover0 camera6 objective3 waypoint4)
21.062: (navigate rover0 waypoint0 waypoint4)
21.080: (calibrate rover0 camera5 objective4 waypoint4)
21.099: (calibrate rover0 camera4 objective1 waypoint4)
21.123: (calibrate rover0 camera5 objective4 waypoint4)
21.127: (communicate_image_data rover0 general objective0 low_res waypoint4 waypoint7)
21.136: (navigate rover0 waypoint0 waypoint4)
21.140: (calibrate rover0 camera6 objective3 waypoint4)
21.165: (calibrate rover0 camera4 objective1 waypoint12)
21.174: (calibrate rover0 camera4 objective1 waypoint12)
21.193: (navigate rover0 waypoint0 waypoint12)
21.207: (navigate rover0 waypoint0 waypoint4)
18.861: (take_image rover0 waypoint4 objective2 camera4 colour)
18.861: (navigate rover0 waypoint0 waypoint4)
18.978: (navigate rover0 waypoint0 waypoint12)
19.022: (take_image rover0 waypoint12 objective5 camera7 high_res)
19.023: (take_image rover0 waypoint12 objective0 camera4 low_res)
19.023: (take_image rover0 waypoint12 objective5 camera4 high_res)
19.053: (calibrate rover0 camera0 objective0 waypoint0)
19.116: (calibrate rover0 camera7 objective2 waypoint0)
19.242: (navigate rover0 waypoint0 waypoint3)
19.515: (navigate rover0 waypoint0 waypoint8)
19.583: (calibrate rover0 camera7 objective2 waypoint4)
19.584: (communicate_image_data rover0 general objective2 colour waypoint4 waypoint7)
19.591: (calibrate rover0 camera5 objective4 waypoint4)
19.592: (communicate_image_data rover0 general objective2 colour waypoint4 waypoint7)
19.613: (communicate_image_data rover0 general objective2 colour waypoint4 waypoint7)
19.620: (communicate_image_data rover0 general objective2 colour waypoint4 waypoint7)
19.620: (calibrate rover0 camera6 objective3 waypoint4)
19.657: (communicate_image_data rover0 general objective2 colour waypoint4 waypoint7)
19.657: (calibrate rover0 camera4 objective1 waypoint4)
19.768: (communicate_image_data rover0 general objective0 low_res waypoint4 waypoint7)
16.996: (communicate_image_data rover0 general objective2 colour waypoint4 waypoint7)
17.142: (communicate_image_data rover0 general objective0 low_res waypoint4 waypoint7)
17.142: (take_image rover0 waypoint4 objective2 camera4 colour)
17.216: (navigate rover0 waypoint3 waypoint7)
17.427: (communicate_image_data rover0 general objective2 colour waypoint3 waypoint7)
17.476: (calibrate rover0 camera4 objective1 waypoint4)
17.527: (navigate rover0 waypoint0 waypoint4)
17.580: (calibrate rover0 camera6 objective3 waypoint4)
17.593: (calibrate rover0 camera5 objective4 waypoint4)
17.636: (navigate rover0 waypoint0 waypoint4)
17.636: (calibrate rover0 camera7 objective2 waypoint4)
17.657: (communicate_image_data rover0 general objective0 low_res waypoint3 waypoint7)
17.694: (communicate_image_data rover0 general objective0 low_res waypoint8 waypoint7)
17.708: (calibrate rover0 camera4 objective1 waypoint12)
17.760: (navigate rover0 waypoint0 waypoint12)
17.769: (communicate_image_data rover0 general objective2 colour waypoint8 waypoint7)
17.850: (navigate rover0 waypoint0 waypoint12)
17.850: (calibrate rover0 camera0 objective0 waypoint12)
18.038: (calibrate rover0 camera4 objective1 waypoint12)
18.081: (calibrate rover0 camera4 objective1 waypoint3)
15.394: (navigate rover0 waypoint3 waypoint7)
15.501: (navigate rover0 waypoint3 waypoint7)
15.695: (communicate_image_data rover0 general objective2 colour waypoint4 waypoint7)
15.698: (communicate_image_data rover0 general objective2 colour waypoint4 waypoint7)
15.698: (calibrate rover0 camera4 objective1 waypoint4)
15.702: (communicate_image_data rover0 general objective2 colour waypoint4 waypoint7)
15.702: (calibrate rover0 camera6 objective3 waypoint4)
15.712: (calibrate rover0 camera7 objective2 waypoint4)
15.712: (communicate_image_data rover0 general objective2 colour waypoint4 waypoint7)
15.712: (communicate_image_data rover0 general objective2 colour waypoint4 waypoint7)
15.713: (calibrate rover0 camera5 objective4 waypoint4)
15.883: (communicate_image_data rover0 general objective0 low_res waypoint4 waypoint7)
15.883: (communicate_image_data rover0 general objective0 low_res waypoint4 waypoint7)
15.883: (calibrate rover0 camera4 objective1 waypoint4)
15.952: (communicate_image_data rover0 general objective0 low_res waypoint4 waypoint7)
15.953: (calibrate rover0 camera6 objective3 waypoint4)
15.962: (communicate_image_data rover0 general objective0 low_res waypoint4 waypoint7)
15.962: (calibrate rover0 camera5 objective4 waypoint4)
16.001: (navigate rover0 waypoint3 waypoint7)
16.007: (calibrate rover0 camera7 objective2 waypoint4)
14.196: (calibrate rover0 camera7 objective2 waypoint7)
14.233: (calibrate rover0 camera5 objective4 waypoint7)
14.316: (calibrate rover0 camera3 objective7 waypoint7)
14.413: (calibrate rover0 camera3 objective7 waypoint7)
14.455: (calibrate rover0 camera5 objective4 waypoint7)
14.517: (calibrate rover0 camera7 objective2 waypoint7)
14.582: (sample_rock rover0 rover0store waypoint7)
14.653: (sample_rock rover0 rover0store waypoint7)
14.796: (communicate_image_data rover0 general objective2 colour waypoint4 waypoint7)
14.796: (communicate_image_data rover0 general objective0 low_res waypoint4 waypoint7)
14.805: (communicate_image_data rover0 general objective2 colour waypoint4 waypoint7)
14.806: (communicate_image_data rover0 general objective0 low_res waypoint4 waypoint7)
14.806: (communicate_image_data rover0 general objective0 low_res waypoint4 waypoint7)
14.807: (communicate_image_data rover0 general objective2 colour waypoint4 waypoint7)
14.814: (communicate_image_data rover0 general objective0 low_res waypoint4 waypoint7)
14.814: (communicate_image_data rover0 general objective2 colour waypoint4 waypoint7)
14.830: (communicate_image_data rover0 general objective2 colour waypoint4 waypoint7)
14.830: (communicate_image_data rover0 general objective0 low_res waypoint4 waypoint7)
15.122: (sample_rock rover0 rover0store waypoint7)
15.156: (sample_rock rover0 rover0store waypoint4)
13.336: (calibrate rover0 camera7 objective2 waypoint7)
13.336: (sample_rock rover0 rover0store waypoint7)
13.376: (calibrate rover0 camera5 objective4 waypoint7)
13.376: (sample_rock rover0 rover0store waypoint7)
13.418: (sample_rock rover0 rover0store waypoint7)
13.418: (calibrate rover0 camera3 objective7 waypoint7)
13.465: (calibrate rover0 camera3 objective7 waypoint7)
13.465: (sample_rock rover0 rover0store waypoint7)
13.549: (sample_rock rover0 rover0store waypoint7)
13.549: (calibrate rover0 camera5 objective4 waypoint7)
13.555: (drop rover0 rover0store)
13.580: (sample_rock rover0 rover0store waypoint7)
13.580: (calibrate rover0 camera7 objective2 waypoint7)
13.634: (drop rover0 rover0store)
13.765: (calibrate rover0 camera3 objective7 waypoint7)
13.765: (calibrate rover0 camera7 objective2 waypoint7)
13.776: (calibrate rover0 camera3 objective7 waypoint7)
13.776: (calibrate rover0 camera5 objective4 waypoint7)
13.787: (calibrate rover0 camera5 objective4 waypoint7)
13.788: (calibrate rover0 camera7 objective2 waypoint7)
12.306: (calibrate rover0 camera7 objective2 waypoint7)
12.306: (drop rover0 rover0store)
12.348: (calibrate rover0 camera5 objective4 waypoint7)
12.348: (drop rover0 rover0store)
12.385: (drop rover0 rover0store)
12.386: (calibrate rover0 camera3 objective7 waypoint7)
12.429: (calibrate rover0 camera3 objective7 waypoint7)
12.430: (drop rover0 rover0store)
12.504: (calibrate rover0 camera5 objective4 waypoint7)
12.504: (drop rover0 rover0store)
12.552: (drop rover0 rover0store)
12.552: (calibrate rover0 camera7 objective2 waypoint7)
12.671: (calibrate rover0 camera7 objective2 waypoint7)
12.671: (calibrate rover0 camera3 objective7 waypoint7)
12.672: (sample_rock rover0 rover0store waypoint7)
12.677: (calibrate rover0 camera5 objective4 waypoint7)
12.677: (calibrate rover0 camera3 objective7 waypoint7)
12.678: (sample_rock rover0 rover0store waypoint7)
12.700: (sample_rock rover0 rover0store waypoint7)
12.700: (calibrate rover0 camera5 objective4 waypoint7)
11.737: (calibrate rover0 camera7 objective2 waypoint7)
11.737: (calibrate rover0 camera3 objective7 waypoint7)
11.737: (drop rover0 rover0store)
11.744: (calibrate rover0 camera3 objective7 waypoint7)
11.744: (drop rover0 rover0store)
11.744: (calibrate rover0 camera5 objective4 waypoint7)
11.756: (calibrate rover0 camera7 objective2 waypoint7)
11.756: (calibrate rover0 camera3 objective7 waypoint7)
11.766: (calibrate rover0 camera7 objective2 waypoint7)
11.766: (calibrate rover0 camera5 objective4 waypoint7)
11.767: (drop rover0 rover0store)
11.771: (calibrate rover0 camera5 objective4 waypoint7)
11.771: (calibrate rover0 camera3 objective7 waypoint7)
11.786: (calibrate rover0 camera5 objective4 waypoint7)
11.786: (calibrate rover0 camera7 objective2 waypoint7)
12.026: (navigate rover0 waypoint7 waypoint3)
12.097: (navigate rover0 waypoint7 waypoint3)
12.179: (navigate rover0 waypoint7 waypoint3)
12.246: (navigate rover0 waypoint7 waypoint3)
12.249: (navigate rover0 waypoint7 waypoint3)
10.807: (communicate_image_data rover0 general objective0 low_res waypoint3 waypoint7)
10.869: (communicate_image_data rover0 general objective2 colour waypoint3 waypoint7)
10.869: (communicate_image_data rover0 general objective0 low_res waypoint3 waypoint7)
10.886: (communicate_image_data rover0 general objective0 low_res waypoint3 waypoint7)
10.981: (navigate rover0 waypoint3 waypoint11)
11.016: (communicate_rock_data rover0 general waypoint7 waypoint3 waypoint7)
11.093: (communicate_rock_data rover0 general waypoint7 waypoint3 waypoint7)
11.169: (communicate_rock_data rover0 general waypoint7 waypoint3 waypoint7)
11.182: (navigate rover0 waypoint3 waypoint11)
11.204: (navigate rover0 waypoint3 waypoint11)
11.229: (navigate rover0 waypoint3 waypoint11)
11.233: (communicate_rock_data rover0 general waypoint7 waypoint3 waypoint7)
11.239: (communicate_image_data rover0 general objective0 low_res waypoint3 waypoint7)
11.278: (sample_rock rover0 rover0store waypoint3)
11.293: (communicate_rock_data rover0 general waypoint7 waypoint3 waypoint7)
11.305: (calibrate rover0 camera0 objective0 waypoint3)
11.315: (calibrate rover0 camera0 objective0 waypoint3)
11.323: (calibrate rover0 camera0 objective0 waypoint3)
11.328: (drop rover0 rover0store)
11.328: (navigate rover0 waypoint7 waypoint3)
9.569: (communicate_image_data rover0 general objective2 colour waypoint11 waypoint7)
9.569: (navigate rover0 waypoint3 waypoint11)
9.569: (communicate_image_data rover0 general objective0 low_res waypoint11 waypoint7)
9.667: (communicate_image_data rover0 general objective0 low_res waypoint11 waypoint7)
9.667: (navigate rover0 waypoint3 waypoint11)
9.705: (communicate_image_data rover0 general objective0 low_res waypoint11 waypoint7)
9.706: (navigate rover0 waypoint3 waypoint11)
9.811: (communicate_image_data rover0 general objective0 low_res waypoint3 waypoint7)
9.811: (communicate_rock_data rover0 general waypoint7 waypoint3 waypoint7)
9.862: (navigate rover0 waypoint3 waypoint11)
9.863: (communicate_rock_data rover0 general waypoint7 waypoint11 waypoint7)
9.887: (communicate_image_data rover0 general objective2 colour waypoint3 waypoint7)
9.887: (communicate_image_data rover0 general objective0 low_res waypoint3 waypoint7)
9.887: (communicate_rock_data rover0 general waypoint7 waypoint3 waypoint7)
9.901: (communicate_rock_data rover0 general waypoint7 waypoint3 waypoint7)
9.901: (communicate_image_data rover0 general objective0 low_res waypoint3 waypoint7)
10.041: (communicate_rock_data rover0 general waypoint7 waypoint11 waypoint7)
10.041: (navigate rover0 waypoint3 waypoint11)
10.074: (communicate_image_data rover0 general objective0 low_res waypoint3 waypoint7)
10.075: (sample_rock rover0 rover0store waypoint3)
8.489: (navigate rover0 waypoint3 waypoint11)
8.489: (communicate_image_data rover0 general objective2 colour waypoint11 waypoint7)
8.489: (communicate_rock_data rover0 general waypoint7 waypoint11 waypoint7)
8.500: (communicate_image_data rover0 general objective0 low_res waypoint11 waypoint7)
8.500: (communicate_rock_data rover0 general waypoint7 waypoint11 waypoint7)
8.500: (navigate rover0 waypoint3 waypoint11)
8.531: (navigate rover0 waypoint3 waypoint11)
8.531: (communicate_rock_data rover0 general waypoint7 waypoint11 waypoint7)
8.715: (take_image rover0 waypoint11 objective5 camera5 high_res)
8.715: (take_image rover0 waypoint11 objective5 camera3 high_res)
8.716: (take_image rover0 waypoint11 objective5 camera7 high_res)
8.741: (navigate rover0 waypoint3 waypoint11)
9.031: (sample_rock rover0 rover0store waypoint3)
9.032: (communicate_rock_data rover0 general waypoint7 waypoint3 waypoint7)
9.058: (sample_rock rover0 rover0store waypoint3)
9.065: (sample_rock rover0 rover0store waypoint3)
9.078: (drop rover0 rover0store)
9.185: (take_image rover0 waypoint11 objective5 camera3 high_res)
9.204: (take_image rover0 waypoint11 objective5 camera5 high_res)
9.356: (calibrate rover0 camera0 objective0 waypoint3)
7.619: (drop rover0 rover0store)
7.619: (navigate rover0 waypoint3 waypoint11)
7.648: (communicate_image_data rover0 general objective5 high_res waypoint11 waypoint7)
7.649: (communicate_image_data rover0 general objective2 colour waypoint11 waypoint7)
7.649: (communicate_image_data rover0 general objective0 low_res waypoint11 waypoint7)
7.649: (take_image rover0 waypoint11 objective5 camera7 high_res)
7.649: (take_image rover0 waypoint11 objective5 camera5 high_res)
7.649: (communicate_rock_data rover0 general waypoint7 waypoint11 waypoint7)
7.649: (take_image rover0 waypoint11 objective5 camera3 high_res)
7.653: (navigate rover0 waypoint3 waypoint11)
7.684: (navigate rover0 waypoint3 waypoint11)
7.704: (navigate rover0 waypoint11 waypoint3)
7.719: (communicate_image_data rover0 general objective5 high_res waypoint11 waypoint7)
7.727: (communicate_image_data rover0 general objective5 high_res waypoint11 waypoint7)
7.729: (communicate_rock_data rover0 general waypoint7 waypoint11 waypoint7)
7.729: (navigate rover0 waypoint3 waypoint11)
7.841: (take_image rover0 waypoint11 objective5 camera7 high_res)
7.931: (communicate_rock_data rover0 general waypoint3 waypoint11 waypoint7)
8.081: (drop rover0 rover0store)
8.083: (drop rover0 rover0store)
6.638: (navigate rover0 waypoint3 waypoint11)
6.639: (drop rover0 rover0store)
6.657: (communicate_rock_data rover0 general waypoint7 waypoint11 waypoint7)
6.657: (drop rover0 rover0store)
6.667: (navigate rover0 waypoint3 waypoint11)
6.667: (drop rover0 rover0store)
6.680: (communicate_rock_data rover0 general waypoint7 waypoint11 waypoint7)
6.680: (communicate_image_data rover0 general objective0 low_res waypoint11 waypoint7)
6.680: (communicate_image_data rover0 general objective5 high_res waypoint11 waypoint7)
6.681: (communicate_image_data rover0 general objective2 colour waypoint11 waypoint7)
6.685: (communicate_rock_data rover0 general waypoint7 waypoint3 waypoint7)
6.685: (navigate rover0 waypoint11 waypoint3)
6.719: (navigate rover0 waypoint11 waypoint3)
6.772: (communicate_rock_data rover0 general waypoint3 waypoint11 waypoint7)
6.773: (drop rover0 rover0store)
6.846: (take_image rover0 waypoint11 objective5 camera7 high_res)
6.846: (drop rover0 rover0store)
6.855: (take_image rover0 waypoint11 objective5 camera7 high_res)
6.855: (communicate_rock_data rover0 general waypoint7 waypoint11 waypoint7)
6.855: (take_image rover0 waypoint11 objective5 camera3 high_res)
5.754: (communicate_rock_data rover0 general waypoint3 waypoint11 waypoint7)
5.809: (communicate_rock_data rover0 general waypoint3 waypoint11 waypoint7)
5.848: (communicate_rock_data rover0 general waypoint7 waypoint11 waypoint7)
5.848: (communicate_rock_data rover0 general waypoint3 waypoint11 waypoint7)
5.859: (navigate rover0 waypoint11 waypoint3)
5.859: (communicate_image_data rover0 general objective0 low_res waypoint3 waypoint7)
5.859: (communicate_image_data rover0 general objective5 high_res waypoint3 waypoint7)
5.863: (take_image rover0 waypoint11 objective5 camera3 high_res)
5.863: (take_image rover0 waypoint11 objective5 camera5 high_res)
5.863: (take_image rover0 waypoint11 objective5 camera7 high_res)
5.863: (communicate_rock_data rover0 general waypoint7 waypoint11 waypoint7)
5.863: (drop rover0 rover0store)
5.874: (communicate_rock_data rover0 general waypoint3 waypoint11 waypoint7)
5.874: (take_image rover0 waypoint11 objective5 camera7 high_res)
5.899: (communicate_rock_data rover0 general waypoint3 waypoint11 waypoint7)
5.960: (communicate_image_data rover0 general objective5 high_res waypoint11 waypoint7)
5.970: (communicate_image_data rover0 general objective5 high_res waypoint11 waypoint7)
6.517: (navigate rover0 waypoint11 waypoint3)
6.518: (sample_rock rover0 rover0store waypoint3)
6.522: (navigate rover0 waypoint11 waypoint3)
4.877: (take_image rover0 waypoint11 objective5 camera5 high_res)
4.877: (take_image rover0 waypoint11 objective5 camera7 high_res)
4.877: (take_image rover0 waypoint11 objective5 camera3 high_res)
4.877: (drop rover0 rover0store)
4.877: (communicate_rock_data rover0 general waypoint7 waypoint11 waypoint7)
4.877: (communicate_rock_data rover0 general waypoint3 waypoint11 waypoint7)
4.984: (drop rover0 rover0store)
4.984: (communicate_rock_data rover0 general waypoint7 waypoint11 waypoint7)
4.984: (communicate_image_data rover0 general objective5 high_res waypoint11 waypoint7)
5.007: (communicate_rock_data rover0 general waypoint3 waypoint11 waypoint7)
5.008: (communicate_image_data rover0 general objective5 high_res waypoint11 waypoint7)
5.053: (communicate_rock_data rover0 general waypoint3 waypoint11 waypoint7)
5.053: (communicate_image_data rover0 general objective5 high_res waypoint11 waypoint7)
5.527: (navigate rover0 waypoint11 waypoint3)
5.527: (drop rover0 rover0store)
5.527: (communicate_rock_data rover0 general waypoint7 waypoint3 waypoint7)
5.668: (calibrate rover0 camera0 objective0 waypoint11)
5.672: (calibrate rover0 camera6 objective3 waypoint11)
5.683: (calibrate rover0 camera0 objective0 waypoint11)
5.685: (calibrate rover0 camera0 objective0 waypoint11)
4.049: (communicate_rock_data rover0 general waypoint7 waypoint11 waypoint7)
4.049: (communicate_image_data rover0 general objective5 high_res waypoint11 waypoint7)
4.049: (drop rover0 rover0store)
4.049: (communicate_rock_data rover0 general waypoint3 waypoint11 waypoint7)
4.736: (communicate_rock_data rover0 general waypoint3 waypoint3 waypoint7)
4.736: (navigate rover0 waypoint11 waypoint3)
4.759: (navigate rover0 waypoint11 waypoint3)
4.759: (communicate_image_data rover0 general objective5 high_res waypoint3 waypoint7)
4.926: (take_image rover0 waypoint11 objective5 camera0 high_res)
4.927: (take_image rover0 waypoint11 objective5 camera6 high_res)
4.928: (take_image rover0 waypoint11 objective5 camera0 high_res)
4.929: (take_image rover0 waypoint11 objective5 camera3 high_res)
4.929: (take_image rover0 waypoint11 objective5 camera7 high_res)
4.929: (calibrate rover0 camera0 objective0 waypoint11)
4.929: (take_image rover0 waypoint11 objective5 camera5 high_res)
4.937: (take_image rover0 waypoint11 objective5 camera5 high_res)
4.937: (calibrate rover0 camera6 objective3 waypoint11)
4.939: (take_image rover0 waypoint11 objective5 camera0 high_res)
4.981: (calibrate rover0 camera6 objective3 waypoint11)
4.984: (calibrate rover0 camera0 objective0 waypoint11)
3.993: (communicate_rock_data rover0 general waypoint3 waypoint3 waypoint7)
3.993: (communicate_image_data rover0 general objective5 high_res waypoint3 waypoint7)
3.993: (navigate rover0 waypoint11 waypoint3)
4.023: (navigate rover0 waypoint3 waypoint0)
4.039: (communicate_image_data rover0 general objective5 high_res waypoint11 waypoint7)
4.039: (calibrate rover0 camera6 objective3 waypoint11)
4.040: (communicate_image_data rover0 general objective5 high_res waypoint11 waypoint7)
4.040: (communicate_rock_data rover0 general waypoint3 waypoint11 waypoint7)
4.042: (communicate_image_data rover0 general objective5 high_res waypoint11 waypoint7)
4.043: (navigate rover0 waypoint3 waypoint0)
4.043: (communicate_rock_data rover0 general waypoint3 waypoint11 waypoint7)
4.043: (communicate_image_data rover0 general objective5 high_res waypoint11 waypoint7)
4.043: (calibrate rover0 camera0 objective0 waypoint11)
4.044: (communicate_image_data rover0 general objective5 high_res waypoint11 waypoint7)
4.691: (navigate rover0 waypoint3 waypoint5)
4.747: (calibrate rover0 camera8 objective1 waypoint3)
4.761: (navigate rover0 waypoint11 waypoint3)
4.761: (calibrate rover0 camera0 objective0 waypoint3)
4.762: (navigate rover0 waypoint11 waypoint3)
4.764: (calibrate rover0 camera4 objective1 waypoint3)
3.004: (navigate rover0 waypoint0 waypoint4)
3.063: (navigate rover0 waypoint3 waypoint0)
3.109: (navigate rover0 waypoint0 waypoint4)
3.950: (communicate_image_data rover0 general objective5 high_res waypoint5 waypoint7)
3.950: (navigate rover0 waypoint3 waypoint5)
3.997: (calibrate rover0 camera2 objective2 waypoint0)
4.001: (communicate_rock_data rover0 general waypoint3 waypoint3 waypoint7)
4.002: (navigate rover0 waypoint11 waypoint3)
4.002: (navigate rover0 waypoint3 waypoint0)
4.003: (navigate rover0 waypoint11 waypoint3)
4.003: (communicate_rock_data rover0 general waypoint3 waypoint3 waypoint7)
4.003: (calibrate rover0 camera0 objective0 waypoint3)
4.003: (navigate rover0 waypoint11 waypoint3)
4.003: (communicate_rock_data rover0 general waypoint3 waypoint3 waypoint7)
4.004: (calibrate rover0 camera4 objective1 waypoint3)
4.006: (navigate rover0 waypoint11 waypoint3)
4.007: (navigate rover0 waypoint11 waypoint3)
4.008: (communicate_image_data rover0 general objective5 high_res waypoint3 waypoint7)
4.008: (calibrate rover0 camera8 objective1 waypoint3)
4.023: (navigate rover0 waypoint3 waypoint0)
1.964: (sample_rock rover0 rover0store waypoint4)
2.029: (sample_rock rover0 rover0store waypoint4)
2.092: (communicate_rock_data rover0 general waypoint3 waypoint4 waypoint7)
2.092: (navigate rover0 waypoint0 waypoint4)
2.092: (communicate_image_data rover0 general objective5 high_res waypoint4 waypoint7)
2.982: (navigate rover0 waypoint0 waypoint4)
2.982: (calibrate rover0 camera8 objective1 waypoint4)
2.984: (calibrate rover0 camera1 objective4 waypoint4)
2.988: (navigate rover0 waypoint0 waypoint4)
2.988: (calibrate rover0 camera2 objective2 waypoint4)
3.008: (calibrate rover0 camera5 objective4 waypoint4)
3.009: (calibrate rover0 camera4 objective1 waypoint4)
3.019: (calibrate rover0 camera7 objective2 waypoint4)
3.028: (calibrate rover0 camera6 objective3 waypoint4)
3.039: (navigate rover0 waypoint3 waypoint0)
3.042: (navigate rover0 waypoint3 waypoint0)
3.042: (calibrate rover0 camera0 objective0 waypoint0)
3.045: (navigate rover0 waypoint3 waypoint0)
3.047: (navigate rover0 waypoint3 waypoint0)
3.047: (calibrate rover0 camera7 objective2 waypoint0)
1.035: (communicate_rock_data rover0 general waypoint3 waypoint4 waypoint7)
1.035: (sample_rock rover0 rover0store waypoint4)
1.035: (communicate_image_data rover0 general objective5 high_res waypoint4 waypoint7)
1.065: (communicate_rock_data rover0 general waypoint4 waypoint4 waypoint7)
1.100: (communicate_rock_data rover0 general waypoint4 waypoint4 waypoint7)
1.825: (drop rover0 rover0store)
1.906: (navigate rover0 waypoint4 waypoint0)
1.943: (calibrate rover0 camera1 objective4 waypoint4)
1.943: (sample_rock rover0 rover0store waypoint4)
1.943: (calibrate rover0 camera8 objective1 waypoint4)
1.943: (sample_rock rover0 rover0store waypoint4)
1.944: (drop rover0 rover0store)
1.945: (calibrate rover0 camera2 objective2 waypoint4)
1.946: (sample_rock rover0 rover0store waypoint4)
1.953: (calibrate rover0 camera5 objective4 waypoint4)
1.953: (sample_rock rover0 rover0store waypoint4)
1.959: (sample_rock rover0 rover0store waypoint4)
1.959: (calibrate rover0 camera4 objective1 waypoint4)
1.961: (navigate rover0 waypoint4 waypoint2)
1.968: (sample_rock rover0 rover0store waypoint4)
0.141: (communicate_rock_data rover0 general waypoint3 waypoint4 waypoint7)
[Final] Expanded: 287, Generated: 4340
Found a solution of length 24!
   1: (calibrate rover0 camera2 objective2 waypoint0)
   2: (take_image rover0 waypoint0 objective2 camera2 colour)
   3: (calibrate rover0 camera7 objective2 waypoint0)
   4: (take_image rover0 waypoint0 objective0 camera7 low_res)
   5: (navigate rover0 waypoint0 waypoint3)
   6: (communicate_image_data rover0 general objective2 colour waypoint3 waypoint7)
   7: (navigate rover0 waypoint3 waypoint7)
   8: (sample_rock rover0 rover0store waypoint7)
   9: (drop rover0 rover0store)
  10: (calibrate rover0 camera7 objective2 waypoint7)
  11: (navigate rover0 waypoint7 waypoint3)
  12: (sample_rock rover0 rover0store waypoint3)
  13: (communicate_image_data rover0 general objective0 low_res waypoint3 waypoint7)
  14: (navigate rover0 waypoint3 waypoint11)
  15: (communicate_rock_data rover0 general waypoint7 waypoint11 waypoint7)
  16: (take_image rover0 waypoint11 objective5 camera7 high_res)
  17: (communicate_image_data rover0 general objective5 high_res waypoint11 waypoint7)
  18: (drop rover0 rover0store)
  19: (navigate rover0 waypoint11 waypoint3)
  20: (navigate rover0 waypoint3 waypoint0)
  21: (navigate rover0 waypoint0 waypoint4)
  22: (sample_rock rover0 rover0store waypoint4)
  23: (communicate_rock_data rover0 general waypoint4 waypoint4 waypoint7)
  24: (communicate_rock_data rover0 general waypoint3 waypoint4 waypoint7)
