/u/ibrahim.eisawy/Neural-Guided-Search/venv/lib/python3.10/site-packages/pymimir_rgnn/model.py:151: UserWarning: index_reduce() is in beta and the API may change at any time. (Triggered internally at /pytorch/aten/src/ATen/native/cuda/Indexing.cu:1541.)
  max_msg.index_reduce_(0, output_indices, output_messages, reduce='amax', include_self=True)
Torch: 2.12.0+cu130
Using GPU:  NVIDIA L40S
20.101: (calibrate rover0 camera10 objective13 waypoint2)
20.171: (calibrate rover0 camera1 objective8 waypoint2)
21.230: (navigate rover0 waypoint2 waypoint8)
22.139: (calibrate rover0 camera7 objective2 waypoint2)
22.145: (calibrate rover0 camera13 objective13 waypoint2)
22.223: (navigate rover0 waypoint2 waypoint7)
22.466: (navigate rover0 waypoint2 waypoint22)
22.514: (navigate rover0 waypoint2 waypoint26)
22.723: (navigate rover0 waypoint2 waypoint14)
22.852: (navigate rover0 waypoint2 waypoint5)
23.725: (navigate rover0 waypoint2 waypoint21)
18.569: (calibrate rover0 camera10 objective13 waypoint8)
18.569: (navigate rover0 waypoint2 waypoint8)
18.668: (navigate rover0 waypoint2 waypoint8)
18.695: (calibrate rover0 camera6 objective3 waypoint8)
19.185: (calibrate rover0 camera10 objective13 waypoint2)
19.186: (calibrate rover0 camera1 objective8 waypoint2)
19.478: (take_image rover0 waypoint2 objective8 camera1 colour)
19.478: (take_image rover0 waypoint2 objective8 camera10 colour)
19.629: (navigate rover0 waypoint2 waypoint7)
19.782: (calibrate rover0 camera2 objective5 waypoint7)
19.801: (calibrate rover0 camera8 objective9 waypoint7)
19.854: (navigate rover0 waypoint2 waypoint7)
19.854: (calibrate rover0 camera1 objective8 waypoint7)
19.926: (navigate rover0 waypoint2 waypoint22)
20.036: (calibrate rover0 camera10 objective13 waypoint26)
20.036: (navigate rover0 waypoint2 waypoint26)
20.042: (navigate rover0 waypoint2 waypoint5)
20.062: (navigate rover0 waypoint2 waypoint26)
20.110: (navigate rover0 waypoint2 waypoint22)
20.116: (calibrate rover0 camera14 objective12 waypoint22)
16.326: (take_image rover0 waypoint8 objective11 camera1 colour)
16.326: (take_image rover0 waypoint8 objective11 camera10 colour)
16.326: (take_image rover0 waypoint8 objective11 camera6 colour)
17.024: (take_image rover0 waypoint2 objective8 camera1 colour)
17.024: (calibrate rover0 camera10 objective13 waypoint2)
17.029: (take_image rover0 waypoint7 objective11 camera10 colour)
17.030: (take_image rover0 waypoint7 objective11 camera2 colour)
17.030: (take_image rover0 waypoint7 objective11 camera8 colour)
17.031: (take_image rover0 waypoint7 objective11 camera1 colour)
17.120: (calibrate rover0 camera1 objective8 waypoint2)
17.120: (take_image rover0 waypoint2 objective8 camera10 colour)
17.236: (take_image rover0 waypoint5 objective11 camera10 colour)
17.575: (calibrate rover0 camera6 objective3 waypoint8)
17.575: (calibrate rover0 camera10 objective13 waypoint8)
17.640: (calibrate rover0 camera10 objective13 waypoint8)
17.641: (navigate rover0 waypoint2 waypoint8)
17.674: (calibrate rover0 camera6 objective3 waypoint8)
17.695: (take_image rover0 waypoint22 objective11 camera1 colour)
17.695: (take_image rover0 waypoint22 objective11 camera14 colour)
17.696: (take_image rover0 waypoint22 objective11 camera10 colour)
14.924: (calibrate rover0 camera10 objective13 waypoint8)
14.925: (take_image rover0 waypoint8 objective11 camera1 colour)
14.925: (take_image rover0 waypoint8 objective11 camera6 colour)
14.939: (take_image rover0 waypoint8 objective11 camera1 colour)
14.940: (calibrate rover0 camera6 objective3 waypoint8)
14.940: (take_image rover0 waypoint8 objective11 camera10 colour)
14.966: (take_image rover0 waypoint8 objective11 camera10 colour)
14.966: (take_image rover0 waypoint8 objective11 camera6 colour)
15.565: (navigate rover0 waypoint2 waypoint8)
15.601: (navigate rover0 waypoint2 waypoint8)
15.649: (calibrate rover0 camera2 objective5 waypoint7)
15.662: (calibrate rover0 camera8 objective9 waypoint7)
15.695: (calibrate rover0 camera1 objective8 waypoint7)
15.734: (navigate rover0 waypoint7 waypoint6)
15.803: (sample_soil rover0 rover0store waypoint8)
15.870: (calibrate rover0 camera8 objective9 waypoint5)
15.876: (calibrate rover0 camera6 objective3 waypoint5)
16.014: (navigate rover0 waypoint5 waypoint15)
16.076: (communicate_image_data rover0 general objective11 colour waypoint7 waypoint16)
16.119: (navigate rover0 waypoint8 waypoint0)
14.300: (calibrate rover0 camera2 objective5 waypoint6)
14.301: (navigate rover0 waypoint7 waypoint6)
14.306: (calibrate rover0 camera14 objective12 waypoint6)
14.319: (navigate rover0 waypoint7 waypoint6)
14.319: (calibrate rover0 camera8 objective9 waypoint6)
14.340: (navigate rover0 waypoint7 waypoint6)
14.383: (sample_soil rover0 rover0store waypoint8)
14.385: (calibrate rover0 camera10 objective13 waypoint8)
14.409: (calibrate rover0 camera6 objective3 waypoint8)
14.410: (sample_soil rover0 rover0store waypoint8)
14.453: (sample_soil rover0 rover0store waypoint8)
14.478: (take_image rover0 waypoint8 objective11 camera10 colour)
14.478: (take_image rover0 waypoint8 objective11 camera1 colour)
14.608: (calibrate rover0 camera12 objective7 waypoint15)
14.616: (navigate rover0 waypoint5 waypoint15)
14.624: (navigate rover0 waypoint5 waypoint15)
14.626: (calibrate rover0 camera8 objective9 waypoint15)
14.744: (drop rover0 rover0store)
14.747: (navigate rover0 waypoint7 waypoint6)
14.790: (navigate rover0 waypoint8 waypoint0)
13.384: (calibrate rover0 camera10 objective13 waypoint8)
13.387: (drop rover0 rover0store)
13.415: (calibrate rover0 camera6 objective3 waypoint8)
13.416: (drop rover0 rover0store)
13.425: (sample_soil rover0 rover0store waypoint6)
13.434: (sample_soil rover0 rover0store waypoint6)
13.446: (sample_soil rover0 rover0store waypoint6)
13.456: (drop rover0 rover0store)
13.478: (sample_soil rover0 rover0store waypoint6)
13.518: (calibrate rover0 camera14 objective12 waypoint6)
13.522: (calibrate rover0 camera2 objective5 waypoint6)
13.526: (calibrate rover0 camera8 objective9 waypoint6)
13.636: (sample_soil rover0 rover0store waypoint15)
13.653: (sample_soil rover0 rover0store waypoint15)
13.657: (sample_soil rover0 rover0store waypoint15)
13.700: (navigate rover0 waypoint8 waypoint0)
13.746: (navigate rover0 waypoint8 waypoint0)
13.769: (navigate rover0 waypoint8 waypoint0)
13.871: (sample_soil rover0 rover0store waypoint8)
13.911: (sample_soil rover0 rover0store waypoint6)
12.422: (drop rover0 rover0store)
12.430: (drop rover0 rover0store)
12.442: (drop rover0 rover0store)
12.466: (drop rover0 rover0store)
12.669: (drop rover0 rover0store)
12.686: (drop rover0 rover0store)
12.693: (drop rover0 rover0store)
12.699: (navigate rover0 waypoint8 waypoint0)
12.701: (drop rover0 rover0store)
12.703: (sample_soil rover0 rover0store waypoint6)
12.705: (calibrate rover0 camera2 objective5 waypoint6)
12.707: (sample_soil rover0 rover0store waypoint6)
12.711: (calibrate rover0 camera14 objective12 waypoint6)
12.715: (calibrate rover0 camera8 objective9 waypoint6)
12.716: (sample_soil rover0 rover0store waypoint6)
12.741: (drop rover0 rover0store)
12.741: (navigate rover0 waypoint8 waypoint0)
12.759: (drop rover0 rover0store)
12.761: (navigate rover0 waypoint8 waypoint0)
12.888: (drop rover0 rover0store)
11.679: (drop rover0 rover0store)
11.679: (calibrate rover0 camera2 objective5 waypoint6)
11.680: (calibrate rover0 camera14 objective12 waypoint6)
11.682: (drop rover0 rover0store)
11.689: (calibrate rover0 camera8 objective9 waypoint6)
11.689: (drop rover0 rover0store)
12.195: (take_image rover0 waypoint0 objective8 camera6 colour)
12.195: (take_image rover0 waypoint0 objective8 camera1 colour)
12.196: (take_image rover0 waypoint0 objective8 camera10 colour)
12.389: (calibrate rover0 camera2 objective5 waypoint6)
12.389: (calibrate rover0 camera8 objective9 waypoint6)
12.390: (calibrate rover0 camera2 objective5 waypoint6)
12.390: (calibrate rover0 camera14 objective12 waypoint6)
12.397: (calibrate rover0 camera2 objective5 waypoint6)
12.398: (calibrate rover0 camera14 objective12 waypoint6)
12.398: (calibrate rover0 camera8 objective9 waypoint6)
12.406: (calibrate rover0 camera14 objective12 waypoint6)
12.412: (calibrate rover0 camera8 objective9 waypoint6)
12.418: (calibrate rover0 camera7 objective2 waypoint6)
12.427: (calibrate rover0 camera7 objective2 waypoint6)
11.666: (calibrate rover0 camera2 objective5 waypoint6)
11.666: (calibrate rover0 camera8 objective9 waypoint6)
11.670: (calibrate rover0 camera8 objective9 waypoint6)
11.670: (calibrate rover0 camera14 objective12 waypoint6)
11.672: (calibrate rover0 camera14 objective12 waypoint6)
11.672: (calibrate rover0 camera2 objective5 waypoint6)
11.677: (calibrate rover0 camera7 objective2 waypoint6)
11.681: (calibrate rover0 camera7 objective2 waypoint6)
11.684: (calibrate rover0 camera7 objective2 waypoint6)
11.684: (calibrate rover0 camera4 objective5 waypoint6)
11.686: (calibrate rover0 camera4 objective5 waypoint6)
11.696: (calibrate rover0 camera4 objective5 waypoint6)
11.918: (navigate rover0 waypoint6 waypoint7)
11.924: (navigate rover0 waypoint6 waypoint7)
11.925: (navigate rover0 waypoint6 waypoint7)
11.984: (sample_soil rover0 rover0store waypoint0)
12.163: (calibrate rover0 camera7 objective2 waypoint0)
12.199: (calibrate rover0 camera14 objective12 waypoint0)
12.203: (calibrate rover0 camera1 objective8 waypoint0)
12.210: (calibrate rover0 camera6 objective3 waypoint0)
10.882: (communicate_soil_data rover0 general waypoint6 waypoint7 waypoint16)
10.890: (communicate_soil_data rover0 general waypoint6 waypoint7 waypoint16)
10.891: (communicate_soil_data rover0 general waypoint6 waypoint7 waypoint16)
10.983: (navigate rover0 waypoint7 waypoint2)
10.984: (drop rover0 rover0store)
10.999: (navigate rover0 waypoint7 waypoint2)
11.004: (navigate rover0 waypoint7 waypoint2)
11.278: (take_image rover0 waypoint7 objective8 camera2 colour)
11.279: (take_image rover0 waypoint7 objective8 camera14 colour)
11.279: (take_image rover0 waypoint7 objective8 camera8 colour)
11.549: (navigate rover0 waypoint7 waypoint20)
11.561: (navigate rover0 waypoint7 waypoint20)
11.568: (navigate rover0 waypoint7 waypoint20)
11.628: (take_image rover0 waypoint6 objective5 camera8 colour)
11.628: (take_image rover0 waypoint6 objective5 camera2 colour)
11.633: (take_image rover0 waypoint6 objective12 camera14 colour)
11.633: (take_image rover0 waypoint6 objective12 camera8 colour)
11.636: (take_image rover0 waypoint6 objective5 camera14 colour)
11.636: (take_image rover0 waypoint6 objective5 camera2 colour)
11.638: (take_image rover0 waypoint6 objective2 camera14 colour)
9.919: (navigate rover0 waypoint7 waypoint2)
9.924: (navigate rover0 waypoint7 waypoint2)
9.926: (navigate rover0 waypoint7 waypoint2)
9.992: (navigate rover0 waypoint2 waypoint8)
10.001: (navigate rover0 waypoint2 waypoint8)
10.009: (navigate rover0 waypoint2 waypoint8)
10.249: (take_image rover0 waypoint7 objective8 camera14 colour)
10.249: (take_image rover0 waypoint7 objective8 camera2 colour)
10.249: (take_image rover0 waypoint7 objective8 camera8 colour)
10.250: (communicate_soil_data rover0 general waypoint6 waypoint7 waypoint16)
10.324: (navigate rover0 waypoint7 waypoint2)
10.324: (take_image rover0 waypoint2 objective8 camera8 colour)
10.324: (take_image rover0 waypoint2 objective8 camera2 colour)
10.325: (take_image rover0 waypoint2 objective8 camera14 colour)
10.487: (navigate rover0 waypoint7 waypoint20)
10.494: (navigate rover0 waypoint7 waypoint20)
10.496: (navigate rover0 waypoint7 waypoint20)
10.674: (communicate_image_data rover0 general objective8 colour waypoint7 waypoint16)
10.701: (navigate rover0 waypoint7 waypoint4)
10.705: (navigate rover0 waypoint7 waypoint4)
8.915: (navigate rover0 waypoint2 waypoint8)
8.922: (navigate rover0 waypoint2 waypoint8)
8.924: (navigate rover0 waypoint2 waypoint8)
9.252: (navigate rover0 waypoint7 waypoint2)
9.252: (take_image rover0 waypoint2 objective8 camera8 colour)
9.252: (take_image rover0 waypoint2 objective8 camera2 colour)
9.252: (take_image rover0 waypoint2 objective8 camera14 colour)
9.385: (sample_soil rover0 rover0store waypoint8)
9.399: (sample_soil rover0 rover0store waypoint8)
9.406: (sample_soil rover0 rover0store waypoint8)
9.501: (navigate rover0 waypoint2 waypoint8)
9.631: (communicate_image_data rover0 general objective8 colour waypoint7 waypoint16)
9.631: (communicate_soil_data rover0 general waypoint6 waypoint7 waypoint16)
9.724: (navigate rover0 waypoint7 waypoint2)
9.832: (navigate rover0 waypoint8 waypoint0)
9.851: (navigate rover0 waypoint8 waypoint0)
9.853: (navigate rover0 waypoint8 waypoint0)
9.902: (calibrate rover0 camera1 objective8 waypoint2)
9.903: (calibrate rover0 camera10 objective13 waypoint2)
9.904: (calibrate rover0 camera1 objective8 waypoint2)
8.376: (sample_soil rover0 rover0store waypoint8)
8.381: (sample_soil rover0 rover0store waypoint8)
8.383: (sample_soil rover0 rover0store waypoint8)
8.384: (drop rover0 rover0store)
8.400: (drop rover0 rover0store)
8.405: (drop rover0 rover0store)
8.415: (navigate rover0 waypoint2 waypoint8)
8.561: (navigate rover0 waypoint8 waypoint0)
8.566: (navigate rover0 waypoint8 waypoint0)
8.578: (navigate rover0 waypoint8 waypoint0)
8.656: (navigate rover0 waypoint7 waypoint2)
8.800: (navigate rover0 waypoint8 waypoint0)
8.803: (navigate rover0 waypoint8 waypoint0)
8.807: (navigate rover0 waypoint8 waypoint0)
8.824: (navigate rover0 waypoint2 waypoint8)
8.889: (navigate rover0 waypoint2 waypoint8)
8.896: (calibrate rover0 camera6 objective3 waypoint8)
8.899: (navigate rover0 waypoint2 waypoint8)
8.902: (calibrate rover0 camera6 objective3 waypoint8)
8.904: (calibrate rover0 camera6 objective3 waypoint8)
7.360: (drop rover0 rover0store)
7.366: (drop rover0 rover0store)
7.366: (drop rover0 rover0store)
7.541: (navigate rover0 waypoint8 waypoint0)
7.552: (navigate rover0 waypoint8 waypoint0)
7.555: (navigate rover0 waypoint8 waypoint0)
7.581: (navigate rover0 waypoint8 waypoint0)
7.581: (drop rover0 rover0store)
7.584: (navigate rover0 waypoint8 waypoint0)
7.586: (drop rover0 rover0store)
7.596: (drop rover0 rover0store)
7.598: (navigate rover0 waypoint8 waypoint0)
7.747: (navigate rover0 waypoint2 waypoint8)
7.906: (sample_soil rover0 rover0store waypoint8)
8.172: (sample_soil rover0 rover0store waypoint0)
8.175: (take_image rover0 waypoint0 objective8 camera14 colour)
8.175: (take_image rover0 waypoint0 objective8 camera2 colour)
8.176: (take_image rover0 waypoint0 objective8 camera8 colour)
8.178: (sample_soil rover0 rover0store waypoint0)
8.179: (sample_soil rover0 rover0store waypoint0)
6.545: (drop rover0 rover0store)
6.546: (navigate rover0 waypoint8 waypoint0)
6.557: (navigate rover0 waypoint8 waypoint0)
6.558: (drop rover0 rover0store)
6.561: (drop rover0 rover0store)
6.561: (navigate rover0 waypoint8 waypoint0)
6.884: (drop rover0 rover0store)
7.153: (take_image rover0 waypoint0 objective8 camera2 colour)
7.153: (take_image rover0 waypoint0 objective8 camera8 colour)
7.153: (take_image rover0 waypoint0 objective8 camera14 colour)
7.154: (navigate rover0 waypoint8 waypoint0)
7.155: (drop rover0 rover0store)
7.156: (drop rover0 rover0store)
7.157: (take_image rover0 waypoint0 objective8 camera2 colour)
7.157: (drop rover0 rover0store)
7.157: (take_image rover0 waypoint0 objective8 camera8 colour)
7.158: (take_image rover0 waypoint0 objective8 camera14 colour)
7.162: (drop rover0 rover0store)
7.284: (sample_soil rover0 rover0store waypoint8)
7.335: (calibrate rover0 camera6 objective3 waypoint8)
6.126: (drop rover0 rover0store)
6.126: (navigate rover0 waypoint8 waypoint0)
6.127: (take_image rover0 waypoint0 objective8 camera2 colour)
6.127: (take_image rover0 waypoint0 objective8 camera8 colour)
6.127: (take_image rover0 waypoint0 objective8 camera14 colour)
6.258: (drop rover0 rover0store)
6.497: (navigate rover0 waypoint8 waypoint0)
6.506: (calibrate rover0 camera1 objective8 waypoint0)
6.507: (calibrate rover0 camera1 objective8 waypoint0)
6.513: (calibrate rover0 camera1 objective8 waypoint0)
6.520: (navigate rover0 waypoint8 waypoint0)
6.521: (calibrate rover0 camera6 objective3 waypoint0)
6.524: (calibrate rover0 camera6 objective3 waypoint0)
6.529: (calibrate rover0 camera14 objective12 waypoint0)
6.532: (calibrate rover0 camera6 objective3 waypoint0)
6.539: (calibrate rover0 camera14 objective12 waypoint0)
6.540: (calibrate rover0 camera7 objective2 waypoint0)
6.543: (sample_soil rover0 rover0store waypoint0)
6.550: (sample_soil rover0 rover0store waypoint0)
6.551: (calibrate rover0 camera7 objective2 waypoint0)
5.462: (navigate rover0 waypoint8 waypoint0)
5.462: (drop rover0 rover0store)
5.532: (drop rover0 rover0store)
5.539: (drop rover0 rover0store)
6.087: (take_image rover0 waypoint0 objective8 camera14 colour)
6.088: (sample_soil rover0 rover0store waypoint0)
6.088: (take_image rover0 waypoint0 objective8 camera2 colour)
6.098: (take_image rover0 waypoint0 objective8 camera8 colour)
6.100: (take_image rover0 waypoint0 objective8 camera14 colour)
6.101: (calibrate rover0 camera7 objective2 waypoint0)
6.136: (take_image rover0 waypoint0 objective8 camera8 colour)
6.137: (take_image rover0 waypoint0 objective8 camera6 colour)
6.138: (take_image rover0 waypoint0 objective8 camera1 colour)
6.138: (calibrate rover0 camera14 objective12 waypoint0)
6.139: (take_image rover0 waypoint0 objective8 camera2 colour)
6.142: (take_image rover0 waypoint0 objective8 camera14 colour)
6.142: (take_image rover0 waypoint0 objective8 camera6 colour)
6.144: (take_image rover0 waypoint0 objective8 camera1 colour)
6.152: (take_image rover0 waypoint0 objective8 camera2 colour)
6.153: (take_image rover0 waypoint0 objective8 camera8 colour)
5.067: (take_image rover0 waypoint0 objective8 camera14 colour)
5.067: (drop rover0 rover0store)
5.067: (take_image rover0 waypoint0 objective8 camera2 colour)
5.439: (calibrate rover0 camera1 objective8 waypoint0)
5.441: (calibrate rover0 camera14 objective12 waypoint0)
5.441: (calibrate rover0 camera7 objective2 waypoint0)
5.452: (calibrate rover0 camera6 objective3 waypoint0)
5.474: (calibrate rover0 camera1 objective8 waypoint0)
5.476: (calibrate rover0 camera1 objective8 waypoint0)
5.497: (sample_soil rover0 rover0store waypoint0)
5.509: (calibrate rover0 camera6 objective3 waypoint0)
5.510: (calibrate rover0 camera6 objective3 waypoint0)
5.524: (calibrate rover0 camera14 objective12 waypoint0)
5.529: (calibrate rover0 camera7 objective2 waypoint0)
5.536: (calibrate rover0 camera7 objective2 waypoint0)
6.077: (calibrate rover0 camera7 objective2 waypoint0)
6.077: (sample_soil rover0 rover0store waypoint0)
6.082: (calibrate rover0 camera1 objective8 waypoint0)
6.083: (sample_soil rover0 rover0store waypoint0)
6.085: (sample_soil rover0 rover0store waypoint0)
4.469: (drop rover0 rover0store)
5.052: (take_image rover0 waypoint0 objective8 camera14 colour)
5.053: (drop rover0 rover0store)
5.053: (take_image rover0 waypoint0 objective8 camera2 colour)
5.053: (calibrate rover0 camera7 objective2 waypoint0)
5.063: (take_image rover0 waypoint0 objective8 camera14 colour)
5.063: (calibrate rover0 camera1 objective8 waypoint0)
5.064: (take_image rover0 waypoint0 objective8 camera2 colour)
5.066: (drop rover0 rover0store)
5.066: (take_image rover0 waypoint0 objective8 camera2 colour)
5.067: (take_image rover0 waypoint0 objective8 camera6 colour)
5.067: (drop rover0 rover0store)
5.068: (calibrate rover0 camera14 objective12 waypoint0)
5.069: (take_image rover0 waypoint0 objective8 camera1 colour)
5.074: (take_image rover0 waypoint0 objective8 camera14 colour)
5.075: (take_image rover0 waypoint0 objective8 camera6 colour)
5.076: (take_image rover0 waypoint0 objective8 camera1 colour)
5.078: (take_image rover0 waypoint0 objective8 camera14 colour)
5.078: (take_image rover0 waypoint0 objective8 camera2 colour)
5.079: (calibrate rover0 camera6 objective3 waypoint0)
4.440: (calibrate rover0 camera1 objective8 waypoint0)
4.451: (calibrate rover0 camera14 objective12 waypoint0)
4.454: (calibrate rover0 camera7 objective2 waypoint0)
4.465: (calibrate rover0 camera6 objective3 waypoint0)
4.578: (navigate rover0 waypoint0 waypoint8)
5.036: (calibrate rover0 camera14 objective12 waypoint0)
5.040: (take_image rover0 waypoint0 objective4 camera1 colour)
5.040: (take_image rover0 waypoint0 objective4 camera14 colour)
5.040: (take_image rover0 waypoint0 objective4 camera8 colour)
5.041: (take_image rover0 waypoint0 objective4 camera2 colour)
5.041: (take_image rover0 waypoint0 objective4 camera6 colour)
5.041: (calibrate rover0 camera1 objective8 waypoint0)
5.044: (take_image rover0 waypoint0 objective0 camera1 colour)
5.044: (take_image rover0 waypoint0 objective0 camera6 colour)
5.044: (take_image rover0 waypoint0 objective0 camera8 colour)
5.044: (take_image rover0 waypoint0 objective0 camera2 colour)
5.044: (take_image rover0 waypoint0 objective0 camera14 colour)
5.047: (take_image rover0 waypoint0 objective3 camera2 colour)
5.047: (take_image rover0 waypoint0 objective3 camera8 colour)
5.047: (take_image rover0 waypoint0 objective3 camera14 colour)
4.284: (navigate rover0 waypoint8 waypoint19)
4.433: (calibrate rover0 camera1 objective8 waypoint0)
4.434: (calibrate rover0 camera14 objective12 waypoint0)
4.439: (calibrate rover0 camera1 objective8 waypoint0)
4.439: (calibrate rover0 camera6 objective3 waypoint0)
4.441: (calibrate rover0 camera1 objective8 waypoint0)
4.441: (calibrate rover0 camera7 objective2 waypoint0)
4.442: (calibrate rover0 camera14 objective12 waypoint0)
4.442: (calibrate rover0 camera7 objective2 waypoint0)
4.445: (calibrate rover0 camera7 objective2 waypoint0)
4.445: (calibrate rover0 camera6 objective3 waypoint0)
4.448: (calibrate rover0 camera14 objective12 waypoint0)
4.448: (calibrate rover0 camera6 objective3 waypoint0)
4.465: (take_image rover0 waypoint0 objective12 camera6 colour)
4.465: (take_image rover0 waypoint0 objective12 camera1 colour)
4.465: (take_image rover0 waypoint0 objective12 camera14 colour)
4.466: (take_image rover0 waypoint0 objective4 camera6 colour)
4.467: (take_image rover0 waypoint0 objective4 camera1 colour)
4.467: (take_image rover0 waypoint0 objective4 camera14 colour)
4.467: (take_image rover0 waypoint0 objective0 camera6 colour)
4.263: (calibrate rover0 camera1 objective8 waypoint19)
4.270: (calibrate rover0 camera7 objective2 waypoint19)
4.280: (calibrate rover0 camera6 objective3 waypoint19)
4.430: (calibrate rover0 camera1 objective8 waypoint0)
4.432: (calibrate rover0 camera14 objective12 waypoint0)
4.432: (calibrate rover0 camera6 objective3 waypoint0)
4.433: (calibrate rover0 camera1 objective8 waypoint0)
4.434: (calibrate rover0 camera7 objective2 waypoint0)
4.434: (calibrate rover0 camera14 objective12 waypoint0)
4.434: (calibrate rover0 camera7 objective2 waypoint0)
4.434: (calibrate rover0 camera14 objective12 waypoint0)
4.434: (calibrate rover0 camera6 objective3 waypoint0)
4.435: (calibrate rover0 camera1 objective8 waypoint0)
4.435: (calibrate rover0 camera7 objective2 waypoint0)
4.435: (calibrate rover0 camera6 objective3 waypoint0)
4.437: (take_image rover0 waypoint0 objective12 camera14 colour)
4.437: (calibrate rover0 camera1 objective8 waypoint0)
4.437: (take_image rover0 waypoint0 objective12 camera6 colour)
4.438: (calibrate rover0 camera1 objective8 waypoint0)
4.438: (take_image rover0 waypoint0 objective4 camera14 colour)
4.252: (calibrate rover0 camera6 objective3 waypoint19)
4.253: (calibrate rover0 camera7 objective2 waypoint19)
4.256: (calibrate rover0 camera1 objective8 waypoint19)
4.256: (calibrate rover0 camera6 objective3 waypoint19)
4.260: (calibrate rover0 camera7 objective2 waypoint19)
4.260: (calibrate rover0 camera1 objective8 waypoint19)
4.284: (take_image rover0 waypoint19 objective3 camera1 colour)
4.284: (take_image rover0 waypoint19 objective3 camera6 colour)
4.285: (take_image rover0 waypoint19 objective2 camera1 colour)
4.285: (take_image rover0 waypoint19 objective2 camera6 colour)
4.290: (take_image rover0 waypoint19 objective11 camera7 high_res)
4.290: (take_image rover0 waypoint19 objective11 camera1 high_res)
4.292: (take_image rover0 waypoint19 objective3 camera7 high_res)
4.292: (take_image rover0 waypoint19 objective3 camera1 high_res)
4.292: (take_image rover0 waypoint19 objective2 camera1 high_res)
4.292: (take_image rover0 waypoint19 objective2 camera7 high_res)
4.293: (take_image rover0 waypoint19 objective8 camera1 high_res)
4.293: (take_image rover0 waypoint19 objective8 camera7 high_res)
4.294: (take_image rover0 waypoint19 objective11 camera1 low_res)
4.294: (take_image rover0 waypoint19 objective11 camera7 low_res)
4.246: (calibrate rover0 camera6 objective3 waypoint19)
4.246: (calibrate rover0 camera7 objective2 waypoint19)
4.246: (calibrate rover0 camera1 objective8 waypoint19)
4.262: (calibrate rover0 camera1 objective8 waypoint19)
4.263: (take_image rover0 waypoint19 objective3 camera6 colour)
4.263: (take_image rover0 waypoint19 objective2 camera6 colour)
4.263: (calibrate rover0 camera1 objective8 waypoint19)
4.269: (take_image rover0 waypoint19 objective3 camera1 colour)
4.270: (take_image rover0 waypoint19 objective3 camera6 colour)
4.270: (calibrate rover0 camera1 objective8 waypoint19)
4.270: (take_image rover0 waypoint19 objective11 camera7 high_res)
4.270: (calibrate rover0 camera7 objective2 waypoint19)
4.272: (calibrate rover0 camera1 objective8 waypoint19)
4.272: (take_image rover0 waypoint19 objective2 camera7 high_res)
4.273: (take_image rover0 waypoint19 objective3 camera7 high_res)
4.273: (calibrate rover0 camera1 objective8 waypoint19)
4.273: (take_image rover0 waypoint19 objective2 camera1 colour)
4.274: (take_image rover0 waypoint19 objective2 camera6 colour)
4.274: (calibrate rover0 camera7 objective2 waypoint19)
4.275: (take_image rover0 waypoint19 objective8 camera7 high_res)
4.257: (calibrate rover0 camera6 objective3 waypoint19)
4.258: (calibrate rover0 camera6 objective3 waypoint19)
4.258: (take_image rover0 waypoint19 objective3 camera1 colour)
4.259: (calibrate rover0 camera6 objective3 waypoint19)
4.259: (take_image rover0 waypoint19 objective11 camera1 high_res)
4.259: (calibrate rover0 camera1 objective8 waypoint19)
4.259: (take_image rover0 waypoint19 objective3 camera6 colour)
4.260: (calibrate rover0 camera7 objective2 waypoint19)
4.260: (take_image rover0 waypoint19 objective2 camera1 colour)
4.260: (calibrate rover0 camera6 objective3 waypoint19)
4.263: (calibrate rover0 camera6 objective3 waypoint19)
4.263: (take_image rover0 waypoint19 objective11 camera7 high_res)
4.263: (calibrate rover0 camera7 objective2 waypoint19)
4.264: (take_image rover0 waypoint19 objective2 camera6 colour)
4.264: (take_image rover0 waypoint19 objective8 camera1 high_res)
4.265: (take_image rover0 waypoint19 objective11 camera1 low_res)
4.265: (calibrate rover0 camera6 objective3 waypoint19)
4.265: (calibrate rover0 camera1 objective8 waypoint19)
4.265: (take_image rover0 waypoint19 objective3 camera1 high_res)
4.266: (take_image rover0 waypoint19 objective2 camera7 high_res)
4.252: (calibrate rover0 camera7 objective2 waypoint19)
4.252: (calibrate rover0 camera6 objective3 waypoint19)
4.252: (calibrate rover0 camera1 objective8 waypoint19)
4.253: (calibrate rover0 camera1 objective8 waypoint19)
4.254: (calibrate rover0 camera7 objective2 waypoint19)
4.254: (calibrate rover0 camera7 objective2 waypoint19)
4.255: (calibrate rover0 camera6 objective3 waypoint19)
4.255: (calibrate rover0 camera1 objective8 waypoint19)
4.258: (calibrate rover0 camera1 objective8 waypoint19)
4.258: (calibrate rover0 camera1 objective8 waypoint19)
4.259: (calibrate rover0 camera1 objective8 waypoint19)
4.260: (calibrate rover0 camera7 objective2 waypoint19)
4.264: (take_image rover0 waypoint19 objective2 camera6 colour)
4.264: (take_image rover0 waypoint19 objective3 camera6 colour)
4.270: (take_image rover0 waypoint19 objective11 camera7 high_res)
4.270: (take_image rover0 waypoint19 objective11 camera7 high_res)
4.270: (take_image rover0 waypoint19 objective3 camera7 high_res)
4.270: (take_image rover0 waypoint19 objective3 camera6 colour)
4.271: (take_image rover0 waypoint19 objective2 camera6 colour)
4.271: (take_image rover0 waypoint19 objective2 camera6 colour)
4.259: (calibrate rover0 camera6 objective3 waypoint19)
4.262: (take_image rover0 waypoint19 objective3 camera1 colour)
4.263: (take_image rover0 waypoint19 objective2 camera1 colour)
4.263: (take_image rover0 waypoint19 objective2 camera7 high_res)
4.263: (take_image rover0 waypoint19 objective3 camera6 colour)
4.264: (take_image rover0 waypoint19 objective2 camera6 colour)
4.264: (take_image rover0 waypoint19 objective11 camera1 high_res)
4.264: (calibrate rover0 camera6 objective3 waypoint19)
4.264: (take_image rover0 waypoint19 objective8 camera1 high_res)
4.264: (calibrate rover0 camera7 objective2 waypoint19)
4.264: (take_image rover0 waypoint19 objective11 camera1 low_res)
4.264: (take_image rover0 waypoint19 objective11 camera7 high_res)
4.265: (take_image rover0 waypoint19 objective3 camera1 high_res)
4.265: (take_image rover0 waypoint19 objective11 camera1 high_res)
4.265: (take_image rover0 waypoint19 objective3 camera1 colour)
4.265: (take_image rover0 waypoint19 objective11 camera1 high_res)
4.265: (calibrate rover0 camera6 objective3 waypoint19)
4.265: (take_image rover0 waypoint19 objective3 camera6 colour)
4.265: (take_image rover0 waypoint19 objective2 camera1 high_res)
4.266: (calibrate rover0 camera7 objective2 waypoint19)
4.256: (calibrate rover0 camera6 objective3 waypoint19)
4.257: (calibrate rover0 camera7 objective2 waypoint19)
4.257: (calibrate rover0 camera1 objective8 waypoint19)
4.257: (calibrate rover0 camera1 objective8 waypoint19)
4.258: (calibrate rover0 camera6 objective3 waypoint19)
4.258: (calibrate rover0 camera1 objective8 waypoint19)
4.258: (calibrate rover0 camera1 objective8 waypoint19)
4.259: (calibrate rover0 camera1 objective8 waypoint19)
4.259: (calibrate rover0 camera1 objective8 waypoint19)
4.259: (calibrate rover0 camera7 objective2 waypoint19)
4.260: (calibrate rover0 camera7 objective2 waypoint19)
4.260: (calibrate rover0 camera6 objective3 waypoint19)
4.261: (calibrate rover0 camera7 objective2 waypoint19)
4.271: (take_image rover0 waypoint19 objective11 camera7 high_res)
4.271: (take_image rover0 waypoint19 objective2 camera7 high_res)
4.271: (take_image rover0 waypoint19 objective3 camera6 colour)
4.271: (take_image rover0 waypoint19 objective3 camera6 colour)
4.271: (take_image rover0 waypoint19 objective2 camera6 colour)
4.271: (take_image rover0 waypoint19 objective3 camera7 low_res)
4.271: (take_image rover0 waypoint19 objective3 camera7 high_res)
4.264: (take_image rover0 waypoint19 objective2 camera7 high_res)
4.264: (take_image rover0 waypoint19 objective11 camera7 high_res)
4.265: (calibrate rover0 camera6 objective3 waypoint19)
4.265: (take_image rover0 waypoint19 objective3 camera1 high_res)
4.265: (take_image rover0 waypoint19 objective11 camera1 high_res)
4.265: (take_image rover0 waypoint19 objective2 camera1 colour)
4.265: (take_image rover0 waypoint19 objective8 camera1 colour)
4.265: (take_image rover0 waypoint19 objective11 camera1 colour)
4.266: (take_image rover0 waypoint19 objective3 camera7 high_res)
4.266: (take_image rover0 waypoint19 objective2 camera1 high_res)
4.266: (take_image rover0 waypoint19 objective11 camera7 low_res)
4.266: (calibrate rover0 camera6 objective3 waypoint19)
4.266: (take_image rover0 waypoint19 objective2 camera7 low_res)
4.266: (take_image rover0 waypoint19 objective11 camera1 high_res)
4.267: (take_image rover0 waypoint19 objective2 camera7 high_res)
4.267: (take_image rover0 waypoint19 objective11 camera1 high_res)
4.267: (calibrate rover0 camera6 objective3 waypoint19)
4.267: (take_image rover0 waypoint19 objective2 camera7 low_res)
4.267: (take_image rover0 waypoint19 objective11 camera7 high_res)
4.267: (take_image rover0 waypoint19 objective11 camera7 high_res)
4.259: (calibrate rover0 camera7 objective2 waypoint19)
4.260: (calibrate rover0 camera1 objective8 waypoint19)
4.261: (calibrate rover0 camera7 objective2 waypoint19)
4.262: (calibrate rover0 camera1 objective8 waypoint19)
4.262: (calibrate rover0 camera7 objective2 waypoint19)
4.262: (calibrate rover0 camera7 objective2 waypoint19)
4.263: (calibrate rover0 camera7 objective2 waypoint19)
4.263: (calibrate rover0 camera7 objective2 waypoint19)
4.264: (calibrate rover0 camera7 objective2 waypoint19)
4.264: (calibrate rover0 camera7 objective2 waypoint19)
4.271: (take_image rover0 waypoint19 objective2 camera6 colour)
4.272: (take_image rover0 waypoint19 objective8 camera6 colour)
4.272: (take_image rover0 waypoint19 objective11 camera6 colour)
4.272: (take_image rover0 waypoint19 objective2 camera6 colour)
4.272: (take_image rover0 waypoint19 objective2 camera6 colour)
4.272: (take_image rover0 waypoint19 objective11 camera6 colour)
4.272: (take_image rover0 waypoint19 objective8 camera6 colour)
4.273: (take_image rover0 waypoint19 objective3 camera6 colour)
4.273: (take_image rover0 waypoint19 objective11 camera6 colour)
4.273: (take_image rover0 waypoint19 objective2 camera6 colour)
4.265: (take_image rover0 waypoint19 objective3 camera7 high_res)
4.266: (take_image rover0 waypoint19 objective2 camera7 high_res)
4.267: (calibrate rover0 camera6 objective3 waypoint19)
4.267: (take_image rover0 waypoint19 objective11 camera1 low_res)
4.267: (take_image rover0 waypoint19 objective8 camera7 high_res)
4.268: (calibrate rover0 camera6 objective3 waypoint19)
4.268: (take_image rover0 waypoint19 objective3 camera6 colour)
4.268: (take_image rover0 waypoint19 objective2 camera1 high_res)
4.268: (take_image rover0 waypoint19 objective8 camera6 colour)
4.268: (take_image rover0 waypoint19 objective11 camera1 colour)
4.268: (take_image rover0 waypoint19 objective8 camera1 colour)
4.268: (take_image rover0 waypoint19 objective2 camera1 colour)
4.268: (take_image rover0 waypoint19 objective11 camera6 colour)
4.268: (take_image rover0 waypoint19 objective3 camera1 high_res)
4.268: (take_image rover0 waypoint19 objective3 camera7 high_res)
4.268: (take_image rover0 waypoint19 objective8 camera1 high_res)
4.268: (take_image rover0 waypoint19 objective11 camera7 high_res)
4.268: (take_image rover0 waypoint19 objective2 camera1 high_res)
4.268: (take_image rover0 waypoint19 objective11 camera6 colour)
4.268: (take_image rover0 waypoint19 objective3 camera6 colour)
4.261: (calibrate rover0 camera1 objective8 waypoint19)
4.262: (calibrate rover0 camera1 objective8 waypoint19)
4.262: (calibrate rover0 camera7 objective2 waypoint19)
4.263: (calibrate rover0 camera7 objective2 waypoint19)
4.264: (calibrate rover0 camera7 objective2 waypoint19)
4.264: (calibrate rover0 camera7 objective2 waypoint19)
4.271: (take_image rover0 waypoint19 objective3 camera7 high_res)
4.271: (take_image rover0 waypoint19 objective2 camera6 colour)
4.271: (take_image rover0 waypoint19 objective11 camera6 colour)
4.271: (take_image rover0 waypoint19 objective8 camera6 colour)
4.271: (take_image rover0 waypoint19 objective3 camera6 colour)
4.273: (take_image rover0 waypoint19 objective3 camera7 low_res)
4.273: (take_image rover0 waypoint19 objective2 camera7 low_res)
4.274: (take_image rover0 waypoint19 objective11 camera7 low_res)
4.274: (take_image rover0 waypoint19 objective2 camera6 colour)
4.274: (take_image rover0 waypoint19 objective11 camera6 colour)
4.274: (take_image rover0 waypoint19 objective8 camera6 colour)
4.274: (take_image rover0 waypoint19 objective2 camera7 high_res)
4.275: (take_image rover0 waypoint19 objective3 camera7 low_res)
4.275: (take_image rover0 waypoint19 objective8 camera7 high_res)
4.267: (take_image rover0 waypoint19 objective3 camera7 high_res)
4.268: (take_image rover0 waypoint19 objective2 camera7 high_res)
4.268: (calibrate rover0 camera7 objective2 waypoint19)
4.268: (take_image rover0 waypoint19 objective11 camera7 high_res)
4.268: (calibrate rover0 camera6 objective3 waypoint19)
4.268: (calibrate rover0 camera6 objective3 waypoint19)
4.269: (take_image rover0 waypoint19 objective8 camera1 high_res)
4.269: (take_image rover0 waypoint19 objective2 camera1 high_res)
4.269: (take_image rover0 waypoint19 objective11 camera1 colour)
4.269: (take_image rover0 waypoint19 objective8 camera1 colour)
4.269: (take_image rover0 waypoint19 objective2 camera1 colour)
4.269: (take_image rover0 waypoint19 objective11 camera7 low_res)
4.269: (take_image rover0 waypoint19 objective3 camera7 low_res)
4.269: (take_image rover0 waypoint19 objective11 camera6 colour)
4.269: (take_image rover0 waypoint19 objective8 camera6 colour)
4.269: (take_image rover0 waypoint19 objective11 camera1 high_res)
4.269: (take_image rover0 waypoint19 objective3 camera6 colour)
4.269: (take_image rover0 waypoint19 objective2 camera6 colour)
4.269: (take_image rover0 waypoint19 objective2 camera7 low_res)
4.269: (calibrate rover0 camera6 objective3 waypoint19)
4.264: (calibrate rover0 camera7 objective2 waypoint19)
4.265: (calibrate rover0 camera7 objective2 waypoint19)
4.265: (calibrate rover0 camera7 objective2 waypoint19)
4.266: (calibrate rover0 camera7 objective2 waypoint19)
4.266: (calibrate rover0 camera7 objective2 waypoint19)
4.266: (calibrate rover0 camera7 objective2 waypoint19)
4.266: (calibrate rover0 camera7 objective2 waypoint19)
4.273: (take_image rover0 waypoint19 objective3 camera6 colour)
4.273: (take_image rover0 waypoint19 objective8 camera6 colour)
4.273: (take_image rover0 waypoint19 objective11 camera6 colour)
4.273: (take_image rover0 waypoint19 objective2 camera6 colour)
4.273: (take_image rover0 waypoint19 objective11 camera7 high_res)
4.273: (take_image rover0 waypoint19 objective2 camera6 colour)
4.273: (take_image rover0 waypoint19 objective3 camera6 colour)
4.273: (take_image rover0 waypoint19 objective11 camera6 colour)
4.273: (take_image rover0 waypoint19 objective8 camera6 colour)
4.274: (take_image rover0 waypoint19 objective3 camera7 low_res)
4.274: (take_image rover0 waypoint19 objective11 camera6 colour)
4.274: (take_image rover0 waypoint19 objective2 camera6 colour)
4.274: (take_image rover0 waypoint19 objective3 camera6 colour)
4.269: (take_image rover0 waypoint19 objective3 camera7 low_res)
4.269: (take_image rover0 waypoint19 objective2 camera7 low_res)
4.269: (take_image rover0 waypoint19 objective3 camera7 low_res)
4.270: (take_image rover0 waypoint19 objective3 camera1 colour)
4.270: (take_image rover0 waypoint19 objective2 camera1 colour)
4.270: (take_image rover0 waypoint19 objective2 camera7 low_res)
4.270: (take_image rover0 waypoint19 objective8 camera1 colour)
4.270: (take_image rover0 waypoint19 objective11 camera1 colour)
4.270: (take_image rover0 waypoint19 objective2 camera1 high_res)
4.270: (take_image rover0 waypoint19 objective3 camera1 high_res)
4.270: (take_image rover0 waypoint19 objective11 camera1 high_res)
4.270: (take_image rover0 waypoint19 objective8 camera7 high_res)
4.271: (calibrate rover0 camera7 objective2 waypoint19)
4.271: (calibrate rover0 camera7 objective2 waypoint19)
4.271: (take_image rover0 waypoint19 objective8 camera6 colour)
4.271: (take_image rover0 waypoint19 objective2 camera6 colour)
4.271: (take_image rover0 waypoint19 objective11 camera6 colour)
4.271: (calibrate rover0 camera7 objective2 waypoint19)
4.271: (take_image rover0 waypoint19 objective3 camera6 colour)
4.271: (take_image rover0 waypoint19 objective11 camera7 high_res)
4.265: (calibrate rover0 camera7 objective2 waypoint19)
4.265: (calibrate rover0 camera7 objective2 waypoint19)
4.266: (calibrate rover0 camera7 objective2 waypoint19)
4.269: (calibrate rover0 camera7 objective2 waypoint19)
4.274: (take_image rover0 waypoint19 objective2 camera6 colour)
4.274: (take_image rover0 waypoint19 objective8 camera6 colour)
4.274: (take_image rover0 waypoint19 objective3 camera6 colour)
4.274: (take_image rover0 waypoint19 objective11 camera6 colour)
4.274: (take_image rover0 waypoint19 objective3 camera6 colour)
4.274: (take_image rover0 waypoint19 objective8 camera6 colour)
4.274: (take_image rover0 waypoint19 objective11 camera6 colour)
4.274: (take_image rover0 waypoint19 objective2 camera6 colour)
4.274: (take_image rover0 waypoint19 objective2 camera7 low_res)
4.275: (take_image rover0 waypoint19 objective11 camera6 colour)
4.275: (take_image rover0 waypoint19 objective3 camera6 colour)
4.275: (take_image rover0 waypoint19 objective8 camera6 colour)
4.275: (take_image rover0 waypoint19 objective2 camera6 colour)
4.275: (take_image rover0 waypoint19 objective11 camera6 colour)
4.275: (take_image rover0 waypoint19 objective8 camera7 high_res)
4.275: (take_image rover0 waypoint19 objective3 camera6 colour)
4.271: (calibrate rover0 camera7 objective2 waypoint19)
4.271: (take_image rover0 waypoint19 objective11 camera7 high_res)
4.272: (take_image rover0 waypoint19 objective11 camera7 low_res)
4.272: (take_image rover0 waypoint19 objective11 camera7 low_res)
4.272: (take_image rover0 waypoint19 objective2 camera6 colour)
4.272: (take_image rover0 waypoint19 objective11 camera6 colour)
4.272: (take_image rover0 waypoint19 objective11 camera7 high_res)
4.272: (calibrate rover0 camera7 objective2 waypoint19)
4.272: (take_image rover0 waypoint19 objective8 camera6 colour)
4.272: (take_image rover0 waypoint19 objective3 camera6 colour)
4.272: (take_image rover0 waypoint19 objective2 camera1 low_res)
4.272: (take_image rover0 waypoint19 objective3 camera1 high_res)
4.272: (take_image rover0 waypoint19 objective8 camera1 colour)
4.272: (take_image rover0 waypoint19 objective3 camera1 colour)
4.272: (take_image rover0 waypoint19 objective11 camera1 colour)
4.272: (take_image rover0 waypoint19 objective2 camera1 high_res)
4.272: (take_image rover0 waypoint19 objective2 camera1 colour)
4.272: (take_image rover0 waypoint19 objective8 camera1 high_res)
4.272: (take_image rover0 waypoint19 objective11 camera1 high_res)
4.272: (take_image rover0 waypoint19 objective3 camera1 low_res)
4.267: (calibrate rover0 camera7 objective2 waypoint19)
4.267: (calibrate rover0 camera7 objective2 waypoint19)
4.268: (calibrate rover0 camera7 objective2 waypoint19)
4.268: (calibrate rover0 camera7 objective2 waypoint19)
4.276: (take_image rover0 waypoint19 objective3 camera6 colour)
4.276: (take_image rover0 waypoint19 objective11 camera6 colour)
4.276: (take_image rover0 waypoint19 objective8 camera6 colour)
4.276: (take_image rover0 waypoint19 objective2 camera6 colour)
4.276: (take_image rover0 waypoint19 objective11 camera7 high_res)
4.276: (take_image rover0 waypoint19 objective2 camera6 colour)
4.276: (take_image rover0 waypoint19 objective8 camera6 colour)
4.276: (take_image rover0 waypoint19 objective3 camera6 colour)
4.276: (take_image rover0 waypoint19 objective11 camera6 colour)
4.276: (take_image rover0 waypoint19 objective11 camera7 high_res)
4.276: (take_image rover0 waypoint19 objective11 camera7 low_res)
4.277: (take_image rover0 waypoint19 objective2 camera6 colour)
4.277: (take_image rover0 waypoint19 objective3 camera6 colour)
4.277: (take_image rover0 waypoint19 objective2 camera6 colour)
4.277: (take_image rover0 waypoint19 objective11 camera7 low_res)
4.277: (take_image rover0 waypoint19 objective3 camera6 colour)
4.273: (take_image rover0 waypoint19 objective8 camera7 high_res)
4.274: (calibrate rover0 camera7 objective2 waypoint19)
4.274: (take_image rover0 waypoint19 objective3 camera1 high_res)
4.274: (take_image rover0 waypoint19 objective3 camera6 colour)
4.274: (take_image rover0 waypoint19 objective8 camera6 colour)
4.274: (take_image rover0 waypoint19 objective11 camera6 colour)
4.274: (take_image rover0 waypoint19 objective3 camera6 colour)
4.274: (take_image rover0 waypoint19 objective8 camera6 colour)
4.274: (take_image rover0 waypoint19 objective3 camera1 low_res)
4.274: (take_image rover0 waypoint19 objective2 camera1 low_res)
4.274: (take_image rover0 waypoint19 objective2 camera6 colour)
4.274: (calibrate rover0 camera7 objective2 waypoint19)
4.274: (take_image rover0 waypoint19 objective11 camera1 high_res)
4.274: (take_image rover0 waypoint19 objective2 camera1 low_res)
4.274: (take_image rover0 waypoint19 objective8 camera7 low_res)
4.274: (take_image rover0 waypoint19 objective2 camera1 high_res)
4.274: (take_image rover0 waypoint19 objective8 camera6 colour)
4.274: (take_image rover0 waypoint19 objective3 camera1 low_res)
4.274: (take_image rover0 waypoint19 objective3 camera1 colour)
4.274: (take_image rover0 waypoint19 objective11 camera1 colour)
4.269: (calibrate rover0 camera7 objective2 waypoint19)
4.269: (calibrate rover0 camera7 objective2 waypoint19)
4.277: (take_image rover0 waypoint19 objective8 camera7 high_res)
4.278: (take_image rover0 waypoint19 objective8 camera7 low_res)
4.278: (take_image rover0 waypoint19 objective2 camera6 colour)
4.278: (take_image rover0 waypoint19 objective11 camera6 colour)
4.278: (take_image rover0 waypoint19 objective8 camera6 colour)
4.278: (take_image rover0 waypoint19 objective3 camera6 colour)
4.278: (take_image rover0 waypoint19 objective11 camera7 high_res)
4.278: (take_image rover0 waypoint19 objective2 camera6 colour)
4.278: (take_image rover0 waypoint19 objective11 camera6 colour)
4.278: (take_image rover0 waypoint19 objective3 camera6 colour)
4.278: (take_image rover0 waypoint19 objective8 camera6 colour)
4.278: (take_image rover0 waypoint19 objective8 camera7 high_res)
4.279: (take_image rover0 waypoint19 objective8 camera7 low_res)
4.280: (take_image rover0 waypoint19 objective11 camera7 low_res)
4.280: (take_image rover0 waypoint19 objective8 camera7 high_res)
4.280: (take_image rover0 waypoint19 objective11 camera7 low_res)
4.281: (take_image rover0 waypoint19 objective11 camera7 high_res)
4.281: (take_image rover0 waypoint19 objective8 camera7 low_res)
4.274: (calibrate rover0 camera6 objective3 waypoint19)
4.274: (calibrate rover0 camera6 objective3 waypoint19)
4.275: (calibrate rover0 camera6 objective3 waypoint19)
4.275: (calibrate rover0 camera6 objective3 waypoint19)
4.275: (take_image rover0 waypoint19 objective3 camera1 low_res)
4.275: (take_image rover0 waypoint19 objective2 camera1 low_res)
4.275: (take_image rover0 waypoint19 objective11 camera1 high_res)
4.275: (take_image rover0 waypoint19 objective3 camera1 high_res)
4.275: (take_image rover0 waypoint19 objective11 camera1 colour)
4.275: (take_image rover0 waypoint19 objective8 camera1 colour)
4.275: (take_image rover0 waypoint19 objective3 camera1 colour)
4.275: (take_image rover0 waypoint19 objective8 camera1 high_res)
4.275: (take_image rover0 waypoint19 objective2 camera1 high_res)
4.276: (take_image rover0 waypoint19 objective2 camera1 colour)
4.276: (calibrate rover0 camera6 objective3 waypoint19)
4.276: (take_image rover0 waypoint19 objective2 camera6 colour)
4.276: (take_image rover0 waypoint19 objective3 camera6 colour)
4.276: (take_image rover0 waypoint19 objective8 camera6 colour)
4.276: (calibrate rover0 camera7 objective2 waypoint19)
4.276: (take_image rover0 waypoint19 objective8 camera7 low_res)
4.269: (calibrate rover0 camera6 objective3 waypoint19)
4.269: (calibrate rover0 camera7 objective2 waypoint19)
4.270: (calibrate rover0 camera7 objective2 waypoint19)
4.270: (calibrate rover0 camera7 objective2 waypoint19)
4.270: (calibrate rover0 camera7 objective2 waypoint19)
4.272: (calibrate rover0 camera7 objective2 waypoint19)
4.273: (calibrate rover0 camera7 objective2 waypoint19)
4.280: (take_image rover0 waypoint19 objective2 camera6 colour)
4.280: (take_image rover0 waypoint19 objective8 camera6 colour)
4.280: (take_image rover0 waypoint19 objective3 camera6 colour)
4.280: (take_image rover0 waypoint19 objective11 camera6 colour)
4.280: (take_image rover0 waypoint19 objective8 camera7 high_res)
4.281: (take_image rover0 waypoint19 objective11 camera7 low_res)
4.281: (take_image rover0 waypoint19 objective8 camera7 low_res)
4.281: (take_image rover0 waypoint19 objective11 camera7 high_res)
4.285: (take_image rover0 waypoint19 objective3 camera1 low_res)
4.285: (take_image rover0 waypoint19 objective8 camera1 colour)
4.285: (take_image rover0 waypoint19 objective2 camera1 colour)
4.285: (take_image rover0 waypoint19 objective11 camera1 high_res)
4.285: (take_image rover0 waypoint19 objective2 camera1 low_res)
4.275: (calibrate rover0 camera6 objective3 waypoint19)
4.275: (take_image rover0 waypoint19 objective3 camera1 low_res)
4.275: (take_image rover0 waypoint19 objective2 camera1 low_res)
4.275: (take_image rover0 waypoint19 objective11 camera1 high_res)
4.276: (take_image rover0 waypoint19 objective11 camera1 colour)
4.276: (take_image rover0 waypoint19 objective8 camera1 high_res)
4.276: (take_image rover0 waypoint19 objective8 camera1 colour)
4.276: (take_image rover0 waypoint19 objective2 camera1 high_res)
4.276: (take_image rover0 waypoint19 objective3 camera1 colour)
4.276: (take_image rover0 waypoint19 objective2 camera1 colour)
4.276: (take_image rover0 waypoint19 objective3 camera6 colour)
4.276: (take_image rover0 waypoint19 objective2 camera6 colour)
4.276: (take_image rover0 waypoint19 objective8 camera6 colour)
4.276: (take_image rover0 waypoint19 objective11 camera6 colour)
4.276: (take_image rover0 waypoint19 objective8 camera7 low_res)
4.276: (calibrate rover0 camera6 objective3 waypoint19)
4.276: (take_image rover0 waypoint19 objective11 camera7 low_res)
4.276: (take_image rover0 waypoint19 objective8 camera7 high_res)
4.277: (take_image rover0 waypoint19 objective11 camera7 low_res)
4.277: (take_image rover0 waypoint19 objective3 camera1 high_res)
4.272: (calibrate rover0 camera7 objective2 waypoint19)
4.272: (calibrate rover0 camera7 objective2 waypoint19)
4.272: (calibrate rover0 camera7 objective2 waypoint19)
4.273: (calibrate rover0 camera7 objective2 waypoint19)
4.273: (calibrate rover0 camera7 objective2 waypoint19)
4.281: (take_image rover0 waypoint19 objective11 camera6 colour)
4.281: (take_image rover0 waypoint19 objective8 camera6 colour)
4.281: (take_image rover0 waypoint19 objective3 camera6 colour)
4.281: (take_image rover0 waypoint19 objective2 camera6 colour)
4.282: (take_image rover0 waypoint19 objective3 camera6 colour)
4.282: (take_image rover0 waypoint19 objective11 camera6 colour)
4.282: (take_image rover0 waypoint19 objective8 camera6 colour)
4.282: (take_image rover0 waypoint19 objective2 camera6 colour)
4.282: (take_image rover0 waypoint19 objective2 camera6 colour)
4.282: (take_image rover0 waypoint19 objective3 camera6 colour)
4.282: (take_image rover0 waypoint19 objective8 camera7 low_res)
4.282: (take_image rover0 waypoint19 objective11 camera6 colour)
4.282: (take_image rover0 waypoint19 objective8 camera6 colour)
4.282: (take_image rover0 waypoint19 objective11 camera7 low_res)
4.286: (take_image rover0 waypoint19 objective2 camera1 colour)
4.276: (take_image rover0 waypoint19 objective3 camera7 high_res)
4.278: (take_image rover0 waypoint19 objective8 camera7 low_res)
4.278: (take_image rover0 waypoint19 objective8 camera7 low_res)
4.278: (take_image rover0 waypoint19 objective11 camera7 low_res)
4.278: (take_image rover0 waypoint19 objective11 camera7 high_res)
4.278: (take_image rover0 waypoint19 objective3 camera1 low_res)
4.278: (take_image rover0 waypoint19 objective11 camera1 low_res)
4.278: (take_image rover0 waypoint19 objective8 camera1 low_res)
4.278: (take_image rover0 waypoint19 objective11 camera1 colour)
4.278: (take_image rover0 waypoint19 objective8 camera1 colour)
4.278: (take_image rover0 waypoint19 objective2 camera1 high_res)
4.278: (take_image rover0 waypoint19 objective2 camera1 low_res)
4.278: (take_image rover0 waypoint19 objective8 camera1 high_res)
4.278: (take_image rover0 waypoint19 objective3 camera1 high_res)
4.278: (take_image rover0 waypoint19 objective3 camera1 colour)
4.279: (take_image rover0 waypoint19 objective2 camera1 colour)
4.279: (take_image rover0 waypoint19 objective2 camera1 high_res)
4.279: (take_image rover0 waypoint19 objective2 camera1 colour)
4.279: (take_image rover0 waypoint19 objective8 camera1 colour)
4.279: (take_image rover0 waypoint19 objective3 camera1 colour)
4.272: (calibrate rover0 camera7 objective2 waypoint19)
4.273: (calibrate rover0 camera1 objective8 waypoint19)
4.273: (calibrate rover0 camera7 objective2 waypoint19)
4.274: (calibrate rover0 camera7 objective2 waypoint19)
4.281: (take_image rover0 waypoint19 objective2 camera6 colour)
4.281: (take_image rover0 waypoint19 objective3 camera6 colour)
4.281: (take_image rover0 waypoint19 objective11 camera6 colour)
4.281: (take_image rover0 waypoint19 objective8 camera6 colour)
4.283: (take_image rover0 waypoint19 objective8 camera6 colour)
4.283: (take_image rover0 waypoint19 objective3 camera6 colour)
4.283: (take_image rover0 waypoint19 objective2 camera6 colour)
4.283: (take_image rover0 waypoint19 objective11 camera6 colour)
4.283: (take_image rover0 waypoint19 objective8 camera6 colour)
4.283: (take_image rover0 waypoint19 objective11 camera6 colour)
4.283: (take_image rover0 waypoint19 objective2 camera6 colour)
4.283: (take_image rover0 waypoint19 objective3 camera6 colour)
4.289: (take_image rover0 waypoint19 objective11 camera6 colour)
4.290: (take_image rover0 waypoint19 objective3 camera6 colour)
4.290: (take_image rover0 waypoint19 objective8 camera6 colour)
4.290: (take_image rover0 waypoint19 objective2 camera6 colour)
4.278: (calibrate rover0 camera1 objective8 waypoint19)
4.279: (take_image rover0 waypoint19 objective2 camera6 colour)
4.279: (take_image rover0 waypoint19 objective3 camera6 colour)
4.279: (take_image rover0 waypoint19 objective8 camera6 colour)
4.279: (take_image rover0 waypoint19 objective11 camera6 colour)
4.279: (calibrate rover0 camera1 objective8 waypoint19)
4.280: (calibrate rover0 camera7 objective2 waypoint19)
4.280: (take_image rover0 waypoint19 objective11 camera1 colour)
4.280: (take_image rover0 waypoint19 objective8 camera1 colour)
4.280: (take_image rover0 waypoint19 objective2 camera1 colour)
4.280: (take_image rover0 waypoint19 objective3 camera1 colour)
4.280: (take_image rover0 waypoint19 objective2 camera1 high_res)
4.280: (take_image rover0 waypoint19 objective3 camera1 high_res)
4.280: (take_image rover0 waypoint19 objective11 camera1 high_res)
4.280: (take_image rover0 waypoint19 objective8 camera1 high_res)
4.280: (take_image rover0 waypoint19 objective8 camera1 low_res)
4.280: (take_image rover0 waypoint19 objective11 camera1 low_res)
4.280: (take_image rover0 waypoint19 objective11 camera1 colour)
4.280: (take_image rover0 waypoint19 objective2 camera1 high_res)
4.280: (take_image rover0 waypoint19 objective3 camera1 high_res)
4.289: (take_image rover0 waypoint19 objective3 camera1 high_res)
4.291: (take_image rover0 waypoint19 objective11 camera1 low_res)
4.291: (take_image rover0 waypoint19 objective2 camera6 colour)
4.291: (take_image rover0 waypoint19 objective3 camera6 colour)
4.291: (take_image rover0 waypoint19 objective11 camera6 colour)
4.291: (take_image rover0 waypoint19 objective8 camera6 colour)
4.291: (take_image rover0 waypoint19 objective11 camera1 high_res)
4.291: (take_image rover0 waypoint19 objective2 camera6 colour)
4.291: (take_image rover0 waypoint19 objective3 camera6 colour)
4.291: (take_image rover0 waypoint19 objective11 camera6 colour)
4.291: (take_image rover0 waypoint19 objective8 camera6 colour)
4.292: (take_image rover0 waypoint19 objective3 camera7 high_res)
4.292: (take_image rover0 waypoint19 objective8 camera7 high_res)
4.292: (take_image rover0 waypoint19 objective11 camera7 low_res)
4.292: (take_image rover0 waypoint19 objective11 camera7 high_res)
4.292: (take_image rover0 waypoint19 objective3 camera7 low_res)
4.292: (take_image rover0 waypoint19 objective2 camera7 low_res)
4.292: (take_image rover0 waypoint19 objective8 camera7 high_res)
4.292: (take_image rover0 waypoint19 objective8 camera7 low_res)
4.292: (take_image rover0 waypoint19 objective3 camera7 high_res)
4.279: (calibrate rover0 camera6 objective3 waypoint19)
4.279: (calibrate rover0 camera1 objective8 waypoint19)
4.280: (calibrate rover0 camera1 objective8 waypoint19)
4.281: (calibrate rover0 camera1 objective8 waypoint19)
4.292: (take_image rover0 waypoint19 objective3 camera7 high_res)
4.292: (take_image rover0 waypoint19 objective2 camera7 high_res)
4.292: (take_image rover0 waypoint19 objective8 camera7 high_res)
4.292: (take_image rover0 waypoint19 objective11 camera7 high_res)
4.292: (take_image rover0 waypoint19 objective8 camera7 low_res)
4.292: (take_image rover0 waypoint19 objective3 camera7 low_res)
4.292: (take_image rover0 waypoint19 objective2 camera7 low_res)
4.293: (take_image rover0 waypoint19 objective11 camera6 colour)
4.293: (take_image rover0 waypoint19 objective8 camera6 colour)
4.293: (take_image rover0 waypoint19 objective3 camera6 colour)
4.293: (take_image rover0 waypoint19 objective2 camera6 colour)
4.293: (take_image rover0 waypoint19 objective11 camera7 low_res)
4.293: (take_image rover0 waypoint19 objective11 camera6 colour)
4.293: (take_image rover0 waypoint19 objective2 camera6 colour)
4.293: (take_image rover0 waypoint19 objective8 camera6 colour)
4.293: (take_image rover0 waypoint19 objective3 camera6 colour)
4.290: (take_image rover0 waypoint19 objective8 camera7 low_res)
4.290: (take_image rover0 waypoint19 objective2 camera7 high_res)
4.290: (take_image rover0 waypoint19 objective2 camera7 low_res)
4.290: (take_image rover0 waypoint19 objective11 camera7 high_res)
4.290: (take_image rover0 waypoint19 objective8 camera7 high_res)
4.290: (take_image rover0 waypoint19 objective3 camera7 low_res)
4.290: (calibrate rover0 camera6 objective3 waypoint19)
4.290: (take_image rover0 waypoint19 objective3 camera7 high_res)
4.561: (navigate rover0 waypoint19 waypoint8)
4.564: (navigate rover0 waypoint19 waypoint8)
4.564: (navigate rover0 waypoint19 waypoint8)
4.564: (navigate rover0 waypoint19 waypoint8)
4.578: (navigate rover0 waypoint19 waypoint8)
4.580: (navigate rover0 waypoint19 waypoint8)
4.580: (navigate rover0 waypoint19 waypoint8)
5.360: (sample_soil rover0 rover0store waypoint19)
5.361: (sample_soil rover0 rover0store waypoint19)
5.361: (sample_soil rover0 rover0store waypoint19)
5.361: (sample_soil rover0 rover0store waypoint19)
5.370: (sample_soil rover0 rover0store waypoint19)
4.302: (drop rover0 rover0store)
4.302: (drop rover0 rover0store)
4.303: (drop rover0 rover0store)
4.303: (drop rover0 rover0store)
4.309: (drop rover0 rover0store)
4.460: (navigate rover0 waypoint8 waypoint0)
4.463: (navigate rover0 waypoint8 waypoint0)
4.463: (navigate rover0 waypoint8 waypoint0)
4.466: (navigate rover0 waypoint8 waypoint0)
4.476: (navigate rover0 waypoint8 waypoint0)
4.480: (navigate rover0 waypoint8 waypoint0)
4.480: (navigate rover0 waypoint8 waypoint0)
4.554: (calibrate rover0 camera10 objective13 waypoint8)
4.556: (calibrate rover0 camera10 objective13 waypoint8)
4.556: (calibrate rover0 camera10 objective13 waypoint8)
4.556: (calibrate rover0 camera6 objective3 waypoint8)
4.556: (calibrate rover0 camera10 objective13 waypoint8)
4.557: (calibrate rover0 camera10 objective13 waypoint8)
4.559: (calibrate rover0 camera6 objective3 waypoint8)
4.559: (take_image rover0 waypoint8 objective2 camera7 high_res)
4.261: (navigate rover0 waypoint8 waypoint19)
4.263: (navigate rover0 waypoint8 waypoint19)
4.266: (navigate rover0 waypoint8 waypoint19)
4.266: (navigate rover0 waypoint8 waypoint19)
4.272: (navigate rover0 waypoint8 waypoint19)
4.295: (calibrate rover0 camera1 objective8 waypoint19)
4.295: (calibrate rover0 camera6 objective3 waypoint19)
4.296: (calibrate rover0 camera6 objective3 waypoint19)
4.296: (calibrate rover0 camera6 objective3 waypoint19)
4.303: (take_image rover0 waypoint19 objective11 camera7 high_res)
4.303: (take_image rover0 waypoint19 objective8 camera7 low_res)
4.303: (take_image rover0 waypoint19 objective2 camera7 low_res)
4.303: (take_image rover0 waypoint19 objective3 camera7 low_res)
4.303: (take_image rover0 waypoint19 objective2 camera7 high_res)
4.303: (take_image rover0 waypoint19 objective3 camera7 high_res)
4.303: (take_image rover0 waypoint19 objective8 camera7 high_res)
4.304: (calibrate rover0 camera1 objective8 waypoint19)
4.304: (take_image rover0 waypoint19 objective2 camera7 high_res)
4.304: (take_image rover0 waypoint19 objective11 camera7 low_res)
4.304: (take_image rover0 waypoint19 objective8 camera7 high_res)
4.259: (calibrate rover0 camera1 objective8 waypoint19)
4.259: (calibrate rover0 camera6 objective3 waypoint19)
4.260: (calibrate rover0 camera6 objective3 waypoint19)
4.261: (calibrate rover0 camera6 objective3 waypoint19)
4.268: (take_image rover0 waypoint19 objective2 camera7 low_res)
4.268: (take_image rover0 waypoint19 objective3 camera7 low_res)
4.268: (take_image rover0 waypoint19 objective11 camera7 high_res)
4.268: (take_image rover0 waypoint19 objective8 camera7 high_res)
4.268: (take_image rover0 waypoint19 objective3 camera7 high_res)
4.268: (take_image rover0 waypoint19 objective8 camera7 low_res)
4.268: (take_image rover0 waypoint19 objective2 camera7 high_res)
4.269: (calibrate rover0 camera1 objective8 waypoint19)
4.269: (take_image rover0 waypoint19 objective11 camera7 high_res)
4.269: (take_image rover0 waypoint19 objective2 camera7 low_res)
4.269: (take_image rover0 waypoint19 objective8 camera7 low_res)
4.269: (take_image rover0 waypoint19 objective3 camera7 low_res)
4.269: (take_image rover0 waypoint19 objective11 camera7 low_res)
4.269: (take_image rover0 waypoint19 objective11 camera7 low_res)
4.269: (take_image rover0 waypoint19 objective8 camera7 low_res)
4.269: (take_image rover0 waypoint19 objective3 camera7 high_res)
4.263: (take_image rover0 waypoint19 objective2 camera7 high_res)
4.263: (calibrate rover0 camera6 objective3 waypoint19)
4.263: (take_image rover0 waypoint19 objective8 camera7 high_res)
4.263: (take_image rover0 waypoint19 objective3 camera7 high_res)
4.263: (take_image rover0 waypoint19 objective11 camera7 high_res)
4.263: (take_image rover0 waypoint19 objective2 camera7 low_res)
4.263: (take_image rover0 waypoint19 objective3 camera7 low_res)
4.263: (take_image rover0 waypoint19 objective8 camera7 low_res)
4.264: (take_image rover0 waypoint19 objective11 camera7 low_res)
4.264: (take_image rover0 waypoint19 objective2 camera7 high_res)
4.264: (calibrate rover0 camera6 objective3 waypoint19)
4.264: (take_image rover0 waypoint19 objective3 camera7 low_res)
4.264: (take_image rover0 waypoint19 objective8 camera7 low_res)
4.264: (take_image rover0 waypoint19 objective3 camera7 high_res)
4.264: (take_image rover0 waypoint19 objective8 camera7 high_res)
4.264: (take_image rover0 waypoint19 objective11 camera7 high_res)
4.264: (take_image rover0 waypoint19 objective2 camera7 low_res)
4.265: (calibrate rover0 camera6 objective3 waypoint19)
4.265: (take_image rover0 waypoint19 objective3 camera7 high_res)
4.265: (take_image rover0 waypoint19 objective2 camera7 high_res)
4.270: (take_image rover0 waypoint19 objective8 camera1 low_res)
4.270: (take_image rover0 waypoint19 objective3 camera1 low_res)
4.270: (take_image rover0 waypoint19 objective2 camera1 low_res)
4.270: (take_image rover0 waypoint19 objective3 camera1 colour)
4.270: (take_image rover0 waypoint19 objective2 camera1 colour)
4.270: (take_image rover0 waypoint19 objective3 camera1 high_res)
4.270: (take_image rover0 waypoint19 objective8 camera1 high_res)
4.270: (take_image rover0 waypoint19 objective2 camera1 high_res)
4.270: (take_image rover0 waypoint19 objective8 camera1 colour)
4.270: (take_image rover0 waypoint19 objective11 camera1 colour)
4.270: (take_image rover0 waypoint19 objective11 camera1 high_res)
4.271: (take_image rover0 waypoint19 objective11 camera1 low_res)
4.271: (take_image rover0 waypoint19 objective3 camera1 colour)
4.271: (take_image rover0 waypoint19 objective8 camera1 colour)
4.271: (take_image rover0 waypoint19 objective2 camera1 colour)
4.271: (take_image rover0 waypoint19 objective2 camera1 high_res)
4.271: (take_image rover0 waypoint19 objective11 camera1 colour)
4.272: (take_image rover0 waypoint19 objective3 camera1 high_res)
4.272: (take_image rover0 waypoint19 objective3 camera1 high_res)
4.272: (take_image rover0 waypoint19 objective8 camera1 high_res)
4.266: (calibrate rover0 camera7 objective2 waypoint19)
4.277: (take_image rover0 waypoint19 objective2 camera6 colour)
4.277: (take_image rover0 waypoint19 objective3 camera6 colour)
4.277: (take_image rover0 waypoint19 objective8 camera6 colour)
4.277: (take_image rover0 waypoint19 objective11 camera6 colour)
4.552: (navigate rover0 waypoint19 waypoint8)
4.556: (navigate rover0 waypoint19 waypoint8)
5.352: (sample_soil rover0 rover0store waypoint19)
5.354: (sample_soil rover0 rover0store waypoint19)
inf: (take_image rover0 waypoint19 objective11 camera10 colour)
inf: (take_image rover0 waypoint19 objective2 camera6 colour)
inf: (calibrate rover0 camera1 objective8 waypoint19)
inf: (calibrate rover0 camera6 objective3 waypoint19)
inf: (calibrate rover0 camera7 objective2 waypoint19)
inf: (take_image rover0 waypoint19 objective2 camera10 colour)
inf: (take_image rover0 waypoint19 objective3 camera10 colour)
inf: (take_image rover0 waypoint19 objective8 camera10 colour)
inf: (calibrate rover0 camera1 objective8 waypoint19)
inf: (take_image rover0 waypoint19 objective2 camera10 high_res)
inf: (take_image rover0 waypoint19 objective3 camera10 high_res)
4.274: (take_image rover0 waypoint19 objective3 camera6 colour)
4.274: (take_image rover0 waypoint19 objective2 camera6 colour)
4.274: (take_image rover0 waypoint19 objective8 camera6 colour)
4.274: (take_image rover0 waypoint19 objective11 camera6 colour)
4.274: (calibrate rover0 camera7 objective2 waypoint19)
4.292: (drop rover0 rover0store)
4.294: (drop rover0 rover0store)
4.456: (navigate rover0 waypoint8 waypoint0)
4.459: (navigate rover0 waypoint8 waypoint0)
4.557: (take_image rover0 waypoint8 objective13 camera6 colour)
4.559: (calibrate rover0 camera7 objective2 waypoint8)
4.559: (navigate rover0 waypoint19 waypoint8)
4.559: (take_image rover0 waypoint8 objective13 camera6 colour)
4.560: (navigate rover0 waypoint19 waypoint8)
4.560: (take_image rover0 waypoint8 objective2 camera6 colour)
4.560: (take_image rover0 waypoint8 objective3 camera6 colour)
4.560: (take_image rover0 waypoint8 objective11 camera6 colour)
4.561: (calibrate rover0 camera13 objective13 waypoint8)
4.563: (calibrate rover0 camera13 objective13 waypoint8)
4.570: (take_image rover0 waypoint8 objective2 camera10 high_res)
4.258: (navigate rover0 waypoint8 waypoint19)
4.259: (navigate rover0 waypoint8 waypoint19)
4.265: (navigate rover0 waypoint8 waypoint19)
4.266: (navigate rover0 waypoint8 waypoint19)
4.286: (calibrate rover0 camera1 objective8 waypoint19)
4.287: (calibrate rover0 camera1 objective8 waypoint19)
4.287: (calibrate rover0 camera7 objective2 waypoint19)
4.289: (calibrate rover0 camera7 objective2 waypoint19)
4.297: (take_image rover0 waypoint19 objective3 camera6 colour)
4.297: (take_image rover0 waypoint19 objective11 camera6 colour)
4.297: (take_image rover0 waypoint19 objective8 camera6 colour)
4.298: (take_image rover0 waypoint19 objective2 camera6 colour)
4.299: (take_image rover0 waypoint19 objective8 camera6 colour)
4.299: (take_image rover0 waypoint19 objective3 camera6 colour)
4.299: (take_image rover0 waypoint19 objective2 camera6 colour)
4.299: (take_image rover0 waypoint19 objective11 camera6 colour)
4.312: (take_image rover0 waypoint19 objective11 camera10 high_res)
4.312: (take_image rover0 waypoint19 objective8 camera10 high_res)
4.312: (take_image rover0 waypoint19 objective11 camera10 colour)
4.312: (take_image rover0 waypoint19 objective2 camera10 high_res)
4.251: (calibrate rover0 camera1 objective8 waypoint19)
4.252: (calibrate rover0 camera1 objective8 waypoint19)
4.253: (calibrate rover0 camera6 objective3 waypoint19)
4.255: (calibrate rover0 camera6 objective3 waypoint19)
4.255: (calibrate rover0 camera7 objective2 waypoint19)
4.257: (calibrate rover0 camera7 objective2 waypoint19)
4.260: (calibrate rover0 camera1 objective8 waypoint19)
4.261: (calibrate rover0 camera7 objective2 waypoint19)
4.261: (calibrate rover0 camera1 objective8 waypoint19)
4.262: (calibrate rover0 camera7 objective2 waypoint19)
4.272: (take_image rover0 waypoint19 objective2 camera6 colour)
4.272: (take_image rover0 waypoint19 objective11 camera6 colour)
4.272: (take_image rover0 waypoint19 objective3 camera6 colour)
4.272: (take_image rover0 waypoint19 objective8 camera6 colour)
4.274: (take_image rover0 waypoint19 objective11 camera6 colour)
4.274: (take_image rover0 waypoint19 objective3 camera6 colour)
4.274: (take_image rover0 waypoint19 objective2 camera6 colour)
4.274: (take_image rover0 waypoint19 objective8 camera6 colour)
4.275: (take_image rover0 waypoint19 objective8 camera10 low_res)
4.275: (take_image rover0 waypoint19 objective11 camera10 high_res)
4.246: (calibrate rover0 camera6 objective3 waypoint19)
4.247: (calibrate rover0 camera1 objective8 waypoint19)
4.247: (calibrate rover0 camera7 objective2 waypoint19)
4.248: (calibrate rover0 camera6 objective3 waypoint19)
4.248: (calibrate rover0 camera6 objective3 waypoint19)
4.248: (calibrate rover0 camera1 objective8 waypoint19)
4.249: (calibrate rover0 camera7 objective2 waypoint19)
4.249: (calibrate rover0 camera7 objective2 waypoint19)
4.249: (calibrate rover0 camera1 objective8 waypoint19)
4.250: (calibrate rover0 camera6 objective3 waypoint19)
4.250: (calibrate rover0 camera1 objective8 waypoint19)
4.250: (calibrate rover0 camera7 objective2 waypoint19)
4.255: (calibrate rover0 camera1 objective8 waypoint19)
4.256: (calibrate rover0 camera7 objective2 waypoint19)
4.256: (calibrate rover0 camera7 objective2 waypoint19)
4.256: (calibrate rover0 camera1 objective8 waypoint19)
4.264: (calibrate rover0 camera1 objective8 waypoint19)
4.265: (take_image rover0 waypoint19 objective2 camera10 colour)
4.265: (take_image rover0 waypoint19 objective2 camera10 high_res)
4.265: (take_image rover0 waypoint19 objective3 camera10 colour)
4.242: (calibrate rover0 camera1 objective8 waypoint19)
4.242: (calibrate rover0 camera7 objective2 waypoint19)
4.243: (calibrate rover0 camera6 objective3 waypoint19)
4.243: (calibrate rover0 camera7 objective2 waypoint19)
4.243: (calibrate rover0 camera1 objective8 waypoint19)
4.244: (calibrate rover0 camera6 objective3 waypoint19)
4.260: (take_image rover0 waypoint19 objective11 camera10 high_res)
4.260: (take_image rover0 waypoint19 objective3 camera10 high_res)
4.260: (take_image rover0 waypoint19 objective8 camera10 high_res)
4.260: (take_image rover0 waypoint19 objective2 camera10 colour)
4.260: (take_image rover0 waypoint19 objective2 camera10 low_res)
4.260: (take_image rover0 waypoint19 objective3 camera10 colour)
4.260: (take_image rover0 waypoint19 objective11 camera10 colour)
4.260: (take_image rover0 waypoint19 objective8 camera10 low_res)
4.260: (take_image rover0 waypoint19 objective8 camera10 colour)
4.260: (take_image rover0 waypoint19 objective2 camera10 high_res)
4.260: (take_image rover0 waypoint19 objective3 camera10 low_res)
4.261: (calibrate rover0 camera6 objective3 waypoint19)
4.261: (calibrate rover0 camera7 objective2 waypoint19)
4.261: (take_image rover0 waypoint19 objective11 camera10 low_res)
4.255: (take_image rover0 waypoint19 objective3 camera10 high_res)
4.255: (take_image rover0 waypoint19 objective8 camera10 colour)
4.255: (take_image rover0 waypoint19 objective8 camera10 low_res)
4.255: (take_image rover0 waypoint19 objective8 camera10 high_res)
4.255: (take_image rover0 waypoint19 objective11 camera10 high_res)
4.255: (take_image rover0 waypoint19 objective2 camera10 low_res)
4.255: (take_image rover0 waypoint19 objective3 camera10 low_res)
4.255: (take_image rover0 waypoint19 objective11 camera10 colour)
4.255: (take_image rover0 waypoint19 objective2 camera10 high_res)
4.255: (take_image rover0 waypoint19 objective3 camera10 colour)
4.255: (take_image rover0 waypoint19 objective2 camera10 colour)
4.255: (calibrate rover0 camera7 objective2 waypoint19)
4.256: (calibrate rover0 camera7 objective2 waypoint19)
4.256: (take_image rover0 waypoint19 objective3 camera10 high_res)
4.256: (take_image rover0 waypoint19 objective2 camera10 high_res)
4.256: (take_image rover0 waypoint19 objective11 camera10 colour)
4.256: (take_image rover0 waypoint19 objective3 camera10 low_res)
4.256: (take_image rover0 waypoint19 objective11 camera10 low_res)
4.256: (take_image rover0 waypoint19 objective8 camera10 high_res)
4.256: (take_image rover0 waypoint19 objective8 camera10 low_res)
4.261: (take_image rover0 waypoint19 objective3 camera1 colour)
4.261: (take_image rover0 waypoint19 objective8 camera1 colour)
4.261: (take_image rover0 waypoint19 objective3 camera1 high_res)
4.261: (take_image rover0 waypoint19 objective2 camera1 high_res)
4.261: (take_image rover0 waypoint19 objective2 camera1 colour)
4.261: (take_image rover0 waypoint19 objective11 camera1 colour)
4.261: (take_image rover0 waypoint19 objective8 camera1 high_res)
4.261: (take_image rover0 waypoint19 objective11 camera1 high_res)
4.261: (take_image rover0 waypoint19 objective3 camera1 low_res)
4.261: (take_image rover0 waypoint19 objective8 camera1 low_res)
4.261: (take_image rover0 waypoint19 objective2 camera1 low_res)
4.263: (take_image rover0 waypoint19 objective11 camera1 low_res)
4.263: (take_image rover0 waypoint19 objective8 camera6 colour)
4.263: (take_image rover0 waypoint19 objective11 camera1 colour)
4.263: (take_image rover0 waypoint19 objective3 camera1 colour)
4.263: (take_image rover0 waypoint19 objective2 camera1 high_res)
4.263: (take_image rover0 waypoint19 objective8 camera1 high_res)
4.263: (take_image rover0 waypoint19 objective3 camera1 high_res)
4.263: (take_image rover0 waypoint19 objective8 camera1 colour)
4.263: (take_image rover0 waypoint19 objective2 camera6 colour)
4.266: (take_image rover0 waypoint19 objective8 camera7 low_res)
4.266: (take_image rover0 waypoint19 objective11 camera7 low_res)
4.266: (take_image rover0 waypoint19 objective3 camera7 low_res)
4.266: (take_image rover0 waypoint19 objective2 camera7 low_res)
4.266: (take_image rover0 waypoint19 objective8 camera7 high_res)
4.266: (take_image rover0 waypoint19 objective11 camera7 high_res)
4.266: (take_image rover0 waypoint19 objective3 camera7 high_res)
4.266: (take_image rover0 waypoint19 objective2 camera7 high_res)
4.272: (take_image rover0 waypoint19 objective11 camera6 colour)
4.272: (take_image rover0 waypoint19 objective3 camera6 colour)
4.272: (take_image rover0 waypoint19 objective8 camera6 colour)
4.272: (take_image rover0 waypoint19 objective2 camera6 colour)
4.274: (take_image rover0 waypoint19 objective2 camera1 high_res)
4.274: (take_image rover0 waypoint19 objective8 camera1 high_res)
4.274: (take_image rover0 waypoint19 objective3 camera1 high_res)
4.274: (take_image rover0 waypoint19 objective11 camera1 high_res)
4.274: (take_image rover0 waypoint19 objective2 camera1 low_res)
4.274: (take_image rover0 waypoint19 objective11 camera1 low_res)
4.274: (take_image rover0 waypoint19 objective3 camera1 low_res)
4.274: (take_image rover0 waypoint19 objective8 camera1 low_res)
4.277: (take_image rover0 waypoint19 objective11 camera7 low_res)
4.277: (take_image rover0 waypoint19 objective8 camera1 colour)
4.277: (take_image rover0 waypoint19 objective11 camera1 high_res)
4.277: (take_image rover0 waypoint19 objective11 camera1 colour)
4.277: (take_image rover0 waypoint19 objective2 camera1 low_res)
4.277: (take_image rover0 waypoint19 objective3 camera1 high_res)
4.277: (take_image rover0 waypoint19 objective2 camera1 high_res)
4.277: (take_image rover0 waypoint19 objective8 camera1 high_res)
4.277: (take_image rover0 waypoint19 objective2 camera1 colour)
4.277: (take_image rover0 waypoint19 objective3 camera1 colour)
4.277: (take_image rover0 waypoint19 objective3 camera7 low_res)
4.277: (take_image rover0 waypoint19 objective11 camera7 low_res)
4.277: (take_image rover0 waypoint19 objective8 camera7 low_res)
4.277: (take_image rover0 waypoint19 objective2 camera7 low_res)
4.277: (take_image rover0 waypoint19 objective11 camera7 high_res)
4.277: (take_image rover0 waypoint19 objective2 camera7 high_res)
4.277: (take_image rover0 waypoint19 objective8 camera7 high_res)
4.277: (take_image rover0 waypoint19 objective3 camera7 high_res)
4.277: (take_image rover0 waypoint19 objective11 camera1 low_res)
4.277: (take_image rover0 waypoint19 objective8 camera1 low_res)
4.276: (calibrate rover0 camera6 objective3 waypoint19)
4.581: (navigate rover0 waypoint19 waypoint8)
5.353: (sample_soil rover0 rover0store waypoint19)
inf: (calibrate rover0 camera7 objective2 waypoint19)
inf: (calibrate rover0 camera1 objective8 waypoint19)
4.295: (drop rover0 rover0store)
4.459: (navigate rover0 waypoint8 waypoint0)
4.574: (calibrate rover0 camera13 objective13 waypoint8)
4.574: (navigate rover0 waypoint19 waypoint8)
4.574: (calibrate rover0 camera6 objective3 waypoint8)
4.576: (calibrate rover0 camera7 objective2 waypoint8)
4.879: (navigate rover0 waypoint8 waypoint3)
5.105: (navigate rover0 waypoint8 waypoint2)
5.344: (calibrate rover0 camera1 objective8 waypoint19)
5.352: (calibrate rover0 camera7 objective2 waypoint19)
5.354: (sample_soil rover0 rover0store waypoint19)
5.354: (calibrate rover0 camera6 objective3 waypoint19)
5.589: (navigate rover0 waypoint19 waypoint8)
inf: (take_image rover0 waypoint19 objective11 camera6 colour)
inf: (take_image rover0 waypoint19 objective8 camera6 colour)
inf: (take_image rover0 waypoint19 objective3 camera6 colour)
inf: (navigate rover0 waypoint8 waypoint19)
inf: (take_image rover0 waypoint19 objective2 camera6 colour)
inf: (calibrate rover0 camera1 objective8 waypoint19)
inf: (calibrate rover0 camera10 objective13 waypoint8)
4.075: (navigate rover0 waypoint2 waypoint5)
4.269: (navigate rover0 waypoint8 waypoint19)
4.287: (calibrate rover0 camera1 objective8 waypoint19)
4.288: (drop rover0 rover0store)
4.294: (drop rover0 rover0store)
4.294: (calibrate rover0 camera7 objective2 waypoint19)
4.297: (calibrate rover0 camera6 objective3 waypoint19)
4.297: (drop rover0 rover0store)
4.443: (calibrate rover0 camera1 objective8 waypoint0)
4.447: (calibrate rover0 camera14 objective12 waypoint0)
4.450: (navigate rover0 waypoint8 waypoint0)
4.455: (calibrate rover0 camera7 objective2 waypoint0)
4.455: (navigate rover0 waypoint8 waypoint0)
4.457: (calibrate rover0 camera6 objective3 waypoint0)
4.457: (navigate rover0 waypoint8 waypoint0)
4.557: (calibrate rover0 camera10 objective13 waypoint8)
4.565: (calibrate rover0 camera10 objective13 waypoint8)
4.567: (calibrate rover0 camera13 objective13 waypoint8)
4.567: (calibrate rover0 camera6 objective3 waypoint8)
4.568: (calibrate rover0 camera6 objective3 waypoint8)
3.594: (navigate rover0 waypoint5 waypoint15)
4.074: (calibrate rover0 camera8 objective9 waypoint5)
4.088: (calibrate rover0 camera6 objective3 waypoint5)
4.257: (calibrate rover0 camera1 objective8 waypoint19)
4.261: (navigate rover0 waypoint8 waypoint19)
4.261: (calibrate rover0 camera6 objective3 waypoint19)
4.265: (calibrate rover0 camera7 objective2 waypoint19)
4.282: (calibrate rover0 camera1 objective8 waypoint19)
4.282: (calibrate rover0 camera6 objective3 waypoint19)
4.284: (calibrate rover0 camera1 objective8 waypoint19)
4.284: (calibrate rover0 camera7 objective2 waypoint19)
4.284: (calibrate rover0 camera6 objective3 waypoint19)
4.284: (calibrate rover0 camera7 objective2 waypoint19)
4.435: (calibrate rover0 camera14 objective12 waypoint0)
4.436: (calibrate rover0 camera1 objective8 waypoint0)
4.436: (calibrate rover0 camera1 objective8 waypoint0)
4.439: (navigate rover0 waypoint8 waypoint0)
4.440: (calibrate rover0 camera14 objective12 waypoint0)
4.441: (calibrate rover0 camera7 objective2 waypoint0)
4.441: (calibrate rover0 camera6 objective3 waypoint0)
2.962: (sample_soil rover0 rover0store waypoint15)
3.570: (navigate rover0 waypoint5 waypoint15)
3.570: (calibrate rover0 camera8 objective9 waypoint15)
3.577: (calibrate rover0 camera12 objective7 waypoint15)
3.584: (calibrate rover0 camera5 objective10 waypoint15)
3.592: (calibrate rover0 camera11 objective7 waypoint15)
3.592: (navigate rover0 waypoint5 waypoint15)
3.995: (navigate rover0 waypoint15 waypoint1)
4.061: (calibrate rover0 camera8 objective9 waypoint5)
4.061: (calibrate rover0 camera6 objective3 waypoint5)
4.076: (take_image rover0 waypoint5 objective9 camera8 colour)
4.076: (take_image rover0 waypoint5 objective9 camera6 colour)
4.079: (take_image rover0 waypoint5 objective9 camera8 high_res)
4.253: (calibrate rover0 camera1 objective8 waypoint19)
4.253: (calibrate rover0 camera6 objective3 waypoint19)
4.254: (calibrate rover0 camera6 objective3 waypoint19)
4.255: (calibrate rover0 camera7 objective2 waypoint19)
4.255: (calibrate rover0 camera7 objective2 waypoint19)
4.255: (calibrate rover0 camera1 objective8 waypoint19)
4.276: (calibrate rover0 camera1 objective8 waypoint19)
2.807: (drop rover0 rover0store)
2.845: (navigate rover0 waypoint15 waypoint1)
2.885: (navigate rover0 waypoint15 waypoint5)
2.935: (calibrate rover0 camera8 objective9 waypoint15)
2.935: (sample_soil rover0 rover0store waypoint15)
2.938: (calibrate rover0 camera12 objective7 waypoint15)
2.938: (sample_soil rover0 rover0store waypoint15)
2.947: (calibrate rover0 camera5 objective10 waypoint15)
2.947: (sample_soil rover0 rover0store waypoint15)
2.952: (sample_soil rover0 rover0store waypoint15)
2.953: (calibrate rover0 camera11 objective7 waypoint15)
2.957: (sample_soil rover0 rover0store waypoint15)
3.553: (calibrate rover0 camera12 objective7 waypoint15)
3.554: (calibrate rover0 camera8 objective9 waypoint15)
3.556: (calibrate rover0 camera8 objective9 waypoint15)
3.556: (calibrate rover0 camera5 objective10 waypoint15)
3.562: (calibrate rover0 camera11 objective7 waypoint15)
3.562: (calibrate rover0 camera8 objective9 waypoint15)
3.564: (calibrate rover0 camera8 objective9 waypoint15)
3.564: (navigate rover0 waypoint5 waypoint15)
2.689: (navigate rover0 waypoint15 waypoint1)
2.689: (drop rover0 rover0store)
2.770: (navigate rover0 waypoint5 waypoint9)
2.774: (calibrate rover0 camera8 objective9 waypoint15)
2.774: (drop rover0 rover0store)
2.777: (calibrate rover0 camera12 objective7 waypoint15)
2.777: (drop rover0 rover0store)
2.782: (drop rover0 rover0store)
2.782: (navigate rover0 waypoint15 waypoint5)
2.785: (calibrate rover0 camera5 objective10 waypoint15)
2.785: (drop rover0 rover0store)
2.790: (calibrate rover0 camera11 objective7 waypoint15)
2.791: (drop rover0 rover0store)
2.793: (drop rover0 rover0store)
2.824: (calibrate rover0 camera12 objective7 waypoint1)
2.824: (navigate rover0 waypoint15 waypoint1)
2.833: (navigate rover0 waypoint15 waypoint1)
2.837: (calibrate rover0 camera11 objective7 waypoint1)
2.837: (navigate rover0 waypoint15 waypoint1)
2.838: (navigate rover0 waypoint15 waypoint1)
1.737: (communicate_soil_data rover0 general waypoint0 waypoint9 waypoint16)
1.799: (communicate_soil_data rover0 general waypoint8 waypoint9 waypoint16)
1.810: (communicate_soil_data rover0 general waypoint15 waypoint9 waypoint16)
2.614: (navigate rover0 waypoint5 waypoint9)
2.614: (drop rover0 rover0store)
2.665: (navigate rover0 waypoint15 waypoint1)
2.665: (calibrate rover0 camera12 objective7 waypoint1)
2.666: (drop rover0 rover0store)
2.673: (navigate rover0 waypoint15 waypoint1)
2.673: (drop rover0 rover0store)
2.677: (drop rover0 rover0store)
2.677: (calibrate rover0 camera11 objective7 waypoint1)
2.678: (navigate rover0 waypoint15 waypoint1)
2.678: (navigate rover0 waypoint15 waypoint1)
2.678: (drop rover0 rover0store)
2.679: (navigate rover0 waypoint15 waypoint1)
2.745: (navigate rover0 waypoint15 waypoint5)
2.752: (calibrate rover0 camera8 objective9 waypoint9)
2.752: (calibrate rover0 camera8 objective9 waypoint5)
2.752: (navigate rover0 waypoint15 waypoint5)
0.792: (communicate_soil_data rover0 general waypoint0 waypoint9 waypoint16)
0.792: (communicate_soil_data rover0 general waypoint15 waypoint9 waypoint16)
0.793: (communicate_soil_data rover0 general waypoint8 waypoint9 waypoint16)
0.794: (communicate_soil_data rover0 general waypoint0 waypoint9 waypoint16)
0.853: (communicate_soil_data rover0 general waypoint8 waypoint9 waypoint16)
0.853: (communicate_soil_data rover0 general waypoint15 waypoint9 waypoint16)
1.570: (drop rover0 rover0store)
1.570: (communicate_soil_data rover0 general waypoint0 waypoint9 waypoint16)
1.650: (drop rover0 rover0store)
1.650: (communicate_soil_data rover0 general waypoint8 waypoint9 waypoint16)
1.660: (drop rover0 rover0store)
1.661: (communicate_soil_data rover0 general waypoint15 waypoint9 waypoint16)
1.717: (communicate_soil_data rover0 general waypoint0 waypoint9 waypoint16)
1.718: (calibrate rover0 camera8 objective9 waypoint9)
1.721: (calibrate rover0 camera7 objective2 waypoint9)
1.726: (communicate_image_data rover0 general objective11 low_res waypoint9 waypoint16)
1.728: (communicate_image_data rover0 general objective8 low_res waypoint9 waypoint16)
1.729: (communicate_image_data rover0 general objective2 low_res waypoint9 waypoint16)
1.729: (communicate_image_data rover0 general objective3 low_res waypoint9 waypoint16)
1.730: (communicate_image_data rover0 general objective11 high_res waypoint9 waypoint16)
-0.075: (communicate_soil_data rover0 general waypoint15 waypoint9 waypoint16)
[Final] Expanded: 770, Generated: 15500
Found a solution of length 75!
   1: (calibrate rover0 camera10 objective13 waypoint2)
   2: (navigate rover0 waypoint2 waypoint7)
   3: (take_image rover0 waypoint7 objective11 camera10 colour)
   4: (communicate_image_data rover0 general objective11 colour waypoint7 waypoint16)
   5: (navigate rover0 waypoint7 waypoint6)
   6: (sample_soil rover0 rover0store waypoint6)
   7: (drop rover0 rover0store)
   8: (calibrate rover0 camera14 objective12 waypoint6)
   9: (navigate rover0 waypoint6 waypoint7)
  10: (communicate_soil_data rover0 general waypoint6 waypoint7 waypoint16)
  11: (take_image rover0 waypoint7 objective8 camera14 colour)
  12: (communicate_image_data rover0 general objective8 colour waypoint7 waypoint16)
  13: (navigate rover0 waypoint7 waypoint2)
  14: (navigate rover0 waypoint2 waypoint8)
  15: (sample_soil rover0 rover0store waypoint8)
  16: (drop rover0 rover0store)
  17: (navigate rover0 waypoint8 waypoint0)
  18: (sample_soil rover0 rover0store waypoint0)
  19: (drop rover0 rover0store)
  20: (navigate rover0 waypoint0 waypoint8)
  21: (navigate rover0 waypoint8 waypoint19)
  22: (calibrate rover0 camera6 objective3 waypoint19)
  23: (calibrate rover0 camera1 objective8 waypoint19)
  24: (take_image rover0 waypoint19 objective2 camera6 colour)
  25: (calibrate rover0 camera6 objective3 waypoint19)
  26: (calibrate rover0 camera7 objective2 waypoint19)
  27: (take_image rover0 waypoint19 objective3 camera6 colour)
  28: (calibrate rover0 camera6 objective3 waypoint19)
  29: (take_image rover0 waypoint19 objective2 camera7 high_res)
  30: (calibrate rover0 camera7 objective2 waypoint19)
  31: (take_image rover0 waypoint19 objective11 camera6 colour)
  32: (take_image rover0 waypoint19 objective2 camera7 low_res)
  33: (calibrate rover0 camera6 objective3 waypoint19)
  34: (calibrate rover0 camera7 objective2 waypoint19)
  35: (take_image rover0 waypoint19 objective3 camera7 low_res)
  36: (calibrate rover0 camera7 objective2 waypoint19)
  37: (take_image rover0 waypoint19 objective11 camera7 high_res)
  38: (calibrate rover0 camera7 objective2 waypoint19)
  39: (take_image rover0 waypoint19 objective3 camera6 colour)
  40: (take_image rover0 waypoint19 objective8 camera7 high_res)
  41: (calibrate rover0 camera6 objective3 waypoint19)
  42: (calibrate rover0 camera7 objective2 waypoint19)
  43: (take_image rover0 waypoint19 objective8 camera7 low_res)
  44: (calibrate rover0 camera7 objective2 waypoint19)
  45: (take_image rover0 waypoint19 objective2 camera1 high_res)
  46: (take_image rover0 waypoint19 objective11 camera6 colour)
  47: (calibrate rover0 camera1 objective8 waypoint19)
  48: (take_image rover0 waypoint19 objective3 camera1 high_res)
  49: (calibrate rover0 camera6 objective3 waypoint19)
  50: (navigate rover0 waypoint19 waypoint8)
  51: (calibrate rover0 camera10 objective13 waypoint8)
  52: (navigate rover0 waypoint8 waypoint19)
  53: (calibrate rover0 camera1 objective8 waypoint19)
  54: (take_image rover0 waypoint19 objective2 camera7 high_res)
  55: (take_image rover0 waypoint19 objective8 camera1 low_res)
  56: (navigate rover0 waypoint19 waypoint8)
  57: (take_image rover0 waypoint8 objective13 camera6 colour)
  58: (navigate rover0 waypoint8 waypoint19)
  59: (calibrate rover0 camera6 objective3 waypoint19)
  60: (calibrate rover0 camera7 objective2 waypoint19)
  61: (calibrate rover0 camera1 objective8 waypoint19)
  62: (take_image rover0 waypoint19 objective3 camera10 high_res)
  63: (take_image rover0 waypoint19 objective3 camera1 colour)
  64: (take_image rover0 waypoint19 objective11 camera6 colour)
  65: (take_image rover0 waypoint19 objective11 camera7 low_res)
  66: (navigate rover0 waypoint19 waypoint8)
  67: (navigate rover0 waypoint8 waypoint2)
  68: (navigate rover0 waypoint2 waypoint5)
  69: (navigate rover0 waypoint5 waypoint15)
  70: (sample_soil rover0 rover0store waypoint15)
  71: (navigate rover0 waypoint15 waypoint5)
  72: (navigate rover0 waypoint5 waypoint9)
  73: (communicate_soil_data rover0 general waypoint0 waypoint9 waypoint16)
  74: (communicate_soil_data rover0 general waypoint8 waypoint9 waypoint16)
  75: (communicate_soil_data rover0 general waypoint15 waypoint9 waypoint16)
