/u/ibrahim.eisawy/Neural-Guided-Search/venv/lib/python3.10/site-packages/pymimir_rgnn/model.py:151: UserWarning: index_reduce() is in beta and the API may change at any time. (Triggered internally at /pytorch/aten/src/ATen/native/cuda/Indexing.cu:1541.)
  max_msg.index_reduce_(0, output_indices, output_messages, reduce='amax', include_self=True)
Torch: 2.12.0+cu130
Using GPU:  NVIDIA L40S
20.796: (grasp right shot13)
20.796: (grasp right shot11)
20.796: (grasp right shot10)
20.796: (grasp right shot6)
20.796: (grasp right shot7)
20.796: (grasp left shot7)
20.796: (grasp left shot6)
20.796: (grasp left shot1)
20.796: (grasp left shot10)
20.796: (grasp left shot11)
17.867: (fill-shot shot10 ingredient10 left right dispenser10)
17.867: (fill-shot shot11 ingredient10 left right dispenser10)
17.867: (fill-shot shot6 ingredient10 left right dispenser10)
17.867: (fill-shot shot1 ingredient10 left right dispenser10)
17.867: (fill-shot shot7 ingredient10 left right dispenser10)
17.867: (fill-shot shot11 ingredient10 right left dispenser10)
17.868: (fill-shot shot10 ingredient10 right left dispenser10)
17.868: (fill-shot shot13 ingredient10 right left dispenser10)
17.868: (fill-shot shot6 ingredient10 right left dispenser10)
17.868: (fill-shot shot7 ingredient10 right left dispenser10)
16.884: (leave left shot7)
16.884: (leave left shot6)
16.884: (leave right shot11)
16.884: (leave right shot13)
16.884: (leave left shot1)
16.884: (leave right shot6)
16.884: (leave left shot10)
16.884: (leave right shot10)
16.884: (leave left shot11)
16.884: (leave right shot7)
17.708: (grasp right shot10)
17.708: (grasp right shot7)
17.708: (grasp right shot13)
17.708: (grasp right shot11)
17.708: (grasp left shot1)
17.708: (grasp left shot11)
17.708: (grasp right shot6)
17.708: (grasp left shot10)
17.708: (grasp left shot13)
17.708: (grasp left shot11)
18.402: (fill-shot shot10 ingredient5 left right dispenser5)
18.402: (grasp right shot1)
18.402: (grasp right shot7)
18.402: (grasp right shot13)
18.402: (grasp right shot11)
18.402: (grasp left shot7)
18.402: (grasp right shot1)
18.402: (grasp right shot6)
18.402: (fill-shot shot6 ingredient5 right left dispenser5)
18.402: (grasp left shot11)
17.708: (leave right shot6)
17.708: (leave left shot10)
17.708: (leave left shot13)
17.708: (leave right shot6)
17.708: (leave left shot13)
18.096: (leave right shot6)
18.096: (leave left shot10)
18.433: (pour-shot-to-clean-shaker shot6 ingredient5 shaker1 right l0 l1)
18.433: (pour-shot-to-clean-shaker shot10 ingredient5 shaker1 left l0 l1)
19.194: (grasp left shot14)
14.620: (clean-shot shot10 ingredient5 left right)
14.621: (clean-shot shot6 ingredient5 right left)
16.871: (leave left shot10)
16.871: (leave right shot6)
18.402: (grasp right shot10)
18.402: (fill-shot shot1 ingredient5 right left dispenser5)
18.403: (fill-shot shot11 ingredient5 left right dispenser5)
18.403: (grasp left shot1)
18.403: (fill-shot shot6 ingredient5 right left dispenser5)
18.403: (grasp left shot10)
13.902: (leave left shot10)
13.902: (leave right shot6)
15.426: (grasp left shot1)
15.426: (grasp right shot13)
15.426: (grasp right shot7)
15.426: (grasp left shot11)
15.426: (grasp left shot13)
15.426: (grasp right shot1)
15.426: (grasp right shot11)
15.426: (grasp left shot7)
14.620: (grasp right shot1)
14.620: (leave right shot6)
14.620: (grasp right shot11)
14.620: (leave left shot10)
14.620: (leave right shot6)
14.620: (leave left shot10)
14.620: (leave left shot10)
14.620: (leave right shot6)
14.620: (leave left shot10)
14.620: (grasp right shot7)
15.426: (grasp left shot13)
15.426: (grasp left shot6)
15.426: (grasp left shot1)
15.426: (grasp left shot11)
15.426: (grasp left shot13)
15.426: (grasp left shot13)
15.426: (grasp left shot6)
15.426: (grasp left shot6)
15.426: (grasp left shot7)
15.426: (grasp right shot11)
14.620: (leave right shot11)
14.620: (leave right shot1)
14.621: (leave right shot1)
14.621: (leave right shot7)
inf: (leave left shot13)
inf: (leave left shot1)
inf: (leave right shot11)
inf: (leave left shot7)
inf: (leave left shot6)
inf: (leave left shot6)
15.426: (grasp right shot13)
15.426: (grasp right shot11)
15.426: (grasp right shot13)
15.755: (grasp right shot8)
15.755: (grasp right shot9)
15.755: (grasp right shot5)
15.755: (grasp right shot5)
15.755: (grasp right shot3)
15.755: (grasp right shot2)
15.755: (grasp right shot3)
14.621: (leave left shot7)
14.621: (leave left shot6)
14.949: (leave left shot7)
14.949: (leave left shot6)
14.949: (leave left shot6)
14.949: (leave left shot6)
14.949: (leave left shot6)
14.949: (leave left shot7)
14.949: (leave left shot6)
inf: (leave right shot13)
14.371: (fill-shot shot8 ingredient1 right left dispenser1)
14.372: (fill-shot shot2 ingredient8 right left dispenser8)
14.372: (fill-shot shot5 ingredient6 right left dispenser6)
14.372: (fill-shot shot3 ingredient11 right left dispenser11)
14.372: (fill-shot shot9 ingredient7 right left dispenser7)
15.426: (grasp left shot1)
15.426: (grasp left shot11)
15.755: (grasp left shot7)
15.755: (grasp left shot11)
15.755: (grasp left shot1)
13.424: (leave right shot3)
13.424: (leave right shot9)
13.424: (leave right shot8)
13.424: (leave right shot2)
13.424: (leave right shot5)
15.172: (grasp left shot6)
15.173: (grasp left shot11)
15.173: (grasp left shot13)
15.173: (grasp left shot7)
15.173: (grasp left shot7)
14.225: (grasp right shot13)
14.225: (grasp right shot11)
14.225: (grasp left shot6)
14.225: (grasp left shot7)
14.225: (grasp left shot1)
14.225: (grasp right shot7)
14.225: (grasp right shot6)
14.225: (grasp right shot1)
14.225: (grasp left shot13)
14.225: (grasp right shot1)
15.046: (grasp left shot13)
15.046: (grasp left shot11)
15.046: (grasp left shot6)
15.046: (grasp left shot7)
15.046: (grasp right shot1)
15.046: (grasp right shot7)
15.046: (grasp right shot6)
15.046: (grasp left shot1)
15.046: (grasp right shot1)
15.046: (grasp left shot7)
14.225: (leave left shot7)
14.225: (leave right shot13)
14.225: (leave right shot11)
14.226: (leave right shot1)
14.226: (leave left shot13)
14.226: (leave left shot13)
14.226: (leave right shot1)
14.226: (leave left shot13)
14.226: (leave right shot1)
14.226: (leave right shot1)
15.046: (grasp right shot6)
15.046: (grasp right shot1)
15.046: (grasp right shot7)
15.046: (grasp right shot6)
15.046: (grasp left shot6)
15.046: (grasp right shot7)
15.046: (grasp right shot6)
15.046: (grasp right shot11)
15.046: (grasp right shot6)
15.046: (grasp left shot11)
14.225: (leave left shot7)
14.226: (leave left shot13)
14.226: (leave right shot1)
14.226: (leave left shot13)
inf: (leave right shot7)
inf: (leave left shot11)
inf: (leave right shot6)
inf: (leave left shot7)
inf: (leave right shot11)
inf: (leave left shot7)
15.046: (grasp left shot6)
15.046: (grasp left shot1)
15.046: (grasp right shot6)
15.046: (grasp left shot1)
15.046: (grasp right shot13)
15.046: (grasp right shot7)
15.046: (grasp left shot11)
15.046: (grasp left shot11)
15.056: (grasp right shot14)
15.056: (grasp left shot14)
14.226: (leave left shot11)
14.226: (leave right shot6)
14.226: (leave right shot7)
14.266: (leave left shot11)
14.266: (leave right shot6)
inf: (leave right shot7)
inf: (leave left shot14)
inf: (leave right shot14)
inf: (leave left shot11)
inf: (leave right shot7)
14.275: (fill-shot shot14 ingredient5 right left dispenser5)
14.275: (fill-shot shot14 ingredient5 left right dispenser5)
14.291: (fill-shot shot14 ingredient1 right left dispenser1)
14.291: (fill-shot shot14 ingredient11 left right dispenser11)
14.328: (fill-shot shot14 ingredient4 right left dispenser4)
14.328: (fill-shot shot14 ingredient9 right left dispenser9)
14.328: (fill-shot shot14 ingredient2 right left dispenser2)
14.329: (fill-shot shot14 ingredient4 left right dispenser4)
14.329: (fill-shot shot14 ingredient2 left right dispenser2)
14.329: (fill-shot shot14 ingredient9 left right dispenser9)
13.381: (leave right shot14)
13.381: (leave left shot14)
13.438: (leave left shot14)
13.438: (leave right shot14)
13.457: (leave right shot14)
13.457: (leave right shot14)
13.458: (leave left shot14)
13.458: (leave left shot14)
13.458: (leave left shot14)
13.458: (leave right shot14)
14.179: (grasp right shot11)
14.179: (grasp right shot13)
14.179: (grasp right shot1)
14.179: (grasp right shot1)
14.179: (grasp right shot7)
14.179: (grasp left shot13)
14.179: (grasp left shot11)
14.179: (grasp right shot6)
14.179: (grasp left shot6)
14.179: (grasp left shot1)
14.982: (grasp right shot10)
14.982: (grasp right shot10)
14.982: (grasp left shot10)
14.983: (grasp right shot10)
14.983: (grasp left shot10)
14.983: (grasp left shot10)
14.983: (grasp right shot10)
14.983: (grasp left shot10)
14.983: (grasp left shot10)
14.983: (grasp left shot10)
-36.933: (pour-shot-to-used-shaker shot10 ingredient10 shaker1 right l1 l2)
-36.933: (pour-shot-to-used-shaker shot10 ingredient10 shaker1 left l1 l2)
-36.933: (pour-shot-to-used-shaker shot10 ingredient10 shaker1 right l1 l2)
-36.933: (pour-shot-to-used-shaker shot10 ingredient10 shaker1 right l1 l2)
-36.933: (pour-shot-to-used-shaker shot10 ingredient10 shaker1 left l1 l2)
-36.932: (pour-shot-to-used-shaker shot10 ingredient10 shaker1 left l1 l2)
-36.932: (pour-shot-to-used-shaker shot10 ingredient10 shaker1 right l1 l2)
-36.932: (pour-shot-to-used-shaker shot10 ingredient10 shaker1 left l1 l2)
-36.932: (pour-shot-to-used-shaker shot10 ingredient10 shaker1 left l1 l2)
-36.932: (pour-shot-to-used-shaker shot10 ingredient10 shaker1 left l1 l2)
-37.168: (leave left shot11)
-37.167: (leave right shot1)
-37.167: (leave left shot6)
-37.167: (leave right shot6)
-37.167: (leave right shot13)
-37.167: (leave right shot1)
-37.167: (leave right shot11)
-37.167: (leave right shot7)
-37.167: (leave left shot13)
-37.167: (leave left shot1)
-45.150: (clean-shot shot10 ingredient10 left right)
-45.150: (clean-shot shot10 ingredient10 left right)
-45.150: (clean-shot shot10 ingredient10 right left)
-36.933: (grasp left shot7)
-36.933: (grasp right shot13)
-36.933: (grasp right shot11)
-36.932: (grasp right shot6)
-36.932: (grasp right shot7)
-36.162: (grasp right shot3)
-36.162: (grasp left shot8)
-47.412: (grasp right shaker1)
-47.411: (grasp right shaker1)
-47.411: (grasp left shaker1)
-47.329: (leave left shot10)
-47.329: (leave left shot10)
-47.325: (leave right shot10)
-45.090: (grasp right shot1)
-45.090: (grasp right shot6)
-45.090: (grasp right shot7)
-45.090: (grasp right shot11)
-48.886: (grasp left shaker1)
-48.886: (leave right shot10)
-48.886: (leave left shot10)
-48.886: (leave left shot10)
-48.886: (grasp right shaker1)
-48.884: (grasp right shaker1)
-48.884: (grasp left shaker1)
-46.372: (grasp left shot14)
-46.371: (grasp right shot14)
-46.371: (grasp right shot14)
-48.072: (grasp right shaker1)
-48.072: (grasp left shot14)
-48.071: (grasp left shaker1)
-48.071: (grasp left shaker1)
-48.071: (grasp right shot14)
-48.070: (grasp left shot14)
-48.070: (grasp right shot14)
-48.002: (grasp right shot3)
-48.001: (grasp right shot8)
-48.000: (grasp left shot8)
-48.334: (empty-shot left shot14 ingredient5)
-48.334: (empty-shot left shot14 ingredient5)
-48.334: (empty-shot right shot14 ingredient5)
-48.334: (empty-shot right shot14 ingredient5)
-46.517: (empty-shot right shot8 ingredient1)
-46.517: (empty-shot left shot8 ingredient1)
-46.516: (empty-shot right shot3 ingredient11)
-46.372: (leave right shaker1)
-46.278: (leave right shaker1)
-46.277: (leave left shaker1)
-49.007: (leave right shot14)
-49.007: (leave right shot14)
-49.007: (leave left shot14)
-49.007: (leave left shot14)
-46.614: (empty-shot left shot14 ingredient5)
-46.613: (leave left shaker1)
-46.613: (leave left shaker1)
-46.613: (leave right shaker1)
-46.613: (leave right shaker1)
-45.272: (grasp right shot8)
-48.123: (grasp right shot8)
-48.123: (grasp right shot3)
-48.121: (grasp left shot3)
-48.120: (grasp left shot8)
-47.480: (grasp right shot11)
-47.480: (grasp right shot10)
-47.479: (grasp right shot13)
-47.479: (grasp right shot11)
-47.479: (grasp right shot7)
-47.479: (grasp right shot6)
-46.669: (empty-shot left shot8 ingredient1)
-46.669: (empty-shot right shot3 ingredient11)
-46.668: (empty-shot right shot8 ingredient1)
-46.668: (empty-shot left shot3 ingredient11)
-46.415: (leave left shaker1)
-46.415: (leave left shaker1)
-46.415: (leave right shaker1)
-46.414: (leave right shaker1)
-45.291: (leave left shaker1)
-45.290: (leave left shaker1)
-47.406: (leave right shot6)
-47.405: (leave right shot7)
-47.405: (leave left shot3)
-47.405: (leave left shot8)
-47.404: (leave right shot8)
-47.403: (leave right shot3)
-45.578: (grasp left shot14)
-45.578: (grasp right shot14)
-45.577: (grasp left shot14)
-45.577: (grasp right shot14)
-45.291: (grasp right shot10)
-45.291: (grasp right shot11)
-45.291: (grasp right shot13)
-45.290: (grasp left shot1)
-45.290: (grasp left shot7)
-45.290: (grasp left shot6)
-45.290: (grasp left shot1)
-45.290: (grasp right shot10)
-45.290: (grasp left shot10)
-45.290: (grasp left shot10)
-47.480: (grasp right shaker1)
-47.479: (grasp right shaker1)
-47.478: (grasp right shaker1)
-47.478: (grasp right shaker1)
-47.477: (grasp right shaker1)
-47.476: (grasp left shaker1)
-47.476: (grasp right shaker1)
-45.227: (grasp right shot7)
-45.227: (grasp right shot6)
-45.227: (grasp right shot11)
-45.289: (leave left shot1)
-45.289: (leave left shot1)
inf: (leave right shot10)
inf: (leave left shot7)
inf: (leave right shot11)
inf: (leave right shot6)
inf: (leave right shot7)
inf: (leave right shaker1)
inf: (leave left shot10)
inf: (leave left shaker1)
-47.479: (grasp left shaker1)
-47.479: (grasp left shaker1)
-45.226: (grasp left shot6)
-45.225: (grasp left shot7)
-45.225: (grasp left shot10)
-45.225: (grasp left shot11)
-45.225: (grasp left shot11)
-45.225: (grasp left shot10)
-45.225: (grasp left shot13)
-45.225: (grasp left shot13)
-45.290: (leave right shot6)
-45.290: (leave right shot7)
-45.290: (leave right shot6)
-45.290: (leave right shot7)
-45.289: (leave right shot7)
-45.289: (leave right shot6)
inf: (leave left shot13)
inf: (leave right shot7)
inf: (leave left shot13)
inf: (leave left shot10)
-47.479: (grasp right shaker1)
-47.479: (grasp right shaker1)
-47.479: (grasp right shaker1)
-47.477: (grasp right shaker1)
-45.227: (grasp right shot1)
-45.227: (grasp right shot10)
-45.226: (grasp right shot1)
-45.225: (grasp right shot1)
-45.225: (grasp right shot10)
-45.225: (grasp right shot11)
-45.290: (leave left shot13)
-45.290: (leave left shot6)
-45.289: (leave left shot7)
-45.289: (leave left shot7)
inf: (leave right shot10)
inf: (leave right shot11)
inf: (leave left shot7)
inf: (leave right shot10)
inf: (leave right shot1)
inf: (leave right shot1)
-47.479: (grasp left shaker1)
-45.226: (grasp left shot1)
-45.226: (grasp left shot6)
-45.225: (grasp left shot10)
-45.225: (grasp left shot11)
-45.225: (grasp left shot10)
-45.225: (grasp left shot13)
-44.411: (grasp left shot14)
-44.411: (grasp left shot14)
-44.202: (grasp left shot8)
-42.025: (empty-shot left shot8 ingredient1)
inf: (leave right shot11)
inf: (leave left shot8)
inf: (leave right shot1)
inf: (leave left shot14)
inf: (leave right shot11)
inf: (leave left shot14)
inf: (leave right shot1)
inf: (leave left shot13)
inf: (leave right shot11)
-44.191: (leave right shot1)
-36.534: (leave left shot8)
-51.990: (clean-shot shot8 ingredient1 left right)
-43.525: (grasp right shot14)
-42.026: (grasp right shot13)
-42.026: (grasp right shot6)
-42.025: (grasp right shot11)
-42.025: (grasp right shot10)
-42.025: (grasp right shot7)
-41.803: (grasp right shot2)
-41.803: (grasp right shot3)
-41.803: (grasp right shot5)
-54.386: (leave left shot8)
-54.119: (grasp right shaker1)
-51.091: (grasp right shot14)
-49.708: (grasp right shot1)
-49.708: (grasp right shot10)
-49.708: (grasp right shot6)
-49.707: (grasp right shot7)
-49.707: (grasp right shot11)
-49.707: (grasp right shot13)
-49.321: (grasp right shot2)
-56.047: (leave left shot8)
-56.047: (grasp left shaker1)
-56.047: (grasp right shaker1)
-53.610: (grasp right shot14)
-53.608: (leave left shot8)
-53.608: (grasp left shot14)
-52.346: (grasp right shot7)
-52.345: (grasp right shot10)
-52.345: (grasp right shot11)
-52.345: (grasp right shot13)
-55.391: (grasp left shot14)
-55.391: (grasp left shaker1)
-55.391: (grasp right shot14)
-55.389: (grasp right shaker1)
-54.552: (grasp left shaker1)
-54.550: (grasp right shot11)
-54.550: (grasp right shot10)
-54.550: (grasp right shot7)
-54.550: (grasp right shot13)
-54.549: (grasp left shaker1)
-56.047: (leave right shot11)
-56.047: (leave right shot14)
-56.047: (leave right shot10)
-56.047: (leave right shot13)
-56.047: (leave left shot14)
-56.047: (leave right shot7)
-53.608: (leave left shaker1)
-53.608: (leave right shaker1)
-52.345: (leave left shaker1)
-52.345: (leave left shaker1)
Failed to find a solution!
