/u/ibrahim.eisawy/Neural-Guided-Search/venv/lib/python3.10/site-packages/pymimir_rgnn/model.py:151: UserWarning: index_reduce() is in beta and the API may change at any time. (Triggered internally at /pytorch/aten/src/ATen/native/cuda/Indexing.cu:1541.)
  max_msg.index_reduce_(0, output_indices, output_messages, reduce='amax', include_self=True)
Torch: 2.12.0+cu130
Using GPU:  NVIDIA L40S
13.388: (turn_to satellite1 star1 planet15)
13.392: (turn_to satellite1 star3 planet15)
13.403: (turn_to satellite1 star0 planet15)
13.403: (turn_to satellite1 groundstation11 planet15)
13.403: (turn_to satellite1 star13 planet15)
13.628: (switch_on instrument1 satellite1)
13.937: (switch_on instrument0 satellite0)
14.017: (turn_to satellite0 star13 groundstation4)
14.017: (turn_to satellite0 star0 groundstation4)
14.017: (turn_to satellite0 groundstation11 groundstation4)
14.018: (turn_to satellite0 star1 groundstation4)
14.032: (turn_to satellite0 star3 groundstation4)
14.397: (turn_to satellite1 groundstation12 planet15)
14.397: (turn_to satellite1 star5 planet15)
14.397: (turn_to satellite1 star10 planet15)
14.397: (turn_to satellite1 star8 planet15)
14.397: (turn_to satellite1 star6 planet15)
14.397: (turn_to satellite1 star9 planet15)
14.397: (turn_to satellite1 star7 planet15)
14.397: (turn_to satellite1 star2 planet15)
14.512: (turn_to satellite1 groundstation4 planet15)
14.571: (turn_to satellite1 planet14 planet15)
14.579: (turn_to satellite1 phenomenon17 planet15)
14.599: (turn_to satellite1 phenomenon16 planet15)
14.700: (turn_to satellite0 planet15 groundstation4)
14.995: (turn_to satellite0 star9 groundstation4)
14.995: (turn_to satellite0 star10 groundstation4)
14.995: (turn_to satellite0 groundstation12 groundstation4)
14.995: (turn_to satellite0 star8 groundstation4)
14.995: (turn_to satellite0 star7 groundstation4)
14.995: (turn_to satellite0 star6 groundstation4)
14.995: (turn_to satellite0 star5 groundstation4)
14.995: (turn_to satellite0 star2 groundstation4)
15.061: (turn_to satellite0 planet14 groundstation4)
15.167: (turn_to satellite0 phenomenon17 groundstation4)
15.169: (turn_to satellite0 phenomenon16 groundstation4)
inf: (turn_to satellite1 planet15 planet15)
inf: (turn_to satellite0 groundstation4 groundstation4)
12.477: (switch_on instrument0 satellite0)
12.477: (turn_to satellite1 star1 planet15)
12.515: (switch_on instrument1 satellite1)
12.515: (turn_to satellite1 star1 planet15)
12.720: (switch_on instrument0 satellite0)
12.720: (switch_on instrument1 satellite1)
12.749: (switch_on instrument0 satellite0)
12.750: (switch_on instrument0 satellite0)
12.750: (switch_on instrument0 satellite0)
12.750: (turn_to satellite1 star13 planet15)
12.750: (turn_to satellite1 star0 planet15)
12.750: (turn_to satellite1 groundstation11 planet15)
12.776: (turn_to satellite0 star1 groundstation4)
12.776: (switch_on instrument1 satellite1)
12.827: (turn_to satellite0 star1 groundstation4)
12.827: (turn_to satellite0 star3 groundstation4)
12.827: (turn_to satellite1 star3 planet15)
12.827: (turn_to satellite1 star1 planet15)
12.827: (turn_to satellite1 star3 planet15)
12.827: (turn_to satellite1 star1 planet15)
12.827: (turn_to satellite0 star1 groundstation4)
12.827: (turn_to satellite0 star3 groundstation4)
12.827: (turn_to satellite0 star1 groundstation4)
12.827: (turn_to satellite0 star3 groundstation4)
12.827: (turn_to satellite0 star13 groundstation4)
12.827: (turn_to satellite0 star0 groundstation4)
12.827: (turn_to satellite0 groundstation11 groundstation4)
12.827: (turn_to satellite0 star0 groundstation4)
12.827: (turn_to satellite0 groundstation11 groundstation4)
12.827: (turn_to satellite0 star13 groundstation4)
12.827: (turn_to satellite1 star1 planet15)
12.827: (turn_to satellite1 star3 planet15)
12.828: (turn_to satellite1 star3 planet15)
12.828: (turn_to satellite1 star1 planet15)
12.828: (turn_to satellite1 groundstation11 planet15)
12.828: (turn_to satellite1 star13 planet15)
12.828: (turn_to satellite1 star13 planet15)
12.828: (turn_to satellite1 star0 planet15)
12.828: (turn_to satellite1 star0 planet15)
12.828: (turn_to satellite1 groundstation11 planet15)
12.828: (turn_to satellite0 star1 groundstation4)
12.828: (turn_to satellite0 star3 groundstation4)
12.837: (turn_to satellite0 star0 groundstation4)
12.837: (turn_to satellite0 star13 groundstation4)
12.837: (turn_to satellite1 star0 planet15)
12.837: (turn_to satellite1 star13 planet15)
12.837: (switch_on instrument1 satellite1)
12.837: (switch_on instrument1 satellite1)
12.837: (turn_to satellite0 star0 groundstation4)
12.837: (turn_to satellite0 groundstation11 groundstation4)
12.837: (turn_to satellite0 star13 groundstation4)
12.837: (turn_to satellite0 groundstation11 groundstation4)
12.837: (turn_to satellite0 star13 groundstation4)
12.837: (turn_to satellite0 star0 groundstation4)
12.837: (turn_to satellite0 groundstation11 groundstation4)
12.837: (turn_to satellite1 star13 planet15)
12.837: (turn_to satellite1 groundstation11 planet15)
12.838: (switch_on instrument1 satellite1)
12.838: (turn_to satellite1 groundstation11 planet15)
12.838: (turn_to satellite1 star0 planet15)
12.871: (switch_on instrument0 satellite0)
12.871: (turn_to satellite0 star1 groundstation4)
13.013: (switch_on instrument1 satellite1)
13.014: (turn_to satellite1 star3 planet15)
13.046: (turn_to satellite0 star3 groundstation4)
13.047: (switch_on instrument1 satellite1)
13.455: (switch_on instrument0 satellite0)
13.455: (turn_to satellite0 groundstation11 groundstation4)
13.455: (turn_to satellite0 star0 groundstation4)
13.455: (turn_to satellite0 star13 groundstation4)
13.455: (switch_on instrument0 satellite0)
13.455: (switch_on instrument0 satellite0)
13.484: (turn_to satellite0 star1 groundstation4)
13.484: (turn_to satellite1 star1 planet15)
13.488: (turn_to satellite1 star3 planet15)
13.488: (turn_to satellite0 star3 groundstation4)
13.492: (turn_to satellite0 groundstation11 groundstation4)
13.493: (turn_to satellite0 star13 groundstation4)
13.493: (turn_to satellite0 star0 groundstation4)
13.493: (turn_to satellite1 groundstation11 planet15)
11.314: (calibrate satellite1 instrument1 star1)
11.365: (switch_on instrument0 satellite0)
11.365: (turn_to satellite1 star1 planet15)
11.365: (switch_on instrument1 satellite1)
11.617: (switch_on instrument1 satellite1)
11.618: (turn_to satellite0 star1 groundstation4)
11.618: (switch_on instrument0 satellite0)
11.650: (calibrate satellite0 instrument0 star1)
11.711: (switch_on instrument1 satellite1)
11.711: (switch_on instrument1 satellite1)
11.711: (switch_on instrument1 satellite1)
11.711: (turn_to satellite1 groundstation11 planet15)
11.711: (turn_to satellite1 star13 planet15)
11.711: (turn_to satellite1 star0 planet15)
11.714: (turn_to satellite1 star3 planet15)
11.717: (switch_on instrument0 satellite0)
11.897: (turn_to satellite1 star13 planet15)
11.897: (turn_to satellite1 groundstation11 planet15)
11.897: (turn_to satellite1 star0 planet15)
11.897: (switch_on instrument1 satellite1)
11.897: (switch_on instrument1 satellite1)
11.898: (switch_on instrument1 satellite1)
11.929: (turn_to satellite0 star3 groundstation4)
11.929: (turn_to satellite0 star3 groundstation4)
11.929: (turn_to satellite0 star3 groundstation4)
11.929: (switch_on instrument0 satellite0)
11.931: (switch_on instrument0 satellite0)
11.931: (switch_on instrument0 satellite0)
11.933: (switch_on instrument1 satellite1)
11.933: (switch_on instrument1 satellite1)
11.933: (turn_to satellite1 groundstation11 planet15)
11.933: (turn_to satellite1 star0 planet15)
11.933: (turn_to satellite1 star13 planet15)
11.933: (switch_on instrument1 satellite1)
11.944: (turn_to satellite1 star1 planet15)
11.945: (turn_to satellite0 star3 groundstation4)
11.946: (switch_on instrument1 satellite1)
11.948: (turn_to satellite0 star3 groundstation4)
11.948: (switch_on instrument0 satellite0)
11.962: (turn_to satellite0 star3 groundstation4)
11.962: (switch_on instrument0 satellite0)
11.965: (switch_on instrument0 satellite0)
11.965: (switch_on instrument0 satellite0)
11.965: (switch_on instrument0 satellite0)
11.966: (switch_on instrument1 satellite1)
11.966: (turn_to satellite0 star13 groundstation4)
11.966: (turn_to satellite0 star0 groundstation4)
11.966: (turn_to satellite0 groundstation11 groundstation4)
11.966: (switch_on instrument1 satellite1)
11.966: (switch_on instrument1 satellite1)
12.004: (turn_to satellite0 star1 groundstation4)
12.004: (turn_to satellite0 star1 groundstation4)
12.005: (turn_to satellite0 star1 groundstation4)
12.005: (switch_on instrument0 satellite0)
12.006: (switch_on instrument0 satellite0)
12.007: (turn_to satellite1 star13 planet15)
12.007: (turn_to satellite1 star0 planet15)
12.007: (turn_to satellite1 groundstation11 planet15)
12.007: (switch_on instrument0 satellite0)
12.057: (turn_to satellite1 star1 planet15)
12.057: (turn_to satellite1 star1 planet15)
12.057: (turn_to satellite1 star1 planet15)
12.058: (switch_on instrument1 satellite1)
12.058: (turn_to satellite0 star13 groundstation4)
12.058: (turn_to satellite0 star0 groundstation4)
12.058: (turn_to satellite0 groundstation11 groundstation4)
12.059: (switch_on instrument1 satellite1)
12.059: (switch_on instrument1 satellite1)
12.092: (switch_on instrument0 satellite0)
12.093: (turn_to satellite1 star3 planet15)
12.127: (turn_to satellite1 star3 planet15)
12.127: (switch_on instrument1 satellite1)
12.129: (turn_to satellite0 star1 groundstation4)
12.222: (turn_to satellite1 star1 planet15)
12.222: (turn_to satellite1 star1 planet15)
12.222: (turn_to satellite1 star1 planet15)
12.223: (turn_to satellite0 star0 groundstation4)
12.223: (turn_to satellite0 groundstation11 groundstation4)
12.223: (turn_to satellite0 star13 groundstation4)
12.223: (switch_on instrument0 satellite0)
9.827: (switch_on instrument0 satellite0)
9.827: (calibrate satellite1 instrument1 star1)
9.987: (switch_on instrument1 satellite1)
9.987: (calibrate satellite0 instrument0 star1)
10.395: (turn_to satellite1 phenomenon17 star1)
10.699: (turn_to satellite0 planet15 star1)
10.707: (calibrate satellite1 instrument1 star13)
10.707: (calibrate satellite1 instrument1 star0)
10.708: (calibrate satellite1 instrument1 groundstation11)
10.710: (turn_to satellite0 star3 groundstation4)
10.711: (calibrate satellite1 instrument1 star1)
10.734: (turn_to satellite1 groundstation11 planet15)
10.734: (turn_to satellite1 star13 planet15)
10.734: (turn_to satellite1 star0 planet15)
10.735: (calibrate satellite0 instrument0 star1)
10.735: (calibrate satellite0 instrument0 star1)
10.735: (calibrate satellite0 instrument0 star1)
10.861: (turn_to satellite0 phenomenon16 star1)
10.862: (turn_to satellite0 planet14 star1)
10.879: (calibrate satellite0 instrument0 star3)
10.892: (calibrate satellite1 instrument1 star0)
10.892: (calibrate satellite1 instrument1 groundstation11)
10.892: (calibrate satellite1 instrument1 star13)
10.914: (calibrate satellite0 instrument0 star3)
10.914: (calibrate satellite0 instrument0 star3)
10.914: (calibrate satellite0 instrument0 star3)
10.918: (calibrate satellite1 instrument1 groundstation11)
10.918: (calibrate satellite1 instrument1 star13)
10.918: (calibrate satellite1 instrument1 star0)
10.937: (turn_to satellite0 star1 groundstation4)
10.937: (turn_to satellite0 star3 groundstation4)
10.937: (turn_to satellite0 star1 groundstation4)
10.937: (turn_to satellite0 star3 groundstation4)
10.937: (turn_to satellite0 star1 groundstation4)
10.937: (turn_to satellite0 star3 groundstation4)
10.937: (turn_to satellite0 groundstation11 groundstation4)
10.937: (turn_to satellite0 star13 groundstation4)
10.937: (turn_to satellite0 star0 groundstation4)
10.937: (turn_to satellite1 star13 planet15)
10.937: (turn_to satellite1 groundstation11 planet15)
10.937: (turn_to satellite1 star0 planet15)
10.937: (turn_to satellite0 star3 groundstation4)
10.937: (turn_to satellite1 star3 planet15)
10.938: (turn_to satellite0 star1 groundstation4)
10.938: (switch_on instrument0 satellite0)
10.938: (switch_on instrument0 satellite0)
10.938: (switch_on instrument0 satellite0)
10.938: (turn_to satellite0 star13 groundstation4)
10.938: (turn_to satellite0 star0 groundstation4)
10.938: (turn_to satellite0 groundstation11 groundstation4)
10.938: (switch_on instrument0 satellite0)
10.938: (switch_on instrument0 satellite0)
10.938: (switch_on instrument0 satellite0)
10.938: (switch_on instrument1 satellite1)
10.938: (switch_on instrument0 satellite0)
10.938: (switch_on instrument1 satellite1)
10.938: (switch_on instrument1 satellite1)
10.938: (switch_on instrument1 satellite1)
10.939: (switch_on instrument1 satellite1)
10.939: (turn_to satellite1 star3 planet15)
10.939: (switch_on instrument1 satellite1)
10.939: (turn_to satellite1 star1 planet15)
10.939: (turn_to satellite1 star3 planet15)
10.939: (turn_to satellite1 star1 planet15)
10.939: (turn_to satellite1 star3 planet15)
10.939: (turn_to satellite1 star1 planet15)
10.939: (turn_to satellite1 groundstation11 planet15)
10.939: (turn_to satellite1 star13 planet15)
10.939: (turn_to satellite1 star0 planet15)
10.939: (switch_on instrument0 satellite0)
10.939: (switch_on instrument1 satellite1)
10.939: (turn_to satellite1 star1 planet15)
10.939: (switch_on instrument1 satellite1)
10.940: (calibrate satellite0 instrument0 star3)
10.940: (switch_on instrument1 satellite1)
10.940: (switch_on instrument0 satellite0)
10.940: (switch_on instrument1 satellite1)
10.940: (switch_on instrument1 satellite1)
10.940: (switch_on instrument0 satellite0)
10.940: (switch_on instrument0 satellite0)
9.402: (turn_to satellite0 star3 groundstation4)
9.402: (switch_on instrument0 satellite0)
9.402: (calibrate satellite1 instrument1 star1)
9.403: (calibrate satellite0 instrument0 star1)
9.403: (calibrate satellite0 instrument0 star1)
9.404: (turn_to satellite1 groundstation11 planet15)
9.404: (turn_to satellite1 star0 planet15)
9.404: (turn_to satellite1 star13 planet15)
9.404: (calibrate satellite0 instrument0 star1)
9.404: (switch_on instrument1 satellite1)
9.405: (switch_on instrument1 satellite1)
9.405: (switch_on instrument1 satellite1)
9.642: (turn_to satellite1 phenomenon17 star13)
9.642: (turn_to satellite1 phenomenon17 star1)
9.642: (turn_to satellite1 phenomenon17 star0)
9.643: (turn_to satellite1 phenomenon17 groundstation11)
9.643: (switch_on instrument0 satellite0)
9.653: (switch_on instrument1 satellite1)
9.654: (turn_to satellite0 planet15 star1)
9.655: (turn_to satellite0 planet15 star3)
9.668: (turn_to satellite1 star1 planet15)
9.669: (turn_to satellite0 star1 groundstation4)
9.818: (turn_to satellite1 star3 star13)
9.818: (turn_to satellite1 star3 star0)
9.819: (turn_to satellite1 star3 groundstation11)
9.819: (turn_to satellite1 star3 star1)
9.827: (take_image satellite1 star1 instrument1 image0)
9.827: (take_image satellite1 star1 instrument1 infrared5)
9.827: (take_image satellite1 star1 instrument1 infrared1)
9.870: (turn_to satellite1 phenomenon16 star13)
9.870: (turn_to satellite1 phenomenon16 star0)
9.870: (turn_to satellite1 phenomenon16 groundstation11)
9.870: (turn_to satellite1 phenomenon16 star1)
9.875: (turn_to satellite0 planet14 star1)
9.875: (switch_on instrument1 satellite1)
9.875: (turn_to satellite1 planet14 star13)
9.875: (turn_to satellite1 planet15 star13)
9.875: (turn_to satellite1 planet14 groundstation11)
9.875: (turn_to satellite1 planet15 groundstation11)
9.875: (turn_to satellite1 planet14 star0)
9.875: (turn_to satellite1 planet15 star0)
9.875: (turn_to satellite0 phenomenon16 star1)
9.876: (turn_to satellite1 planet15 star1)
9.876: (turn_to satellite1 planet14 star1)
9.876: (switch_on instrument1 satellite1)
9.876: (turn_to satellite0 planet14 star3)
9.877: (turn_to satellite0 phenomenon16 star3)
9.940: (turn_to satellite0 star3 groundstation4)
9.940: (turn_to satellite0 star3 groundstation4)
9.941: (turn_to satellite0 star3 groundstation4)
9.941: (turn_to satellite1 phenomenon17 groundstation11)
9.941: (turn_to satellite1 phenomenon17 star13)
9.941: (turn_to satellite1 phenomenon17 star0)
9.941: (turn_to satellite0 star3 groundstation4)
9.941: (switch_on instrument1 satellite1)
9.941: (switch_on instrument1 satellite1)
9.941: (turn_to satellite1 phenomenon17 star1)
9.941: (switch_on instrument1 satellite1)
9.941: (turn_to satellite1 star0 planet15)
9.941: (turn_to satellite1 groundstation11 planet15)
9.941: (turn_to satellite1 star13 planet15)
9.941: (calibrate satellite0 instrument0 star3)
9.941: (switch_on instrument0 satellite0)
9.941: (switch_on instrument0 satellite0)
9.941: (switch_on instrument0 satellite0)
9.942: (calibrate satellite1 instrument1 groundstation11)
9.942: (calibrate satellite0 instrument0 star3)
9.942: (calibrate satellite1 instrument1 star13)
9.943: (calibrate satellite1 instrument1 star0)
9.943: (calibrate satellite0 instrument0 star3)
9.949: (calibrate satellite0 instrument0 star3)
9.949: (switch_on instrument1 satellite1)
9.949: (calibrate satellite1 instrument1 groundstation11)
9.949: (calibrate satellite1 instrument1 star0)
9.950: (calibrate satellite1 instrument1 star13)
9.950: (turn_to satellite0 star1 groundstation4)
9.950: (turn_to satellite0 star1 groundstation4)
9.950: (turn_to satellite0 star1 groundstation4)
9.950: (switch_on instrument0 satellite0)
9.950: (switch_on instrument0 satellite0)
8.630: (calibrate satellite0 instrument0 star1)
8.631: (calibrate satellite1 instrument1 star1)
8.940: (turn_to satellite0 phenomenon16 star1)
8.940: (calibrate satellite0 instrument0 star1)
8.941: (turn_to satellite0 phenomenon16 star1)
8.941: (calibrate satellite1 instrument1 star1)
8.941: (turn_to satellite0 star3 groundstation4)
8.941: (turn_to satellite0 phenomenon16 star1)
8.941: (calibrate satellite1 instrument1 star13)
8.941: (calibrate satellite0 instrument0 star1)
8.941: (calibrate satellite1 instrument1 groundstation11)
8.941: (turn_to satellite0 phenomenon16 star3)
8.941: (calibrate satellite1 instrument1 star0)
8.941: (turn_to satellite0 phenomenon16 star3)
8.941: (turn_to satellite0 phenomenon16 star3)
8.941: (calibrate satellite1 instrument1 groundstation11)
8.941: (turn_to satellite1 phenomenon17 star1)
8.941: (calibrate satellite1 instrument1 star13)
8.941: (calibrate satellite1 instrument1 star0)
8.941: (calibrate satellite0 instrument0 star1)
8.941: (calibrate satellite0 instrument0 star3)
8.941: (turn_to satellite1 star13 planet15)
8.941: (turn_to satellite1 star0 planet15)
8.941: (turn_to satellite1 groundstation11 planet15)
8.942: (calibrate satellite0 instrument0 star3)
8.942: (calibrate satellite0 instrument0 star3)
8.942: (calibrate satellite0 instrument0 star3)
8.942: (turn_to satellite0 planet14 star1)
8.942: (turn_to satellite0 planet15 star1)
8.943: (turn_to satellite1 star13 planet15)
8.943: (turn_to satellite1 groundstation11 planet15)
8.943: (turn_to satellite1 star0 planet15)
8.943: (turn_to satellite0 planet14 star3)
8.943: (turn_to satellite0 planet15 star3)
8.943: (turn_to satellite1 phenomenon17 star13)
8.943: (turn_to satellite1 phenomenon17 star0)
8.943: (switch_on instrument0 satellite0)
8.943: (turn_to satellite1 phenomenon17 groundstation11)
8.943: (turn_to satellite0 planet14 star1)
8.943: (turn_to satellite0 planet15 star1)
8.943: (turn_to satellite0 planet14 star3)
8.943: (turn_to satellite0 planet15 star3)
8.943: (turn_to satellite1 star13 planet15)
8.943: (turn_to satellite1 groundstation11 planet15)
8.943: (turn_to satellite1 star0 planet15)
8.943: (turn_to satellite0 planet15 star3)
8.943: (turn_to satellite0 planet14 star3)
8.943: (turn_to satellite0 planet15 star1)
8.943: (turn_to satellite0 planet14 star1)
8.949: (turn_to satellite1 phenomenon17 star13)
8.949: (turn_to satellite1 phenomenon17 star0)
8.949: (turn_to satellite0 star1 groundstation4)
8.949: (turn_to satellite1 phenomenon17 groundstation11)
8.949: (turn_to satellite0 phenomenon16 star1)
8.950: (turn_to satellite0 phenomenon16 star3)
8.950: (turn_to satellite1 phenomenon17 star1)
8.950: (turn_to satellite1 star1 planet15)
8.952: (turn_to satellite1 star1 planet15)
8.952: (turn_to satellite0 planet15 star3)
8.952: (turn_to satellite0 planet14 star3)
8.952: (turn_to satellite0 planet15 star1)
8.952: (turn_to satellite0 planet14 star1)
8.953: (turn_to satellite1 star1 planet15)
9.156: (turn_to satellite0 phenomenon17 star1)
9.157: (turn_to satellite0 phenomenon17 star1)
9.157: (turn_to satellite0 phenomenon17 star1)
9.157: (turn_to satellite0 phenomenon17 star3)
9.157: (turn_to satellite0 phenomenon17 star3)
9.158: (turn_to satellite0 phenomenon17 star3)
9.167: (turn_to satellite1 phenomenon16 star1)
9.167: (turn_to satellite0 star3 groundstation4)
9.167: (turn_to satellite1 phenomenon16 groundstation11)
9.167: (turn_to satellite1 phenomenon16 star0)
9.167: (turn_to satellite1 phenomenon16 star13)
9.168: (turn_to satellite0 phenomenon17 star3)
9.169: (turn_to satellite0 phenomenon17 star1)
9.172: (turn_to satellite1 planet14 star1)
9.172: (turn_to satellite1 planet15 star1)
9.172: (turn_to satellite1 planet15 groundstation11)
9.172: (turn_to satellite1 planet14 groundstation11)
7.940: (turn_to satellite0 phenomenon17 star1)
7.940: (calibrate satellite1 instrument1 star13)
7.940: (calibrate satellite1 instrument1 star0)
7.940: (turn_to satellite1 phenomenon16 star1)
7.940: (turn_to satellite1 phenomenon17 star13)
7.940: (turn_to satellite0 phenomenon17 star3)
7.940: (turn_to satellite0 phenomenon17 star1)
7.940: (calibrate satellite0 instrument0 star3)
7.940: (calibrate satellite0 instrument0 star3)
7.940: (turn_to satellite0 phenomenon16 star1)
7.940: (turn_to satellite0 phenomenon16 star3)
7.940: (turn_to satellite0 phenomenon16 star1)
7.940: (calibrate satellite1 instrument1 groundstation11)
7.940: (turn_to satellite1 phenomenon17 star1)
7.940: (calibrate satellite0 instrument0 star3)
7.940: (turn_to satellite1 phenomenon17 star0)
7.940: (turn_to satellite1 phenomenon17 groundstation11)
7.940: (turn_to satellite0 phenomenon16 star3)
7.940: (turn_to satellite0 phenomenon17 star3)
7.941: (turn_to satellite0 planet15 star1)
7.941: (turn_to satellite0 planet14 star1)
7.941: (turn_to satellite0 planet15 star3)
7.941: (turn_to satellite0 planet14 star3)
7.941: (turn_to satellite0 planet15 star1)
7.941: (turn_to satellite0 planet14 star1)
7.941: (turn_to satellite0 phenomenon16 star1)
7.941: (turn_to satellite0 phenomenon16 star3)
7.941: (calibrate satellite1 instrument1 star0)
7.941: (calibrate satellite1 instrument1 groundstation11)
7.941: (calibrate satellite1 instrument1 star13)
7.941: (calibrate satellite1 instrument1 groundstation11)
7.941: (calibrate satellite1 instrument1 groundstation11)
7.941: (turn_to satellite1 planet14 star1)
7.941: (turn_to satellite1 planet15 star1)
7.941: (turn_to satellite0 phenomenon17 star1)
7.941: (turn_to satellite0 phenomenon17 star3)
7.941: (turn_to satellite0 phenomenon17 star3)
7.941: (turn_to satellite0 phenomenon16 star3)
7.941: (turn_to satellite1 phenomenon16 star13)
7.941: (turn_to satellite1 phenomenon16 star0)
7.941: (turn_to satellite1 phenomenon16 groundstation11)
7.941: (turn_to satellite0 planet15 star3)
7.941: (turn_to satellite0 planet14 star3)
7.941: (turn_to satellite0 phenomenon16 star1)
7.941: (turn_to satellite0 planet15 star1)
7.941: (turn_to satellite0 planet14 star1)
7.941: (turn_to satellite0 phenomenon17 star1)
7.941: (turn_to satellite0 planet14 star3)
7.941: (turn_to satellite0 planet15 star3)
7.941: (turn_to satellite1 phenomenon17 star0)
7.941: (turn_to satellite1 phenomenon17 star1)
7.941: (turn_to satellite1 phenomenon16 star0)
7.941: (calibrate satellite1 instrument1 star0)
7.941: (calibrate satellite1 instrument1 star13)
7.941: (turn_to satellite1 phenomenon17 groundstation11)
7.941: (turn_to satellite1 phenomenon16 groundstation11)
7.941: (turn_to satellite1 phenomenon17 star13)
7.941: (calibrate satellite1 instrument1 star13)
7.941: (turn_to satellite1 phenomenon16 star1)
7.941: (calibrate satellite1 instrument1 star0)
7.941: (turn_to satellite0 planet14 star3)
7.941: (turn_to satellite0 planet15 star3)
7.941: (calibrate satellite1 instrument1 star1)
7.941: (turn_to satellite1 phenomenon16 star13)
7.941: (calibrate satellite0 instrument0 star3)
7.941: (turn_to satellite1 planet14 star13)
7.941: (turn_to satellite1 planet15 star13)
7.942: (calibrate satellite0 instrument0 star1)
7.942: (turn_to satellite1 planet15 star0)
7.942: (turn_to satellite1 planet14 star0)
7.942: (turn_to satellite1 planet14 groundstation11)
7.942: (turn_to satellite1 planet15 groundstation11)
7.942: (calibrate satellite1 instrument1 star1)
7.942: (turn_to satellite0 planet14 star1)
7.942: (turn_to satellite0 planet15 star1)
7.942: (turn_to satellite1 planet14 star1)
7.942: (turn_to satellite1 planet15 star1)
7.942: (turn_to satellite1 planet15 star0)
7.942: (turn_to satellite1 planet14 star0)
7.942: (turn_to satellite1 planet14 star13)
6.941: (turn_to satellite1 phenomenon16 groundstation11)
6.941: (turn_to satellite0 phenomenon16 star3)
6.941: (turn_to satellite1 phenomenon16 star0)
6.942: (turn_to satellite1 planet15 groundstation11)
6.942: (turn_to satellite1 planet14 groundstation11)
6.942: (turn_to satellite1 planet15 star0)
6.942: (turn_to satellite0 planet15 star3)
6.942: (turn_to satellite1 phenomenon17 star13)
6.942: (turn_to satellite0 planet14 star3)
6.942: (turn_to satellite1 planet14 star0)
6.942: (turn_to satellite1 phenomenon17 groundstation11)
6.942: (turn_to satellite1 phenomenon17 star13)
6.942: (turn_to satellite1 phenomenon16 star13)
6.942: (turn_to satellite0 phenomenon17 star3)
6.942: (turn_to satellite0 phenomenon17 star3)
6.942: (turn_to satellite1 phenomenon17 groundstation11)
6.942: (turn_to satellite1 phenomenon17 star13)
6.942: (turn_to satellite1 planet14 star13)
6.942: (turn_to satellite1 planet15 star13)
6.942: (turn_to satellite1 phenomenon17 star0)
6.942: (turn_to satellite0 planet15 star3)
6.942: (turn_to satellite1 planet14 star13)
6.942: (turn_to satellite1 planet15 star13)
6.942: (turn_to satellite0 phenomenon16 star3)
6.942: (turn_to satellite0 planet14 star3)
6.942: (turn_to satellite0 planet15 star3)
6.942: (turn_to satellite1 phenomenon16 star13)
6.942: (turn_to satellite1 phenomenon17 star0)
6.942: (turn_to satellite1 planet14 star0)
6.942: (turn_to satellite1 planet15 star0)
6.942: (turn_to satellite1 phenomenon17 star0)
6.942: (turn_to satellite1 phenomenon17 groundstation11)
6.942: (turn_to satellite1 phenomenon16 groundstation11)
6.942: (turn_to satellite1 phenomenon16 star13)
6.942: (turn_to satellite1 planet14 star13)
6.942: (turn_to satellite1 planet15 groundstation11)
6.943: (turn_to satellite1 planet14 star0)
6.943: (turn_to satellite1 planet15 star13)
6.943: (turn_to satellite1 planet14 groundstation11)
6.943: (turn_to satellite1 planet15 groundstation11)
6.943: (turn_to satellite1 planet15 star0)
6.943: (turn_to satellite1 planet14 groundstation11)
6.943: (turn_to satellite0 planet14 star1)
6.943: (turn_to satellite1 phenomenon16 star0)
6.943: (turn_to satellite1 phenomenon16 star0)
6.943: (turn_to satellite0 phenomenon17 star1)
6.943: (turn_to satellite1 phenomenon16 groundstation11)
6.943: (turn_to satellite0 phenomenon16 star1)
6.943: (turn_to satellite0 phenomenon16 star1)
6.943: (turn_to satellite1 phenomenon16 star1)
6.943: (turn_to satellite1 phenomenon16 star1)
6.943: (turn_to satellite0 phenomenon17 star1)
6.943: (turn_to satellite0 planet14 star1)
6.943: (turn_to satellite0 planet15 star1)
6.943: (turn_to satellite0 phenomenon17 star1)
6.943: (turn_to satellite1 phenomenon17 star1)
6.943: (turn_to satellite1 phenomenon17 star1)
6.943: (turn_to satellite0 phenomenon16 star1)
6.943: (turn_to satellite0 planet15 star1)
6.943: (turn_to satellite0 planet14 star1)
6.943: (turn_to satellite0 phenomenon16 star3)
6.943: (turn_to satellite1 planet14 star1)
6.943: (turn_to satellite1 planet15 star1)
6.943: (turn_to satellite0 phenomenon17 star3)
6.943: (turn_to satellite1 planet14 star1)
6.943: (turn_to satellite1 planet15 star1)
6.943: (turn_to satellite0 planet15 star1)
6.943: (turn_to satellite1 planet14 star1)
6.943: (turn_to satellite1 planet15 star1)
6.943: (turn_to satellite1 phenomenon17 star1)
6.943: (turn_to satellite1 phenomenon16 star1)
6.944: (turn_to satellite0 planet14 star3)
7.091: (turn_to satellite0 planet14 star3)
7.091: (turn_to satellite1 planet14 star13)
7.091: (turn_to satellite1 planet15 star13)
7.091: (turn_to satellite1 planet14 groundstation11)
7.091: (turn_to satellite1 phenomenon16 star13)
7.091: (turn_to satellite0 phenomenon17 star3)
7.091: (turn_to satellite1 phenomenon17 groundstation11)
7.091: (turn_to satellite0 phenomenon16 star3)
6.941: (take_image satellite0 planet14 instrument0 infrared4)
6.941: (take_image satellite0 planet15 instrument0 infrared3)
6.941: (take_image satellite0 planet14 instrument0 thermograph2)
6.941: (take_image satellite0 planet14 instrument0 image6)
6.942: (take_image satellite0 planet15 instrument0 thermograph2)
6.942: (take_image satellite0 planet15 instrument0 image6)
6.942: (take_image satellite0 phenomenon16 instrument0 infrared4)
6.942: (take_image satellite0 phenomenon16 instrument0 infrared3)
6.942: (take_image satellite0 phenomenon16 instrument0 infrared1)
6.942: (take_image satellite1 phenomenon17 instrument1 infrared1)
6.942: (take_image satellite0 planet15 instrument0 infrared4)
6.942: (take_image satellite1 phenomenon16 instrument1 infrared1)
6.942: (take_image satellite0 phenomenon17 instrument0 infrared1)
6.942: (take_image satellite0 planet14 instrument0 infrared3)
6.942: (take_image satellite0 phenomenon17 instrument0 infrared3)
6.942: (take_image satellite0 phenomenon17 instrument0 infrared4)
6.942: (take_image satellite0 planet14 instrument0 infrared3)
6.942: (take_image satellite0 planet15 instrument0 infrared3)
6.942: (take_image satellite0 phenomenon17 instrument0 image6)
6.942: (take_image satellite0 phenomenon17 instrument0 thermograph2)
6.942: (take_image satellite1 phenomenon16 instrument1 image0)
6.942: (take_image satellite1 phenomenon16 instrument1 infrared5)
6.942: (take_image satellite0 planet15 instrument0 infrared4)
6.942: (take_image satellite0 phenomenon16 instrument0 infrared1)
6.942: (take_image satellite1 phenomenon17 instrument1 infrared1)
6.942: (take_image satellite1 phenomenon17 instrument1 infrared1)
6.942: (take_image satellite0 phenomenon16 instrument0 infrared4)
6.942: (take_image satellite0 phenomenon16 instrument0 infrared3)
6.942: (take_image satellite0 phenomenon16 instrument0 infrared1)
6.942: (take_image satellite1 planet14 instrument1 infrared5)
6.942: (take_image satellite1 planet14 instrument1 image0)
6.942: (take_image satellite0 planet15 instrument0 image6)
6.942: (take_image satellite0 planet15 instrument0 thermograph2)
6.942: (take_image satellite0 phenomenon17 instrument0 infrared3)
6.942: (take_image satellite0 phenomenon16 instrument0 infrared4)
6.942: (take_image satellite0 phenomenon16 instrument0 infrared3)
6.942: (take_image satellite0 phenomenon17 instrument0 infrared4)
6.942: (take_image satellite1 planet14 instrument1 infrared5)
6.942: (take_image satellite1 planet14 instrument1 image0)
6.942: (take_image satellite1 planet14 instrument1 infrared5)
6.942: (take_image satellite1 planet14 instrument1 image0)
6.942: (take_image satellite0 phenomenon17 instrument0 infrared4)
6.942: (take_image satellite1 planet15 instrument1 infrared5)
6.942: (take_image satellite1 planet15 instrument1 image0)
6.942: (take_image satellite0 phenomenon17 instrument0 image6)
6.942: (take_image satellite0 phenomenon17 instrument0 thermograph2)
6.942: (take_image satellite1 planet15 instrument1 infrared5)
6.942: (take_image satellite1 planet15 instrument1 image0)
6.942: (take_image satellite0 phenomenon17 instrument0 infrared1)
6.942: (take_image satellite0 phenomenon17 instrument0 infrared3)
6.942: (take_image satellite0 planet14 instrument0 infrared4)
6.942: (take_image satellite1 phenomenon17 instrument1 infrared5)
6.942: (take_image satellite1 phenomenon17 instrument1 image0)
6.942: (take_image satellite0 phenomenon17 instrument0 infrared1)
6.942: (take_image satellite0 phenomenon17 instrument0 image6)
6.942: (take_image satellite0 phenomenon16 instrument0 image6)
6.942: (take_image satellite0 phenomenon16 instrument0 thermograph2)
6.942: (take_image satellite0 planet15 instrument0 infrared4)
6.942: (take_image satellite0 phenomenon17 instrument0 thermograph2)
6.942: (take_image satellite1 phenomenon17 instrument1 image0)
6.942: (take_image satellite1 phenomenon17 instrument1 infrared5)
6.942: (take_image satellite1 phenomenon17 instrument1 infrared5)
6.942: (take_image satellite1 phenomenon17 instrument1 image0)
6.942: (take_image satellite1 phenomenon16 instrument1 infrared1)
6.942: (take_image satellite0 planet14 instrument0 thermograph2)
6.942: (take_image satellite1 phenomenon16 instrument1 infrared1)
6.942: (take_image satellite0 planet14 instrument0 image6)
6.942: (take_image satellite0 planet15 instrument0 image6)
6.942: (take_image satellite0 planet15 instrument0 thermograph2)
6.943: (take_image satellite1 planet15 instrument1 infrared5)
6.943: (take_image satellite1 planet15 instrument1 image0)
6.943: (take_image satellite0 planet14 instrument0 image6)
6.943: (take_image satellite0 planet14 instrument0 thermograph2)
6.943: (take_image satellite0 planet14 instrument0 infrared4)
6.943: (take_image satellite0 phenomenon16 instrument0 thermograph2)
6.943: (take_image satellite0 phenomenon16 instrument0 image6)
6.943: (take_image satellite0 planet15 instrument0 infrared3)
6.943: (take_image satellite0 planet14 instrument0 infrared3)
6.943: (take_image satellite0 phenomenon16 instrument0 image6)
6.943: (take_image satellite0 phenomenon16 instrument0 thermograph2)
5.939: (take_image satellite0 planet14 instrument0 infrared1)
5.940: (take_image satellite0 planet14 instrument0 infrared1)
5.940: (take_image satellite0 planet15 instrument0 infrared1)
5.940: (take_image satellite0 planet15 instrument0 infrared1)
5.941: (take_image satellite0 phenomenon16 instrument0 thermograph2)
5.941: (take_image satellite0 phenomenon16 instrument0 image6)
5.941: (take_image satellite0 phenomenon16 instrument0 thermograph2)
5.941: (take_image satellite0 phenomenon16 instrument0 image6)
5.941: (take_image satellite0 planet15 instrument0 infrared1)
5.941: (take_image satellite0 phenomenon16 instrument0 thermograph2)
5.941: (take_image satellite0 phenomenon16 instrument0 image6)
5.942: (take_image satellite1 phenomenon17 instrument1 image0)
5.942: (take_image satellite0 planet14 instrument0 infrared1)
5.942: (take_image satellite1 phenomenon17 instrument1 infrared5)
5.942: (take_image satellite1 phenomenon17 instrument1 image0)
5.942: (take_image satellite1 phenomenon17 instrument1 image0)
5.942: (take_image satellite1 phenomenon17 instrument1 infrared5)
5.942: (take_image satellite1 phenomenon17 instrument1 infrared5)
6.928: (turn_to satellite0 planet15 phenomenon16)
6.928: (turn_to satellite0 planet15 phenomenon16)
6.928: (turn_to satellite0 planet14 phenomenon16)
6.928: (turn_to satellite0 phenomenon17 phenomenon16)
6.928: (turn_to satellite0 phenomenon17 phenomenon16)
6.928: (turn_to satellite0 phenomenon17 phenomenon16)
6.928: (turn_to satellite0 planet14 phenomenon16)
6.928: (turn_to satellite0 phenomenon17 phenomenon16)
6.928: (turn_to satellite0 phenomenon16 planet14)
6.929: (turn_to satellite0 phenomenon16 planet15)
6.929: (turn_to satellite1 phenomenon16 phenomenon17)
6.929: (turn_to satellite1 phenomenon16 phenomenon17)
6.929: (turn_to satellite1 phenomenon16 phenomenon17)
6.929: (turn_to satellite1 phenomenon16 phenomenon17)
6.929: (turn_to satellite0 phenomenon16 planet14)
6.929: (turn_to satellite0 phenomenon17 planet14)
6.929: (turn_to satellite0 phenomenon17 planet15)
6.930: (turn_to satellite0 phenomenon17 planet14)
6.930: (turn_to satellite1 planet15 phenomenon17)
6.930: (turn_to satellite1 planet14 phenomenon17)
6.930: (turn_to satellite1 planet14 phenomenon17)
6.930: (turn_to satellite1 planet15 phenomenon17)
6.931: (turn_to satellite0 phenomenon16 planet15)
6.931: (turn_to satellite0 planet15 phenomenon16)
6.931: (turn_to satellite0 planet14 phenomenon16)
6.931: (turn_to satellite0 planet14 phenomenon16)
6.931: (turn_to satellite0 planet15 phenomenon16)
6.932: (turn_to satellite1 planet14 phenomenon17)
6.932: (turn_to satellite1 planet14 phenomenon17)
6.932: (turn_to satellite1 planet15 phenomenon17)
6.932: (turn_to satellite1 planet15 phenomenon17)
6.932: (turn_to satellite0 phenomenon17 planet15)
6.933: (turn_to satellite0 planet14 planet15)
6.933: (turn_to satellite0 planet15 planet14)
6.933: (turn_to satellite0 planet15 planet14)
6.933: (turn_to satellite0 planet14 planet15)
6.936: (take_image satellite0 planet14 instrument0 thermograph2)
6.936: (take_image satellite0 planet15 instrument0 image6)
6.936: (take_image satellite0 planet15 instrument0 thermograph2)
6.937: (take_image satellite0 planet14 instrument0 infrared3)
6.937: (take_image satellite0 planet15 instrument0 infrared4)
6.937: (take_image satellite0 planet15 instrument0 infrared4)
6.937: (take_image satellite1 phenomenon16 instrument1 image0)
6.937: (take_image satellite1 phenomenon16 instrument1 image0)
6.937: (take_image satellite1 phenomenon16 instrument1 infrared5)
6.937: (take_image satellite1 phenomenon16 instrument1 image0)
6.937: (take_image satellite1 phenomenon16 instrument1 infrared5)
6.937: (take_image satellite1 phenomenon16 instrument1 infrared5)
6.937: (take_image satellite0 planet14 instrument0 infrared4)
6.937: (take_image satellite0 phenomenon16 instrument0 infrared4)
6.937: (take_image satellite0 phenomenon16 instrument0 infrared3)
6.937: (take_image satellite0 phenomenon16 instrument0 infrared3)
6.937: (take_image satellite0 phenomenon16 instrument0 infrared4)
6.937: (take_image satellite0 planet14 instrument0 thermograph2)
6.937: (turn_to satellite1 phenomenon16 planet15)
6.937: (turn_to satellite0 phenomenon16 planet14)
6.937: (take_image satellite1 planet15 instrument1 infrared5)
6.937: (take_image satellite1 planet15 instrument1 image0)
6.937: (turn_to satellite0 planet15 planet14)
6.937: (turn_to satellite0 planet14 planet15)
6.937: (turn_to satellite0 planet14 planet15)
6.937: (turn_to satellite1 phenomenon16 planet15)
4.941: (turn_to satellite0 planet14 planet15)
4.941: (turn_to satellite0 phenomenon17 planet15)
4.941: (turn_to satellite0 planet15 planet14)
4.941: (turn_to satellite0 phenomenon16 planet14)
4.941: (turn_to satellite0 phenomenon17 planet14)
4.941: (turn_to satellite0 phenomenon16 planet14)
4.942: (turn_to satellite0 phenomenon17 planet14)
4.942: (turn_to satellite0 planet15 planet14)
4.942: (turn_to satellite0 phenomenon16 planet15)
4.942: (turn_to satellite0 planet15 phenomenon16)
4.942: (turn_to satellite0 planet15 phenomenon16)
4.942: (turn_to satellite0 planet14 phenomenon16)
4.942: (turn_to satellite0 phenomenon17 phenomenon16)
4.942: (turn_to satellite0 phenomenon17 planet15)
4.942: (turn_to satellite0 planet14 planet15)
4.942: (turn_to satellite0 phenomenon16 planet15)
4.942: (turn_to satellite0 phenomenon17 phenomenon16)
4.942: (turn_to satellite0 planet14 phenomenon16)
4.942: (turn_to satellite1 planet14 phenomenon17)
4.942: (turn_to satellite1 planet15 phenomenon17)
4.942: (turn_to satellite1 planet15 phenomenon17)
4.942: (turn_to satellite1 phenomenon16 phenomenon17)
4.942: (turn_to satellite1 planet14 phenomenon17)
4.943: (turn_to satellite1 phenomenon16 phenomenon17)
5.090: (turn_to satellite0 phenomenon16 planet15)
5.090: (turn_to satellite0 planet14 phenomenon16)
5.090: (turn_to satellite0 phenomenon16 planet14)
5.090: (turn_to satellite0 planet15 phenomenon16)
5.090: (turn_to satellite0 phenomenon17 phenomenon16)
5.091: (turn_to satellite1 planet14 phenomenon17)
5.091: (turn_to satellite0 planet15 planet14)
5.091: (turn_to satellite0 planet14 planet15)
5.091: (turn_to satellite1 phenomenon16 phenomenon17)
5.091: (turn_to satellite0 phenomenon17 planet14)
5.091: (turn_to satellite1 planet15 phenomenon17)
5.091: (turn_to satellite0 phenomenon17 planet15)
5.295: (turn_to satellite0 groundstation4 planet15)
5.296: (turn_to satellite0 groundstation4 planet14)
5.296: (turn_to satellite0 groundstation4 phenomenon16)
5.296: (turn_to satellite0 groundstation4 planet14)
5.296: (turn_to satellite0 groundstation4 planet14)
5.296: (turn_to satellite0 groundstation4 planet15)
5.296: (turn_to satellite0 groundstation4 phenomenon16)
5.296: (turn_to satellite0 groundstation4 planet15)
5.297: (turn_to satellite0 groundstation4 phenomenon16)
5.938: (take_image satellite0 planet14 instrument0 infrared1)
5.938: (take_image satellite0 planet15 instrument0 infrared1)
5.938: (take_image satellite0 planet15 instrument0 infrared1)
5.938: (turn_to satellite1 groundstation4 phenomenon17)
5.939: (turn_to satellite1 groundstation4 phenomenon17)
5.939: (turn_to satellite1 groundstation4 phenomenon17)
5.939: (turn_to satellite1 star2 phenomenon17)
5.939: (turn_to satellite0 star13 phenomenon16)
5.939: (turn_to satellite0 star0 phenomenon16)
5.939: (turn_to satellite0 groundstation11 phenomenon16)
5.940: (turn_to satellite0 star3 planet15)
5.940: (turn_to satellite1 groundstation11 phenomenon17)
5.940: (turn_to satellite1 star0 phenomenon17)
5.940: (turn_to satellite1 star13 phenomenon17)
5.940: (turn_to satellite0 star3 phenomenon16)
5.940: (take_image satellite1 phenomenon17 instrument1 image0)
5.940: (take_image satellite1 phenomenon17 instrument1 infrared5)
5.940: (take_image satellite1 phenomenon17 instrument1 infrared1)
5.940: (turn_to satellite0 star6 phenomenon16)
5.940: (turn_to satellite0 star9 phenomenon16)
5.940: (turn_to satellite0 star5 phenomenon16)
5.940: (turn_to satellite0 star2 phenomenon16)
5.940: (turn_to satellite0 groundstation12 phenomenon16)
5.940: (turn_to satellite0 star7 phenomenon16)
5.940: (turn_to satellite0 star8 phenomenon16)
5.940: (turn_to satellite0 star10 phenomenon16)
5.940: (take_image satellite1 planet15 instrument1 infrared1)
5.940: (turn_to satellite1 star3 phenomenon17)
5.940: (turn_to satellite1 star5 phenomenon17)
5.940: (turn_to satellite1 star10 phenomenon17)
5.940: (turn_to satellite1 star7 phenomenon17)
5.940: (turn_to satellite1 groundstation12 phenomenon17)
5.940: (turn_to satellite1 star6 phenomenon17)
5.940: (turn_to satellite1 star9 phenomenon17)
5.940: (turn_to satellite1 star8 phenomenon17)
4.941: (turn_to satellite0 phenomenon16 planet14)
4.941: (take_image satellite0 phenomenon16 instrument0 infrared1)
4.941: (take_image satellite0 phenomenon16 instrument0 infrared1)
4.941: (take_image satellite1 planet15 instrument1 infrared5)
4.941: (take_image satellite1 planet15 instrument1 image0)
4.941: (take_image satellite0 planet15 instrument0 infrared3)
4.941: (take_image satellite0 planet15 instrument0 thermograph2)
4.941: (take_image satellite0 planet15 instrument0 image6)
4.941: (take_image satellite1 phenomenon16 instrument1 infrared5)
4.941: (take_image satellite1 phenomenon16 instrument1 image0)
4.941: (take_image satellite0 phenomenon16 instrument0 infrared3)
4.941: (take_image satellite1 phenomenon16 instrument1 infrared1)
4.941: (take_image satellite0 phenomenon16 instrument0 infrared4)
4.941: (take_image satellite0 phenomenon16 instrument0 infrared3)
4.941: (take_image satellite0 phenomenon16 instrument0 infrared4)
4.941: (take_image satellite1 planet14 instrument1 image0)
4.941: (take_image satellite1 planet14 instrument1 infrared5)
4.941: (take_image satellite1 phenomenon16 instrument1 infrared1)
4.941: (take_image satellite0 phenomenon17 instrument0 infrared1)
4.941: (take_image satellite1 phenomenon17 instrument1 infrared5)
4.941: (take_image satellite1 phenomenon17 instrument1 image0)
4.941: (take_image satellite0 phenomenon17 instrument0 image6)
4.941: (take_image satellite0 phenomenon17 instrument0 thermograph2)
4.941: (take_image satellite1 phenomenon16 instrument1 image0)
4.941: (take_image satellite1 phenomenon16 instrument1 infrared5)
4.941: (take_image satellite0 phenomenon17 instrument0 infrared4)
4.941: (take_image satellite0 planet15 instrument0 infrared3)
4.941: (take_image satellite0 planet14 instrument0 infrared4)
4.941: (take_image satellite0 planet15 instrument0 thermograph2)
4.941: (take_image satellite0 planet15 instrument0 image6)
4.941: (take_image satellite0 phenomenon17 instrument0 infrared3)
4.941: (take_image satellite0 planet14 instrument0 image6)
4.941: (take_image satellite0 planet14 instrument0 thermograph2)
4.941: (take_image satellite0 phenomenon17 instrument0 infrared3)
4.941: (take_image satellite0 phenomenon17 instrument0 thermograph2)
4.941: (take_image satellite0 phenomenon17 instrument0 image6)
4.941: (take_image satellite0 phenomenon17 instrument0 infrared1)
4.941: (take_image satellite0 phenomenon17 instrument0 infrared4)
4.941: (take_image satellite0 planet14 instrument0 infrared4)
4.941: (take_image satellite1 phenomenon16 instrument1 infrared1)
4.941: (take_image satellite0 phenomenon17 instrument0 infrared1)
4.941: (take_image satellite0 phenomenon16 instrument0 infrared1)
4.941: (take_image satellite0 phenomenon16 instrument0 infrared1)
4.941: (take_image satellite1 phenomenon16 instrument1 infrared5)
4.941: (take_image satellite1 phenomenon16 instrument1 image0)
4.941: (take_image satellite0 phenomenon17 instrument0 infrared1)
4.941: (take_image satellite0 phenomenon16 instrument0 infrared3)
4.941: (take_image satellite1 phenomenon16 instrument1 infrared1)
4.941: (take_image satellite0 planet15 instrument0 infrared1)
4.941: (take_image satellite1 phenomenon16 instrument1 image0)
4.941: (take_image satellite0 planet14 instrument0 thermograph2)
4.941: (take_image satellite1 phenomenon16 instrument1 infrared5)
4.941: (take_image satellite0 planet14 instrument0 image6)
4.941: (take_image satellite0 planet14 instrument0 infrared4)
4.941: (take_image satellite0 phenomenon17 instrument0 infrared4)
4.941: (take_image satellite1 phenomenon17 instrument1 infrared1)
4.941: (take_image satellite0 phenomenon17 instrument0 image6)
4.941: (take_image satellite0 phenomenon17 instrument0 thermograph2)
4.942: (take_image satellite0 phenomenon16 instrument0 infrared1)
4.942: (take_image satellite0 phenomenon17 instrument0 infrared4)
4.942: (take_image satellite1 planet15 instrument1 infrared1)
4.942: (take_image satellite1 phenomenon17 instrument1 infrared1)
4.942: (take_image satellite1 planet15 instrument1 image0)
4.942: (take_image satellite1 planet15 instrument1 infrared5)
4.942: (take_image satellite1 planet14 instrument1 infrared5)
4.942: (take_image satellite1 planet14 instrument1 image0)
4.942: (take_image satellite1 phenomenon17 instrument1 infrared1)
4.942: (take_image satellite0 phenomenon17 instrument0 infrared3)
4.942: (take_image satellite0 phenomenon17 instrument0 infrared3)
4.942: (take_image satellite0 planet15 instrument0 thermograph2)
4.942: (take_image satellite0 phenomenon17 instrument0 infrared3)
4.942: (take_image satellite0 phenomenon16 instrument0 infrared4)
4.942: (take_image satellite0 planet15 instrument0 infrared3)
4.942: (take_image satellite0 planet14 instrument0 image6)
4.942: (take_image satellite0 planet14 instrument0 thermograph2)
4.942: (take_image satellite1 planet15 instrument1 infrared5)
4.942: (take_image satellite1 planet15 instrument1 image0)
4.942: (take_image satellite0 phenomenon17 instrument0 thermograph2)
4.942: (take_image satellite0 phenomenon16 instrument0 infrared3)
4.942: (take_image satellite1 planet14 instrument1 infrared5)
3.940: (turn_to satellite0 planet15 phenomenon16)
3.940: (turn_to satellite0 planet14 phenomenon16)
3.940: (turn_to satellite1 planet15 phenomenon17)
3.940: (turn_to satellite1 planet14 phenomenon17)
3.942: (take_image satellite0 planet15 instrument0 infrared4)
4.375: (turn_to satellite0 groundstation4 phenomenon16)
4.632: (turn_to satellite0 phenomenon17 phenomenon16)
4.632: (turn_to satellite1 phenomenon16 phenomenon17)
4.930: (turn_to satellite1 phenomenon17 planet15)
4.930: (turn_to satellite0 phenomenon17 planet15)
4.939: (take_image satellite0 phenomenon16 instrument0 infrared4)
4.939: (take_image satellite0 phenomenon16 instrument0 infrared3)
4.939: (turn_to satellite1 groundstation4 phenomenon17)
4.939: (take_image satellite0 phenomenon16 instrument0 infrared1)
4.940: (take_image satellite1 phenomenon17 instrument1 infrared1)
4.940: (turn_to satellite1 star3 phenomenon17)
4.940: (turn_to satellite0 star3 phenomenon16)
4.940: (turn_to satellite1 star13 phenomenon17)
4.940: (turn_to satellite1 star0 phenomenon17)
4.940: (turn_to satellite1 groundstation11 phenomenon17)
4.940: (turn_to satellite0 planet14 planet15)
4.940: (turn_to satellite1 star2 phenomenon17)
4.940: (turn_to satellite1 star10 phenomenon17)
4.940: (turn_to satellite1 star7 phenomenon17)
4.940: (turn_to satellite1 star5 phenomenon17)
4.940: (turn_to satellite1 star8 phenomenon17)
4.940: (turn_to satellite1 groundstation12 phenomenon17)
4.940: (turn_to satellite1 star6 phenomenon17)
4.940: (turn_to satellite1 star9 phenomenon17)
4.940: (turn_to satellite0 planet14 planet15)
4.940: (take_image satellite0 planet15 instrument0 infrared3)
4.940: (turn_to satellite0 star1 phenomenon16)
4.940: (turn_to satellite1 star1 phenomenon17)
4.941: (turn_to satellite0 star0 phenomenon16)
4.941: (turn_to satellite0 groundstation11 phenomenon16)
4.941: (turn_to satellite0 star13 phenomenon16)
4.941: (turn_to satellite0 planet15 phenomenon17)
4.941: (turn_to satellite0 planet15 phenomenon17)
4.941: (take_image satellite0 phenomenon17 instrument0 infrared3)
4.941: (take_image satellite0 phenomenon17 instrument0 infrared3)
4.941: (take_image satellite1 phenomenon16 instrument1 infrared1)
4.941: (take_image satellite0 phenomenon17 instrument0 infrared1)
4.941: (take_image satellite0 phenomenon17 instrument0 infrared1)
4.941: (take_image satellite1 phenomenon16 instrument1 infrared1)
4.941: (turn_to satellite0 star2 phenomenon16)
4.941: (turn_to satellite0 star10 phenomenon16)
4.941: (turn_to satellite0 star5 phenomenon16)
4.941: (turn_to satellite0 star6 phenomenon16)
4.941: (turn_to satellite0 star7 phenomenon16)
4.941: (turn_to satellite0 groundstation12 phenomenon16)
4.941: (turn_to satellite0 star8 phenomenon16)
4.941: (turn_to satellite0 star9 phenomenon16)
4.941: (take_image satellite0 phenomenon17 instrument0 infrared3)
4.941: (take_image satellite1 phenomenon16 instrument1 infrared5)
4.941: (take_image satellite0 phenomenon17 instrument0 image6)
4.941: (take_image satellite0 phenomenon17 instrument0 thermograph2)
4.941: (take_image satellite0 phenomenon17 instrument0 thermograph2)
4.941: (take_image satellite0 phenomenon17 instrument0 image6)
4.941: (take_image satellite1 phenomenon16 instrument1 image0)
4.941: (take_image satellite1 phenomenon16 instrument1 infrared5)
4.941: (take_image satellite1 phenomenon16 instrument1 image0)
4.941: (take_image satellite0 phenomenon17 instrument0 infrared4)
4.941: (take_image satellite0 phenomenon17 instrument0 infrared4)
4.941: (take_image satellite0 planet15 instrument0 thermograph2)
4.941: (take_image satellite0 planet15 instrument0 image6)
4.941: (take_image satellite0 phenomenon17 instrument0 infrared3)
4.941: (turn_to satellite1 phenomenon17 phenomenon16)
4.941: (take_image satellite0 phenomenon16 instrument0 infrared1)
4.941: (turn_to satellite1 phenomenon17 phenomenon16)
4.941: (take_image satellite0 planet14 instrument0 infrared4)
4.941: (take_image satellite0 phenomenon17 instrument0 infrared4)
4.941: (take_image satellite0 planet15 instrument0 image6)
4.941: (take_image satellite1 phenomenon16 instrument1 image0)
4.941: (take_image satellite1 phenomenon16 instrument1 infrared5)
4.941: (take_image satellite0 phenomenon16 instrument0 infrared1)
4.941: (take_image satellite0 planet15 instrument0 thermograph2)
4.941: (take_image satellite1 phenomenon16 instrument1 infrared1)
4.941: (take_image satellite0 phenomenon17 instrument0 infrared1)
4.941: (take_image satellite1 phenomenon16 instrument1 infrared5)
4.941: (take_image satellite1 phenomenon16 instrument1 image0)
2.941: (turn_to satellite0 phenomenon17 planet15)
2.941: (turn_to satellite0 planet14 phenomenon16)
2.942: (turn_to satellite1 planet14 phenomenon17)
2.942: (turn_to satellite1 planet15 phenomenon17)
2.942: (turn_to satellite0 planet15 phenomenon16)
3.088: (turn_to satellite0 planet15 phenomenon16)
3.088: (turn_to satellite1 planet14 phenomenon17)
3.088: (turn_to satellite1 planet15 phenomenon17)
3.088: (turn_to satellite0 planet14 phenomenon16)
3.089: (turn_to satellite0 phenomenon16 planet15)
3.295: (turn_to satellite0 groundstation4 planet15)
3.296: (turn_to satellite0 groundstation4 phenomenon16)
3.296: (turn_to satellite0 groundstation4 phenomenon16)
3.296: (turn_to satellite1 planet14 phenomenon17)
3.296: (turn_to satellite1 planet15 phenomenon17)
3.939: (turn_to satellite0 planet14 phenomenon16)
3.939: (turn_to satellite0 planet15 phenomenon16)
3.939: (turn_to satellite1 groundstation4 phenomenon17)
3.939: (turn_to satellite1 groundstation4 phenomenon17)
3.940: (turn_to satellite0 star3 planet15)
3.940: (turn_to satellite1 groundstation11 phenomenon17)
3.940: (turn_to satellite1 star0 phenomenon17)
3.940: (turn_to satellite1 star13 phenomenon17)
3.940: (turn_to satellite1 star13 phenomenon17)
3.940: (turn_to satellite1 groundstation11 phenomenon17)
3.940: (turn_to satellite1 star0 phenomenon17)
3.940: (turn_to satellite0 planet15 phenomenon16)
3.940: (turn_to satellite0 planet14 phenomenon16)
3.940: (turn_to satellite0 planet14 phenomenon16)
3.940: (turn_to satellite0 planet15 phenomenon16)
3.940: (turn_to satellite0 planet15 phenomenon16)
3.940: (turn_to satellite0 planet14 phenomenon16)
3.940: (take_image satellite1 phenomenon16 instrument1 infrared1)
3.940: (turn_to satellite0 planet15 phenomenon16)
3.940: (turn_to satellite0 planet14 phenomenon16)
3.940: (turn_to satellite1 planet14 phenomenon17)
3.940: (take_image satellite0 planet15 instrument0 image6)
3.940: (take_image satellite0 planet15 instrument0 thermograph2)
3.940: (turn_to satellite0 planet15 phenomenon16)
3.940: (turn_to satellite0 planet14 phenomenon16)
3.940: (turn_to satellite1 star8 phenomenon17)
3.940: (turn_to satellite1 star9 phenomenon17)
3.940: (turn_to satellite1 star7 phenomenon17)
3.940: (turn_to satellite1 star5 phenomenon17)
3.940: (turn_to satellite1 star10 phenomenon17)
3.940: (turn_to satellite1 star6 phenomenon17)
3.940: (turn_to satellite1 star2 phenomenon17)
3.940: (turn_to satellite1 groundstation12 phenomenon17)
3.940: (turn_to satellite1 star9 phenomenon17)
3.940: (turn_to satellite0 star3 phenomenon16)
3.940: (take_image satellite1 phenomenon16 instrument1 infrared5)
3.940: (take_image satellite1 phenomenon16 instrument1 image0)
3.940: (turn_to satellite1 star5 phenomenon17)
3.940: (turn_to satellite1 star6 phenomenon17)
3.940: (turn_to satellite1 star7 phenomenon17)
3.940: (turn_to satellite1 star8 phenomenon17)
3.940: (turn_to satellite1 star2 phenomenon17)
3.940: (turn_to satellite1 planet14 phenomenon17)
3.940: (turn_to satellite1 planet15 phenomenon17)
3.940: (take_image satellite0 planet15 instrument0 infrared3)
3.940: (turn_to satellite1 star10 phenomenon17)
3.940: (turn_to satellite1 groundstation12 phenomenon17)
3.940: (turn_to satellite1 phenomenon17 phenomenon16)
3.940: (turn_to satellite1 planet15 phenomenon17)
3.940: (turn_to satellite0 planet14 planet15)
3.940: (turn_to satellite1 star3 phenomenon17)
3.940: (turn_to satellite0 star2 planet15)
3.940: (turn_to satellite0 groundstation12 planet15)
3.940: (turn_to satellite0 star5 planet15)
3.940: (turn_to satellite0 star6 planet15)
3.940: (turn_to satellite0 star7 planet15)
3.940: (turn_to satellite0 star8 planet15)
3.940: (turn_to satellite0 star9 planet15)
3.940: (turn_to satellite0 star10 planet15)
3.940: (turn_to satellite1 planet15 phenomenon17)
3.940: (turn_to satellite1 star3 phenomenon17)
3.940: (turn_to satellite0 star13 planet15)
3.940: (turn_to satellite0 star0 planet15)
3.940: (turn_to satellite0 groundstation11 planet15)
3.940: (take_image satellite0 planet14 instrument0 infrared3)
2.940: (take_image satellite0 planet14 instrument0 infrared1)
2.941: (turn_to satellite0 phenomenon17 planet15)
2.941: (take_image satellite0 phenomenon17 instrument0 image6)
2.941: (take_image satellite0 phenomenon17 instrument0 infrared4)
2.941: (take_image satellite0 phenomenon17 instrument0 infrared3)
2.941: (take_image satellite0 phenomenon17 instrument0 thermograph2)
2.941: (take_image satellite0 phenomenon17 instrument0 infrared1)
2.941: (take_image satellite1 phenomenon16 instrument1 infrared5)
2.941: (take_image satellite1 phenomenon16 instrument1 image0)
2.941: (take_image satellite1 phenomenon16 instrument1 infrared1)
2.941: (turn_to satellite0 phenomenon17 planet15)
2.941: (turn_to satellite0 phenomenon17 planet15)
2.941: (turn_to satellite1 phenomenon17 phenomenon16)
2.941: (turn_to satellite1 planet14 phenomenon17)
2.941: (take_image satellite1 planet14 instrument1 image0)
2.941: (take_image satellite1 planet14 instrument1 infrared5)
2.942: (take_image satellite1 planet15 instrument1 image0)
2.942: (take_image satellite0 planet15 instrument0 thermograph2)
2.942: (take_image satellite0 planet15 instrument0 image6)
2.942: (take_image satellite0 planet15 instrument0 infrared3)
2.942: (take_image satellite1 planet15 instrument1 infrared5)
2.942: (turn_to satellite1 planet15 phenomenon17)
2.942: (take_image satellite0 planet14 instrument0 infrared4)
2.942: (turn_to satellite0 planet15 phenomenon16)
2.942: (take_image satellite0 planet14 instrument0 thermograph2)
2.942: (take_image satellite0 planet14 instrument0 image6)
2.942: (turn_to satellite0 phenomenon17 planet15)
2.942: (turn_to satellite0 phenomenon17 planet15)
2.942: (turn_to satellite0 phenomenon17 planet15)
2.942: (turn_to satellite0 phenomenon16 planet15)
2.943: (turn_to satellite0 planet14 phenomenon16)
2.943: (turn_to satellite0 planet14 phenomenon16)
2.943: (take_image satellite0 planet15 instrument0 infrared4)
2.943: (take_image satellite0 planet14 instrument0 infrared3)
2.943: (turn_to satellite0 planet15 phenomenon16)
2.943: (turn_to satellite0 planet14 phenomenon16)
2.944: (turn_to satellite1 planet15 phenomenon17)
2.945: (take_image satellite1 planet14 instrument1 infrared1)
2.945: (take_image satellite1 planet15 instrument1 infrared1)
2.945: (take_image satellite0 planet15 instrument0 infrared1)
2.945: (take_image satellite0 planet14 instrument0 infrared1)
3.088: (take_image satellite0 planet15 instrument0 infrared3)
3.088: (turn_to satellite1 planet15 phenomenon17)
3.088: (take_image satellite0 planet15 instrument0 thermograph2)
3.088: (take_image satellite0 planet14 instrument0 image6)
3.088: (take_image satellite0 planet14 instrument0 thermograph2)
3.088: (take_image satellite0 planet15 instrument0 image6)
3.088: (take_image satellite0 planet14 instrument0 infrared4)
3.088: (turn_to satellite1 planet14 phenomenon17)
3.088: (take_image satellite1 planet15 instrument1 image0)
3.088: (take_image satellite1 planet15 instrument1 infrared5)
3.088: (turn_to satellite0 planet14 phenomenon16)
3.088: (take_image satellite1 planet14 instrument1 image0)
3.088: (take_image satellite1 planet14 instrument1 infrared5)
3.088: (turn_to satellite0 phenomenon16 planet15)
3.088: (turn_to satellite0 phenomenon16 planet15)
3.089: (take_image satellite0 phenomenon16 instrument0 infrared3)
3.089: (take_image satellite0 phenomenon16 instrument0 infrared4)
3.089: (turn_to satellite0 phenomenon16 planet15)
3.089: (turn_to satellite0 phenomenon16 planet15)
3.089: (take_image satellite1 phenomenon16 instrument1 infrared1)
3.089: (take_image satellite0 phenomenon16 instrument0 infrared1)
3.089: (turn_to satellite1 phenomenon17 phenomenon16)
3.089: (take_image satellite1 phenomenon16 instrument1 image0)
3.089: (take_image satellite1 phenomenon16 instrument1 infrared5)
3.089: (turn_to satellite0 phenomenon16 planet15)
3.089: (turn_to satellite0 planet15 phenomenon16)
3.089: (turn_to satellite0 phenomenon16 planet15)
3.089: (turn_to satellite0 planet14 phenomenon16)
3.089: (turn_to satellite0 planet15 phenomenon16)
3.089: (turn_to satellite0 phenomenon17 planet15)
3.089: (turn_to satellite0 planet15 phenomenon16)
3.105: (take_image satellite0 phenomenon16 instrument0 thermograph2)
3.105: (take_image satellite0 phenomenon16 instrument0 image6)
3.105: (take_image satellite0 planet15 instrument0 infrared1)
3.106: (take_image satellite1 planet15 instrument1 infrared1)
3.106: (take_image satellite1 planet14 instrument1 infrared1)
3.106: (take_image satellite0 planet14 instrument0 infrared1)
3.106: (take_image satellite0 planet15 instrument0 infrared4)
3.106: (take_image satellite0 planet14 instrument0 infrared3)
1.938: (turn_to satellite0 planet15 planet14)
1.938: (take_image satellite0 planet15 instrument0 infrared1)
1.938: (take_image satellite0 planet14 instrument0 infrared1)
1.938: (turn_to satellite1 planet15 phenomenon17)
1.940: (take_image satellite0 planet14 instrument0 infrared3)
1.940: (take_image satellite0 planet15 instrument0 infrared4)
2.373: (turn_to satellite0 groundstation4 planet14)
2.630: (turn_to satellite0 phenomenon17 planet14)
2.630: (take_image satellite0 planet15 instrument0 infrared4)
2.630: (take_image satellite0 planet14 instrument0 infrared3)
2.631: (turn_to satellite1 planet14 phenomenon17)
2.632: (take_image satellite1 planet14 instrument1 infrared1)
2.632: (take_image satellite0 planet14 instrument0 infrared1)
2.632: (take_image satellite0 planet15 instrument0 infrared1)
2.632: (take_image satellite1 planet15 instrument1 infrared1)
2.733: (take_image satellite0 phenomenon16 instrument0 thermograph2)
2.733: (take_image satellite0 phenomenon16 instrument0 image6)
2.938: (take_image satellite1 phenomenon17 instrument1 infrared1)
2.938: (turn_to satellite1 groundstation4 phenomenon17)
2.938: (take_image satellite0 planet14 instrument0 thermograph2)
2.938: (take_image satellite0 planet14 instrument0 image6)
2.938: (turn_to satellite1 phenomenon16 phenomenon17)
2.938: (take_image satellite0 planet14 instrument0 infrared4)
2.938: (turn_to satellite0 phenomenon16 planet14)
2.938: (turn_to satellite1 star7 phenomenon17)
2.938: (turn_to satellite1 groundstation12 phenomenon17)
2.938: (turn_to satellite1 star10 phenomenon17)
2.938: (turn_to satellite1 star9 phenomenon17)
2.938: (turn_to satellite1 star8 phenomenon17)
2.938: (turn_to satellite1 star2 phenomenon17)
2.938: (turn_to satellite1 star6 phenomenon17)
2.938: (turn_to satellite1 star5 phenomenon17)
2.938: (turn_to satellite1 star3 phenomenon17)
2.938: (turn_to satellite0 star2 planet14)
2.938: (turn_to satellite0 star7 planet14)
2.938: (turn_to satellite0 star9 planet14)
2.938: (turn_to satellite0 star8 planet14)
2.938: (turn_to satellite0 star6 planet14)
2.938: (turn_to satellite0 star5 planet14)
2.938: (turn_to satellite0 groundstation12 planet14)
2.938: (turn_to satellite0 star10 planet14)
2.938: (turn_to satellite1 star13 phenomenon17)
2.938: (turn_to satellite1 groundstation11 phenomenon17)
2.938: (turn_to satellite1 star0 phenomenon17)
2.939: (turn_to satellite0 star13 planet14)
2.939: (turn_to satellite0 groundstation11 planet14)
2.939: (turn_to satellite0 star0 planet14)
2.939: (turn_to satellite0 star3 planet14)
2.939: (turn_to satellite1 star1 phenomenon17)
2.939: (turn_to satellite0 star1 planet14)
2.941: (take_image satellite1 phenomenon16 instrument1 image0)
2.941: (take_image satellite1 phenomenon16 instrument1 infrared5)
2.941: (take_image satellite0 phenomenon17 instrument0 image6)
2.941: (take_image satellite0 phenomenon17 instrument0 thermograph2)
2.941: (take_image satellite0 phenomenon17 instrument0 infrared1)
2.941: (take_image satellite1 phenomenon16 instrument1 infrared1)
2.941: (take_image satellite1 phenomenon16 instrument1 infrared5)
2.941: (take_image satellite1 phenomenon16 instrument1 image0)
2.941: (take_image satellite1 phenomenon16 instrument1 infrared5)
2.941: (take_image satellite1 phenomenon16 instrument1 infrared1)
2.941: (take_image satellite0 phenomenon17 instrument0 infrared1)
2.941: (take_image satellite1 phenomenon16 instrument1 infrared5)
2.941: (take_image satellite1 phenomenon16 instrument1 image0)
2.941: (take_image satellite0 phenomenon17 instrument0 infrared3)
2.941: (take_image satellite0 phenomenon17 instrument0 infrared4)
2.941: (take_image satellite0 phenomenon17 instrument0 thermograph2)
2.941: (take_image satellite0 phenomenon17 instrument0 image6)
2.941: (take_image satellite0 phenomenon17 instrument0 thermograph2)
2.941: (take_image satellite0 phenomenon17 instrument0 image6)
2.941: (take_image satellite1 phenomenon16 instrument1 infrared1)
2.941: (take_image satellite0 phenomenon17 instrument0 infrared1)
2.941: (take_image satellite1 phenomenon16 instrument1 infrared1)
2.941: (take_image satellite0 phenomenon17 instrument0 infrared1)
2.941: (take_image satellite1 phenomenon16 instrument1 infrared1)
2.941: (take_image satellite0 phenomenon17 instrument0 infrared1)
2.941: (take_image satellite0 phenomenon17 instrument0 thermograph2)
2.941: (take_image satellite0 phenomenon17 instrument0 image6)
2.941: (take_image satellite0 phenomenon17 instrument0 infrared3)
2.941: (take_image satellite0 phenomenon17 instrument0 infrared4)
2.941: (take_image satellite0 phenomenon16 instrument0 infrared4)
1.092: (turn_to satellite1 planet15 phenomenon17)
1.092: (turn_to satellite0 planet14 planet15)
1.092: (turn_to satellite0 planet15 planet14)
1.294: (turn_to satellite1 planet15 phenomenon17)
1.294: (turn_to satellite0 groundstation4 planet15)
1.294: (turn_to satellite0 groundstation4 planet14)
1.936: (turn_to satellite1 phenomenon17 phenomenon16)
1.937: (turn_to satellite1 groundstation4 phenomenon17)
1.937: (turn_to satellite1 groundstation11 phenomenon17)
1.937: (turn_to satellite1 star0 phenomenon17)
1.937: (turn_to satellite1 star13 phenomenon17)
1.937: (turn_to satellite0 planet15 planet14)
1.937: (turn_to satellite0 planet15 planet14)
1.937: (turn_to satellite0 planet15 planet14)
1.937: (turn_to satellite0 planet15 planet14)
1.937: (turn_to satellite0 planet15 planet14)
1.937: (turn_to satellite0 planet15 planet14)
1.938: (turn_to satellite0 planet15 planet14)
1.938: (turn_to satellite0 planet15 planet14)
1.938: (turn_to satellite0 planet15 planet14)
1.938: (turn_to satellite1 star3 phenomenon17)
1.938: (turn_to satellite0 planet15 planet14)
1.938: (turn_to satellite1 star10 phenomenon17)
1.938: (turn_to satellite1 groundstation12 phenomenon17)
1.938: (turn_to satellite1 star9 phenomenon17)
1.938: (turn_to satellite1 star2 phenomenon17)
1.938: (turn_to satellite1 star8 phenomenon17)
1.938: (turn_to satellite1 star7 phenomenon17)
1.938: (turn_to satellite1 star6 phenomenon17)
1.938: (turn_to satellite1 star5 phenomenon17)
1.938: (turn_to satellite0 planet15 planet14)
1.938: (turn_to satellite0 planet15 planet14)
1.938: (turn_to satellite0 star3 planet15)
1.938: (turn_to satellite0 star3 planet14)
1.938: (turn_to satellite1 planet15 phenomenon17)
1.938: (turn_to satellite0 planet15 planet14)
1.938: (turn_to satellite0 planet15 planet14)
1.938: (turn_to satellite0 star0 planet14)
1.938: (turn_to satellite0 groundstation11 planet14)
1.938: (turn_to satellite0 star13 planet14)
1.938: (turn_to satellite0 groundstation11 planet15)
1.938: (turn_to satellite0 star0 planet15)
1.938: (turn_to satellite0 star13 planet15)
1.938: (turn_to satellite0 planet15 planet14)
1.938: (turn_to satellite1 planet15 phenomenon17)
1.938: (turn_to satellite0 planet15 planet14)
1.938: (take_image satellite1 phenomenon17 instrument1 infrared1)
1.938: (turn_to satellite0 planet15 planet14)
1.938: (turn_to satellite1 phenomenon16 phenomenon17)
1.938: (turn_to satellite1 planet15 phenomenon17)
1.938: (take_image satellite0 planet15 instrument0 infrared3)
1.938: (take_image satellite0 planet15 instrument0 image6)
1.938: (take_image satellite0 planet15 instrument0 thermograph2)
1.938: (turn_to satellite1 star1 phenomenon17)
1.938: (turn_to satellite0 planet15 planet14)
1.938: (turn_to satellite0 star8 planet15)
1.938: (turn_to satellite0 star2 planet15)
1.938: (turn_to satellite0 star6 planet15)
1.938: (turn_to satellite0 star7 planet15)
1.938: (turn_to satellite0 star5 planet15)
1.938: (turn_to satellite0 groundstation12 planet15)
1.938: (turn_to satellite0 star10 planet15)
1.938: (turn_to satellite0 star9 planet15)
1.938: (turn_to satellite0 star5 planet14)
1.938: (turn_to satellite0 groundstation12 planet14)
1.938: (turn_to satellite0 star10 planet14)
1.938: (turn_to satellite0 star2 planet14)
1.938: (turn_to satellite0 star9 planet14)
1.938: (turn_to satellite0 star8 planet14)
1.938: (turn_to satellite0 star7 planet14)
1.938: (turn_to satellite0 star6 planet14)
1.938: (turn_to satellite1 planet15 phenomenon17)
1.938: (turn_to satellite1 planet15 phenomenon17)
1.938: (turn_to satellite1 planet14 phenomenon17)
1.938: (turn_to satellite1 planet15 phenomenon17)
1.938: (turn_to satellite1 planet15 phenomenon17)
1.938: (turn_to satellite1 planet15 phenomenon17)
1.938: (turn_to satellite1 planet15 phenomenon17)
1.938: (turn_to satellite0 planet14 planet15)
1.938: (turn_to satellite0 phenomenon16 planet15)
0.932: (take_image satellite0 planet15 instrument0 infrared1)
1.091: (turn_to satellite1 planet15 phenomenon17)
1.091: (turn_to satellite1 planet15 phenomenon17)
1.091: (turn_to satellite1 planet15 phenomenon17)
1.091: (turn_to satellite1 planet15 phenomenon17)
1.092: (turn_to satellite1 planet15 phenomenon17)
1.092: (turn_to satellite1 planet15 phenomenon17)
1.092: (turn_to satellite1 planet15 phenomenon17)
1.092: (take_image satellite0 planet15 instrument0 infrared3)
1.092: (take_image satellite0 planet14 instrument0 image6)
1.092: (take_image satellite0 planet14 instrument0 thermograph2)
1.092: (take_image satellite0 planet15 instrument0 thermograph2)
1.092: (take_image satellite0 planet15 instrument0 image6)
1.092: (take_image satellite0 planet14 instrument0 infrared4)
1.092: (turn_to satellite0 planet15 planet14)
1.092: (take_image satellite1 planet14 instrument1 image0)
1.092: (take_image satellite1 planet14 instrument1 infrared5)
1.092: (take_image satellite1 planet15 instrument1 infrared5)
1.092: (take_image satellite1 planet15 instrument1 image0)
1.093: (turn_to satellite0 planet15 planet14)
1.093: (turn_to satellite0 planet15 planet14)
1.106: (take_image satellite0 planet15 instrument0 infrared4)
1.106: (take_image satellite0 planet14 instrument0 infrared3)
1.294: (turn_to satellite0 groundstation4 planet14)
1.294: (take_image satellite0 groundstation4 instrument0 thermograph2)
1.294: (take_image satellite0 groundstation4 instrument0 infrared4)
1.294: (take_image satellite0 groundstation4 instrument0 image6)
1.294: (turn_to satellite0 groundstation4 planet14)
1.294: (turn_to satellite0 groundstation4 planet14)
1.294: (take_image satellite0 groundstation4 instrument0 infrared3)
1.294: (take_image satellite1 planet14 instrument1 image0)
1.294: (take_image satellite1 planet14 instrument1 infrared5)
1.294: (take_image satellite0 groundstation4 instrument0 infrared1)
1.294: (take_image satellite0 groundstation4 instrument0 image6)
1.294: (take_image satellite0 groundstation4 instrument0 thermograph2)
1.294: (take_image satellite0 groundstation4 instrument0 infrared3)
1.294: (take_image satellite0 groundstation4 instrument0 infrared4)
1.294: (take_image satellite1 planet15 instrument1 infrared5)
1.294: (take_image satellite1 planet15 instrument1 image0)
1.294: (take_image satellite0 groundstation4 instrument0 infrared1)
1.820: (turn_to satellite0 groundstation4 phenomenon16)
1.934: (turn_to satellite0 star7 phenomenon16)
1.934: (turn_to satellite0 star2 phenomenon16)
1.934: (turn_to satellite0 star6 phenomenon16)
1.934: (turn_to satellite0 groundstation12 phenomenon16)
1.934: (turn_to satellite0 star10 phenomenon16)
1.934: (turn_to satellite0 star9 phenomenon16)
1.934: (turn_to satellite0 star8 phenomenon16)
1.934: (turn_to satellite0 star5 phenomenon16)
1.934: (turn_to satellite0 star3 phenomenon16)
1.935: (turn_to satellite0 planet15 phenomenon16)
1.935: (turn_to satellite0 planet14 phenomenon16)
1.936: (take_image satellite0 phenomenon16 instrument0 infrared1)
1.936: (turn_to satellite0 star1 phenomenon16)
1.936: (take_image satellite1 phenomenon17 instrument1 infrared1)
1.936: (take_image satellite0 phenomenon16 instrument0 infrared4)
1.936: (take_image satellite0 phenomenon16 instrument0 infrared3)
1.936: (switch_off instrument0 satellite0)
1.936: (turn_to satellite0 star13 phenomenon16)
1.936: (turn_to satellite0 star0 phenomenon16)
1.936: (turn_to satellite0 groundstation11 phenomenon16)
1.936: (turn_to satellite1 groundstation4 phenomenon17)
1.937: (turn_to satellite1 groundstation4 phenomenon17)
1.937: (turn_to satellite1 groundstation4 phenomenon17)
1.937: (turn_to satellite1 groundstation4 phenomenon17)
1.937: (turn_to satellite1 groundstation4 phenomenon17)
1.937: (turn_to satellite1 star13 phenomenon17)
1.937: (turn_to satellite1 star0 phenomenon17)
1.937: (turn_to satellite1 groundstation11 phenomenon17)
1.937: (turn_to satellite1 groundstation4 phenomenon17)
1.937: (turn_to satellite1 groundstation4 phenomenon17)
1.937: (turn_to satellite1 star13 phenomenon17)
1.937: (turn_to satellite1 groundstation11 phenomenon17)
1.937: (turn_to satellite1 star0 phenomenon17)
1.937: (turn_to satellite1 star13 phenomenon17)
1.937: (turn_to satellite1 star0 phenomenon17)
1.937: (turn_to satellite1 groundstation11 phenomenon17)
1.937: (turn_to satellite1 phenomenon16 phenomenon17)
1.937: (take_image satellite0 planet15 instrument0 infrared3)
1.937: (take_image satellite1 phenomenon17 instrument1 infrared5)
-0.022: (take_image satellite0 planet15 instrument0 infrared4)
[Final] Expanded: 964, Generated: 43256
Found a solution of length 19!
   1: (turn_to satellite1 star13 planet15)
   2: (switch_on instrument0 satellite0)
   3: (turn_to satellite0 star3 groundstation4)
   4: (calibrate satellite0 instrument0 star3)
   5: (switch_on instrument1 satellite1)
   6: (calibrate satellite1 instrument1 star13)
   7: (turn_to satellite1 phenomenon17 star13)
   8: (turn_to satellite0 phenomenon16 star3)
   9: (take_image satellite0 phenomenon16 instrument0 image6)
  10: (take_image satellite0 phenomenon16 instrument0 thermograph2)
  11: (take_image satellite1 phenomenon17 instrument1 image0)
  12: (take_image satellite1 phenomenon17 instrument1 infrared5)
  13: (turn_to satellite0 planet14 phenomenon16)
  14: (take_image satellite0 planet14 instrument0 infrared3)
  15: (take_image satellite0 planet14 instrument0 infrared1)
  16: (turn_to satellite0 planet15 planet14)
  17: (turn_to satellite1 groundstation4 phenomenon17)
  18: (take_image satellite0 planet15 instrument0 infrared1)
  19: (take_image satellite0 planet15 instrument0 infrared4)
