Torch: 2.12.0+cu130
Using GPU:  NVIDIA L40S
[Bellman] lambda=0 -> baseline (no widening signal)
[Binc] OPTION6 binc_beta=1.0 binc_eps=1.0 signal=BELLMAN INCONSISTENCY (1-step min-W1 parent-vs-child, B_good within eps) vs SIBLINGS (boosts exploration toward inconsistent children; prior untouched) [SHUFFLE CONTROL: signal-blind placement]
[Value] SELF-CONSISTENT: leaf value = QR-DQN max_a mean Z(s,a) (SAC critics bypassed; prior still SAC policy)
/u/ibrahim.eisawy/Neural-Guided-Search/venv/lib/python3.10/site-packages/pymimir_rgnn/model.py:162: UserWarning: index_reduce() is in beta and the API may change at any time. (Triggered internally at /pytorch/aten/src/ATen/native/cuda/Indexing.cu:1541.)
  exps_max.index_reduce_(0, output_indices, output_messages, reduce="amax", include_self=False)
  [sim 9] found goal path of length 7
[Final] Expanded: 17, Generated: 17
[Cost] IQN forward calls (Bellman signal): 31
[Widen] nodes widened: 0, mean w: 0.0000
[Binc] child-edges modulated: 23, mean mult: 1.0000 (1.0 = no change; >1 = boosted toward inconsistent)
[search done] simulations=9, unique states generated=17
Found a solution of length 7!
   1: (move f5-7f f4-7f)
   2: (move f4-7f f3-7f)
   3: (move f3-7f f2-7f)
   4: (move f2-7f f1-7f)
   5: (detonate-bomb f1-7f f0-7f)
   6: (move f1-7f f0-7f)
   7: (pick-gold f0-7f)
