Torch: 2.12.0+cu130
Using GPU:  NVIDIA L40S
[oracle] IQN uncertainty oracle loaded: models/goldminer_iqn.pth (width_beta=0.0, width_gamma=0.0, width_tau=0.0, width_lambda=2.0)
/u/ibrahim.eisawy/Neural-Guided-Search/venv/lib/python3.10/site-packages/pymimir_rgnn/model.py:162: UserWarning: index_reduce() is in beta and the API may change at any time. (Triggered internally at /pytorch/aten/src/ATen/native/cuda/Indexing.cu:1541.)
  exps_max.index_reduce_(0, output_indices, output_messages, reduce="amax", include_self=False)
  [sim 500] root visits=500, unique states=1600, generated=1599
  [sim 1000] root visits=1000, unique states=2934, generated=2933
  [sim 1500] root visits=1500, unique states=3354, generated=3353
  [sim 2000] root visits=2000, unique states=3354, generated=3353
  [sim 2500] root visits=2500, unique states=3709, generated=3708
  [sim 3000] root visits=3000, unique states=4339, generated=4338
  [sim 3500] root visits=3500, unique states=5023, generated=5022
  [sim 4000] root visits=4000, unique states=5514, generated=5513
  [sim 4375] found goal path of length 73
[Final] Expanded: 6383, Generated: 6383
[search done] simulations=4375, unique states generated=6383
Found a solution of length 73!
   1: (move f6-0f f5-0f)
   2: (move f5-0f f4-0f)
   3: (move f4-0f f3-0f)
   4: (move f3-0f f2-0f)
   5: (move f2-0f f1-0f)
   6: (move f1-0f f0-0f)
   7: (pickup-laser f0-0f)
   8: (move f0-0f f1-0f)
   9: (move f1-0f f2-0f)
  10: (move f2-0f f3-0f)
  11: (fire-laser f3-0f f3-1f)
  12: (move f3-0f f4-0f)
  13: (fire-laser f4-0f f4-1f)
  14: (move f4-0f f4-1f)
  15: (fire-laser f4-1f f5-1f)
  16: (fire-laser f4-1f f4-2f)
  17: (move f4-1f f5-1f)
  18: (fire-laser f5-1f f6-1f)
  19: (move f5-1f f4-1f)
  20: (move f4-1f f4-2f)
  21: (fire-laser f4-2f f5-2f)
  22: (move f4-2f f5-2f)
  23: (fire-laser f5-2f f6-2f)
  24: (move f5-2f f6-2f)
  25: (fire-laser f6-2f f6-3f)
  26: (move f6-2f f6-3f)
  27: (fire-laser f6-3f f6-4f)
  28: (move f6-3f f6-4f)
  29: (fire-laser f6-4f f6-5f)
  30: (move f6-4f f6-5f)
  31: (fire-laser f6-5f f6-6f)
  32: (move f6-5f f6-6f)
  33: (fire-laser f6-6f f6-7f)
  34: (move f6-6f f6-7f)
  35: (fire-laser f6-7f f6-8f)
  36: (move f6-7f f6-8f)
  37: (putdown-laser f6-8f)
  38: (move f6-8f f6-7f)
  39: (move f6-7f f6-6f)
  40: (move f6-6f f6-5f)
  41: (move f6-5f f6-4f)
  42: (move f6-4f f6-3f)
  43: (move f6-3f f6-2f)
  44: (move f6-2f f5-2f)
  45: (move f5-2f f5-1f)
  46: (move f5-1f f6-1f)
  47: (move f6-1f f6-0f)
  48: (move f6-0f f5-0f)
  49: (move f5-0f f4-0f)
  50: (move f4-0f f4-1f)
  51: (move f4-1f f3-1f)
  52: (move f3-1f f3-0f)
  53: (move f3-0f f2-0f)
  54: (move f2-0f f1-0f)
  55: (move f1-0f f0-0f)
  56: (pickup-bomb f0-0f)
  57: (move f0-0f f1-0f)
  58: (move f1-0f f2-0f)
  59: (move f2-0f f3-0f)
  60: (move f3-0f f4-0f)
  61: (move f4-0f f5-0f)
  62: (move f5-0f f5-1f)
  63: (move f5-1f f5-2f)
  64: (move f5-2f f6-2f)
  65: (move f6-2f f6-3f)
  66: (move f6-3f f6-4f)
  67: (move f6-4f f6-5f)
  68: (move f6-5f f6-6f)
  69: (move f6-6f f6-7f)
  70: (move f6-7f f6-8f)
  71: (detonate-bomb f6-8f f6-9f)
  72: (move f6-8f f6-9f)
  73: (pick-gold f6-9f)
