/u/ibrahim.eisawy/Neural-Guided-Search/venv/lib/python3.10/site-packages/pymimir_rgnn/model.py:162: UserWarning: index_reduce() is in beta and the API may change at any time. (Triggered internally at /pytorch/aten/src/ATen/native/cuda/Indexing.cu:1541.)
  exps_max.index_reduce_(0, output_indices, output_messages, reduce="amax", include_self=False)
Torch: 2.12.0+cu130
Using GPU:  NVIDIA L40S
29.337: (calibrate rover4 camera4 objective12 waypoint27)
32.645: (take_image rover4 waypoint27 objective12 camera4 high_res)
16.134: (calibrate rover1 camera6 objective9 waypoint28)
19.534: (calibrate rover0 camera5 objective9 waypoint20)
21.048: (calibrate rover2 camera11 objective1 waypoint5)
22.889: (take_image rover2 waypoint5 objective5 camera11 colour)
-10.856: (navigate rover4 waypoint27 waypoint45)
-11.241: (calibrate rover4 camera4 objective12 waypoint45)
-12.555: (navigate rover3 waypoint1 waypoint17)
-12.694: (navigate rover1 waypoint28 waypoint33)
-15.379: (navigate rover2 waypoint5 waypoint37)
-13.785: (navigate rover2 waypoint37 waypoint42)
-22.056: (navigate rover0 waypoint20 waypoint17)
-27.635: (sample_soil rover0 rover0store waypoint17)
-29.905: (sample_soil rover4 rover4store waypoint45)
-13.450: (navigate rover4 waypoint45 waypoint27)
-20.888: (navigate rover4 waypoint27 waypoint12)
-34.115: (calibrate rover2 camera11 objective1 waypoint42)
-40.962: (drop rover4 rover4store)
-35.144: (sample_soil rover4 rover4store waypoint12)
-41.471: (drop rover4 rover4store)
-42.411: (drop rover0 rover0store)
-49.605: (navigate rover3 waypoint17 waypoint1)
-36.456: (navigate rover3 waypoint1 waypoint20)
3.923: (calibrate rover3 camera1 objective12 waypoint20)
-34.544: (navigate rover3 waypoint20 waypoint1)
-32.213: (navigate rover3 waypoint1 waypoint17)
-58.061: (take_image rover1 waypoint33 objective12 camera6 colour)
-39.228: (calibrate rover1 camera9 objective6 waypoint33)
-59.666: (calibrate rover2 camera10 objective12 waypoint42)
-60.932: (calibrate rover1 camera6 objective9 waypoint33)
-61.853: (calibrate rover2 camera12 objective3 waypoint42)
-62.091: (take_image rover2 waypoint42 objective12 camera12 high_res)
-62.207: (calibrate rover2 camera12 objective3 waypoint42)
-63.205: (calibrate rover2 camera8 objective0 waypoint42)
-63.861: (take_image rover2 waypoint42 objective12 camera8 colour)
-63.305: (take_image rover2 waypoint42 objective12 camera12 high_res)
-62.471: (calibrate rover2 camera8 objective0 waypoint42)
-63.244: (calibrate rover2 camera12 objective3 waypoint42)
-64.539: (take_image rover1 waypoint33 objective12 camera6 colour)
-63.536: (take_image rover2 waypoint42 objective12 camera8 colour)
-62.800: (take_image rover2 waypoint42 objective12 camera12 high_res)
-61.942: (calibrate rover2 camera8 objective0 waypoint42)
-63.026: (take_image rover1 waypoint33 objective12 camera9 colour)
-50.064: (calibrate rover1 camera6 objective9 waypoint33)
-62.595: (take_image rover2 waypoint42 objective12 camera8 colour)
-61.791: (calibrate rover2 camera12 objective3 waypoint42)
-62.783: (calibrate rover2 camera8 objective0 waypoint42)
-63.775: (take_image rover1 waypoint33 objective12 camera6 colour)
-60.909: (take_image rover2 waypoint42 objective12 camera8 colour)
-60.198: (take_image rover2 waypoint42 objective12 camera12 high_res)
-62.832: (navigate rover4 waypoint12 waypoint43)
-29.508: (navigate rover4 waypoint43 waypoint17)
-42.125: (calibrate rover1 camera9 objective6 waypoint33)
-61.467: (calibrate rover1 camera6 objective9 waypoint33)
-62.654: (calibrate rover2 camera8 objective0 waypoint42)
-63.684: (calibrate rover2 camera12 objective3 waypoint42)
-64.286: (take_image rover2 waypoint42 objective12 camera8 colour)
-63.889: (take_image rover1 waypoint33 objective12 camera6 colour)
-63.003: (calibrate rover2 camera8 objective0 waypoint42)
-63.943: (take_image rover2 waypoint42 objective12 camera12 high_res)
-63.235: (take_image rover1 waypoint33 objective12 camera9 colour)
-50.376: (calibrate rover1 camera6 objective9 waypoint33)
-62.792: (take_image rover2 waypoint42 objective12 camera8 colour)
-62.263: (calibrate rover2 camera12 objective3 waypoint42)
-62.989: (calibrate rover2 camera8 objective0 waypoint42)
-63.987: (take_image rover1 waypoint33 objective12 camera6 colour)
-61.265: (take_image rover2 waypoint42 objective12 camera8 colour)
-62.257: (take_image rover2 waypoint42 objective12 camera10 colour)
-34.575: (calibrate rover1 camera9 objective6 waypoint33)
-61.198: (calibrate rover1 camera6 objective9 waypoint33)
-62.213: (take_image rover2 waypoint42 objective12 camera12 high_res)
-62.479: (take_image rover1 waypoint33 objective12 camera6 colour)
-61.876: (take_image rover1 waypoint33 objective12 camera9 colour)
-53.051: (calibrate rover1 camera6 objective9 waypoint33)
-61.961: (calibrate rover2 camera8 objective0 waypoint42)
-59.620: (calibrate rover1 camera9 objective6 waypoint33)
-62.875: (take_image rover1 waypoint33 objective12 camera6 colour)
-62.206: (take_image rover1 waypoint33 objective12 camera9 colour)
-60.361: (calibrate rover2 camera12 objective3 waypoint42)
-35.328: (calibrate rover1 camera9 objective6 waypoint33)
-62.126: (calibrate rover1 camera6 objective9 waypoint33)
-63.858: (take_image rover1 waypoint33 objective12 camera9 colour)
-62.351: (take_image rover2 waypoint42 objective12 camera8 colour)
-63.593: (take_image rover2 waypoint42 objective12 camera11 colour)
-58.731: (calibrate rover1 camera9 objective6 waypoint33)
-60.552: (calibrate rover2 camera10 objective12 waypoint42)
-62.406: (calibrate rover2 camera8 objective0 waypoint42)
-63.524: (take_image rover2 waypoint42 objective12 camera12 high_res)
-62.452: (take_image rover2 waypoint42 objective12 camera8 colour)
-62.560: (take_image rover1 waypoint33 objective12 camera6 colour)
-60.820: (calibrate rover2 camera8 objective0 waypoint42)
-62.033: (calibrate rover2 camera12 objective3 waypoint42)
-62.809: (take_image rover2 waypoint42 objective12 camera8 colour)
-62.347: (take_image rover1 waypoint33 objective12 camera9 colour)
-49.479: (calibrate rover1 camera6 objective9 waypoint33)
-61.859: (calibrate rover2 camera8 objective0 waypoint42)
-63.002: (take_image rover2 waypoint42 objective12 camera12 high_res)
-61.970: (take_image rover2 waypoint42 objective12 camera8 colour)
-61.970: (take_image rover1 waypoint33 objective12 camera6 colour)
-59.450: (calibrate rover2 camera8 objective0 waypoint42)
-59.528: (calibrate rover2 camera12 objective3 waypoint42)
-62.275: (take_image rover2 waypoint42 objective12 camera10 colour)
-34.538: (calibrate rover1 camera9 objective6 waypoint33)
-61.206: (calibrate rover1 camera6 objective9 waypoint33)
-62.298: (take_image rover2 waypoint42 objective12 camera12 high_res)
-61.222: (take_image rover2 waypoint42 objective12 camera8 colour)
-60.099: (take_image rover1 waypoint33 objective12 camera6 colour)
-51.831: (calibrate rover2 camera8 objective0 waypoint42)
-61.308: (take_image rover1 waypoint33 objective12 camera9 colour)
-48.553: (calibrate rover1 camera6 objective9 waypoint33)
-60.760: (take_image rover2 waypoint42 objective12 camera8 colour)
-59.415: (take_image rover1 waypoint33 objective12 camera6 colour)
-53.702: (calibrate rover2 camera12 objective3 waypoint42)
-34.335: (calibrate rover1 camera9 objective6 waypoint33)
-61.537: (take_image rover1 waypoint33 objective12 camera9 high_res)
-34.893: (calibrate rover1 camera9 objective6 waypoint33)
-60.102: (calibrate rover2 camera10 objective12 waypoint42)
-61.269: (calibrate rover1 camera6 objective9 waypoint33)
-61.973: (calibrate rover2 camera11 objective1 waypoint42)
-63.590: (calibrate rover2 camera8 objective0 waypoint42)
-64.644: (take_image rover2 waypoint42 objective12 camera12 high_res)
-63.386: (take_image rover2 waypoint42 objective12 camera8 colour)
-63.561: (take_image rover1 waypoint33 objective12 camera6 colour)
-62.178: (calibrate rover2 camera8 objective0 waypoint42)
-63.236: (calibrate rover2 camera12 objective3 waypoint42)
-63.830: (take_image rover2 waypoint42 objective12 camera8 colour)
-63.316: (take_image rover1 waypoint33 objective12 camera9 colour)
-50.784: (calibrate rover1 camera6 objective9 waypoint33)
-63.041: (calibrate rover2 camera8 objective0 waypoint42)
-64.075: (take_image rover1 waypoint33 objective12 camera6 colour)
-61.626: (take_image rover2 waypoint42 objective12 camera12 high_res)
-50.789: (calibrate rover1 camera6 objective9 waypoint33)
-62.885: (take_image rover2 waypoint42 objective12 camera8 colour)
-62.919: (take_image rover1 waypoint33 objective12 camera6 colour)
-62.977: (navigate rover4 waypoint17 waypoint43)
-27.235: (navigate rover4 waypoint43 waypoint12)
-42.346: (calibrate rover1 camera9 objective6 waypoint33)
-61.374: (calibrate rover1 camera6 objective9 waypoint33)
-62.417: (calibrate rover2 camera12 objective3 waypoint42)
-63.386: (calibrate rover2 camera8 objective0 waypoint42)
-64.442: (take_image rover2 waypoint42 objective12 camera12 high_res)
-63.782: (take_image rover1 waypoint33 objective12 camera6 colour)
-62.800: (calibrate rover2 camera12 objective3 waypoint42)
-63.629: (take_image rover2 waypoint42 objective12 camera8 colour)
-63.108: (take_image rover1 waypoint33 objective12 camera9 colour)
-50.471: (calibrate rover1 camera6 objective9 waypoint33)
-62.836: (calibrate rover2 camera8 objective0 waypoint42)
-63.866: (take_image rover1 waypoint33 objective12 camera6 colour)
-61.270: (take_image rover2 waypoint42 objective12 camera12 high_res)
-50.476: (calibrate rover1 camera6 objective9 waypoint33)
-62.690: (take_image rover2 waypoint42 objective12 camera8 colour)
-64.767: (navigate rover4 waypoint12 waypoint43)
-49.283: (sample_soil rover4 rover4store waypoint43)
-19.290: (navigate rover4 waypoint43 waypoint12)
-43.849: (drop rover4 rover4store)
-59.998: (calibrate rover1 camera9 objective6 waypoint33)
-62.569: (calibrate rover2 camera12 objective3 waypoint42)
-63.540: (calibrate rover2 camera8 objective0 waypoint42)
-64.613: (take_image rover2 waypoint42 objective12 camera12 high_res)
-63.937: (take_image rover1 waypoint33 objective12 camera6 colour)
-62.848: (take_image rover2 waypoint42 objective12 camera8 colour)
-62.050: (calibrate rover2 camera12 objective3 waypoint42)
-63.002: (calibrate rover2 camera8 objective0 waypoint42)
-64.094: (take_image rover1 waypoint33 objective12 camera9 colour)
-51.447: (calibrate rover1 camera6 objective9 waypoint33)
-63.773: (take_image rover2 waypoint42 objective12 camera8 colour)
-63.215: (take_image rover1 waypoint33 objective12 camera6 colour)
-60.505: (take_image rover2 waypoint42 objective12 camera12 high_res)
-60.516: (calibrate rover2 camera8 objective0 waypoint42)
-50.638: (calibrate rover1 camera6 objective9 waypoint33)
-64.773: (take_image rover2 waypoint42 objective12 camera10 colour)
-59.709: (calibrate rover1 camera9 objective6 waypoint33)
-62.045: (take_image rover2 waypoint42 objective12 camera8 colour)
-62.405: (calibrate rover2 camera12 objective3 waypoint42)
-62.920: (take_image rover1 waypoint33 objective12 camera6 colour)
-61.823: (take_image rover2 waypoint42 objective12 camera12 high_res)
-61.903: (take_image rover1 waypoint33 objective12 camera9 colour)
-53.250: (calibrate rover1 camera6 objective9 waypoint33)
-61.864: (calibrate rover2 camera12 objective3 waypoint42)
-62.199: (take_image rover1 waypoint33 objective12 camera6 colour)
-60.092: (calibrate rover2 camera8 objective0 waypoint42)
-35.727: (calibrate rover1 camera9 objective6 waypoint33)
-62.167: (calibrate rover1 camera6 objective9 waypoint33)
-63.905: (take_image rover1 waypoint33 objective12 camera9 colour)
-64.502: (take_image rover2 waypoint42 objective12 camera11 colour)
-59.704: (calibrate rover1 camera9 objective6 waypoint33)
-61.510: (calibrate rover2 camera10 objective12 waypoint42)
-63.377: (take_image rover2 waypoint42 objective12 camera8 colour)
-62.741: (take_image rover2 waypoint42 objective12 camera12 high_res)
-61.365: (calibrate rover2 camera8 objective0 waypoint42)
-63.070: (take_image rover1 waypoint33 objective12 camera6 colour)
-61.808: (calibrate rover2 camera12 objective3 waypoint42)
-62.855: (take_image rover2 waypoint42 objective12 camera8 colour)
-62.252: (take_image rover2 waypoint42 objective12 camera12 high_res)
-62.009: (take_image rover1 waypoint33 objective12 camera9 colour)
-53.068: (calibrate rover1 camera6 objective9 waypoint33)
-60.694: (calibrate rover2 camera12 objective3 waypoint42)
-61.864: (calibrate rover2 camera8 objective0 waypoint42)
-63.110: (take_image rover2 waypoint42 objective12 camera12 high_res)
-62.386: (take_image rover1 waypoint33 objective12 camera6 colour)
-59.154: (calibrate rover2 camera12 objective3 waypoint42)
-60.236: (take_image rover2 waypoint42 objective12 camera8 colour)
-61.275: (take_image rover2 waypoint42 objective12 camera10 colour)
-34.755: (calibrate rover1 camera9 objective6 waypoint33)
-60.355: (calibrate rover1 camera6 objective9 waypoint33)
-61.575: (take_image rover2 waypoint42 objective12 camera12 high_res)
-52.468: (calibrate rover2 camera8 objective0 waypoint42)
-62.021: (take_image rover1 waypoint33 objective12 camera6 colour)
-60.794: (take_image rover2 waypoint42 objective12 camera8 colour)
-59.470: (take_image rover1 waypoint33 objective12 camera9 colour)
-51.188: (calibrate rover1 camera6 objective9 waypoint33)
-51.871: (calibrate rover2 camera12 objective3 waypoint42)
-63.985: (take_image rover3 waypoint17 objective5 camera1 high_res)
-58.170: (calibrate rover1 camera9 objective6 waypoint33)
-59.878: (calibrate rover2 camera10 objective12 waypoint42)
-61.240: (calibrate rover2 camera11 objective1 waypoint42)
-62.668: (calibrate rover2 camera8 objective0 waypoint42)
-63.899: (take_image rover2 waypoint42 objective12 camera12 high_res)
-62.733: (take_image rover2 waypoint42 objective12 camera8 colour)
-63.016: (take_image rover1 waypoint33 objective12 camera6 colour)
-61.378: (calibrate rover2 camera8 objective0 waypoint42)
-62.050: (calibrate rover2 camera12 objective3 waypoint42)
-63.164: (take_image rover2 waypoint42 objective12 camera8 colour)
-62.668: (take_image rover1 waypoint33 objective12 camera9 colour)
-49.690: (calibrate rover1 camera6 objective9 waypoint33)
-62.129: (calibrate rover2 camera8 objective0 waypoint42)
-63.384: (take_image rover2 waypoint42 objective12 camera12 high_res)
-62.247: (take_image rover2 waypoint42 objective12 camera8 colour)
-62.395: (take_image rover1 waypoint33 objective12 camera6 colour)
-59.843: (calibrate rover2 camera8 objective0 waypoint42)
-59.431: (calibrate rover2 camera12 objective3 waypoint42)
-62.262: (navigate rover3 waypoint17 waypoint1)
-36.917: (calibrate rover1 camera9 objective6 waypoint33)
-41.076: (navigate rover3 waypoint1 waypoint20)
-44.785: (calibrate rover3 camera1 objective12 waypoint20)
-35.557: (navigate rover3 waypoint20 waypoint1)
-32.184: (navigate rover3 waypoint1 waypoint17)
-63.056: (calibrate rover1 camera6 objective9 waypoint33)
-64.446: (take_image rover2 waypoint42 objective12 camera8 colour)
-63.702: (take_image rover2 waypoint42 objective12 camera12 high_res)
-62.687: (calibrate rover2 camera8 objective0 waypoint42)
-64.052: (take_image rover1 waypoint33 objective12 camera6 colour)
-62.966: (take_image rover2 waypoint42 objective12 camera8 colour)
-62.091: (calibrate rover2 camera12 objective3 waypoint42)
-63.379: (take_image rover1 waypoint33 objective12 camera9 colour)
-50.675: (calibrate rover1 camera6 objective9 waypoint33)
-63.055: (calibrate rover2 camera8 objective0 waypoint42)
-64.130: (take_image rover2 waypoint42 objective12 camera12 high_res)
-62.961: (take_image rover2 waypoint42 objective12 camera8 colour)
-63.005: (take_image rover1 waypoint33 objective12 camera6 colour)
-60.533: (calibrate rover2 camera8 objective0 waypoint42)
-60.373: (calibrate rover2 camera12 objective3 waypoint42)
-63.176: (take_image rover2 waypoint42 objective12 camera10 colour)
-35.936: (calibrate rover1 camera9 objective6 waypoint33)
-62.248: (calibrate rover1 camera6 objective9 waypoint33)
-63.052: (take_image rover2 waypoint42 objective12 camera8 colour)
-62.423: (take_image rover2 waypoint42 objective12 camera12 high_res)
-62.542: (calibrate rover2 camera8 objective0 waypoint42)
-63.042: (take_image rover1 waypoint33 objective12 camera6 colour)
-61.674: (take_image rover2 waypoint42 objective12 camera8 colour)
-61.930: (calibrate rover2 camera12 objective3 waypoint42)
-62.363: (take_image rover1 waypoint33 objective12 camera9 colour)
-49.705: (calibrate rover1 camera6 objective9 waypoint33)
-61.928: (take_image rover2 waypoint42 objective12 camera12 high_res)
-62.005: (take_image rover1 waypoint33 objective12 camera6 colour)
-60.605: (calibrate rover2 camera8 objective0 waypoint42)
-49.695: (calibrate rover1 camera6 objective9 waypoint33)
-62.793: (calibrate rover2 camera12 objective3 waypoint42)
-64.602: (take_image rover2 waypoint42 objective12 camera11 colour)
-59.810: (calibrate rover1 camera9 objective6 waypoint33)
-61.583: (calibrate rover2 camera10 objective12 waypoint42)
-63.486: (take_image rover2 waypoint42 objective12 camera8 colour)
-62.837: (take_image rover2 waypoint42 objective12 camera12 high_res)
-61.379: (calibrate rover2 camera8 objective0 waypoint42)
-63.190: (take_image rover1 waypoint33 objective12 camera6 colour)
-61.896: (calibrate rover2 camera12 objective3 waypoint42)
-62.974: (take_image rover2 waypoint42 objective12 camera8 colour)
-62.350: (take_image rover2 waypoint42 objective12 camera12 high_res)
-62.123: (take_image rover1 waypoint33 objective12 camera9 colour)
-53.106: (calibrate rover1 camera6 objective9 waypoint33)
-60.760: (calibrate rover2 camera12 objective3 waypoint42)
-61.933: (calibrate rover2 camera8 objective0 waypoint42)
-63.203: (take_image rover2 waypoint42 objective12 camera12 high_res)
-62.535: (take_image rover1 waypoint33 objective12 camera6 colour)
-59.274: (calibrate rover2 camera12 objective3 waypoint42)
-60.361: (take_image rover2 waypoint42 objective12 camera8 colour)
-61.386: (take_image rover2 waypoint42 objective12 camera10 colour)
-34.902: (calibrate rover1 camera9 objective6 waypoint33)
-60.440: (calibrate rover1 camera6 objective9 waypoint33)
-61.677: (take_image rover2 waypoint42 objective12 camera12 high_res)
-52.433: (calibrate rover2 camera8 objective0 waypoint42)
-62.146: (take_image rover1 waypoint33 objective12 camera6 colour)
-60.922: (take_image rover2 waypoint42 objective12 camera8 colour)
-59.613: (take_image rover1 waypoint33 objective12 camera9 colour)
-51.228: (calibrate rover1 camera6 objective9 waypoint33)
-51.907: (calibrate rover2 camera8 objective0 waypoint42)
-61.500: (take_image rover1 waypoint33 objective12 camera6 colour)
-58.916: (calibrate rover2 camera12 objective3 waypoint42)
-35.148: (calibrate rover1 camera9 objective6 waypoint33)
-65.072: (navigate rover3 waypoint17 waypoint1)
-35.516: (navigate rover3 waypoint1 waypoint20)
-42.804: (navigate rover3 waypoint20 waypoint38)
-60.957: (calibrate rover2 camera10 objective12 waypoint42)
-22.934: (navigate rover3 waypoint38 waypoint20)
-34.600: (navigate rover3 waypoint20 waypoint1)
-36.974: (navigate rover3 waypoint1 waypoint10)
41.985: (communicate_image_data rover3 general objective5 high_res waypoint10 waypoint11)
27.888: (take_image rover0 waypoint17 objective5 camera5 colour)
25.076: (take_image rover4 waypoint12 objective5 camera4 high_res)
-15.432: (navigate rover3 waypoint10 waypoint1)
-29.310: (navigate rover3 waypoint1 waypoint17)
-60.307: (calibrate rover1 camera6 objective9 waypoint33)
-62.079: (calibrate rover2 camera11 objective1 waypoint42)
-63.226: (take_image rover2 waypoint42 objective12 camera8 colour)
-62.712: (take_image rover2 waypoint42 objective12 camera12 high_res)
-61.019: (calibrate rover2 camera8 objective0 waypoint42)
-62.906: (take_image rover1 waypoint33 objective12 camera6 colour)
-61.735: (calibrate rover2 camera12 objective3 waypoint42)
-62.665: (take_image rover2 waypoint42 objective12 camera8 colour)
-62.160: (take_image rover1 waypoint33 objective12 camera9 colour)
-48.196: (calibrate rover1 camera6 objective9 waypoint33)
-61.481: (calibrate rover2 camera8 objective0 waypoint42)
-62.954: (take_image rover1 waypoint33 objective12 camera6 colour)
-60.658: (take_image rover2 waypoint42 objective12 camera12 high_res)
-48.240: (calibrate rover1 camera6 objective9 waypoint33)
-61.818: (take_image rover2 waypoint42 objective12 camera8 colour)
-61.871: (take_image rover1 waypoint33 objective12 camera6 colour)
-41.890: (calibrate rover1 camera9 objective6 waypoint33)
-63.051: (navigate rover0 waypoint17 waypoint20)
-35.284: (navigate rover0 waypoint20 waypoint1)
1.245: (calibrate rover0 camera13 objective2 waypoint1)
-39.581: (navigate rover0 waypoint1 waypoint20)
-25.998: (navigate rover0 waypoint20 waypoint17)
-60.911: (calibrate rover1 camera6 objective9 waypoint33)
-62.187: (calibrate rover2 camera8 objective0 waypoint42)
-63.416: (calibrate rover2 camera12 objective3 waypoint42)
-64.121: (take_image rover2 waypoint42 objective12 camera8 colour)
-63.757: (take_image rover1 waypoint33 objective12 camera6 colour)
-62.573: (calibrate rover2 camera8 objective0 waypoint42)
-63.855: (take_image rover1 waypoint33 objective12 camera9 colour)
-50.562: (calibrate rover1 camera6 objective9 waypoint33)
-63.584: (take_image rover2 waypoint42 objective12 camera8 colour)
-63.040: (take_image rover1 waypoint33 objective12 camera6 colour)
-60.647: (take_image rover2 waypoint42 objective12 camera12 high_res)
-52.967: (calibrate rover1 camera6 objective9 waypoint33)
-61.657: (calibrate rover2 camera8 objective0 waypoint42)
-63.082: (take_image rover1 waypoint33 objective12 camera6 colour)
-36.045: (calibrate rover1 camera9 objective6 waypoint33)
-64.569: (take_image rover2 waypoint42 objective12 camera10 colour)
-60.656: (calibrate rover1 camera6 objective9 waypoint33)
-61.920: (take_image rover2 waypoint42 objective12 camera8 colour)
-62.251: (calibrate rover2 camera12 objective3 waypoint42)
-62.743: (take_image rover1 waypoint33 objective12 camera6 colour)
-61.797: (take_image rover2 waypoint42 objective12 camera12 high_res)
-61.708: (take_image rover1 waypoint33 objective12 camera9 colour)
-52.337: (calibrate rover1 camera6 objective9 waypoint33)
-61.511: (calibrate rover2 camera8 objective0 waypoint42)
-62.059: (take_image rover1 waypoint33 objective12 camera6 colour)
-60.105: (calibrate rover2 camera12 objective3 waypoint42)
-35.712: (calibrate rover1 camera9 objective6 waypoint33)
-61.529: (calibrate rover1 camera6 objective9 waypoint33)
-63.693: (take_image rover1 waypoint33 objective12 camera9 colour)
-62.222: (take_image rover2 waypoint42 objective12 camera8 colour)
-62.022: (take_image rover1 waypoint33 objective12 camera6 colour)
-60.913: (take_image rover2 waypoint42 objective12 camera11 colour)
-34.673: (calibrate rover1 camera9 objective6 waypoint33)
-59.719: (calibrate rover1 camera6 objective9 waypoint33)
-60.320: (calibrate rover2 camera10 objective12 waypoint42)
-61.993: (calibrate rover2 camera8 objective0 waypoint42)
-63.622: (take_image rover2 waypoint42 objective12 camera12 high_res)
-62.374: (take_image rover2 waypoint42 objective12 camera8 colour)
-62.453: (take_image rover1 waypoint33 objective12 camera6 colour)
-60.277: (calibrate rover2 camera8 objective0 waypoint42)
-61.718: (calibrate rover2 camera12 objective3 waypoint42)
-62.644: (take_image rover2 waypoint42 objective12 camera8 colour)
-62.179: (take_image rover1 waypoint33 objective12 camera9 colour)
-48.877: (calibrate rover1 camera6 objective9 waypoint33)
-61.448: (calibrate rover2 camera8 objective0 waypoint42)
-63.032: (take_image rover1 waypoint33 objective12 camera6 colour)
-60.641: (take_image rover2 waypoint42 objective12 camera12 high_res)
-48.964: (calibrate rover1 camera6 objective9 waypoint33)
-61.912: (take_image rover2 waypoint42 objective12 camera8 colour)
-61.873: (take_image rover1 waypoint33 objective12 camera6 colour)
-61.539: (navigate rover4 waypoint12 waypoint27)
-32.861: (navigate rover4 waypoint27 waypoint22)
-19.521: (navigate rover4 waypoint22 waypoint0)
-29.259: (sample_soil rover4 rover4store waypoint0)
-30.113: (navigate rover4 waypoint0 waypoint22)
-24.591: (navigate rover4 waypoint22 waypoint3)
31.849: (communicate_image_data rover4 general objective12 high_res waypoint3 waypoint11)
-1.358: (calibrate rover1 camera9 objective6 waypoint33)
-54.733: (drop rover4 rover4store)
-57.655: (navigate rover4 waypoint3 waypoint22)
-39.261: (navigate rover4 waypoint22 waypoint24)
-56.789: (navigate rover4 waypoint24 waypoint23)
-71.211: (calibrate rover1 camera6 objective9 waypoint33)
-47.761: (navigate rover4 waypoint23 waypoint24)
-58.193: (navigate rover4 waypoint24 waypoint22)
-38.688: (navigate rover4 waypoint22 waypoint3)
-59.516: (navigate rover4 waypoint3 waypoint2)
-72.510: (calibrate rover2 camera8 objective0 waypoint42)
-51.466: (navigate rover4 waypoint2 waypoint3)
-61.445: (navigate rover4 waypoint3 waypoint22)
-41.769: (navigate rover4 waypoint22 waypoint24)
-60.433: (navigate rover4 waypoint24 waypoint23)
-74.106: (calibrate rover2 camera11 objective1 waypoint42)
-51.140: (navigate rover4 waypoint23 waypoint24)
-62.540: (navigate rover4 waypoint24 waypoint22)
-41.840: (navigate rover4 waypoint22 waypoint3)
-63.939: (navigate rover4 waypoint3 waypoint2)
-77.271: (navigate rover3 waypoint17 waypoint1)
-56.607: (navigate rover4 waypoint2 waypoint3)
-60.048: (navigate rover3 waypoint1 waypoint10)
-64.420: (navigate rover4 waypoint3 waypoint22)
-44.225: (navigate rover4 waypoint22 waypoint24)
-57.207: (navigate rover3 waypoint10 waypoint1)
-60.913: (navigate rover3 waypoint1 waypoint41)
-55.183: (navigate rover3 waypoint41 waypoint12)
-62.936: (navigate rover4 waypoint24 waypoint22)
-42.274: (navigate rover4 waypoint22 waypoint3)
-64.355: (navigate rover4 waypoint3 waypoint2)
-77.905: (navigate rover3 waypoint12 waypoint41)
-53.594: (navigate rover4 waypoint2 waypoint3)
-60.096: (navigate rover3 waypoint41 waypoint37)
-63.649: (navigate rover4 waypoint3 waypoint22)
-43.302: (navigate rover4 waypoint22 waypoint24)
-62.613: (navigate rover4 waypoint24 waypoint23)
-51.048: (navigate rover3 waypoint37 waypoint41)
-49.949: (navigate rover3 waypoint41 waypoint12)
-77.933: (take_image rover0 waypoint17 objective5 camera13 colour)
-48.838: (navigate rover4 waypoint23 waypoint24)
-60.187: (navigate rover4 waypoint24 waypoint22)
-39.656: (navigate rover4 waypoint22 waypoint3)
-61.876: (navigate rover4 waypoint3 waypoint2)
-75.271: (navigate rover3 waypoint12 waypoint41)
-51.356: (navigate rover4 waypoint2 waypoint3)
-54.765: (navigate rover3 waypoint41 waypoint1)
-51.311: (navigate rover3 waypoint1 waypoint17)
-61.564: (navigate rover4 waypoint3 waypoint22)
-41.117: (navigate rover4 waypoint22 waypoint24)
-60.159: (navigate rover4 waypoint24 waypoint23)
-75.083: (navigate rover3 waypoint17 waypoint1)
-49.299: (navigate rover4 waypoint23 waypoint24)
-57.964: (navigate rover3 waypoint1 waypoint10)
-61.180: (navigate rover4 waypoint24 waypoint23)
-61.688: (navigate rover3 waypoint10 waypoint35)
-44.756: (navigate rover3 waypoint35 waypoint34)
-49.351: (navigate rover4 waypoint23 waypoint24)
-56.897: (navigate rover3 waypoint34 waypoint35)
-60.246: (navigate rover4 waypoint24 waypoint22)
-40.492: (navigate rover4 waypoint22 waypoint3)
-43.650: (navigate rover3 waypoint35 waypoint10)
-63.212: (navigate rover4 waypoint3 waypoint22)
-43.101: (navigate rover4 waypoint22 waypoint20)
-53.724: (navigate rover3 waypoint10 waypoint1)
-51.216: (navigate rover3 waypoint1 waypoint17)
-58.258: (navigate rover4 waypoint20 waypoint38)
-60.394: (sample_soil rover4 rover4store waypoint38)
-32.229: (navigate rover4 waypoint38 waypoint20)
-52.838: (drop rover4 rover4store)
-59.028: (navigate rover4 waypoint20 waypoint22)
-39.753: (navigate rover4 waypoint22 waypoint3)
-62.123: (navigate rover4 waypoint3 waypoint2)
-75.222: (navigate rover3 waypoint17 waypoint1)
-54.625: (navigate rover4 waypoint2 waypoint3)
-58.260: (navigate rover3 waypoint1 waypoint10)
-63.524: (navigate rover4 waypoint3 waypoint22)
-42.740: (navigate rover4 waypoint22 waypoint24)
-55.441: (navigate rover3 waypoint10 waypoint1)
-51.639: (navigate rover3 waypoint1 waypoint17)
-60.460: (navigate rover4 waypoint24 waypoint23)
-75.258: (navigate rover3 waypoint17 waypoint1)
-57.284: (navigate rover3 waypoint1 waypoint41)
-48.003: (navigate rover3 waypoint41 waypoint12)
-49.020: (navigate rover4 waypoint23 waypoint24)
-60.490: (navigate rover4 waypoint24 waypoint22)
-39.830: (navigate rover4 waypoint22 waypoint3)
-62.205: (navigate rover4 waypoint3 waypoint2)
-75.438: (navigate rover3 waypoint12 waypoint41)
-51.593: (navigate rover4 waypoint2 waypoint3)
-58.133: (navigate rover3 waypoint41 waypoint37)
-61.535: (navigate rover4 waypoint3 waypoint22)
-40.923: (navigate rover4 waypoint22 waypoint24)
-50.674: (navigate rover3 waypoint37 waypoint41)
-61.247: (navigate rover4 waypoint24 waypoint22)
-42.629: (navigate rover4 waypoint22 waypoint20)
-48.120: (navigate rover3 waypoint41 waypoint12)
-62.541: (navigate rover4 waypoint20 waypoint38)
-76.201: (navigate rover3 waypoint12 waypoint41)
-55.176: (navigate rover3 waypoint41 waypoint1)
-34.282: (navigate rover4 waypoint38 waypoint20)
-57.632: (navigate rover3 waypoint1 waypoint20)
-54.736: (navigate rover4 waypoint20 waypoint22)
-39.809: (navigate rover4 waypoint22 waypoint3)
-63.042: (navigate rover4 waypoint3 waypoint2)
-59.959: (navigate rover3 waypoint20 waypoint38)
-50.649: (navigate rover4 waypoint2 waypoint3)
-61.675: (navigate rover4 waypoint3 waypoint22)
-40.979: (navigate rover4 waypoint22 waypoint24)
-31.529: (navigate rover3 waypoint38 waypoint20)
-61.167: (navigate rover4 waypoint24 waypoint23)
-59.974: (navigate rover3 waypoint20 waypoint38)
-76.234: (navigate rover0 waypoint17 waypoint20)
-33.836: (navigate rover3 waypoint38 waypoint20)
-41.547: (navigate rover0 waypoint20 waypoint1)
-14.107: (calibrate rover0 camera13 objective2 waypoint1)
-49.585: (navigate rover4 waypoint23 waypoint24)
-52.077: (navigate rover0 waypoint1 waypoint10)
41.607: (communicate_image_data rover0 general objective5 colour waypoint10 waypoint11)
-61.915: (navigate rover0 waypoint10 waypoint12)
-64.628: (navigate rover3 waypoint20 waypoint1)
-59.231: (navigate rover3 waypoint1 waypoint17)
-78.327: (sample_soil rover4 rover4store waypoint24)
-71.931: (drop rover4 rover4store)
-79.345: (navigate rover4 waypoint24 waypoint22)
-53.585: (navigate rover4 waypoint22 waypoint3)
-78.503: (sample_soil rover4 rover4store waypoint3)
-72.145: (drop rover4 rover4store)
-79.224: (navigate rover4 waypoint3 waypoint22)
-56.017: (navigate rover4 waypoint22 waypoint20)
-77.037: (navigate rover4 waypoint20 waypoint38)
-88.071: (navigate rover0 waypoint12 waypoint10)
-40.841: (navigate rover4 waypoint38 waypoint20)
-60.865: (navigate rover0 waypoint10 waypoint1)
-61.606: (navigate rover0 waypoint1 waypoint20)
-55.815: (navigate rover0 waypoint20 waypoint17)
-77.246: (navigate rover4 waypoint20 waypoint38)
-88.134: (navigate rover3 waypoint17 waypoint1)
-40.785: (navigate rover4 waypoint38 waypoint20)
-61.842: (navigate rover3 waypoint1 waypoint20)
-73.579: (navigate rover4 waypoint20 waypoint38)
-74.126: (navigate rover3 waypoint20 waypoint38)
-39.390: (navigate rover4 waypoint38 waypoint20)
-79.181: (navigate rover4 waypoint20 waypoint22)
-43.127: (navigate rover3 waypoint38 waypoint20)
-55.128: (navigate rover4 waypoint22 waypoint27)
-53.124: (navigate rover4 waypoint27 waypoint12)
-62.506: (navigate rover3 waypoint20 waypoint1)
-58.759: (navigate rover3 waypoint1 waypoint17)
-76.907: (navigate rover4 waypoint12 waypoint10)
-55.954: (navigate rover4 waypoint10 waypoint11)
-88.815: (navigate rover3 waypoint17 waypoint1)
-63.132: (navigate rover3 waypoint1 waypoint10)
-79.491: (navigate rover3 waypoint10 waypoint35)
-51.410: (navigate rover3 waypoint35 waypoint34)
-83.114: (navigate rover4 waypoint11 waypoint10)
-64.437: (navigate rover4 waypoint10 waypoint1)
-68.220: (navigate rover3 waypoint34 waypoint35)
-47.136: (navigate rover3 waypoint35 waypoint10)
-65.396: (navigate rover3 waypoint10 waypoint1)
-58.839: (navigate rover3 waypoint1 waypoint17)
-71.839: (sample_soil rover4 rover4store waypoint1)
-63.136: (navigate rover4 waypoint1 waypoint10)
-58.222: (navigate rover4 waypoint10 waypoint11)
-67.012: (drop rover4 rover4store)
-84.137: (navigate rover4 waypoint11 waypoint10)
-66.020: (navigate rover4 waypoint10 waypoint12)
-78.499: (navigate rover4 waypoint12 waypoint27)
-66.292: (navigate rover4 waypoint27 waypoint32)
-70.376: (navigate rover4 waypoint32 waypoint7)
-80.608: (sample_soil rover4 rover4store waypoint7)
-50.939: (navigate rover4 waypoint7 waypoint32)
-59.960: (navigate rover4 waypoint32 waypoint27)
-54.348: (navigate rover4 waypoint27 waypoint12)
-76.807: (navigate rover4 waypoint12 waypoint10)
-58.305: (navigate rover4 waypoint10 waypoint11)
-67.085: (drop rover4 rover4store)
-84.217: (navigate rover4 waypoint11 waypoint10)
-66.178: (navigate rover4 waypoint10 waypoint12)
-78.580: (navigate rover4 waypoint12 waypoint27)
-66.379: (navigate rover4 waypoint27 waypoint32)
-70.554: (navigate rover4 waypoint32 waypoint8)
-45.322: (navigate rover4 waypoint8 waypoint18)
-72.254: (sample_soil rover4 rover4store waypoint18)
-65.183: (drop rover4 rover4store)
-68.986: (navigate rover4 waypoint18 waypoint8)
-45.418: (navigate rover4 waypoint8 waypoint32)
-60.114: (navigate rover4 waypoint32 waypoint27)
-54.309: (navigate rover4 waypoint27 waypoint12)
-77.174: (navigate rover4 waypoint12 waypoint10)
-56.637: (navigate rover4 waypoint10 waypoint11)
-89.068: (navigate rover0 waypoint17 waypoint20)
-61.705: (navigate rover0 waypoint20 waypoint41)
-83.820: (navigate rover4 waypoint11 waypoint10)
-61.627: (navigate rover0 waypoint41 waypoint20)
-66.132: (navigate rover4 waypoint10 waypoint12)
-63.137: (navigate rover0 waypoint20 waypoint41)
-78.212: (navigate rover4 waypoint12 waypoint27)
-61.484: (navigate rover0 waypoint41 waypoint20)
-61.356: (navigate rover0 waypoint20 waypoint24)
-51.595: (navigate rover0 waypoint24 waypoint11)
-54.204: (navigate rover4 waypoint27 waypoint12)
-77.071: (navigate rover4 waypoint12 waypoint10)
-56.886: (navigate rover4 waypoint10 waypoint11)
-89.153: (navigate rover3 waypoint17 waypoint44)
-83.518: (navigate rover4 waypoint11 waypoint10)
-66.027: (navigate rover4 waypoint10 waypoint12)
-77.968: (navigate rover4 waypoint12 waypoint27)
-65.744: (navigate rover4 waypoint27 waypoint32)
-48.528: (navigate rover3 waypoint44 waypoint17)
-70.480: (navigate rover4 waypoint32 waypoint8)
-46.697: (navigate rover4 waypoint8 waypoint18)
-88.501: (navigate rover3 waypoint17 waypoint44)
-68.182: (navigate rover4 waypoint18 waypoint8)
-73.119: (sample_soil rover4 rover4store waypoint8)
-38.845: (navigate rover4 waypoint8 waypoint32)
-48.968: (navigate rover3 waypoint44 waypoint17)
-59.886: (navigate rover4 waypoint32 waypoint27)
-54.429: (navigate rover4 waypoint27 waypoint12)
-76.891: (navigate rover4 waypoint12 waypoint10)
-59.025: (navigate rover4 waypoint10 waypoint11)
-67.084: (drop rover4 rover4store)
-84.192: (navigate rover4 waypoint11 waypoint10)
-66.380: (navigate rover4 waypoint10 waypoint12)
-78.611: (navigate rover4 waypoint12 waypoint27)
-66.481: (navigate rover4 waypoint27 waypoint32)
-72.218: (navigate rover4 waypoint32 waypoint7)
-80.010: (communicate_soil_data rover4 general waypoint12 waypoint7 waypoint11)
-50.360: (navigate rover4 waypoint7 waypoint32)
-59.293: (navigate rover4 waypoint32 waypoint27)
-54.638: (navigate rover4 waypoint27 waypoint12)
-76.991: (navigate rover4 waypoint12 waypoint10)
-56.975: (navigate rover4 waypoint10 waypoint11)
-89.036: (navigate rover3 waypoint17 waypoint44)
-83.197: (navigate rover4 waypoint11 waypoint10)
-63.845: (navigate rover4 waypoint10 waypoint12)
-77.323: (navigate rover4 waypoint12 waypoint27)
-66.325: (navigate rover4 waypoint27 waypoint32)
-71.294: (navigate rover4 waypoint32 waypoint7)
-92.747: (communicate_soil_data rover4 general waypoint0 waypoint7 waypoint11)
-50.234: (navigate rover4 waypoint7 waypoint32)
-49.873: (navigate rover3 waypoint44 waypoint17)
-60.675: (navigate rover4 waypoint32 waypoint27)
-55.992: (navigate rover4 waypoint27 waypoint12)
-77.732: (navigate rover4 waypoint12 waypoint10)
-57.132: (navigate rover4 waypoint10 waypoint11)
-90.424: (navigate rover3 waypoint17 waypoint44)
-84.630: (navigate rover4 waypoint11 waypoint10)
-63.988: (navigate rover4 waypoint10 waypoint12)
-78.115: (navigate rover4 waypoint12 waypoint27)
-79.264: (navigate rover4 waypoint27 waypoint45)
-43.789: (navigate rover4 waypoint45 waypoint37)
-51.824: (navigate rover3 waypoint44 waypoint17)
-77.008: (navigate rover4 waypoint37 waypoint36)
-89.770: (navigate rover3 waypoint17 waypoint44)
-89.996: (navigate rover0 waypoint11 waypoint24)
-60.194: (navigate rover3 waypoint44 waypoint17)
-61.130: (navigate rover4 waypoint36 waypoint37)
-63.825: (navigate rover0 waypoint24 waypoint20)
-53.443: (navigate rover0 waypoint20 waypoint17)
-77.165: (navigate rover4 waypoint37 waypoint36)
-89.693: (navigate rover0 waypoint17 waypoint20)
-62.021: (navigate rover0 waypoint20 waypoint41)
-58.065: (navigate rover4 waypoint36 waypoint37)
-79.446: (navigate rover4 waypoint37 waypoint45)
-42.754: (navigate rover4 waypoint45 waypoint27)
-55.668: (navigate rover4 waypoint27 waypoint12)
-64.332: (navigate rover0 waypoint41 waypoint20)
-54.174: (navigate rover0 waypoint20 waypoint17)
-77.852: (navigate rover4 waypoint12 waypoint10)
-56.822: (navigate rover4 waypoint10 waypoint11)
-90.322: (navigate rover0 waypoint17 waypoint20)
-62.389: (navigate rover0 waypoint20 waypoint41)
-84.934: (navigate rover4 waypoint11 waypoint10)
-65.342: (navigate rover0 waypoint41 waypoint20)
-66.934: (navigate rover0 waypoint20 waypoint32)
-48.569: (navigate rover0 waypoint32 waypoint33)
-53.519: (navigate rover4 waypoint10 waypoint11)
-51.488: (sample_soil rover0 rover0store waypoint33)
-77.124: (drop rover0 rover0store)
-85.128: (navigate rover1 waypoint33 waypoint37)
-95.389: (navigate rover4 waypoint11 waypoint10)
-74.213: (navigate rover4 waypoint10 waypoint12)
-81.125: (navigate rover1 waypoint37 waypoint33)
-87.494: (navigate rover4 waypoint12 waypoint10)
-81.245: (navigate rover4 waypoint10 waypoint1)
-85.248: (navigate rover1 waypoint33 waypoint37)
-98.356: (navigate rover0 waypoint33 waypoint32)
-56.154: (navigate rover0 waypoint32 waypoint27)
-71.172: (navigate rover1 waypoint37 waypoint33)
-71.668: (navigate rover4 waypoint1 waypoint10)
-66.410: (navigate rover4 waypoint10 waypoint11)
-84.870: (navigate rover1 waypoint33 waypoint37)
-89.031: (navigate rover0 waypoint27 waypoint32)
-55.827: (navigate rover0 waypoint32 waypoint20)
-63.880: (navigate rover0 waypoint20 waypoint17)
-71.363: (navigate rover1 waypoint37 waypoint33)
-95.781: (navigate rover4 waypoint11 waypoint10)
-74.592: (navigate rover4 waypoint10 waypoint12)
-86.517: (navigate rover1 waypoint33 waypoint37)
-87.290: (navigate rover4 waypoint12 waypoint10)
-80.845: (navigate rover4 waypoint10 waypoint1)
-71.690: (navigate rover1 waypoint37 waypoint33)
-99.638: (navigate rover1 waypoint33 waypoint28)
-53.207: (navigate rover1 waypoint28 waypoint27)
-67.093: (navigate rover1 waypoint27 waypoint12)
-71.979: (navigate rover4 waypoint1 waypoint10)
-65.757: (navigate rover4 waypoint10 waypoint11)
-99.347: (navigate rover0 waypoint17 waypoint20)
-71.927: (navigate rover0 waypoint20 waypoint41)
-93.465: (navigate rover4 waypoint11 waypoint10)
-73.353: (navigate rover0 waypoint41 waypoint20)
-75.096: (navigate rover4 waypoint10 waypoint12)
-64.155: (navigate rover0 waypoint20 waypoint17)
-88.280: (navigate rover4 waypoint12 waypoint27)
-90.008: (navigate rover4 waypoint27 waypoint45)
-53.628: (navigate rover4 waypoint45 waypoint37)
-87.384: (navigate rover4 waypoint37 waypoint36)
-99.664: (navigate rover0 waypoint17 waypoint20)
-69.279: (navigate rover4 waypoint36 waypoint37)
-72.617: (navigate rover0 waypoint20 waypoint41)
-86.441: (navigate rover4 waypoint37 waypoint36)
-98.772: (navigate rover1 waypoint12 waypoint27)
-67.841: (navigate rover4 waypoint36 waypoint37)
-72.019: (navigate rover0 waypoint41 waypoint20)
-62.634: (navigate rover0 waypoint20 waypoint17)
-86.139: (navigate rover4 waypoint37 waypoint36)
-87.728: (navigate rover1 waypoint27 waypoint45)
-69.244: (navigate rover4 waypoint36 waypoint37)
-90.679: (navigate rover4 waypoint37 waypoint45)
-50.711: (navigate rover4 waypoint45 waypoint27)
-50.979: (navigate rover1 waypoint45 waypoint27)
-62.342: (navigate rover4 waypoint27 waypoint12)
-86.120: (navigate rover4 waypoint12 waypoint10)
-64.596: (navigate rover4 waypoint10 waypoint11)
-86.799: (navigate rover1 waypoint27 waypoint45)
-94.075: (navigate rover4 waypoint11 waypoint10)
-72.846: (navigate rover4 waypoint10 waypoint12)
-89.090: (navigate rover4 waypoint12 waypoint9)
-52.386: (navigate rover1 waypoint45 waypoint27)
-66.710: (navigate rover1 waypoint27 waypoint12)
-73.055: (navigate rover4 waypoint9 waypoint41)
-78.877: (navigate rover4 waypoint41 waypoint44)
-82.464: (sample_soil rover4 rover4store waypoint44)
-68.341: (navigate rover4 waypoint44 waypoint41)
-80.603: (navigate rover4 waypoint41 waypoint9)
-65.831: (navigate rover4 waypoint9 waypoint12)
-87.241: (navigate rover4 waypoint12 waypoint10)
-68.329: (navigate rover4 waypoint10 waypoint11)
-77.683: (drop rover4 rover4store)
-94.550: (navigate rover4 waypoint11 waypoint10)
-75.343: (navigate rover4 waypoint10 waypoint12)
-88.424: (navigate rover4 waypoint12 waypoint27)
-90.143: (navigate rover4 waypoint27 waypoint45)
-53.759: (navigate rover4 waypoint45 waypoint37)
-87.583: (navigate rover4 waypoint37 waypoint36)
-99.852: (navigate rover0 waypoint17 waypoint20)
-69.478: (navigate rover4 waypoint36 waypoint37)
-72.834: (navigate rover0 waypoint20 waypoint41)
-86.636: (navigate rover4 waypoint37 waypoint36)
-98.964: (navigate rover1 waypoint12 waypoint27)
-68.033: (navigate rover4 waypoint36 waypoint37)
-72.264: (navigate rover0 waypoint41 waypoint20)
-62.885: (navigate rover0 waypoint20 waypoint17)
-86.347: (navigate rover4 waypoint37 waypoint36)
-87.934: (navigate rover1 waypoint27 waypoint45)
-69.448: (navigate rover4 waypoint36 waypoint37)
-90.888: (navigate rover4 waypoint37 waypoint45)
-50.849: (navigate rover4 waypoint45 waypoint27)
-51.121: (navigate rover1 waypoint45 waypoint27)
-62.485: (navigate rover4 waypoint27 waypoint12)
-86.273: (navigate rover4 waypoint12 waypoint10)
-64.978: (navigate rover4 waypoint10 waypoint11)
-86.937: (navigate rover1 waypoint27 waypoint45)
-94.216: (navigate rover4 waypoint11 waypoint10)
-73.230: (navigate rover4 waypoint10 waypoint12)
-89.243: (navigate rover4 waypoint12 waypoint9)
-52.565: (navigate rover1 waypoint45 waypoint27)
-66.892: (navigate rover1 waypoint27 waypoint12)
-73.225: (navigate rover4 waypoint9 waypoint41)
-82.806: (navigate rover4 waypoint41 waypoint44)
-98.810: (navigate rover0 waypoint17 waypoint20)
-68.249: (navigate rover4 waypoint44 waypoint41)
-72.748: (navigate rover0 waypoint20 waypoint41)
-77.802: (navigate rover4 waypoint41 waypoint9)
-62.595: (navigate rover4 waypoint9 waypoint12)
-73.566: (navigate rover0 waypoint41 waypoint20)
-74.434: (navigate rover0 waypoint20 waypoint24)
-64.516: (navigate rover0 waypoint24 waypoint11)
-87.679: (navigate rover4 waypoint12 waypoint10)
-66.766: (navigate rover4 waypoint10 waypoint11)
-99.976: (navigate rover1 waypoint12 waypoint27)
-86.748: (navigate rover1 waypoint27 waypoint45)
-94.401: (navigate rover4 waypoint11 waypoint10)
-51.477: (navigate rover1 waypoint45 waypoint27)
-72.282: (navigate rover4 waypoint10 waypoint12)
-87.617: (navigate rover4 waypoint12 waypoint27)
-68.063: (navigate rover1 waypoint27 waypoint12)
-90.417: (navigate rover4 waypoint27 waypoint45)
-53.962: (navigate rover4 waypoint45 waypoint37)
-87.801: (navigate rover4 waypoint37 waypoint36)
-100.108: (navigate rover1 waypoint12 waypoint27)
-68.278: (navigate rover4 waypoint36 waypoint37)
-87.804: (navigate rover1 waypoint27 waypoint45)
-87.438: (navigate rover4 waypoint37 waypoint36)
-100.869: (navigate rover0 waypoint11 waypoint24)
-56.698: (navigate rover1 waypoint45 waypoint27)
-71.087: (navigate rover1 waypoint27 waypoint12)
-73.601: (navigate rover4 waypoint36 waypoint37)
-76.738: (navigate rover0 waypoint24 waypoint6)
-82.228: (sample_soil rover0 rover0store waypoint6)
-65.328: (navigate rover0 waypoint6 waypoint24)
-64.188: (navigate rover0 waypoint24 waypoint11)
-78.008: (drop rover0 rover0store)
-88.005: (navigate rover4 waypoint37 waypoint36)
-100.294: (navigate rover1 waypoint12 waypoint27)
-68.526: (navigate rover4 waypoint36 waypoint37)
-87.962: (navigate rover1 waypoint27 waypoint45)
-87.641: (navigate rover4 waypoint37 waypoint36)
-101.059: (navigate rover0 waypoint11 waypoint24)
-56.987: (navigate rover1 waypoint45 waypoint27)
-71.363: (navigate rover1 waypoint27 waypoint12)
-73.942: (navigate rover4 waypoint36 waypoint37)
-75.553: (navigate rover0 waypoint24 waypoint20)
-64.269: (navigate rover0 waypoint20 waypoint17)
-87.790: (navigate rover4 waypoint37 waypoint36)
-100.043: (navigate rover0 waypoint17 waypoint20)
-72.934: (navigate rover0 waypoint20 waypoint41)
-69.069: (navigate rover4 waypoint36 waypoint37)
-89.596: (navigate rover4 waypoint37 waypoint45)
-51.455: (navigate rover4 waypoint45 waypoint27)
-66.084: (navigate rover4 waypoint27 waypoint12)
-73.729: (navigate rover0 waypoint41 waypoint20)
-64.500: (navigate rover0 waypoint20 waypoint17)
-87.674: (navigate rover4 waypoint12 waypoint10)
-66.346: (navigate rover4 waypoint10 waypoint11)
-99.637: (navigate rover0 waypoint17 waypoint20)
-72.222: (navigate rover0 waypoint20 waypoint41)
-93.771: (navigate rover4 waypoint11 waypoint10)
-73.933: (navigate rover0 waypoint41 waypoint20)
-79.370: (navigate rover0 waypoint20 waypoint24)
-64.395: (navigate rover0 waypoint24 waypoint11)
-66.978: (navigate rover4 waypoint10 waypoint11)
-100.136: (navigate rover1 waypoint12 waypoint27)
-86.905: (navigate rover1 waypoint27 waypoint45)
-94.559: (navigate rover4 waypoint11 waypoint10)
-51.679: (navigate rover1 waypoint45 waypoint27)
-72.492: (navigate rover4 waypoint10 waypoint12)
-66.747: (navigate rover1 waypoint27 waypoint12)
-88.789: (navigate rover4 waypoint12 waypoint27)
-90.551: (navigate rover4 waypoint27 waypoint45)
-55.521: (navigate rover4 waypoint45 waypoint6)
-49.638: (navigate rover4 waypoint6 waypoint42)
-59.817: (sample_soil rover4 rover4store waypoint42)
-82.508: (drop rover4 rover4store)
-105.581: (navigate rover1 waypoint12 waypoint27)
-92.498: (navigate rover1 waypoint27 waypoint45)
-105.638: (navigate rover2 waypoint42 waypoint37)
-54.910: (navigate rover2 waypoint37 waypoint41)
-55.835: (navigate rover1 waypoint45 waypoint27)
-67.648: (navigate rover1 waypoint27 waypoint12)
-90.291: (navigate rover2 waypoint41 waypoint37)
-66.364: (navigate rover2 waypoint37 waypoint45)
-104.920: (navigate rover1 waypoint12 waypoint27)
-74.070: (navigate rover2 waypoint45 waypoint37)
-69.851: (navigate rover2 waypoint37 waypoint46)
-70.331: (navigate rover1 waypoint27 waypoint12)
-105.411: (navigate rover0 waypoint11 waypoint24)
-81.279: (navigate rover2 waypoint46 waypoint37)
-60.960: (navigate rover2 waypoint37 waypoint41)
-78.668: (navigate rover0 waypoint24 waypoint20)
-65.690: (navigate rover0 waypoint20 waypoint17)
-89.416: (navigate rover2 waypoint41 waypoint37)
-61.220: (navigate rover2 waypoint37 waypoint42)
-105.091: (navigate rover0 waypoint17 waypoint20)
-77.659: (navigate rover0 waypoint20 waypoint41)
-104.462: (navigate rover1 waypoint12 waypoint27)
-78.652: (navigate rover0 waypoint41 waypoint20)
-68.426: (navigate rover0 waypoint20 waypoint17)
-92.700: (navigate rover1 waypoint27 waypoint45)
-104.866: (navigate rover0 waypoint17 waypoint20)
-77.574: (navigate rover0 waypoint20 waypoint41)
-105.111: (navigate rover2 waypoint42 waypoint37)
-54.650: (navigate rover2 waypoint37 waypoint41)
-54.812: (navigate rover1 waypoint45 waypoint27)
-66.946: (navigate rover1 waypoint27 waypoint12)
-88.596: (navigate rover2 waypoint41 waypoint37)
-65.054: (navigate rover2 waypoint37 waypoint45)
-78.301: (navigate rover0 waypoint41 waypoint20)
-68.541: (navigate rover0 waypoint20 waypoint17)
-104.733: (navigate rover1 waypoint12 waypoint27)
-74.319: (navigate rover2 waypoint45 waypoint37)
-53.892: (navigate rover2 waypoint37 waypoint41)
-89.745: (navigate rover1 waypoint27 waypoint45)
-90.449: (navigate rover2 waypoint41 waypoint37)
-68.135: (navigate rover2 waypoint37 waypoint45)
-103.986: (navigate rover0 waypoint17 waypoint20)
-57.530: (navigate rover1 waypoint45 waypoint27)
-73.693: (navigate rover2 waypoint45 waypoint37)
-53.581: (navigate rover2 waypoint37 waypoint41)
-74.688: (navigate rover0 waypoint20 waypoint24)
-95.018: (navigate rover1 waypoint27 waypoint45)
-79.389: (navigate rover0 waypoint24 waypoint20)
-76.690: (navigate rover0 waypoint20 waypoint1)
-57.068: (navigate rover1 waypoint45 waypoint27)
-68.721: (navigate rover1 waypoint27 waypoint12)
-72.453: (navigate rover0 waypoint1 waypoint10)
-69.727: (navigate rover0 waypoint10 waypoint12)
-89.144: (navigate rover2 waypoint41 waypoint37)
-61.020: (navigate rover2 waypoint37 waypoint42)
-104.631: (navigate rover0 waypoint12 waypoint10)
-82.862: (navigate rover0 waypoint10 waypoint1)
-88.676: (navigate rover0 waypoint1 waypoint48)
-72.649: (navigate rover0 waypoint48 waypoint47)
-104.761: (navigate rover1 waypoint12 waypoint27)
-70.413: (navigate rover0 waypoint47 waypoint48)
-57.964: (navigate rover0 waypoint48 waypoint1)
-74.594: (navigate rover0 waypoint1 waypoint10)
-71.669: (navigate rover0 waypoint10 waypoint12)
-93.337: (navigate rover1 waypoint27 waypoint45)
-104.913: (navigate rover0 waypoint12 waypoint10)
-82.769: (navigate rover0 waypoint10 waypoint1)
-88.494: (navigate rover0 waypoint1 waypoint48)
-72.630: (navigate rover0 waypoint48 waypoint47)
-104.877: (navigate rover2 waypoint42 waypoint37)
-54.269: (navigate rover2 waypoint37 waypoint41)
-55.077: (navigate rover1 waypoint45 waypoint27)
-67.260: (navigate rover1 waypoint27 waypoint12)
-67.234: (navigate rover0 waypoint47 waypoint48)
-88.010: (navigate rover2 waypoint41 waypoint37)
-58.224: (navigate rover0 waypoint48 waypoint1)
-67.407: (navigate rover2 waypoint37 waypoint45)
-75.469: (navigate rover0 waypoint1 waypoint10)
-72.700: (navigate rover0 waypoint10 waypoint12)
-104.521: (navigate rover1 waypoint12 waypoint27)
-74.433: (navigate rover2 waypoint45 waypoint37)
-54.591: (navigate rover2 waypoint37 waypoint41)
-89.868: (navigate rover1 waypoint27 waypoint45)
-90.168: (navigate rover2 waypoint41 waypoint37)
-68.394: (navigate rover2 waypoint37 waypoint45)
-104.041: (navigate rover0 waypoint12 waypoint10)
-60.323: (navigate rover1 waypoint45 waypoint27)
-76.576: (navigate rover2 waypoint45 waypoint37)
-57.326: (navigate rover2 waypoint37 waypoint41)
-90.702: (sample_soil rover0 rover0store waypoint10)
-66.445: (navigate rover0 waypoint10 waypoint12)
-67.398: (navigate rover1 waypoint27 waypoint12)
-77.890: (drop rover0 rover0store)
-89.290: (navigate rover2 waypoint41 waypoint37)
-61.139: (navigate rover2 waypoint37 waypoint42)
-105.290: (navigate rover1 waypoint12 waypoint27)
-93.480: (navigate rover1 waypoint27 waypoint45)
-105.807: (navigate rover2 waypoint42 waypoint37)
-55.148: (navigate rover2 waypoint37 waypoint41)
-55.492: (navigate rover1 waypoint45 waypoint27)
-89.886: (navigate rover2 waypoint41 waypoint37)
-66.144: (navigate rover2 waypoint37 waypoint45)
-71.659: (navigate rover1 waypoint27 waypoint12)
-105.712: (navigate rover0 waypoint12 waypoint10)
-79.343: (navigate rover2 waypoint45 waypoint37)
-60.380: (navigate rover2 waypoint37 waypoint41)
-76.660: (navigate rover0 waypoint10 waypoint1)
-73.550: (navigate rover0 waypoint1 waypoint20)
-65.853: (navigate rover0 waypoint20 waypoint17)
-89.599: (navigate rover2 waypoint41 waypoint37)
-61.385: (navigate rover2 waypoint37 waypoint42)
-105.249: (navigate rover0 waypoint17 waypoint20)
-77.806: (navigate rover0 waypoint20 waypoint41)
-104.607: (navigate rover1 waypoint12 waypoint27)
-78.812: (navigate rover0 waypoint41 waypoint20)
-68.575: (navigate rover0 waypoint20 waypoint17)
-92.900: (navigate rover1 waypoint27 waypoint45)
-105.014: (navigate rover0 waypoint17 waypoint20)
-77.708: (navigate rover0 waypoint20 waypoint41)
-105.270: (navigate rover2 waypoint42 waypoint37)
-54.796: (navigate rover2 waypoint37 waypoint41)
-54.989: (navigate rover1 waypoint45 waypoint27)
-67.199: (navigate rover1 waypoint27 waypoint12)
-88.778: (navigate rover2 waypoint41 waypoint37)
-65.237: (navigate rover2 waypoint37 waypoint45)
-78.463: (navigate rover0 waypoint41 waypoint20)
-68.701: (navigate rover0 waypoint20 waypoint17)
-104.880: (navigate rover1 waypoint12 waypoint27)
-74.466: (navigate rover2 waypoint45 waypoint37)
-54.037: (navigate rover2 waypoint37 waypoint41)
-89.950: (navigate rover1 waypoint27 waypoint45)
-90.626: (navigate rover2 waypoint41 waypoint37)
-68.311: (navigate rover2 waypoint37 waypoint45)
-104.133: (navigate rover0 waypoint17 waypoint20)
-57.697: (navigate rover1 waypoint45 waypoint27)
-73.840: (navigate rover2 waypoint45 waypoint37)
-53.716: (navigate rover2 waypoint37 waypoint41)
-74.802: (navigate rover0 waypoint20 waypoint24)
-67.429: (navigate rover0 waypoint24 waypoint11)
-67.892: (navigate rover1 waypoint27 waypoint12)
-90.470: (navigate rover2 waypoint41 waypoint37)
-61.804: (navigate rover2 waypoint37 waypoint42)
-105.720: (navigate rover1 waypoint12 waypoint27)
-92.688: (navigate rover1 waypoint27 waypoint45)
-105.784: (navigate rover2 waypoint42 waypoint37)
-55.051: (navigate rover2 waypoint37 waypoint41)
-101.791: (sample_rock rover2 rover2store waypoint41)
-56.498: (navigate rover1 waypoint45 waypoint27)
-68.385: (navigate rover1 waypoint27 waypoint12)
-81.163: (drop rover2 rover2store)
-90.354: (navigate rover2 waypoint41 waypoint37)
-60.551: (navigate rover2 waypoint37 waypoint42)
-105.845: (navigate rover1 waypoint12 waypoint27)
-92.900: (navigate rover1 waypoint27 waypoint45)
Failed to find a solution!
