/u/ibrahim.eisawy/Neural-Guided-Search/venv/lib/python3.10/site-packages/pymimir_rgnn/model.py:162: UserWarning: index_reduce() is in beta and the API may change at any time. (Triggered internally at /pytorch/aten/src/ATen/native/cuda/Indexing.cu:1541.)
  exps_max.index_reduce_(0, output_indices, output_messages, reduce="amax", include_self=False)
Torch: 2.12.0+cu130
Using GPU:  NVIDIA L40S
18.869: (calibrate rover0 camera3 objective7 waypoint3)
20.070: (take_image rover0 waypoint3 objective1 camera3 colour)
20.062: (calibrate rover0 camera3 objective7 waypoint3)
20.846: (take_image rover0 waypoint3 objective7 camera3 colour)
26.194: (calibrate rover0 camera0 objective9 waypoint3)
9.230: (navigate rover0 waypoint3 waypoint7)
24.282: (communicate_image_data rover0 general objective7 colour waypoint7 waypoint3)
24.236: (communicate_image_data rover0 general objective1 colour waypoint7 waypoint3)
35.408: (take_image rover0 waypoint7 objective10 camera0 low_res)
45.683: (communicate_image_data rover0 general objective10 low_res waypoint7 waypoint3)
28.742: (calibrate rover0 camera6 objective10 waypoint7)
35.181: (take_image rover0 waypoint7 objective10 camera6 high_res)
46.069: (communicate_image_data rover0 general objective10 high_res waypoint7 waypoint3)
11.049: (sample_rock rover0 rover0store waypoint7)
-14.521: (drop rover0 rover0store)
-8.067: (sample_soil rover0 rover0store waypoint7)
-14.720: (drop rover0 rover0store)
-19.283: (navigate rover0 waypoint7 waypoint9)
30.493: (calibrate rover0 camera5 objective6 waypoint9)
36.584: (take_image rover0 waypoint9 objective7 camera5 high_res)
11.271: (sample_rock rover0 rover0store waypoint9)
-22.130: (drop rover0 rover0store)
-22.298: (sample_soil rover0 rover0store waypoint9)
-22.312: (drop rover0 rover0store)
-37.818: (navigate rover0 waypoint9 waypoint7)
48.685: (communicate_image_data rover0 general objective7 high_res waypoint7 waypoint3)
-26.570: (navigate rover0 waypoint7 waypoint6)
15.394: (sample_rock rover0 rover0store waypoint6)
-14.852: (calibrate rover0 camera6 objective10 waypoint6)
-18.389: (drop rover0 rover0store)
-10.815: (sample_soil rover0 rover0store waypoint6)
-18.620: (drop rover0 rover0store)
-36.907: (navigate rover0 waypoint6 waypoint7)
-26.841: (communicate_rock_data rover0 general waypoint9 waypoint7 waypoint3)
-32.960: (navigate rover0 waypoint7 waypoint3)
30.545: (take_image rover0 waypoint3 objective7 camera6 low_res)
-2.770: (navigate rover0 waypoint3 waypoint4)
43.931: (communicate_image_data rover0 general objective7 low_res waypoint4 waypoint3)
-21.745: (sample_soil rover0 rover0store waypoint4)
-13.344: (communicate_rock_data rover0 general waypoint7 waypoint4 waypoint3)
-28.979: (communicate_soil_data rover0 general waypoint4 waypoint4 waypoint3)
-30.306: (communicate_rock_data rover0 general waypoint6 waypoint4 waypoint3)
-38.126: (communicate_soil_data rover0 general waypoint9 waypoint4 waypoint3)
-40.913: (drop rover0 rover0store)
-52.086: (navigate rover0 waypoint4 waypoint3)
-19.634: (navigate rover0 waypoint3 waypoint0)
-21.055: (navigate rover0 waypoint0 waypoint5)
-26.570: (sample_soil rover0 rover0store waypoint5)
-14.838: (communicate_soil_data rover0 general waypoint5 waypoint5 waypoint3)
-16.860: (communicate_soil_data rover0 general waypoint6 waypoint5 waypoint3)
-17.080: (communicate_soil_data rover0 general waypoint7 waypoint5 waypoint3)
Found a solution of length 51!
   1: (calibrate rover0 camera3 objective7 waypoint3)
   2: (take_image rover0 waypoint3 objective1 camera3 colour)
   3: (calibrate rover0 camera3 objective7 waypoint3)
   4: (take_image rover0 waypoint3 objective7 camera3 colour)
   5: (calibrate rover0 camera0 objective9 waypoint3)
   6: (navigate rover0 waypoint3 waypoint7)
   7: (communicate_image_data rover0 general objective7 colour waypoint7 waypoint3)
   8: (communicate_image_data rover0 general objective1 colour waypoint7 waypoint3)
   9: (take_image rover0 waypoint7 objective10 camera0 low_res)
  10: (communicate_image_data rover0 general objective10 low_res waypoint7 waypoint3)
  11: (calibrate rover0 camera6 objective10 waypoint7)
  12: (take_image rover0 waypoint7 objective10 camera6 high_res)
  13: (communicate_image_data rover0 general objective10 high_res waypoint7 waypoint3)
  14: (sample_rock rover0 rover0store waypoint7)
  15: (drop rover0 rover0store)
  16: (sample_soil rover0 rover0store waypoint7)
  17: (drop rover0 rover0store)
  18: (navigate rover0 waypoint7 waypoint9)
  19: (calibrate rover0 camera5 objective6 waypoint9)
  20: (take_image rover0 waypoint9 objective7 camera5 high_res)
  21: (sample_rock rover0 rover0store waypoint9)
  22: (drop rover0 rover0store)
  23: (sample_soil rover0 rover0store waypoint9)
  24: (drop rover0 rover0store)
  25: (navigate rover0 waypoint9 waypoint7)
  26: (communicate_image_data rover0 general objective7 high_res waypoint7 waypoint3)
  27: (navigate rover0 waypoint7 waypoint6)
  28: (sample_rock rover0 rover0store waypoint6)
  29: (calibrate rover0 camera6 objective10 waypoint6)
  30: (drop rover0 rover0store)
  31: (sample_soil rover0 rover0store waypoint6)
  32: (drop rover0 rover0store)
  33: (navigate rover0 waypoint6 waypoint7)
  34: (communicate_rock_data rover0 general waypoint9 waypoint7 waypoint3)
  35: (navigate rover0 waypoint7 waypoint3)
  36: (take_image rover0 waypoint3 objective7 camera6 low_res)
  37: (navigate rover0 waypoint3 waypoint4)
  38: (communicate_image_data rover0 general objective7 low_res waypoint4 waypoint3)
  39: (sample_soil rover0 rover0store waypoint4)
  40: (communicate_rock_data rover0 general waypoint7 waypoint4 waypoint3)
  41: (communicate_soil_data rover0 general waypoint4 waypoint4 waypoint3)
  42: (communicate_rock_data rover0 general waypoint6 waypoint4 waypoint3)
  43: (communicate_soil_data rover0 general waypoint9 waypoint4 waypoint3)
  44: (drop rover0 rover0store)
  45: (navigate rover0 waypoint4 waypoint3)
  46: (navigate rover0 waypoint3 waypoint0)
  47: (navigate rover0 waypoint0 waypoint5)
  48: (sample_soil rover0 rover0store waypoint5)
  49: (communicate_soil_data rover0 general waypoint5 waypoint5 waypoint3)
  50: (communicate_soil_data rover0 general waypoint6 waypoint5 waypoint3)
  51: (communicate_soil_data rover0 general waypoint7 waypoint5 waypoint3)
