/u/ibrahim.eisawy/Neural-Guided-Search/venv/lib/python3.10/site-packages/pymimir_rgnn/model.py:162: UserWarning: index_reduce() is in beta and the API may change at any time. (Triggered internally at /pytorch/aten/src/ATen/native/cuda/Indexing.cu:1541.)
  exps_max.index_reduce_(0, output_indices, output_messages, reduce="amax", include_self=False)
Torch: 2.12.0+cu130
Using GPU:  NVIDIA L40S
20.168: (calibrate rover0 camera7 objective6 waypoint20)
21.125: (take_image rover0 waypoint20 objective3 camera7 colour)
22.557: (calibrate rover0 camera6 objective6 waypoint20)
25.032: (take_image rover0 waypoint20 objective6 camera6 high_res)
6.532: (navigate rover0 waypoint20 waypoint15)
31.215: (calibrate rover0 camera2 objective3 waypoint15)
36.006: (take_image rover0 waypoint15 objective0 camera2 colour)
-18.638: (navigate rover0 waypoint15 waypoint20)
-19.880: (navigate rover0 waypoint20 waypoint7)
25.590: (communicate_image_data rover0 general objective0 colour waypoint7 waypoint16)
25.458: (communicate_image_data rover0 general objective3 colour waypoint7 waypoint16)
30.105: (communicate_image_data rover0 general objective6 high_res waypoint7 waypoint16)
25.274: (calibrate rover0 camera6 objective6 waypoint7)
27.697: (calibrate rover0 camera3 objective6 waypoint7)
29.154: (calibrate rover0 camera7 objective6 waypoint7)
24.780: (take_image rover0 waypoint7 objective6 camera3 colour)
34.027: (communicate_image_data rover0 general objective6 colour waypoint7 waypoint16)
-6.973: (navigate rover0 waypoint7 waypoint5)
28.161: (take_image rover0 waypoint5 objective0 camera6 high_res)
-37.497: (navigate rover0 waypoint5 waypoint7)
42.954: (communicate_image_data rover0 general objective0 high_res waypoint7 waypoint16)
Found a solution of length 21!
   1: (calibrate rover0 camera7 objective6 waypoint20)
   2: (take_image rover0 waypoint20 objective3 camera7 colour)
   3: (calibrate rover0 camera6 objective6 waypoint20)
   4: (take_image rover0 waypoint20 objective6 camera6 high_res)
   5: (navigate rover0 waypoint20 waypoint15)
   6: (calibrate rover0 camera2 objective3 waypoint15)
   7: (take_image rover0 waypoint15 objective0 camera2 colour)
   8: (navigate rover0 waypoint15 waypoint20)
   9: (navigate rover0 waypoint20 waypoint7)
  10: (communicate_image_data rover0 general objective0 colour waypoint7 waypoint16)
  11: (communicate_image_data rover0 general objective3 colour waypoint7 waypoint16)
  12: (communicate_image_data rover0 general objective6 high_res waypoint7 waypoint16)
  13: (calibrate rover0 camera6 objective6 waypoint7)
  14: (calibrate rover0 camera3 objective6 waypoint7)
  15: (calibrate rover0 camera7 objective6 waypoint7)
  16: (take_image rover0 waypoint7 objective6 camera3 colour)
  17: (communicate_image_data rover0 general objective6 colour waypoint7 waypoint16)
  18: (navigate rover0 waypoint7 waypoint5)
  19: (take_image rover0 waypoint5 objective0 camera6 high_res)
  20: (navigate rover0 waypoint5 waypoint7)
  21: (communicate_image_data rover0 general objective0 high_res waypoint7 waypoint16)
