Torch: 2.12.0+cu130
Using GPU:  NVIDIA L40S
[Bellman] lambda=0 -> baseline (no widening signal)
[Binc] OPTION6 binc_beta=1.0 binc_eps=1.0 signal=BELLMAN INCONSISTENCY (1-step min-W1 parent-vs-child, B_good within eps) vs SIBLINGS (boosts exploration toward inconsistent children; prior untouched)
[Value] SELF-CONSISTENT: leaf value = QR-DQN max_a mean Z(s,a) (SAC critics bypassed; prior still SAC policy)
/u/ibrahim.eisawy/Neural-Guided-Search/venv/lib/python3.10/site-packages/pymimir_rgnn/model.py:162: UserWarning: index_reduce() is in beta and the API may change at any time. (Triggered internally at /pytorch/aten/src/ATen/native/cuda/Indexing.cu:1541.)
  exps_max.index_reduce_(0, output_indices, output_messages, reduce="amax", include_self=False)
  [sim 59] found goal path of length 6
[Final] Expanded: 142, Generated: 142
[Cost] IQN forward calls (Bellman signal): 307
[Widen] nodes widened: 0, mean w: 0.0000
[Binc] child-edges modulated: 249, mean mult: 1.0011 (1.0 = no change; >1 = boosted toward inconsistent)
[search done] simulations=59, unique states generated=142
Found a solution of length 6!
   1: (move f1-4f f0-4f)
   2: (move f0-4f f0-3f)
   3: (move f0-3f f0-2f)
   4: (move f0-2f f0-1f)
   5: (move f0-1f f0-0f)
   6: (putdown f0-0f key0-3)
