Torch: 2.12.0+cu130
Using GPU:  NVIDIA L40S
[Bellman] lambda=0 -> baseline (no widening signal)
[Binc] OPTION6 binc_beta=6.0 binc_eps=1.0 signal=BELLMAN INCONSISTENCY (1-step min-W1 parent-vs-child, B_good within eps) vs SIBLINGS (boosts exploration toward inconsistent children; prior untouched)
[Value] SELF-CONSISTENT: leaf value = QR-DQN max_a mean Z(s,a) (SAC critics bypassed; prior still SAC policy)
/u/ibrahim.eisawy/Neural-Guided-Search/venv/lib/python3.10/site-packages/pymimir_rgnn/model.py:162: UserWarning: index_reduce() is in beta and the API may change at any time. (Triggered internally at /pytorch/aten/src/ATen/native/cuda/Indexing.cu:1541.)
  exps_max.index_reduce_(0, output_indices, output_messages, reduce="amax", include_self=False)
  [sim 500] root visits=500, unique states=14, generated=13, iqn_calls=34
  [sim 1000] root visits=1000, unique states=14, generated=13, iqn_calls=34
  [sim 1500] root visits=1500, unique states=680, generated=679, iqn_calls=1650
  [sim 2000] root visits=2000, unique states=680, generated=679, iqn_calls=1650
  [sim 2500] root visits=2500, unique states=807, generated=806, iqn_calls=1974
  [sim 3000] root visits=3000, unique states=1800, generated=1799, iqn_calls=4436
  [sim 3500] root visits=3500, unique states=2606, generated=2605, iqn_calls=6362
  [sim 4000] root visits=4000, unique states=3261, generated=3260, iqn_calls=7971
  [sim 4500] root visits=4500, unique states=3823, generated=3822, iqn_calls=9343
[Final] Expanded: 4077, Generated: 4077
[Cost] IQN forward calls (Bellman signal): 9970
[Widen] nodes widened: 0, mean w: 0.0000
[Binc] child-edges modulated: 8620, mean mult: 2.5403 (1.0 = no change; >1 = boosted toward inconsistent)
[search done] simulations=4739, unique states generated=4077
Failed to find a solution!
