Torch: 2.12.0+cu130
Using GPU:  NVIDIA L40S
[Bellman] lambda=0 -> baseline (no widening signal)
[Binc] OPTION6 binc_beta=6.0 binc_eps=1.0 signal=BELLMAN INCONSISTENCY (1-step min-W1 parent-vs-child, B_good within eps) vs SIBLINGS (boosts exploration toward inconsistent children; prior untouched)
[Value] SELF-CONSISTENT: leaf value = QR-DQN max_a mean Z(s,a) (SAC critics bypassed; prior still SAC policy)
/u/ibrahim.eisawy/Neural-Guided-Search/venv/lib/python3.10/site-packages/pymimir_rgnn/model.py:162: UserWarning: index_reduce() is in beta and the API may change at any time. (Triggered internally at /pytorch/aten/src/ATen/native/cuda/Indexing.cu:1541.)
  exps_max.index_reduce_(0, output_indices, output_messages, reduce="amax", include_self=False)
  [sim 500] root visits=500, unique states=881, generated=880, iqn_calls=2394
  [sim 1000] root visits=1000, unique states=1455, generated=1454, iqn_calls=4007
  [sim 1500] root visits=1500, unique states=1754, generated=1753, iqn_calls=4827
  [sim 2000] root visits=2000, unique states=1985, generated=1984, iqn_calls=5509
  [sim 2500] root visits=2500, unique states=2177, generated=2176, iqn_calls=6100
  [sim 3000] root visits=3000, unique states=2338, generated=2337, iqn_calls=6598
  [sim 3500] root visits=3500, unique states=2503, generated=2502, iqn_calls=7092
  [sim 4000] root visits=4000, unique states=2649, generated=2648, iqn_calls=7519
  [sim 4500] root visits=4500, unique states=2759, generated=2758, iqn_calls=7856
  [sim 5000] root visits=5000, unique states=2875, generated=2874, iqn_calls=8200
  [sim 5500] root visits=5500, unique states=3000, generated=2999, iqn_calls=8553
  [sim 6000] root visits=6000, unique states=3114, generated=3113, iqn_calls=8887
[Final] Expanded: 3134, Generated: 3134
[Cost] IQN forward calls (Bellman signal): 8962
[Widen] nodes widened: 0, mean w: 0.0000
[Binc] child-edges modulated: 7651, mean mult: 2.3472 (1.0 = no change; >1 = boosted toward inconsistent)
[search done] simulations=6107, unique states generated=3134
Failed to find a solution!
