Torch: 2.12.0+cu130
Using GPU:  NVIDIA L40S
[Bellman] lambda=0 -> baseline (no widening signal)
[Binc] OPTION6 binc_beta=6.0 binc_eps=1.0 signal=BELLMAN INCONSISTENCY (1-step min-W1 parent-vs-child, B_good within eps) vs SIBLINGS (boosts exploration toward inconsistent children; prior untouched)
[Value] SELF-CONSISTENT: leaf value = QR-DQN max_a mean Z(s,a) (SAC critics bypassed; prior still SAC policy)
/u/ibrahim.eisawy/Neural-Guided-Search/venv/lib/python3.10/site-packages/pymimir_rgnn/model.py:162: UserWarning: index_reduce() is in beta and the API may change at any time. (Triggered internally at /pytorch/aten/src/ATen/native/cuda/Indexing.cu:1541.)
  exps_max.index_reduce_(0, output_indices, output_messages, reduce="amax", include_self=False)
  [sim 500] root visits=500, unique states=67, generated=66, iqn_calls=165
  [sim 1000] root visits=1000, unique states=113, generated=112, iqn_calls=265
  [sim 1500] root visits=1500, unique states=387, generated=386, iqn_calls=896
  [sim 2000] root visits=2000, unique states=1482, generated=1481, iqn_calls=3459
  [sim 2500] root visits=2500, unique states=1958, generated=1957, iqn_calls=4661
  [sim 3000] root visits=3000, unique states=2570, generated=2569, iqn_calls=6266
  [sim 3500] root visits=3500, unique states=2570, generated=2569, iqn_calls=6266
  [sim 4000] root visits=4000, unique states=2570, generated=2569, iqn_calls=6266
  [sim 4500] root visits=4500, unique states=2570, generated=2569, iqn_calls=6266
  [sim 5000] root visits=5000, unique states=2570, generated=2569, iqn_calls=6266
  [sim 5500] root visits=5500, unique states=2570, generated=2569, iqn_calls=6266
  [sim 6000] root visits=6000, unique states=2570, generated=2569, iqn_calls=6266
  [sim 6500] root visits=6500, unique states=2570, generated=2569, iqn_calls=6266
  [sim 7000] root visits=7000, unique states=2570, generated=2569, iqn_calls=6266
  [sim 7500] root visits=7500, unique states=2570, generated=2569, iqn_calls=6266
  [sim 8000] root visits=8000, unique states=2570, generated=2569, iqn_calls=6266
  [sim 8500] root visits=8500, unique states=2570, generated=2569, iqn_calls=6266
[Final] Expanded: 2569, Generated: 2569
[Cost] IQN forward calls (Bellman signal): 6266
[Widen] nodes widened: 0, mean w: 0.0000
[Binc] child-edges modulated: 5411, mean mult: 2.4606 (1.0 = no change; >1 = boosted toward inconsistent)
[search done] simulations=8580, unique states generated=2569
Failed to find a solution!
