Torch: 2.12.0+cu130
Using GPU:  NVIDIA L40S
[Bellman] lambda=0 -> baseline (no widening signal)
[W1raw] OPTION7 w1raw_beta=0.5 signal=RAW edge-W1 (parent-best vs child-best, no reward/discount) vs SIBLINGS (boosts exploration toward larger-shift children; prior untouched)
/u/ibrahim.eisawy/Neural-Guided-Search/venv/lib/python3.10/site-packages/pymimir_rgnn/model.py:162: UserWarning: index_reduce() is in beta and the API may change at any time. (Triggered internally at /pytorch/aten/src/ATen/native/cuda/Indexing.cu:1541.)
  exps_max.index_reduce_(0, output_indices, output_messages, reduce="amax", include_self=False)
  [sim 283] found goal path of length 55
[Final] Expanded: 450, Generated: 450
[Cost] IQN forward calls (Bellman signal): 920
[Widen] nodes widened: 0, mean w: 0.0000
[W1raw] child-edges modulated: 743, mean mult: 1.0000 (1.0 = no change; >1 = boosted toward larger shift)
[search done] simulations=283, unique states generated=450
Found a solution of length 55!
   1: (move f3-1f f2-1f)
   2: (move f2-1f f2-2f)
   3: (move f2-2f f1-2f)
   4: (move f1-2f f1-3f)
   5: (move f1-3f f1-4f)
   6: (move f1-4f f2-4f)
   7: (move f2-4f f2-3f)
   8: (move f2-3f f3-3f)
   9: (move f3-3f f4-3f)
  10: (move f4-3f f5-3f)
  11: (move f5-3f f5-4f)
  12: (move f5-4f f4-4f)
  13: (move f4-4f f3-4f)
  14: (pickup f3-4f key4-3)
  15: (move f3-4f f3-3f)
  16: (move f3-3f f2-3f)
  17: (move f2-3f f2-4f)
  18: (move f2-4f f1-4f)
  19: (unlock f1-4f f1-5f key4-3 shape4)
  20: (move f1-4f f0-4f)
  21: (putdown f0-4f key4-3)
  22: (move f0-4f f1-4f)
  23: (move f1-4f f1-3f)
  24: (move f1-3f f1-2f)
  25: (move f1-2f f2-2f)
  26: (move f2-2f f2-1f)
  27: (move f2-1f f2-0f)
  28: (move f2-0f f3-0f)
  29: (move f3-0f f3-1f)
  30: (move f3-1f f4-1f)
  31: (move f4-1f f5-1f)
  32: (move f5-1f f6-1f)
  33: (move f6-1f f7-1f)
  34: (move f7-1f f8-1f)
  35: (move f8-1f f9-1f)
  36: (move f9-1f f9-0f)
  37: (pickup f9-0f key2-1)
  38: (move f9-0f f9-1f)
  39: (move f9-1f f8-1f)
  40: (move f8-1f f8-2f)
  41: (move f8-2f f8-3f)
  42: (move f8-3f f9-3f)
  43: (move f9-3f f9-4f)
  44: (move f9-4f f8-4f)
  45: (move f8-4f f7-4f)
  46: (move f7-4f f7-3f)
  47: (move f7-3f f6-3f)
  48: (move f6-3f f6-2f)
  49: (move f6-2f f6-1f)
  50: (move f6-1f f5-1f)
  51: (move f5-1f f4-1f)
  52: (move f4-1f f3-1f)
  53: (move f3-1f f2-1f)
  54: (move f2-1f f2-2f)
  55: (putdown f2-2f key2-1)
