Torch: 2.12.0+cu130
Using GPU:  NVIDIA L40S
[Bellman] lambda=0 -> baseline (no widening signal)
[Binc] OPTION6 binc_beta=6.0 signal=BELLMAN INCONSISTENCY (1-step min-W1 parent-vs-child) vs SIBLINGS (boosts exploration toward inconsistent children; prior untouched) [SHUFFLE CONTROL: signal-blind placement]
[Value] SELF-CONSISTENT: leaf value = QR-DQN max_a mean Z(s,a) (SAC critics bypassed; prior still SAC policy)
/u/ibrahim.eisawy/Neural-Guided-Search/venv/lib/python3.10/site-packages/pymimir_rgnn/model.py:162: UserWarning: index_reduce() is in beta and the API may change at any time. (Triggered internally at /pytorch/aten/src/ATen/native/cuda/Indexing.cu:1541.)
  exps_max.index_reduce_(0, output_indices, output_messages, reduce="amax", include_self=False)
  [sim 500] root visits=500, unique states=1209, generated=1208, iqn_calls=2438
  [sim 860] found goal path of length 47
[Final] Expanded: 1782, Generated: 1782
[Cost] IQN forward calls (Bellman signal): 3593
[Widen] nodes widened: 0, mean w: 0.0000
[Binc] child-edges modulated: 2929, mean mult: 2.1639 (1.0 = no change; >1 = boosted toward inconsistent)
[search done] simulations=860, unique states generated=1782
Found a solution of length 47!
   1: (pickup f7-4f key0-2)
   2: (move f7-4f f7-5f)
   3: (unlock f7-5f f8-5f key0-2 shape0)
   4: (move f7-5f f8-5f)
   5: (move f8-5f f8-6f)
   6: (move f8-6f f9-6f)
   7: (move f9-6f f9-7f)
   8: (move f9-7f f9-8f)
   9: (move f9-8f f8-8f)
  10: (move f8-8f f8-7f)
  11: (putdown f8-7f key0-2)
  12: (move f8-7f f8-6f)
  13: (move f8-6f f8-5f)
  14: (pickup f8-5f key1-3)
  15: (move f8-5f f8-6f)
  16: (move f8-6f f8-7f)
  17: (pickup-and-loose f8-7f key0-2 key1-3)
  18: (move f8-7f f8-8f)
  19: (move f8-8f f9-8f)
  20: (move f9-8f f9-7f)
  21: (move f9-7f f9-6f)
  22: (move f9-6f f8-6f)
  23: (move f8-6f f7-6f)
  24: (move f7-6f f6-6f)
  25: (move f6-6f f6-5f)
  26: (move f6-5f f5-5f)
  27: (move f5-5f f5-6f)
  28: (move f5-6f f5-7f)
  29: (unlock f5-7f f4-7f key0-2 shape0)
  30: (move f5-7f f5-8f)
  31: (move f5-8f f6-8f)
  32: (move f6-8f f6-7f)
  33: (move f6-7f f6-6f)
  34: (move f6-6f f6-5f)
  35: (move f6-5f f5-5f)
  36: (move f5-5f f5-6f)
  37: (move f5-6f f4-6f)
  38: (move f4-6f f4-5f)
  39: (move f4-5f f3-5f)
  40: (move f3-5f f3-4f)
  41: (move f3-4f f2-4f)
  42: (move f2-4f f1-4f)
  43: (move f1-4f f1-5f)
  44: (move f1-5f f0-5f)
  45: (move f0-5f f0-6f)
  46: (move f0-6f f0-7f)
  47: (putdown f0-7f key0-2)
