/u/ibrahim.eisawy/Neural-Guided-Search/venv/lib/python3.10/site-packages/pymimir_rgnn/model.py:151: UserWarning: index_reduce() is in beta and the API may change at any time. (Triggered internally at /pytorch/aten/src/ATen/native/cuda/Indexing.cu:1541.)
  max_msg.index_reduce_(0, output_indices, output_messages, reduce='amax', include_self=True)
Torch: 2.12.0+cu130
Using GPU:  NVIDIA L40S
15.516: (switch_on instrument8 satellite2)
16.237: (turn_to satellite2 groundstation8 groundstation10)
16.238: (turn_to satellite2 star5 groundstation10)
16.247: (turn_to satellite2 star2 groundstation10)
16.249: (turn_to satellite2 star9 groundstation10)
16.252: (turn_to satellite2 star7 groundstation10)
16.302: (turn_to satellite0 groundstation8 groundstation3)
16.305: (turn_to satellite0 star5 groundstation3)
16.315: (turn_to satellite0 star2 groundstation3)
16.318: (turn_to satellite0 star9 groundstation3)
13.077: (switch_on instrument1 satellite0)
13.534: (switch_on instrument5 satellite1)
14.420: (switch_on instrument3 satellite1)
14.463: (switch_on instrument0 satellite0)
14.777: (switch_on instrument2 satellite0)
14.905: (switch_on instrument4 satellite1)
14.906: (switch_on instrument6 satellite1)
15.120: (turn_to satellite2 star9 groundstation10)
15.121: (switch_on instrument8 satellite2)
15.143: (turn_to satellite0 star9 groundstation3)
11.106: (switch_on instrument5 satellite1)
11.106: (switch_on instrument1 satellite0)
12.095: (switch_on instrument1 satellite0)
12.095: (switch_on instrument3 satellite1)
12.239: (turn_to satellite0 groundstation10 groundstation3)
12.476: (switch_on instrument1 satellite0)
12.476: (switch_on instrument4 satellite1)
12.478: (switch_on instrument6 satellite1)
12.478: (switch_on instrument1 satellite0)
12.493: (switch_on instrument0 satellite0)
10.254: (switch_on instrument5 satellite1)
10.254: (turn_to satellite0 groundstation10 groundstation3)
10.718: (calibrate satellite1 instrument3 groundstation6)
10.798: (turn_to satellite2 star9 groundstation10)
11.107: (turn_to satellite1 star9 groundstation6)
11.143: (turn_to satellite0 star9 groundstation3)
11.169: (turn_to satellite2 groundstation6 groundstation10)
11.187: (turn_to satellite0 groundstation8 groundstation3)
11.188: (turn_to satellite0 star11 groundstation3)
11.188: (turn_to satellite0 star0 groundstation3)
9.598: (calibrate satellite2 instrument8 groundstation6)
9.772: (turn_to satellite0 groundstation10 groundstation3)
9.832: (turn_to satellite2 star9 groundstation10)
9.833: (turn_to satellite0 groundstation10 groundstation3)
9.843: (calibrate satellite2 instrument8 star9)
10.205: (turn_to satellite0 groundstation10 groundstation3)
10.205: (turn_to satellite2 groundstation6 groundstation10)
10.249: (turn_to satellite0 groundstation10 groundstation3)
10.249: (turn_to satellite1 star9 groundstation6)
10.251: (calibrate satellite0 instrument1 groundstation10)
8.630: (turn_to satellite0 groundstation10 groundstation3)
8.630: (calibrate satellite2 instrument8 groundstation6)
8.679: (turn_to satellite2 star13 groundstation6)
8.679: (turn_to satellite2 star13 star9)
8.679: (turn_to satellite2 star12 star9)
8.679: (turn_to satellite2 star12 groundstation6)
8.680: (turn_to satellite2 planet15 star9)
8.680: (turn_to satellite2 planet15 groundstation6)
8.680: (turn_to satellite2 planet14 star9)
8.681: (turn_to satellite2 planet14 groundstation6)
7.834: (take_image satellite2 planet15 instrument8 thermograph1)
7.834: (take_image satellite2 star13 instrument8 infrared3)
7.835: (take_image satellite2 star12 instrument8 image4)
7.835: (take_image satellite2 planet14 instrument8 spectrograph0)
7.870: (turn_to satellite0 groundstation10 groundstation3)
7.870: (turn_to satellite2 star12 groundstation6)
7.870: (turn_to satellite0 groundstation10 groundstation3)
7.870: (turn_to satellite2 star13 groundstation6)
7.870: (turn_to satellite0 groundstation10 groundstation3)
7.870: (turn_to satellite2 planet14 groundstation6)
6.678: (turn_to satellite2 star13 planet15)
6.678: (turn_to satellite2 star13 planet14)
6.678: (turn_to satellite2 star13 star12)
6.678: (turn_to satellite2 star12 planet15)
6.679: (turn_to satellite2 planet15 star13)
6.679: (turn_to satellite2 star12 star13)
6.679: (turn_to satellite2 star12 planet14)
6.679: (turn_to satellite2 planet15 planet14)
6.679: (turn_to satellite2 planet15 star12)
6.679: (turn_to satellite2 planet14 planet15)
5.823: (take_image satellite2 planet15 instrument8 thermograph1)
5.824: (take_image satellite2 planet14 instrument8 spectrograph0)
5.834: (take_image satellite2 star12 instrument8 image4)
5.834: (take_image satellite2 star12 instrument8 image4)
5.834: (take_image satellite2 planet15 instrument8 thermograph1)
5.834: (take_image satellite2 star13 instrument8 infrared3)
5.834: (take_image satellite2 star13 instrument8 infrared3)
5.835: (take_image satellite2 star12 instrument8 image4)
5.837: (take_image satellite2 star13 instrument8 infrared3)
5.837: (take_image satellite2 planet15 instrument8 thermograph1)
4.666: (turn_to satellite2 star13 planet15)
4.666: (turn_to satellite2 star13 planet14)
4.667: (turn_to satellite2 star12 planet14)
4.667: (turn_to satellite2 star12 planet15)
4.677: (turn_to satellite2 star13 planet15)
4.678: (turn_to satellite2 star13 star12)
4.678: (turn_to satellite2 star13 star12)
4.679: (turn_to satellite2 planet15 star12)
4.679: (turn_to satellite2 planet15 star13)
4.679: (turn_to satellite2 star12 star13)
3.824: (take_image satellite2 star12 instrument8 image4)
3.826: (take_image satellite2 planet15 instrument8 thermograph1)
3.826: (take_image satellite2 star13 instrument8 infrared3)
3.834: (take_image satellite2 star12 instrument8 image4)
3.835: (take_image satellite2 star13 instrument8 infrared3)
3.837: (take_image satellite2 star13 instrument8 infrared3)
3.837: (take_image satellite2 planet15 instrument8 thermograph1)
3.869: (turn_to satellite0 groundstation10 groundstation3)
3.869: (turn_to satellite0 groundstation10 groundstation3)
3.869: (turn_to satellite0 groundstation10 groundstation3)
2.666: (turn_to satellite2 star13 star12)
2.676: (turn_to satellite2 star12 planet15)
2.676: (turn_to satellite2 star12 star13)
2.678: (turn_to satellite2 planet15 star12)
2.678: (turn_to satellite2 planet15 star13)
2.688: (turn_to satellite2 planet14 planet15)
2.688: (turn_to satellite2 planet14 star13)
2.864: (turn_to satellite0 groundstation10 groundstation3)
2.864: (turn_to satellite0 groundstation10 groundstation3)
2.865: (turn_to satellite0 groundstation10 groundstation3)
1.716: (take_image satellite2 star13 instrument8 infrared3)
1.717: (take_image satellite2 star12 instrument8 image4)
1.717: (take_image satellite2 planet15 instrument8 thermograph1)
1.717: (take_image satellite2 planet14 instrument8 spectrograph0)
1.867: (turn_to satellite0 groundstation10 groundstation3)
1.867: (turn_to satellite2 star12 star13)
1.867: (turn_to satellite2 star12 planet15)
1.868: (turn_to satellite0 groundstation10 groundstation3)
1.868: (turn_to satellite2 planet14 star13)
1.869: (turn_to satellite0 groundstation10 groundstation3)
0.862: (take_image satellite2 star12 instrument8 image4)
0.862: (turn_to satellite0 groundstation10 groundstation3)
0.862: (turn_to satellite0 groundstation10 groundstation3)
0.862: (take_image satellite2 star13 instrument8 infrared3)
0.862: (turn_to satellite0 groundstation10 groundstation3)
0.862: (turn_to satellite0 groundstation10 groundstation3)
0.862: (take_image satellite2 planet14 instrument8 spectrograph0)
0.951: (turn_to satellite2 groundstation3 planet14)
0.951: (turn_to satellite2 groundstation3 planet15)
0.951: (turn_to satellite2 groundstation3 star12)
-0.019: (turn_to satellite2 groundstation3 planet15)
[Final] Expanded: 111, Generated: 6087
Found a solution of length 15!
   1: (switch_on instrument8 satellite2)
   2: (switch_on instrument1 satellite0)
   3: (switch_on instrument5 satellite1)
   4: (turn_to satellite2 star9 groundstation10)
   5: (calibrate satellite2 instrument8 star9)
   6: (turn_to satellite2 planet14 star9)
   7: (take_image satellite2 planet14 instrument8 spectrograph0)
   8: (turn_to satellite2 star13 planet14)
   9: (take_image satellite2 star13 instrument8 infrared3)
  10: (turn_to satellite2 star12 star13)
  11: (take_image satellite2 star12 instrument8 image4)
  12: (turn_to satellite2 planet15 star12)
  13: (take_image satellite2 planet15 instrument8 thermograph1)
  14: (turn_to satellite0 groundstation10 groundstation3)
  15: (turn_to satellite2 groundstation3 planet15)
