/u/ibrahim.eisawy/Neural-Guided-Search/venv/lib/python3.10/site-packages/pymimir_rgnn/model.py:162: UserWarning: index_reduce() is in beta and the API may change at any time. (Triggered internally at /pytorch/aten/src/ATen/native/cuda/Indexing.cu:1541.)
  exps_max.index_reduce_(0, output_indices, output_messages, reduce="amax", include_self=False)
Torch: 2.12.0+cu130
Using GPU:  NVIDIA L40S
100.166: (load-airplane p15 a0 l1-0)
88.190: (load-truck p19 t0 l0-2)
97.079: (unload-airplane p15 a0 l1-0)
100.816: (load-airplane p15 a1 l1-0)
99.585: (unload-truck p19 t0 l0-2)
88.186: (load-truck p26 t1 l1-3)
96.722: (unload-airplane p15 a1 l1-0)
100.578: (load-airplane p15 a0 l1-0)
88.458: (load-truck p19 t0 l0-2)
97.818: (unload-airplane p15 a0 l1-0)
101.551: (load-airplane p15 a1 l1-0)
89.105: (load-truck p9 t1 l1-3)
100.511: (unload-truck p19 t0 l0-2)
99.250: (unload-truck p26 t1 l1-3)
96.732: (unload-airplane p15 a1 l1-0)
100.588: (load-airplane p15 a0 l1-0)
88.468: (load-truck p19 t0 l0-2)
97.799: (unload-airplane p15 a0 l1-0)
101.530: (load-airplane p15 a1 l1-0)
88.993: (drive-truck t1 l1-3 l1-1 c1)
100.806: (unload-truck p9 t1 l1-1)
99.671: (unload-truck p19 t0 l0-2)
98.477: (unload-airplane p15 a1 l1-0)
98.457: (load-airplane p15 a0 l1-0)
89.162: (load-truck p9 t1 l1-1)
99.671: (unload-airplane p15 a0 l1-0)
99.642: (load-airplane p15 a1 l1-0)
89.566: (load-truck p10 t3 l3-3)
104.954: (unload-truck p9 t1 l1-1)
101.041: (unload-airplane p15 a1 l1-0)
101.023: (load-airplane p15 a0 l1-0)
90.521: (load-truck p9 t1 l1-1)
102.301: (unload-airplane p15 a0 l1-0)
91.577: (load-truck p5 t1 l1-1)
101.982: (unload-truck p10 t3 l3-3)
100.238: (unload-truck p9 t1 l1-1)
98.122: (load-airplane p15 a0 l1-0)
88.784: (load-truck p9 t1 l1-1)
88.799: (load-truck p10 t3 l3-3)
101.916: (unload-truck p9 t1 l1-1)
99.225: (unload-airplane p15 a0 l1-0)
99.175: (load-airplane p15 a1 l1-0)
101.917: (unload-truck p10 t3 l3-3)
88.784: (load-truck p9 t1 l1-1)
88.799: (load-truck p10 t3 l3-3)
89.681: (drive-truck t1 l1-1 l1-3 c1)
99.244: (unload-truck p10 t3 l3-3)
99.141: (unload-truck p5 t1 l1-3)
103.407: (unload-truck p9 t1 l1-3)
99.774: (unload-airplane p15 a1 l1-0)
103.015: (load-airplane p15 a0 l1-0)
89.348: (load-truck p26 t1 l1-3)
100.753: (unload-airplane p15 a0 l1-0)
104.354: (load-airplane p15 a1 l1-0)
90.278: (load-truck p19 t0 l0-2)
105.244: (unload-truck p26 t1 l1-3)
101.582: (unload-airplane p15 a1 l1-0)
104.791: (load-airplane p15 a0 l1-0)
91.150: (load-truck p26 t1 l1-3)
102.585: (unload-airplane p15 a0 l1-0)
91.701: (load-truck p9 t1 l1-3)
106.173: (load-airplane p15 a0 l1-0)
105.223: (unload-truck p19 t0 l0-2)
103.410: (unload-truck p26 t1 l1-3)
100.738: (unload-airplane p15 a0 l1-0)
89.867: (load-truck p19 t0 l0-2)
106.172: (load-airplane p15 a0 l1-0)
91.953: (drive-truck t1 l1-3 l1-1 c1)
102.014: (unload-truck p9 t1 l1-1)
100.638: (unload-truck p19 t0 l0-2)
99.513: (unload-airplane p15 a0 l1-0)
99.217: (load-airplane p15 a1 l1-0)
88.984: (load-truck p9 t1 l1-1)
100.940: (unload-airplane p15 a1 l1-0)
100.569: (load-airplane p15 a0 l1-0)
90.396: (load-truck p10 t3 l3-3)
106.206: (unload-truck p9 t1 l1-1)
102.158: (unload-airplane p15 a0 l1-0)
101.815: (load-airplane p15 a1 l1-0)
91.621: (load-truck p9 t1 l1-1)
103.567: (unload-airplane p15 a1 l1-0)
92.909: (drive-truck t1 l1-1 l1-3 c1)
103.640: (load-airplane p15 a0 l1-0)
102.666: (unload-truck p9 t1 l1-3)
99.038: (unload-airplane p15 a0 l1-0)
102.285: (load-airplane p15 a1 l1-0)
88.640: (load-truck p26 t1 l1-3)
100.038: (unload-airplane p15 a1 l1-0)
103.696: (load-airplane p15 a0 l1-0)
89.563: (load-truck p19 t0 l0-2)
104.565: (unload-truck p26 t1 l1-3)
100.827: (unload-airplane p15 a0 l1-0)
104.078: (load-airplane p15 a1 l1-0)
90.407: (load-truck p26 t1 l1-3)
101.898: (unload-airplane p15 a1 l1-0)
91.005: (load-truck p9 t1 l1-3)
105.479: (load-airplane p15 a0 l1-0)
104.544: (unload-truck p19 t0 l0-2)
100.022: (unload-airplane p15 a0 l1-0)
103.694: (load-airplane p15 a1 l1-0)
102.728: (unload-truck p10 t3 l3-3)
100.736: (unload-airplane p15 a1 l1-0)
89.765: (drive-truck t1 l1-3 l1-1 c1)
103.308: (unload-truck p26 t1 l1-1)
103.233: (unload-truck p9 t1 l1-1)
98.865: (load-airplane p15 a0 l1-0)
88.643: (load-truck p26 t1 l1-1)
100.581: (unload-airplane p15 a0 l1-0)
100.207: (load-airplane p15 a1 l1-0)
103.225: (unload-truck p26 t1 l1-1)
88.635: (load-truck p9 t1 l1-1)
89.980: (load-truck p10 t3 l3-3)
105.773: (unload-truck p9 t1 l1-1)
101.779: (unload-airplane p15 a1 l1-0)
101.421: (load-airplane p15 a0 l1-0)
91.259: (load-truck p26 t1 l1-1)
103.200: (unload-airplane p15 a0 l1-0)
102.830: (load-airplane p15 a1 l1-0)
92.626: (load-truck p9 t1 l1-1)
105.855: (unload-truck p10 t3 l3-3)
89.892: (drive-truck t1 l1-1 l1-2 c1)
110.208: (unload-truck p26 t1 l1-2)
110.256: (unload-truck p9 t1 l1-2)
105.813: (unload-airplane p15 a1 l1-0)
105.456: (load-airplane p15 a0 l1-0)
95.326: (load-truck p13 t1 l1-2)
107.623: (unload-airplane p15 a0 l1-0)
107.244: (load-airplane p15 a1 l1-0)
97.088: (load-truck p26 t1 l1-2)
110.204: (unload-truck p13 t1 l1-2)
107.650: (unload-airplane p15 a1 l1-0)
107.279: (load-airplane p15 a0 l1-0)
97.115: (load-truck p13 t1 l1-2)
107.576: (unload-airplane p15 a0 l1-0)
97.078: (load-truck p9 t1 l1-2)
110.244: (unload-truck p26 t1 l1-2)
110.226: (unload-truck p13 t1 l1-2)
107.244: (load-airplane p15 a0 l1-0)
97.092: (load-truck p13 t1 l1-2)
97.019: (load-truck p26 t1 l1-2)
110.197: (unload-truck p13 t1 l1-2)
107.579: (unload-airplane p15 a0 l1-0)
96.961: (drive-truck t1 l1-2 l1-0 c1)
117.424: (unload-truck p9 t1 l1-0)
123.869: (unload-truck p26 t1 l1-0)
122.616: (load-airplane p26 a0 l1-0)
112.774: (load-airplane p15 a0 l1-0)
137.722: (unload-airplane p26 a0 l1-0)
121.568: (load-airplane p26 a1 l1-0)
138.912: (unload-airplane p15 a0 l1-0)
112.774: (load-airplane p15 a1 l1-0)
137.722: (unload-airplane p26 a1 l1-0)
121.568: (load-airplane p26 a0 l1-0)
126.738: (load-truck p21 t0 l0-2)
137.017: (unload-airplane p26 a0 l1-0)
120.298: (load-airplane p26 a1 l1-0)
135.647: (unload-airplane p15 a1 l1-0)
118.973: (unload-airplane p26 a1 l1-0)
120.326: (load-airplane p26 a0 l1-0)
111.476: (load-airplane p15 a0 l1-0)
135.663: (unload-airplane p26 a0 l1-0)
119.309: (load-airplane p26 a1 l1-0)
124.910: (load-truck p25 t0 l0-2)
133.831: (unload-truck p21 t0 l0-2)
137.017: (unload-airplane p26 a1 l1-0)
120.298: (load-airplane p26 a0 l1-0)
135.647: (unload-airplane p15 a0 l1-0)
118.973: (unload-airplane p26 a0 l1-0)
120.326: (load-airplane p26 a1 l1-0)
111.476: (load-airplane p15 a1 l1-0)
135.663: (unload-airplane p26 a1 l1-0)
119.309: (load-airplane p26 a0 l1-0)
124.910: (load-truck p21 t0 l0-2)
131.891: (unload-airplane p26 a0 l1-0)
115.765: (load-airplane p26 a1 l1-0)
130.450: (unload-airplane p15 a1 l1-0)
114.350: (unload-airplane p26 a1 l1-0)
115.724: (load-airplane p26 a0 l1-0)
107.723: (load-airplane p15 a0 l1-0)
130.465: (unload-airplane p26 a0 l1-0)
101.868: (load-truck p26 t1 l1-0)
117.966: (unload-truck p21 t0 l0-2)
122.355: (unload-truck p25 t0 l0-2)
109.409: (load-truck p21 t0 l0-2)
120.143: (unload-airplane p15 a0 l1-0)
113.822: (load-airplane p15 a1 l1-0)
122.355: (unload-truck p21 t0 l0-2)
109.409: (load-truck p25 t0 l0-2)
120.143: (unload-airplane p15 a1 l1-0)
108.647: (load-truck p15 t1 l1-0)
118.577: (unload-truck p26 t1 l1-0)
117.841: (load-airplane p26 a0 l1-0)
119.637: (unload-truck p25 t0 l0-2)
119.620: (unload-airplane p26 a0 l1-0)
120.059: (load-airplane p26 a1 l1-0)
108.089: (load-truck p21 t0 l0-2)
117.355: (unload-airplane p26 a1 l1-0)
117.841: (load-airplane p26 a0 l1-0)
107.006: (load-truck p25 t0 l0-2)
112.634: (unload-airplane p26 a0 l1-0)
113.709: (load-airplane p26 a1 l1-0)
114.935: (unload-truck p21 t0 l0-2)
106.991: (load-truck p19 t0 l0-2)
114.951: (unload-truck p15 t1 l1-0)
116.652: (unload-truck p25 t0 l0-2)
118.987: (unload-airplane p26 a1 l1-0)
120.342: (load-airplane p26 a0 l1-0)
111.494: (load-airplane p15 a0 l1-0)
135.660: (unload-airplane p26 a0 l1-0)
119.334: (load-airplane p26 a1 l1-0)
124.908: (load-truck p21 t0 l0-2)
131.852: (unload-airplane p26 a1 l1-0)
115.768: (load-airplane p26 a0 l1-0)
130.412: (unload-airplane p15 a0 l1-0)
114.337: (unload-airplane p26 a0 l1-0)
115.715: (load-airplane p26 a1 l1-0)
107.706: (load-airplane p15 a1 l1-0)
132.364: (unload-truck p21 t0 l0-2)
135.660: (unload-airplane p26 a1 l1-0)
119.334: (load-airplane p26 a0 l1-0)
124.908: (load-truck p21 t0 l0-2)
131.852: (unload-airplane p26 a0 l1-0)
101.867: (load-truck p26 t1 l1-0)
117.976: (unload-truck p21 t0 l0-2)
120.177: (unload-airplane p15 a1 l1-0)
113.846: (load-airplane p15 a0 l1-0)
108.315: (load-truck p21 t0 l0-2)
115.685: (unload-airplane p15 a0 l1-0)
105.296: (drive-truck t0 l0-2 l0-1 c0)
117.337: (unload-truck p19 t0 l0-1)
121.929: (unload-truck p21 t0 l0-1)
124.352: (unload-truck p26 t1 l1-0)
122.953: (load-airplane p26 a0 l1-0)
113.213: (load-airplane p15 a0 l1-0)
135.918: (unload-airplane p26 a0 l1-0)
121.919: (load-airplane p26 a1 l1-0)
136.767: (unload-airplane p15 a0 l1-0)
113.213: (load-airplane p15 a1 l1-0)
135.918: (unload-airplane p26 a1 l1-0)
121.919: (load-airplane p26 a0 l1-0)
125.058: (load-truck p16 t0 l0-1)
138.638: (unload-airplane p26 a0 l1-0)
124.328: (load-airplane p26 a1 l1-0)
137.702: (unload-airplane p15 a1 l1-0)
122.623: (unload-airplane p26 a1 l1-0)
124.313: (load-airplane p26 a0 l1-0)
114.446: (load-airplane p15 a0 l1-0)
137.720: (unload-airplane p26 a0 l1-0)
123.247: (load-airplane p26 a1 l1-0)
126.621: (load-truck p20 t0 l0-1)
135.912: (unload-truck p16 t0 l0-1)
133.959: (unload-airplane p26 a1 l1-0)
120.010: (load-airplane p26 a0 l1-0)
132.959: (unload-airplane p15 a0 l1-0)
118.648: (unload-airplane p26 a0 l1-0)
120.041: (load-airplane p26 a1 l1-0)
111.634: (load-airplane p15 a1 l1-0)
132.974: (unload-airplane p26 a1 l1-0)
119.022: (load-airplane p26 a0 l1-0)
122.002: (load-truck p16 t0 l0-1)
133.992: (unload-airplane p26 a0 l1-0)
120.183: (load-airplane p26 a1 l1-0)
132.981: (unload-airplane p15 a1 l1-0)
118.810: (unload-airplane p26 a1 l1-0)
120.211: (load-airplane p26 a0 l1-0)
111.743: (load-airplane p15 a0 l1-0)
132.996: (unload-airplane p26 a0 l1-0)
106.461: (load-truck p26 t1 l1-0)
122.394: (unload-truck p16 t0 l0-1)
122.182: (unload-truck p20 t0 l0-1)
110.411: (load-truck p16 t0 l0-1)
123.126: (unload-airplane p15 a0 l1-0)
116.866: (load-airplane p15 a1 l1-0)
125.339: (unload-truck p16 t0 l0-1)
110.011: (load-truck p20 t0 l0-1)
119.929: (unload-airplane p15 a1 l1-0)
108.993: (load-truck p16 t0 l0-1)
114.165: (load-airplane p15 a1 l1-0)
108.630: (load-truck p1 t0 l0-1)
117.823: (unload-truck p26 t1 l1-0)
115.842: (load-airplane p26 a1 l1-0)
129.974: (unload-truck p20 t0 l0-1)
134.874: (unload-truck p16 t0 l0-1)
132.929: (unload-airplane p26 a1 l1-0)
118.984: (load-airplane p26 a0 l1-0)
133.897: (unload-airplane p15 a1 l1-0)
118.608: (unload-airplane p26 a0 l1-0)
120.003: (load-airplane p26 a1 l1-0)
111.271: (load-airplane p15 a0 l1-0)
133.911: (unload-airplane p26 a1 l1-0)
119.973: (load-airplane p26 a0 l1-0)
120.975: (load-truck p16 t0 l0-1)
132.947: (unload-airplane p26 a0 l1-0)
119.155: (load-airplane p26 a1 l1-0)
133.930: (unload-airplane p15 a0 l1-0)
118.770: (unload-airplane p26 a1 l1-0)
120.173: (load-airplane p26 a0 l1-0)
111.377: (load-airplane p15 a1 l1-0)
133.943: (unload-airplane p26 a0 l1-0)
106.424: (load-truck p26 t1 l1-0)
122.352: (unload-truck p16 t0 l0-1)
119.887: (unload-airplane p15 a1 l1-0)
113.988: (load-airplane p15 a0 l1-0)
108.699: (load-truck p16 t0 l0-1)
120.093: (unload-airplane p15 a0 l1-0)
108.964: (load-truck p15 t1 l1-0)
118.396: (unload-truck p26 t1 l1-0)
117.708: (load-airplane p26 a0 l1-0)
119.512: (unload-truck p16 t0 l0-1)
119.312: (unload-truck p1 t0 l0-1)
119.925: (unload-airplane p26 a0 l1-0)
120.396: (load-airplane p26 a1 l1-0)
109.090: (load-truck p16 t0 l0-1)
121.746: (unload-airplane p26 a1 l1-0)
122.236: (load-airplane p26 a0 l1-0)
110.033: (load-truck p20 t0 l0-1)
119.553: (unload-truck p16 t0 l0-1)
117.039: (unload-airplane p26 a0 l1-0)
117.524: (load-airplane p26 a1 l1-0)
107.040: (load-truck p16 t0 l0-1)
117.238: (unload-airplane p26 a1 l1-0)
105.116: (load-truck p26 t1 l1-0)
118.435: (unload-truck p16 t0 l0-1)
118.232: (unload-truck p20 t0 l0-1)
108.437: (load-truck p16 t0 l0-1)
109.354: (load-truck p27 t0 l0-1)
118.359: (unload-truck p26 t1 l1-0)
117.670: (load-airplane p26 a0 l1-0)
119.484: (unload-truck p15 t1 l1-0)
121.009: (unload-truck p16 t0 l0-1)
118.573: (unload-airplane p26 a0 l1-0)
119.970: (load-airplane p26 a1 l1-0)
111.603: (load-airplane p15 a1 l1-0)
132.884: (unload-airplane p26 a1 l1-0)
118.952: (load-airplane p26 a0 l1-0)
121.907: (load-truck p16 t0 l0-1)
133.896: (unload-airplane p26 a0 l1-0)
120.112: (load-airplane p26 a1 l1-0)
132.885: (unload-airplane p15 a1 l1-0)
118.735: (unload-airplane p26 a1 l1-0)
110.618: (load-airplane p15 a0 l1-0)
120.112: (load-airplane p26 a0 l1-0)
134.826: (unload-truck p16 t0 l0-1)
132.884: (unload-airplane p26 a0 l1-0)
118.952: (load-airplane p26 a1 l1-0)
121.907: (load-truck p16 t0 l0-1)
121.806: (load-truck p20 t0 l0-1)
130.799: (unload-truck p16 t0 l0-1)
128.934: (unload-airplane p26 a1 l1-0)
115.680: (load-airplane p26 a0 l1-0)
128.017: (unload-airplane p15 a0 l1-0)
113.944: (unload-airplane p26 a0 l1-0)
115.589: (load-airplane p26 a1 l1-0)
107.306: (load-airplane p15 a1 l1-0)
128.032: (unload-airplane p26 a1 l1-0)
114.630: (load-airplane p26 a0 l1-0)
116.984: (load-truck p16 t0 l0-1)
128.871: (unload-airplane p26 a0 l1-0)
115.823: (load-airplane p26 a1 l1-0)
127.988: (unload-airplane p15 a1 l1-0)
114.101: (unload-airplane p26 a1 l1-0)
115.729: (load-airplane p26 a0 l1-0)
107.478: (load-airplane p15 a0 l1-0)
128.003: (unload-airplane p26 a0 l1-0)
101.641: (load-truck p26 t1 l1-0)
117.780: (unload-truck p16 t0 l0-1)
117.579: (unload-truck p20 t0 l0-1)
119.851: (unload-airplane p15 a0 l1-0)
113.974: (load-airplane p15 a1 l1-0)
108.683: (load-truck p16 t0 l0-1)
120.056: (unload-airplane p15 a1 l1-0)
114.131: (load-airplane p15 a0 l1-0)
108.597: (load-truck p1 t0 l0-1)
117.744: (unload-truck p26 t1 l1-0)
115.793: (load-airplane p26 a0 l1-0)
129.879: (unload-truck p16 t0 l0-1)
127.985: (unload-airplane p26 a0 l1-0)
114.602: (load-airplane p26 a1 l1-0)
128.875: (unload-airplane p15 a0 l1-0)
113.902: (unload-airplane p26 a1 l1-0)
115.561: (load-airplane p26 a0 l1-0)
106.932: (load-airplane p15 a1 l1-0)
128.889: (unload-airplane p26 a0 l1-0)
115.652: (load-airplane p26 a1 l1-0)
116.035: (load-truck p16 t0 l0-1)
127.955: (unload-airplane p26 a1 l1-0)
114.742: (load-airplane p26 a0 l1-0)
128.808: (unload-airplane p15 a1 l1-0)
114.058: (unload-airplane p26 a0 l1-0)
115.699: (load-airplane p26 a1 l1-0)
107.102: (load-airplane p15 a0 l1-0)
116.732: (load-truck p20 t0 l0-1)
126.293: (unload-truck p27 t0 l0-1)
130.844: (unload-truck p16 t0 l0-1)
128.978: (unload-airplane p26 a1 l1-0)
115.699: (load-airplane p26 a0 l1-0)
128.061: (unload-airplane p15 a0 l1-0)
113.981: (unload-airplane p26 a0 l1-0)
115.607: (load-airplane p26 a1 l1-0)
107.343: (load-airplane p15 a1 l1-0)
128.076: (unload-airplane p26 a1 l1-0)
114.649: (load-airplane p26 a0 l1-0)
117.028: (load-truck p16 t0 l0-1)
128.902: (unload-airplane p15 a1 l1-0)
114.138: (unload-airplane p26 a0 l1-0)
115.747: (load-airplane p26 a1 l1-0)
104.058: (drive-truck t0 l0-1 l0-2 c0)
120.264: (unload-truck p20 t0 l0-2)
132.615: (unload-airplane p26 a1 l1-0)
133.420: (load-airplane p26 a0 l1-0)
132.301: (unload-truck p16 t0 l0-2)
134.521: (unload-airplane p26 a0 l1-0)
135.265: (load-airplane p26 a1 l1-0)
134.085: (unload-truck p1 t0 l0-2)
143.554: (unload-airplane p26 a1 l1-0)
143.877: (load-airplane p26 a0 l1-0)
135.015: (load-airplane p15 a0 l1-0)
162.866: (unload-airplane p26 a0 l1-0)
143.354: (load-airplane p26 a1 l1-0)
151.861: (load-truck p10 t3 l3-3)
163.578: (unload-airplane p26 a1 l1-0)
143.455: (load-airplane p26 a0 l1-0)
162.348: (unload-airplane p15 a0 l1-0)
142.618: (unload-airplane p26 a0 l1-0)
142.875: (load-airplane p26 a1 l1-0)
134.066: (load-airplane p15 a1 l1-0)
164.287: (unload-truck p10 t3 l3-3)
162.866: (unload-airplane p26 a1 l1-0)
143.354: (load-airplane p26 a0 l1-0)
151.861: (load-truck p10 t3 l3-3)
163.578: (unload-airplane p26 a0 l1-0)
128.296: (load-truck p26 t1 l1-0)
146.765: (unload-truck p10 t3 l3-3)
145.109: (unload-airplane p15 a1 l1-0)
137.339: (load-airplane p15 a0 l1-0)
132.898: (load-truck p10 t3 l3-3)
144.844: (unload-airplane p15 a0 l1-0)
131.799: (load-truck p15 t1 l1-0)
141.277: (unload-truck p10 t3 l3-3)
142.013: (unload-truck p26 t1 l1-0)
140.923: (load-airplane p26 a0 l1-0)
129.688: (load-truck p10 t3 l3-3)
140.788: (unload-airplane p26 a0 l1-0)
140.256: (load-airplane p26 a1 l1-0)
142.705: (unload-truck p10 t3 l3-3)
128.903: (drive-truck t1 l1-0 l1-3 c1)
130.445: (unload-truck p15 t1 l1-3)
133.511: (unload-airplane p26 a1 l1-0)
135.405: (load-airplane p26 a0 l1-0)
121.358: (load-truck p18 t1 l1-3)
131.387: (unload-airplane p26 a0 l1-0)
133.279: (load-airplane p26 a1 l1-0)
119.324: (load-truck p2 t1 l1-3)
129.709: (unload-truck p18 t1 l1-3)
131.418: (unload-airplane p26 a1 l1-0)
133.305: (load-airplane p26 a0 l1-0)
119.393: (load-truck p18 t1 l1-3)
127.793: (unload-airplane p26 a0 l1-0)
114.432: (load-truck p10 t3 l3-3)
128.641: (load-airplane p26 a0 l1-0)
128.539: (unload-truck p2 t1 l1-3)
132.376: (unload-truck p18 t1 l1-3)
132.600: (unload-airplane p26 a0 l1-0)
134.618: (load-airplane p26 a1 l1-0)
120.442: (load-truck p18 t1 l1-3)
130.495: (unload-airplane p26 a1 l1-0)
116.733: (drive-truck t1 l1-3 l1-1 c1)
135.829: (load-airplane p26 a0 l1-0)
135.732: (unload-truck p10 t3 l3-3)
132.405: (unload-truck p18 t1 l1-1)
134.620: (unload-airplane p26 a0 l1-0)
136.470: (load-airplane p26 a1 l1-0)
122.746: (load-truck p10 t3 l3-3)
137.833: (unload-airplane p26 a1 l1-0)
139.859: (load-airplane p26 a0 l1-0)
125.640: (load-truck p4 t1 l1-1)
137.874: (unload-truck p10 t3 l3-3)
132.719: (unload-airplane p26 a0 l1-0)
134.570: (load-airplane p26 a1 l1-0)
120.860: (load-truck p10 t3 l3-3)
135.964: (unload-airplane p26 a1 l1-0)
123.025: (load-truck p17 t1 l1-1)
134.536: (load-airplane p26 a0 l1-0)
134.427: (unload-truck p10 t3 l3-3)
131.155: (unload-truck p4 t1 l1-1)
132.769: (unload-airplane p26 a0 l1-0)
134.620: (load-airplane p26 a1 l1-0)
120.909: (load-truck p10 t3 l3-3)
136.014: (unload-airplane p26 a1 l1-0)
138.044: (load-airplane p26 a0 l1-0)
123.243: (drive-truck t1 l1-1 l1-3 c1)
134.365: (unload-truck p10 t3 l3-3)
135.243: (unload-truck p17 t1 l1-3)
135.285: (unload-airplane p26 a0 l1-0)
137.187: (load-airplane p26 a1 l1-0)
123.081: (load-truck p17 t1 l1-3)
133.355: (unload-airplane p26 a1 l1-0)
120.319: (load-truck p2 t1 l1-3)
131.798: (load-airplane p26 a0 l1-0)
131.830: (unload-truck p17 t1 l1-3)
133.334: (unload-airplane p26 a0 l1-0)
135.225: (load-airplane p26 a1 l1-0)
121.274: (load-truck p17 t1 l1-3)
117.659: (load-truck p10 t3 l3-3)
130.917: (unload-truck p2 t1 l1-3)
134.334: (unload-truck p17 t1 l1-3)
134.443: (unload-airplane p26 a1 l1-0)
136.469: (load-airplane p26 a0 l1-0)
122.227: (load-truck p2 t1 l1-3)
132.428: (unload-airplane p26 a0 l1-0)
134.439: (load-airplane p26 a1 l1-0)
119.661: (drive-truck t1 l1-3 l1-1 c1)
137.931: (unload-truck p10 t3 l3-3)
134.666: (unload-truck p2 t1 l1-1)
134.632: (unload-airplane p26 a1 l1-0)
136.487: (load-airplane p26 a0 l1-0)
122.759: (load-truck p10 t3 l3-3)
137.847: (unload-airplane p26 a0 l1-0)
139.877: (load-airplane p26 a1 l1-0)
125.654: (load-truck p4 t1 l1-1)
137.886: (unload-truck p10 t3 l3-3)
132.732: (unload-airplane p26 a1 l1-0)
134.587: (load-airplane p26 a0 l1-0)
120.872: (load-truck p10 t3 l3-3)
135.976: (unload-airplane p26 a0 l1-0)
123.029: (load-truck p2 t1 l1-1)
134.549: (load-airplane p26 a0 l1-0)
134.437: (unload-truck p10 t3 l3-3)
131.164: (unload-truck p4 t1 l1-1)
132.777: (unload-airplane p26 a0 l1-0)
119.888: (load-truck p10 t3 l3-3)
138.050: (load-airplane p26 a0 l1-0)
123.234: (drive-truck t1 l1-1 l1-2 c1)
139.364: (unload-truck p10 t3 l3-3)
140.491: (unload-truck p2 t1 l1-2)
139.833: (unload-airplane p26 a0 l1-0)
141.569: (load-airplane p26 a1 l1-0)
127.991: (load-truck p13 t1 l1-2)
142.254: (unload-airplane p26 a1 l1-0)
143.887: (load-airplane p26 a0 l1-0)
130.159: (load-truck p0 t1 l1-2)
140.350: (unload-truck p13 t1 l1-2)
138.541: (unload-airplane p26 a0 l1-0)
140.018: (load-airplane p26 a1 l1-0)
126.613: (load-truck p13 t1 l1-2)
138.462: (unload-airplane p26 a1 l1-0)
124.962: (load-truck p2 t1 l1-2)
136.914: (load-airplane p26 a0 l1-0)
136.959: (unload-truck p0 t1 l1-2)
138.528: (unload-airplane p26 a0 l1-0)
139.992: (load-airplane p26 a1 l1-0)
140.415: (unload-truck p13 t1 l1-2)
138.602: (unload-airplane p26 a1 l1-0)
125.129: (load-truck p0 t1 l1-2)
136.163: (load-airplane p26 a0 l1-0)
122.015: (load-truck p10 t3 l3-3)
135.312: (unload-truck p2 t1 l1-2)
139.273: (unload-truck p0 t1 l1-2)
139.406: (unload-airplane p26 a0 l1-0)
141.150: (load-airplane p26 a1 l1-0)
127.561: (load-truck p13 t1 l1-2)
141.771: (unload-airplane p26 a1 l1-0)
143.567: (load-airplane p26 a0 l1-0)
129.673: (load-truck p0 t1 l1-2)
137.319: (unload-airplane p26 a0 l1-0)
139.272: (load-airplane p26 a1 l1-0)
139.203: (unload-truck p13 t1 l1-2)
137.390: (unload-airplane p26 a1 l1-0)
124.331: (load-truck p2 t1 l1-2)
135.433: (load-airplane p26 a1 l1-0)
135.344: (unload-truck p10 t3 l3-3)
122.349: (load-truck p13 t1 l1-2)
122.786: (load-truck p10 t3 l3-3)
136.148: (unload-truck p0 t1 l1-2)
139.266: (unload-truck p13 t1 l1-2)
137.450: (unload-airplane p26 a1 l1-0)
124.546: (load-truck p13 t1 l1-2)
139.318: (load-airplane p26 a0 l1-0)
125.284: (load-truck p0 t1 l1-2)
134.235: (unload-airplane p26 a0 l1-0)
120.453: (drive-truck t1 l1-2 l1-0 c1)
139.137: (load-airplane p26 a0 l1-0)
141.485: (unload-truck p10 t3 l3-3)
141.907: (unload-truck p2 t1 l1-0)
144.915: (unload-truck p0 t1 l1-0)
149.157: (unload-truck p13 t1 l1-0)
148.545: (load-airplane p13 a0 l1-0)
146.952: (unload-airplane p26 a0 l1-0)
147.921: (load-airplane p26 a1 l1-0)
147.204: (unload-airplane p13 a0 l1-0)
148.545: (load-airplane p13 a1 l1-0)
146.952: (unload-airplane p26 a1 l1-0)
147.921: (load-airplane p26 a0 l1-0)
138.667: (load-airplane p0 a1 l1-0)
146.413: (unload-airplane p26 a0 l1-0)
148.364: (load-airplane p26 a1 l1-0)
146.167: (unload-airplane p13 a1 l1-0)
146.596: (load-airplane p13 a0 l1-0)
146.417: (unload-airplane p26 a1 l1-0)
148.279: (load-airplane p26 a0 l1-0)
146.249: (unload-airplane p13 a0 l1-0)
144.313: (unload-airplane p26 a0 l1-0)
143.002: (unload-airplane p0 a1 l1-0)
135.453: (load-airplane p0 a0 l1-0)
146.446: (load-airplane p26 a0 l1-0)
147.837: (load-airplane p13 a0 l1-0)
146.171: (unload-airplane p26 a0 l1-0)
147.116: (load-airplane p26 a1 l1-0)
146.410: (unload-airplane p13 a0 l1-0)
147.763: (load-airplane p13 a1 l1-0)
146.253: (unload-airplane p26 a1 l1-0)
148.202: (load-airplane p26 a0 l1-0)
137.490: (load-airplane p2 a0 l1-0)
168.409: (unload-airplane p26 a0 l1-0)
147.569: (load-airplane p26 a1 l1-0)
168.333: (unload-airplane p13 a1 l1-0)
147.066: (load-airplane p13 a0 l1-0)
168.400: (unload-airplane p26 a1 l1-0)
147.707: (load-airplane p26 a0 l1-0)
166.626: (unload-airplane p13 a0 l1-0)
143.595: (unload-airplane p26 a0 l1-0)
142.272: (unload-airplane p0 a0 l1-0)
146.494: (load-airplane p26 a0 l1-0)
147.891: (load-airplane p13 a0 l1-0)
146.209: (unload-airplane p26 a0 l1-0)
147.170: (load-airplane p26 a1 l1-0)
146.441: (unload-airplane p13 a0 l1-0)
147.817: (load-airplane p13 a1 l1-0)
146.285: (unload-airplane p26 a1 l1-0)
148.254: (load-airplane p26 a0 l1-0)
137.851: (load-airplane p0 a1 l1-0)
168.570: (unload-airplane p26 a0 l1-0)
147.644: (load-airplane p26 a1 l1-0)
168.142: (unload-airplane p13 a1 l1-0)
146.955: (load-airplane p13 a0 l1-0)
168.570: (unload-airplane p26 a1 l1-0)
147.646: (load-airplane p26 a0 l1-0)
168.143: (unload-airplane p13 a0 l1-0)
143.596: (unload-airplane p26 a0 l1-0)
130.601: (load-truck p13 t1 l1-0)
148.231: (load-airplane p26 a1 l1-0)
147.722: (unload-airplane p2 a0 l1-0)
146.857: (unload-airplane p26 a1 l1-0)
147.418: (load-airplane p26 a0 l1-0)
139.551: (load-airplane p2 a1 l1-0)
149.637: (unload-truck p13 t1 l1-0)
147.066: (load-airplane p13 a1 l1-0)
168.400: (unload-airplane p26 a0 l1-0)
147.707: (load-airplane p26 a1 l1-0)
166.625: (unload-airplane p13 a1 l1-0)
145.873: (load-airplane p13 a0 l1-0)
168.409: (unload-airplane p26 a1 l1-0)
147.569: (load-airplane p26 a0 l1-0)
168.318: (unload-airplane p0 a1 l1-0)
146.285: (unload-airplane p26 a0 l1-0)
148.254: (load-airplane p26 a1 l1-0)
146.443: (unload-airplane p13 a0 l1-0)
147.891: (load-airplane p13 a1 l1-0)
146.209: (unload-airplane p26 a1 l1-0)
147.170: (load-airplane p26 a0 l1-0)
146.441: (unload-airplane p13 a1 l1-0)
144.367: (unload-airplane p26 a0 l1-0)
134.875: (load-airplane p0 a1 l1-0)
130.643: (load-truck p13 t1 l1-0)
148.300: (load-airplane p26 a1 l1-0)
147.509: (unload-airplane p0 a1 l1-0)
146.911: (unload-airplane p2 a1 l1-0)
147.292: (unload-airplane p26 a1 l1-0)
138.946: (load-airplane p0 a0 l1-0)
148.547: (load-airplane p26 a0 l1-0)
140.005: (load-airplane p2 a0 l1-0)
147.512: (unload-airplane p26 a0 l1-0)
147.062: (load-airplane p26 a1 l1-0)
147.740: (unload-airplane p2 a0 l1-0)
139.538: (load-airplane p2 a1 l1-0)
149.620: (unload-truck p13 t1 l1-0)
147.133: (load-airplane p13 a1 l1-0)
168.147: (unload-airplane p26 a1 l1-0)
147.473: (load-airplane p26 a0 l1-0)
168.566: (unload-airplane p13 a1 l1-0)
147.131: (load-airplane p13 a0 l1-0)
168.147: (unload-airplane p26 a0 l1-0)
147.469: (load-airplane p26 a1 l1-0)
156.309: (load-truck p10 t3 l3-3)
167.764: (unload-airplane p26 a1 l1-0)
147.286: (load-airplane p26 a0 l1-0)
167.333: (unload-airplane p13 a0 l1-0)
146.521: (load-airplane p13 a1 l1-0)
167.764: (unload-airplane p26 a0 l1-0)
147.287: (load-airplane p26 a1 l1-0)
167.334: (unload-airplane p13 a1 l1-0)
143.165: (unload-airplane p26 a1 l1-0)
143.623: (unload-truck p10 t3 l3-3)
130.601: (load-truck p13 t1 l1-0)
148.231: (load-airplane p26 a0 l1-0)
147.720: (unload-airplane p0 a0 l1-0)
147.141: (unload-airplane p26 a0 l1-0)
133.641: (load-truck p26 t1 l1-0)
147.421: (unload-truck p13 t1 l1-0)
148.563: (load-airplane p13 a1 l1-0)
147.417: (unload-airplane p2 a1 l1-0)
147.783: (unload-airplane p13 a1 l1-0)
147.803: (load-airplane p13 a0 l1-0)
141.167: (load-airplane p0 a0 l1-0)
147.358: (unload-airplane p13 a0 l1-0)
147.380: (load-airplane p13 a1 l1-0)
140.056: (load-airplane p2 a0 l1-0)
148.246: (unload-airplane p0 a0 l1-0)
147.643: (unload-airplane p13 a1 l1-0)
148.563: (load-airplane p13 a0 l1-0)
140.899: (load-airplane p0 a0 l1-0)
148.013: (unload-airplane p13 a0 l1-0)
133.258: (load-truck p13 t1 l1-0)
146.112: (unload-airplane p2 a0 l1-0)
145.507: (unload-airplane p0 a0 l1-0)
138.934: (load-airplane p0 a1 l1-0)
147.370: (unload-truck p13 t1 l1-0)
148.505: (load-airplane p13 a1 l1-0)
140.510: (load-airplane p2 a1 l1-0)
148.013: (unload-airplane p13 a1 l1-0)
147.010: (load-airplane p13 a0 l1-0)
148.247: (unload-airplane p2 a1 l1-0)
140.043: (load-airplane p2 a0 l1-0)
148.222: (unload-airplane p13 a0 l1-0)
148.183: (load-airplane p13 a1 l1-0)
135.974: (load-truck p10 t3 l3-3)
149.710: (unload-truck p26 t1 l1-0)
147.286: (load-airplane p26 a1 l1-0)
167.333: (unload-airplane p13 a1 l1-0)
146.521: (load-airplane p13 a0 l1-0)
167.764: (unload-airplane p26 a1 l1-0)
147.287: (load-airplane p26 a0 l1-0)
167.334: (unload-airplane p13 a0 l1-0)
146.526: (load-airplane p13 a1 l1-0)
167.741: (unload-airplane p2 a0 l1-0)
145.962: (unload-airplane p26 a0 l1-0)
147.825: (load-airplane p26 a1 l1-0)
145.625: (unload-airplane p13 a1 l1-0)
146.001: (load-airplane p13 a0 l1-0)
145.969: (unload-airplane p26 a1 l1-0)
147.766: (load-airplane p26 a0 l1-0)
145.790: (unload-airplane p13 a0 l1-0)
143.750: (unload-airplane p26 a0 l1-0)
142.417: (unload-airplane p0 a1 l1-0)
145.636: (load-airplane p26 a0 l1-0)
147.966: (load-airplane p13 a0 l1-0)
146.332: (unload-airplane p26 a0 l1-0)
147.386: (load-airplane p26 a1 l1-0)
146.591: (unload-airplane p13 a0 l1-0)
147.966: (load-airplane p13 a1 l1-0)
146.332: (unload-airplane p26 a1 l1-0)
147.386: (load-airplane p26 a0 l1-0)
138.042: (load-airplane p0 a0 l1-0)
145.969: (unload-airplane p26 a0 l1-0)
147.766: (load-airplane p26 a1 l1-0)
145.790: (unload-airplane p13 a1 l1-0)
147.120: (load-airplane p13 a0 l1-0)
145.962: (unload-airplane p26 a1 l1-0)
147.825: (load-airplane p26 a0 l1-0)
145.625: (unload-airplane p13 a0 l1-0)
143.701: (unload-airplane p26 a0 l1-0)
133.762: (load-airplane p2 a0 l1-0)
145.306: (load-airplane p26 a0 l1-0)
146.713: (load-airplane p13 a0 l1-0)
165.820: (unload-airplane p26 a0 l1-0)
145.972: (load-airplane p26 a1 l1-0)
167.578: (unload-airplane p13 a0 l1-0)
146.634: (load-airplane p13 a1 l1-0)
167.527: (unload-airplane p26 a1 l1-0)
147.224: (load-airplane p26 a0 l1-0)
167.588: (unload-airplane p0 a0 l1-0)
145.990: (unload-airplane p26 a0 l1-0)
147.809: (load-airplane p26 a1 l1-0)
145.810: (unload-airplane p13 a1 l1-0)
147.157: (load-airplane p13 a0 l1-0)
145.984: (unload-airplane p26 a1 l1-0)
147.879: (load-airplane p26 a0 l1-0)
145.653: (unload-airplane p13 a0 l1-0)
143.750: (unload-airplane p26 a0 l1-0)
133.908: (load-airplane p0 a1 l1-0)
130.065: (load-truck p13 t1 l1-0)
147.863: (load-airplane p26 a1 l1-0)
147.234: (unload-airplane p2 a0 l1-0)
146.382: (unload-airplane p26 a1 l1-0)
146.921: (load-airplane p26 a0 l1-0)
146.611: (unload-airplane p0 a1 l1-0)
146.696: (unload-airplane p26 a0 l1-0)
147.332: (load-airplane p26 a1 l1-0)
139.721: (load-airplane p2 a1 l1-0)
148.300: (unload-truck p13 t1 l1-0)
147.308: (load-airplane p13 a1 l1-0)
145.660: (unload-airplane p26 a1 l1-0)
146.628: (load-airplane p26 a0 l1-0)
145.978: (unload-airplane p13 a1 l1-0)
147.254: (load-airplane p13 a0 l1-0)
145.817: (unload-airplane p26 a0 l1-0)
147.729: (load-airplane p26 a1 l1-0)
137.483: (load-airplane p0 a1 l1-0)
167.611: (unload-airplane p26 a1 l1-0)
147.212: (load-airplane p26 a0 l1-0)
167.519: (unload-airplane p13 a0 l1-0)
146.630: (load-airplane p13 a1 l1-0)
167.585: (unload-airplane p26 a0 l1-0)
147.296: (load-airplane p26 a1 l1-0)
165.811: (unload-airplane p13 a1 l1-0)
143.106: (unload-airplane p26 a1 l1-0)
141.708: (unload-airplane p0 a1 l1-0)
130.851: (load-truck p13 t1 l1-0)
146.981: (load-airplane p26 a0 l1-0)
139.472: (load-airplane p0 a1 l1-0)
147.250: (unload-airplane p26 a0 l1-0)
147.919: (load-airplane p26 a1 l1-0)
134.061: (drive-truck t3 l3-3 l3-0 c3)
163.213: (unload-truck p13 t1 l1-0)
160.674: (load-airplane p13 a1 l1-0)
183.814: (unload-truck p10 t3 l3-0)
181.790: (unload-airplane p13 a1 l1-0)
159.165: (load-airplane p13 a0 l1-0)
183.309: (unload-airplane p2 a1 l1-0)
159.001: (unload-airplane p13 a0 l1-0)
160.942: (load-airplane p13 a1 l1-0)
158.852: (unload-airplane p26 a1 l1-0)
159.509: (unload-airplane p13 a1 l1-0)
160.439: (load-airplane p13 a0 l1-0)
159.690: (unload-airplane p0 a1 l1-0)
160.188: (unload-airplane p13 a0 l1-0)
160.960: (load-airplane p13 a1 l1-0)
152.071: (load-airplane p10 a2 l3-0)
172.293: (unload-airplane p13 a1 l1-0)
172.201: (load-airplane p13 a0 l1-0)
164.018: (load-airplane p0 a0 l1-0)
171.933: (unload-airplane p13 a0 l1-0)
171.926: (load-airplane p13 a1 l1-0)
172.363: (unload-airplane p10 a2 l3-0)
159.701: (unload-airplane p13 a1 l1-0)
161.517: (load-airplane p13 a0 l1-0)
151.133: (load-airplane p26 a0 l1-0)
158.866: (unload-airplane p13 a0 l1-0)
159.766: (load-airplane p13 a1 l1-0)
158.990: (unload-airplane p0 a0 l1-0)
159.698: (unload-airplane p13 a1 l1-0)
161.519: (load-airplane p13 a0 l1-0)
151.379: (load-airplane p10 a2 l3-0)
171.919: (unload-airplane p13 a0 l1-0)
171.935: (load-airplane p13 a1 l1-0)
163.876: (load-airplane p0 a0 l1-0)
172.155: (unload-airplane p13 a1 l1-0)
172.822: (load-airplane p13 a0 l1-0)
163.083: (load-airplane p2 a0 l1-0)
196.738: (unload-airplane p13 a0 l1-0)
171.527: (load-airplane p13 a1 l1-0)
198.406: (unload-airplane p26 a0 l1-0)
172.208: (unload-airplane p13 a1 l1-0)
172.866: (load-airplane p13 a0 l1-0)
171.783: (unload-airplane p0 a0 l1-0)
171.966: (unload-airplane p13 a0 l1-0)
171.995: (load-airplane p13 a1 l1-0)
172.396: (unload-airplane p10 a2 l3-0)
159.748: (unload-airplane p13 a1 l1-0)
161.567: (load-airplane p13 a0 l1-0)
151.326: (load-airplane p0 a0 l1-0)
158.906: (unload-airplane p13 a0 l1-0)
159.819: (load-airplane p13 a1 l1-0)
150.421: (load-airplane p26 a0 l1-0)
183.334: (unload-airplane p13 a1 l1-0)
160.415: (load-airplane p13 a0 l1-0)
181.763: (unload-airplane p0 a0 l1-0)
158.903: (unload-airplane p13 a0 l1-0)
159.821: (load-airplane p13 a1 l1-0)
150.905: (load-airplane p10 a2 l3-0)
172.196: (unload-airplane p13 a1 l1-0)
172.866: (load-airplane p13 a0 l1-0)
163.002: (load-airplane p0 a1 l1-0)
198.399: (unload-airplane p13 a0 l1-0)
172.850: (load-airplane p13 a1 l1-0)
198.597: (unload-airplane p2 a0 l1-0)
172.139: (unload-airplane p13 a1 l1-0)
173.040: (load-airplane p13 a0 l1-0)
172.134: (unload-airplane p26 a0 l1-0)
172.406: (unload-airplane p13 a0 l1-0)
172.988: (load-airplane p13 a1 l1-0)
163.433: (load-airplane p26 a1 l1-0)
171.739: (unload-airplane p13 a1 l1-0)
171.662: (load-airplane p13 a0 l1-0)
172.153: (unload-airplane p0 a1 l1-0)
172.392: (unload-airplane p13 a0 l1-0)
172.996: (load-airplane p13 a1 l1-0)
171.875: (unload-airplane p10 a2 l3-0)
159.506: (unload-airplane p13 a1 l1-0)
160.441: (load-airplane p13 a0 l1-0)
151.145: (load-airplane p0 a0 l1-0)
158.992: (unload-airplane p13 a0 l1-0)
160.925: (load-airplane p13 a1 l1-0)
150.856: (load-airplane p10 a2 l3-0)
172.139: (unload-airplane p13 a1 l1-0)
173.041: (load-airplane p13 a0 l1-0)
163.224: (load-airplane p2 a0 l1-0)
198.399: (unload-airplane p13 a0 l1-0)
172.850: (load-airplane p13 a1 l1-0)
198.597: (unload-airplane p0 a0 l1-0)
172.179: (unload-airplane p13 a1 l1-0)
173.087: (load-airplane p13 a0 l1-0)
172.137: (unload-airplane p10 a2 l3-0)
159.029: (unload-airplane p13 a0 l1-0)
160.980: (load-airplane p13 a1 l1-0)
150.524: (load-airplane p0 a1 l1-0)
183.331: (unload-airplane p13 a1 l1-0)
160.260: (load-airplane p13 a0 l1-0)
183.498: (unload-airplane p26 a1 l1-0)
159.031: (unload-airplane p13 a0 l1-0)
160.977: (load-airplane p13 a1 l1-0)
150.893: (load-airplane p10 a2 l3-0)
172.191: (unload-airplane p13 a1 l1-0)
173.085: (load-airplane p13 a0 l1-0)
163.347: (load-airplane p26 a1 l1-0)
198.614: (unload-airplane p13 a0 l1-0)
172.940: (load-airplane p13 a1 l1-0)
183.924: (fly-airplane a1 l1-0 l2-0)
210.467: (unload-airplane p2 a0 l1-0)
179.469: (unload-airplane p10 a2 l3-0)
159.807: (load-airplane p8 a1 l2-0)
164.602: (fly-airplane a1 l2-0 l3-0)
159.259: (unload-airplane p13 a1 l3-0)
179.615: (load-airplane p10 a1 l3-0)
181.910: (fly-airplane a1 l3-0 l1-0)
183.268: (unload-airplane p8 a1 l1-0)
183.534: (unload-airplane p10 a1 l1-0)
184.022: (unload-airplane p26 a1 l1-0)
184.496: (unload-airplane p0 a1 l1-0)
176.131: (load-airplane p0 a0 l1-0)
176.096: (load-airplane p26 a0 l1-0)
184.022: (unload-airplane p0 a0 l1-0)
176.101: (load-airplane p10 a0 l1-0)
184.019: (unload-airplane p26 a0 l1-0)
176.217: (load-airplane p0 a0 l1-0)
175.652: (load-airplane p26 a0 l1-0)
175.011: (load-airplane p2 a0 l1-0)
183.252: (unload-airplane p10 a0 l1-0)
183.618: (unload-airplane p26 a0 l1-0)
184.079: (unload-airplane p0 a0 l1-0)
176.185: (load-airplane p26 a0 l1-0)
175.745: (load-airplane p10 a0 l1-0)
183.615: (unload-airplane p26 a0 l1-0)
175.863: (load-airplane p0 a0 l1-0)
175.006: (load-airplane p8 a0 l1-0)
183.310: (unload-airplane p2 a0 l1-0)
183.606: (unload-airplane p10 a0 l1-0)
184.099: (unload-airplane p0 a0 l1-0)
176.205: (load-airplane p26 a0 l1-0)
175.912: (load-airplane p0 a0 l1-0)
175.282: (load-airplane p10 a0 l1-0)
183.268: (unload-airplane p0 a0 l1-0)
183.633: (unload-airplane p26 a0 l1-0)
175.559: (load-airplane p2 a0 l1-0)
183.694: (unload-airplane p10 a0 l1-0)
175.972: (load-airplane p0 a0 l1-0)
175.373: (load-airplane p26 a0 l1-0)
183.344: (unload-airplane p0 a0 l1-0)
175.374: (load-airplane p10 a0 l1-0)
175.119: (load-airplane p0 a0 l1-0)
197.522: (fly-airplane a0 l1-0 l3-0)
204.616: (fly-airplane a0 l3-0 l0-0)
198.258: (unload-airplane p2 a0 l0-0)
215.434: (fly-airplane a0 l0-0 l1-0)
214.436: (unload-airplane p8 a0 l1-0)
185.822: (unload-airplane p10 a0 l1-0)
186.298: (unload-airplane p26 a0 l1-0)
186.768: (unload-airplane p0 a0 l1-0)
178.565: (load-airplane p0 a1 l1-0)
178.347: (load-airplane p26 a1 l1-0)
186.298: (unload-airplane p0 a1 l1-0)
178.362: (load-airplane p10 a1 l1-0)
186.298: (unload-airplane p26 a1 l1-0)
178.472: (load-airplane p0 a1 l1-0)
177.891: (load-airplane p26 a1 l1-0)
177.193: (load-airplane p8 a1 l1-0)
214.436: (unload-airplane p10 a1 l1-0)
185.963: (unload-airplane p26 a1 l1-0)
186.406: (unload-airplane p0 a1 l1-0)
178.502: (load-airplane p26 a1 l1-0)
178.052: (load-airplane p10 a1 l1-0)
185.961: (unload-airplane p26 a1 l1-0)
178.166: (load-airplane p0 a1 l1-0)
177.004: (load-airplane p26 a0 l1-0)
215.887: (unload-airplane p8 a1 l1-0)
185.984: (unload-airplane p10 a1 l1-0)
186.557: (unload-airplane p0 a1 l1-0)
178.362: (load-airplane p10 a0 l1-0)
186.298: (unload-airplane p26 a0 l1-0)
178.472: (load-airplane p0 a0 l1-0)
177.629: (load-airplane p8 a0 l1-0)
185.920: (unload-airplane p10 a0 l1-0)
186.406: (unload-airplane p0 a0 l1-0)
178.502: (load-airplane p26 a0 l1-0)
178.206: (load-airplane p0 a0 l1-0)
177.004: (load-airplane p10 a1 l1-0)
215.886: (unload-airplane p8 a0 l1-0)
185.981: (unload-airplane p26 a0 l1-0)
177.822: (load-airplane p26 a1 l1-0)
185.983: (unload-airplane p10 a1 l1-0)
Failed to find a solution!
